 quake2

 Timestamp is 422ebcb2 (Wed Mar 09 12:06:58 2005)

 Preferred load address is 00400000

 Start         Length     Name                   Class
 0001:00000000 0005ef20H .text                   CODE
 0002:00000000 00000278H .idata$5                DATA
 0002:00000278 00004e74H .rdata                  DATA
 0002:000050f0 00000044H .rdata$r                DATA
 0002:00005138 00000038H .xdata$x                DATA
 0002:00005170 00000078H .idata$2                DATA
 0002:000051e8 00000014H .idata$3                DATA
 0002:000051fc 00000278H .idata$4                DATA
 0002:00005474 000007fcH .idata$6                DATA
 0002:00005c70 00000000H .edata                  DATA
 0003:00000000 00000004H .CRT$XCA                DATA
 0003:00000004 00000024H .CRT$XCU                DATA
 0003:00000028 00000004H .CRT$XCZ                DATA
 0003:0000002c 00000004H .CRT$XIA                DATA
 0003:00000030 00000004H .CRT$XIZ                DATA
 0003:00000040 0000d59cH .data                   DATA
 0003:0000d5e0 0031b43cH .bss                    DATA
 0004:00000000 00000130H .rsrc$01                DATA
 0004:00000130 00003f20H .rsrc$02                DATA

  Address         Publics by Value              Rva+Base     Lib:Object

 0001:00000000       ??3@YAXPAX@Z               00401000 f i CoreMain.obj
 0001:0000000b       ?appInit@@YAXXZ            0040100b f   CoreMain.obj
 0001:0000006e       ?appExit@@YAXXZ            0040106e f   CoreMain.obj
 0001:00000073       ?appLoadDebugSymbols@@YAXXZ 00401073 f   DbgSymbols.obj
 0001:00000276       ?appSymbolName@@YA_NIPADH@Z 00401276 f   DbgSymbols.obj
 0001:00000362       ?appSymbolName@@YAPBDI@Z   00401362 f   DbgSymbols.obj
 0001:00000394       ?appMalloc@@YAPAXIH@Z      00401394 f   Memory.obj
 0001:00000442       ?appFree@@YAXPAX@Z         00401442 f   Memory.obj
 0001:00000470       ?Unlink@FMemHeader@@QAEXXZ 00401470 f i Memory.obj
 0001:0000049b       ?Link@CMemoryChain@@AAEXXZ 0040149b f   Memory.obj
 0001:000004ba       ?Unlink@CMemoryChain@@AAEXXZ 004014ba f   Memory.obj
 0001:000004e5       ??2CMemoryChain@@SAPAXIH@Z 004014e5 f   Memory.obj
 0001:00000557       ??3CMemoryChain@@SAXPAX@Z  00401557 f   Memory.obj
 0001:0000058a       ?Alloc@CMemoryChain@@QAEPAXIH@Z 0040158a f   Memory.obj
 0001:000005f4       ?appInitMemory@@YAXXZ      004015f4 f   Memory.obj
 0001:00000b2d       ?Write@COutputDeviceNull@@UAEXPBD@Z 00401b2d f i OutputDevice.obj
 0001:00000b30       ?appWPrintf@@YAXPBDZZ      00401b30 f   OutputDevice.obj
 0001:00000b81       ?appFatalError@@YAXPBDZZ   00401b81 f   ErrorMgr.obj
 0001:00000bbb       ?appNonFatalError@@YAXPBDZZ 00401bbb f   ErrorMgr.obj
 0001:00000c19       ?appUnwindPrefix@@YAXPBD@Z 00401c19 f   ErrorMgr.obj
 0001:00000c70       ?appUnwindThrow@@YAXPBDZZ  00401c70 f   ErrorMgr.obj
 0001:00000cf7       ?Reset@CErrorHandler@@QAEXXZ 00401cf7 f   ErrorMgr.obj
 0001:00000d21       ?appInitError@@YAXXZ       00401d21 f   ErrorMgr.obj
 0001:00000ddf       ?appStricmp@@YAHPBD0@Z     00401ddf f   Strings.obj
 0001:00000e14       ?toLower@@YADD@Z           00401e14 f i Strings.obj
 0001:00000e2b       ?appStrcpy@@YAXPADPBD@Z    00401e2b f   Strings.obj
 0001:00000e3e       ?appStrncpylwr@@YAXPADPBDH@Z 00401e3e f   Strings.obj
 0001:00000e76       ?appStrncpyz@@YAXPADPBDH@Z 00401e76 f   Strings.obj
 0001:00000ea3       ?appStrcatn@@YAXPADHPBD@Z  00401ea3 f   Strings.obj
 0001:00000ece       ?appCopyFilename@@YAXPADPBDH@Z 00401ece f   Strings.obj
 0001:00000f6a       ?appCStrlen@@YAHPBD@Z      00401f6a f   Strings.obj
 0001:00000f8f       ?appUncolorizeString@@YAXPADPBD@Z 00401f8f f   Strings.obj
 0001:00000fbf       ?va@@YAPBDPBDZZ            00401fbf f   Strings.obj
 0001:0000105b       ?appSprintf@@YAHPADHPBDZZ  0040205b f   Strings.obj
 0001:000010a6       ?appMatchWildcard@@YA_NPBD0_N@Z 004020a6 f   Strings.obj
 0001:00001226       ?CopyString@@YAPADPBD@Z    00402226 f   Strings.obj
 0001:00001266       ?CopyString@@YAPADPBDPAVCMemoryChain@@@Z 00402266 f   Strings.obj
 0001:0000129a       ??2CStringItem@@SAPAXIPBD@Z 0040229a f   Strings.obj
 0001:000012e3       ??2CStringItem@@SAPAXIPBDPAVCMemoryChain@@@Z 004022e3 f   Strings.obj
 0001:00001320       ?Find@CStringList@@IAEPAVCStringItem@@PBDPAPAV2@@Z 00402320 f   Strings.obj
 0001:00001363       ?Find@CStringList@@IAEPAVCStringItem@@H@Z 00402363 f   Strings.obj
 0001:0000137c       ?IndexOf@CStringList@@QAEHPBD@Z 0040237c f   Strings.obj
 0001:000013a9       ?Remove@CStringList@@QAE_NPAVCStringItem@@@Z 004023a9 f   Strings.obj
 0001:000013d5       ?Free@CStringList@@QAEXXZ  004023d5 f   Strings.obj
 0001:000013ee       ?appMillisecondsf@@YANXZ   004023ee f   CoreWin32.obj
 0001:00001427       ?appMilliseconds@@YAIXZ    00402427 f   CoreWin32.obj
 0001:0000145c       ?appInitPlatform@@YAXXZ    0040245c f   CoreWin32.obj
 0001:0000175a       ?appShutdownPlatform@@YAXXZ 0040275a f   CoreWin32.obj
 0001:00001763       ?osAddressInfo@@YA_NIPADHPAH@Z 00402763 f   DbgSymbolsWin32.obj
 0001:000017f7       ?osModuleInfo@@YA_NIPADHPAH@Z 004027f7 f   DbgSymbolsWin32.obj
 0001:0000199f       ?win32ExceptFilter@@YAHPAU_EXCEPTION_POINTERS@@@Z 0040299f f   ExceptFilterWin32.obj
 0001:00001ed8       ?win32ExceptFilter2@@YAHXZ 00402ed8 f   ExceptFilterWin32.obj
 0001:00001ee4       ?SCR_StopCinematic@@YAXXZ  00402ee4 f   cl_cin.obj
 0001:00001f78       ?SCR_DrawCinematic@@YA_NXZ 00402f78 f   cl_cin.obj
 0001:000023db       ?SCR_PlayCinematic@@YAXPAD@Z 004033db f   cl_cin.obj
 0001:0000273c       ?CL_Download_f@@YAX_NHPAPAD@Z 0040373c f   cl_download.obj
 0001:00002aed       ?CL_ParseDownload@@YAXXZ   00403aed f   cl_download.obj
 0001:000032fa       ?CL_Precache_f@@YAXHPAPAD@Z 004042fa f   cl_download.obj
 0001:00003358       ?CL_ParseDelta@@YAXPAUentityState_t@@0HI_N@Z 00404358 f   cl_ents.obj
 0001:00003571       ?CL_ParsePacketEntities@@YAXPAUframe_t@@0@Z 00404571 f   cl_ents.obj
 0001:000038dc       ?CL_FireEntityEvents@@YAXPAUframe_t@@@Z 004048dc f   cl_ents.obj
 0001:0000392e       ?CL_ParseFrame@@YAXXZ      0040492e f   cl_ents.obj
 0001:00003c20       ?CL_AddEntityBox@@YAXPAUentityState_t@@I@Z 00404c20 f   cl_ents.obj
 0001:00003d05       ?CL_OffsetThirdPersonView@@YAXXZ 00404d05 f   cl_ents.obj
 0001:00003dbf       ?CL_CalcViewValues@@YAXXZ  00404dbf f   cl_ents.obj
 0001:000040c8       ?CL_AddEntities@@YAXXZ     004050c8 f   cl_ents.obj
 0001:00004e51       ?CL_GetEntitySoundOrigin@@YAXHQAM@Z 00405e51 f   cl_ents.obj
 0001:00004e89       ?CL_ClearLightStyles@@YAXXZ 00405e89 f   cl_fx.obj
 0001:00004f0b       ?CL_RunLightStyles@@YAXXZ  00405f0b f   cl_fx.obj
 0001:00004faa       ?CL_SetLightstyle@@YAXHPBD@Z 00405faa f   cl_fx.obj
 0001:0000500b       ?CL_ClearDlights@@YAXXZ    0040600b f   cl_fx.obj
 0001:0000501c       ?CL_AllocDlight@@YAPAUcdlight_t@@HQAM@Z 0040601c f   cl_fx.obj
 0001:00005085       ?CL_AddDLights@@YAXXZ      00406085 f   cl_fx.obj
 0001:000050e5       ?CL_ClearParticles@@YAXXZ  004060e5 f   cl_fx.obj
 0001:0000514c       ?CL_AllocParticleTrace@@YAPAUparticleTrace_t@@QAM0MM@Z 0040614c f   cl_fx.obj
 0001:000051ec       ?CL_AllocParticleBeam@@YAPAUbeam_s@@QAM0MM@Z 004061ec f   cl_fx.obj
 0001:0000525f       ?CL_AllocParticle@@YAPAUparticle_s@@XZ 0040625f f   cl_fx.obj
 0001:000052ad       ?CL_UpdateParticles@@YAXXZ 004062ad f   cl_fx.obj
 0001:0000589f       ?CL_MetalSparks@@YAXQAM0H@Z 0040689f f   cl_fx.obj
 0001:0000598c       ?CL_ParseMuzzleFlash@@YAXXZ 0040698c f   cl_fx.obj
 0001:00005d22       ?CL_ParseMuzzleFlash2@@YAXXZ 00406d22 f   cl_fx.obj
 0001:00006365       ?CL_ParticleEffect@@YAXQAM0HH@Z 00407365 f   cl_fx.obj
 0001:00006434       ?CL_ParticleEffect2@@YAXQAM0HH@Z 00407434 f   cl_fx.obj
 0001:000064ff       ?CL_ParticleEffect3@@YAXQAM0HH@Z 004074ff f   cl_fx.obj
 0001:000065cf       ?CL_TeleporterParticles@@YAXPAUentityState_t@@@Z 004075cf f   cl_fx.obj
 0001:00006686       ?CL_LogoutEffect@@YAXQAMH@Z 00407686 f   cl_fx.obj
 0001:00006771       ?CL_ItemRespawnParticles@@YAXQAM@Z 00407771 f   cl_fx.obj
 0001:00006820       ?CL_ExplosionParticles@@YAXQAM@Z 00407820 f   cl_fx.obj
 0001:000068ca       ?CL_BigTeleportParticles@@YAXQAM@Z 004078ca f   cl_fx.obj
 0001:00006a21       ?CL_BlasterParticles@@YAXQAM0@Z 00407a21 f   cl_fx.obj
 0001:00006aed       ?CL_BlasterTrail@@YAXQAM0@Z 00407aed f   cl_fx.obj
 0001:00006be0       ?CL_FlagTrail@@YAXQAM0H@Z  00407be0 f   cl_fx.obj
 0001:00006cdb       ?CL_DiminishingTrail@@YAXQAM0PAUcentity_t@@H@Z 00407cdb f   cl_fx.obj
 0001:00006f3f       ?CL_RocketTrail@@YAXQAM0PAUcentity_t@@@Z 00407f3f f   cl_fx.obj
 0001:0000706c       ?CL_RailTrail@@YAXQAM0@Z   0040806c f   cl_fx.obj
 0001:00007292       ?CL_RailTrailExt@@YAXQAM0EE@Z 00408292 f   cl_fx.obj
 0001:00007396       ?CL_IonripperTrail@@YAXQAM0@Z 00408396 f   cl_fx.obj
 0001:000074a9       ?CL_BubbleTrail@@YAXQAM0@Z 004084a9 f   cl_fx.obj
 0001:000075ba       ?CL_FlyParticles@@YAXQAMH@Z 004085ba f   cl_fx.obj
 0001:0000775a       ?CL_FlyEffect@@YAXPAUcentity_t@@QAM@Z 0040875a f   cl_fx.obj
 0001:000077c2       ?CL_BfgParticles@@YAXPAUentity_t@@@Z 004087c2 f   cl_fx.obj
 0001:0000799d       ?CL_TrapParticles@@YAXPAUentity_t@@@Z 0040899d f   cl_fx.obj
 0001:00007c20       ?CL_BFGExplosionParticles@@YAXQAM@Z 00408c20 f   cl_fx.obj
 0001:00007cca       ?CL_TeleportParticles@@YAXQAM@Z 00408cca f   cl_fx.obj
 0001:00007e03       ?CL_EntityEvent@@YAXPAUentityState_t@@@Z 00408e03 f   cl_fx.obj
 0001:00007fde       ?CL_ClearEffects@@YAXXZ    00408fde f   cl_fx.obj
 0001:00007fed       ?IN_CenterView@@YAXXZ      00408fed f   cl_input.obj
 0001:0000800e       ?CL_InitInput@@YAXXZ       0040900e f   cl_input.obj
 0001:000085aa       ?CL_SendCmd@@YAXXZ         004095aa f   cl_input.obj
 0001:00008ca5       ?CL_WriteDemoMessage@@YAXXZ 00409ca5 f   cl_main.obj
 0001:00008ce7       ?Cmd_ForwardToServer@@YAXHPAPAD@Z 00409ce7 f   cl_main.obj
 0001:00008daa       ?CL_ForwardToServer_f@@YAXHPAPAD@Z 00409daa f   cl_main.obj
 0001:00008df2       ?CL_Pause@@YAX_N@Z         00409df2 f   cl_main.obj
 0001:00008e34       ?CL_Quit_f@@YAXXZ          00409e34 f   cl_main.obj
 0001:00008e3e       ?CL_Drop@@YAX_N@Z          00409e3e f   cl_main.obj
 0001:00008e61       ?CL_SendConnectPacket@@YAXXZ 00409e61 f   cl_main.obj
 0001:00008f38       ?CL_CheckForResend@@YAXXZ  00409f38 f   cl_main.obj
 0001:0000903d       ?CL_Connect_f@@YAX_NHPAPAD@Z 0040a03d f   cl_main.obj
 0001:000090c0       ?CL_Rcon_f@@YAXHPAPAD@Z    0040a0c0 f   cl_main.obj
 0001:000091c8       ?CL_Disconnect@@YAXXZ      0040a1c8 f   cl_main.obj
 0001:00009378       ?CL_Disconnect_f@@YAXXZ    0040a378 f   cl_main.obj
 0001:00009382       ?CL_Changing_f@@YAXXZ      0040a382 f   cl_main.obj
 0001:000093a6       ?CL_Reconnect_f@@YAXXZ     0040a3a6 f   cl_main.obj
 0001:00009442       ?CL_PingServers_f@@YAXXZ   0040a442 f   cl_main.obj
 0001:000095ad       ?CL_Skins_f@@YAXXZ         0040a5ad f   cl_main.obj
 0001:00009880       ?CL_ConnectionlessPacket@@YAXXZ 0040a880 f   cl_main.obj
 0001:0000997f       ?CL_ReadPackets@@YAXXZ     0040a97f f   cl_main.obj
 0001:00009ac4       ?CL_FixUpGender@@YAXXZ     0040aac4 f   cl_main.obj
 0001:00009b76       ?CL_Userinfo_f@@YAXXZ      0040ab76 f   cl_main.obj
 0001:00009b8e       ?CL_RegisterSounds@@YAXXZ  0040ab8e f   cl_main.obj
 0001:00009bcd       ?CL_Snd_Restart_f@@YAXXZ   0040abcd f   cl_main.obj
 0001:00009bdc       ?CL_WriteConfiguration@@YAXPAD@Z 0040abdc f   cl_main.obj
 0001:00009c97       ?CL_WriteConfig_f@@YAX_NHPAPAD@Z 0040ac97 f   cl_main.obj
 0001:00009cf6       ?CL_FixCvarCheats@@YAXXZ   0040acf6 f   cl_main.obj
 0001:00009d50       ?CL_Frame@@YAXMM@Z         0040ad50 f   cl_main.obj
 0001:00009f38       ?CL_ClearState@@YAXXZ      0040af38 f   cl_main.obj
 0001:00009f70       ?CL_Init@@YAXXZ            0040af70 f   cl_main.obj
 0001:0000a45d       ?CL_Shutdown@@YAX_N@Z      0040b45d f   cl_main.obj
 0001:0000a4b2       ?CL_Flashlight@@YAXHQAM@Z  0040b4b2 f   cl_newfx.obj
 0001:0000a4ec       ?CL_ColorFlash@@YAXQAMHHMMM@Z 0040b4ec f   cl_newfx.obj
 0001:0000a528       ?CL_DebugTrail@@YAXQAM0@Z  0040b528 f   cl_newfx.obj
 0001:0000a608       ?CL_ForceWall@@YAXQAM0H@Z  0040b608 f   cl_newfx.obj
 0001:0000a72f       ?CL_BubbleTrail2@@YAXQAM0H@Z 0040b72f f   cl_newfx.obj
 0001:0000a857       ?CL_Heatbeam@@YAXQAM0@Z    0040b857 f   cl_newfx.obj
 0001:0000aaea       ?CL_ParticleSteamEffect@@YAXQAM0HHH@Z 0040baea f   cl_newfx.obj
 0001:0000ac14       ?CL_ParticleSteamEffect2@@YAXPAUcl_sustain_s@@@Z 0040bc14 f   cl_newfx.obj
 0001:0000ad4b       ?CL_TrackerTrail@@YAXQAM0H@Z 0040bd4b f   cl_newfx.obj
 0001:0000ae9b       ?CL_Tracker_Shell@@YAXQAM@Z 0040be9b f   cl_newfx.obj
 0001:0000af24       ?CL_MonsterPlasma_Shell@@YAXQAM@Z 0040bf24 f   cl_newfx.obj
 0001:0000afaa       ?CL_Widowbeamout@@YAXPAUcl_sustain_s@@@Z 0040bfaa f   cl_newfx.obj
 0001:0000b066       ?CL_Nukeblast@@YAXPAUcl_sustain_s@@@Z 0040c066 f   cl_newfx.obj
 0001:0000b122       ?CL_WidowSplash@@YAXQAM@Z  0040c122 f   cl_newfx.obj
 0001:0000b1ea       ?CL_TagTrail@@YAXQAM0H@Z   0040c1ea f   cl_newfx.obj
 0001:0000b2e5       ?CL_ColorExplosionParticles@@YAXQAMHH@Z 0040c2e5 f   cl_newfx.obj
 0001:0000b392       ?CL_ParticleSmokeEffect@@YAXQAM0HHH@Z 0040c392 f   cl_newfx.obj
 0001:0000b4ba       ?CL_BlasterParticles2@@YAXQAM0I@Z 0040c4ba f   cl_newfx.obj
 0001:0000b587       ?CL_BlasterTrail2@@YAXQAM0@Z 0040c587 f   cl_newfx.obj
 0001:0000b67a       ?CL_LoadClientinfo@@YAXPAUclientinfo_t@@PAD@Z 0040c67a f   cl_parse.obj
 0001:0000b961       ?CL_ParseClientinfo@@YAXH@Z 0040c961 f   cl_parse.obj
 0001:0000b985       ?CL_ParseServerMessage@@YAXXZ 0040c985 f   cl_parse.obj
 0001:0000c14c       ?CL_CheckPredictionError@@YAXXZ 0040d14c f   cl_pred.obj
 0001:0000c2ec       ?CL_EntityTrace@@YAXPAUtrace_t@@QAM111H@Z 0040d2ec f   cl_pred.obj
 0001:0000c6a7       ?CL_Trace@@YAXPAUtrace_t@@QAM111H@Z 0040d6a7 f   cl_pred.obj
 0001:0000c729       ?CL_PMpointcontents@@YAHQAM@Z 0040d729 f   cl_pred.obj
 0001:0000c8b4       ?CL_PredictMovement@@YAXXZ 0040d8b4 f   cl_pred.obj
 0001:0000cc56       ?DrawString@@YAXHHPBD@Z    0040dc56 f   cl_scrn.obj
 0001:0000cc9b       ?SCR_DebugGraph@@YAXMH@Z   0040dc9b f   cl_scrn.obj
 0001:0000ccc3       ?SCR_CenterPrint@@YAXPAD@Z 0040dcc3 f   cl_scrn.obj
 0001:0000cdc7       ?Key_Message@@YAXH@Z       0040ddc7 f   cl_scrn.obj
 0001:0000ce63       ?SCR_SetLevelshot@@YAXPBD@Z 0040de63 f   cl_scrn.obj
 0001:0000cf47       ?SCR_BeginLoadingPlaque@@YAXXZ 0040df47 f   cl_scrn.obj
 0001:0000cfcc       ?SCR_EndLoadingPlaque@@YAX_N@Z 0040dfcc f   cl_scrn.obj
 0001:0000d051       ?SCR_ShowConsole@@YAX_N0@Z 0040e051 f   cl_scrn.obj
 0001:0000d12a       ?SCR_ToggleConsole@@YAXXZ  0040e12a f   cl_scrn.obj
 0001:0000d152       ?SCR_TouchPics@@YAXXZ      0040e152 f   cl_scrn.obj
 0001:0000d1c2       ?SCR_UpdateScreen@@YAXXZ   0040e1c2 f   cl_scrn.obj
 0001:0000e519       ?SCR_Init@@YAXXZ           0040f519 f   cl_scrn.obj
 0001:0000e7fd       ?CL_RegisterTEntSounds@@YAXXZ 0040f7fd f   cl_tent.obj
 0001:0000ea42       ?CL_RegisterTEntModels@@YAXXZ 0040fa42 f   cl_tent.obj
 0001:0000eb7a       ?CL_ClearTEnts@@YAXXZ      0040fb7a f   cl_tent.obj
 0001:0000ebae       ?CL_AllocExplosion@@YAPAUexplosion_t@@QAMW4exptype_t@@@Z 0040fbae f   cl_tent.obj
 0001:0000ec4a       ?CL_AddExplosions@@YAXXZ   0040fc4a f   cl_tent.obj
 0001:0000ede4       ?CL_SmokeAndFlash@@YAXQAM@Z 0040fde4 f   cl_tent.obj
 0001:0000ee2c       ?CL_ParseBeam@@YAHPAUmodel_t@@@Z 0040fe2c f   cl_tent.obj
 0001:0000ef0b       ?CL_ParseBeam2@@YAHPAUmodel_t@@@Z 0040ff0b f   cl_tent.obj
 0001:0000efe2       ?CL_ParsePlayerBeam@@YAHPAUmodel_t@@@Z 0040ffe2 f   cl_tent.obj
 0001:0000f0f0       ?CL_ParseLightning@@YAHPAUmodel_t@@@Z 004100f0 f   cl_tent.obj
 0001:0000f1bc       ?CL_ParseLaser@@YAXI@Z     004101bc f   cl_tent.obj
 0001:0000f238       ?CL_ParseSteam@@YAXXZ      00410238 f   cl_tent.obj
 0001:0000f349       ?CL_ParseWidow@@YAXXZ      00410349 f   cl_tent.obj
 0001:0000f3b5       ?CL_ParseNuke@@YAXXZ       004103b5 f   cl_tent.obj
 0001:0000f41f       ?CL_ParseTEnt@@YAXXZ       0041041f f   cl_tent.obj
 0001:0001023a       ?CL_AddBeams@@YAXXZ        0041123a f   cl_tent.obj
 0001:00010576       ?CL_AddPlayerBeams@@YAXXZ  00411576 f   cl_tent.obj
 0001:00010c66       ?CL_ProcessSustain@@YAXXZ  00411c66 f   cl_tent.obj
 0001:00010ca7       ?CL_AddTEnts@@YAXXZ        00411ca7 f   cl_tent.obj
 0001:00010cbb       ?V_AddEntity@@YAXPAUentity_t@@@Z 00411cbb f   cl_view.obj
 0001:00010cea       ?V_AddLight@@YAXQAMMMMM@Z  00411cea f   cl_view.obj
 0001:00010d2f       ?V_TestParticles@@YAXXZ    00411d2f f   cl_view.obj
 0001:00010ded       ?V_TestEntities@@YAXXZ     00411ded f   cl_view.obj
 0001:00010e83       ?V_TestLights@@YAXXZ       00411e83 f   cl_view.obj
 0001:00010f51       ?CL_PrepRefresh@@YAXXZ     00411f51 f   cl_view.obj
 0001:00011216       ?CalcFov@@YAMMMM@Z         00412216 f   cl_view.obj
 0001:0001128a       ?V_RenderView@@YA_NM@Z     0041228a f   cl_view.obj
 0001:00011f50       ?V_Init@@YAXXZ             00412f50 f   cl_view.obj
 0001:00012000       ?Con_ClearNotify@@YAXXZ    00413000 f   console.obj
 0001:0001200f       ?Con_CheckResize@@YAXXZ    0041300f f   console.obj
 0001:00012136       ?Con_Print@@YAXPBD@Z       00413136 f   console.obj
 0001:0001242e       ?Con_DrawNotify@@YAX_N@Z   0041342e f   console.obj
 0001:00012548       ?Con_DrawConsole@@YAXM@Z   00413548 f   console.obj
 0001:00012922       ?Con_ClearTyping@@YAXXZ    00413922 f   console.obj
 0001:0001293b       ?Key_Console@@YAXHH@Z      0041393b f   console.obj
 0001:00012d83       ?Con_Init@@YAXXZ           00413d83 f   console.obj
 0001:00012eff       ?Key_KeynumToString@@YAPBDH@Z 00413eff f   keys.obj
 0001:00012faf       ?CompleteCommand@@YAXXZ    00413faf f   keys.obj
 0001:0001391b       ?Key_SetBinding@@YAXHPBD@Z 0041491b f   keys.obj
 0001:00013959       ?Key_FindBinding@@YAHPBDPAHH@Z 00414959 f   keys.obj
 0001:000139a7       ?Key_WriteBindings@@YAXPAU_iobuf@@@Z 004149a7 f   keys.obj
 0001:000139ef       ?Key_Init@@YAXXZ           004149ef f   keys.obj
 0001:00013cd3       ?Key_Event@@YAXH_NI@Z      00414cd3 f   keys.obj
 0001:00014021       ?Key_ClearStates@@YAXXZ    00415021 f   keys.obj
 0001:00014058       ?M_PushMenu@@YAXP6AXXZP6APBDH@Z@Z 00415058 f   menu.obj
 0001:000140e7       ?M_ForceMenuOff@@YAXXZ     004150e7 f   menu.obj
 0001:00014110       ?M_ForceMenuOn@@YAXXZ      00415110 f   menu.obj
 0001:00014129       ?M_PopMenu@@YAXXZ          00415129 f   menu.obj
 0001:00014175       ?Default_MenuKey@@YAPBDPAUmenuFramework_t@@H@Z 00415175 f   menu.obj
 0001:00014275       ?M_DrawCharacter@@YAXHHH@Z 00415275 f   menu.obj
 0001:000142ad       ?M_Print@@YAXHHPAD@Z       004152ad f   menu.obj
 0001:000142f9       ?M_DrawCursor@@YAXHHH@Z    004152f9 f   menu.obj
 0001:0001431e       ?M_DrawTextBox@@YAXHHHH@Z  0041531e f   menu.obj
 0001:000143f0       ?M_Main_Draw@@YAXXZ        004153f0 f   menu.obj
 0001:00014557       ?M_Main_Key@@YAPBDH@Z      00415557 f   menu.obj
 0001:00014635       ?M_Menu_Main_f@@YAXXZ      00415635 f   menu.obj
 0001:00014656       ?M_Menu_Multiplayer_f@@YAXXZ 00415656 f   menu.obj
 0001:00014832       ?M_Menu_Keys_f@@YAXXZ      00415832 f   menu.obj
 0001:00014c94       ?M_Menu_Options_f@@YAXXZ   00415c94 f   menu.obj
 0001:000155f5       ?M_Menu_Credits_f@@YAXXZ   004165f5 f   menu.obj
 0001:000157a2       ?M_Menu_Game_f@@YAXXZ      004167a2 f   menu.obj
 0001:00015a23       ?M_Menu_LoadGame_f@@YAXXZ  00416a23 f   menu.obj
 0001:00015cf6       ?M_Menu_SaveGame_f@@YAXXZ  00416cf6 f   menu.obj
 0001:00015e62       ?M_AddToServerList@@YAXUnetadr_t@@PAD@Z 00416e62 f   menu.obj
 0001:00015ed5       ?M_Menu_JoinServer_f@@YAXXZ 00416ed5 f   menu.obj
 0001:00016142       ?M_Menu_StartServer_f@@YAXXZ 00417142 f   menu.obj
 0001:00016961       ?M_Menu_DMOptions_f@@YAXXZ 00417961 f   menu.obj
 0001:0001713b       ?M_Menu_DownloadOptions_f@@YAXXZ 0041813b f   menu.obj
 0001:000173bc       ?M_Menu_AddressBook_f@@YAXXZ 004183bc f   menu.obj
 0001:0001909e       ?M_Init@@YAXXZ             0041a09e f   menu.obj
 0001:000191bc       ?M_Draw@@YAXXZ             0041a1bc f   menu.obj
 0001:0001920d       ?M_Keydown@@YAXH@Z         0041a20d f   menu.obj
 0001:00019229       ?Insert@?$TList@VplayerModelInfo_t@@@@QAE_NPAVplayerModelInfo_t@@@Z 0041a229 f i menu.obj
 0001:00019229       ?Insert@?$TList@VCStringItem@@@@QAE_NPAVCStringItem@@@Z 0041a229 f i menu.obj
 0001:0001925f       ?ItemAtCursor@menuFramework_t@@QAEPAUmenuCommon_t@@XZ 0041a25f f   qmenu.obj
 0001:000192b3       ?Field_Key@@YA_NPAUmenuField_t@@H@Z 0041a2b3 f   qmenu.obj
 0001:00019427       ?AddItem@menuFramework_t@@QAEXPAX@Z 0041a427 f   qmenu.obj
 0001:000194e3       ?AdjustCursor@menuFramework_t@@QAEXH@Z 0041a4e3 f   qmenu.obj
 0001:00019630       ?Center@menuFramework_t@@QAEXXZ 0041a630 f   qmenu.obj
 0001:00019671       ?Draw@menuFramework_t@@QAEXXZ 0041a671 f   qmenu.obj
 0001:00019bfa       ?SelectItem@menuFramework_t@@QAE_NXZ 0041abfa f   qmenu.obj
 0001:00019c48       ?SetStatusBar@menuFramework_t@@QAEXPBD@Z 0041ac48 f   qmenu.obj
 0001:00019c52       ?SlideItem@menuFramework_t@@QAEXH@Z 0041ac52 f   qmenu.obj
 0001:0001a1c6       ?InitRendererVars@@YAXXZ   0041b1c6 f   ref_vars.obj
 0001:0001a1e5       ?S_SoundInfo_f@@YAXXZ      0041b1e5 f   snd_dma.obj
 0001:0001a26f       ?S_ReadModelsSex@@YAXXZ    0041b26f f   snd_dma.obj
 0001:0001a354       ?S_IsFemale@@YA_NPAD@Z     0041b354 f   snd_dma.obj
 0001:0001a3a8       ?S_Init@@YAXXZ             0041b3a8 f   snd_dma.obj
 0001:0001a47e       ?S_Shutdown@@YAXXZ         0041b47e f   snd_dma.obj
 0001:0001a511       ?S_BeginRegistration@@YAXXZ 0041b511 f   snd_dma.obj
 0001:0001a51f       ?S_RegisterSound@@YAPAUsfx_s@@PBD@Z 0041b51f f   snd_dma.obj
 0001:0001a6b8       ?S_EndRegistration@@YAXXZ  0041b6b8 f   snd_dma.obj
 0001:0001a750       ?S_PickChannel@@YAPAUchannel_t@@HH@Z 0041b750 f   snd_dma.obj
 0001:0001a7dd       ?S_SpatializeOrigin@@YAXQAMMMPAH1@Z 0041b7dd f   snd_dma.obj
 0001:0001a904       ?S_Spatialize@@YAXPAUchannel_t@@@Z 0041b904 f   snd_dma.obj
 0001:0001a975       ?S_AllocPlaysound@@YAPAUplaysound_s@@XZ 0041b975 f   snd_dma.obj
 0001:0001a997       ?S_FreePlaysound@@YAXPAUplaysound_s@@@Z 0041b997 f   snd_dma.obj
 0001:0001a9c7       ?S_IssuePlaysound@@YAXPAUplaysound_s@@@Z 0041b9c7 f   snd_dma.obj
 0001:0001aa94       ?S_StartSound@@YAXQAMHHPAUsfx_s@@MMM@Z 0041ba94 f   snd_dma.obj
 0001:0001ae0b       ?S_StartLocalSound@@YAXPBD@Z 0041be0b f   snd_dma.obj
 0001:0001ae5a       ?S_ClearBuffer@@YAXXZ      0041be5a f   snd_dma.obj
 0001:0001aec3       ?S_StopAllSounds_f@@YAXXZ  0041bec3 f   snd_dma.obj
 0001:0001af33       ?S_AddLoopSounds@@YAXXZ    0041bf33 f   snd_dma.obj
 0001:0001b109       ?S_RawSamples@@YAXHHHHPAE@Z 0041c109 f   snd_dma.obj
 0001:0001b30d       ?S_Update@@YAXQAM000@Z     0041c30d f   snd_dma.obj
 0001:0001b407       ?GetSoundtime@@YAXXZ       0041c407 f   snd_dma.obj
 0001:0001b46e       ?S_Update_@@YAXXZ          0041c46e f   snd_dma.obj
 0001:0001b721       ?ResampleSfx@@YAXPAUsfx_s@@HHPAE@Z 0041c721 f   snd_mem.obj
 0001:0001b83c       ?S_LoadSound@@YAPAUsfxcache_t@@PAUsfx_s@@@Z 0041c83c f   snd_mem.obj
 0001:0001b974       ?GetWavinfo@@YA?AUwavinfo_t@@PADPAEH@Z 0041c974 f   snd_mem.obj
 0001:0001bbb6       ?S_WriteLinearBlastStereo16@@YAXXZ 0041cbb6 f   snd_mix.obj
 0001:0001bc2a       ?S_TransferStereo16@@YAXPAKH@Z 0041cc2a f   snd_mix.obj
 0001:0001bc93       ?S_TransferPaintBuffer@@YAXH@Z 0041cc93 f   snd_mix.obj
 0001:0001bdf7       ?S_PaintChannels@@YAXH@Z   0041cdf7 f   snd_mix.obj
 0001:0001c093       ?S_InitScaletable@@YAXXZ   0041d093 f   snd_mix.obj
 0001:0001c254       ?SV_WipeSavegame@@YAXPAD@Z 0041d254 f   sv_ccmds.obj
 0001:0001c282       ?SV_CopySaveGame@@YAXPAD0@Z 0041d282 f   sv_ccmds.obj
 0001:0001c2d7       ?SV_WriteLevelFile@@YAXXZ  0041d2d7 f   sv_ccmds.obj
 0001:0001c385       ?SV_ReadLevelFile@@YAXXZ   0041d385 f   sv_ccmds.obj
 0001:0001c433       ?SV_WriteServerFile@@YAX_NPAD@Z 0041d433 f   sv_ccmds.obj
 0001:0001c670       ?SV_ReadServerFile@@YAXXZ  0041d670 f   sv_ccmds.obj
 0001:0001c795       ?SV_AddressBanned@@YA_NPAUnetadr_t@@@Z 0041d795 f   sv_ccmds.obj
 0001:0001c7d6       ?SV_InitOperatorCommands@@YAXXZ 0041d7d6 f   sv_ccmds.obj
 0001:0001d7d8       ?SV_WriteFrameToClient@@YAXPAUclient_s@@PAUsizebuf_t@@@Z 0041e7d8 f   sv_ents.obj
 0001:0001d9c3       ?SV_FatPVS@@YAXQAM@Z       0041e9c3 f   sv_ents.obj
 0001:0001dae1       ?SV_BuildClientFrame@@YAXPAUclient_s@@@Z 0041eae1 f   sv_ents.obj
 0001:0001ddf6       ?SV_RecordDemoMessage@@YAXXZ 0041edf6 f   sv_ents.obj
 0001:0001e930       ?SV_InitGameLibrary@@YAX_N@Z 0041f930 f   sv_game.obj
 0001:0001ea76       ?SV_ShutdownGameLibrary@@YAXXZ 0041fa76 f   sv_game.obj
 0001:0001ebd3       ?SV_FindIndex@@YAHPADHH_N@Z 0041fbd3 f   sv_init.obj
 0001:0001ecd8       ?SV_ModelIndex@@YAHPAD@Z   0041fcd8 f   sv_init.obj
 0001:0001ecee       ?SV_SoundIndex@@YAHPAD@Z   0041fcee f   sv_init.obj
 0001:0001ed07       ?SV_ImageIndex@@YAHPAD@Z   0041fd07 f   sv_init.obj
 0001:0001ed20       ?SV_CreateBaseline@@YAXXZ  0041fd20 f   sv_init.obj
 0001:0001ed7e       ?SV_CheckForSavegame@@YAXXZ 0041fd7e f   sv_init.obj
 0001:0001ee06       ?SV_SpawnServer@@YAXPAD0W4server_state_t@@_N2@Z 0041fe06 f   sv_init.obj
 0001:0001f0d5       ?SV_InitGame@@YAXXZ        004200d5 f   sv_init.obj
 0001:0001f31f       ?SV_Map@@YAX_NPBD0@Z       0042031f f   sv_init.obj
 0001:0001f4e8       ?SV_DropClient@@YAXPAUclient_s@@PAD@Z 004204e8 f   sv_main.obj
 0001:0001f599       ?SV_StatusString@@YAPADXZ  00420599 f   sv_main.obj
 0001:0001fdd0       ?SV_ConnectionlessPacket@@YAXXZ 00420dd0 f   sv_main.obj
 0001:0001fe9b       ?SV_CalcPings@@YAXXZ       00420e9b f   sv_main.obj
 0001:0001ff22       ?SV_GiveMsec@@YAXXZ        00420f22 f   sv_main.obj
 0001:0001ff61       ?SV_ReadPackets@@YAXXZ     00420f61 f   sv_main.obj
 0001:000200ab       ?SV_CheckTimeouts@@YAXXZ   004210ab f   sv_main.obj
 0001:000201bc       ?SV_PostprocessFrame@@YAXXZ 004211bc f   sv_main.obj
 0001:00020693       ?SV_MulticastHook@@YAPAUsizebuf_t@@PAU1@0@Z 00421693 f   sv_main.obj
 0001:00020a87       ?SV_TraceHook@@YA?AUtrace_t@@QAM000PAUedict_s@@H@Z 00421a87 f   sv_main.obj
 0001:00020c02       ?SV_Frame@@YAXM@Z          00421c02 f   sv_main.obj
 0001:00020eb6       ?SV_UserinfoChanged@@YAXPAUclient_s@@@Z 00421eb6 f   sv_main.obj
 0001:00020f7a       ?SV_Init@@YAXXZ            00421f7a f   sv_main.obj
 0001:00020ff1       ?SV_Shutdown@@YAXPBD_N@Z   00421ff1 f   sv_main.obj
 0001:000211f4       ?SV_BeginRedirect@@YAXXZ   004221f4 f   sv_send.obj
 0001:0002129e       ?SV_ClientPrintf@@YAXPAUclient_s@@HPBDZZ 0042229e f   sv_send.obj
 0001:000212f9       ?SV_BroadcastPrintf@@YAXHPBDZZ 004222f9 f   sv_send.obj
 0001:000213cf       ?SV_BroadcastCommand@@YAXPBDZZ 004223cf f   sv_send.obj
 0001:00021424       ?SV_Multicast@@YAXQAMW4multicast_t@@_N@Z 00422424 f   sv_send.obj
 0001:00021667       ?SV_MulticastOld@@YAXQAMW4multicast_t@@@Z 00422667 f   sv_send.obj
 0001:0002167a       ?SV_MulticastNew@@YAXQAMW4multicast_t@@@Z 0042267a f   sv_send.obj
 0001:0002168d       ?SV_StartSound@@YAXQAMPAUedict_s@@HHMMM_N@Z 0042268d f   sv_send.obj
 0001:00021955       ?SV_StartSoundOld@@YAXQAMPAUedict_s@@HHMMM@Z 00422955 f   sv_send.obj
 0001:00021985       ?SV_StartSoundNew@@YAXQAMPAUedict_s@@HHMMM@Z 00422985 f   sv_send.obj
 0001:000219b5       ?SV_SendClientDatagram@@YA_NPAUclient_s@@@Z 004229b5 f   sv_send.obj
 0001:00021a88       ?SV_DemoCompleted@@YAXXZ   00422a88 f   sv_send.obj
 0001:00021aa4       ?SV_RateDrop@@YA_NPAUclient_s@@@Z 00422aa4 f   sv_send.obj
 0001:00021aee       ?SV_SendClientMessages@@YAXXZ 00422aee f   sv_send.obj
 0001:00021c41       ?SV_TokenizeString@@YAXPBD@Z 00422c41 f   sv_tokenize.obj
 0001:00021d18       ?SV_Argc@@YAHXZ            00422d18 f   sv_tokenize.obj
 0001:00021d1e       ?SV_Argv@@YAPADH@Z         00422d1e f   sv_tokenize.obj
 0001:00021d38       ?SV_Args@@YAPADXZ          00422d38 f   sv_tokenize.obj
 0001:00022589       ?SV_Nextserver@@YAXXZ      00423589 f   sv_user.obj
 0001:00022618       ?SV_ExecuteUserCommand@@YAXPAD@Z 00423618 f   sv_user.obj
 0001:000226da       ?SV_ClientThink@@YAXPAUclient_s@@PAUusercmd_t@@@Z 004236da f   sv_user.obj
 0001:0002271d       ?SV_ExecuteClientMessage@@YAXPAUclient_s@@@Z 0042371d f   sv_user.obj
 0001:0002293b       ?SV_ClearWorld@@YAXXZ      0042393b f   sv_world.obj
 0001:00022a93       ?SV_UnlinkEdict@@YAXPAUedict_s@@@Z 00423a93 f   sv_world.obj
 0001:00022b56       ?SV_LinkEdict@@YAXPAUedict_s@@@Z 00423b56 f   sv_world.obj
 0001:000231ae       ?SV_AreaEdicts@@YAHQAM0PAPAUedict_s@@HH@Z 004241ae f   sv_world.obj
 0001:0002335f       ?SV_PointContents@@YAHQAM@Z 0042435f f   sv_world.obj
 0001:00023485       ?SV_ClipMoveToEntities@@YAXPAUtrace_t@@QAM111PAUedict_s@@H@Z 00424485 f   sv_world.obj
 0001:00023864       ?SV_Trace@@YAXPAUtrace_t@@QAM111PAUedict_s@@H@Z 00424864 f   sv_world.obj
 0001:0002391e       ?InitByteDirs@@YAXXZ       0042491e f   anorms.obj
 0001:0002395d       ?Cbuf_Init@@YAXXZ          0042495d f   cmd.obj
 0001:00023975       ?Cbuf_AddText@@YAXPBD@Z    00424975 f   cmd.obj
 0001:000239da       ?Cbuf_CopyToDefer@@YAXXZ   004249da f   cmd.obj
 0001:00023a22       ?Cbuf_InsertFromDefer@@YAXXZ 00424a22 f   cmd.obj
 0001:00023adb       ?Cbuf_Execute@@YAXXZ       00424adb f   cmd.obj
 0001:00023be1       ?Cmd_Unalias_f@@YAX_NHPAPAD@Z 00424be1 f   cmd.obj
 0001:00023c57       ?Cmd_WriteAliases@@YAXPAU_iobuf@@@Z 00424c57 f   cmd.obj
 0001:00023c88       ?RegisterCommand@@YA_NPBDP6AXXZH@Z 00424c88 f   cmd.obj
 0001:00023d41       ?UnregisterCommand@@YA_NPBD@Z 00424d41 f   cmd.obj
 0001:00023dd2       ?Cmd_ExecuteString@@YA_NPBD@Z 00424dd2 f   cmd.obj
 0001:0002420b       ?ExecuteCommand@@YA_NPBDPBUCSimpleCommand@@H@Z 0042520b f   cmd.obj
 0001:000242d2       ?Cmd_Init@@YAXXZ           004252d2 f   cmd.obj
 0001:00024610       ?CMod_GetSurfMaterial@@YA?AW4material_t@@PAD@Z 00425610 f   cmodel.obj
 0001:0002466d       ?CM_LoadMap@@YAPAUcmodel_t@@PAD_NPAI@Z 0042566d f   cmodel.obj
 0001:00024d44       ?PlaneTypeForNormal@@YAHQBM@Z 00425d44 f i cmodel.obj
 0001:00024efc       ?CM_InlineModel@@YAPAUcmodel_t@@PAD@Z 00425efc f   cmodel.obj
 0001:00024f3d       ?CM_NumClusters@@YAHXZ     00425f3d f   cmodel.obj
 0001:00024f43       ?CM_NumInlineModels@@YAHXZ 00425f43 f   cmodel.obj
 0001:00024f49       ?CM_EntityString@@YAPADXZ  00425f49 f   cmodel.obj
 0001:00024f4f       ?CM_LeafContents@@YAHH@Z   00425f4f f   cmodel.obj
 0001:00024f76       ?CM_LeafCluster@@YAHH@Z    00425f76 f   cmodel.obj
 0001:00024fec       ?CM_LeafArea@@YAHH@Z       00425fec f   cmodel.obj
 0001:000251b3       ?CM_HeadnodeForBox@@YAHQAM0@Z 004261b3 f   cmodel.obj
 0001:00025268       ?CM_PointLeafnum@@YAHQAMH@Z 00426268 f   cmodel.obj
 0001:0002530a       ?DISTANCE_TO_PLANE@@YAMQBMPBUcplane_t@@@Z 0042630a f i cmodel.obj
 0001:00025352       ?CM_PointContents@@YAHQAMH@Z 00426352 f   cmodel.obj
 0001:000253c7       ?CM_TransformedPointContents@@YAHQAMH00@Z 004263c7 f   cmodel.obj
 0001:00025500       ?CM_TransformedPointContents2@@YAHQAMH0PAY02M@Z 00426500 f   cmodel.obj
 0001:000255f1       ?CM_BoxLeafnums@@YAHQAM0PAHH1H@Z 004265f1 f   cmodel.obj
 0001:00025705       ?BOX_ON_PLANE_SIDE@@YAHQBM0PBUcplane_t@@@Z 00426705 f i cmodel.obj
 0001:0002578a       ?CM_BoxTrace@@YAXPAUtrace_t@@QBM111HH@Z 0042678a f   cmodel.obj
 0001:000261af       ?CM_TransformedBoxTrace@@YAXPAUtrace_t@@QBM111HH11@Z 004271af f   cmodel.obj
 0001:0002647f       ?CM_TransformedBoxTrace2@@YAXPAUtrace_t@@QBM111HH1PAY02$$CBM@Z 0042747f f   cmodel.obj
 0001:00026694       ?CM_BrushTrace@@YAHQBM0PAHH@Z 00427694 f   cmodel.obj
 0001:00026aba       ?CM_RefineBrushTrace@@YAHQBM0PAHH@Z 00427aba f   cmodel.obj
 0001:00026b60       ?CM_ClusterPVS@@YAPAEH@Z   00427b60 f   cmodel.obj
 0001:00026ca4       ?CM_ClusterPHS@@YAPAEH@Z   00427ca4 f   cmodel.obj
 0001:00026e07       ?CM_SetAreaPortalState@@YAXH_N@Z 00427e07 f   cmodel.obj
 0001:00026e2c       ?CM_AreasConnected@@YA_NHH@Z 00427e2c f   cmodel.obj
 0001:00026e70       ?CM_WriteAreaBits@@YAHPAEH@Z 00427e70 f   cmodel.obj
 0001:00026f12       ?CM_WritePortalState@@YAXPAU_iobuf@@@Z 00427f12 f   cmodel.obj
 0001:00026f2c       ?CM_ReadPortalState@@YAXPAU_iobuf@@@Z 00427f2c f   cmodel.obj
 0001:00026f4a       ?CM_HeadnodeVisible@@YA_NHPAE@Z 00427f4a f   cmodel.obj
 0001:00027022       ?Com_BeginRedirect@@YAXPADHP6AX0@Z@Z 00428022 f   common.obj
 0001:0002704f       ?Com_EndRedirect@@YAXXZ    0042804f f   common.obj
 0001:0002706e       ?Com_Printf@@YAXPBDZZ      0042806e f   common.obj
 0001:0002724b       ?Com_DPrintf@@YAXPBDZZ     0042824b f   common.obj
 0001:000272c4       ?DebugPrintf@@YAXPBDZZ     004282c4 f   common.obj
 0001:0002736e       ?Com_WPrintf@@YAXPBDZZ     0042836e f   common.obj
 0001:000273c8       ?Com_Quit@@YAXXZ           004283c8 f   common.obj
 0001:000273e8       ?IPWildcard@@YA_NPAUnetadr_t@@PAD@Z 004283e8 f   common.obj
 0001:000274c2       ?Com_ServerState@@YA?AW4server_state_t@@XZ 004284c2 f   common.obj
 0001:000274c8       ?Com_SetServerState@@YAXW4server_state_t@@@Z 004284c8 f   common.obj
 0001:000274d2       ?frand@@YAMXZ              004284d2 f   common.obj
 0001:000274ea       ?crand@@YAMXZ              004284ea f   common.obj
 0001:00027508       ?Info_ValueForKey@@YAPBDPBD0@Z 00428508 f   common.obj
 0001:00027587       ?Info_SetValueForKey@@YAXPADPBD1@Z 00428587 f   common.obj
 0001:000276ea       ?Info_Print@@YAXPBD@Z      004286ea f   common.obj
 0001:00027770       ?COM_BlockSequenceCRCByte@@YAEPAEHH@Z 00428770 f   common.obj
 0001:00027801       ?COM_CheckCmdlineVar@@YA_NPBD@Z 00428801 f   common.obj
 0001:00027857       ?Com_Init@@YAXPBD@Z        00428857 f   common.obj
 0001:00027c2a       ?Com_Frame@@YAXM@Z         00428c2a f   common.obj
 0001:00027f6e       ?Com_Shutdown@@YAXXZ       00428f6e f   common.obj
 0001:00027f87       ?CRC_Init@@YAXPAG@Z        00428f87 f   crc.obj
 0001:00027f91       ?CRC_Block@@YAGPAEH@Z      00428f91 f   crc.obj
 0001:00027fda       ?Cvar_VariableValue@@YAMPBD@Z 00428fda f   cvar.obj
 0001:00028048       ?Cvar_VariableInt@@YAHPBD@Z 00429048 f   cvar.obj
 0001:0002805b       ?Cvar_VariableString@@YAPADPBD@Z 0042905b f   cvar.obj
 0001:00028073       ?Cvar_Get@@YAPAUcvar_t@@PBD0H@Z 00429073 f   cvar.obj
 0001:0002832a       ?Cvar_GetVars@@YAXPBUcvarInfo_t@@H@Z 0042932a f   cvar.obj
 0001:000283d4       ?Cvar_FullSet@@YAPAUcvar_t@@PBD0I@Z 004293d4 f   cvar.obj
 0001:0002842e       ?Cvar_SetValue@@YAPAUcvar_t@@PBDM@Z 0042942e f   cvar.obj
 0001:00028654       ?Cvar_SetInteger@@YAPAUcvar_t@@PBDH@Z 00429654 f   cvar.obj
 0001:00028676       ?Cvar_Set@@YAPAUcvar_t@@PBD0@Z 00429676 f   cvar.obj
 0001:0002868b       ?Cvar_ForceSet@@YAPAUcvar_t@@PBD0@Z 0042968b f   cvar.obj
 0001:000286a0       ?Cvar_Clamp@@YAMPAUcvar_t@@MM@Z 004296a0 f   cvar.obj
 0001:000286fe       ?Cvar_ClampName@@YAMPBDMM@Z 004296fe f   cvar.obj
 0001:0002873d       ?Cvar_GetLatchedVars@@YAXXZ 0042973d f   cvar.obj
 0001:0002876c       ?Cvar_Command@@YA_NHPAPAD@Z 0042976c f   cvar.obj
 0001:00028805       ?IsDefault@cvar_t@@QAE_NXZ 00429805 f i cvar.obj
 0001:00028822       ?Cvar_WriteVariables@@YAXPAU_iobuf@@HHPBD@Z 00429822 f   cvar.obj
 0001:000288aa       ?Cvar_Userinfo@@YAPBDXZ    004298aa f   cvar.obj
 0001:00028905       ?Cvar_Serverinfo@@YAPBDXZ  00429905 f   cvar.obj
 0001:0002890e       ?Cvar_Cheats@@YAX_N@Z      0042990e f   cvar.obj
 0001:0002895f       ?Cvar_Init@@YAXXZ          0042995f f   cvar.obj
 0001:0002901e       ?MSG_WriteDeltaEntity@@YAXPAUsizebuf_t@@PBUentity_state_t@@PAU2@_N3@Z 0042a01e f   entdelta.obj
 0001:000295c1       ?MSG_WriteRemoveEntity@@YAXPAUsizebuf_t@@H@Z 0042a5c1 f   entdelta.obj
 0001:00029601       ?MSG_ReadEntityBits@@YAHPAUsizebuf_t@@PAIPA_N@Z 0042a601 f   entdelta.obj
 0001:00029672       ?MSG_ReadDeltaEntity@@YAXPAUsizebuf_t@@PBUentity_state_t@@PAU2@I@Z 0042a672 f   entdelta.obj
 0001:000296f5       ?MSG_WriteDeltaUsercmd@@YAXPAUsizebuf_t@@PBUusercmd_t@@PAU2@@Z 0042a6f5 f   entdelta.obj
 0001:00029784       ?MSG_ReadDeltaUsercmd@@YAXPAUsizebuf_t@@PBUusercmd_t@@PAU2@@Z 0042a784 f   entdelta.obj
 0001:00029807       ?MSG_WriteDeltaPlayerstate@@YAXPAUsizebuf_t@@PBUplayer_state_t@@PAU2@@Z 0042a807 f   entdelta.obj
 0001:00029910       ?MSG_ReadDeltaPlayerstate@@YAXPAUsizebuf_t@@PBUplayer_state_t@@PAU2@@Z 0042a910 f   entdelta.obj
 0001:000299e4       ?FS_CreatePath@@YAXPBD@Z   0042a9e4 f   files.obj
 0001:00029a4a       ?FS_CopyFile@@YAXPBD0@Z    0042aa4a f   files.obj
 0001:00029b4d       ?FS_CopyFiles@@YAXPBD0@Z   0042ab4d f   files.obj
 0001:00029c26       ?FS_RemoveFiles@@YAXPBD@Z  0042ac26 f   files.obj
 0001:00029c9a       ?FS_FCloseFile@@YAXPAU_iobuf@@@Z 0042ac9a f   files.obj
 0001:00029d35       ?FS_FOpenFile@@YAHPBDPAPAU_iobuf@@@Z 0042ad35 f   files.obj
 0001:0002a25a       ?FS_FileExists@@YA_NPBD@Z  0042b25a f   files.obj
 0001:0002a477       ?FS_Read@@YAXPAXHPAU_iobuf@@@Z 0042b477 f   files.obj
 0001:0002a717       ?FS_LoadFile@@YAPAXPBDPAI@Z 0042b717 f   files.obj
 0001:0002a76e       ?FS_FreeFile@@YAXPAX@Z     0042b76e f   files.obj
 0001:0002a779       ?FS_Gamedir@@YAPADXZ       0042b779 f   files.obj
 0001:0002a78d       ?FS_LoadGameConfig@@YAXXZ  0042b78d f   files.obj
 0001:0002a852       ?FS_SetGamedir@@YA_NPBD@Z  0042b852 f   files.obj
 0001:0002af76       ?FS_ListFiles@@YA?AV?$TList@VCStringItem@@@@PBDPAHH@Z 0042bf76 f   files.obj
 0001:0002b29b       ?FS_NextPath@@YAPADPBD@Z   0042c29b f   files.obj
 0001:0002b2bf       ?FS_InitFilesystem@@YAXXZ  0042c2bf f   files.obj
 0001:0002bc6f       ?LoadPCX@@YAXPBDPAPAE1PAH2@Z 0042cc6f f   images.obj
 0001:0002bdb9       ?LoadTGA@@YAXPBDPAPAEPAH2@Z 0042cdb9 f   images.obj
 0001:0002bfb4       ?LoadJPG@@YAXPBDPAPAEPAH2@Z 0042cfb4 f   images.obj
 0001:0002c246       ?ImageExists@@YAHPBDH@Z    0042d246 f   images.obj
 0001:0002c347       ?WriteTGA@@YA_NPBDPAEHH@Z  0042d347 f   images.obj
 0001:0002c531       ?WriteJPG@@YA_NPBDPAEHH_N@Z 0042d531 f   images.obj
 0001:0002c658       ?MD4Init@@YAXPAUMD4_CTX@@@Z 0042d658 f   md4.obj
 0001:0002c680       ?MD4Update@@YAXPAUMD4_CTX@@PAEI@Z 0042d680 f   md4.obj
 0001:0002c71e       ?MD4Final@@YAXQAEPAUMD4_CTX@@@Z 0042d71e f   md4.obj
 0001:0002ce0f       ?Com_BlockChecksum@@YAIPAXH@Z 0042de0f f   md4.obj
 0001:0002ce4b       ?LoadQ2BspFile@@YAXXZ      0042de4b f   model.obj
 0001:0002d223       ?LoadBspFile@@YAPAUbspfile_t@@PBD_NPAI@Z 0042e223 f   model.obj
 0001:0002d3d1       ?ProcessEntstring@@YAPADPAD@Z 0042e3d1 f   model.obj
 0001:0002e281       ?SZ_Init@@YAXPAUsizebuf_t@@PAXH@Z 0042f281 f   msg.obj
 0001:0002e29f       ?SZ_Clear@@YAXPAUsizebuf_t@@@Z 0042f29f f   msg.obj
 0001:0002e2ac       ?SZ_Write@@YAXPAUsizebuf_t@@PBXH@Z 0042f2ac f   msg.obj
 0001:0002e335       ?MSG_WriteChar@@YAXPAUsizebuf_t@@H@Z 0042f335 f   msg.obj
 0001:0002e349       ?MSG_WriteByte@@YAXPAUsizebuf_t@@H@Z 0042f349 f   msg.obj
 0001:0002e35d       ?MSG_WriteShort@@YAXPAUsizebuf_t@@H@Z 0042f35d f   msg.obj
 0001:0002e377       ?MSG_WriteLong@@YAXPAUsizebuf_t@@H@Z 0042f377 f   msg.obj
 0001:0002e3a1       ?MSG_WriteFloat@@YAXPAUsizebuf_t@@M@Z 0042f3a1 f   msg.obj
 0001:0002e3bd       ?MSG_WriteString@@YAXPAUsizebuf_t@@PBD@Z 0042f3bd f   msg.obj
 0001:0002e3f4       ?MSG_WritePos@@YAXPAUsizebuf_t@@QAM@Z 0042f3f4 f   msg.obj
 0001:0002e458       ?MSG_WriteAngle@@YAXPAUsizebuf_t@@M@Z 0042f458 f   msg.obj
 0001:0002e483       ?MSG_WriteAngle16@@YAXPAUsizebuf_t@@M@Z 0042f483 f   msg.obj
 0001:0002e4ae       ?MSG_WriteDir@@YAXPAUsizebuf_t@@QAM@Z 0042f4ae f   msg.obj
 0001:0002e515       ?MSG_ReadDir@@YAXPAUsizebuf_t@@QAM@Z 0042f515 f   msg.obj
 0001:0002e546       ?MSG_BeginReading@@YAXPAUsizebuf_t@@@Z 0042f546 f   msg.obj
 0001:0002e54f       ?MSG_ReadChar@@YAHPAUsizebuf_t@@@Z 0042f54f f   msg.obj
 0001:0002e570       ?MSG_ReadByte@@YAHPAUsizebuf_t@@@Z 0042f570 f   msg.obj
 0001:0002e591       ?MSG_ReadShort@@YAHPAUsizebuf_t@@@Z 0042f591 f   msg.obj
 0001:0002e5c1       ?MSG_ReadLong@@YAHPAUsizebuf_t@@@Z 0042f5c1 f   msg.obj
 0001:0002e600       ?MSG_ReadString@@YAPADPAUsizebuf_t@@@Z 0042f600 f   msg.obj
 0001:0002e633       ?MSG_ReadPos@@YAXPAUsizebuf_t@@QAM@Z 0042f633 f   msg.obj
 0001:0002e685       ?MSG_ReadAngle@@YAMPAUsizebuf_t@@@Z 0042f685 f   msg.obj
 0001:0002e69f       ?MSG_ReadAngle16@@YAMPAUsizebuf_t@@@Z 0042f69f f   msg.obj
 0001:0002e6b9       ?MSG_ReadData@@YAXPAUsizebuf_t@@PAXH@Z 0042f6b9 f   msg.obj
 0001:0002e6dc       ?Netchan_Init@@YAXXZ       0042f6dc f   net_chan.obj
 0001:0002e73c       ?Netchan_OutOfBand@@YAXW4netsrc_t@@Unetadr_t@@HPAX@Z 0042f73c f   net_chan.obj
 0001:0002e79c       ?Netchan_OutOfBandPrint@@YAXW4netsrc_t@@Unetadr_t@@PBDZZ 0042f79c f   net_chan.obj
 0001:0002e7e1       ?Netchan_Setup@@YAXW4netsrc_t@@PAUnetchan_t@@Unetadr_t@@H@Z 0042f7e1 f   net_chan.obj
 0001:0002e83c       ?Netchan_NeedReliable@@YA_NPAUnetchan_t@@@Z 0042f83c f   net_chan.obj
 0001:0002e866       ?Netchan_Transmit@@YAXPAUnetchan_t@@HPAX@Z 0042f866 f   net_chan.obj
 0001:0002ea0b       ?Netchan_Process@@YA_NPAUnetchan_t@@PAUsizebuf_t@@@Z 0042fa0b f   net_chan.obj
 0001:0002eb31       ?Pmove@@YAXPAUpmove_t@@@Z  0042fb31 f   pmove.obj
 0001:000308cb       ?NormalizeColor@@YAMQBMQAM@Z 004318cb f   q_shared2.obj
 0001:0003092c       ?NormalizeColor255@@YAMQBMQAM@Z 0043192c f   q_shared2.obj
 0001:00030991       ?Q_rsqrt@@YAMM@Z           00431991 f   q_shared2.obj
 0001:000309c1       ?AngleVectors@@YAXQBMQAM11@Z 004319c1 f   q_shared2.obj
 0001:00030b22       ?MakeNormalVectors@@YAXQAM00@Z 00431b22 f   q_shared2.obj
 0001:00030b89       ?SetPlaneSignbits@@YAXPAUcplane_t@@@Z 00431b89 f   q_shared2.obj
 0001:00030bac       ?LerpAngle@@YAMMMM@Z       00431bac f   q_shared2.obj
 0001:00030bef       ?anglemod@@YAMM@Z          00431bef f   q_shared2.obj
 0001:00030c1b       ?BoxOnPlaneSide@@YAHQBM0PBUcplane_t@@@Z 00431c1b f   q_shared2.obj
 0001:00030d3e       ?ClearBounds@@YAXQAM0@Z    00431d3e f   q_shared2.obj
 0001:00030d67       ?AddPointToBounds@@YAXQBMQAM1@Z 00431d67 f   q_shared2.obj
 0001:00030da0       ?VectorCompare@@YA_NQBM0@Z 00431da0 f   q_shared2.obj
 0001:00030dcd       ?VectorNormalize@@YAMQAM@Z 00431dcd f   q_shared2.obj
 0001:00030e26       ?VectorNormalize2@@YAMQBMQAM@Z 00431e26 f   q_shared2.obj
 0001:00030e81       ?VectorNormalizeFast@@YAMQAM@Z 00431e81 f   q_shared2.obj
 0001:00030ed4       ?CrossProduct@@YAXQBM0QAM@Z 00431ed4 f   q_shared2.obj
 0001:00030f0f       ?VectorLength@@YAMQBM@Z    00431f0f f   q_shared2.obj
 0001:00030f3e       ?VectorDistance@@YAMQBM0@Z 00431f3e f   q_shared2.obj
 0001:00030f6f       ?VectorScale@@YAXQBMMQAM@Z 00431f6f f   q_shared2.obj
 0001:00030f93       ?AnglesToAxis@@YAXQBMQAY02M@Z 00431f93 f   q_shared2.obj
 0001:00030fd1       ?ShortSwap@@YAFF@Z         00431fd1 f   q_shared2.obj
 0001:00030fe6       ?COM_Parse@@YAPADAAPBD_N@Z 00431fe6 f   q_shared2.obj
 0001:0003110a       ?COM_QuoteString@@YAPBDPBD_N@Z 0043210a f   q_shared2.obj
 0001:00031165       ?Com_PageInMemory@@YAXPAXH@Z 00432165 f   q_shared2.obj
 0001:00031184       ?Zip_OpenArchive@@YAPAU_iobuf@@PAD@Z 00432184 f   zip.obj
 0001:000311ef       ?Zip_CloseArchive@@YAXPAU_iobuf@@@Z 004321ef f   zip.obj
 0001:000311fb       ?Zip_EnumArchive@@YA_NPAU_iobuf@@P6A_NPAUzipFile_t@@@Z@Z 004321fb f   zip.obj
 0001:000313d8       ?Zip_OpenFile@@YAPAUZFILE@@PAU_iobuf@@PAUzipFile_t@@@Z 004323d8 f   zip.obj
 0001:000314bc       ?Zip_ReadFile@@YAHPAUZFILE@@PAXH@Z 004324bc f   zip.obj
 0001:000315b2       ?Zip_CloseFile@@YA_NPAUZFILE@@@Z 004325b2 f   zip.obj
 0001:000315f6       ?Zip_OpenBuf@@YAPAUZBUF@@PAXH@Z 004325f6 f   zip.obj
 0001:00031634       ?Zip_ReadBuf@@YAHPAUZBUF@@PAXH@Z 00432634 f   zip.obj
 0001:0003167c       ?Zip_CloseBuf@@YAXPAUZBUF@@@Z 0043267c f   zip.obj
 0001:00031691       _zcalloc                   00432691 f   zip.obj
 0001:000316a5       _zcfree                    004326a5 f   zip.obj
 0001:000316b0       ?CDAudio_Play2@@YAXH_N@Z   004326b0 f   cd_win.obj
 0001:0003188f       ?CDAudio_Play@@YAXH_N@Z    0043288f f   cd_win.obj
 0001:000318a6       ?CDAudio_Stop@@YAXXZ       004328a6 f   cd_win.obj
 0001:000318eb       ?CDAudio_Pause@@YAXXZ      004328eb f   cd_win.obj
 0001:00031944       ?CDAudio_Resume@@YAXXZ     00432944 f   cd_win.obj
 0001:000319b3       ?CDAudio_MessageHandler@@YAJPAUHWND__@@IIJ@Z 004329b3 f   cd_win.obj
 0001:00031a4a       ?CDAudio_Update@@YAXXZ     00432a4a f   cd_win.obj
 0001:00031a7e       ?CDAudio_Init@@YAHXZ       00432a7e f   cd_win.obj
 0001:00031e30       ?CDAudio_Shutdown@@YAXXZ   00432e30 f   cd_win.obj
 0001:00031e63       ?CDAudio_Activate@@YAX_N@Z 00432e63 f   cd_win.obj
 0001:00031e74       ?IN_MouseEvent@@YAXH@Z     00432e74 f   in_win.obj
 0001:00031ede       ?IN_Commands@@YAXXZ        00432ede f   in_win.obj
 0001:0003200f       ?IN_Init@@YAXXZ            0043300f f   in_win.obj
 0001:00032355       ?IN_Shutdown@@YAXXZ        00433355 f   in_win.obj
 0001:00032439       ?IN_Move@@YAXPAUusercmd_t@@@Z 00433439 f   in_win.obj
 0001:0003293b       ?IN_Activate@@YAX_N@Z      0043393b f   in_win.obj
 0001:00032945       ?IN_Frame@@YAXXZ           00433945 f   in_win.obj
 0001:00032d4f       ?NetadrToSockadr@@YAXPAUnetadr_t@@PAUsockaddr@@@Z 00433d4f f   net_wins.obj
 0001:00032dd4       ?SockadrToNetadr@@YAXPAUsockaddr@@PAUnetadr_t@@@Z 00433dd4 f   net_wins.obj
 0001:00032e24       ?NET_CompareAdr@@YA_NPAUnetadr_t@@0@Z 00433e24 f   net_wins.obj
 0001:00032e84       ?NET_CompareBaseAdr@@YA_NPAUnetadr_t@@0@Z 00433e84 f   net_wins.obj
 0001:00032eda       ?NET_AdrToString@@YAPADPAUnetadr_t@@@Z 00433eda f   net_wins.obj
 0001:00032f93       ?NET_StringToAdr@@YA_NPBDPAUnetadr_t@@@Z 00433f93 f   net_wins.obj
 0001:0003321d       ?NET_IsLocalAddress@@YA_NPAUnetadr_t@@@Z 0043421d f   net_wins.obj
 0001:00033229       ?NET_GetLoopPacket@@YA_NW4netsrc_t@@PAUnetadr_t@@PAUsizebuf_t@@@Z 00434229 f   net_wins.obj
 0001:000332b5       ?NET_SendLoopPacket@@YAXW4netsrc_t@@HPAXUnetadr_t@@@Z 004342b5 f   net_wins.obj
 0001:0003330a       ?NET_GetPacket@@YA_NW4netsrc_t@@PAUnetadr_t@@PAUsizebuf_t@@@Z 0043430a f   net_wins.obj
 0001:00033428       ?NET_SendPacket@@YAXW4netsrc_t@@HPAXUnetadr_t@@@Z 00434428 f   net_wins.obj
 0001:000334f9       ?NET_IPSocket@@YAHPADH@Z   004344f9 f   net_wins.obj
 0001:0003360e       ?NET_OpenIP@@YAXXZ         0043460e f   net_wins.obj
 0001:0003368a       ?NET_OpenIPX@@YAXXZ        0043468a f   net_wins.obj
 0001:000337ca       ?NET_Config@@YAX_N@Z       004347ca f   net_wins.obj
 0001:0003386e       ?NET_Init@@YAXXZ           0043486e f   net_wins.obj
 0001:000338da       ?Sys_Mkdir@@YAXPAD@Z       004348da f   q_shwin.obj
 0001:000338e6       ?Sys_FindFirst@@YAPBDPBDH@Z 004348e6 f   q_shwin.obj
 0001:000339a0       ?Sys_FindNext@@YAPBDXZ     004349a0 f   q_shwin.obj
 0001:00033a0a       ?Sys_FindClose@@YAXXZ      00434a0a f   q_shwin.obj
 0001:00033a24       ?SNDDMA_Init@@YA_NXZ       00434a24 f   snd_win.obj
 0001:00034063       ?SNDDMA_GetDMAPos@@YAHXZ   00435063 f   snd_win.obj
 0001:000340ad       ?SNDDMA_BeginPainting@@YAXXZ 004350ad f   snd_win.obj
 0001:000341c5       ?SNDDMA_Submit@@YAXXZ      004351c5 f   snd_win.obj
 0001:000341ea       ?SNDDMA_Shutdown@@YAXXZ    004351ea f   snd_win.obj
 0001:000341ef       ?S_Activate@@YAX_N@Z       004351ef f   snd_win.obj
 0001:0003421a       ?Sys_Quit@@YAXXZ           0043521a f   sys_win.obj
 0001:000342d2       ?Sys_Init@@YAXXZ           004352d2 f   sys_win.obj
 0001:0003434a       ?Sys_ConsoleInput@@YAPADXZ 0043534a f   sys_win.obj
 0001:00034601       ?Sys_ConsoleOutput@@YAXPBD@Z 00435601 f   sys_win.obj
 0001:0003468f       ?Sys_SendKeyEvents@@YAXXZ  0043568f f   sys_win.obj
 0001:0003477c       ?Sys_UnloadGame@@YAXXZ     0043577c f   sys_win.obj
 0001:000347f7       ?Sys_GetGameAPI@@YAPAXPAX@Z 004357f7 f   sys_win.obj
 0001:0003494e       _WinMain@16                0043594e f   sys_win.obj
 0001:00034c54       ?Vid_CreateWindow@@YAPAXHH_N@Z 00435c54 f   vid_dll.obj
 0001:0003547d       ?Vid_DestroyWindow@@YAX_N@Z 0043647d f   vid_dll.obj
 0001:000354b8       ?Vid_GetModeInfo@@YA_NPAH0H@Z 004364b8 f   vid_dll.obj
 0001:000354e6       ?Vid_UpdateWindowPosAndSize@@YAXHH@Z 004364e6 f   vid_dll.obj
 0001:0003554d       ?Vid_FreeReflib@@YAXXZ     0043654d f   vid_dll.obj
 0001:00035587       ?Vid_CheckChanges@@YAXXZ   00436587 f   vid_dll.obj
 0001:00035920       ?Vid_Init@@YAXXZ           00436920 f   vid_dll.obj
 0001:00035a11       ?Vid_Shutdown@@YAXXZ       00436a11 f   vid_dll.obj
 0001:00035a3f       ?GL_BackEnd@@YAXXZ         00436a3f f   gl_backend.obj
 0001:0003903f       ?GL_InitBackend@@YAXXZ     0043a03f f   gl_backend.obj
 0001:00039073       ?GL_ShutdownBackend@@YAXXZ 0043a073 f   gl_backend.obj
 0001:00039087       ?GL_AllocDynamicMemory@@YAPAXH@Z 0043a087 f   gl_buffers.obj
 0001:000390f2       ?GL_ResizeDynamicMemory@@YAXPAXH@Z 0043a0f2 f   gl_buffers.obj
 0001:00039134       ?GL_AddSurfaceToPortal@@YAXPAUsurfaceCommon_t@@PAUshader_t@@HH@Z 0043a134 f   gl_buffers.obj
 0001:0003919d       ?GL_AddDynamicSurface@@YAPAUsurfaceCommon_t@@PAUshader_t@@H@Z 0043a19d f   gl_buffers.obj
 0001:000391c5       ?GL_InsertShaderIndex@@YAXH@Z 0043a1c5 f   gl_buffers.obj
 0001:000391fe       ?GL_ClearPortal@@YAXXZ     0043a1fe f   gl_buffers.obj
 0001:0003921c       ?GL_FinishPortal@@YAXXZ    0043a21c f   gl_buffers.obj
 0001:0003926d       ?GL_SortSurfaces@@YAXPAUviewPortal_t@@PAPAUsurfaceInfo_t@@@Z 0043a26d f   gl_buffers.obj
 0001:000393ff       ?GL_ClearBuffers@@YAXXZ    0043a3ff f   gl_buffers.obj
 0001:00039416       ?GL_CreateBuffers@@YAXXZ   0043a416 f   gl_buffers.obj
 0001:0003943c       ?GL_FreeBuffers@@YAXXZ     0043a43c f   gl_buffers.obj
 0001:00039460       ?GL_AddEntity@@YAXPAUentity_t@@@Z 0043a460 f   gl_frontend.obj
 0001:000398d4       ?GL_AddDlight@@YAXPAUdlight_t@@@Z 0043a8d4 f   gl_frontend.obj
 0001:00039a8c       ?GL_DrawPortal@@YAXXZ      0043aa8c f   gl_frontend.obj
 0001:0003c575       ?GL_TextureMode@@YAXPAD@Z  0043d575 f   gl_image.obj
 0001:0003c61d       ?GL_CreateImage@@YAPAUimage_t@@PBDPAXHHI@Z 0043d61d f   gl_image.obj
 0001:0003d38c       ?GL_LoadDelayedImages@@YAXXZ 0043e38c f   gl_image.obj
 0001:0003d41f       ?GL_DrawStretchRaw8@@YAXHHHHHHPAEPAI@Z 0043e41f f   gl_image.obj
 0001:0003d7d9       ?GL_SetupGamma@@YAXXZ      0043e7d9 f   gl_image.obj
 0001:0003d91e       ?GL_PerformScreenshot@@YAXXZ 0043e91e f   gl_image.obj
 0001:0003dbab       ?GL_InitImages@@YAXXZ      0043ebab f   gl_image.obj
 0001:0003e37f       ?GL_ShutdownImages@@YAXXZ  0043f37f f   gl_image.obj
 0001:0003e3e6       ?GL_ShowImages@@YAXXZ      0043f3e6 f   gl_image.obj
 0001:0003e66e       ?GL_FindImage@@YAPAUimage_t@@PBDI@Z 0043f66e f   gl_image.obj
 0001:0003e910       ?GL_Lock@@YAXXZ            0043f910 f   gl_interface.obj
 0001:0003e988       ?GL_Unlock@@YAXXZ          0043f988 f   gl_interface.obj
 0001:0003eb4a       ?GL_Bind@@YAXPAUimage_t@@@Z 0043fb4a f   gl_interface.obj
 0001:0003ec74       ?GL_BindForce@@YAXPAUimage_t@@@Z 0043fc74 f   gl_interface.obj
 0001:0003ecf2       ?GL_TexEnv@@YAXI@Z         0043fcf2 f   gl_interface.obj
 0001:0003ee71       ?GL_TexMipBias@@YAXM@Z     0043fe71 f   gl_interface.obj
 0001:0003eecc       ?GL_TexEnvColor@@YAXPATcolor_t@@@Z 0043fecc f   gl_interface.obj
 0001:0003ef7c       ?GL_SelectTexture@@YAXH@Z  0043ff7c f   gl_interface.obj
 0001:0003efdd       ?GL_TexCoordPointer@@YAXPAX@Z 0043ffdd f   gl_interface.obj
 0001:0003f00d       ?GL_SetMultitexture@@YAXH@Z 0044000d f   gl_interface.obj
 0001:0003f0f3       ?GL_DisableTexCoordArrays@@YAXXZ 004400f3 f   gl_interface.obj
 0001:0003f147       ?GL_CullFace@@YAXW4gl_cullMode_t@@@Z 00440147 f   gl_interface.obj
 0001:0003f198       ?GL_DepthRange@@YAXW4gl_depthMode_t@@@Z 00440198 f   gl_interface.obj
 0001:0003f1cb       ?GL_State@@YAXI@Z          004401cb f   gl_interface.obj
 0001:0003f324       ?GL_EnableFog@@YAX_N@Z     00440324 f   gl_interface.obj
 0001:0003f41c       ?GL_SetDefaultState@@YAXXZ 0044041c f   gl_interface.obj
 0001:0003f56a       ?GL_Set2DMode@@YAXXZ       0044056a f   gl_interface.obj
 0001:0003f665       ?GL_Setup@@YAXPAUviewPortal_t@@@Z 00440665 f   gl_interface.obj
 0001:0003f74d       ?GL_ShowLights@@YAXXZ      0044074d f   gl_light.obj
 0001:0003fb72       ?GL_LightForEntity@@YAXPAUrefEntity_t@@@Z 00440b72 f   gl_light.obj
 0001:00040dd8       ?GL_DiffuseLight@@YAXPATcolor_t@@M@Z 00441dd8 f   gl_light.obj
 0001:00040f50       ?GL_InitLightGrid@@YAXXZ   00441f50 f   gl_light.obj
 0001:00040ff6       ?GL_PostLoadLights@@YAXXZ  00441ff6 f   gl_light.obj
 0001:00041294       ?LM_Init@@YAXXZ            00442294 f   gl_lightmap.obj
 0001:000412aa       ?LM_Flush@@YAXPAUlightmapBlock_t@@@Z 004422aa f   gl_lightmap.obj
 0001:00041307       ?LM_Done@@YAXXZ            00442307 f   gl_lightmap.obj
 0001:0004132e       ?LM_Save@@YAXPAUlightmapBlock_t@@@Z 0044232e f   gl_lightmap.obj
 0001:00041346       ?LM_Restore@@YAXPAUlightmapBlock_t@@@Z 00442346 f   gl_lightmap.obj
 0001:0004135e       ?LM_NewBlock@@YAPAUlightmapBlock_t@@XZ 0044235e f   gl_lightmap.obj
 0001:000413ce       ?LM_Rewind@@YAXXZ          004423ce f   gl_lightmap.obj
 0001:000413d6       ?LM_NextBlock@@YAPAUlightmapBlock_t@@XZ 004423d6 f   gl_lightmap.obj
 0001:00041403       ?LM_CheckMinlight@@YAXPAUdynamicLightmap_t@@@Z 00442403 f   gl_lightmap.obj
 0001:00041499       ?LM_AllocBlock@@YA_NPAUlightmapBlock_t@@PAUdynamicLightmap_t@@@Z 00442499 f   gl_lightmap.obj
 0001:00041550       ?LM_PutBlock@@YAXPAUdynamicLightmap_t@@@Z 00442550 f   gl_lightmap.obj
 0001:0004197d       ?LM_SortLightStyles@@YAXPAUdynamicLightmap_t@@@Z 0044297d f   gl_lightmap.obj
 0001:00041a0e       ?GL_UpdateDynamicLightmap@@YAXPAUshader_t@@PAUsurfacePlanar_t@@_NI@Z 00442a0e f   gl_lightmap.obj
 0001:00041f0a       ?LM_IsMonotone@@YA_NPAUdynamicLightmap_t@@PATcolor_t@@@Z 00442f0a f   gl_lightmap.obj
 0001:00042011       ?GL_EnableRendering@@YAX_N@Z 00443011 f   gl_main.obj
 0001:0004202c       ?GL_DrawStretchPic@@YAXPAUshader_t@@HHHHMMMMIE@Z 0044302c f   gl_main.obj
 0001:000420f8       ?DrawTextLeft@@YAXPBDI@Z   004430f8 f   gl_main.obj
 0001:00042266       ?DrawTextRight@@YAXPBDI@Z  00443266 f   gl_main.obj
 0001:000422b0       ?DrawText3D@@YAXQAMPBDI@Z  004432b0 f   gl_main.obj
 0001:000422dd       _GL_GetRefAPI              004432dd f   gl_main.obj
 0001:00043c55       ?GL_InitFuncTables@@YAXXZ  00444c55 f   gl_math.obj
 0001:00043e06       ?ModelToWorldCoord@@YAXQAMPAUrefEntity_t@@0@Z 00444e06 f   gl_math.obj
 0001:00043e77       ?WorldToModelCoord@@YAXQAMPAUrefEntity_t@@0@Z 00444e77 f   gl_math.obj
 0001:00043ebe       ?BuildRotationMatrix@@YAXQAY02MQAMM@Z 00444ebe f   gl_math.obj
 0001:00043fb8       ?GetBoxRect@@YA_NPAUrefEntity_t@@QAM11_N@Z 00444fb8 f   gl_math.obj
 0001:00044329       ?ProjectToScreen@@YA_NQAMPAH@Z 00445329 f   gl_math.obj
 0001:0004446c       ?SaturateColor3f@@YAXQAM@Z 0044546c f   gl_math.obj
 0001:0004455c       ?SaturateColor4b@@YAXPATcolor_t@@@Z 0044555c f   gl_math.obj
 0001:0004466a       ?GL_FindModel@@YAPAUmodel_t@@PBD@Z 0044566a f   gl_model.obj
 0001:0004476e       ?GL_LoadWorldMap@@YAXPBD@Z 0044576e f   gl_model.obj
 0001:0004626c       ?GL_PointInLeaf@@YAPAUnode_t@@QAM@Z 0044726c f   gl_model.obj
 0001:00046daa       ?ATAN2_FUNC@@YAMMM@Z       00447daa f i gl_model.obj
 0001:00046f55       ?GL_FindSkin@@YAPAUshader_t@@PBD@Z 00447f55 f   gl_model.obj
 0001:000470b7       ?GL_ResetModels@@YAXXZ     004480b7 f   gl_model.obj
 0001:00047180       ?GL_InitModels@@YAXXZ      00448180 f   gl_model.obj
 0001:00047268       ?GL_ShutdownModels@@YAXXZ  00448268 f   gl_model.obj
 0001:0004727e       ?SubdividePlane@@YAHPAPAY02MHM@Z 0044827e f   gl_poly.obj
 0001:000476d1       ?FreeSubdividedPlane@@YAXXZ 004486d1 f   gl_poly.obj
 0001:000476e9       ?GetSubdivideIndexes@@YAXPAH@Z 004486e9 f   gl_poly.obj
 0001:0004773c       ?RemoveCollinearPoints@@YAHPAPAY02MH@Z 0044873c f   gl_poly.obj
 0001:00047837       ?GetPolyArea@@YAMPAPAY02MH@Z 00448837 f   gl_poly.obj
 0001:000478cb       ?GL_InitShaders@@YAXXZ     004488cb f   gl_shader.obj
 0001:00047a1c       ?GL_ShutdownShaders@@YAXXZ 00448a1c f   gl_shader.obj
 0001:00047a46       ?GetLightmapImage@@YAPAUimage_t@@H@Z 00448a46 f   gl_shader.obj
 0001:00047a6e       ?GL_SetShaderLightmap@@YAPAUshader_t@@PAU1@H@Z 00448a6e f   gl_shader.obj
 0001:00047e43       ?GL_SetShaderLightstyles@@YAPAUshader_t@@PAU1@I@Z 00448e43 f   gl_shader.obj
 0001:00047edf       ?GL_GetAlphaShader@@YAPAUshader_t@@PAU1@@Z 00448edf f   gl_shader.obj
 0001:000481a5       ?GL_FindShader@@YAPAUshader_t@@PBDI@Z 004491a5 f   gl_shader.obj
 0001:000487c6       ?GL_GetShaderByNum@@YAPAUshader_t@@H@Z 004497c6 f   gl_shader.obj
 0001:000487e4       ?GL_ResetShaders@@YAXXZ    004497e4 f   gl_shader.obj
 0001:00048cb6       ?GL_ClearSkyBox@@YAXXZ     00449cb6 f   gl_sky.obj
 0001:00048ccd       ?GL_SetSkyRotate@@YAXMQAM@Z 00449ccd f   gl_sky.obj
 0001:00048d05       ?GL_SkyVisible@@YA_NXZ     00449d05 f   gl_sky.obj
 0001:00048d1e       ?GL_AddSkySurface@@YAXPAUsurfacePlanar_t@@QAME@Z 00449d1e f   gl_sky.obj
 0001:0004932d       ?GL_TesselateSkySide@@YAHHPAUbufVertex_t@@PAUbufTexCoord_t@@M@Z 0044a32d f   gl_sky.obj
 0001:0004ac85       ?QGL_Shutdown@@YAXXZ       0044bc85 f   qgl_win.obj
 0001:0004acc3       ?QGL_Init@@YA_NPBD@Z       0044bcc3 f   qgl_win.obj
 0001:0004ad46       ?QGL_InitExtensions@@YAXXZ 0044bd46 f   qgl_win.obj
 0001:0004b232       ?QGL_PrintExtensionsString@@YAXPBD00@Z 0044c232 f   qgl_win.obj
 0001:0004b382       ?QGL_EnableLogging@@YAX_N@Z 0044c382 f   qgl_win.obj
 0001:0004b439       ?QGL_LogMessage@@YAXPBD@Z  0044c439 f   qgl_win.obj
 0001:0004b450       ?GLimp_SetMode@@YA?AW4rserr_t@@PAI0H_N@Z 0044c450 f   glw_imp.obj
 0001:0004b6e3       ?GLimp_HasGamma@@YA_NXZ    0044c6e3 f   glw_imp.obj
 0001:0004b6f7       ?GLimp_SetGamma@@YAXM@Z    0044c6f7 f   glw_imp.obj
 0001:0004b89f       ?GLimp_Init@@YAHXZ         0044c89f f   glw_imp.obj
 0001:0004bbe0       ?GLimp_Shutdown@@YAXXZ     0044cbe0 f   glw_imp.obj
 0001:0004bc88       ?GLimp_EndFrame@@YAXXZ     0044cc88 f   glw_imp.obj
 0001:0004bd09       ?GLimp_AppActivate@@YAX_N@Z 0044cd09 f   glw_imp.obj
 0001:0004bdf0       _jpeg_CreateDecompress     0044cdf0 f   lib:jdapimin.obj
 0001:0004beb0       _jpeg_read_header          0044ceb0 f   lib:jdapimin.obj
 0001:0004bf12       _jpeg_consume_input        0044cf12 f   lib:jdapimin.obj
 0001:0004c161       _jpeg_finish_decompress    0044d161 f   lib:jdapimin.obj
 0001:0004c1f8       _jpeg_start_decompress     0044d1f8 f   lib:jdapistd.obj
 0001:0004c365       _jpeg_read_scanlines       0044d365 f   lib:jdapistd.obj
 0001:0004c3e9       _jpeg_resync_to_restart    0044d3e9 f   lib:jdmarker.obj
 0001:0004c5ae       _jinit_marker_reader       0044d5ae f   lib:jdmarker.obj
 0001:0004da79       _jpeg_CreateCompress       0044ea79 f   lib:jcapimin.obj
 0001:0004db2d       _jpeg_destroy_compress     0044eb2d f   lib:jcapimin.obj
 0001:0004db2d       _jpeg_destroy_decompress   0044eb2d f   lib:jcapimin.obj
 0001:0004db38       _jpeg_suppress_tables      0044eb38 f   lib:jcapimin.obj
 0001:0004db82       _jpeg_finish_compress      0044eb82 f   lib:jcapimin.obj
 0001:0004dc6c       _jpeg_start_compress       0044ec6c f   lib:jcapistd.obj
 0001:0004dcd8       _jpeg_write_scanlines      0044ecd8 f   lib:jcapistd.obj
 0001:0004dd83       _jpeg_add_quant_table      0044ed83 f   lib:jcparam.obj
 0001:0004de35       _jpeg_quality_scaling      0044ee35 f   lib:jcparam.obj
 0001:0004de5c       _jpeg_set_quality          0044ee5c f   lib:jcparam.obj
 0001:0004de96       _jpeg_set_defaults         0044ee96 f   lib:jcparam.obj
 0001:0004e05c       _jpeg_default_colorspace   0044f05c f   lib:jcparam.obj
 0001:0004e0ac       _jpeg_set_colorspace       0044f0ac f   lib:jcparam.obj
 0001:0004e3c7       _jpeg_stdio_dest           0044f3c7 f   lib:jdatadst.obj
 0001:0004e5c6       _crc32                     0044f5c6 f   lib:crc32.obj
 0001:0004e860       _inflateReset              0044f860 f   lib:inflate.obj
 0001:0004e8a7       _inflateInit2_             0044f8a7 f   lib:inflate.obj
 0001:0004e960       _inflate                   0044f960 f   lib:inflate.obj
 0001:0004fc2f       _inflateEnd                00450c2f f   lib:inflate.obj
 0001:0004fc6d       _jinit_input_controller    00450c6d f   lib:jdinput.obj
 0001:00050150       _jinit_memory_mgr          00451150 f   lib:jmemmgr.obj
 0001:00050c8c       _jpeg_abort                00451c8c f   lib:jcomapi.obj
 0001:00050cbf       _jpeg_destroy              00451cbf f   lib:jcomapi.obj
 0001:00050cda       _jpeg_alloc_quant_table    00451cda f   lib:jcomapi.obj
 0001:00050cf6       _jpeg_alloc_huff_table     00451cf6 f   lib:jcomapi.obj
 0001:00050d12       _jpeg_calc_output_dimensions 00451d12 f   lib:jdmaster.obj
 0001:00050e12       _jinit_master_decompress   00451e12 f   lib:jdmaster.obj
 0001:00051168       _jdiv_round_up             00452168 f   lib:jutils.obj
 0001:00051178       _jround_up                 00452178 f   lib:jutils.obj
 0001:00051190       _jcopy_sample_rows         00452190 f   lib:jutils.obj
 0001:000511ce       _jcopy_block_row           004521ce f   lib:jutils.obj
 0001:000511e7       _jzero_far                 004521e7 f   lib:jutils.obj
 0001:000511fa       _jinit_marker_writer       004521fa f   lib:jcmarker.obj
 0001:00051ad6       _jinit_compress_master     00452ad6 f   lib:jcinit.obj
 0001:00051b2f       _inflate_fast              00452b2f f   lib:inffast.obj
 0001:00051ee4       _inflate_table             00452ee4 f   lib:inftrees.obj
 0001:0005226d       _adler32                   0045326d f   lib:adler32.obj
 0001:00052386       _jinit_c_codec             00453386 f   lib:jcodec.obj
 0001:000523a2       _jinit_d_codec             004533a2 f   lib:jcodec.obj
 0001:000523be       _jpeg_get_large            004533be f   lib:jmemnobs.obj
 0001:000523be       _jpeg_get_small            004533be f   lib:jmemnobs.obj
 0001:000523ca       _jpeg_free_small           004533ca f   lib:jmemnobs.obj
 0001:000523ca       _jpeg_free_large           004533ca f   lib:jmemnobs.obj
 0001:000523d6       _jpeg_mem_available        004533d6 f   lib:jmemnobs.obj
 0001:000523db       _jpeg_open_backing_store   004533db f   lib:jmemnobs.obj
 0001:000523ef       __matherr                  004533ef f   lib:jmemnobs.obj
 0001:000523ef       _jpeg_mem_init             004533ef f   lib:jmemnobs.obj
 0001:000523f2       _jinit_d_main_controller   004533f2 f   lib:jdmainct.obj
 0001:00052a3d       _jinit_d_post_controller   00453a3d f   lib:jdpostct.obj
 0001:00052ce8       _jinit_upsampler           00453ce8 f   lib:jdsample.obj
 0001:00053326       _jinit_color_deconverter   00454326 f   lib:jdcolor.obj
 0001:0005383c       _jinit_merged_upsampler    0045483c f   lib:jdmerge.obj
 0001:00053d8c       _jinit_2pass_quantizer     00454d8c f   lib:jquant2.obj
 0001:00054e4f       _jinit_1pass_quantizer     00455e4f f   lib:jquant1.obj
 0001:00055875       _jinit_c_main_controller   00456875 f   lib:jcmainct.obj
 0001:000559e2       _jinit_c_prep_controller   004569e2 f   lib:jcprepct.obj
 0001:00055f2d       _jinit_downsampler         00456f2d f   lib:jcsample.obj
 0001:000567ad       _jinit_color_converter     004577ad f   lib:jccolor.obj
 0001:00056d97       _jinit_c_master_control    00457d97 f   lib:jcmaster.obj
 0001:00057886       _jinit_lossy_c_codec       00458886 f   lib:jclossy.obj
 0001:00057921       _jinit_lossless_c_codec    00458921 f   lib:jclossls.obj
 0001:000579b9       _jinit_lossy_d_codec       004589b9 f   lib:jdlossy.obj
 0001:00057c8c       _jinit_lossless_d_codec    00458c8c f   lib:jdlossls.obj
 0001:00057d3c       _jinit_c_coef_controller   00458d3c f   lib:jccoefct.obj
 0001:0005841d       _jinit_shuff_encoder       0045941d f   lib:jcshuff.obj
 0001:00058c88       _jinit_phuff_encoder       00459c88 f   lib:jcphuff.obj
 0001:0005972d       _jinit_forward_dct         0045a72d f   lib:jcdctmgr.obj
 0001:000599fc       _jinit_c_diff_controller   0045a9fc f   lib:jcdiffct.obj
 0001:00059f20       _jinit_lhuff_encoder       0045af20 f   lib:jclhuff.obj
 0001:0005a64a       _jinit_differencer         0045b64a f   lib:jcpred.obj
 0001:0005ab64       _jinit_c_scaler            0045bb64 f   lib:jcscale.obj
 0001:0005abda       _jinit_d_coef_controller   0045bbda f   lib:jdcoefct.obj
 0001:0005b8b3       _jinit_shuff_decoder       0045c8b3 f   lib:jdshuff.obj
 0001:0005be48       _jinit_phuff_decoder       0045ce48 f   lib:jdphuff.obj
 0001:0005c9e5       _jinit_inverse_dct         0045d9e5 f   lib:jddctmgr.obj
 0001:0005cbc9       _jinit_d_diff_controller   0045dbc9 f   lib:jddiffct.obj
 0001:0005d0f7       _jinit_d_scaler            0045e0f7 f   lib:jdscale.obj
 0001:0005d1f6       _jinit_undifferencer       0045e1f6 f   lib:jdpred.obj
 0001:0005d5b0       _jinit_lhuff_decoder       0045e5b0 f   lib:jdlhuff.obj
 0001:0005d9a5       _jpeg_make_c_derived_tbl   0045e9a5 f   lib:jchuff.obj
 0001:0005dba7       _jpeg_gen_optimal_table    0045eba7 f   lib:jchuff.obj
 0001:0005dd66       _jpeg_fdct_float           0045ed66 f   lib:jfdctflt.obj
 0001:0005df6b       _jpeg_make_d_derived_tbl   0045ef6b f   lib:jdhuff.obj
 0001:0005e208       _jpeg_fill_bit_buffer      0045f208 f   lib:jdhuff.obj
 0001:0005e317       _jpeg_huff_decode          0045f317 f   lib:jdhuff.obj
 0001:0005e3f7       _jpeg_idct_4x4             0045f3f7 f   lib:jidctred.obj
 0001:0005e6e5       _jpeg_idct_2x2             0045f6e5 f   lib:jidctred.obj
 0001:0005e8a7       _jpeg_idct_1x1             0045f8a7 f   lib:jidctred.obj
 0001:0005e8e3       _jpeg_idct_float           0045f8e3 f   lib:jidctflt.obj
 0001:0005ecc0       __except_handler3          0045fcc0 f   MSVCRT:MSVCRT.dll
 0001:0005ecd0       __alloca_probe             0045fcd0 f   MSVCRT:chkstk.obj
 0001:0005ecd0       __chkstk                   0045fcd0 f   MSVCRT:chkstk.obj
 0001:0005ecff       ??_Etype_info@@UAEPAXI@Z   0045fcff f i MSVCRT:ti_inst.obj
 0001:0005ecff       ??_Gtype_info@@UAEPAXI@Z   0045fcff f i MSVCRT:ti_inst.obj
 0001:0005ed1c       __CxxThrowException@8      0045fd1c f   MSVCRT:MSVCRT.dll
 0001:0005ed22       _strcpy                    0045fd22 f   MSVCRT:MSVCRT.dll
 0001:0005ed28       _strlen                    0045fd28 f   MSVCRT:MSVCRT.dll
 0001:0005ed2e       _strcmp                    0045fd2e f   MSVCRT:MSVCRT.dll
 0001:0005ed34       _sin                       0045fd34 f   MSVCRT:MSVCRT.dll
 0001:0005ed3a       _tan                       0045fd3a f   MSVCRT:MSVCRT.dll
 0001:0005ed40       _cos                       0045fd40 f   MSVCRT:MSVCRT.dll
 0001:0005ed46       _strcat                    0045fd46 f   MSVCRT:MSVCRT.dll
 0001:0005ed4c       _fmod                      0045fd4c f   MSVCRT:MSVCRT.dll
 0001:0005ed52       _atan2                     0045fd52 f   MSVCRT:MSVCRT.dll
 0001:0005ed58       _acos                      0045fd58 f   MSVCRT:MSVCRT.dll
 0001:0005ed5e       _sqrt                      0045fd5e f   MSVCRT:MSVCRT.dll
 0001:0005ed64       _atan                      0045fd64 f   MSVCRT:MSVCRT.dll
 0001:0005ed6a       _memcpy                    0045fd6a f   MSVCRT:MSVCRT.dll
 0001:0005ed70       _memset                    0045fd70 f   MSVCRT:MSVCRT.dll
 0001:0005ed76       _pow                       0045fd76 f   MSVCRT:MSVCRT.dll
 0001:0005ed7c       _asin                      0045fd7c f   MSVCRT:MSVCRT.dll
 0001:0005ed82       _WinMainCRTStartup         0045fd82 f   MSVCRT:crtexew.obj
 0001:0005eee0       __ftol                     0045fee0 f   MSVCRT:MSVCRT.dll
 0001:0005eee6       ??1type_info@@UAE@XZ       0045fee6 f   MSVCRT:MSVCRT.dll
 0001:0005eeec       __XcptFilter               0045feec f   MSVCRT:MSVCRT.dll
 0001:0005eef2       __initterm                 0045fef2 f   MSVCRT:MSVCRT.dll
 0001:0005eef8       __setdefaultprecision      0045fef8 f   MSVCRT:fp8.obj
 0001:0005ef0a       _jpeg_mem_term             0045ff0a f   MSVCRT:dllargv.obj
 0001:0005ef0a       __setargv                  0045ff0a f   MSVCRT:dllargv.obj
 0001:0005ef0c       __controlfp                0045ff0c f   MSVCRT:MSVCRT.dll
 0002:00000000       __imp__SetDeviceGammaRamp@8 00460000     gdi32:GDI32.dll
 0002:00000004       __imp__GetDeviceGammaRamp@8 00460004     gdi32:GDI32.dll
 0002:00000008       __imp__DescribePixelFormat@16 00460008     gdi32:GDI32.dll
 0002:0000000c       __imp__SetPixelFormat@12   0046000c     gdi32:GDI32.dll
 0002:00000010       __imp__ChoosePixelFormat@8 00460010     gdi32:GDI32.dll
 0002:00000014       __imp__SwapBuffers@4       00460014     gdi32:GDI32.dll
 0002:00000018       __imp__GetDeviceCaps@8     00460018     gdi32:GDI32.dll
 0002:0000001c       \177GDI32_NULL_THUNK_DATA  0046001c     gdi32:GDI32.dll
 0002:00000020       __imp__GetDriveTypeA@4     00460020     kernel32:KERNEL32.dll
 0002:00000024       __imp__SetErrorMode@4      00460024     kernel32:KERNEL32.dll
 0002:00000028       __imp__GetStdHandle@4      00460028     kernel32:KERNEL32.dll
 0002:0000002c       __imp__AllocConsole@0      0046002c     kernel32:KERNEL32.dll
 0002:00000030       __imp__ReadConsoleInputA@16 00460030     kernel32:KERNEL32.dll
 0002:00000034       __imp__GetNumberOfConsoleInputEvents@8 00460034     kernel32:KERNEL32.dll
 0002:00000038       __imp__FreeConsole@0       00460038     kernel32:KERNEL32.dll
 0002:0000003c       __imp__SetConsoleTextAttribute@8 0046003c     kernel32:KERNEL32.dll
 0002:00000040       __imp__SetPriorityClass@8  00460040     kernel32:KERNEL32.dll
 0002:00000044       __imp__GetCurrentProcess@0 00460044     kernel32:KERNEL32.dll
 0002:00000048       __imp__GetVersionExA@4     00460048     kernel32:KERNEL32.dll
 0002:0000004c       __imp__Sleep@4             0046004c     kernel32:KERNEL32.dll
 0002:00000050       __imp__LoadLibraryA@4      00460050     kernel32:KERNEL32.dll
 0002:00000054       __imp__GetStartupInfoA@4   00460054     kernel32:KERNEL32.dll
 0002:00000058       __imp__GetModuleHandleA@4  00460058     kernel32:KERNEL32.dll
 0002:0000005c       __imp__GetProcAddress@8    0046005c     kernel32:KERNEL32.dll
 0002:00000060       __imp__FreeLibrary@4       00460060     kernel32:KERNEL32.dll
 0002:00000064       __imp__IsBadReadPtr@8      00460064     kernel32:KERNEL32.dll
 0002:00000068       __imp__VirtualQuery@12     00460068     kernel32:KERNEL32.dll
 0002:0000006c       __imp__WriteFile@20        0046006c     kernel32:KERNEL32.dll
 0002:00000070       __imp__GetModuleFileNameA@12 00460070     kernel32:KERNEL32.dll
 0002:00000074       \177KERNEL32_NULL_THUNK_DATA 00460074     kernel32:KERNEL32.dll
 0002:00000078       __imp____p__commode        00460078     MSVCRT:MSVCRT.dll
 0002:0000007c       __imp___adjust_fdiv        0046007c     MSVCRT:MSVCRT.dll
 0002:00000080       __imp____setusermatherr    00460080     MSVCRT:MSVCRT.dll
 0002:00000084       __imp____p__fmode          00460084     MSVCRT:MSVCRT.dll
 0002:00000088       __imp____getmainargs       00460088     MSVCRT:MSVCRT.dll
 0002:0000008c       __imp___acmdln             0046008c     MSVCRT:MSVCRT.dll
 0002:00000090       __imp___XcptFilter         00460090     MSVCRT:MSVCRT.dll
 0002:00000094       __imp___exit               00460094     MSVCRT:MSVCRT.dll
 0002:00000098       __imp_??1type_info@@UAE@XZ 00460098     MSVCRT:MSVCRT.dll
 0002:0000009c       __imp___ftol               0046009c     MSVCRT:MSVCRT.dll
 0002:000000a0       __imp__fflush              004600a0     MSVCRT:MSVCRT.dll
 0002:000000a4       __imp___winmajor           004600a4     MSVCRT:MSVCRT.dll
 0002:000000a8       __imp__asin                004600a8     MSVCRT:MSVCRT.dll
 0002:000000ac       __imp__pow                 004600ac     MSVCRT:MSVCRT.dll
 0002:000000b0       __imp__exit                004600b0     MSVCRT:MSVCRT.dll
 0002:000000b4       __imp___findclose          004600b4     MSVCRT:MSVCRT.dll
 0002:000000b8       __imp___findnext           004600b8     MSVCRT:MSVCRT.dll
 0002:000000bc       __imp___findfirst          004600bc     MSVCRT:MSVCRT.dll
 0002:000000c0       __imp___mkdir              004600c0     MSVCRT:MSVCRT.dll
 0002:000000c4       __imp__memset              004600c4     MSVCRT:MSVCRT.dll
 0002:000000c8       __imp__memcpy              004600c8     MSVCRT:MSVCRT.dll
 0002:000000cc       __imp__remove              004600cc     MSVCRT:MSVCRT.dll
 0002:000000d0       __imp__srand               004600d0     MSVCRT:MSVCRT.dll
 0002:000000d4       __imp__memmove             004600d4     MSVCRT:MSVCRT.dll
 0002:000000d8       __imp__strstr              004600d8     MSVCRT:MSVCRT.dll
 0002:000000dc       __imp__atan                004600dc     MSVCRT:MSVCRT.dll
 0002:000000e0       __imp__strncpy             004600e0     MSVCRT:MSVCRT.dll
 0002:000000e4       __imp__sscanf              004600e4     MSVCRT:MSVCRT.dll
 0002:000000e8       __imp____set_app_type      004600e8     MSVCRT:MSVCRT.dll
 0002:000000ec       __imp___controlfp          004600ec     MSVCRT:MSVCRT.dll
 0002:000000f0       __imp___stricmp            004600f0     MSVCRT:MSVCRT.dll
 0002:000000f0       __imp__stricmp             004600f0     MSVCRT:MSVCRT.dll
 0002:000000f4       __imp__strnicmp            004600f4     MSVCRT:MSVCRT.dll
 0002:000000f4       __imp___strnicmp           004600f4     MSVCRT:MSVCRT.dll
 0002:000000f8       __imp___initterm           004600f8     MSVCRT:MSVCRT.dll
 0002:000000fc       __imp__sqrt                004600fc     MSVCRT:MSVCRT.dll
 0002:00000100       __imp__acos                00460100     MSVCRT:MSVCRT.dll
 0002:00000104       __imp__atan2               00460104     MSVCRT:MSVCRT.dll
 0002:00000108       __imp__fmod                00460108     MSVCRT:MSVCRT.dll
 0002:0000010c       __imp__strcat              0046010c     MSVCRT:MSVCRT.dll
 0002:00000110       __imp__atof                00460110     MSVCRT:MSVCRT.dll
 0002:00000114       __imp__cos                 00460114     MSVCRT:MSVCRT.dll
 0002:00000118       __imp__tan                 00460118     MSVCRT:MSVCRT.dll
 0002:0000011c       __imp__rand                0046011c     MSVCRT:MSVCRT.dll
 0002:00000120       __imp__sin                 00460120     MSVCRT:MSVCRT.dll
 0002:00000124       __imp__atoi                00460124     MSVCRT:MSVCRT.dll
 0002:00000128       __imp__fwrite              00460128     MSVCRT:MSVCRT.dll
 0002:0000012c       __imp__rename              0046012c     MSVCRT:MSVCRT.dll
 0002:00000130       __imp__fseek               00460130     MSVCRT:MSVCRT.dll
 0002:00000134       __imp___putenv             00460134     MSVCRT:MSVCRT.dll
 0002:00000134       __imp__putenv              00460134     MSVCRT:MSVCRT.dll
 0002:00000138       __imp__ftell               00460138     MSVCRT:MSVCRT.dll
 0002:0000013c       __imp__strcmp              0046013c     MSVCRT:MSVCRT.dll
 0002:00000140       __imp__time                00460140     MSVCRT:MSVCRT.dll
 0002:00000144       __imp__localtime           00460144     MSVCRT:MSVCRT.dll
 0002:00000148       __imp__strftime            00460148     MSVCRT:MSVCRT.dll
 0002:0000014c       __imp__fprintf             0046014c     MSVCRT:MSVCRT.dll
 0002:00000150       __imp__strrchr             00460150     MSVCRT:MSVCRT.dll
 0002:00000154       __imp__strlen              00460154     MSVCRT:MSVCRT.dll
 0002:00000158       __imp___except_handler3    00460158     MSVCRT:MSVCRT.dll
 0002:0000015c       __imp__fclose              0046015c     MSVCRT:MSVCRT.dll
 0002:00000160       __imp__fread               00460160     MSVCRT:MSVCRT.dll
 0002:00000164       __imp__fopen               00460164     MSVCRT:MSVCRT.dll
 0002:00000168       __imp__malloc              00460168     MSVCRT:MSVCRT.dll
 0002:0000016c       __imp__free                0046016c     MSVCRT:MSVCRT.dll
 0002:00000170       __imp__qsort               00460170     MSVCRT:MSVCRT.dll
 0002:00000174       __imp___vsnprintf          00460174     MSVCRT:MSVCRT.dll
 0002:00000178       __imp___CxxThrowException@8 00460178     MSVCRT:MSVCRT.dll
 0002:0000017c       __imp__strcpy              0046017c     MSVCRT:MSVCRT.dll
 0002:00000180       __imp__strchr              00460180     MSVCRT:MSVCRT.dll
 0002:00000184       \177MSVCRT_NULL_THUNK_DATA 00460184     MSVCRT:MSVCRT.dll
 0002:00000188       __imp__DefWindowProcA@16   00460188     user32:USER32.dll
 0002:0000018c       __imp__ShowCursor@4        0046018c     user32:USER32.dll
 0002:00000190       __imp__ReleaseCapture@0    00460190     user32:USER32.dll
 0002:00000194       __imp__ClipCursor@4        00460194     user32:USER32.dll
 0002:00000198       __imp__SetCursorPos@8      00460198     user32:USER32.dll
 0002:0000019c       __imp__GetCursorPos@4      0046019c     user32:USER32.dll
 0002:000001a0       __imp__SetCursor@4         004601a0     user32:USER32.dll
 0002:000001a4       __imp__SetCapture@4        004601a4     user32:USER32.dll
 0002:000001a8       __imp__GetWindowRect@8     004601a8     user32:USER32.dll
 0002:000001ac       __imp__GetSystemMetrics@4  004601ac     user32:USER32.dll
 0002:000001b0       __imp__DispatchMessageA@4  004601b0     user32:USER32.dll
 0002:000001b4       __imp__TranslateMessage@4  004601b4     user32:USER32.dll
 0002:000001b8       __imp__PeekMessageA@20     004601b8     user32:USER32.dll
 0002:000001bc       __imp__MessageBoxA@16      004601bc     user32:USER32.dll
 0002:000001c0       __imp__CreateWindowExA@48  004601c0     user32:USER32.dll
 0002:000001c4       __imp__RegisterClassA@4    004601c4     user32:USER32.dll
 0002:000001c8       __imp__LoadCursorA@8       004601c8     user32:USER32.dll
 0002:000001cc       __imp__LoadIconA@8         004601cc     user32:USER32.dll
 0002:000001d0       __imp__SetFocus@4          004601d0     user32:USER32.dll
 0002:000001d4       __imp__SetForegroundWindow@4 004601d4     user32:USER32.dll
 0002:000001d8       __imp__UpdateWindow@4      004601d8     user32:USER32.dll
 0002:000001dc       __imp__SetWindowPos@28     004601dc     user32:USER32.dll
 0002:000001e0       __imp__GetDesktopWindow@0  004601e0     user32:USER32.dll
 0002:000001e4       __imp__ReleaseDC@8         004601e4     user32:USER32.dll
 0002:000001e8       __imp__MoveWindow@24       004601e8     user32:USER32.dll
 0002:000001ec       __imp__DestroyWindow@4     004601ec     user32:USER32.dll
 0002:000001f0       __imp__UnregisterClassA@8  004601f0     user32:USER32.dll
 0002:000001f4       __imp__UnregisterHotKey@8  004601f4     user32:USER32.dll
 0002:000001f8       __imp__RegisterHotKey@16   004601f8     user32:USER32.dll
 0002:000001fc       __imp__SystemParametersInfoA@16 004601fc     user32:USER32.dll
 0002:00000200       __imp__GetDC@4             00460200     user32:USER32.dll
 0002:00000204       __imp__ChangeDisplaySettingsA@8 00460204     user32:USER32.dll
 0002:00000208       __imp__GetWindowLongA@8    00460208     user32:USER32.dll
 0002:0000020c       __imp__RegisterWindowMessageA@4 0046020c     user32:USER32.dll
 0002:00000210       __imp__AdjustWindowRect@12 00460210     user32:USER32.dll
[...]
 0001:0005ccff       _start_input_pass          0045dcff f   lib:jddiffct.obj
 0001:0005cd67       _start_iMCU_row            0045dd67 f   lib:jddiffct.obj
 0001:0005cdac       _start_output_pass         0045ddac f   lib:jddiffct.obj
 0001:0005cdb8       _decompress_data           0045ddb8 f   lib:jddiffct.obj
 0001:0005cf28       _process_restart           0045df28 f   lib:jddiffct.obj
 0001:000358f2       _dummy_consume_data        004368f2 f   vid_dll.obj
 0001:0005cf5d       _consume_data              0045df5d f   lib:jddiffct.obj
 0001:0005cfd4       _output_data               0045dfd4 f   lib:jddiffct.obj
 0001:0005ca5b       _start_pass                0045da5b f   lib:jddctmgr.obj
 0001:0005bead       _start_pass_phuff_decoder  0045cead f   lib:jdphuff.obj
 0001:0005c0f6       _decode_mcu_DC_first       0045d0f6 f   lib:jdphuff.obj
 0001:0005c2ee       _process_restart           0045d2ee f   lib:jdphuff.obj
 0001:0005c35d       _decode_mcu_AC_first       0045d35d f   lib:jdphuff.obj
 0001:0005c57d       _decode_mcu_DC_refine      0045d57d f   lib:jdphuff.obj
 0001:0005c652       _decode_mcu_AC_refine      0045d652 f   lib:jdphuff.obj
 0001:0005b8f4       _start_pass_huff_decoder   0045c8f4 f   lib:jdshuff.obj
 0001:0005ba2c       _decode_mcu                0045ca2c f   lib:jdshuff.obj
 0001:0005bddc       _process_restart           0045cddc f   lib:jdshuff.obj
 0001:0005acdd       _start_input_pass          0045bcdd f   lib:jdcoefct.obj
 0001:0005acf0       _start_iMCU_row            0045bcf0 f   lib:jdcoefct.obj
 0001:0005ad35       _start_output_pass         0045bd35 f   lib:jdcoefct.obj
 0001:0005ad72       _decompress_onepass        0045bd72 f   lib:jdcoefct.obj
 0001:000358f2       _dummy_consume_data        004368f2 f   vid_dll.obj
 0001:0005af4b       _consume_data              0045bf4b f   lib:jdcoefct.obj
 0001:0005b104       _decompress_data           0045c104 f   lib:jdcoefct.obj
 0001:0005b270       _smoothing_ok              0045c270 f   lib:jdcoefct.obj
 0001:0005b35b       _decompress_smooth_data    0045c35b f   lib:jdcoefct.obj
 0001:0005ab76       _scaler_start_pass         0045bb76 f   lib:jcscale.obj
 0001:0005ab99       _simple_downscale          0045bb99 f   lib:jcscale.obj
 0001:0005abc5       _noscale                   0045bbc5 f   lib:jcscale.obj
 0001:0005a66e       _start_pass                0045b66e f   lib:jcpred.obj
 0001:0005a6c6       _reset_predictor           0045b6c6 f   lib:jcpred.obj
 0001:0005a6f3       _jpeg_difference_first_row 0045b6f3 f   lib:jcpred.obj
 0001:0005a7dd       _jpeg_difference1          0045b7dd f   lib:jcpred.obj
 0001:0005a84b       _jpeg_difference2          0045b84b f   lib:jcpred.obj
 0001:0005a8bc       _jpeg_difference3          0045b8bc f   lib:jcpred.obj
 0001:0005a934       _jpeg_difference4          0045b934 f   lib:jcpred.obj
 0001:0005a9bf       _jpeg_difference5          0045b9bf f   lib:jcpred.obj
 0001:0005aa52       _jpeg_difference6          0045ba52 f   lib:jcpred.obj
 0001:0005aae1       _jpeg_difference7          0045bae1 f   lib:jcpred.obj
 0001:00059f60       _start_pass_huff           0045af60 f   lib:jclhuff.obj
 0001:0005a0fd       _encode_mcus_huff          0045b0fd f   lib:jclhuff.obj
 0001:0005a2e8       _emit_bits                 0045b2e8 f   lib:jclhuff.obj
 0001:0005a38b       _dump_buffer               0045b38b f   lib:jclhuff.obj
 0001:0005a3af       _emit_restart              0045b3af f   lib:jclhuff.obj
 0001:0005a3fa       _flush_bits                0045b3fa f   lib:jclhuff.obj
 0001:0005a41e       _finish_pass_huff          0045b41e f   lib:jclhuff.obj
 0001:0005a48b       _encode_mcus_gather        0045b48b f   lib:jclhuff.obj
 0001:0005a5b4       _finish_pass_gather        0045b5b4 f   lib:jclhuff.obj
 0001:00058c85       _need_optimization_pass    00459c85 f   lib:jcshuff.obj
 0001:00059b80       _start_pass_diff           0045ab80 f   lib:jcdiffct.obj
 0001:00057e86       _start_iMCU_row            00458e86 f   lib:jccoefct.obj
 0001:00059c1e       _compress_data             0045ac1e f   lib:jcdiffct.obj
 0001:00059db4       _compress_first_pass       0045adb4 f   lib:jcdiffct.obj
 0001:00059ea9       _compress_output           0045aea9 f   lib:jcdiffct.obj
 0001:00059793       _start_pass_fdctmgr        0045a793 f   lib:jcdctmgr.obj
 0001:00059895       _forward_DCT_float         0045a895 f   lib:jcdctmgr.obj
 0001:00058cc8       _start_pass_phuff          00459cc8 f   lib:jcphuff.obj
 0001:00058e35       _encode_mcu_DC_first       00459e35 f   lib:jcphuff.obj
 0001:00058f67       _emit_bits                 00459f67 f   lib:jcphuff.obj
 0001:00059012       _dump_buffer               0045a012 f   lib:jcphuff.obj
 0001:0005904a       _emit_symbol               0045a04a f   lib:jcphuff.obj
 0001:0005908a       _emit_restart              0045a08a f   lib:jcphuff.obj
 0001:00059113       _emit_eobrun               0045a113 f   lib:jcphuff.obj
 0001:00059199       _encode_mcu_AC_first       0045a199 f   lib:jcphuff.obj
 0001:0005932d       _encode_mcu_DC_refine      0045a32d f   lib:jcphuff.obj
 0001:000593e7       _encode_mcu_AC_refine      0045a3e7 f   lib:jcphuff.obj
 0001:000595fe       _finish_pass_phuff         0045a5fe f   lib:jcphuff.obj
 0001:0005964d       _finish_pass_gather_phuff  0045a64d f   lib:jcphuff.obj
 0001:00059710       _need_optimization_pass    0045a710 f   lib:jcphuff.obj
 0001:00058460       _start_pass_huff           00459460 f   lib:jcshuff.obj
 0001:000585d5       _encode_mcu_huff           004595d5 f   lib:jcshuff.obj
 0001:000586e0       _encode_one_block          004596e0 f   lib:jcshuff.obj
 0001:00058857       _emit_bits                 00459857 f   lib:jcshuff.obj
 0001:000588fa       _dump_buffer               004598fa f   lib:jcshuff.obj
 0001:0005891e       _emit_restart              0045991e f   lib:jcshuff.obj
 0001:0005898b       _flush_bits                0045998b f   lib:jcshuff.obj
 0001:000589af       _finish_pass_huff          004599af f   lib:jcshuff.obj
 0001:00058a1e       _encode_mcu_gather         00459a1e f   lib:jcshuff.obj
 0001:00058ad4       _htest_one_block           00459ad4 f   lib:jcshuff.obj
 0001:00058b9b       _finish_pass_gather        00459b9b f   lib:jcshuff.obj
 0001:00058c85       _need_optimization_pass    00459c85 f   lib:jcshuff.obj
 0001:00057df1       _start_pass_coef           00458df1 f   lib:jccoefct.obj
 0001:00057e86       _start_iMCU_row            00458e86 f   lib:jccoefct.obj
 0001:00057ec8       _compress_data             00458ec8 f   lib:jccoefct.obj
 0001:000580af       _compress_first_pass       004590af f   lib:jccoefct.obj
 0001:00058295       _compress_output           00459295 f   lib:jccoefct.obj
 0001:00057d09       _calc_output_dimensions    00458d09 f   lib:jdlossls.obj
 0001:00057d1a       _start_input_pass          00458d1a f   lib:jdlossls.obj
 0001:00057a48       _calc_output_dimensions    00458a48 f   lib:jdlossy.obj
 0001:00057bbb       _start_input_pass          00458bbb f   lib:jdlossy.obj
 0001:00057bdb       _latch_quant_tables        00458bdb f   lib:jdlossy.obj
 0001:00057c73       _start_output_pass         00458c73 f   lib:jdlossy.obj
 0001:00057997       _start_pass                00458997 f   lib:jclossls.obj
 0001:00057903       _start_pass                00458903 f   lib:jclossy.obj
 0001:00056e58       _initial_setup             00457e58 f   lib:jcmaster.obj
 0001:0005700b       _validate_script           0045800b f   lib:jcmaster.obj
 0001:000573e3       _prepare_for_pass          004583e3 f   lib:jcmaster.obj
 0001:0005755b       _select_scan_parameters    0045855b f   lib:jcmaster.obj
 0001:0005765c       _per_scan_setup            0045865c f   lib:jcmaster.obj
 0001:00057807       _pass_startup              00458807 f   lib:jcmaster.obj
 0001:0005782e       _finish_pass_master        0045882e f   lib:jcmaster.obj
 0001:00056944       _rgb_ycc_start             00457944 f   lib:jccolor.obj
 0001:00056a08       _rgb_ycc_convert           00457a08 f   lib:jccolor.obj
 0001:00056b07       _rgb_gray_convert          00457b07 f   lib:jccolor.obj
 0001:00056b8c       _cmyk_ycck_convert         00457b8c f   lib:jccolor.obj
 0001:00056cc4       _grayscale_convert         00457cc4 f   lib:jccolor.obj
 0001:00056d1e       _null_convert              00457d1e f   lib:jccolor.obj
 0001:00035918       _null_method               00436918 f   vid_dll.obj
 0001:00035918       _start_pass_downsample     00436918 f   vid_dll.obj
 0001:00056090       _sep_downsample            00457090 f   lib:jcsample.obj
 0001:00056105       _int_downsample            00457105 f   lib:jcsample.obj
 0001:000561fd       _expand_right_edge         004571fd f   lib:jcsample.obj
 0001:00056252       _fullsize_downsample       00457252 f   lib:jcsample.obj
 0001:00056296       _h2v1_downsample           00457296 f   lib:jcsample.obj
 0001:0005632a       _h2v2_downsample           0045732a f   lib:jcsample.obj
 0001:000563d7       _h2v2_smooth_downsample    004573d7 f   lib:jcsample.obj
 0001:0005664f       _fullsize_smooth_downsample 0045764f f   lib:jcsample.obj
 0001:00055a8c       _start_pass_prep           00456a8c f   lib:jcprepct.obj
 0001:00055aca       _pre_process_data          00456aca f   lib:jcprepct.obj
 0001:00055c78       _pre_process_context       00456c78 f   lib:jcprepct.obj
 0001:00055e31       _create_context_buffer     00456e31 f   lib:jcprepct.obj
 0001:00055904       _start_pass_main           00456904 f   lib:jcmainct.obj
 0001:00055946       _process_data_simple_main  00456946 f   lib:jcmainct.obj
 0001:00054eda       _create_colormap           00455eda f   lib:jquant1.obj
 0001:0005500c       _select_ncolors            0045600c f   lib:jquant1.obj
 0001:000550e3       _create_colorindex         004560e3 f   lib:jquant1.obj
 0001:0005520f       _alloc_fs_workspace        0045620f f   lib:jquant1.obj
 0001:0005524b       _start_pass_1_quant        0045624b f   lib:jquant1.obj
 0001:00055317       _create_odither_tables     00456317 f   lib:jquant1.obj
 0001:00055376       _make_odither_array        00456376 f   lib:jquant1.obj
 0001:000553d9       _color_quantize            004563d9 f   lib:jquant1.obj
 0001:00055464       _color_quantize3           00456464 f   lib:jquant1.obj
 0001:000554f2       _quantize_ord_dither       004564f2 f   lib:jquant1.obj
 0001:000555dd       _quantize3_ord_dither      004565dd f   lib:jquant1.obj
 0001:000556dd       _quantize_fs_dither        004566dd f   lib:jquant1.obj
 0001:00035918       _finish_pass_1_quant       00436918 f   vid_dll.obj
 0001:00055861       _new_color_map_1_quant     00456861 f   lib:jquant1.obj
 0001:00053e9b       _init_error_limit          00454e9b f   lib:jquant2.obj
 0001:00053f3a       _start_pass_2_quant        00454f3a f   lib:jquant2.obj
 0001:0005403c       _prescan_quantize          0045503c f   lib:jquant2.obj
 0001:000540ab       _pass2_no_dither           004550ab f   lib:jquant2.obj
 0001:00054158       _fill_inverse_cmap         00455158 f   lib:jquant2.obj
 0001:00054223       _find_nearby_colors        00455223 f   lib:jquant2.obj
 0001:000543c7       _find_best_colors          004553c7 f   lib:jquant2.obj
 0001:000544e1       _pass2_fs_dither           004554e1 f   lib:jquant2.obj
 0001:00054750       _finish_pass1              00455750 f   lib:jquant2.obj
 0001:00054772       _select_colors             00455772 f   lib:jquant2.obj
 0001:000547fe       _update_box                004557fe f   lib:jquant2.obj
 0001:00054b98       _median_cut                00455b98 f   lib:jquant2.obj
 0001:00054cac       _find_biggest_color_pop    00455cac f   lib:jquant2.obj
 0001:00054cdb       _find_biggest_volume       00455cdb f   lib:jquant2.obj
 0001:00054d04       _compute_color             00455d04 f   lib:jquant2.obj
 0001:00035918       _finish_pass2              00436918 f   vid_dll.obj
 0001:00054e40       _new_color_map_2_quant     00455e40 f   lib:jquant2.obj
 0001:000538b2       _build_ycc_rgb_table       004548b2 f   lib:jdmerge.obj
 0001:00053962       _start_pass_merged_upsample 00454962 f   lib:jdmerge.obj
 0001:00053977       _merged_2v_upsample        00454977 f   lib:jdmerge.obj
 0001:00053a1e       _merged_1v_upsample        00454a1e f   lib:jdmerge.obj
 0001:00053a4f       _h2v1_merged_upsample      00454a4f f   lib:jdmerge.obj
 0001:00053ba5       _h2v2_merged_upsample      00454ba5 f   lib:jdmerge.obj
 0001:00053456       _build_ycc_rgb_table       00454456 f   lib:jdcolor.obj
 0001:00053506       _ycc_rgb_convert           00454506 f   lib:jdcolor.obj
 0001:00053614       _null_convert              00454614 f   lib:jdcolor.obj
 0001:0005368c       _grayscale_convert         0045468c f   lib:jdcolor.obj
 0001:000536af       _gray_rgb_convert          004546af f   lib:jdcolor.obj
 0001:00053708       _ycck_cmyk_convert         00454708 f   lib:jdcolor.obj
 0001:00035918       _start_pass_dcolor         00436918 f   vid_dll.obj
 0001:00052eb7       _start_pass_upsample       00453eb7 f   lib:jdsample.obj
 0001:00052ed1       _sep_upsample              00453ed1 f   lib:jdsample.obj
 0001:00052f9e       _fullsize_upsample         00453f9e f   lib:jdsample.obj
 0001:00052fa9       _noop_upsample             00453fa9 f   lib:jdsample.obj
 0001:00052fb1       _int_upsample              00453fb1 f   lib:jdsample.obj
 0001:0005309b       _h2v1_upsample             0045409b f   lib:jdsample.obj
 0001:000530f2       _h2v2_upsample             004540f2 f   lib:jdsample.obj
 0001:00053164       _h2v1_fancy_upsample       00454164 f   lib:jdsample.obj
 0001:00053207       _h2v2_fancy_upsample       00454207 f   lib:jdsample.obj
 0001:00052ac0       _start_pass_dpost          00453ac0 f   lib:jdpostct.obj
 0001:00052b66       _post_process_1pass        00453b66 f   lib:jdpostct.obj
 0001:00052bcb       _post_process_prepass      00453bcb f   lib:jdpostct.obj
 0001:00052c5c       _post_process_2pass        00453c5c f   lib:jdpostct.obj
 0001:000524c7       _alloc_funny_pointers      004534c7 f   lib:jdmainct.obj
 0001:00052574       _start_pass_main           00453574 f   lib:jdmainct.obj
 0001:000525dc       _make_funny_pointers       004535dc f   lib:jdmainct.obj
 0001:0005271c       _process_data_simple_main  0045371c f   lib:jdmainct.obj
 0001:00052784       _process_data_context_main 00453784 f   lib:jdmainct.obj
 0001:00052896       _set_wraparound_pointers   00453896 f   lib:jdmainct.obj
 0001:00052980       _set_bottom_pointers       00453980 f   lib:jdmainct.obj
 0001:00052a1a       _process_data_crank_post   00453a1a f   lib:jdmainct.obj
 0001:00051248       _write_marker_header       00452248 f   lib:jcmarker.obj
 0001:0005129e       _emit_byte                 0045229e f   lib:jcmarker.obj
 0001:000512cf       _write_marker_byte         004522cf f   lib:jcmarker.obj
 0001:000512df       _write_file_header         004522df f   lib:jcmarker.obj
 0001:0005132b       _emit_jfif_app0            0045232b f   lib:jcmarker.obj
 0001:000513fe       _emit_adobe_app14          004523fe f   lib:jcmarker.obj
 0001:000514a4       _write_frame_header        004524a4 f   lib:jcmarker.obj
 0001:00051583       _emit_dqt                  00452583 f   lib:jcmarker.obj
 0001:00051672       _emit_sof                  00452672 f   lib:jcmarker.obj
 0001:0005174e       _write_scan_header         0045274e f   lib:jcmarker.obj
 0001:0005180e       _emit_dht                  0045280e f   lib:jcmarker.obj
 0001:000518e7       _emit_dri                  004528e7 f   lib:jcmarker.obj
 0001:00051936       _emit_sos                  00452936 f   lib:jcmarker.obj
 0001:00051a24       _write_file_trailer        00452a24 f   lib:jcmarker.obj
 0001:00051a44       _write_tables_only         00452a44 f   lib:jcmarker.obj
 0001:00050d9d       _use_merged_upsample       00451d9d f   lib:jdmaster.obj
 0001:00050e43       _master_selection          00451e43 f   lib:jdmaster.obj
 0001:00050fa0       _prepare_range_limit_table 00451fa0 f   lib:jdmaster.obj
 0001:00051026       _prepare_for_output_pass   00452026 f   lib:jdmaster.obj
 0001:00051147       _finish_output_pass        00452147 f   lib:jdmaster.obj
 0001:00050214       _alloc_small               00451214 f   lib:jmemmgr.obj
 0001:00050332       _alloc_large               00451332 f   lib:jmemmgr.obj
 0001:000503e3       _alloc_sarray              004513e3 f   lib:jmemmgr.obj
 0001:0005047b       _alloc_barray              0045147b f   lib:jmemmgr.obj
 0001:0005051f       _alloc_darray              0045151f f   lib:jmemmgr.obj
 0001:000505ca       _request_virt_sarray       004515ca f   lib:jmemmgr.obj
 0001:0005062b       _request_virt_barray       0045162b f   lib:jmemmgr.obj
 0001:0005068c       _realize_virt_arrays       0045168c f   lib:jmemmgr.obj
 0001:0005080f       _access_virt_sarray        0045180f f   lib:jmemmgr.obj
 0001:0005092f       _do_sarray_io              0045192f f   lib:jmemmgr.obj
 0001:000509bf       _access_virt_barray        004519bf f   lib:jmemmgr.obj
 0001:00050ae4       _do_barray_io              00451ae4 f   lib:jmemmgr.obj
 0001:00050b75       _free_pool                 00451b75 f   lib:jmemmgr.obj
 0001:00050c5c       _self_destruct             00451c5c f   lib:jmemmgr.obj
 0001:0004fcae       _start_input_pass          00450cae f   lib:jdinput.obj
 0001:0004fcdc       _per_scan_setup            00450cdc f   lib:jdinput.obj
 0001:0004fe62       _finish_input_pass         00450e62 f   lib:jdinput.obj
 0001:0004fe73       _consume_markers           00450e73 f   lib:jdinput.obj
 0001:0004ff0f       _initial_setup             00450f0f f   lib:jdinput.obj
 0001:00050119       _reset_input_controller    00451119 f   lib:jdinput.obj
 0001:0004fa67       _fixedtables               00450a67 f   lib:inflate.obj
 0001:0004fb51       _updatewindow              00450b51 f   lib:inflate.obj
 0001:0004e4c7       _make_crc_table            0044f4c7 f   lib:crc32.obj
 0001:0004e5f3       _crc32_little              0044f5f3 f   lib:crc32.obj
 0001:0004e403       _init_destination          0044f403 f   lib:jdatadst.obj
 0001:0004e429       _empty_output_buffer       0044f429 f   lib:jdatadst.obj
 0001:0004e46b       _term_destination          0044f46b f   lib:jdatadst.obj
 0001:0004df8a       _std_huff_tables           0044ef8a f   lib:jcparam.obj
 0001:0004dfe4       _add_huff_table            0044efe4 f   lib:jcparam.obj
 0001:0004c4d7       _next_marker               0044d4d7 f   lib:jdmarker.obj
 0001:0004c611       _get_interesting_appn      0044d611 f   lib:jdmarker.obj
 0001:0004c73c       _examine_app0              0044d73c f   lib:jdmarker.obj
 0001:0004c94a       _examine_app14             0044d94a f   lib:jdmarker.obj
 0001:0004ca0b       _skip_variable             0044da0b f   lib:jdmarker.obj
 0001:0004caae       _read_markers              0044daae f   lib:jdmarker.obj
 0001:0004ccb6       _get_soi                   0044dcb6 f   lib:jdmarker.obj
 0001:0004cd61       _get_sof                   0044dd61 f   lib:jdmarker.obj
 0001:0004d06a       _get_sos                   0044e06a f   lib:jdmarker.obj
 0001:0004d358       _get_dht                   0044e358 f   lib:jdmarker.obj
 0001:0004d5f9       _get_dqt                   0044e5f9 f   lib:jdmarker.obj
 0001:0004d855       _get_dri                   0044e855 f   lib:jdmarker.obj
 0001:0004d934       _first_marker              0044e934 f   lib:jdmarker.obj
 0001:0004d9d0       _read_restart_marker       0044e9d0 f   lib:jdmarker.obj
 0001:0004da4e       _reset_marker_reader       0044ea4e f   lib:jdmarker.obj
 0001:0004c2bb       _output_pass_setup         0044d2bb f   lib:jdapistd.obj
 0001:0004bfae       _default_decompress_parms  0044cfae f   lib:jdapimin.obj

 93 bytes saved through ICF

