 Quake2

 Timestamp is 436e57db (Sun Nov 06 22:22:03 2005)

 Preferred load address is 00400000

 Start         Length     Name                   Class
 0001:00000000 00060e40H .text                   CODE
 0002:00000000 00000290H .idata$5                DATA
 0002:00000290 0000648cH .rdata                  DATA
 0002:00006720 00000044H .rdata$r                DATA
 0002:00006768 00000038H .xdata$x                DATA
 0002:000067a0 00000078H .idata$2                DATA
 0002:00006818 00000014H .idata$3                DATA
 0002:0000682c 00000290H .idata$4                DATA
 0002:00006abc 00000860H .idata$6                DATA
 0002:0000731c 00000000H .edata                  DATA
 0003:00000000 00000004H .CRT$XCA                DATA
 0003:00000004 00000084H .CRT$XCU                DATA
 0003:00000088 00000004H .CRT$XCZ                DATA
 0003:0000008c 00000004H .CRT$XIA                DATA
 0003:00000090 00000004H .CRT$XIZ                DATA
 0003:000000a0 0000d46cH .data                   DATA
 0003:0000d510 004585d4H .bss                    DATA
 0004:00000000 00000130H .rsrc$01                DATA
 0004:00000130 00003f20H .rsrc$02                DATA

  Address         Publics by Value              Rva+Base     Lib:Object

 0001:00000000       ??3@YAXPAX@Z               00401000 f i CoreMain.obj
 0001:0000000b       ?appTimestamp@@YAPBDXZ     0040100b f   CoreMain.obj
 0001:00000040       ?appInit@@YAXXZ            00401040 f   CoreMain.obj
 0001:000000bf       ?appExit@@YAXXZ            004010bf f   CoreMain.obj
 0001:00000115       ?appMillisecondsf@@YANXZ   00401115 f   CoreWin32.obj
 0001:0000014e       ?appMilliseconds@@YAIXZ    0040114e f   CoreWin32.obj
 0001:00000183       ?appPackage@@YAPBDXZ       00401183 f   CoreWin32.obj
 0001:000001db       ?appGetSystemErrorMessage@@YAPBDI@Z 004011db f   CoreWin32.obj
 0001:0000023f       ?appDisplayError@@YAXXZ    0040123f f   CoreWin32.obj
 0001:00000278       ?appInitPlatform@@YAXXZ    00401278 f   CoreWin32.obj
 0001:000006d5       ?appShutdownPlatform@@YAXXZ 004016d5 f   CoreWin32.obj
 0001:000006de       ?appLoadDebugSymbols@@YAXXZ 004016de f   DbgSymbols.obj
 0001:0000089c       ?appSymbolName@@YA_NIPADH@Z 0040189c f   DbgSymbols.obj
 0001:00000992       ?appSymbolName@@YAPBDI@Z   00401992 f   DbgSymbols.obj
 0001:000009c8       ?osGetAddressPackage@@YA_NIPADHAAH@Z 004019c8 f   DbgSymbolsWin32.obj
 0001:00000a5c       ?osGetAddressSymbol@@YA_NIPADHAAH@Z 00401a5c f   DbgSymbolsWin32.obj
 0001:00000c05       ?sprintf@?$TString@$0BAA@@@QAAHPBDZZ 00401c05 f i DbgSymbolsWin32.obj
 0001:00000c21       ?appMalloc@@YAPAXIH@Z      00401c21 f   Memory.obj
 0001:00000ccf       ?appFree@@YAXPAX@Z         00401ccf f   Memory.obj
 0001:00000cfd       ?Unlink@FMemHeader@@QAEXXZ 00401cfd f i Memory.obj
 0001:00000d28       ?Link@CMemoryChain@@AAEXXZ 00401d28 f   Memory.obj
 0001:00000d47       ?Unlink@CMemoryChain@@AAEXXZ 00401d47 f   Memory.obj
 0001:00000d72       ??2CMemoryChain@@SAPAXIH@Z 00401d72 f   Memory.obj
 0001:00000de4       ??3CMemoryChain@@SAXPAX@Z  00401de4 f   Memory.obj
 0001:00000e17       ?Alloc@CMemoryChain@@QAEPAXIH@Z 00401e17 f   Memory.obj
 0001:00000e81       ?BuildAllocatorsTable@@YAHPAXH@Z 00401e81 f   Memory.obj
 0001:00000ff0       ?appInitMemory@@YAXXZ      00401ff0 f   Memory.obj
 0001:000013d8       ?Close@COutputDevice@@UAEXXZ 004023d8 f i OutputDevice.obj
 0001:000013d8       ?Flush@COutputDevice@@UAEXXZ 004023d8 f i OutputDevice.obj
 0001:000013d9       ?Write@COutputDeviceNull@@UAEXPBD@Z 004023d9 f i OutputDevice.obj
 0001:00001416       ?Write@COutputDeviceLog@@UAEXPBD@Z 00402416 f i OutputDevice.obj
 0001:0000145e       ?Printf@COutputDevice@@QAAXPBDZZ 0040245e f   OutputDevice.obj
 0001:000014cf       ?Register@COutputDevice@@QAEXXZ 004024cf f   OutputDevice.obj
 0001:0000152b       ?Unregister@COutputDevice@@QAEXXZ 0040252b f   OutputDevice.obj
 0001:0000157e       ?appPrintf@@YAXPBDZZ       0040257e f   OutputDevice.obj
 0001:000016b5       ?appWPrintf@@YAXPBDZZ      004026b5 f   OutputDevice.obj
 0001:00001712       ??0COutputDeviceFile@@QAE@XZ 00402712 f i ErrorMgr.obj
 0001:00001727       ?Write@COutputDeviceFile@@UAEXPBD@Z 00402727 f i ErrorMgr.obj
 0001:0000177b       ?Flush@COutputDeviceFile@@UAEXXZ 0040277b f i ErrorMgr.obj
 0001:0000178b       ?Close@COutputDeviceFile@@UAEXXZ 0040278b f i ErrorMgr.obj
 0001:000017a3       ??_ECOutputDeviceFile@@UAEPAXI@Z 004027a3 f i ErrorMgr.obj
 0001:000017a3       ??_GCOutputDeviceFile@@UAEPAXI@Z 004027a3 f i ErrorMgr.obj
 0001:000017bf       ??1COutputDeviceFile@@UAE@XZ 004027bf f i ErrorMgr.obj
 0001:000017fe       ?appGetErrorLog@@YAPAVCOutputDevice@@XZ 004027fe f   ErrorMgr.obj
 0001:0000189d       ?Open@COutputDeviceFile@@QAEXPBD_N@Z 0040289d f i ErrorMgr.obj
 0001:000018e3       ?appFatalError@@YAXPBDZZ   004028e3 f   ErrorMgr.obj
 0001:00001983       ?appNonFatalError@@YAXPBDZZ 00402983 f   ErrorMgr.obj
 0001:000019e5       ?appUnwindPrefix@@YAXPBD@Z 004029e5 f   ErrorMgr.obj
 0001:00001a95       ?appUnwindThrow@@YAXPBDZZ  00402a95 f   ErrorMgr.obj
 0001:00001b1a       ?Reset@CErrorHandler@@QAEXXZ 00402b1a f   ErrorMgr.obj
 0001:00001b4b       ?appInitError@@YAXXZ       00402b4b f   ErrorMgr.obj
 0001:00001c2f       ?sprintf@?$TString@$0CAA@@@QAAHPBDZZ 00402c2f f i ErrorMgr.obj
 0001:00001c4b       ?win32ExceptFilter@@YGJPAU_EXCEPTION_POINTERS@@@Z 00402c4b f   ExceptHandlerWin32.obj
 0001:000021a1       ?win32ExceptFilter2@@YAIXZ 004031a1 f   ExceptHandlerWin32.obj
 0001:000021aa       ?GetLine@CSimpleParser@@QAEPBDXZ 004031aa f   ScriptParser.obj
 0001:000022bf       ?SkipBraces@CSimpleParser@@QAEPBDXZ 004032bf f   ScriptParser.obj
 0001:000022f5       ?appStricmp@@YAHPBD0@Z     004032f5 f   Strings.obj
 0001:0000232a       ?toLower@@YADD@Z           0040332a f i Strings.obj
 0001:00002341       ?appStrncpylwr@@YAXPADPBDH@Z 00403341 f   Strings.obj
 0001:00002379       ?appStrncpyz@@YAXPADPBDH@Z 00403379 f   Strings.obj
 0001:000023a6       ?appStrcatn@@YAXPADHPBD@Z  004033a6 f   Strings.obj
 0001:000023d1       ?appCopyFilename@@YAXPADPBDH@Z 004033d1 f   Strings.obj
 0001:00002471       ?appCStrlen@@YAHPBD@Z      00403471 f   Strings.obj
 0001:00002496       ?appUncolorizeString@@YAXPADPBD@Z 00403496 f   Strings.obj
 0001:000024c6       ?va@@YAPBDPBDZZ            004034c6 f   Strings.obj
 0001:00002562       ?appSprintf@@YAHPADHPBDZZ  00403562 f   Strings.obj
 0001:000025ad       ?appMatchWildcard@@YA_NPBD0_N@Z 004035ad f   Strings.obj
 0001:0000273c       ?appIsWildcard@@YA_NPBD@Z  0040373c f   Strings.obj
 0001:00002766       ?CopyString@@YAPADPBD@Z    00403766 f   Strings.obj
 0001:000027a6       ?CopyString@@YAPADPBDPAVCMemoryChain@@@Z 004037a6 f   Strings.obj
 0001:000027da       ??2CStringItem@@SAPAXIPBD@Z 004037da f   Strings.obj
 0001:00002827       ??2CStringItem@@SAPAXIPBDPAVCMemoryChain@@@Z 00403827 f   Strings.obj
 0001:00002851       ??0CStringItem@@QAE@XZ     00403851 f   Strings.obj
 0001:0000285c       ?Find@CStringList@@IAEPAVCStringItem@@PBDPAPAV2@@Z 0040385c f   Strings.obj
 0001:00002898       ?Find@CStringList@@IAEPAVCStringItem@@H@Z 00403898 f   Strings.obj
 0001:000028b1       ?IndexOf@CStringList@@QAEHPBD@Z 004038b1 f   Strings.obj
 0001:000028de       ?Remove@CStringList@@QAE_NPAVCStringItem@@@Z 004038de f   Strings.obj
 0001:0000290a       ?Add@CTextContainer@@QAEPAUCTextRec@@PBD@Z 0040390a f   TextContainer.obj
 0001:000029b6       ?Enumerate@CTextContainer@@QAEXP6AXPBUCTextRec@@@Z@Z 004039b6 f   TextContainer.obj
 0001:00002a22       ?SubtractPath@@YAPBDPBD0@Z 00403a22 f   FileSystem.obj
 0001:00002ab6       ?appMakeDirectoryForFile@@YAXPBD@Z 00403ab6 f   FileSystem.obj
 0001:00002aec       ?appOpenFile@@YAPAVCFile@@PBD@Z 00403aec f   FileSystem.obj
 0001:00002b28       ?Read@CFileOS@@UAEHPAXH@Z  00403b28 f i FileSystem.obj
 0001:00002b4d       ?GetSize@CFileOS@@UAEHXZ   00403b4d f i FileSystem.obj
 0001:00002b92       ?Eof@CFileOS@@UAE_NXZ      00403b92 f i FileSystem.obj
 0001:00002ba6       ??_ECFileOS@@UAEPAXI@Z     00403ba6 f i FileSystem.obj
 0001:00002ba6       ??_GCFileOS@@UAEPAXI@Z     00403ba6 f i FileSystem.obj
 0001:00002bd8       ??_ECFile@@UAEPAXI@Z       00403bd8 f i FileSystem.obj
 0001:00002bd8       ??_GCFile@@UAEPAXI@Z       00403bd8 f i FileSystem.obj
 0001:00002bf5       ?ReadByte@CFile@@QAEEXZ    00403bf5 f   FileSystem.obj
 0001:00002c0d       ?ReadInt@CFile@@QAEHXZ     00403c0d f   FileSystem.obj
 0001:00002c25       ?ReadString@CFile@@QAEXPADH@Z 00403c25 f   FileSystem.obj
 0001:00002c65       ?GetType@CFileContainer@@MAEPBDXZ 00403c65 f   FileSystem.obj
 0001:00002c6b       ?Mount@CFileSystem@@QAEXAAVCFileContainer@@PBD@Z 00403c6b f   FileSystem.obj
 0001:00002cc1       ?Umount@CFileSystem@@QAEXAAVCFileContainer@@@Z 00403cc1 f   FileSystem.obj
 0001:00002cf8       ?MountDirectory@CFileSystem@@QAEPAVCFileContainer@@PBD0@Z 00403cf8 f   FileSystem.obj
 0001:00002d3b       ?GetType@CFileContainerOS@@MAEPBDXZ 00403d3b f i FileSystem.obj
 0001:00002d41       ?FileExists@CFileContainerOS@@UAE_NPBD@Z 00403d41 f i FileSystem.obj
 0001:00002d68       ?OpenFile@CFileContainerOS@@UAEPAVCFile@@PBD@Z 00403d68 f i FileSystem.obj
 0001:00002d85       ?List@CFileContainerOS@@UAEXAAVCFileList@@PBDI@Z 00403d85 f i FileSystem.obj
 0001:00002dad       ??_ECFileContainerOS@@UAEPAXI@Z 00403dad f i FileSystem.obj
 0001:00002dad       ??_GCFileContainerOS@@UAEPAXI@Z 00403dad f i FileSystem.obj
 0001:00002dad       ??_GCFileContainer@@UAEPAXI@Z 00403dad f i FileSystem.obj
 0001:00002dad       ??_ECFileContainer@@UAEPAXI@Z 00403dad f i FileSystem.obj
 0001:00002dca       ?MountArchive@CFileSystem@@QAEPAVCFileContainer@@PBD0@Z 00403dca f   FileSystem.obj
 0001:00002ee1       ?Mount@CFileSystem@@QAEXPBD0@Z 00403ee1 f   FileSystem.obj
 0001:00003113       ?Umount@CFileSystem@@QAEXPBD@Z 00404113 f   FileSystem.obj
 0001:000031af       ?List@CFileSystem@@UAEPAVCFileList@@PBDIPAV2@@Z 004041af f   FileSystem.obj
 0001:00003367       ?RegisterFormat@CFileSystem@@SAXP6APAVCFileContainer@@PBDPAU_iobuf@@@Z@Z 00404367 f   FileSystem.obj
 0001:000033a7       ?FileExists@CFileSystem@@UAE_NPBDI@Z 004043a7 f   FileSystem.obj
 0001:00003426       ?OpenFile@CFileSystem@@UAEPAVCFile@@PBDI@Z 00404426 f   FileSystem.obj
 0001:000034cb       ?LoadFile@CFileSystem@@QAEPAXPBDPAI@Z 004044cb f   FileSystem.obj
 0001:0000359b       ?cMount@@YAX_NHPAPAD@Z     0040459b f   FileSystem.obj
 0001:000036d4       ?cUmount@@YAX_NHPAPAD@Z    004046d4 f   FileSystem.obj
 0001:00003701       ?appInitFileSystem@@YAXAAVCFileSystem@@@Z 00404701 f   FileSystem.obj
 0001:00003af4       ?appListDirectoryOS@@YAXPBDAAVCFileList@@I@Z 00404af4 f   FileSystemWin32.obj
 0001:00003d3b       ?appMakeDirectory@@YAXPBD@Z 00404d3b f   FileSystemWin32.obj
 0001:00003da8       ?appFileType@@YAIPBD@Z     00404da8 f   FileSystemWin32.obj
 0001:00003de8       ?FindDir@CFileContainerArc@@IAEPAVCArcDir@1@PBD_N@Z 00404de8 f   FileContainerArc.obj
 0001:00003ed1       ?FindFile@CFileContainerArc@@IAEPAVCStringItem@@PBD@Z 00404ed1 f   FileContainerArc.obj
 0001:00003f3c       ?FileExists@CFileContainerArc@@UAE_NPBD@Z 00404f3c f   FileContainerArc.obj
 0001:00003f4e       ?OpenFile@CFileContainerArc@@UAEPAVCFile@@PBD@Z 00404f4e f   FileContainerArc.obj
 0001:00003f6a       ?List@CFileContainerArc@@UAEXAAVCFileList@@PBDI@Z 00404f6a f   FileContainerArc.obj
 0001:000040d7       ?SCR_StopCinematic@@YAXXZ  004050d7 f   cl_cin.obj
 0001:0000416b       ?SCR_DrawCinematic@@YA_NXZ 0040516b f   cl_cin.obj
 0001:00004588       ?SCR_PlayCinematic@@YAXPBD@Z 00405588 f   cl_cin.obj
 0001:000048df       ?sprintf@?$TString@$0EA@@@QAAHPBDZZ 004058df f i cl_cin.obj
 0001:000048f8       ?CL_Download_f@@YAX_NHPAPAD@Z 004058f8 f   cl_download.obj
 0001:00004ca3       ?CL_ParseDownload@@YAXXZ   00405ca3 f   cl_download.obj
 0001:000054b6       ?CL_Precache_f@@YAXHPAPAD@Z 004064b6 f   cl_download.obj
 0001:00005514       ?sprintf@?$TString@$0IA@@@QAAHPBDZZ 00406514 f i cl_download.obj
 0001:00005530       ?CL_ParseDelta@@YAXPAUclEntityState_t@@0HI_N@Z 00406530 f   cl_ents.obj
 0001:000056b0       ?CL_ParseFrame@@YAXXZ      004066b0 f   cl_ents.obj
 0001:00005d5f       ?CL_AddEntityBox@@YAXPAUclEntityState_t@@I@Z 00406d5f f   cl_ents.obj
 0001:00005e63       ?Lerp@@YAXABUCVec3@@0MAAU1@@Z 00406e63 f i cl_ents.obj
 0001:00005e9a       ?CL_OffsetThirdPersonView@@YAXXZ 00406e9a f   cl_ents.obj
 0001:00005f82       ?CL_AddEntities@@YAXXZ     00406f82 f   cl_ents.obj
 0001:00006ec0       ?CL_ClearLightStyles@@YAXXZ 00407ec0 f   cl_fx.obj
 0001:00006f42       ?CL_SetLightstyle@@YAXHPBD@Z 00407f42 f   cl_fx.obj
 0001:00006fa3       ?CL_AllocDlight@@YAPAUcdlight_t@@HABUCVec3@@@Z 00407fa3 f   cl_fx.obj
 0001:0000700c       ?CL_AllocParticleTrace@@YAPAUparticleTrace_t@@ABUCVec3@@0MM@Z 0040800c f   cl_fx.obj
 0001:0000709b       ?CL_AllocParticleBeam@@YAPAUbeam_t@@ABUCVec3@@0MM@Z 0040809b f   cl_fx.obj
 0001:0000710f       ?CL_AllocParticle@@YAPAUparticle_t@@XZ 0040810f f   cl_fx.obj
 0001:00007162       ?CL_MetalSparks@@YAXABUCVec3@@0H@Z 00408162 f   cl_fx.obj
 0001:00007260       ?CL_AddEffects@@YAXXZ      00408260 f   cl_fx.obj
 0001:00007965       ?CL_ClearEffects@@YAXXZ    00408965 f   cl_fx.obj
 0001:000079e7       ?CL_EntityEvent@@YAXPAUclEntityState_t@@@Z 004089e7 f   cl_fx.obj
 0001:00007b9b       ?CL_ParseMuzzleFlash@@YAXXZ 00408b9b f   cl_fx.obj
 0001:00007f0b       ?CL_ParseMuzzleFlash2@@YAXXZ 00408f0b f   cl_fx.obj
 0001:00008381       ?CL_ParticleEffect@@YAXABUCVec3@@0HH@Z 00409381 f   cl_fx.obj
 0001:0000856a       ?CL_ParticleEffect2@@YAXABUCVec3@@0HH@Z 0040956a f   cl_fx.obj
 0001:00008592       ?CL_ParticleEffect3@@YAXABUCVec3@@0HH@Z 00409592 f   cl_fx.obj
 0001:000085ba       ?CL_TeleporterParticles@@YAXPAUclEntityState_t@@@Z 004095ba f   cl_fx.obj
 0001:000085d9       ?CL_LogoutEffect@@YAXABUCVec3@@H@Z 004095d9 f   cl_fx.obj
 0001:0000860f       ?CL_ItemRespawnParticles@@YAXABUCVec3@@@Z 0040960f f   cl_fx.obj
 0001:0000862a       ?CL_ExplosionParticles@@YAXABUCVec3@@@Z 0040962a f   cl_fx.obj
 0001:00008648       ?CL_BFGExplosionParticles@@YAXABUCVec3@@@Z 00409648 f   cl_fx.obj
 0001:00008666       ?CL_TrackerExplosionParticles@@YAXABUCVec3@@@Z 00409666 f   cl_fx.obj
 0001:00008684       ?CL_BlasterParticles@@YAXABUCVec3@@0I@Z 00409684 f   cl_fx.obj
 0001:000086aa       ?CL_BlasterTrail@@YAXAAUcentity_t@@@Z 004096aa f   cl_fx.obj
 0001:000087ad       ?CL_BlasterTrail2@@YAXAAUcentity_t@@@Z 004097ad f   cl_fx.obj
 0001:000087c0       ?CL_FlagTrail@@YAXAAUcentity_t@@H@Z 004097c0 f   cl_fx.obj
 0001:000087dc       ?CL_RocketTrail@@YAXAAUcentity_t@@@Z 004097dc f   cl_fx.obj
 0001:0000881b       ?CL_BubbleTrail@@YAXABUCVec3@@0@Z 0040981b f   cl_fx.obj
 0001:000088b5       ?CL_BubbleTrail2@@YAXABUCVec3@@0@Z 004098b5 f   cl_fx.obj
 0001:000088cd       ?CL_TagTrail@@YAXAAUcentity_t@@@Z 004098cd f   cl_fx.obj
 0001:000088e0       ?CL_DebugTrail@@YAXABUCVec3@@0@Z 004098e0 f   cl_fx.obj
 0001:000088f8       ?CL_ForceWall@@YAXABUCVec3@@0H@Z 004098f8 f   cl_fx.obj
 0001:00008919       ?CL_BigTeleportParticles@@YAXABUCVec3@@@Z 00409919 f   cl_fx.obj
 0001:00008a54       ?CL_BfgParticles@@YAXABUCVec3@@@Z 00409a54 f   cl_fx.obj
 0001:00008bce       ?CL_FlyEffect@@YAXAAUcentity_t@@@Z 00409bce f   cl_fx.obj
 0001:00008d5a       ?CL_DiminishingTrail@@YAXAAUcentity_t@@H@Z 00409d5a f   cl_fx.obj
 0001:00008eb4       ?CL_RailTrail@@YAXABUCVec3@@0@Z 00409eb4 f   cl_fx.obj
 0001:0000902a       ?CL_RailTrailExt@@YAXABUCVec3@@0EE@Z 0040a02a f   cl_fx.obj
 0001:0000916f       ?CL_IonripperTrail@@YAXAAUcentity_t@@@Z 0040a16f f   cl_fx.obj
 0001:000092c9       ?CL_TrapParticles@@YAXABUCVec3@@@Z 0040a2c9 f   cl_fx.obj
 0001:0000945d       ?CL_TeleportParticles@@YAXABUCVec3@@@Z 0040a45d f   cl_fx.obj
 0001:00009593       ?CL_Heatbeam@@YAXABUCVec3@@0@Z 0040a593 f   cl_fx.obj
 0001:00009839       ?CL_ParticleSteamEffect@@YAXABUCVec3@@0HHH@Z 0040a839 f   cl_fx.obj
 0001:00009972       ?CL_ParticleSmokeEffect@@YAXABUCVec3@@0@Z 0040a972 f   cl_fx.obj
 0001:00009a8e       ?CL_TrackerTrail@@YAXAAUcentity_t@@@Z 0040aa8e f   cl_fx.obj
 0001:00009c0c       ?CL_TrackerShell@@YAXABUCVec3@@@Z 0040ac0c f   cl_fx.obj
 0001:00009c98       ?CL_MonsterPlasmaShell@@YAXABUCVec3@@@Z 0040ac98 f   cl_fx.obj
 0001:00009d21       ?CL_WidowSplash@@YAXABUCVec3@@@Z 0040ad21 f   cl_fx.obj
 0001:00009e02       ?CL_InitInput@@YAXXZ       0040ae02 f   cl_input.obj
 0001:0000a35f       ?CL_SendCmd@@YAXXZ         0040b35f f   cl_input.obj
 0001:0000a942       ?CL_WriteDemoMessage@@YAXXZ 0040b942 f   cl_main.obj
 0001:0000a984       ?Cmd_ForwardToServer@@YAXHPAPAD@Z 0040b984 f   cl_main.obj
 0001:0000aa47       ?CL_ForwardToServer_f@@YAXHPAPAD@Z 0040ba47 f   cl_main.obj
 0001:0000aa8f       ?CL_Pause@@YAX_N@Z         0040ba8f f   cl_main.obj
 0001:0000aad1       ?CL_Drop@@YAX_N@Z          0040bad1 f   cl_main.obj
 0001:0000aaf8       ?CL_SendConnectPacket@@YAXXZ 0040baf8 f   cl_main.obj
 0001:0000ab5e       ?CL_Connect_f@@YAX_NHPAPAD@Z 0040bb5e f   cl_main.obj
 0001:0000abc9       ?CL_Rcon_f@@YAXHPAPAD@Z    0040bbc9 f   cl_main.obj
 0001:0000acb5       ?CL_Disconnect@@YAXXZ      0040bcb5 f   cl_main.obj
 0001:0000ae60       ?CL_Disconnect_f@@YAXXZ    0040be60 f   cl_main.obj
 0001:0000ae6a       ?CL_Changing_f@@YAXXZ      0040be6a f   cl_main.obj
 0001:0000ae8e       ?CL_Reconnect_f@@YAXXZ     0040be8e f   cl_main.obj
 0001:0000af2a       ?CL_PingServers_f@@YAXXZ   0040bf2a f   cl_main.obj
 0001:0000b02c       ?CL_Skins_f@@YAXXZ         0040c02c f   cl_main.obj
 0001:0000b315       ?CL_ConnectionlessPacket@@YAXXZ 0040c315 f   cl_main.obj
 0001:0000b412       ?CL_ReadPackets@@YAXXZ     0040c412 f   cl_main.obj
 0001:0000b555       ?CL_Userinfo_f@@YAXXZ      0040c555 f   cl_main.obj
 0001:0000b570       ?CL_RegisterSounds@@YAXXZ  0040c570 f   cl_main.obj
 0001:0000b5af       ?CL_Snd_Restart_f@@YAXXZ   0040c5af f   cl_main.obj
 0001:0000b5be       ?CL_WriteConfiguration@@YAXPBD@Z 0040c5be f   cl_main.obj
 0001:0000b6a5       ?CL_WriteConfig_f@@YAX_NHPAPAD@Z 0040c6a5 f   cl_main.obj
 0001:0000b710       ?CL_FixCvarCheats@@YAXXZ   0040c710 f   cl_main.obj
 0001:0000b761       ?CL_Frame@@YAXMM@Z         0040c761 f   cl_main.obj
 0001:0000ba9b       ?CL_ClearState@@YAXXZ      0040ca9b f   cl_main.obj
 0001:0000bad9       ?CL_Init@@YAXXZ            0040cad9 f   cl_main.obj
 0001:0000bf97       ?CL_Shutdown@@YAXXZ        0040cf97 f   cl_main.obj
 0001:0000bff3       ?sprintf@?$TString@$0EAA@@@QAAHPBDZZ 0040cff3 f i cl_main.obj
 0001:0000c00f       ?CL_ParseClientinfo@@YAXH@Z 0040d00f f   cl_parse.obj
 0001:0000c0c4       ?CL_UpdatePlayerClientInfo@@YAXXZ 0040d0c4 f   cl_parse.obj
 0001:0000c105       ?CL_ParseServerMessage@@YAXXZ 0040d105 f   cl_parse.obj
 0001:0000c8f7       ?FreePlayerModelsInfo@@YAXXZ 0040d8f7 f   cl_playermodel.obj
 0001:0000c91d       ?ScanQuake3Models@@YAXPBD@Z 0040d91d f   cl_playermodel.obj
 0001:0000cabe       ?ScanPlayerModels@@YA_NXZ  0040dabe f   cl_playermodel.obj
 0001:0000cd12       ?RunAnimation@@YAXAAUclientInfo_t@@AAUanimState_t@@H@Z 0040dd12 f   cl_playermodel.obj
 0001:0000cef3       ?CL_LoadClientinfo@@YAXAAUclientInfo_t@@PBD_N@Z 0040def3 f   cl_playermodel.obj
 0001:0000db7e       ?ParsePlayerEntity@@YAHAAUcentity_t@@AAUclientInfo_t@@PAUclEntityState_t@@ABUentity_t@@PAU4@HH@Z 0040eb7e f   cl_playermodel.obj
 0001:0000e6d3       ?CreateAndInsert@?$TList@VCStringItem@@@@QAEPAVCStringItem@@PBDPAVCMemoryChain@@@Z 0040f6d3 f i cl_playermodel.obj
 0001:0000e709       ?Insert@?$TList@VCStringItem@@@@QAE_NPAVCStringItem@@@Z 0040f709 f i cl_playermodel.obj
 0001:0000e709       ?Insert@?$TList@VshaderScript_t@OpenGLDrv@@@@QAE_NPAVshaderScript_t@OpenGLDrv@@@Z 0040f709 f i cl_playermodel.obj
 0001:0000e709       ?Insert@?$TList@VplayerModelInfo_t@@@@QAE_NPAVplayerModelInfo_t@@@Z 0040f709 f i cl_playermodel.obj
 0001:0000e73f       ?CL_CheckPredictionError@@YAXXZ 0040f73f f   cl_pred.obj
 0001:0000e8d2       ?CL_EntityTrace@@YAXAAUtrace_t@@ABUCVec3@@1ABUCBox@@H@Z 0040f8d2 f   cl_pred.obj
 0001:0000ec6e       ?CL_Trace@@YAXAAUtrace_t@@ABUCVec3@@1ABUCBox@@H@Z 0040fc6e f   cl_pred.obj
 0001:0000ecea       ?CL_PMpointcontents@@YAHABUCVec3@@@Z 0040fcea f   cl_pred.obj
 0001:0000ee76       ?CL_PredictMovement@@YAXXZ 0040fe76 f   cl_pred.obj
 0001:0000f21b       ?DrawString@@YAXHHPBD@Z    0041021b f   cl_scrn.obj
 0001:0000f260       ?SCR_DebugGraph@@YAXMH@Z   00410260 f   cl_scrn.obj
 0001:0000f288       ?SCR_CenterPrint@@YAXPBD@Z 00410288 f   cl_scrn.obj
 0001:0000f38e       ?Key_Message@@YAXH@Z       0041038e f   cl_scrn.obj
 0001:0000f42a       ?SCR_SetLevelshot@@YAXPBD@Z 0041042a f   cl_scrn.obj
 0001:0000f523       ?SCR_BeginLoadingPlaque@@YAXXZ 00410523 f   cl_scrn.obj
 0001:0000f5a8       ?SCR_EndLoadingPlaque@@YAX_N@Z 004105a8 f   cl_scrn.obj
 0001:0000f62d       ?SCR_ShowConsole@@YAX_N0@Z 0041062d f   cl_scrn.obj
 0001:0000f6f2       ?SCR_ToggleConsole@@YAXXZ  004106f2 f   cl_scrn.obj
 0001:0000f71a       ?SCR_TouchPics@@YAXXZ      0041071a f   cl_scrn.obj
 0001:0000f770       ?SCR_UpdateScreen@@YAXXZ   00410770 f   cl_scrn.obj
 0001:000109b4       ?SCR_Init@@YAXXZ           004119b4 f   cl_scrn.obj
 0001:00010ce3       ?sprintf@?$TString@$0BA@@@QAAHPBDZZ 00411ce3 f i cl_scrn.obj
 0001:00010cfc       ?CL_RegisterTEntSounds@@YAXXZ 00411cfc f   cl_tent.obj
 0001:00010f41       ?CL_RegisterTEntModels@@YAXXZ 00411f41 f   cl_tent.obj
 0001:0001108e       ?CL_ClearTEnts@@YAXXZ      0041208e f   cl_tent.obj
 0001:000110bf       ?CL_SmokeAndFlash@@YAXABUCVec3@@@Z 004120bf f   cl_tent.obj
 0001:00011255       ?CL_ParsePlayerBeam@@YAHPAVCRenderModel@@@Z 00412255 f   cl_tent.obj
 0001:00011360       ?CL_ParseLightning@@YAHPAVCRenderModel@@@Z 00412360 f   cl_tent.obj
 0001:00011422       ?CL_ParseWidow@@YAXXZ      00412422 f   cl_tent.obj
 0001:00011558       ?CL_ParseNuke@@YAXXZ       00412558 f   cl_tent.obj
 0001:0001166b       ?CL_ParseTEnt@@YAXXZ       0041266b f   cl_tent.obj
 0001:00012452       ?CL_AddBeams@@YAXXZ        00413452 f   cl_tent.obj
 0001:00012654       ?CL_AddPlayerBeams@@YAXXZ  00413654 f   cl_tent.obj
 0001:00012c5b       ?CL_AddTEnts@@YAXXZ        00413c5b f   cl_tent.obj
 0001:00012e5b       ?V_AddEntity@@YAXPAUentity_t@@@Z 00413e5b f   cl_view.obj
 0001:00012e96       ?V_AddEntity2@@YAXPAUentity_t@@@Z 00413e96 f   cl_view.obj
 0001:00012ec5       ?AddEntityWithEffects2@@YAXPAUentity_t@@I@Z 00413ec5 f   cl_view.obj
 0001:00012f64       ?AddEntityWithEffects@@YAXPAUentity_t@@I@Z 00413f64 f   cl_view.obj
 0001:00012f83       ?V_AddLight@@YAXABUCVec3@@MMMM@Z 00413f83 f   cl_view.obj
 0001:00012fc8       ?V_TestEntities@@YAXXZ     00413fc8 f   cl_view.obj
 0001:000130f5       ?V_TestLights@@YAXXZ       004140f5 f   cl_view.obj
 0001:000131cb       ?V_InitRenderer@@YAXXZ     004141cb f   cl_view.obj
 0001:000135bb       ?CalcFov@@YAMMMM@Z         004145bb f   cl_view.obj
 0001:00013629       ?V_RenderView@@YA_NXZ      00414629 f   cl_view.obj
 0001:00014243       ?V_Init@@YAXXZ             00415243 f   cl_view.obj
 0001:000142f2       ?Con_ClearNotify@@YAXXZ    004152f2 f   console.obj
 0001:00014301       ?Con_CheckResize@@YAXXZ    00415301 f   console.obj
 0001:00014428       ?Write@COutputDeviceCon@@UAEXPBD@Z 00415428 f   console.obj
 0001:00014722       ?Con_DrawNotify@@YAX_N@Z   00415722 f   console.obj
 0001:0001483a       ?Con_DrawConsole@@YAXM@Z   0041583a f   console.obj
 0001:00014aee       ?Con_ClearTyping@@YAXXZ    00415aee f   console.obj
 0001:00014b07       ?Key_Console@@YAXHH@Z      00415b07 f   console.obj
 0001:00014f4f       ?Con_Init@@YAXXZ           00415f4f f   console.obj
 0001:000150bd       ?Key_KeynumToString@@YAPBDH@Z 004160bd f   keys.obj
 0001:0001517d       ?Draw@completeMenu_t@@UAEXXZ 0041617d f i keys.obj
 0001:000151ae       ?KeyDown@completeMenu_t@@UAEPBDH@Z 004161ae f i keys.obj
 0001:000151d7       ?Init@completeMenu_t@@UAE_NXZ 004161d7 f i keys.obj
 0001:000152fe       ?CompleteMenuCallback@completeMenu_t@@SAXPAX@Z 004162fe f i keys.obj
 0001:0001538c       ?CompleteCommand@@YAXXZ    0041638c f   keys.obj
 0001:00015a97       ?Key_SetBinding@@YAXHPBD@Z 00416a97 f   keys.obj
 0001:00015ad5       ?Key_FindBinding@@YAHPBDPAHH@Z 00416ad5 f   keys.obj
 0001:00015b23       ?Key_WriteBindings@@YAXPAVCOutputDevice@@@Z 00416b23 f   keys.obj
 0001:00015b6a       ?Key_Init@@YAXXZ           00416b6a f   keys.obj
 0001:00015e4e       ?Key_Event@@YAXH_N@Z       00416e4e f   keys.obj
 0001:000161a7       ?Key_ClearStates@@YAXXZ    004171a7 f   keys.obj
 0001:000161dc       ?M_ForceMenuOn@@YAXXZ      004171dc f   menu.obj
 0001:000161fb       ?Draw@menuMain_t@@UAEXXZ   004171fb f i menu.obj
 0001:00016337       ?KeyDown@menuMain_t@@UAEPBDH@Z 00417337 f i menu.obj
 0001:000163f3       ?Init@menuMain_t@@UAE_NXZ  004173f3 f i menu.obj
 0001:000163fb       ?M_Menu_Main_f@@YAXXZ      004173fb f   menu.obj
 0001:00016415       ?Init@multiplayerMenu_t@@UAE_NXZ 00417415 f i menu.obj
 0001:00016539       ?Init@keysMenu_t@@UAE_NXZ  00417539 f i menu.obj
 0001:00016722       ?KeyCursorDrawFunc@keysMenu_t@@SAXPAUmenuFramework_t@@@Z 00417722 f i menu.obj
 0001:00016762       ?DrawKeyBindingFunc@keysMenu_t@@SAXPAX@Z 00417762 f i menu.obj
 0001:00016829       ?KeyDown@keysMenu_t@@UAEPBDH@Z 00417829 f i menu.obj
 0001:000168d6       ?UnbindCommand@keysMenu_t@@QAEXPAD@Z 004178d6 f i menu.obj
 0001:0001691b       ?KeyBindingFunc@keysMenu_t@@QAEXPAX@Z 0041791b f i menu.obj
 0001:0001697a       ?Init@optionsMenu_t@@UAE_NXZ 0041797a f i menu.obj
 0001:00016d24       ?CrosshairFunc@optionsMenu_t@@SAXPAX@Z 00417d24 f i menu.obj
 0001:00016d4c       ?JoystickFunc@optionsMenu_t@@SAXPAX@Z 00417d4c f i menu.obj
 0001:00016d61       ?AlwaysRunFunc@optionsMenu_t@@SAXPAX@Z 00417d61 f i menu.obj
 0001:00016d76       ?MouseSpeedFunc@optionsMenu_t@@SAXPAX@Z 00417d76 f i menu.obj
 0001:00016d93       ?InvertMouseFunc@optionsMenu_t@@SAXPAX@Z 00417d93 f i menu.obj
 0001:00016dcc       ?UpdateVolumeFunc@optionsMenu_t@@SAXPAX@Z 00417dcc f i menu.obj
 0001:00016de9       ?UpdateCDVolumeFunc@optionsMenu_t@@SAXPAX@Z 00417de9 f i menu.obj
 0001:00016e03       ?SetMenuItemValues@optionsMenu_t@@SAXXZ 00417e03 f i menu.obj
 0001:00016f4b       ?ResetDefaultsFunc@optionsMenu_t@@SAXPAX@Z 00417f4b f i menu.obj
 0001:00016f60       ?UpdateSoundFunc@optionsMenu_t@@SAXPAX@Z 00417f60 f i menu.obj
 0001:00017163       ?ScanCrosshairs@optionsMenu_t@@SAXXZ 00418163 f i menu.obj
 0001:000171c0       ?Draw@optionsMenu_t@@UAEXXZ 004181c0 f i menu.obj
 0001:00017225       ?Draw@creditsMenu_t@@UAEXXZ 00418225 f i menu.obj
 0001:000172cc       ?KeyDown@creditsMenu_t@@UAEPBDH@Z 004182cc f i menu.obj
 0001:00017307       ?Init@creditsMenu_t@@UAE_NXZ 00418307 f i menu.obj
 0001:00017388       ?Init@gameMenu_t@@UAE_NXZ  00418388 f i menu.obj
 0001:00017513       ?EasyGameFunc@gameMenu_t@@SAXPAX@Z 00418513 f i menu.obj
 0001:0001751f       ?StartGame@gameMenu_t@@SAXPBD@Z 0041851f f i menu.obj
 0001:00017577       ?MediumGameFunc@gameMenu_t@@SAXPAX@Z 00418577 f i menu.obj
 0001:00017583       ?HardGameFunc@gameMenu_t@@SAXPAX@Z 00418583 f i menu.obj
 0001:0001759f       ?Init@savegameMenu_t@@UAE_NXZ 0041859f f i menu.obj
 0001:000176af       ?Create_Savestrings@savegameMenu_t@@QAEXXZ 004186af f i menu.obj
 0001:00017764       ?LoadGameCallback@savegameMenu_t@@SAXPAX@Z 00418764 f i menu.obj
 0001:0001778d       ?SaveGameCallback@savegameMenu_t@@SAXPAX@Z 0041878d f i menu.obj
 0001:000177ac       ?Draw@savegameMenu_t@@UAEXXZ 004187ac f i menu.obj
 0001:000177c7       ?DrawSavegameShot@savegameMenu_t@@QAEXHH@Z 004187c7 f i menu.obj
 0001:000178a2       ?Init@joinserverMenu_t@@UAE_NXZ 004188a2 f i menu.obj
 0001:000179cb       ?JoinServerFunc@joinserverMenu_t@@SAXPAX@Z 004189cb f i menu.obj
 0001:00017a2d       ?SearchLocalGames@joinserverMenu_t@@SAXXZ 00418a2d f i menu.obj
 0001:00017a98       ?M_AddToServerList@@YAXUnetadr_t@@PAD@Z 00418a98 f   menu.obj
 0001:00017b19       ?Init@startserverMenu_t@@UAE_NXZ 00418b19 f i menu.obj
 0001:00017fa7       ?DMOptionsFunc@startserverMenu_t@@SAXPAX@Z 00418fa7 f i menu.obj
 0001:00017fb7       ?RulesChangeFunc@startserverMenu_t@@SAXPAX@Z 00418fb7 f i menu.obj
 0001:0001802f       ?StartServerActionFunc@startserverMenu_t@@SAXPAX@Z 0041902f f i menu.obj
 0001:0001805a       ?StartServerFunc@startserverMenu_t@@SAXPAD@Z 0041905a f i menu.obj
 0001:00018290       ?KeyDown@startserverMenu_t@@UAEPBDH@Z 00419290 f i menu.obj
 0001:000182ed       ?Init@dmoptionsMenu_t@@UAE_NXZ 004192ed f i menu.obj
 0001:000188ca       ?DMFlagCallback@dmoptionsMenu_t@@SAXPAX@Z 004198ca f i menu.obj
 0001:00018aa0       ?Init@downloadOptionsMenu_t@@UAE_NXZ 00419aa0 f i menu.obj
 0001:00018c6b       ?DownloadCallback@downloadOptionsMenu_t@@SAXPAX@Z 00419c6b f i menu.obj
 0001:00018cd6       ?Init@addressBookMenu_t@@UAE_NXZ 00419cd6 f i menu.obj
 0001:00018d7e       ?KeyDown@addressBookMenu_t@@UAEPBDH@Z 00419d7e f i menu.obj
 0001:00018ddb       ?Init@playerConfigMenu_t@@UAE_NXZ 00419ddb f i menu.obj
 0001:00019322       ?HandednessCallback@playerConfigMenu_t@@SAXPAX@Z 0041a322 f i menu.obj
 0001:00019337       ?RTypeCallback@playerConfigMenu_t@@SAXPAX@Z 0041a337 f i menu.obj
 0001:0001934c       ?RColorCallback@playerConfigMenu_t@@SAXPAX@Z 0041a34c f i menu.obj
 0001:00019361       ?RateCallback@playerConfigMenu_t@@SAXPAX@Z 0041a361 f i menu.obj
 0001:00019384       ?ModelCallback@playerConfigMenu_t@@SAXPAX@Z 0041a384 f i menu.obj
 0001:000193b8       ?SkinCallback@playerConfigMenu_t@@SAXPAX@Z 0041a3b8 f i menu.obj
 0001:000193c0       ?Draw@playerConfigMenu_t@@UAEXXZ 0041a3c0 f i menu.obj
 0001:000196a2       ?KeyDown@playerConfigMenu_t@@UAEPBDH@Z 0041a6a2 f i menu.obj
 0001:00019781       ?Init@dmbrowseMenu_t@@UAE_NXZ 0041a781 f i menu.obj
 0001:00019987       ?KeyDown@dmbrowseMenu_t@@UAEPBDH@Z 0041a987 f i menu.obj
 0001:00019b4b       ?Draw@dmbrowseMenu_t@@UAEXXZ 0041ab4b f i menu.obj
 0001:00019c90       ?DrawThumbnail@dmbrowseMenu_t@@SAXHHHHPAD_N@Z 0041ac90 f i menu.obj
 0001:00019d6a       ?Init@videoMenu_t@@UAE_NXZ 0041ad6a f i menu.obj
 0001:0001a323       ?ScreenSizeCallback@videoMenu_t@@SAXPAX@Z 0041b323 f i menu.obj
 0001:0001a341       ?BrightnessCallback@videoMenu_t@@SAXPAX@Z 0041b341 f i menu.obj
 0001:0001a35f       ?ContrastCallback@videoMenu_t@@SAXPAX@Z 0041b35f f i menu.obj
 0001:0001a398       ?CancelChanges@videoMenu_t@@SAXPAX@Z 0041b398 f i menu.obj
 0001:0001a3b9       ?KeyDown@videoMenu_t@@UAEPBDH@Z 0041b3b9 f i menu.obj
 0001:0001a400       ?ApplyChanges@videoMenu_t@@SAXPAX@Z 0041b400 f i menu.obj
 0001:0001a5b7       ?KeyDown@quitMenu_t@@UAEPBDH@Z 0041b5b7 f i menu.obj
 0001:0001a5f1       ?Draw@quitMenu_t@@UAEXXZ   0041b5f1 f i menu.obj
 0001:0001a661       ?M_Init@@YAXXZ             0041b661 f   menu.obj
 0001:0001a843       ?ItemAtCursor@menuFramework_t@@QAEPAUmenuCommon_t@@XZ 0041b843 f   qmenu.obj
 0001:0001a897       ?AddItem@menuFramework_t@@QAEXPAUmenuCommon_t@@@Z 0041b897 f   qmenu.obj
 0001:0001a953       ?AdjustCursor@menuFramework_t@@QAEXH@Z 0041b953 f   qmenu.obj
 0001:0001aac2       ?Center@menuFramework_t@@QAEXXZ 0041bac2 f   qmenu.obj
 0001:0001ab03       ?Draw@menuFramework_t@@UAEXXZ 0041bb03 f   qmenu.obj
 0001:0001b0c8       ?SelectItem@menuFramework_t@@QAE_NXZ 0041c0c8 f   qmenu.obj
 0001:0001b126       ?SetStatusBar@menuFramework_t@@QAEXPBD@Z 0041c126 f   qmenu.obj
 0001:0001b130       ?SlideItem@menuFramework_t@@QAEXH@Z 0041c130 f   qmenu.obj
 0001:0001b6ad       ?Push@menuFramework_t@@QAEXXZ 0041c6ad f   qmenu.obj
 0001:0001b72c       ?M_ForceMenuOff@@YAXXZ     0041c72c f   qmenu.obj
 0001:0001b759       ?Pop@menuFramework_t@@QAEXXZ 0041c759 f   qmenu.obj
 0001:0001b793       ?KeyDown@menuFramework_t@@UAEPBDH@Z 0041c793 f   qmenu.obj
 0001:0001ba07       ?Init@menuFramework_t@@UAE_NXZ 0041ca07 f   qmenu.obj
 0001:0001ba0a       ?M_Draw@@YAXXZ             0041ca0a f   qmenu.obj
 0001:0001ba45       ?M_Keydown@@YAXH@Z         0041ca45 f   qmenu.obj
 0001:0001ba64       ?InitRendererVars@@YAXXZ   0041ca64 f   ref_vars.obj
 0001:0001ba83       ?S_SoundInfo_f@@YAXXZ      0041ca83 f   snd_dma.obj
 0001:0001bafd       ?S_Init@@YAXXZ             0041cafd f   snd_dma.obj
 0001:0001bbcf       ?S_Shutdown@@YAXXZ         0041cbcf f   snd_dma.obj
 0001:0001bc62       ?S_BeginRegistration@@YAXXZ 0041cc62 f   snd_dma.obj
 0001:0001bc70       ?S_RegisterSound@@YAPAUsfx_t@@PBD@Z 0041cc70 f   snd_dma.obj
 0001:0001be16       ?S_EndRegistration@@YAXXZ  0041ce16 f   snd_dma.obj
 0001:0001be99       ?S_PickChannel@@YAPAUchannel_t@@HH@Z 0041ce99 f   snd_dma.obj
 0001:0001bf26       ?S_Spatialize@@YAXPAUchannel_t@@@Z 0041cf26 f   snd_dma.obj
 0001:0001c106       ?S_AllocPlaysound@@YAPAUplaysound_t@@XZ 0041d106 f   snd_dma.obj
 0001:0001c128       ?S_FreePlaysound@@YAXPAUplaysound_t@@@Z 0041d128 f   snd_dma.obj
 0001:0001c158       ?S_IssuePlaysound@@YAXPAUplaysound_t@@@Z 0041d158 f   snd_dma.obj
 0001:0001c225       ?S_StartSound@@YAXPBUCVec3@@HHPAUsfx_t@@MMM@Z 0041d225 f   snd_dma.obj
 0001:0001c5e4       ?S_StartLocalSound@@YAXPBD@Z 0041d5e4 f   snd_dma.obj
 0001:0001c633       ?S_ClearBuffer@@YAXXZ      0041d633 f   snd_dma.obj
 0001:0001c69c       ?S_StopAllSounds_f@@YAXXZ  0041d69c f   snd_dma.obj
 0001:0001c70c       ?S_AddLoopSounds@@YAXXZ    0041d70c f   snd_dma.obj
 0001:0001c8e2       ?S_RawSamples@@YAXHHHHPAE@Z 0041d8e2 f   snd_dma.obj
 0001:0001cae6       ?S_Update@@YAXABUCVec3@@0@Z 0041dae6 f   snd_dma.obj
 0001:0001cbbc       ?GetSoundtime@@YAXXZ       0041dbbc f   snd_dma.obj
 0001:0001cc23       ?S_Update_@@YAXXZ          0041dc23 f   snd_dma.obj
 0001:0001ced6       ?ResampleSfx@@YAXPAUsfx_t@@HHPAE@Z 0041ded6 f   snd_mem.obj
 0001:0001cff1       ?S_LoadSound@@YAPAUsfxcache_t@@PAUsfx_t@@@Z 0041dff1 f   snd_mem.obj
 0001:0001d35a       ?S_WriteLinearBlastStereo16@@YAXXZ 0041e35a f   snd_mix.obj
 0001:0001d3c4       ?S_TransferStereo16@@YAXPAKH@Z 0041e3c4 f   snd_mix.obj
 0001:0001d42d       ?S_TransferPaintBuffer@@YAXH@Z 0041e42d f   snd_mix.obj
 0001:0001d591       ?S_PaintChannels@@YAXH@Z   0041e591 f   snd_mix.obj
 0001:0001d80d       ?S_InitScaletable@@YAXXZ   0041e80d f   snd_mix.obj
 0001:0001d952       ?SV_ComputeAnimation@@YAXPAUplayer_state_t@@AAUentityStateEx_t@@PAU2@PAUedict_s@@@Z 0041e952 f   sv_anim.obj
 0001:0001dd4f       ?SV_ReadLevelFile@@YAXXZ   0041ed4f f   sv_ccmds.obj
 0001:0001ddfd       ?SV_AddressBanned@@YA_NPAUnetadr_t@@@Z 0041edfd f   sv_ccmds.obj
 0001:0001de3e       ?SV_InitCommands@@YAXXZ    0041ee3e f   sv_ccmds.obj
 0001:0001f257       ?sprintf@?$TString@$0CI@@@QAAHPBDZZ 00420257 f i sv_ccmds.obj
 0001:0001f270       ?SV_WriteFrameToClient@@YAXPAUclient_t@@PAVsizebuf_t@@@Z 00420270 f   sv_ents.obj
 0001:0001f9b6       ?SV_RecordDemoMessage@@YAXXZ 004209b6 f   sv_ents.obj
 0001:0001fb84       ?SV_MulticastOld@@YAXABUCVec3@@W4multicast_t@@@Z 00420b84 f i sv_game.obj
 0001:0001fb97       ?SV_StartSoundOld@@YAXPBUCVec3@@PAUedict_s@@HHMMM@Z 00420b97 f i sv_game.obj
 0001:00020625       ?SV_InitGameLibrary@@YAX_N@Z 00421625 f   sv_game.obj
 0001:00020917       ?SV_ShutdownGameLibrary@@YAXXZ 00421917 f   sv_game.obj
 0001:00020a74       ?SV_FindIndex@@YAHPBDHH_N@Z 00421a74 f   sv_init.obj
 0001:00020b83       ?SV_ModelIndex@@YAHPBD@Z   00421b83 f   sv_init.obj
 0001:00020b99       ?SV_SoundIndex@@YAHPBD@Z   00421b99 f   sv_init.obj
 0001:00020bb2       ?SV_ImageIndex@@YAHPBD@Z   00421bb2 f   sv_init.obj
 0001:00020bcb       ?SV_CreateBaseline@@YAXXZ  00421bcb f   sv_init.obj
 0001:00020c48       ?SV_SpawnServer@@YAXPAD0W4server_state_t@@_N2@Z 00421c48 f   sv_init.obj
 0001:00020f98       ?SV_InitGame@@YAXXZ        00421f98 f   sv_init.obj
 0001:000211c0       ?SV_Map@@YAX_NPBD0@Z       004221c0 f   sv_init.obj
 0001:00021382       ?SV_DropClient@@YAXPAUclient_t@@PAD@Z 00422382 f   sv_main.obj
 0001:00021d5f       ??0COutputDeviceMem@@QAE@H@Z 00422d5f f i sv_main.obj
 0001:00021d8d       ?Write@COutputDeviceMem@@UAEXPBD@Z 00422d8d f i sv_main.obj
 0001:00021e12       ??_GCOutputDeviceMem@@UAEPAXI@Z 00422e12 f i sv_main.obj
 0001:00021e12       ??_ECOutputDeviceMem@@UAEPAXI@Z 00422e12 f i sv_main.obj
 0001:00021e2e       ??1COutputDeviceMem@@UAE@XZ 00422e2e f i sv_main.obj
 0001:00021e4d       ?SV_ConnectionlessPacket@@YAXXZ 00422e4d f   sv_main.obj
 0001:00021f18       ?SV_CalcPings@@YAXXZ       00422f18 f   sv_main.obj
 0001:00021f9f       ?SV_GiveMsec@@YAXXZ        00422f9f f   sv_main.obj
 0001:00021fde       ?SV_ReadPackets@@YAXXZ     00422fde f   sv_main.obj
 0001:00022126       ?SV_CheckTimeouts@@YAXXZ   00423126 f   sv_main.obj
 0001:00022237       ?SV_PostprocessFrame@@YAXXZ 00423237 f   sv_main.obj
 0001:0002270a       ?SV_MulticastHook@@YAPAVsizebuf_t@@PAV1@0@Z 0042370a f   sv_main.obj
 0001:00022afa       ?SV_TraceHook@@YAXAAUtrace_t@@ABUCVec3@@PBU2@21PAUedict_s@@H@Z 00423afa f   sv_main.obj
 0001:00022c79       ?SV_Frame@@YAXM@Z          00423c79 f   sv_main.obj
 0001:00022f2c       ?SV_UserinfoChanged@@YAXPAUclient_t@@@Z 00423f2c f   sv_main.obj
 0001:00022fed       ?SV_InitVars@@YAXXZ        00423fed f   sv_main.obj
 0001:00022ffc       ?SV_Init@@YAXXZ            00423ffc f   sv_main.obj
 0001:00023055       ?SV_Shutdown@@YAXPBD_N@Z   00424055 f   sv_main.obj
 0001:00023262       ?SV_ClientPrintf@@YAXPAUclient_t@@HPBDZZ 00424262 f   sv_send.obj
 0001:000232bd       ?SV_BroadcastPrintf@@YAXHPBDZZ 004242bd f   sv_send.obj
 0001:00023393       ?SV_BroadcastCommand@@YAXPBDZZ 00424393 f   sv_send.obj
 0001:000233ed       ?SV_Multicast@@YAXABUCVec3@@W4multicast_t@@_N@Z 004243ed f   sv_send.obj
 0001:00023613       ?SV_StartSound@@YAXPBUCVec3@@PAUedict_s@@HHMMM_N@Z 00424613 f   sv_send.obj
 0001:000238e3       ?SV_SendClientDatagram@@YA_NPAUclient_t@@@Z 004248e3 f   sv_send.obj
 0001:000239a5       ?SV_DemoCompleted@@YAXXZ   004249a5 f   sv_send.obj
 0001:000239c1       ?SV_SendClientMessages@@YAXXZ 004249c1 f   sv_send.obj
 0001:00023b71       ?SV_DrawText3D@@YAXABUCVec3@@PBDI@Z 00424b71 f   sv_text.obj
 0001:00023ba8       ?SV_ClearTexts@@YAXXZ      00424ba8 f   sv_text.obj
 0001:00023bb0       ?SV_DrawTexts@@YAXXZ       00424bb0 f   sv_text.obj
 0001:00023c01       ??0?$TTextContainer@UCSVText@@$0BAAAA@@@QAE@XZ 00424c01 f i sv_text.obj
 0001:00023c26       ?SV_TokenizeString@@YAXPBD@Z 00424c26 f   sv_tokenize.obj
 0001:00023cfd       ?SV_Argc@@YAHXZ            00424cfd f   sv_tokenize.obj
 0001:00023d03       ?SV_Argv@@YAPADH@Z         00424d03 f   sv_tokenize.obj
 0001:00023d1d       ?SV_Args@@YAPADXZ          00424d1d f   sv_tokenize.obj
 0001:000245d1       ?SV_Nextserver@@YAXXZ      004255d1 f   sv_user.obj
 0001:00024660       ?SV_ClientThink@@YAXPAUclient_t@@PAUusercmd_t@@@Z 00425660 f   sv_user.obj
 0001:000246f1       ?SV_ExecuteClientMessage@@YAXPAUclient_t@@@Z 004256f1 f   sv_user.obj
 0001:00024a41       ?SV_ClearWorld@@YAXXZ      00425a41 f   sv_world.obj
 0001:00024b7c       ?SV_UnlinkEdict@@YAXPAUedict_s@@@Z 00425b7c f   sv_world.obj
 0001:00024c3f       ?SV_LinkEdict@@YAXPAUedict_s@@@Z 00425c3f f   sv_world.obj
 0001:0002522a       ?SV_AreaEdicts@@YAHABUCVec3@@0PAPAUedict_s@@HH@Z 0042622a f   sv_world.obj
 0001:000253c5       ?SV_PointContents@@YAHABUCVec3@@@Z 004263c5 f   sv_world.obj
 0001:000254ec       ?SV_Trace@@YAXAAUtrace_t@@ABUCVec3@@1ABUCBox@@PAUedict_s@@H@Z 004264ec f   sv_world.obj
 0001:0002596b       ?InitByteDirs@@YAXXZ       0042696b f   anorms.obj
 0001:000259aa       ?Cbuf_AddText@@YAXPBD@Z    004269aa f   cmd.obj
 0001:00025a0c       ?Cbuf_CopyToDefer@@YAXXZ   00426a0c f   cmd.obj
 0001:00025a54       ?Cbuf_InsertFromDefer@@YAXXZ 00426a54 f   cmd.obj
 0001:00025b0d       ?Cbuf_Execute@@YAXXZ       00426b0d f   cmd.obj
 0001:00025c13       ?Cmd_Unalias_f@@YAX_NHPAPAD@Z 00426c13 f   cmd.obj
 0001:00025c89       ?Cmd_WriteAliases@@YAXPAVCOutputDevice@@@Z 00426c89 f   cmd.obj
 0001:00025cb9       ?RegisterCommand@@YA_NPBDP6AXXZI@Z 00426cb9 f   cmd.obj
 0001:00025d9a       ?UnregisterCommand@@YA_NPBD@Z 00426d9a f   cmd.obj
 0001:00025e2b       ?ExecuteCommand@@YA_NPBD@Z 00426e2b f   cmd.obj
 0001:0002626e       ?ExecuteCommand@@YA_NPBDPBUCSimpleCommand@@H@Z 0042726e f   cmd.obj
 0001:000266ab       ?CM_LoadMap@@YAPAUcmodel_t@@PBD_NPAI@Z 004276ab f   cmodel.obj
 0001:00026e15       ?SetSignbits@cplane_t@@QAEXXZ 00427e15 f i cmodel.obj
 0001:00026e49       ?SetType@cplane_t@@QAEXXZ  00427e49 f i cmodel.obj
 0001:00026ebe       ?CMod_LoadLeafBrushes@@YAXPAGH@Z 00427ebe f i cmodel.obj
 0001:00026fcc       ?CM_InlineModel@@YAPAUcmodel_t@@PBD@Z 00427fcc f   cmodel.obj
 0001:0002700d       ?CM_NumClusters@@YAHXZ     0042800d f   cmodel.obj
 0001:00027013       ?CM_NumInlineModels@@YAHXZ 00428013 f   cmodel.obj
 0001:00027019       ?CM_EntityString@@YAPBDXZ  00428019 f   cmodel.obj
 0001:0002701f       ?CM_LeafContents@@YAHH@Z   0042801f f   cmodel.obj
 0001:00027046       ?CM_LeafCluster@@YAHH@Z    00428046 f   cmodel.obj
 0001:000270bc       ?CM_LeafArea@@YAHH@Z       004280bc f   cmodel.obj
 0001:0002727f       ?CM_HeadnodeForBox@@YAHABUCBox@@@Z 0042827f f   cmodel.obj
 0001:00027334       ?CM_PointLeafnum@@YAHABUCVec3@@H@Z 00428334 f   cmodel.obj
 0001:000273d7       ?DistanceTo@cplane_t@@QAEMABUCVec3@@@Z 004283d7 f i cmodel.obj
 0001:0002741b       ?CM_PointContents@@YAHABUCVec3@@H@Z 0042841b f   cmodel.obj
 0001:00027490       ?CM_TransformedPointContents@@YAHABUCVec3@@H00@Z 00428490 f   cmodel.obj
 0001:00027571       ?CM_TransformedPointContents@@YAHABUCVec3@@H0ABUCAxis@@@Z 00428571 f   cmodel.obj
 0001:0002761c       ?CM_BoxLeafnums@@YAHABUCBox@@PAHH1H@Z 0042861c f   cmodel.obj
 0001:0002772f       ?BOX_ON_PLANE_SIDE@@YAHABUCBox@@ABUcplane_t@@@Z 0042872f f i cmodel.obj
 0001:00027799       ?CM_BoxTrace@@YAXAAUtrace_t@@ABUCVec3@@1ABUCBox@@HH@Z 00428799 f   cmodel.obj
 0001:00028131       ?CM_TransformedBoxTrace@@YAXAAUtrace_t@@ABUCVec3@@1ABUCBox@@HH11@Z 00429131 f   cmodel.obj
 0001:000282ae       ?CM_TransformedBoxTrace@@YAXAAUtrace_t@@ABUCVec3@@1ABUCBox@@HH1ABUCAxis@@@Z 004292ae f   cmodel.obj
 0001:0002836b       ?CM_BrushTrace@@YAHABUCVec3@@0PAHH@Z 0042936b f   cmodel.obj
 0001:0002875b       ?CM_RefineBrushTrace@@YAHABUCVec3@@0PAHH@Z 0042975b f   cmodel.obj
 0001:00028801       ?CM_ClusterPVS@@YAPAEH@Z   00429801 f   cmodel.obj
 0001:00028945       ?CM_ClusterPHS@@YAPAEH@Z   00429945 f   cmodel.obj
 0001:00028aa8       ?CM_SetAreaPortalState@@YAXH_N@Z 00429aa8 f   cmodel.obj
 0001:00028acd       ?CM_AreasConnected@@YA_NHH@Z 00429acd f   cmodel.obj
 0001:00028b11       ?CM_WriteAreaBits@@YAHPAEH@Z 00429b11 f   cmodel.obj
 0001:00028bb3       ?CM_WritePortalState@@YAXPAU_iobuf@@@Z 00429bb3 f   cmodel.obj
 0001:00028bcd       ?CM_ReadPortalState@@YAXPAU_iobuf@@@Z 00429bcd f   cmodel.obj
 0001:00028beb       ?CM_HeadnodeVisible@@YA_NHPBE@Z 00429beb f   cmodel.obj
 0001:00028cc6       ?Com_DPrintf@@YAXPBDZZ     00429cc6 f   common.obj
 0001:00028d3f       ?DebugPrintf@@YAXPBDZZ     00429d3f f   common.obj
 0001:00028dee       ?IPWildcard@@YA_NPAUnetadr_t@@PBD@Z 00429dee f   common.obj
 0001:00028ec5       ?Com_ServerState@@YA?AW4server_state_t@@XZ 00429ec5 f   common.obj
 0001:00028ecb       ?Com_SetServerState@@YAXW4server_state_t@@@Z 00429ecb f   common.obj
 0001:00028ed5       ?crand@@YAMXZ              00429ed5 f   common.obj
 0001:00028ef3       ?Info_ValueForKey@@YAPBDPBD0@Z 00429ef3 f   common.obj
 0001:00028f72       ?Info_SetValueForKey@@YAXPADPBD1@Z 00429f72 f   common.obj
 0001:000290d5       ?Info_Print@@YAXPBD@Z      0042a0d5 f   common.obj
 0001:0002915b       ?Com_CheckCmdlineVar@@YA_NPBD@Z 0042a15b f   common.obj
 0001:000291b1       ?Com_Init@@YAXPBD@Z        0042a1b1 f   common.obj
 0001:00029558       ?Com_Frame@@YAXM@Z         0042a558 f   common.obj
 0001:00029952       ?Com_BlockSequenceCRCByte@@YAEPAEHH@Z 0042a952 f   crc.obj
 0001:00029a08       ?Cvar_VariableValue@@YAMPBD@Z 0042aa08 f   cvar.obj
 0001:00029a76       ?Cvar_VariableInt@@YAHPBD@Z 0042aa76 f   cvar.obj
 0001:00029a89       ?Cvar_VariableString@@YAPBDPBD@Z 0042aa89 f   cvar.obj
 0001:00029aa1       ?Cvar_Get@@YAPAUcvar_t@@PBD0H@Z 0042aaa1 f   cvar.obj
 0001:00029d68       ?Cvar_GetVars@@YAXPBUcvarInfo_t@@H@Z 0042ad68 f   cvar.obj
 0001:00029e12       ?Cvar_FullSet@@YAXPAUcvar_t@@PBDI@Z 0042ae12 f   cvar.obj
 0001:00029e31       ?Cvar_FullSet@@YAPAUcvar_t@@PBD0I@Z 0042ae31 f   cvar.obj
 0001:00029e71       ?Cvar_SetValue@@YAPAUcvar_t@@PBDM@Z 0042ae71 f   cvar.obj
 0001:0002a008       ?Cvar_SetInteger@@YAPAUcvar_t@@PBDH@Z 0042b008 f   cvar.obj
 0001:0002a02a       ?Cvar_Set@@YAPAUcvar_t@@PBD0@Z 0042b02a f   cvar.obj
 0001:0002a03f       ?Cvar_ForceSet@@YAPAUcvar_t@@PBD0@Z 0042b03f f   cvar.obj
 0001:0002a054       ?Cvar_Clamp@@YAMPAUcvar_t@@MM@Z 0042b054 f   cvar.obj
 0001:0002a0b2       ?Cvar_Command@@YA_NHPAPAD@Z 0042b0b2 f   cvar.obj
 0001:0002a14b       ?IsDefault@cvar_t@@QAE_NXZ 0042b14b f i cvar.obj
 0001:0002a168       ?Cvar_WriteVariables@@YAXPAVCOutputDevice@@HHPBD@Z 0042b168 f   cvar.obj
 0001:0002a1ee       ?Cvar_BitInfo@@YAPBDI@Z    0042b1ee f   cvar.obj
 0001:0002a240       ?Cvar_Cheats@@YAX_N@Z      0042b240 f   cvar.obj
 0001:0002aab3       ?MSG_WriteDeltaEntity@@YAXPAVsizebuf_t@@PBUentityStateEx_t@@PAU2@_N33@Z 0042bab3 f   entdelta.obj
 0001:0002b06f       ?MSG_WriteRemoveEntity@@YAXPAVsizebuf_t@@H@Z 0042c06f f   entdelta.obj
 0001:0002b0af       ?MSG_ReadEntityBits@@YAHPAVsizebuf_t@@PAIPA_N@Z 0042c0af f   entdelta.obj
 0001:0002b120       ?MSG_ReadDeltaEntity@@YAXPAVsizebuf_t@@PBUentityStateEx_t@@PAU2@I@Z 0042c120 f   entdelta.obj
 0001:0002b1a3       ?MSG_WriteDeltaUsercmd@@YAXPAVsizebuf_t@@PBUusercmd_t@@PAU2@@Z 0042c1a3 f   entdelta.obj
 0001:0002b232       ?MSG_ReadDeltaUsercmd@@YAXPAVsizebuf_t@@PBUusercmd_t@@PAU2@@Z 0042c232 f   entdelta.obj
 0001:0002b535       ?MSG_WriteDeltaPlayerstate@@YAXPAVsizebuf_t@@PBUplayer_state_t@@PAU2@@Z 0042c535 f   entdelta.obj
 0001:0002b63e       ?MSG_ReadDeltaPlayerstate@@YAXPAVsizebuf_t@@PBUplayer_state_t@@PAU2@@Z 0042c63e f   entdelta.obj
 0001:0002b6f8       ?LoadPCX@@YAXPBDAAPAE1AAH2@Z 0042c6f8 f   images.obj
 0001:0002b833       ?LoadTGA@@YAXPBDAAPAEAAH2@Z 0042c833 f   images.obj
 0001:0002ba0d       ?LoadJPG@@YAXPBDAAPAEAAH2@Z 0042ca0d f   images.obj
 0001:0002bca7       ?ImageExists@@YAHPBDH@Z    0042cca7 f   images.obj
 0001:0002bdcb       ?WriteTGA@@YA_NPBDPAEHH@Z  0042cdcb f   images.obj
 0001:0002bfbf       ?WriteJPG@@YA_NPBDPAEHH_N@Z 0042cfbf f   images.obj
 0001:0002c0f0       ?MD4Init@@YAXPAUMD4_CTX@@@Z 0042d0f0 f   md4.obj
 0001:0002c118       ?MD4Update@@YAXPAUMD4_CTX@@PAEI@Z 0042d118 f   md4.obj
 0001:0002c1b6       ?MD4Final@@YAXQAEPAUMD4_CTX@@@Z 0042d1b6 f   md4.obj
 0001:0002c8a7       ?Com_BlockChecksum@@YAIPAXH@Z 0042d8a7 f   md4.obj
 0001:0002c8e3       ?LoadQ2BspFile@@YAXXZ      0042d8e3 f   model.obj
 0001:0002cc99       ?LoadBspFile@@YAPAUbspfile_t@@PBD_NPAI@Z 0042dc99 f   model.obj
 0001:0002ce52       ?ProcessEntstring@@YAPADPAD@Z 0042de52 f   model.obj
 0001:0002dcfb       ?Init@sizebuf_t@@QAEXPAXH@Z 0042ecfb f   msg.obj
 0001:0002dd16       ?Write@sizebuf_t@@QAEXPBXH@Z 0042ed16 f   msg.obj
 0001:0002dd86       ?MSG_WriteChar@@YAXPAVsizebuf_t@@H@Z 0042ed86 f   msg.obj
 0001:0002dd86       ?MSG_WriteByte@@YAXPAVsizebuf_t@@H@Z 0042ed86 f   msg.obj
 0001:0002dd97       ?MSG_WriteShort@@YAXPAVsizebuf_t@@H@Z 0042ed97 f   msg.obj
 0001:0002dda8       ?MSG_WriteFloat@@YAXPAVsizebuf_t@@M@Z 0042eda8 f   msg.obj
 0001:0002dda8       ?MSG_WriteLong@@YAXPAVsizebuf_t@@H@Z 0042eda8 f   msg.obj
 0001:0002ddb9       ?MSG_WriteString@@YAXPAVsizebuf_t@@PBD@Z 0042edb9 f   msg.obj
 0001:0002dde3       ?MSG_WritePos@@YAXPAVsizebuf_t@@ABUCVec3@@@Z 0042ede3 f   msg.obj
 0001:0002de47       ?MSG_WriteAngle@@YAXPAVsizebuf_t@@M@Z 0042ee47 f   msg.obj
 0001:0002de72       ?MSG_WriteAngle16@@YAXPAVsizebuf_t@@M@Z 0042ee72 f   msg.obj
 0001:0002de9d       ?MSG_WriteDir@@YAXPAVsizebuf_t@@ABUCVec3@@@Z 0042ee9d f   msg.obj
 0001:0002df05       ?MSG_ReadDir@@YAXPAVsizebuf_t@@AAUCVec3@@@Z 0042ef05 f   msg.obj
 0001:0002df36       ?MSG_ReadChar@@YAHPAVsizebuf_t@@@Z 0042ef36 f   msg.obj
 0001:0002df56       ?MSG_ReadByte@@YAHPAVsizebuf_t@@@Z 0042ef56 f   msg.obj
 0001:0002df76       ?MSG_ReadShort@@YAHPAVsizebuf_t@@@Z 0042ef76 f   msg.obj
 0001:0002df96       ?MSG_ReadLong@@YAHPAVsizebuf_t@@@Z 0042ef96 f   msg.obj
 0001:0002dfb5       ?MSG_ReadString@@YAPADPAVsizebuf_t@@@Z 0042efb5 f   msg.obj
 0001:0002dfe8       ?MSG_ReadPos@@YAXPAVsizebuf_t@@AAUCVec3@@@Z 0042efe8 f   msg.obj
 0001:0002e03a       ?MSG_ReadAngle@@YAMPAVsizebuf_t@@@Z 0042f03a f   msg.obj
 0001:0002e054       ?MSG_ReadAngle16@@YAMPAVsizebuf_t@@@Z 0042f054 f   msg.obj
 0001:0002e06e       ?MSG_ReadData@@YAXPAVsizebuf_t@@PAXH@Z 0042f06e f   msg.obj
 0001:0002e091       ?Netchan_Init@@YAXXZ       0042f091 f   net_chan.obj
 0001:0002e100       ?Netchan_OutOfBandPrint@@YAXW4netsrc_t@@Unetadr_t@@PBDZZ 0042f100 f   net_chan.obj
 0001:0002e185       ?Setup@netchan_t@@QAEXW4netsrc_t@@Unetadr_t@@H@Z 0042f185 f   net_chan.obj
 0001:0002e1da       ?NeedReliable@netchan_t@@QAE_NXZ 0042f1da f   net_chan.obj
 0001:0002e1ff       ?Transmit@netchan_t@@QAEXPAXH@Z 0042f1ff f   net_chan.obj
 0001:0002e395       ?Process@netchan_t@@QAE_NPAVsizebuf_t@@@Z 0042f395 f   net_chan.obj
 0001:0002e4c2       ?Pmove@@YAXPAUpmove_t@@@Z  0042f4c2 f   pmove.obj
 0001:00030128       ?NormalizeColor@@YAMABUCVec3@@AAU1@@Z 00431128 f   q_shared2.obj
 0001:00030184       ?NormalizeColor255@@YAMABUCVec3@@AAU1@@Z 00431184 f   q_shared2.obj
 0001:000301e4       ?appRsqrt@@YAMM@Z          004311e4 f   q_shared2.obj
 0001:00030210       ?AngleVectors@@YAXABUCVec3@@PAU1@11@Z 00431210 f   q_shared2.obj
 0001:00030371       ?MakeNormalVectors@@YAXABUCVec3@@AAU1@1@Z 00431371 f   q_shared2.obj
 0001:000303e0       ?Vec2Angles@@YAXABUCVec3@@AAU1@@Z 004313e0 f   q_shared2.obj
 0001:000304e3       ?Vec2Yaw@@YAMABUCVec3@@@Z  004314e3 f   q_shared2.obj
 0001:00030556       ?VectorLength@@YAMABUCVec3@@@Z 00431556 f   q_shared2.obj
 0001:00030585       ?VectorDistance@@YAMABUCVec3@@0@Z 00431585 f   q_shared2.obj
 0001:000305b6       ?LerpAngle@@YAMMMM@Z       004315b6 f   q_shared2.obj
 0001:000305f9       ?AngleMod@@YAMM@Z          004315f9 f   q_shared2.obj
 0001:00030625       ?AngleSubtract@@YAMMM@Z    00431625 f   q_shared2.obj
 0001:0003065c       ?AnglesSubtract@@YAXABUCVec3@@0AAU1@@Z 0043165c f   q_shared2.obj
 0001:000306b4       ?Normalize@CVec3@@QAEMXZ   004316b4 f   q_shared2.obj
 0001:00030706       ?VectorNormalize@@YAMABUCVec3@@AAU1@@Z 00431706 f   q_shared2.obj
 0001:0003076f       ?NormalizeFast@CVec3@@QAEMXZ 0043176f f   q_shared2.obj
 0001:000307c0       ?cross@@YAXABUCVec3@@0AAU1@@Z 004317c0 f   q_shared2.obj
 0001:000307fb       ?Clear@CBox@@QAEXXZ        004317fb f   q_shared2.obj
 0001:00030819       ?Expand@CBox@@QAEXABUCVec3@@@Z 00431819 f   q_shared2.obj
 0001:00030848       ?Expand@CBox@@QAEXABU1@@Z  00431848 f   q_shared2.obj
 0001:00030884       ?GetCenter@CBox@@QAEXAAUCVec3@@@Z 00431884 f   q_shared2.obj
 0001:000308a4       ?OnPlaneSide@CBox@@QBEHABUcplane_t@@@Z 004318a4 f   q_shared2.obj
 0001:000309d3       ?FromAngles@CAxis@@QAEXABUCVec3@@@Z 004319d3 f   q_shared2.obj
 0001:00030a12       ?TransformVector@CAxis@@QBEXABUCVec3@@AAU2@@Z 00431a12 f   q_shared2.obj
 0001:00030a63       ?UnTransformVector@CAxis@@QBEXABUCVec3@@AAU2@@Z 00431a63 f   q_shared2.obj
 0001:00030ac7       ?TransformAxis@CAxis@@QBEXABU1@AAU1@@Z 00431ac7 f   q_shared2.obj
 0001:00030b0d       ?UnTransformAxis@CAxis@@QBEXABU1@AAU1@@Z 00431b0d f   q_shared2.obj
 0001:00030b53       ?TransformPoint@CCoords@@QBEXABUCVec3@@AAU2@@Z 00431b53 f   q_shared2.obj
 0001:00030bb1       ?UnTransformPoint@CCoords@@QBEXABUCVec3@@AAU2@@Z 00431bb1 f   q_shared2.obj
 0001:00030c1e       ?UnTransformCoords@CCoords@@QBEXABU1@AAU1@@Z 00431c1e f   q_shared2.obj
 0001:00030c48       ?TransformPlane@CCoords@@QBEXABUcplane_t@@AAU2@@Z 00431c48 f   q_shared2.obj
 0001:00030c80       ?TransformPoint@@YAXABUCVec3@@ABUCAxis@@0AAU1@@Z 00431c80 f   q_shared2.obj
 0001:00030ce3       ?UnTransformPoint@@YAXABUCVec3@@ABUCAxis@@0AAU1@@Z 00431ce3 f   q_shared2.obj
 0001:00030d53       ?COM_Parse@@YAPADAAPBD_N@Z 00431d53 f   q_shared2.obj
 0001:00030e73       ?COM_QuoteString@@YAPBDPBD_N@Z 00431e73 f   q_shared2.obj
 0001:00030ee5       ?FileExists@CQuakeFileSystem@@UAE_NPBDI@Z 00431ee5 f i QuakeFileSystem.obj
 0001:00030f4c       ?CheckFilename@CQuakeFileSystem@@AAEXPBD@Z 00431f4c f i QuakeFileSystem.obj
 0001:00030feb       ?OpenFile@CQuakeFileSystem@@UAEPAVCFile@@PBDI@Z 00431feb f i QuakeFileSystem.obj
 0001:0003107b       ?List@CQuakeFileSystem@@UAEPAVCFileList@@PBDIPAV2@@Z 0043207b f i QuakeFileSystem.obj
 0001:000310f6       ?FS_Gamedir@@YAPBDXZ       004320f6 f   QuakeFileSystem.obj
 0001:000310fc       ?FS_NextPath@@YAPBDPBD@Z   004320fc f   QuakeFileSystem.obj
 0001:0003113c       ?FS_CopyFile@@YAXPBD0@Z    0043213c f   QuakeFileSystem.obj
 0001:00031212       ?FS_CopyFiles@@YAXPBD0@Z   00432212 f   QuakeFileSystem.obj
 0001:0003132c       ?FS_RemoveFiles@@YAXPBD@Z  0043232c f   QuakeFileSystem.obj
 0001:000313e7       ?InitFileSystem@@YAXXZ     004323e7 f   QuakeFileSystem.obj
 0001:0003151b       ?Create@CFileContainerPak@@SAPAVCFileContainer@@PBDPAU_iobuf@@@Z 0043251b f i QuakeFileSystem.obj
 0001:00031684       ??0CFileContainerArc@@QAE@XZ 00432684 f i QuakeFileSystem.obj
 0001:000316cb       ?GetType@CFileContainerPak@@MAEPBDXZ 004326cb f i QuakeFileSystem.obj
 0001:000316d1       ?OpenFile@CFileContainerPak@@MAEPAVCFile@@ABVCStringItem@@@Z 004326d1 f i QuakeFileSystem.obj
 0001:0003171e       ?Read@CFilePak@CFileContainerPak@@UAEHPAXH@Z 0043271e f i QuakeFileSystem.obj
 0001:00031757       ?GetSize@CFilePak@CFileContainerPak@@UAEHXZ 00432757 f i QuakeFileSystem.obj
 0001:0003175e       ?Eof@CFilePak@CFileContainerPak@@UAE_NXZ 0043275e f i QuakeFileSystem.obj
 0001:0003176b       ??_ECFilePak@CFileContainerPak@@UAEPAXI@Z 0043276b f i QuakeFileSystem.obj
 0001:0003176b       ??_GCFilePak@CFileContainerPak@@UAEPAXI@Z 0043276b f i QuakeFileSystem.obj
 0001:0003179d       ??_ECFileContainerZip@@UAEPAXI@Z 0043279d f i QuakeFileSystem.obj
 0001:0003179d       ??_GCFileContainerArc@@UAEPAXI@Z 0043279d f i QuakeFileSystem.obj
 0001:0003179d       ??_ECFileContainerArc@@UAEPAXI@Z 0043279d f i QuakeFileSystem.obj
 0001:0003179d       ??_GCZResource@@UAEPAXI@Z  0043279d f i QuakeFileSystem.obj
 0001:0003179d       ??_ECFileContainerPak@@UAEPAXI@Z 0043279d f i QuakeFileSystem.obj
 0001:0003179d       ??_GCFileContainerPak@@UAEPAXI@Z 0043279d f i QuakeFileSystem.obj
 0001:0003179d       ??_ECZResource@@UAEPAXI@Z  0043279d f i QuakeFileSystem.obj
 0001:0003179d       ??_GCFileContainerZip@@UAEPAXI@Z 0043279d f i QuakeFileSystem.obj
 0001:000317c9       ?Create@CFileContainerZip@@SAPAVCFileContainer@@PBDPAU_iobuf@@@Z 004327c9 f i QuakeFileSystem.obj
 0001:00031ad3       ?GetType@CFileContainerZip@@MAEPBDXZ 00432ad3 f i QuakeFileSystem.obj
 0001:00031ad9       ?OpenFile@CFileContainerZip@@MAEPAVCFile@@ABVCStringItem@@@Z 00432ad9 f i QuakeFileSystem.obj
 0001:00031b75       ??0CFilePak@CFileContainerZip@@QAE@ABVCFileInfo@1@PAU_iobuf@@@Z 00432b75 f i QuakeFileSystem.obj
 0001:00031bc5       ?Read@CFilePak@CFileContainerZip@@UAEHPAXH@Z 00432bc5 f i QuakeFileSystem.obj
 0001:00031d0e       ?GetSize@CFilePak@CFileContainerZip@@UAEHXZ 00432d0e f i QuakeFileSystem.obj
 0001:00031d18       ?Eof@CFilePak@CFileContainerZip@@UAE_NXZ 00432d18 f i QuakeFileSystem.obj
 0001:00031d2b       ??_ECFilePak@CFileContainerZip@@UAEPAXI@Z 00432d2b f i QuakeFileSystem.obj
 0001:00031d2b       ??_GCFilePak@CFileContainerZip@@UAEPAXI@Z 00432d2b f i QuakeFileSystem.obj
 0001:00031d47       ??1CFilePak@CFileContainerZip@@UAE@XZ 00432d47 f i QuakeFileSystem.obj
 0001:00031db6       ?Mount@CZResource@@SAPAVCFileContainer@@PBDPBE0PAVCFileSystem@@@Z 00432db6 f i QuakeFileSystem.obj
 0001:00031f62       ?GetType@CZResource@@MAEPBDXZ 00432f62 f i QuakeFileSystem.obj
 0001:00031f68       ?OpenFile@CZResource@@MAEPAVCFile@@ABVCStringItem@@@Z 00432f68 f i QuakeFileSystem.obj
 0001:00031f96       ??0CFileRes@CZResource@@QAE@ABVCFileInfo@1@PBXH@Z 00432f96 f i QuakeFileSystem.obj
 0001:00032049       ?Read@CFileRes@CZResource@@UAEHPAXH@Z 00433049 f i QuakeFileSystem.obj
 0001:0003209b       ?GetSize@CFileRes@CZResource@@UAEHXZ 0043309b f i QuakeFileSystem.obj
 0001:000320a2       ?Eof@CFileRes@CZResource@@UAE_NXZ 004330a2 f i QuakeFileSystem.obj
 0001:000320af       ??_GCFileRes@CZResource@@UAEPAXI@Z 004330af f i QuakeFileSystem.obj
 0001:000320af       ??_ECFileRes@CZResource@@UAEPAXI@Z 004330af f i QuakeFileSystem.obj
 0001:000320de       ?MountGame@CQuakeFileSystem@@QAEXPBD@Z 004330de f i QuakeFileSystem.obj
 0001:00032129       ?SetGameDir@CQuakeFileSystem@@QAE_NPBD@Z 00433129 f i QuakeFileSystem.obj
 0001:00032329       ?FS_Tick@@YAXXZ            00433329 f   QuakeFileSystem.obj
 0001:00032472       ?CDAudio_Play@@YAXH_N@Z    00433472 f   cd_win.obj
 0001:00032660       ?CDAudio_Stop@@YAXXZ       00433660 f   cd_win.obj
 0001:00032721       ?CDAudio_Update@@YAXXZ     00433721 f   cd_win.obj
 0001:000327c4       ?CDAudio_Init@@YA_NXZ      004337c4 f   cd_win.obj
 0001:00032be5       ?CDAudio_Shutdown@@YAXXZ   00433be5 f   cd_win.obj
 0001:00032c08       ?CDAudio_Activate@@YAX_N@Z 00433c08 f   cd_win.obj
 0001:00032c19       ?IN_Init@@YAXXZ            00433c19 f   in_win.obj
 0001:00032ea6       ?IN_Shutdown@@YAXXZ        00433ea6 f   in_win.obj
 0001:00033102       ?IN_Activate@@YAX_N@Z      00434102 f   in_win.obj
 0001:0003310c       ?IN_Frame@@YAXXZ           0043410c f   in_win.obj
 0001:0003346e       ?IN_Move@@YAXPAUusercmd_t@@@Z 0043446e f   in_win.obj
 0001:00033917       ?NET_CompareAdr@@YA_NPAUnetadr_t@@0@Z 00434917 f   net_wins.obj
 0001:0003394d       ?NET_CompareBaseAdr@@YA_NPAUnetadr_t@@0@Z 0043494d f   net_wins.obj
 0001:00033976       ?NET_AdrToString@@YAPBDPAUnetadr_t@@@Z 00434976 f   net_wins.obj
 0001:000339b9       ?NET_StringToAdr@@YA_NPBDPAUnetadr_t@@F@Z 004349b9 f   net_wins.obj
 0001:00033acd       ?NET_IsLocalAddress@@YA_NPAUnetadr_t@@@Z 00434acd f   net_wins.obj
 0001:00033ad9       ?NET_GetPacket@@YA_NW4netsrc_t@@PAUnetadr_t@@PAVsizebuf_t@@@Z 00434ad9 f   net_wins.obj
 0001:00033c34       ?NET_SendPacket@@YAXW4netsrc_t@@HPAXUnetadr_t@@@Z 00434c34 f   net_wins.obj
 0001:00033d4f       ?NET_Config@@YAX_N@Z       00434d4f f   net_wins.obj
 0001:00033f27       ?NET_Init@@YAXXZ           00434f27 f   net_wins.obj
 0001:00033fda       ?SNDDMA_Init@@YA_NXZ       00434fda f   snd_win.obj
 0001:00034621       ?SNDDMA_GetDMAPos@@YAHXZ   00435621 f   snd_win.obj
 0001:0003466b       ?SNDDMA_BeginPainting@@YAXXZ 0043566b f   snd_win.obj
 0001:00034783       ?SNDDMA_Submit@@YAXXZ      00435783 f   snd_win.obj
 0001:000347a8       ?SNDDMA_Shutdown@@YAXXZ    004357a8 f   snd_win.obj
 0001:000347ad       ?S_Activate@@YAX_N@Z       004357ad f   snd_win.obj
 0001:000347fb       ?Write@COutputDeviceWin32Console@@UAEXPBD@Z 004357fb f i sys_win.obj
 0001:00034873       ?EraseInput@COutputDeviceWin32Console@@QAEXXZ 00435873 f i sys_win.obj
 0001:000348f9       ??_GCOutputDevice@@UAEPAXI@Z 004358f9 f i sys_win.obj
 0001:000348f9       ??_ECOutputDevice@@UAEPAXI@Z 004358f9 f i sys_win.obj
 0001:000348f9       ??_ECOutputDeviceLog@@UAEPAXI@Z 004358f9 f i sys_win.obj
 0001:000348f9       ??_GCOutputDeviceLog@@UAEPAXI@Z 004358f9 f i sys_win.obj
 0001:000348f9       ??_ECOutputDeviceWin32Console@@UAEPAXI@Z 004358f9 f i sys_win.obj
 0001:000348f9       ??_GCOutputDeviceWin32Console@@UAEPAXI@Z 004358f9 f i sys_win.obj
 0001:000348f9       ??_GCOutputDeviceNull@@UAEPAXI@Z 004358f9 f i sys_win.obj
 0001:000348f9       ??_ECOutputDeviceNull@@UAEPAXI@Z 004358f9 f i sys_win.obj
 0001:00034916       ?Sys_ConsoleInput@@YAPADXZ 00435916 f   sys_win.obj
 0001:00034b9f       ?Sys_ProcessMessages@@YAXXZ 00435b9f f   sys_win.obj
 0001:00034c58       _WinMain@16                00435c58 f   sys_win.obj
 0001:00034f31       ??_ECOutputDeviceCon@@UAEPAXI@Z 00435f31 f i sys_win.obj
 0001:00034f31       ??_GCOutputDeviceCon@@UAEPAXI@Z 00435f31 f i sys_win.obj
 0001:00034fd6       ?Init@COutputDeviceWin32Console@@QAEXXZ 00435fd6 f i sys_win.obj
 0001:00035000       ?AddMsgHook@@YAXP6A_NIIJ@Z@Z 00436000 f   vid_dll.obj
 0001:00035044       ?RemoveMsgHook@@YAXP6A_NIIJ@Z@Z 00436044 f   vid_dll.obj
 0001:00035073       ?Vid_CreateWindow@@YAPAXHH_N@Z 00436073 f   vid_dll.obj
 0001:00035783       ?Vid_DestroyWindow@@YAX_N@Z 00436783 f   vid_dll.obj
 0001:000357bf       ?Vid_Restart@@YAXXZ        004367bf f   vid_dll.obj
 0001:000357cb       ?Vid_GetModeInfo@@YA_NPAH0H@Z 004367cb f   vid_dll.obj
 0001:000357fb       ?Vid_Tick@@YAXXZ           004367fb f   vid_dll.obj
 0001:000359ab       ?Vid_Init@@YAXXZ           004369ab f   vid_dll.obj
 0001:00035a4e       ?Vid_Shutdown@@YAXXZ       00436a4e f   vid_dll.obj
 0001:00035a6d       ?Tesselate@surfacePlanar_t@OpenGLDrv@@UAEXAAUrefEntity_t@2@@Z 00436a6d f   gl_backend.obj
 0001:00036449       ?Negate@CVec3@@QAEXXZ      00437449 f i gl_backend.obj
 0001:00038081       ?Tesselate@surfacePoly_t@OpenGLDrv@@UAEXAAUrefEntity_t@2@@Z 00439081 f   gl_backend.obj
 0001:00038188       ?Tesselate@surfaceMd3_t@OpenGLDrv@@UAEXAAUrefEntity_t@2@@Z 00439188 f   gl_backend.obj
 0001:00038517       ?DrawTriangles@OpenGLDrv@@YA_NXZ 00439517 f   gl_backend.obj
 0001:0003862c       ?DrawNormals@OpenGLDrv@@YA_NXZ 0043962c f   gl_backend.obj
 0001:00038736       ?Tesselate@surfaceEntity_t@OpenGLDrv@@UAEXAAUrefEntity_t@2@@Z 00439736 f   gl_backend.obj
 0001:0003881a       ?Tesselate@surfaceParticle_t@OpenGLDrv@@UAEXAAUrefEntity_t@2@@Z 0043981a f   gl_backend.obj
 0001:00038a6a       ?BK_DrawScene@OpenGLDrv@@YAXXZ 00439a6a f   gl_backend.obj
 0001:00039092       ?BK_DrawPic@OpenGLDrv@@YAXPAVshader_t@1@HHHHMMMMIE@Z 0043a092 f   gl_backend.obj
 0001:00039273       ?BK_DrawText@OpenGLDrv@@YAXPBDHHHHHI@Z 0043a273 f   gl_backend.obj
 0001:00039468       ?BK_BeginFrame@OpenGLDrv@@YAXXZ 0043a468 f   gl_backend.obj
 0001:000394cc       ?BK_EndFrame@OpenGLDrv@@YAXXZ 0043a4cc f   gl_backend.obj
 0001:0003950b       ?BK_Init@OpenGLDrv@@YAXXZ  0043a50b f   gl_backend.obj
 0001:0003953a       ?BK_Shutdown@OpenGLDrv@@YAXXZ 0043a53a f   gl_backend.obj
 0001:00039552       ?AllocDynamicMemory@OpenGLDrv@@YAPAXH@Z 0043a552 f   gl_buffers.obj
 0001:000395bd       ?ResizeDynamicMemory@OpenGLDrv@@YAXPAXH@Z 0043a5bd f   gl_buffers.obj
 0001:000395ff       ?AddSurfaceToPortal@OpenGLDrv@@YAXPAVsurfaceBase_t@1@PAVshader_t@1@HH@Z 0043a5ff f   gl_buffers.obj
 0001:00039670       ?InsertShaderIndex@OpenGLDrv@@YAXH@Z 0043a670 f   gl_buffers.obj
 0001:000396a9       ?ClearPortal@OpenGLDrv@@YAXXZ 0043a6a9 f   gl_buffers.obj
 0001:000396c7       ?SortSurfaces@OpenGLDrv@@YAXPAUviewPortal_t@1@PAPAUsurfaceInfo_t@1@@Z 0043a6c7 f   gl_buffers.obj
 0001:00039859       ?ClearBuffers@OpenGLDrv@@YAXXZ 0043a859 f   gl_buffers.obj
 0001:00039870       ?CreateBuffers@OpenGLDrv@@YAXXZ 0043a870 f   gl_buffers.obj
 0001:00039896       ?FreeBuffers@OpenGLDrv@@YAXXZ 0043a896 f   gl_buffers.obj
 0001:000398ba       ?InitEntity@model_t@OpenGLDrv@@UAE_NPAUentity_t@@PAUrefEntity_t@2@@Z 0043a8ba f   gl_frontend.obj
 0001:000398bf       ?AddSurfaces@model_t@OpenGLDrv@@UAEXPAUrefEntity_t@2@@Z 0043a8bf f   gl_frontend.obj
 0001:000398ed       ?GetLeaf@model_t@OpenGLDrv@@UAEPAUnode_t@2@PAUrefEntity_t@2@@Z 0043a8ed f   gl_frontend.obj
 0001:000398fe       ?DrawLabel@model_t@OpenGLDrv@@UAEXPAUrefEntity_t@2@@Z 0043a8fe f   gl_frontend.obj
 0001:00039901       ?InitEntity@inlineModel_t@OpenGLDrv@@UAE_NPAUentity_t@@PAUrefEntity_t@2@@Z 0043a901 f   gl_frontend.obj
 0001:00039953       ?AddSurfaces@inlineModel_t@OpenGLDrv@@UAEXPAUrefEntity_t@2@@Z 0043a953 f   gl_frontend.obj
 0001:00039e41       ?GetLeaf@inlineModel_t@OpenGLDrv@@UAEPAUnode_t@2@PAUrefEntity_t@2@@Z 0043ae41 f   gl_frontend.obj
 0001:00039fe6       ?DrawLabel@inlineModel_t@OpenGLDrv@@UAEXPAUrefEntity_t@2@@Z 0043afe6 f   gl_frontend.obj
 0001:0003a02c       ?InitEntity@md3Model_t@OpenGLDrv@@UAE_NPAUentity_t@@PAUrefEntity_t@2@@Z 0043b02c f   gl_frontend.obj
 0001:0003a20a       ?AddSurfaces@md3Model_t@OpenGLDrv@@UAEXPAUrefEntity_t@2@@Z 0043b20a f   gl_frontend.obj
 0001:0003a344       ?GetLeaf@md3Model_t@OpenGLDrv@@UAEPAUnode_t@2@PAUrefEntity_t@2@@Z 0043b344 f   gl_frontend.obj
 0001:0003a37c       ?DrawLabel@md3Model_t@OpenGLDrv@@UAEXPAUrefEntity_t@2@@Z 0043b37c f   gl_frontend.obj
 0001:0003a3e2       ?InitEntity@sprModel_t@OpenGLDrv@@UAE_NPAUentity_t@@PAUrefEntity_t@2@@Z 0043b3e2 f   gl_frontend.obj
 0001:0003a402       ?AddSurfaces@sprModel_t@OpenGLDrv@@UAEXPAUrefEntity_t@2@@Z 0043b402 f   gl_frontend.obj
 0001:0003a585       ?GetLeaf@sprModel_t@OpenGLDrv@@UAEPAUnode_t@2@PAUrefEntity_t@2@@Z 0043b585 f   gl_frontend.obj
 0001:0003a666       ?AddEntity@OpenGLDrv@@YAXPAUentity_t@@@Z 0043b666 f   gl_frontend.obj
 0001:0003a7f5       ?AddDlight@OpenGLDrv@@YAXPAUdlight_t@@@Z 0043b7f5 f   gl_frontend.obj
 0001:0003a9ad       ?DrawPortal@OpenGLDrv@@YAXXZ 0043b9ad f   gl_frontend.obj
 0001:0003c9d5       ?GL_TextureMode@OpenGLDrv@@YAXPBD@Z 0043d9d5 f   gl_image.obj
 0001:0003ca7d       ?CreateImage@OpenGLDrv@@YAPAVimage_t@1@PBDPAXHHI@Z 0043da7d f   gl_image.obj
 0001:0003d81e       ?LoadDelayedImages@OpenGLDrv@@YAXXZ 0043e81e f   gl_image.obj
 0001:0003d8b1       ?DrawStretchRaw8@OpenGLDrv@@YAXHHHHHHPAEPAI@Z 0043e8b1 f   gl_image.obj
 0001:0003dc88       ?SetupGamma@OpenGLDrv@@YAXXZ 0043ec88 f   gl_image.obj
 0001:0003ddce       ?PerformScreenshot@OpenGLDrv@@YAXXZ 0043edce f   gl_image.obj
 0001:0003e03e       ?InitImages@OpenGLDrv@@YAXXZ 0043f03e f   gl_image.obj
 0001:0003e81b       ?ShutdownImages@OpenGLDrv@@YAXXZ 0043f81b f   gl_image.obj
 0001:0003e882       ?ShowImages@OpenGLDrv@@YAXXZ 0043f882 f   gl_image.obj
 0001:0003eb0e       ?FindImage@OpenGLDrv@@YAPAVimage_t@1@PBDI@Z 0043fb0e f   gl_image.obj
 0001:0003ee8a       ?GL_Lock@OpenGLDrv@@YAXXZ  0043fe8a f   gl_interface.obj
 0001:0003ef02       ?GL_Unlock@OpenGLDrv@@YAXXZ 0043ff02 f   gl_interface.obj
 0001:0003f0c4       ?GL_Bind@OpenGLDrv@@YAXPBVimage_t@1@@Z 004400c4 f   gl_interface.obj
 0001:0003f1ee       ?GL_BindForce@OpenGLDrv@@YAXPBVimage_t@1@@Z 004401ee f   gl_interface.obj
 0001:0003f26c       ?GL_TexEnv@OpenGLDrv@@YAXI@Z 0044026c f   gl_interface.obj
 0001:0003f3eb       ?GL_TexMipBias@OpenGLDrv@@YAXM@Z 004403eb f   gl_interface.obj
 0001:0003f446       ?GL_TexEnvColor@OpenGLDrv@@YAXPBTcolor_t@@@Z 00440446 f   gl_interface.obj
 0001:0003f4f6       ?GL_SelectTexture@OpenGLDrv@@YAXH@Z 004404f6 f   gl_interface.obj
 0001:0003f557       ?GL_TexCoordPointer@OpenGLDrv@@YAXPAX@Z 00440557 f   gl_interface.obj
 0001:0003f587       ?GL_SetMultitexture@OpenGLDrv@@YAXH@Z 00440587 f   gl_interface.obj
 0001:0003f66d       ?GL_DisableTexCoordArrays@OpenGLDrv@@YAXXZ 0044066d f   gl_interface.obj
 0001:0003f6c1       ?GL_CullFace@OpenGLDrv@@YAXW4gl_cullMode_t@1@@Z 004406c1 f   gl_interface.obj
 0001:0003f712       ?GL_DepthRange@OpenGLDrv@@YAXW4gl_depthMode_t@1@@Z 00440712 f   gl_interface.obj
 0001:0003f745       ?GL_State@OpenGLDrv@@YAXI@Z 00440745 f   gl_interface.obj
 0001:0003f895       ?GL_EnableFog@OpenGLDrv@@YAX_N@Z 00440895 f   gl_interface.obj
 0001:0003f98d       ?GL_SetDefaultState@OpenGLDrv@@YAXXZ 0044098d f   gl_interface.obj
 0001:0003fae9       ?GL_Set2DMode@OpenGLDrv@@YAXXZ 00440ae9 f   gl_interface.obj
 0001:0003fbe4       ?GL_Set3DMode@OpenGLDrv@@YAXPAUviewPortal_t@1@@Z 00440be4 f   gl_interface.obj
 0001:0003fccc       ?ShowLights@OpenGLDrv@@YAXXZ 00440ccc f   gl_light.obj
 0001:000400b5       ?LightForEntity@OpenGLDrv@@YAXPAUrefEntity_t@1@@Z 004410b5 f   gl_light.obj
 0001:00041347       ?DiffuseLight@OpenGLDrv@@YAXPATcolor_t@@M@Z 00442347 f   gl_light.obj
 0001:00041593       ?InitLightGrid@OpenGLDrv@@YAXXZ 00442593 f   gl_light.obj
 0001:00041639       ?PostLoadLights@OpenGLDrv@@YAXXZ 00442639 f   gl_light.obj
 0001:000418c9       ?LM_Init@OpenGLDrv@@YAXXZ  004428c9 f   gl_lightmap.obj
 0001:000418df       ?LM_Flush@OpenGLDrv@@YAXPAUlightmapBlock_t@1@@Z 004428df f   gl_lightmap.obj
 0001:0004193c       ?LM_Done@OpenGLDrv@@YAXXZ  0044293c f   gl_lightmap.obj
 0001:00041963       ?LM_Save@OpenGLDrv@@YAXPAUlightmapBlock_t@1@@Z 00442963 f   gl_lightmap.obj
 0001:0004197b       ?LM_Restore@OpenGLDrv@@YAXPAUlightmapBlock_t@1@@Z 0044297b f   gl_lightmap.obj
 0001:00041993       ?LM_NewBlock@OpenGLDrv@@YAPAUlightmapBlock_t@1@XZ 00442993 f   gl_lightmap.obj
 0001:000419f2       ?LM_Rewind@OpenGLDrv@@YAXXZ 004429f2 f   gl_lightmap.obj
 0001:000419fa       ?LM_NextBlock@OpenGLDrv@@YAPAUlightmapBlock_t@1@XZ 004429fa f   gl_lightmap.obj
 0001:00041a27       ?LM_CheckMinlight@OpenGLDrv@@YAXPAUdynamicLightmap_t@1@@Z 00442a27 f   gl_lightmap.obj
 0001:00041abd       ?LM_AllocBlock@OpenGLDrv@@YA_NPAUlightmapBlock_t@1@PAUdynamicLightmap_t@1@@Z 00442abd f   gl_lightmap.obj
 0001:00041b74       ?LM_PutBlock@OpenGLDrv@@YAXPAUdynamicLightmap_t@1@@Z 00442b74 f   gl_lightmap.obj
 0001:00041fa1       ?LM_SortLightStyles@OpenGLDrv@@YAXPAUdynamicLightmap_t@1@@Z 00442fa1 f   gl_lightmap.obj
 0001:00042032       ?UpdateDynamicLightmap@OpenGLDrv@@YAXPAVsurfacePlanar_t@1@_NI@Z 00443032 f   gl_lightmap.obj
 0001:00042544       ?LM_IsMonotone@OpenGLDrv@@YA_NPAUdynamicLightmap_t@1@PATcolor_t@@@Z 00443544 f   gl_lightmap.obj
 0001:0004264b       ?Init@OpenGLDrv@@YA_NXZ    0044364b f   gl_main.obj
 0001:00042c90       ?Shutdown@OpenGLDrv@@YAX_N@Z 00443c90 f   gl_main.obj
 0001:00042d19       ?GL_EnableRendering@OpenGLDrv@@YAX_N@Z 00443d19 f   gl_main.obj
 0001:00042d34       ?BeginFrame@OpenGLDrv@@YAXN@Z 00443d34 f   gl_main.obj
 0001:00042e5e       ?EndFrame@OpenGLDrv@@YAXXZ 00443e5e f   gl_main.obj
 0001:00042e76       ?RenderFrame@OpenGLDrv@@YAXPAUrefdef_t@@@Z 00443e76 f   gl_main.obj
 0001:0004373e       ?Fill8@OpenGLDrv@@YAXHHHHH@Z 0044473e f   gl_main.obj
 0001:00043781       ?Fill@OpenGLDrv@@YAXHHHHI@Z 00444781 f   gl_main.obj
 0001:000437bd       ?TileClear@OpenGLDrv@@YAXHHHHPBD@Z 004447bd f   gl_main.obj
 0001:0004385e       ?DrawStretchPic@OpenGLDrv@@YAXHHHHPBD@Z 0044485e f   gl_main.obj
 0001:000438a3       ?DrawDetailedPic@OpenGLDrv@@YAXHHHHPBD@Z 004448a3 f   gl_main.obj
 0001:0004394d       ?DrawPic@OpenGLDrv@@YAXHHPBDHH@Z 0044494d f   gl_main.obj
 0001:000439d5       ?LoadNewWorld@OpenGLDrv@@YAXPBD@Z 004449d5 f   gl_main.obj
 0001:00043a07       ?DumpLoadStats@OpenGLDrv@@YAXXZ 00444a07 f   gl_main.obj
 0001:00043a8d       ?FinishLoadingWorld@OpenGLDrv@@YAXXZ 00444a8d f   gl_main.obj
 0001:00043a92       ?RegisterPic@OpenGLDrv@@YAPAVCBasicImage@@PBD@Z 00444a92 f   gl_main.obj
 0001:00043aa3       ?RegisterSkin@OpenGLDrv@@YAPAVCBasicImage@@PBD_N@Z 00444aa3 f   gl_main.obj
 0001:00043ac1       ?RegisterModel@OpenGLDrv@@YAPAVCRenderModel@@PBD@Z 00444ac1 f   gl_main.obj
 0001:00043acc       ?SetSky@OpenGLDrv@@YAXPBDMABUCVec3@@@Z 00444acc f   gl_main.obj
 0001:00043b6a       ?Screenshot@OpenGLDrv@@YAXHPBD@Z 00444b6a f   gl_main.obj
 0001:00043b91       ?GetClientLight@OpenGLDrv@@YAMXZ 00444b91 f   gl_main.obj
 0001:00043b98       ?InitFuncTables@OpenGLDrv@@YAXXZ 00444b98 f   gl_math.obj
 0001:00043d3e       ?BuildRotationAxis@OpenGLDrv@@YAXAAUCAxis@@ABUCVec3@@M@Z 00444d3e f   gl_math.obj
 0001:00043e35       ?GetBoxRect@OpenGLDrv@@YA_NPBUrefEntity_t@1@ABUCVec3@@QAM2_N@Z 00444e35 f   gl_math.obj
 0001:0004413f       ?ProjectToScreen@OpenGLDrv@@YA_NABUCVec3@@QAH@Z 0044513f f   gl_math.obj
 0001:00044282       ?SaturateColor3f@OpenGLDrv@@YAXAAUCVec3@@@Z 00445282 f   gl_math.obj
 0001:00044372       ?SaturateColor4b@OpenGLDrv@@YAXPATcolor_t@@@Z 00445372 f   gl_math.obj
 0001:00044480       ?SubdividePlane@OpenGLDrv@@YAHPAPAUCVec3@@HM@Z 00445480 f   gl_poly.obj
 0001:00044901       ?FreeSubdividedPlane@OpenGLDrv@@YAXXZ 00445901 f   gl_poly.obj
 0001:00044919       ?GetSubdivideIndexes@OpenGLDrv@@YAXPAH@Z 00445919 f   gl_poly.obj
 0001:0004496c       ?RemoveCollinearPoints@OpenGLDrv@@YAHPAPAUCVec3@@H@Z 0044596c f   gl_poly.obj
 0001:00044a62       ?GetPolyArea@OpenGLDrv@@YAMPAPAUCVec3@@H@Z 00445a62 f   gl_poly.obj
 0001:00044af6       ?InitShaders@OpenGLDrv@@YAXXZ 00445af6 f   gl_shader.obj
 0001:00044c7b       ?ShutdownShaders@OpenGLDrv@@YAXXZ 00445c7b f   gl_shader.obj
 0001:00044cb9       ?GetLightmapImage@OpenGLDrv@@YAPAVimage_t@1@H@Z 00445cb9 f   gl_shader.obj
 0001:00044ce1       ?SetShaderLightmap@OpenGLDrv@@YAPAVshader_t@1@PAV21@H@Z 00445ce1 f   gl_shader.obj
 0001:00045000       ??4shader_t@OpenGLDrv@@QAEAAV01@ABV01@@Z 00446000 f i gl_shader.obj
 0001:00045236       ?SetShaderLightstyles@OpenGLDrv@@YAPAVshader_t@1@PAV21@I@Z 00446236 f   gl_shader.obj
 0001:000452d2       ?GetAlphaShader@OpenGLDrv@@YAPAVshader_t@1@PAV21@@Z 004462d2 f   gl_shader.obj
 0001:000456c8       ?FindShader@OpenGLDrv@@YAPAVshader_t@1@PBDI@Z 004466c8 f   gl_shader.obj
 0001:00047038       ?GetShaderByNum@OpenGLDrv@@YAPAVshader_t@1@H@Z 00448038 f   gl_shader.obj
 0001:00047056       ?ResetShaders@OpenGLDrv@@YAXXZ 00448056 f   gl_shader.obj
 0001:00047241       ?Reload@shader_t@OpenGLDrv@@UAEXXZ 00448241 f   gl_shader.obj
 0001:00047270       ?ClearSky@OpenGLDrv@@YAXXZ 00448270 f   gl_sky.obj
 0001:000472cd       ?AddSkySurface@OpenGLDrv@@YAXPAVsurfacePlanar_t@1@E@Z 004482cd f   gl_sky.obj
 0001:00047895       ?DrawSky@OpenGLDrv@@YAXXZ  00448895 f   gl_sky.obj
 0001:00047f39       ?DrawChar@OpenGLDrv@@YAXHHHH@Z 00448f39 f   gl_text.obj
 0001:00047f93       ?ClearTexts@OpenGLDrv@@YAXXZ 00448f93 f   gl_text.obj
 0001:00047fa8       ?FlushTexts@OpenGLDrv@@YAXXZ 00448fa8 f   gl_text.obj
 0001:00048054       ?DrawTextPos@OpenGLDrv@@YAXHHPBDI@Z 00449054 f   gl_text.obj
 0001:00048080       ?DrawTextLeft@OpenGLDrv@@YAXPBDI@Z 00449080 f   gl_text.obj
 0001:00048107       ?DrawTextRight@OpenGLDrv@@YAXPBDI@Z 00449107 f   gl_text.obj
 0001:00048151       ?DrawText3D@OpenGLDrv@@YAXABUCVec3@@PBDI@Z 00449151 f   gl_text.obj
 0001:0004817e       ?InitTexts@OpenGLDrv@@YAXXZ 0044917e f   gl_text.obj
 0001:00048198       ??0?$TTextContainer@UCRText@OpenGLDrv@@$0BAAAA@@@QAE@XZ 00449198 f i gl_text.obj
 0001:000481bd       ?FindModel@OpenGLDrv@@YAPAVmodel_t@1@PBD@Z 004491bd f   gl_model.obj
 0001:00048399       ?FreeModels@OpenGLDrv@@YAXXZ 00449399 f   gl_model.obj
 0001:0004840b       ?InitModels@OpenGLDrv@@YAXXZ 0044940b f   gl_model.obj
 0001:00048501       ?ShutdownModels@OpenGLDrv@@YAXXZ 00449501 f   gl_model.obj
 0001:00048512       ?LoadWorldMap@OpenGLDrv@@YAXPBD@Z 00449512 f   gl_bspmodel.obj
 0001:0004a01a       ?PointInLeaf@OpenGLDrv@@YAPAUnode_t@1@ABUCVec3@@@Z 0044b01a f   gl_bspmodel.obj
 0001:0004a065       ?CALL_CONSTRUCTOR@@YAXPAVinlineModel_t@OpenGLDrv@@@Z 0044b065 f i gl_bspmodel.obj
 0001:0004a07b       ?LerpTag@model_t@OpenGLDrv@@UBE_NHHMPBDAAUCCoords@@@Z 0044b07b f   gl_trimodel.obj
 0001:0004a089       ?LerpTag@md3Model_t@OpenGLDrv@@UBE_NHHMPBDAAUCCoords@@@Z 0044b089 f   gl_trimodel.obj
 0001:0004a199       ?LoadMd2@OpenGLDrv@@YAPAVmd3Model_t@1@PBDPAEI@Z 0044b199 f   gl_trimodel.obj
 0001:0004acfb       ?ATAN2_FUNC@OpenGLDrv@@YAMMM@Z 0044bcfb f i gl_trimodel.obj
 0001:0004aeb1       ?LoadMd3@OpenGLDrv@@YAPAVmd3Model_t@1@PBDPAEI@Z 0044beb1 f   gl_trimodel.obj
 0001:0004b366       ?LoadSp2@OpenGLDrv@@YAPAVsprModel_t@1@PBDPAEI@Z 0044c366 f   gl_trimodel.obj
 0001:0004b57e       ?LoadSpr@OpenGLDrv@@YAPAVsprModel_t@1@PBDPAEI@Z 0044c57e f   gl_trimodel.obj
 0001:0004b687       ?CALL_CONSTRUCTOR@@YAXPAVmd3Model_t@OpenGLDrv@@@Z 0044c687 f i gl_trimodel.obj
 0001:0004b69d       ?CALL_CONSTRUCTOR@@YAXPAVsprModel_t@OpenGLDrv@@@Z 0044c69d f i gl_trimodel.obj
 0001:0004cc5a       ?QGL_Init@OpenGLDrv@@YA_NPBD@Z 0044dc5a f   GLBind.obj
 0001:0004cd40       ?QGL_Shutdown@OpenGLDrv@@YAXXZ 0044dd40 f   GLBind.obj
 0001:0004cd7d       ?QGL_InitExtensions@OpenGLDrv@@YAXXZ 0044dd7d f   GLBind.obj
 0001:0004d267       ?QGL_PrintExtensionsString@OpenGLDrv@@YAXPBD00@Z 0044e267 f   GLBind.obj
 0001:0004d3b4       ?QGL_EnableLogging@OpenGLDrv@@YAX_N@Z 0044e3b4 f   GLBind.obj
 0001:0004d45a       ?QGL_LogMessage@OpenGLDrv@@YAXPBD@Z 0044e45a f   GLBind.obj
 0001:0004d470       ?QGL_SwapBuffers@OpenGLDrv@@YAXXZ 0044e470 f   GLBind.obj
 0001:0004d4f2       ?GLimp_HasGamma@OpenGLDrv@@YA_NXZ 0044e4f2 f   gl_win.obj
 0001:0004d506       ?GLimp_SetGamma@OpenGLDrv@@YAXM@Z 0044e506 f   gl_win.obj
 0001:0004d6ac       ?GLimp_SetMode@OpenGLDrv@@YA_NPAI0H_N@Z 0044e6ac f   gl_win.obj
 0001:0004da80       ?GLimp_Shutdown@OpenGLDrv@@YAX_N@Z 0044ea80 f   gl_win.obj
 0001:0004db2d       ?AppActivate@OpenGLDrv@@YAX_N@Z 0044eb2d f   gl_win.obj
 0001:0004db9d       _jpeg_CreateDecompress     0044eb9d f   libs:jdapimin.obj
 0001:0004dc5d       _jpeg_read_header          0044ec5d f   libs:jdapimin.obj
 0001:0004dcbf       _jpeg_consume_input        0044ecbf f   libs:jdapimin.obj
 0001:0004df0e       _jpeg_finish_decompress    0044ef0e f   libs:jdapimin.obj
 0001:0004dfa5       _jpeg_start_decompress     0044efa5 f   libs:jdapistd.obj
 0001:0004e112       _jpeg_read_scanlines       0044f112 f   libs:jdapistd.obj
 0001:0004e196       _jpeg_resync_to_restart    0044f196 f   libs:jdmarker.obj
 0001:0004e35b       _jinit_marker_reader       0044f35b f   libs:jdmarker.obj
 0001:0004f826       _jpeg_CreateCompress       00450826 f   libs:jcapimin.obj
 0001:0004f8da       _jpeg_destroy_decompress   004508da f   libs:jcapimin.obj
 0001:0004f8da       _jpeg_destroy_compress     004508da f   libs:jcapimin.obj
 0001:0004f8e5       _jpeg_suppress_tables      004508e5 f   libs:jcapimin.obj
 0001:0004f92f       _jpeg_finish_compress      0045092f f   libs:jcapimin.obj
 0001:0004fa19       _jpeg_start_compress       00450a19 f   libs:jcapistd.obj
 0001:0004fa85       _jpeg_write_scanlines      00450a85 f   libs:jcapistd.obj
 0001:0004fb30       _jpeg_add_quant_table      00450b30 f   libs:jcparam.obj
 0001:0004fbe2       _jpeg_quality_scaling      00450be2 f   libs:jcparam.obj
 0001:0004fc09       _jpeg_set_quality          00450c09 f   libs:jcparam.obj
 0001:0004fc43       _jpeg_set_defaults         00450c43 f   libs:jcparam.obj
 0001:0004fe09       _jpeg_default_colorspace   00450e09 f   libs:jcparam.obj
 0001:0004fe59       _jpeg_set_colorspace       00450e59 f   libs:jcparam.obj
 0001:00050174       _jpeg_stdio_dest           00451174 f   libs:jdatadst.obj
 0001:00050274       _inflateReset              00451274 f   libs:inflate.obj
 0001:000502c2       _inflateInit2_             004512c2 f   libs:inflate.obj
 0001:0005037b       _inflate                   0045137b f   libs:inflate.obj
 0001:00051650       _inflateEnd                00452650 f   libs:inflate.obj
 0001:000517ae       _crc32                     004527ae f   libs:crc32.obj
 0001:00051a48       _jinit_input_controller    00452a48 f   libs:jdinput.obj
 0001:00051f2b       _jinit_memory_mgr          00452f2b f   libs:jmemmgr.obj
 0001:00052a67       _jpeg_abort                00453a67 f   libs:jcomapi.obj
 0001:00052a9a       _jpeg_destroy              00453a9a f   libs:jcomapi.obj
 0001:00052ab5       _jpeg_alloc_quant_table    00453ab5 f   libs:jcomapi.obj
 0001:00052ad1       _jpeg_alloc_huff_table     00453ad1 f   libs:jcomapi.obj
[...]
 0001:0005ed5e       _process_restart           0045fd5e f   libs:jddiffct.obj
 0001:0005cd7e       _dummy_consume_data        0045dd7e f   libs:jdcoefct.obj
 0001:0005ed93       _consume_data              0045fd93 f   libs:jddiffct.obj
 0001:0005ee0a       _output_data               0045fe0a f   libs:jddiffct.obj
 0001:0005e891       _start_pass                0045f891 f   libs:jddctmgr.obj
 0001:0005dce3       _start_pass_phuff_decoder  0045ece3 f   libs:jdphuff.obj
 0001:0005df2c       _decode_mcu_DC_first       0045ef2c f   libs:jdphuff.obj
 0001:0005e124       _process_restart           0045f124 f   libs:jdphuff.obj
 0001:0005e193       _decode_mcu_AC_first       0045f193 f   libs:jdphuff.obj
 0001:0005e3b3       _decode_mcu_DC_refine      0045f3b3 f   libs:jdphuff.obj
 0001:0005e488       _decode_mcu_AC_refine      0045f488 f   libs:jdphuff.obj
 0001:0005d72a       _start_pass_huff_decoder   0045e72a f   libs:jdshuff.obj
 0001:0005d862       _decode_mcu                0045e862 f   libs:jdshuff.obj
 0001:0005dc12       _process_restart           0045ec12 f   libs:jdshuff.obj
 0001:0005cb10       _start_input_pass          0045db10 f   libs:jdcoefct.obj
 0001:0005cb23       _start_iMCU_row            0045db23 f   libs:jdcoefct.obj
 0001:0005cb68       _start_output_pass         0045db68 f   libs:jdcoefct.obj
 0001:0005cba5       _decompress_onepass        0045dba5 f   libs:jdcoefct.obj
 0001:0005cd7e       _dummy_consume_data        0045dd7e f   libs:jdcoefct.obj
 0001:0005cd81       _consume_data              0045dd81 f   libs:jdcoefct.obj
 0001:0005cf3a       _decompress_data           0045df3a f   libs:jdcoefct.obj
 0001:0005d0a6       _smoothing_ok              0045e0a6 f   libs:jdcoefct.obj
 0001:0005d191       _decompress_smooth_data    0045e191 f   libs:jdcoefct.obj
 0001:0005c9a9       _scaler_start_pass         0045d9a9 f   libs:jcscale.obj
 0001:0005c9cc       _simple_downscale          0045d9cc f   libs:jcscale.obj
 0001:0005c9f8       _noscale                   0045d9f8 f   libs:jcscale.obj
 0001:0005c4a1       _start_pass                0045d4a1 f   libs:jcpred.obj
 0001:0005c4f9       _reset_predictor           0045d4f9 f   libs:jcpred.obj
 0001:0005c526       _jpeg_difference_first_row 0045d526 f   libs:jcpred.obj
 0001:0005c610       _jpeg_difference1          0045d610 f   libs:jcpred.obj
 0001:0005c67e       _jpeg_difference2          0045d67e f   libs:jcpred.obj
 0001:0005c6ef       _jpeg_difference3          0045d6ef f   libs:jcpred.obj
 0001:0005c767       _jpeg_difference4          0045d767 f   libs:jcpred.obj
 0001:0005c7f2       _jpeg_difference5          0045d7f2 f   libs:jcpred.obj
 0001:0005c885       _jpeg_difference6          0045d885 f   libs:jcpred.obj
 0001:0005c914       _jpeg_difference7          0045d914 f   libs:jcpred.obj
 0001:0005bd93       _start_pass_huff           0045cd93 f   libs:jclhuff.obj
 0001:0005bf30       _encode_mcus_huff          0045cf30 f   libs:jclhuff.obj
 0001:0005c11b       _emit_bits                 0045d11b f   libs:jclhuff.obj
 0001:0005c1be       _dump_buffer               0045d1be f   libs:jclhuff.obj
 0001:0005c1e2       _emit_restart              0045d1e2 f   libs:jclhuff.obj
 0001:0005c22d       _flush_bits                0045d22d f   libs:jclhuff.obj
 0001:0005c251       _finish_pass_huff          0045d251 f   libs:jclhuff.obj
 0001:0005c2be       _encode_mcus_gather        0045d2be f   libs:jclhuff.obj
 0001:0005c3e7       _finish_pass_gather        0045d3e7 f   libs:jclhuff.obj
 0001:0005aab8       _need_optimization_pass    0045bab8 f   libs:jcshuff.obj
 0001:0005b9b3       _start_pass_diff           0045c9b3 f   libs:jcdiffct.obj
 0001:00059cb9       _start_iMCU_row            0045acb9 f   libs:jccoefct.obj
 0001:0005ba51       _compress_data             0045ca51 f   libs:jcdiffct.obj
 0001:0005bbe7       _compress_first_pass       0045cbe7 f   libs:jcdiffct.obj
 0001:0005bcdc       _compress_output           0045ccdc f   libs:jcdiffct.obj
 0001:0005b5c6       _start_pass_fdctmgr        0045c5c6 f   libs:jcdctmgr.obj
 0001:0005b6c8       _forward_DCT_float         0045c6c8 f   libs:jcdctmgr.obj
 0001:0005aafb       _start_pass_phuff          0045bafb f   libs:jcphuff.obj
 0001:0005ac68       _encode_mcu_DC_first       0045bc68 f   libs:jcphuff.obj
 0001:0005ad9a       _emit_bits                 0045bd9a f   libs:jcphuff.obj
 0001:0005ae45       _dump_buffer               0045be45 f   libs:jcphuff.obj
 0001:0005ae7d       _emit_symbol               0045be7d f   libs:jcphuff.obj
 0001:0005aebd       _emit_restart              0045bebd f   libs:jcphuff.obj
 0001:0005af46       _emit_eobrun               0045bf46 f   libs:jcphuff.obj
 0001:0005afcc       _encode_mcu_AC_first       0045bfcc f   libs:jcphuff.obj
 0001:0005b160       _encode_mcu_DC_refine      0045c160 f   libs:jcphuff.obj
 0001:0005b21a       _encode_mcu_AC_refine      0045c21a f   libs:jcphuff.obj
 0001:0005b431       _finish_pass_phuff         0045c431 f   libs:jcphuff.obj
 0001:0005b480       _finish_pass_gather_phuff  0045c480 f   libs:jcphuff.obj
 0001:0005b543       _need_optimization_pass    0045c543 f   libs:jcphuff.obj
 0001:0005a293       _start_pass_huff           0045b293 f   libs:jcshuff.obj
 0001:0005a408       _encode_mcu_huff           0045b408 f   libs:jcshuff.obj
 0001:0005a513       _encode_one_block          0045b513 f   libs:jcshuff.obj
 0001:0005a68a       _emit_bits                 0045b68a f   libs:jcshuff.obj
 0001:0005a72d       _dump_buffer               0045b72d f   libs:jcshuff.obj
 0001:0005a751       _emit_restart              0045b751 f   libs:jcshuff.obj
 0001:0005a7be       _flush_bits                0045b7be f   libs:jcshuff.obj
 0001:0005a7e2       _finish_pass_huff          0045b7e2 f   libs:jcshuff.obj
 0001:0005a851       _encode_mcu_gather         0045b851 f   libs:jcshuff.obj
 0001:0005a907       _htest_one_block           0045b907 f   libs:jcshuff.obj
 0001:0005a9ce       _finish_pass_gather        0045b9ce f   libs:jcshuff.obj
 0001:0005aab8       _need_optimization_pass    0045bab8 f   libs:jcshuff.obj
 0001:00059c24       _start_pass_coef           0045ac24 f   libs:jccoefct.obj
 0001:00059cb9       _start_iMCU_row            0045acb9 f   libs:jccoefct.obj
 0001:00059cfb       _compress_data             0045acfb f   libs:jccoefct.obj
 0001:00059ee2       _compress_first_pass       0045aee2 f   libs:jccoefct.obj
 0001:0005a0c8       _compress_output           0045b0c8 f   libs:jccoefct.obj
 0001:00059b3c       _calc_output_dimensions    0045ab3c f   libs:jdlossls.obj
 0001:00059b4d       _start_input_pass          0045ab4d f   libs:jdlossls.obj
 0001:0005987b       _calc_output_dimensions    0045a87b f   libs:jdlossy.obj
 0001:000599ee       _start_input_pass          0045a9ee f   libs:jdlossy.obj
 0001:00059a0e       _latch_quant_tables        0045aa0e f   libs:jdlossy.obj
 0001:00059aa6       _start_output_pass         0045aaa6 f   libs:jdlossy.obj
 0001:000597ca       _start_pass                0045a7ca f   libs:jclossls.obj
 0001:00059736       _start_pass                0045a736 f   libs:jclossy.obj
 0001:00058c8b       _initial_setup             00459c8b f   libs:jcmaster.obj
 0001:00058e3e       _validate_script           00459e3e f   libs:jcmaster.obj
 0001:00059216       _prepare_for_pass          0045a216 f   libs:jcmaster.obj
 0001:0005938e       _select_scan_parameters    0045a38e f   libs:jcmaster.obj
 0001:0005948f       _per_scan_setup            0045a48f f   libs:jcmaster.obj
 0001:0005963a       _pass_startup              0045a63a f   libs:jcmaster.obj
 0001:00059661       _finish_pass_master        0045a661 f   libs:jcmaster.obj
 0001:00058777       _rgb_ycc_start             00459777 f   libs:jccolor.obj
 0001:0005883b       _rgb_ycc_convert           0045983b f   libs:jccolor.obj
 0001:0005893a       _rgb_gray_convert          0045993a f   libs:jccolor.obj
 0001:000589bf       _cmyk_ycck_convert         004599bf f   libs:jccolor.obj
 0001:00058af7       _grayscale_convert         00459af7 f   libs:jccolor.obj
 0001:00058b51       _null_convert              00459b51 f   libs:jccolor.obj
 0001:0002bc3b       _null_method               0042cc3b f   images.obj
 0001:0002bc3b       _start_pass_downsample     0042cc3b f   images.obj
 0001:00057ec3       _sep_downsample            00458ec3 f   libs:jcsample.obj
 0001:00057f38       _int_downsample            00458f38 f   libs:jcsample.obj
 0001:00058030       _expand_right_edge         00459030 f   libs:jcsample.obj
 0001:00058085       _fullsize_downsample       00459085 f   libs:jcsample.obj
 0001:000580c9       _h2v1_downsample           004590c9 f   libs:jcsample.obj
 0001:0005815d       _h2v2_downsample           0045915d f   libs:jcsample.obj
 0001:0005820a       _h2v2_smooth_downsample    0045920a f   libs:jcsample.obj
 0001:00058482       _fullsize_smooth_downsample 00459482 f   libs:jcsample.obj
 0001:000578bf       _start_pass_prep           004588bf f   libs:jcprepct.obj
 0001:000578fd       _pre_process_data          004588fd f   libs:jcprepct.obj
 0001:00057aab       _pre_process_context       00458aab f   libs:jcprepct.obj
 0001:00057c64       _create_context_buffer     00458c64 f   libs:jcprepct.obj
 0001:00057737       _start_pass_main           00458737 f   libs:jcmainct.obj
 0001:00057779       _process_data_simple_main  00458779 f   libs:jcmainct.obj
 0001:00056d0d       _create_colormap           00457d0d f   libs:jquant1.obj
 0001:00056e3f       _select_ncolors            00457e3f f   libs:jquant1.obj
 0001:00056f16       _create_colorindex         00457f16 f   libs:jquant1.obj
 0001:00057042       _alloc_fs_workspace        00458042 f   libs:jquant1.obj
 0001:0005707e       _start_pass_1_quant        0045807e f   libs:jquant1.obj
 0001:0005714a       _create_odither_tables     0045814a f   libs:jquant1.obj
 0001:000571a9       _make_odither_array        004581a9 f   libs:jquant1.obj
 0001:0005720c       _color_quantize            0045820c f   libs:jquant1.obj
 0001:00057297       _color_quantize3           00458297 f   libs:jquant1.obj
 0001:00057325       _quantize_ord_dither       00458325 f   libs:jquant1.obj
 0001:00057410       _quantize3_ord_dither      00458410 f   libs:jquant1.obj
 0001:00057510       _quantize_fs_dither        00458510 f   libs:jquant1.obj
 0001:0002bc3b       _finish_pass_1_quant       0042cc3b f   images.obj
 0001:00057694       _new_color_map_1_quant     00458694 f   libs:jquant1.obj
 0001:00055cce       _init_error_limit          00456cce f   libs:jquant2.obj
 0001:00055d6d       _start_pass_2_quant        00456d6d f   libs:jquant2.obj
 0001:00055e6f       _prescan_quantize          00456e6f f   libs:jquant2.obj
 0001:00055ede       _pass2_no_dither           00456ede f   libs:jquant2.obj
 0001:00055f8b       _fill_inverse_cmap         00456f8b f   libs:jquant2.obj
 0001:00056056       _find_nearby_colors        00457056 f   libs:jquant2.obj
 0001:000561fa       _find_best_colors          004571fa f   libs:jquant2.obj
 0001:00056314       _pass2_fs_dither           00457314 f   libs:jquant2.obj
 0001:00056583       _finish_pass1              00457583 f   libs:jquant2.obj
 0001:000565a5       _select_colors             004575a5 f   libs:jquant2.obj
 0001:00056631       _update_box                00457631 f   libs:jquant2.obj
 0001:000569cb       _median_cut                004579cb f   libs:jquant2.obj
 0001:00056adf       _find_biggest_color_pop    00457adf f   libs:jquant2.obj
 0001:00056b0e       _find_biggest_volume       00457b0e f   libs:jquant2.obj
 0001:00056b37       _compute_color             00457b37 f   libs:jquant2.obj
 0001:0002bc3b       _finish_pass2              0042cc3b f   images.obj
 0001:00056c73       _new_color_map_2_quant     00457c73 f   libs:jquant2.obj
 0001:000556e5       _build_ycc_rgb_table       004566e5 f   libs:jdmerge.obj
 0001:00055795       _start_pass_merged_upsample 00456795 f   libs:jdmerge.obj
 0001:000557aa       _merged_2v_upsample        004567aa f   libs:jdmerge.obj
 0001:00055851       _merged_1v_upsample        00456851 f   libs:jdmerge.obj
 0001:00055882       _h2v1_merged_upsample      00456882 f   libs:jdmerge.obj
 0001:000559d8       _h2v2_merged_upsample      004569d8 f   libs:jdmerge.obj
 0001:00055289       _build_ycc_rgb_table       00456289 f   libs:jdcolor.obj
 0001:00055339       _ycc_rgb_convert           00456339 f   libs:jdcolor.obj
 0001:00055447       _null_convert              00456447 f   libs:jdcolor.obj
 0001:000554bf       _grayscale_convert         004564bf f   libs:jdcolor.obj
 0001:000554e2       _gray_rgb_convert          004564e2 f   libs:jdcolor.obj
 0001:0005553b       _ycck_cmyk_convert         0045653b f   libs:jdcolor.obj
 0001:0002bc3b       _start_pass_dcolor         0042cc3b f   images.obj
 0001:00054cea       _start_pass_upsample       00455cea f   libs:jdsample.obj
 0001:00054d04       _sep_upsample              00455d04 f   libs:jdsample.obj
 0001:00054dd1       _fullsize_upsample         00455dd1 f   libs:jdsample.obj
 0001:00054ddc       _noop_upsample             00455ddc f   libs:jdsample.obj
 0001:00054de4       _int_upsample              00455de4 f   libs:jdsample.obj
 0001:00054ece       _h2v1_upsample             00455ece f   libs:jdsample.obj
 0001:00054f25       _h2v2_upsample             00455f25 f   libs:jdsample.obj
 0001:00054f97       _h2v1_fancy_upsample       00455f97 f   libs:jdsample.obj
 0001:0005503a       _h2v2_fancy_upsample       0045603a f   libs:jdsample.obj
 0001:000548f3       _start_pass_dpost          004558f3 f   libs:jdpostct.obj
 0001:00054999       _post_process_1pass        00455999 f   libs:jdpostct.obj
 0001:000549fe       _post_process_prepass      004559fe f   libs:jdpostct.obj
 0001:00054a8f       _post_process_2pass        00455a8f f   libs:jdpostct.obj
 0001:000542fa       _alloc_funny_pointers      004552fa f   libs:jdmainct.obj
 0001:000543a7       _start_pass_main           004553a7 f   libs:jdmainct.obj
 0001:0005440f       _make_funny_pointers       0045540f f   libs:jdmainct.obj
 0001:0005454f       _process_data_simple_main  0045554f f   libs:jdmainct.obj
 0001:000545b7       _process_data_context_main 004555b7 f   libs:jdmainct.obj
 0001:000546c9       _set_wraparound_pointers   004556c9 f   libs:jdmainct.obj
 0001:000547b3       _set_bottom_pointers       004557b3 f   libs:jdmainct.obj
 0001:0005484d       _process_data_crank_post   0045584d f   libs:jdmainct.obj
 0001:00053023       _write_marker_header       00454023 f   libs:jcmarker.obj
 0001:00053079       _emit_byte                 00454079 f   libs:jcmarker.obj
 0001:000530aa       _write_marker_byte         004540aa f   libs:jcmarker.obj
 0001:000530ba       _write_file_header         004540ba f   libs:jcmarker.obj
 0001:00053106       _emit_jfif_app0            00454106 f   libs:jcmarker.obj
 0001:000531d9       _emit_adobe_app14          004541d9 f   libs:jcmarker.obj
 0001:0005327f       _write_frame_header        0045427f f   libs:jcmarker.obj
 0001:0005335e       _emit_dqt                  0045435e f   libs:jcmarker.obj
 0001:0005344d       _emit_sof                  0045444d f   libs:jcmarker.obj
 0001:00053529       _write_scan_header         00454529 f   libs:jcmarker.obj
 0001:000535e9       _emit_dht                  004545e9 f   libs:jcmarker.obj
 0001:000536c2       _emit_dri                  004546c2 f   libs:jcmarker.obj
 0001:00053711       _emit_sos                  00454711 f   libs:jcmarker.obj
 0001:000537ff       _write_file_trailer        004547ff f   libs:jcmarker.obj
 0001:0005381f       _write_tables_only         0045481f f   libs:jcmarker.obj
 0001:00052b78       _use_merged_upsample       00453b78 f   libs:jdmaster.obj
 0001:00052c1e       _master_selection          00453c1e f   libs:jdmaster.obj
 0001:00052d7b       _prepare_range_limit_table 00453d7b f   libs:jdmaster.obj
 0001:00052e01       _prepare_for_output_pass   00453e01 f   libs:jdmaster.obj
 0001:00052f22       _finish_output_pass        00453f22 f   libs:jdmaster.obj
 0001:00051fef       _alloc_small               00452fef f   libs:jmemmgr.obj
 0001:0005210d       _alloc_large               0045310d f   libs:jmemmgr.obj
 0001:000521be       _alloc_sarray              004531be f   libs:jmemmgr.obj
 0001:00052256       _alloc_barray              00453256 f   libs:jmemmgr.obj
 0001:000522fa       _alloc_darray              004532fa f   libs:jmemmgr.obj
 0001:000523a5       _request_virt_sarray       004533a5 f   libs:jmemmgr.obj
 0001:00052406       _request_virt_barray       00453406 f   libs:jmemmgr.obj
 0001:00052467       _realize_virt_arrays       00453467 f   libs:jmemmgr.obj
 0001:000525ea       _access_virt_sarray        004535ea f   libs:jmemmgr.obj
 0001:0005270a       _do_sarray_io              0045370a f   libs:jmemmgr.obj
 0001:0005279a       _access_virt_barray        0045379a f   libs:jmemmgr.obj
 0001:000528bf       _do_barray_io              004538bf f   libs:jmemmgr.obj
 0001:00052950       _free_pool                 00453950 f   libs:jmemmgr.obj
 0001:00052a37       _self_destruct             00453a37 f   libs:jmemmgr.obj
 0001:00051a89       _start_input_pass          00452a89 f   libs:jdinput.obj
 0001:00051ab7       _per_scan_setup            00452ab7 f   libs:jdinput.obj
 0001:00051c3d       _finish_input_pass         00452c3d f   libs:jdinput.obj
 0001:00051c4e       _consume_markers           00452c4e f   libs:jdinput.obj
 0001:00051cea       _initial_setup             00452cea f   libs:jdinput.obj
 0001:00051ef4       _reset_input_controller    00452ef4 f   libs:jdinput.obj
 0001:0005168e       _make_crc_table            0045268e f   libs:crc32.obj
 0001:000517db       _crc32_little              004527db f   libs:crc32.obj
 0001:00051488       _fixedtables               00452488 f   libs:inflate.obj
 0001:00051572       _updatewindow              00452572 f   libs:inflate.obj
 0001:000501b0       _init_destination          004511b0 f   libs:jdatadst.obj
 0001:000501d6       _empty_output_buffer       004511d6 f   libs:jdatadst.obj
 0001:00050218       _term_destination          00451218 f   libs:jdatadst.obj
 0001:0004fd37       _std_huff_tables           00450d37 f   libs:jcparam.obj
 0001:0004fd91       _add_huff_table            00450d91 f   libs:jcparam.obj
 0001:0004e284       _next_marker               0044f284 f   libs:jdmarker.obj
 0001:0004e3be       _get_interesting_appn      0044f3be f   libs:jdmarker.obj
 0001:0004e4e9       _examine_app0              0044f4e9 f   libs:jdmarker.obj
 0001:0004e6f7       _examine_app14             0044f6f7 f   libs:jdmarker.obj
 0001:0004e7b8       _skip_variable             0044f7b8 f   libs:jdmarker.obj
 0001:0004e85b       _read_markers              0044f85b f   libs:jdmarker.obj
 0001:0004ea63       _get_soi                   0044fa63 f   libs:jdmarker.obj
 0001:0004eb0e       _get_sof                   0044fb0e f   libs:jdmarker.obj
 0001:0004ee17       _get_sos                   0044fe17 f   libs:jdmarker.obj
 0001:0004f105       _get_dht                   00450105 f   libs:jdmarker.obj
 0001:0004f3a6       _get_dqt                   004503a6 f   libs:jdmarker.obj
 0001:0004f602       _get_dri                   00450602 f   libs:jdmarker.obj
 0001:0004f6e1       _first_marker              004506e1 f   libs:jdmarker.obj
 0001:0004f77d       _read_restart_marker       0045077d f   libs:jdmarker.obj
 0001:0004f7fb       _reset_marker_reader       004507fb f   libs:jdmarker.obj
 0001:0004e068       _output_pass_setup         0044f068 f   libs:jdapistd.obj
 0001:0004dd5b       _default_decompress_parms  0044ed5b f   libs:jdapimin.obj

 678 bytes saved through ICF

