 quake2

 Timestamp is 42b1dccf (Fri Jun 17 00:10:55 2005)

 Preferred load address is 00400000

 Start         Length     Name                   Class
 0001:00000000 00061f60H .text                   CODE
 0002:00000000 0000027cH .idata$5                DATA
 0002:00000280 000061d4H .rdata                  DATA
 0002:00006458 00000044H .rdata$r                DATA
 0002:000064a0 00000038H .xdata$x                DATA
 0002:000064d8 00000078H .idata$2                DATA
 0002:00006550 00000014H .idata$3                DATA
 0002:00006564 0000027cH .idata$4                DATA
 0002:000067e0 00000808H .idata$6                DATA
 0002:00006fe8 00000000H .edata                  DATA
 0003:00000000 00000004H .CRT$XCA                DATA
 0003:00000004 00000078H .CRT$XCU                DATA
 0003:0000007c 00000004H .CRT$XCZ                DATA
 0003:00000080 00000004H .CRT$XIA                DATA
 0003:00000084 00000004H .CRT$XIZ                DATA
 0003:00000090 0000d66cH .data                   DATA
 0003:0000d700 0046f000H .bss                    DATA
 0004:00000000 00000130H .rsrc$01                DATA
 0004:00000130 00003f20H .rsrc$02                DATA

  Address         Publics by Value              Rva+Base     Lib:Object

 0001:00000000       ??3@YAXPAX@Z               00401000 f i CoreMain.obj
 0001:0000000b       ?appInit@@YAXXZ            0040100b f   CoreMain.obj
 0001:0000006e       ?appExit@@YAXXZ            0040106e f   CoreMain.obj
 0001:00000073       ?appLoadDebugSymbols@@YAXXZ 00401073 f   DbgSymbols.obj
 0001:00000276       ?appSymbolName@@YA_NIPADH@Z 00401276 f   DbgSymbols.obj
 0001:00000362       ?appSymbolName@@YAPBDI@Z   00401362 f   DbgSymbols.obj
 0001:00000394       ?appMalloc@@YAPAXIH@Z      00401394 f   Memory.obj
 0001:00000442       ?appFree@@YAXPAX@Z         00401442 f   Memory.obj
 0001:00000470       ?Unlink@FMemHeader@@QAEXXZ 00401470 f i Memory.obj
 0001:0000049b       ?Link@CMemoryChain@@AAEXXZ 0040149b f   Memory.obj
 0001:000004ba       ?Unlink@CMemoryChain@@AAEXXZ 004014ba f   Memory.obj
 0001:000004e5       ??2CMemoryChain@@SAPAXIH@Z 004014e5 f   Memory.obj
 0001:00000557       ??3CMemoryChain@@SAXPAX@Z  00401557 f   Memory.obj
 0001:0000058a       ?Alloc@CMemoryChain@@QAEPAXIH@Z 0040158a f   Memory.obj
 0001:000005f4       ?appInitMemory@@YAXXZ      004015f4 f   Memory.obj
 0001:00000b3f       ?Write@COutputDeviceNull@@UAEXPBD@Z 00401b3f f i OutputDevice.obj
 0001:00000b42       ?appWPrintf@@YAXPBDZZ      00401b42 f   OutputDevice.obj
 0001:00000b93       ?appFatalError@@YAXPBDZZ   00401b93 f   ErrorMgr.obj
 0001:00000bcd       ?appNonFatalError@@YAXPBDZZ 00401bcd f   ErrorMgr.obj
 0001:00000c2b       ?appUnwindPrefix@@YAXPBD@Z 00401c2b f   ErrorMgr.obj
 0001:00000c82       ?appUnwindThrow@@YAXPBDZZ  00401c82 f   ErrorMgr.obj
 0001:00000d09       ?Reset@CErrorHandler@@QAEXXZ 00401d09 f   ErrorMgr.obj
 0001:00000d33       ?appInitError@@YAXXZ       00401d33 f   ErrorMgr.obj
 0001:00000df1       ?appStricmp@@YAHPBD0@Z     00401df1 f   Strings.obj
 0001:00000e26       ?toLower@@YADD@Z           00401e26 f i Strings.obj
 0001:00000e3d       ?appStrcpy@@YAXPADPBD@Z    00401e3d f   Strings.obj
 0001:00000e50       ?appStrncpylwr@@YAXPADPBDH@Z 00401e50 f   Strings.obj
 0001:00000e88       ?appStrncpyz@@YAXPADPBDH@Z 00401e88 f   Strings.obj
 0001:00000eb5       ?appStrcatn@@YAXPADHPBD@Z  00401eb5 f   Strings.obj
 0001:00000ee0       ?appCopyFilename@@YAXPADPBDH@Z 00401ee0 f   Strings.obj
 0001:00000f7c       ?appCStrlen@@YAHPBD@Z      00401f7c f   Strings.obj
 0001:00000fa1       ?appUncolorizeString@@YAXPADPBD@Z 00401fa1 f   Strings.obj
 0001:00000fd1       ?va@@YAPBDPBDZZ            00401fd1 f   Strings.obj
 0001:0000106d       ?appSprintf@@YAHPADHPBDZZ  0040206d f   Strings.obj
 0001:000010b8       ?appMatchWildcard@@YA_NPBD0_N@Z 004020b8 f   Strings.obj
 0001:00001238       ?appIsWildcard@@YA_NPBD@Z  00402238 f   Strings.obj
 0001:00001262       ?CopyString@@YAPADPBD@Z    00402262 f   Strings.obj
 0001:000012a2       ?CopyString@@YAPADPBDPAVCMemoryChain@@@Z 004022a2 f   Strings.obj
 0001:000012d6       ??2CStringItem@@SAPAXIPBD@Z 004022d6 f   Strings.obj
 0001:0000131f       ??2CStringItem@@SAPAXIPBDPAVCMemoryChain@@@Z 0040231f f   Strings.obj
 0001:0000135c       ?Find@CStringList@@IAEPAVCStringItem@@PBDPAPAV2@@Z 0040235c f   Strings.obj
 0001:00001398       ?Find@CStringList@@IAEPAVCStringItem@@H@Z 00402398 f   Strings.obj
 0001:000013b1       ?IndexOf@CStringList@@QAEHPBD@Z 004023b1 f   Strings.obj
 0001:000013de       ?Remove@CStringList@@QAE_NPAVCStringItem@@@Z 004023de f   Strings.obj
 0001:0000140a       ?Free@CStringList@@QAEXXZ  0040240a f   Strings.obj
 0001:00001423       ?appMillisecondsf@@YANXZ   00402423 f   CoreWin32.obj
 0001:0000145c       ?appMilliseconds@@YAIXZ    0040245c f   CoreWin32.obj
 0001:00001491       ?cpuid@@YAXI@Z             00402491 f   CoreWin32.obj
 0001:000014b4       ?appInitPlatform@@YAXXZ    004024b4 f   CoreWin32.obj
 0001:00001747       ?appShutdownPlatform@@YAXXZ 00402747 f   CoreWin32.obj
 0001:00001750       ?osAddressInfo@@YA_NIPADHPAH@Z 00402750 f   DbgSymbolsWin32.obj
 0001:000017e4       ?osModuleInfo@@YA_NIPADHPAH@Z 004027e4 f   DbgSymbolsWin32.obj
 0001:0000198c       ?win32ExceptFilter@@YAHPAU_EXCEPTION_POINTERS@@@Z 0040298c f   ExceptFilterWin32.obj
 0001:00001ec2       ?win32ExceptFilter2@@YAHXZ 00402ec2 f   ExceptFilterWin32.obj
 0001:00001ece       ?SCR_StopCinematic@@YAXXZ  00402ece f   cl_cin.obj
 0001:00001f62       ?SCR_DrawCinematic@@YA_NXZ 00402f62 f   cl_cin.obj
 0001:000023c3       ?SCR_PlayCinematic@@YAXPAD@Z 004033c3 f   cl_cin.obj
 0001:00002733       ?CL_Download_f@@YAX_NHPAPAD@Z 00403733 f   cl_download.obj
 0001:00002ae4       ?CL_ParseDownload@@YAXXZ   00403ae4 f   cl_download.obj
 0001:000032f1       ?CL_Precache_f@@YAXHPAPAD@Z 004042f1 f   cl_download.obj
 0001:0000334f       ?CL_ParseDelta@@YAXPAUclEntityState_t@@0HI_N@Z 0040434f f   cl_ents.obj
 0001:000034cf       ?CL_ParsePacketEntities@@YAXPAUframe_t@@0@Z 004044cf f   cl_ents.obj
 0001:0000383e       ?CL_FireEntityEvents@@YAXPAUframe_t@@@Z 0040483e f   cl_ents.obj
 0001:00003890       ?CL_ParseFrame@@YAXXZ      00404890 f   cl_ents.obj
 0001:00003b82       ?CL_AddEntityBox@@YAXPAUclEntityState_t@@I@Z 00404b82 f   cl_ents.obj
 0001:00003c83       ?Lerp@@YAXABUCVec3@@0MAAU1@@Z 00404c83 f i cl_ents.obj
 0001:00003cba       ?CL_OffsetThirdPersonView@@YAXXZ 00404cba f   cl_ents.obj
 0001:00003da2       ?CL_CalcViewValues@@YAXXZ  00404da2 f   cl_ents.obj
 0001:000040a5       ?CL_AddEntities@@YAXXZ     004050a5 f   cl_ents.obj
 0001:00004d8c       ?CL_GetEntitySoundOrigin@@YAXHAAUCVec3@@@Z 00405d8c f   cl_ents.obj
 0001:00004dc4       ?CL_ClearLightStyles@@YAXXZ 00405dc4 f   cl_fx.obj
 0001:00004e46       ?CL_RunLightStyles@@YAXXZ  00405e46 f   cl_fx.obj
 0001:00004ee5       ?CL_SetLightstyle@@YAXHPBD@Z 00405ee5 f   cl_fx.obj
 0001:00004f46       ?CL_ClearDlights@@YAXXZ    00405f46 f   cl_fx.obj
 0001:00004f57       ?CL_AllocDlight@@YAPAUcdlight_t@@HABUCVec3@@@Z 00405f57 f   cl_fx.obj
 0001:00004fc0       ?CL_AddDLights@@YAXXZ      00405fc0 f   cl_fx.obj
 0001:00005020       ?CL_ClearParticles@@YAXXZ  00406020 f   cl_fx.obj
 0001:00005087       ?CL_AllocParticleTrace@@YAPAUparticleTrace_t@@ABUCVec3@@0MM@Z 00406087 f   cl_fx.obj
 0001:00005127       ?CL_AllocParticleBeam@@YAPAUbeam_t@@ABUCVec3@@0MM@Z 00406127 f   cl_fx.obj
 0001:0000519b       ?CL_AllocParticle@@YAPAUparticle_t@@XZ 0040619b f   cl_fx.obj
 0001:000051e9       ?CL_UpdateParticles@@YAXXZ 004061e9 f   cl_fx.obj
 0001:000057d8       ?CL_MetalSparks@@YAXABUCVec3@@0H@Z 004067d8 f   cl_fx.obj
 0001:000058c5       ?CL_ParseMuzzleFlash@@YAXXZ 004068c5 f   cl_fx.obj
 0001:00005c42       ?CL_ParseMuzzleFlash2@@YAXXZ 00406c42 f   cl_fx.obj
 0001:0000627f       ?CL_ParticleEffect@@YAXABUCVec3@@0HH@Z 0040727f f   cl_fx.obj
 0001:0000634e       ?CL_ParticleEffect2@@YAXABUCVec3@@0HH@Z 0040734e f   cl_fx.obj
 0001:00006419       ?CL_ParticleEffect3@@YAXABUCVec3@@0HH@Z 00407419 f   cl_fx.obj
 0001:000064e9       ?CL_TeleporterParticles@@YAXPAUclEntityState_t@@@Z 004074e9 f   cl_fx.obj
 0001:000065a0       ?CL_LogoutEffect@@YAXABUCVec3@@H@Z 004075a0 f   cl_fx.obj
 0001:0000668b       ?CL_ItemRespawnParticles@@YAXABUCVec3@@@Z 0040768b f   cl_fx.obj
 0001:0000673a       ?CL_ExplosionParticles@@YAXABUCVec3@@@Z 0040773a f   cl_fx.obj
 0001:000067e4       ?CL_BigTeleportParticles@@YAXABUCVec3@@@Z 004077e4 f   cl_fx.obj
 0001:0000693b       ?CL_BlasterParticles@@YAXABUCVec3@@0@Z 0040793b f   cl_fx.obj
 0001:00006a07       ?CL_BlasterTrail@@YAXABUCVec3@@0@Z 00407a07 f   cl_fx.obj
 0001:00006b31       ?CL_FlagTrail@@YAXABUCVec3@@0H@Z 00407b31 f   cl_fx.obj
 0001:00006c49       ?CL_DiminishingTrail@@YAXABUCVec3@@0PAUcentity_t@@H@Z 00407c49 f   cl_fx.obj
 0001:00006eb9       ?CL_RocketTrail@@YAXABUCVec3@@0PAUcentity_t@@@Z 00407eb9 f   cl_fx.obj
 0001:00006fe1       ?CL_RailTrail@@YAXABUCVec3@@0@Z 00407fe1 f   cl_fx.obj
 0001:00007223       ?CL_RailTrailExt@@YAXABUCVec3@@0EE@Z 00408223 f   cl_fx.obj
 0001:00007368       ?CL_IonripperTrail@@YAXABUCVec3@@0@Z 00408368 f   cl_fx.obj
 0001:00007494       ?CL_BubbleTrail@@YAXABUCVec3@@0@Z 00408494 f   cl_fx.obj
 0001:000075a9       ?CL_FlyParticles@@YAXABUCVec3@@H@Z 004085a9 f   cl_fx.obj
 0001:00007743       ?CL_FlyEffect@@YAXPAUcentity_t@@ABUCVec3@@@Z 00408743 f   cl_fx.obj
 0001:000077ab       ?CL_BfgParticles@@YAXPAUentity_t@@@Z 004087ab f   cl_fx.obj
 0001:0000798a       ?CL_TrapParticles@@YAXPAUentity_t@@@Z 0040898a f   cl_fx.obj
 0001:00007c28       ?CL_BFGExplosionParticles@@YAXABUCVec3@@@Z 00408c28 f   cl_fx.obj
 0001:00007cd2       ?CL_TeleportParticles@@YAXABUCVec3@@@Z 00408cd2 f   cl_fx.obj
 0001:00007e0d       ?CL_EntityEvent@@YAXPAUclEntityState_t@@@Z 00408e0d f   cl_fx.obj
 0001:00007fe7       ?CL_ClearEffects@@YAXXZ    00408fe7 f   cl_fx.obj
 0001:00007ff6       ?IN_CenterView@@YAXXZ      00408ff6 f   cl_input.obj
 0001:00008017       ?CL_InitInput@@YAXXZ       00409017 f   cl_input.obj
 0001:000085b3       ?CL_SendCmd@@YAXXZ         004095b3 f   cl_input.obj
 0001:00008c95       ?CL_WriteDemoMessage@@YAXXZ 00409c95 f   cl_main.obj
 0001:00008cd7       ?Cmd_ForwardToServer@@YAXHPAPAD@Z 00409cd7 f   cl_main.obj
 0001:00008d9a       ?CL_ForwardToServer_f@@YAXHPAPAD@Z 00409d9a f   cl_main.obj
 0001:00008de2       ?CL_Pause@@YAX_N@Z         00409de2 f   cl_main.obj
 0001:00008e24       ?CL_Quit_f@@YAXXZ          00409e24 f   cl_main.obj
 0001:00008e2e       ?CL_Drop@@YAX_N@Z          00409e2e f   cl_main.obj
 0001:00008e55       ?CL_SendConnectPacket@@YAXXZ 00409e55 f   cl_main.obj
 0001:00008f0a       ?CL_CheckForResend@@YAXXZ  00409f0a f   cl_main.obj
 0001:0000900f       ?CL_Connect_f@@YAX_NHPAPAD@Z 0040a00f f   cl_main.obj
 0001:00009092       ?CL_Rcon_f@@YAXHPAPAD@Z    0040a092 f   cl_main.obj
 0001:0000919a       ?CL_Disconnect@@YAXXZ      0040a19a f   cl_main.obj
 0001:0000933c       ?CL_Disconnect_f@@YAXXZ    0040a33c f   cl_main.obj
 0001:00009346       ?CL_Changing_f@@YAXXZ      0040a346 f   cl_main.obj
 0001:0000936a       ?CL_Reconnect_f@@YAXXZ     0040a36a f   cl_main.obj
 0001:00009406       ?CL_PingServers_f@@YAXXZ   0040a406 f   cl_main.obj
 0001:00009571       ?CL_Skins_f@@YAXXZ         0040a571 f   cl_main.obj
 0001:00009884       ?CL_ConnectionlessPacket@@YAXXZ 0040a884 f   cl_main.obj
 0001:00009984       ?CL_ReadPackets@@YAXXZ     0040a984 f   cl_main.obj
 0001:00009ac7       ?CL_Userinfo_f@@YAXXZ      0040aac7 f   cl_main.obj
 0001:00009adf       ?CL_RegisterSounds@@YAXXZ  0040aadf f   cl_main.obj
 0001:00009b1e       ?CL_Snd_Restart_f@@YAXXZ   0040ab1e f   cl_main.obj
 0001:00009b2d       ?CL_WriteConfiguration@@YAXPBD@Z 0040ab2d f   cl_main.obj
 0001:00009be8       ?CL_WriteConfig_f@@YAX_NHPAPAD@Z 0040abe8 f   cl_main.obj
 0001:00009c47       ?CL_FixCvarCheats@@YAXXZ   0040ac47 f   cl_main.obj
 0001:00009ca1       ?CL_Frame@@YAXMM@Z         0040aca1 f   cl_main.obj
 0001:00009ea1       ?CL_ClearState@@YAXXZ      0040aea1 f   cl_main.obj
 0001:00009eda       ?CL_Init@@YAXXZ            0040aeda f   cl_main.obj
 0001:0000a3b1       ?CL_Shutdown@@YAX_N@Z      0040b3b1 f   cl_main.obj
 0001:0000a406       ?CL_Flashlight@@YAXHABUCVec3@@@Z 0040b406 f   cl_newfx.obj
 0001:0000a440       ?CL_ColorFlash@@YAXABUCVec3@@HHMMM@Z 0040b440 f   cl_newfx.obj
 0001:0000a47c       ?CL_DebugTrail@@YAXABUCVec3@@0@Z 0040b47c f   cl_newfx.obj
 0001:0000a572       ?CL_ForceWall@@YAXABUCVec3@@0H@Z 0040b572 f   cl_newfx.obj
 0001:0000a6b2       ?CL_BubbleTrail2@@YAXABUCVec3@@0H@Z 0040b6b2 f   cl_newfx.obj
 0001:0000a7de       ?CL_Heatbeam@@YAXABUCVec3@@0@Z 0040b7de f   cl_newfx.obj
 0001:0000aa86       ?CL_ParticleSteamEffect@@YAXABUCVec3@@0HHH@Z 0040ba86 f   cl_newfx.obj
 0001:0000abba       ?CL_ParticleSteamEffect2@@YAXPAUcl_sustain_t@@@Z 0040bbba f   cl_newfx.obj
 0001:0000acfb       ?CL_TrackerTrail@@YAXABUCVec3@@0H@Z 0040bcfb f   cl_newfx.obj
 0001:0000ae48       ?CL_Tracker_Shell@@YAXABUCVec3@@@Z 0040be48 f   cl_newfx.obj
 0001:0000aecd       ?CL_MonsterPlasma_Shell@@YAXABUCVec3@@@Z 0040becd f   cl_newfx.obj
 0001:0000af4f       ?CL_Widowbeamout@@YAXPAUcl_sustain_t@@@Z 0040bf4f f   cl_newfx.obj
 0001:0000b003       ?CL_Nukeblast@@YAXPAUcl_sustain_t@@@Z 0040c003 f   cl_newfx.obj
 0001:0000b0b7       ?CL_WidowSplash@@YAXABUCVec3@@@Z 0040c0b7 f   cl_newfx.obj
 0001:0000b181       ?CL_TagTrail@@YAXABUCVec3@@0H@Z 0040c181 f   cl_newfx.obj
 0001:0000b299       ?CL_ColorExplosionParticles@@YAXABUCVec3@@HH@Z 0040c299 f   cl_newfx.obj
 0001:0000b346       ?CL_ParticleSmokeEffect@@YAXABUCVec3@@0HHH@Z 0040c346 f   cl_newfx.obj
 0001:0000b478       ?CL_BlasterParticles2@@YAXABUCVec3@@0I@Z 0040c478 f   cl_newfx.obj
 0001:0000b545       ?CL_BlasterTrail2@@YAXABUCVec3@@0@Z 0040c545 f   cl_newfx.obj
 0001:0000b651       ?CL_ParseClientinfo@@YAXH@Z 0040c651 f   cl_parse.obj
 0001:0000b6c8       ?CL_ParseServerMessage@@YAXXZ 0040c6c8 f   cl_parse.obj
 0001:0000be94       ?FreePlayerModelsInfo@@YAXXZ 0040ce94 f   cl_playermodel.obj
 0001:0000beba       ?ScanQuake3Models@@YAXPBD@Z 0040ceba f   cl_playermodel.obj
 0001:0000c039       ?ScanPlayerModels@@YA_NXZ  0040d039 f   cl_playermodel.obj
 0001:0000c2b6       ?CL_IsFemaleModel@@YA_NPBD@Z 0040d2b6 f   cl_playermodel.obj
 0001:0000c4dd       ?RunAnimation@@YAXAAUclientInfo_t@@AAUanimState_t@@H@Z 0040d4dd f   cl_playermodel.obj
 0001:0000c6a4       ?CL_LoadClientinfo@@YAXAAUclientInfo_t@@PBD_N@Z 0040d6a4 f   cl_playermodel.obj
 0001:0000d099       ?ParsePlayerEntity@@YAHPAUcentity_t@@PAUclientInfo_t@@PAUclEntityState_t@@ABUentity_t@@PAU4@HH@Z 0040e099 f   cl_playermodel.obj
 0001:0000db41       ?CL_CheckPredictionError@@YAXXZ 0040eb41 f   cl_pred.obj
 0001:0000dcd7       ?CL_EntityTrace@@YAXAAUtrace_t@@ABUCVec3@@1ABUCBox@@H@Z 0040ecd7 f   cl_pred.obj
 0001:0000e070       ?CL_Trace@@YAXAAUtrace_t@@ABUCVec3@@1ABUCBox@@H@Z 0040f070 f   cl_pred.obj
 0001:0000e0ec       ?CL_PMpointcontents@@YAHABUCVec3@@@Z 0040f0ec f   cl_pred.obj
 0001:0000e278       ?CL_PredictMovement@@YAXXZ 0040f278 f   cl_pred.obj
 0001:0000e628       ?DrawString@@YAXHHPBD@Z    0040f628 f   cl_scrn.obj
 0001:0000e66c       ?SCR_DebugGraph@@YAXMH@Z   0040f66c f   cl_scrn.obj
 0001:0000e694       ?SCR_CenterPrint@@YAXPAD@Z 0040f694 f   cl_scrn.obj
 0001:0000e798       ?Key_Message@@YAXH@Z       0040f798 f   cl_scrn.obj
 0001:0000e834       ?SCR_SetLevelshot@@YAXPBD@Z 0040f834 f   cl_scrn.obj
 0001:0000e927       ?SCR_BeginLoadingPlaque@@YAXXZ 0040f927 f   cl_scrn.obj
 0001:0000e9ac       ?SCR_EndLoadingPlaque@@YAX_N@Z 0040f9ac f   cl_scrn.obj
 0001:0000ea31       ?SCR_ShowConsole@@YAX_N0@Z 0040fa31 f   cl_scrn.obj
 0001:0000eb07       ?SCR_ToggleConsole@@YAXXZ  0040fb07 f   cl_scrn.obj
 0001:0000eb2f       ?SCR_TouchPics@@YAXXZ      0040fb2f f   cl_scrn.obj
 0001:0000eb8e       ?SCR_UpdateScreen@@YAXXZ   0040fb8e f   cl_scrn.obj
 0001:0000fe15       ?SCR_Init@@YAXXZ           00410e15 f   cl_scrn.obj
 0001:00010171       ?CL_RegisterTEntSounds@@YAXXZ 00411171 f   cl_tent.obj
 0001:000103b6       ?CL_RegisterTEntModels@@YAXXZ 004113b6 f   cl_tent.obj
 0001:000104f4       ?CL_ClearTEnts@@YAXXZ      004114f4 f   cl_tent.obj
 0001:00010528       ?CL_AllocExplosion@@YAPAUexplosion_t@@ABUCVec3@@W4exptype_t@@@Z 00411528 f   cl_tent.obj
 0001:000105d3       ?CL_AddExplosions@@YAXXZ   004115d3 f   cl_tent.obj
 0001:00010761       ?CL_SmokeAndFlash@@YAXABUCVec3@@@Z 00411761 f   cl_tent.obj
 0001:000107a9       ?CL_ParseBeam@@YAHPAVCRenderModel@@@Z 004117a9 f   cl_tent.obj
 0001:00010875       ?CL_ParseBeam2@@YAHPAVCRenderModel@@@Z 00411875 f   cl_tent.obj
 0001:0001094c       ?CL_ParsePlayerBeam@@YAHPAVCRenderModel@@@Z 0041194c f   cl_tent.obj
 0001:00010a57       ?CL_ParseLightning@@YAHPAVCRenderModel@@@Z 00411a57 f   cl_tent.obj
 0001:00010b19       ?CL_ParseLaser@@YAXI@Z     00411b19 f   cl_tent.obj
 0001:00010b95       ?CL_ParseSteam@@YAXXZ      00411b95 f   cl_tent.obj
 0001:00010ca6       ?CL_ParseWidow@@YAXXZ      00411ca6 f   cl_tent.obj
 0001:00010d12       ?CL_ParseNuke@@YAXXZ       00411d12 f   cl_tent.obj
 0001:00010d7c       ?CL_ParseTEnt@@YAXXZ       00411d7c f   cl_tent.obj
 0001:00011bde       ?CL_AddBeams@@YAXXZ        00412bde f   cl_tent.obj
 0001:00011f07       ?CL_AddPlayerBeams@@YAXXZ  00412f07 f   cl_tent.obj
 0001:00012606       ?CL_ProcessSustain@@YAXXZ  00413606 f   cl_tent.obj
 0001:00012647       ?CL_AddTEnts@@YAXXZ        00413647 f   cl_tent.obj
 0001:0001265b       ?V_AddEntity@@YAXPAUentity_t@@@Z 0041365b f   cl_view.obj
 0001:00012696       ?V_AddEntity2@@YAXPAUentity_t@@@Z 00413696 f   cl_view.obj
 0001:000126c5       ?AddEntityWithEffects2@@YAXPAUentity_t@@I@Z 004136c5 f   cl_view.obj
 0001:00012788       ?AddEntityWithEffects@@YAXPAUentity_t@@I@Z 00413788 f   cl_view.obj
 0001:000127a7       ?V_AddLight@@YAXABUCVec3@@MMMM@Z 004137a7 f   cl_view.obj
 0001:000127ec       ?V_TestParticles@@YAXXZ    004137ec f   cl_view.obj
 0001:000128b5       ?V_TestEntities@@YAXXZ     004138b5 f   cl_view.obj
 0001:000129df       ?V_TestLights@@YAXXZ       004139df f   cl_view.obj
 0001:00012ab5       ?V_InitRenderer@@YAXXZ     00413ab5 f   cl_view.obj
 0001:00012e75       ?CalcFov@@YAMMMM@Z         00413e75 f   cl_view.obj
 0001:00012ee3       ?V_RenderView@@YA_NXZ      00413ee3 f   cl_view.obj
 0001:00013b42       ?V_Init@@YAXXZ             00414b42 f   cl_view.obj
 0001:00013bf1       ?Con_ClearNotify@@YAXXZ    00414bf1 f   console.obj
 0001:00013c00       ?Con_CheckResize@@YAXXZ    00414c00 f   console.obj
 0001:00013d27       ?Con_Print@@YAXPBD@Z       00414d27 f   console.obj
 0001:0001401f       ?Con_DrawNotify@@YAX_N@Z   0041501f f   console.obj
 0001:00014137       ?Con_DrawConsole@@YAXM@Z   00415137 f   console.obj
 0001:0001450a       ?Con_ClearTyping@@YAXXZ    0041550a f   console.obj
 0001:00014523       ?Key_Console@@YAXHH@Z      00415523 f   console.obj
 0001:0001496b       ?Con_Init@@YAXXZ           0041596b f   console.obj
 0001:00014ae7       ?Key_KeynumToString@@YAPBDH@Z 00415ae7 f   keys.obj
 0001:00014ba7       ?Draw@completeMenu_t@@UAEXXZ 00415ba7 f i keys.obj
 0001:00014bd8       ?KeyDown@completeMenu_t@@UAEPBDH@Z 00415bd8 f i keys.obj
 0001:00014c01       ?Init@completeMenu_t@@UAE_NXZ 00415c01 f i keys.obj
 0001:00014d28       ?CompleteMenuCallback@completeMenu_t@@SAXPAX@Z 00415d28 f i keys.obj
 0001:00014db6       ?CompleteCommand@@YAXXZ    00415db6 f   keys.obj
 0001:000154eb       ?Key_SetBinding@@YAXHPBD@Z 004164eb f   keys.obj
 0001:00015529       ?Key_FindBinding@@YAHPBDPAHH@Z 00416529 f   keys.obj
 0001:00015577       ?Key_WriteBindings@@YAXPAU_iobuf@@@Z 00416577 f   keys.obj
 0001:000155bf       ?Key_Init@@YAXXZ           004165bf f   keys.obj
 0001:000158a3       ?Key_Event@@YAXH_N@Z       004168a3 f   keys.obj
 0001:00015bfc       ?Key_ClearStates@@YAXXZ    00416bfc f   keys.obj
 0001:00015c31       ?M_ForceMenuOn@@YAXXZ      00416c31 f   menu.obj
 0001:00015c50       ?Draw@menuMain_t@@UAEXXZ   00416c50 f i menu.obj
 0001:00015d7e       ?KeyDown@menuMain_t@@UAEPBDH@Z 00416d7e f i menu.obj
 0001:00015e3a       ?Init@menuMain_t@@UAE_NXZ  00416e3a f i menu.obj
 0001:00015e42       ?M_Menu_Main_f@@YAXXZ      00416e42 f   menu.obj
 0001:00015e5c       ?Init@multiplayerMenu_t@@UAE_NXZ 00416e5c f i menu.obj
 0001:00015f80       ?Init@keysMenu_t@@UAE_NXZ  00416f80 f i menu.obj
 0001:00016165       ?KeyCursorDrawFunc@keysMenu_t@@SAXPAUmenuFramework_t@@@Z 00417165 f i menu.obj
 0001:000161a5       ?DrawKeyBindingFunc@keysMenu_t@@SAXPAX@Z 004171a5 f i menu.obj
 0001:0001626c       ?KeyDown@keysMenu_t@@UAEPBDH@Z 0041726c f i menu.obj
 0001:00016319       ?UnbindCommand@keysMenu_t@@QAEXPAD@Z 00417319 f i menu.obj
 0001:0001635e       ?KeyBindingFunc@keysMenu_t@@QAEXPAX@Z 0041735e f i menu.obj
 0001:000163bd       ?Init@optionsMenu_t@@UAE_NXZ 004173bd f i menu.obj
 0001:0001681b       ?CrosshairFunc@optionsMenu_t@@SAXPAX@Z 0041781b f i menu.obj
 0001:00016843       ?JoystickFunc@optionsMenu_t@@SAXPAX@Z 00417843 f i menu.obj
 0001:00016858       ?AlwaysRunFunc@optionsMenu_t@@SAXPAX@Z 00417858 f i menu.obj
 0001:0001686d       ?FreeLookFunc@optionsMenu_t@@SAXPAX@Z 0041786d f i menu.obj
 0001:00016882       ?MouseSpeedFunc@optionsMenu_t@@SAXPAX@Z 00417882 f i menu.obj
 0001:0001689f       ?InvertMouseFunc@optionsMenu_t@@SAXPAX@Z 0041789f f i menu.obj
 0001:000168ba       ?LookspringFunc@optionsMenu_t@@SAXPAX@Z 004178ba f i menu.obj
 0001:000168d6       ?LookstrafeFunc@optionsMenu_t@@SAXPAX@Z 004178d6 f i menu.obj
 0001:000168f2       ?UpdateVolumeFunc@optionsMenu_t@@SAXPAX@Z 004178f2 f i menu.obj
 0001:0001690f       ?UpdateCDVolumeFunc@optionsMenu_t@@SAXPAX@Z 0041790f f i menu.obj
 0001:00016929       ?SetMenuItemValues@optionsMenu_t@@SAXXZ 00417929 f i menu.obj
 0001:00016b07       ?ResetDefaultsFunc@optionsMenu_t@@SAXPAX@Z 00417b07 f i menu.obj
 0001:00016b1c       ?UpdateSoundFunc@optionsMenu_t@@SAXPAX@Z 00417b1c f i menu.obj
 0001:00016d1f       ?ScanCrosshairs@optionsMenu_t@@SAXXZ 00417d1f f i menu.obj
 0001:00016d7c       ?Draw@optionsMenu_t@@UAEXXZ 00417d7c f i menu.obj
 0001:00016de1       ?Draw@creditsMenu_t@@UAEXXZ 00417de1 f i menu.obj
 0001:00016e88       ?KeyDown@creditsMenu_t@@UAEPBDH@Z 00417e88 f i menu.obj
 0001:00016ec3       ?Init@creditsMenu_t@@UAE_NXZ 00417ec3 f i menu.obj
 0001:00016f8b       ?Init@gameMenu_t@@UAE_NXZ  00417f8b f i menu.obj
 0001:00017116       ?EasyGameFunc@gameMenu_t@@SAXPAX@Z 00418116 f i menu.obj
 0001:00017122       ?StartGame@gameMenu_t@@SAXPBD@Z 00418122 f i menu.obj
 0001:00017175       ?MediumGameFunc@gameMenu_t@@SAXPAX@Z 00418175 f i menu.obj
 0001:00017181       ?HardGameFunc@gameMenu_t@@SAXPAX@Z 00418181 f i menu.obj
 0001:0001719d       ?Init@savegameMenu_t@@UAE_NXZ 0041819d f i menu.obj
 0001:000172ad       ?Create_Savestrings@savegameMenu_t@@QAEXXZ 004182ad f i menu.obj
 0001:00017368       ?LoadGameCallback@savegameMenu_t@@SAXPAX@Z 00418368 f i menu.obj
 0001:00017391       ?SaveGameCallback@savegameMenu_t@@SAXPAX@Z 00418391 f i menu.obj
 0001:000173b0       ?Draw@savegameMenu_t@@UAEXXZ 004183b0 f i menu.obj
 0001:000173cb       ?DrawSavegameShot@savegameMenu_t@@QAEXHH@Z 004183cb f i menu.obj
 0001:000174b0       ?Init@joinserverMenu_t@@UAE_NXZ 004184b0 f i menu.obj
 0001:000175d9       ?JoinServerFunc@joinserverMenu_t@@SAXPAX@Z 004185d9 f i menu.obj
 0001:0001763b       ?SearchLocalGames@joinserverMenu_t@@SAXXZ 0041863b f i menu.obj
 0001:000176a6       ?M_AddToServerList@@YAXUnetadr_t@@PAD@Z 004186a6 f   menu.obj
 0001:00017729       ?Init@startserverMenu_t@@UAE_NXZ 00418729 f i menu.obj
 0001:00017bcb       ?DMOptionsFunc@startserverMenu_t@@SAXPAX@Z 00418bcb f i menu.obj
 0001:00017bdb       ?RulesChangeFunc@startserverMenu_t@@SAXPAX@Z 00418bdb f i menu.obj
 0001:00017c55       ?StartServerActionFunc@startserverMenu_t@@SAXPAX@Z 00418c55 f i menu.obj
 0001:00017c80       ?StartServerFunc@startserverMenu_t@@SAXPAD@Z 00418c80 f i menu.obj
 0001:00017eb7       ?KeyDown@startserverMenu_t@@UAEPBDH@Z 00418eb7 f i menu.obj
 0001:00017f14       ?Init@dmoptionsMenu_t@@UAE_NXZ 00418f14 f i menu.obj
 0001:000184f3       ?DMFlagCallback@dmoptionsMenu_t@@SAXPAX@Z 004194f3 f i menu.obj
 0001:000186ce       ?Init@downloadOptionsMenu_t@@UAE_NXZ 004196ce f i menu.obj
 0001:00018899       ?DownloadCallback@downloadOptionsMenu_t@@SAXPAX@Z 00419899 f i menu.obj
 0001:00018904       ?Init@addressBookMenu_t@@UAE_NXZ 00419904 f i menu.obj
 0001:000189ac       ?KeyDown@addressBookMenu_t@@UAEPBDH@Z 004199ac f i menu.obj
 0001:00018a09       ?Init@playerConfigMenu_t@@UAE_NXZ 00419a09 f i menu.obj
 0001:00018f50       ?HandednessCallback@playerConfigMenu_t@@SAXPAX@Z 00419f50 f i menu.obj
 0001:00018f65       ?RTypeCallback@playerConfigMenu_t@@SAXPAX@Z 00419f65 f i menu.obj
 0001:00018f7a       ?RColorCallback@playerConfigMenu_t@@SAXPAX@Z 00419f7a f i menu.obj
 0001:00018f8f       ?RateCallback@playerConfigMenu_t@@SAXPAX@Z 00419f8f f i menu.obj
 0001:00018fb2       ?ModelCallback@playerConfigMenu_t@@SAXPAX@Z 00419fb2 f i menu.obj
 0001:00018fe6       ?SkinCallback@playerConfigMenu_t@@SAXPAX@Z 00419fe6 f i menu.obj
 0001:00018fee       ?Draw@playerConfigMenu_t@@UAEXXZ 00419fee f i menu.obj
 0001:000192c6       ?KeyDown@playerConfigMenu_t@@UAEPBDH@Z 0041a2c6 f i menu.obj
 0001:000193a5       ?Init@dmbrowseMenu_t@@UAE_NXZ 0041a3a5 f i menu.obj
 0001:000195ab       ?KeyDown@dmbrowseMenu_t@@UAEPBDH@Z 0041a5ab f i menu.obj
 0001:0001976f       ?Draw@dmbrowseMenu_t@@UAEXXZ 0041a76f f i menu.obj
 0001:000198b4       ?DrawThumbnail@dmbrowseMenu_t@@SAXHHHHPAD_N@Z 0041a8b4 f i menu.obj
 0001:0001999b       ?Init@videoMenu_t@@UAE_NXZ 0041a99b f i menu.obj
 0001:00019f54       ?ScreenSizeCallback@videoMenu_t@@SAXPAX@Z 0041af54 f i menu.obj
 0001:00019f72       ?BrightnessCallback@videoMenu_t@@SAXPAX@Z 0041af72 f i menu.obj
 0001:00019f90       ?ContrastCallback@videoMenu_t@@SAXPAX@Z 0041af90 f i menu.obj
 0001:00019fc9       ?CancelChanges@videoMenu_t@@SAXPAX@Z 0041afc9 f i menu.obj
 0001:00019fea       ?KeyDown@videoMenu_t@@UAEPBDH@Z 0041afea f i menu.obj
 0001:0001a031       ?ApplyChanges@videoMenu_t@@SAXPAX@Z 0041b031 f i menu.obj
 0001:0001a1e8       ?KeyDown@quitMenu_t@@UAEPBDH@Z 0041b1e8 f i menu.obj
 0001:0001a220       ?Draw@quitMenu_t@@UAEXXZ   0041b220 f i menu.obj
 0001:0001a290       ?M_Init@@YAXXZ             0041b290 f   menu.obj
 0001:0001a472       ?ItemAtCursor@menuFramework_t@@QAEPAUmenuCommon_t@@XZ 0041b472 f   qmenu.obj
 0001:0001a4c6       ?AddItem@menuFramework_t@@QAEXPAUmenuCommon_t@@@Z 0041b4c6 f   qmenu.obj
 0001:0001a582       ?AdjustCursor@menuFramework_t@@QAEXH@Z 0041b582 f   qmenu.obj
 0001:0001a6f1       ?Center@menuFramework_t@@QAEXXZ 0041b6f1 f   qmenu.obj
 0001:0001a732       ?Draw@menuFramework_t@@UAEXXZ 0041b732 f   qmenu.obj
 0001:0001acea       ?SelectItem@menuFramework_t@@QAE_NXZ 0041bcea f   qmenu.obj
 0001:0001ad48       ?SetStatusBar@menuFramework_t@@QAEXPBD@Z 0041bd48 f   qmenu.obj
 0001:0001ad52       ?SlideItem@menuFramework_t@@QAEXH@Z 0041bd52 f   qmenu.obj
 0001:0001b2cf       ?Push@menuFramework_t@@QAEXXZ 0041c2cf f   qmenu.obj
 0001:0001b357       ?M_ForceMenuOff@@YAXXZ     0041c357 f   qmenu.obj
 0001:0001b384       ?Pop@menuFramework_t@@QAEXXZ 0041c384 f   qmenu.obj
 0001:0001b3be       ?KeyDown@menuFramework_t@@UAEPBDH@Z 0041c3be f   qmenu.obj
 0001:0001b632       ?Init@menuFramework_t@@UAE_NXZ 0041c632 f   qmenu.obj
 0001:0001b635       ?M_Draw@@YAXXZ             0041c635 f   qmenu.obj
 0001:0001b670       ?M_Keydown@@YAXH@Z         0041c670 f   qmenu.obj
 0001:0001b68f       ?InitRendererVars@@YAXXZ   0041c68f f   ref_vars.obj
 0001:0001b6ae       ?S_SoundInfo_f@@YAXXZ      0041c6ae f   snd_dma.obj
 0001:0001b738       ?S_Init@@YAXXZ             0041c738 f   snd_dma.obj
 0001:0001b806       ?S_Shutdown@@YAXXZ         0041c806 f   snd_dma.obj
 0001:0001b899       ?S_BeginRegistration@@YAXXZ 0041c899 f   snd_dma.obj
 0001:0001b8a7       ?S_RegisterSound@@YAPAUsfx_t@@PBD@Z 0041c8a7 f   snd_dma.obj
 0001:0001ba3d       ?S_EndRegistration@@YAXXZ  0041ca3d f   snd_dma.obj
 0001:0001bad5       ?S_PickChannel@@YAPAUchannel_t@@HH@Z 0041cad5 f   snd_dma.obj
 0001:0001bb62       ?S_Spatialize@@YAXPAUchannel_t@@@Z 0041cb62 f   snd_dma.obj
 0001:0001bcf9       ?S_AllocPlaysound@@YAPAUplaysound_t@@XZ 0041ccf9 f   snd_dma.obj
 0001:0001bd1b       ?S_FreePlaysound@@YAXPAUplaysound_t@@@Z 0041cd1b f   snd_dma.obj
 0001:0001bd4b       ?S_IssuePlaysound@@YAXPAUplaysound_t@@@Z 0041cd4b f   snd_dma.obj
 0001:0001be18       ?S_StartSound@@YAXPBUCVec3@@HHPAUsfx_t@@MMM@Z 0041ce18 f   snd_dma.obj
 0001:0001c23e       ?S_StartLocalSound@@YAXPBD@Z 0041d23e f   snd_dma.obj
 0001:0001c28d       ?S_ClearBuffer@@YAXXZ      0041d28d f   snd_dma.obj
 0001:0001c2f6       ?S_StopAllSounds_f@@YAXXZ  0041d2f6 f   snd_dma.obj
 0001:0001c366       ?S_AddLoopSounds@@YAXXZ    0041d366 f   snd_dma.obj
 0001:0001c53c       ?S_RawSamples@@YAXHHHHPAE@Z 0041d53c f   snd_dma.obj
 0001:0001c740       ?S_Update@@YAXABUCVec3@@0@Z 0041d740 f   snd_dma.obj
 0001:0001c823       ?GetSoundtime@@YAXXZ       0041d823 f   snd_dma.obj
 0001:0001c88a       ?S_Update_@@YAXXZ          0041d88a f   snd_dma.obj
 0001:0001cb3d       ?ResampleSfx@@YAXPAUsfx_t@@HHPAE@Z 0041db3d f   snd_mem.obj
 0001:0001cc58       ?S_LoadSound@@YAPAUsfxcache_t@@PAUsfx_t@@@Z 0041dc58 f   snd_mem.obj
 0001:0001cd90       ?GetWavinfo@@YA?AUwavinfo_t@@PADPAEH@Z 0041dd90 f   snd_mem.obj
 0001:0001cfd2       ?S_WriteLinearBlastStereo16@@YAXXZ 0041dfd2 f   snd_mix.obj
 0001:0001d046       ?S_TransferStereo16@@YAXPAKH@Z 0041e046 f   snd_mix.obj
 0001:0001d0af       ?S_TransferPaintBuffer@@YAXH@Z 0041e0af f   snd_mix.obj
 0001:0001d213       ?S_PaintChannels@@YAXH@Z   0041e213 f   snd_mix.obj
 0001:0001d48f       ?S_InitScaletable@@YAXXZ   0041e48f f   snd_mix.obj
 0001:0001d650       ?SV_ComputeAnimation@@YAXPAUplayer_state_t@@AAUentityStateEx_t@@PAU2@PAUedict_s@@@Z 0041e650 f   sv_anim.obj
 0001:0001da4d       ?SV_WipeSavegame@@YAXPAD@Z 0041ea4d f   sv_ccmds.obj
 0001:0001da7b       ?SV_CopySaveGame@@YAXPAD0@Z 0041ea7b f   sv_ccmds.obj
 0001:0001dad0       ?SV_WriteLevelFile@@YAXXZ  0041ead0 f   sv_ccmds.obj
 0001:0001db7e       ?SV_ReadLevelFile@@YAXXZ   0041eb7e f   sv_ccmds.obj
 0001:0001dc2c       ?SV_WriteServerFile@@YAX_NPAD@Z 0041ec2c f   sv_ccmds.obj
 0001:0001de68       ?SV_ReadServerFile@@YAXXZ  0041ee68 f   sv_ccmds.obj
 0001:0001df8d       ?SV_AddressBanned@@YA_NPAUnetadr_t@@@Z 0041ef8d f   sv_ccmds.obj
 0001:0001dfce       ?SV_InitOperatorCommands@@YAXXZ 0041efce f   sv_ccmds.obj
 0001:0001efd3       ?SV_WriteFrameToClient@@YAXPAUclient_t@@PAVsizebuf_t@@@Z 0041ffd3 f   sv_ents.obj
 0001:0001f71e       ?SV_RecordDemoMessage@@YAXXZ 0042071e f   sv_ents.obj
 0001:00020306       ?SV_InitGameLibrary@@YAX_N@Z 00421306 f   sv_game.obj
 0001:0002044c       ?SV_ShutdownGameLibrary@@YAXXZ 0042144c f   sv_game.obj
 0001:000205a9       ?SV_FindIndex@@YAHPADHH_N@Z 004215a9 f   sv_init.obj
 0001:000206b6       ?SV_ModelIndex@@YAHPAD@Z   004216b6 f   sv_init.obj
 0001:000206cc       ?SV_SoundIndex@@YAHPAD@Z   004216cc f   sv_init.obj
 0001:000206e5       ?SV_ImageIndex@@YAHPAD@Z   004216e5 f   sv_init.obj
 0001:000206fe       ?SV_CreateBaseline@@YAXXZ  004216fe f   sv_init.obj
 0001:0002077b       ?SV_CheckForSavegame@@YAXXZ 0042177b f   sv_init.obj
 0001:00020803       ?SV_SpawnServer@@YAXPAD0W4server_state_t@@_N2@Z 00421803 f   sv_init.obj
 0001:00020ad1       ?SV_InitGame@@YAXXZ        00421ad1 f   sv_init.obj
 0001:00020d1b       ?SV_Map@@YAX_NPBD0@Z       00421d1b f   sv_init.obj
 0001:00020ee4       ?SV_DropClient@@YAXPAUclient_t@@PAD@Z 00421ee4 f   sv_main.obj
 0001:000217f3       ?SV_ConnectionlessPacket@@YAXXZ 004227f3 f   sv_main.obj
 0001:000218be       ?SV_CalcPings@@YAXXZ       004228be f   sv_main.obj
 0001:00021945       ?SV_GiveMsec@@YAXXZ        00422945 f   sv_main.obj
 0001:00021984       ?SV_ReadPackets@@YAXXZ     00422984 f   sv_main.obj
 0001:00021acc       ?SV_CheckTimeouts@@YAXXZ   00422acc f   sv_main.obj
 0001:00021bdd       ?SV_PostprocessFrame@@YAXXZ 00422bdd f   sv_main.obj
 0001:0002209b       ?SV_MulticastHook@@YAPAVsizebuf_t@@PAV1@0@Z 0042309b f   sv_main.obj
 0001:0002248b       ?SV_TraceHook@@YA?AUtrace_t@@ABUCVec3@@PBU2@10PAUedict_s@@H@Z 0042348b f   sv_main.obj
 0001:00022629       ?SV_Frame@@YAXM@Z          00423629 f   sv_main.obj
 0001:000228dc       ?SV_UserinfoChanged@@YAXPAUclient_t@@@Z 004238dc f   sv_main.obj
 0001:000229a0       ?SV_Init@@YAXXZ            004239a0 f   sv_main.obj
 0001:00022a02       ?SV_Shutdown@@YAXPBD_N@Z   00423a02 f   sv_main.obj
 0001:00022c09       ?SV_BeginRedirect@@YAXXZ   00423c09 f   sv_send.obj
 0001:00022cb3       ?SV_ClientPrintf@@YAXPAUclient_t@@HPBDZZ 00423cb3 f   sv_send.obj
 0001:00022d0e       ?SV_BroadcastPrintf@@YAXHPBDZZ 00423d0e f   sv_send.obj
 0001:00022de4       ?SV_BroadcastCommand@@YAXPBDZZ 00423de4 f   sv_send.obj
 0001:00022e3c       ?SV_Multicast@@YAXABUCVec3@@W4multicast_t@@_N@Z 00423e3c f   sv_send.obj
 0001:00023062       ?SV_MulticastOld@@YAXABUCVec3@@W4multicast_t@@@Z 00424062 f   sv_send.obj
 0001:00023075       ?SV_MulticastNew@@YAXABUCVec3@@W4multicast_t@@@Z 00424075 f   sv_send.obj
 0001:00023088       ?SV_StartSound@@YAXPBUCVec3@@PAUedict_s@@HHMMM_N@Z 00424088 f   sv_send.obj
 0001:00023355       ?SV_StartSoundOld@@YAXPBUCVec3@@PAUedict_s@@HHMMM@Z 00424355 f   sv_send.obj
 0001:00023385       ?SV_StartSoundNew@@YAXPBUCVec3@@PAUedict_s@@HHMMM@Z 00424385 f   sv_send.obj
 0001:000233b5       ?SV_SendClientDatagram@@YA_NPAUclient_t@@@Z 004243b5 f   sv_send.obj
 0001:00023477       ?SV_DemoCompleted@@YAXXZ   00424477 f   sv_send.obj
 0001:00023493       ?SV_RateDrop@@YA_NPAUclient_t@@@Z 00424493 f   sv_send.obj
 0001:000234dd       ?SV_SendClientMessages@@YAXXZ 004244dd f   sv_send.obj
 0001:00023620       ?SV_ClearTexts@@YAXXZ      00424620 f   sv_text.obj
 0001:00023628       ?SV_DrawTexts@@YAXXZ       00424628 f   sv_text.obj
 0001:000237dd       ?SV_DrawText3D@@YAXABUCVec3@@PBDI@Z 004247dd f   sv_text.obj
 0001:000237f4       ?SV_TokenizeString@@YAXPBD@Z 004247f4 f   sv_tokenize.obj
 0001:000238cb       ?SV_Argc@@YAHXZ            004248cb f   sv_tokenize.obj
 0001:000238d1       ?SV_Argv@@YAPADH@Z         004248d1 f   sv_tokenize.obj
 0001:000238eb       ?SV_Args@@YAPADXZ          004248eb f   sv_tokenize.obj
 0001:00024180       ?SV_Nextserver@@YAXXZ      00425180 f   sv_user.obj
 0001:0002420f       ?SV_ExecuteUserCommand@@YAXPAD@Z 0042520f f   sv_user.obj
 0001:000242d1       ?SV_ClientThink@@YAXPAUclient_t@@PAUusercmd_t@@@Z 004252d1 f   sv_user.obj
 0001:00024314       ?SV_ExecuteClientMessage@@YAXPAUclient_t@@@Z 00425314 f   sv_user.obj
 0001:00024532       ?SV_ClearWorld@@YAXXZ      00425532 f   sv_world.obj
 0001:0002466d       ?SV_UnlinkEdict@@YAXPAUedict_s@@@Z 0042566d f   sv_world.obj
 0001:00024730       ?SV_LinkEdict@@YAXPAUedict_s@@@Z 00425730 f   sv_world.obj
 0001:00024d1b       ?SV_AreaEdicts@@YAHABUCVec3@@0PAPAUedict_s@@HH@Z 00425d1b f   sv_world.obj
 0001:00024ecc       ?SV_PointContents@@YAHABUCVec3@@@Z 00425ecc f   sv_world.obj
 0001:00024ff3       ?SV_Trace@@YAXAAUtrace_t@@ABUCVec3@@1ABUCBox@@PAUedict_s@@H@Z 00425ff3 f   sv_world.obj
 0001:00025472       ?InitByteDirs@@YAXXZ       00426472 f   anorms.obj
 0001:000254b1       ?Cbuf_AddText@@YAXPBD@Z    004264b1 f   cmd.obj
 0001:00025513       ?Cbuf_CopyToDefer@@YAXXZ   00426513 f   cmd.obj
 0001:0002555b       ?Cbuf_InsertFromDefer@@YAXXZ 0042655b f   cmd.obj
 0001:00025614       ?Cbuf_Execute@@YAXXZ       00426614 f   cmd.obj
 0001:0002571a       ?Cmd_Unalias_f@@YAX_NHPAPAD@Z 0042671a f   cmd.obj
 0001:00025790       ?Cmd_WriteAliases@@YAXPAU_iobuf@@@Z 00426790 f   cmd.obj
 0001:000257c1       ?RegisterCommand@@YA_NPBDP6AXXZH@Z 004267c1 f   cmd.obj
 0001:0002587a       ?UnregisterCommand@@YA_NPBD@Z 0042687a f   cmd.obj
 0001:0002590b       ?Cmd_ExecuteString@@YA_NPBD@Z 0042690b f   cmd.obj
 0001:00025d5e       ?ExecuteCommand@@YA_NPBDPBUCSimpleCommand@@H@Z 00426d5e f   cmd.obj
 0001:00025e36       ?Cmd_Init@@YAXXZ           00426e36 f   cmd.obj
 0001:00026188       ?CM_LoadMap@@YAPAUcmodel_t@@PBD_NPAI@Z 00427188 f   cmodel.obj
 0001:000268b9       ?SetSignbits@cplane_t@@QAEXXZ 004278b9 f i cmodel.obj
 0001:000268ed       ?SetType@cplane_t@@QAEXXZ  004278ed f i cmodel.obj
 0001:00026aa9       ?CM_InlineModel@@YAPAUcmodel_t@@PBD@Z 00427aa9 f   cmodel.obj
 0001:00026aea       ?CM_NumClusters@@YAHXZ     00427aea f   cmodel.obj
 0001:00026af0       ?CM_NumInlineModels@@YAHXZ 00427af0 f   cmodel.obj
 0001:00026af6       ?CM_EntityString@@YAPBDXZ  00427af6 f   cmodel.obj
 0001:00026afc       ?CM_LeafContents@@YAHH@Z   00427afc f   cmodel.obj
 0001:00026b23       ?CM_LeafCluster@@YAHH@Z    00427b23 f   cmodel.obj
 0001:00026b99       ?CM_LeafArea@@YAHH@Z       00427b99 f   cmodel.obj
 0001:00026d5c       ?CM_HeadnodeForBox@@YAHABUCBox@@@Z 00427d5c f   cmodel.obj
 0001:00026e11       ?CM_PointLeafnum@@YAHABUCVec3@@H@Z 00427e11 f   cmodel.obj
 0001:00026eb4       ?DistanceTo@cplane_t@@QAEMABUCVec3@@@Z 00427eb4 f i cmodel.obj
 0001:00026ef8       ?CM_PointContents@@YAHABUCVec3@@H@Z 00427ef8 f   cmodel.obj
 0001:00026f6d       ?CM_TransformedPointContents@@YAHABUCVec3@@H00@Z 00427f6d f   cmodel.obj
 0001:0002704e       ?CM_TransformedPointContents@@YAHABUCVec3@@H0ABUCAxis@@@Z 0042804e f   cmodel.obj
 0001:000270f9       ?CM_BoxLeafnums@@YAHABUCBox@@PAHH1H@Z 004280f9 f   cmodel.obj
 0001:00027202       ?BOX_ON_PLANE_SIDE@@YAHABUCBox@@ABUcplane_t@@@Z 00428202 f i cmodel.obj
 0001:0002726c       ?CM_BoxTrace@@YAXAAUtrace_t@@ABUCVec3@@1ABUCBox@@HH@Z 0042826c f   cmodel.obj
 0001:00027c0e       ?CM_TransformedBoxTrace@@YAXAAUtrace_t@@ABUCVec3@@1ABUCBox@@HH11@Z 00428c0e f   cmodel.obj
 0001:00027d8b       ?CM_TransformedBoxTrace@@YAXAAUtrace_t@@ABUCVec3@@1ABUCBox@@HH1ABUCAxis@@@Z 00428d8b f   cmodel.obj
 0001:00027e48       ?CM_BrushTrace@@YAHABUCVec3@@0PAHH@Z 00428e48 f   cmodel.obj
 0001:0002825a       ?CM_RefineBrushTrace@@YAHABUCVec3@@0PAHH@Z 0042925a f   cmodel.obj
 0001:00028300       ?CM_ClusterPVS@@YAPAEH@Z   00429300 f   cmodel.obj
 0001:00028444       ?CM_ClusterPHS@@YAPAEH@Z   00429444 f   cmodel.obj
 0001:000285a7       ?CM_SetAreaPortalState@@YAXH_N@Z 004295a7 f   cmodel.obj
 0001:000285cc       ?CM_AreasConnected@@YA_NHH@Z 004295cc f   cmodel.obj
 0001:00028610       ?CM_WriteAreaBits@@YAHPAEH@Z 00429610 f   cmodel.obj
 0001:000286b2       ?CM_WritePortalState@@YAXPAU_iobuf@@@Z 004296b2 f   cmodel.obj
 0001:000286cc       ?CM_ReadPortalState@@YAXPAU_iobuf@@@Z 004296cc f   cmodel.obj
 0001:000286ea       ?CM_HeadnodeVisible@@YA_NHPBE@Z 004296ea f   cmodel.obj
 0001:000287c5       ?Com_BeginRedirect@@YAXPADHP6AX0@Z@Z 004297c5 f   common.obj
 0001:000287f2       ?Com_EndRedirect@@YAXXZ    004297f2 f   common.obj
 0001:00028811       ?Com_Printf@@YAXPBDZZ      00429811 f   common.obj
 0001:00028a09       ?Com_DPrintf@@YAXPBDZZ     00429a09 f   common.obj
 0001:00028a82       ?DebugPrintf@@YAXPBDZZ     00429a82 f   common.obj
 0001:00028b2c       ?Com_WPrintf@@YAXPBDZZ     00429b2c f   common.obj
 0001:00028b86       ?Com_Quit@@YAXXZ           00429b86 f   common.obj
 0001:00028ba6       ?IPWildcard@@YA_NPAUnetadr_t@@PAD@Z 00429ba6 f   common.obj
 0001:00028c80       ?Com_ServerState@@YA?AW4server_state_t@@XZ 00429c80 f   common.obj
 0001:00028c86       ?Com_SetServerState@@YAXW4server_state_t@@@Z 00429c86 f   common.obj
 0001:00028c90       ?frand@@YAMXZ              00429c90 f   common.obj
 0001:00028ca8       ?crand@@YAMXZ              00429ca8 f   common.obj
 0001:00028cc6       ?Info_ValueForKey@@YAPBDPBD0@Z 00429cc6 f   common.obj
 0001:00028d45       ?Info_SetValueForKey@@YAXPADPBD1@Z 00429d45 f   common.obj
 0001:00028ea8       ?Info_Print@@YAXPBD@Z      00429ea8 f   common.obj
 0001:00028f2e       ?Com_CheckCmdlineVar@@YA_NPBD@Z 00429f2e f   common.obj
 0001:00028f84       ?Com_Init@@YAXPBD@Z        00429f84 f   common.obj
 0001:00029352       ?Com_Frame@@YAXM@Z         0042a352 f   common.obj
 0001:00029690       ?Com_Shutdown@@YAXXZ       0042a690 f   common.obj
 0001:000296a9       ?Com_BlockSequenceCRCByte@@YAEPAEHH@Z 0042a6a9 f   crc.obj
 0001:0002975f       ?Cvar_VariableValue@@YAMPBD@Z 0042a75f f   cvar.obj
 0001:000297cd       ?Cvar_VariableInt@@YAHPBD@Z 0042a7cd f   cvar.obj
 0001:000297e0       ?Cvar_VariableString@@YAPBDPBD@Z 0042a7e0 f   cvar.obj
 0001:000297f8       ?Cvar_Get@@YAPAUcvar_t@@PBD0H@Z 0042a7f8 f   cvar.obj
 0001:00029aaf       ?Cvar_GetVars@@YAXPBUcvarInfo_t@@H@Z 0042aaaf f   cvar.obj
 0001:00029b59       ?Cvar_FullSet@@YAPAUcvar_t@@PBD0I@Z 0042ab59 f   cvar.obj
 0001:00029bb3       ?Cvar_SetValue@@YAPAUcvar_t@@PBDM@Z 0042abb3 f   cvar.obj
 0001:00029dd9       ?Cvar_SetInteger@@YAPAUcvar_t@@PBDH@Z 0042add9 f   cvar.obj
 0001:00029dfb       ?Cvar_Set@@YAPAUcvar_t@@PBD0@Z 0042adfb f   cvar.obj
 0001:00029e10       ?Cvar_ForceSet@@YAPAUcvar_t@@PBD0@Z 0042ae10 f   cvar.obj
 0001:00029e25       ?Cvar_Clamp@@YAMPAUcvar_t@@MM@Z 0042ae25 f   cvar.obj
 0001:00029e83       ?Cvar_GetLatchedVars@@YAXXZ 0042ae83 f   cvar.obj
 0001:00029eb2       ?Cvar_Command@@YA_NHPAPAD@Z 0042aeb2 f   cvar.obj
 0001:00029f4b       ?IsDefault@cvar_t@@QAE_NXZ 0042af4b f i cvar.obj
 0001:00029f68       ?Cvar_WriteVariables@@YAXPAU_iobuf@@HHPBD@Z 0042af68 f   cvar.obj
 0001:00029ff0       ?Cvar_Userinfo@@YAPBDXZ    0042aff0 f   cvar.obj
 0001:0002a04b       ?Cvar_Serverinfo@@YAPBDXZ  0042b04b f   cvar.obj
 0001:0002a054       ?Cvar_Cheats@@YAX_N@Z      0042b054 f   cvar.obj
 0001:0002a0a5       ?Cvar_Init@@YAXXZ          0042b0a5 f   cvar.obj
 0001:0002a8c8       ?MSG_WriteDeltaEntity@@YAXPAVsizebuf_t@@PBUentityStateEx_t@@PAU2@_N33@Z 0042b8c8 f   entdelta.obj
 0001:0002ae84       ?MSG_WriteRemoveEntity@@YAXPAVsizebuf_t@@H@Z 0042be84 f   entdelta.obj
 0001:0002aec4       ?MSG_ReadEntityBits@@YAHPAVsizebuf_t@@PAIPA_N@Z 0042bec4 f   entdelta.obj
 0001:0002af35       ?MSG_ReadDeltaEntity@@YAXPAVsizebuf_t@@PBUentityStateEx_t@@PAU2@I@Z 0042bf35 f   entdelta.obj
 0001:0002afb8       ?MSG_WriteDeltaUsercmd@@YAXPAVsizebuf_t@@PBUusercmd_t@@PAU2@@Z 0042bfb8 f   entdelta.obj
 0001:0002b047       ?MSG_ReadDeltaUsercmd@@YAXPAVsizebuf_t@@PBUusercmd_t@@PAU2@@Z 0042c047 f   entdelta.obj
 0001:0002b34a       ?MSG_WriteDeltaPlayerstate@@YAXPAVsizebuf_t@@PBUplayer_state_t@@PAU2@@Z 0042c34a f   entdelta.obj
 0001:0002b453       ?MSG_ReadDeltaPlayerstate@@YAXPAVsizebuf_t@@PBUplayer_state_t@@PAU2@@Z 0042c453 f   entdelta.obj
 0001:0002b527       ?FS_CreatePath@@YAXPBD@Z   0042c527 f   files.obj
 0001:0002b58d       ?FS_CopyFile@@YAXPBD0@Z    0042c58d f   files.obj
 0001:0002b690       ?FS_CopyFiles@@YAXPBD0@Z   0042c690 f   files.obj
 0001:0002b769       ?FS_RemoveFiles@@YAXPBD@Z  0042c769 f   files.obj
 0001:0002b7dd       ?FS_FCloseFile@@YAXPAVQFILE@@@Z 0042c7dd f   files.obj
 0001:0002b87b       ?FS_FOpenFile@@YAPAVQFILE@@PBDPAH@Z 0042c87b f   files.obj
 0001:0002bd9e       ?FS_FileExists@@YA_NPBD@Z  0042cd9e f   files.obj
 0001:0002bfb7       ?FS_Read@@YAXPAXHPAVQFILE@@@Z 0042cfb7 f   files.obj
 0001:0002c21b       ?FS_LoadFile@@YAPAXPBDPAI@Z 0042d21b f   files.obj
 0001:0002c271       ?FS_FreeFile@@YAXPAX@Z     0042d271 f   files.obj
 0001:0002c27c       ?FS_Gamedir@@YAPBDXZ       0042d27c f   files.obj
 0001:0002c290       ?FS_LoadGameConfig@@YAXXZ  0042d290 f   files.obj
 0001:0002c355       ?FS_SetGamedir@@YA_NPBD@Z  0042d355 f   files.obj
 0001:0002ca40       ?FS_ListFiles@@YA?AV?$TList@VCStringItem@@@@PBDH@Z 0042da40 f   files.obj
 0001:0002cdc2       ?FS_NextPath@@YAPADPBD@Z   0042ddc2 f   files.obj
 0001:0002cde6       ?FS_InitFilesystem@@YAXXZ  0042dde6 f   files.obj
 0001:0002d792       ?LoadPCX@@YAXPBDPAPAE1PAH2@Z 0042e792 f   images.obj
 0001:0002d8dc       ?LoadTGA@@YAXPBDPAPAEPAH2@Z 0042e8dc f   images.obj
 0001:0002dad7       ?LoadJPG@@YAXPBDPAPAEPAH2@Z 0042ead7 f   images.obj
 0001:0002dd63       ?ImageExists@@YAHPBDH@Z    0042ed63 f   images.obj
 0001:0002de6a       ?WriteTGA@@YA_NPBDPAEHH@Z  0042ee6a f   images.obj
 0001:0002e054       ?WriteJPG@@YA_NPBDPAEHH_N@Z 0042f054 f   images.obj
 0001:0002e17b       ?MD4Init@@YAXPAUMD4_CTX@@@Z 0042f17b f   md4.obj
 0001:0002e1a3       ?MD4Update@@YAXPAUMD4_CTX@@PAEI@Z 0042f1a3 f   md4.obj
 0001:0002e241       ?MD4Final@@YAXQAEPAUMD4_CTX@@@Z 0042f241 f   md4.obj
 0001:0002e932       ?Com_BlockChecksum@@YAIPAXH@Z 0042f932 f   md4.obj
 0001:0002e96e       ?LoadQ2BspFile@@YAXXZ      0042f96e f   model.obj
 0001:0002ed24       ?LoadBspFile@@YAPAUbspfile_t@@PBD_NPAI@Z 0042fd24 f   model.obj
 0001:0002eed2       ?ProcessEntstring@@YAPADPAD@Z 0042fed2 f   model.obj
 0001:0002fd79       ?Init@sizebuf_t@@QAEXPAXH@Z 00430d79 f   msg.obj
 0001:0002fd94       ?Write@sizebuf_t@@QAEXPBXH@Z 00430d94 f   msg.obj
 0001:0002fe04       ?MSG_WriteByte@@YAXPAVsizebuf_t@@H@Z 00430e04 f   msg.obj
 0001:0002fe04       ?MSG_WriteChar@@YAXPAVsizebuf_t@@H@Z 00430e04 f   msg.obj
 0001:0002fe15       ?MSG_WriteShort@@YAXPAVsizebuf_t@@H@Z 00430e15 f   msg.obj
 0001:0002fe26       ?MSG_WriteFloat@@YAXPAVsizebuf_t@@M@Z 00430e26 f   msg.obj
 0001:0002fe26       ?MSG_WriteLong@@YAXPAVsizebuf_t@@H@Z 00430e26 f   msg.obj
 0001:0002fe37       ?MSG_WriteString@@YAXPAVsizebuf_t@@PBD@Z 00430e37 f   msg.obj
 0001:0002fe61       ?MSG_WritePos@@YAXPAVsizebuf_t@@ABUCVec3@@@Z 00430e61 f   msg.obj
 0001:0002fec5       ?MSG_WriteAngle@@YAXPAVsizebuf_t@@M@Z 00430ec5 f   msg.obj
 0001:0002fef0       ?MSG_WriteAngle16@@YAXPAVsizebuf_t@@M@Z 00430ef0 f   msg.obj
 0001:0002ff1b       ?MSG_WriteDir@@YAXPAVsizebuf_t@@ABUCVec3@@@Z 00430f1b f   msg.obj
 0001:0002ff83       ?MSG_ReadDir@@YAXPAVsizebuf_t@@AAUCVec3@@@Z 00430f83 f   msg.obj
 0001:0002ffb4       ?MSG_ReadChar@@YAHPAVsizebuf_t@@@Z 00430fb4 f   msg.obj
 0001:0002ffd4       ?MSG_ReadByte@@YAHPAVsizebuf_t@@@Z 00430fd4 f   msg.obj
 0001:0002fff4       ?MSG_ReadShort@@YAHPAVsizebuf_t@@@Z 00430ff4 f   msg.obj
 0001:00030014       ?MSG_ReadLong@@YAHPAVsizebuf_t@@@Z 00431014 f   msg.obj
 0001:00030033       ?MSG_ReadString@@YAPADPAVsizebuf_t@@@Z 00431033 f   msg.obj
 0001:00030066       ?MSG_ReadPos@@YAXPAVsizebuf_t@@AAUCVec3@@@Z 00431066 f   msg.obj
 0001:000300b8       ?MSG_ReadAngle@@YAMPAVsizebuf_t@@@Z 004310b8 f   msg.obj
 0001:000300d2       ?MSG_ReadAngle16@@YAMPAVsizebuf_t@@@Z 004310d2 f   msg.obj
 0001:000300ec       ?MSG_ReadData@@YAXPAVsizebuf_t@@PAXH@Z 004310ec f   msg.obj
 0001:0003010f       ?Netchan_Init@@YAXXZ       0043110f f   net_chan.obj
 0001:00030183       ?Netchan_OutOfBandPrint@@YAXW4netsrc_t@@Unetadr_t@@PBDZZ 00431183 f   net_chan.obj
 0001:0003020a       ?Setup@netchan_t@@QAEXW4netsrc_t@@Unetadr_t@@H@Z 0043120a f   net_chan.obj
 0001:00030262       ?NeedReliable@netchan_t@@QAE_NXZ 00431262 f   net_chan.obj
 0001:00030287       ?Transmit@netchan_t@@QAEXPAXH@Z 00431287 f   net_chan.obj
 0001:00030424       ?Process@netchan_t@@QAE_NPAVsizebuf_t@@@Z 00431424 f   net_chan.obj
 0001:00030552       ?Pmove@@YAXPAUpmove_t@@@Z  00431552 f   pmove.obj
 0001:000322ef       ?NormalizeColor@@YAMABUCVec3@@AAU1@@Z 004332ef f   q_shared2.obj
 0001:0003234b       ?NormalizeColor255@@YAMABUCVec3@@AAU1@@Z 0043334b f   q_shared2.obj
 0001:000323ab       ?Q_rsqrt@@YAMM@Z           004333ab f   q_shared2.obj
 0001:000323db       ?AngleVectors@@YAXABUCVec3@@PAU1@11@Z 004333db f   q_shared2.obj
 0001:0003253c       ?MakeNormalVectors@@YAXABUCVec3@@AAU1@1@Z 0043353c f   q_shared2.obj
 0001:000325ab       ?VectorLength@@YAMABUCVec3@@@Z 004335ab f   q_shared2.obj
 0001:000325da       ?VectorDistance@@YAMABUCVec3@@0@Z 004335da f   q_shared2.obj
 0001:0003260b       ?LerpAngle@@YAMMMM@Z       0043360b f   q_shared2.obj
 0001:0003264e       ?AngleMod@@YAMM@Z          0043364e f   q_shared2.obj
 0001:0003267a       ?AngleSubtract@@YAMMM@Z    0043367a f   q_shared2.obj
 0001:000326b1       ?AnglesSubtract@@YAXABUCVec3@@0AAU1@@Z 004336b1 f   q_shared2.obj
 0001:00032709       ?Normalize@CVec3@@QAEMXZ   00433709 f   q_shared2.obj
 0001:0003275b       ?VectorNormalize@@YAMABUCVec3@@AAU1@@Z 0043375b f   q_shared2.obj
 0001:000327b3       ?NormalizeFast@CVec3@@QAEMXZ 004337b3 f   q_shared2.obj
 0001:00032804       ?cross@@YAXABUCVec3@@0AAU1@@Z 00433804 f   q_shared2.obj
 0001:0003283f       ?Clear@CBox@@QAEXXZ        0043383f f   q_shared2.obj
 0001:0003285d       ?Expand@CBox@@QAEXABUCVec3@@@Z 0043385d f   q_shared2.obj
 0001:0003288c       ?Expand@CBox@@QAEXABU1@@Z  0043388c f   q_shared2.obj
 0001:000328c8       ?GetCenter@CBox@@QAEXAAUCVec3@@@Z 004338c8 f   q_shared2.obj
 0001:000328e8       ?OnPlaneSide@CBox@@QBEHABUcplane_t@@@Z 004338e8 f   q_shared2.obj
 0001:00032a17       ?FromAngles@CAxis@@QAEXABUCVec3@@@Z 00433a17 f   q_shared2.obj
 0001:00032a56       ?TransformVector@CAxis@@QBEXABUCVec3@@AAU2@@Z 00433a56 f   q_shared2.obj
 0001:00032aa7       ?UnTransformVector@CAxis@@QBEXABUCVec3@@AAU2@@Z 00433aa7 f   q_shared2.obj
 0001:00032b0b       ?TransformAxis@CAxis@@QBEXABU1@AAU1@@Z 00433b0b f   q_shared2.obj
 0001:00032b51       ?UnTransformAxis@CAxis@@QBEXABU1@AAU1@@Z 00433b51 f   q_shared2.obj
 0001:00032b97       ?TransformPoint@CCoords@@QBEXABUCVec3@@AAU2@@Z 00433b97 f   q_shared2.obj
 0001:00032bf5       ?UnTransformPoint@CCoords@@QBEXABUCVec3@@AAU2@@Z 00433bf5 f   q_shared2.obj
 0001:00032c62       ?UnTransformCoords@CCoords@@QBEXABU1@AAU1@@Z 00433c62 f   q_shared2.obj
 0001:00032c8c       ?TransformPlane@CCoords@@QBEXABUcplane_t@@AAU2@@Z 00433c8c f   q_shared2.obj
 0001:00032cc4       ?TransformPoint@@YAXABUCVec3@@ABUCAxis@@0AAU1@@Z 00433cc4 f   q_shared2.obj
 0001:00032d27       ?UnTransformPoint@@YAXABUCVec3@@ABUCAxis@@0AAU1@@Z 00433d27 f   q_shared2.obj
 0001:00032d97       ?ShortSwap@@YAFF@Z         00433d97 f   q_shared2.obj
 0001:00032dac       ?COM_Parse@@YAPADAAPBD_N@Z 00433dac f   q_shared2.obj
 0001:00032ed0       ?COM_QuoteString@@YAPBDPBD_N@Z 00433ed0 f   q_shared2.obj
 0001:00032f2b       ?Com_PageInMemory@@YAXPAXH@Z 00433f2b f   q_shared2.obj
 0001:00032f4a       ?Zip_OpenArchive@@YAPAU_iobuf@@PBD@Z 00433f4a f   zip.obj
 0001:00032fb5       ?Zip_CloseArchive@@YAXPAU_iobuf@@@Z 00433fb5 f   zip.obj
 0001:00032fc1       ?Zip_EnumArchive@@YA_NPAU_iobuf@@P6A_NPAUzipFile_t@@@Z@Z 00433fc1 f   zip.obj
 0001:0003319e       ?Zip_OpenFile@@YAPAUZFILE@@PAU_iobuf@@PAUzipFile_t@@@Z 0043419e f   zip.obj
 0001:00033282       ?Zip_ReadFile@@YAHPAUZFILE@@PAXH@Z 00434282 f   zip.obj
 0001:00033378       ?Zip_CloseFile@@YA_NPAUZFILE@@@Z 00434378 f   zip.obj
 0001:000333bc       ?Zip_OpenBuf@@YAPAUZBUF@@PAXH@Z 004343bc f   zip.obj
 0001:000333fa       ?Zip_ReadBuf@@YAHPAUZBUF@@PAXH@Z 004343fa f   zip.obj
 0001:00033442       ?Zip_CloseBuf@@YAXPAUZBUF@@@Z 00434442 f   zip.obj
 0001:00033457       _zcalloc                   00434457 f   zip.obj
 0001:0003346b       _zcfree                    0043446b f   zip.obj
 0001:00033476       ?CDAudio_Play2@@YAXH_N@Z   00434476 f   cd_win.obj
 0001:00033655       ?CDAudio_Play@@YAXH_N@Z    00434655 f   cd_win.obj
 0001:0003366c       ?CDAudio_Stop@@YAXXZ       0043466c f   cd_win.obj
 0001:000336b1       ?CDAudio_Pause@@YAXXZ      004346b1 f   cd_win.obj
 0001:0003370a       ?CDAudio_Resume@@YAXXZ     0043470a f   cd_win.obj
 0001:00033779       ?CDAudio_Update@@YAXXZ     00434779 f   cd_win.obj
 0001:000337ad       ?CDAudio_Init@@YAHXZ       004347ad f   cd_win.obj
 0001:00033c0f       ?CDAudio_Shutdown@@YAXXZ   00434c0f f   cd_win.obj
 0001:00033c42       ?CDAudio_Activate@@YAX_N@Z 00434c42 f   cd_win.obj
 0001:00033c53       ?IN_Commands@@YAXXZ        00434c53 f   in_win.obj
 0001:00033d7b       ?IN_Init@@YAXXZ            00434d7b f   in_win.obj
 0001:00034072       ?IN_Shutdown@@YAXXZ        00435072 f   in_win.obj
 0001:0003424c       ?IN_Move@@YAXPAUusercmd_t@@@Z 0043524c f   in_win.obj
 0001:00034829       ?IN_Activate@@YAX_N@Z      00435829 f   in_win.obj
 0001:00034833       ?IN_Frame@@YAXXZ           00435833 f   in_win.obj
 0001:00034b9b       ?NetadrToSockadr@@YAXPAUnetadr_t@@PAUsockaddr@@@Z 00435b9b f   net_wins.obj
 0001:00034c20       ?SockadrToNetadr@@YAXPAUsockaddr@@PAUnetadr_t@@@Z 00435c20 f   net_wins.obj
 0001:00034c70       ?NET_CompareAdr@@YA_NPAUnetadr_t@@0@Z 00435c70 f   net_wins.obj
 0001:00034cc6       ?NET_CompareBaseAdr@@YA_NPAUnetadr_t@@0@Z 00435cc6 f   net_wins.obj
 0001:00034d11       ?NET_AdrToString@@YAPADPAUnetadr_t@@@Z 00435d11 f   net_wins.obj
 0001:00034dca       ?NET_StringToAdr@@YA_NPBDPAUnetadr_t@@@Z 00435dca f   net_wins.obj
 0001:00035054       ?NET_IsLocalAddress@@YA_NPAUnetadr_t@@@Z 00436054 f   net_wins.obj
 0001:00035060       ?NET_GetLoopPacket@@YA_NW4netsrc_t@@PAUnetadr_t@@PAVsizebuf_t@@@Z 00436060 f   net_wins.obj
 0001:000350eb       ?NET_SendLoopPacket@@YAXW4netsrc_t@@HPAXUnetadr_t@@@Z 004360eb f   net_wins.obj
 0001:00035140       ?NET_GetPacket@@YA_NW4netsrc_t@@PAUnetadr_t@@PAVsizebuf_t@@@Z 00436140 f   net_wins.obj
 0001:0003525d       ?NET_SendPacket@@YAXW4netsrc_t@@HPAXUnetadr_t@@@Z 0043625d f   net_wins.obj
 0001:0003532e       ?NET_Config@@YAX_N@Z       0043632e f   net_wins.obj
 0001:000356a3       ?NET_Init@@YAXXZ           004366a3 f   net_wins.obj
 0001:0003575d       ?Sys_Mkdir@@YAXPAD@Z       0043675d f   fs_win.obj
 0001:00035769       ?Sys_FindFirst@@YAPBDPBDH@Z 00436769 f   fs_win.obj
 0001:00035823       ?Sys_FindNext@@YAPBDXZ     00436823 f   fs_win.obj
 0001:0003588d       ?Sys_FindClose@@YAXXZ      0043688d f   fs_win.obj
 0001:000358a7       ?Sys_FileExists@@YA_NPBDH@Z 004368a7 f   fs_win.obj
 0001:000358c5       ?SNDDMA_Init@@YA_NXZ       004368c5 f   snd_win.obj
 0001:00035f04       ?SNDDMA_GetDMAPos@@YAHXZ   00436f04 f   snd_win.obj
 0001:00035f4e       ?SNDDMA_BeginPainting@@YAXXZ 00436f4e f   snd_win.obj
 0001:00036066       ?SNDDMA_Submit@@YAXXZ      00437066 f   snd_win.obj
 0001:0003608b       ?SNDDMA_Shutdown@@YAXXZ    0043708b f   snd_win.obj
 0001:00036090       ?S_Activate@@YAX_N@Z       00437090 f   snd_win.obj
 0001:000360bb       ?Sys_Quit@@YAXXZ           004370bb f   sys_win.obj
 0001:00036173       ?Sys_Init@@YAXXZ           00437173 f   sys_win.obj
 0001:000361eb       ?Sys_ConsoleInput@@YAPADXZ 004371eb f   sys_win.obj
 0001:000364a6       ?Sys_ConsoleOutput@@YAXPBD@Z 004374a6 f   sys_win.obj
 0001:00036533       ?Sys_SendKeyEvents@@YAXXZ  00437533 f   sys_win.obj
 0001:000365eb       ?Sys_UnloadGame@@YAXXZ     004375eb f   sys_win.obj
 0001:00036666       ?Sys_GetGameAPI@@YAPAXPAX@Z 00437666 f   sys_win.obj
 0001:000367bd       _WinMain@16                004377bd f   sys_win.obj
 0001:00036a43       ?AddMsgHook@@YAXP6A_NIIJ@Z@Z 00437a43 f   vid_dll.obj
 0001:00036a87       ?RemoveMsgHook@@YAXP6A_NIIJ@Z@Z 00437a87 f   vid_dll.obj
 0001:00036ab6       ?Vid_CreateWindow@@YAPAXHH_N@Z 00437ab6 f   vid_dll.obj
 0001:000371ba       ?Vid_DestroyWindow@@YAX_N@Z 004381ba f   vid_dll.obj
 0001:000371f5       ?Vid_Restart@@YAXXZ        004381f5 f   vid_dll.obj
 0001:00037201       ?Vid_GetModeInfo@@YA_NPAH0H@Z 00438201 f   vid_dll.obj
 0001:00037231       ?Vid_Tick@@YAXXZ           00438231 f   vid_dll.obj
 0001:000373e1       ?Vid_Init@@YAXXZ           004383e1 f   vid_dll.obj
 0001:000374b2       ?Vid_Shutdown@@YAXXZ       004384b2 f   vid_dll.obj
 0001:000374d1       ?Tesselate@surfacePlanar_t@OpenGLDrv@@UAEXAAUrefEntity_t@2@@Z 004384d1 f   gl_backend.obj
 0001:00037ec3       ?Negate@CVec3@@QAEXXZ      00438ec3 f i gl_backend.obj
 0001:00039800       ?Tesselate@surfacePoly_t@OpenGLDrv@@UAEXAAUrefEntity_t@2@@Z 0043a800 f   gl_backend.obj
 0001:000398fd       ?Tesselate@surfaceMd3_t@OpenGLDrv@@UAEXAAUrefEntity_t@2@@Z 0043a8fd f   gl_backend.obj
 0001:00039ec9       ?Tesselate@surfaceEntity_t@OpenGLDrv@@UAEXAAUrefEntity_t@2@@Z 0043aec9 f   gl_backend.obj
 0001:00039fad       ?Tesselate@surfaceParticle_t@OpenGLDrv@@UAEXAAUrefEntity_t@2@@Z 0043afad f   gl_backend.obj
 0001:0003a1fd       ?BK_DrawScene@OpenGLDrv@@YAXXZ 0043b1fd f   gl_backend.obj
 0001:0003ac97       ?BK_DrawPic@OpenGLDrv@@YAXPAVshader_t@1@HHHHMMMMIE@Z 0043bc97 f   gl_backend.obj
 0001:0003ae78       ?BK_DrawText@OpenGLDrv@@YAXPBDHHHHHI@Z 0043be78 f   gl_backend.obj
 0001:0003b063       ?BK_BeginFrame@OpenGLDrv@@YAXXZ 0043c063 f   gl_backend.obj
 0001:0003b0fc       ?BK_EndFrame@OpenGLDrv@@YAXXZ 0043c0fc f   gl_backend.obj
 0001:0003b13b       ?BK_Init@OpenGLDrv@@YAXXZ  0043c13b f   gl_backend.obj
 0001:0003b16a       ?BK_Shutdown@OpenGLDrv@@YAXXZ 0043c16a f   gl_backend.obj
 0001:0003b182       ?AllocDynamicMemory@OpenGLDrv@@YAPAXH@Z 0043c182 f   gl_buffers.obj
 0001:0003b1ed       ?ResizeDynamicMemory@OpenGLDrv@@YAXPAXH@Z 0043c1ed f   gl_buffers.obj
 0001:0003b22f       ?AddSurfaceToPortal@OpenGLDrv@@YAXPAVsurfaceBase_t@1@PAVshader_t@1@HH@Z 0043c22f f   gl_buffers.obj
 0001:0003b2a0       ?InsertShaderIndex@OpenGLDrv@@YAXH@Z 0043c2a0 f   gl_buffers.obj
 0001:0003b2d9       ?ClearPortal@OpenGLDrv@@YAXXZ 0043c2d9 f   gl_buffers.obj
 0001:0003b2f7       ?SortSurfaces@OpenGLDrv@@YAXPAUviewPortal_t@1@PAPAUsurfaceInfo_t@1@@Z 0043c2f7 f   gl_buffers.obj
 0001:0003b489       ?ClearBuffers@OpenGLDrv@@YAXXZ 0043c489 f   gl_buffers.obj
 0001:0003b4a0       ?CreateBuffers@OpenGLDrv@@YAXXZ 0043c4a0 f   gl_buffers.obj
 0001:0003b4c6       ?FreeBuffers@OpenGLDrv@@YAXXZ 0043c4c6 f   gl_buffers.obj
 0001:0003b4ea       ?InitEntity@model_t@OpenGLDrv@@UAEXPAUentity_t@@PAUrefEntity_t@2@@Z 0043c4ea f   gl_frontend.obj
 0001:0003b4ed       ?AddSurfaces@model_t@OpenGLDrv@@UAEXPAUrefEntity_t@2@@Z 0043c4ed f   gl_frontend.obj
 0001:0003b51b       ?GetLeaf@model_t@OpenGLDrv@@UAEPAUnode_t@2@PAUrefEntity_t@2@@Z 0043c51b f   gl_frontend.obj
 0001:0003b52c       ?DrawLabel@model_t@OpenGLDrv@@UAEXPAUrefEntity_t@2@@Z 0043c52c f   gl_frontend.obj
 0001:0003b52f       ?InitEntity@inlineModel_t@OpenGLDrv@@UAEXPAUentity_t@@PAUrefEntity_t@2@@Z 0043c52f f   gl_frontend.obj
 0001:0003b57f       ?AddSurfaces@inlineModel_t@OpenGLDrv@@UAEXPAUrefEntity_t@2@@Z 0043c57f f   gl_frontend.obj
 0001:0003ba2c       ?GetLeaf@inlineModel_t@OpenGLDrv@@UAEPAUnode_t@2@PAUrefEntity_t@2@@Z 0043ca2c f   gl_frontend.obj
 0001:0003bbd1       ?DrawLabel@inlineModel_t@OpenGLDrv@@UAEXPAUrefEntity_t@2@@Z 0043cbd1 f   gl_frontend.obj
 0001:0003bc17       ?InitEntity@md3Model_t@OpenGLDrv@@UAEXPAUentity_t@@PAUrefEntity_t@2@@Z 0043cc17 f   gl_frontend.obj
 0001:0003bde6       ?AddSurfaces@md3Model_t@OpenGLDrv@@UAEXPAUrefEntity_t@2@@Z 0043cde6 f   gl_frontend.obj
 0001:0003bed5       ?GetLeaf@md3Model_t@OpenGLDrv@@UAEPAUnode_t@2@PAUrefEntity_t@2@@Z 0043ced5 f   gl_frontend.obj
 0001:0003bf0d       ?DrawLabel@md3Model_t@OpenGLDrv@@UAEXPAUrefEntity_t@2@@Z 0043cf0d f   gl_frontend.obj
 0001:0003bf73       ?InitEntity@sp2Model_t@OpenGLDrv@@UAEXPAUentity_t@@PAUrefEntity_t@2@@Z 0043cf73 f   gl_frontend.obj
 0001:0003bf8d       ?AddSurfaces@sp2Model_t@OpenGLDrv@@UAEXPAUrefEntity_t@2@@Z 0043cf8d f   gl_frontend.obj
 0001:0003c114       ?GetLeaf@sp2Model_t@OpenGLDrv@@UAEPAUnode_t@2@PAUrefEntity_t@2@@Z 0043d114 f   gl_frontend.obj
 0001:0003c1f5       ?AddEntity@OpenGLDrv@@YAXPAUentity_t@@@Z 0043d1f5 f   gl_frontend.obj
 0001:0003c336       ?AddDlight@OpenGLDrv@@YAXPAUdlight_t@@@Z 0043d336 f   gl_frontend.obj
 0001:0003c4ee       ?DrawPortal@OpenGLDrv@@YAXXZ 0043d4ee f   gl_frontend.obj
 0001:0003e47e       ?GL_TextureMode@OpenGLDrv@@YAXPBD@Z 0043f47e f   gl_image.obj
 0001:0003e526       ?CreateImage@OpenGLDrv@@YAPAVimage_t@1@PBDPAXHHI@Z 0043f526 f   gl_image.obj
 0001:0003f217       ?LoadDelayedImages@OpenGLDrv@@YAXXZ 00440217 f   gl_image.obj
 0001:0003f2aa       ?DrawStretchRaw8@OpenGLDrv@@YAXHHHHHHPAEPAI@Z 004402aa f   gl_image.obj
 0001:0003f679       ?SetupGamma@OpenGLDrv@@YAXXZ 00440679 f   gl_image.obj
 0001:0003f7bf       ?PerformScreenshot@OpenGLDrv@@YAXXZ 004407bf f   gl_image.obj
 0001:0003fa4c       ?InitImages@OpenGLDrv@@YAXXZ 00440a4c f   gl_image.obj
 0001:0004021d       ?ShutdownImages@OpenGLDrv@@YAXXZ 0044121d f   gl_image.obj
 0001:00040284       ?ShowImages@OpenGLDrv@@YAXXZ 00441284 f   gl_image.obj
 0001:0004050c       ?FindImage@OpenGLDrv@@YAPAVimage_t@1@PBDI@Z 0044150c f   gl_image.obj
 0001:000407fe       ?GL_Lock@OpenGLDrv@@YAXXZ  004417fe f   gl_interface.obj
 0001:00040876       ?GL_Unlock@OpenGLDrv@@YAXXZ 00441876 f   gl_interface.obj
 0001:00040a38       ?GL_Bind@OpenGLDrv@@YAXPBVimage_t@1@@Z 00441a38 f   gl_interface.obj
 0001:00040b62       ?GL_BindForce@OpenGLDrv@@YAXPBVimage_t@1@@Z 00441b62 f   gl_interface.obj
 0001:00040be0       ?GL_TexEnv@OpenGLDrv@@YAXI@Z 00441be0 f   gl_interface.obj
 0001:00040d5f       ?GL_TexMipBias@OpenGLDrv@@YAXM@Z 00441d5f f   gl_interface.obj
 0001:00040dba       ?GL_TexEnvColor@OpenGLDrv@@YAXPBTcolor_t@@@Z 00441dba f   gl_interface.obj
 0001:00040e6a       ?GL_SelectTexture@OpenGLDrv@@YAXH@Z 00441e6a f   gl_interface.obj
 0001:00040ecb       ?GL_TexCoordPointer@OpenGLDrv@@YAXPAX@Z 00441ecb f   gl_interface.obj
 0001:00040efb       ?GL_SetMultitexture@OpenGLDrv@@YAXH@Z 00441efb f   gl_interface.obj
 0001:00040fe1       ?GL_DisableTexCoordArrays@OpenGLDrv@@YAXXZ 00441fe1 f   gl_interface.obj
 0001:00041035       ?GL_CullFace@OpenGLDrv@@YAXW4gl_cullMode_t@1@@Z 00442035 f   gl_interface.obj
 0001:00041086       ?GL_DepthRange@OpenGLDrv@@YAXW4gl_depthMode_t@1@@Z 00442086 f   gl_interface.obj
 0001:000410b9       ?GL_State@OpenGLDrv@@YAXI@Z 004420b9 f   gl_interface.obj
 0001:0004120e       ?GL_EnableFog@OpenGLDrv@@YAX_N@Z 0044220e f   gl_interface.obj
 0001:00041306       ?GL_SetDefaultState@OpenGLDrv@@YAXXZ 00442306 f   gl_interface.obj
 0001:00041454       ?GL_Set2DMode@OpenGLDrv@@YAXXZ 00442454 f   gl_interface.obj
 0001:0004154f       ?GL_Set3DMode@OpenGLDrv@@YAXPAUviewPortal_t@1@@Z 0044254f f   gl_interface.obj
 0001:00041637       ?ShowLights@OpenGLDrv@@YAXXZ 00442637 f   gl_light.obj
 0001:00041a20       ?LightForEntity@OpenGLDrv@@YAXPAUrefEntity_t@1@@Z 00442a20 f   gl_light.obj
 0001:00042c94       ?DiffuseLight@OpenGLDrv@@YAXPATcolor_t@@M@Z 00443c94 f   gl_light.obj
 0001:00042e0d       ?InitLightGrid@OpenGLDrv@@YAXXZ 00443e0d f   gl_light.obj
 0001:00042eb3       ?PostLoadLights@OpenGLDrv@@YAXXZ 00443eb3 f   gl_light.obj
 0001:00043143       ?LM_Init@OpenGLDrv@@YAXXZ  00444143 f   gl_lightmap.obj
 0001:00043159       ?LM_Flush@OpenGLDrv@@YAXPAUlightmapBlock_t@1@@Z 00444159 f   gl_lightmap.obj
 0001:000431b6       ?LM_Done@OpenGLDrv@@YAXXZ  004441b6 f   gl_lightmap.obj
 0001:000431dd       ?LM_Save@OpenGLDrv@@YAXPAUlightmapBlock_t@1@@Z 004441dd f   gl_lightmap.obj
 0001:000431f5       ?LM_Restore@OpenGLDrv@@YAXPAUlightmapBlock_t@1@@Z 004441f5 f   gl_lightmap.obj
 0001:0004320d       ?LM_NewBlock@OpenGLDrv@@YAPAUlightmapBlock_t@1@XZ 0044420d f   gl_lightmap.obj
 0001:0004326c       ?LM_Rewind@OpenGLDrv@@YAXXZ 0044426c f   gl_lightmap.obj
 0001:00043274       ?LM_NextBlock@OpenGLDrv@@YAPAUlightmapBlock_t@1@XZ 00444274 f   gl_lightmap.obj
 0001:000432a1       ?LM_CheckMinlight@OpenGLDrv@@YAXPAUdynamicLightmap_t@1@@Z 004442a1 f   gl_lightmap.obj
 0001:00043337       ?LM_AllocBlock@OpenGLDrv@@YA_NPAUlightmapBlock_t@1@PAUdynamicLightmap_t@1@@Z 00444337 f   gl_lightmap.obj
 0001:000433ee       ?LM_PutBlock@OpenGLDrv@@YAXPAUdynamicLightmap_t@1@@Z 004443ee f   gl_lightmap.obj
 0001:0004381b       ?LM_SortLightStyles@OpenGLDrv@@YAXPAUdynamicLightmap_t@1@@Z 0044481b f   gl_lightmap.obj
 0001:000438ac       ?UpdateDynamicLightmap@OpenGLDrv@@YAXPAVsurfacePlanar_t@1@_NI@Z 004448ac f   gl_lightmap.obj
 0001:00043dae       ?LM_IsMonotone@OpenGLDrv@@YA_NPAUdynamicLightmap_t@1@PATcolor_t@@@Z 00444dae f   gl_lightmap.obj
 0001:00043eb5       ?Init@OpenGLDrv@@YA_NXZ    00444eb5 f   gl_main.obj
 0001:0004451b       ?Shutdown@OpenGLDrv@@YAX_N@Z 0044551b f   gl_main.obj
 0001:000445a4       ?GL_EnableRendering@OpenGLDrv@@YAX_N@Z 004455a4 f   gl_main.obj
 0001:000445bf       ?BeginFrame@OpenGLDrv@@YAXM@Z 004455bf f   gl_main.obj
 0001:000446e9       ?EndFrame@OpenGLDrv@@YAXXZ 004456e9 f   gl_main.obj
 0001:00044701       ?RenderFrame@OpenGLDrv@@YAXPAUrefdef_t@@@Z 00445701 f   gl_main.obj
 0001:00044f34       ?Fill8@OpenGLDrv@@YAXHHHHH@Z 00445f34 f   gl_main.obj
 0001:00044f77       ?Fill@OpenGLDrv@@YAXHHHHI@Z 00445f77 f   gl_main.obj
 0001:00044fb3       ?TileClear@OpenGLDrv@@YAXHHHHPBD@Z 00445fb3 f   gl_main.obj
 0001:0004506a       ?DrawStretchPic@OpenGLDrv@@YAXHHHHPBD@Z 0044606a f   gl_main.obj
 0001:000450e7       ?DrawDetailedPic@OpenGLDrv@@YAXHHHHPBD@Z 004460e7 f   gl_main.obj
 0001:0004518e       ?DrawPic@OpenGLDrv@@YAXHHPBDHH@Z 0044618e f   gl_main.obj
 0001:00045213       ?BeginRegistration@OpenGLDrv@@YAXPBD@Z 00446213 f   gl_main.obj
 0001:00045237       ?RegisterPic@OpenGLDrv@@YAPAVCBasicImage@@PBD@Z 00446237 f   gl_main.obj
 0001:00045245       ?RegisterSkin@OpenGLDrv@@YAPAVCBasicImage@@PBD_N@Z 00446245 f   gl_main.obj
 0001:00045263       ?RegisterModel@OpenGLDrv@@YAPAVCRenderModel@@PBD@Z 00446263 f   gl_main.obj
 0001:0004526e       ?SetSky@OpenGLDrv@@YAXPBDMABUCVec3@@@Z 0044626e f   gl_main.obj
 0001:00045314       ?Screenshot@OpenGLDrv@@YAXHPBD@Z 00446314 f   gl_main.obj
 0001:00045337       ?GetClientLight@OpenGLDrv@@YAMXZ 00446337 f   gl_main.obj
 0001:0004533e       ?GetCaps@OpenGLDrv@@YAIXZ  0044633e f   gl_main.obj
 0001:00045344       ?InitFuncTables@OpenGLDrv@@YAXXZ 00446344 f   gl_math.obj
 0001:000454f5       ?BuildRotationAxis@OpenGLDrv@@YAXAAUCAxis@@ABUCVec3@@M@Z 004464f5 f   gl_math.obj
 0001:000455ec       ?GetBoxRect@OpenGLDrv@@YA_NPBUrefEntity_t@1@ABUCVec3@@QAM2_N@Z 004465ec f   gl_math.obj
 0001:000458f6       ?ProjectToScreen@OpenGLDrv@@YA_NABUCVec3@@QAH@Z 004468f6 f   gl_math.obj
 0001:00045a39       ?SaturateColor3f@OpenGLDrv@@YAXAAUCVec3@@@Z 00446a39 f   gl_math.obj
 0001:00045b29       ?SaturateColor4b@OpenGLDrv@@YAXPATcolor_t@@@Z 00446b29 f   gl_math.obj
 0001:00045c37       ?SubdividePlane@OpenGLDrv@@YAHPAPAUCVec3@@HM@Z 00446c37 f   gl_poly.obj
 0001:00046086       ?FreeSubdividedPlane@OpenGLDrv@@YAXXZ 00447086 f   gl_poly.obj
 0001:0004609e       ?GetSubdivideIndexes@OpenGLDrv@@YAXPAH@Z 0044709e f   gl_poly.obj
 0001:000460f1       ?RemoveCollinearPoints@OpenGLDrv@@YAHPAPAUCVec3@@H@Z 004470f1 f   gl_poly.obj
 0001:000461e7       ?GetPolyArea@OpenGLDrv@@YAMPAPAUCVec3@@H@Z 004471e7 f   gl_poly.obj
 0001:0004627b       ?InitShaders@OpenGLDrv@@YAXXZ 0044727b f   gl_shader.obj
 0001:000463e6       ?ShutdownShaders@OpenGLDrv@@YAXXZ 004473e6 f   gl_shader.obj
 0001:00046424       ?GetLightmapImage@OpenGLDrv@@YAPAVimage_t@1@H@Z 00447424 f   gl_shader.obj
 0001:0004644c       ?SetShaderLightmap@OpenGLDrv@@YAPAVshader_t@1@PAV21@H@Z 0044744c f   gl_shader.obj
 0001:0004676b       ??4shader_t@OpenGLDrv@@QAEAAV01@ABV01@@Z 0044776b f i gl_shader.obj
 0001:000468a9       ??4CBasicImage@@QAEAAV0@ABV0@@Z 004478a9 f i gl_shader.obj
 0001:000469b1       ?SetShaderLightstyles@OpenGLDrv@@YAPAVshader_t@1@PAV21@I@Z 004479b1 f   gl_shader.obj
 0001:00046a4f       ?GetAlphaShader@OpenGLDrv@@YAPAVshader_t@1@PAV21@@Z 00447a4f f   gl_shader.obj
 0001:00046dd8       ?FindShader@OpenGLDrv@@YAPAVshader_t@1@PBDI@Z 00447dd8 f   gl_shader.obj
 0001:0004869f       ?GetShaderByNum@OpenGLDrv@@YAPAVshader_t@1@H@Z 0044969f f   gl_shader.obj
 0001:000486bd       ?ResetShaders@OpenGLDrv@@YAXXZ 004496bd f   gl_shader.obj
 0001:000488a5       ?Reload@shader_t@OpenGLDrv@@UAEXXZ 004498a5 f   gl_shader.obj
 0001:000488d4       ?Insert@?$TList@VshaderScript_t@OpenGLDrv@@@@QAE_NPAVshaderScript_t@OpenGLDrv@@@Z 004498d4 f i gl_shader.obj
 0001:000488d4       ?Insert@?$TList@VplayerModelInfo_t@@@@QAE_NPAVplayerModelInfo_t@@@Z 004498d4 f i gl_shader.obj
 0001:000488d4       ?Insert@?$TList@VCStringItem@@@@QAE_NPAVCStringItem@@@Z 004498d4 f i gl_shader.obj
 0001:0004890a       ?ClearSkyBox@OpenGLDrv@@YAXXZ 0044990a f   gl_sky.obj
 0001:00048921       ?SetSkyRotate@OpenGLDrv@@YAXMABUCVec3@@@Z 00449921 f   gl_sky.obj
 0001:00048959       ?SkyVisible@OpenGLDrv@@YA_NXZ 00449959 f   gl_sky.obj
 0001:00048972       ?AddSkySurface@OpenGLDrv@@YAXPAVsurfacePlanar_t@1@ABUCVec3@@E@Z 00449972 f   gl_sky.obj
 0001:00048f0d       ?TesselateSkySide@OpenGLDrv@@YAHHPAUbufVertex_t@1@PAUbufTexCoord_t@1@M@Z 00449f0d f   gl_sky.obj
 0001:000491d2       ?DrawChar@OpenGLDrv@@YAXHHHH@Z 0044a1d2 f   gl_text.obj
 0001:000491ff       ?DrawConChar@OpenGLDrv@@YAXHHHH@Z 0044a1ff f   gl_text.obj
 0001:00049234       ?ClearTexts@OpenGLDrv@@YAXXZ 0044a234 f   gl_text.obj
 0001:00049249       ?FlushTexts@OpenGLDrv@@YAXXZ 0044a249 f   gl_text.obj
 0001:000492db       ?DrawTextPos@OpenGLDrv@@YAXHHPBDI@Z 0044a2db f   gl_text.obj
 0001:000493c2       ?DrawTextLeft@OpenGLDrv@@YAXPBDI@Z 0044a3c2 f   gl_text.obj
 0001:00049449       ?DrawTextRight@OpenGLDrv@@YAXPBDI@Z 0044a449 f   gl_text.obj
 0001:00049493       ?DrawText3D@OpenGLDrv@@YAXABUCVec3@@PBDI@Z 0044a493 f   gl_text.obj
 0001:000494c0       ?InitTexts@OpenGLDrv@@YAXXZ 0044a4c0 f   gl_text.obj
 0001:000494da       ?FindModel@OpenGLDrv@@YAPAVmodel_t@1@PBD@Z 0044a4da f   gl_model.obj
 0001:0004969e       ?FreeModels@OpenGLDrv@@YAXXZ 0044a69e f   gl_model.obj
 0001:00049710       ?InitModels@OpenGLDrv@@YAXXZ 0044a710 f   gl_model.obj
 0001:00049806       ?ShutdownModels@OpenGLDrv@@YAXXZ 0044a806 f   gl_model.obj
 0001:00049817       ?LoadWorldMap@OpenGLDrv@@YAXPBD@Z 0044a817 f   gl_bspmodel.obj
 0001:0004b323       ?PointInLeaf@OpenGLDrv@@YAPAUnode_t@1@ABUCVec3@@@Z 0044c323 f   gl_bspmodel.obj
 0001:0004b36e       ?CALL_CONSTRUCTOR@@YAXPAVinlineModel_t@OpenGLDrv@@@Z 0044c36e f i gl_bspmodel.obj
 0001:0004b384       ?LerpTag@model_t@OpenGLDrv@@UBE_NHHMPBDAAUCCoords@@@Z 0044c384 f   gl_trimodel.obj
 0001:0004b392       ?LerpTag@md3Model_t@OpenGLDrv@@UBE_NHHMPBDAAUCCoords@@@Z 0044c392 f   gl_trimodel.obj
 0001:0004b4c1       ?LoadMd2@OpenGLDrv@@YAPAVmd3Model_t@1@PBDPAEI@Z 0044c4c1 f   gl_trimodel.obj
 0001:0004bff9       ?ATAN2_FUNC@OpenGLDrv@@YAMMM@Z 0044cff9 f i gl_trimodel.obj
 0001:0004c19d       ?LoadMd3@OpenGLDrv@@YAPAVmd3Model_t@1@PBDPAEI@Z 0044d19d f   gl_trimodel.obj
 0001:0004c661       ?LoadSp2@OpenGLDrv@@YAPAVsp2Model_t@1@PBDPAEI@Z 0044d661 f   gl_trimodel.obj
 0001:0004c7b6       ?CALL_CONSTRUCTOR@@YAXPAVmd3Model_t@OpenGLDrv@@@Z 0044d7b6 f i gl_trimodel.obj
 0001:0004c7cc       ?CALL_CONSTRUCTOR@@YAXPAVsp2Model_t@OpenGLDrv@@@Z 0044d7cc f i gl_trimodel.obj
 0001:0004ddd7       ?QGL_Init@OpenGLDrv@@YA_NPBD@Z 0044edd7 f   qgl_win.obj
 0001:0004deb9       ?QGL_Shutdown@OpenGLDrv@@YAXXZ 0044eeb9 f   qgl_win.obj
 0001:0004def7       ?QGL_InitExtensions@OpenGLDrv@@YAXXZ 0044eef7 f   qgl_win.obj
 0001:0004e3e3       ?QGL_PrintExtensionsString@OpenGLDrv@@YAXPBD00@Z 0044f3e3 f   qgl_win.obj
 0001:0004e530       ?QGL_EnableLogging@OpenGLDrv@@YAX_N@Z 0044f530 f   qgl_win.obj
 0001:0004e5ea       ?QGL_LogMessage@OpenGLDrv@@YAXPBD@Z 0044f5ea f   qgl_win.obj
 0001:0004e601       ?QGL_SwapBuffers@OpenGLDrv@@YAXXZ 0044f601 f   qgl_win.obj
 0001:0004e658       ?GLimp_HasGamma@OpenGLDrv@@YA_NXZ 0044f658 f   gl_win.obj
 0001:0004e66c       ?GLimp_SetGamma@OpenGLDrv@@YAXM@Z 0044f66c f   gl_win.obj
 0001:0004e814       ?GLimp_SetMode@OpenGLDrv@@YA_NPAI0H_N@Z 0044f814 f   gl_win.obj
 0001:0004ec0a       ?GLimp_Shutdown@OpenGLDrv@@YAX_N@Z 0044fc0a f   gl_win.obj
 0001:0004ecb7       ?AppActivate@OpenGLDrv@@YAX_N@Z 0044fcb7 f   gl_win.obj
 0001:0004ed27       _jpeg_CreateDecompress     0044fd27 f   lib:jdapimin.obj
 0001:0004ede7       _jpeg_destroy_decompress   0044fde7 f   lib:jdapimin.obj
 0001:0004ede7       _jpeg_destroy_compress     0044fde7 f   lib:jdapimin.obj
 0001:0004edf2       _jpeg_read_header          0044fdf2 f   lib:jdapimin.obj
 0001:0004ee54       _jpeg_consume_input        0044fe54 f   lib:jdapimin.obj
 0001:0004f0a3       _jpeg_finish_decompress    004500a3 f   lib:jdapimin.obj
 0001:0004f13a       _jpeg_start_decompress     0045013a f   lib:jdapistd.obj
 0001:0004f2a7       _jpeg_read_scanlines       004502a7 f   lib:jdapistd.obj
 0001:0004f32b       _jpeg_resync_to_restart    0045032b f   lib:jdmarker.obj
 0001:0004f4f0       _jinit_marker_reader       004504f0 f   lib:jdmarker.obj
 0001:000509bb       _jpeg_CreateCompress       004519bb f   lib:jcapimin.obj
 0001:00050a6f       _jpeg_suppress_tables      00451a6f f   lib:jcapimin.obj
 0001:00050ab9       _jpeg_finish_compress      00451ab9 f   lib:jcapimin.obj
 0001:00050ba3       _jpeg_start_compress       00451ba3 f   lib:jcapistd.obj
 0001:00050c0f       _jpeg_write_scanlines      00451c0f f   lib:jcapistd.obj
 0001:00050cba       _jpeg_add_quant_table      00451cba f   lib:jcparam.obj
 0001:00050d6c       _jpeg_quality_scaling      00451d6c f   lib:jcparam.obj
 0001:00050d93       _jpeg_set_quality          00451d93 f   lib:jcparam.obj
 0001:00050dcd       _jpeg_set_defaults         00451dcd f   lib:jcparam.obj
 0001:00050f93       _jpeg_default_colorspace   00451f93 f   lib:jcparam.obj
 0001:00050fe3       _jpeg_set_colorspace       00451fe3 f   lib:jcparam.obj
 0001:000512fe       _jpeg_stdio_dest           004522fe f   lib:jdatadst.obj
 0001:0005151e       _crc32                     0045251e f   lib:crc32.obj
 0001:000517b8       _inflateReset              004527b8 f   lib:inflate.obj
 0001:00051806       _inflateInit2_             00452806 f   lib:inflate.obj
 0001:000518bf       _inflate                   004528bf f   lib:inflate.obj
 0001:00052b94       _inflateEnd                00453b94 f   lib:inflate.obj
 0001:00052bd2       _jinit_input_controller    00453bd2 f   lib:jdinput.obj
 0001:000530b5       _jinit_memory_mgr          004540b5 f   lib:jmemmgr.obj
 0001:00053bf1       _jpeg_abort                00454bf1 f   lib:jcomapi.obj
 0001:00053c24       _jpeg_destroy              00454c24 f   lib:jcomapi.obj
 0001:00053c3f       _jpeg_alloc_quant_table    00454c3f f   lib:jcomapi.obj
 0001:00053c5b       _jpeg_alloc_huff_table     00454c5b f   lib:jcomapi.obj
 0001:00053c77       _jpeg_calc_output_dimensions 00454c77 f   lib:jdmaster.obj
 0001:00053d77       _jinit_master_decompress   00454d77 f   lib:jdmaster.obj
 0001:000540cd       _jdiv_round_up             004550cd f   lib:jutils.obj
 0001:000540dd       _jround_up                 004550dd f   lib:jutils.obj
 0001:000540f5       _jcopy_sample_rows         004550f5 f   lib:jutils.obj
 0001:00054133       _jcopy_block_row           00455133 f   lib:jutils.obj
 0001:0005414c       _jzero_far                 0045514c f   lib:jutils.obj
 0001:0005415f       _jinit_marker_writer       0045515f f   lib:jcmarker.obj
 0001:00054a3b       _jinit_compress_master     00455a3b f   lib:jcinit.obj
 0001:00054a94       _inflate_fast              00455a94 f   lib:inffast.obj
 0001:00054e49       _inflate_table             00455e49 f   lib:inftrees.obj
 0001:000551fd       _adler32                   004561fd f   lib:adler32.obj
 0001:00055316       _jinit_c_codec             00456316 f   lib:jcodec.obj
 0001:00055332       _jinit_d_codec             00456332 f   lib:jcodec.obj
 0001:0005534e       _jpeg_get_small            0045634e f   lib:jmemnobs.obj
 0001:0005534e       _jpeg_get_large            0045634e f   lib:jmemnobs.obj
 0001:0005535a       _jpeg_free_large           0045635a f   lib:jmemnobs.obj
 0001:0005535a       _jpeg_free_small           0045635a f   lib:jmemnobs.obj
 0001:00055366       _jpeg_mem_available        00456366 f   lib:jmemnobs.obj
 0001:0005536b       _jpeg_open_backing_store   0045636b f   lib:jmemnobs.obj
 0001:0005537f       _jpeg_mem_term             0045637f f   lib:jmemnobs.obj
 0001:0005537f       ?EndRegistration@OpenGLDrv@@YAXXZ 0045637f f   lib:jmemnobs.obj
 0001:0005537f       __setargv                  0045637f f   lib:jmemnobs.obj
 0001:00055380       _jinit_d_main_controller   00456380 f   lib:jdmainct.obj
 0001:000559cb       _jinit_d_post_controller   004569cb f   lib:jdpostct.obj
 0001:00055c76       _jinit_upsampler           00456c76 f   lib:jdsample.obj
 0001:000562b4       _jinit_color_deconverter   004572b4 f   lib:jdcolor.obj
 0001:000567cb       _jinit_merged_upsampler    004577cb f   lib:jdmerge.obj
 0001:00056d1b       _jinit_2pass_quantizer     00457d1b f   lib:jquant2.obj
 0001:00057dde       _jinit_1pass_quantizer     00458dde f   lib:jquant1.obj
 0001:00058804       _jinit_c_main_controller   00459804 f   lib:jcmainct.obj
 0001:00058971       _jinit_c_prep_controller   00459971 f   lib:jcprepct.obj
 0001:00058ebc       _jinit_downsampler         00459ebc f   lib:jcsample.obj
 0001:0005973c       _jinit_color_converter     0045a73c f   lib:jccolor.obj
 0001:00059d26       _jinit_c_master_control    0045ad26 f   lib:jcmaster.obj
 0001:0005a815       _jinit_lossy_c_codec       0045b815 f   lib:jclossy.obj
 0001:0005a8b0       _jinit_lossless_c_codec    0045b8b0 f   lib:jclossls.obj
 0001:0005a948       _jinit_lossy_d_codec       0045b948 f   lib:jdlossy.obj
 0001:0005ac1b       _jinit_lossless_d_codec    0045bc1b f   lib:jdlossls.obj
 0001:0005accb       _jinit_c_coef_controller   0045bccb f   lib:jccoefct.obj
 0001:0005b3ac       _jinit_shuff_encoder       0045c3ac f   lib:jcshuff.obj
 0001:0005bc14       _jinit_phuff_encoder       0045cc14 f   lib:jcphuff.obj
 0001:0005c6b9       _jinit_forward_dct         0045d6b9 f   lib:jcdctmgr.obj
 0001:0005c988       _jinit_c_diff_controller   0045d988 f   lib:jcdiffct.obj
 0001:0005ceac       _jinit_lhuff_encoder       0045deac f   lib:jclhuff.obj
 0001:0005d5d9       _jinit_differencer         0045e5d9 f   lib:jcpred.obj
 0001:0005daf3       _jinit_c_scaler            0045eaf3 f   lib:jcscale.obj
 0001:0005db69       _jinit_d_coef_controller   0045eb69 f   lib:jdcoefct.obj
 0001:0005e845       _jinit_shuff_decoder       0045f845 f   lib:jdshuff.obj
 0001:0005edda       _jinit_phuff_decoder       0045fdda f   lib:jdphuff.obj
 0001:0005f977       _jinit_inverse_dct         00460977 f   lib:jddctmgr.obj
 0001:0005fb5b       _jinit_d_diff_controller   00460b5b f   lib:jddiffct.obj
 0001:00060089       _jinit_d_scaler            00461089 f   lib:jdscale.obj
 0001:00060188       _jinit_undifferencer       00461188 f   lib:jdpred.obj
 0001:00060542       _jinit_lhuff_decoder       00461542 f   lib:jdlhuff.obj
 0001:00060937       _jpeg_make_c_derived_tbl   00461937 f   lib:jchuff.obj
 0001:00060b39       _jpeg_gen_optimal_table    00461b39 f   lib:jchuff.obj
 0001:00060cf8       _jpeg_fdct_float           00461cf8 f   lib:jfdctflt.obj
 0001:00060efd       _jpeg_make_d_derived_tbl   00461efd f   lib:jdhuff.obj
 0001:0006119a       _jpeg_fill_bit_buffer      0046219a f   lib:jdhuff.obj
 0001:000612a9       _jpeg_huff_decode          004622a9 f   lib:jdhuff.obj
 0001:00061389       _jpeg_idct_4x4             00462389 f   lib:jidctred.obj
 0001:00061677       _jpeg_idct_2x2             00462677 f   lib:jidctred.obj
 0001:00061839       _jpeg_idct_1x1             00462839 f   lib:jidctred.obj
 0001:00061875       _jpeg_idct_float           00462875 f   lib:jidctflt.obj
 0001:00061c50       __except_handler3          00462c50 f   MSVCRT:MSVCRT.dll
 0001:00061c60       __chkstk                   00462c60 f   MSVCRT:chkstk.obj
 0001:00061c60       __alloca_probe             00462c60 f   MSVCRT:chkstk.obj
 0001:00061c8f       ??_Etype_info@@UAEPAXI@Z   00462c8f f i MSVCRT:ti_inst.obj
 0001:00061c8f       ??_Gtype_info@@UAEPAXI@Z   00462c8f f i MSVCRT:ti_inst.obj
[...]
 0001:0005fcf9       _start_iMCU_row            00460cf9 f   lib:jddiffct.obj
 0001:0005fd3e       _start_output_pass         00460d3e f   lib:jddiffct.obj
 0001:0005fd4a       _decompress_data           00460d4a f   lib:jddiffct.obj
 0001:0005feba       _process_restart           00460eba f   lib:jddiffct.obj
 0001:0005deda       _dummy_consume_data        0045eeda f   lib:jdcoefct.obj
 0001:0005feef       _consume_data              00460eef f   lib:jddiffct.obj
 0001:0005ff66       _output_data               00460f66 f   lib:jddiffct.obj
 0001:0005f9ed       _start_pass                004609ed f   lib:jddctmgr.obj
 0001:0005ee3f       _start_pass_phuff_decoder  0045fe3f f   lib:jdphuff.obj
 0001:0005f088       _decode_mcu_DC_first       00460088 f   lib:jdphuff.obj
 0001:0005f280       _process_restart           00460280 f   lib:jdphuff.obj
 0001:0005f2ef       _decode_mcu_AC_first       004602ef f   lib:jdphuff.obj
 0001:0005f50f       _decode_mcu_DC_refine      0046050f f   lib:jdphuff.obj
 0001:0005f5e4       _decode_mcu_AC_refine      004605e4 f   lib:jdphuff.obj
 0001:0005e886       _start_pass_huff_decoder   0045f886 f   lib:jdshuff.obj
 0001:0005e9be       _decode_mcu                0045f9be f   lib:jdshuff.obj
 0001:0005ed6e       _process_restart           0045fd6e f   lib:jdshuff.obj
 0001:0005dc6c       _start_input_pass          0045ec6c f   lib:jdcoefct.obj
 0001:0005dc7f       _start_iMCU_row            0045ec7f f   lib:jdcoefct.obj
 0001:0005dcc4       _start_output_pass         0045ecc4 f   lib:jdcoefct.obj
 0001:0005dd01       _decompress_onepass        0045ed01 f   lib:jdcoefct.obj
 0001:0005deda       _dummy_consume_data        0045eeda f   lib:jdcoefct.obj
 0001:0005dedd       _consume_data              0045eedd f   lib:jdcoefct.obj
 0001:0005e096       _decompress_data           0045f096 f   lib:jdcoefct.obj
 0001:0005e202       _smoothing_ok              0045f202 f   lib:jdcoefct.obj
 0001:0005e2ed       _decompress_smooth_data    0045f2ed f   lib:jdcoefct.obj
 0001:0005db05       _scaler_start_pass         0045eb05 f   lib:jcscale.obj
 0001:0005db28       _simple_downscale          0045eb28 f   lib:jcscale.obj
 0001:0005db54       _noscale                   0045eb54 f   lib:jcscale.obj
 0001:0005d5fd       _start_pass                0045e5fd f   lib:jcpred.obj
 0001:0005d655       _reset_predictor           0045e655 f   lib:jcpred.obj
 0001:0005d682       _jpeg_difference_first_row 0045e682 f   lib:jcpred.obj
 0001:0005d76c       _jpeg_difference1          0045e76c f   lib:jcpred.obj
 0001:0005d7da       _jpeg_difference2          0045e7da f   lib:jcpred.obj
 0001:0005d84b       _jpeg_difference3          0045e84b f   lib:jcpred.obj
 0001:0005d8c3       _jpeg_difference4          0045e8c3 f   lib:jcpred.obj
 0001:0005d94e       _jpeg_difference5          0045e94e f   lib:jcpred.obj
 0001:0005d9e1       _jpeg_difference6          0045e9e1 f   lib:jcpred.obj
 0001:0005da70       _jpeg_difference7          0045ea70 f   lib:jcpred.obj
 0001:0005ceec       _start_pass_huff           0045deec f   lib:jclhuff.obj
 0001:0005d089       _encode_mcus_huff          0045e089 f   lib:jclhuff.obj
 0001:0005d274       _emit_bits                 0045e274 f   lib:jclhuff.obj
 0001:0005d317       _dump_buffer               0045e317 f   lib:jclhuff.obj
 0001:0005d33b       _emit_restart              0045e33b f   lib:jclhuff.obj
 0001:0005d386       _flush_bits                0045e386 f   lib:jclhuff.obj
 0001:0005d3aa       _finish_pass_huff          0045e3aa f   lib:jclhuff.obj
 0001:0005d417       _encode_mcus_gather        0045e417 f   lib:jclhuff.obj
 0001:0005d540       _finish_pass_gather        0045e540 f   lib:jclhuff.obj
 0001:0005d5d6       _need_optimization_pass    0045e5d6 f   lib:jclhuff.obj
 0001:0005cb0c       _start_pass_diff           0045db0c f   lib:jcdiffct.obj
 0001:0005ae15       _start_iMCU_row            0045be15 f   lib:jccoefct.obj
 0001:0005cbaa       _compress_data             0045dbaa f   lib:jcdiffct.obj
 0001:0005cd40       _compress_first_pass       0045dd40 f   lib:jcdiffct.obj
 0001:0005ce35       _compress_output           0045de35 f   lib:jcdiffct.obj
 0001:0005c71f       _start_pass_fdctmgr        0045d71f f   lib:jcdctmgr.obj
 0001:0005c821       _forward_DCT_float         0045d821 f   lib:jcdctmgr.obj
 0001:0005bc54       _start_pass_phuff          0045cc54 f   lib:jcphuff.obj
 0001:0005bdc1       _encode_mcu_DC_first       0045cdc1 f   lib:jcphuff.obj
 0001:0005bef3       _emit_bits                 0045cef3 f   lib:jcphuff.obj
 0001:0005bf9e       _dump_buffer               0045cf9e f   lib:jcphuff.obj
 0001:0005bfd6       _emit_symbol               0045cfd6 f   lib:jcphuff.obj
 0001:0005c016       _emit_restart              0045d016 f   lib:jcphuff.obj
 0001:0005c09f       _emit_eobrun               0045d09f f   lib:jcphuff.obj
 0001:0005c125       _encode_mcu_AC_first       0045d125 f   lib:jcphuff.obj
 0001:0005c2b9       _encode_mcu_DC_refine      0045d2b9 f   lib:jcphuff.obj
 0001:0005c373       _encode_mcu_AC_refine      0045d373 f   lib:jcphuff.obj
 0001:0005c58a       _finish_pass_phuff         0045d58a f   lib:jcphuff.obj
 0001:0005c5d9       _finish_pass_gather_phuff  0045d5d9 f   lib:jcphuff.obj
 0001:0005c69c       _need_optimization_pass    0045d69c f   lib:jcphuff.obj
 0001:0005b3ef       _start_pass_huff           0045c3ef f   lib:jcshuff.obj
 0001:0005b564       _encode_mcu_huff           0045c564 f   lib:jcshuff.obj
 0001:0005b66f       _encode_one_block          0045c66f f   lib:jcshuff.obj
 0001:0005b7e6       _emit_bits                 0045c7e6 f   lib:jcshuff.obj
 0001:0005b889       _dump_buffer               0045c889 f   lib:jcshuff.obj
 0001:0005b8ad       _emit_restart              0045c8ad f   lib:jcshuff.obj
 0001:0005b91a       _flush_bits                0045c91a f   lib:jcshuff.obj
 0001:0005b93e       _finish_pass_huff          0045c93e f   lib:jcshuff.obj
 0001:0005b9ad       _encode_mcu_gather         0045c9ad f   lib:jcshuff.obj
 0001:0005ba63       _htest_one_block           0045ca63 f   lib:jcshuff.obj
 0001:0005bb2a       _finish_pass_gather        0045cb2a f   lib:jcshuff.obj
 0001:0005d5d6       _need_optimization_pass    0045e5d6 f   lib:jclhuff.obj
 0001:0005ad80       _start_pass_coef           0045bd80 f   lib:jccoefct.obj
 0001:0005ae15       _start_iMCU_row            0045be15 f   lib:jccoefct.obj
 0001:0005ae57       _compress_data             0045be57 f   lib:jccoefct.obj
 0001:0005b03e       _compress_first_pass       0045c03e f   lib:jccoefct.obj
 0001:0005b224       _compress_output           0045c224 f   lib:jccoefct.obj
 0001:0005ac98       _calc_output_dimensions    0045bc98 f   lib:jdlossls.obj
 0001:0005aca9       _start_input_pass          0045bca9 f   lib:jdlossls.obj
 0001:0005a9d7       _calc_output_dimensions    0045b9d7 f   lib:jdlossy.obj
 0001:0005ab4a       _start_input_pass          0045bb4a f   lib:jdlossy.obj
 0001:0005ab6a       _latch_quant_tables        0045bb6a f   lib:jdlossy.obj
 0001:0005ac02       _start_output_pass         0045bc02 f   lib:jdlossy.obj
 0001:0005a926       _start_pass                0045b926 f   lib:jclossls.obj
 0001:0005a892       _start_pass                0045b892 f   lib:jclossy.obj
 0001:00059de7       _initial_setup             0045ade7 f   lib:jcmaster.obj
 0001:00059f9a       _validate_script           0045af9a f   lib:jcmaster.obj
 0001:0005a372       _prepare_for_pass          0045b372 f   lib:jcmaster.obj
 0001:0005a4ea       _select_scan_parameters    0045b4ea f   lib:jcmaster.obj
 0001:0005a5eb       _per_scan_setup            0045b5eb f   lib:jcmaster.obj
 0001:0005a796       _pass_startup              0045b796 f   lib:jcmaster.obj
 0001:0005a7bd       _finish_pass_master        0045b7bd f   lib:jcmaster.obj
 0001:000598d3       _rgb_ycc_start             0045a8d3 f   lib:jccolor.obj
 0001:00059997       _rgb_ycc_convert           0045a997 f   lib:jccolor.obj
 0001:00059a96       _rgb_gray_convert          0045aa96 f   lib:jccolor.obj
 0001:00059b1b       _cmyk_ycck_convert         0045ab1b f   lib:jccolor.obj
 0001:00059c53       _grayscale_convert         0045ac53 f   lib:jccolor.obj
 0001:00059cad       _null_convert              0045acad f   lib:jccolor.obj
 0001:000567ca       _null_method               004577ca f   lib:jdcolor.obj
 0001:000567ca       _start_pass_downsample     004577ca f   lib:jdcolor.obj
 0001:0005901f       _sep_downsample            0045a01f f   lib:jcsample.obj
 0001:00059094       _int_downsample            0045a094 f   lib:jcsample.obj
 0001:0005918c       _expand_right_edge         0045a18c f   lib:jcsample.obj
 0001:000591e1       _fullsize_downsample       0045a1e1 f   lib:jcsample.obj
 0001:00059225       _h2v1_downsample           0045a225 f   lib:jcsample.obj
 0001:000592b9       _h2v2_downsample           0045a2b9 f   lib:jcsample.obj
 0001:00059366       _h2v2_smooth_downsample    0045a366 f   lib:jcsample.obj
 0001:000595de       _fullsize_smooth_downsample 0045a5de f   lib:jcsample.obj
 0001:00058a1b       _start_pass_prep           00459a1b f   lib:jcprepct.obj
 0001:00058a59       _pre_process_data          00459a59 f   lib:jcprepct.obj
 0001:00058c07       _pre_process_context       00459c07 f   lib:jcprepct.obj
 0001:00058dc0       _create_context_buffer     00459dc0 f   lib:jcprepct.obj
 0001:00058893       _start_pass_main           00459893 f   lib:jcmainct.obj
 0001:000588d5       _process_data_simple_main  004598d5 f   lib:jcmainct.obj
 0001:00057e69       _create_colormap           00458e69 f   lib:jquant1.obj
 0001:00057f9b       _select_ncolors            00458f9b f   lib:jquant1.obj
 0001:00058072       _create_colorindex         00459072 f   lib:jquant1.obj
 0001:0005819e       _alloc_fs_workspace        0045919e f   lib:jquant1.obj
 0001:000581da       _start_pass_1_quant        004591da f   lib:jquant1.obj
 0001:000582a6       _create_odither_tables     004592a6 f   lib:jquant1.obj
 0001:00058305       _make_odither_array        00459305 f   lib:jquant1.obj
 0001:00058368       _color_quantize            00459368 f   lib:jquant1.obj
 0001:000583f3       _color_quantize3           004593f3 f   lib:jquant1.obj
 0001:00058481       _quantize_ord_dither       00459481 f   lib:jquant1.obj
 0001:0005856c       _quantize3_ord_dither      0045956c f   lib:jquant1.obj
 0001:0005866c       _quantize_fs_dither        0045966c f   lib:jquant1.obj
 0001:000567ca       _finish_pass_1_quant       004577ca f   lib:jdcolor.obj
 0001:000587f0       _new_color_map_1_quant     004597f0 f   lib:jquant1.obj
 0001:00056e2a       _init_error_limit          00457e2a f   lib:jquant2.obj
 0001:00056ec9       _start_pass_2_quant        00457ec9 f   lib:jquant2.obj
 0001:00056fcb       _prescan_quantize          00457fcb f   lib:jquant2.obj
 0001:0005703a       _pass2_no_dither           0045803a f   lib:jquant2.obj
 0001:000570e7       _fill_inverse_cmap         004580e7 f   lib:jquant2.obj
 0001:000571b2       _find_nearby_colors        004581b2 f   lib:jquant2.obj
 0001:00057356       _find_best_colors          00458356 f   lib:jquant2.obj
 0001:00057470       _pass2_fs_dither           00458470 f   lib:jquant2.obj
 0001:000576df       _finish_pass1              004586df f   lib:jquant2.obj
 0001:00057701       _select_colors             00458701 f   lib:jquant2.obj
 0001:0005778d       _update_box                0045878d f   lib:jquant2.obj
 0001:00057b27       _median_cut                00458b27 f   lib:jquant2.obj
 0001:00057c3b       _find_biggest_color_pop    00458c3b f   lib:jquant2.obj
 0001:00057c6a       _find_biggest_volume       00458c6a f   lib:jquant2.obj
 0001:00057c93       _compute_color             00458c93 f   lib:jquant2.obj
 0001:000567ca       _finish_pass2              004577ca f   lib:jdcolor.obj
 0001:00057dcf       _new_color_map_2_quant     00458dcf f   lib:jquant2.obj
 0001:00056841       _build_ycc_rgb_table       00457841 f   lib:jdmerge.obj
 0001:000568f1       _start_pass_merged_upsample 004578f1 f   lib:jdmerge.obj
 0001:00056906       _merged_2v_upsample        00457906 f   lib:jdmerge.obj
 0001:000569ad       _merged_1v_upsample        004579ad f   lib:jdmerge.obj
 0001:000569de       _h2v1_merged_upsample      004579de f   lib:jdmerge.obj
 0001:00056b34       _h2v2_merged_upsample      00457b34 f   lib:jdmerge.obj
 0001:000563e4       _build_ycc_rgb_table       004573e4 f   lib:jdcolor.obj
 0001:00056494       _ycc_rgb_convert           00457494 f   lib:jdcolor.obj
 0001:000565a2       _null_convert              004575a2 f   lib:jdcolor.obj
 0001:0005661a       _grayscale_convert         0045761a f   lib:jdcolor.obj
 0001:0005663d       _gray_rgb_convert          0045763d f   lib:jdcolor.obj
 0001:00056696       _ycck_cmyk_convert         00457696 f   lib:jdcolor.obj
 0001:000567ca       _start_pass_dcolor         004577ca f   lib:jdcolor.obj
 0001:00055e45       _start_pass_upsample       00456e45 f   lib:jdsample.obj
 0001:00055e5f       _sep_upsample              00456e5f f   lib:jdsample.obj
 0001:00055f2c       _fullsize_upsample         00456f2c f   lib:jdsample.obj
 0001:00055f37       _noop_upsample             00456f37 f   lib:jdsample.obj
 0001:00055f3f       _int_upsample              00456f3f f   lib:jdsample.obj
 0001:00056029       _h2v1_upsample             00457029 f   lib:jdsample.obj
 0001:00056080       _h2v2_upsample             00457080 f   lib:jdsample.obj
 0001:000560f2       _h2v1_fancy_upsample       004570f2 f   lib:jdsample.obj
 0001:00056195       _h2v2_fancy_upsample       00457195 f   lib:jdsample.obj
 0001:00055a4e       _start_pass_dpost          00456a4e f   lib:jdpostct.obj
 0001:00055af4       _post_process_1pass        00456af4 f   lib:jdpostct.obj
 0001:00055b59       _post_process_prepass      00456b59 f   lib:jdpostct.obj
 0001:00055bea       _post_process_2pass        00456bea f   lib:jdpostct.obj
 0001:00055455       _alloc_funny_pointers      00456455 f   lib:jdmainct.obj
 0001:00055502       _start_pass_main           00456502 f   lib:jdmainct.obj
 0001:0005556a       _make_funny_pointers       0045656a f   lib:jdmainct.obj
 0001:000556aa       _process_data_simple_main  004566aa f   lib:jdmainct.obj
 0001:00055712       _process_data_context_main 00456712 f   lib:jdmainct.obj
 0001:00055824       _set_wraparound_pointers   00456824 f   lib:jdmainct.obj
 0001:0005590e       _set_bottom_pointers       0045690e f   lib:jdmainct.obj
 0001:000559a8       _process_data_crank_post   004569a8 f   lib:jdmainct.obj
 0001:000541ad       _write_marker_header       004551ad f   lib:jcmarker.obj
 0001:00054203       _emit_byte                 00455203 f   lib:jcmarker.obj
 0001:00054234       _write_marker_byte         00455234 f   lib:jcmarker.obj
 0001:00054244       _write_file_header         00455244 f   lib:jcmarker.obj
 0001:00054290       _emit_jfif_app0            00455290 f   lib:jcmarker.obj
 0001:00054363       _emit_adobe_app14          00455363 f   lib:jcmarker.obj
 0001:00054409       _write_frame_header        00455409 f   lib:jcmarker.obj
 0001:000544e8       _emit_dqt                  004554e8 f   lib:jcmarker.obj
 0001:000545d7       _emit_sof                  004555d7 f   lib:jcmarker.obj
 0001:000546b3       _write_scan_header         004556b3 f   lib:jcmarker.obj
 0001:00054773       _emit_dht                  00455773 f   lib:jcmarker.obj
 0001:0005484c       _emit_dri                  0045584c f   lib:jcmarker.obj
 0001:0005489b       _emit_sos                  0045589b f   lib:jcmarker.obj
 0001:00054989       _write_file_trailer        00455989 f   lib:jcmarker.obj
 0001:000549a9       _write_tables_only         004559a9 f   lib:jcmarker.obj
 0001:00053d02       _use_merged_upsample       00454d02 f   lib:jdmaster.obj
 0001:00053da8       _master_selection          00454da8 f   lib:jdmaster.obj
 0001:00053f05       _prepare_range_limit_table 00454f05 f   lib:jdmaster.obj
 0001:00053f8b       _prepare_for_output_pass   00454f8b f   lib:jdmaster.obj
 0001:000540ac       _finish_output_pass        004550ac f   lib:jdmaster.obj
 0001:00053179       _alloc_small               00454179 f   lib:jmemmgr.obj
 0001:00053297       _alloc_large               00454297 f   lib:jmemmgr.obj
 0001:00053348       _alloc_sarray              00454348 f   lib:jmemmgr.obj
 0001:000533e0       _alloc_barray              004543e0 f   lib:jmemmgr.obj
 0001:00053484       _alloc_darray              00454484 f   lib:jmemmgr.obj
 0001:0005352f       _request_virt_sarray       0045452f f   lib:jmemmgr.obj
 0001:00053590       _request_virt_barray       00454590 f   lib:jmemmgr.obj
 0001:000535f1       _realize_virt_arrays       004545f1 f   lib:jmemmgr.obj
 0001:00053774       _access_virt_sarray        00454774 f   lib:jmemmgr.obj
 0001:00053894       _do_sarray_io              00454894 f   lib:jmemmgr.obj
 0001:00053924       _access_virt_barray        00454924 f   lib:jmemmgr.obj
 0001:00053a49       _do_barray_io              00454a49 f   lib:jmemmgr.obj
 0001:00053ada       _free_pool                 00454ada f   lib:jmemmgr.obj
 0001:00053bc1       _self_destruct             00454bc1 f   lib:jmemmgr.obj
 0001:00052c13       _start_input_pass          00453c13 f   lib:jdinput.obj
 0001:00052c41       _per_scan_setup            00453c41 f   lib:jdinput.obj
 0001:00052dc7       _finish_input_pass         00453dc7 f   lib:jdinput.obj
 0001:00052dd8       _consume_markers           00453dd8 f   lib:jdinput.obj
 0001:00052e74       _initial_setup             00453e74 f   lib:jdinput.obj
 0001:0005307e       _reset_input_controller    0045407e f   lib:jdinput.obj
 0001:000529cc       _fixedtables               004539cc f   lib:inflate.obj
 0001:00052ab6       _updatewindow              00453ab6 f   lib:inflate.obj
 0001:000513fe       _make_crc_table            004523fe f   lib:crc32.obj
 0001:0005154b       _crc32_little              0045254b f   lib:crc32.obj
 0001:0005133a       _init_destination          0045233a f   lib:jdatadst.obj
 0001:00051360       _empty_output_buffer       00452360 f   lib:jdatadst.obj
 0001:000513a2       _term_destination          004523a2 f   lib:jdatadst.obj
 0001:00050ec1       _std_huff_tables           00451ec1 f   lib:jcparam.obj
 0001:00050f1b       _add_huff_table            00451f1b f   lib:jcparam.obj
 0001:0004f419       _next_marker               00450419 f   lib:jdmarker.obj
 0001:0004f553       _get_interesting_appn      00450553 f   lib:jdmarker.obj
 0001:0004f67e       _examine_app0              0045067e f   lib:jdmarker.obj
 0001:0004f88c       _examine_app14             0045088c f   lib:jdmarker.obj
 0001:0004f94d       _skip_variable             0045094d f   lib:jdmarker.obj
 0001:0004f9f0       _read_markers              004509f0 f   lib:jdmarker.obj
 0001:0004fbf8       _get_soi                   00450bf8 f   lib:jdmarker.obj
 0001:0004fca3       _get_sof                   00450ca3 f   lib:jdmarker.obj
 0001:0004ffac       _get_sos                   00450fac f   lib:jdmarker.obj
 0001:0005029a       _get_dht                   0045129a f   lib:jdmarker.obj
 0001:0005053b       _get_dqt                   0045153b f   lib:jdmarker.obj
 0001:00050797       _get_dri                   00451797 f   lib:jdmarker.obj
 0001:00050876       _first_marker              00451876 f   lib:jdmarker.obj
 0001:00050912       _read_restart_marker       00451912 f   lib:jdmarker.obj
 0001:00050990       _reset_marker_reader       00451990 f   lib:jdmarker.obj
 0001:0004f1fd       _output_pass_setup         004501fd f   lib:jdapistd.obj
 0001:0004eef0       _default_decompress_parms  0044fef0 f   lib:jdapimin.obj

 182 bytes saved through ICF

