 Quake2

 Timestamp is 432704d9 (Tue Sep 13 20:56:57 2005)

 Preferred load address is 00400000

 Start         Length     Name                   Class
 0001:00000000 00060810H .text                   CODE
 0002:00000000 00000284H .idata$5                DATA
 0002:00000288 000063dcH .rdata                  DATA
 0002:00006668 00000044H .rdata$r                DATA
 0002:000066b0 00000038H .xdata$x                DATA
 0002:000066e8 00000078H .idata$2                DATA
 0002:00006760 00000014H .idata$3                DATA
 0002:00006774 00000284H .idata$4                DATA
 0002:000069f8 0000083aH .idata$6                DATA
 0002:00007232 00000000H .edata                  DATA
 0003:00000000 00000004H .CRT$XCA                DATA
 0003:00000004 00000080H .CRT$XCU                DATA
 0003:00000084 00000004H .CRT$XCZ                DATA
 0003:00000088 00000004H .CRT$XIA                DATA
 0003:0000008c 00000004H .CRT$XIZ                DATA
 0003:00000090 0000d48cH .data                   DATA
 0003:0000d520 0047875cH .bss                    DATA
 0004:00000000 00000130H .rsrc$01                DATA
 0004:00000130 00003f20H .rsrc$02                DATA

  Address         Publics by Value              Rva+Base     Lib:Object

 0001:00000000       ??3@YAXPAX@Z               00401000 f i CoreMain.obj
 0001:0000000b       ?appTimestamp@@YAPBDXZ     0040100b f   CoreMain.obj
 0001:00000043       ?appInit@@YAXXZ            00401043 f   CoreMain.obj
 0001:000000c2       ?appExit@@YAXXZ            004010c2 f   CoreMain.obj
 0001:000000fc       ?appLoadDebugSymbols@@YAXXZ 004010fc f   DbgSymbols.obj
 0001:000002ba       ?appSymbolName@@YA_NIPADH@Z 004012ba f   DbgSymbols.obj
 0001:000003b0       ?appSymbolName@@YAPBDI@Z   004013b0 f   DbgSymbols.obj
 0001:000003e6       ?appMalloc@@YAPAXIH@Z      004013e6 f   Memory.obj
 0001:00000494       ?appFree@@YAXPAX@Z         00401494 f   Memory.obj
 0001:000004c2       ?Unlink@FMemHeader@@QAEXXZ 004014c2 f i Memory.obj
 0001:000004ed       ?Link@CMemoryChain@@AAEXXZ 004014ed f   Memory.obj
 0001:0000050c       ?Unlink@CMemoryChain@@AAEXXZ 0040150c f   Memory.obj
 0001:00000537       ??2CMemoryChain@@SAPAXIH@Z 00401537 f   Memory.obj
 0001:000005a9       ??3CMemoryChain@@SAXPAX@Z  004015a9 f   Memory.obj
 0001:000005dc       ?Alloc@CMemoryChain@@QAEPAXIH@Z 004015dc f   Memory.obj
 0001:00000646       ?appInitMemory@@YAXXZ      00401646 f   Memory.obj
 0001:00000b7a       ?sprintf@?$TString@$0BAA@@@QAAHPBDZZ 00401b7a f i Memory.obj
 0001:00000bb4       ?Flush@COutputDevice@@UAEXXZ 00401bb4 f i OutputDevice.obj
 0001:00000bb4       ?Close@COutputDevice@@UAEXXZ 00401bb4 f i OutputDevice.obj
 0001:00000bb5       ?Write@COutputDeviceNull@@UAEXPBD@Z 00401bb5 f i OutputDevice.obj
 0001:00000bb8       ?Printf@COutputDevice@@QAAXPBDZZ 00401bb8 f   OutputDevice.obj
 0001:00000c28       ?Register@COutputDevice@@QAEXXZ 00401c28 f   OutputDevice.obj
 0001:00000c84       ?Unregister@COutputDevice@@QAEXXZ 00401c84 f   OutputDevice.obj
 0001:00000cd7       ?appPrintf@@YAXPBDZZ       00401cd7 f   OutputDevice.obj
 0001:00000e0d       ?appWPrintf@@YAXPBDZZ      00401e0d f   OutputDevice.obj
 0001:00000e6a       ??0COutputDeviceFile@@QAE@XZ 00401e6a f i ErrorMgr.obj
 0001:00000e7f       ?Write@COutputDeviceFile@@UAEXPBD@Z 00401e7f f i ErrorMgr.obj
 0001:00000ed3       ?Flush@COutputDeviceFile@@UAEXXZ 00401ed3 f i ErrorMgr.obj
 0001:00000ee3       ?Close@COutputDeviceFile@@UAEXXZ 00401ee3 f i ErrorMgr.obj
 0001:00000f11       ??1COutputDeviceFile@@QAE@XZ 00401f11 f i ErrorMgr.obj
 0001:00000f30       ?appGetErrorLog@@YAPAVCOutputDevice@@XZ 00401f30 f   ErrorMgr.obj
 0001:00000fcf       ?Open@COutputDeviceFile@@QAEXPBD_N@Z 00401fcf f i ErrorMgr.obj
 0001:0000100b       ?appFatalError@@YAXPBDZZ   0040200b f   ErrorMgr.obj
 0001:000010ab       ?appNonFatalError@@YAXPBDZZ 004020ab f   ErrorMgr.obj
 0001:0000110d       ?appUnwindPrefix@@YAXPBD@Z 0040210d f   ErrorMgr.obj
 0001:000011bd       ?appUnwindThrow@@YAXPBDZZ  004021bd f   ErrorMgr.obj
 0001:00001254       ?Reset@CErrorHandler@@QAEXXZ 00402254 f   ErrorMgr.obj
 0001:00001285       ?appInitError@@YAXXZ       00402285 f   ErrorMgr.obj
 0001:00001343       ?sprintf@?$TString@$0CAA@@@QAAHPBDZZ 00402343 f i ErrorMgr.obj
 0001:0000135f       ?GetLine@CSimpleParser@@QAEPBDXZ 0040235f f   ScriptParser.obj
 0001:00001474       ?SkipBraces@CSimpleParser@@QAEPBDXZ 00402474 f   ScriptParser.obj
 0001:000014aa       ?appStricmp@@YAHPBD0@Z     004024aa f   Strings.obj
 0001:000014df       ?toLower@@YADD@Z           004024df f i Strings.obj
 0001:000014f6       ?appStrcpy@@YAXPADPBD@Z    004024f6 f   Strings.obj
 0001:00001509       ?appStrncpylwr@@YAXPADPBDH@Z 00402509 f   Strings.obj
 0001:00001541       ?appStrncpyz@@YAXPADPBDH@Z 00402541 f   Strings.obj
 0001:0000156e       ?appStrcatn@@YAXPADHPBD@Z  0040256e f   Strings.obj
 0001:00001599       ?appCopyFilename@@YAXPADPBDH@Z 00402599 f   Strings.obj
 0001:00001639       ?appCStrlen@@YAHPBD@Z      00402639 f   Strings.obj
 0001:0000165e       ?appUncolorizeString@@YAXPADPBD@Z 0040265e f   Strings.obj
 0001:0000168e       ?va@@YAPBDPBDZZ            0040268e f   Strings.obj
 0001:0000172a       ?appSprintf@@YAHPADHPBDZZ  0040272a f   Strings.obj
 0001:00001775       ?appMatchWildcard@@YA_NPBD0_N@Z 00402775 f   Strings.obj
 0001:00001904       ?appIsWildcard@@YA_NPBD@Z  00402904 f   Strings.obj
 0001:0000192e       ?CopyString@@YAPADPBD@Z    0040292e f   Strings.obj
 0001:0000196e       ?CopyString@@YAPADPBDPAVCMemoryChain@@@Z 0040296e f   Strings.obj
 0001:000019a2       ??2CStringItem@@SAPAXIPBD@Z 004029a2 f   Strings.obj
 0001:000019ef       ??2CStringItem@@SAPAXIPBDPAVCMemoryChain@@@Z 004029ef f   Strings.obj
 0001:00001a19       ??0CStringItem@@QAE@XZ     00402a19 f   Strings.obj
 0001:00001a24       ?Find@CStringList@@IAEPAVCStringItem@@PBDPAPAV2@@Z 00402a24 f   Strings.obj
 0001:00001a60       ?Find@CStringList@@IAEPAVCStringItem@@H@Z 00402a60 f   Strings.obj
 0001:00001a79       ?IndexOf@CStringList@@QAEHPBD@Z 00402a79 f   Strings.obj
 0001:00001aa6       ?Remove@CStringList@@QAE_NPAVCStringItem@@@Z 00402aa6 f   Strings.obj
 0001:00001ad2       ?Add@CTextContainer@@QAEPAUCTextRec@@PBD@Z 00402ad2 f   TextContainer.obj
 0001:00001b7e       ?Enumerate@CTextContainer@@QAEXP6AXPBUCTextRec@@@Z@Z 00402b7e f   TextContainer.obj
 0001:00001bea       ?SubtractPath@@YAPBDPBD0@Z 00402bea f   FileSystem.obj
 0001:00001c7e       ?appOpenFile@@YAPAVCFile@@PBD@Z 00402c7e f   FileSystem.obj
 0001:00001cba       ?Read@CFileOS@@UAEHPAXH@Z  00402cba f i FileSystem.obj
 0001:00001cdf       ?GetSize@CFileOS@@UAEHXZ   00402cdf f i FileSystem.obj
 0001:00001d24       ?Eof@CFileOS@@UAE_NXZ      00402d24 f i FileSystem.obj
 0001:00001d38       ??_GCFileOS@@UAEPAXI@Z     00402d38 f i FileSystem.obj
 0001:00001d38       ??_ECFileOS@@UAEPAXI@Z     00402d38 f i FileSystem.obj
 0001:00001d6a       ??_ECFile@@UAEPAXI@Z       00402d6a f i FileSystem.obj
 0001:00001d6a       ??_GCFile@@UAEPAXI@Z       00402d6a f i FileSystem.obj
 0001:00001d87       ?ReadInt@CFile@@QAEHXZ     00402d87 f   FileSystem.obj
 0001:00001d9f       ?ReadString@CFile@@QAEXPADH@Z 00402d9f f   FileSystem.obj
 0001:00001ddf       ?GetType@CFileContainer@@MAEPBDXZ 00402ddf f   FileSystem.obj
 0001:00001de5       ?Mount@CFileSystem@@QAEXAAVCFileContainer@@PBD@Z 00402de5 f   FileSystem.obj
 0001:00001e36       ?Umount@CFileSystem@@QAEXAAVCFileContainer@@@Z 00402e36 f   FileSystem.obj
 0001:00001e66       ?MountDirectory@CFileSystem@@QAEPAVCFileContainer@@PBD0@Z 00402e66 f   FileSystem.obj
 0001:00001ea9       ?GetType@CFileContainerOS@@MAEPBDXZ 00402ea9 f i FileSystem.obj
 0001:00001eaf       ?FileExists@CFileContainerOS@@UAE_NPBD@Z 00402eaf f i FileSystem.obj
 0001:00001ee6       ?OpenFile@CFileContainerOS@@UAEPAVCFile@@PBD@Z 00402ee6 f i FileSystem.obj
 0001:00001f03       ?List@CFileContainerOS@@UAEXAAVCFileList@@PBDI@Z 00402f03 f i FileSystem.obj
 0001:00001f2b       ??_GCFileContainer@@UAEPAXI@Z 00402f2b f i FileSystem.obj
 0001:00001f2b       ??_ECFileContainerOS@@UAEPAXI@Z 00402f2b f i FileSystem.obj
 0001:00001f2b       ??_ECFileContainer@@UAEPAXI@Z 00402f2b f i FileSystem.obj
 0001:00001f2b       ??_GCFileContainerOS@@UAEPAXI@Z 00402f2b f i FileSystem.obj
 0001:00001f48       ?MountArchive@CFileSystem@@QAEPAVCFileContainer@@PBD0@Z 00402f48 f   FileSystem.obj
 0001:0000205f       ?Mount@CFileSystem@@QAEXPBD0@Z 0040305f f   FileSystem.obj
 0001:0000220f       ?Umount@CFileSystem@@QAEXPBD@Z 0040320f f   FileSystem.obj
 0001:000022ab       ?List@CFileSystem@@UAEPAVCFileList@@PBDIPAV2@@Z 004032ab f   FileSystem.obj
 0001:00002452       ?RegisterFormat@CFileSystem@@SAXP6APAVCFileContainer@@PBDPAU_iobuf@@@Z@Z 00403452 f   FileSystem.obj
 0001:00002492       ?FileExists@CFileSystem@@UAE_NPBD@Z 00403492 f   FileSystem.obj
 0001:000024f5       ?OpenFile@CFileSystem@@UAEPAVCFile@@PBD@Z 004034f5 f   FileSystem.obj
 0001:0000257e       ?LoadFile@CFileSystem@@QAEPAXPBDPAI@Z 0040357e f   FileSystem.obj
 0001:00002649       ?appInitFileSystem@@YAXAAVCFileSystem@@@Z 00403649 f   FileSystem.obj
 0001:00002a1f       ?FindDir@CFileContainerArc@@IAEPAVCArcDir@1@PBD_N@Z 00403a1f f   FileContainerArc.obj
 0001:00002b08       ?FindFile@CFileContainerArc@@IAEPAVCStringItem@@PBD@Z 00403b08 f   FileContainerArc.obj
 0001:00002b73       ?FileExists@CFileContainerArc@@UAE_NPBD@Z 00403b73 f   FileContainerArc.obj
 0001:00002b85       ?OpenFile@CFileContainerArc@@UAEPAVCFile@@PBD@Z 00403b85 f   FileContainerArc.obj
 0001:00002ba1       ?List@CFileContainerArc@@UAEXAAVCFileList@@PBDI@Z 00403ba1 f   FileContainerArc.obj
 0001:00002d08       ?appMillisecondsf@@YANXZ   00403d08 f   CoreWin32.obj
 0001:00002d41       ?appMilliseconds@@YAIXZ    00403d41 f   CoreWin32.obj
 0001:00002d76       ?cpuid@@YAXI@Z             00403d76 f   CoreWin32.obj
 0001:00002d99       ?appPackage@@YAPBDXZ       00403d99 f   CoreWin32.obj
 0001:00002dfe       ?appGetSystemErrorMessage@@YAPBDI@Z 00403dfe f   CoreWin32.obj
 0001:00002e62       ?appDisplayError@@YAXXZ    00403e62 f   CoreWin32.obj
 0001:00002eb6       ?appInitPlatform@@YAXXZ    00403eb6 f   CoreWin32.obj
 0001:000032ea       ?appShutdownPlatform@@YAXXZ 004042ea f   CoreWin32.obj
 0001:000032f3       ?osAddressInfo@@YA_NIPADHPAH@Z 004042f3 f   DbgSymbolsWin32.obj
 0001:00003387       ?osModuleInfo@@YA_NIPADHPAH@Z 00404387 f   DbgSymbolsWin32.obj
 0001:0000352e       ?win32ExceptFilter@@YAHPAU_EXCEPTION_POINTERS@@@Z 0040452e f   ExceptFilterWin32.obj
 0001:000039bf       ?win32ExceptFilter2@@YAHXZ 004049bf f   ExceptFilterWin32.obj
 0001:000039cb       ?appListDirectoryOS@@YAXPBDAAVCFileList@@I@Z 004049cb f   FileSystemWin32.obj
 0001:00003c12       ?SCR_StopCinematic@@YAXXZ  00404c12 f   cl_cin.obj
 0001:00003ca6       ?SCR_DrawCinematic@@YA_NXZ 00404ca6 f   cl_cin.obj
 0001:000040f1       ?SCR_PlayCinematic@@YAXPBD@Z 004050f1 f   cl_cin.obj
 0001:00004466       ?sprintf@?$TString@$0EA@@@QAAHPBDZZ 00405466 f i cl_cin.obj
 0001:0000447f       ?CL_Download_f@@YAX_NHPAPAD@Z 0040547f f   cl_download.obj
 0001:00004820       ?CL_ParseDownload@@YAXXZ   00405820 f   cl_download.obj
 0001:00005048       ?CL_Precache_f@@YAXHPAPAD@Z 00406048 f   cl_download.obj
 0001:000050a6       ?sprintf@?$TString@$0IA@@@QAAHPBDZZ 004060a6 f i cl_download.obj
 0001:000050c2       ?CL_ParseDelta@@YAXPAUclEntityState_t@@0HI_N@Z 004060c2 f   cl_ents.obj
 0001:00005242       ?CL_ParseFrame@@YAXXZ      00406242 f   cl_ents.obj
 0001:000058f1       ?CL_AddEntityBox@@YAXPAUclEntityState_t@@I@Z 004068f1 f   cl_ents.obj
 0001:000059f5       ?Lerp@@YAXABUCVec3@@0MAAU1@@Z 004069f5 f i cl_ents.obj
 0001:00005a2c       ?CL_OffsetThirdPersonView@@YAXXZ 00406a2c f   cl_ents.obj
 0001:00005b14       ?CL_AddEntities@@YAXXZ     00406b14 f   cl_ents.obj
 0001:00006a52       ?CL_ClearLightStyles@@YAXXZ 00407a52 f   cl_fx.obj
 0001:00006ad4       ?CL_SetLightstyle@@YAXHPBD@Z 00407ad4 f   cl_fx.obj
 0001:00006b35       ?CL_AllocDlight@@YAPAUcdlight_t@@HABUCVec3@@@Z 00407b35 f   cl_fx.obj
 0001:00006b9e       ?CL_AllocParticleTrace@@YAPAUparticleTrace_t@@ABUCVec3@@0MM@Z 00407b9e f   cl_fx.obj
 0001:00006c2d       ?CL_AllocParticleBeam@@YAPAUbeam_t@@ABUCVec3@@0MM@Z 00407c2d f   cl_fx.obj
 0001:00006ca1       ?CL_AllocParticle@@YAPAUparticle_t@@XZ 00407ca1 f   cl_fx.obj
 0001:00006cf4       ?CL_MetalSparks@@YAXABUCVec3@@0H@Z 00407cf4 f   cl_fx.obj
 0001:00006df2       ?CL_AddEffects@@YAXXZ      00407df2 f   cl_fx.obj
 0001:000074f7       ?CL_ClearEffects@@YAXXZ    004084f7 f   cl_fx.obj
 0001:00007579       ?CL_EntityEvent@@YAXPAUclEntityState_t@@@Z 00408579 f   cl_fx.obj
 0001:0000772d       ?CL_ParseMuzzleFlash@@YAXXZ 0040872d f   cl_fx.obj
 0001:00007a9d       ?CL_ParseMuzzleFlash2@@YAXXZ 00408a9d f   cl_fx.obj
 0001:00007f13       ?CL_ParticleEffect@@YAXABUCVec3@@0HH@Z 00408f13 f   cl_fx.obj
 0001:000080fc       ?CL_ParticleEffect2@@YAXABUCVec3@@0HH@Z 004090fc f   cl_fx.obj
 0001:00008124       ?CL_ParticleEffect3@@YAXABUCVec3@@0HH@Z 00409124 f   cl_fx.obj
 0001:0000814c       ?CL_TeleporterParticles@@YAXPAUclEntityState_t@@@Z 0040914c f   cl_fx.obj
 0001:0000816b       ?CL_LogoutEffect@@YAXABUCVec3@@H@Z 0040916b f   cl_fx.obj
 0001:000081a1       ?CL_ItemRespawnParticles@@YAXABUCVec3@@@Z 004091a1 f   cl_fx.obj
 0001:000081bc       ?CL_ExplosionParticles@@YAXABUCVec3@@@Z 004091bc f   cl_fx.obj
 0001:000081da       ?CL_BFGExplosionParticles@@YAXABUCVec3@@@Z 004091da f   cl_fx.obj
 0001:000081f8       ?CL_TrackerExplosionParticles@@YAXABUCVec3@@@Z 004091f8 f   cl_fx.obj
 0001:00008216       ?CL_BlasterParticles@@YAXABUCVec3@@0I@Z 00409216 f   cl_fx.obj
 0001:0000823c       ?CL_BlasterTrail@@YAXAAUcentity_t@@@Z 0040923c f   cl_fx.obj
 0001:0000833f       ?CL_BlasterTrail2@@YAXAAUcentity_t@@@Z 0040933f f   cl_fx.obj
 0001:00008352       ?CL_FlagTrail@@YAXAAUcentity_t@@H@Z 00409352 f   cl_fx.obj
 0001:0000836e       ?CL_RocketTrail@@YAXAAUcentity_t@@@Z 0040936e f   cl_fx.obj
 0001:000083ad       ?CL_BubbleTrail@@YAXABUCVec3@@0@Z 004093ad f   cl_fx.obj
 0001:00008447       ?CL_BubbleTrail2@@YAXABUCVec3@@0@Z 00409447 f   cl_fx.obj
 0001:0000845f       ?CL_TagTrail@@YAXAAUcentity_t@@@Z 0040945f f   cl_fx.obj
 0001:00008472       ?CL_DebugTrail@@YAXABUCVec3@@0@Z 00409472 f   cl_fx.obj
 0001:0000848a       ?CL_ForceWall@@YAXABUCVec3@@0H@Z 0040948a f   cl_fx.obj
 0001:000084ab       ?CL_BigTeleportParticles@@YAXABUCVec3@@@Z 004094ab f   cl_fx.obj
 0001:000085e6       ?CL_BfgParticles@@YAXABUCVec3@@@Z 004095e6 f   cl_fx.obj
 0001:00008760       ?CL_FlyEffect@@YAXAAUcentity_t@@@Z 00409760 f   cl_fx.obj
 0001:000088ec       ?CL_DiminishingTrail@@YAXAAUcentity_t@@H@Z 004098ec f   cl_fx.obj
 0001:00008a46       ?CL_RailTrail@@YAXABUCVec3@@0@Z 00409a46 f   cl_fx.obj
 0001:00008bbc       ?CL_RailTrailExt@@YAXABUCVec3@@0EE@Z 00409bbc f   cl_fx.obj
 0001:00008d01       ?CL_IonripperTrail@@YAXAAUcentity_t@@@Z 00409d01 f   cl_fx.obj
 0001:00008e5b       ?CL_TrapParticles@@YAXABUCVec3@@@Z 00409e5b f   cl_fx.obj
 0001:00008fef       ?CL_TeleportParticles@@YAXABUCVec3@@@Z 00409fef f   cl_fx.obj
 0001:00009125       ?CL_Heatbeam@@YAXABUCVec3@@0@Z 0040a125 f   cl_fx.obj
 0001:000093cb       ?CL_ParticleSteamEffect@@YAXABUCVec3@@0HHH@Z 0040a3cb f   cl_fx.obj
 0001:00009504       ?CL_ParticleSmokeEffect@@YAXABUCVec3@@0@Z 0040a504 f   cl_fx.obj
 0001:00009620       ?CL_TrackerTrail@@YAXAAUcentity_t@@@Z 0040a620 f   cl_fx.obj
 0001:0000979e       ?CL_TrackerShell@@YAXABUCVec3@@@Z 0040a79e f   cl_fx.obj
 0001:0000982a       ?CL_MonsterPlasmaShell@@YAXABUCVec3@@@Z 0040a82a f   cl_fx.obj
 0001:000098b3       ?CL_WidowSplash@@YAXABUCVec3@@@Z 0040a8b3 f   cl_fx.obj
 0001:00009994       ?IN_CenterView@@YAXXZ      0040a994 f   cl_input.obj
 0001:000099b5       ?CL_InitInput@@YAXXZ       0040a9b5 f   cl_input.obj
 0001:00009f51       ?CL_SendCmd@@YAXXZ         0040af51 f   cl_input.obj
 0001:0000a5cf       ?CL_WriteDemoMessage@@YAXXZ 0040b5cf f   cl_main.obj
 0001:0000a611       ?Cmd_ForwardToServer@@YAXHPAPAD@Z 0040b611 f   cl_main.obj
 0001:0000a6d4       ?CL_ForwardToServer_f@@YAXHPAPAD@Z 0040b6d4 f   cl_main.obj
 0001:0000a71c       ?CL_Pause@@YAX_N@Z         0040b71c f   cl_main.obj
 0001:0000a75e       ?CL_Drop@@YAX_N@Z          0040b75e f   cl_main.obj
 0001:0000a785       ?CL_SendConnectPacket@@YAXXZ 0040b785 f   cl_main.obj
 0001:0000a7f1       ?CL_Connect_f@@YAX_NHPAPAD@Z 0040b7f1 f   cl_main.obj
 0001:0000a85c       ?CL_Rcon_f@@YAXHPAPAD@Z    0040b85c f   cl_main.obj
 0001:0000a948       ?CL_Disconnect@@YAXXZ      0040b948 f   cl_main.obj
 0001:0000aaf3       ?CL_Disconnect_f@@YAXXZ    0040baf3 f   cl_main.obj
 0001:0000aafd       ?CL_Changing_f@@YAXXZ      0040bafd f   cl_main.obj
 0001:0000ab21       ?CL_Reconnect_f@@YAXXZ     0040bb21 f   cl_main.obj
 0001:0000abbd       ?CL_PingServers_f@@YAXXZ   0040bbbd f   cl_main.obj
 0001:0000acbf       ?CL_Skins_f@@YAXXZ         0040bcbf f   cl_main.obj
 0001:0000afa7       ?CL_ConnectionlessPacket@@YAXXZ 0040bfa7 f   cl_main.obj
 0001:0000b0a4       ?CL_ReadPackets@@YAXXZ     0040c0a4 f   cl_main.obj
 0001:0000b1e7       ?CL_Userinfo_f@@YAXXZ      0040c1e7 f   cl_main.obj
 0001:0000b1ff       ?CL_RegisterSounds@@YAXXZ  0040c1ff f   cl_main.obj
 0001:0000b23e       ?CL_Snd_Restart_f@@YAXXZ   0040c23e f   cl_main.obj
 0001:0000b24d       ?CL_WriteConfiguration@@YAXPBD@Z 0040c24d f   cl_main.obj
 0001:0000b334       ?CL_WriteConfig_f@@YAX_NHPAPAD@Z 0040c334 f   cl_main.obj
 0001:0000b39f       ?CL_FixCvarCheats@@YAXXZ   0040c39f f   cl_main.obj
 0001:0000b3f0       ?CL_Frame@@YAXMM@Z         0040c3f0 f   cl_main.obj
 0001:0000b72f       ?CL_ClearState@@YAXXZ      0040c72f f   cl_main.obj
 0001:0000b76d       ?CL_Init@@YAXXZ            0040c76d f   cl_main.obj
 0001:0000bc2b       ?CL_Shutdown@@YAXXZ        0040cc2b f   cl_main.obj
 0001:0000bc87       ?sprintf@?$TString@$0EAA@@@QAAHPBDZZ 0040cc87 f i cl_main.obj
 0001:0000bca3       ?CL_ParseClientinfo@@YAXH@Z 0040cca3 f   cl_parse.obj
 0001:0000bd58       ?CL_UpdatePlayerClientInfo@@YAXXZ 0040cd58 f   cl_parse.obj
 0001:0000bd99       ?CL_ParseServerMessage@@YAXXZ 0040cd99 f   cl_parse.obj
 0001:0000c573       ?FreePlayerModelsInfo@@YAXXZ 0040d573 f   cl_playermodel.obj
 0001:0000c599       ?ScanQuake3Models@@YAXPBD@Z 0040d599 f   cl_playermodel.obj
 0001:0000c730       ?ScanPlayerModels@@YA_NXZ  0040d730 f   cl_playermodel.obj
 0001:0000c980       ?RunAnimation@@YAXAAUclientInfo_t@@AAUanimState_t@@H@Z 0040d980 f   cl_playermodel.obj
 0001:0000cb61       ?CL_LoadClientinfo@@YAXAAUclientInfo_t@@PBD_N@Z 0040db61 f   cl_playermodel.obj
 0001:0000d7e7       ?ParsePlayerEntity@@YAHAAUcentity_t@@AAUclientInfo_t@@PAUclEntityState_t@@ABUentity_t@@PAU4@HH@Z 0040e7e7 f   cl_playermodel.obj
 0001:0000e33d       ?CreateAndInsert@?$TList@VCStringItem@@@@QAEPAVCStringItem@@PBDPAVCMemoryChain@@@Z 0040f33d f i cl_playermodel.obj
 0001:0000e373       ?Insert@?$TList@VshaderScript_t@OpenGLDrv@@@@QAE_NPAVshaderScript_t@OpenGLDrv@@@Z 0040f373 f i cl_playermodel.obj
 0001:0000e373       ?Insert@?$TList@VCStringItem@@@@QAE_NPAVCStringItem@@@Z 0040f373 f i cl_playermodel.obj
 0001:0000e373       ?Insert@?$TList@VplayerModelInfo_t@@@@QAE_NPAVplayerModelInfo_t@@@Z 0040f373 f i cl_playermodel.obj
 0001:0000e3a9       ?CL_CheckPredictionError@@YAXXZ 0040f3a9 f   cl_pred.obj
 0001:0000e53f       ?CL_EntityTrace@@YAXAAUtrace_t@@ABUCVec3@@1ABUCBox@@H@Z 0040f53f f   cl_pred.obj
 0001:0000e8d8       ?CL_Trace@@YAXAAUtrace_t@@ABUCVec3@@1ABUCBox@@H@Z 0040f8d8 f   cl_pred.obj
 0001:0000e954       ?CL_PMpointcontents@@YAHABUCVec3@@@Z 0040f954 f   cl_pred.obj
 0001:0000eae0       ?CL_PredictMovement@@YAXXZ 0040fae0 f   cl_pred.obj
 0001:0000ee93       ?DrawString@@YAXHHPBD@Z    0040fe93 f   cl_scrn.obj
 0001:0000eed8       ?SCR_DebugGraph@@YAXMH@Z   0040fed8 f   cl_scrn.obj
 0001:0000ef00       ?SCR_CenterPrint@@YAXPBD@Z 0040ff00 f   cl_scrn.obj
 0001:0000f006       ?Key_Message@@YAXH@Z       00410006 f   cl_scrn.obj
 0001:0000f0a2       ?SCR_SetLevelshot@@YAXPBD@Z 004100a2 f   cl_scrn.obj
 0001:0000f19b       ?SCR_BeginLoadingPlaque@@YAXXZ 0041019b f   cl_scrn.obj
 0001:0000f220       ?SCR_EndLoadingPlaque@@YAX_N@Z 00410220 f   cl_scrn.obj
 0001:0000f2a5       ?SCR_ShowConsole@@YAX_N0@Z 004102a5 f   cl_scrn.obj
 0001:0000f36a       ?SCR_ToggleConsole@@YAXXZ  0041036a f   cl_scrn.obj
 0001:0000f392       ?SCR_TouchPics@@YAXXZ      00410392 f   cl_scrn.obj
 0001:0000f3e8       ?SCR_UpdateScreen@@YAXXZ   004103e8 f   cl_scrn.obj
 0001:0001062c       ?SCR_Init@@YAXXZ           0041162c f   cl_scrn.obj
 0001:0001095b       ?sprintf@?$TString@$0BA@@@QAAHPBDZZ 0041195b f i cl_scrn.obj
 0001:00010974       ?CL_RegisterTEntSounds@@YAXXZ 00411974 f   cl_tent.obj
 0001:00010bb9       ?CL_RegisterTEntModels@@YAXXZ 00411bb9 f   cl_tent.obj
 0001:00010d06       ?CL_ClearTEnts@@YAXXZ      00411d06 f   cl_tent.obj
 0001:00010d37       ?CL_SmokeAndFlash@@YAXABUCVec3@@@Z 00411d37 f   cl_tent.obj
 0001:00010ecd       ?CL_ParsePlayerBeam@@YAHPAVCRenderModel@@@Z 00411ecd f   cl_tent.obj
 0001:00010fd8       ?CL_ParseLightning@@YAHPAVCRenderModel@@@Z 00411fd8 f   cl_tent.obj
 0001:0001109a       ?CL_ParseWidow@@YAXXZ      0041209a f   cl_tent.obj
 0001:000111d0       ?CL_ParseNuke@@YAXXZ       004121d0 f   cl_tent.obj
 0001:000112e3       ?CL_ParseTEnt@@YAXXZ       004122e3 f   cl_tent.obj
 0001:000120ca       ?CL_AddBeams@@YAXXZ        004130ca f   cl_tent.obj
 0001:000122cc       ?CL_AddPlayerBeams@@YAXXZ  004132cc f   cl_tent.obj
 0001:000128d3       ?CL_AddTEnts@@YAXXZ        004138d3 f   cl_tent.obj
 0001:00012ad3       ?V_AddEntity@@YAXPAUentity_t@@@Z 00413ad3 f   cl_view.obj
 0001:00012b0e       ?V_AddEntity2@@YAXPAUentity_t@@@Z 00413b0e f   cl_view.obj
 0001:00012b3d       ?AddEntityWithEffects2@@YAXPAUentity_t@@I@Z 00413b3d f   cl_view.obj
 0001:00012bf9       ?AddEntityWithEffects@@YAXPAUentity_t@@I@Z 00413bf9 f   cl_view.obj
 0001:00012c18       ?V_AddLight@@YAXABUCVec3@@MMMM@Z 00413c18 f   cl_view.obj
 0001:00012c5d       ?V_TestEntities@@YAXXZ     00413c5d f   cl_view.obj
 0001:00012d8a       ?V_TestLights@@YAXXZ       00413d8a f   cl_view.obj
 0001:00012e60       ?V_InitRenderer@@YAXXZ     00413e60 f   cl_view.obj
 0001:00013248       ?CalcFov@@YAMMMM@Z         00414248 f   cl_view.obj
 0001:000132b6       ?V_RenderView@@YA_NXZ      004142b6 f   cl_view.obj
 0001:00013ed0       ?V_Init@@YAXXZ             00414ed0 f   cl_view.obj
 0001:00013f7f       ?Con_ClearNotify@@YAXXZ    00414f7f f   console.obj
 0001:00013f8e       ?Con_CheckResize@@YAXXZ    00414f8e f   console.obj
 0001:000140b5       ?Write@COutputDeviceCon@@UAEXPBD@Z 004150b5 f   console.obj
 0001:000143af       ?Con_DrawNotify@@YAX_N@Z   004153af f   console.obj
 0001:000144c7       ?Con_DrawConsole@@YAXM@Z   004154c7 f   console.obj
 0001:0001477b       ?Con_ClearTyping@@YAXXZ    0041577b f   console.obj
 0001:00014794       ?Key_Console@@YAXHH@Z      00415794 f   console.obj
 0001:00014bdc       ?Con_Init@@YAXXZ           00415bdc f   console.obj
 0001:00014d4e       ?Key_KeynumToString@@YAPBDH@Z 00415d4e f   keys.obj
 0001:00014e0e       ?Draw@completeMenu_t@@UAEXXZ 00415e0e f i keys.obj
 0001:00014e3f       ?KeyDown@completeMenu_t@@UAEPBDH@Z 00415e3f f i keys.obj
 0001:00014e68       ?Init@completeMenu_t@@UAE_NXZ 00415e68 f i keys.obj
 0001:00014f8f       ?CompleteMenuCallback@completeMenu_t@@SAXPAX@Z 00415f8f f i keys.obj
 0001:0001501d       ?CompleteCommand@@YAXXZ    0041601d f   keys.obj
 0001:00015728       ?Key_SetBinding@@YAXHPBD@Z 00416728 f   keys.obj
 0001:00015766       ?Key_FindBinding@@YAHPBDPAHH@Z 00416766 f   keys.obj
 0001:000157b4       ?Key_WriteBindings@@YAXPAVCOutputDevice@@@Z 004167b4 f   keys.obj
 0001:000157fb       ?Key_Init@@YAXXZ           004167fb f   keys.obj
 0001:00015adf       ?Key_Event@@YAXH_N@Z       00416adf f   keys.obj
 0001:00015e38       ?Key_ClearStates@@YAXXZ    00416e38 f   keys.obj
 0001:00015e6d       ?M_ForceMenuOn@@YAXXZ      00416e6d f   menu.obj
 0001:00015e8c       ?Draw@menuMain_t@@UAEXXZ   00416e8c f i menu.obj
 0001:00015fc8       ?KeyDown@menuMain_t@@UAEPBDH@Z 00416fc8 f i menu.obj
 0001:00016084       ?Init@menuMain_t@@UAE_NXZ  00417084 f i menu.obj
 0001:0001608c       ?M_Menu_Main_f@@YAXXZ      0041708c f   menu.obj
 0001:000160a6       ?Init@multiplayerMenu_t@@UAE_NXZ 004170a6 f i menu.obj
 0001:000161ca       ?Init@keysMenu_t@@UAE_NXZ  004171ca f i menu.obj
 0001:000163b3       ?KeyCursorDrawFunc@keysMenu_t@@SAXPAUmenuFramework_t@@@Z 004173b3 f i menu.obj
 0001:000163f3       ?DrawKeyBindingFunc@keysMenu_t@@SAXPAX@Z 004173f3 f i menu.obj
 0001:000164ba       ?KeyDown@keysMenu_t@@UAEPBDH@Z 004174ba f i menu.obj
 0001:00016567       ?UnbindCommand@keysMenu_t@@QAEXPAD@Z 00417567 f i menu.obj
 0001:000165ac       ?KeyBindingFunc@keysMenu_t@@QAEXPAX@Z 004175ac f i menu.obj
 0001:0001660b       ?Init@optionsMenu_t@@UAE_NXZ 0041760b f i menu.obj
 0001:00016a69       ?CrosshairFunc@optionsMenu_t@@SAXPAX@Z 00417a69 f i menu.obj
 0001:00016a91       ?JoystickFunc@optionsMenu_t@@SAXPAX@Z 00417a91 f i menu.obj
 0001:00016aa6       ?AlwaysRunFunc@optionsMenu_t@@SAXPAX@Z 00417aa6 f i menu.obj
 0001:00016abb       ?FreeLookFunc@optionsMenu_t@@SAXPAX@Z 00417abb f i menu.obj
 0001:00016ad0       ?MouseSpeedFunc@optionsMenu_t@@SAXPAX@Z 00417ad0 f i menu.obj
 0001:00016aed       ?InvertMouseFunc@optionsMenu_t@@SAXPAX@Z 00417aed f i menu.obj
 0001:00016b08       ?LookspringFunc@optionsMenu_t@@SAXPAX@Z 00417b08 f i menu.obj
 0001:00016b24       ?LookstrafeFunc@optionsMenu_t@@SAXPAX@Z 00417b24 f i menu.obj
 0001:00016b40       ?UpdateVolumeFunc@optionsMenu_t@@SAXPAX@Z 00417b40 f i menu.obj
 0001:00016b5d       ?UpdateCDVolumeFunc@optionsMenu_t@@SAXPAX@Z 00417b5d f i menu.obj
 0001:00016b77       ?SetMenuItemValues@optionsMenu_t@@SAXXZ 00417b77 f i menu.obj
 0001:00016d55       ?ResetDefaultsFunc@optionsMenu_t@@SAXPAX@Z 00417d55 f i menu.obj
 0001:00016d6a       ?UpdateSoundFunc@optionsMenu_t@@SAXPAX@Z 00417d6a f i menu.obj
 0001:00016f6d       ?ScanCrosshairs@optionsMenu_t@@SAXXZ 00417f6d f i menu.obj
 0001:00016fca       ?Draw@optionsMenu_t@@UAEXXZ 00417fca f i menu.obj
 0001:0001702f       ?Draw@creditsMenu_t@@UAEXXZ 0041802f f i menu.obj
 0001:000170d6       ?KeyDown@creditsMenu_t@@UAEPBDH@Z 004180d6 f i menu.obj
 0001:00017111       ?Init@creditsMenu_t@@UAE_NXZ 00418111 f i menu.obj
 0001:000171dd       ?Init@gameMenu_t@@UAE_NXZ  004181dd f i menu.obj
 0001:00017368       ?EasyGameFunc@gameMenu_t@@SAXPAX@Z 00418368 f i menu.obj
 0001:00017374       ?StartGame@gameMenu_t@@SAXPBD@Z 00418374 f i menu.obj
 0001:000173cc       ?MediumGameFunc@gameMenu_t@@SAXPAX@Z 004183cc f i menu.obj
 0001:000173d8       ?HardGameFunc@gameMenu_t@@SAXPAX@Z 004183d8 f i menu.obj
 0001:000173f4       ?Init@savegameMenu_t@@UAE_NXZ 004183f4 f i menu.obj
 0001:00017504       ?Create_Savestrings@savegameMenu_t@@QAEXXZ 00418504 f i menu.obj
 0001:000175ae       ?LoadGameCallback@savegameMenu_t@@SAXPAX@Z 004185ae f i menu.obj
 0001:000175d7       ?SaveGameCallback@savegameMenu_t@@SAXPAX@Z 004185d7 f i menu.obj
 0001:000175f6       ?Draw@savegameMenu_t@@UAEXXZ 004185f6 f i menu.obj
 0001:00017611       ?DrawSavegameShot@savegameMenu_t@@QAEXHH@Z 00418611 f i menu.obj
 0001:000176ec       ?Init@joinserverMenu_t@@UAE_NXZ 004186ec f i menu.obj
 0001:00017815       ?JoinServerFunc@joinserverMenu_t@@SAXPAX@Z 00418815 f i menu.obj
 0001:00017877       ?SearchLocalGames@joinserverMenu_t@@SAXXZ 00418877 f i menu.obj
 0001:000178e2       ?M_AddToServerList@@YAXUnetadr_t@@PAD@Z 004188e2 f   menu.obj
 0001:00017963       ?Init@startserverMenu_t@@UAE_NXZ 00418963 f i menu.obj
 0001:00017de6       ?DMOptionsFunc@startserverMenu_t@@SAXPAX@Z 00418de6 f i menu.obj
 0001:00017df6       ?RulesChangeFunc@startserverMenu_t@@SAXPAX@Z 00418df6 f i menu.obj
 0001:00017e6e       ?StartServerActionFunc@startserverMenu_t@@SAXPAX@Z 00418e6e f i menu.obj
 0001:00017e99       ?StartServerFunc@startserverMenu_t@@SAXPAD@Z 00418e99 f i menu.obj
 0001:000180cf       ?KeyDown@startserverMenu_t@@UAEPBDH@Z 004190cf f i menu.obj
 0001:0001812c       ?Init@dmoptionsMenu_t@@UAE_NXZ 0041912c f i menu.obj
 0001:00018709       ?DMFlagCallback@dmoptionsMenu_t@@SAXPAX@Z 00419709 f i menu.obj
 0001:000188df       ?Init@downloadOptionsMenu_t@@UAE_NXZ 004198df f i menu.obj
 0001:00018aaa       ?DownloadCallback@downloadOptionsMenu_t@@SAXPAX@Z 00419aaa f i menu.obj
 0001:00018b15       ?Init@addressBookMenu_t@@UAE_NXZ 00419b15 f i menu.obj
 0001:00018bbd       ?KeyDown@addressBookMenu_t@@UAEPBDH@Z 00419bbd f i menu.obj
 0001:00018c1a       ?Init@playerConfigMenu_t@@UAE_NXZ 00419c1a f i menu.obj
 0001:00019161       ?HandednessCallback@playerConfigMenu_t@@SAXPAX@Z 0041a161 f i menu.obj
 0001:00019176       ?RTypeCallback@playerConfigMenu_t@@SAXPAX@Z 0041a176 f i menu.obj
 0001:0001918b       ?RColorCallback@playerConfigMenu_t@@SAXPAX@Z 0041a18b f i menu.obj
 0001:000191a0       ?RateCallback@playerConfigMenu_t@@SAXPAX@Z 0041a1a0 f i menu.obj
 0001:000191c3       ?ModelCallback@playerConfigMenu_t@@SAXPAX@Z 0041a1c3 f i menu.obj
 0001:000191f7       ?SkinCallback@playerConfigMenu_t@@SAXPAX@Z 0041a1f7 f i menu.obj
 0001:000191ff       ?Draw@playerConfigMenu_t@@UAEXXZ 0041a1ff f i menu.obj
 0001:000194e1       ?KeyDown@playerConfigMenu_t@@UAEPBDH@Z 0041a4e1 f i menu.obj
 0001:000195c0       ?Init@dmbrowseMenu_t@@UAE_NXZ 0041a5c0 f i menu.obj
 0001:000197c1       ?KeyDown@dmbrowseMenu_t@@UAEPBDH@Z 0041a7c1 f i menu.obj
 0001:00019985       ?Draw@dmbrowseMenu_t@@UAEXXZ 0041a985 f i menu.obj
 0001:00019aca       ?DrawThumbnail@dmbrowseMenu_t@@SAXHHHHPAD_N@Z 0041aaca f i menu.obj
 0001:00019ba4       ?Init@videoMenu_t@@UAE_NXZ 0041aba4 f i menu.obj
 0001:0001a15d       ?ScreenSizeCallback@videoMenu_t@@SAXPAX@Z 0041b15d f i menu.obj
 0001:0001a17b       ?BrightnessCallback@videoMenu_t@@SAXPAX@Z 0041b17b f i menu.obj
 0001:0001a199       ?ContrastCallback@videoMenu_t@@SAXPAX@Z 0041b199 f i menu.obj
 0001:0001a1d2       ?CancelChanges@videoMenu_t@@SAXPAX@Z 0041b1d2 f i menu.obj
 0001:0001a1f3       ?KeyDown@videoMenu_t@@UAEPBDH@Z 0041b1f3 f i menu.obj
 0001:0001a23a       ?ApplyChanges@videoMenu_t@@SAXPAX@Z 0041b23a f i menu.obj
 0001:0001a3f1       ?KeyDown@quitMenu_t@@UAEPBDH@Z 0041b3f1 f i menu.obj
 0001:0001a42b       ?Draw@quitMenu_t@@UAEXXZ   0041b42b f i menu.obj
 0001:0001a49b       ?M_Init@@YAXXZ             0041b49b f   menu.obj
 0001:0001a67d       ?ItemAtCursor@menuFramework_t@@QAEPAUmenuCommon_t@@XZ 0041b67d f   qmenu.obj
 0001:0001a6d1       ?AddItem@menuFramework_t@@QAEXPAUmenuCommon_t@@@Z 0041b6d1 f   qmenu.obj
 0001:0001a78d       ?AdjustCursor@menuFramework_t@@QAEXH@Z 0041b78d f   qmenu.obj
 0001:0001a8fc       ?Center@menuFramework_t@@QAEXXZ 0041b8fc f   qmenu.obj
 0001:0001a93d       ?Draw@menuFramework_t@@UAEXXZ 0041b93d f   qmenu.obj
 0001:0001af02       ?SelectItem@menuFramework_t@@QAE_NXZ 0041bf02 f   qmenu.obj
 0001:0001af60       ?SetStatusBar@menuFramework_t@@QAEXPBD@Z 0041bf60 f   qmenu.obj
 0001:0001af6a       ?SlideItem@menuFramework_t@@QAEXH@Z 0041bf6a f   qmenu.obj
 0001:0001b4e7       ?Push@menuFramework_t@@QAEXXZ 0041c4e7 f   qmenu.obj
 0001:0001b566       ?M_ForceMenuOff@@YAXXZ     0041c566 f   qmenu.obj
 0001:0001b593       ?Pop@menuFramework_t@@QAEXXZ 0041c593 f   qmenu.obj
 0001:0001b5cd       ?KeyDown@menuFramework_t@@UAEPBDH@Z 0041c5cd f   qmenu.obj
 0001:0001b841       ?Init@menuFramework_t@@UAE_NXZ 0041c841 f   qmenu.obj
 0001:0001b844       ?M_Draw@@YAXXZ             0041c844 f   qmenu.obj
 0001:0001b87f       ?M_Keydown@@YAXH@Z         0041c87f f   qmenu.obj
 0001:0001b89e       ?InitRendererVars@@YAXXZ   0041c89e f   ref_vars.obj
 0001:0001b8bd       ?S_SoundInfo_f@@YAXXZ      0041c8bd f   snd_dma.obj
 0001:0001b947       ?S_Init@@YAXXZ             0041c947 f   snd_dma.obj
 0001:0001ba19       ?S_Shutdown@@YAXXZ         0041ca19 f   snd_dma.obj
 0001:0001baac       ?S_BeginRegistration@@YAXXZ 0041caac f   snd_dma.obj
 0001:0001baba       ?S_RegisterSound@@YAPAUsfx_t@@PBD@Z 0041caba f   snd_dma.obj
 0001:0001bc5b       ?S_EndRegistration@@YAXXZ  0041cc5b f   snd_dma.obj
 0001:0001bcde       ?S_PickChannel@@YAPAUchannel_t@@HH@Z 0041ccde f   snd_dma.obj
 0001:0001bd6b       ?S_Spatialize@@YAXPAUchannel_t@@@Z 0041cd6b f   snd_dma.obj
 0001:0001bf4b       ?S_AllocPlaysound@@YAPAUplaysound_t@@XZ 0041cf4b f   snd_dma.obj
 0001:0001bf6d       ?S_FreePlaysound@@YAXPAUplaysound_t@@@Z 0041cf6d f   snd_dma.obj
 0001:0001bf9d       ?S_IssuePlaysound@@YAXPAUplaysound_t@@@Z 0041cf9d f   snd_dma.obj
 0001:0001c06a       ?S_StartSound@@YAXPBUCVec3@@HHPAUsfx_t@@MMM@Z 0041d06a f   snd_dma.obj
 0001:0001c422       ?S_StartLocalSound@@YAXPBD@Z 0041d422 f   snd_dma.obj
 0001:0001c471       ?S_ClearBuffer@@YAXXZ      0041d471 f   snd_dma.obj
 0001:0001c4da       ?S_StopAllSounds_f@@YAXXZ  0041d4da f   snd_dma.obj
 0001:0001c54a       ?S_AddLoopSounds@@YAXXZ    0041d54a f   snd_dma.obj
 0001:0001c720       ?S_RawSamples@@YAXHHHHPAE@Z 0041d720 f   snd_dma.obj
 0001:0001c924       ?S_Update@@YAXABUCVec3@@0@Z 0041d924 f   snd_dma.obj
 0001:0001c9fa       ?GetSoundtime@@YAXXZ       0041d9fa f   snd_dma.obj
 0001:0001ca61       ?S_Update_@@YAXXZ          0041da61 f   snd_dma.obj
 0001:0001cd14       ?ResampleSfx@@YAXPAUsfx_t@@HHPAE@Z 0041dd14 f   snd_mem.obj
 0001:0001ce2f       ?S_LoadSound@@YAPAUsfxcache_t@@PAUsfx_t@@@Z 0041de2f f   snd_mem.obj
 0001:0001cf6b       ?GetWavinfo@@YA?AUwavinfo_t@@PADPAEH@Z 0041df6b f   snd_mem.obj
 0001:0001d1ad       ?S_WriteLinearBlastStereo16@@YAXXZ 0041e1ad f   snd_mix.obj
 0001:0001d221       ?S_TransferStereo16@@YAXPAKH@Z 0041e221 f   snd_mix.obj
 0001:0001d28a       ?S_TransferPaintBuffer@@YAXH@Z 0041e28a f   snd_mix.obj
 0001:0001d3ee       ?S_PaintChannels@@YAXH@Z   0041e3ee f   snd_mix.obj
 0001:0001d66a       ?S_InitScaletable@@YAXXZ   0041e66a f   snd_mix.obj
 0001:0001d82b       ?SV_ComputeAnimation@@YAXPAUplayer_state_t@@AAUentityStateEx_t@@PAU2@PAUedict_s@@@Z 0041e82b f   sv_anim.obj
 0001:0001dc28       ?SV_ReadLevelFile@@YAXXZ   0041ec28 f   sv_ccmds.obj
 0001:0001dcd6       ?SV_AddressBanned@@YA_NPAUnetadr_t@@@Z 0041ecd6 f   sv_ccmds.obj
 0001:0001dd17       ?SV_InitCommands@@YAXXZ    0041ed17 f   sv_ccmds.obj
 0001:0001f12d       ?sprintf@?$TString@$0CI@@@QAAHPBDZZ 0042012d f i sv_ccmds.obj
 0001:0001f146       ?SV_WriteFrameToClient@@YAXPAUclient_t@@PAVsizebuf_t@@@Z 00420146 f   sv_ents.obj
 0001:0001f88c       ?SV_RecordDemoMessage@@YAXXZ 0042088c f   sv_ents.obj
 0001:0002045e       ?SV_InitGameLibrary@@YAX_N@Z 0042145e f   sv_game.obj
 0001:000205a4       ?SV_ShutdownGameLibrary@@YAXXZ 004215a4 f   sv_game.obj
 0001:00020701       ?SV_FindIndex@@YAHPBDHH_N@Z 00421701 f   sv_init.obj
 0001:0002080e       ?SV_ModelIndex@@YAHPBD@Z   0042180e f   sv_init.obj
 0001:00020824       ?SV_SoundIndex@@YAHPBD@Z   00421824 f   sv_init.obj
 0001:0002083d       ?SV_ImageIndex@@YAHPBD@Z   0042183d f   sv_init.obj
 0001:00020856       ?SV_CreateBaseline@@YAXXZ  00421856 f   sv_init.obj
 0001:000208d3       ?SV_SpawnServer@@YAXPAD0W4server_state_t@@_N2@Z 004218d3 f   sv_init.obj
 0001:00020c04       ?SV_InitGame@@YAXXZ        00421c04 f   sv_init.obj
 0001:00020e2c       ?SV_Map@@YAX_NPBD0@Z       00421e2c f   sv_init.obj
 0001:00020fee       ?SV_DropClient@@YAXPAUclient_t@@PAD@Z 00421fee f   sv_main.obj
 0001:000219cb       ??0COutputDeviceMem@@QAE@H@Z 004229cb f i sv_main.obj
 0001:000219fa       ?Write@COutputDeviceMem@@UAEXPBD@Z 004229fa f i sv_main.obj
 0001:00021a7f       ??_GCOutputDeviceMem@@QAEPAXI@Z 00422a7f f i sv_main.obj
 0001:00021aaa       ?SV_ConnectionlessPacket@@YAXXZ 00422aaa f   sv_main.obj
 0001:00021b75       ?SV_CalcPings@@YAXXZ       00422b75 f   sv_main.obj
 0001:00021bfc       ?SV_GiveMsec@@YAXXZ        00422bfc f   sv_main.obj
 0001:00021c3b       ?SV_ReadPackets@@YAXXZ     00422c3b f   sv_main.obj
 0001:00021d83       ?SV_CheckTimeouts@@YAXXZ   00422d83 f   sv_main.obj
 0001:00021e94       ?SV_PostprocessFrame@@YAXXZ 00422e94 f   sv_main.obj
 0001:00022351       ?SV_MulticastHook@@YAPAVsizebuf_t@@PAV1@0@Z 00423351 f   sv_main.obj
 0001:00022741       ?SV_TraceHook@@YA?AUtrace_t@@ABUCVec3@@PBU2@10PAUedict_s@@H@Z 00423741 f   sv_main.obj
 0001:000228df       ?SV_Frame@@YAXM@Z          004238df f   sv_main.obj
 0001:00022b98       ?SV_UserinfoChanged@@YAXPAUclient_t@@@Z 00423b98 f   sv_main.obj
 0001:00022c59       ?SV_InitVars@@YAXXZ        00423c59 f   sv_main.obj
 0001:00022c68       ?SV_Init@@YAXXZ            00423c68 f   sv_main.obj
 0001:00022cc1       ?SV_Shutdown@@YAXPBD_N@Z   00423cc1 f   sv_main.obj
 0001:00022ece       ?SV_ClientPrintf@@YAXPAUclient_t@@HPBDZZ 00423ece f   sv_send.obj
 0001:00022f29       ?SV_BroadcastPrintf@@YAXHPBDZZ 00423f29 f   sv_send.obj
 0001:00022fff       ?SV_BroadcastCommand@@YAXPBDZZ 00423fff f   sv_send.obj
 0001:00023057       ?SV_Multicast@@YAXABUCVec3@@W4multicast_t@@_N@Z 00424057 f   sv_send.obj
 0001:0002327d       ?SV_MulticastOld@@YAXABUCVec3@@W4multicast_t@@@Z 0042427d f   sv_send.obj
 0001:00023290       ?SV_MulticastNew@@YAXABUCVec3@@W4multicast_t@@@Z 00424290 f   sv_send.obj
 0001:000232a3       ?SV_StartSound@@YAXPBUCVec3@@PAUedict_s@@HHMMM_N@Z 004242a3 f   sv_send.obj
 0001:00023570       ?SV_StartSoundOld@@YAXPBUCVec3@@PAUedict_s@@HHMMM@Z 00424570 f   sv_send.obj
 0001:000235a0       ?SV_StartSoundNew@@YAXPBUCVec3@@PAUedict_s@@HHMMM@Z 004245a0 f   sv_send.obj
 0001:000235d0       ?SV_SendClientDatagram@@YA_NPAUclient_t@@@Z 004245d0 f   sv_send.obj
 0001:00023692       ?SV_DemoCompleted@@YAXXZ   00424692 f   sv_send.obj
 0001:000236ae       ?SV_RateDrop@@YA_NPAUclient_t@@@Z 004246ae f   sv_send.obj
 0001:000236f8       ?SV_SendClientMessages@@YAXXZ 004246f8 f   sv_send.obj
 0001:00023855       ?SV_DrawText3D@@YAXABUCVec3@@PBDI@Z 00424855 f   sv_text.obj
 0001:0002388c       ?SV_ClearTexts@@YAXXZ      0042488c f   sv_text.obj
 0001:00023894       ?SV_DrawTexts@@YAXXZ       00424894 f   sv_text.obj
 0001:000238e5       ?SV_TokenizeString@@YAXPBD@Z 004248e5 f   sv_tokenize.obj
 0001:000239bc       ?SV_Argc@@YAHXZ            004249bc f   sv_tokenize.obj
 0001:000239c2       ?SV_Argv@@YAPADH@Z         004249c2 f   sv_tokenize.obj
 0001:000239dc       ?SV_Args@@YAPADXZ          004249dc f   sv_tokenize.obj
 0001:00024294       ?SV_Nextserver@@YAXXZ      00425294 f   sv_user.obj
 0001:00024323       ?SV_ClientThink@@YAXPAUclient_t@@PAUusercmd_t@@@Z 00425323 f   sv_user.obj
 0001:00024366       ?SV_ExecuteClientMessage@@YAXPAUclient_t@@@Z 00425366 f   sv_user.obj
 0001:0002462f       ?SV_ClearWorld@@YAXXZ      0042562f f   sv_world.obj
 0001:0002476a       ?SV_UnlinkEdict@@YAXPAUedict_s@@@Z 0042576a f   sv_world.obj
 0001:0002482d       ?SV_LinkEdict@@YAXPAUedict_s@@@Z 0042582d f   sv_world.obj
 0001:00024e18       ?SV_AreaEdicts@@YAHABUCVec3@@0PAPAUedict_s@@HH@Z 00425e18 f   sv_world.obj
 0001:00024fc9       ?SV_PointContents@@YAHABUCVec3@@@Z 00425fc9 f   sv_world.obj
 0001:000250f0       ?SV_Trace@@YAXAAUtrace_t@@ABUCVec3@@1ABUCBox@@PAUedict_s@@H@Z 004260f0 f   sv_world.obj
 0001:0002556f       ?InitByteDirs@@YAXXZ       0042656f f   anorms.obj
 0001:000255ae       ?Cbuf_AddText@@YAXPBD@Z    004265ae f   cmd.obj
 0001:00025610       ?Cbuf_CopyToDefer@@YAXXZ   00426610 f   cmd.obj
 0001:00025658       ?Cbuf_InsertFromDefer@@YAXXZ 00426658 f   cmd.obj
 0001:00025711       ?Cbuf_Execute@@YAXXZ       00426711 f   cmd.obj
 0001:00025817       ?Cmd_Unalias_f@@YAX_NHPAPAD@Z 00426817 f   cmd.obj
 0001:0002588d       ?Cmd_WriteAliases@@YAXPAVCOutputDevice@@@Z 0042688d f   cmd.obj
 0001:000258bd       ?RegisterCommand@@YA_NPBDP6AXXZH@Z 004268bd f   cmd.obj
 0001:0002599e       ?UnregisterCommand@@YA_NPBD@Z 0042699e f   cmd.obj
 0001:00025a2f       ?ExecuteCommand@@YA_NPBD@Z 00426a2f f   cmd.obj
 0001:00025e82       ?ExecuteCommand@@YA_NPBDPBUCSimpleCommand@@H@Z 00426e82 f   cmd.obj
 0001:000262bf       ?CM_LoadMap@@YAPAUcmodel_t@@PBD_NPAI@Z 004272bf f   cmodel.obj
 0001:00026a29       ?SetSignbits@cplane_t@@QAEXXZ 00427a29 f i cmodel.obj
 0001:00026a5d       ?SetType@cplane_t@@QAEXXZ  00427a5d f i cmodel.obj
 0001:00026be0       ?CM_InlineModel@@YAPAUcmodel_t@@PBD@Z 00427be0 f   cmodel.obj
 0001:00026c21       ?CM_NumClusters@@YAHXZ     00427c21 f   cmodel.obj
 0001:00026c27       ?CM_NumInlineModels@@YAHXZ 00427c27 f   cmodel.obj
 0001:00026c2d       ?CM_EntityString@@YAPBDXZ  00427c2d f   cmodel.obj
 0001:00026c33       ?CM_LeafContents@@YAHH@Z   00427c33 f   cmodel.obj
 0001:00026c5a       ?CM_LeafCluster@@YAHH@Z    00427c5a f   cmodel.obj
 0001:00026cd0       ?CM_LeafArea@@YAHH@Z       00427cd0 f   cmodel.obj
 0001:00026e93       ?CM_HeadnodeForBox@@YAHABUCBox@@@Z 00427e93 f   cmodel.obj
 0001:00026f48       ?CM_PointLeafnum@@YAHABUCVec3@@H@Z 00427f48 f   cmodel.obj
 0001:00026feb       ?DistanceTo@cplane_t@@QAEMABUCVec3@@@Z 00427feb f i cmodel.obj
 0001:0002702f       ?CM_PointContents@@YAHABUCVec3@@H@Z 0042802f f   cmodel.obj
 0001:000270a4       ?CM_TransformedPointContents@@YAHABUCVec3@@H00@Z 004280a4 f   cmodel.obj
 0001:00027185       ?CM_TransformedPointContents@@YAHABUCVec3@@H0ABUCAxis@@@Z 00428185 f   cmodel.obj
 0001:00027230       ?CM_BoxLeafnums@@YAHABUCBox@@PAHH1H@Z 00428230 f   cmodel.obj
 0001:00027343       ?BOX_ON_PLANE_SIDE@@YAHABUCBox@@ABUcplane_t@@@Z 00428343 f i cmodel.obj
 0001:000273ad       ?CM_BoxTrace@@YAXAAUtrace_t@@ABUCVec3@@1ABUCBox@@HH@Z 004283ad f   cmodel.obj
 0001:00027d67       ?CM_TransformedBoxTrace@@YAXAAUtrace_t@@ABUCVec3@@1ABUCBox@@HH11@Z 00428d67 f   cmodel.obj
 0001:00027ee4       ?CM_TransformedBoxTrace@@YAXAAUtrace_t@@ABUCVec3@@1ABUCBox@@HH1ABUCAxis@@@Z 00428ee4 f   cmodel.obj
 0001:00027fa1       ?CM_BrushTrace@@YAHABUCVec3@@0PAHH@Z 00428fa1 f   cmodel.obj
 0001:000283b3       ?CM_RefineBrushTrace@@YAHABUCVec3@@0PAHH@Z 004293b3 f   cmodel.obj
 0001:00028459       ?CM_ClusterPVS@@YAPAEH@Z   00429459 f   cmodel.obj
 0001:0002859d       ?CM_ClusterPHS@@YAPAEH@Z   0042959d f   cmodel.obj
 0001:00028700       ?CM_SetAreaPortalState@@YAXH_N@Z 00429700 f   cmodel.obj
 0001:00028725       ?CM_AreasConnected@@YA_NHH@Z 00429725 f   cmodel.obj
 0001:00028769       ?CM_WriteAreaBits@@YAHPAEH@Z 00429769 f   cmodel.obj
 0001:0002880b       ?CM_WritePortalState@@YAXPAU_iobuf@@@Z 0042980b f   cmodel.obj
 0001:00028825       ?CM_ReadPortalState@@YAXPAU_iobuf@@@Z 00429825 f   cmodel.obj
 0001:00028843       ?CM_HeadnodeVisible@@YA_NHPBE@Z 00429843 f   cmodel.obj
 0001:0002891e       ?Com_DPrintf@@YAXPBDZZ     0042991e f   common.obj
 0001:00028997       ?DebugPrintf@@YAXPBDZZ     00429997 f   common.obj
 0001:00028a45       ?IPWildcard@@YA_NPAUnetadr_t@@PBD@Z 00429a45 f   common.obj
 0001:00028b1c       ?Com_ServerState@@YA?AW4server_state_t@@XZ 00429b1c f   common.obj
 0001:00028b22       ?Com_SetServerState@@YAXW4server_state_t@@@Z 00429b22 f   common.obj
 0001:00028b2c       ?crand@@YAMXZ              00429b2c f   common.obj
 0001:00028b4a       ?Info_ValueForKey@@YAPBDPBD0@Z 00429b4a f   common.obj
 0001:00028bc9       ?Info_SetValueForKey@@YAXPADPBD1@Z 00429bc9 f   common.obj
 0001:00028d2c       ?Info_Print@@YAXPBD@Z      00429d2c f   common.obj
 0001:00028db2       ?Com_CheckCmdlineVar@@YA_NPBD@Z 00429db2 f   common.obj
 0001:00028e08       ?Com_Init@@YAXPBD@Z        00429e08 f   common.obj
 0001:000291b4       ?Com_Frame@@YAXM@Z         0042a1b4 f   common.obj
 0001:000295b1       ?Com_BlockSequenceCRCByte@@YAEPAEHH@Z 0042a5b1 f   crc.obj
 0001:00029667       ?Cvar_VariableValue@@YAMPBD@Z 0042a667 f   cvar.obj
 0001:000296d5       ?Cvar_VariableInt@@YAHPBD@Z 0042a6d5 f   cvar.obj
 0001:000296e8       ?Cvar_VariableString@@YAPBDPBD@Z 0042a6e8 f   cvar.obj
 0001:00029700       ?Cvar_Get@@YAPAUcvar_t@@PBD0H@Z 0042a700 f   cvar.obj
 0001:00029a71       ?Cvar_GetVars@@YAXPBUcvarInfo_t@@H@Z 0042aa71 f   cvar.obj
 0001:00029b1b       ?Cvar_FullSet@@YAXPAUcvar_t@@PBDI@Z 0042ab1b f   cvar.obj
 0001:00029b4d       ?Cvar_FullSet@@YAPAUcvar_t@@PBD0I@Z 0042ab4d f   cvar.obj
 0001:00029b8d       ?Cvar_SetValue@@YAPAUcvar_t@@PBDM@Z 0042ab8d f   cvar.obj
 0001:00029d5a       ?Cvar_SetInteger@@YAPAUcvar_t@@PBDH@Z 0042ad5a f   cvar.obj
 0001:00029d7c       ?Cvar_Set@@YAPAUcvar_t@@PBD0@Z 0042ad7c f   cvar.obj
 0001:00029d91       ?Cvar_ForceSet@@YAPAUcvar_t@@PBD0@Z 0042ad91 f   cvar.obj
 0001:00029da6       ?Cvar_Clamp@@YAMPAUcvar_t@@MM@Z 0042ada6 f   cvar.obj
 0001:00029e04       ?Cvar_Command@@YA_NHPAPAD@Z 0042ae04 f   cvar.obj
 0001:00029e9d       ?IsDefault@cvar_t@@QAE_NXZ 0042ae9d f i cvar.obj
 0001:00029eba       ?Cvar_WriteVariables@@YAXPAVCOutputDevice@@HHPBD@Z 0042aeba f   cvar.obj
 0001:00029f40       ?Cvar_Userinfo@@YAPBDXZ    0042af40 f   cvar.obj
 0001:00029f9b       ?Cvar_Serverinfo@@YAPBDXZ  0042af9b f   cvar.obj
 0001:00029fa4       ?Cvar_Cheats@@YAX_N@Z      0042afa4 f   cvar.obj
 0001:0002a818       ?MSG_WriteDeltaEntity@@YAXPAVsizebuf_t@@PBUentityStateEx_t@@PAU2@_N33@Z 0042b818 f   entdelta.obj
 0001:0002add4       ?MSG_WriteRemoveEntity@@YAXPAVsizebuf_t@@H@Z 0042bdd4 f   entdelta.obj
 0001:0002ae14       ?MSG_ReadEntityBits@@YAHPAVsizebuf_t@@PAIPA_N@Z 0042be14 f   entdelta.obj
 0001:0002ae85       ?MSG_ReadDeltaEntity@@YAXPAVsizebuf_t@@PBUentityStateEx_t@@PAU2@I@Z 0042be85 f   entdelta.obj
 0001:0002af08       ?MSG_WriteDeltaUsercmd@@YAXPAVsizebuf_t@@PBUusercmd_t@@PAU2@@Z 0042bf08 f   entdelta.obj
 0001:0002af97       ?MSG_ReadDeltaUsercmd@@YAXPAVsizebuf_t@@PBUusercmd_t@@PAU2@@Z 0042bf97 f   entdelta.obj
 0001:0002b29a       ?MSG_WriteDeltaPlayerstate@@YAXPAVsizebuf_t@@PBUplayer_state_t@@PAU2@@Z 0042c29a f   entdelta.obj
 0001:0002b3a3       ?MSG_ReadDeltaPlayerstate@@YAXPAVsizebuf_t@@PBUplayer_state_t@@PAU2@@Z 0042c3a3 f   entdelta.obj
 0001:0002b45d       ?LoadPCX@@YAXPBDAAPAE1AAH2@Z 0042c45d f   images.obj
 0001:0002b598       ?LoadTGA@@YAXPBDAAPAEAAH2@Z 0042c598 f   images.obj
 0001:0002b772       ?LoadJPG@@YAXPBDAAPAEAAH2@Z 0042c772 f   images.obj
 0001:0002ba02       ?ImageExists@@YAHPBDH@Z    0042ca02 f   images.obj
 0001:0002bb26       ?WriteTGA@@YA_NPBDPAEHH@Z  0042cb26 f   images.obj
 0001:0002bd1a       ?WriteJPG@@YA_NPBDPAEHH_N@Z 0042cd1a f   images.obj
 0001:0002be4b       ?MD4Init@@YAXPAUMD4_CTX@@@Z 0042ce4b f   md4.obj
 0001:0002be73       ?MD4Update@@YAXPAUMD4_CTX@@PAEI@Z 0042ce73 f   md4.obj
 0001:0002bf11       ?MD4Final@@YAXQAEPAUMD4_CTX@@@Z 0042cf11 f   md4.obj
 0001:0002c602       ?Com_BlockChecksum@@YAIPAXH@Z 0042d602 f   md4.obj
 0001:0002c63e       ?LoadQ2BspFile@@YAXXZ      0042d63e f   model.obj
 0001:0002c9f4       ?LoadBspFile@@YAPAUbspfile_t@@PBD_NPAI@Z 0042d9f4 f   model.obj
 0001:0002cbad       ?ProcessEntstring@@YAPADPAD@Z 0042dbad f   model.obj
 0001:0002da5a       ?Init@sizebuf_t@@QAEXPAXH@Z 0042ea5a f   msg.obj
 0001:0002da75       ?Write@sizebuf_t@@QAEXPBXH@Z 0042ea75 f   msg.obj
 0001:0002dae5       ?MSG_WriteByte@@YAXPAVsizebuf_t@@H@Z 0042eae5 f   msg.obj
 0001:0002dae5       ?MSG_WriteChar@@YAXPAVsizebuf_t@@H@Z 0042eae5 f   msg.obj
 0001:0002daf6       ?MSG_WriteShort@@YAXPAVsizebuf_t@@H@Z 0042eaf6 f   msg.obj
 0001:0002db07       ?MSG_WriteFloat@@YAXPAVsizebuf_t@@M@Z 0042eb07 f   msg.obj
 0001:0002db07       ?MSG_WriteLong@@YAXPAVsizebuf_t@@H@Z 0042eb07 f   msg.obj
 0001:0002db18       ?MSG_WriteString@@YAXPAVsizebuf_t@@PBD@Z 0042eb18 f   msg.obj
 0001:0002db42       ?MSG_WritePos@@YAXPAVsizebuf_t@@ABUCVec3@@@Z 0042eb42 f   msg.obj
 0001:0002dba6       ?MSG_WriteAngle@@YAXPAVsizebuf_t@@M@Z 0042eba6 f   msg.obj
 0001:0002dbd1       ?MSG_WriteAngle16@@YAXPAVsizebuf_t@@M@Z 0042ebd1 f   msg.obj
 0001:0002dbfc       ?MSG_WriteDir@@YAXPAVsizebuf_t@@ABUCVec3@@@Z 0042ebfc f   msg.obj
 0001:0002dc64       ?MSG_ReadDir@@YAXPAVsizebuf_t@@AAUCVec3@@@Z 0042ec64 f   msg.obj
 0001:0002dc95       ?MSG_ReadChar@@YAHPAVsizebuf_t@@@Z 0042ec95 f   msg.obj
 0001:0002dcb5       ?MSG_ReadByte@@YAHPAVsizebuf_t@@@Z 0042ecb5 f   msg.obj
 0001:0002dcd5       ?MSG_ReadShort@@YAHPAVsizebuf_t@@@Z 0042ecd5 f   msg.obj
 0001:0002dcf5       ?MSG_ReadLong@@YAHPAVsizebuf_t@@@Z 0042ecf5 f   msg.obj
 0001:0002dd14       ?MSG_ReadString@@YAPADPAVsizebuf_t@@@Z 0042ed14 f   msg.obj
 0001:0002dd47       ?MSG_ReadPos@@YAXPAVsizebuf_t@@AAUCVec3@@@Z 0042ed47 f   msg.obj
 0001:0002dd99       ?MSG_ReadAngle@@YAMPAVsizebuf_t@@@Z 0042ed99 f   msg.obj
 0001:0002ddb3       ?MSG_ReadAngle16@@YAMPAVsizebuf_t@@@Z 0042edb3 f   msg.obj
 0001:0002ddcd       ?MSG_ReadData@@YAXPAVsizebuf_t@@PAXH@Z 0042edcd f   msg.obj
 0001:0002ddf0       ?Netchan_Init@@YAXXZ       0042edf0 f   net_chan.obj
 0001:0002de64       ?Netchan_OutOfBandPrint@@YAXW4netsrc_t@@Unetadr_t@@PBDZZ 0042ee64 f   net_chan.obj
 0001:0002dee9       ?Setup@netchan_t@@QAEXW4netsrc_t@@Unetadr_t@@H@Z 0042eee9 f   net_chan.obj
 0001:0002df3f       ?NeedReliable@netchan_t@@QAE_NXZ 0042ef3f f   net_chan.obj
 0001:0002df64       ?Transmit@netchan_t@@QAEXPAXH@Z 0042ef64 f   net_chan.obj
 0001:0002e0ff       ?Process@netchan_t@@QAE_NPAVsizebuf_t@@@Z 0042f0ff f   net_chan.obj
 0001:0002e22d       ?Pmove@@YAXPAUpmove_t@@@Z  0042f22d f   pmove.obj
 0001:0002ff16       ?NormalizeColor@@YAMABUCVec3@@AAU1@@Z 00430f16 f   q_shared2.obj
 0001:0002ff72       ?NormalizeColor255@@YAMABUCVec3@@AAU1@@Z 00430f72 f   q_shared2.obj
 0001:0002ffd2       ?appRsqrt@@YAMM@Z          00430fd2 f   q_shared2.obj
 0001:0002fffe       ?AngleVectors@@YAXABUCVec3@@PAU1@11@Z 00430ffe f   q_shared2.obj
 0001:0003015f       ?MakeNormalVectors@@YAXABUCVec3@@AAU1@1@Z 0043115f f   q_shared2.obj
 0001:000301ce       ?Vec2Angles@@YAXABUCVec3@@AAU1@@Z 004311ce f   q_shared2.obj
 0001:000302d1       ?Vec2Yaw@@YAMABUCVec3@@@Z  004312d1 f   q_shared2.obj
 0001:00030344       ?VectorLength@@YAMABUCVec3@@@Z 00431344 f   q_shared2.obj
 0001:00030373       ?VectorDistance@@YAMABUCVec3@@0@Z 00431373 f   q_shared2.obj
 0001:000303a4       ?LerpAngle@@YAMMMM@Z       004313a4 f   q_shared2.obj
 0001:000303e7       ?AngleMod@@YAMM@Z          004313e7 f   q_shared2.obj
 0001:00030413       ?AngleSubtract@@YAMMM@Z    00431413 f   q_shared2.obj
 0001:0003044a       ?AnglesSubtract@@YAXABUCVec3@@0AAU1@@Z 0043144a f   q_shared2.obj
 0001:000304a2       ?Normalize@CVec3@@QAEMXZ   004314a2 f   q_shared2.obj
 0001:000304f4       ?VectorNormalize@@YAMABUCVec3@@AAU1@@Z 004314f4 f   q_shared2.obj
 0001:0003054c       ?NormalizeFast@CVec3@@QAEMXZ 0043154c f   q_shared2.obj
 0001:0003059d       ?cross@@YAXABUCVec3@@0AAU1@@Z 0043159d f   q_shared2.obj
 0001:000305d8       ?Clear@CBox@@QAEXXZ        004315d8 f   q_shared2.obj
 0001:000305f6       ?Expand@CBox@@QAEXABUCVec3@@@Z 004315f6 f   q_shared2.obj
 0001:00030625       ?Expand@CBox@@QAEXABU1@@Z  00431625 f   q_shared2.obj
 0001:00030661       ?GetCenter@CBox@@QAEXAAUCVec3@@@Z 00431661 f   q_shared2.obj
 0001:00030681       ?OnPlaneSide@CBox@@QBEHABUcplane_t@@@Z 00431681 f   q_shared2.obj
 0001:000307b0       ?FromAngles@CAxis@@QAEXABUCVec3@@@Z 004317b0 f   q_shared2.obj
 0001:000307ef       ?TransformVector@CAxis@@QBEXABUCVec3@@AAU2@@Z 004317ef f   q_shared2.obj
 0001:00030840       ?UnTransformVector@CAxis@@QBEXABUCVec3@@AAU2@@Z 00431840 f   q_shared2.obj
 0001:000308a4       ?TransformAxis@CAxis@@QBEXABU1@AAU1@@Z 004318a4 f   q_shared2.obj
 0001:000308ea       ?UnTransformAxis@CAxis@@QBEXABU1@AAU1@@Z 004318ea f   q_shared2.obj
 0001:00030930       ?TransformPoint@CCoords@@QBEXABUCVec3@@AAU2@@Z 00431930 f   q_shared2.obj
 0001:0003098e       ?UnTransformPoint@CCoords@@QBEXABUCVec3@@AAU2@@Z 0043198e f   q_shared2.obj
 0001:000309fb       ?UnTransformCoords@CCoords@@QBEXABU1@AAU1@@Z 004319fb f   q_shared2.obj
 0001:00030a25       ?TransformPlane@CCoords@@QBEXABUcplane_t@@AAU2@@Z 00431a25 f   q_shared2.obj
 0001:00030a5d       ?TransformPoint@@YAXABUCVec3@@ABUCAxis@@0AAU1@@Z 00431a5d f   q_shared2.obj
 0001:00030ac0       ?UnTransformPoint@@YAXABUCVec3@@ABUCAxis@@0AAU1@@Z 00431ac0 f   q_shared2.obj
 0001:00030b30       ?COM_Parse@@YAPADAAPBD_N@Z 00431b30 f   q_shared2.obj
 0001:00030c50       ?COM_QuoteString@@YAPBDPBD_N@Z 00431c50 f   q_shared2.obj
 0001:00030cab       _zcalloc                   00431cab f   QuakeFileSystem.obj
 0001:00030ccd       _zcfree                    00431ccd f   QuakeFileSystem.obj
 0001:00030cef       ?FileExists@CQuakeFileSystem@@UAE_NPBD@Z 00431cef f i QuakeFileSystem.obj
 0001:00030d56       ?CheckFilename@CQuakeFileSystem@@AAEXPBD@Z 00431d56 f i QuakeFileSystem.obj
 0001:00030df5       ?OpenFile@CQuakeFileSystem@@UAEPAVCFile@@PBD@Z 00431df5 f i QuakeFileSystem.obj
 0001:00030e58       ?List@CQuakeFileSystem@@UAEPAVCFileList@@PBDIPAV2@@Z 00431e58 f i QuakeFileSystem.obj
 0001:00030ee3       ?FS_Gamedir@@YAPBDXZ       00431ee3 f   QuakeFileSystem.obj
 0001:00030ee9       ?FS_SetGamedir@@YA_NPBD@Z  00431ee9 f   QuakeFileSystem.obj
 0001:00030ef8       ?SetGameDir@CQuakeFileSystem@@QAE_NPBD@Z 00431ef8 f i QuakeFileSystem.obj
 0001:000310c2       ?MountGame@CQuakeFileSystem@@QAEXPBD@Z 004320c2 f i QuakeFileSystem.obj
 0001:00031143       ?FS_LoadGameConfig@@YAXXZ  00432143 f   QuakeFileSystem.obj
 0001:000311d4       ?FS_NextPath@@YAPBDPBD@Z   004321d4 f   QuakeFileSystem.obj
 0001:00031214       ?FS_CreatePath@@YAXPBD@Z   00432214 f   QuakeFileSystem.obj
 0001:00031280       ?FS_CopyFiles@@YAXPBD0@Z   00432280 f   QuakeFileSystem.obj
 0001:0003131f       ?FS_RemoveFiles@@YAXPBD@Z  0043231f f   QuakeFileSystem.obj
 0001:00031330       ?InitFileSystem@@YAXXZ     00432330 f   QuakeFileSystem.obj
 0001:00031432       ?Create@CFileContainerPak@@SAPAVCFileContainer@@PBDPAU_iobuf@@@Z 00432432 f i QuakeFileSystem.obj
 0001:0003159b       ??0CFileContainerArc@@QAE@XZ 0043259b f i QuakeFileSystem.obj
 0001:000315e2       ?GetType@CFileContainerPak@@MAEPBDXZ 004325e2 f i QuakeFileSystem.obj
 0001:000315e8       ?OpenFile@CFileContainerPak@@MAEPAVCFile@@ABVCStringItem@@@Z 004325e8 f i QuakeFileSystem.obj
 0001:0003163b       ?Read@CFilePak@CFileContainerPak@@UAEHPAXH@Z 0043263b f i QuakeFileSystem.obj
 0001:00031674       ?GetSize@CFilePak@CFileContainerPak@@UAEHXZ 00432674 f i QuakeFileSystem.obj
 0001:0003167b       ?Eof@CFilePak@CFileContainerPak@@UAE_NXZ 0043267b f i QuakeFileSystem.obj
 0001:00031688       ??_ECFilePak@CFileContainerPak@@UAEPAXI@Z 00432688 f i QuakeFileSystem.obj
 0001:00031688       ??_GCFilePak@CFileContainerPak@@UAEPAXI@Z 00432688 f i QuakeFileSystem.obj
 0001:000316ba       ??_ECFileContainerPak@@UAEPAXI@Z 004326ba f i QuakeFileSystem.obj
 0001:000316ba       ??_GCFileContainerZip@@UAEPAXI@Z 004326ba f i QuakeFileSystem.obj
 0001:000316ba       ??_ECFileContainerZip@@UAEPAXI@Z 004326ba f i QuakeFileSystem.obj
 0001:000316ba       ??_GCFileContainerArc@@UAEPAXI@Z 004326ba f i QuakeFileSystem.obj
 0001:000316ba       ??_ECFileContainerArc@@UAEPAXI@Z 004326ba f i QuakeFileSystem.obj
 0001:000316ba       ??_GCFileContainerPak@@UAEPAXI@Z 004326ba f i QuakeFileSystem.obj
 0001:000316e6       ?Create@CFileContainerZip@@SAPAVCFileContainer@@PBDPAU_iobuf@@@Z 004326e6 f i QuakeFileSystem.obj
 0001:000319f0       ?GetType@CFileContainerZip@@MAEPBDXZ 004329f0 f i QuakeFileSystem.obj
 0001:000319f6       ?OpenFile@CFileContainerZip@@MAEPAVCFile@@ABVCStringItem@@@Z 004329f6 f i QuakeFileSystem.obj
 0001:00031adf       ?Read@CFilePak@CFileContainerZip@@UAEHPAXH@Z 00432adf f i QuakeFileSystem.obj
 0001:00031c28       ?GetSize@CFilePak@CFileContainerZip@@UAEHXZ 00432c28 f i QuakeFileSystem.obj
 0001:00031c32       ?Eof@CFilePak@CFileContainerZip@@UAE_NXZ 00432c32 f i QuakeFileSystem.obj
 0001:00031c45       ??_GCFilePak@CFileContainerZip@@UAEPAXI@Z 00432c45 f i QuakeFileSystem.obj
 0001:00031c45       ??_ECFilePak@CFileContainerZip@@UAEPAXI@Z 00432c45 f i QuakeFileSystem.obj
 0001:00031c61       ??1CFilePak@CFileContainerZip@@UAE@XZ 00432c61 f i QuakeFileSystem.obj
 0001:00031cd1       ?CDAudio_Play2@@YAXH_N@Z   00432cd1 f   cd_win.obj
 0001:00031eb0       ?CDAudio_Play@@YAXH_N@Z    00432eb0 f   cd_win.obj
 0001:00031ec7       ?CDAudio_Stop@@YAXXZ       00432ec7 f   cd_win.obj
 0001:00031f0c       ?CDAudio_Pause@@YAXXZ      00432f0c f   cd_win.obj
 0001:00031f65       ?CDAudio_Resume@@YAXXZ     00432f65 f   cd_win.obj
 0001:00031fd4       ?CDAudio_Update@@YAXXZ     00432fd4 f   cd_win.obj
 0001:00032008       ?CDAudio_Init@@YAHXZ       00433008 f   cd_win.obj
 0001:0003246a       ?CDAudio_Shutdown@@YAXXZ   0043346a f   cd_win.obj
 0001:0003249d       ?CDAudio_Activate@@YAX_N@Z 0043349d f   cd_win.obj
 0001:000324ae       ?IN_Commands@@YAXXZ        004334ae f   in_win.obj
 0001:000325d6       ?IN_Init@@YAXXZ            004335d6 f   in_win.obj
 0001:00032a15       ?IN_Shutdown@@YAXXZ        00433a15 f   in_win.obj
 0001:00032c64       ?IN_Move@@YAXPAUusercmd_t@@@Z 00433c64 f   in_win.obj
 0001:00033241       ?IN_Activate@@YAX_N@Z      00434241 f   in_win.obj
 0001:0003324b       ?IN_Frame@@YAXXZ           0043424b f   in_win.obj
 0001:000335b3       ?NET_CompareAdr@@YA_NPAUnetadr_t@@0@Z 004345b3 f   net_wins.obj
 0001:000335ef       ?NET_CompareBaseAdr@@YA_NPAUnetadr_t@@0@Z 004345ef f   net_wins.obj
 0001:0003361e       ?NET_AdrToString@@YAPADPAUnetadr_t@@@Z 0043461e f   net_wins.obj
 0001:0003367a       ?NET_StringToAdr@@YA_NPBDPAUnetadr_t@@F@Z 0043467a f   net_wins.obj
 0001:00033786       ?NET_IsLocalAddress@@YA_NPAUnetadr_t@@@Z 00434786 f   net_wins.obj
 0001:00033792       ?NET_GetLoopPacket@@YA_NW4netsrc_t@@PAUnetadr_t@@PAVsizebuf_t@@@Z 00434792 f   net_wins.obj
 0001:0003381b       ?NET_SendLoopPacket@@YAXW4netsrc_t@@HPAXUnetadr_t@@@Z 0043481b f   net_wins.obj
 0001:00033870       ?NET_GetPacket@@YA_NW4netsrc_t@@PAUnetadr_t@@PAVsizebuf_t@@@Z 00434870 f   net_wins.obj
 0001:00033949       ?NET_SendPacket@@YAXW4netsrc_t@@HPAXUnetadr_t@@@Z 00434949 f   net_wins.obj
 0001:00033a1d       ?NET_Config@@YAX_N@Z       00434a1d f   net_wins.obj
 0001:00033bef       ?NET_Init@@YAXXZ           00434bef f   net_wins.obj
 0001:00033c6d       ?Sys_Mkdir@@YAXPBD@Z       00434c6d f   fs_win.obj
 0001:00033c79       ?SNDDMA_Init@@YA_NXZ       00434c79 f   snd_win.obj
 0001:000342b8       ?SNDDMA_GetDMAPos@@YAHXZ   004352b8 f   snd_win.obj
 0001:00034302       ?SNDDMA_BeginPainting@@YAXXZ 00435302 f   snd_win.obj
 0001:0003441a       ?SNDDMA_Submit@@YAXXZ      0043541a f   snd_win.obj
 0001:0003443f       ?SNDDMA_Shutdown@@YAXXZ    0043543f f   snd_win.obj
 0001:00034444       ?S_Activate@@YAX_N@Z       00435444 f   snd_win.obj
 0001:0003448d       ?Write@COutputDeviceWin32Console@@UAEXPBD@Z 0043548d f i sys_win.obj
 0001:00034505       ?EraseInput@COutputDeviceWin32Console@@QAEXXZ 00435505 f i sys_win.obj
 0001:00034574       ?Sys_ConsoleInput@@YAPADXZ 00435574 f   sys_win.obj
 0001:000347fd       ?Sys_ProcessMessages@@YAXXZ 004357fd f   sys_win.obj
 0001:000348b6       ?Sys_UnloadGame@@YAXXZ     004358b6 f   sys_win.obj
 0001:00034931       ?Sys_GetGameAPI@@YAPAXPAX@Z 00435931 f   sys_win.obj
 0001:00034a7d       _WinMain@16                00435a7d f   sys_win.obj
 0001:00034da2       ?Init@COutputDeviceWin32Console@@QAEXXZ 00435da2 f i sys_win.obj
 0001:00034dcc       ?AddMsgHook@@YAXP6A_NIIJ@Z@Z 00435dcc f   vid_dll.obj
 0001:00034e10       ?RemoveMsgHook@@YAXP6A_NIIJ@Z@Z 00435e10 f   vid_dll.obj
 0001:00034e3f       ?Vid_CreateWindow@@YAPAXHH_N@Z 00435e3f f   vid_dll.obj
 0001:0003554f       ?Vid_DestroyWindow@@YAX_N@Z 0043654f f   vid_dll.obj
 0001:0003558b       ?Vid_Restart@@YAXXZ        0043658b f   vid_dll.obj
 0001:00035597       ?Vid_GetModeInfo@@YA_NPAH0H@Z 00436597 f   vid_dll.obj
 0001:000355c7       ?Vid_Tick@@YAXXZ           004365c7 f   vid_dll.obj
 0001:00035777       ?Vid_Init@@YAXXZ           00436777 f   vid_dll.obj
 0001:0003581a       ?Vid_Shutdown@@YAXXZ       0043681a f   vid_dll.obj
 0001:00035839       ?Tesselate@surfacePlanar_t@OpenGLDrv@@UAEXAAUrefEntity_t@2@@Z 00436839 f   gl_backend.obj
 0001:00036215       ?Negate@CVec3@@QAEXXZ      00437215 f i gl_backend.obj
 0001:00037d76       ?Tesselate@surfacePoly_t@OpenGLDrv@@UAEXAAUrefEntity_t@2@@Z 00438d76 f   gl_backend.obj
 0001:00037e7d       ?Tesselate@surfaceMd3_t@OpenGLDrv@@UAEXAAUrefEntity_t@2@@Z 00438e7d f   gl_backend.obj
 0001:00038267       ?DrawTriangles@OpenGLDrv@@YA_NXZ 00439267 f   gl_backend.obj
 0001:0003837c       ?DrawNormals@OpenGLDrv@@YA_NXZ 0043937c f   gl_backend.obj
 0001:00038486       ?Tesselate@surfaceEntity_t@OpenGLDrv@@UAEXAAUrefEntity_t@2@@Z 00439486 f   gl_backend.obj
 0001:0003856a       ?Tesselate@surfaceParticle_t@OpenGLDrv@@UAEXAAUrefEntity_t@2@@Z 0043956a f   gl_backend.obj
 0001:000387ba       ?BK_DrawScene@OpenGLDrv@@YAXXZ 004397ba f   gl_backend.obj
 0001:00038de1       ?BK_DrawPic@OpenGLDrv@@YAXPAVshader_t@1@HHHHMMMMIE@Z 00439de1 f   gl_backend.obj
 0001:00038fc2       ?BK_DrawText@OpenGLDrv@@YAXPBDHHHHHI@Z 00439fc2 f   gl_backend.obj
 0001:000391b7       ?BK_BeginFrame@OpenGLDrv@@YAXXZ 0043a1b7 f   gl_backend.obj
 0001:0003921b       ?BK_EndFrame@OpenGLDrv@@YAXXZ 0043a21b f   gl_backend.obj
 0001:0003925a       ?BK_Init@OpenGLDrv@@YAXXZ  0043a25a f   gl_backend.obj
 0001:00039289       ?BK_Shutdown@OpenGLDrv@@YAXXZ 0043a289 f   gl_backend.obj
 0001:000392a1       ?AllocDynamicMemory@OpenGLDrv@@YAPAXH@Z 0043a2a1 f   gl_buffers.obj
 0001:0003930c       ?ResizeDynamicMemory@OpenGLDrv@@YAXPAXH@Z 0043a30c f   gl_buffers.obj
 0001:0003934e       ?AddSurfaceToPortal@OpenGLDrv@@YAXPAVsurfaceBase_t@1@PAVshader_t@1@HH@Z 0043a34e f   gl_buffers.obj
 0001:000393bf       ?InsertShaderIndex@OpenGLDrv@@YAXH@Z 0043a3bf f   gl_buffers.obj
 0001:000393f8       ?ClearPortal@OpenGLDrv@@YAXXZ 0043a3f8 f   gl_buffers.obj
 0001:00039416       ?SortSurfaces@OpenGLDrv@@YAXPAUviewPortal_t@1@PAPAUsurfaceInfo_t@1@@Z 0043a416 f   gl_buffers.obj
 0001:000395a8       ?ClearBuffers@OpenGLDrv@@YAXXZ 0043a5a8 f   gl_buffers.obj
 0001:000395bf       ?CreateBuffers@OpenGLDrv@@YAXXZ 0043a5bf f   gl_buffers.obj
 0001:000395e5       ?FreeBuffers@OpenGLDrv@@YAXXZ 0043a5e5 f   gl_buffers.obj
 0001:00039609       ?InitEntity@model_t@OpenGLDrv@@UAE_NPAUentity_t@@PAUrefEntity_t@2@@Z 0043a609 f   gl_frontend.obj
 0001:0003960e       ?AddSurfaces@model_t@OpenGLDrv@@UAEXPAUrefEntity_t@2@@Z 0043a60e f   gl_frontend.obj
 0001:0003963c       ?GetLeaf@model_t@OpenGLDrv@@UAEPAUnode_t@2@PAUrefEntity_t@2@@Z 0043a63c f   gl_frontend.obj
 0001:0003964d       ?DrawLabel@model_t@OpenGLDrv@@UAEXPAUrefEntity_t@2@@Z 0043a64d f   gl_frontend.obj
 0001:00039650       ?InitEntity@inlineModel_t@OpenGLDrv@@UAE_NPAUentity_t@@PAUrefEntity_t@2@@Z 0043a650 f   gl_frontend.obj
 0001:000396a2       ?AddSurfaces@inlineModel_t@OpenGLDrv@@UAEXPAUrefEntity_t@2@@Z 0043a6a2 f   gl_frontend.obj
 0001:00039b80       ?GetLeaf@inlineModel_t@OpenGLDrv@@UAEPAUnode_t@2@PAUrefEntity_t@2@@Z 0043ab80 f   gl_frontend.obj
 0001:00039d25       ?DrawLabel@inlineModel_t@OpenGLDrv@@UAEXPAUrefEntity_t@2@@Z 0043ad25 f   gl_frontend.obj
 0001:00039d6b       ?InitEntity@md3Model_t@OpenGLDrv@@UAE_NPAUentity_t@@PAUrefEntity_t@2@@Z 0043ad6b f   gl_frontend.obj
 0001:00039f49       ?AddSurfaces@md3Model_t@OpenGLDrv@@UAEXPAUrefEntity_t@2@@Z 0043af49 f   gl_frontend.obj
 0001:0003a083       ?GetLeaf@md3Model_t@OpenGLDrv@@UAEPAUnode_t@2@PAUrefEntity_t@2@@Z 0043b083 f   gl_frontend.obj
 0001:0003a0bb       ?DrawLabel@md3Model_t@OpenGLDrv@@UAEXPAUrefEntity_t@2@@Z 0043b0bb f   gl_frontend.obj
 0001:0003a121       ?InitEntity@sprModel_t@OpenGLDrv@@UAE_NPAUentity_t@@PAUrefEntity_t@2@@Z 0043b121 f   gl_frontend.obj
 0001:0003a141       ?AddSurfaces@sprModel_t@OpenGLDrv@@UAEXPAUrefEntity_t@2@@Z 0043b141 f   gl_frontend.obj
 0001:0003a2c4       ?GetLeaf@sprModel_t@OpenGLDrv@@UAEPAUnode_t@2@PAUrefEntity_t@2@@Z 0043b2c4 f   gl_frontend.obj
 0001:0003a3a5       ?AddEntity@OpenGLDrv@@YAXPAUentity_t@@@Z 0043b3a5 f   gl_frontend.obj
 0001:0003a534       ?AddDlight@OpenGLDrv@@YAXPAUdlight_t@@@Z 0043b534 f   gl_frontend.obj
 0001:0003a6ec       ?DrawPortal@OpenGLDrv@@YAXXZ 0043b6ec f   gl_frontend.obj
 0001:0003c690       ?GL_TextureMode@OpenGLDrv@@YAXPBD@Z 0043d690 f   gl_image.obj
 0001:0003c738       ?CreateImage@OpenGLDrv@@YAPAVimage_t@1@PBDPAXHHI@Z 0043d738 f   gl_image.obj
 0001:0003d42e       ?LoadDelayedImages@OpenGLDrv@@YAXXZ 0043e42e f   gl_image.obj
 0001:0003d4c1       ?DrawStretchRaw8@OpenGLDrv@@YAXHHHHHHPAEPAI@Z 0043e4c1 f   gl_image.obj
 0001:0003d898       ?SetupGamma@OpenGLDrv@@YAXXZ 0043e898 f   gl_image.obj
 0001:0003d9de       ?PerformScreenshot@OpenGLDrv@@YAXXZ 0043e9de f   gl_image.obj
 0001:0003dc5f       ?InitImages@OpenGLDrv@@YAXXZ 0043ec5f f   gl_image.obj
 0001:0003e414       ?ShutdownImages@OpenGLDrv@@YAXXZ 0043f414 f   gl_image.obj
 0001:0003e47b       ?ShowImages@OpenGLDrv@@YAXXZ 0043f47b f   gl_image.obj
 0001:0003e707       ?FindImage@OpenGLDrv@@YAPAVimage_t@1@PBDI@Z 0043f707 f   gl_image.obj
 0001:0003ea83       ?GL_Lock@OpenGLDrv@@YAXXZ  0043fa83 f   gl_interface.obj
 0001:0003eafb       ?GL_Unlock@OpenGLDrv@@YAXXZ 0043fafb f   gl_interface.obj
 0001:0003ecbd       ?GL_Bind@OpenGLDrv@@YAXPBVimage_t@1@@Z 0043fcbd f   gl_interface.obj
 0001:0003ede7       ?GL_BindForce@OpenGLDrv@@YAXPBVimage_t@1@@Z 0043fde7 f   gl_interface.obj
 0001:0003ee65       ?GL_TexEnv@OpenGLDrv@@YAXI@Z 0043fe65 f   gl_interface.obj
 0001:0003efe4       ?GL_TexMipBias@OpenGLDrv@@YAXM@Z 0043ffe4 f   gl_interface.obj
 0001:0003f03f       ?GL_TexEnvColor@OpenGLDrv@@YAXPBTcolor_t@@@Z 0044003f f   gl_interface.obj
 0001:0003f0ef       ?GL_SelectTexture@OpenGLDrv@@YAXH@Z 004400ef f   gl_interface.obj
 0001:0003f150       ?GL_TexCoordPointer@OpenGLDrv@@YAXPAX@Z 00440150 f   gl_interface.obj
 0001:0003f180       ?GL_SetMultitexture@OpenGLDrv@@YAXH@Z 00440180 f   gl_interface.obj
 0001:0003f266       ?GL_DisableTexCoordArrays@OpenGLDrv@@YAXXZ 00440266 f   gl_interface.obj
 0001:0003f2ba       ?GL_CullFace@OpenGLDrv@@YAXW4gl_cullMode_t@1@@Z 004402ba f   gl_interface.obj
 0001:0003f30b       ?GL_DepthRange@OpenGLDrv@@YAXW4gl_depthMode_t@1@@Z 0044030b f   gl_interface.obj
 0001:0003f33e       ?GL_State@OpenGLDrv@@YAXI@Z 0044033e f   gl_interface.obj
 0001:0003f48e       ?GL_EnableFog@OpenGLDrv@@YAX_N@Z 0044048e f   gl_interface.obj
 0001:0003f586       ?GL_SetDefaultState@OpenGLDrv@@YAXXZ 00440586 f   gl_interface.obj
 0001:0003f6e2       ?GL_Set2DMode@OpenGLDrv@@YAXXZ 004406e2 f   gl_interface.obj
 0001:0003f7dd       ?GL_Set3DMode@OpenGLDrv@@YAXPAUviewPortal_t@1@@Z 004407dd f   gl_interface.obj
 0001:0003f8c5       ?ShowLights@OpenGLDrv@@YAXXZ 004408c5 f   gl_light.obj
 0001:0003fcae       ?LightForEntity@OpenGLDrv@@YAXPAUrefEntity_t@1@@Z 00440cae f   gl_light.obj
 0001:00040f22       ?DiffuseLight@OpenGLDrv@@YAXPATcolor_t@@M@Z 00441f22 f   gl_light.obj
 0001:0004115e       ?InitLightGrid@OpenGLDrv@@YAXXZ 0044215e f   gl_light.obj
 0001:00041204       ?PostLoadLights@OpenGLDrv@@YAXXZ 00442204 f   gl_light.obj
 0001:00041494       ?LM_Init@OpenGLDrv@@YAXXZ  00442494 f   gl_lightmap.obj
 0001:000414aa       ?LM_Flush@OpenGLDrv@@YAXPAUlightmapBlock_t@1@@Z 004424aa f   gl_lightmap.obj
 0001:00041507       ?LM_Done@OpenGLDrv@@YAXXZ  00442507 f   gl_lightmap.obj
 0001:0004152e       ?LM_Save@OpenGLDrv@@YAXPAUlightmapBlock_t@1@@Z 0044252e f   gl_lightmap.obj
 0001:00041546       ?LM_Restore@OpenGLDrv@@YAXPAUlightmapBlock_t@1@@Z 00442546 f   gl_lightmap.obj
 0001:0004155e       ?LM_NewBlock@OpenGLDrv@@YAPAUlightmapBlock_t@1@XZ 0044255e f   gl_lightmap.obj
 0001:000415bd       ?LM_Rewind@OpenGLDrv@@YAXXZ 004425bd f   gl_lightmap.obj
 0001:000415c5       ?LM_NextBlock@OpenGLDrv@@YAPAUlightmapBlock_t@1@XZ 004425c5 f   gl_lightmap.obj
 0001:000415f2       ?LM_CheckMinlight@OpenGLDrv@@YAXPAUdynamicLightmap_t@1@@Z 004425f2 f   gl_lightmap.obj
 0001:00041688       ?LM_AllocBlock@OpenGLDrv@@YA_NPAUlightmapBlock_t@1@PAUdynamicLightmap_t@1@@Z 00442688 f   gl_lightmap.obj
 0001:0004173f       ?LM_PutBlock@OpenGLDrv@@YAXPAUdynamicLightmap_t@1@@Z 0044273f f   gl_lightmap.obj
 0001:00041b6c       ?LM_SortLightStyles@OpenGLDrv@@YAXPAUdynamicLightmap_t@1@@Z 00442b6c f   gl_lightmap.obj
 0001:00041bfd       ?UpdateDynamicLightmap@OpenGLDrv@@YAXPAVsurfacePlanar_t@1@_NI@Z 00442bfd f   gl_lightmap.obj
 0001:000420ff       ?LM_IsMonotone@OpenGLDrv@@YA_NPAUdynamicLightmap_t@1@PATcolor_t@@@Z 004430ff f   gl_lightmap.obj
 0001:00042206       ?Init@OpenGLDrv@@YA_NXZ    00443206 f   gl_main.obj
 0001:0004284b       ?Shutdown@OpenGLDrv@@YAX_N@Z 0044384b f   gl_main.obj
 0001:000428d4       ?GL_EnableRendering@OpenGLDrv@@YAX_N@Z 004438d4 f   gl_main.obj
 0001:000428ef       ?BeginFrame@OpenGLDrv@@YAXN@Z 004438ef f   gl_main.obj
 0001:00042a19       ?EndFrame@OpenGLDrv@@YAXXZ 00443a19 f   gl_main.obj
 0001:00042a31       ?RenderFrame@OpenGLDrv@@YAXPAUrefdef_t@@@Z 00443a31 f   gl_main.obj
 0001:00043262       ?Fill8@OpenGLDrv@@YAXHHHHH@Z 00444262 f   gl_main.obj
 0001:000432a5       ?Fill@OpenGLDrv@@YAXHHHHI@Z 004442a5 f   gl_main.obj
 0001:000432e1       ?TileClear@OpenGLDrv@@YAXHHHHPBD@Z 004442e1 f   gl_main.obj
 0001:00043382       ?DrawStretchPic@OpenGLDrv@@YAXHHHHPBD@Z 00444382 f   gl_main.obj
 0001:000433e2       ?DrawDetailedPic@OpenGLDrv@@YAXHHHHPBD@Z 004443e2 f   gl_main.obj
 0001:00043489       ?DrawPic@OpenGLDrv@@YAXHHPBDHH@Z 00444489 f   gl_main.obj
 0001:0004350e       ?BeginRegistration@OpenGLDrv@@YAXPBD@Z 0044450e f   gl_main.obj
 0001:00043532       ?RegisterPic@OpenGLDrv@@YAPAVCBasicImage@@PBD@Z 00444532 f   gl_main.obj
 0001:00043540       ?RegisterSkin@OpenGLDrv@@YAPAVCBasicImage@@PBD_N@Z 00444540 f   gl_main.obj
 0001:0004355e       ?RegisterModel@OpenGLDrv@@YAPAVCRenderModel@@PBD@Z 0044455e f   gl_main.obj
 0001:00043569       ?SetSky@OpenGLDrv@@YAXPBDMABUCVec3@@@Z 00444569 f   gl_main.obj
 0001:00043607       ?Screenshot@OpenGLDrv@@YAXHPBD@Z 00444607 f   gl_main.obj
 0001:0004362e       ?GetClientLight@OpenGLDrv@@YAMXZ 0044462e f   gl_main.obj
 0001:00043635       ?InitFuncTables@OpenGLDrv@@YAXXZ 00444635 f   gl_math.obj
 0001:000437db       ?BuildRotationAxis@OpenGLDrv@@YAXAAUCAxis@@ABUCVec3@@M@Z 004447db f   gl_math.obj
 0001:000438d2       ?GetBoxRect@OpenGLDrv@@YA_NPBUrefEntity_t@1@ABUCVec3@@QAM2_N@Z 004448d2 f   gl_math.obj
 0001:00043bdc       ?ProjectToScreen@OpenGLDrv@@YA_NABUCVec3@@QAH@Z 00444bdc f   gl_math.obj
 0001:00043d1f       ?SaturateColor3f@OpenGLDrv@@YAXAAUCVec3@@@Z 00444d1f f   gl_math.obj
 0001:00043e0f       ?SaturateColor4b@OpenGLDrv@@YAXPATcolor_t@@@Z 00444e0f f   gl_math.obj
 0001:00043f1d       ?SubdividePlane@OpenGLDrv@@YAHPAPAUCVec3@@HM@Z 00444f1d f   gl_poly.obj
 0001:0004439e       ?FreeSubdividedPlane@OpenGLDrv@@YAXXZ 0044539e f   gl_poly.obj
 0001:000443b6       ?GetSubdivideIndexes@OpenGLDrv@@YAXPAH@Z 004453b6 f   gl_poly.obj
 0001:00044409       ?RemoveCollinearPoints@OpenGLDrv@@YAHPAPAUCVec3@@H@Z 00445409 f   gl_poly.obj
 0001:000444ff       ?GetPolyArea@OpenGLDrv@@YAMPAPAUCVec3@@H@Z 004454ff f   gl_poly.obj
 0001:00044593       ?InitShaders@OpenGLDrv@@YAXXZ 00445593 f   gl_shader.obj
 0001:00044718       ?ShutdownShaders@OpenGLDrv@@YAXXZ 00445718 f   gl_shader.obj
 0001:00044756       ?GetLightmapImage@OpenGLDrv@@YAPAVimage_t@1@H@Z 00445756 f   gl_shader.obj
 0001:0004477e       ?SetShaderLightmap@OpenGLDrv@@YAPAVshader_t@1@PAV21@H@Z 0044577e f   gl_shader.obj
 0001:00044a9d       ??4shader_t@OpenGLDrv@@QAEAAV01@ABV01@@Z 00445a9d f i gl_shader.obj
 0001:00044cd3       ?SetShaderLightstyles@OpenGLDrv@@YAPAVshader_t@1@PAV21@I@Z 00445cd3 f   gl_shader.obj
 0001:00044d6f       ?GetAlphaShader@OpenGLDrv@@YAPAVshader_t@1@PAV21@@Z 00445d6f f   gl_shader.obj
 0001:00045165       ?FindShader@OpenGLDrv@@YAPAVshader_t@1@PBDI@Z 00446165 f   gl_shader.obj
 0001:00046a7f       ?GetShaderByNum@OpenGLDrv@@YAPAVshader_t@1@H@Z 00447a7f f   gl_shader.obj
 0001:00046a9d       ?ResetShaders@OpenGLDrv@@YAXXZ 00447a9d f   gl_shader.obj
 0001:00046c88       ?Reload@shader_t@OpenGLDrv@@UAEXXZ 00447c88 f   gl_shader.obj
 0001:00046cb7       ?ClearSky@OpenGLDrv@@YAXXZ 00447cb7 f   gl_sky.obj
 0001:00046d14       ?AddSkySurface@OpenGLDrv@@YAXPAVsurfacePlanar_t@1@E@Z 00447d14 f   gl_sky.obj
 0001:000472dc       ?DrawSky@OpenGLDrv@@YAXXZ  004482dc f   gl_sky.obj
 0001:00047980       ?DrawChar@OpenGLDrv@@YAXHHHH@Z 00448980 f   gl_text.obj
 0001:000479d1       ?ClearTexts@OpenGLDrv@@YAXXZ 004489d1 f   gl_text.obj
 0001:000479e6       ?FlushTexts@OpenGLDrv@@YAXXZ 004489e6 f   gl_text.obj
 0001:00047a92       ?DrawTextPos@OpenGLDrv@@YAXHHPBDI@Z 00448a92 f   gl_text.obj
 0001:00047abe       ?DrawTextLeft@OpenGLDrv@@YAXPBDI@Z 00448abe f   gl_text.obj
 0001:00047b45       ?DrawTextRight@OpenGLDrv@@YAXPBDI@Z 00448b45 f   gl_text.obj
 0001:00047b8f       ?DrawText3D@OpenGLDrv@@YAXABUCVec3@@PBDI@Z 00448b8f f   gl_text.obj
 0001:00047bbc       ?InitTexts@OpenGLDrv@@YAXXZ 00448bbc f   gl_text.obj
 0001:00047bd6       ?FindModel@OpenGLDrv@@YAPAVmodel_t@1@PBD@Z 00448bd6 f   gl_model.obj
 0001:00047db2       ?FreeModels@OpenGLDrv@@YAXXZ 00448db2 f   gl_model.obj
 0001:00047e24       ?InitModels@OpenGLDrv@@YAXXZ 00448e24 f   gl_model.obj
 0001:00047f1a       ?ShutdownModels@OpenGLDrv@@YAXXZ 00448f1a f   gl_model.obj
 0001:00047f2b       ?LoadWorldMap@OpenGLDrv@@YAXPBD@Z 00448f2b f   gl_bspmodel.obj
 0001:00049a33       ?PointInLeaf@OpenGLDrv@@YAPAUnode_t@1@ABUCVec3@@@Z 0044aa33 f   gl_bspmodel.obj
 0001:00049a7e       ?CALL_CONSTRUCTOR@@YAXPAVinlineModel_t@OpenGLDrv@@@Z 0044aa7e f i gl_bspmodel.obj
 0001:00049a94       ?LerpTag@model_t@OpenGLDrv@@UBE_NHHMPBDAAUCCoords@@@Z 0044aa94 f   gl_trimodel.obj
 0001:00049aa2       ?LerpTag@md3Model_t@OpenGLDrv@@UBE_NHHMPBDAAUCCoords@@@Z 0044aaa2 f   gl_trimodel.obj
 0001:00049bb2       ?LoadMd2@OpenGLDrv@@YAPAVmd3Model_t@1@PBDPAEI@Z 0044abb2 f   gl_trimodel.obj
 0001:0004a6e0       ?ATAN2_FUNC@OpenGLDrv@@YAMMM@Z 0044b6e0 f i gl_trimodel.obj
 0001:0004a896       ?LoadMd3@OpenGLDrv@@YAPAVmd3Model_t@1@PBDPAEI@Z 0044b896 f   gl_trimodel.obj
 0001:0004ad4b       ?LoadSp2@OpenGLDrv@@YAPAVsprModel_t@1@PBDPAEI@Z 0044bd4b f   gl_trimodel.obj
 0001:0004af63       ?LoadSpr@OpenGLDrv@@YAPAVsprModel_t@1@PBDPAEI@Z 0044bf63 f   gl_trimodel.obj
 0001:0004b06c       ?CALL_CONSTRUCTOR@@YAXPAVmd3Model_t@OpenGLDrv@@@Z 0044c06c f i gl_trimodel.obj
 0001:0004b082       ?CALL_CONSTRUCTOR@@YAXPAVsprModel_t@OpenGLDrv@@@Z 0044c082 f i gl_trimodel.obj
 0001:0004c63f       ?QGL_Init@OpenGLDrv@@YA_NPBD@Z 0044d63f f   qgl_win.obj
 0001:0004c721       ?QGL_Shutdown@OpenGLDrv@@YAXXZ 0044d721 f   qgl_win.obj
 0001:0004c768       ?QGL_InitExtensions@OpenGLDrv@@YAXXZ 0044d768 f   qgl_win.obj
 0001:0004cc54       ?QGL_PrintExtensionsString@OpenGLDrv@@YAXPBD00@Z 0044dc54 f   qgl_win.obj
 0001:0004cda1       ?QGL_EnableLogging@OpenGLDrv@@YAX_N@Z 0044dda1 f   qgl_win.obj
 0001:0004ce4f       ?QGL_LogMessage@OpenGLDrv@@YAXPBD@Z 0044de4f f   qgl_win.obj
 0001:0004ce65       ?QGL_SwapBuffers@OpenGLDrv@@YAXXZ 0044de65 f   qgl_win.obj
 0001:0004cee7       ?GLimp_HasGamma@OpenGLDrv@@YA_NXZ 0044dee7 f   gl_win.obj
 0001:0004cefb       ?GLimp_SetGamma@OpenGLDrv@@YAXM@Z 0044defb f   gl_win.obj
 0001:0004d0a1       ?GLimp_SetMode@OpenGLDrv@@YA_NPAI0H_N@Z 0044e0a1 f   gl_win.obj
 0001:0004d475       ?GLimp_Shutdown@OpenGLDrv@@YAX_N@Z 0044e475 f   gl_win.obj
 0001:0004d522       ?AppActivate@OpenGLDrv@@YAX_N@Z 0044e522 f   gl_win.obj
 0001:0004d592       _jpeg_CreateDecompress     0044e592 f   lib:jdapimin.obj
 0001:0004d652       _jpeg_destroy_decompress   0044e652 f   lib:jdapimin.obj
 0001:0004d652       _jpeg_destroy_compress     0044e652 f   lib:jdapimin.obj
 0001:0004d65d       _jpeg_read_header          0044e65d f   lib:jdapimin.obj
 0001:0004d6bf       _jpeg_consume_input        0044e6bf f   lib:jdapimin.obj
 0001:0004d90e       _jpeg_finish_decompress    0044e90e f   lib:jdapimin.obj
 0001:0004d9a5       _jpeg_start_decompress     0044e9a5 f   lib:jdapistd.obj
 0001:0004db12       _jpeg_read_scanlines       0044eb12 f   lib:jdapistd.obj
 0001:0004db96       _jpeg_resync_to_restart    0044eb96 f   lib:jdmarker.obj
 0001:0004dd5b       _jinit_marker_reader       0044ed5b f   lib:jdmarker.obj
 0001:0004f226       _jpeg_CreateCompress       00450226 f   lib:jcapimin.obj
 0001:0004f2da       _jpeg_suppress_tables      004502da f   lib:jcapimin.obj
 0001:0004f324       _jpeg_finish_compress      00450324 f   lib:jcapimin.obj
 0001:0004f40e       _jpeg_start_compress       0045040e f   lib:jcapistd.obj
 0001:0004f47a       _jpeg_write_scanlines      0045047a f   lib:jcapistd.obj
 0001:0004f525       _jpeg_add_quant_table      00450525 f   lib:jcparam.obj
 0001:0004f5d7       _jpeg_quality_scaling      004505d7 f   lib:jcparam.obj
 0001:0004f5fe       _jpeg_set_quality          004505fe f   lib:jcparam.obj
 0001:0004f638       _jpeg_set_defaults         00450638 f   lib:jcparam.obj
 0001:0004f7fe       _jpeg_default_colorspace   004507fe f   lib:jcparam.obj
 0001:0004f84e       _jpeg_set_colorspace       0045084e f   lib:jcparam.obj
 0001:0004fb69       _jpeg_stdio_dest           00450b69 f   lib:jdatadst.obj
 0001:0004fc69       _inflateReset              00450c69 f   lib:inflate.obj
 0001:0004fcb7       _inflateInit2_             00450cb7 f   lib:inflate.obj
 0001:0004fd70       _inflate                   00450d70 f   lib:inflate.obj
 0001:00051045       _inflateEnd                00452045 f   lib:inflate.obj
 0001:000511a3       _crc32                     004521a3 f   lib:crc32.obj
 0001:0005143d       _jinit_input_controller    0045243d f   lib:jdinput.obj
 0001:00051920       _jinit_memory_mgr          00452920 f   lib:jmemmgr.obj
 0001:0005245c       _jpeg_abort                0045345c f   lib:jcomapi.obj
 0001:0005248f       _jpeg_destroy              0045348f f   lib:jcomapi.obj
 0001:000524aa       _jpeg_alloc_quant_table    004534aa f   lib:jcomapi.obj
 0001:000524c6       _jpeg_alloc_huff_table     004534c6 f   lib:jcomapi.obj
 0001:000524e2       _jpeg_calc_output_dimensions 004534e2 f   lib:jdmaster.obj
 0001:000525e2       _jinit_master_decompress   004535e2 f   lib:jdmaster.obj
 0001:00052938       _jdiv_round_up             00453938 f   lib:jutils.obj
 0001:00052948       _jround_up                 00453948 f   lib:jutils.obj
 0001:00052960       _jcopy_sample_rows         00453960 f   lib:jutils.obj
 0001:0005299e       _jcopy_block_row           0045399e f   lib:jutils.obj
 0001:000529b7       _jzero_far                 004539b7 f   lib:jutils.obj
 0001:000529ca       _jinit_marker_writer       004539ca f   lib:jcmarker.obj
 0001:000532a6       _jinit_compress_master     004542a6 f   lib:jcinit.obj
 0001:000532ff       _inflate_fast              004542ff f   lib:inffast.obj
 0001:000536b4       _inflate_table             004546b4 f   lib:inftrees.obj
 0001:00053a68       _adler32                   00454a68 f   lib:adler32.obj
 0001:00053b81       _jinit_c_codec             00454b81 f   lib:jcodec.obj
 0001:00053b9d       _jinit_d_codec             00454b9d f   lib:jcodec.obj
 0001:00053bb9       _jpeg_get_small            00454bb9 f   lib:jmemnobs.obj
 0001:00053bb9       _jpeg_get_large            00454bb9 f   lib:jmemnobs.obj
 0001:00053bc5       _jpeg_free_large           00454bc5 f   lib:jmemnobs.obj
 0001:00053bc5       _jpeg_free_small           00454bc5 f   lib:jmemnobs.obj
 0001:00053bd1       _jpeg_mem_available        00454bd1 f   lib:jmemnobs.obj
 0001:00053bd6       _jpeg_open_backing_store   00454bd6 f   lib:jmemnobs.obj
[...]
 0001:0005e565       _start_iMCU_row            0045f565 f   lib:jddiffct.obj
 0001:0005e5aa       _start_output_pass         0045f5aa f   lib:jddiffct.obj
 0001:0005e5b6       _decompress_data           0045f5b6 f   lib:jddiffct.obj
 0001:0005e726       _process_restart           0045f726 f   lib:jddiffct.obj
 0001:0005c746       _dummy_consume_data        0045d746 f   lib:jdcoefct.obj
 0001:0005e75b       _consume_data              0045f75b f   lib:jddiffct.obj
 0001:0005e7d2       _output_data               0045f7d2 f   lib:jddiffct.obj
 0001:0005e259       _start_pass                0045f259 f   lib:jddctmgr.obj
 0001:0005d6ab       _start_pass_phuff_decoder  0045e6ab f   lib:jdphuff.obj
 0001:0005d8f4       _decode_mcu_DC_first       0045e8f4 f   lib:jdphuff.obj
 0001:0005daec       _process_restart           0045eaec f   lib:jdphuff.obj
 0001:0005db5b       _decode_mcu_AC_first       0045eb5b f   lib:jdphuff.obj
 0001:0005dd7b       _decode_mcu_DC_refine      0045ed7b f   lib:jdphuff.obj
 0001:0005de50       _decode_mcu_AC_refine      0045ee50 f   lib:jdphuff.obj
 0001:0005d0f2       _start_pass_huff_decoder   0045e0f2 f   lib:jdshuff.obj
 0001:0005d22a       _decode_mcu                0045e22a f   lib:jdshuff.obj
 0001:0005d5da       _process_restart           0045e5da f   lib:jdshuff.obj
 0001:0005c4d8       _start_input_pass          0045d4d8 f   lib:jdcoefct.obj
 0001:0005c4eb       _start_iMCU_row            0045d4eb f   lib:jdcoefct.obj
 0001:0005c530       _start_output_pass         0045d530 f   lib:jdcoefct.obj
 0001:0005c56d       _decompress_onepass        0045d56d f   lib:jdcoefct.obj
 0001:0005c746       _dummy_consume_data        0045d746 f   lib:jdcoefct.obj
 0001:0005c749       _consume_data              0045d749 f   lib:jdcoefct.obj
 0001:0005c902       _decompress_data           0045d902 f   lib:jdcoefct.obj
 0001:0005ca6e       _smoothing_ok              0045da6e f   lib:jdcoefct.obj
 0001:0005cb59       _decompress_smooth_data    0045db59 f   lib:jdcoefct.obj
 0001:0005c371       _scaler_start_pass         0045d371 f   lib:jcscale.obj
 0001:0005c394       _simple_downscale          0045d394 f   lib:jcscale.obj
 0001:0005c3c0       _noscale                   0045d3c0 f   lib:jcscale.obj
 0001:0005be69       _start_pass                0045ce69 f   lib:jcpred.obj
 0001:0005bec1       _reset_predictor           0045cec1 f   lib:jcpred.obj
 0001:0005beee       _jpeg_difference_first_row 0045ceee f   lib:jcpred.obj
 0001:0005bfd8       _jpeg_difference1          0045cfd8 f   lib:jcpred.obj
 0001:0005c046       _jpeg_difference2          0045d046 f   lib:jcpred.obj
 0001:0005c0b7       _jpeg_difference3          0045d0b7 f   lib:jcpred.obj
 0001:0005c12f       _jpeg_difference4          0045d12f f   lib:jcpred.obj
 0001:0005c1ba       _jpeg_difference5          0045d1ba f   lib:jcpred.obj
 0001:0005c24d       _jpeg_difference6          0045d24d f   lib:jcpred.obj
 0001:0005c2dc       _jpeg_difference7          0045d2dc f   lib:jcpred.obj
 0001:0005b75b       _start_pass_huff           0045c75b f   lib:jclhuff.obj
 0001:0005b8f8       _encode_mcus_huff          0045c8f8 f   lib:jclhuff.obj
 0001:0005bae3       _emit_bits                 0045cae3 f   lib:jclhuff.obj
 0001:0005bb86       _dump_buffer               0045cb86 f   lib:jclhuff.obj
 0001:0005bbaa       _emit_restart              0045cbaa f   lib:jclhuff.obj
 0001:0005bbf5       _flush_bits                0045cbf5 f   lib:jclhuff.obj
 0001:0005bc19       _finish_pass_huff          0045cc19 f   lib:jclhuff.obj
 0001:0005bc86       _encode_mcus_gather        0045cc86 f   lib:jclhuff.obj
 0001:0005bdaf       _finish_pass_gather        0045cdaf f   lib:jclhuff.obj
 0001:0005a43e       _need_optimization_pass    0045b43e f   lib:jcshuff.obj
 0001:0005b339       _start_pass_diff           0045c339 f   lib:jcdiffct.obj
 0001:0005b3d7       _start_iMCU_row            0045c3d7 f   lib:jcdiffct.obj
 0001:0005b419       _compress_data             0045c419 f   lib:jcdiffct.obj
 0001:0005b5af       _compress_first_pass       0045c5af f   lib:jcdiffct.obj
 0001:0005b6a4       _compress_output           0045c6a4 f   lib:jcdiffct.obj
 0001:0005af4c       _start_pass_fdctmgr        0045bf4c f   lib:jcdctmgr.obj
 0001:0005b04e       _forward_DCT_float         0045c04e f   lib:jcdctmgr.obj
 0001:0005a481       _start_pass_phuff          0045b481 f   lib:jcphuff.obj
 0001:0005a5ee       _encode_mcu_DC_first       0045b5ee f   lib:jcphuff.obj
 0001:0005a720       _emit_bits                 0045b720 f   lib:jcphuff.obj
 0001:0005a7cb       _dump_buffer               0045b7cb f   lib:jcphuff.obj
 0001:0005a803       _emit_symbol               0045b803 f   lib:jcphuff.obj
 0001:0005a843       _emit_restart              0045b843 f   lib:jcphuff.obj
 0001:0005a8cc       _emit_eobrun               0045b8cc f   lib:jcphuff.obj
 0001:0005a952       _encode_mcu_AC_first       0045b952 f   lib:jcphuff.obj
 0001:0005aae6       _encode_mcu_DC_refine      0045bae6 f   lib:jcphuff.obj
 0001:0005aba0       _encode_mcu_AC_refine      0045bba0 f   lib:jcphuff.obj
 0001:0005adb7       _finish_pass_phuff         0045bdb7 f   lib:jcphuff.obj
 0001:0005ae06       _finish_pass_gather_phuff  0045be06 f   lib:jcphuff.obj
 0001:0005aec9       _need_optimization_pass    0045bec9 f   lib:jcphuff.obj
 0001:00059c19       _start_pass_huff           0045ac19 f   lib:jcshuff.obj
 0001:00059d8e       _encode_mcu_huff           0045ad8e f   lib:jcshuff.obj
 0001:00059e99       _encode_one_block          0045ae99 f   lib:jcshuff.obj
 0001:0005a010       _emit_bits                 0045b010 f   lib:jcshuff.obj
 0001:0005a0b3       _dump_buffer               0045b0b3 f   lib:jcshuff.obj
 0001:0005a0d7       _emit_restart              0045b0d7 f   lib:jcshuff.obj
 0001:0005a144       _flush_bits                0045b144 f   lib:jcshuff.obj
 0001:0005a168       _finish_pass_huff          0045b168 f   lib:jcshuff.obj
 0001:0005a1d7       _encode_mcu_gather         0045b1d7 f   lib:jcshuff.obj
 0001:0005a28d       _htest_one_block           0045b28d f   lib:jcshuff.obj
 0001:0005a354       _finish_pass_gather        0045b354 f   lib:jcshuff.obj
 0001:0005a43e       _need_optimization_pass    0045b43e f   lib:jcshuff.obj
 0001:000595ec       _start_pass_coef           0045a5ec f   lib:jccoefct.obj
 0001:0005b3d7       _start_iMCU_row            0045c3d7 f   lib:jcdiffct.obj
 0001:00059681       _compress_data             0045a681 f   lib:jccoefct.obj
 0001:00059868       _compress_first_pass       0045a868 f   lib:jccoefct.obj
 0001:00059a4e       _compress_output           0045aa4e f   lib:jccoefct.obj
 0001:00059504       _calc_output_dimensions    0045a504 f   lib:jdlossls.obj
 0001:00059515       _start_input_pass          0045a515 f   lib:jdlossls.obj
 0001:00059243       _calc_output_dimensions    0045a243 f   lib:jdlossy.obj
 0001:000593b6       _start_input_pass          0045a3b6 f   lib:jdlossy.obj
 0001:000593d6       _latch_quant_tables        0045a3d6 f   lib:jdlossy.obj
 0001:0005946e       _start_output_pass         0045a46e f   lib:jdlossy.obj
 0001:00059192       _start_pass                0045a192 f   lib:jclossls.obj
 0001:000590fe       _start_pass                0045a0fe f   lib:jclossy.obj
 0001:00058653       _initial_setup             00459653 f   lib:jcmaster.obj
 0001:00058806       _validate_script           00459806 f   lib:jcmaster.obj
 0001:00058bde       _prepare_for_pass          00459bde f   lib:jcmaster.obj
 0001:00058d56       _select_scan_parameters    00459d56 f   lib:jcmaster.obj
 0001:00058e57       _per_scan_setup            00459e57 f   lib:jcmaster.obj
 0001:00059002       _pass_startup              0045a002 f   lib:jcmaster.obj
 0001:00059029       _finish_pass_master        0045a029 f   lib:jcmaster.obj
 0001:0005813f       _rgb_ycc_start             0045913f f   lib:jccolor.obj
 0001:00058203       _rgb_ycc_convert           00459203 f   lib:jccolor.obj
 0001:00058302       _rgb_gray_convert          00459302 f   lib:jccolor.obj
 0001:00058387       _cmyk_ycck_convert         00459387 f   lib:jccolor.obj
 0001:000584bf       _grayscale_convert         004594bf f   lib:jccolor.obj
 0001:00058519       _null_convert              00459519 f   lib:jccolor.obj
 0001:00031cd0       _null_method               00432cd0 f   QuakeFileSystem.obj
 0001:00031cd0       _start_pass_downsample     00432cd0 f   QuakeFileSystem.obj
 0001:0005788b       _sep_downsample            0045888b f   lib:jcsample.obj
 0001:00057900       _int_downsample            00458900 f   lib:jcsample.obj
 0001:000579f8       _expand_right_edge         004589f8 f   lib:jcsample.obj
 0001:00057a4d       _fullsize_downsample       00458a4d f   lib:jcsample.obj
 0001:00057a91       _h2v1_downsample           00458a91 f   lib:jcsample.obj
 0001:00057b25       _h2v2_downsample           00458b25 f   lib:jcsample.obj
 0001:00057bd2       _h2v2_smooth_downsample    00458bd2 f   lib:jcsample.obj
 0001:00057e4a       _fullsize_smooth_downsample 00458e4a f   lib:jcsample.obj
 0001:00057287       _start_pass_prep           00458287 f   lib:jcprepct.obj
 0001:000572c5       _pre_process_data          004582c5 f   lib:jcprepct.obj
 0001:00057473       _pre_process_context       00458473 f   lib:jcprepct.obj
 0001:0005762c       _create_context_buffer     0045862c f   lib:jcprepct.obj
 0001:000570ff       _start_pass_main           004580ff f   lib:jcmainct.obj
 0001:00057141       _process_data_simple_main  00458141 f   lib:jcmainct.obj
 0001:000566d5       _create_colormap           004576d5 f   lib:jquant1.obj
 0001:00056807       _select_ncolors            00457807 f   lib:jquant1.obj
 0001:000568de       _create_colorindex         004578de f   lib:jquant1.obj
 0001:00056a0a       _alloc_fs_workspace        00457a0a f   lib:jquant1.obj
 0001:00056a46       _start_pass_1_quant        00457a46 f   lib:jquant1.obj
 0001:00056b12       _create_odither_tables     00457b12 f   lib:jquant1.obj
 0001:00056b71       _make_odither_array        00457b71 f   lib:jquant1.obj
 0001:00056bd4       _color_quantize            00457bd4 f   lib:jquant1.obj
 0001:00056c5f       _color_quantize3           00457c5f f   lib:jquant1.obj
 0001:00056ced       _quantize_ord_dither       00457ced f   lib:jquant1.obj
 0001:00056dd8       _quantize3_ord_dither      00457dd8 f   lib:jquant1.obj
 0001:00056ed8       _quantize_fs_dither        00457ed8 f   lib:jquant1.obj
 0001:00031cd0       _finish_pass_1_quant       00432cd0 f   QuakeFileSystem.obj
 0001:0005705c       _new_color_map_1_quant     0045805c f   lib:jquant1.obj
 0001:00055696       _init_error_limit          00456696 f   lib:jquant2.obj
 0001:00055735       _start_pass_2_quant        00456735 f   lib:jquant2.obj
 0001:00055837       _prescan_quantize          00456837 f   lib:jquant2.obj
 0001:000558a6       _pass2_no_dither           004568a6 f   lib:jquant2.obj
 0001:00055953       _fill_inverse_cmap         00456953 f   lib:jquant2.obj
 0001:00055a1e       _find_nearby_colors        00456a1e f   lib:jquant2.obj
 0001:00055bc2       _find_best_colors          00456bc2 f   lib:jquant2.obj
 0001:00055cdc       _pass2_fs_dither           00456cdc f   lib:jquant2.obj
 0001:00055f4b       _finish_pass1              00456f4b f   lib:jquant2.obj
 0001:00055f6d       _select_colors             00456f6d f   lib:jquant2.obj
 0001:00055ff9       _update_box                00456ff9 f   lib:jquant2.obj
 0001:00056393       _median_cut                00457393 f   lib:jquant2.obj
 0001:000564a7       _find_biggest_color_pop    004574a7 f   lib:jquant2.obj
 0001:000564d6       _find_biggest_volume       004574d6 f   lib:jquant2.obj
 0001:000564ff       _compute_color             004574ff f   lib:jquant2.obj
 0001:00031cd0       _finish_pass2              00432cd0 f   QuakeFileSystem.obj
 0001:0005663b       _new_color_map_2_quant     0045763b f   lib:jquant2.obj
 0001:000550ad       _build_ycc_rgb_table       004560ad f   lib:jdmerge.obj
 0001:0005515d       _start_pass_merged_upsample 0045615d f   lib:jdmerge.obj
 0001:00055172       _merged_2v_upsample        00456172 f   lib:jdmerge.obj
 0001:00055219       _merged_1v_upsample        00456219 f   lib:jdmerge.obj
 0001:0005524a       _h2v1_merged_upsample      0045624a f   lib:jdmerge.obj
 0001:000553a0       _h2v2_merged_upsample      004563a0 f   lib:jdmerge.obj
 0001:00054c51       _build_ycc_rgb_table       00455c51 f   lib:jdcolor.obj
 0001:00054d01       _ycc_rgb_convert           00455d01 f   lib:jdcolor.obj
 0001:00054e0f       _null_convert              00455e0f f   lib:jdcolor.obj
 0001:00054e87       _grayscale_convert         00455e87 f   lib:jdcolor.obj
 0001:00054eaa       _gray_rgb_convert          00455eaa f   lib:jdcolor.obj
 0001:00054f03       _ycck_cmyk_convert         00455f03 f   lib:jdcolor.obj
 0001:00031cd0       _start_pass_dcolor         00432cd0 f   QuakeFileSystem.obj
 0001:000546b2       _start_pass_upsample       004556b2 f   lib:jdsample.obj
 0001:000546cc       _sep_upsample              004556cc f   lib:jdsample.obj
 0001:00054799       _fullsize_upsample         00455799 f   lib:jdsample.obj
 0001:000547a4       _noop_upsample             004557a4 f   lib:jdsample.obj
 0001:000547ac       _int_upsample              004557ac f   lib:jdsample.obj
 0001:00054896       _h2v1_upsample             00455896 f   lib:jdsample.obj
 0001:000548ed       _h2v2_upsample             004558ed f   lib:jdsample.obj
 0001:0005495f       _h2v1_fancy_upsample       0045595f f   lib:jdsample.obj
 0001:00054a02       _h2v2_fancy_upsample       00455a02 f   lib:jdsample.obj
 0001:000542bb       _start_pass_dpost          004552bb f   lib:jdpostct.obj
 0001:00054361       _post_process_1pass        00455361 f   lib:jdpostct.obj
 0001:000543c6       _post_process_prepass      004553c6 f   lib:jdpostct.obj
 0001:00054457       _post_process_2pass        00455457 f   lib:jdpostct.obj
 0001:00053cc2       _alloc_funny_pointers      00454cc2 f   lib:jdmainct.obj
 0001:00053d6f       _start_pass_main           00454d6f f   lib:jdmainct.obj
 0001:00053dd7       _make_funny_pointers       00454dd7 f   lib:jdmainct.obj
 0001:00053f17       _process_data_simple_main  00454f17 f   lib:jdmainct.obj
 0001:00053f7f       _process_data_context_main 00454f7f f   lib:jdmainct.obj
 0001:00054091       _set_wraparound_pointers   00455091 f   lib:jdmainct.obj
 0001:0005417b       _set_bottom_pointers       0045517b f   lib:jdmainct.obj
 0001:00054215       _process_data_crank_post   00455215 f   lib:jdmainct.obj
 0001:00052a18       _write_marker_header       00453a18 f   lib:jcmarker.obj
 0001:00052a6e       _emit_byte                 00453a6e f   lib:jcmarker.obj
 0001:00052a9f       _write_marker_byte         00453a9f f   lib:jcmarker.obj
 0001:00052aaf       _write_file_header         00453aaf f   lib:jcmarker.obj
 0001:00052afb       _emit_jfif_app0            00453afb f   lib:jcmarker.obj
 0001:00052bce       _emit_adobe_app14          00453bce f   lib:jcmarker.obj
 0001:00052c74       _write_frame_header        00453c74 f   lib:jcmarker.obj
 0001:00052d53       _emit_dqt                  00453d53 f   lib:jcmarker.obj
 0001:00052e42       _emit_sof                  00453e42 f   lib:jcmarker.obj
 0001:00052f1e       _write_scan_header         00453f1e f   lib:jcmarker.obj
 0001:00052fde       _emit_dht                  00453fde f   lib:jcmarker.obj
 0001:000530b7       _emit_dri                  004540b7 f   lib:jcmarker.obj
 0001:00053106       _emit_sos                  00454106 f   lib:jcmarker.obj
 0001:000531f4       _write_file_trailer        004541f4 f   lib:jcmarker.obj
 0001:00053214       _write_tables_only         00454214 f   lib:jcmarker.obj
 0001:0005256d       _use_merged_upsample       0045356d f   lib:jdmaster.obj
 0001:00052613       _master_selection          00453613 f   lib:jdmaster.obj
 0001:00052770       _prepare_range_limit_table 00453770 f   lib:jdmaster.obj
 0001:000527f6       _prepare_for_output_pass   004537f6 f   lib:jdmaster.obj
 0001:00052917       _finish_output_pass        00453917 f   lib:jdmaster.obj
 0001:000519e4       _alloc_small               004529e4 f   lib:jmemmgr.obj
 0001:00051b02       _alloc_large               00452b02 f   lib:jmemmgr.obj
 0001:00051bb3       _alloc_sarray              00452bb3 f   lib:jmemmgr.obj
 0001:00051c4b       _alloc_barray              00452c4b f   lib:jmemmgr.obj
 0001:00051cef       _alloc_darray              00452cef f   lib:jmemmgr.obj
 0001:00051d9a       _request_virt_sarray       00452d9a f   lib:jmemmgr.obj
 0001:00051dfb       _request_virt_barray       00452dfb f   lib:jmemmgr.obj
 0001:00051e5c       _realize_virt_arrays       00452e5c f   lib:jmemmgr.obj
 0001:00051fdf       _access_virt_sarray        00452fdf f   lib:jmemmgr.obj
 0001:000520ff       _do_sarray_io              004530ff f   lib:jmemmgr.obj
 0001:0005218f       _access_virt_barray        0045318f f   lib:jmemmgr.obj
 0001:000522b4       _do_barray_io              004532b4 f   lib:jmemmgr.obj
 0001:00052345       _free_pool                 00453345 f   lib:jmemmgr.obj
 0001:0005242c       _self_destruct             0045342c f   lib:jmemmgr.obj
 0001:0005147e       _start_input_pass          0045247e f   lib:jdinput.obj
 0001:000514ac       _per_scan_setup            004524ac f   lib:jdinput.obj
 0001:00051632       _finish_input_pass         00452632 f   lib:jdinput.obj
 0001:00051643       _consume_markers           00452643 f   lib:jdinput.obj
 0001:000516df       _initial_setup             004526df f   lib:jdinput.obj
 0001:000518e9       _reset_input_controller    004528e9 f   lib:jdinput.obj
 0001:00051083       _make_crc_table            00452083 f   lib:crc32.obj
 0001:000511d0       _crc32_little              004521d0 f   lib:crc32.obj
 0001:00050e7d       _fixedtables               00451e7d f   lib:inflate.obj
 0001:00050f67       _updatewindow              00451f67 f   lib:inflate.obj
 0001:0004fba5       _init_destination          00450ba5 f   lib:jdatadst.obj
 0001:0004fbcb       _empty_output_buffer       00450bcb f   lib:jdatadst.obj
 0001:0004fc0d       _term_destination          00450c0d f   lib:jdatadst.obj
 0001:0004f72c       _std_huff_tables           0045072c f   lib:jcparam.obj
 0001:0004f786       _add_huff_table            00450786 f   lib:jcparam.obj
 0001:0004dc84       _next_marker               0044ec84 f   lib:jdmarker.obj
 0001:0004ddbe       _get_interesting_appn      0044edbe f   lib:jdmarker.obj
 0001:0004dee9       _examine_app0              0044eee9 f   lib:jdmarker.obj
 0001:0004e0f7       _examine_app14             0044f0f7 f   lib:jdmarker.obj
 0001:0004e1b8       _skip_variable             0044f1b8 f   lib:jdmarker.obj
 0001:0004e25b       _read_markers              0044f25b f   lib:jdmarker.obj
 0001:0004e463       _get_soi                   0044f463 f   lib:jdmarker.obj
 0001:0004e50e       _get_sof                   0044f50e f   lib:jdmarker.obj
 0001:0004e817       _get_sos                   0044f817 f   lib:jdmarker.obj
 0001:0004eb05       _get_dht                   0044fb05 f   lib:jdmarker.obj
 0001:0004eda6       _get_dqt                   0044fda6 f   lib:jdmarker.obj
 0001:0004f002       _get_dri                   00450002 f   lib:jdmarker.obj
 0001:0004f0e1       _first_marker              004500e1 f   lib:jdmarker.obj
 0001:0004f17d       _read_restart_marker       0045017d f   lib:jdmarker.obj
 0001:0004f1fb       _reset_marker_reader       004501fb f   lib:jdmarker.obj
 0001:0004da68       _output_pass_setup         0044ea68 f   lib:jdapistd.obj
 0001:0004d75b       _default_decompress_parms  0044e75b f   lib:jdapimin.obj

 417 bytes saved through ICF

