 Quake2

 Timestamp is 4573374e (Sun Dec 03 23:45:02 2006)

 Preferred load address is 00400000

 Start         Length     Name                   Class
 0001:00000000 000676c0H .text                   CODE
 0002:00000000 00000294H .idata$5                DATA
 0002:00000298 000075c4H .rdata                  DATA
 0002:00007860 00000044H .rdata$r                DATA
 0002:000078a8 00000038H .xdata$x                DATA
 0002:000078e0 00000078H .idata$2                DATA
 0002:00007958 00000014H .idata$3                DATA
 0002:0000796c 00000294H .idata$4                DATA
 0002:00007c00 0000086aH .idata$6                DATA
 0002:0000846a 00000000H .edata                  DATA
 0003:00000000 00000004H .CRT$XCA                DATA
 0003:00000004 00000088H .CRT$XCU                DATA
 0003:0000008c 00000004H .CRT$XCZ                DATA
 0003:00000090 00000004H .CRT$XIA                DATA
 0003:00000094 00000004H .CRT$XIZ                DATA
 0003:000000a0 0000e66cH .data                   DATA
 0003:0000e710 0045b7f0H .bss                    DATA
 0004:00000000 00000130H .rsrc$01                DATA
 0004:00000130 00003f20H .rsrc$02                DATA

  Address         Publics by Value              Rva+Base     Lib:Object

 0001:00000000       ??3@YAXPAX@Z               00401000 f i CoreMain.obj
 0001:0000000e       ?appTimestamp@@YAPBDXZ     0040100e f   CoreMain.obj
 0001:00000043       ?appInit@@YAXXZ            00401043 f   CoreMain.obj
 0001:000000c3       ?appExit@@YAXXZ            004010c3 f   CoreMain.obj
 0001:000000cd       ?appMilliseconds@@YAIXZ    004010cd f   CoreWin32.obj
 0001:000000d3       ?appPackage@@YAPBDXZ       004010d3 f   CoreWin32.obj
 0001:0000012b       ?appGetSystemErrorMessage@@YAPBDI@Z 0040112b f   CoreWin32.obj
 0001:0000018f       ?appDisplayError@@YAXXZ    0040118f f   CoreWin32.obj
 0001:000001e0       ?appInitPlatform@@YAXXZ    004011e0 f   CoreWin32.obj
 0001:00000373       ?appShutdownPlatform@@YAXXZ 00401373 f   CoreWin32.obj
 0001:0000037c       ?sprintf@?$TString@$0BAA@@@QAAHPBDZZ 0040137c f i CoreWin32.obj
 0001:00000399       ?appDetectCPU@@YAXXZ       00401399 f   CoreCpuid.obj
 0001:0000064d       ?appLoadDebugSymbols@@YAXXZ 0040164d f   DbgSymbols.obj
 0001:0000080b       ?appSymbolName@@YA_NIPADH@Z 0040180b f   DbgSymbols.obj
 0001:00000901       ?appSymbolName@@YAPBDI@Z   00401901 f   DbgSymbols.obj
 0001:00000939       ?osGetAddressPackage@@YA_NIPADHAAH@Z 00401939 f   DbgSymbolsWin32.obj
 0001:000009cd       ?osGetAddressSymbol@@YA_NIPADHAAH@Z 004019cd f   DbgSymbolsWin32.obj
 0001:00000b74       ?appMalloc@@YAPAXIH@Z      00401b74 f   Memory.obj
 0001:00000c79       ?appFree@@YAXPAX@Z         00401c79 f   Memory.obj
 0001:00000cf8       ?Unlink@FMemHeader@@QAEXXZ 00401cf8 f i Memory.obj
 0001:00000d23       ?Link@CMemoryChain@@AAEXXZ 00401d23 f   Memory.obj
 0001:00000d42       ?Unlink@CMemoryChain@@AAEXXZ 00401d42 f   Memory.obj
 0001:00000d6d       ??2CMemoryChain@@SAPAXIH@Z 00401d6d f   Memory.obj
 0001:00000e36       ??3CMemoryChain@@SAXPAX@Z  00401e36 f   Memory.obj
 0001:00000eb7       ?Alloc@CMemoryChain@@QAEPAXIH@Z 00401eb7 f   Memory.obj
 0001:00000f83       ?GetSize@CMemoryChain@@QAEHXZ 00401f83 f   Memory.obj
 0001:00000f91       ?BuildAllocatorsTable@@YAHPAXH@Z 00401f91 f   Memory.obj
 0001:000010fe       ?appInitMemory@@YAXXZ      004020fe f   Memory.obj
 0001:000014e6       ?Write@COutputDeviceNull@@UAEXPBD@Z 004024e6 f i OutputDevice.obj
 0001:00001500       ??_GCOutputDeviceNull@@UAEPAXI@Z 00402500 f i OutputDevice.obj
 0001:00001500       ??_ECOutputDeviceNull@@UAEPAXI@Z 00402500 f i OutputDevice.obj
 0001:00001500       ??_GCOutputDevice@@UAEPAXI@Z 00402500 f i OutputDevice.obj
 0001:00001500       ??_ECOutputDevice@@UAEPAXI@Z 00402500 f i OutputDevice.obj
 0001:00001543       ?Write@COutputDeviceLog@@UAEXPBD@Z 00402543 f i OutputDevice.obj
 0001:0000158e       ??_GCOutputDeviceLog@@UAEPAXI@Z 0040258e f i OutputDevice.obj
 0001:0000158e       ??_ECOutputDeviceLog@@UAEPAXI@Z 0040258e f i OutputDevice.obj
 0001:000015ae       ?Printf@COutputDevice@@QAAXPBDZZ 004025ae f   OutputDevice.obj
 0001:0000161f       ?Register@COutputDevice@@QAEXXZ 0040261f f   OutputDevice.obj
 0001:0000167b       ?Unregister@COutputDevice@@QAEXXZ 0040267b f   OutputDevice.obj
 0001:000016ce       ?appPrintf@@YAXPBDZZ       004026ce f   OutputDevice.obj
 0001:00001805       ?appWPrintf@@YAXPBDZZ      00402805 f   OutputDevice.obj
 0001:00001868       ??0COutputDeviceMemTail@@QAE@H@Z 00402868 f i ErrorMgr.obj
 0001:00001899       ?Write@COutputDeviceMemTail@@UAEXPBD@Z 00402899 f i ErrorMgr.obj
 0001:000019b5       ??_ECOutputDeviceMemTail@@UAEPAXI@Z 004029b5 f i ErrorMgr.obj
 0001:000019b5       ??_GCOutputDeviceMemTail@@UAEPAXI@Z 004029b5 f i ErrorMgr.obj
 0001:000019d4       ??1COutputDeviceMemTail@@UAE@XZ 004029d4 f i ErrorMgr.obj
 0001:00001a1d       ??0COutputDeviceFile@@QAE@XZ 00402a1d f i ErrorMgr.obj
 0001:00001a32       ?Write@COutputDeviceFile@@UAEXPBD@Z 00402a32 f i ErrorMgr.obj
 0001:00001a89       ?Flush@COutputDeviceFile@@UAEXXZ 00402a89 f i ErrorMgr.obj
 0001:00001a99       ?Close@COutputDeviceFile@@UAEXXZ 00402a99 f i ErrorMgr.obj
 0001:00001ab1       ??_GCOutputDeviceFile@@UAEPAXI@Z 00402ab1 f i ErrorMgr.obj
 0001:00001ab1       ??_ECOutputDeviceFile@@UAEPAXI@Z 00402ab1 f i ErrorMgr.obj
 0001:00001ad0       ??1COutputDeviceFile@@UAE@XZ 00402ad0 f i ErrorMgr.obj
 0001:00001b0f       ?appBeginError@@YAPAVCOutputDevice@@PBD@Z 00402b0f f   ErrorMgr.obj
 0001:00001bda       ?appGetErrorLog@@YAPAVCOutputDevice@@XZ 00402bda f   ErrorMgr.obj
 0001:00001c45       ?Open@COutputDeviceFile@@QAEXPBD_N@Z 00402c45 f i ErrorMgr.obj
 0001:00001c8b       ?appFatalError@@YAXPBDZZ   00402c8b f   ErrorMgr.obj
 0001:00001ce1       ?appNonFatalError@@YAXPBDZZ 00402ce1 f   ErrorMgr.obj
 0001:00001d43       ?appUnwindPrefix@@YAXPBD@Z 00402d43 f   ErrorMgr.obj
 0001:00001df5       ?appUnwindThrow@@YAXPBDZZ  00402df5 f   ErrorMgr.obj
 0001:00001e6b       ?Reset@CErrorHandler@@QAEXXZ 00402e6b f   ErrorMgr.obj
 0001:00001e9c       ?appInitError@@YAXXZ       00402e9c f   ErrorMgr.obj
 0001:00001f91       ?appShutdownError@@YAXXZ   00402f91 f   ErrorMgr.obj
 0001:0000201b       ?GetTail@COutputDeviceMemTail@@QAEPBDH@Z 0040301b f i ErrorMgr.obj
 0001:00002041       ?sprintf@?$TString@$0CAA@@@QAAHPBDZZ 00403041 f i ErrorMgr.obj
 0001:0000205e       ?win32ExceptFilter@@YGJPAU_EXCEPTION_POINTERS@@@Z 0040305e f   ExceptHandlerWin32.obj
 0001:00002201       ?win32ExceptFilter2@@YAIXZ 00403201 f   ExceptHandlerWin32.obj
 0001:0000220a       ?sprintf@?$TString@$0EAA@@@QAAHPBDZZ 0040320a f i ExceptHandlerWin32.obj
 0001:00002227       ?DumpRegs@@YAXPAVCOutputDevice@@PAU_CONTEXT@@@Z 00403227 f   ExceptDumpers.obj
 0001:00002338       ?DumpMem@@YAXPAVCOutputDevice@@PBIPAU_CONTEXT@@@Z 00403338 f   ExceptDumpers.obj
 0001:00002577       ?UnwindEbpFrame@@YAXPAVCOutputDevice@@PBI@Z 00403577 f   ExceptDumpers.obj
 0001:00002608       ?GetLine@CSimpleParser@@QAEPBDXZ 00403608 f   ScriptParser.obj
 0001:0000271f       ?SkipBraces@CSimpleParser@@QAEPBDXZ 0040371f f   ScriptParser.obj
 0001:00002755       ?appStricmp@@YAHPBD0@Z     00403755 f   Strings.obj
 0001:0000278c       ?toLower@@YADD@Z           0040378c f i Strings.obj
 0001:000027a7       ?appStrncpylwr@@YAXPADPBDH@Z 004037a7 f   Strings.obj
 0001:000027df       ?appStrncpyz@@YAXPADPBDH@Z 004037df f   Strings.obj
 0001:0000280c       ?appStrcatn@@YAXPADHPBD@Z  0040380c f   Strings.obj
 0001:00002838       ?appCopyFilename@@YAXPADPBDH@Z 00403838 f   Strings.obj
 0001:00002960       ?appCStrlen@@YAHPBD@Z      00403960 f   Strings.obj
 0001:00002988       ?appUncolorizeString@@YAXPADPBD@Z 00403988 f   Strings.obj
 0001:000029ba       ?va@@YAPBDPBDZZ            004039ba f   Strings.obj
 0001:00002aae       ?appSprintf@@YAHPADHPBDZZ  00403aae f   Strings.obj
 0001:00002b4d       ?appMatchWildcard@@YA_NPBD0_N@Z 00403b4d f   Strings.obj
 0001:00002d92       ?appIsWildcard@@YA_NPBD@Z  00403d92 f   Strings.obj
 0001:00002dbe       ?appStrdup@@YAPADPBD@Z     00403dbe f   Strings.obj
 0001:00002dff       ?appStrdup@@YAPADPBDPAVCMemoryChain@@@Z 00403dff f   Strings.obj
 0001:00002e34       ??0CStringItem@@QAE@XZ     00403e34 f   Strings.obj
 0001:00002e3f       ??2CStringItem@@SAPAXIPBD@Z 00403e3f f   Strings.obj
 0001:00002ed9       ??2CStringItem@@SAPAXIPBDPAVCMemoryChain@@@Z 00403ed9 f   Strings.obj
 0001:00002f4e       ?Find@CStringList@@IAEPAVCStringItem@@PBDPAPAV2@@Z 00403f4e f   Strings.obj
 0001:00002fd9       ?Find@CStringList@@IAEPAVCStringItem@@H@Z 00403fd9 f   Strings.obj
 0001:00003045       ?IndexOf@CStringList@@QAEHPBD@Z 00404045 f   Strings.obj
 0001:000030c7       ?Remove@CStringList@@QAE_NPAVCStringItem@@@Z 004040c7 f   Strings.obj
 0001:0000314b       ?Add@CTextContainer@@QAEPAUCTextRec@@PBD@Z 0040414b f   TextContainer.obj
 0001:000031f7       ?Enumerate@CTextContainer@@QAEXP6AXPBUCTextRec@@@Z@Z 004041f7 f   TextContainer.obj
 0001:00003263       ?SubtractPath@@YAPBDPBD0@Z 00404263 f   FileSystem.obj
 0001:000032fb       ?appMakeDirectoryForFile@@YAXPBD@Z 004042fb f   FileSystem.obj
 0001:00003331       ?appOpenFile@@YAPAVCFile@@PBD@Z 00404331 f   FileSystem.obj
 0001:0000336e       ?Read@CFileOS@@UAEHPAXH@Z  0040436e f i FileSystem.obj
 0001:00003395       ?GetSize@CFileOS@@UAEHXZ   00404395 f i FileSystem.obj
 0001:000033e0       ?Eof@CFileOS@@UAE_NXZ      004043e0 f i FileSystem.obj
 0001:000033f4       ??_ECFileOS@@UAEPAXI@Z     004043f4 f i FileSystem.obj
 0001:000033f4       ??_GCFileOS@@UAEPAXI@Z     004043f4 f i FileSystem.obj
 0001:00003429       ??_GCFile@@UAEPAXI@Z       00404429 f i FileSystem.obj
 0001:00003429       ??_ECFile@@UAEPAXI@Z       00404429 f i FileSystem.obj
 0001:00003449       ?ReadByte@CFile@@QAEEXZ    00404449 f   FileSystem.obj
 0001:00003461       ?ReadInt@CFile@@QAEHXZ     00404461 f   FileSystem.obj
 0001:00003479       ?ReadString@CFile@@QAEXPADH@Z 00404479 f   FileSystem.obj
 0001:000034b6       ?GetType@CFileContainer@@MAEPBDXZ 004044b6 f   FileSystem.obj
 0001:000034bc       ?Mount@CFileSystem@@QAEXAAVCFileContainer@@PBD@Z 004044bc f   FileSystem.obj
 0001:00003512       ?Umount@CFileSystem@@QAEXAAVCFileContainer@@@Z 00404512 f   FileSystem.obj
 0001:0000354c       ?MountDirectory@CFileSystem@@QAEPAVCFileContainer@@PBD0@Z 0040454c f   FileSystem.obj
 0001:00003591       ?GetType@CFileContainerOS@@MAEPBDXZ 00404591 f i FileSystem.obj
 0001:00003597       ?FileExists@CFileContainerOS@@UAE_NPBD@Z 00404597 f i FileSystem.obj
 0001:000035c1       ?OpenFile@CFileContainerOS@@UAEPAVCFile@@PBD@Z 004045c1 f i FileSystem.obj
 0001:000035e1       ?List@CFileContainerOS@@UAEXAAVCFileList@@PBDI@Z 004045e1 f i FileSystem.obj
 0001:0000360a       ??_ECFileContainerOS@@UAEPAXI@Z 0040460a f i FileSystem.obj
 0001:0000360a       ??_GCFileContainerOS@@UAEPAXI@Z 0040460a f i FileSystem.obj
 0001:0000362a       ??_GCFileContainer@@UAEPAXI@Z 0040462a f i FileSystem.obj
 0001:0000362a       ??_ECFileContainer@@UAEPAXI@Z 0040462a f i FileSystem.obj
 0001:0000364a       ?MountArchive@CFileSystem@@QAEPAVCFileContainer@@PBD0@Z 0040464a f   FileSystem.obj
 0001:00003761       ?Mount@CFileSystem@@QAEXPBD0@Z 00404761 f   FileSystem.obj
 0001:00003993       ?Umount@CFileSystem@@QAEXPBD@Z 00404993 f   FileSystem.obj
 0001:00003a2f       ?List@CFileSystem@@UAEPAVCFileList@@PBDIPAV2@@Z 00404a2f f   FileSystem.obj
 0001:00003bea       ?RegisterFormat@CFileSystem@@SAXP6APAVCFileContainer@@PBDPAU_iobuf@@@Z@Z 00404bea f   FileSystem.obj
 0001:00003c2e       ?FileExists@CFileSystem@@UAE_NPBDI@Z 00404c2e f   FileSystem.obj
 0001:00003cad       ?OpenFile@CFileSystem@@UAEPAVCFile@@PBDI@Z 00404cad f   FileSystem.obj
 0001:00003d52       ?LoadFile@CFileSystem@@QAEPAXPBDPAI@Z 00404d52 f   FileSystem.obj
 0001:00003e22       ?cMount@@YAX_NHPAPAD@Z     00404e22 f   FileSystem.obj
 0001:00003f60       ?cUmount@@YAX_NHPAPAD@Z    00404f60 f   FileSystem.obj
 0001:00003f8f       ?appInitFileSystem@@YAXAAVCFileSystem@@@Z 00404f8f f   FileSystem.obj
 0001:00004386       ?appListDirectory@@YAXPBDAAVCFileList@@I@Z 00405386 f   FileSystemWin32.obj
 0001:000045cd       ?appMakeDirectory@@YAXPBD@Z 004055cd f   FileSystemWin32.obj
 0001:00004637       ?appFileType@@YAIPBD@Z     00405637 f   FileSystemWin32.obj
 0001:00004677       ?FindDir@CFileContainerArc@@IAEPAVFDirInfo@1@PBD_N@Z 00405677 f   FileContainerArc.obj
 0001:00004730       ?FindFile@CFileContainerArc@@IAEPAVCStringItem@@PBD@Z 00405730 f   FileContainerArc.obj
 0001:0000479b       ?FileExists@CFileContainerArc@@UAE_NPBD@Z 0040579b f   FileContainerArc.obj
 0001:000047b0       ?OpenFile@CFileContainerArc@@UAEPAVCFile@@PBD@Z 004057b0 f   FileContainerArc.obj
 0001:000047cf       ?List@CFileContainerArc@@UAEXAAVCFileList@@PBDI@Z 004057cf f   FileContainerArc.obj
 0001:0000493c       ??E?$TStringSplitter@$0BAA@$0CP@@@QAEXXZ 0040593c f i FileContainerArc.obj
 0001:000049be       ?GetLength@CVec3@@QAEMXZ   004059be f   Math3D.obj
 0001:000049e9       ?Normalize@CVec3@@QAEMXZ   004059e9 f   Math3D.obj
 0001:00004a3b       ?VectorNormalize@@YAMABUCVec3@@AAU1@@Z 00405a3b f   Math3D.obj
 0001:00004aa5       ?NormalizeFast@CVec3@@QAEMXZ 00405aa5 f   Math3D.obj
 0001:00004af6       ?FindAxisVectors@CVec3@@QBEXAAU1@0@Z 00405af6 f   Math3D.obj
 0001:00004b66       ?cross@@YAXABUCVec3@@0AAU1@@Z 00405b66 f   Math3D.obj
 0001:00004ba2       ?VectorDistance@@YAMABUCVec3@@0@Z 00405ba2 f   Math3D.obj
 0001:00004bd1       ?Setup@CPlane@@QAEXXZ      00405bd1 f   Math3D.obj
 0001:00004c7f       ?Clear@CBox@@QAEXXZ        00405c7f f   Math3D.obj
 0001:00004c9d       ?Expand@CBox@@QAEXABUCVec3@@@Z 00405c9d f   Math3D.obj
 0001:00004ccf       ?Expand@CBox@@QAEXABU1@@Z  00405ccf f   Math3D.obj
 0001:00004d0e       ?GetCenter@CBox@@QBEXAAUCVec3@@@Z 00405d0e f   Math3D.obj
 0001:00004d31       ?Contains@CBox@@QBE_NABUCVec3@@@Z 00405d31 f   Math3D.obj
 0001:00004d65       ?Intersects@CBox@@QBE_NABU1@@Z 00405d65 f   Math3D.obj
 0001:00004da4       ?OnPlaneSide@CBox@@QBEHABUCPlane@@@Z 00405da4 f   Math3D.obj
 0001:00004ed3       ?FromEuler@CAxis@@QAEXABUCVec3@@@Z 00405ed3 f   Math3D.obj
 0001:00004f12       ?TransformVector@CAxis@@QBEXABUCVec3@@AAU2@@Z 00405f12 f   Math3D.obj
 0001:00004f65       ?UnTransformVector@CAxis@@QBEXABUCVec3@@AAU2@@Z 00405f65 f   Math3D.obj
 0001:00004fc9       ?TransformAxis@CAxis@@QBEXABU1@AAU1@@Z 00405fc9 f   Math3D.obj
 0001:0000500f       ?UnTransformAxis@CAxis@@QBEXABU1@AAU1@@Z 0040600f f   Math3D.obj
 0001:00005055       ?TransformPoint@CCoords@@QBEXABUCVec3@@AAU2@@Z 00406055 f   Math3D.obj
 0001:000050b5       ?UnTransformPoint@CCoords@@QBEXABUCVec3@@AAU2@@Z 004060b5 f   Math3D.obj
 0001:00005122       ?UnTransformCoords@CCoords@@QBEXABU1@AAU1@@Z 00406122 f   Math3D.obj
 0001:0000514e       ?TransformPlane@CCoords@@QBEXABUCPlane@@AAU2@@Z 0040614e f   Math3D.obj
 0001:00005188       ?TransformPoint@@YAXABUCVec3@@ABUCAxis@@0AAU1@@Z 00406188 f   Math3D.obj
 0001:000051eb       ?UnTransformPoint@@YAXABUCVec3@@ABUCAxis@@0AAU1@@Z 004061eb f   Math3D.obj
 0001:0000525b       ?Euler2Vecs@@YAXABUCVec3@@PAU1@11@Z 0040625b f   Math3D.obj
 0001:000053bb       ?Vec2Euler@@YAXABUCVec3@@AAU1@@Z 004063bb f   Math3D.obj
 0001:000054be       ?Vec2Yaw@@YAMABUCVec3@@@Z  004064be f   Math3D.obj
 0001:00005531       ?appRsqrt@@YAMM@Z          00406531 f   MathMisc.obj
 0001:0000555d       ?NormalizeColor@@YAMABUCVec3@@AAU1@@Z 0040655d f   MathMisc.obj
 0001:000055bb       ?NormalizeColor255@@YAMABUCVec3@@AAU1@@Z 004065bb f   MathMisc.obj
 0001:0000561d       ?SCR_StopCinematic@@YAXXZ  0040661d f   cl_cin.obj
 0001:000056b1       ?SCR_DrawCinematic@@YA_NXZ 004066b1 f   cl_cin.obj
 0001:00005aa8       ?SCR_PlayCinematic@@YAXPBD@Z 00406aa8 f   cl_cin.obj
 0001:00005dff       ?sprintf@?$TString@$0EA@@@QAAHPBDZZ 00406dff f i cl_cin.obj
 0001:00005e19       ?CL_Download_f@@YAX_NHPAPAD@Z 00406e19 f   cl_download.obj
 0001:000061c6       ?CL_ParseDownload@@YAXXZ   004071c6 f   cl_download.obj
 0001:000069f5       ?CL_Precache_f@@YAXHPAPAD@Z 004079f5 f   cl_download.obj
 0001:00006a50       ?sprintf@?$TString@$0IA@@@QAAHPBDZZ 00407a50 f i cl_download.obj
 0001:00006a6d       ?CL_ParseDelta@@YAXPAUclEntityState_t@@0HI_N@Z 00407a6d f   cl_ents.obj
 0001:00006bed       ?CL_ParseFrame@@YAXXZ      00407bed f   cl_ents.obj
 0001:000072a2       ?CL_AddEntityBox@@YAXPAUclEntityState_t@@I@Z 004082a2 f   cl_ents.obj
 0001:000073a6       ?Lerp@@YAXABUCVec3@@0MAAU1@@Z 004083a6 f i cl_ents.obj
 0001:000073dd       ?OffsetThirdPersonView@@YAXXZ 004083dd f   cl_ents.obj
 0001:000074c5       ?CL_AddEntities@@YAXXZ     004084c5 f   cl_ents.obj
 0001:00008406       ?CL_ClearLightStyles@@YAXXZ 00409406 f   cl_fx.obj
 0001:00008488       ?CL_SetLightstyle@@YAXHPBD@Z 00409488 f   cl_fx.obj
 0001:000084e9       ?CL_AllocDlight@@YAPAUcdlight_t@@HABUCVec3@@@Z 004094e9 f   cl_fx.obj
 0001:00008554       ?CL_AllocParticleTrace@@YAPAUparticleTrace_t@@ABUCVec3@@0MM@Z 00409554 f   cl_fx.obj
 0001:000085e3       ?CL_AllocParticleBeam@@YAPAUbeam_t@@ABUCVec3@@0MM@Z 004095e3 f   cl_fx.obj
 0001:00008658       ?CL_AllocParticle@@YAPAUparticle_t@@XZ 00409658 f   cl_fx.obj
 0001:000086ab       ?CL_MetalSparks@@YAXABUCVec3@@0H@Z 004096ab f   cl_fx.obj
 0001:000087a9       ?CL_AddEffects@@YAXXZ      004097a9 f   cl_fx.obj
 0001:00008e97       ?CL_ClearEffects@@YAXXZ    00409e97 f   cl_fx.obj
 0001:00008f19       ?CL_EntityEvent@@YAXPAUclEntityState_t@@@Z 00409f19 f   cl_fx.obj
 0001:000090d0       ?CL_ParseMuzzleFlash@@YAXXZ 0040a0d0 f   cl_fx.obj
 0001:00009440       ?CL_ParseMuzzleFlash2@@YAXXZ 0040a440 f   cl_fx.obj
 0001:000098b6       ?CL_ParticleEffect@@YAXABUCVec3@@0HH@Z 0040a8b6 f   cl_fx.obj
 0001:00009a9f       ?CL_ParticleEffect2@@YAXABUCVec3@@0HH@Z 0040aa9f f   cl_fx.obj
 0001:00009ac7       ?CL_ParticleEffect3@@YAXABUCVec3@@0HH@Z 0040aac7 f   cl_fx.obj
 0001:00009aef       ?CL_TeleporterParticles@@YAXPAUclEntityState_t@@@Z 0040aaef f   cl_fx.obj
 0001:00009b11       ?CL_LogoutEffect@@YAXABUCVec3@@H@Z 0040ab11 f   cl_fx.obj
 0001:00009b49       ?CL_ItemRespawnParticles@@YAXABUCVec3@@@Z 0040ab49 f   cl_fx.obj
 0001:00009b67       ?CL_ExplosionParticles@@YAXABUCVec3@@@Z 0040ab67 f   cl_fx.obj
 0001:00009b88       ?CL_BFGExplosionParticles@@YAXABUCVec3@@@Z 0040ab88 f   cl_fx.obj
 0001:00009ba9       ?CL_TrackerExplosionParticles@@YAXABUCVec3@@@Z 0040aba9 f   cl_fx.obj
 0001:00009bca       ?CL_BlasterParticles@@YAXABUCVec3@@0I@Z 0040abca f   cl_fx.obj
 0001:00009bf1       ?CL_BlasterTrail@@YAXAAUcentity_t@@@Z 0040abf1 f   cl_fx.obj
 0001:00009cf8       ?CL_BlasterTrail2@@YAXAAUcentity_t@@@Z 0040acf8 f   cl_fx.obj
 0001:00009d0f       ?CL_FlagTrail@@YAXAAUcentity_t@@H@Z 0040ad0f f   cl_fx.obj
 0001:00009d2e       ?CL_RocketTrail@@YAXAAUcentity_t@@@Z 0040ad2e f   cl_fx.obj
 0001:00009d6d       ?CL_BubbleTrail@@YAXABUCVec3@@0@Z 0040ad6d f   cl_fx.obj
 0001:00009e09       ?CL_BubbleTrail2@@YAXABUCVec3@@0@Z 0040ae09 f   cl_fx.obj
 0001:00009e23       ?CL_TagTrail@@YAXAAUcentity_t@@@Z 0040ae23 f   cl_fx.obj
 0001:00009e3a       ?CL_DebugTrail@@YAXABUCVec3@@0@Z 0040ae3a f   cl_fx.obj
 0001:00009e54       ?CL_ForceWall@@YAXABUCVec3@@0H@Z 0040ae54 f   cl_fx.obj
 0001:00009e76       ?CL_BigTeleportParticles@@YAXABUCVec3@@@Z 0040ae76 f   cl_fx.obj
 0001:00009fb1       ?CL_BfgParticles@@YAXABUCVec3@@@Z 0040afb1 f   cl_fx.obj
 0001:0000a12b       ?CL_FlyEffect@@YAXAAUcentity_t@@@Z 0040b12b f   cl_fx.obj
 0001:0000a2b7       ?CL_DiminishingTrail@@YAXAAUcentity_t@@H@Z 0040b2b7 f   cl_fx.obj
 0001:0000a411       ?CL_RailTrail@@YAXABUCVec3@@0@Z 0040b411 f   cl_fx.obj
 0001:0000a583       ?CL_RailTrailExt@@YAXABUCVec3@@0EE@Z 0040b583 f   cl_fx.obj
 0001:0000a6c8       ?CL_IonripperTrail@@YAXAAUcentity_t@@@Z 0040b6c8 f   cl_fx.obj
 0001:0000a822       ?CL_TrapParticles@@YAXABUCVec3@@@Z 0040b822 f   cl_fx.obj
 0001:0000a995       ?CL_TeleportParticles@@YAXABUCVec3@@@Z 0040b995 f   cl_fx.obj
 0001:0000aacb       ?CL_Heatbeam@@YAXABUCVec3@@0@Z 0040bacb f   cl_fx.obj
 0001:0000ad71       ?CL_ParticleSteamEffect@@YAXABUCVec3@@0HHH@Z 0040bd71 f   cl_fx.obj
 0001:0000aea7       ?CL_ParticleSmokeEffect@@YAXABUCVec3@@0@Z 0040bea7 f   cl_fx.obj
 0001:0000afc0       ?CL_TrackerTrail@@YAXAAUcentity_t@@@Z 0040bfc0 f   cl_fx.obj
 0001:0000b13a       ?CL_TrackerShell@@YAXABUCVec3@@@Z 0040c13a f   cl_fx.obj
 0001:0000b1c6       ?CL_MonsterPlasmaShell@@YAXABUCVec3@@@Z 0040c1c6 f   cl_fx.obj
 0001:0000b24f       ?CL_WidowSplash@@YAXABUCVec3@@@Z 0040c24f f   cl_fx.obj
 0001:0000b330       ?CL_InitInput@@YAXXZ       0040c330 f   cl_input.obj
 0001:0000b8de       ?CL_SendCmd@@YAXXZ         0040c8de f   cl_input.obj
 0001:0000befd       ?CL_WriteDemoMessage@@YAXXZ 0040cefd f   cl_main.obj
 0001:0000bf3f       ?Cmd_ForwardToServer@@YAXHPAPAD@Z 0040cf3f f   cl_main.obj
 0001:0000c004       ?CL_ForwardToServer_f@@YAXHPAPAD@Z 0040d004 f   cl_main.obj
 0001:0000c04d       ?CL_Pause@@YAX_N@Z         0040d04d f   cl_main.obj
 0001:0000c092       ?CL_Drop@@YAX_N@Z          0040d092 f   cl_main.obj
 0001:0000c0bd       ?CL_SendConnectPacket@@YAXXZ 0040d0bd f   cl_main.obj
 0001:0000c123       ?CL_Connect_f@@YAX_NHPAPAD@Z 0040d123 f   cl_main.obj
 0001:0000c190       ?CL_Rcon_f@@YAXHPAPAD@Z    0040d190 f   cl_main.obj
 0001:0000c27c       ?CL_Disconnect@@YAXXZ      0040d27c f   cl_main.obj
 0001:0000c427       ?CL_Disconnect_f@@YAXXZ    0040d427 f   cl_main.obj
 0001:0000c431       ?CL_Changing_f@@YAXXZ      0040d431 f   cl_main.obj
 0001:0000c459       ?CL_Reconnect_f@@YAXXZ     0040d459 f   cl_main.obj
 0001:0000c4f5       ?CL_PingServers_f@@YAXXZ   0040d4f5 f   cl_main.obj
 0001:0000c8b1       ?CL_ConnectionlessPacket@@YAXXZ 0040d8b1 f   cl_main.obj
 0001:0000c9ae       ?CL_Userinfo_f@@YAXXZ      0040d9ae f   cl_main.obj
 0001:0000c9c9       ?CL_RegisterSounds@@YAXXZ  0040d9c9 f   cl_main.obj
 0001:0000ca08       ?CL_Snd_Restart_f@@YAXXZ   0040da08 f   cl_main.obj
 0001:0000ca17       ?CL_WriteConfiguration@@YAXPBD@Z 0040da17 f   cl_main.obj
 0001:0000cafe       ?CL_WriteConfig_f@@YAX_NHPAPAD@Z 0040dafe f   cl_main.obj
 0001:0000cb69       ?CL_FixCvarCheats@@YAXXZ   0040db69 f   cl_main.obj
 0001:0000cbba       ?CL_Frame@@YAXMM@Z         0040dbba f   cl_main.obj
 0001:0000d023       ?CL_ClearState@@YAXXZ      0040e023 f   cl_main.obj
 0001:0000d061       ?CL_Init@@YAXXZ            0040e061 f   cl_main.obj
 0001:0000d510       ?CL_Shutdown@@YAXXZ        0040e510 f   cl_main.obj
 0001:0000d56c       ?CL_ParseClientinfo@@YAXH@Z 0040e56c f   cl_parse.obj
 0001:0000d624       ?CL_UpdatePlayerClientInfo@@YAXXZ 0040e624 f   cl_parse.obj
 0001:0000d665       ?CL_ParseServerMessage@@YAXXZ 0040e665 f   cl_parse.obj
 0001:0000de4b       ?FreePlayerModelsInfo@@YAXXZ 0040ee4b f   cl_playermodel.obj
 0001:0000de71       ?ScanPlayerModels@@YA_NXZ  0040ee71 f   cl_playermodel.obj
 0001:0000e26b       ?RunAnimation@@YAXAAUclientInfo_t@@AAUanimState_t@@H@Z 0040f26b f   cl_playermodel.obj
 0001:0000e459       ?CL_LoadClientinfo@@YAXAAUclientInfo_t@@PBD_N@Z 0040f459 f   cl_playermodel.obj
 0001:0000f0ea       ?ParsePlayerEntity@@YAHAAUcentity_t@@AAUclientInfo_t@@PAUclEntityState_t@@ABUentity_t@@PAU4@HH@Z 004100ea f   cl_playermodel.obj
 0001:0000fc59       ?CreateAndInsert@?$TList@VCStringItem@@@@QAEPAVCStringItem@@PBDPAVCMemoryChain@@@Z 00410c59 f i cl_playermodel.obj
 0001:0000fc91       ?CL_CheckPredictionError@@YAXXZ 00410c91 f   cl_pred.obj
 0001:0000fe24       ?CL_EntityTrace@@YAXAAUtrace_t@@ABUCVec3@@1ABUCBox@@H@Z 00410e24 f   cl_pred.obj
 0001:0001017e       ?CL_Trace@@YAXAAUtrace_t@@ABUCVec3@@1ABUCBox@@H@Z 0041117e f   cl_pred.obj
 0001:0001022f       ?CL_PMpointcontents@@YAHABUCVec3@@@Z 0041122f f   cl_pred.obj
 0001:000103c5       ?CL_PredictMovement@@YAXXZ 004113c5 f   cl_pred.obj
 0001:0001078c       ?DrawString@@YAXHHPBD@Z    0041178c f   cl_scrn.obj
 0001:000107d1       ?SCR_DebugGraph@@YAXMH@Z   004117d1 f   cl_scrn.obj
 0001:000107fb       ?SCR_CenterPrint@@YAXPBD@Z 004117fb f   cl_scrn.obj
 0001:00010901       ?Key_Message@@YAXH@Z       00411901 f   cl_scrn.obj
 0001:000109a1       ?SCR_SetLevelshot@@YAXPBD@Z 004119a1 f   cl_scrn.obj
 0001:00010aa1       ?SCR_BeginLoadingPlaque@@YAX_N@Z 00411aa1 f   cl_scrn.obj
 0001:00010b37       ?SCR_EndLoadingPlaque@@YAX_N@Z 00411b37 f   cl_scrn.obj
 0001:00010bbc       ?SCR_LoadingNotify@@YAXPBDM@Z 00411bbc f   cl_scrn.obj
 0001:00010be6       ?SCR_ShowConsole@@YAX_N0@Z 00411be6 f   cl_scrn.obj
 0001:00010cab       ?SCR_ToggleConsole@@YAXXZ  00411cab f   cl_scrn.obj
 0001:00010cd3       ?SCR_TouchPics@@YAXXZ      00411cd3 f   cl_scrn.obj
 0001:00010d29       ?SCR_UpdateScreen@@YAXXZ   00411d29 f   cl_scrn.obj
 0001:000120b8       ?SCR_Init@@YAXXZ           004130b8 f   cl_scrn.obj
 0001:000123e9       ?sprintf@?$TString@$0BA@@@QAAHPBDZZ 004133e9 f i cl_scrn.obj
 0001:00012403       ?CL_RegisterTEntSounds@@YAXXZ 00413403 f   cl_tent.obj
 0001:00012658       ?CL_RegisterTEntModels@@YAXXZ 00413658 f   cl_tent.obj
 0001:000127a9       ?CL_ClearTEnts@@YAXXZ      004137a9 f   cl_tent.obj
 0001:000127da       ?CL_SmokeAndFlash@@YAXABUCVec3@@@Z 004137da f   cl_tent.obj
 0001:00012972       ?CL_ParseTEnt@@YAXXZ       00413972 f   cl_tent.obj
 0001:00013c98       ?CL_AddTEnts@@YAXXZ        00414c98 f   cl_tent.obj
 0001:0001469d       ?V_AddEntity@@YAXPAUentity_t@@@Z 0041569d f   cl_view.obj
 0001:000146db       ?V_AddEntity2@@YAXPAUentity_t@@@Z 004156db f   cl_view.obj
 0001:0001470d       ?AddEntityWithEffects2@@YAXPAUentity_t@@I@Z 0041570d f   cl_view.obj
 0001:000147ae       ?AddEntityWithEffects@@YAXPAUentity_t@@I@Z 004157ae f   cl_view.obj
 0001:000147cf       ?V_AddLight@@YAXABUCVec3@@MMMM@Z 004157cf f   cl_view.obj
 0001:00014814       ?V_TestEntities@@YAXXZ     00415814 f   cl_view.obj
 0001:00014941       ?V_TestLights@@YAXXZ       00415941 f   cl_view.obj
 0001:00014a17       ?V_InitRenderer@@YAXXZ     00415a17 f   cl_view.obj
 0001:00014e38       ?CalcFov@@YAMMMM@Z         00415e38 f   cl_view.obj
 0001:00014ea6       ?V_RenderView@@YA_NXZ      00415ea6 f   cl_view.obj
 0001:00015c36       ?V_Init@@YAXXZ             00416c36 f   cl_view.obj
 0001:00015ce5       ?Con_ClearNotify@@YAXXZ    00416ce5 f   console.obj
 0001:00015cf4       ?Con_CheckResize@@YAXXZ    00416cf4 f   console.obj
 0001:00015e1b       ?Write@COutputDeviceCon@@UAEXPBD@Z 00416e1b f   console.obj
 0001:00016021       ?Con_DrawNotify@@YAX_N@Z   00417021 f   console.obj
 0001:000161f7       ?Con_DrawConsole@@YAXM@Z   004171f7 f   console.obj
 0001:000164ab       ?Con_ClearTyping@@YAXXZ    004174ab f   console.obj
 0001:000164c4       ?Key_Console@@YAXHH@Z      004174c4 f   console.obj
 0001:00016911       ?Con_Init@@YAXXZ           00417911 f   console.obj
 0001:00016a7f       ?Key_KeynumToString@@YAPBDH@Z 00417a7f f   keys.obj
 0001:00016b45       ?Draw@completeMenu_t@@UAEXXZ 00417b45 f i keys.obj
 0001:00016b76       ?KeyDown@completeMenu_t@@UAEPBDH@Z 00417b76 f i keys.obj
 0001:00016ba2       ?Init@completeMenu_t@@UAE_NXZ 00417ba2 f i keys.obj
 0001:00016cc9       ?CompleteMenuCallback@completeMenu_t@@SAXPAX@Z 00417cc9 f i keys.obj
 0001:00016d5a       ?CompleteCommand@@YAXXZ    00417d5a f   keys.obj
 0001:0001746b       ?Key_SetBinding@@YAXHPBD@Z 0041846b f   keys.obj
 0001:000174ab       ?Key_FindBinding@@YAHPBDPAHH@Z 004184ab f   keys.obj
 0001:000174f9       ?Key_WriteBindings@@YAXPAVCOutputDevice@@@Z 004184f9 f   keys.obj
 0001:00017543       ?Key_Init@@YAXXZ           00418543 f   keys.obj
 0001:00017827       ?Key_Event@@YAXH_N@Z       00418827 f   keys.obj
 0001:00017b86       ?Key_ClearStates@@YAXXZ    00418b86 f   keys.obj
 0001:00017bbb       ?M_ForceMenuOn@@YAXXZ      00418bbb f   menu.obj
 0001:00017bda       ?Draw@menuMain_t@@UAEXXZ   00418bda f i menu.obj
 0001:00017d16       ?KeyDown@menuMain_t@@UAEPBDH@Z 00418d16 f i menu.obj
 0001:00017dd7       ?Init@menuMain_t@@UAE_NXZ  00418dd7 f i menu.obj
 0001:00017ddf       ?M_Menu_Main_f@@YAXXZ      00418ddf f   menu.obj
 0001:00017df9       ?Init@multiplayerMenu_t@@UAE_NXZ 00418df9 f i menu.obj
 0001:00017f1d       ?Init@keysMenu_t@@UAE_NXZ  00418f1d f i menu.obj
 0001:0001810b       ?KeyCursorDrawFunc@keysMenu_t@@SAXPAUmenuFramework_t@@@Z 0041910b f i menu.obj
 0001:0001814e       ?DrawKeyBindingFunc@keysMenu_t@@SAXPAX@Z 0041914e f i menu.obj
 0001:00018215       ?KeyDown@keysMenu_t@@UAEPBDH@Z 00419215 f i menu.obj
 0001:000182c2       ?UnbindCommand@keysMenu_t@@QAEXPAD@Z 004192c2 f i menu.obj
 0001:00018307       ?KeyBindingFunc@keysMenu_t@@QAEXPAX@Z 00419307 f i menu.obj
 0001:00018369       ?Init@optionsMenu_t@@UAE_NXZ 00419369 f i menu.obj
 0001:0001871c       ?CrosshairFunc@optionsMenu_t@@SAXPAX@Z 0041971c f i menu.obj
 0001:00018744       ?JoystickFunc@optionsMenu_t@@SAXPAX@Z 00419744 f i menu.obj
 0001:00018759       ?AlwaysRunFunc@optionsMenu_t@@SAXPAX@Z 00419759 f i menu.obj
 0001:0001876e       ?MouseSpeedFunc@optionsMenu_t@@SAXPAX@Z 0041976e f i menu.obj
 0001:0001878b       ?InvertMouseFunc@optionsMenu_t@@SAXPAX@Z 0041978b f i menu.obj
 0001:000187c4       ?UpdateVolumeFunc@optionsMenu_t@@SAXPAX@Z 004197c4 f i menu.obj
 0001:000187e1       ?UpdateCDVolumeFunc@optionsMenu_t@@SAXPAX@Z 004197e1 f i menu.obj
 0001:000187fb       ?SetMenuItemValues@optionsMenu_t@@SAXXZ 004197fb f i menu.obj
 0001:00018943       ?ResetDefaultsFunc@optionsMenu_t@@SAXPAX@Z 00419943 f i menu.obj
 0001:00018958       ?UpdateSoundFunc@optionsMenu_t@@SAXPAX@Z 00419958 f i menu.obj
 0001:00018b5c       ?ScanCrosshairs@optionsMenu_t@@SAXXZ 00419b5c f i menu.obj
 0001:00018bb9       ?Draw@optionsMenu_t@@UAEXXZ 00419bb9 f i menu.obj
 0001:00018c1e       ?Draw@creditsMenu_t@@UAEXXZ 00419c1e f i menu.obj
 0001:00018cc5       ?KeyDown@creditsMenu_t@@UAEPBDH@Z 00419cc5 f i menu.obj
 0001:00018d05       ?Init@creditsMenu_t@@UAE_NXZ 00419d05 f i menu.obj
 0001:00018d86       ?Init@gameMenu_t@@UAE_NXZ  00419d86 f i menu.obj
 0001:00018f11       ?EasyGameFunc@gameMenu_t@@SAXPAX@Z 00419f11 f i menu.obj
 0001:00018f1d       ?StartGame@gameMenu_t@@SAXPBD@Z 00419f1d f i menu.obj
 0001:00018f78       ?MediumGameFunc@gameMenu_t@@SAXPAX@Z 00419f78 f i menu.obj
 0001:00018f84       ?HardGameFunc@gameMenu_t@@SAXPAX@Z 00419f84 f i menu.obj
 0001:00018fa0       ?Init@savegameMenu_t@@UAE_NXZ 00419fa0 f i menu.obj
 0001:000190b0       ?Create_Savestrings@savegameMenu_t@@QAEXXZ 0041a0b0 f i menu.obj
 0001:00019170       ?LoadGameCallback@savegameMenu_t@@SAXPAX@Z 0041a170 f i menu.obj
 0001:0001919d       ?SaveGameCallback@savegameMenu_t@@SAXPAX@Z 0041a19d f i menu.obj
 0001:000191c0       ?Draw@savegameMenu_t@@UAEXXZ 0041a1c0 f i menu.obj
 0001:000191db       ?DrawSavegameShot@savegameMenu_t@@QAEXHH@Z 0041a1db f i menu.obj
 0001:000192b6       ?Init@joinserverMenu_t@@UAE_NXZ 0041a2b6 f i menu.obj
 0001:000193ed       ?JoinServerFunc@joinserverMenu_t@@SAXPAX@Z 0041a3ed f i menu.obj
 0001:00019452       ?SearchLocalGames@joinserverMenu_t@@SAXXZ 0041a452 f i menu.obj
 0001:000194bd       ?M_AddToServerList@@YAXUnetadr_t@@PAD@Z 0041a4bd f   menu.obj
 0001:00019548       ?Init@startserverMenu_t@@UAE_NXZ 0041a548 f i menu.obj
 0001:000199d6       ?DMOptionsFunc@startserverMenu_t@@SAXPAX@Z 0041a9d6 f i menu.obj
 0001:000199e6       ?RulesChangeFunc@startserverMenu_t@@SAXPAX@Z 0041a9e6 f i menu.obj
 0001:00019a5e       ?StartServerActionFunc@startserverMenu_t@@SAXPAX@Z 0041aa5e f i menu.obj
 0001:00019a89       ?StartServerFunc@startserverMenu_t@@SAXPBD@Z 0041aa89 f i menu.obj
 0001:00019c65       ?KeyDown@startserverMenu_t@@UAEPBDH@Z 0041ac65 f i menu.obj
 0001:00019cc4       ?Init@dmoptionsMenu_t@@UAE_NXZ 0041acc4 f i menu.obj
 0001:0001a2a1       ?DMFlagCallback@dmoptionsMenu_t@@SAXPAX@Z 0041b2a1 f i menu.obj
 0001:0001a47f       ?Init@downloadOptionsMenu_t@@UAE_NXZ 0041b47f f i menu.obj
 0001:0001a659       ?DownloadCallback@downloadOptionsMenu_t@@SAXPAX@Z 0041b659 f i menu.obj
 0001:0001a6c7       ?Init@addressBookMenu_t@@UAE_NXZ 0041b6c7 f i menu.obj
 0001:0001a76d       ?KeyDown@addressBookMenu_t@@UAEPBDH@Z 0041b76d f i menu.obj
 0001:0001a7cc       ?Init@playerConfigMenu_t@@UAE_NXZ 0041b7cc f i menu.obj
 0001:0001ad13       ?HandednessCallback@playerConfigMenu_t@@SAXPAX@Z 0041bd13 f i menu.obj
 0001:0001ad28       ?RTypeCallback@playerConfigMenu_t@@SAXPAX@Z 0041bd28 f i menu.obj
 0001:0001ad3d       ?RColorCallback@playerConfigMenu_t@@SAXPAX@Z 0041bd3d f i menu.obj
 0001:0001ad52       ?RateCallback@playerConfigMenu_t@@SAXPAX@Z 0041bd52 f i menu.obj
 0001:0001ad75       ?ModelCallback@playerConfigMenu_t@@SAXPAX@Z 0041bd75 f i menu.obj
 0001:0001ada9       ?SkinCallback@playerConfigMenu_t@@SAXPAX@Z 0041bda9 f i menu.obj
 0001:0001adb1       ?Draw@playerConfigMenu_t@@UAEXXZ 0041bdb1 f i menu.obj
 0001:0001b093       ?KeyDown@playerConfigMenu_t@@UAEPBDH@Z 0041c093 f i menu.obj
 0001:0001b173       ?Init@dmbrowseMenu_t@@UAE_NXZ 0041c173 f i menu.obj
 0001:0001b37c       ?KeyDown@dmbrowseMenu_t@@UAEPBDH@Z 0041c37c f i menu.obj
 0001:0001b554       ?Draw@dmbrowseMenu_t@@UAEXXZ 0041c554 f i menu.obj
 0001:0001b6a1       ?DrawThumbnail@dmbrowseMenu_t@@SAXHHHHPBD_N@Z 0041c6a1 f i menu.obj
 0001:0001b77b       ?Init@videoMenu_t@@UAE_NXZ 0041c77b f i menu.obj
 0001:0001bd54       ?ScreenSizeCallback@videoMenu_t@@SAXPAX@Z 0041cd54 f i menu.obj
 0001:0001bd75       ?BrightnessCallback@videoMenu_t@@SAXPAX@Z 0041cd75 f i menu.obj
 0001:0001bd96       ?ContrastCallback@videoMenu_t@@SAXPAX@Z 0041cd96 f i menu.obj
 0001:0001bdd2       ?CancelChanges@videoMenu_t@@SAXPAX@Z 0041cdd2 f i menu.obj
 0001:0001be1f       ?KeyDown@videoMenu_t@@UAEPBDH@Z 0041ce1f f i menu.obj
 0001:0001be68       ?ApplyChanges@videoMenu_t@@SAXPAX@Z 0041ce68 f i menu.obj
 0001:0001c01f       ?KeyDown@quitMenu_t@@UAEPBDH@Z 0041d01f f i menu.obj
 0001:0001c05c       ?Draw@quitMenu_t@@UAEXXZ   0041d05c f i menu.obj
 0001:0001c0cc       ?M_Init@@YAXXZ             0041d0cc f   menu.obj
 0001:0001c2ae       ?ItemAtCursor@menuFramework_t@@QAEPAUmenuCommon_t@@XZ 0041d2ae f   qmenu.obj
 0001:0001c302       ?AddItem@menuFramework_t@@QAEXPAUmenuCommon_t@@@Z 0041d302 f   qmenu.obj
 0001:0001c3be       ?AdjustCursor@menuFramework_t@@QAEXH@Z 0041d3be f   qmenu.obj
 0001:0001c536       ?Center@menuFramework_t@@QAEXXZ 0041d536 f   qmenu.obj
 0001:0001c577       ?Draw@menuFramework_t@@UAEXXZ 0041d577 f   qmenu.obj
 0001:0001cb30       ?SelectItem@menuFramework_t@@QAE_NXZ 0041db30 f   qmenu.obj
 0001:0001cb95       ?SetStatusBar@menuFramework_t@@QAEXPBD@Z 0041db95 f   qmenu.obj
 0001:0001cba2       ?SlideItem@menuFramework_t@@QAEXH@Z 0041dba2 f   qmenu.obj
 0001:0001d140       ?Push@menuFramework_t@@QAEXXZ 0041e140 f   qmenu.obj
 0001:0001d1bf       ?M_ForceMenuOff@@YAXXZ     0041e1bf f   qmenu.obj
 0001:0001d1ec       ?Pop@menuFramework_t@@QAEXXZ 0041e1ec f   qmenu.obj
 0001:0001d226       ?KeyDown@menuFramework_t@@UAEPBDH@Z 0041e226 f   qmenu.obj
 0001:0001d49e       ?Init@menuFramework_t@@UAE_NXZ 0041e49e f   qmenu.obj
 0001:0001d4a1       ?M_Draw@@YAXXZ             0041e4a1 f   qmenu.obj
 0001:0001d4dc       ?M_Keydown@@YAXH@Z         0041e4dc f   qmenu.obj
 0001:0001d4fe       ?InitRendererVars@@YAXXZ   0041e4fe f   ref_vars.obj
 0001:0001d51d       ?S_SoundInfo_f@@YAXXZ      0041e51d f   snd_dma.obj
 0001:0001d597       ?S_Init@@YAXXZ             0041e597 f   snd_dma.obj
 0001:0001d669       ?S_Shutdown@@YAXXZ         0041e669 f   snd_dma.obj
 0001:0001d6fc       ?S_BeginRegistration@@YAXXZ 0041e6fc f   snd_dma.obj
 0001:0001d70a       ?S_RegisterSound@@YAPAUsfx_t@@PBD@Z 0041e70a f   snd_dma.obj
 0001:0001d8b5       ?S_EndRegistration@@YAXXZ  0041e8b5 f   snd_dma.obj
 0001:0001d93e       ?S_PickChannel@@YAPAUchannel_t@@HH@Z 0041e93e f   snd_dma.obj
 0001:0001d9cc       ?S_Spatialize@@YAXPAUchannel_t@@@Z 0041e9cc f   snd_dma.obj
 0001:0001dbae       ?S_AllocPlaysound@@YAPAUplaysound_t@@XZ 0041ebae f   snd_dma.obj
 0001:0001dbd0       ?S_FreePlaysound@@YAXPAUplaysound_t@@@Z 0041ebd0 f   snd_dma.obj
 0001:0001dc03       ?S_IssuePlaysound@@YAXPAUplaysound_t@@@Z 0041ec03 f   snd_dma.obj
 0001:0001dcd4       ?S_StartSound@@YAXPBUCVec3@@HHPAUsfx_t@@MMM@Z 0041ecd4 f   snd_dma.obj
 0001:0001e095       ?S_StartLocalSound@@YAXPBD@Z 0041f095 f   snd_dma.obj
 0001:0001e0e7       ?S_ClearBuffer@@YAXXZ      0041f0e7 f   snd_dma.obj
 0001:0001e150       ?S_StopAllSounds_f@@YAXXZ  0041f150 f   snd_dma.obj
 0001:0001e1c0       ?S_AddLoopSounds@@YAXXZ    0041f1c0 f   snd_dma.obj
 0001:0001e396       ?S_RawSamples@@YAXHHHHPAE@Z 0041f396 f   snd_dma.obj
 0001:0001e59a       ?S_Update@@YAXABUCVec3@@0@Z 0041f59a f   snd_dma.obj
 0001:0001e670       ?GetSoundtime@@YAXXZ       0041f670 f   snd_dma.obj
 0001:0001e6d7       ?S_Update_@@YAXXZ          0041f6d7 f   snd_dma.obj
 0001:0001e98a       ?S_LoadSound@@YAPAUsfxcache_t@@PAUsfx_t@@@Z 0041f98a f   snd_mem.obj
 0001:0001ef1b       ?S_WriteLinearBlastStereo16@@YAXXZ 0041ff1b f   snd_mix.obj
 0001:0001ef85       ?S_TransferStereo16@@YAXPAKH@Z 0041ff85 f   snd_mix.obj
 0001:0001eff0       ?S_TransferPaintBuffer@@YAXH@Z 0041fff0 f   snd_mix.obj
 0001:0001f154       ?S_PaintChannels@@YAXH@Z   00420154 f   snd_mix.obj
 0001:0001f3d0       ?S_InitScaletable@@YAXXZ   004203d0 f   snd_mix.obj
 0001:0001f515       ?SV_ComputeAnimation@@YAXPAUplayer_state_t@@AAUentityStateEx_t@@PAU2@PAUedict_s@@@Z 00420515 f   sv_anim.obj
 0001:0001f9d2       ?SV_ReadLevelFile@@YAXXZ   004209d2 f   sv_ccmds.obj
 0001:0001fa77       ?SV_AddressBanned@@YA_NPAUnetadr_t@@@Z 00420a77 f   sv_ccmds.obj
 0001:0001fabb       ?SV_InitCommands@@YAXXZ    00420abb f   sv_ccmds.obj
 0001:00020f47       ?sprintf@?$TString@$0CI@@@QAAHPBDZZ 00421f47 f i sv_ccmds.obj
 0001:00020f61       ?SV_WriteFrameToClient@@YAXPAUclient_t@@PAVsizebuf_t@@@Z 00421f61 f   sv_ents.obj
 0001:00021690       ?SV_RecordDemoMessage@@YAXXZ 00422690 f   sv_ents.obj
 0001:0002185e       ?SV_MulticastOld@@YAXABUCVec3@@W4multicast_t@@@Z 0042285e f i sv_game.obj
 0001:00021873       ?SV_StartSoundOld@@YAXPBUCVec3@@PAUedict_s@@HHMMM@Z 00422873 f i sv_game.obj
 0001:000222cb       ?SV_InitGameLibrary@@YAX_N@Z 004232cb f   sv_game.obj
 0001:000225c0       ?SV_ShutdownGameLibrary@@YAXXZ 004235c0 f   sv_game.obj
 0001:0002271d       ?SV_FindIndex@@YAHPBDHH_N@Z 0042371d f   sv_init.obj
 0001:00022834       ?SV_ModelIndex@@YAHPBD@Z   00423834 f   sv_init.obj
 0001:0002284d       ?SV_SoundIndex@@YAHPBD@Z   0042384d f   sv_init.obj
 0001:00022869       ?SV_ImageIndex@@YAHPBD@Z   00423869 f   sv_init.obj
 0001:00022885       ?SV_CreateBaseline@@YAXXZ  00423885 f   sv_init.obj
 0001:00022902       ?SV_SpawnServer@@YAXPAD0W4server_state_t@@_N2@Z 00423902 f   sv_init.obj
 0001:00022c6f       ?SV_InitGame@@YAXXZ        00423c6f f   sv_init.obj
 0001:00022e98       ?SV_Map@@YAX_NPBD0@Z       00423e98 f   sv_init.obj
 0001:0002305d       ?SV_DropClient@@YAXPAUclient_t@@PAD@Z 0042405d f   sv_main.obj
 0001:00023a90       ??0COutputDeviceMem@@QAE@H@Z 00424a90 f i sv_main.obj
 0001:00023ac1       ?Write@COutputDeviceMem@@UAEXPBD@Z 00424ac1 f i sv_main.obj
 0001:00023b48       ??_GCOutputDeviceMem@@UAEPAXI@Z 00424b48 f i sv_main.obj
 0001:00023b48       ??_ECOutputDeviceMem@@UAEPAXI@Z 00424b48 f i sv_main.obj
 0001:00023b67       ??1COutputDeviceMem@@UAE@XZ 00424b67 f i sv_main.obj
 0001:00023b86       ?SV_CalcPings@@YAXXZ       00424b86 f   sv_main.obj
 0001:00023c0d       ?SV_GiveMsec@@YAXXZ        00424c0d f   sv_main.obj
 0001:00023c4c       ?SV_ReadPackets@@YAXXZ     00424c4c f   sv_main.obj
 0001:00023e5f       ?SV_CheckTimeouts@@YAXXZ   00424e5f f   sv_main.obj
 0001:00023f70       ?SV_PostprocessFrame@@YAXXZ 00424f70 f   sv_main.obj
 0001:00024435       ?SV_MulticastHook@@YAPAVsizebuf_t@@PAV1@0@Z 00425435 f   sv_main.obj
 0001:00024811       ?SV_TraceHook@@YAXAAUtrace0_t@@ABUCVec3@@PBU2@21PAUedict_s@@H@Z 00425811 f   sv_main.obj
 0001:0002499f       ?SV_Frame@@YAXM@Z          0042599f f   sv_main.obj
 0001:00024c48       ?SV_UserinfoChanged@@YAXPAUclient_t@@@Z 00425c48 f   sv_main.obj
 0001:00024d0a       ?SV_InitVars@@YAXXZ        00425d0a f   sv_main.obj
 0001:00024d19       ?SV_Init@@YAXXZ            00425d19 f   sv_main.obj
 0001:00024d72       ?SV_Shutdown@@YAXPBD_N@Z   00425d72 f   sv_main.obj
 0001:00024f7f       ?SV_ClientPrintf@@YAXPAUclient_t@@HPBDZZ 00425f7f f   sv_send.obj
 0001:00024fda       ?SV_BroadcastPrintf@@YAXHPBDZZ 00425fda f   sv_send.obj
 0001:000250b0       ?SV_BroadcastCommand@@YAXPBDZZ 004260b0 f   sv_send.obj
 0001:0002510a       ?SV_Multicast@@YAXABUCVec3@@W4multicast_t@@_N@Z 0042610a f   sv_send.obj
 0001:0002530b       ?SV_StartSound@@YAXPBUCVec3@@PAUedict_s@@HHMMM_N@Z 0042630b f   sv_send.obj
 0001:000255a4       ?SV_SendClientDatagram@@YA_NPAUclient_t@@@Z 004265a4 f   sv_send.obj
 0001:00025666       ?SV_DemoCompleted@@YAXXZ   00426666 f   sv_send.obj
 0001:00025682       ?SV_SendClientMessages@@YAXXZ 00426682 f   sv_send.obj
 0001:00025835       ?SV_DrawText3D@@YAXABUCVec3@@PBDI@Z 00426835 f   sv_text.obj
 0001:0002586d       ?SV_ClearTexts@@YAXXZ      0042686d f   sv_text.obj
 0001:00025875       ?SV_DrawTexts@@YAXXZ       00426875 f   sv_text.obj
 0001:000258ca       ??0?$TTextContainer@UCSVText@@$0BAAAA@@@QAE@XZ 004268ca f i sv_text.obj
 0001:000258ef       ?SV_TokenizeString@@YAXPBD@Z 004268ef f   sv_tokenize.obj
 0001:000259c6       ?SV_Argc@@YAHXZ            004269c6 f   sv_tokenize.obj
 0001:000259cc       ?SV_Argv@@YAPADH@Z         004269cc f   sv_tokenize.obj
 0001:000259ea       ?SV_Args@@YAPADXZ          004269ea f   sv_tokenize.obj
 0001:000262b5       ?SV_Nextserver@@YAXXZ      004272b5 f   sv_user.obj
 0001:00026349       ?SV_ClientThink@@YAXPAUclient_t@@PAUusercmd_t@@@Z 00427349 f   sv_user.obj
 0001:000263da       ?SV_ExecuteClientMessage@@YAXPAUclient_t@@@Z 004273da f   sv_user.obj
 0001:0002672a       ?SV_ClearWorld@@YAXXZ      0042772a f   sv_world.obj
 0001:00026868       ?SV_UnlinkEdict@@YAXPAUedict_s@@@Z 00427868 f   sv_world.obj
 0001:0002692e       ?SV_LinkEdict@@YAXPAUedict_s@@@Z 0042792e f   sv_world.obj
 0001:00026f48       ?SV_AreaEdicts@@YAHABUCVec3@@0PAPAUedict_s@@HH@Z 00427f48 f   sv_world.obj
 0001:000270e6       ?SV_PointContents@@YAHABUCVec3@@@Z 004280e6 f   sv_world.obj
 0001:0002720c       ?SV_Trace@@YAXAAUtrace_t@@ABUCVec3@@1ABUCBox@@PAUedict_s@@H@Z 0042820c f   sv_world.obj
 0001:00027689       ?InitByteDirs@@YAXXZ       00428689 f   anorms.obj
 0001:000276c8       ?Cbuf_AddText@@YAXPBD@Z    004286c8 f   cmd.obj
 0001:0002772e       ?Cbuf_CopyToDefer@@YAXXZ   0042872e f   cmd.obj
 0001:00027776       ?Cbuf_InsertFromDefer@@YAXXZ 00428776 f   cmd.obj
 0001:00027832       ?Cbuf_Execute@@YAXXZ       00428832 f   cmd.obj
 0001:00027942       ?Cmd_Unalias_f@@YAX_NHPAPAD@Z 00428942 f   cmd.obj
 0001:000279ba       ?Cmd_WriteAliases@@YAXPAVCOutputDevice@@@Z 004289ba f   cmd.obj
 0001:000279ed       ?RegisterCommand@@YA_NPBDP6AXXZI@Z 004289ed f   cmd.obj
 0001:00027ace       ?UnregisterCommand@@YA_NPBD@Z 00428ace f   cmd.obj
 0001:00027b5f       ?ExecuteCommand@@YA_NPBD@Z 00428b5f f   cmd.obj
 0001:00027fa2       ?ExecuteCommand@@YA_NPBDPBUCSimpleCommand@@H@Z 00428fa2 f   cmd.obj
 0001:000283e4       ?CM_LoadMap@@YAPAUCBspModel@@PBD_NPAI@Z 004293e4 f   cmodel.obj
 0001:00028af7       ?LoadLeafBrushes@@YAXPAGH@Z 00429af7 f i cmodel.obj
 0001:00029894       ?CM_BuildBrush@@YAPAUCBrush@@HPAVCMemoryChain@@@Z 0042a894 f   cmodel.obj
 0001:0002995d       ?CM_InlineModel@@YAPAUCBspModel@@PBD@Z 0042a95d f   cmodel.obj
 0001:00029988       ?CM_InlineModel@@YAPAUCBspModel@@H@Z 0042a988 f   cmodel.obj
 0001:00029a63       ?CM_HeadnodeForBox@@YAHABUCBox@@@Z 0042aa63 f   cmodel.obj
 0001:00029aab       ?CM_FindLeaf@@YAPBUCBspLeaf@@ABUCVec3@@H@Z 0042aaab f   cmodel.obj
 0001:00029b5a       ?DistanceTo@CPlane@@QBEMABUCVec3@@@Z 0042ab5a f i cmodel.obj
 0001:00029b9f       ?CM_PointContents@@YAHABUCVec3@@H@Z 0042ab9f f   cmodel.obj
 0001:00029bfe       ?CM_TransformedPointContents@@YAHABUCVec3@@H00@Z 0042abfe f   cmodel.obj
 0001:00029cd6       ?CM_TransformedPointContents@@YAHABUCVec3@@H0ABUCAxis@@@Z 0042acd6 f   cmodel.obj
 0001:00029d78       ?CM_BoxLeafs@@YAHABUCBox@@PAPAUCBspLeaf@@HPAHH@Z 0042ad78 f   cmodel.obj
 0001:00029e8a       ?BOX_ON_PLANE_SIDE@@YAHABUCBox@@ABUCPlane@@@Z 0042ae8a f i cmodel.obj
 0001:00029ef5       ?CM_BoxTrace@@YAXAAUtrace_t@@ABUCVec3@@1ABUCBox@@HI@Z 0042aef5 f   cmodel.obj
 0001:0002a62e       ?SplitTrace@@YAMABUCVec3@@0ABUCPlane@@AAM2_N@Z 0042b62e f i cmodel.obj
 0001:0002aadb       ?CM_TransformedBoxTrace@@YAXAAUtrace_t@@ABUCVec3@@1ABUCBox@@HI11@Z 0042badb f   cmodel.obj
 0001:0002ac4e       ?CM_TransformedBoxTrace@@YAXAAUtrace_t@@ABUCVec3@@1ABUCBox@@HI1ABUCAxis@@@Z 0042bc4e f   cmodel.obj
 0001:0002ad0b       ?CM_CombineTrace@@YA_NAAUtrace_t@@ABU1@@Z 0042bd0b f   cmodel.obj
 0001:0002ad58       ?CM_ClipTraceToModels@@YAXAAUtrace_t@@ABUCVec3@@1ABUCBox@@I@Z 0042bd58 f   cmodel.obj
 0001:0002ae5a       ?CM_PointModelContents@@YAHABUCVec3@@@Z 0042be5a f   cmodel.obj
 0001:0002aea9       ?CM_BrushTrace@@YAHABUCVec3@@0PAHH@Z 0042bea9 f   cmodel.obj
 0001:0002b1af       ?CM_RefineBrushTrace@@YAHABUCVec3@@0PAHH@Z 0042c1af f   cmodel.obj
 0001:0002b255       ?CM_ClusterPVS@@YAPBEH@Z   0042c255 f   cmodel.obj
 0001:0002b38d       ?CM_SetAreaPortalState@@YAXH_N@Z 0042c38d f   cmodel.obj
 0001:0002b3b5       ?CM_AreasConnected@@YA_NHH@Z 0042c3b5 f   cmodel.obj
 0001:0002b3fc       ?CM_WriteAreaBits@@YAHPAEH@Z 0042c3fc f   cmodel.obj
 0001:0002b49e       ?CM_WritePortalState@@YAXPAU_iobuf@@@Z 0042c49e f   cmodel.obj
 0001:0002b4bb       ?CM_ReadPortalState@@YAXPAU_iobuf@@@Z 0042c4bb f   cmodel.obj
 0001:0002b4dd       ?CM_HeadnodeVisible@@YA_NHPBE@Z 0042c4dd f   cmodel.obj
 0001:0002b5ba       ??E?$TStringSplitter@$0EA@$0DL@@@QAEXXZ 0042c5ba f i cmodel.obj
 0001:0002b61c       ?LoadNodes@@YAXPAUdBsp2Node_t@@H@Z 0042c61c f i cmodel.obj
 0001:0002b733       ?LoadNodes@@YAXPAUdBsp1Node_t@@H@Z 0042c733 f i cmodel.obj
 0001:0002b7f6       ?Com_DPrintf@@YAXPBDZZ     0042c7f6 f   common.obj
 0001:0002b86f       ?DebugPrintf@@YAXPBDZZ     0042c86f f   common.obj
 0001:0002b91e       ?IPWildcard@@YA_NPAUnetadr_t@@PBD@Z 0042c91e f   common.obj
 0001:0002b9f8       ?Com_ServerState@@YA?AW4server_state_t@@XZ 0042c9f8 f   common.obj
 0001:0002b9fe       ?Com_SetServerState@@YAXW4server_state_t@@@Z 0042c9fe f   common.obj
 0001:0002ba0b       ?crand@@YAMXZ              0042ca0b f   common.obj
 0001:0002ba29       ?Info_ValueForKey@@YAPBDPBD0@Z 0042ca29 f   common.obj
 0001:0002baa8       ?Info_SetValueForKey@@YAXPADPBD1@Z 0042caa8 f   common.obj
 0001:0002bbdf       ?Info_Print@@YAXPBD@Z      0042cbdf f   common.obj
 0001:0002bc65       ?LerpAngle@@YAMMMM@Z       0042cc65 f   common.obj
 0001:0002bca9       ?ReduceAngle@@YAMM@Z       0042cca9 f   common.obj
 0001:0002bcd5       ?AngleSubtract@@YAMMM@Z    0042ccd5 f   common.obj
 0001:0002bd0e       ?AnglesSubtract@@YAXABUCVec3@@0AAU1@@Z 0042cd0e f   common.obj
 0001:0002bd67       ?COM_Parse@@YAPADAAPBD_N@Z 0042cd67 f   common.obj
 0001:0002be89       ?COM_QuoteString@@YAPBDPBD_N@Z 0042ce89 f   common.obj
 0001:0002bee6       ?Com_CheckCmdlineVar@@YA_NPBD@Z 0042cee6 f   common.obj
 0001:0002bf3f       ?Com_Init@@YAXPBD@Z        0042cf3f f   common.obj
 0001:0002c2e6       ?Com_Frame@@YAXM@Z         0042d2e6 f   common.obj
 0001:0002c6e6       ?Com_BlockSequenceCRCByte@@YAEPAEHH@Z 0042d6e6 f   crc.obj
 0001:0002c79e       ?Cvar_VariableValue@@YAMPBD@Z 0042d79e f   cvar.obj
 0001:0002c815       ?Cvar_VariableInt@@YAHPBD@Z 0042d815 f   cvar.obj
 0001:0002c82c       ?Cvar_VariableString@@YAPBDPBD@Z 0042d82c f   cvar.obj
 0001:0002c848       ?Cvar_Get@@YAPAUcvar_t@@PBD0H@Z 0042d848 f   cvar.obj
 0001:0002cb15       ?Cvar_GetVars@@YAXPBUcvarInfo_t@@H@Z 0042db15 f   cvar.obj
 0001:0002cbbf       ?Cvar_FullSet@@YAXPAUcvar_t@@PBDI@Z 0042dbbf f   cvar.obj
 0001:0002cbdf       ?Cvar_FullSet@@YAPAUcvar_t@@PBD0I@Z 0042dbdf f   cvar.obj
 0001:0002cc1f       ?Cvar_SetValue@@YAPAUcvar_t@@PBDM@Z 0042dc1f f   cvar.obj
 0001:0002cdb8       ?Cvar_SetInteger@@YAPAUcvar_t@@PBDH@Z 0042ddb8 f   cvar.obj
 0001:0002cddc       ?Cvar_Set@@YAPAUcvar_t@@PBD0@Z 0042dddc f   cvar.obj
 0001:0002cdf3       ?Cvar_ForceSet@@YAPAUcvar_t@@PBD0@Z 0042ddf3 f   cvar.obj
 0001:0002ce0a       ?Cvar_Clamp@@YAMPAUcvar_t@@MM@Z 0042de0a f   cvar.obj
 0001:0002ce68       ?Cvar_Command@@YA_NHPAPAD@Z 0042de68 f   cvar.obj
 0001:0002cf03       ?IsDefault@cvar_t@@QAE_NXZ 0042df03 f i cvar.obj
 0001:0002cf20       ?Cvar_WriteVariables@@YAXPAVCOutputDevice@@HHPBD@Z 0042df20 f   cvar.obj
 0001:0002cfa6       ?Cvar_BitInfo@@YAPBDI@Z    0042dfa6 f   cvar.obj
 0001:0002cff8       ?Cvar_Cheats@@YAX_N@Z      0042dff8 f   cvar.obj
 0001:0002d86f       ?MSG_WriteDeltaEntity@@YAXPAVsizebuf_t@@PBUentityStateEx_t@@PAU2@_N33@Z 0042e86f f   entdelta.obj
 0001:0002de2b       ?MSG_WriteRemoveEntity@@YAXPAVsizebuf_t@@H@Z 0042ee2b f   entdelta.obj
 0001:0002de6b       ?MSG_ReadEntityBits@@YAHPAVsizebuf_t@@PAIPA_N@Z 0042ee6b f   entdelta.obj
 0001:0002dedd       ?MSG_ReadDeltaEntity@@YAXPAVsizebuf_t@@PBUentityStateEx_t@@PAU2@I@Z 0042eedd f   entdelta.obj
 0001:0002df60       ?MSG_WriteDeltaUsercmd@@YAXPAVsizebuf_t@@PBUusercmd_t@@PAU2@@Z 0042ef60 f   entdelta.obj
 0001:0002dfef       ?MSG_ReadDeltaUsercmd@@YAXPAVsizebuf_t@@PBUusercmd_t@@PAU2@@Z 0042efef f   entdelta.obj
 0001:0002e2f2       ?MSG_WriteDeltaPlayerstate@@YAXPAVsizebuf_t@@PBUplayer_state_t@@PAU2@@Z 0042f2f2 f   entdelta.obj
 0001:0002e3fb       ?MSG_ReadDeltaPlayerstate@@YAXPAVsizebuf_t@@PBUplayer_state_t@@PAU2@@Z 0042f3fb f   entdelta.obj
 0001:0002e4b5       ?ProcessEntstring@@YAPBDPBD@Z 0042f4b5 f   EntityParser.obj
 0001:000303bf       ?LoadPCX@@YAPAEPBDAAH1AAPAE@Z 004313bf f   images.obj
 0001:000304fa       ?LoadTGA@@YAPAEPBDAAH1@Z   004314fa f   images.obj
 0001:0003078e       ?LoadJPG@@YAPAEPBDAAH1@Z   0043178e f   images.obj
 0001:00030a42       ?ImageExists@@YAHPBDH@Z    00431a42 f   images.obj
 0001:00030b66       ?WriteTGA@@YA_NPBDPAEHH@Z  00431b66 f   images.obj
 0001:00030d5a       ?WriteJPG@@YA_NPBDPAEHH_N@Z 00431d5a f   images.obj
 0001:00030e8b       ??0CBrush@@QAE@ABUCBox@@@Z 00431e8b f   MapBrush.obj
 0001:00030fdc       ?Split@CBrush@@QAEPAU1@PAUCPlane@@@Z 00431fdc f   MapBrush.obj
 0001:00031a2e       ?GetVec@CAllocVertexPool@@QAEPAUCVec3@@ABU2@@Z 00432a2e f i MapBrush.obj
 0001:00031ac2       ?GetBounds@CBrush@@QAEXAAUCBox@@@Z 00432ac2 f   MapBrush.obj
 0001:00031b44       ?AddBevels@CBrush@@QAEXP6APAUCPlane@@ABUCVec3@@M@Z@Z 00432b44 f   MapBrush.obj
 0001:00031e38       ?Negate@CVec3@@QAEXXZ      00432e38 f i MapBrush.obj
 0001:00031e46       ?MD4Init@@YAXPAUMD4_CTX@@@Z 00432e46 f   md4.obj
 0001:00031e6e       ?MD4Update@@YAXPAUMD4_CTX@@PAEI@Z 00432e6e f   md4.obj
 0001:00031f0c       ?MD4Final@@YAXQAEPAUMD4_CTX@@@Z 00432f0c f   md4.obj
 0001:000325fd       ?Com_BlockChecksum@@YAIPAXH@Z 004335fd f   md4.obj
 0001:00032639       ?LoadQ2BspFile@@YAXXZ      00433639 f   model.obj
 0001:00032bb4       ?LoadQ1BspFile@@YAXXZ      00433bb4 f   model.obj
 0001:00032f76       ?LoadQ3BspFile@@YAXXZ      00433f76 f   model.obj
 0001:000331dc       ?LoadBspFile@@YAPAUbspfile_t@@PBD_NPAI@Z 004341dc f   model.obj
 0001:000333e3       ?Init@sizebuf_t@@QAEXPAXH@Z 004343e3 f   msg.obj
 0001:00033400       ?Write@sizebuf_t@@QAEXPBXH@Z 00434400 f   msg.obj
 0001:00033472       ?MSG_WriteChar@@YAXPAVsizebuf_t@@H@Z 00434472 f   msg.obj
 0001:00033472       ?MSG_WriteByte@@YAXPAVsizebuf_t@@H@Z 00434472 f   msg.obj
 0001:00033485       ?MSG_WriteShort@@YAXPAVsizebuf_t@@H@Z 00434485 f   msg.obj
 0001:00033498       ?MSG_WriteLong@@YAXPAVsizebuf_t@@H@Z 00434498 f   msg.obj
 0001:000334ab       ?MSG_WriteFloat@@YAXPAVsizebuf_t@@M@Z 004344ab f   msg.obj
 0001:000334be       ?MSG_WriteString@@YAXPAVsizebuf_t@@PBD@Z 004344be f   msg.obj
 0001:000334e8       ?MSG_WritePos@@YAXPAVsizebuf_t@@ABUCVec3@@@Z 004344e8 f   msg.obj
 0001:0003354c       ?MSG_WriteAngle@@YAXPAVsizebuf_t@@M@Z 0043454c f   msg.obj
 0001:00033577       ?MSG_WriteAngle16@@YAXPAVsizebuf_t@@M@Z 00434577 f   msg.obj
 0001:000335a2       ?MSG_WriteDir@@YAXPAVsizebuf_t@@ABUCVec3@@@Z 004345a2 f   msg.obj
 0001:0003360a       ?MSG_ReadDir@@YAXPAVsizebuf_t@@AAUCVec3@@@Z 0043460a f   msg.obj
 0001:0003363d       ?MSG_ReadChar@@YAHPAVsizebuf_t@@@Z 0043463d f   msg.obj
 0001:00033660       ?MSG_ReadByte@@YAHPAVsizebuf_t@@@Z 00434660 f   msg.obj
 0001:00033688       ?MSG_ReadShort@@YAHPAVsizebuf_t@@@Z 00434688 f   msg.obj
 0001:000336b1       ?MSG_ReadLong@@YAHPAVsizebuf_t@@@Z 004346b1 f   msg.obj
 0001:000336d3       ?MSG_ReadString@@YAPADPAVsizebuf_t@@@Z 004346d3 f   msg.obj
 0001:00033709       ?MSG_ReadPos@@YAXPAVsizebuf_t@@AAUCVec3@@@Z 00434709 f   msg.obj
 0001:0003375b       ?MSG_ReadAngle@@YAMPAVsizebuf_t@@@Z 0043475b f   msg.obj
 0001:00033775       ?MSG_ReadAngle16@@YAMPAVsizebuf_t@@@Z 00434775 f   msg.obj
 0001:0003378f       ?MSG_ReadData@@YAXPAVsizebuf_t@@PAXH@Z 0043478f f   msg.obj
 0001:000337b2       ?Netchan_Init@@YAXXZ       004347b2 f   net_chan.obj
 0001:00033821       ?Netchan_OutOfBandPrint@@YAXW4netsrc_t@@Unetadr_t@@PBDZZ 00434821 f   net_chan.obj
 0001:000338a6       ?Setup@netchan_t@@QAEXW4netsrc_t@@Unetadr_t@@H@Z 004348a6 f   net_chan.obj
 0001:000338fc       ?NeedReliable@netchan_t@@QAE_NXZ 004348fc f   net_chan.obj
 0001:00033921       ?Transmit@netchan_t@@QAEXPAXH@Z 00434921 f   net_chan.obj
 0001:00033ab7       ?Process@netchan_t@@QAE_NPAVsizebuf_t@@@Z 00434ab7 f   net_chan.obj
 0001:00033be4       ?Pmove@@YAXPAUpmove_t@@@Z  00434be4 f   pmove.obj
 0001:0003585a       ?FileExists@CQuakeFileSystem@@UAE_NPBDI@Z 0043685a f i QuakeFileSystem.obj
 0001:000358c1       ?CheckFilename@CQuakeFileSystem@@AAEXPBD@Z 004368c1 f i QuakeFileSystem.obj
 0001:00035960       ?OpenFile@CQuakeFileSystem@@UAEPAVCFile@@PBDI@Z 00436960 f i QuakeFileSystem.obj
 0001:000359f0       ?List@CQuakeFileSystem@@UAEPAVCFileList@@PBDIPAV2@@Z 004369f0 f i QuakeFileSystem.obj
 0001:00035a82       ??_ECFileSystem@@UAEPAXI@Z 00436a82 f i QuakeFileSystem.obj
 0001:00035a82       ??_ECQuakeFileSystem@@UAEPAXI@Z 00436a82 f i QuakeFileSystem.obj
 0001:00035a82       ??_GCQuakeFileSystem@@UAEPAXI@Z 00436a82 f i QuakeFileSystem.obj
 0001:00035a82       ??_GCFileSystem@@UAEPAXI@Z 00436a82 f i QuakeFileSystem.obj
 0001:00035aa2       ?FS_Gamedir@@YAPBDXZ       00436aa2 f   QuakeFileSystem.obj
 0001:00035aa8       ?FS_NextPath@@YAPBDPBD@Z   00436aa8 f   QuakeFileSystem.obj
 0001:00035aec       ?FS_CopyFile@@YAXPBD0@Z    00436aec f   QuakeFileSystem.obj
 0001:00035bc2       ?FS_CopyFiles@@YAXPBD0@Z   00436bc2 f   QuakeFileSystem.obj
 0001:00035cdc       ?FS_RemoveFiles@@YAXPBD@Z  00436cdc f   QuakeFileSystem.obj
 0001:00035d97       ?InitFileSystem@@YAXXZ     00436d97 f   QuakeFileSystem.obj
 0001:00035ecb       ?Create@CFileContainerPak@@SAPAVCFileContainer@@PBDPAU_iobuf@@@Z 00436ecb f i QuakeFileSystem.obj
 0001:00036034       ??0CFileContainerArc@@QAE@XZ 00437034 f i QuakeFileSystem.obj
 0001:0003607b       ??_GCFileContainerArc@@UAEPAXI@Z 0043707b f i QuakeFileSystem.obj
 0001:0003607b       ??_ECFileContainerArc@@UAEPAXI@Z 0043707b f i QuakeFileSystem.obj
 0001:000360aa       ?GetType@CFileContainerPak@@MAEPBDXZ 004370aa f i QuakeFileSystem.obj
 0001:000360b0       ?OpenLocalFile@CFileContainerPak@@MAEPAVCFile@@ABVCStringItem@@@Z 004370b0 f i QuakeFileSystem.obj
 0001:00036100       ?Read@CFilePak@CFileContainerPak@@UAEHPAXH@Z 00437100 f i QuakeFileSystem.obj
 0001:0003613a       ?GetSize@CFilePak@CFileContainerPak@@UAEHXZ 0043713a f i QuakeFileSystem.obj
 0001:00036141       ?Eof@CFilePak@CFileContainerPak@@UAE_NXZ 00437141 f i QuakeFileSystem.obj
 0001:0003614e       ??_ECFilePak@CFileContainerPak@@UAEPAXI@Z 0043714e f i QuakeFileSystem.obj
 0001:0003614e       ??_GCFilePak@CFileContainerPak@@UAEPAXI@Z 0043714e f i QuakeFileSystem.obj
 0001:00036183       ??_ECFileContainerPak@@UAEPAXI@Z 00437183 f i QuakeFileSystem.obj
 0001:00036183       ??_GCFileContainerPak@@UAEPAXI@Z 00437183 f i QuakeFileSystem.obj
 0001:000361b2       ?Create@CFileContainerZip@@SAPAVCFileContainer@@PBDPAU_iobuf@@@Z 004371b2 f i QuakeFileSystem.obj
 0001:000364b1       ?GetType@CFileContainerZip@@MAEPBDXZ 004374b1 f i QuakeFileSystem.obj
 0001:000364b7       ?OpenLocalFile@CFileContainerZip@@MAEPAVCFile@@ABVCStringItem@@@Z 004374b7 f i QuakeFileSystem.obj
 0001:00036553       ??0CFilePak@CFileContainerZip@@QAE@ABVCFileInfo@1@PAU_iobuf@@@Z 00437553 f i QuakeFileSystem.obj
 0001:000365a5       ?Read@CFilePak@CFileContainerZip@@UAEHPAXH@Z 004375a5 f i QuakeFileSystem.obj
 0001:000366ee       ?GetSize@CFilePak@CFileContainerZip@@UAEHXZ 004376ee f i QuakeFileSystem.obj
 0001:000366f8       ?Eof@CFilePak@CFileContainerZip@@UAE_NXZ 004376f8 f i QuakeFileSystem.obj
 0001:0003670b       ??_ECFilePak@CFileContainerZip@@UAEPAXI@Z 0043770b f i QuakeFileSystem.obj
 0001:0003670b       ??_GCFilePak@CFileContainerZip@@UAEPAXI@Z 0043770b f i QuakeFileSystem.obj
 0001:0003672a       ??1CFilePak@CFileContainerZip@@UAE@XZ 0043772a f i QuakeFileSystem.obj
 0001:00036799       ??_GCFileContainerZip@@UAEPAXI@Z 00437799 f i QuakeFileSystem.obj
 0001:00036799       ??_ECFileContainerZip@@UAEPAXI@Z 00437799 f i QuakeFileSystem.obj
 0001:000367c8       ?Mount@CZResource@@SAPAVCFileContainer@@PBDPBE0PAVCFileSystem@@@Z 004377c8 f i QuakeFileSystem.obj
 0001:00036974       ?GetType@CZResource@@MAEPBDXZ 00437974 f i QuakeFileSystem.obj
 0001:0003697a       ?OpenLocalFile@CZResource@@MAEPAVCFile@@ABVCStringItem@@@Z 0043797a f i QuakeFileSystem.obj
 0001:000369ab       ??0CFileRes@CZResource@@QAE@ABVCFileInfo@1@PBXH@Z 004379ab f i QuakeFileSystem.obj
 0001:00036a5e       ?Read@CFileRes@CZResource@@UAEHPAXH@Z 00437a5e f i QuakeFileSystem.obj
 0001:00036ab1       ?GetSize@CFileRes@CZResource@@UAEHXZ 00437ab1 f i QuakeFileSystem.obj
 0001:00036ab8       ?Eof@CFileRes@CZResource@@UAE_NXZ 00437ab8 f i QuakeFileSystem.obj
 0001:00036ac5       ??_ECFileRes@CZResource@@UAEPAXI@Z 00437ac5 f i QuakeFileSystem.obj
 0001:00036ac5       ??_GCFileRes@CZResource@@UAEPAXI@Z 00437ac5 f i QuakeFileSystem.obj
 0001:00036af7       ??_ECZResource@@UAEPAXI@Z  00437af7 f i QuakeFileSystem.obj
 0001:00036af7       ??_GCZResource@@UAEPAXI@Z  00437af7 f i QuakeFileSystem.obj
 0001:00036b26       ?MountGame@CQuakeFileSystem@@QAEXPBD@Z 00437b26 f i QuakeFileSystem.obj
 0001:00036b71       ?SetGameDir@CQuakeFileSystem@@QAE_NPBD@Z 00437b71 f i QuakeFileSystem.obj
 0001:00036d73       ?FS_Tick@@YAXXZ            00437d73 f   QuakeFileSystem.obj
 0001:00036ec0       ?CDAudio_Play@@YAXH_N@Z    00437ec0 f   cd_win.obj
 0001:000370b3       ?CDAudio_Stop@@YAXXZ       004380b3 f   cd_win.obj
 0001:00037174       ?CDAudio_Update@@YAXXZ     00438174 f   cd_win.obj
 0001:00037217       ?CDAudio_Init@@YA_NXZ      00438217 f   cd_win.obj
 0001:00037638       ?CDAudio_Shutdown@@YAXXZ   00438638 f   cd_win.obj
 0001:0003765b       ?CDAudio_Activate@@YAX_N@Z 0043865b f   cd_win.obj
 0001:00037672       ?IN_Init@@YAXXZ            00438672 f   in_win.obj
 0001:000378ff       ?IN_Shutdown@@YAXXZ        004388ff f   in_win.obj
 0001:00037b60       ?IN_Activate@@YAX_N@Z      00438b60 f   in_win.obj
 0001:00037b6d       ?IN_Frame@@YAXXZ           00438b6d f   in_win.obj
 0001:00037ecf       ?IN_Move@@YAXPAUusercmd_t@@@Z 00438ecf f   in_win.obj
 0001:0003837a       ?NET_CompareAdr@@YA_NPAUnetadr_t@@0@Z 0043937a f   net_wins.obj
 0001:000383b5       ?NET_CompareBaseAdr@@YA_NPAUnetadr_t@@0@Z 004393b5 f   net_wins.obj
 0001:000383e2       ?NET_AdrToString@@YAPBDPAUnetadr_t@@@Z 004393e2 f   net_wins.obj
 0001:00038428       ?NET_StringToAdr@@YA_NPBDPAUnetadr_t@@F@Z 00439428 f   net_wins.obj
 0001:0003853e       ?NET_IsLocalAddress@@YA_NPAUnetadr_t@@@Z 0043953e f   net_wins.obj
 0001:0003854d       ?NET_GetPacket@@YA_NW4netsrc_t@@PAUnetadr_t@@PAVsizebuf_t@@@Z 0043954d f   net_wins.obj
 0001:000386cc       ?NET_SendPacket@@YAXW4netsrc_t@@HPAXUnetadr_t@@@Z 004396cc f   net_wins.obj
 0001:000387ea       ?NET_Config@@YAX_N@Z       004397ea f   net_wins.obj
 0001:000389c5       ?NET_Init@@YAXXZ           004399c5 f   net_wins.obj
 0001:00038a78       ?SNDDMA_Init@@YA_NXZ       00439a78 f   snd_win.obj
 0001:000390c3       ?SNDDMA_GetDMAPos@@YAHXZ   0043a0c3 f   snd_win.obj
 0001:0003910d       ?SNDDMA_BeginPainting@@YAXXZ 0043a10d f   snd_win.obj
 0001:0003922c       ?SNDDMA_Submit@@YAXXZ      0043a22c f   snd_win.obj
 0001:00039251       ?SNDDMA_Shutdown@@YAXXZ    0043a251 f   snd_win.obj
 0001:00039256       ?S_Activate@@YAX_N@Z       0043a256 f   snd_win.obj
 0001:000392a9       ?Write@COutputDeviceWin32Console@@UAEXPBD@Z 0043a2a9 f i sys_win.obj
 0001:00039321       ?EraseInput@COutputDeviceWin32Console@@QAEXXZ 0043a321 f i sys_win.obj
 0001:000393a7       ??_GCOutputDeviceWin32Console@@UAEPAXI@Z 0043a3a7 f i sys_win.obj
 0001:000393a7       ??_ECOutputDeviceWin32Console@@UAEPAXI@Z 0043a3a7 f i sys_win.obj
 0001:000393c7       ?Sys_ConsoleInput@@YAPADXZ 0043a3c7 f   sys_win.obj
 0001:00039650       ?Sys_ProcessMessages@@YAXXZ 0043a650 f   sys_win.obj
 0001:00039709       _WinMain@16                0043a709 f   sys_win.obj
 0001:00039a0d       ??_ECOutputDeviceCon@@UAEPAXI@Z 0043aa0d f i sys_win.obj
 0001:00039a0d       ??_GCOutputDeviceCon@@UAEPAXI@Z 0043aa0d f i sys_win.obj
 0001:00039ab5       ?Init@COutputDeviceWin32Console@@QAEXXZ 0043aab5 f i sys_win.obj
 0001:00039adf       ?AddMsgHook@@YAXP6A_NIIJ@Z@Z 0043aadf f   vid_dll.obj
 0001:00039b26       ?RemoveMsgHook@@YAXP6A_NIIJ@Z@Z 0043ab26 f   vid_dll.obj
 0001:00039b59       ?Vid_CreateWindow@@YAPAXHH_N@Z 0043ab59 f   vid_dll.obj
 0001:0003a27b       ?Vid_DestroyWindow@@YAX_N@Z 0043b27b f   vid_dll.obj
 0001:0003a2ba       ?Vid_Restart@@YAXXZ        0043b2ba f   vid_dll.obj
 0001:0003a2c6       ?Vid_GetModeInfo@@YA_NPAH0H@Z 0043b2c6 f   vid_dll.obj
 0001:0003a2f8       ?Vid_Tick@@YAXXZ           0043b2f8 f   vid_dll.obj
 0001:0003a4a9       ?Vid_Init@@YAXXZ           0043b4a9 f   vid_dll.obj
 0001:0003a54c       ?Vid_Shutdown@@YAXXZ       0043b54c f   vid_dll.obj
 0001:0003a56b       ?BK_FlushShader@OpenGLDrv@@YAXXZ 0043b56b f   gl_backend.obj
 0001:0003cd63       ?Tesselate@surfacePlanar_t@OpenGLDrv@@UAEXAAUrefEntity_t@2@@Z 0043dd63 f   gl_backend.obj
 0001:0003cec9       ?Tesselate@surfacePoly_t@OpenGLDrv@@UAEXAAUrefEntity_t@2@@Z 0043dec9 f   gl_backend.obj
 0001:0003cfd0       ?Tesselate@surfaceMd3_t@OpenGLDrv@@UAEXAAUrefEntity_t@2@@Z 0043dfd0 f   gl_backend.obj
 0001:0003d57e       ?DrawBrush@OpenGLDrv@@YAXPBUCBrush@@PBDH@Z 0043e57e f   gl_backend.obj
 0001:0003d5e1       ?Tesselate@surfaceEntity_t@OpenGLDrv@@UAEXAAUrefEntity_t@2@@Z 0043e5e1 f   gl_backend.obj
 0001:0003d6c5       ?Tesselate@surfaceParticle_t@OpenGLDrv@@UAEXAAUrefEntity_t@2@@Z 0043e6c5 f   gl_backend.obj
 0001:0003d915       ?BK_DrawScene@OpenGLDrv@@YAXXZ 0043e915 f   gl_backend.obj
 0001:0003e122       ?BK_DrawPic@OpenGLDrv@@YAXPAVshader_t@1@HHHHMMMMIE@Z 0043f122 f   gl_backend.obj
 0001:0003e303       ?BK_DrawText@OpenGLDrv@@YAXPBDHHHHHI@Z 0043f303 f   gl_backend.obj
 0001:0003e4f8       ?BK_BeginFrame@OpenGLDrv@@YAXXZ 0043f4f8 f   gl_backend.obj
 0001:0003e55c       ?BK_EndFrame@OpenGLDrv@@YAXXZ 0043f55c f   gl_backend.obj
 0001:0003e5b1       ?BK_Init@OpenGLDrv@@YAXXZ  0043f5b1 f   gl_backend.obj
 0001:0003e5e0       ?BK_Shutdown@OpenGLDrv@@YAXXZ 0043f5e0 f   gl_backend.obj
 0001:0003e5f8       ?AllocDynamicMemory@OpenGLDrv@@YAPAXH@Z 0043f5f8 f   gl_buffers.obj
 0001:0003e666       ?ResizeDynamicMemory@OpenGLDrv@@YAXPAXH@Z 0043f666 f   gl_buffers.obj
 0001:0003e6aa       ?AddSurfaceToPortal@OpenGLDrv@@YAXPAVsurfaceBase_t@1@PAVshader_t@1@HH@Z 0043f6aa f   gl_buffers.obj
 0001:0003e71b       ?InsertShaderIndex@OpenGLDrv@@YAXH@Z 0043f71b f   gl_buffers.obj
 0001:0003e757       ?ClearPortal@OpenGLDrv@@YAXXZ 0043f757 f   gl_buffers.obj
 0001:0003e775       ?SortSurfaces@OpenGLDrv@@YAXPAUviewPortal_t@1@PAPAUsurfaceInfo_t@1@@Z 0043f775 f   gl_buffers.obj
 0001:0003e907       ?ClearBuffers@OpenGLDrv@@YAXXZ 0043f907 f   gl_buffers.obj
 0001:0003e91e       ?CreateBuffers@OpenGLDrv@@YAXXZ 0043f91e f   gl_buffers.obj
 0001:0003e944       ?FreeBuffers@OpenGLDrv@@YAXXZ 0043f944 f   gl_buffers.obj
 0001:0003e968       ?InitEntity@model_t@OpenGLDrv@@UAE_NPAUentity_t@@PAUrefEntity_t@2@@Z 0043f968 f   gl_frontend.obj
 0001:0003e96d       ?AddSurfaces@model_t@OpenGLDrv@@UAEXPAUrefEntity_t@2@@Z 0043f96d f   gl_frontend.obj
 0001:0003e99e       ?GetLeaf@model_t@OpenGLDrv@@UAEPBUCBspLeaf@@PAUrefEntity_t@2@@Z 0043f99e f   gl_frontend.obj
 0001:0003e9b5       ?DrawLabel@model_t@OpenGLDrv@@UAEXPAUrefEntity_t@2@@Z 0043f9b5 f   gl_frontend.obj
 0001:0003e9b8       ?InitEntity@inlineModel_t@OpenGLDrv@@UAE_NPAUentity_t@@PAUrefEntity_t@2@@Z 0043f9b8 f   gl_frontend.obj
 0001:0003ea25       ?AddSurfaces@inlineModel_t@OpenGLDrv@@UAEXPAUrefEntity_t@2@@Z 0043fa25 f   gl_frontend.obj
 0001:0003ef2e       ?GetLeaf@inlineModel_t@OpenGLDrv@@UAEPBUCBspLeaf@@PAUrefEntity_t@2@@Z 0043ff2e f   gl_frontend.obj
 0001:0003f0d9       ?DrawLabel@inlineModel_t@OpenGLDrv@@UAEXPAUrefEntity_t@2@@Z 004400d9 f   gl_frontend.obj
 0001:0003f122       ?InitEntity@md3Model_t@OpenGLDrv@@UAE_NPAUentity_t@@PAUrefEntity_t@2@@Z 00440122 f   gl_frontend.obj
 0001:0003f300       ?AddSurfaces@md3Model_t@OpenGLDrv@@UAEXPAUrefEntity_t@2@@Z 00440300 f   gl_frontend.obj
 0001:0003f43a       ?GetLeaf@md3Model_t@OpenGLDrv@@UAEPBUCBspLeaf@@PAUrefEntity_t@2@@Z 0044043a f   gl_frontend.obj
 0001:0003f475       ?DrawLabel@md3Model_t@OpenGLDrv@@UAEXPAUrefEntity_t@2@@Z 00440475 f   gl_frontend.obj
 0001:0003f4de       ?InitEntity@sprModel_t@OpenGLDrv@@UAE_NPAUentity_t@@PAUrefEntity_t@2@@Z 004404de f   gl_frontend.obj
 0001:0003f501       ?AddSurfaces@sprModel_t@OpenGLDrv@@UAEXPAUrefEntity_t@2@@Z 00440501 f   gl_frontend.obj
 0001:0003f684       ?GetLeaf@sprModel_t@OpenGLDrv@@UAEPBUCBspLeaf@@PAUrefEntity_t@2@@Z 00440684 f   gl_frontend.obj
 0001:0003f76c       ?AddEntity@OpenGLDrv@@YAXPAUentity_t@@@Z 0044076c f   gl_frontend.obj
 0001:0003f925       ?AddDlight@OpenGLDrv@@YAXPAUdlight_t@@@Z 00440925 f   gl_frontend.obj
 0001:0003fadd       ?DrawPortal@OpenGLDrv@@YAXXZ 00440add f   gl_frontend.obj
 0001:00041d09       ?GL_TextureMode@OpenGLDrv@@YAXPBD@Z 00442d09 f   gl_image.obj
 0001:00041db4       ?CreateImage@OpenGLDrv@@YAPAVimage_t@1@PBDPAXHHI@Z 00442db4 f   gl_image.obj
 0001:00042b66       ?CreateImage8@OpenGLDrv@@YAPAVimage_t@1@PBDPAXHHIPAI@Z 00443b66 f   gl_image.obj
 0001:00042c45       ?LoadDelayedImages@OpenGLDrv@@YAXXZ 00443c45 f   gl_image.obj
 0001:00042cd8       ?DrawStretchRaw8@OpenGLDrv@@YAXHHHHHHPAEPAI@Z 00443cd8 f   gl_image.obj
 0001:0004300b       ?SetupGamma@OpenGLDrv@@YAXXZ 0044400b f   gl_image.obj
 0001:00043151       ?PerformScreenshot@OpenGLDrv@@YAXXZ 00444151 f   gl_image.obj
 0001:000433c2       ?InitImages@OpenGLDrv@@YAXXZ 004443c2 f   gl_image.obj
 0001:00043b9b       ?ShutdownImages@OpenGLDrv@@YAXXZ 00444b9b f   gl_image.obj
 0001:00043c02       ?ShowImages@OpenGLDrv@@YAXXZ 00444c02 f   gl_image.obj
 0001:00043e8e       ?FindImage@OpenGLDrv@@YAPAVimage_t@1@PBDI@Z 00444e8e f   gl_image.obj
 0001:000441fb       ?GL_Lock@OpenGLDrv@@YAXXZ  004451fb f   gl_interface.obj
 0001:00044273       ?GL_Unlock@OpenGLDrv@@YAXXZ 00445273 f   gl_interface.obj
 0001:00044435       ?GL_Bind@OpenGLDrv@@YAXPBVimage_t@1@@Z 00445435 f   gl_interface.obj
 0001:000445ca       ?GL_BindForce@OpenGLDrv@@YAXPBVimage_t@1@@Z 004455ca f   gl_interface.obj
 0001:00044662       ?GL_TexEnv@OpenGLDrv@@YAXI@Z 00445662 f   gl_interface.obj
 0001:000447e1       ?GL_TexMipBias@OpenGLDrv@@YAXM@Z 004457e1 f   gl_interface.obj
 0001:0004483d       ?GL_TexEnvColor@OpenGLDrv@@YAXPBTcolor_t@@@Z 0044583d f   gl_interface.obj
 0001:000448ed       ?GL_SelectTexture@OpenGLDrv@@YAXH@Z 004458ed f   gl_interface.obj
 0001:00044950       ?GL_TexCoordPointer@OpenGLDrv@@YAXPAX@Z 00445950 f   gl_interface.obj
 0001:00044983       ?GL_SetMultitexture@OpenGLDrv@@YAXH@Z 00445983 f   gl_interface.obj
 0001:00044a74       ?GL_DisableTexCoordArrays@OpenGLDrv@@YAXXZ 00445a74 f   gl_interface.obj
 0001:00044ac8       ?GL_CullFace@OpenGLDrv@@YAXW4gl_cullMode_t@1@@Z 00445ac8 f   gl_interface.obj
 0001:00044b1c       ?GL_DepthRange@OpenGLDrv@@YAXW4gl_depthMode_t@1@@Z 00445b1c f   gl_interface.obj
 0001:00044b52       ?GL_State@OpenGLDrv@@YAXI@Z 00445b52 f   gl_interface.obj
 0001:00044ca2       ?GL_EnableFog@OpenGLDrv@@YAX_N@Z 00445ca2 f   gl_interface.obj
 0001:00044d7c       ?GL_SetDefaultState@OpenGLDrv@@YAXXZ 00445d7c f   gl_interface.obj
 0001:00044ed3       ?GL_Set2DMode@OpenGLDrv@@YAXXZ 00445ed3 f   gl_interface.obj
 0001:00044fc7       ?GL_Set3DMode@OpenGLDrv@@YAXPAUviewPortal_t@1@@Z 00445fc7 f   gl_interface.obj
 0001:000450b2       ?Show@CPointLight@OpenGLDrv@@UBEXXZ 004460b2 f   gl_light.obj
 0001:000452bb       ?Show@CSurfLight@OpenGLDrv@@UBEXXZ 004462bb f   gl_light.obj
 0001:00045415       ?ShowLights@OpenGLDrv@@YAXXZ 00446415 f   gl_light.obj
 0001:00045484       ?Init@CPointLight@OpenGLDrv@@UAEXXZ 00446484 f   gl_light.obj
 0001:0004549c       ?Init@CLightLinear@OpenGLDrv@@EAEXXZ 0044649c f   gl_light.obj
 0001:000454d0       ?GetScale@CLightLinear@OpenGLDrv@@EBEMM@Z 004464d0 f   gl_light.obj
 0001:000454e0       ?Init@CLightInv@OpenGLDrv@@EAEXXZ 004464e0 f   gl_light.obj
 0001:000454fc       ?GetScale@CLightInv@OpenGLDrv@@EBEMM@Z 004464fc f   gl_light.obj
 0001:00045518       ?Init@CLightInv2@OpenGLDrv@@EAEXXZ 00446518 f   gl_light.obj
 0001:0004557f       ?GetScale@CLightInv2@OpenGLDrv@@EBEMM@Z 0044657f f   gl_light.obj
 0001:000455a1       ?Init@CLightNofade@OpenGLDrv@@EAEXXZ 004465a1 f   gl_light.obj
 0001:000455b2       ?GetScale@CLightNofade@OpenGLDrv@@EBEMM@Z 004465b2 f   gl_light.obj
 0001:000455b8       ?Add@CPointLight@OpenGLDrv@@UBEXABUCVec3@@ABUCAxis@@@Z 004465b8 f   gl_light.obj
 0001:00045a04       ?Init@CSurfLight@OpenGLDrv@@UAEXXZ 00446a04 f   gl_light.obj
 0001:00045add       ?Add@CSurfLight@OpenGLDrv@@UBEXABUCVec3@@ABUCAxis@@@Z 00446add f   gl_light.obj
 0001:00045efe       ?Init@CSunLight@OpenGLDrv@@UAEXXZ 00446efe f   gl_light.obj
 0001:00045fab       ?Add@CSunLight@OpenGLDrv@@UBEXABUCVec3@@ABUCAxis@@@Z 00446fab f   gl_light.obj
 0001:00046071       ?LightForEntity@OpenGLDrv@@YAXPAUrefEntity_t@1@@Z 00447071 f   gl_light.obj
 0001:0004694c       ?DiffuseLight@OpenGLDrv@@YAXPATcolor_t@@M@Z 0044794c f   gl_light.obj
 0001:00046b98       ?InitLightGrid@OpenGLDrv@@YAXXZ 00447b98 f   gl_light.obj
 0001:00046c3e       ?PostLoadLights@OpenGLDrv@@YAXXZ 00447c3e f   gl_light.obj
 0001:00046d27       ?LM_Init@OpenGLDrv@@YAXXZ  00447d27 f   gl_lightmap.obj
 0001:00046d3d       ?LM_Flush@OpenGLDrv@@YAXPAUlightmapBlock_t@1@@Z 00447d3d f   gl_lightmap.obj
 0001:00046d9d       ?LM_Done@OpenGLDrv@@YAXXZ  00447d9d f   gl_lightmap.obj
 0001:00046dc4       ?LM_Save@OpenGLDrv@@YAXPAUlightmapBlock_t@1@@Z 00447dc4 f   gl_lightmap.obj
 0001:00046ddf       ?LM_Restore@OpenGLDrv@@YAXPAUlightmapBlock_t@1@@Z 00447ddf f   gl_lightmap.obj
 0001:00046dfa       ?LM_NewBlock@OpenGLDrv@@YAPAUlightmapBlock_t@1@XZ 00447dfa f   gl_lightmap.obj
 0001:00046e59       ?LM_Rewind@OpenGLDrv@@YAXXZ 00447e59 f   gl_lightmap.obj
 0001:00046e61       ?LM_NextBlock@OpenGLDrv@@YAPAUlightmapBlock_t@1@XZ 00447e61 f   gl_lightmap.obj
 0001:00046e8e       ?LM_CheckMinlight@OpenGLDrv@@YAXPAUdynamicLightmap_t@1@@Z 00447e8e f   gl_lightmap.obj
 0001:00046f24       ?LM_AllocBlock@OpenGLDrv@@YA_NPAUlightmapBlock_t@1@PAUdynamicLightmap_t@1@@Z 00447f24 f   gl_lightmap.obj
 0001:0004704a       ?LM_PutBlock@OpenGLDrv@@YAXPAUdynamicLightmap_t@1@@Z 0044804a f   gl_lightmap.obj
 0001:000474be       ?LM_PutBlock1@OpenGLDrv@@YAXPAUdynamicLightmap_t@1@@Z 004484be f   gl_lightmap.obj
 0001:0004760f       ?LM_SortLightStyles@OpenGLDrv@@YAXPAUdynamicLightmap_t@1@@Z 0044860f f   gl_lightmap.obj
 0001:000476a1       ?UpdateDynamicLightmap@OpenGLDrv@@YAXPAVsurfacePlanar_t@1@_NI@Z 004486a1 f   gl_lightmap.obj
 0001:00047ee7       ?LM_IsMonotone@OpenGLDrv@@YA_NPAUdynamicLightmap_t@1@PATcolor_t@@@Z 00448ee7 f   gl_lightmap.obj
 0001:00047fee       ?Init@OpenGLDrv@@YA_NXZ    00448fee f   gl_main.obj
 0001:000486df       ?Shutdown@OpenGLDrv@@YAX_N@Z 004496df f   gl_main.obj
 0001:00048768       ?GL_EnableRendering@OpenGLDrv@@YAX_N@Z 00449768 f   gl_main.obj
 0001:00048786       ?BeginFrame@OpenGLDrv@@YAXN@Z 00449786 f   gl_main.obj
 0001:000488b3       ?EndFrame@OpenGLDrv@@YAXXZ 004498b3 f   gl_main.obj
 0001:000488cb       ?RenderFrame@OpenGLDrv@@YAXPAUrefdef_t@@@Z 004498cb f   gl_main.obj
 0001:00048e11       ?Zero@FDrawStats@OpenGLDrv@@QAEXXZ 00449e11 f i gl_main.obj
 0001:00049248       ?Fill8@OpenGLDrv@@YAXHHHHH@Z 0044a248 f   gl_main.obj
 0001:0004928b       ?Fill@OpenGLDrv@@YAXHHHHI@Z 0044a28b f   gl_main.obj
 0001:000492c7       ?TileClear@OpenGLDrv@@YAXHHHHPBD@Z 0044a2c7 f   gl_main.obj
 0001:00049368       ?DrawStretchPic@OpenGLDrv@@YAXHHHHPBD@Z 0044a368 f   gl_main.obj
 0001:000493ad       ?DrawDetailedPic@OpenGLDrv@@YAXHHHHPBD@Z 0044a3ad f   gl_main.obj
 0001:00049457       ?DrawPic@OpenGLDrv@@YAXHHPBDHH@Z 0044a457 f   gl_main.obj
 0001:000494df       ?LoadNewWorld@OpenGLDrv@@YAXXZ 0044a4df f   gl_main.obj
 0001:000494ff       ?DumpLoadStats@OpenGLDrv@@YAXXZ 0044a4ff f   gl_main.obj
 0001:00049585       ?FinishLoadingWorld@OpenGLDrv@@YAXXZ 0044a585 f   gl_main.obj
 0001:0004958a       ?RegisterPic@OpenGLDrv@@YAPAVCBasicImage@@PBD@Z 0044a58a f   gl_main.obj
 0001:0004959e       ?RegisterSkin@OpenGLDrv@@YAPAVCBasicImage@@PBD_N@Z 0044a59e f   gl_main.obj
 0001:000495be       ?RegisterModel@OpenGLDrv@@YAPAVCRenderModel@@PBD@Z 0044a5be f   gl_main.obj
 0001:000495cc       ?SetSky@OpenGLDrv@@YAXPBDMABUCVec3@@@Z 0044a5cc f   gl_main.obj
 0001:000496ab       ?Screenshot@OpenGLDrv@@YAXHPBD@Z 0044a6ab f   gl_main.obj
 0001:000496d4       ?GetClientLight@OpenGLDrv@@YAMXZ 0044a6d4 f   gl_main.obj
 0001:000496db       ?InitFuncTables@OpenGLDrv@@YAXXZ 0044a6db f   gl_math.obj
 0001:00049881       ?BuildRotationAxis@OpenGLDrv@@YAXAAUCAxis@@ABUCVec3@@M@Z 0044a881 f   gl_math.obj
 0001:00049978       ?GetBoxRect@OpenGLDrv@@YA_NPBUrefEntity_t@1@ABUCVec3@@QAM2_N@Z 0044a978 f   gl_math.obj
 0001:00049c82       ?ProjectToScreen@OpenGLDrv@@YA_NABUCVec3@@QAH@Z 0044ac82 f   gl_math.obj
 0001:00049dc5       ?SaturateColor3f@OpenGLDrv@@YAXAAUCVec3@@@Z 0044adc5 f   gl_math.obj
 0001:00049eb5       ?SaturateColor4b@OpenGLDrv@@YAXPATcolor_t@@@Z 0044aeb5 f   gl_math.obj
 0001:00049fc3       ?SubdividePlane@OpenGLDrv@@YAHPAPAUCVec3@@HM@Z 0044afc3 f   gl_poly.obj
 0001:0004a4a2       ?FreeSubdividedPlane@OpenGLDrv@@YAXXZ 0044b4a2 f   gl_poly.obj
 0001:0004a4ba       ?GetSubdivideIndexes@OpenGLDrv@@YAXPAH@Z 0044b4ba f   gl_poly.obj
 0001:0004a510       ?RemoveCollinearPoints@OpenGLDrv@@YAHPAPAUCVec3@@H@Z 0044b510 f   gl_poly.obj
 0001:0004a606       ?GetPolyArea@OpenGLDrv@@YAMPAPAUCVec3@@H@Z 0044b606 f   gl_poly.obj
 0001:0004a699       ?InitShaders@OpenGLDrv@@YAXXZ 0044b699 f   gl_shader.obj
 0001:0004a837       ?ShutdownShaders@OpenGLDrv@@YAXXZ 0044b837 f   gl_shader.obj
 0001:0004a875       ?GetLightmapImage@OpenGLDrv@@YAPAVimage_t@1@H@Z 0044b875 f   gl_shader.obj
 0001:0004a8a0       ?SetShaderLightmap@OpenGLDrv@@YAPAVshader_t@1@PAV21@H@Z 0044b8a0 f   gl_shader.obj
 0001:0004abba       ??4shader_t@OpenGLDrv@@QAEAAV01@ABV01@@Z 0044bbba f i gl_shader.obj
 0001:0004ae0e       ?SetShaderLightstyles@OpenGLDrv@@YAPAVshader_t@1@PAV21@I_N@Z 0044be0e f   gl_shader.obj
 0001:0004aec0       ?GetAlphaShader@OpenGLDrv@@YAPAVshader_t@1@PAV21@@Z 0044bec0 f   gl_shader.obj
 0001:0004b321       ?SetShaderAnimFreq@OpenGLDrv@@YAXPAVshader_t@1@H@Z 0044c321 f   gl_shader.obj
 0001:0004b377       ?FindShader@OpenGLDrv@@YAPAVshader_t@1@PBDI@Z 0044c377 f   gl_shader.obj
 0001:0004ce89       ?GetShaderByNum@OpenGLDrv@@YAPAVshader_t@1@H@Z 0044de89 f   gl_shader.obj
 0001:0004ceab       ?ResetShaders@OpenGLDrv@@YAXXZ 0044deab f   gl_shader.obj
 0001:0004d0e3       ?Reload@shader_t@OpenGLDrv@@UAEXXZ 0044e0e3 f   gl_shader.obj
 0001:0004d112       ?Insert@?$TList@VshaderScript_t@OpenGLDrv@@@@QAE_NPAVshaderScript_t@OpenGLDrv@@@Z 0044e112 f i gl_shader.obj
 0001:0004d112       ?Insert@?$TList@VCStringItem@@@@QAE_NPAVCStringItem@@@Z 0044e112 f i gl_shader.obj
 0001:0004d112       ?Insert@?$TList@VplayerModelInfo_t@@@@QAE_NPAVplayerModelInfo_t@@@Z 0044e112 f i gl_shader.obj
 0001:0004d148       ?ClearSky@OpenGLDrv@@YAXXZ 0044e148 f   gl_sky.obj
 0001:0004d1a5       ?AddSkySurface@OpenGLDrv@@YAXPAVsurfacePlanar_t@1@E@Z 0044e1a5 f   gl_sky.obj
 0001:0004d76d       ?DrawSky@OpenGLDrv@@YAXXZ  0044e76d f   gl_sky.obj
 0001:0004df6b       ?DrawChar@OpenGLDrv@@YAXHHHH@Z 0044ef6b f   gl_text.obj
 0001:0004dfc5       ?ClearTexts@OpenGLDrv@@YAXXZ 0044efc5 f   gl_text.obj
 0001:0004dfda       ?FlushTexts@OpenGLDrv@@YAXXZ 0044efda f   gl_text.obj
 0001:0004e086       ?DrawTextPos@OpenGLDrv@@YAXHHPBDI@Z 0044f086 f   gl_text.obj
 0001:0004e0b2       ?DrawTextLeft@OpenGLDrv@@YAXPBDI@Z 0044f0b2 f   gl_text.obj
 0001:0004e13a       ?DrawTextRight@OpenGLDrv@@YAXPBDI@Z 0044f13a f   gl_text.obj
 0001:0004e184       ?DrawText3D@OpenGLDrv@@YAXABUCVec3@@PBDI@Z 0044f184 f   gl_text.obj
 0001:0004e1b1       ?InitTexts@OpenGLDrv@@YAXXZ 0044f1b1 f   gl_text.obj
 0001:0004e1cb       ??0?$TTextContainer@UCRText@OpenGLDrv@@$0BAAAA@@@QAE@XZ 0044f1cb f i gl_text.obj
 0001:0004e1f0       ?FindModel@OpenGLDrv@@YAPAVmodel_t@1@PBD@Z 0044f1f0 f   gl_model.obj
 0001:0004e3cc       ?FreeModels@OpenGLDrv@@YAXXZ 0044f3cc f   gl_model.obj
 0001:0004e43e       ?InitModels@OpenGLDrv@@YAXXZ 0044f43e f   gl_model.obj
 0001:0004e534       ?ShutdownModels@OpenGLDrv@@YAXXZ 0044f534 f   gl_model.obj
 0001:0004e545       ?LoadWorldMap@OpenGLDrv@@YAXXZ 0044f545 f   gl_bspmodel.obj
 0001:0004e9ac       ?GetName@CLightLinear@OpenGLDrv@@EBEPBDXZ 0044f9ac f i gl_bspmodel.obj
 0001:0004e9b2       ?GetName@CLightInv@OpenGLDrv@@EBEPBDXZ 0044f9b2 f i gl_bspmodel.obj
 0001:0004e9b8       ?GetName@CLightInv2@OpenGLDrv@@EBEPBDXZ 0044f9b8 f i gl_bspmodel.obj
 0001:0004e9be       ?GetName@CLightNofade@OpenGLDrv@@EBEPBDXZ 0044f9be f i gl_bspmodel.obj
 0001:0004e9c4       ?Flush@COutputDevice@@UAEXXZ 0044f9c4 f i gl_bspmodel.obj
 0001:0004e9c4       ?Show@CSunLight@OpenGLDrv@@UBEXXZ 0044f9c4 f i gl_bspmodel.obj
 0001:0004e9c4       ?Close@COutputDevice@@UAEXXZ 0044f9c4 f i gl_bspmodel.obj
 0001:000507d4       ?LerpTag@model_t@OpenGLDrv@@UBE_NHHMPBDAAUCCoords@@@Z 004517d4 f   gl_trimodel.obj
 0001:000507e2       ?LerpTag@md3Model_t@OpenGLDrv@@UBE_NHHMPBDAAUCCoords@@@Z 004517e2 f   gl_trimodel.obj
 0001:000508f2       ?LoadMd2@OpenGLDrv@@YAPAVmd3Model_t@1@PBDPAEI@Z 004518f2 f   gl_trimodel.obj
 0001:00051487       ?ATAN2_FUNC@OpenGLDrv@@YAMMM@Z 00452487 f i gl_trimodel.obj
 0001:0005163d       ?LoadMd3@OpenGLDrv@@YAPAVmd3Model_t@1@PBDPAEI@Z 0045263d f   gl_trimodel.obj
 0001:00051b1e       ?LoadSp2@OpenGLDrv@@YAPAVsprModel_t@1@PBDPAEI@Z 00452b1e f   gl_trimodel.obj
 0001:00051d49       ?LoadSpr@OpenGLDrv@@YAPAVsprModel_t@1@PBDPAEI@Z 00452d49 f   gl_trimodel.obj
 0001:000534c2       ?QGL_Init@OpenGLDrv@@YA_NPBD@Z 004544c2 f   GLBind.obj
 0001:000535ae       ?QGL_Shutdown@OpenGLDrv@@YAXXZ 004545ae f   GLBind.obj
 0001:000535eb       ?QGL_InitExtensions@OpenGLDrv@@YAXXZ 004545eb f   GLBind.obj
[...]
 0001:00063272       _noscale                   00464272 f   libs-vc-win32:jcscale.obj
 0001:00062d1b       _start_pass                00463d1b f   libs-vc-win32:jcpred.obj
 0001:00062d73       _reset_predictor           00463d73 f   libs-vc-win32:jcpred.obj
 0001:00062da0       _jpeg_difference_first_row 00463da0 f   libs-vc-win32:jcpred.obj
 0001:00062e8a       _jpeg_difference1          00463e8a f   libs-vc-win32:jcpred.obj
 0001:00062ef8       _jpeg_difference2          00463ef8 f   libs-vc-win32:jcpred.obj
 0001:00062f69       _jpeg_difference3          00463f69 f   libs-vc-win32:jcpred.obj
 0001:00062fe1       _jpeg_difference4          00463fe1 f   libs-vc-win32:jcpred.obj
 0001:0006306c       _jpeg_difference5          0046406c f   libs-vc-win32:jcpred.obj
 0001:000630ff       _jpeg_difference6          004640ff f   libs-vc-win32:jcpred.obj
 0001:0006318e       _jpeg_difference7          0046418e f   libs-vc-win32:jcpred.obj
 0001:0006260a       _start_pass_huff           0046360a f   libs-vc-win32:jclhuff.obj
 0001:000627a7       _encode_mcus_huff          004637a7 f   libs-vc-win32:jclhuff.obj
 0001:00062992       _emit_bits                 00463992 f   libs-vc-win32:jclhuff.obj
 0001:00062a35       _dump_buffer               00463a35 f   libs-vc-win32:jclhuff.obj
 0001:00062a59       _emit_restart              00463a59 f   libs-vc-win32:jclhuff.obj
 0001:00062aa4       _flush_bits                00463aa4 f   libs-vc-win32:jclhuff.obj
 0001:00062ac8       _finish_pass_huff          00463ac8 f   libs-vc-win32:jclhuff.obj
 0001:00062b35       _encode_mcus_gather        00463b35 f   libs-vc-win32:jclhuff.obj
 0001:00062c5e       _finish_pass_gather        00463c5e f   libs-vc-win32:jclhuff.obj
 0001:00062cf4       _need_optimization_pass    00463cf4 f   libs-vc-win32:jclhuff.obj
 0001:0006222a       _start_pass_diff           0046322a f   libs-vc-win32:jcdiffct.obj
 0001:00060533       _start_iMCU_row            00461533 f   libs-vc-win32:jccoefct.obj
 0001:000622c8       _compress_data             004632c8 f   libs-vc-win32:jcdiffct.obj
 0001:0006245e       _compress_first_pass       0046345e f   libs-vc-win32:jcdiffct.obj
 0001:00062553       _compress_output           00463553 f   libs-vc-win32:jcdiffct.obj
 0001:00061e3d       _start_pass_fdctmgr        00462e3d f   libs-vc-win32:jcdctmgr.obj
 0001:00061f3f       _forward_DCT_float         00462f3f f   libs-vc-win32:jcdctmgr.obj
 0001:00061372       _start_pass_phuff          00462372 f   libs-vc-win32:jcphuff.obj
 0001:000614df       _encode_mcu_DC_first       004624df f   libs-vc-win32:jcphuff.obj
 0001:00061611       _emit_bits                 00462611 f   libs-vc-win32:jcphuff.obj
 0001:000616bc       _dump_buffer               004626bc f   libs-vc-win32:jcphuff.obj
 0001:000616f4       _emit_symbol               004626f4 f   libs-vc-win32:jcphuff.obj
 0001:00061734       _emit_restart              00462734 f   libs-vc-win32:jcphuff.obj
 0001:000617bd       _emit_eobrun               004627bd f   libs-vc-win32:jcphuff.obj
 0001:00061843       _encode_mcu_AC_first       00462843 f   libs-vc-win32:jcphuff.obj
 0001:000619d7       _encode_mcu_DC_refine      004629d7 f   libs-vc-win32:jcphuff.obj
 0001:00061a91       _encode_mcu_AC_refine      00462a91 f   libs-vc-win32:jcphuff.obj
 0001:00061ca8       _finish_pass_phuff         00462ca8 f   libs-vc-win32:jcphuff.obj
 0001:00061cf7       _finish_pass_gather_phuff  00462cf7 f   libs-vc-win32:jcphuff.obj
 0001:00061dba       _need_optimization_pass    00462dba f   libs-vc-win32:jcphuff.obj
 0001:00060b0d       _start_pass_huff           00461b0d f   libs-vc-win32:jcshuff.obj
 0001:00060c82       _encode_mcu_huff           00461c82 f   libs-vc-win32:jcshuff.obj
 0001:00060d8d       _encode_one_block          00461d8d f   libs-vc-win32:jcshuff.obj
 0001:00060f04       _emit_bits                 00461f04 f   libs-vc-win32:jcshuff.obj
 0001:00060fa7       _dump_buffer               00461fa7 f   libs-vc-win32:jcshuff.obj
 0001:00060fcb       _emit_restart              00461fcb f   libs-vc-win32:jcshuff.obj
 0001:00061038       _flush_bits                00462038 f   libs-vc-win32:jcshuff.obj
 0001:0006105c       _finish_pass_huff          0046205c f   libs-vc-win32:jcshuff.obj
 0001:000610cb       _encode_mcu_gather         004620cb f   libs-vc-win32:jcshuff.obj
 0001:00061181       _htest_one_block           00462181 f   libs-vc-win32:jcshuff.obj
 0001:00061248       _finish_pass_gather        00462248 f   libs-vc-win32:jcshuff.obj
 0001:00062cf4       _need_optimization_pass    00463cf4 f   libs-vc-win32:jclhuff.obj
 0001:0006049e       _start_pass_coef           0046149e f   libs-vc-win32:jccoefct.obj
 0001:00060533       _start_iMCU_row            00461533 f   libs-vc-win32:jccoefct.obj
 0001:00060575       _compress_data             00461575 f   libs-vc-win32:jccoefct.obj
 0001:0006075c       _compress_first_pass       0046175c f   libs-vc-win32:jccoefct.obj
 0001:00060942       _compress_output           00461942 f   libs-vc-win32:jccoefct.obj
 0001:000603b6       _calc_output_dimensions    004613b6 f   libs-vc-win32:jdlossls.obj
 0001:000603c7       _start_input_pass          004613c7 f   libs-vc-win32:jdlossls.obj
 0001:000600f5       _calc_output_dimensions    004610f5 f   libs-vc-win32:jdlossy.obj
 0001:00060268       _start_input_pass          00461268 f   libs-vc-win32:jdlossy.obj
 0001:00060288       _latch_quant_tables        00461288 f   libs-vc-win32:jdlossy.obj
 0001:00060320       _start_output_pass         00461320 f   libs-vc-win32:jdlossy.obj
 0001:00060044       _start_pass                00461044 f   libs-vc-win32:jclossls.obj
 0001:0005ffb0       _start_pass                00460fb0 f   libs-vc-win32:jclossy.obj
 0001:0005f505       _initial_setup             00460505 f   libs-vc-win32:jcmaster.obj
 0001:0005f6b8       _validate_script           004606b8 f   libs-vc-win32:jcmaster.obj
 0001:0005fa90       _prepare_for_pass          00460a90 f   libs-vc-win32:jcmaster.obj
 0001:0005fc08       _select_scan_parameters    00460c08 f   libs-vc-win32:jcmaster.obj
 0001:0005fd09       _per_scan_setup            00460d09 f   libs-vc-win32:jcmaster.obj
 0001:0005feb4       _pass_startup              00460eb4 f   libs-vc-win32:jcmaster.obj
 0001:0005fedb       _finish_pass_master        00460edb f   libs-vc-win32:jcmaster.obj
 0001:0005eff1       _rgb_ycc_start             0045fff1 f   libs-vc-win32:jccolor.obj
 0001:0005f0b5       _rgb_ycc_convert           004600b5 f   libs-vc-win32:jccolor.obj
 0001:0005f1b4       _rgb_gray_convert          004601b4 f   libs-vc-win32:jccolor.obj
 0001:0005f239       _cmyk_ycck_convert         00460239 f   libs-vc-win32:jccolor.obj
 0001:0005f371       _grayscale_convert         00460371 f   libs-vc-win32:jccolor.obj
 0001:0005f3cb       _null_convert              004603cb f   libs-vc-win32:jccolor.obj
 0001:000309cc       _null_method               004319cc f   images.obj
 0001:000309cc       _start_pass_downsample     004319cc f   images.obj
 0001:0005e73d       _sep_downsample            0045f73d f   libs-vc-win32:jcsample.obj
 0001:0005e7b2       _int_downsample            0045f7b2 f   libs-vc-win32:jcsample.obj
 0001:0005e8aa       _expand_right_edge         0045f8aa f   libs-vc-win32:jcsample.obj
 0001:0005e8ff       _fullsize_downsample       0045f8ff f   libs-vc-win32:jcsample.obj
 0001:0005e943       _h2v1_downsample           0045f943 f   libs-vc-win32:jcsample.obj
 0001:0005e9d7       _h2v2_downsample           0045f9d7 f   libs-vc-win32:jcsample.obj
 0001:0005ea84       _h2v2_smooth_downsample    0045fa84 f   libs-vc-win32:jcsample.obj
 0001:0005ecfc       _fullsize_smooth_downsample 0045fcfc f   libs-vc-win32:jcsample.obj
 0001:0005e139       _start_pass_prep           0045f139 f   libs-vc-win32:jcprepct.obj
 0001:0005e177       _pre_process_data          0045f177 f   libs-vc-win32:jcprepct.obj
 0001:0005e325       _pre_process_context       0045f325 f   libs-vc-win32:jcprepct.obj
 0001:0005e4de       _create_context_buffer     0045f4de f   libs-vc-win32:jcprepct.obj
 0001:0005dfb1       _start_pass_main           0045efb1 f   libs-vc-win32:jcmainct.obj
 0001:0005dff3       _process_data_simple_main  0045eff3 f   libs-vc-win32:jcmainct.obj
 0001:0005d587       _create_colormap           0045e587 f   libs-vc-win32:jquant1.obj
 0001:0005d6b9       _select_ncolors            0045e6b9 f   libs-vc-win32:jquant1.obj
 0001:0005d790       _create_colorindex         0045e790 f   libs-vc-win32:jquant1.obj
 0001:0005d8bc       _alloc_fs_workspace        0045e8bc f   libs-vc-win32:jquant1.obj
 0001:0005d8f8       _start_pass_1_quant        0045e8f8 f   libs-vc-win32:jquant1.obj
 0001:0005d9c4       _create_odither_tables     0045e9c4 f   libs-vc-win32:jquant1.obj
 0001:0005da23       _make_odither_array        0045ea23 f   libs-vc-win32:jquant1.obj
 0001:0005da86       _color_quantize            0045ea86 f   libs-vc-win32:jquant1.obj
 0001:0005db11       _color_quantize3           0045eb11 f   libs-vc-win32:jquant1.obj
 0001:0005db9f       _quantize_ord_dither       0045eb9f f   libs-vc-win32:jquant1.obj
 0001:0005dc8a       _quantize3_ord_dither      0045ec8a f   libs-vc-win32:jquant1.obj
 0001:0005dd8a       _quantize_fs_dither        0045ed8a f   libs-vc-win32:jquant1.obj
 0001:000309cc       _finish_pass_1_quant       004319cc f   images.obj
 0001:0005df0e       _new_color_map_1_quant     0045ef0e f   libs-vc-win32:jquant1.obj
 0001:0005c548       _init_error_limit          0045d548 f   libs-vc-win32:jquant2.obj
 0001:0005c5e7       _start_pass_2_quant        0045d5e7 f   libs-vc-win32:jquant2.obj
 0001:0005c6e9       _prescan_quantize          0045d6e9 f   libs-vc-win32:jquant2.obj
 0001:0005c758       _pass2_no_dither           0045d758 f   libs-vc-win32:jquant2.obj
 0001:0005c805       _fill_inverse_cmap         0045d805 f   libs-vc-win32:jquant2.obj
 0001:0005c8d0       _find_nearby_colors        0045d8d0 f   libs-vc-win32:jquant2.obj
 0001:0005ca74       _find_best_colors          0045da74 f   libs-vc-win32:jquant2.obj
 0001:0005cb8e       _pass2_fs_dither           0045db8e f   libs-vc-win32:jquant2.obj
 0001:0005cdfd       _finish_pass1              0045ddfd f   libs-vc-win32:jquant2.obj
 0001:0005ce1f       _select_colors             0045de1f f   libs-vc-win32:jquant2.obj
 0001:0005ceab       _update_box                0045deab f   libs-vc-win32:jquant2.obj
 0001:0005d245       _median_cut                0045e245 f   libs-vc-win32:jquant2.obj
 0001:0005d359       _find_biggest_color_pop    0045e359 f   libs-vc-win32:jquant2.obj
 0001:0005d388       _find_biggest_volume       0045e388 f   libs-vc-win32:jquant2.obj
 0001:0005d3b1       _compute_color             0045e3b1 f   libs-vc-win32:jquant2.obj
 0001:000309cc       _finish_pass2              004319cc f   images.obj
 0001:0005d4ed       _new_color_map_2_quant     0045e4ed f   libs-vc-win32:jquant2.obj
 0001:0005bf5f       _build_ycc_rgb_table       0045cf5f f   libs-vc-win32:jdmerge.obj
 0001:0005c00f       _start_pass_merged_upsample 0045d00f f   libs-vc-win32:jdmerge.obj
 0001:0005c024       _merged_2v_upsample        0045d024 f   libs-vc-win32:jdmerge.obj
 0001:0005c0cb       _merged_1v_upsample        0045d0cb f   libs-vc-win32:jdmerge.obj
 0001:0005c0fc       _h2v1_merged_upsample      0045d0fc f   libs-vc-win32:jdmerge.obj
 0001:0005c252       _h2v2_merged_upsample      0045d252 f   libs-vc-win32:jdmerge.obj
 0001:0005bb03       _build_ycc_rgb_table       0045cb03 f   libs-vc-win32:jdcolor.obj
 0001:0005bbb3       _ycc_rgb_convert           0045cbb3 f   libs-vc-win32:jdcolor.obj
 0001:0005bcc1       _null_convert              0045ccc1 f   libs-vc-win32:jdcolor.obj
 0001:0005bd39       _grayscale_convert         0045cd39 f   libs-vc-win32:jdcolor.obj
 0001:0005bd5c       _gray_rgb_convert          0045cd5c f   libs-vc-win32:jdcolor.obj
 0001:0005bdb5       _ycck_cmyk_convert         0045cdb5 f   libs-vc-win32:jdcolor.obj
 0001:000309cc       _start_pass_dcolor         004319cc f   images.obj
 0001:0005b564       _start_pass_upsample       0045c564 f   libs-vc-win32:jdsample.obj
 0001:0005b57e       _sep_upsample              0045c57e f   libs-vc-win32:jdsample.obj
 0001:0005b64b       _fullsize_upsample         0045c64b f   libs-vc-win32:jdsample.obj
 0001:0005b656       _noop_upsample             0045c656 f   libs-vc-win32:jdsample.obj
 0001:0005b65e       _int_upsample              0045c65e f   libs-vc-win32:jdsample.obj
 0001:0005b748       _h2v1_upsample             0045c748 f   libs-vc-win32:jdsample.obj
 0001:0005b79f       _h2v2_upsample             0045c79f f   libs-vc-win32:jdsample.obj
 0001:0005b811       _h2v1_fancy_upsample       0045c811 f   libs-vc-win32:jdsample.obj
 0001:0005b8b4       _h2v2_fancy_upsample       0045c8b4 f   libs-vc-win32:jdsample.obj
 0001:0005b16d       _start_pass_dpost          0045c16d f   libs-vc-win32:jdpostct.obj
 0001:0005b213       _post_process_1pass        0045c213 f   libs-vc-win32:jdpostct.obj
 0001:0005b278       _post_process_prepass      0045c278 f   libs-vc-win32:jdpostct.obj
 0001:0005b309       _post_process_2pass        0045c309 f   libs-vc-win32:jdpostct.obj
 0001:0005ab74       _alloc_funny_pointers      0045bb74 f   libs-vc-win32:jdmainct.obj
 0001:0005ac21       _start_pass_main           0045bc21 f   libs-vc-win32:jdmainct.obj
 0001:0005ac89       _make_funny_pointers       0045bc89 f   libs-vc-win32:jdmainct.obj
 0001:0005adc9       _process_data_simple_main  0045bdc9 f   libs-vc-win32:jdmainct.obj
 0001:0005ae31       _process_data_context_main 0045be31 f   libs-vc-win32:jdmainct.obj
 0001:0005af43       _set_wraparound_pointers   0045bf43 f   libs-vc-win32:jdmainct.obj
 0001:0005b02d       _set_bottom_pointers       0045c02d f   libs-vc-win32:jdmainct.obj
 0001:0005b0c7       _process_data_crank_post   0045c0c7 f   libs-vc-win32:jdmainct.obj
 0001:000598a0       _write_marker_header       0045a8a0 f   libs-vc-win32:jcmarker.obj
 0001:000598f6       _emit_byte                 0045a8f6 f   libs-vc-win32:jcmarker.obj
 0001:00059927       _write_marker_byte         0045a927 f   libs-vc-win32:jcmarker.obj
 0001:00059937       _write_file_header         0045a937 f   libs-vc-win32:jcmarker.obj
 0001:00059983       _emit_jfif_app0            0045a983 f   libs-vc-win32:jcmarker.obj
 0001:00059a56       _emit_adobe_app14          0045aa56 f   libs-vc-win32:jcmarker.obj
 0001:00059afc       _write_frame_header        0045aafc f   libs-vc-win32:jcmarker.obj
 0001:00059bdb       _emit_dqt                  0045abdb f   libs-vc-win32:jcmarker.obj
 0001:00059cca       _emit_sof                  0045acca f   libs-vc-win32:jcmarker.obj
 0001:00059da6       _write_scan_header         0045ada6 f   libs-vc-win32:jcmarker.obj
 0001:00059e66       _emit_dht                  0045ae66 f   libs-vc-win32:jcmarker.obj
 0001:00059f3f       _emit_dri                  0045af3f f   libs-vc-win32:jcmarker.obj
 0001:00059f8e       _emit_sos                  0045af8e f   libs-vc-win32:jcmarker.obj
 0001:0005a07c       _write_file_trailer        0045b07c f   libs-vc-win32:jcmarker.obj
 0001:0005a09c       _write_tables_only         0045b09c f   libs-vc-win32:jcmarker.obj
 0001:000593f5       _use_merged_upsample       0045a3f5 f   libs-vc-win32:jdmaster.obj
 0001:0005949b       _master_selection          0045a49b f   libs-vc-win32:jdmaster.obj
 0001:000595f8       _prepare_range_limit_table 0045a5f8 f   libs-vc-win32:jdmaster.obj
 0001:0005967e       _prepare_for_output_pass   0045a67e f   libs-vc-win32:jdmaster.obj
 0001:0005979f       _finish_output_pass        0045a79f f   libs-vc-win32:jdmaster.obj
 0001:0005886c       _alloc_small               0045986c f   libs-vc-win32:jmemmgr.obj
 0001:0005898a       _alloc_large               0045998a f   libs-vc-win32:jmemmgr.obj
 0001:00058a3b       _alloc_sarray              00459a3b f   libs-vc-win32:jmemmgr.obj
 0001:00058ad3       _alloc_barray              00459ad3 f   libs-vc-win32:jmemmgr.obj
 0001:00058b77       _alloc_darray              00459b77 f   libs-vc-win32:jmemmgr.obj
 0001:00058c22       _request_virt_sarray       00459c22 f   libs-vc-win32:jmemmgr.obj
 0001:00058c83       _request_virt_barray       00459c83 f   libs-vc-win32:jmemmgr.obj
 0001:00058ce4       _realize_virt_arrays       00459ce4 f   libs-vc-win32:jmemmgr.obj
 0001:00058e67       _access_virt_sarray        00459e67 f   libs-vc-win32:jmemmgr.obj
 0001:00058f87       _do_sarray_io              00459f87 f   libs-vc-win32:jmemmgr.obj
 0001:00059017       _access_virt_barray        0045a017 f   libs-vc-win32:jmemmgr.obj
 0001:0005913c       _do_barray_io              0045a13c f   libs-vc-win32:jmemmgr.obj
 0001:000591cd       _free_pool                 0045a1cd f   libs-vc-win32:jmemmgr.obj
 0001:000592b4       _self_destruct             0045a2b4 f   libs-vc-win32:jmemmgr.obj
 0001:00058306       _start_input_pass          00459306 f   libs-vc-win32:jdinput.obj
 0001:00058334       _per_scan_setup            00459334 f   libs-vc-win32:jdinput.obj
 0001:000584ba       _finish_input_pass         004594ba f   libs-vc-win32:jdinput.obj
 0001:000584cb       _consume_markers           004594cb f   libs-vc-win32:jdinput.obj
 0001:00058567       _initial_setup             00459567 f   libs-vc-win32:jdinput.obj
 0001:00058771       _reset_input_controller    00459771 f   libs-vc-win32:jdinput.obj
 0001:00057f0b       _make_crc_table            00458f0b f   libs-vc-win32:crc32.obj
 0001:00058058       _crc32_little              00459058 f   libs-vc-win32:crc32.obj
 0001:00057d05       _fixedtables               00458d05 f   libs-vc-win32:inflate.obj
 0001:00057def       _updatewindow              00458def f   libs-vc-win32:inflate.obj
 0001:00056a2d       _init_destination          00457a2d f   libs-vc-win32:jdatadst.obj
 0001:00056a53       _empty_output_buffer       00457a53 f   libs-vc-win32:jdatadst.obj
 0001:00056a95       _term_destination          00457a95 f   libs-vc-win32:jdatadst.obj
 0001:000565b4       _std_huff_tables           004575b4 f   libs-vc-win32:jcparam.obj
 0001:0005660e       _add_huff_table            0045760e f   libs-vc-win32:jcparam.obj
 0001:00054b0c       _next_marker               00455b0c f   libs-vc-win32:jdmarker.obj
 0001:00054c46       _get_interesting_appn      00455c46 f   libs-vc-win32:jdmarker.obj
 0001:00054d71       _examine_app0              00455d71 f   libs-vc-win32:jdmarker.obj
 0001:00054f7f       _examine_app14             00455f7f f   libs-vc-win32:jdmarker.obj
 0001:00055040       _skip_variable             00456040 f   libs-vc-win32:jdmarker.obj
 0001:000550e3       _read_markers              004560e3 f   libs-vc-win32:jdmarker.obj
 0001:000552eb       _get_soi                   004562eb f   libs-vc-win32:jdmarker.obj
 0001:00055396       _get_sof                   00456396 f   libs-vc-win32:jdmarker.obj
 0001:0005569f       _get_sos                   0045669f f   libs-vc-win32:jdmarker.obj
 0001:0005598d       _get_dht                   0045698d f   libs-vc-win32:jdmarker.obj
 0001:00055c2e       _get_dqt                   00456c2e f   libs-vc-win32:jdmarker.obj
 0001:00055e8a       _get_dri                   00456e8a f   libs-vc-win32:jdmarker.obj
 0001:00055f69       _first_marker              00456f69 f   libs-vc-win32:jdmarker.obj
 0001:00056005       _read_restart_marker       00457005 f   libs-vc-win32:jdmarker.obj
 0001:00056083       _reset_marker_reader       00457083 f   libs-vc-win32:jdmarker.obj
 0001:000548f0       _output_pass_setup         004558f0 f   libs-vc-win32:jdapistd.obj
 0001:000545e3       _default_decompress_parms  004555e3 f   libs-vc-win32:jdapimin.obj

 296 bytes saved through ICF

