 quake2

 Timestamp is 429d819d (Wed Jun 01 13:36:29 2005)

 Preferred load address is 00400000

 Start         Length     Name                   Class
 0001:00000000 0005f040H .text                   CODE
 0002:00000000 0000027cH .idata$5                DATA
 0002:00000280 00005be4H .rdata                  DATA
 0002:00005e68 00000044H .rdata$r                DATA
 0002:00005eb0 00000038H .xdata$x                DATA
 0002:00005ee8 00000078H .idata$2                DATA
 0002:00005f60 00000014H .idata$3                DATA
 0002:00005f74 0000027cH .idata$4                DATA
 0002:000061f0 00000808H .idata$6                DATA
 0002:000069f8 00000000H .edata                  DATA
 0003:00000000 00000004H .CRT$XCA                DATA
 0003:00000004 00000078H .CRT$XCU                DATA
 0003:0000007c 00000004H .CRT$XCZ                DATA
 0003:00000080 00000004H .CRT$XIA                DATA
 0003:00000084 00000004H .CRT$XIZ                DATA
 0003:00000090 0000ccfcH .data                   DATA
 0003:0000cd90 00317b20H .bss                    DATA
 0004:00000000 00000130H .rsrc$01                DATA
 0004:00000130 00003f20H .rsrc$02                DATA

  Address         Publics by Value              Rva+Base     Lib:Object

 0001:00000000       ??3@YAXPAX@Z               00401000 f i CoreMain.obj
 0001:0000000b       ?appInit@@YAXXZ            0040100b f   CoreMain.obj
 0001:0000006e       ?appExit@@YAXXZ            0040106e f   CoreMain.obj
 0001:00000073       ?appLoadDebugSymbols@@YAXXZ 00401073 f   DbgSymbols.obj
 0001:00000276       ?appSymbolName@@YA_NIPADH@Z 00401276 f   DbgSymbols.obj
 0001:00000362       ?appSymbolName@@YAPBDI@Z   00401362 f   DbgSymbols.obj
 0001:00000394       ?appMalloc@@YAPAXIH@Z      00401394 f   Memory.obj
 0001:00000442       ?appFree@@YAXPAX@Z         00401442 f   Memory.obj
 0001:00000470       ?Unlink@FMemHeader@@QAEXXZ 00401470 f i Memory.obj
 0001:0000049b       ?Link@CMemoryChain@@AAEXXZ 0040149b f   Memory.obj
 0001:000004ba       ?Unlink@CMemoryChain@@AAEXXZ 004014ba f   Memory.obj
 0001:000004e5       ??2CMemoryChain@@SAPAXIH@Z 004014e5 f   Memory.obj
 0001:00000557       ??3CMemoryChain@@SAXPAX@Z  00401557 f   Memory.obj
 0001:0000058a       ?Alloc@CMemoryChain@@QAEPAXIH@Z 0040158a f   Memory.obj
 0001:000005f4       ?appInitMemory@@YAXXZ      004015f4 f   Memory.obj
 0001:00000b3f       ?Write@COutputDeviceNull@@UAEXPBD@Z 00401b3f f i OutputDevice.obj
 0001:00000b42       ?appWPrintf@@YAXPBDZZ      00401b42 f   OutputDevice.obj
 0001:00000b93       ?appFatalError@@YAXPBDZZ   00401b93 f   ErrorMgr.obj
 0001:00000bcd       ?appNonFatalError@@YAXPBDZZ 00401bcd f   ErrorMgr.obj
 0001:00000c2b       ?appUnwindPrefix@@YAXPBD@Z 00401c2b f   ErrorMgr.obj
 0001:00000c82       ?appUnwindThrow@@YAXPBDZZ  00401c82 f   ErrorMgr.obj
 0001:00000d09       ?Reset@CErrorHandler@@QAEXXZ 00401d09 f   ErrorMgr.obj
 0001:00000d33       ?appInitError@@YAXXZ       00401d33 f   ErrorMgr.obj
 0001:00000df1       ?appStricmp@@YAHPBD0@Z     00401df1 f   Strings.obj
 0001:00000e26       ?toLower@@YADD@Z           00401e26 f i Strings.obj
 0001:00000e3d       ?appStrcpy@@YAXPADPBD@Z    00401e3d f   Strings.obj
 0001:00000e50       ?appStrncpylwr@@YAXPADPBDH@Z 00401e50 f   Strings.obj
 0001:00000e88       ?appStrncpyz@@YAXPADPBDH@Z 00401e88 f   Strings.obj
 0001:00000eb5       ?appStrcatn@@YAXPADHPBD@Z  00401eb5 f   Strings.obj
 0001:00000ee0       ?appCopyFilename@@YAXPADPBDH@Z 00401ee0 f   Strings.obj
 0001:00000f7c       ?appCStrlen@@YAHPBD@Z      00401f7c f   Strings.obj
 0001:00000fa1       ?appUncolorizeString@@YAXPADPBD@Z 00401fa1 f   Strings.obj
 0001:00000fd1       ?va@@YAPBDPBDZZ            00401fd1 f   Strings.obj
 0001:0000106d       ?appSprintf@@YAHPADHPBDZZ  0040206d f   Strings.obj
 0001:000010b8       ?appMatchWildcard@@YA_NPBD0_N@Z 004020b8 f   Strings.obj
 0001:00001238       ?CopyString@@YAPADPBD@Z    00402238 f   Strings.obj
 0001:00001278       ?CopyString@@YAPADPBDPAVCMemoryChain@@@Z 00402278 f   Strings.obj
 0001:000012ac       ??2CStringItem@@SAPAXIPBD@Z 004022ac f   Strings.obj
 0001:000012f5       ??2CStringItem@@SAPAXIPBDPAVCMemoryChain@@@Z 004022f5 f   Strings.obj
 0001:00001332       ?Find@CStringList@@IAEPAVCStringItem@@PBDPAPAV2@@Z 00402332 f   Strings.obj
 0001:00001375       ?Find@CStringList@@IAEPAVCStringItem@@H@Z 00402375 f   Strings.obj
 0001:0000138e       ?IndexOf@CStringList@@QAEHPBD@Z 0040238e f   Strings.obj
 0001:000013bb       ?Remove@CStringList@@QAE_NPAVCStringItem@@@Z 004023bb f   Strings.obj
 0001:000013e7       ?Free@CStringList@@QAEXXZ  004023e7 f   Strings.obj
 0001:00001400       ?appMillisecondsf@@YANXZ   00402400 f   CoreWin32.obj
 0001:00001439       ?appMilliseconds@@YAIXZ    00402439 f   CoreWin32.obj
 0001:0000146e       ?cpuid@@YAXI@Z             0040246e f   CoreWin32.obj
 0001:00001491       ?appInitPlatform@@YAXXZ    00402491 f   CoreWin32.obj
 0001:00001724       ?appShutdownPlatform@@YAXXZ 00402724 f   CoreWin32.obj
 0001:0000172d       ?osAddressInfo@@YA_NIPADHPAH@Z 0040272d f   DbgSymbolsWin32.obj
 0001:000017c1       ?osModuleInfo@@YA_NIPADHPAH@Z 004027c1 f   DbgSymbolsWin32.obj
 0001:00001969       ?win32ExceptFilter@@YAHPAU_EXCEPTION_POINTERS@@@Z 00402969 f   ExceptFilterWin32.obj
 0001:00001e9f       ?win32ExceptFilter2@@YAHXZ 00402e9f f   ExceptFilterWin32.obj
 0001:00001eab       ?SCR_StopCinematic@@YAXXZ  00402eab f   cl_cin.obj
 0001:00001f3f       ?SCR_DrawCinematic@@YA_NXZ 00402f3f f   cl_cin.obj
 0001:000023a0       ?SCR_PlayCinematic@@YAXPAD@Z 004033a0 f   cl_cin.obj
 0001:00002710       ?CL_Download_f@@YAX_NHPAPAD@Z 00403710 f   cl_download.obj
 0001:00002ac1       ?CL_ParseDownload@@YAXXZ   00403ac1 f   cl_download.obj
 0001:000032ce       ?CL_Precache_f@@YAXHPAPAD@Z 004042ce f   cl_download.obj
 0001:0000332c       ?CL_ParseDelta@@YAXPAUentityState_t@@0HI_N@Z 0040432c f   cl_ents.obj
 0001:000034a9       ?CL_ParsePacketEntities@@YAXPAUframe_t@@0@Z 004044a9 f   cl_ents.obj
 0001:00003814       ?CL_FireEntityEvents@@YAXPAUframe_t@@@Z 00404814 f   cl_ents.obj
 0001:00003866       ?CL_ParseFrame@@YAXXZ      00404866 f   cl_ents.obj
 0001:00003b58       ?CL_AddEntityBox@@YAXPAUentityState_t@@I@Z 00404b58 f   cl_ents.obj
 0001:00003c56       ?Lerp@@YAXABUCVec3@@0MAAU1@@Z 00404c56 f i cl_ents.obj
 0001:00003c8d       ?CL_OffsetThirdPersonView@@YAXXZ 00404c8d f   cl_ents.obj
 0001:00003d4e       ?CL_CalcViewValues@@YAXXZ  00404d4e f   cl_ents.obj
 0001:00004050       ?CL_AddEntities@@YAXXZ     00405050 f   cl_ents.obj
 0001:00004d51       ?CL_GetEntitySoundOrigin@@YAXHAAUCVec3@@@Z 00405d51 f   cl_ents.obj
 0001:00004d89       ?CL_ClearLightStyles@@YAXXZ 00405d89 f   cl_fx.obj
 0001:00004e0b       ?CL_RunLightStyles@@YAXXZ  00405e0b f   cl_fx.obj
 0001:00004eaa       ?CL_SetLightstyle@@YAXHPBD@Z 00405eaa f   cl_fx.obj
 0001:00004f0b       ?CL_ClearDlights@@YAXXZ    00405f0b f   cl_fx.obj
 0001:00004f1c       ?CL_AllocDlight@@YAPAUcdlight_t@@HABUCVec3@@@Z 00405f1c f   cl_fx.obj
 0001:00004f85       ?CL_AddDLights@@YAXXZ      00405f85 f   cl_fx.obj
 0001:00004fe5       ?CL_ClearParticles@@YAXXZ  00405fe5 f   cl_fx.obj
 0001:0000504c       ?CL_AllocParticleTrace@@YAPAUparticleTrace_t@@ABUCVec3@@0MM@Z 0040604c f   cl_fx.obj
 0001:000050ec       ?CL_AllocParticleBeam@@YAPAUbeam_t@@ABUCVec3@@0MM@Z 004060ec f   cl_fx.obj
 0001:0000515f       ?CL_AllocParticle@@YAPAUparticle_t@@XZ 0040615f f   cl_fx.obj
 0001:000051ad       ?CL_UpdateParticles@@YAXXZ 004061ad f   cl_fx.obj
 0001:0000579e       ?CL_MetalSparks@@YAXABUCVec3@@0H@Z 0040679e f   cl_fx.obj
 0001:0000588b       ?CL_ParseMuzzleFlash@@YAXXZ 0040688b f   cl_fx.obj
 0001:00005c08       ?CL_ParseMuzzleFlash2@@YAXXZ 00406c08 f   cl_fx.obj
 0001:00006245       ?CL_ParticleEffect@@YAXABUCVec3@@0HH@Z 00407245 f   cl_fx.obj
 0001:00006314       ?CL_ParticleEffect2@@YAXABUCVec3@@0HH@Z 00407314 f   cl_fx.obj
 0001:000063df       ?CL_ParticleEffect3@@YAXABUCVec3@@0HH@Z 004073df f   cl_fx.obj
 0001:000064af       ?CL_TeleporterParticles@@YAXPAUentityState_t@@@Z 004074af f   cl_fx.obj
 0001:00006566       ?CL_LogoutEffect@@YAXABUCVec3@@H@Z 00407566 f   cl_fx.obj
 0001:00006651       ?CL_ItemRespawnParticles@@YAXABUCVec3@@@Z 00407651 f   cl_fx.obj
 0001:00006700       ?CL_ExplosionParticles@@YAXABUCVec3@@@Z 00407700 f   cl_fx.obj
 0001:000067aa       ?CL_BigTeleportParticles@@YAXABUCVec3@@@Z 004077aa f   cl_fx.obj
 0001:00006901       ?CL_BlasterParticles@@YAXABUCVec3@@0@Z 00407901 f   cl_fx.obj
 0001:000069cd       ?CL_BlasterTrail@@YAXABUCVec3@@0@Z 004079cd f   cl_fx.obj
 0001:00006ad9       ?CL_FlagTrail@@YAXABUCVec3@@0H@Z 00407ad9 f   cl_fx.obj
 0001:00006bf1       ?CL_DiminishingTrail@@YAXABUCVec3@@0PAUcentity_t@@H@Z 00407bf1 f   cl_fx.obj
 0001:00006e61       ?CL_RocketTrail@@YAXABUCVec3@@0PAUcentity_t@@@Z 00407e61 f   cl_fx.obj
 0001:00006f89       ?CL_RailTrail@@YAXABUCVec3@@0@Z 00407f89 f   cl_fx.obj
 0001:000071cb       ?CL_RailTrailExt@@YAXABUCVec3@@0EE@Z 004081cb f   cl_fx.obj
 0001:000072cf       ?CL_IonripperTrail@@YAXABUCVec3@@0@Z 004082cf f   cl_fx.obj
 0001:000073fb       ?CL_BubbleTrail@@YAXABUCVec3@@0@Z 004083fb f   cl_fx.obj
 0001:00007510       ?CL_FlyParticles@@YAXABUCVec3@@H@Z 00408510 f   cl_fx.obj
 0001:000076aa       ?CL_FlyEffect@@YAXPAUcentity_t@@ABUCVec3@@@Z 004086aa f   cl_fx.obj
 0001:00007712       ?CL_BfgParticles@@YAXPAUentity_t@@@Z 00408712 f   cl_fx.obj
 0001:000078f1       ?CL_TrapParticles@@YAXPAUentity_t@@@Z 004088f1 f   cl_fx.obj
 0001:00007b8f       ?CL_BFGExplosionParticles@@YAXABUCVec3@@@Z 00408b8f f   cl_fx.obj
 0001:00007c39       ?CL_TeleportParticles@@YAXABUCVec3@@@Z 00408c39 f   cl_fx.obj
 0001:00007d74       ?CL_EntityEvent@@YAXPAUentityState_t@@@Z 00408d74 f   cl_fx.obj
 0001:00007f4e       ?CL_ClearEffects@@YAXXZ    00408f4e f   cl_fx.obj
 0001:00007f5d       ?IN_CenterView@@YAXXZ      00408f5d f   cl_input.obj
 0001:00007f7e       ?CL_InitInput@@YAXXZ       00408f7e f   cl_input.obj
 0001:0000851a       ?CL_SendCmd@@YAXXZ         0040951a f   cl_input.obj
 0001:00008c1a       ?CL_WriteDemoMessage@@YAXXZ 00409c1a f   cl_main.obj
 0001:00008c5c       ?Cmd_ForwardToServer@@YAXHPAPAD@Z 00409c5c f   cl_main.obj
 0001:00008d1f       ?CL_ForwardToServer_f@@YAXHPAPAD@Z 00409d1f f   cl_main.obj
 0001:00008d67       ?CL_Pause@@YAX_N@Z         00409d67 f   cl_main.obj
 0001:00008da9       ?CL_Quit_f@@YAXXZ          00409da9 f   cl_main.obj
 0001:00008db3       ?CL_Drop@@YAX_N@Z          00409db3 f   cl_main.obj
 0001:00008dda       ?CL_SendConnectPacket@@YAXXZ 00409dda f   cl_main.obj
 0001:00008e8f       ?CL_CheckForResend@@YAXXZ  00409e8f f   cl_main.obj
 0001:00008f94       ?CL_Connect_f@@YAX_NHPAPAD@Z 00409f94 f   cl_main.obj
 0001:00009017       ?CL_Rcon_f@@YAXHPAPAD@Z    0040a017 f   cl_main.obj
 0001:0000911f       ?CL_Disconnect@@YAXXZ      0040a11f f   cl_main.obj
 0001:000092c6       ?CL_Disconnect_f@@YAXXZ    0040a2c6 f   cl_main.obj
 0001:000092d0       ?CL_Changing_f@@YAXXZ      0040a2d0 f   cl_main.obj
 0001:000092f4       ?CL_Reconnect_f@@YAXXZ     0040a2f4 f   cl_main.obj
 0001:00009390       ?CL_PingServers_f@@YAXXZ   0040a390 f   cl_main.obj
 0001:000094fb       ?CL_Skins_f@@YAXXZ         0040a4fb f   cl_main.obj
 0001:0000980e       ?CL_ConnectionlessPacket@@YAXXZ 0040a80e f   cl_main.obj
 0001:0000990e       ?CL_ReadPackets@@YAXXZ     0040a90e f   cl_main.obj
 0001:00009a51       ?CL_FixUpGender@@YAXXZ     0040aa51 f   cl_main.obj
 0001:00009b03       ?CL_Userinfo_f@@YAXXZ      0040ab03 f   cl_main.obj
 0001:00009b1b       ?CL_RegisterSounds@@YAXXZ  0040ab1b f   cl_main.obj
 0001:00009b5a       ?CL_Snd_Restart_f@@YAXXZ   0040ab5a f   cl_main.obj
 0001:00009b69       ?CL_WriteConfiguration@@YAXPBD@Z 0040ab69 f   cl_main.obj
 0001:00009c24       ?CL_WriteConfig_f@@YAX_NHPAPAD@Z 0040ac24 f   cl_main.obj
 0001:00009c83       ?CL_FixCvarCheats@@YAXXZ   0040ac83 f   cl_main.obj
 0001:00009cdd       ?CL_Frame@@YAXMM@Z         0040acdd f   cl_main.obj
 0001:00009ed8       ?CL_ClearState@@YAXXZ      0040aed8 f   cl_main.obj
 0001:00009f11       ?CL_Init@@YAXXZ            0040af11 f   cl_main.obj
 0001:0000a3e8       ?CL_Shutdown@@YAX_N@Z      0040b3e8 f   cl_main.obj
 0001:0000a43d       ?CL_Flashlight@@YAXHABUCVec3@@@Z 0040b43d f   cl_newfx.obj
 0001:0000a477       ?CL_ColorFlash@@YAXABUCVec3@@HHMMM@Z 0040b477 f   cl_newfx.obj
 0001:0000a4b3       ?CL_DebugTrail@@YAXABUCVec3@@0@Z 0040b4b3 f   cl_newfx.obj
 0001:0000a5a9       ?CL_ForceWall@@YAXABUCVec3@@0H@Z 0040b5a9 f   cl_newfx.obj
 0001:0000a6e9       ?CL_BubbleTrail2@@YAXABUCVec3@@0H@Z 0040b6e9 f   cl_newfx.obj
 0001:0000a815       ?CL_Heatbeam@@YAXABUCVec3@@0@Z 0040b815 f   cl_newfx.obj
 0001:0000aabd       ?CL_ParticleSteamEffect@@YAXABUCVec3@@0HHH@Z 0040babd f   cl_newfx.obj
 0001:0000abf1       ?CL_ParticleSteamEffect2@@YAXPAUcl_sustain_t@@@Z 0040bbf1 f   cl_newfx.obj
 0001:0000ad32       ?CL_TrackerTrail@@YAXABUCVec3@@0H@Z 0040bd32 f   cl_newfx.obj
 0001:0000ae7f       ?CL_Tracker_Shell@@YAXABUCVec3@@@Z 0040be7f f   cl_newfx.obj
 0001:0000af04       ?CL_MonsterPlasma_Shell@@YAXABUCVec3@@@Z 0040bf04 f   cl_newfx.obj
 0001:0000af86       ?CL_Widowbeamout@@YAXPAUcl_sustain_t@@@Z 0040bf86 f   cl_newfx.obj
 0001:0000b03a       ?CL_Nukeblast@@YAXPAUcl_sustain_t@@@Z 0040c03a f   cl_newfx.obj
 0001:0000b0ee       ?CL_WidowSplash@@YAXABUCVec3@@@Z 0040c0ee f   cl_newfx.obj
 0001:0000b1b8       ?CL_TagTrail@@YAXABUCVec3@@0H@Z 0040c1b8 f   cl_newfx.obj
 0001:0000b2d0       ?CL_ColorExplosionParticles@@YAXABUCVec3@@HH@Z 0040c2d0 f   cl_newfx.obj
 0001:0000b37d       ?CL_ParticleSmokeEffect@@YAXABUCVec3@@0HHH@Z 0040c37d f   cl_newfx.obj
 0001:0000b4af       ?CL_BlasterParticles2@@YAXABUCVec3@@0I@Z 0040c4af f   cl_newfx.obj
 0001:0000b57c       ?CL_BlasterTrail2@@YAXABUCVec3@@0@Z 0040c57c f   cl_newfx.obj
 0001:0000b688       ?CL_ParseClientinfo@@YAXH@Z 0040c688 f   cl_parse.obj
 0001:0000b6ac       ?CL_ParseServerMessage@@YAXXZ 0040c6ac f   cl_parse.obj
 0001:0000be70       ?FreePlayerModelsInfo@@YAXXZ 0040ce70 f   cl_playermodel.obj
 0001:0000be96       ?ScanQuake3Models@@YAXXZ   0040ce96 f   cl_playermodel.obj
 0001:0000bff4       ?ScanPlayerModels@@YA_NXZ  0040cff4 f   cl_playermodel.obj
 0001:0000c264       ?CL_LoadClientinfo@@YAXAAUclientInfo_t@@PBD@Z 0040d264 f   cl_playermodel.obj
 0001:0000c9bf       ?ParsePlayerEntity@@YAHPAUclientInfo_t@@ABUentity_t@@PAU2@H@Z 0040d9bf f   cl_playermodel.obj
 0001:0000ce35       ?Insert@?$TList@VplayerModelInfo_t@@@@QAE_NPAVplayerModelInfo_t@@@Z 0040de35 f i cl_playermodel.obj
 0001:0000ce35       ?Insert@?$TList@VCStringItem@@@@QAE_NPAVCStringItem@@@Z 0040de35 f i cl_playermodel.obj
 0001:0000ce6b       ?CL_CheckPredictionError@@YAXXZ 0040de6b f   cl_pred.obj
 0001:0000d001       ?CL_EntityTrace@@YAXAAUtrace_t@@ABUCVec3@@111H@Z 0040e001 f   cl_pred.obj
 0001:0000d399       ?CL_Trace@@YAXAAUtrace_t@@ABUCVec3@@111H@Z 0040e399 f   cl_pred.obj
 0001:0000d41b       ?CL_PMpointcontents@@YAHABUCVec3@@@Z 0040e41b f   cl_pred.obj
 0001:0000d5a7       ?CL_PredictMovement@@YAXXZ 0040e5a7 f   cl_pred.obj
 0001:0000d949       ?DrawString@@YAXHHPBD@Z    0040e949 f   cl_scrn.obj
 0001:0000d98d       ?SCR_DebugGraph@@YAXMH@Z   0040e98d f   cl_scrn.obj
 0001:0000d9b5       ?SCR_CenterPrint@@YAXPAD@Z 0040e9b5 f   cl_scrn.obj
 0001:0000dab9       ?Key_Message@@YAXH@Z       0040eab9 f   cl_scrn.obj
 0001:0000db55       ?SCR_SetLevelshot@@YAXPBD@Z 0040eb55 f   cl_scrn.obj
 0001:0000dc48       ?SCR_BeginLoadingPlaque@@YAXXZ 0040ec48 f   cl_scrn.obj
 0001:0000dccd       ?SCR_EndLoadingPlaque@@YAX_N@Z 0040eccd f   cl_scrn.obj
 0001:0000dd52       ?SCR_ShowConsole@@YAX_N0@Z 0040ed52 f   cl_scrn.obj
 0001:0000de28       ?SCR_ToggleConsole@@YAXXZ  0040ee28 f   cl_scrn.obj
 0001:0000de50       ?SCR_TouchPics@@YAXXZ      0040ee50 f   cl_scrn.obj
 0001:0000deaf       ?SCR_UpdateScreen@@YAXXZ   0040eeaf f   cl_scrn.obj
 0001:0000f128       ?SCR_Init@@YAXXZ           00410128 f   cl_scrn.obj
 0001:0000f472       ?CL_RegisterTEntSounds@@YAXXZ 00410472 f   cl_tent.obj
 0001:0000f6b7       ?CL_RegisterTEntModels@@YAXXZ 004106b7 f   cl_tent.obj
 0001:0000f7f5       ?CL_ClearTEnts@@YAXXZ      004107f5 f   cl_tent.obj
 0001:0000f829       ?CL_AllocExplosion@@YAPAUexplosion_t@@ABUCVec3@@W4exptype_t@@@Z 00410829 f   cl_tent.obj
 0001:0000f8d4       ?CL_AddExplosions@@YAXXZ   004108d4 f   cl_tent.obj
 0001:0000fa62       ?CL_SmokeAndFlash@@YAXABUCVec3@@@Z 00410a62 f   cl_tent.obj
 0001:0000faaa       ?CL_ParseBeam@@YAHPAVCRenderModel@@@Z 00410aaa f   cl_tent.obj
 0001:0000fb76       ?CL_ParseBeam2@@YAHPAVCRenderModel@@@Z 00410b76 f   cl_tent.obj
 0001:0000fc4d       ?CL_ParsePlayerBeam@@YAHPAVCRenderModel@@@Z 00410c4d f   cl_tent.obj
 0001:0000fd58       ?CL_ParseLightning@@YAHPAVCRenderModel@@@Z 00410d58 f   cl_tent.obj
 0001:0000fe1a       ?CL_ParseLaser@@YAXI@Z     00410e1a f   cl_tent.obj
 0001:0000fe96       ?CL_ParseSteam@@YAXXZ      00410e96 f   cl_tent.obj
 0001:0000ffa7       ?CL_ParseWidow@@YAXXZ      00410fa7 f   cl_tent.obj
 0001:00010013       ?CL_ParseNuke@@YAXXZ       00411013 f   cl_tent.obj
 0001:0001007d       ?CL_ParseTEnt@@YAXXZ       0041107d f   cl_tent.obj
 0001:00010eb1       ?CL_AddBeams@@YAXXZ        00411eb1 f   cl_tent.obj
 0001:000111da       ?CL_AddPlayerBeams@@YAXXZ  004121da f   cl_tent.obj
 0001:000118d9       ?CL_ProcessSustain@@YAXXZ  004128d9 f   cl_tent.obj
 0001:0001191a       ?CL_AddTEnts@@YAXXZ        0041291a f   cl_tent.obj
 0001:0001192e       ?V_AddEntity@@YAXPAUentity_t@@@Z 0041292e f   cl_view.obj
 0001:00011969       ?V_AddEntity2@@YAXPAUentity_t@@@Z 00412969 f   cl_view.obj
 0001:00011998       ?AddEntityWithEffects2@@YAXPAUentity_t@@I@Z 00412998 f   cl_view.obj
 0001:000119bb       ?AddEntityWithEffects@@YAXPAUentity_t@@I@Z 004129bb f   cl_view.obj
 0001:000119da       ?V_AddLight@@YAXABUCVec3@@MMMM@Z 004129da f   cl_view.obj
 0001:00011a1f       ?V_TestParticles@@YAXXZ    00412a1f f   cl_view.obj
 0001:00011ae8       ?V_TestEntities@@YAXXZ     00412ae8 f   cl_view.obj
 0001:00011c22       ?V_TestLights@@YAXXZ       00412c22 f   cl_view.obj
 0001:00011cf8       ?CL_PrepRefresh@@YAXXZ     00412cf8 f   cl_view.obj
 0001:00011fc1       ?CalcFov@@YAMMMM@Z         00412fc1 f   cl_view.obj
 0001:0001202f       ?V_RenderView@@YA_NXZ      0041302f f   cl_view.obj
 0001:00012c90       ?V_Init@@YAXXZ             00413c90 f   cl_view.obj
 0001:00012d3f       ?Con_ClearNotify@@YAXXZ    00413d3f f   console.obj
 0001:00012d4e       ?Con_CheckResize@@YAXXZ    00413d4e f   console.obj
 0001:00012e75       ?Con_Print@@YAXPBD@Z       00413e75 f   console.obj
 0001:0001316d       ?Con_DrawNotify@@YAX_N@Z   0041416d f   console.obj
 0001:00013285       ?Con_DrawConsole@@YAXM@Z   00414285 f   console.obj
 0001:00013658       ?Con_ClearTyping@@YAXXZ    00414658 f   console.obj
 0001:00013671       ?Key_Console@@YAXHH@Z      00414671 f   console.obj
 0001:00013ab9       ?Con_Init@@YAXXZ           00414ab9 f   console.obj
 0001:00013c35       ?Key_KeynumToString@@YAPBDH@Z 00414c35 f   keys.obj
 0001:00013cf5       ?Draw@completeMenu_t@@UAEXXZ 00414cf5 f i keys.obj
 0001:00013d26       ?KeyDown@completeMenu_t@@UAEPBDH@Z 00414d26 f i keys.obj
 0001:00013d4f       ?Init@completeMenu_t@@UAE_NXZ 00414d4f f i keys.obj
 0001:00013e76       ?CompleteMenuCallback@completeMenu_t@@SAXPAX@Z 00414e76 f i keys.obj
 0001:00013f04       ?CompleteCommand@@YAXXZ    00414f04 f   keys.obj
 0001:00014639       ?Key_SetBinding@@YAXHPBD@Z 00415639 f   keys.obj
 0001:00014677       ?Key_FindBinding@@YAHPBDPAHH@Z 00415677 f   keys.obj
 0001:000146c5       ?Key_WriteBindings@@YAXPAU_iobuf@@@Z 004156c5 f   keys.obj
 0001:0001470d       ?Key_Init@@YAXXZ           0041570d f   keys.obj
 0001:000149f1       ?Key_Event@@YAXH_N@Z       004159f1 f   keys.obj
 0001:00014d4a       ?Key_ClearStates@@YAXXZ    00415d4a f   keys.obj
 0001:00014d7f       ?M_ForceMenuOn@@YAXXZ      00415d7f f   menu.obj
 0001:00014d9e       ?Draw@menuMain_t@@UAEXXZ   00415d9e f i menu.obj
 0001:00014f01       ?KeyDown@menuMain_t@@UAEPBDH@Z 00415f01 f i menu.obj
 0001:00014fbd       ?Init@menuMain_t@@UAE_NXZ  00415fbd f i menu.obj
 0001:00014fc5       ?M_Menu_Main_f@@YAXXZ      00415fc5 f   menu.obj
 0001:00014fdf       ?Init@multiplayerMenu_t@@UAE_NXZ 00415fdf f i menu.obj
 0001:00015103       ?Init@keysMenu_t@@UAE_NXZ  00416103 f i menu.obj
 0001:000152e8       ?KeyCursorDrawFunc@keysMenu_t@@SAXPAUmenuFramework_t@@@Z 004162e8 f i menu.obj
 0001:00015328       ?DrawKeyBindingFunc@keysMenu_t@@SAXPAX@Z 00416328 f i menu.obj
 0001:000153ef       ?KeyDown@keysMenu_t@@UAEPBDH@Z 004163ef f i menu.obj
 0001:0001549c       ?UnbindCommand@keysMenu_t@@QAEXPAD@Z 0041649c f i menu.obj
 0001:000154e1       ?KeyBindingFunc@keysMenu_t@@QAEXPAX@Z 004164e1 f i menu.obj
 0001:00015540       ?Init@optionsMenu_t@@UAE_NXZ 00416540 f i menu.obj
 0001:0001599e       ?CrosshairFunc@optionsMenu_t@@SAXPAX@Z 0041699e f i menu.obj
 0001:000159c6       ?JoystickFunc@optionsMenu_t@@SAXPAX@Z 004169c6 f i menu.obj
 0001:000159db       ?AlwaysRunFunc@optionsMenu_t@@SAXPAX@Z 004169db f i menu.obj
 0001:000159f0       ?FreeLookFunc@optionsMenu_t@@SAXPAX@Z 004169f0 f i menu.obj
 0001:00015a05       ?MouseSpeedFunc@optionsMenu_t@@SAXPAX@Z 00416a05 f i menu.obj
 0001:00015a22       ?InvertMouseFunc@optionsMenu_t@@SAXPAX@Z 00416a22 f i menu.obj
 0001:00015a3d       ?LookspringFunc@optionsMenu_t@@SAXPAX@Z 00416a3d f i menu.obj
 0001:00015a59       ?LookstrafeFunc@optionsMenu_t@@SAXPAX@Z 00416a59 f i menu.obj
 0001:00015a75       ?UpdateVolumeFunc@optionsMenu_t@@SAXPAX@Z 00416a75 f i menu.obj
 0001:00015a92       ?UpdateCDVolumeFunc@optionsMenu_t@@SAXPAX@Z 00416a92 f i menu.obj
 0001:00015aac       ?SetMenuItemValues@optionsMenu_t@@SAXXZ 00416aac f i menu.obj
 0001:00015c8a       ?ResetDefaultsFunc@optionsMenu_t@@SAXPAX@Z 00416c8a f i menu.obj
 0001:00015c9f       ?UpdateSoundFunc@optionsMenu_t@@SAXPAX@Z 00416c9f f i menu.obj
 0001:00015ea2       ?ScanCrosshairs@optionsMenu_t@@SAXXZ 00416ea2 f i menu.obj
 0001:00015eff       ?Draw@optionsMenu_t@@UAEXXZ 00416eff f i menu.obj
 0001:00015f64       ?Draw@creditsMenu_t@@UAEXXZ 00416f64 f i menu.obj
 0001:0001600b       ?KeyDown@creditsMenu_t@@UAEPBDH@Z 0041700b f i menu.obj
 0001:00016046       ?Init@creditsMenu_t@@UAE_NXZ 00417046 f i menu.obj
 0001:0001610e       ?Init@gameMenu_t@@UAE_NXZ  0041710e f i menu.obj
 0001:00016299       ?EasyGameFunc@gameMenu_t@@SAXPAX@Z 00417299 f i menu.obj
 0001:000162a5       ?StartGame@gameMenu_t@@SAXPBD@Z 004172a5 f i menu.obj
 0001:000162f8       ?MediumGameFunc@gameMenu_t@@SAXPAX@Z 004172f8 f i menu.obj
 0001:00016304       ?HardGameFunc@gameMenu_t@@SAXPAX@Z 00417304 f i menu.obj
 0001:00016320       ?Init@savegameMenu_t@@UAE_NXZ 00417320 f i menu.obj
 0001:00016430       ?Create_Savestrings@savegameMenu_t@@QAEXXZ 00417430 f i menu.obj
 0001:000164eb       ?LoadGameCallback@savegameMenu_t@@SAXPAX@Z 004174eb f i menu.obj
 0001:00016514       ?SaveGameCallback@savegameMenu_t@@SAXPAX@Z 00417514 f i menu.obj
 0001:00016533       ?Draw@savegameMenu_t@@UAEXXZ 00417533 f i menu.obj
 0001:0001654e       ?DrawSavegameShot@savegameMenu_t@@QAEXHH@Z 0041754e f i menu.obj
 0001:00016633       ?Init@joinserverMenu_t@@UAE_NXZ 00417633 f i menu.obj
 0001:0001675c       ?JoinServerFunc@joinserverMenu_t@@SAXPAX@Z 0041775c f i menu.obj
 0001:000167be       ?SearchLocalGames@joinserverMenu_t@@SAXXZ 004177be f i menu.obj
 0001:00016829       ?M_AddToServerList@@YAXUnetadr_t@@PAD@Z 00417829 f   menu.obj
 0001:000168ac       ?Init@startserverMenu_t@@UAE_NXZ 004178ac f i menu.obj
 0001:00016d4e       ?DMOptionsFunc@startserverMenu_t@@SAXPAX@Z 00417d4e f i menu.obj
 0001:00016d5e       ?RulesChangeFunc@startserverMenu_t@@SAXPAX@Z 00417d5e f i menu.obj
 0001:00016dd8       ?StartServerActionFunc@startserverMenu_t@@SAXPAX@Z 00417dd8 f i menu.obj
 0001:00016e03       ?StartServerFunc@startserverMenu_t@@SAXPAD@Z 00417e03 f i menu.obj
 0001:0001703a       ?KeyDown@startserverMenu_t@@UAEPBDH@Z 0041803a f i menu.obj
 0001:00017097       ?Init@dmoptionsMenu_t@@UAE_NXZ 00418097 f i menu.obj
 0001:00017676       ?DMFlagCallback@dmoptionsMenu_t@@SAXPAX@Z 00418676 f i menu.obj
 0001:00017851       ?Init@downloadOptionsMenu_t@@UAE_NXZ 00418851 f i menu.obj
 0001:00017a1c       ?DownloadCallback@downloadOptionsMenu_t@@SAXPAX@Z 00418a1c f i menu.obj
 0001:00017a87       ?Init@addressBookMenu_t@@UAE_NXZ 00418a87 f i menu.obj
 0001:00017b2f       ?KeyDown@addressBookMenu_t@@UAEPBDH@Z 00418b2f f i menu.obj
 0001:00017b8c       ?Init@playerConfigMenu_t@@UAE_NXZ 00418b8c f i menu.obj
 0001:000180c0       ?HandednessCallback@playerConfigMenu_t@@SAXPAX@Z 004190c0 f i menu.obj
 0001:000180d5       ?RTypeCallback@playerConfigMenu_t@@SAXPAX@Z 004190d5 f i menu.obj
 0001:000180ea       ?RColorCallback@playerConfigMenu_t@@SAXPAX@Z 004190ea f i menu.obj
 0001:000180ff       ?RateCallback@playerConfigMenu_t@@SAXPAX@Z 004190ff f i menu.obj
 0001:00018122       ?ModelCallback@playerConfigMenu_t@@SAXPAX@Z 00419122 f i menu.obj
 0001:0001814f       ?Draw@playerConfigMenu_t@@UAEXXZ 0041914f f i menu.obj
 0001:000183fe       ?KeyDown@playerConfigMenu_t@@UAEPBDH@Z 004193fe f i menu.obj
 0001:000184dd       ?Init@dmbrowseMenu_t@@UAE_NXZ 004194dd f i menu.obj
 0001:000186e3       ?KeyDown@dmbrowseMenu_t@@UAEPBDH@Z 004196e3 f i menu.obj
 0001:000188a7       ?Draw@dmbrowseMenu_t@@UAEXXZ 004198a7 f i menu.obj
 0001:000189ec       ?DrawThumbnail@dmbrowseMenu_t@@SAXHHHHPAD_N@Z 004199ec f i menu.obj
 0001:00018ad3       ?Init@videoMenu_t@@UAE_NXZ 00419ad3 f i menu.obj
 0001:0001908c       ?ScreenSizeCallback@videoMenu_t@@SAXPAX@Z 0041a08c f i menu.obj
 0001:000190aa       ?BrightnessCallback@videoMenu_t@@SAXPAX@Z 0041a0aa f i menu.obj
 0001:000190c8       ?ContrastCallback@videoMenu_t@@SAXPAX@Z 0041a0c8 f i menu.obj
 0001:00019101       ?CancelChanges@videoMenu_t@@SAXPAX@Z 0041a101 f i menu.obj
 0001:00019122       ?KeyDown@videoMenu_t@@UAEPBDH@Z 0041a122 f i menu.obj
 0001:00019169       ?ApplyChanges@videoMenu_t@@SAXPAX@Z 0041a169 f i menu.obj
 0001:00019320       ?KeyDown@quitMenu_t@@UAEPBDH@Z 0041a320 f i menu.obj
 0001:00019358       ?Draw@quitMenu_t@@UAEXXZ   0041a358 f i menu.obj
 0001:000193c8       ?attach@@YAXABUentity_t@@AAU1@PBD@Z 0041a3c8 f   menu.obj
 0001:00019411       ?KeyDown@testMenu_t@@UAEPBDH@Z 0041a411 f i menu.obj
 0001:00019422       ?Draw@testMenu_t@@UAEXXZ   0041a422 f i menu.obj
 0001:00019671       ?M_Init@@YAXXZ             0041a671 f   menu.obj
 0001:0001986d       ?ItemAtCursor@menuFramework_t@@QAEPAUmenuCommon_t@@XZ 0041a86d f   qmenu.obj
 0001:000198c1       ?AddItem@menuFramework_t@@QAEXPAUmenuCommon_t@@@Z 0041a8c1 f   qmenu.obj
 0001:0001997d       ?AdjustCursor@menuFramework_t@@QAEXH@Z 0041a97d f   qmenu.obj
 0001:00019aec       ?Center@menuFramework_t@@QAEXXZ 0041aaec f   qmenu.obj
 0001:00019b2d       ?Draw@menuFramework_t@@UAEXXZ 0041ab2d f   qmenu.obj
 0001:0001a0e5       ?SelectItem@menuFramework_t@@QAE_NXZ 0041b0e5 f   qmenu.obj
 0001:0001a143       ?SetStatusBar@menuFramework_t@@QAEXPBD@Z 0041b143 f   qmenu.obj
 0001:0001a14d       ?SlideItem@menuFramework_t@@QAEXH@Z 0041b14d f   qmenu.obj
 0001:0001a6ca       ?Push@menuFramework_t@@QAEXXZ 0041b6ca f   qmenu.obj
 0001:0001a752       ?M_ForceMenuOff@@YAXXZ     0041b752 f   qmenu.obj
 0001:0001a775       ?Pop@menuFramework_t@@QAEXXZ 0041b775 f   qmenu.obj
 0001:0001a7af       ?KeyDown@menuFramework_t@@UAEPBDH@Z 0041b7af f   qmenu.obj
 0001:0001aa23       ?Init@menuFramework_t@@UAE_NXZ 0041ba23 f   qmenu.obj
 0001:0001aa26       ?M_Draw@@YAXXZ             0041ba26 f   qmenu.obj
 0001:0001aa61       ?M_Keydown@@YAXH@Z         0041ba61 f   qmenu.obj
 0001:0001aa80       ?InitRendererVars@@YAXXZ   0041ba80 f   ref_vars.obj
 0001:0001aa9f       ?S_SoundInfo_f@@YAXXZ      0041ba9f f   snd_dma.obj
 0001:0001ab29       ?S_ReadModelsSex@@YAXXZ    0041bb29 f   snd_dma.obj
 0001:0001ac0e       ?S_IsFemale@@YA_NPBD@Z     0041bc0e f   snd_dma.obj
 0001:0001ac62       ?S_Init@@YAXXZ             0041bc62 f   snd_dma.obj
 0001:0001ad38       ?S_Shutdown@@YAXXZ         0041bd38 f   snd_dma.obj
 0001:0001adcb       ?S_BeginRegistration@@YAXXZ 0041bdcb f   snd_dma.obj
 0001:0001add9       ?S_RegisterSound@@YAPAUsfx_t@@PBD@Z 0041bdd9 f   snd_dma.obj
 0001:0001af72       ?S_EndRegistration@@YAXXZ  0041bf72 f   snd_dma.obj
 0001:0001b00a       ?S_PickChannel@@YAPAUchannel_t@@HH@Z 0041c00a f   snd_dma.obj
 0001:0001b097       ?S_Spatialize@@YAXPAUchannel_t@@@Z 0041c097 f   snd_dma.obj
 0001:0001b22e       ?S_AllocPlaysound@@YAPAUplaysound_t@@XZ 0041c22e f   snd_dma.obj
 0001:0001b250       ?S_FreePlaysound@@YAXPAUplaysound_t@@@Z 0041c250 f   snd_dma.obj
 0001:0001b280       ?S_IssuePlaysound@@YAXPAUplaysound_t@@@Z 0041c280 f   snd_dma.obj
 0001:0001b34d       ?S_StartSound@@YAXPBUCVec3@@HHPAUsfx_t@@MMM@Z 0041c34d f   snd_dma.obj
 0001:0001b6c3       ?S_StartLocalSound@@YAXPBD@Z 0041c6c3 f   snd_dma.obj
 0001:0001b712       ?S_ClearBuffer@@YAXXZ      0041c712 f   snd_dma.obj
 0001:0001b77b       ?S_StopAllSounds_f@@YAXXZ  0041c77b f   snd_dma.obj
 0001:0001b7eb       ?S_AddLoopSounds@@YAXXZ    0041c7eb f   snd_dma.obj
 0001:0001b9c1       ?S_RawSamples@@YAXHHHHPAE@Z 0041c9c1 f   snd_dma.obj
 0001:0001bbc5       ?S_Update@@YAXABUCVec3@@0@Z 0041cbc5 f   snd_dma.obj
 0001:0001bca8       ?GetSoundtime@@YAXXZ       0041cca8 f   snd_dma.obj
 0001:0001bd0f       ?S_Update_@@YAXXZ          0041cd0f f   snd_dma.obj
 0001:0001bfc2       ?ResampleSfx@@YAXPAUsfx_t@@HHPAE@Z 0041cfc2 f   snd_mem.obj
 0001:0001c0dd       ?S_LoadSound@@YAPAUsfxcache_t@@PAUsfx_t@@@Z 0041d0dd f   snd_mem.obj
 0001:0001c215       ?GetWavinfo@@YA?AUwavinfo_t@@PADPAEH@Z 0041d215 f   snd_mem.obj
 0001:0001c457       ?S_WriteLinearBlastStereo16@@YAXXZ 0041d457 f   snd_mix.obj
 0001:0001c4cb       ?S_TransferStereo16@@YAXPAKH@Z 0041d4cb f   snd_mix.obj
 0001:0001c534       ?S_TransferPaintBuffer@@YAXH@Z 0041d534 f   snd_mix.obj
 0001:0001c698       ?S_PaintChannels@@YAXH@Z   0041d698 f   snd_mix.obj
 0001:0001c934       ?S_InitScaletable@@YAXXZ   0041d934 f   snd_mix.obj
 0001:0001caf5       ?SV_WipeSavegame@@YAXPAD@Z 0041daf5 f   sv_ccmds.obj
 0001:0001cb23       ?SV_CopySaveGame@@YAXPAD0@Z 0041db23 f   sv_ccmds.obj
 0001:0001cb78       ?SV_WriteLevelFile@@YAXXZ  0041db78 f   sv_ccmds.obj
 0001:0001cc26       ?SV_ReadLevelFile@@YAXXZ   0041dc26 f   sv_ccmds.obj
 0001:0001ccd4       ?SV_WriteServerFile@@YAX_NPAD@Z 0041dcd4 f   sv_ccmds.obj
 0001:0001cf10       ?SV_ReadServerFile@@YAXXZ  0041df10 f   sv_ccmds.obj
 0001:0001d035       ?SV_AddressBanned@@YA_NPAUnetadr_t@@@Z 0041e035 f   sv_ccmds.obj
 0001:0001d076       ?SV_InitOperatorCommands@@YAXXZ 0041e076 f   sv_ccmds.obj
 0001:0001e074       ?SV_WriteFrameToClient@@YAXPAUclient_t@@PAVsizebuf_t@@@Z 0041f074 f   sv_ents.obj
 0001:0001e260       ?SV_BuildClientFrame@@YAXPAUclient_t@@@Z 0041f260 f   sv_ents.obj
 0001:0001e658       ?SV_RecordDemoMessage@@YAXXZ 0041f658 f   sv_ents.obj
 0001:0001f193       ?SV_InitGameLibrary@@YAX_N@Z 00420193 f   sv_game.obj
 0001:0001f2d9       ?SV_ShutdownGameLibrary@@YAXXZ 004202d9 f   sv_game.obj
 0001:0001f436       ?SV_FindIndex@@YAHPADHH_N@Z 00420436 f   sv_init.obj
 0001:0001f543       ?SV_ModelIndex@@YAHPAD@Z   00420543 f   sv_init.obj
 0001:0001f559       ?SV_SoundIndex@@YAHPAD@Z   00420559 f   sv_init.obj
 0001:0001f572       ?SV_ImageIndex@@YAHPAD@Z   00420572 f   sv_init.obj
 0001:0001f58b       ?SV_CreateBaseline@@YAXXZ  0042058b f   sv_init.obj
 0001:0001f5e9       ?SV_CheckForSavegame@@YAXXZ 004205e9 f   sv_init.obj
 0001:0001f671       ?SV_SpawnServer@@YAXPAD0W4server_state_t@@_N2@Z 00420671 f   sv_init.obj
 0001:0001f93f       ?SV_InitGame@@YAXXZ        0042093f f   sv_init.obj
 0001:0001fb89       ?SV_Map@@YAX_NPBD0@Z       00420b89 f   sv_init.obj
 0001:0001fd52       ?SV_DropClient@@YAXPAUclient_t@@PAD@Z 00420d52 f   sv_main.obj
 0001:00020661       ?SV_ConnectionlessPacket@@YAXXZ 00421661 f   sv_main.obj
 0001:0002072c       ?SV_CalcPings@@YAXXZ       0042172c f   sv_main.obj
 0001:000207b3       ?SV_GiveMsec@@YAXXZ        004217b3 f   sv_main.obj
 0001:000207f2       ?SV_ReadPackets@@YAXXZ     004217f2 f   sv_main.obj
 0001:0002093a       ?SV_CheckTimeouts@@YAXXZ   0042193a f   sv_main.obj
 0001:00020a4b       ?SV_PostprocessFrame@@YAXXZ 00421a4b f   sv_main.obj
 0001:00020f17       ?SV_MulticastHook@@YAPAVsizebuf_t@@PAV1@0@Z 00421f17 f   sv_main.obj
 0001:00021307       ?SV_TraceHook@@YA?AUtrace_t@@ABUCVec3@@PBU2@10PAUedict_s@@H@Z 00422307 f   sv_main.obj
 0001:00021493       ?SV_Frame@@YAXM@Z          00422493 f   sv_main.obj
 0001:00021747       ?SV_UserinfoChanged@@YAXPAUclient_t@@@Z 00422747 f   sv_main.obj
 0001:0002180b       ?SV_Init@@YAXXZ            0042280b f   sv_main.obj
 0001:0002186d       ?SV_Shutdown@@YAXPBD_N@Z   0042286d f   sv_main.obj
 0001:00021a74       ?SV_BeginRedirect@@YAXXZ   00422a74 f   sv_send.obj
 0001:00021b1e       ?SV_ClientPrintf@@YAXPAUclient_t@@HPBDZZ 00422b1e f   sv_send.obj
 0001:00021b79       ?SV_BroadcastPrintf@@YAXHPBDZZ 00422b79 f   sv_send.obj
 0001:00021c4f       ?SV_BroadcastCommand@@YAXPBDZZ 00422c4f f   sv_send.obj
 0001:00021ca7       ?SV_Multicast@@YAXABUCVec3@@W4multicast_t@@_N@Z 00422ca7 f   sv_send.obj
 0001:00021ecd       ?SV_MulticastOld@@YAXABUCVec3@@W4multicast_t@@@Z 00422ecd f   sv_send.obj
 0001:00021ee0       ?SV_MulticastNew@@YAXABUCVec3@@W4multicast_t@@@Z 00422ee0 f   sv_send.obj
 0001:00021ef3       ?SV_StartSound@@YAXPBUCVec3@@PAUedict_s@@HHMMM_N@Z 00422ef3 f   sv_send.obj
 0001:000221c0       ?SV_StartSoundOld@@YAXPBUCVec3@@PAUedict_s@@HHMMM@Z 004231c0 f   sv_send.obj
 0001:000221f0       ?SV_StartSoundNew@@YAXPBUCVec3@@PAUedict_s@@HHMMM@Z 004231f0 f   sv_send.obj
 0001:00022220       ?SV_SendClientDatagram@@YA_NPAUclient_t@@@Z 00423220 f   sv_send.obj
 0001:000222e9       ?SV_DemoCompleted@@YAXXZ   004232e9 f   sv_send.obj
 0001:00022305       ?SV_RateDrop@@YA_NPAUclient_t@@@Z 00423305 f   sv_send.obj
 0001:0002234f       ?SV_SendClientMessages@@YAXXZ 0042334f f   sv_send.obj
 0001:00022492       ?SV_TokenizeString@@YAXPBD@Z 00423492 f   sv_tokenize.obj
 0001:00022569       ?SV_Argc@@YAHXZ            00423569 f   sv_tokenize.obj
 0001:0002256f       ?SV_Argv@@YAPADH@Z         0042356f f   sv_tokenize.obj
 0001:00022589       ?SV_Args@@YAPADXZ          00423589 f   sv_tokenize.obj
 0001:00022dd6       ?SV_Nextserver@@YAXXZ      00423dd6 f   sv_user.obj
 0001:00022e65       ?SV_ExecuteUserCommand@@YAXPAD@Z 00423e65 f   sv_user.obj
 0001:00022f27       ?SV_ClientThink@@YAXPAUclient_t@@PAUusercmd_t@@@Z 00423f27 f   sv_user.obj
 0001:00022f6a       ?SV_ExecuteClientMessage@@YAXPAUclient_t@@@Z 00423f6a f   sv_user.obj
 0001:00023188       ?SV_ClearWorld@@YAXXZ      00424188 f   sv_world.obj
 0001:000232c3       ?SV_UnlinkEdict@@YAXPAUedict_s@@@Z 004242c3 f   sv_world.obj
 0001:00023386       ?SV_LinkEdict@@YAXPAUedict_s@@@Z 00424386 f   sv_world.obj
 0001:00023971       ?SV_AreaEdicts@@YAHABUCVec3@@0PAPAUedict_s@@HH@Z 00424971 f   sv_world.obj
 0001:00023b22       ?SV_PointContents@@YAHABUCVec3@@@Z 00424b22 f   sv_world.obj
 0001:00023c49       ?SV_Trace@@YAXAAUtrace_t@@ABUCVec3@@111PAUedict_s@@H@Z 00424c49 f   sv_world.obj
 0001:000240db       ?InitByteDirs@@YAXXZ       004250db f   anorms.obj
 0001:0002411a       ?Cbuf_AddText@@YAXPBD@Z    0042511a f   cmd.obj
 0001:0002417c       ?Cbuf_CopyToDefer@@YAXXZ   0042517c f   cmd.obj
 0001:000241c4       ?Cbuf_InsertFromDefer@@YAXXZ 004251c4 f   cmd.obj
 0001:0002427d       ?Cbuf_Execute@@YAXXZ       0042527d f   cmd.obj
 0001:00024383       ?Cmd_Unalias_f@@YAX_NHPAPAD@Z 00425383 f   cmd.obj
 0001:000243f9       ?Cmd_WriteAliases@@YAXPAU_iobuf@@@Z 004253f9 f   cmd.obj
 0001:0002442a       ?RegisterCommand@@YA_NPBDP6AXXZH@Z 0042542a f   cmd.obj
 0001:000244e3       ?UnregisterCommand@@YA_NPBD@Z 004254e3 f   cmd.obj
 0001:00024574       ?Cmd_ExecuteString@@YA_NPBD@Z 00425574 f   cmd.obj
 0001:000249c7       ?ExecuteCommand@@YA_NPBDPBUCSimpleCommand@@H@Z 004259c7 f   cmd.obj
 0001:00024a9f       ?Cmd_Init@@YAXXZ           00425a9f f   cmd.obj
 0001:00024df1       ?CM_LoadMap@@YAPAUcmodel_t@@PBD_NPAI@Z 00425df1 f   cmodel.obj
 0001:00025522       ?SetSignbits@cplane_t@@QAEXXZ 00426522 f i cmodel.obj
 0001:00025556       ?SetType@cplane_t@@QAEXXZ  00426556 f i cmodel.obj
 0001:00025712       ?CM_InlineModel@@YAPAUcmodel_t@@PBD@Z 00426712 f   cmodel.obj
 0001:00025753       ?CM_NumClusters@@YAHXZ     00426753 f   cmodel.obj
 0001:00025759       ?CM_NumInlineModels@@YAHXZ 00426759 f   cmodel.obj
 0001:0002575f       ?CM_EntityString@@YAPBDXZ  0042675f f   cmodel.obj
 0001:00025765       ?CM_LeafContents@@YAHH@Z   00426765 f   cmodel.obj
 0001:0002578c       ?CM_LeafCluster@@YAHH@Z    0042678c f   cmodel.obj
 0001:00025802       ?CM_LeafArea@@YAHH@Z       00426802 f   cmodel.obj
 0001:000259c5       ?CM_HeadnodeForBox@@YAHABUCBox@@@Z 004269c5 f   cmodel.obj
 0001:00025a7a       ?CM_PointLeafnum@@YAHABUCVec3@@H@Z 00426a7a f   cmodel.obj
 0001:00025b1d       ?DistanceTo@cplane_t@@QAEMABUCVec3@@@Z 00426b1d f i cmodel.obj
 0001:00025b61       ?CM_PointContents@@YAHABUCVec3@@H@Z 00426b61 f   cmodel.obj
 0001:00025bd6       ?CM_TransformedPointContents@@YAHABUCVec3@@H00@Z 00426bd6 f   cmodel.obj
 0001:00025cb7       ?CM_TransformedPointContents@@YAHABUCVec3@@H0ABUCAxis@@@Z 00426cb7 f   cmodel.obj
 0001:00025d62       ?CM_BoxLeafnums@@YAHABUCBox@@PAHH1H@Z 00426d62 f   cmodel.obj
 0001:00025e6b       ?BOX_ON_PLANE_SIDE@@YAHABUCBox@@ABUcplane_t@@@Z 00426e6b f i cmodel.obj
 0001:00025ed5       ?CM_BoxTrace@@YAXAAUtrace_t@@ABUCVec3@@1PBU2@2HH@Z 00426ed5 f   cmodel.obj
 0001:00026897       ?CM_TransformedBoxTrace@@YAXAAUtrace_t@@ABUCVec3@@1PBU2@2HH11@Z 00427897 f   cmodel.obj
 0001:00026a17       ?CM_TransformedBoxTrace@@YAXAAUtrace_t@@ABUCVec3@@1PBU2@2HH1ABUCAxis@@@Z 00427a17 f   cmodel.obj
 0001:00026ad7       ?CM_BrushTrace@@YAHABUCVec3@@0PAHH@Z 00427ad7 f   cmodel.obj
 0001:00026ee9       ?CM_RefineBrushTrace@@YAHABUCVec3@@0PAHH@Z 00427ee9 f   cmodel.obj
 0001:00026f8f       ?CM_ClusterPVS@@YAPAEH@Z   00427f8f f   cmodel.obj
 0001:000270d3       ?CM_ClusterPHS@@YAPAEH@Z   004280d3 f   cmodel.obj
 0001:00027236       ?CM_SetAreaPortalState@@YAXH_N@Z 00428236 f   cmodel.obj
 0001:0002725b       ?CM_AreasConnected@@YA_NHH@Z 0042825b f   cmodel.obj
 0001:0002729f       ?CM_WriteAreaBits@@YAHPAEH@Z 0042829f f   cmodel.obj
 0001:00027341       ?CM_WritePortalState@@YAXPAU_iobuf@@@Z 00428341 f   cmodel.obj
 0001:0002735b       ?CM_ReadPortalState@@YAXPAU_iobuf@@@Z 0042835b f   cmodel.obj
 0001:00027379       ?CM_HeadnodeVisible@@YA_NHPBE@Z 00428379 f   cmodel.obj
 0001:00027454       ?Com_BeginRedirect@@YAXPADHP6AX0@Z@Z 00428454 f   common.obj
 0001:00027481       ?Com_EndRedirect@@YAXXZ    00428481 f   common.obj
 0001:000274a0       ?Com_Printf@@YAXPBDZZ      004284a0 f   common.obj
 0001:00027698       ?Com_DPrintf@@YAXPBDZZ     00428698 f   common.obj
 0001:00027711       ?DebugPrintf@@YAXPBDZZ     00428711 f   common.obj
 0001:000277bb       ?Com_WPrintf@@YAXPBDZZ     004287bb f   common.obj
 0001:00027815       ?Com_Quit@@YAXXZ           00428815 f   common.obj
 0001:00027835       ?IPWildcard@@YA_NPAUnetadr_t@@PAD@Z 00428835 f   common.obj
 0001:0002790f       ?Com_ServerState@@YA?AW4server_state_t@@XZ 0042890f f   common.obj
 0001:00027915       ?Com_SetServerState@@YAXW4server_state_t@@@Z 00428915 f   common.obj
 0001:0002791f       ?frand@@YAMXZ              0042891f f   common.obj
 0001:00027937       ?crand@@YAMXZ              00428937 f   common.obj
 0001:00027955       ?Info_ValueForKey@@YAPBDPBD0@Z 00428955 f   common.obj
 0001:000279d4       ?Info_SetValueForKey@@YAXPADPBD1@Z 004289d4 f   common.obj
 0001:00027b37       ?Info_Print@@YAXPBD@Z      00428b37 f   common.obj
 0001:00027bbd       ?Com_CheckCmdlineVar@@YA_NPBD@Z 00428bbd f   common.obj
 0001:00027c13       ?Com_Init@@YAXPBD@Z        00428c13 f   common.obj
 0001:00027fe1       ?Com_Frame@@YAXM@Z         00428fe1 f   common.obj
 0001:0002831f       ?Com_Shutdown@@YAXXZ       0042931f f   common.obj
 0001:00028338       ?Com_BlockSequenceCRCByte@@YAEPAEHH@Z 00429338 f   crc.obj
 0001:000283ee       ?Cvar_VariableValue@@YAMPBD@Z 004293ee f   cvar.obj
 0001:0002845c       ?Cvar_VariableInt@@YAHPBD@Z 0042945c f   cvar.obj
 0001:0002846f       ?Cvar_VariableString@@YAPBDPBD@Z 0042946f f   cvar.obj
 0001:00028487       ?Cvar_Get@@YAPAUcvar_t@@PBD0H@Z 00429487 f   cvar.obj
 0001:0002873e       ?Cvar_GetVars@@YAXPBUcvarInfo_t@@H@Z 0042973e f   cvar.obj
 0001:000287e8       ?Cvar_FullSet@@YAPAUcvar_t@@PBD0I@Z 004297e8 f   cvar.obj
 0001:00028842       ?Cvar_SetValue@@YAPAUcvar_t@@PBDM@Z 00429842 f   cvar.obj
 0001:00028a68       ?Cvar_SetInteger@@YAPAUcvar_t@@PBDH@Z 00429a68 f   cvar.obj
 0001:00028a8a       ?Cvar_Set@@YAPAUcvar_t@@PBD0@Z 00429a8a f   cvar.obj
 0001:00028a9f       ?Cvar_ForceSet@@YAPAUcvar_t@@PBD0@Z 00429a9f f   cvar.obj
 0001:00028ab4       ?Cvar_Clamp@@YAMPAUcvar_t@@MM@Z 00429ab4 f   cvar.obj
 0001:00028b12       ?Cvar_GetLatchedVars@@YAXXZ 00429b12 f   cvar.obj
 0001:00028b41       ?Cvar_Command@@YA_NHPAPAD@Z 00429b41 f   cvar.obj
 0001:00028bda       ?IsDefault@cvar_t@@QAE_NXZ 00429bda f i cvar.obj
 0001:00028bf7       ?Cvar_WriteVariables@@YAXPAU_iobuf@@HHPBD@Z 00429bf7 f   cvar.obj
 0001:00028c7f       ?Cvar_Userinfo@@YAPBDXZ    00429c7f f   cvar.obj
 0001:00028cda       ?Cvar_Serverinfo@@YAPBDXZ  00429cda f   cvar.obj
 0001:00028ce3       ?Cvar_Cheats@@YAX_N@Z      00429ce3 f   cvar.obj
 0001:00028d34       ?Cvar_Init@@YAXXZ          00429d34 f   cvar.obj
 0001:0002953d       ?MSG_WriteDeltaEntity@@YAXPAVsizebuf_t@@PBUentity_state_t@@PAU2@_N3@Z 0042a53d f   entdelta.obj
 0001:00029ae0       ?MSG_WriteRemoveEntity@@YAXPAVsizebuf_t@@H@Z 0042aae0 f   entdelta.obj
 0001:00029b20       ?MSG_ReadEntityBits@@YAHPAVsizebuf_t@@PAIPA_N@Z 0042ab20 f   entdelta.obj
 0001:00029b91       ?MSG_ReadDeltaEntity@@YAXPAVsizebuf_t@@PBUentity_state_t@@PAU2@I@Z 0042ab91 f   entdelta.obj
 0001:00029c14       ?MSG_WriteDeltaUsercmd@@YAXPAVsizebuf_t@@PBUusercmd_t@@PAU2@@Z 0042ac14 f   entdelta.obj
 0001:00029ca3       ?MSG_ReadDeltaUsercmd@@YAXPAVsizebuf_t@@PBUusercmd_t@@PAU2@@Z 0042aca3 f   entdelta.obj
 0001:00029fa6       ?MSG_WriteDeltaPlayerstate@@YAXPAVsizebuf_t@@PBUplayer_state_t@@PAU2@@Z 0042afa6 f   entdelta.obj
 0001:0002a0af       ?MSG_ReadDeltaPlayerstate@@YAXPAVsizebuf_t@@PBUplayer_state_t@@PAU2@@Z 0042b0af f   entdelta.obj
 0001:0002a183       ?FS_CreatePath@@YAXPBD@Z   0042b183 f   files.obj
 0001:0002a1e9       ?FS_CopyFile@@YAXPBD0@Z    0042b1e9 f   files.obj
 0001:0002a2ec       ?FS_CopyFiles@@YAXPBD0@Z   0042b2ec f   files.obj
 0001:0002a3c5       ?FS_RemoveFiles@@YAXPBD@Z  0042b3c5 f   files.obj
 0001:0002a439       ?FS_FCloseFile@@YAXPAVQFILE@@@Z 0042b439 f   files.obj
 0001:0002a4d4       ?FS_FOpenFile@@YAPAVQFILE@@PBDPAH@Z 0042b4d4 f   files.obj
 0001:0002a9e0       ?FS_FileExists@@YA_NPBD@Z  0042b9e0 f   files.obj
 0001:0002abf9       ?FS_Read@@YAXPAXHPAVQFILE@@@Z 0042bbf9 f   files.obj
 0001:0002ae5b       ?FS_LoadFile@@YAPAXPBDPAI@Z 0042be5b f   files.obj
 0001:0002aeb1       ?FS_FreeFile@@YAXPAX@Z     0042beb1 f   files.obj
 0001:0002aebc       ?FS_Gamedir@@YAPADXZ       0042bebc f   files.obj
 0001:0002aed0       ?FS_LoadGameConfig@@YAXXZ  0042bed0 f   files.obj
 0001:0002af95       ?FS_SetGamedir@@YA_NPBD@Z  0042bf95 f   files.obj
 0001:0002b680       ?FS_ListFiles@@YA?AV?$TList@VCStringItem@@@@PBDH@Z 0042c680 f   files.obj
 0001:0002b988       ?FS_NextPath@@YAPADPBD@Z   0042c988 f   files.obj
 0001:0002b9ac       ?FS_InitFilesystem@@YAXXZ  0042c9ac f   files.obj
 0001:0002c358       ?LoadPCX@@YAXPBDPAPAE1PAH2@Z 0042d358 f   images.obj
 0001:0002c4a2       ?LoadTGA@@YAXPBDPAPAEPAH2@Z 0042d4a2 f   images.obj
 0001:0002c69d       ?LoadJPG@@YAXPBDPAPAEPAH2@Z 0042d69d f   images.obj
 0001:0002c929       ?ImageExists@@YAHPBDH@Z    0042d929 f   images.obj
 0001:0002ca27       ?WriteTGA@@YA_NPBDPAEHH@Z  0042da27 f   images.obj
 0001:0002cc11       ?WriteJPG@@YA_NPBDPAEHH_N@Z 0042dc11 f   images.obj
 0001:0002cd38       ?MD4Init@@YAXPAUMD4_CTX@@@Z 0042dd38 f   md4.obj
 0001:0002cd60       ?MD4Update@@YAXPAUMD4_CTX@@PAEI@Z 0042dd60 f   md4.obj
 0001:0002cdfe       ?MD4Final@@YAXQAEPAUMD4_CTX@@@Z 0042ddfe f   md4.obj
 0001:0002d4ef       ?Com_BlockChecksum@@YAIPAXH@Z 0042e4ef f   md4.obj
 0001:0002d52b       ?LoadQ2BspFile@@YAXXZ      0042e52b f   model.obj
 0001:0002d8e1       ?LoadBspFile@@YAPAUbspfile_t@@PBD_NPAI@Z 0042e8e1 f   model.obj
 0001:0002da8f       ?ProcessEntstring@@YAPADPAD@Z 0042ea8f f   model.obj
 0001:0002e936       ?Init@sizebuf_t@@QAEXPAXH@Z 0042f936 f   msg.obj
 0001:0002e951       ?Write@sizebuf_t@@QAEXPBXH@Z 0042f951 f   msg.obj
 0001:0002e9c1       ?MSG_WriteChar@@YAXPAVsizebuf_t@@H@Z 0042f9c1 f   msg.obj
 0001:0002e9c1       ?MSG_WriteByte@@YAXPAVsizebuf_t@@H@Z 0042f9c1 f   msg.obj
 0001:0002e9d2       ?MSG_WriteShort@@YAXPAVsizebuf_t@@H@Z 0042f9d2 f   msg.obj
 0001:0002e9e3       ?MSG_WriteFloat@@YAXPAVsizebuf_t@@M@Z 0042f9e3 f   msg.obj
 0001:0002e9e3       ?MSG_WriteLong@@YAXPAVsizebuf_t@@H@Z 0042f9e3 f   msg.obj
 0001:0002e9f4       ?MSG_WriteString@@YAXPAVsizebuf_t@@PBD@Z 0042f9f4 f   msg.obj
 0001:0002ea1e       ?MSG_WritePos@@YAXPAVsizebuf_t@@ABUCVec3@@@Z 0042fa1e f   msg.obj
 0001:0002ea82       ?MSG_WriteAngle@@YAXPAVsizebuf_t@@M@Z 0042fa82 f   msg.obj
 0001:0002eaad       ?MSG_WriteAngle16@@YAXPAVsizebuf_t@@M@Z 0042faad f   msg.obj
 0001:0002ead8       ?MSG_WriteDir@@YAXPAVsizebuf_t@@ABUCVec3@@@Z 0042fad8 f   msg.obj
 0001:0002eb40       ?MSG_ReadDir@@YAXPAVsizebuf_t@@AAUCVec3@@@Z 0042fb40 f   msg.obj
 0001:0002eb71       ?MSG_ReadChar@@YAHPAVsizebuf_t@@@Z 0042fb71 f   msg.obj
 0001:0002eb91       ?MSG_ReadByte@@YAHPAVsizebuf_t@@@Z 0042fb91 f   msg.obj
 0001:0002ebb1       ?MSG_ReadShort@@YAHPAVsizebuf_t@@@Z 0042fbb1 f   msg.obj
 0001:0002ebd1       ?MSG_ReadLong@@YAHPAVsizebuf_t@@@Z 0042fbd1 f   msg.obj
 0001:0002ebf0       ?MSG_ReadString@@YAPADPAVsizebuf_t@@@Z 0042fbf0 f   msg.obj
 0001:0002ec23       ?MSG_ReadPos@@YAXPAVsizebuf_t@@AAUCVec3@@@Z 0042fc23 f   msg.obj
 0001:0002ec75       ?MSG_ReadAngle@@YAMPAVsizebuf_t@@@Z 0042fc75 f   msg.obj
 0001:0002ec8f       ?MSG_ReadAngle16@@YAMPAVsizebuf_t@@@Z 0042fc8f f   msg.obj
 0001:0002eca9       ?MSG_ReadData@@YAXPAVsizebuf_t@@PAXH@Z 0042fca9 f   msg.obj
 0001:0002eccc       ?Netchan_Init@@YAXXZ       0042fccc f   net_chan.obj
 0001:0002ed40       ?Netchan_OutOfBandPrint@@YAXW4netsrc_t@@Unetadr_t@@PBDZZ 0042fd40 f   net_chan.obj
 0001:0002edc7       ?Setup@netchan_t@@QAEXW4netsrc_t@@Unetadr_t@@H@Z 0042fdc7 f   net_chan.obj
 0001:0002ee1f       ?NeedReliable@netchan_t@@QAE_NXZ 0042fe1f f   net_chan.obj
 0001:0002ee44       ?Transmit@netchan_t@@QAEXPAXH@Z 0042fe44 f   net_chan.obj
 0001:0002efe1       ?Process@netchan_t@@QAE_NPAVsizebuf_t@@@Z 0042ffe1 f   net_chan.obj
 0001:0002f10f       ?Pmove@@YAXPAUpmove_t@@@Z  0043010f f   pmove.obj
 0001:00030ea3       ?NormalizeColor@@YAMABUCVec3@@AAU1@@Z 00431ea3 f   q_shared2.obj
 0001:00030eff       ?NormalizeColor255@@YAMABUCVec3@@AAU1@@Z 00431eff f   q_shared2.obj
 0001:00030f5f       ?Q_rsqrt@@YAMM@Z           00431f5f f   q_shared2.obj
 0001:00030f8f       ?AngleVectors@@YAXABUCVec3@@PAU1@11@Z 00431f8f f   q_shared2.obj
 0001:000310f0       ?MakeNormalVectors@@YAXABUCVec3@@AAU1@1@Z 004320f0 f   q_shared2.obj
 0001:0003115f       ?VectorLength@@YAMABUCVec3@@@Z 0043215f f   q_shared2.obj
 0001:0003118e       ?VectorDistance@@YAMABUCVec3@@0@Z 0043218e f   q_shared2.obj
 0001:000311bf       ?LerpAngle@@YAMMMM@Z       004321bf f   q_shared2.obj
 0001:00031202       ?anglemod@@YAMM@Z          00432202 f   q_shared2.obj
 0001:0003122e       ?Normalize@CVec3@@QAEMXZ   0043222e f   q_shared2.obj
 0001:00031280       ?VectorNormalize@@YAMABUCVec3@@AAU1@@Z 00432280 f   q_shared2.obj
 0001:000312d8       ?NormalizeFast@CVec3@@QAEMXZ 004322d8 f   q_shared2.obj
 0001:00031329       ?cross@@YAXABUCVec3@@0AAU1@@Z 00432329 f   q_shared2.obj
 0001:00031364       ?Clear@CBox@@QAEXXZ        00432364 f   q_shared2.obj
 0001:00031382       ?Expand@CBox@@QAEXABUCVec3@@@Z 00432382 f   q_shared2.obj
 0001:000313b1       ?Expand@CBox@@QAEXABU1@@Z  004323b1 f   q_shared2.obj
 0001:000313ed       ?GetCenter@CBox@@QAEXAAUCVec3@@@Z 004323ed f   q_shared2.obj
 0001:0003140d       ?OnPlaneSide@CBox@@QBEHABUcplane_t@@@Z 0043240d f   q_shared2.obj
 0001:0003153c       ?FromAngles@CAxis@@QAEXABUCVec3@@@Z 0043253c f   q_shared2.obj
 0001:0003157b       ?TransformVector@CAxis@@QBEXABUCVec3@@AAU2@@Z 0043257b f   q_shared2.obj
 0001:000315cc       ?UnTransformVector@CAxis@@QBEXABUCVec3@@AAU2@@Z 004325cc f   q_shared2.obj
 0001:00031630       ?TransformPoint@CCoords@@QBEXABUCVec3@@AAU2@@Z 00432630 f   q_shared2.obj
 0001:0003168e       ?UnTransformPoint@CCoords@@QBEXABUCVec3@@AAU2@@Z 0043268e f   q_shared2.obj
 0001:000316fb       ?UnTransformCoords@CCoords@@QBEXABU1@AAU1@@Z 004326fb f   q_shared2.obj
 0001:00031745       ?TransformPlane@CCoords@@QBEXABUcplane_t@@AAU2@@Z 00432745 f   q_shared2.obj
 0001:0003177d       ?TransformPoint@@YAXABUCVec3@@ABUCAxis@@0AAU1@@Z 0043277d f   q_shared2.obj
 0001:000317e0       ?UnTransformPoint@@YAXABUCVec3@@ABUCAxis@@0AAU1@@Z 004327e0 f   q_shared2.obj
 0001:00031850       ?ShortSwap@@YAFF@Z         00432850 f   q_shared2.obj
 0001:00031865       ?COM_Parse@@YAPADAAPBD_N@Z 00432865 f   q_shared2.obj
 0001:00031989       ?COM_QuoteString@@YAPBDPBD_N@Z 00432989 f   q_shared2.obj
 0001:000319e4       ?Com_PageInMemory@@YAXPAXH@Z 004329e4 f   q_shared2.obj
 0001:00031a03       ?Zip_OpenArchive@@YAPAU_iobuf@@PBD@Z 00432a03 f   zip.obj
 0001:00031a6e       ?Zip_CloseArchive@@YAXPAU_iobuf@@@Z 00432a6e f   zip.obj
 0001:00031a7a       ?Zip_EnumArchive@@YA_NPAU_iobuf@@P6A_NPAUzipFile_t@@@Z@Z 00432a7a f   zip.obj
 0001:00031c57       ?Zip_OpenFile@@YAPAUZFILE@@PAU_iobuf@@PAUzipFile_t@@@Z 00432c57 f   zip.obj
 0001:00031d3b       ?Zip_ReadFile@@YAHPAUZFILE@@PAXH@Z 00432d3b f   zip.obj
 0001:00031e31       ?Zip_CloseFile@@YA_NPAUZFILE@@@Z 00432e31 f   zip.obj
 0001:00031e75       ?Zip_OpenBuf@@YAPAUZBUF@@PAXH@Z 00432e75 f   zip.obj
 0001:00031eb3       ?Zip_ReadBuf@@YAHPAUZBUF@@PAXH@Z 00432eb3 f   zip.obj
 0001:00031efb       ?Zip_CloseBuf@@YAXPAUZBUF@@@Z 00432efb f   zip.obj
 0001:00031f10       _zcalloc                   00432f10 f   zip.obj
 0001:00031f24       _zcfree                    00432f24 f   zip.obj
 0001:00031f2f       ?CDAudio_Play2@@YAXH_N@Z   00432f2f f   cd_win.obj
 0001:0003210e       ?CDAudio_Play@@YAXH_N@Z    0043310e f   cd_win.obj
 0001:00032125       ?CDAudio_Stop@@YAXXZ       00433125 f   cd_win.obj
 0001:0003216a       ?CDAudio_Pause@@YAXXZ      0043316a f   cd_win.obj
 0001:000321c3       ?CDAudio_Resume@@YAXXZ     004331c3 f   cd_win.obj
 0001:00032232       ?CDAudio_Update@@YAXXZ     00433232 f   cd_win.obj
 0001:00032266       ?CDAudio_Init@@YAHXZ       00433266 f   cd_win.obj
 0001:000326c8       ?CDAudio_Shutdown@@YAXXZ   004336c8 f   cd_win.obj
 0001:000326fb       ?CDAudio_Activate@@YAX_N@Z 004336fb f   cd_win.obj
 0001:0003270c       ?IN_Commands@@YAXXZ        0043370c f   in_win.obj
 0001:00032834       ?IN_Init@@YAXXZ            00433834 f   in_win.obj
 0001:00032b2b       ?IN_Shutdown@@YAXXZ        00433b2b f   in_win.obj
 0001:00032d05       ?IN_Move@@YAXPAUusercmd_t@@@Z 00433d05 f   in_win.obj
 0001:000332e2       ?IN_Activate@@YAX_N@Z      004342e2 f   in_win.obj
 0001:000332ec       ?IN_Frame@@YAXXZ           004342ec f   in_win.obj
 0001:00033654       ?NetadrToSockadr@@YAXPAUnetadr_t@@PAUsockaddr@@@Z 00434654 f   net_wins.obj
 0001:000336d9       ?SockadrToNetadr@@YAXPAUsockaddr@@PAUnetadr_t@@@Z 004346d9 f   net_wins.obj
 0001:00033729       ?NET_CompareAdr@@YA_NPAUnetadr_t@@0@Z 00434729 f   net_wins.obj
 0001:0003377f       ?NET_CompareBaseAdr@@YA_NPAUnetadr_t@@0@Z 0043477f f   net_wins.obj
 0001:000337ca       ?NET_AdrToString@@YAPADPAUnetadr_t@@@Z 004347ca f   net_wins.obj
 0001:00033883       ?NET_StringToAdr@@YA_NPBDPAUnetadr_t@@@Z 00434883 f   net_wins.obj
 0001:00033b0d       ?NET_IsLocalAddress@@YA_NPAUnetadr_t@@@Z 00434b0d f   net_wins.obj
 0001:00033b19       ?NET_GetLoopPacket@@YA_NW4netsrc_t@@PAUnetadr_t@@PAVsizebuf_t@@@Z 00434b19 f   net_wins.obj
 0001:00033ba4       ?NET_SendLoopPacket@@YAXW4netsrc_t@@HPAXUnetadr_t@@@Z 00434ba4 f   net_wins.obj
 0001:00033bf9       ?NET_GetPacket@@YA_NW4netsrc_t@@PAUnetadr_t@@PAVsizebuf_t@@@Z 00434bf9 f   net_wins.obj
 0001:00033d16       ?NET_SendPacket@@YAXW4netsrc_t@@HPAXUnetadr_t@@@Z 00434d16 f   net_wins.obj
 0001:00033de7       ?NET_Config@@YAX_N@Z       00434de7 f   net_wins.obj
 0001:0003415c       ?NET_Init@@YAXXZ           0043515c f   net_wins.obj
 0001:00034216       ?Sys_Mkdir@@YAXPAD@Z       00435216 f   fs_win.obj
 0001:00034222       ?Sys_FindFirst@@YAPBDPBDH@Z 00435222 f   fs_win.obj
 0001:000342dc       ?Sys_FindNext@@YAPBDXZ     004352dc f   fs_win.obj
 0001:00034346       ?Sys_FindClose@@YAXXZ      00435346 f   fs_win.obj
 0001:00034360       ?Sys_FileExists@@YA_NPBDH@Z 00435360 f   fs_win.obj
 0001:0003437e       ?SNDDMA_Init@@YA_NXZ       0043537e f   snd_win.obj
 0001:000349bd       ?SNDDMA_GetDMAPos@@YAHXZ   004359bd f   snd_win.obj
 0001:00034a07       ?SNDDMA_BeginPainting@@YAXXZ 00435a07 f   snd_win.obj
 0001:00034b1f       ?SNDDMA_Submit@@YAXXZ      00435b1f f   snd_win.obj
 0001:00034b44       ?SNDDMA_Shutdown@@YAXXZ    00435b44 f   snd_win.obj
 0001:00034b49       ?S_Activate@@YAX_N@Z       00435b49 f   snd_win.obj
 0001:00034b74       ?Sys_Quit@@YAXXZ           00435b74 f   sys_win.obj
 0001:00034c2c       ?Sys_Init@@YAXXZ           00435c2c f   sys_win.obj
 0001:00034ca4       ?Sys_ConsoleInput@@YAPADXZ 00435ca4 f   sys_win.obj
 0001:00034f5f       ?Sys_ConsoleOutput@@YAXPBD@Z 00435f5f f   sys_win.obj
 0001:00034fec       ?Sys_SendKeyEvents@@YAXXZ  00435fec f   sys_win.obj
 0001:000350a4       ?Sys_UnloadGame@@YAXXZ     004360a4 f   sys_win.obj
 0001:0003511f       ?Sys_GetGameAPI@@YAPAXPAX@Z 0043611f f   sys_win.obj
 0001:00035276       _WinMain@16                00436276 f   sys_win.obj
 0001:000354fc       ?AddMsgHook@@YAXP6A_NIIJ@Z@Z 004364fc f   vid_dll.obj
 0001:00035540       ?RemoveMsgHook@@YAXP6A_NIIJ@Z@Z 00436540 f   vid_dll.obj
 0001:0003556f       ?Vid_CreateWindow@@YAPAXHH_N@Z 0043656f f   vid_dll.obj
 0001:00035c73       ?Vid_DestroyWindow@@YAX_N@Z 00436c73 f   vid_dll.obj
 0001:00035cae       ?Vid_Restart@@YAXXZ        00436cae f   vid_dll.obj
 0001:00035cb6       ?Vid_GetModeInfo@@YA_NPAH0H@Z 00436cb6 f   vid_dll.obj
 0001:00035ce6       ?Vid_Tick@@YAXXZ           00436ce6 f   vid_dll.obj
 0001:00035e96       ?Vid_Init@@YAXXZ           00436e96 f   vid_dll.obj
 0001:00035f67       ?Vid_Shutdown@@YAXXZ       00436f67 f   vid_dll.obj
 0001:00035f86       ?Tesselate@surfacePlanar_t@OpenGLDrv@@UAEXXZ 00436f86 f   gl_backend.obj
 0001:00037b93       ?Tesselate@surfacePoly_t@OpenGLDrv@@UAEXXZ 00438b93 f   gl_backend.obj
 0001:00037c8e       ?Tesselate@surfaceMd3_t@OpenGLDrv@@UAEXXZ 00438c8e f   gl_backend.obj
 0001:00038243       ?Tesselate@surfaceEntity_t@OpenGLDrv@@UAEXXZ 00439243 f   gl_backend.obj
 0001:00038325       ?Tesselate@surfaceParticle_t@OpenGLDrv@@UAEXXZ 00439325 f   gl_backend.obj
 0001:00038573       ?BK_DrawScene@OpenGLDrv@@YAXXZ 00439573 f   gl_backend.obj
 0001:00039007       ?BK_DrawPic@OpenGLDrv@@YAXPAVshader_t@1@HHHHMMMMIE@Z 0043a007 f   gl_backend.obj
 0001:000391e8       ?BK_DrawText@OpenGLDrv@@YAXPBDHHHHHI@Z 0043a1e8 f   gl_backend.obj
 0001:000393d3       ?BK_BeginFrame@OpenGLDrv@@YAXXZ 0043a3d3 f   gl_backend.obj
 0001:0003946c       ?BK_EndFrame@OpenGLDrv@@YAXXZ 0043a46c f   gl_backend.obj
 0001:000394ab       ?BK_Init@OpenGLDrv@@YAXXZ  0043a4ab f   gl_backend.obj
 0001:000394da       ?BK_Shutdown@OpenGLDrv@@YAXXZ 0043a4da f   gl_backend.obj
 0001:000394f2       ?AllocDynamicMemory@OpenGLDrv@@YAPAXH@Z 0043a4f2 f   gl_buffers.obj
 0001:0003955d       ?ResizeDynamicMemory@OpenGLDrv@@YAXPAXH@Z 0043a55d f   gl_buffers.obj
 0001:0003959f       ?AddSurfaceToPortal@OpenGLDrv@@YAXPAVsurfaceBase_t@1@PAVshader_t@1@HH@Z 0043a59f f   gl_buffers.obj
 0001:00039608       ?InsertShaderIndex@OpenGLDrv@@YAXH@Z 0043a608 f   gl_buffers.obj
 0001:00039641       ?ClearPortal@OpenGLDrv@@YAXXZ 0043a641 f   gl_buffers.obj
 0001:0003965f       ?SortSurfaces@OpenGLDrv@@YAXPAUviewPortal_t@1@PAPAUsurfaceInfo_t@1@@Z 0043a65f f   gl_buffers.obj
 0001:000397f1       ?ClearBuffers@OpenGLDrv@@YAXXZ 0043a7f1 f   gl_buffers.obj
 0001:00039808       ?CreateBuffers@OpenGLDrv@@YAXXZ 0043a808 f   gl_buffers.obj
 0001:0003982e       ?FreeBuffers@OpenGLDrv@@YAXXZ 0043a82e f   gl_buffers.obj
 0001:00039852       ?InitEntity@model_t@OpenGLDrv@@UAEXPAUentity_t@@PAUrefEntity_t@2@@Z 0043a852 f   gl_frontend.obj
 0001:00039855       ?AddSurfaces@model_t@OpenGLDrv@@UAEXPAUrefEntity_t@2@@Z 0043a855 f   gl_frontend.obj
 0001:00039883       ?GetLeaf@model_t@OpenGLDrv@@UAEPAUnode_t@2@PAUrefEntity_t@2@@Z 0043a883 f   gl_frontend.obj
 0001:00039894       ?DrawLabel@model_t@OpenGLDrv@@UAEXPAUrefEntity_t@2@@Z 0043a894 f   gl_frontend.obj
 0001:00039897       ?InitEntity@inlineModel_t@OpenGLDrv@@UAEXPAUentity_t@@PAUrefEntity_t@2@@Z 0043a897 f   gl_frontend.obj
 0001:000398e7       ?AddSurfaces@inlineModel_t@OpenGLDrv@@UAEXPAUrefEntity_t@2@@Z 0043a8e7 f   gl_frontend.obj
 0001:00039d94       ?GetLeaf@inlineModel_t@OpenGLDrv@@UAEPAUnode_t@2@PAUrefEntity_t@2@@Z 0043ad94 f   gl_frontend.obj
 0001:00039f39       ?DrawLabel@inlineModel_t@OpenGLDrv@@UAEXPAUrefEntity_t@2@@Z 0043af39 f   gl_frontend.obj
 0001:00039f7f       ?InitEntity@md3Model_t@OpenGLDrv@@UAEXPAUentity_t@@PAUrefEntity_t@2@@Z 0043af7f f   gl_frontend.obj
 0001:0003a107       ?AddSurfaces@md3Model_t@OpenGLDrv@@UAEXPAUrefEntity_t@2@@Z 0043b107 f   gl_frontend.obj
 0001:0003a16d       ?GetLeaf@md3Model_t@OpenGLDrv@@UAEPAUnode_t@2@PAUrefEntity_t@2@@Z 0043b16d f   gl_frontend.obj
 0001:0003a1a5       ?DrawLabel@md3Model_t@OpenGLDrv@@UAEXPAUrefEntity_t@2@@Z 0043b1a5 f   gl_frontend.obj
 0001:0003a200       ?InitEntity@sp2Model_t@OpenGLDrv@@UAEXPAUentity_t@@PAUrefEntity_t@2@@Z 0043b200 f   gl_frontend.obj
 0001:0003a21a       ?AddSurfaces@sp2Model_t@OpenGLDrv@@UAEXPAUrefEntity_t@2@@Z 0043b21a f   gl_frontend.obj
 0001:0003a3a1       ?GetLeaf@sp2Model_t@OpenGLDrv@@UAEPAUnode_t@2@PAUrefEntity_t@2@@Z 0043b3a1 f   gl_frontend.obj
 0001:0003a482       ?AddEntity@OpenGLDrv@@YAXPAUentity_t@@@Z 0043b482 f   gl_frontend.obj
 0001:0003a5c4       ?AddDlight@OpenGLDrv@@YAXPAUdlight_t@@@Z 0043b5c4 f   gl_frontend.obj
 0001:0003a77c       ?DrawPortal@OpenGLDrv@@YAXXZ 0043b77c f   gl_frontend.obj
 0001:0003c6bd       ?GL_TextureMode@OpenGLDrv@@YAXPBD@Z 0043d6bd f   gl_image.obj
 0001:0003c765       ?CreateImage@OpenGLDrv@@YAPAVimage_t@1@PBDPAXHHI@Z 0043d765 f   gl_image.obj
 0001:0003d4d6       ?LoadDelayedImages@OpenGLDrv@@YAXXZ 0043e4d6 f   gl_image.obj
 0001:0003d569       ?DrawStretchRaw8@OpenGLDrv@@YAXHHHHHHPAEPAI@Z 0043e569 f   gl_image.obj
 0001:0003d92a       ?SetupGamma@OpenGLDrv@@YAXXZ 0043e92a f   gl_image.obj
 0001:0003da70       ?PerformScreenshot@OpenGLDrv@@YAXXZ 0043ea70 f   gl_image.obj
 0001:0003dcfd       ?InitImages@OpenGLDrv@@YAXXZ 0043ecfd f   gl_image.obj
 0001:0003e4ce       ?ShutdownImages@OpenGLDrv@@YAXXZ 0043f4ce f   gl_image.obj
 0001:0003e535       ?ShowImages@OpenGLDrv@@YAXXZ 0043f535 f   gl_image.obj
 0001:0003e7bd       ?FindImage@OpenGLDrv@@YAPAVimage_t@1@PBDI@Z 0043f7bd f   gl_image.obj
 0001:0003ea5d       ?GL_Lock@OpenGLDrv@@YAXXZ  0043fa5d f   gl_interface.obj
 0001:0003ead5       ?GL_Unlock@OpenGLDrv@@YAXXZ 0043fad5 f   gl_interface.obj
 0001:0003ec97       ?GL_Bind@OpenGLDrv@@YAXPBVimage_t@1@@Z 0043fc97 f   gl_interface.obj
 0001:0003edc1       ?GL_BindForce@OpenGLDrv@@YAXPBVimage_t@1@@Z 0043fdc1 f   gl_interface.obj
 0001:0003ee3f       ?GL_TexEnv@OpenGLDrv@@YAXI@Z 0043fe3f f   gl_interface.obj
 0001:0003efbe       ?GL_TexMipBias@OpenGLDrv@@YAXM@Z 0043ffbe f   gl_interface.obj
 0001:0003f019       ?GL_TexEnvColor@OpenGLDrv@@YAXPBTcolor_t@@@Z 00440019 f   gl_interface.obj
 0001:0003f0c9       ?GL_SelectTexture@OpenGLDrv@@YAXH@Z 004400c9 f   gl_interface.obj
 0001:0003f12a       ?GL_TexCoordPointer@OpenGLDrv@@YAXPAX@Z 0044012a f   gl_interface.obj
 0001:0003f15a       ?GL_SetMultitexture@OpenGLDrv@@YAXH@Z 0044015a f   gl_interface.obj
 0001:0003f240       ?GL_DisableTexCoordArrays@OpenGLDrv@@YAXXZ 00440240 f   gl_interface.obj
 0001:0003f294       ?GL_CullFace@OpenGLDrv@@YAXW4gl_cullMode_t@1@@Z 00440294 f   gl_interface.obj
 0001:0003f2e5       ?GL_DepthRange@OpenGLDrv@@YAXW4gl_depthMode_t@1@@Z 004402e5 f   gl_interface.obj
 0001:0003f318       ?GL_State@OpenGLDrv@@YAXI@Z 00440318 f   gl_interface.obj
 0001:0003f46d       ?GL_EnableFog@OpenGLDrv@@YAX_N@Z 0044046d f   gl_interface.obj
 0001:0003f565       ?GL_SetDefaultState@OpenGLDrv@@YAXXZ 00440565 f   gl_interface.obj
 0001:0003f6b3       ?GL_Set2DMode@OpenGLDrv@@YAXXZ 004406b3 f   gl_interface.obj
 0001:0003f7ae       ?GL_Set3DMode@OpenGLDrv@@YAXPAUviewPortal_t@1@@Z 004407ae f   gl_interface.obj
 0001:0003f896       ?ShowLights@OpenGLDrv@@YAXXZ 00440896 f   gl_light.obj
 0001:0003fc7f       ?LightForEntity@OpenGLDrv@@YAXPAUrefEntity_t@1@@Z 00440c7f f   gl_light.obj
 0001:00040ef0       ?DiffuseLight@OpenGLDrv@@YAXPATcolor_t@@M@Z 00441ef0 f   gl_light.obj
 0001:00041069       ?InitLightGrid@OpenGLDrv@@YAXXZ 00442069 f   gl_light.obj
 0001:0004110f       ?PostLoadLights@OpenGLDrv@@YAXXZ 0044210f f   gl_light.obj
 0001:0004139f       ?LM_Init@OpenGLDrv@@YAXXZ  0044239f f   gl_lightmap.obj
 0001:000413b5       ?LM_Flush@OpenGLDrv@@YAXPAUlightmapBlock_t@1@@Z 004423b5 f   gl_lightmap.obj
 0001:00041412       ?LM_Done@OpenGLDrv@@YAXXZ  00442412 f   gl_lightmap.obj
 0001:00041439       ?LM_Save@OpenGLDrv@@YAXPAUlightmapBlock_t@1@@Z 00442439 f   gl_lightmap.obj
 0001:00041451       ?LM_Restore@OpenGLDrv@@YAXPAUlightmapBlock_t@1@@Z 00442451 f   gl_lightmap.obj
 0001:00041469       ?LM_NewBlock@OpenGLDrv@@YAPAUlightmapBlock_t@1@XZ 00442469 f   gl_lightmap.obj
 0001:000414d9       ?LM_Rewind@OpenGLDrv@@YAXXZ 004424d9 f   gl_lightmap.obj
 0001:000414e1       ?LM_NextBlock@OpenGLDrv@@YAPAUlightmapBlock_t@1@XZ 004424e1 f   gl_lightmap.obj
 0001:0004150e       ?LM_CheckMinlight@OpenGLDrv@@YAXPAUdynamicLightmap_t@1@@Z 0044250e f   gl_lightmap.obj
 0001:000415a4       ?LM_AllocBlock@OpenGLDrv@@YA_NPAUlightmapBlock_t@1@PAUdynamicLightmap_t@1@@Z 004425a4 f   gl_lightmap.obj
 0001:0004165b       ?LM_PutBlock@OpenGLDrv@@YAXPAUdynamicLightmap_t@1@@Z 0044265b f   gl_lightmap.obj
 0001:00041a88       ?LM_SortLightStyles@OpenGLDrv@@YAXPAUdynamicLightmap_t@1@@Z 00442a88 f   gl_lightmap.obj
 0001:00041b19       ?UpdateDynamicLightmap@OpenGLDrv@@YAXPAVsurfacePlanar_t@1@_NI@Z 00442b19 f   gl_lightmap.obj
 0001:0004201b       ?LM_IsMonotone@OpenGLDrv@@YA_NPAUdynamicLightmap_t@1@PATcolor_t@@@Z 0044301b f   gl_lightmap.obj
 0001:00042122       ?Init@OpenGLDrv@@YA_NXZ    00443122 f   gl_main.obj
 0001:00042788       ?Shutdown@OpenGLDrv@@YAX_N@Z 00443788 f   gl_main.obj
 0001:00042811       ?GL_EnableRendering@OpenGLDrv@@YAX_N@Z 00443811 f   gl_main.obj
 0001:0004282c       ?BeginFrame@OpenGLDrv@@YAXXZ 0044382c f   gl_main.obj
 0001:00042946       ?EndFrame@OpenGLDrv@@YAXXZ 00443946 f   gl_main.obj
 0001:0004295e       ?RenderFrame@OpenGLDrv@@YAXPAUrefdef_t@@@Z 0044395e f   gl_main.obj
 0001:00043187       ?Fill8@OpenGLDrv@@YAXHHHHH@Z 00444187 f   gl_main.obj
 0001:000431ca       ?Fill@OpenGLDrv@@YAXHHHHI@Z 004441ca f   gl_main.obj
 0001:00043206       ?TileClear@OpenGLDrv@@YAXHHHHPBD@Z 00444206 f   gl_main.obj
 0001:000432bd       ?DrawStretchPic@OpenGLDrv@@YAXHHHHPBD@Z 004442bd f   gl_main.obj
 0001:0004333a       ?DrawDetailedPic@OpenGLDrv@@YAXHHHHPBD@Z 0044433a f   gl_main.obj
 0001:000433e1       ?DrawPic@OpenGLDrv@@YAXHHPBDHH@Z 004443e1 f   gl_main.obj
 0001:00043466       ?BeginRegistration@OpenGLDrv@@YAXPBD@Z 00444466 f   gl_main.obj
 0001:0004348a       ?RegisterPic@OpenGLDrv@@YAPAVCBasicImage@@PBD@Z 0044448a f   gl_main.obj
 0001:00043498       ?RegisterSkin@OpenGLDrv@@YAPAVCBasicImage@@PBD@Z 00444498 f   gl_main.obj
 0001:000434a3       ?RegisterModel@OpenGLDrv@@YAPAVCRenderModel@@PBD@Z 004444a3 f   gl_main.obj
 0001:000434ae       ?SetSky@OpenGLDrv@@YAXPBDMABUCVec3@@@Z 004444ae f   gl_main.obj
 0001:00043554       ?Screenshot@OpenGLDrv@@YAXHPBD@Z 00444554 f   gl_main.obj
 0001:00043577       ?GetClientLight@OpenGLDrv@@YAMXZ 00444577 f   gl_main.obj
 0001:0004357e       ?GetCaps@OpenGLDrv@@YAIXZ  0044457e f   gl_main.obj
 0001:00043584       ?InitFuncTables@OpenGLDrv@@YAXXZ 00444584 f   gl_math.obj
 0001:00043735       ?BuildRotationAxis@OpenGLDrv@@YAXAAUCAxis@@ABUCVec3@@M@Z 00444735 f   gl_math.obj
 0001:0004382c       ?GetBoxRect@OpenGLDrv@@YA_NPBUrefEntity_t@1@ABUCVec3@@QAM2_N@Z 0044482c f   gl_math.obj
 0001:00043b36       ?ProjectToScreen@OpenGLDrv@@YA_NABUCVec3@@QAH@Z 00444b36 f   gl_math.obj
 0001:00043c79       ?SaturateColor3f@OpenGLDrv@@YAXAAUCVec3@@@Z 00444c79 f   gl_math.obj
 0001:00043d69       ?SaturateColor4b@OpenGLDrv@@YAXPATcolor_t@@@Z 00444d69 f   gl_math.obj
 0001:00043e77       ?SubdividePlane@OpenGLDrv@@YAHPAPAUCVec3@@HM@Z 00444e77 f   gl_poly.obj
 0001:000442c6       ?FreeSubdividedPlane@OpenGLDrv@@YAXXZ 004452c6 f   gl_poly.obj
 0001:000442de       ?GetSubdivideIndexes@OpenGLDrv@@YAXPAH@Z 004452de f   gl_poly.obj
 0001:00044331       ?RemoveCollinearPoints@OpenGLDrv@@YAHPAPAUCVec3@@H@Z 00445331 f   gl_poly.obj
 0001:00044427       ?GetPolyArea@OpenGLDrv@@YAMPAPAUCVec3@@H@Z 00445427 f   gl_poly.obj
 0001:000444bb       ?InitShaders@OpenGLDrv@@YAXXZ 004454bb f   gl_shader.obj
 0001:00044612       ?ShutdownShaders@OpenGLDrv@@YAXXZ 00445612 f   gl_shader.obj
 0001:0004464c       ?GetLightmapImage@OpenGLDrv@@YAPAVimage_t@1@H@Z 0044564c f   gl_shader.obj
 0001:00044674       ?SetShaderLightmap@OpenGLDrv@@YAPAVshader_t@1@PAV21@H@Z 00445674 f   gl_shader.obj
 0001:00044999       ??4shader_t@OpenGLDrv@@QAEAAV01@ABV01@@Z 00445999 f i gl_shader.obj
 0001:00044acb       ??4CBasicImage@@QAEAAV0@ABV0@@Z 00445acb f i gl_shader.obj
 0001:00044bd3       ?SetShaderLightstyles@OpenGLDrv@@YAPAVshader_t@1@PAV21@I@Z 00445bd3 f   gl_shader.obj
 0001:00044c71       ?GetAlphaShader@OpenGLDrv@@YAPAVshader_t@1@PAV21@@Z 00445c71 f   gl_shader.obj
 0001:00044f34       ?FindShader@OpenGLDrv@@YAPAVshader_t@1@PBDI@Z 00445f34 f   gl_shader.obj
 0001:0004554d       ?GetShaderByNum@OpenGLDrv@@YAPAVshader_t@1@H@Z 0044654d f   gl_shader.obj
 0001:0004556b       ?ResetShaders@OpenGLDrv@@YAXXZ 0044656b f   gl_shader.obj
 0001:00045a3d       ?Reload@shader_t@OpenGLDrv@@UAEXXZ 00446a3d f   gl_shader.obj
 0001:00045a68       ?ClearSkyBox@OpenGLDrv@@YAXXZ 00446a68 f   gl_sky.obj
 0001:00045a7f       ?SetSkyRotate@OpenGLDrv@@YAXMABUCVec3@@@Z 00446a7f f   gl_sky.obj
 0001:00045ab7       ?SkyVisible@OpenGLDrv@@YA_NXZ 00446ab7 f   gl_sky.obj
 0001:00045ad0       ?AddSkySurface@OpenGLDrv@@YAXPAVsurfacePlanar_t@1@ABUCVec3@@E@Z 00446ad0 f   gl_sky.obj
 0001:0004606b       ?TesselateSkySide@OpenGLDrv@@YAHHPAUbufVertex_t@1@PAUbufTexCoord_t@1@M@Z 0044706b f   gl_sky.obj
 0001:00046330       ?DrawChar@OpenGLDrv@@YAXHHHH@Z 00447330 f   gl_text.obj
 0001:0004635d       ?DrawConChar@OpenGLDrv@@YAXHHHH@Z 0044735d f   gl_text.obj
 0001:00046392       ?ClearTexts@OpenGLDrv@@YAXXZ 00447392 f   gl_text.obj
 0001:000463a7       ?FlushTexts@OpenGLDrv@@YAXXZ 004473a7 f   gl_text.obj
 0001:00046439       ?DrawTextPos@OpenGLDrv@@YAXHHPBDI@Z 00447439 f   gl_text.obj
 0001:00046520       ?DrawTextLeft@OpenGLDrv@@YAXPBDI@Z 00447520 f   gl_text.obj
 0001:000465a7       ?DrawTextRight@OpenGLDrv@@YAXPBDI@Z 004475a7 f   gl_text.obj
 0001:000465f1       ?DrawText3D@OpenGLDrv@@YAXABUCVec3@@PBDI@Z 004475f1 f   gl_text.obj
 0001:0004661e       ?InitTexts@OpenGLDrv@@YAXXZ 0044761e f   gl_text.obj
 0001:00046638       ?FindModel@OpenGLDrv@@YAPAVmodel_t@1@PBD@Z 00447638 f   gl_model.obj
 0001:00046786       ?FreeModels@OpenGLDrv@@YAXXZ 00447786 f   gl_model.obj
 0001:000467f8       ?InitModels@OpenGLDrv@@YAXXZ 004477f8 f   gl_model.obj
 0001:000468ee       ?ShutdownModels@OpenGLDrv@@YAXXZ 004478ee f   gl_model.obj
 0001:000468ff       ?LoadWorldMap@OpenGLDrv@@YAXPBD@Z 004478ff f   gl_bspmodel.obj
 0001:000479c5       ?Negate@CVec3@@QAEXXZ      004489c5 f i gl_bspmodel.obj
 0001:0004841d       ?PointInLeaf@OpenGLDrv@@YAPAUnode_t@1@ABUCVec3@@@Z 0044941d f   gl_bspmodel.obj
 0001:00048468       ?CALL_CONSTRUCTOR@@YAXPAVinlineModel_t@OpenGLDrv@@@Z 00449468 f i gl_bspmodel.obj
 0001:0004847e       ?LerpTag@model_t@OpenGLDrv@@UBE_NHHMPBDAAUCCoords@@@Z 0044947e f   gl_trimodel.obj
 0001:0004848c       ?LerpTag@md3Model_t@OpenGLDrv@@UBE_NHHMPBDAAUCCoords@@@Z 0044948c f   gl_trimodel.obj
 0001:000485bb       ?LoadMd2@OpenGLDrv@@YAPAVmd3Model_t@1@PBDPAEI@Z 004495bb f   gl_trimodel.obj
 0001:000490f4       ?ATAN2_FUNC@OpenGLDrv@@YAMMM@Z 0044a0f4 f i gl_trimodel.obj
 0001:00049298       ?LoadMd3@OpenGLDrv@@YAPAVmd3Model_t@1@PBDPAEI@Z 0044a298 f   gl_trimodel.obj
 0001:0004972a       ?FindSkin@OpenGLDrv@@YAPAVshader_t@1@PBD@Z 0044a72a f   gl_trimodel.obj
 0001:0004973b       ?LoadSp2@OpenGLDrv@@YAPAVsp2Model_t@1@PBDPAEI@Z 0044a73b f   gl_trimodel.obj
 0001:00049890       ?CALL_CONSTRUCTOR@@YAXPAVmd3Model_t@OpenGLDrv@@@Z 0044a890 f i gl_trimodel.obj
 0001:000498a6       ?CALL_CONSTRUCTOR@@YAXPAVsp2Model_t@OpenGLDrv@@@Z 0044a8a6 f i gl_trimodel.obj
 0001:0004aeb1       ?QGL_Init@OpenGLDrv@@YA_NPBD@Z 0044beb1 f   qgl_win.obj
 0001:0004af93       ?QGL_Shutdown@OpenGLDrv@@YAXXZ 0044bf93 f   qgl_win.obj
 0001:0004afd1       ?QGL_InitExtensions@OpenGLDrv@@YAXXZ 0044bfd1 f   qgl_win.obj
 0001:0004b4bd       ?QGL_PrintExtensionsString@OpenGLDrv@@YAXPBD00@Z 0044c4bd f   qgl_win.obj
 0001:0004b60a       ?QGL_EnableLogging@OpenGLDrv@@YAX_N@Z 0044c60a f   qgl_win.obj
 0001:0004b6c4       ?QGL_LogMessage@OpenGLDrv@@YAXPBD@Z 0044c6c4 f   qgl_win.obj
 0001:0004b6db       ?QGL_SwapBuffers@OpenGLDrv@@YAXXZ 0044c6db f   qgl_win.obj
 0001:0004b732       ?GLimp_HasGamma@OpenGLDrv@@YA_NXZ 0044c732 f   gl_win.obj
 0001:0004b746       ?GLimp_SetGamma@OpenGLDrv@@YAXM@Z 0044c746 f   gl_win.obj
 0001:0004b8ee       ?GLimp_SetMode@OpenGLDrv@@YA_NPAI0H_N@Z 0044c8ee f   gl_win.obj
 0001:0004bce4       ?GLimp_Shutdown@OpenGLDrv@@YAX_N@Z 0044cce4 f   gl_win.obj
 0001:0004bd91       ?AppActivate@OpenGLDrv@@YAX_N@Z 0044cd91 f   gl_win.obj
 0001:0004be01       _jpeg_CreateDecompress     0044ce01 f   lib:jdapimin.obj
 0001:0004bec1       _jpeg_destroy_compress     0044cec1 f   lib:jdapimin.obj
 0001:0004bec1       _jpeg_destroy_decompress   0044cec1 f   lib:jdapimin.obj
 0001:0004becc       _jpeg_read_header          0044cecc f   lib:jdapimin.obj
 0001:0004bf2e       _jpeg_consume_input        0044cf2e f   lib:jdapimin.obj
 0001:0004c17d       _jpeg_finish_decompress    0044d17d f   lib:jdapimin.obj
 0001:0004c214       _jpeg_start_decompress     0044d214 f   lib:jdapistd.obj
 0001:0004c381       _jpeg_read_scanlines       0044d381 f   lib:jdapistd.obj
 0001:0004c405       _jpeg_resync_to_restart    0044d405 f   lib:jdmarker.obj
 0001:0004c5ca       _jinit_marker_reader       0044d5ca f   lib:jdmarker.obj
 0001:0004da95       _jpeg_CreateCompress       0044ea95 f   lib:jcapimin.obj
 0001:0004db49       _jpeg_suppress_tables      0044eb49 f   lib:jcapimin.obj
 0001:0004db93       _jpeg_finish_compress      0044eb93 f   lib:jcapimin.obj
 0001:0004dc7d       _jpeg_start_compress       0044ec7d f   lib:jcapistd.obj
 0001:0004dce9       _jpeg_write_scanlines      0044ece9 f   lib:jcapistd.obj
 0001:0004dd94       _jpeg_add_quant_table      0044ed94 f   lib:jcparam.obj
 0001:0004de46       _jpeg_quality_scaling      0044ee46 f   lib:jcparam.obj
 0001:0004de6d       _jpeg_set_quality          0044ee6d f   lib:jcparam.obj
 0001:0004dea7       _jpeg_set_defaults         0044eea7 f   lib:jcparam.obj
 0001:0004e06d       _jpeg_default_colorspace   0044f06d f   lib:jcparam.obj
 0001:0004e0bd       _jpeg_set_colorspace       0044f0bd f   lib:jcparam.obj
 0001:0004e3d8       _jpeg_stdio_dest           0044f3d8 f   lib:jdatadst.obj
 0001:0004e5f8       _crc32                     0044f5f8 f   lib:crc32.obj
 0001:0004e892       _inflateReset              0044f892 f   lib:inflate.obj
 0001:0004e8e0       _inflateInit2_             0044f8e0 f   lib:inflate.obj
 0001:0004e999       _inflate                   0044f999 f   lib:inflate.obj
 0001:0004fc6e       _inflateEnd                00450c6e f   lib:inflate.obj
 0001:0004fcac       _jinit_input_controller    00450cac f   lib:jdinput.obj
 0001:0005018f       _jinit_memory_mgr          0045118f f   lib:jmemmgr.obj
 0001:00050ccb       _jpeg_abort                00451ccb f   lib:jcomapi.obj
 0001:00050cfe       _jpeg_destroy              00451cfe f   lib:jcomapi.obj
 0001:00050d19       _jpeg_alloc_quant_table    00451d19 f   lib:jcomapi.obj
 0001:00050d35       _jpeg_alloc_huff_table     00451d35 f   lib:jcomapi.obj
 0001:00050d51       _jpeg_calc_output_dimensions 00451d51 f   lib:jdmaster.obj
 0001:00050e51       _jinit_master_decompress   00451e51 f   lib:jdmaster.obj
 0001:000511a7       _jdiv_round_up             004521a7 f   lib:jutils.obj
 0001:000511b7       _jround_up                 004521b7 f   lib:jutils.obj
 0001:000511cf       _jcopy_sample_rows         004521cf f   lib:jutils.obj
 0001:0005120d       _jcopy_block_row           0045220d f   lib:jutils.obj
 0001:00051226       _jzero_far                 00452226 f   lib:jutils.obj
 0001:00051239       _jinit_marker_writer       00452239 f   lib:jcmarker.obj
 0001:00051b15       _jinit_compress_master     00452b15 f   lib:jcinit.obj
 0001:00051b6e       _inflate_fast              00452b6e f   lib:inffast.obj
 0001:00051f23       _inflate_table             00452f23 f   lib:inftrees.obj
 0001:000522d7       _adler32                   004532d7 f   lib:adler32.obj
 0001:000523f0       _jinit_c_codec             004533f0 f   lib:jcodec.obj
 0001:0005240c       _jinit_d_codec             0045340c f   lib:jcodec.obj
 0001:00052428       _jpeg_get_large            00453428 f   lib:jmemnobs.obj
 0001:00052428       _jpeg_get_small            00453428 f   lib:jmemnobs.obj
 0001:00052434       _jpeg_free_large           00453434 f   lib:jmemnobs.obj
 0001:00052434       _jpeg_free_small           00453434 f   lib:jmemnobs.obj
 0001:00052440       _jpeg_mem_available        00453440 f   lib:jmemnobs.obj
 0001:00052445       _jpeg_open_backing_store   00453445 f   lib:jmemnobs.obj
 0001:00052459       _jpeg_mem_init             00453459 f   lib:jmemnobs.obj
 0001:00052459       __matherr                  00453459 f   lib:jmemnobs.obj
 0001:0005245c       _jinit_d_main_controller   0045345c f   lib:jdmainct.obj
 0001:00052aa7       _jinit_d_post_controller   00453aa7 f   lib:jdpostct.obj
 0001:00052d52       _jinit_upsampler           00453d52 f   lib:jdsample.obj
 0001:00053390       _jinit_color_deconverter   00454390 f   lib:jdcolor.obj
 0001:000538a6       _jinit_merged_upsampler    004548a6 f   lib:jdmerge.obj
 0001:00053df6       _jinit_2pass_quantizer     00454df6 f   lib:jquant2.obj
 0001:00054eb9       _jinit_1pass_quantizer     00455eb9 f   lib:jquant1.obj
 0001:000558df       _jinit_c_main_controller   004568df f   lib:jcmainct.obj
 0001:00055a4c       _jinit_c_prep_controller   00456a4c f   lib:jcprepct.obj
 0001:00055f97       _jinit_downsampler         00456f97 f   lib:jcsample.obj
 0001:00056817       _jinit_color_converter     00457817 f   lib:jccolor.obj
 0001:00056e01       _jinit_c_master_control    00457e01 f   lib:jcmaster.obj
 0001:000578f0       _jinit_lossy_c_codec       004588f0 f   lib:jclossy.obj
 0001:0005798b       _jinit_lossless_c_codec    0045898b f   lib:jclossls.obj
 0001:00057a23       _jinit_lossy_d_codec       00458a23 f   lib:jdlossy.obj
 0001:00057cf6       _jinit_lossless_d_codec    00458cf6 f   lib:jdlossls.obj
 0001:00057da6       _jinit_c_coef_controller   00458da6 f   lib:jccoefct.obj
 0001:00058445       _jinit_shuff_encoder       00459445 f   lib:jcshuff.obj
 0001:00058cb0       _jinit_phuff_encoder       00459cb0 f   lib:jcphuff.obj
 0001:00059755       _jinit_forward_dct         0045a755 f   lib:jcdctmgr.obj
 0001:00059a24       _jinit_c_diff_controller   0045aa24 f   lib:jcdiffct.obj
 0001:00059f8a       _jinit_lhuff_encoder       0045af8a f   lib:jclhuff.obj
 0001:0005a6b4       _jinit_differencer         0045b6b4 f   lib:jcpred.obj
 0001:0005abce       _jinit_c_scaler            0045bbce f   lib:jcscale.obj
 0001:0005ac44       _jinit_d_coef_controller   0045bc44 f   lib:jdcoefct.obj
 0001:0005b920       _jinit_shuff_decoder       0045c920 f   lib:jdshuff.obj
 0001:0005beb5       _jinit_phuff_decoder       0045ceb5 f   lib:jdphuff.obj
 0001:0005ca52       _jinit_inverse_dct         0045da52 f   lib:jddctmgr.obj
 0001:0005cc36       _jinit_d_diff_controller   0045dc36 f   lib:jddiffct.obj
 0001:0005d164       _jinit_d_scaler            0045e164 f   lib:jdscale.obj
 0001:0005d263       _jinit_undifferencer       0045e263 f   lib:jdpred.obj
 0001:0005d61d       _jinit_lhuff_decoder       0045e61d f   lib:jdlhuff.obj
 0001:0005da12       _jpeg_make_c_derived_tbl   0045ea12 f   lib:jchuff.obj
 0001:0005dc14       _jpeg_gen_optimal_table    0045ec14 f   lib:jchuff.obj
 0001:0005ddd3       _jpeg_fdct_float           0045edd3 f   lib:jfdctflt.obj
 0001:0005dfd8       _jpeg_make_d_derived_tbl   0045efd8 f   lib:jdhuff.obj
 0001:0005e275       _jpeg_fill_bit_buffer      0045f275 f   lib:jdhuff.obj
 0001:0005e384       _jpeg_huff_decode          0045f384 f   lib:jdhuff.obj
 0001:0005e464       _jpeg_idct_4x4             0045f464 f   lib:jidctred.obj
 0001:0005e752       _jpeg_idct_2x2             0045f752 f   lib:jidctred.obj
 0001:0005e914       _jpeg_idct_1x1             0045f914 f   lib:jidctred.obj
 0001:0005e950       _jpeg_idct_float           0045f950 f   lib:jidctflt.obj
 0001:0005ed30       __except_handler3          0045fd30 f   MSVCRT:MSVCRT.dll
 0001:0005ed40       __chkstk                   0045fd40 f   MSVCRT:chkstk.obj
 0001:0005ed40       __alloca_probe             0045fd40 f   MSVCRT:chkstk.obj
 0001:0005ed6f       ??_Gtype_info@@UAEPAXI@Z   0045fd6f f i MSVCRT:ti_inst.obj
 0001:0005ed6f       ??_Etype_info@@UAEPAXI@Z   0045fd6f f i MSVCRT:ti_inst.obj
 0001:0005ed8c       __CxxThrowException@8      0045fd8c f   MSVCRT:MSVCRT.dll
 0001:0005ed92       _strcpy                    0045fd92 f   MSVCRT:MSVCRT.dll
 0001:0005ed98       _strlen                    0045fd98 f   MSVCRT:MSVCRT.dll
 0001:0005ed9e       _strcmp                    0045fd9e f   MSVCRT:MSVCRT.dll
 0001:0005eda4       _sin                       0045fda4 f   MSVCRT:MSVCRT.dll
 0001:0005edaa       _tan                       0045fdaa f   MSVCRT:MSVCRT.dll
 0001:0005edb0       _cos                       0045fdb0 f   MSVCRT:MSVCRT.dll
 0001:0005edb6       _strcat                    0045fdb6 f   MSVCRT:MSVCRT.dll
 0001:0005edbc       _fmod                      0045fdbc f   MSVCRT:MSVCRT.dll
 0001:0005edc2       _atan2                     0045fdc2 f   MSVCRT:MSVCRT.dll
[...]
 0001:0005cdd4       _start_iMCU_row            0045ddd4 f   lib:jddiffct.obj
 0001:0005ce19       _start_output_pass         0045de19 f   lib:jddiffct.obj
 0001:0005ce25       _decompress_data           0045de25 f   lib:jddiffct.obj
 0001:0005cf95       _process_restart           0045df95 f   lib:jddiffct.obj
 0001:0005afb5       _dummy_consume_data        0045bfb5 f   lib:jdcoefct.obj
 0001:0005cfca       _consume_data              0045dfca f   lib:jddiffct.obj
 0001:0005d041       _output_data               0045e041 f   lib:jddiffct.obj
 0001:0005cac8       _start_pass                0045dac8 f   lib:jddctmgr.obj
 0001:0005bf1a       _start_pass_phuff_decoder  0045cf1a f   lib:jdphuff.obj
 0001:0005c163       _decode_mcu_DC_first       0045d163 f   lib:jdphuff.obj
 0001:0005c35b       _process_restart           0045d35b f   lib:jdphuff.obj
 0001:0005c3ca       _decode_mcu_AC_first       0045d3ca f   lib:jdphuff.obj
 0001:0005c5ea       _decode_mcu_DC_refine      0045d5ea f   lib:jdphuff.obj
 0001:0005c6bf       _decode_mcu_AC_refine      0045d6bf f   lib:jdphuff.obj
 0001:0005b961       _start_pass_huff_decoder   0045c961 f   lib:jdshuff.obj
 0001:0005ba99       _decode_mcu                0045ca99 f   lib:jdshuff.obj
 0001:0005be49       _process_restart           0045ce49 f   lib:jdshuff.obj
 0001:0005ad47       _start_input_pass          0045bd47 f   lib:jdcoefct.obj
 0001:0005ad5a       _start_iMCU_row            0045bd5a f   lib:jdcoefct.obj
 0001:0005ad9f       _start_output_pass         0045bd9f f   lib:jdcoefct.obj
 0001:0005addc       _decompress_onepass        0045bddc f   lib:jdcoefct.obj
 0001:0005afb5       _dummy_consume_data        0045bfb5 f   lib:jdcoefct.obj
 0001:0005afb8       _consume_data              0045bfb8 f   lib:jdcoefct.obj
 0001:0005b171       _decompress_data           0045c171 f   lib:jdcoefct.obj
 0001:0005b2dd       _smoothing_ok              0045c2dd f   lib:jdcoefct.obj
 0001:0005b3c8       _decompress_smooth_data    0045c3c8 f   lib:jdcoefct.obj
 0001:0005abe0       _scaler_start_pass         0045bbe0 f   lib:jcscale.obj
 0001:0005ac03       _simple_downscale          0045bc03 f   lib:jcscale.obj
 0001:0005ac2f       _noscale                   0045bc2f f   lib:jcscale.obj
 0001:0005a6d8       _start_pass                0045b6d8 f   lib:jcpred.obj
 0001:0005a730       _reset_predictor           0045b730 f   lib:jcpred.obj
 0001:0005a75d       _jpeg_difference_first_row 0045b75d f   lib:jcpred.obj
 0001:0005a847       _jpeg_difference1          0045b847 f   lib:jcpred.obj
 0001:0005a8b5       _jpeg_difference2          0045b8b5 f   lib:jcpred.obj
 0001:0005a926       _jpeg_difference3          0045b926 f   lib:jcpred.obj
 0001:0005a99e       _jpeg_difference4          0045b99e f   lib:jcpred.obj
 0001:0005aa29       _jpeg_difference5          0045ba29 f   lib:jcpred.obj
 0001:0005aabc       _jpeg_difference6          0045babc f   lib:jcpred.obj
 0001:0005ab4b       _jpeg_difference7          0045bb4b f   lib:jcpred.obj
 0001:00059fca       _start_pass_huff           0045afca f   lib:jclhuff.obj
 0001:0005a167       _encode_mcus_huff          0045b167 f   lib:jclhuff.obj
 0001:0005a352       _emit_bits                 0045b352 f   lib:jclhuff.obj
 0001:0005a3f5       _dump_buffer               0045b3f5 f   lib:jclhuff.obj
 0001:0005a419       _emit_restart              0045b419 f   lib:jclhuff.obj
 0001:0005a464       _flush_bits                0045b464 f   lib:jclhuff.obj
 0001:0005a488       _finish_pass_huff          0045b488 f   lib:jclhuff.obj
 0001:0005a4f5       _encode_mcus_gather        0045b4f5 f   lib:jclhuff.obj
 0001:0005a61e       _finish_pass_gather        0045b61e f   lib:jclhuff.obj
 0001:00058cad       _need_optimization_pass    00459cad f   lib:jcshuff.obj
 0001:00059ba8       _start_pass_diff           0045aba8 f   lib:jcdiffct.obj
 0001:00059c46       _start_iMCU_row            0045ac46 f   lib:jcdiffct.obj
 0001:00059c88       _compress_data             0045ac88 f   lib:jcdiffct.obj
 0001:00059e1e       _compress_first_pass       0045ae1e f   lib:jcdiffct.obj
 0001:00059f13       _compress_output           0045af13 f   lib:jcdiffct.obj
 0001:000597bb       _start_pass_fdctmgr        0045a7bb f   lib:jcdctmgr.obj
 0001:000598bd       _forward_DCT_float         0045a8bd f   lib:jcdctmgr.obj
 0001:00058cf0       _start_pass_phuff          00459cf0 f   lib:jcphuff.obj
 0001:00058e5d       _encode_mcu_DC_first       00459e5d f   lib:jcphuff.obj
 0001:00058f8f       _emit_bits                 00459f8f f   lib:jcphuff.obj
 0001:0005903a       _dump_buffer               0045a03a f   lib:jcphuff.obj
 0001:00059072       _emit_symbol               0045a072 f   lib:jcphuff.obj
 0001:000590b2       _emit_restart              0045a0b2 f   lib:jcphuff.obj
 0001:0005913b       _emit_eobrun               0045a13b f   lib:jcphuff.obj
 0001:000591c1       _encode_mcu_AC_first       0045a1c1 f   lib:jcphuff.obj
 0001:00059355       _encode_mcu_DC_refine      0045a355 f   lib:jcphuff.obj
 0001:0005940f       _encode_mcu_AC_refine      0045a40f f   lib:jcphuff.obj
 0001:00059626       _finish_pass_phuff         0045a626 f   lib:jcphuff.obj
 0001:00059675       _finish_pass_gather_phuff  0045a675 f   lib:jcphuff.obj
 0001:00059738       _need_optimization_pass    0045a738 f   lib:jcphuff.obj
 0001:00058488       _start_pass_huff           00459488 f   lib:jcshuff.obj
 0001:000585fd       _encode_mcu_huff           004595fd f   lib:jcshuff.obj
 0001:00058708       _encode_one_block          00459708 f   lib:jcshuff.obj
 0001:0005887f       _emit_bits                 0045987f f   lib:jcshuff.obj
 0001:00058922       _dump_buffer               00459922 f   lib:jcshuff.obj
 0001:00058946       _emit_restart              00459946 f   lib:jcshuff.obj
 0001:000589b3       _flush_bits                004599b3 f   lib:jcshuff.obj
 0001:000589d7       _finish_pass_huff          004599d7 f   lib:jcshuff.obj
 0001:00058a46       _encode_mcu_gather         00459a46 f   lib:jcshuff.obj
 0001:00058afc       _htest_one_block           00459afc f   lib:jcshuff.obj
 0001:00058bc3       _finish_pass_gather        00459bc3 f   lib:jcshuff.obj
 0001:00058cad       _need_optimization_pass    00459cad f   lib:jcshuff.obj
 0001:00057e5b       _start_pass_coef           00458e5b f   lib:jccoefct.obj
 0001:00059c46       _start_iMCU_row            0045ac46 f   lib:jcdiffct.obj
 0001:00057ef0       _compress_data             00458ef0 f   lib:jccoefct.obj
 0001:000580d7       _compress_first_pass       004590d7 f   lib:jccoefct.obj
 0001:000582bd       _compress_output           004592bd f   lib:jccoefct.obj
 0001:00057d73       _calc_output_dimensions    00458d73 f   lib:jdlossls.obj
 0001:00057d84       _start_input_pass          00458d84 f   lib:jdlossls.obj
 0001:00057ab2       _calc_output_dimensions    00458ab2 f   lib:jdlossy.obj
 0001:00057c25       _start_input_pass          00458c25 f   lib:jdlossy.obj
 0001:00057c45       _latch_quant_tables        00458c45 f   lib:jdlossy.obj
 0001:00057cdd       _start_output_pass         00458cdd f   lib:jdlossy.obj
 0001:00057a01       _start_pass                00458a01 f   lib:jclossls.obj
 0001:0005796d       _start_pass                0045896d f   lib:jclossy.obj
 0001:00056ec2       _initial_setup             00457ec2 f   lib:jcmaster.obj
 0001:00057075       _validate_script           00458075 f   lib:jcmaster.obj
 0001:0005744d       _prepare_for_pass          0045844d f   lib:jcmaster.obj
 0001:000575c5       _select_scan_parameters    004585c5 f   lib:jcmaster.obj
 0001:000576c6       _per_scan_setup            004586c6 f   lib:jcmaster.obj
 0001:00057871       _pass_startup              00458871 f   lib:jcmaster.obj
 0001:00057898       _finish_pass_master        00458898 f   lib:jcmaster.obj
 0001:000569ae       _rgb_ycc_start             004579ae f   lib:jccolor.obj
 0001:00056a72       _rgb_ycc_convert           00457a72 f   lib:jccolor.obj
 0001:00056b71       _rgb_gray_convert          00457b71 f   lib:jccolor.obj
 0001:00056bf6       _cmyk_ycck_convert         00457bf6 f   lib:jccolor.obj
 0001:00056d2e       _grayscale_convert         00457d2e f   lib:jccolor.obj
 0001:00056d88       _null_convert              00457d88 f   lib:jccolor.obj
 0001:0001f192       _null_method               00420192 f   sv_game.obj
 0001:0001f192       _start_pass_downsample     00420192 f   sv_game.obj
 0001:000560fa       _sep_downsample            004570fa f   lib:jcsample.obj
 0001:0005616f       _int_downsample            0045716f f   lib:jcsample.obj
 0001:00056267       _expand_right_edge         00457267 f   lib:jcsample.obj
 0001:000562bc       _fullsize_downsample       004572bc f   lib:jcsample.obj
 0001:00056300       _h2v1_downsample           00457300 f   lib:jcsample.obj
 0001:00056394       _h2v2_downsample           00457394 f   lib:jcsample.obj
 0001:00056441       _h2v2_smooth_downsample    00457441 f   lib:jcsample.obj
 0001:000566b9       _fullsize_smooth_downsample 004576b9 f   lib:jcsample.obj
 0001:00055af6       _start_pass_prep           00456af6 f   lib:jcprepct.obj
 0001:00055b34       _pre_process_data          00456b34 f   lib:jcprepct.obj
 0001:00055ce2       _pre_process_context       00456ce2 f   lib:jcprepct.obj
 0001:00055e9b       _create_context_buffer     00456e9b f   lib:jcprepct.obj
 0001:0005596e       _start_pass_main           0045696e f   lib:jcmainct.obj
 0001:000559b0       _process_data_simple_main  004569b0 f   lib:jcmainct.obj
 0001:00054f44       _create_colormap           00455f44 f   lib:jquant1.obj
 0001:00055076       _select_ncolors            00456076 f   lib:jquant1.obj
 0001:0005514d       _create_colorindex         0045614d f   lib:jquant1.obj
 0001:00055279       _alloc_fs_workspace        00456279 f   lib:jquant1.obj
 0001:000552b5       _start_pass_1_quant        004562b5 f   lib:jquant1.obj
 0001:00055381       _create_odither_tables     00456381 f   lib:jquant1.obj
 0001:000553e0       _make_odither_array        004563e0 f   lib:jquant1.obj
 0001:00055443       _color_quantize            00456443 f   lib:jquant1.obj
 0001:000554ce       _color_quantize3           004564ce f   lib:jquant1.obj
 0001:0005555c       _quantize_ord_dither       0045655c f   lib:jquant1.obj
 0001:00055647       _quantize3_ord_dither      00456647 f   lib:jquant1.obj
 0001:00055747       _quantize_fs_dither        00456747 f   lib:jquant1.obj
 0001:0001f192       _finish_pass_1_quant       00420192 f   sv_game.obj
 0001:000558cb       _new_color_map_1_quant     004568cb f   lib:jquant1.obj
 0001:00053f05       _init_error_limit          00454f05 f   lib:jquant2.obj
 0001:00053fa4       _start_pass_2_quant        00454fa4 f   lib:jquant2.obj
 0001:000540a6       _prescan_quantize          004550a6 f   lib:jquant2.obj
 0001:00054115       _pass2_no_dither           00455115 f   lib:jquant2.obj
 0001:000541c2       _fill_inverse_cmap         004551c2 f   lib:jquant2.obj
 0001:0005428d       _find_nearby_colors        0045528d f   lib:jquant2.obj
 0001:00054431       _find_best_colors          00455431 f   lib:jquant2.obj
 0001:0005454b       _pass2_fs_dither           0045554b f   lib:jquant2.obj
 0001:000547ba       _finish_pass1              004557ba f   lib:jquant2.obj
 0001:000547dc       _select_colors             004557dc f   lib:jquant2.obj
 0001:00054868       _update_box                00455868 f   lib:jquant2.obj
 0001:00054c02       _median_cut                00455c02 f   lib:jquant2.obj
 0001:00054d16       _find_biggest_color_pop    00455d16 f   lib:jquant2.obj
 0001:00054d45       _find_biggest_volume       00455d45 f   lib:jquant2.obj
 0001:00054d6e       _compute_color             00455d6e f   lib:jquant2.obj
 0001:0001f192       _finish_pass2              00420192 f   sv_game.obj
 0001:00054eaa       _new_color_map_2_quant     00455eaa f   lib:jquant2.obj
 0001:0005391c       _build_ycc_rgb_table       0045491c f   lib:jdmerge.obj
 0001:000539cc       _start_pass_merged_upsample 004549cc f   lib:jdmerge.obj
 0001:000539e1       _merged_2v_upsample        004549e1 f   lib:jdmerge.obj
 0001:00053a88       _merged_1v_upsample        00454a88 f   lib:jdmerge.obj
 0001:00053ab9       _h2v1_merged_upsample      00454ab9 f   lib:jdmerge.obj
 0001:00053c0f       _h2v2_merged_upsample      00454c0f f   lib:jdmerge.obj
 0001:000534c0       _build_ycc_rgb_table       004544c0 f   lib:jdcolor.obj
 0001:00053570       _ycc_rgb_convert           00454570 f   lib:jdcolor.obj
 0001:0005367e       _null_convert              0045467e f   lib:jdcolor.obj
 0001:000536f6       _grayscale_convert         004546f6 f   lib:jdcolor.obj
 0001:00053719       _gray_rgb_convert          00454719 f   lib:jdcolor.obj
 0001:00053772       _ycck_cmyk_convert         00454772 f   lib:jdcolor.obj
 0001:0001f192       _start_pass_dcolor         00420192 f   sv_game.obj
 0001:00052f21       _start_pass_upsample       00453f21 f   lib:jdsample.obj
 0001:00052f3b       _sep_upsample              00453f3b f   lib:jdsample.obj
 0001:00053008       _fullsize_upsample         00454008 f   lib:jdsample.obj
 0001:00053013       _noop_upsample             00454013 f   lib:jdsample.obj
 0001:0005301b       _int_upsample              0045401b f   lib:jdsample.obj
 0001:00053105       _h2v1_upsample             00454105 f   lib:jdsample.obj
 0001:0005315c       _h2v2_upsample             0045415c f   lib:jdsample.obj
 0001:000531ce       _h2v1_fancy_upsample       004541ce f   lib:jdsample.obj
 0001:00053271       _h2v2_fancy_upsample       00454271 f   lib:jdsample.obj
 0001:00052b2a       _start_pass_dpost          00453b2a f   lib:jdpostct.obj
 0001:00052bd0       _post_process_1pass        00453bd0 f   lib:jdpostct.obj
 0001:00052c35       _post_process_prepass      00453c35 f   lib:jdpostct.obj
 0001:00052cc6       _post_process_2pass        00453cc6 f   lib:jdpostct.obj
 0001:00052531       _alloc_funny_pointers      00453531 f   lib:jdmainct.obj
 0001:000525de       _start_pass_main           004535de f   lib:jdmainct.obj
 0001:00052646       _make_funny_pointers       00453646 f   lib:jdmainct.obj
 0001:00052786       _process_data_simple_main  00453786 f   lib:jdmainct.obj
 0001:000527ee       _process_data_context_main 004537ee f   lib:jdmainct.obj
 0001:00052900       _set_wraparound_pointers   00453900 f   lib:jdmainct.obj
 0001:000529ea       _set_bottom_pointers       004539ea f   lib:jdmainct.obj
 0001:00052a84       _process_data_crank_post   00453a84 f   lib:jdmainct.obj
 0001:00051287       _write_marker_header       00452287 f   lib:jcmarker.obj
 0001:000512dd       _emit_byte                 004522dd f   lib:jcmarker.obj
 0001:0005130e       _write_marker_byte         0045230e f   lib:jcmarker.obj
 0001:0005131e       _write_file_header         0045231e f   lib:jcmarker.obj
 0001:0005136a       _emit_jfif_app0            0045236a f   lib:jcmarker.obj
 0001:0005143d       _emit_adobe_app14          0045243d f   lib:jcmarker.obj
 0001:000514e3       _write_frame_header        004524e3 f   lib:jcmarker.obj
 0001:000515c2       _emit_dqt                  004525c2 f   lib:jcmarker.obj
 0001:000516b1       _emit_sof                  004526b1 f   lib:jcmarker.obj
 0001:0005178d       _write_scan_header         0045278d f   lib:jcmarker.obj
 0001:0005184d       _emit_dht                  0045284d f   lib:jcmarker.obj
 0001:00051926       _emit_dri                  00452926 f   lib:jcmarker.obj
 0001:00051975       _emit_sos                  00452975 f   lib:jcmarker.obj
 0001:00051a63       _write_file_trailer        00452a63 f   lib:jcmarker.obj
 0001:00051a83       _write_tables_only         00452a83 f   lib:jcmarker.obj
 0001:00050ddc       _use_merged_upsample       00451ddc f   lib:jdmaster.obj
 0001:00050e82       _master_selection          00451e82 f   lib:jdmaster.obj
 0001:00050fdf       _prepare_range_limit_table 00451fdf f   lib:jdmaster.obj
 0001:00051065       _prepare_for_output_pass   00452065 f   lib:jdmaster.obj
 0001:00051186       _finish_output_pass        00452186 f   lib:jdmaster.obj
 0001:00050253       _alloc_small               00451253 f   lib:jmemmgr.obj
 0001:00050371       _alloc_large               00451371 f   lib:jmemmgr.obj
 0001:00050422       _alloc_sarray              00451422 f   lib:jmemmgr.obj
 0001:000504ba       _alloc_barray              004514ba f   lib:jmemmgr.obj
 0001:0005055e       _alloc_darray              0045155e f   lib:jmemmgr.obj
 0001:00050609       _request_virt_sarray       00451609 f   lib:jmemmgr.obj
 0001:0005066a       _request_virt_barray       0045166a f   lib:jmemmgr.obj
 0001:000506cb       _realize_virt_arrays       004516cb f   lib:jmemmgr.obj
 0001:0005084e       _access_virt_sarray        0045184e f   lib:jmemmgr.obj
 0001:0005096e       _do_sarray_io              0045196e f   lib:jmemmgr.obj
 0001:000509fe       _access_virt_barray        004519fe f   lib:jmemmgr.obj
 0001:00050b23       _do_barray_io              00451b23 f   lib:jmemmgr.obj
 0001:00050bb4       _free_pool                 00451bb4 f   lib:jmemmgr.obj
 0001:00050c9b       _self_destruct             00451c9b f   lib:jmemmgr.obj
 0001:0004fced       _start_input_pass          00450ced f   lib:jdinput.obj
 0001:0004fd1b       _per_scan_setup            00450d1b f   lib:jdinput.obj
 0001:0004fea1       _finish_input_pass         00450ea1 f   lib:jdinput.obj
 0001:0004feb2       _consume_markers           00450eb2 f   lib:jdinput.obj
 0001:0004ff4e       _initial_setup             00450f4e f   lib:jdinput.obj
 0001:00050158       _reset_input_controller    00451158 f   lib:jdinput.obj
 0001:0004faa6       _fixedtables               00450aa6 f   lib:inflate.obj
 0001:0004fb90       _updatewindow              00450b90 f   lib:inflate.obj
 0001:0004e4d8       _make_crc_table            0044f4d8 f   lib:crc32.obj
 0001:0004e625       _crc32_little              0044f625 f   lib:crc32.obj
 0001:0004e414       _init_destination          0044f414 f   lib:jdatadst.obj
 0001:0004e43a       _empty_output_buffer       0044f43a f   lib:jdatadst.obj
 0001:0004e47c       _term_destination          0044f47c f   lib:jdatadst.obj
 0001:0004df9b       _std_huff_tables           0044ef9b f   lib:jcparam.obj
 0001:0004dff5       _add_huff_table            0044eff5 f   lib:jcparam.obj
 0001:0004c4f3       _next_marker               0044d4f3 f   lib:jdmarker.obj
 0001:0004c62d       _get_interesting_appn      0044d62d f   lib:jdmarker.obj
 0001:0004c758       _examine_app0              0044d758 f   lib:jdmarker.obj
 0001:0004c966       _examine_app14             0044d966 f   lib:jdmarker.obj
 0001:0004ca27       _skip_variable             0044da27 f   lib:jdmarker.obj
 0001:0004caca       _read_markers              0044daca f   lib:jdmarker.obj
 0001:0004ccd2       _get_soi                   0044dcd2 f   lib:jdmarker.obj
 0001:0004cd7d       _get_sof                   0044dd7d f   lib:jdmarker.obj
 0001:0004d086       _get_sos                   0044e086 f   lib:jdmarker.obj
 0001:0004d374       _get_dht                   0044e374 f   lib:jdmarker.obj
 0001:0004d615       _get_dqt                   0044e615 f   lib:jdmarker.obj
 0001:0004d871       _get_dri                   0044e871 f   lib:jdmarker.obj
 0001:0004d950       _first_marker              0044e950 f   lib:jdmarker.obj
 0001:0004d9ec       _read_restart_marker       0044e9ec f   lib:jdmarker.obj
 0001:0004da6a       _reset_marker_reader       0044ea6a f   lib:jdmarker.obj
 0001:0004c2d7       _output_pass_setup         0044d2d7 f   lib:jdapistd.obj
 0001:0004bfca       _default_decompress_parms  0044cfca f   lib:jdapimin.obj

 128 bytes saved through ICF

