 quake2

 Timestamp is 421e212b (Thu Feb 24 21:47:07 2005)

 Preferred load address is 00400000

 Start         Length     Name                   Class
 0001:00000000 0005ff30H .text                   CODE
 0002:00000000 00000278H .idata$5                DATA
 0002:00000278 00004594H .rdata                  DATA
 0002:00004810 00000044H .rdata$r                DATA
 0002:00004858 00000038H .xdata$x                DATA
 0002:00004890 00000078H .idata$2                DATA
 0002:00004908 00000014H .idata$3                DATA
 0002:0000491c 00000278H .idata$4                DATA
 0002:00004b94 000007fcH .idata$6                DATA
 0002:00005390 00000000H .edata                  DATA
 0003:00000000 00000004H .CRT$XCA                DATA
 0003:00000004 00000024H .CRT$XCU                DATA
 0003:00000028 00000004H .CRT$XCZ                DATA
 0003:0000002c 00000004H .CRT$XIA                DATA
 0003:00000030 00000004H .CRT$XIZ                DATA
 0003:00000040 0000e59cH .data                   DATA
 0003:0000e5e0 0031c894H .bss                    DATA
 0004:00000000 00000130H .rsrc$01                DATA
 0004:00000130 00003f20H .rsrc$02                DATA

  Address         Publics by Value              Rva+Base     Lib:Object

 0001:00000000       ??3@YAXPAX@Z               00401000 f i CoreMain.obj
 0001:0000000b       ?appInit@@YAXXZ            0040100b f   CoreMain.obj
 0001:00000069       ?appLoadDebugSymbols@@YAXXZ 00401069 f   DbgSymbols.obj
 0001:0000026c       ?appSymbolName@@YA_NIPADH@Z 0040126c f   DbgSymbols.obj
 0001:00000358       ?appSymbolName@@YAPBDI@Z   00401358 f   DbgSymbols.obj
 0001:0000038a       ?appMalloc@@YAPAXIH@Z      0040138a f   Memory.obj
 0001:00000438       ?appFree@@YAXPAX@Z         00401438 f   Memory.obj
 0001:00000466       ?Unlink@FMemHeader@@QAEXXZ 00401466 f i Memory.obj
 0001:00000491       ?Link@CMemoryChain@@AAEXXZ 00401491 f   Memory.obj
 0001:000004b0       ?Unlink@CMemoryChain@@AAEXXZ 004014b0 f   Memory.obj
 0001:000004db       ??2CMemoryChain@@SAPAXIH@Z 004014db f   Memory.obj
 0001:0000054d       ??3CMemoryChain@@SAXPAX@Z  0040154d f   Memory.obj
 0001:00000580       ?Alloc@CMemoryChain@@QAEPAXIH@Z 00401580 f   Memory.obj
 0001:000005ea       ?appInitMemory@@YAXXZ      004015ea f   Memory.obj
 0001:00000b08       ?Write@COutputDeviceNull@@UAEXPBD@Z 00401b08 f i OutputDevice.obj
 0001:00000b0b       ?appWPrintf@@YAXPBDZZ      00401b0b f   OutputDevice.obj
 0001:00000b5c       ?appFatalError@@YAXPBDZZ   00401b5c f   ErrorMgr.obj
 0001:00000b96       ?appNonFatalError@@YAXPBDZZ 00401b96 f   ErrorMgr.obj
 0001:00000bf4       ?appUnwindPrefix@@YAXPBD@Z 00401bf4 f   ErrorMgr.obj
 0001:00000c4b       ?appUnwindThrow@@YAXPBDZZ  00401c4b f   ErrorMgr.obj
 0001:00000cd2       ?Reset@CErrorHandler@@QAEXXZ 00401cd2 f   ErrorMgr.obj
 0001:00000cfc       ?appInitError@@YAXXZ       00401cfc f   ErrorMgr.obj
 0001:00000dba       ?appStricmp@@YAHPBD0@Z     00401dba f   Strings.obj
 0001:00000def       ?toLower@@YADD@Z           00401def f i Strings.obj
 0001:00000e06       ?appStrcpy@@YAXPADPBD@Z    00401e06 f   Strings.obj
 0001:00000e19       ?appStrncpylwr@@YAXPADPBDH@Z 00401e19 f   Strings.obj
 0001:00000e4b       ?appStrncpyz@@YAXPADPBDH@Z 00401e4b f   Strings.obj
 0001:00000e78       ?appStrcatn@@YAXPADHPBD@Z  00401e78 f   Strings.obj
 0001:00000ea3       ?appCopyFilename@@YAXPADPBDH@Z 00401ea3 f   Strings.obj
 0001:00000f3f       ?va@@YAPBDPBDZZ            00401f3f f   Strings.obj
 0001:00000fdb       ?appSprintf@@YAHPADHPBDZZ  00401fdb f   Strings.obj
 0001:00001026       ?appMatchWildcard@@YA_NPBD0_N@Z 00402026 f   Strings.obj
 0001:000011a6       ?CopyString@@YAPADPBD@Z    004021a6 f   Strings.obj
 0001:000011e6       ?CopyString@@YAPADPBDPAVCMemoryChain@@@Z 004021e6 f   Strings.obj
 0001:0000121a       ??2CStringItem@@SAPAXIPBD@Z 0040221a f   Strings.obj
 0001:00001263       ??2CStringItem@@SAPAXIPBDPAVCMemoryChain@@@Z 00402263 f   Strings.obj
 0001:000012a0       ?Find@CStringList@@IAEPAVCStringItem@@PBDPAPAV2@@Z 004022a0 f   Strings.obj
 0001:000012e3       ?Find@CStringList@@IAEPAVCStringItem@@H@Z 004022e3 f   Strings.obj
 0001:000012fc       ?IndexOf@CStringList@@QAEHPBD@Z 004022fc f   Strings.obj
 0001:00001329       ?Remove@CStringList@@QAE_NPAVCStringItem@@@Z 00402329 f   Strings.obj
 0001:00001355       ?Free@CStringList@@QAEXXZ  00402355 f   Strings.obj
 0001:0000136e       ?osAddressInfo@@YA_NIPADHPAH@Z 0040236e f   DbgSymbolsWin32.obj
 0001:00001402       ?osModuleInfo@@YA_NIPADHPAH@Z 00402402 f   DbgSymbolsWin32.obj
 0001:000015aa       ?win32ExceptFilter@@YAHPAU_EXCEPTION_POINTERS@@@Z 004025aa f   ExceptFilterWin32.obj
 0001:00001b4c       ?win32ExceptFilter2@@YAHXZ 00402b4c f   ExceptFilterWin32.obj
 0001:00001b58       ?SCR_StopCinematic@@YAXXZ  00402b58 f   cl_cin.obj
 0001:00001bec       ?SCR_DrawCinematic@@YA_NXZ 00402bec f   cl_cin.obj
 0001:0000204f       ?SCR_PlayCinematic@@YAXPAD@Z 0040304f f   cl_cin.obj
 0001:000023b0       ?CL_Download_f@@YAX_NHPAPAD@Z 004033b0 f   cl_download.obj
 0001:00002761       ?CL_ParseDownload@@YAXXZ   00403761 f   cl_download.obj
 0001:00002f6e       ?CL_Precache_f@@YAXHPAPAD@Z 00403f6e f   cl_download.obj
 0001:00002fcc       ?CL_ParseDelta@@YAXPAUentityState_t@@0HI_N@Z 00403fcc f   cl_ents.obj
 0001:000031f8       ?CL_ParsePacketEntities@@YAXPAUframe_t@@0@Z 004041f8 f   cl_ents.obj
 0001:00003563       ?CL_FireEntityEvents@@YAXPAUframe_t@@@Z 00404563 f   cl_ents.obj
 0001:000035b5       ?CL_ParseFrame@@YAXXZ      004045b5 f   cl_ents.obj
 0001:000038a7       ?CL_AddEntityBox@@YAXPAUentityState_t@@I@Z 004048a7 f   cl_ents.obj
 0001:0000398c       ?CL_OffsetThirdPersonView@@YAXXZ 0040498c f   cl_ents.obj
 0001:00003a46       ?CL_CalcViewValues@@YAXXZ  00404a46 f   cl_ents.obj
 0001:00003d4f       ?CL_AddEntities@@YAXXZ     00404d4f f   cl_ents.obj
 0001:00004aea       ?CL_GetEntitySoundOrigin@@YAXHQAM@Z 00405aea f   cl_ents.obj
 0001:00004b22       ?CL_ClearLightStyles@@YAXXZ 00405b22 f   cl_fx.obj
 0001:00004ba4       ?CL_RunLightStyles@@YAXXZ  00405ba4 f   cl_fx.obj
 0001:00004c43       ?CL_SetLightstyle@@YAXHPBD@Z 00405c43 f   cl_fx.obj
 0001:00004ca4       ?CL_ClearDlights@@YAXXZ    00405ca4 f   cl_fx.obj
 0001:00004cb5       ?CL_AllocDlight@@YAPAUcdlight_t@@HQAM@Z 00405cb5 f   cl_fx.obj
 0001:00004d1e       ?CL_AddDLights@@YAXXZ      00405d1e f   cl_fx.obj
 0001:00004d7e       ?CL_ClearParticles@@YAXXZ  00405d7e f   cl_fx.obj
 0001:00004de5       ?CL_AllocParticleTrace@@YAPAUparticleTrace_t@@QAM0MM@Z 00405de5 f   cl_fx.obj
 0001:00004e85       ?CL_AllocParticleBeam@@YAPAUbeam_s@@QAM0MM@Z 00405e85 f   cl_fx.obj
 0001:00004ef8       ?CL_AllocParticle@@YAPAUparticle_s@@XZ 00405ef8 f   cl_fx.obj
 0001:00004f46       ?CL_UpdateParticles@@YAXXZ 00405f46 f   cl_fx.obj
 0001:00005538       ?CL_MetalSparks@@YAXQAM0H@Z 00406538 f   cl_fx.obj
 0001:00005625       ?CL_ParseMuzzleFlash@@YAXXZ 00406625 f   cl_fx.obj
 0001:000059bb       ?CL_ParseMuzzleFlash2@@YAXXZ 004069bb f   cl_fx.obj
 0001:00005ffe       ?CL_ParticleEffect@@YAXQAM0HH@Z 00406ffe f   cl_fx.obj
 0001:000060cd       ?CL_ParticleEffect2@@YAXQAM0HH@Z 004070cd f   cl_fx.obj
 0001:00006198       ?CL_ParticleEffect3@@YAXQAM0HH@Z 00407198 f   cl_fx.obj
 0001:00006268       ?CL_TeleporterParticles@@YAXPAUentityState_t@@@Z 00407268 f   cl_fx.obj
 0001:0000631f       ?CL_LogoutEffect@@YAXQAMH@Z 0040731f f   cl_fx.obj
 0001:0000640a       ?CL_ItemRespawnParticles@@YAXQAM@Z 0040740a f   cl_fx.obj
 0001:000064b9       ?CL_ExplosionParticles@@YAXQAM@Z 004074b9 f   cl_fx.obj
 0001:00006563       ?CL_BigTeleportParticles@@YAXQAM@Z 00407563 f   cl_fx.obj
 0001:000066ba       ?CL_BlasterParticles@@YAXQAM0@Z 004076ba f   cl_fx.obj
 0001:00006786       ?CL_BlasterTrail@@YAXQAM0@Z 00407786 f   cl_fx.obj
 0001:00006879       ?CL_FlagTrail@@YAXQAM0M@Z  00407879 f   cl_fx.obj
 0001:00006979       ?CL_DiminishingTrail@@YAXQAM0PAUcentity_t@@H@Z 00407979 f   cl_fx.obj
 0001:00006bdd       ?CL_RocketTrail@@YAXQAM0PAUcentity_t@@@Z 00407bdd f   cl_fx.obj
 0001:00006d0a       ?CL_RailTrail@@YAXQAM0@Z   00407d0a f   cl_fx.obj
 0001:00006f30       ?CL_RailTrailExt@@YAXQAM0EE@Z 00407f30 f   cl_fx.obj
 0001:00007034       ?CL_IonripperTrail@@YAXQAM0@Z 00408034 f   cl_fx.obj
 0001:00007147       ?CL_BubbleTrail@@YAXQAM0@Z 00408147 f   cl_fx.obj
 0001:00007265       ?CL_FlyParticles@@YAXQAMH@Z 00408265 f   cl_fx.obj
 0001:00007404       ?CL_FlyEffect@@YAXPAUcentity_t@@QAM@Z 00408404 f   cl_fx.obj
 0001:00007487       ?CL_BfgParticles@@YAXPAUentity_t@@@Z 00408487 f   cl_fx.obj
 0001:00007661       ?CL_TrapParticles@@YAXPAUentity_t@@@Z 00408661 f   cl_fx.obj
 0001:000078e4       ?CL_BFGExplosionParticles@@YAXQAM@Z 004088e4 f   cl_fx.obj
 0001:0000798e       ?CL_TeleportParticles@@YAXQAM@Z 0040898e f   cl_fx.obj
 0001:00007ac7       ?CL_EntityEvent@@YAXPAUentityState_t@@@Z 00408ac7 f   cl_fx.obj
 0001:00007ca2       ?CL_ClearEffects@@YAXXZ    00408ca2 f   cl_fx.obj
 0001:00007cb1       ?IN_CenterView@@YAXXZ      00408cb1 f   cl_input.obj
 0001:00007cd2       ?CL_InitInput@@YAXXZ       00408cd2 f   cl_input.obj
 0001:0000826e       ?CL_SendCmd@@YAXXZ         0040926e f   cl_input.obj
 0001:00008969       ?CL_WriteDemoMessage@@YAXXZ 00409969 f   cl_main.obj
 0001:000089ab       ?Cmd_ForwardToServer@@YAXHPAPAD@Z 004099ab f   cl_main.obj
 0001:00008a3e       ?CL_ForwardToServer_f@@YAXHPAPAD@Z 00409a3e f   cl_main.obj
 0001:00008a86       ?CL_Pause@@YAX_N@Z         00409a86 f   cl_main.obj
 0001:00008ac8       ?CL_Quit_f@@YAXXZ          00409ac8 f   cl_main.obj
 0001:00008ad2       ?CL_Drop@@YAX_N@Z          00409ad2 f   cl_main.obj
 0001:00008af5       ?CL_SendConnectPacket@@YAXXZ 00409af5 f   cl_main.obj
 0001:00008bcc       ?CL_CheckForResend@@YAXXZ  00409bcc f   cl_main.obj
 0001:00008cd1       ?CL_Connect_f@@YAX_NHPAPAD@Z 00409cd1 f   cl_main.obj
 0001:00008d54       ?CL_Rcon_f@@YAXHPAPAD@Z    00409d54 f   cl_main.obj
 0001:00008e5c       ?CL_Disconnect@@YAXXZ      00409e5c f   cl_main.obj
 0001:0000900c       ?CL_Disconnect_f@@YAXXZ    0040a00c f   cl_main.obj
 0001:00009016       ?CL_Changing_f@@YAXXZ      0040a016 f   cl_main.obj
 0001:0000903a       ?CL_Reconnect_f@@YAXXZ     0040a03a f   cl_main.obj
 0001:000090d6       ?CL_PingServers_f@@YAXXZ   0040a0d6 f   cl_main.obj
 0001:00009241       ?CL_Skins_f@@YAXXZ         0040a241 f   cl_main.obj
 0001:00009514       ?CL_ConnectionlessPacket@@YAXXZ 0040a514 f   cl_main.obj
 0001:00009613       ?CL_ReadPackets@@YAXXZ     0040a613 f   cl_main.obj
 0001:00009758       ?CL_FixUpGender@@YAXXZ     0040a758 f   cl_main.obj
 0001:0000980a       ?CL_Userinfo_f@@YAXXZ      0040a80a f   cl_main.obj
 0001:00009822       ?CL_RegisterSounds@@YAXXZ  0040a822 f   cl_main.obj
 0001:00009861       ?CL_Snd_Restart_f@@YAXXZ   0040a861 f   cl_main.obj
 0001:00009870       ?CL_WriteConfiguration@@YAXPAD@Z 0040a870 f   cl_main.obj
 0001:0000992b       ?CL_WriteConfig_f@@YAX_NHPAPAD@Z 0040a92b f   cl_main.obj
 0001:0000998a       ?CL_FixCvarCheats@@YAXXZ   0040a98a f   cl_main.obj
 0001:000099e4       ?CL_Frame@@YAXMH@Z         0040a9e4 f   cl_main.obj
 0001:00009bc8       ?CL_ClearState@@YAXXZ      0040abc8 f   cl_main.obj
 0001:00009c00       ?CL_Init@@YAXXZ            0040ac00 f   cl_main.obj
 0001:0000a0ed       ?CL_Shutdown@@YAX_N@Z      0040b0ed f   cl_main.obj
 0001:0000a142       ?CL_Flashlight@@YAXHQAM@Z  0040b142 f   cl_newfx.obj
 0001:0000a17c       ?CL_ColorFlash@@YAXQAMHHMMM@Z 0040b17c f   cl_newfx.obj
 0001:0000a1b8       ?CL_DebugTrail@@YAXQAM0@Z  0040b1b8 f   cl_newfx.obj
 0001:0000a298       ?CL_ForceWall@@YAXQAM0H@Z  0040b298 f   cl_newfx.obj
 0001:0000a3bf       ?CL_BubbleTrail2@@YAXQAM0H@Z 0040b3bf f   cl_newfx.obj
 0001:0000a4e9       ?CL_Heatbeam@@YAXQAM0@Z    0040b4e9 f   cl_newfx.obj
 0001:0000a79a       ?CL_ParticleSteamEffect@@YAXQAM0HHH@Z 0040b79a f   cl_newfx.obj
 0001:0000a8c4       ?CL_ParticleSteamEffect2@@YAXPAUcl_sustain_s@@@Z 0040b8c4 f   cl_newfx.obj
 0001:0000a9fb       ?CL_TrackerTrail@@YAXQAM0H@Z 0040b9fb f   cl_newfx.obj
 0001:0000ab4b       ?CL_Tracker_Shell@@YAXQAM@Z 0040bb4b f   cl_newfx.obj
 0001:0000abd4       ?CL_MonsterPlasma_Shell@@YAXQAM@Z 0040bbd4 f   cl_newfx.obj
 0001:0000ac5a       ?CL_Widowbeamout@@YAXPAUcl_sustain_s@@@Z 0040bc5a f   cl_newfx.obj
 0001:0000ad16       ?CL_Nukeblast@@YAXPAUcl_sustain_s@@@Z 0040bd16 f   cl_newfx.obj
 0001:0000add2       ?CL_WidowSplash@@YAXQAM@Z  0040bdd2 f   cl_newfx.obj
 0001:0000ae9a       ?CL_TagTrail@@YAXQAM0M@Z   0040be9a f   cl_newfx.obj
 0001:0000af9a       ?CL_ColorExplosionParticles@@YAXQAMHH@Z 0040bf9a f   cl_newfx.obj
 0001:0000b047       ?CL_ParticleSmokeEffect@@YAXQAM0HHH@Z 0040c047 f   cl_newfx.obj
 0001:0000b16f       ?CL_BlasterParticles2@@YAXQAM0I@Z 0040c16f f   cl_newfx.obj
 0001:0000b23c       ?CL_BlasterTrail2@@YAXQAM0@Z 0040c23c f   cl_newfx.obj
 0001:0000b32f       ?CL_LoadClientinfo@@YAXPAUclientinfo_t@@PAD@Z 0040c32f f   cl_parse.obj
 0001:0000b616       ?CL_ParseClientinfo@@YAXH@Z 0040c616 f   cl_parse.obj
 0001:0000b63a       ?CL_ParseServerMessage@@YAXXZ 0040c63a f   cl_parse.obj
 0001:0000be01       ?CL_CheckPredictionError@@YAXXZ 0040ce01 f   cl_pred.obj
 0001:0000bfa1       ?CL_EntityTrace@@YAXPAUtrace_t@@QAM111H@Z 0040cfa1 f   cl_pred.obj
 0001:0000c35c       ?CL_Trace@@YAXPAUtrace_t@@QAM111H@Z 0040d35c f   cl_pred.obj
 0001:0000c3de       ?CL_PMpointcontents@@YAHQAM@Z 0040d3de f   cl_pred.obj
 0001:0000c569       ?CL_PredictMovement@@YAXXZ 0040d569 f   cl_pred.obj
 0001:0000c90b       ?DrawString@@YAXHHPBD@Z    0040d90b f   cl_scrn.obj
 0001:0000c950       ?SCR_DebugGraph@@YAXMH@Z   0040d950 f   cl_scrn.obj
 0001:0000c978       ?SCR_CenterPrint@@YAXPAD@Z 0040d978 f   cl_scrn.obj
 0001:0000ca7c       ?Key_Message@@YAXH@Z       0040da7c f   cl_scrn.obj
 0001:0000cb18       ?SCR_SetLevelshot@@YAXPBD@Z 0040db18 f   cl_scrn.obj
 0001:0000cbfc       ?SCR_BeginLoadingPlaque@@YAXXZ 0040dbfc f   cl_scrn.obj
 0001:0000cc81       ?SCR_EndLoadingPlaque@@YAX_N@Z 0040dc81 f   cl_scrn.obj
 0001:0000cd06       ?SCR_ShowConsole@@YAX_N0@Z 0040dd06 f   cl_scrn.obj
 0001:0000cddf       ?SCR_ToggleConsole@@YAXXZ  0040dddf f   cl_scrn.obj
 0001:0000ce07       ?SCR_TouchPics@@YAXXZ      0040de07 f   cl_scrn.obj
 0001:0000ce77       ?SCR_UpdateScreen@@YAXXZ   0040de77 f   cl_scrn.obj
 0001:0000e1cb       ?SCR_Init@@YAXXZ           0040f1cb f   cl_scrn.obj
 0001:0000e4ab       ?CL_RegisterTEntSounds@@YAXXZ 0040f4ab f   cl_tent.obj
 0001:0000e6f0       ?CL_RegisterTEntModels@@YAXXZ 0040f6f0 f   cl_tent.obj
 0001:0000e828       ?CL_ClearTEnts@@YAXXZ      0040f828 f   cl_tent.obj
 0001:0000e85c       ?CL_AllocExplosion@@YAPAUexplosion_t@@QAMW4exptype_t@@@Z 0040f85c f   cl_tent.obj
 0001:0000e8f8       ?CL_AddExplosions@@YAXXZ   0040f8f8 f   cl_tent.obj
 0001:0000ea92       ?CL_SmokeAndFlash@@YAXQAM@Z 0040fa92 f   cl_tent.obj
 0001:0000eada       ?CL_ParseBeam@@YAHPAUmodel_s@@@Z 0040fada f   cl_tent.obj
 0001:0000ebb9       ?CL_ParseBeam2@@YAHPAUmodel_s@@@Z 0040fbb9 f   cl_tent.obj
 0001:0000ec90       ?CL_ParsePlayerBeam@@YAHPAUmodel_s@@@Z 0040fc90 f   cl_tent.obj
 0001:0000ed9e       ?CL_ParseLightning@@YAHPAUmodel_s@@@Z 0040fd9e f   cl_tent.obj
 0001:0000ee6a       ?CL_ParseLaser@@YAXI@Z     0040fe6a f   cl_tent.obj
 0001:0000eee6       ?CL_ParseSteam@@YAXXZ      0040fee6 f   cl_tent.obj
 0001:0000eff7       ?CL_ParseWidow@@YAXXZ      0040fff7 f   cl_tent.obj
 0001:0000f063       ?CL_ParseNuke@@YAXXZ       00410063 f   cl_tent.obj
 0001:0000f0cd       ?CL_ParseTEnt@@YAXXZ       004100cd f   cl_tent.obj
 0001:0000fee8       ?CL_AddBeams@@YAXXZ        00410ee8 f   cl_tent.obj
 0001:00010224       ?CL_AddPlayerBeams@@YAXXZ  00411224 f   cl_tent.obj
 0001:00010914       ?CL_ProcessSustain@@YAXXZ  00411914 f   cl_tent.obj
 0001:00010955       ?CL_AddTEnts@@YAXXZ        00411955 f   cl_tent.obj
 0001:00010969       ?V_AddEntity@@YAXPAUentity_t@@@Z 00411969 f   cl_view.obj
 0001:00010998       ?V_AddLight@@YAXQAMMMMM@Z  00411998 f   cl_view.obj
 0001:000109dd       ?V_TestParticles@@YAXXZ    004119dd f   cl_view.obj
 0001:00010a9b       ?V_TestEntities@@YAXXZ     00411a9b f   cl_view.obj
 0001:00010b31       ?V_TestLights@@YAXXZ       00411b31 f   cl_view.obj
 0001:00010bff       ?CL_PrepRefresh@@YAXXZ     00411bff f   cl_view.obj
 0001:00010ec4       ?CalcFov@@YAMMMM@Z         00411ec4 f   cl_view.obj
 0001:00010f38       ?V_RenderView@@YA_NM@Z     00411f38 f   cl_view.obj
 0001:00011bdf       ?V_Init@@YAXXZ             00412bdf f   cl_view.obj
 0001:00011c8f       ?Con_ClearNotify@@YAXXZ    00412c8f f   console.obj
 0001:00011c9e       ?Con_CheckResize@@YAXXZ    00412c9e f   console.obj
 0001:00011dc5       ?Con_Print@@YAXPBD@Z       00412dc5 f   console.obj
 0001:000120bd       ?Con_DrawNotify@@YAX_N@Z   004130bd f   console.obj
 0001:000121d7       ?Con_DrawConsole@@YAXM@Z   004131d7 f   console.obj
 0001:000125b1       ?Con_ClearTyping@@YAXXZ    004135b1 f   console.obj
 0001:000125ca       ?Key_Console@@YAXHH@Z      004135ca f   console.obj
 0001:00012a12       ?Con_Init@@YAXXZ           00413a12 f   console.obj
 0001:00012b8e       ?Key_KeynumToString@@YAPBDH@Z 00413b8e f   keys.obj
 0001:00012c3e       ?CompleteCommand@@YAXXZ    00413c3e f   keys.obj
 0001:00013599       ?Key_SetBinding@@YAXHPBD@Z 00414599 f   keys.obj
 0001:000135d7       ?Key_FindBinding@@YAHPBDPAHH@Z 004145d7 f   keys.obj
 0001:00013625       ?Key_WriteBindings@@YAXPAU_iobuf@@@Z 00414625 f   keys.obj
 0001:0001366d       ?Key_Init@@YAXXZ           0041466d f   keys.obj
 0001:00013951       ?Key_Event@@YAXH_NI@Z      00414951 f   keys.obj
 0001:00013c9f       ?Key_ClearStates@@YAXXZ    00414c9f f   keys.obj
 0001:00013cd6       ?M_PushMenu@@YAXP6AXXZP6APBDH@Z@Z 00414cd6 f   menu.obj
 0001:00013d65       ?M_ForceMenuOff@@YAXXZ     00414d65 f   menu.obj
 0001:00013d8e       ?M_ForceMenuOn@@YAXXZ      00414d8e f   menu.obj
 0001:00013da7       ?M_PopMenu@@YAXXZ          00414da7 f   menu.obj
 0001:00013df3       ?Default_MenuKey@@YAPBDPAUmenuFramework_s@@H@Z 00414df3 f   menu.obj
 0001:00013f13       ?M_DrawCharacter@@YAXHHH@Z 00414f13 f   menu.obj
 0001:00013f45       ?M_Print@@YAXHHPAD@Z       00414f45 f   menu.obj
 0001:00013f8b       ?M_DrawCursor@@YAXHHH@Z    00414f8b f   menu.obj
 0001:00013fb0       ?M_DrawTextBox@@YAXHHHH@Z  00414fb0 f   menu.obj
 0001:00014082       ?M_Main_Draw@@YAXXZ        00415082 f   menu.obj
 0001:000141f6       ?M_Main_Key@@YAPBDH@Z      004151f6 f   menu.obj
 0001:000142d4       ?M_Menu_Main_f@@YAXXZ      004152d4 f   menu.obj
 0001:000142f5       ?M_Menu_Multiplayer_f@@YAXXZ 004152f5 f   menu.obj
 0001:000144cd       ?M_Menu_Keys_f@@YAXXZ      004154cd f   menu.obj
 0001:00014929       ?M_Menu_Options_f@@YAXXZ   00415929 f   menu.obj
 0001:0001523e       ?M_Menu_Video_f@@YAXXZ     0041623e f   menu.obj
 0001:0001525f       ?M_Menu_Credits_f@@YAXXZ   0041625f f   menu.obj
 0001:0001540c       ?M_Menu_Game_f@@YAXXZ      0041640c f   menu.obj
 0001:0001567f       ?M_Menu_LoadGame_f@@YAXXZ  0041667f f   menu.obj
 0001:0001594d       ?M_Menu_SaveGame_f@@YAXXZ  0041694d f   menu.obj
 0001:00015aad       ?M_AddToServerList@@YAXUnetadr_t@@PAD@Z 00416aad f   menu.obj
 0001:00015b20       ?M_Menu_JoinServer_f@@YAXXZ 00416b20 f   menu.obj
 0001:00015d91       ?M_Menu_StartServer_f@@YAXXZ 00416d91 f   menu.obj
 0001:00016597       ?M_Menu_DMOptions_f@@YAXXZ 00417597 f   menu.obj
 0001:00016d3e       ?M_Menu_DownloadOptions_f@@YAXXZ 00417d3e f   menu.obj
 0001:00016fc0       ?M_Menu_AddressBook_f@@YAXXZ 00417fc0 f   menu.obj
 0001:00018374       ?M_Init@@YAXXZ             00419374 f   menu.obj
 0001:00018492       ?M_Draw@@YAXXZ             00419492 f   menu.obj
 0001:000184e3       ?M_Keydown@@YAXH@Z         004194e3 f   menu.obj
 0001:000184ff       ?Insert@?$TList@VCStringItem@@@@QAE_NPAVCStringItem@@@Z 004194ff f i menu.obj
 0001:000184ff       ?Insert@?$TList@VplayerModelInfo_t@@@@QAE_NPAVplayerModelInfo_t@@@Z 004194ff f i menu.obj
 0001:00018535       ?Menu_ItemAtCursor@@YAPAUmenuCommon_s@@PAUmenuFramework_s@@@Z 00419535 f   qmenu.obj
 0001:00018585       ?Field_Key@@YA_NPAUmenuField_t@@H@Z 00419585 f   qmenu.obj
 0001:00018732       ?Menu_AddItem@@YAXPAUmenuFramework_s@@PAX@Z 00419732 f   qmenu.obj
 0001:000187ed       ?Menu_AdjustCursor@@YAXPAUmenuFramework_s@@H@Z 004197ed f   qmenu.obj
 0001:00018938       ?Menu_Center@@YAXPAUmenuFramework_s@@@Z 00419938 f   qmenu.obj
 0001:00018978       ?Menu_Draw@@YAXPAUmenuFramework_s@@@Z 00419978 f   qmenu.obj
 0001:00018ec7       ?Menu_SelectItem@@YA_NPAUmenuFramework_s@@@Z 00419ec7 f   qmenu.obj
 0001:00018f1a       ?Menu_SetStatusBar@@YAXPAUmenuFramework_s@@PBD@Z 00419f1a f   qmenu.obj
 0001:00018f26       ?Menu_SlideItem@@YAXPAUmenuFramework_s@@H@Z 00419f26 f   qmenu.obj
 0001:00019421       ?InitRendererVars@@YAXXZ   0041a421 f   ref_vars.obj
 0001:00019440       ?S_SoundInfo_f@@YAXXZ      0041a440 f   snd_dma.obj
 0001:000194ca       ?S_ReadModelsSex@@YAXXZ    0041a4ca f   snd_dma.obj
 0001:000195af       ?S_IsFemale@@YA_NPAD@Z     0041a5af f   snd_dma.obj
 0001:00019603       ?S_Init@@YAXXZ             0041a603 f   snd_dma.obj
 0001:000196d9       ?S_Shutdown@@YAXXZ         0041a6d9 f   snd_dma.obj
 0001:0001976c       ?S_BeginRegistration@@YAXXZ 0041a76c f   snd_dma.obj
 0001:0001977a       ?S_RegisterSound@@YAPAUsfx_s@@PBD@Z 0041a77a f   snd_dma.obj
 0001:00019913       ?S_EndRegistration@@YAXXZ  0041a913 f   snd_dma.obj
 0001:000199ab       ?S_PickChannel@@YAPAUchannel_t@@HH@Z 0041a9ab f   snd_dma.obj
 0001:00019a38       ?S_SpatializeOrigin@@YAXQAMMMPAH1@Z 0041aa38 f   snd_dma.obj
 0001:00019b5f       ?S_Spatialize@@YAXPAUchannel_t@@@Z 0041ab5f f   snd_dma.obj
 0001:00019bd0       ?S_AllocPlaysound@@YAPAUplaysound_s@@XZ 0041abd0 f   snd_dma.obj
 0001:00019bf2       ?S_FreePlaysound@@YAXPAUplaysound_s@@@Z 0041abf2 f   snd_dma.obj
 0001:00019c22       ?S_IssuePlaysound@@YAXPAUplaysound_s@@@Z 0041ac22 f   snd_dma.obj
 0001:00019cef       ?S_StartSound@@YAXQAMHHPAUsfx_s@@MMM@Z 0041acef f   snd_dma.obj
 0001:0001a066       ?S_StartLocalSound@@YAXPBD@Z 0041b066 f   snd_dma.obj
 0001:0001a0b5       ?S_ClearBuffer@@YAXXZ      0041b0b5 f   snd_dma.obj
 0001:0001a11e       ?S_StopAllSounds_f@@YAXXZ  0041b11e f   snd_dma.obj
 0001:0001a18e       ?S_AddLoopSounds@@YAXXZ    0041b18e f   snd_dma.obj
 0001:0001a364       ?S_RawSamples@@YAXHHHHPAE@Z 0041b364 f   snd_dma.obj
 0001:0001a568       ?S_Update@@YAXQAM000@Z     0041b568 f   snd_dma.obj
 0001:0001a662       ?GetSoundtime@@YAXXZ       0041b662 f   snd_dma.obj
 0001:0001a6c9       ?S_Update_@@YAXXZ          0041b6c9 f   snd_dma.obj
 0001:0001a97c       ?ResampleSfx@@YAXPAUsfx_s@@HHPAE@Z 0041b97c f   snd_mem.obj
 0001:0001aa97       ?S_LoadSound@@YAPAUsfxcache_t@@PAUsfx_s@@@Z 0041ba97 f   snd_mem.obj
 0001:0001abcf       ?GetWavinfo@@YA?AUwavinfo_t@@PADPAEH@Z 0041bbcf f   snd_mem.obj
 0001:0001ae11       ?S_WriteLinearBlastStereo16@@YAXXZ 0041be11 f   snd_mix.obj
 0001:0001ae85       ?S_TransferStereo16@@YAXPAKH@Z 0041be85 f   snd_mix.obj
 0001:0001aeee       ?S_TransferPaintBuffer@@YAXH@Z 0041beee f   snd_mix.obj
 0001:0001b04a       ?S_PaintChannels@@YAXH@Z   0041c04a f   snd_mix.obj
 0001:0001b2e6       ?S_InitScaletable@@YAXXZ   0041c2e6 f   snd_mix.obj
 0001:0001b4a7       ?SV_WipeSavegame@@YAXPAD@Z 0041c4a7 f   sv_ccmds.obj
 0001:0001b4d5       ?SV_CopySaveGame@@YAXPAD0@Z 0041c4d5 f   sv_ccmds.obj
 0001:0001b52a       ?SV_WriteLevelFile@@YAXXZ  0041c52a f   sv_ccmds.obj
 0001:0001b5d8       ?SV_ReadLevelFile@@YAXXZ   0041c5d8 f   sv_ccmds.obj
 0001:0001b686       ?SV_WriteServerFile@@YAX_NPAD@Z 0041c686 f   sv_ccmds.obj
 0001:0001b8c3       ?SV_ReadServerFile@@YAXXZ  0041c8c3 f   sv_ccmds.obj
 0001:0001b9e8       ?SV_AddressBanned@@YA_NPAUnetadr_t@@@Z 0041c9e8 f   sv_ccmds.obj
 0001:0001ba29       ?SV_InitOperatorCommands@@YAXXZ 0041ca29 f   sv_ccmds.obj
 0001:0001ca2b       ?SV_WriteFrameToClient@@YAXPAUclient_s@@PAUsizebuf_s@@@Z 0041da2b f   sv_ents.obj
 0001:0001cc16       ?SV_FatPVS@@YAXQAM@Z       0041dc16 f   sv_ents.obj
 0001:0001cd34       ?SV_BuildClientFrame@@YAXPAUclient_s@@@Z 0041dd34 f   sv_ents.obj
 0001:0001d049       ?SV_RecordDemoMessage@@YAXXZ 0041e049 f   sv_ents.obj
 0001:0001dbd2       ?SV_InitGameLibrary@@YAX_N@Z 0041ebd2 f   sv_game.obj
 0001:0001dd18       ?SV_ShutdownGameLibrary@@YAXXZ 0041ed18 f   sv_game.obj
 0001:0001de75       ?SV_FindIndex@@YAHPADHH_N@Z 0041ee75 f   sv_init.obj
 0001:0001df7a       ?SV_ModelIndex@@YAHPAD@Z   0041ef7a f   sv_init.obj
 0001:0001df90       ?SV_SoundIndex@@YAHPAD@Z   0041ef90 f   sv_init.obj
 0001:0001dfa9       ?SV_ImageIndex@@YAHPAD@Z   0041efa9 f   sv_init.obj
 0001:0001dfc2       ?SV_CreateBaseline@@YAXXZ  0041efc2 f   sv_init.obj
 0001:0001e020       ?SV_CheckForSavegame@@YAXXZ 0041f020 f   sv_init.obj
 0001:0001e0a8       ?SV_SpawnServer@@YAXPAD0W4server_state_t@@_N2@Z 0041f0a8 f   sv_init.obj
 0001:0001e377       ?SV_InitGame@@YAXXZ        0041f377 f   sv_init.obj
 0001:0001e5c1       ?SV_Map@@YAX_NPBD0@Z       0041f5c1 f   sv_init.obj
 0001:0001e78a       ?SV_DropClient@@YAXPAUclient_s@@PAD@Z 0041f78a f   sv_main.obj
 0001:0001e83b       ?SV_StatusString@@YAPADXZ  0041f83b f   sv_main.obj
 0001:0001f072       ?SV_ConnectionlessPacket@@YAXXZ 00420072 f   sv_main.obj
 0001:0001f13d       ?SV_CalcPings@@YAXXZ       0042013d f   sv_main.obj
 0001:0001f1c4       ?SV_GiveMsec@@YAXXZ        004201c4 f   sv_main.obj
 0001:0001f203       ?SV_ReadPackets@@YAXXZ     00420203 f   sv_main.obj
 0001:0001f34d       ?SV_CheckTimeouts@@YAXXZ   0042034d f   sv_main.obj
 0001:0001f45e       ?SV_PostprocessFrame@@YAXXZ 0042045e f   sv_main.obj
 0001:0001f935       ?SV_MulticastHook@@YAPAUsizebuf_s@@PAU1@0@Z 00420935 f   sv_main.obj
 0001:0001fd29       ?SV_TraceHook@@YA?AUtrace_t@@QAM000PAUedict_s@@H@Z 00420d29 f   sv_main.obj
 0001:0001fea4       ?SV_Frame@@YAXM@Z          00420ea4 f   sv_main.obj
 0001:0002015e       ?SV_UserinfoChanged@@YAXPAUclient_s@@@Z 0042115e f   sv_main.obj
 0001:00020222       ?SV_Init@@YAXXZ            00421222 f   sv_main.obj
 0001:00020299       ?SV_Shutdown@@YAXPBD_N@Z   00421299 f   sv_main.obj
 0001:0002049c       ?SV_BeginRedirect@@YAXXZ   0042149c f   sv_send.obj
 0001:00020546       ?SV_ClientPrintf@@YAXPAUclient_s@@HPADZZ 00421546 f   sv_send.obj
 0001:000205a1       ?SV_BroadcastPrintf@@YAXHPADZZ 004215a1 f   sv_send.obj
 0001:00020677       ?SV_BroadcastCommand@@YAXPADZZ 00421677 f   sv_send.obj
 0001:000206cc       ?SV_Multicast@@YAXQAMW4multicast_t@@_N@Z 004216cc f   sv_send.obj
 0001:0002090f       ?SV_MulticastOld@@YAXQAMW4multicast_t@@@Z 0042190f f   sv_send.obj
 0001:00020922       ?SV_MulticastNew@@YAXQAMW4multicast_t@@@Z 00421922 f   sv_send.obj
 0001:00020935       ?SV_StartSound@@YAXQAMPAUedict_s@@HHMMM_N@Z 00421935 f   sv_send.obj
 0001:00020bfd       ?SV_StartSoundOld@@YAXQAMPAUedict_s@@HHMMM@Z 00421bfd f   sv_send.obj
 0001:00020c2d       ?SV_StartSoundNew@@YAXQAMPAUedict_s@@HHMMM@Z 00421c2d f   sv_send.obj
 0001:00020c5d       ?SV_SendClientDatagram@@YA_NPAUclient_s@@@Z 00421c5d f   sv_send.obj
 0001:00020d30       ?SV_DemoCompleted@@YAXXZ   00421d30 f   sv_send.obj
 0001:00020d4c       ?SV_RateDrop@@YA_NPAUclient_s@@@Z 00421d4c f   sv_send.obj
 0001:00020d96       ?SV_SendClientMessages@@YAXXZ 00421d96 f   sv_send.obj
 0001:00020ee4       ?SV_TokenizeString@@YAXPBD@Z 00421ee4 f   sv_tokenize.obj
 0001:00020fbb       ?SV_Argc@@YAHXZ            00421fbb f   sv_tokenize.obj
 0001:00020fc1       ?SV_Argv@@YAPADH@Z         00421fc1 f   sv_tokenize.obj
 0001:00020fdb       ?SV_Args@@YAPADXZ          00421fdb f   sv_tokenize.obj
 0001:0002182c       ?SV_Nextserver@@YAXXZ      0042282c f   sv_user.obj
 0001:000218bb       ?SV_ExecuteUserCommand@@YAXPAD@Z 004228bb f   sv_user.obj
 0001:0002197d       ?SV_ClientThink@@YAXPAUclient_s@@PAUusercmd_t@@@Z 0042297d f   sv_user.obj
 0001:000219c0       ?SV_ExecuteClientMessage@@YAXPAUclient_s@@@Z 004229c0 f   sv_user.obj
 0001:00021bde       ?SV_ClearWorld@@YAXXZ      00422bde f   sv_world.obj
 0001:00021d36       ?SV_UnlinkEdict@@YAXPAUedict_s@@@Z 00422d36 f   sv_world.obj
 0001:00021df9       ?SV_LinkEdict@@YAXPAUedict_s@@@Z 00422df9 f   sv_world.obj
 0001:00022451       ?SV_AreaEdicts@@YAHQAM0PAPAUedict_s@@HH@Z 00423451 f   sv_world.obj
 0001:00022602       ?SV_PointContents@@YAHQAM@Z 00423602 f   sv_world.obj
 0001:00022728       ?SV_ClipMoveToEntities@@YAXPAUtrace_t@@QAM111PAUedict_s@@H@Z 00423728 f   sv_world.obj
 0001:00022b07       ?SV_Trace@@YAXPAUtrace_t@@QAM111PAUedict_s@@H@Z 00423b07 f   sv_world.obj
 0001:00022bdb       ?Cbuf_Init@@YAXXZ          00423bdb f   cmd.obj
 0001:00022bf3       ?Cbuf_AddText@@YAXPBD@Z    00423bf3 f   cmd.obj
 0001:00022c58       ?Cbuf_InsertText@@YAXPBD@Z 00423c58 f   cmd.obj
 0001:00022cbf       ?Cbuf_CopyToDefer@@YAXXZ   00423cbf f   cmd.obj
 0001:00022d07       ?Cbuf_InsertFromDefer@@YAXXZ 00423d07 f   cmd.obj
 0001:00022d30       ?Cbuf_Execute@@YAXXZ       00423d30 f   cmd.obj
 0001:00022e32       ?Cmd_Unalias_f@@YAX_NHPAPAD@Z 00423e32 f   cmd.obj
 0001:00022ea8       ?Cmd_WriteAliases@@YAXPAU_iobuf@@@Z 00423ea8 f   cmd.obj
 0001:00022ed9       ?RegisterCommand@@YA_NPBDP6AXXZH@Z 00423ed9 f   cmd.obj
 0001:00022f92       ?UnregisterCommand@@YA_NPBD@Z 00423f92 f   cmd.obj
 0001:00023023       ?Cmd_ExecuteString@@YA_NPBD@Z 00424023 f   cmd.obj
 0001:0002345c       ?ExecuteCommand@@YA_NPBDPBUCSimpleCommand@@H@Z 0042445c f   cmd.obj
 0001:00023523       ?Cmd_Init@@YAXXZ           00424523 f   cmd.obj
 0001:00023861       ?CMod_GetSurfMaterial@@YA?AW4material_t@@PAD@Z 00424861 f   cmodel.obj
 0001:000238be       ?CM_LoadMap@@YAPAUcmodel_t@@PAD_NPAI@Z 004248be f   cmodel.obj
 0001:00023f99       ?PlaneTypeForNormal@@YAHQBM@Z 00424f99 f i cmodel.obj
 0001:00024151       ?CM_InlineModel@@YAPAUcmodel_t@@PAD@Z 00425151 f   cmodel.obj
 0001:00024192       ?CM_NumClusters@@YAHXZ     00425192 f   cmodel.obj
 0001:00024198       ?CM_NumInlineModels@@YAHXZ 00425198 f   cmodel.obj
 0001:0002419e       ?CM_EntityString@@YAPADXZ  0042519e f   cmodel.obj
 0001:000241a4       ?CM_LeafContents@@YAHH@Z   004251a4 f   cmodel.obj
 0001:000241cb       ?CM_LeafCluster@@YAHH@Z    004251cb f   cmodel.obj
 0001:00024241       ?CM_LeafArea@@YAHH@Z       00425241 f   cmodel.obj
 0001:00024408       ?CM_HeadnodeForBox@@YAHQAM0@Z 00425408 f   cmodel.obj
 0001:000244bd       ?CM_PointLeafnum@@YAHQAMH@Z 004254bd f   cmodel.obj
 0001:0002455f       ?DISTANCE_TO_PLANE@@YAMQBMPBUcplane_t@@@Z 0042555f f i cmodel.obj
 0001:000245a7       ?CM_PointContents@@YAHQAMH@Z 004255a7 f   cmodel.obj
 0001:0002461c       ?CM_TransformedPointContents@@YAHQAMH00@Z 0042561c f   cmodel.obj
 0001:00024755       ?CM_TransformedPointContents2@@YAHQAMH0PAY02M@Z 00425755 f   cmodel.obj
 0001:00024846       ?CM_BoxLeafnums@@YAHQAM0PAHH1H@Z 00425846 f   cmodel.obj
 0001:0002495a       ?BOX_ON_PLANE_SIDE@@YAHQBM0PBUcplane_t@@@Z 0042595a f i cmodel.obj
 0001:000249df       ?CM_BoxTrace@@YAXPAUtrace_t@@QBM111HH@Z 004259df f   cmodel.obj
 0001:00025404       ?CM_TransformedBoxTrace@@YAXPAUtrace_t@@QBM111HH11@Z 00426404 f   cmodel.obj
 0001:000256d4       ?CM_TransformedBoxTrace2@@YAXPAUtrace_t@@QBM111HH1PAY02$$CBM@Z 004266d4 f   cmodel.obj
 0001:000258e9       ?CM_BrushTrace@@YAHQBM0PAHH@Z 004268e9 f   cmodel.obj
 0001:00025d0f       ?CM_RefineBrushTrace@@YAHQBM0PAHH@Z 00426d0f f   cmodel.obj
 0001:00025db5       ?CM_ClusterPVS@@YAPAEH@Z   00426db5 f   cmodel.obj
 0001:00025ef9       ?CM_ClusterPHS@@YAPAEH@Z   00426ef9 f   cmodel.obj
 0001:0002605c       ?CM_SetAreaPortalState@@YAXH_N@Z 0042705c f   cmodel.obj
 0001:00026081       ?CM_AreasConnected@@YA_NHH@Z 00427081 f   cmodel.obj
 0001:000260c5       ?CM_WriteAreaBits@@YAHPAEH@Z 004270c5 f   cmodel.obj
 0001:00026167       ?CM_WritePortalState@@YAXPAU_iobuf@@@Z 00427167 f   cmodel.obj
 0001:00026181       ?CM_ReadPortalState@@YAXPAU_iobuf@@@Z 00427181 f   cmodel.obj
 0001:0002619f       ?CM_HeadnodeVisible@@YA_NHPAE@Z 0042719f f   cmodel.obj
 0001:00026277       ?Com_BeginRedirect@@YAXPADHP6AX0@Z@Z 00427277 f   common.obj
 0001:000262a4       ?Com_EndRedirect@@YAXXZ    004272a4 f   common.obj
 0001:000262c3       ?Com_Printf@@YAXPBDZZ      004272c3 f   common.obj
 0001:000264d0       ?Com_DPrintf@@YAXPBDZZ     004274d0 f   common.obj
 0001:00026549       ?DebugPrintf@@YAXPBDZZ     00427549 f   common.obj
 0001:000265f3       ?Com_WPrintf@@YAXPBDZZ     004275f3 f   common.obj
 0001:0002664d       ?Com_Quit@@YAXXZ           0042764d f   common.obj
 0001:0002666d       ?IPWildcard@@YA_NPAUnetadr_t@@PAD@Z 0042766d f   common.obj
 0001:00026747       ?Com_ServerState@@YA?AW4server_state_t@@XZ 00427747 f   common.obj
 0001:0002674d       ?Com_SetServerState@@YAXW4server_state_t@@@Z 0042774d f   common.obj
 0001:00026757       ?frand@@YAMXZ              00427757 f   common.obj
 0001:0002676f       ?crand@@YAMXZ              0042776f f   common.obj
 0001:0002678d       ?MSG_WriteChar@@YAXPAUsizebuf_s@@H@Z 0042778d f   common.obj
 0001:0002678d       ?MSG_WriteByte@@YAXPAUsizebuf_s@@H@Z 0042778d f   common.obj
 0001:000267a1       ?MSG_WriteShort@@YAXPAUsizebuf_s@@H@Z 004277a1 f   common.obj
 0001:000267bb       ?MSG_WriteLong@@YAXPAUsizebuf_s@@H@Z 004277bb f   common.obj
 0001:000267e5       ?MSG_WriteFloat@@YAXPAUsizebuf_s@@M@Z 004277e5 f   common.obj
 0001:00026801       ?MSG_WriteString@@YAXPAUsizebuf_s@@PBD@Z 00427801 f   common.obj
 0001:00026838       ?MSG_WriteCoord@@YAXPAUsizebuf_s@@M@Z 00427838 f   common.obj
 0001:0002685d       ?MSG_WritePos@@YAXPAUsizebuf_s@@QAM@Z 0042785d f   common.obj
 0001:000268c1       ?MSG_WriteAngle@@YAXPAUsizebuf_s@@M@Z 004278c1 f   common.obj
 0001:000268ec       ?MSG_WriteAngle16@@YAXPAUsizebuf_s@@M@Z 004278ec f   common.obj
 0001:00026917       ?MSG_WriteDir@@YAXPAUsizebuf_s@@QAM@Z 00427917 f   common.obj
 0001:0002697e       ?MSG_ReadDir@@YAXPAUsizebuf_s@@QAM@Z 0042797e f   common.obj
 0001:000269af       ?MSG_BeginReading@@YAXPAUsizebuf_s@@@Z 004279af f   common.obj
 0001:000269b8       ?MSG_ReadChar@@YAHPAUsizebuf_s@@@Z 004279b8 f   common.obj
 0001:000269d9       ?MSG_ReadByte@@YAHPAUsizebuf_s@@@Z 004279d9 f   common.obj
 0001:000269fa       ?MSG_ReadShort@@YAHPAUsizebuf_s@@@Z 004279fa f   common.obj
 0001:00026a2a       ?MSG_ReadLong@@YAHPAUsizebuf_s@@@Z 00427a2a f   common.obj
 0001:00026a69       ?MSG_ReadString@@YAPADPAUsizebuf_s@@@Z 00427a69 f   common.obj
 0001:00026a9c       ?MSG_ReadCoord@@YAMPAUsizebuf_s@@@Z 00427a9c f   common.obj
 0001:00026ab6       ?MSG_ReadPos@@YAXPAUsizebuf_s@@QAM@Z 00427ab6 f   common.obj
 0001:00026b08       ?MSG_ReadAngle@@YAMPAUsizebuf_s@@@Z 00427b08 f   common.obj
 0001:00026b22       ?MSG_ReadAngle16@@YAMPAUsizebuf_s@@@Z 00427b22 f   common.obj
 0001:00026b3c       ?MSG_ReadData@@YAXPAUsizebuf_s@@PAXH@Z 00427b3c f   common.obj
 0001:00026b5f       ?SZ_Init@@YAXPAUsizebuf_s@@PAXH@Z 00427b5f f   common.obj
 0001:00026b7d       ?SZ_Clear@@YAXPAUsizebuf_s@@@Z 00427b7d f   common.obj
 0001:00026b8a       ?SZ_GetSpace@@YAPAXPAUsizebuf_s@@H@Z 00427b8a f   common.obj
 0001:00026be7       ?SZ_Write@@YAXPAUsizebuf_s@@PBXH@Z 00427be7 f   common.obj
 0001:00026c13       ?SZ_Insert@@YAXPAUsizebuf_s@@PBXHH@Z 00427c13 f   common.obj
 0001:00026c6c       ?SZ_Print@@YAXPAUsizebuf_s@@PBD@Z 00427c6c f   common.obj
 0001:00026cc2       ?Info_ValueForKey@@YAPADPAD0@Z 00427cc2 f   common.obj
 0001:00026d4d       ?Info_RemoveKey@@YAXPAD0@Z 00427d4d f   common.obj
 0001:00026dd3       ?Info_SetValueForKey@@YAXPAD00@Z 00427dd3 f   common.obj
 0001:00026f0b       ?Info_Print@@YAXPAD@Z      00427f0b f   common.obj
 0001:00026fd0       ?COM_BlockSequenceCRCByte@@YAEPAEHH@Z 00427fd0 f   common.obj
 0001:00027061       ?COM_CheckCmdlineVar@@YA_NPBD@Z 00428061 f   common.obj
 0001:000270b7       ?QCommon_Init@@YAXPAD@Z    004280b7 f   common.obj
 0001:00027485       ?QCommon_Frame@@YAXH@Z     00428485 f   common.obj
 0001:0002775c       ?QCommon_Shutdown@@YAXXZ   0042875c f   common.obj
 0001:00027775       ?CRC_Init@@YAXPAG@Z        00428775 f   crc.obj
 0001:0002777f       ?CRC_Block@@YAGPAEH@Z      0042877f f   crc.obj
 0001:000277c8       ?Cvar_VariableValue@@YAMPBD@Z 004287c8 f   cvar.obj
 0001:00027836       ?Cvar_VariableInt@@YAHPBD@Z 00428836 f   cvar.obj
 0001:00027849       ?Cvar_VariableString@@YAPADPBD@Z 00428849 f   cvar.obj
 0001:00027861       ?Cvar_Get@@YAPAUcvar_s@@PBD0H@Z 00428861 f   cvar.obj
 0001:00027b18       ?Cvar_GetVars@@YAXPBUcvarInfo_t@@H@Z 00428b18 f   cvar.obj
 0001:00027bc2       ?Cvar_FullSet@@YAPAUcvar_s@@PBD0H@Z 00428bc2 f   cvar.obj
 0001:00027c1c       ?Cvar_SetValue@@YAPAUcvar_s@@PBDM@Z 00428c1c f   cvar.obj
 0001:00027e42       ?Cvar_SetInteger@@YAPAUcvar_s@@PBDH@Z 00428e42 f   cvar.obj
 0001:00027e64       ?Cvar_Set@@YAPAUcvar_s@@PBD0@Z 00428e64 f   cvar.obj
 0001:00027e79       ?Cvar_ForceSet@@YAPAUcvar_s@@PBD0@Z 00428e79 f   cvar.obj
 0001:00027e8e       ?Cvar_Clamp@@YAMPAUcvar_s@@MM@Z 00428e8e f   cvar.obj
 0001:00027eec       ?Cvar_ClampName@@YAMPBDMM@Z 00428eec f   cvar.obj
 0001:00027f2b       ?Cvar_GetLatchedVars@@YAXXZ 00428f2b f   cvar.obj
 0001:00027f5a       ?Cvar_Command@@YA_NHPAPAD@Z 00428f5a f   cvar.obj
 0001:00027ffb       ?Cvar_WriteVariables@@YAXPAU_iobuf@@HHPBD@Z 00428ffb f   cvar.obj
 0001:0002808e       ?Cvar_BitInfo@@YAPADH@Z    0042908e f   cvar.obj
 0001:000280c7       ?Cvar_Userinfo@@YAPADXZ    004290c7 f   cvar.obj
 0001:000280d0       ?Cvar_Serverinfo@@YAPADXZ  004290d0 f   cvar.obj
 0001:000280d9       ?Cvar_Cheats@@YAX_N@Z      004290d9 f   cvar.obj
 0001:0002812f       ?Cvar_Init@@YAXXZ          0042912f f   cvar.obj
 0001:000287ee       ?MSG_WriteDeltaEntity@@YAXPAUsizebuf_s@@PAUentity_state_t@@1_N2@Z 004297ee f   entdelta.obj
 0001:00028c50       ?MSG_WriteRemoveEntity@@YAXPAUsizebuf_s@@H@Z 00429c50 f   entdelta.obj
 0001:00028c90       ?MSG_ReadEntityBits@@YAHPAUsizebuf_s@@PAIPA_N@Z 00429c90 f   entdelta.obj
 0001:00028d01       ?MSG_ReadDeltaEntity@@YAXPAUsizebuf_s@@PAUentity_state_t@@1I@Z 00429d01 f   entdelta.obj
 0001:00028f0d       ?MSG_WriteDeltaUsercmd@@YAXPAUsizebuf_s@@PAUusercmd_t@@1@Z 00429f0d f   entdelta.obj
 0001:00029094       ?MSG_ReadDeltaUsercmd@@YAXPAUsizebuf_s@@PAUusercmd_t@@1@Z 0042a094 f   entdelta.obj
 0001:00029194       ?MSG_ReadDeltaPlayerstate@@YAXPAUsizebuf_s@@PAUplayer_state_t@@1@Z 0042a194 f   entdelta.obj
 0001:000294ce       ?MSG_WriteDeltaPlayerstate@@YAXPAUsizebuf_s@@PAUplayer_state_t@@1@Z 0042a4ce f   entdelta.obj
 0001:00029b93       ?FS_CreatePath@@YAXPBD@Z   0042ab93 f   files.obj
 0001:00029bf9       ?FS_CopyFile@@YAXPBD0@Z    0042abf9 f   files.obj
 0001:00029cfc       ?FS_CopyFiles@@YAXPBD0@Z   0042acfc f   files.obj
 0001:00029dd5       ?FS_RemoveFiles@@YAXPBD@Z  0042add5 f   files.obj
 0001:00029e49       ?FS_FCloseFile@@YAXPAU_iobuf@@@Z 0042ae49 f   files.obj
 0001:00029ee4       ?FS_FOpenFile@@YAHPBDPAPAU_iobuf@@@Z 0042aee4 f   files.obj
 0001:0002a409       ?FS_FileExists@@YA_NPBD@Z  0042b409 f   files.obj
 0001:0002a626       ?FS_Read@@YAXPAXHPAU_iobuf@@@Z 0042b626 f   files.obj
 0001:0002a8c6       ?FS_LoadFile@@YAPAXPBDPAI@Z 0042b8c6 f   files.obj
 0001:0002a91d       ?FS_FreeFile@@YAXPAX@Z     0042b91d f   files.obj
 0001:0002a928       ?FS_Gamedir@@YAPADXZ       0042b928 f   files.obj
 0001:0002a93c       ?FS_LoadGameConfig@@YAXXZ  0042b93c f   files.obj
 0001:0002aa01       ?FS_SetGamedir@@YA_NPBD@Z  0042ba01 f   files.obj
 0001:0002b125       ?FS_ListFiles@@YA?AV?$TList@VCStringItem@@@@PBDPAHH@Z 0042c125 f   files.obj
 0001:0002b44a       ?FS_NextPath@@YAPADPBD@Z   0042c44a f   files.obj
 0001:0002b46e       ?FS_InitFilesystem@@YAXXZ  0042c46e f   files.obj
 0001:0002be1e       ?LoadPCX@@YAXPBDPAPAE1PAH2@Z 0042ce1e f   images.obj
 0001:0002bf68       ?LoadTGA@@YAXPBDPAPAEPAH2@Z 0042cf68 f   images.obj
 0001:0002c163       ?LoadJPG@@YAXPBDPAPAEPAH2@Z 0042d163 f   images.obj
 0001:0002c3f5       ?ImageExists@@YAHPBDH@Z    0042d3f5 f   images.obj
 0001:0002c4f6       ?WriteTGA@@YA_NPBDPAEHH@Z  0042d4f6 f   images.obj
 0001:0002c6e0       ?WriteJPG@@YA_NPBDPAEHH_N@Z 0042d6e0 f   images.obj
 0001:0002c807       ?MD4Init@@YAXPAUMD4_CTX@@@Z 0042d807 f   md4.obj
 0001:0002c82f       ?MD4Update@@YAXPAUMD4_CTX@@PAEI@Z 0042d82f f   md4.obj
 0001:0002c8cd       ?MD4Final@@YAXQAEPAUMD4_CTX@@@Z 0042d8cd f   md4.obj
 0001:0002cfbe       ?Com_BlockChecksum@@YAIPAXH@Z 0042dfbe f   md4.obj
 0001:0002cffa       ?LoadQ2BspFile@@YAXXZ      0042dffa f   model.obj
 0001:0002d3c6       ?LoadBspFile@@YAPAUbspfile_t@@PBD_NPAI@Z 0042e3c6 f   model.obj
 0001:0002d574       ?ProcessEntstring@@YAPADPAD@Z 0042e574 f   model.obj
 0001:0002e424       ?Netchan_Init@@YAXXZ       0042f424 f   net_chan.obj
 0001:0002e484       ?Netchan_OutOfBand@@YAXW4netsrc_t@@Unetadr_t@@HPAX@Z 0042f484 f   net_chan.obj
 0001:0002e4e4       ?Netchan_OutOfBandPrint@@YAXW4netsrc_t@@Unetadr_t@@PBDZZ 0042f4e4 f   net_chan.obj
 0001:0002e529       ?Netchan_Setup@@YAXW4netsrc_t@@PAUnetchan_t@@Unetadr_t@@H@Z 0042f529 f   net_chan.obj
 0001:0002e582       ?Netchan_NeedReliable@@YA_NPAUnetchan_t@@@Z 0042f582 f   net_chan.obj
 0001:0002e5ac       ?Netchan_Transmit@@YAXPAUnetchan_t@@HPAX@Z 0042f5ac f   net_chan.obj
 0001:0002e752       ?Netchan_Process@@YA_NPAUnetchan_t@@PAUsizebuf_s@@@Z 0042f752 f   net_chan.obj
 0001:0002e878       ?Pmove@@YAXPAUpmove_t@@@Z  0042f878 f   pmove.obj
 0001:00030612       ?NormalizeColor@@YAMQBMQAM@Z 00431612 f   q_shared2.obj
 0001:00030673       ?NormalizeColor255@@YAMQBMQAM@Z 00431673 f   q_shared2.obj
 0001:000306d8       ?Q_rsqrt@@YAMM@Z           004316d8 f   q_shared2.obj
 0001:00030708       ?AngleVectors@@YAXQBMQAM11@Z 00431708 f   q_shared2.obj
 0001:00030869       ?MakeNormalVectors@@YAXQAM00@Z 00431869 f   q_shared2.obj
 0001:000308d0       ?SetPlaneSignbits@@YAXPAUcplane_t@@@Z 004318d0 f   q_shared2.obj
 0001:000308f3       ?LerpAngle@@YAMMMM@Z       004318f3 f   q_shared2.obj
 0001:00030936       ?anglemod@@YAMM@Z          00431936 f   q_shared2.obj
 0001:00030962       ?BoxOnPlaneSide@@YAHQBM0PBUcplane_t@@@Z 00431962 f   q_shared2.obj
 0001:00030a85       ?ClearBounds@@YAXQAM0@Z    00431a85 f   q_shared2.obj
 0001:00030aae       ?AddPointToBounds@@YAXQBMQAM1@Z 00431aae f   q_shared2.obj
 0001:00030ae7       ?VectorCompare@@YA_NQBM0@Z 00431ae7 f   q_shared2.obj
 0001:00030b14       ?VectorNormalize@@YAMQAM@Z 00431b14 f   q_shared2.obj
 0001:00030b6d       ?VectorNormalize2@@YAMQBMQAM@Z 00431b6d f   q_shared2.obj
 0001:00030bc8       ?VectorNormalizeFast@@YAMQAM@Z 00431bc8 f   q_shared2.obj
 0001:00030c1b       ?CrossProduct@@YAXQBM0QAM@Z 00431c1b f   q_shared2.obj
 0001:00030c56       ?VectorLength@@YAMQBM@Z    00431c56 f   q_shared2.obj
 0001:00030c85       ?VectorDistance@@YAMQBM0@Z 00431c85 f   q_shared2.obj
 0001:00030cb6       ?VectorScale@@YAXQBMMQAM@Z 00431cb6 f   q_shared2.obj
 0001:00030cda       ?AnglesToAxis@@YAXQBMQAY02M@Z 00431cda f   q_shared2.obj
 0001:00030d18       ?ShortSwap@@YAFF@Z         00431d18 f   q_shared2.obj
 0001:00030d2d       ?COM_Parse@@YAPADAAPBD_N@Z 00431d2d f   q_shared2.obj
 0001:00030e51       ?COM_QuoteString@@YAPBDPBD_N@Z 00431e51 f   q_shared2.obj
 0001:00030eac       ?Com_PageInMemory@@YAXPAXH@Z 00431eac f   q_shared2.obj
 0001:00030ecb       ?Q_strncpylower@@YAXPADPBDH@Z 00431ecb f   q_shared2.obj
 0001:00030f05       ?Zip_OpenArchive@@YAPAU_iobuf@@PAD@Z 00431f05 f   zip.obj
 0001:00030f70       ?Zip_CloseArchive@@YAXPAU_iobuf@@@Z 00431f70 f   zip.obj
 0001:00030f7c       ?Zip_EnumArchive@@YA_NPAU_iobuf@@P6A_NPAUzipFile_t@@@Z@Z 00431f7c f   zip.obj
 0001:00031159       ?Zip_OpenFile@@YAPAUZFILE@@PAU_iobuf@@PAUzipFile_t@@@Z 00432159 f   zip.obj
 0001:0003123d       ?Zip_ReadFile@@YAHPAUZFILE@@PAXH@Z 0043223d f   zip.obj
 0001:00031333       ?Zip_CloseFile@@YA_NPAUZFILE@@@Z 00432333 f   zip.obj
 0001:00031377       ?Zip_OpenBuf@@YAPAUZBUF@@PAXH@Z 00432377 f   zip.obj
 0001:000313b5       ?Zip_ReadBuf@@YAHPAUZBUF@@PAXH@Z 004323b5 f   zip.obj
 0001:000313fd       ?Zip_CloseBuf@@YAXPAUZBUF@@@Z 004323fd f   zip.obj
 0001:00031412       ?CDAudio_Play2@@YAXH_N@Z   00432412 f   cd_win.obj
 0001:000315f1       ?CDAudio_Play@@YAXH_N@Z    004325f1 f   cd_win.obj
 0001:00031608       ?CDAudio_Stop@@YAXXZ       00432608 f   cd_win.obj
 0001:0003164d       ?CDAudio_Pause@@YAXXZ      0043264d f   cd_win.obj
 0001:000316a6       ?CDAudio_Resume@@YAXXZ     004326a6 f   cd_win.obj
 0001:00031715       ?CDAudio_MessageHandler@@YAJPAUHWND__@@IIJ@Z 00432715 f   cd_win.obj
 0001:000317ac       ?CDAudio_Update@@YAXXZ     004327ac f   cd_win.obj
 0001:000317e0       ?CDAudio_Init@@YAHXZ       004327e0 f   cd_win.obj
 0001:00031b92       ?CDAudio_Shutdown@@YAXXZ   00432b92 f   cd_win.obj
 0001:00031bc5       ?CDAudio_Activate@@YAX_N@Z 00432bc5 f   cd_win.obj
 0001:00031bd6       ?IN_MouseEvent@@YAXH@Z     00432bd6 f   in_win.obj
 0001:00031c40       ?IN_Commands@@YAXXZ        00432c40 f   in_win.obj
 0001:00031d71       ?IN_Init@@YAXXZ            00432d71 f   in_win.obj
 0001:000320b7       ?IN_Shutdown@@YAXXZ        004330b7 f   in_win.obj
 0001:0003219b       ?IN_Move@@YAXPAUusercmd_t@@@Z 0043319b f   in_win.obj
 0001:0003269d       ?IN_Activate@@YAX_N@Z      0043369d f   in_win.obj
 0001:000326a7       ?IN_Frame@@YAXXZ           004336a7 f   in_win.obj
 0001:00032ab1       ?NetadrToSockadr@@YAXPAUnetadr_t@@PAUsockaddr@@@Z 00433ab1 f   net_wins.obj
 0001:00032b36       ?SockadrToNetadr@@YAXPAUsockaddr@@PAUnetadr_t@@@Z 00433b36 f   net_wins.obj
 0001:00032b86       ?NET_CompareAdr@@YA_NPAUnetadr_t@@0@Z 00433b86 f   net_wins.obj
 0001:00032be6       ?NET_CompareBaseAdr@@YA_NPAUnetadr_t@@0@Z 00433be6 f   net_wins.obj
 0001:00032c3c       ?NET_AdrToString@@YAPADPAUnetadr_t@@@Z 00433c3c f   net_wins.obj
 0001:00032cf5       ?NET_StringToAdr@@YA_NPBDPAUnetadr_t@@@Z 00433cf5 f   net_wins.obj
 0001:00032f7f       ?NET_IsLocalAddress@@YA_NPAUnetadr_t@@@Z 00433f7f f   net_wins.obj
 0001:00032f8b       ?NET_GetLoopPacket@@YA_NW4netsrc_t@@PAUnetadr_t@@PAUsizebuf_s@@@Z 00433f8b f   net_wins.obj
 0001:00033017       ?NET_SendLoopPacket@@YAXW4netsrc_t@@HPAXUnetadr_t@@@Z 00434017 f   net_wins.obj
 0001:0003306c       ?NET_GetPacket@@YA_NW4netsrc_t@@PAUnetadr_t@@PAUsizebuf_s@@@Z 0043406c f   net_wins.obj
 0001:0003318a       ?NET_SendPacket@@YAXW4netsrc_t@@HPAXUnetadr_t@@@Z 0043418a f   net_wins.obj
 0001:0003325b       ?NET_IPSocket@@YAHPADH@Z   0043425b f   net_wins.obj
 0001:00033370       ?NET_OpenIP@@YAXXZ         00434370 f   net_wins.obj
 0001:000333ec       ?NET_OpenIPX@@YAXXZ        004343ec f   net_wins.obj
 0001:0003352c       ?NET_Config@@YAX_N@Z       0043452c f   net_wins.obj
 0001:000335d0       ?NET_Init@@YAXXZ           004345d0 f   net_wins.obj
 0001:0003363c       ?Sys_Milliseconds@@YAHXZ   0043463c f   q_shwin.obj
 0001:0003366d       ?Sys_Mkdir@@YAXPAD@Z       0043466d f   q_shwin.obj
 0001:00033679       ?Sys_FindFirst@@YAPBDPBDH@Z 00434679 f   q_shwin.obj
 0001:00033733       ?Sys_FindNext@@YAPBDXZ     00434733 f   q_shwin.obj
 0001:0003379d       ?Sys_FindClose@@YAXXZ      0043479d f   q_shwin.obj
 0001:000337b7       ?SNDDMA_Init@@YA_NXZ       004347b7 f   snd_win.obj
 0001:00033df6       ?SNDDMA_GetDMAPos@@YAHXZ   00434df6 f   snd_win.obj
 0001:00033e40       ?SNDDMA_BeginPainting@@YAXXZ 00434e40 f   snd_win.obj
 0001:00033f58       ?SNDDMA_Submit@@YAXXZ      00434f58 f   snd_win.obj
 0001:00033f7d       ?SNDDMA_Shutdown@@YAXXZ    00434f7d f   snd_win.obj
 0001:00033f82       ?S_Activate@@YAX_N@Z       00434f82 f   snd_win.obj
 0001:00033fad       ?Sys_Quit@@YAXXZ           00434fad f   sys_win.obj
 0001:00034068       ?Sys_Init@@YAXXZ           00435068 f   sys_win.obj
 0001:000343b1       ?Sys_ConsoleInput@@YAPADXZ 004353b1 f   sys_win.obj
 0001:00034668       ?Sys_ConsoleOutput@@YAXPBD@Z 00435668 f   sys_win.obj
 0001:000346f6       ?Sys_SendKeyEvents@@YAXXZ  004356f6 f   sys_win.obj
 0001:000347e2       ?Sys_UnloadGame@@YAXXZ     004357e2 f   sys_win.obj
 0001:0003485d       ?Sys_GetGameAPI@@YAPAXPAX@Z 0043585d f   sys_win.obj
 0001:000349b4       _WinMain@16                004359b4 f   sys_win.obj
 0001:00034c98       ?Vid_CreateWindow@@YAPAXHH_N@Z 00435c98 f   vid_dll.obj
 0001:000354c1       ?Vid_DestroyWindow@@YAX_N@Z 004364c1 f   vid_dll.obj
 0001:000354fc       ?Vid_GetModeInfo@@YA_NPAH0H@Z 004364fc f   vid_dll.obj
 0001:0003552a       ?Vid_UpdateWindowPosAndSize@@YAXHH@Z 0043652a f   vid_dll.obj
 0001:00035591       ?Vid_FreeReflib@@YAXXZ     00436591 f   vid_dll.obj
 0001:000355cb       ?Vid_CheckChanges@@YAXXZ   004365cb f   vid_dll.obj
 0001:00035961       ?Vid_Init@@YAXXZ           00436961 f   vid_dll.obj
 0001:00035a52       ?Vid_Shutdown@@YAXXZ       00436a52 f   vid_dll.obj
 0001:00035a80       ?Vid_MenuInit@@YAXXZ       00436a80 f   vid_menu.obj
 0001:000362d6       ?Vid_MenuDraw@@YAXXZ       004372d6 f   vid_menu.obj
 0001:00036359       ?Vid_MenuKey@@YAPBDH@Z     00437359 f   vid_menu.obj
 0001:000366c4       ?GL_BackEnd@@YAXXZ         004376c4 f   gl_backend.obj
 0001:00039ccd       ?GL_InitBackend@@YAXXZ     0043accd f   gl_backend.obj
 0001:00039d01       ?GL_ShutdownBackend@@YAXXZ 0043ad01 f   gl_backend.obj
 0001:00039d15       ?GL_AllocDynamicMemory@@YAPAXH@Z 0043ad15 f   gl_buffers.obj
 0001:00039d80       ?GL_ResizeDynamicMemory@@YAXPAXH@Z 0043ad80 f   gl_buffers.obj
 0001:00039dc2       ?GL_AddSurfaceToPortal@@YAXPAUsurfaceCommon_s@@PAUshader_s@@HH@Z 0043adc2 f   gl_buffers.obj
 0001:00039e2b       ?GL_AddDynamicSurface@@YAPAUsurfaceCommon_s@@PAUshader_s@@H@Z 0043ae2b f   gl_buffers.obj
 0001:00039e53       ?GL_InsertShaderIndex@@YAXH@Z 0043ae53 f   gl_buffers.obj
 0001:00039e8c       ?GL_ClearPortal@@YAXXZ     0043ae8c f   gl_buffers.obj
 0001:00039eaa       ?GL_FinishPortal@@YAXXZ    0043aeaa f   gl_buffers.obj
 0001:00039efb       ?GL_SortSurfaces@@YAXPAUviewPortal_s@@PAPAUsurfaceInfo_s@@@Z 0043aefb f   gl_buffers.obj
 0001:0003a08d       ?GL_ClearBuffers@@YAXXZ    0043b08d f   gl_buffers.obj
 0001:0003a0a4       ?GL_CreateBuffers@@YAXXZ   0043b0a4 f   gl_buffers.obj
 0001:0003a0ca       ?GL_FreeBuffers@@YAXXZ     0043b0ca f   gl_buffers.obj
 0001:0003a0ee       ?GL_AddEntity@@YAXPAUentity_t@@@Z 0043b0ee f   gl_frontend.obj
 0001:0003a562       ?GL_AddDlight@@YAXPAUdlight_t@@@Z 0043b562 f   gl_frontend.obj
 0001:0003a71a       ?GL_DrawPortal@@YAXXZ      0043b71a f   gl_frontend.obj
 0001:0003d203       ?GL_TextureMode@@YAXPAD@Z  0043e203 f   gl_image.obj
 0001:0003d2ab       ?GL_CreateImage@@YAPAUimage_s@@PBDPAXHHH@Z 0043e2ab f   gl_image.obj
 0001:0003e09d       ?GL_LoadDelayedImages@@YAXXZ 0043f09d f   gl_image.obj
 0001:0003e11a       ?GL_DrawStretchRaw8@@YAXHHHHHHPAEPAI@Z 0043f11a f   gl_image.obj
 0001:0003e4d4       ?GL_SetupGamma@@YAXXZ      0043f4d4 f   gl_image.obj
 0001:0003e619       ?GL_PerformScreenshot@@YAXXZ 0043f619 f   gl_image.obj
 0001:0003e8a6       ?GL_InitImages@@YAXXZ      0043f8a6 f   gl_image.obj
 0001:0003f076       ?GL_ShutdownImages@@YAXXZ  00440076 f   gl_image.obj
 0001:0003f0dd       ?GL_ShowImages@@YAXXZ      004400dd f   gl_image.obj
 0001:0003f365       ?GL_FindImage@@YAPAUimage_s@@PBDH@Z 00440365 f   gl_image.obj
 0001:0003f6f2       ?GL_Lock@@YAXXZ            004406f2 f   gl_interface.obj
 0001:0003f76a       ?GL_Unlock@@YAXXZ          0044076a f   gl_interface.obj
 0001:0003f92c       ?GL_Bind@@YAXPAUimage_s@@@Z 0044092c f   gl_interface.obj
 0001:0003fa56       ?GL_BindForce@@YAXPAUimage_s@@@Z 00440a56 f   gl_interface.obj
 0001:0003fad4       ?GL_TexEnv@@YAXI@Z         00440ad4 f   gl_interface.obj
 0001:0003fc53       ?GL_TexMipBias@@YAXM@Z     00440c53 f   gl_interface.obj
 0001:0003fcae       ?GL_TexEnvColor@@YAXPATcolor_t@@@Z 00440cae f   gl_interface.obj
 0001:0003fd5e       ?GL_SelectTexture@@YAXH@Z  00440d5e f   gl_interface.obj
 0001:0003fdbf       ?GL_TexCoordPointer@@YAXPAX@Z 00440dbf f   gl_interface.obj
 0001:0003fdef       ?GL_SetMultitexture@@YAXH@Z 00440def f   gl_interface.obj
 0001:0003fed5       ?GL_DisableTexCoordArrays@@YAXXZ 00440ed5 f   gl_interface.obj
 0001:0003ff29       ?GL_CullFace@@YAXW4gl_cullMode_t@@@Z 00440f29 f   gl_interface.obj
 0001:0003ff7a       ?GL_DepthRange@@YAXW4gl_depthMode_t@@@Z 00440f7a f   gl_interface.obj
 0001:0003ffad       ?GL_State@@YAXI@Z          00440fad f   gl_interface.obj
 0001:00040106       ?GL_EnableFog@@YAX_N@Z     00441106 f   gl_interface.obj
 0001:000401fe       ?GL_SetDefaultState@@YAXXZ 004411fe f   gl_interface.obj
 0001:0004034c       ?GL_Set2DMode@@YAXXZ       0044134c f   gl_interface.obj
 0001:00040447       ?GL_Setup@@YAXPAUviewPortal_s@@@Z 00441447 f   gl_interface.obj
 0001:0004052f       ?GL_ShowLights@@YAXXZ      0044152f f   gl_light.obj
 0001:00040954       ?GL_LightForEntity@@YAXPAUrefEntity_s@@@Z 00441954 f   gl_light.obj
 0001:00041bba       ?GL_DiffuseLight@@YAXPATcolor_t@@M@Z 00442bba f   gl_light.obj
 0001:00041d32       ?GL_InitLightGrid@@YAXXZ   00442d32 f   gl_light.obj
 0001:00041dd8       ?GL_PostLoadLights@@YAXXZ  00442dd8 f   gl_light.obj
 0001:00042076       ?LM_Init@@YAXXZ            00443076 f   gl_lightmap.obj
 0001:0004208c       ?LM_Flush@@YAXPAUlightmapBlock_t@@@Z 0044308c f   gl_lightmap.obj
 0001:000420e9       ?LM_Done@@YAXXZ            004430e9 f   gl_lightmap.obj
 0001:00042110       ?LM_Save@@YAXPAUlightmapBlock_t@@@Z 00443110 f   gl_lightmap.obj
 0001:00042128       ?LM_Restore@@YAXPAUlightmapBlock_t@@@Z 00443128 f   gl_lightmap.obj
 0001:00042140       ?LM_NewBlock@@YAPAUlightmapBlock_t@@XZ 00443140 f   gl_lightmap.obj
 0001:000421b0       ?LM_Rewind@@YAXXZ          004431b0 f   gl_lightmap.obj
 0001:000421b8       ?LM_NextBlock@@YAPAUlightmapBlock_t@@XZ 004431b8 f   gl_lightmap.obj
 0001:000421e5       ?LM_CheckMinlight@@YAXPAUdynamicLightmap_s@@@Z 004431e5 f   gl_lightmap.obj
 0001:0004227b       ?LM_AllocBlock@@YA_NPAUlightmapBlock_t@@PAUdynamicLightmap_s@@@Z 0044327b f   gl_lightmap.obj
 0001:00042332       ?LM_PutBlock@@YAXPAUdynamicLightmap_s@@@Z 00443332 f   gl_lightmap.obj
 0001:0004275f       ?LM_SortLightStyles@@YAXPAUdynamicLightmap_s@@@Z 0044375f f   gl_lightmap.obj
 0001:000427f0       ?GL_UpdateDynamicLightmap@@YAXPAUshader_s@@PAUsurfacePlanar_s@@_NI@Z 004437f0 f   gl_lightmap.obj
 0001:00042cec       ?LM_IsMonotone@@YA_NPAUdynamicLightmap_s@@PATcolor_t@@@Z 00443cec f   gl_lightmap.obj
 0001:00042df3       ?GL_EnableRendering@@YAX_N@Z 00443df3 f   gl_main.obj
 0001:00042e0e       ?GL_DrawStretchPic@@YAXPAUshader_s@@HHHHMMMMIE@Z 00443e0e f   gl_main.obj
 0001:00042eda       ?DrawTextLeft@@YAXPBDI@Z   00443eda f   gl_main.obj
 0001:00043048       ?DrawTextRight@@YAXPBDI@Z  00444048 f   gl_main.obj
 0001:00043092       ?DrawText3D@@YAXQAMPBDI@Z  00444092 f   gl_main.obj
 0001:000430bf       _GL_GetRefAPI              004440bf f   gl_main.obj
 0001:000449cb       ?GL_InitFuncTables@@YAXXZ  004459cb f   gl_math.obj
 0001:00044b7c       ?ModelToWorldCoord@@YAXQAMPAUrefEntity_s@@0@Z 00445b7c f   gl_math.obj
 0001:00044bed       ?WorldToModelCoord@@YAXQAMPAUrefEntity_s@@0@Z 00445bed f   gl_math.obj
 0001:00044c34       ?BuildRotationMatrix@@YAXQAY02MQAMM@Z 00445c34 f   gl_math.obj
 0001:00044d2e       ?GetBoxRect@@YA_NPAUrefEntity_s@@QAM11_N@Z 00445d2e f   gl_math.obj
 0001:0004509f       ?ProjectToScreen@@YA_NQAMPAH@Z 0044609f f   gl_math.obj
 0001:000451e2       ?SaturateColor3f@@YAXQAM@Z 004461e2 f   gl_math.obj
 0001:000452d2       ?SaturateColor4b@@YAXPATcolor_t@@@Z 004462d2 f   gl_math.obj
 0001:000453e0       ?GL_FindModel@@YAPAUmodel_s@@PBD@Z 004463e0 f   gl_model.obj
 0001:0004555a       ?GL_LoadWorldMap@@YAXPBD@Z 0044655a f   gl_model.obj
 0001:00047165       ?GL_PointInLeaf@@YAPAUnode_s@@QAM@Z 00448165 f   gl_model.obj
 0001:00047de9       ?ATAN2_FUNC@@YAMMM@Z       00448de9 f i gl_model.obj
 0001:00047f94       ?GL_FindSkin@@YAPAUshader_s@@PBD@Z 00448f94 f   gl_model.obj
 0001:000480f6       ?GL_ResetModels@@YAXXZ     004490f6 f   gl_model.obj
 0001:000481bf       ?GL_InitModels@@YAXXZ      004491bf f   gl_model.obj
 0001:000482a7       ?GL_ShutdownModels@@YAXXZ  004492a7 f   gl_model.obj
 0001:000482bd       ?SubdividePlane@@YAHPAPAY02MHM@Z 004492bd f   gl_poly.obj
 0001:00048710       ?FreeSubdividedPlane@@YAXXZ 00449710 f   gl_poly.obj
 0001:00048728       ?GetSubdivideIndexes@@YAXPAH@Z 00449728 f   gl_poly.obj
 0001:0004877b       ?RemoveCollinearPoints@@YAHPAPAY02MH@Z 0044977b f   gl_poly.obj
 0001:00048876       ?GetPolyArea@@YAMPAPAY02MH@Z 00449876 f   gl_poly.obj
 0001:0004890a       ?GL_InitShaders@@YAXXZ     0044990a f   gl_shader.obj
 0001:00048a5b       ?GL_ShutdownShaders@@YAXXZ 00449a5b f   gl_shader.obj
 0001:00048a85       ?GetLightmapImage@@YAPAUimage_s@@H@Z 00449a85 f   gl_shader.obj
 0001:00048aad       ?GL_SetShaderLightmap@@YAPAUshader_s@@PAU1@H@Z 00449aad f   gl_shader.obj
 0001:00048e82       ?GL_SetShaderLightstyles@@YAPAUshader_s@@PAU1@H@Z 00449e82 f   gl_shader.obj
 0001:00048f1e       ?GL_GetAlphaShader@@YAPAUshader_s@@PAU1@@Z 00449f1e f   gl_shader.obj
 0001:000491e4       ?GL_FindShader@@YAPAUshader_s@@PBDH@Z 0044a1e4 f   gl_shader.obj
 0001:00049802       ?GL_GetShaderByNum@@YAPAUshader_s@@H@Z 0044a802 f   gl_shader.obj
 0001:00049820       ?GL_ResetShaders@@YAXXZ    0044a820 f   gl_shader.obj
 0001:00049cf2       ?GL_ClearSkyBox@@YAXXZ     0044acf2 f   gl_sky.obj
 0001:00049d09       ?GL_SetSkyRotate@@YAXMQAM@Z 0044ad09 f   gl_sky.obj
 0001:00049d41       ?GL_SkyVisible@@YA_NXZ     0044ad41 f   gl_sky.obj
 0001:00049d5a       ?GL_AddSkySurface@@YAXPAUsurfacePlanar_s@@QAME@Z 0044ad5a f   gl_sky.obj
 0001:0004a369       ?GL_TesselateSkySide@@YAHHPAUbufVertex_t@@PAUbufTexCoord_t@@M@Z 0044b369 f   gl_sky.obj
 0001:0004bc84       ?QGL_Shutdown@@YAXXZ       0044cc84 f   qgl_win.obj
 0001:0004bcc2       ?QGL_Init@@YA_NPBD@Z       0044ccc2 f   qgl_win.obj
 0001:0004bd45       ?QGL_InitExtensions@@YAXXZ 0044cd45 f   qgl_win.obj
 0001:0004c231       ?QGL_PrintExtensionsString@@YAXPBD00@Z 0044d231 f   qgl_win.obj
 0001:0004c381       ?QGL_EnableLogging@@YAX_N@Z 0044d381 f   qgl_win.obj
 0001:0004c438       ?QGL_LogMessage@@YAXPBD@Z  0044d438 f   qgl_win.obj
 0001:0004c44f       ?GLimp_SetMode@@YA?AW4rserr_t@@PAI0H_N@Z 0044d44f f   glw_imp.obj
 0001:0004c6e2       ?GLimp_HasGamma@@YA_NXZ    0044d6e2 f   glw_imp.obj
 0001:0004c6f6       ?GLimp_SetGamma@@YAXM@Z    0044d6f6 f   glw_imp.obj
 0001:0004c89e       ?GLimp_Init@@YAHXZ         0044d89e f   glw_imp.obj
 0001:0004cbe6       ?GLimp_Shutdown@@YAXXZ     0044dbe6 f   glw_imp.obj
 0001:0004cc8e       ?GLimp_EndFrame@@YAXXZ     0044dc8e f   glw_imp.obj
 0001:0004cd0f       ?GLimp_AppActivate@@YAX_N@Z 0044dd0f f   glw_imp.obj
 0001:0004cdf0       _jpeg_CreateDecompress     0044ddf0 f   lib:jdapimin.obj
 0001:0004ceb0       _jpeg_destroy_compress     0044deb0 f   lib:jdapimin.obj
 0001:0004ceb0       _jpeg_destroy_decompress   0044deb0 f   lib:jdapimin.obj
 0001:0004cebb       _jpeg_read_header          0044debb f   lib:jdapimin.obj
 0001:0004cf1d       _jpeg_consume_input        0044df1d f   lib:jdapimin.obj
 0001:0004d16c       _jpeg_finish_decompress    0044e16c f   lib:jdapimin.obj
 0001:0004d203       _jpeg_start_decompress     0044e203 f   lib:jdapistd.obj
 0001:0004d370       _jpeg_read_scanlines       0044e370 f   lib:jdapistd.obj
 0001:0004d3f4       _jpeg_resync_to_restart    0044e3f4 f   lib:jdmarker.obj
 0001:0004d5b9       _jinit_marker_reader       0044e5b9 f   lib:jdmarker.obj
 0001:0004ea84       _jpeg_CreateCompress       0044fa84 f   lib:jcapimin.obj
 0001:0004eb38       _jpeg_suppress_tables      0044fb38 f   lib:jcapimin.obj
 0001:0004eb82       _jpeg_finish_compress      0044fb82 f   lib:jcapimin.obj
 0001:0004ec6c       _jpeg_start_compress       0044fc6c f   lib:jcapistd.obj
 0001:0004ecd8       _jpeg_write_scanlines      0044fcd8 f   lib:jcapistd.obj
 0001:0004ed83       _jpeg_add_quant_table      0044fd83 f   lib:jcparam.obj
 0001:0004ee35       _jpeg_quality_scaling      0044fe35 f   lib:jcparam.obj
 0001:0004ee5c       _jpeg_set_quality          0044fe5c f   lib:jcparam.obj
 0001:0004ee96       _jpeg_set_defaults         0044fe96 f   lib:jcparam.obj
 0001:0004f05c       _jpeg_default_colorspace   0045005c f   lib:jcparam.obj
 0001:0004f0ac       _jpeg_set_colorspace       004500ac f   lib:jcparam.obj
 0001:0004f3c7       _jpeg_stdio_dest           004503c7 f   lib:jdatadst.obj
 0001:0004f5c6       _crc32                     004505c6 f   lib:crc32.obj
 0001:0004f860       _inflateReset              00450860 f   lib:inflate.obj
 0001:0004f8a7       _inflateInit2_             004508a7 f   lib:inflate.obj
 0001:0004f960       _inflate                   00450960 f   lib:inflate.obj
 0001:00050c2f       _inflateEnd                00451c2f f   lib:inflate.obj
 0001:00050c6d       _jinit_input_controller    00451c6d f   lib:jdinput.obj
 0001:00051150       _jinit_memory_mgr          00452150 f   lib:jmemmgr.obj
 0001:00051c8c       _jpeg_abort                00452c8c f   lib:jcomapi.obj
 0001:00051cbf       _jpeg_destroy              00452cbf f   lib:jcomapi.obj
 0001:00051cda       _jpeg_alloc_quant_table    00452cda f   lib:jcomapi.obj
 0001:00051cf6       _jpeg_alloc_huff_table     00452cf6 f   lib:jcomapi.obj
 0001:00051d12       _jpeg_calc_output_dimensions 00452d12 f   lib:jdmaster.obj
 0001:00051e12       _jinit_master_decompress   00452e12 f   lib:jdmaster.obj
 0001:00052168       _jdiv_round_up             00453168 f   lib:jutils.obj
 0001:00052178       _jround_up                 00453178 f   lib:jutils.obj
 0001:00052190       _jcopy_sample_rows         00453190 f   lib:jutils.obj
 0001:000521ce       _jcopy_block_row           004531ce f   lib:jutils.obj
 0001:000521e7       _jzero_far                 004531e7 f   lib:jutils.obj
 0001:000521fa       _jinit_marker_writer       004531fa f   lib:jcmarker.obj
 0001:00052ad6       _jinit_compress_master     00453ad6 f   lib:jcinit.obj
 0001:00052b2f       _zcalloc                   00453b2f f   lib:zutil.obj
 0001:00052b41       _jpeg_free_small           00453b41 f   lib:zutil.obj
 0001:00052b41       _jpeg_free_large           00453b41 f   lib:zutil.obj
 0001:00052b41       _zcfree                    00453b41 f   lib:zutil.obj
 0001:00052b4d       _inflate_fast              00453b4d f   lib:inffast.obj
 0001:00052f02       _inflate_table             00453f02 f   lib:inftrees.obj
 0001:0005328b       _adler32                   0045428b f   lib:adler32.obj
 0001:000533a4       _jinit_c_codec             004543a4 f   lib:jcodec.obj
 0001:000533c0       _jinit_d_codec             004543c0 f   lib:jcodec.obj
 0001:000533dc       _jpeg_get_large            004543dc f   lib:jmemnobs.obj
 0001:000533dc       _jpeg_get_small            004543dc f   lib:jmemnobs.obj
 0001:000533e8       _jpeg_mem_available        004543e8 f   lib:jmemnobs.obj
 0001:000533ed       _jpeg_open_backing_store   004543ed f   lib:jmemnobs.obj
 0001:00053401       _jpeg_mem_init             00454401 f   lib:jmemnobs.obj
 0001:00053401       __matherr                  00454401 f   lib:jmemnobs.obj
 0001:00053404       _jinit_d_main_controller   00454404 f   lib:jdmainct.obj
 0001:00053a4f       _jinit_d_post_controller   00454a4f f   lib:jdpostct.obj
 0001:00053cfa       _jinit_upsampler           00454cfa f   lib:jdsample.obj
 0001:00054338       _jinit_color_deconverter   00455338 f   lib:jdcolor.obj
 0001:0005484e       _jinit_merged_upsampler    0045584e f   lib:jdmerge.obj
 0001:00054d9e       _jinit_2pass_quantizer     00455d9e f   lib:jquant2.obj
 0001:00055e61       _jinit_1pass_quantizer     00456e61 f   lib:jquant1.obj
 0001:00056887       _jinit_c_main_controller   00457887 f   lib:jcmainct.obj
 0001:000569f4       _jinit_c_prep_controller   004579f4 f   lib:jcprepct.obj
 0001:00056f3f       _jinit_downsampler         00457f3f f   lib:jcsample.obj
 0001:000577bf       _jinit_color_converter     004587bf f   lib:jccolor.obj
 0001:00057da9       _jinit_c_master_control    00458da9 f   lib:jcmaster.obj
 0001:00058898       _jinit_lossy_c_codec       00459898 f   lib:jclossy.obj
 0001:00058933       _jinit_lossless_c_codec    00459933 f   lib:jclossls.obj
 0001:000589cb       _jinit_lossy_d_codec       004599cb f   lib:jdlossy.obj
 0001:00058c9e       _jinit_lossless_d_codec    00459c9e f   lib:jdlossls.obj
 0001:00058d4e       _jinit_c_coef_controller   00459d4e f   lib:jccoefct.obj
 0001:0005942f       _jinit_shuff_encoder       0045a42f f   lib:jcshuff.obj
 0001:00059c9a       _jinit_phuff_encoder       0045ac9a f   lib:jcphuff.obj
 0001:0005a73f       _jinit_forward_dct         0045b73f f   lib:jcdctmgr.obj
 0001:0005aa0e       _jinit_c_diff_controller   0045ba0e f   lib:jcdiffct.obj
 0001:0005af32       _jinit_lhuff_encoder       0045bf32 f   lib:jclhuff.obj
 0001:0005b65c       _jinit_differencer         0045c65c f   lib:jcpred.obj
 0001:0005bb76       _jinit_c_scaler            0045cb76 f   lib:jcscale.obj
 0001:0005bbec       _jinit_d_coef_controller   0045cbec f   lib:jdcoefct.obj
 0001:0005c8c8       _jinit_shuff_decoder       0045d8c8 f   lib:jdshuff.obj
 0001:0005ce5d       _jinit_phuff_decoder       0045de5d f   lib:jdphuff.obj
 0001:0005d9fa       _jinit_inverse_dct         0045e9fa f   lib:jddctmgr.obj
 0001:0005dbde       _jinit_d_diff_controller   0045ebde f   lib:jddiffct.obj
 0001:0005e10c       _jinit_d_scaler            0045f10c f   lib:jdscale.obj
 0001:0005e20b       _jinit_undifferencer       0045f20b f   lib:jdpred.obj
 0001:0005e5c5       _jinit_lhuff_decoder       0045f5c5 f   lib:jdlhuff.obj
 0001:0005e9ba       _jpeg_make_c_derived_tbl   0045f9ba f   lib:jchuff.obj
 0001:0005ebbc       _jpeg_gen_optimal_table    0045fbbc f   lib:jchuff.obj
 0001:0005ed7b       _jpeg_fdct_float           0045fd7b f   lib:jfdctflt.obj
 0001:0005ef80       _jpeg_make_d_derived_tbl   0045ff80 f   lib:jdhuff.obj
 0001:0005f21d       _jpeg_fill_bit_buffer      0046021d f   lib:jdhuff.obj
 0001:0005f32c       _jpeg_huff_decode          0046032c f   lib:jdhuff.obj
 0001:0005f40c       _jpeg_idct_4x4             0046040c f   lib:jidctred.obj
 0001:0005f6fa       _jpeg_idct_2x2             004606fa f   lib:jidctred.obj
 0001:0005f8bc       _jpeg_idct_1x1             004608bc f   lib:jidctred.obj
 0001:0005f8f8       _jpeg_idct_float           004608f8 f   lib:jidctflt.obj
 0001:0005fcd0       __except_handler3          00460cd0 f   MSVCRT:MSVCRT.dll
 0001:0005fce0       __alloca_probe             00460ce0 f   MSVCRT:chkstk.obj
 0001:0005fce0       __chkstk                   00460ce0 f   MSVCRT:chkstk.obj
 0001:0005fd0f       ??_Etype_info@@UAEPAXI@Z   00460d0f f i MSVCRT:ti_inst.obj
 0001:0005fd0f       ??_Gtype_info@@UAEPAXI@Z   00460d0f f i MSVCRT:ti_inst.obj
 0001:0005fd2c       __CxxThrowException@8      00460d2c f   MSVCRT:MSVCRT.dll
 0001:0005fd32       _strcpy                    00460d32 f   MSVCRT:MSVCRT.dll
 0001:0005fd38       _strlen                    00460d38 f   MSVCRT:MSVCRT.dll
 0001:0005fd3e       _strcmp                    00460d3e f   MSVCRT:MSVCRT.dll
 0001:0005fd44       _sin                       00460d44 f   MSVCRT:MSVCRT.dll
 0001:0005fd4a       _tan                       00460d4a f   MSVCRT:MSVCRT.dll
 0001:0005fd50       _cos                       00460d50 f   MSVCRT:MSVCRT.dll
 0001:0005fd56       __ftol                     00460d56 f   MSVCRT:MSVCRT.dll
 0001:0005fd5c       _strcat                    00460d5c f   MSVCRT:MSVCRT.dll
 0001:0005fd62       _fmod                      00460d62 f   MSVCRT:MSVCRT.dll
 0001:0005fd68       _atan2                     00460d68 f   MSVCRT:MSVCRT.dll
 0001:0005fd6e       _acos                      00460d6e f   MSVCRT:MSVCRT.dll
 0001:0005fd74       _sqrt                      00460d74 f   MSVCRT:MSVCRT.dll
 0001:0005fd7a       _atan                      00460d7a f   MSVCRT:MSVCRT.dll
 0001:0005fd80       _memcpy                    00460d80 f   MSVCRT:MSVCRT.dll
 0001:0005fd86       _memset                    00460d86 f   MSVCRT:MSVCRT.dll
 0001:0005fd8c       _pow                       00460d8c f   MSVCRT:MSVCRT.dll
 0001:0005fd92       _asin                      00460d92 f   MSVCRT:MSVCRT.dll
 0001:0005fd98       _WinMainCRTStartup         00460d98 f   MSVCRT:crtexew.obj
 0001:0005fef6       ??1type_info@@UAE@XZ       00460ef6 f   MSVCRT:MSVCRT.dll
 0001:0005fefc       __XcptFilter               00460efc f   MSVCRT:MSVCRT.dll
 0001:0005ff02       __initterm                 00460f02 f   MSVCRT:MSVCRT.dll
 0001:0005ff08       __setdefaultprecision      00460f08 f   MSVCRT:fp8.obj
 0001:0005ff1a       _jpeg_mem_term             00460f1a f   MSVCRT:dllargv.obj
 0001:0005ff1a       __setargv                  00460f1a f   MSVCRT:dllargv.obj
 0001:0005ff1c       __controlfp                00460f1c f   MSVCRT:MSVCRT.dll
 0002:00000000       __imp__SetDeviceGammaRamp@8 00461000     gdi32:GDI32.dll
 0002:00000004       __imp__GetDeviceGammaRamp@8 00461004     gdi32:GDI32.dll
 0002:00000008       __imp__DescribePixelFormat@16 00461008     gdi32:GDI32.dll
 0002:0000000c       __imp__SetPixelFormat@12   0046100c     gdi32:GDI32.dll
 0002:00000010       __imp__ChoosePixelFormat@8 00461010     gdi32:GDI32.dll
 0002:00000014       __imp__SwapBuffers@4       00461014     gdi32:GDI32.dll
 0002:00000018       __imp__GetDeviceCaps@8     00461018     gdi32:GDI32.dll
 0002:0000001c       \177GDI32_NULL_THUNK_DATA  0046101c     gdi32:GDI32.dll
 0002:00000020       __imp__GetDriveTypeA@4     00461020     kernel32:KERNEL32.dll
 0002:00000024       __imp__SetErrorMode@4      00461024     kernel32:KERNEL32.dll
 0002:00000028       __imp__GetStdHandle@4      00461028     kernel32:KERNEL32.dll
 0002:0000002c       __imp__AllocConsole@0      0046102c     kernel32:KERNEL32.dll
 0002:00000030       __imp__ReadConsoleInputA@16 00461030     kernel32:KERNEL32.dll
 0002:00000034       __imp__GetNumberOfConsoleInputEvents@8 00461034     kernel32:KERNEL32.dll
 0002:00000038       __imp__FreeConsole@0       00461038     kernel32:KERNEL32.dll
 0002:0000003c       __imp__SetConsoleTextAttribute@8 0046103c     kernel32:KERNEL32.dll
 0002:00000040       __imp__SetPriorityClass@8  00461040     kernel32:KERNEL32.dll
 0002:00000044       __imp__GetCurrentProcess@0 00461044     kernel32:KERNEL32.dll
 0002:00000048       __imp__GetVersionExA@4     00461048     kernel32:KERNEL32.dll
 0002:0000004c       __imp__Sleep@4             0046104c     kernel32:KERNEL32.dll
 0002:00000050       __imp__LoadLibraryA@4      00461050     kernel32:KERNEL32.dll
 0002:00000054       __imp__GetStartupInfoA@4   00461054     kernel32:KERNEL32.dll
 0002:00000058       __imp__GetModuleHandleA@4  00461058     kernel32:KERNEL32.dll
 0002:0000005c       __imp__GetProcAddress@8    0046105c     kernel32:KERNEL32.dll
 0002:00000060       __imp__FreeLibrary@4       00461060     kernel32:KERNEL32.dll
 0002:00000064       __imp__IsBadReadPtr@8      00461064     kernel32:KERNEL32.dll
 0002:00000068       __imp__VirtualQuery@12     00461068     kernel32:KERNEL32.dll
 0002:0000006c       __imp__WriteFile@20        0046106c     kernel32:KERNEL32.dll
 0002:00000070       __imp__GetModuleFileNameA@12 00461070     kernel32:KERNEL32.dll
 0002:00000074       \177KERNEL32_NULL_THUNK_DATA 00461074     kernel32:KERNEL32.dll
 0002:00000078       __imp____p__commode        00461078     MSVCRT:MSVCRT.dll
 0002:0000007c       __imp___adjust_fdiv        0046107c     MSVCRT:MSVCRT.dll
 0002:00000080       __imp____setusermatherr    00461080     MSVCRT:MSVCRT.dll
 0002:00000084       __imp____p__fmode          00461084     MSVCRT:MSVCRT.dll
 0002:00000088       __imp____getmainargs       00461088     MSVCRT:MSVCRT.dll
 0002:0000008c       __imp___acmdln             0046108c     MSVCRT:MSVCRT.dll
 0002:00000090       __imp___XcptFilter         00461090     MSVCRT:MSVCRT.dll
 0002:00000094       __imp___exit               00461094     MSVCRT:MSVCRT.dll
 0002:00000098       __imp_??1type_info@@UAE@XZ 00461098     MSVCRT:MSVCRT.dll
 0002:0000009c       __imp__fflush              0046109c     MSVCRT:MSVCRT.dll
 0002:000000a0       __imp___winmajor           004610a0     MSVCRT:MSVCRT.dll
 0002:000000a4       __imp__asin                004610a4     MSVCRT:MSVCRT.dll
 0002:000000a8       __imp__pow                 004610a8     MSVCRT:MSVCRT.dll
 0002:000000ac       __imp__exit                004610ac     MSVCRT:MSVCRT.dll
 0002:000000b0       __imp___findclose          004610b0     MSVCRT:MSVCRT.dll
 0002:000000b4       __imp___findnext           004610b4     MSVCRT:MSVCRT.dll
 0002:000000b8       __imp___findfirst          004610b8     MSVCRT:MSVCRT.dll
 0002:000000bc       __imp___mkdir              004610bc     MSVCRT:MSVCRT.dll
 0002:000000c0       __imp__memset              004610c0     MSVCRT:MSVCRT.dll
 0002:000000c4       __imp__memcpy              004610c4     MSVCRT:MSVCRT.dll
 0002:000000c8       __imp__remove              004610c8     MSVCRT:MSVCRT.dll
 0002:000000cc       __imp__srand               004610cc     MSVCRT:MSVCRT.dll
 0002:000000d0       __imp__strstr              004610d0     MSVCRT:MSVCRT.dll
 0002:000000d4       __imp__memmove             004610d4     MSVCRT:MSVCRT.dll
 0002:000000d8       __imp__atan                004610d8     MSVCRT:MSVCRT.dll
 0002:000000dc       __imp__strncpy             004610dc     MSVCRT:MSVCRT.dll
 0002:000000e0       __imp__sscanf              004610e0     MSVCRT:MSVCRT.dll
 0002:000000e4       __imp__sqrt                004610e4     MSVCRT:MSVCRT.dll
 0002:000000e8       __imp____set_app_type      004610e8     MSVCRT:MSVCRT.dll
 0002:000000ec       __imp___controlfp          004610ec     MSVCRT:MSVCRT.dll
 0002:000000f0       __imp__stricmp             004610f0     MSVCRT:MSVCRT.dll
 0002:000000f0       __imp___stricmp            004610f0     MSVCRT:MSVCRT.dll
 0002:000000f4       __imp__strnicmp            004610f4     MSVCRT:MSVCRT.dll
 0002:000000f4       __imp___strnicmp           004610f4     MSVCRT:MSVCRT.dll
 0002:000000f8       __imp___initterm           004610f8     MSVCRT:MSVCRT.dll
 0002:000000fc       __imp__acos                004610fc     MSVCRT:MSVCRT.dll
 0002:00000100       __imp__atan2               00461100     MSVCRT:MSVCRT.dll
 0002:00000104       __imp__fmod                00461104     MSVCRT:MSVCRT.dll
 0002:00000108       __imp__strcat              00461108     MSVCRT:MSVCRT.dll
 0002:0000010c       __imp__atof                0046110c     MSVCRT:MSVCRT.dll
 0002:00000110       __imp___ftol               00461110     MSVCRT:MSVCRT.dll
 0002:00000114       __imp__cos                 00461114     MSVCRT:MSVCRT.dll
 0002:00000118       __imp__tan                 00461118     MSVCRT:MSVCRT.dll
 0002:0000011c       __imp__rand                0046111c     MSVCRT:MSVCRT.dll
 0002:00000120       __imp__sin                 00461120     MSVCRT:MSVCRT.dll
 0002:00000124       __imp__atoi                00461124     MSVCRT:MSVCRT.dll
 0002:00000128       __imp__fwrite              00461128     MSVCRT:MSVCRT.dll
 0002:0000012c       __imp__rename              0046112c     MSVCRT:MSVCRT.dll
 0002:00000130       __imp__fseek               00461130     MSVCRT:MSVCRT.dll
 0002:00000134       __imp__putenv              00461134     MSVCRT:MSVCRT.dll
 0002:00000134       __imp___putenv             00461134     MSVCRT:MSVCRT.dll
 0002:00000138       __imp__ftell               00461138     MSVCRT:MSVCRT.dll
 0002:0000013c       __imp__strcmp              0046113c     MSVCRT:MSVCRT.dll
 0002:00000140       __imp__time                00461140     MSVCRT:MSVCRT.dll
 0002:00000144       __imp__localtime           00461144     MSVCRT:MSVCRT.dll
 0002:00000148       __imp__strftime            00461148     MSVCRT:MSVCRT.dll
 0002:0000014c       __imp__fprintf             0046114c     MSVCRT:MSVCRT.dll
 0002:00000150       __imp__strrchr             00461150     MSVCRT:MSVCRT.dll
 0002:00000154       __imp__strlen              00461154     MSVCRT:MSVCRT.dll
 0002:00000158       __imp___except_handler3    00461158     MSVCRT:MSVCRT.dll
 0002:0000015c       __imp__fclose              0046115c     MSVCRT:MSVCRT.dll
 0002:00000160       __imp__fread               00461160     MSVCRT:MSVCRT.dll
 0002:00000164       __imp__fopen               00461164     MSVCRT:MSVCRT.dll
 0002:00000168       __imp__malloc              00461168     MSVCRT:MSVCRT.dll
 0002:0000016c       __imp__free                0046116c     MSVCRT:MSVCRT.dll
 0002:00000170       __imp__qsort               00461170     MSVCRT:MSVCRT.dll
 0002:00000174       __imp___vsnprintf          00461174     MSVCRT:MSVCRT.dll
 0002:00000178       __imp___CxxThrowException@8 00461178     MSVCRT:MSVCRT.dll
 0002:0000017c       __imp__strcpy              0046117c     MSVCRT:MSVCRT.dll
 0002:00000180       __imp__strchr              00461180     MSVCRT:MSVCRT.dll
 0002:00000184       \177MSVCRT_NULL_THUNK_DATA 00461184     MSVCRT:MSVCRT.dll
 0002:00000188       __imp__DefWindowProcA@16   00461188     user32:USER32.dll
 0002:0000018c       __imp__ShowCursor@4        0046118c     user32:USER32.dll
 0002:00000190       __imp__ReleaseCapture@0    00461190     user32:USER32.dll
 0002:00000194       __imp__ClipCursor@4        00461194     user32:USER32.dll
 0002:00000198       __imp__SetCursorPos@8      00461198     user32:USER32.dll
 0002:0000019c       __imp__GetCursorPos@4      0046119c     user32:USER32.dll
 0002:000001a0       __imp__SetCursor@4         004611a0     user32:USER32.dll
 0002:000001a4       __imp__SetCapture@4        004611a4     user32:USER32.dll
 0002:000001a8       __imp__GetWindowRect@8     004611a8     user32:USER32.dll
 0002:000001ac       __imp__GetSystemMetrics@4  004611ac     user32:USER32.dll
 0002:000001b0       __imp__DispatchMessageA@4  004611b0     user32:USER32.dll
 0002:000001b4       __imp__TranslateMessage@4  004611b4     user32:USER32.dll
 0002:000001b8       __imp__PeekMessageA@20     004611b8     user32:USER32.dll
 0002:000001bc       __imp__MessageBoxA@16      004611bc     user32:USER32.dll
 0002:000001c0       __imp__CreateWindowExA@48  004611c0     user32:USER32.dll
 0002:000001c4       __imp__RegisterClassA@4    004611c4     user32:USER32.dll
 0002:000001c8       __imp__LoadCursorA@8       004611c8     user32:USER32.dll
 0002:000001cc       __imp__LoadIconA@8         004611cc     user32:USER32.dll
 0002:000001d0       __imp__SetFocus@4          004611d0     user32:USER32.dll
 0002:000001d4       __imp__SetForegroundWindow@4 004611d4     user32:USER32.dll
 0002:000001d8       __imp__UpdateWindow@4      004611d8     user32:USER32.dll
 0002:000001dc       __imp__SetWindowPos@28     004611dc     user32:USER32.dll
 0002:000001e0       __imp__GetDesktopWindow@0  004611e0     user32:USER32.dll
 0002:000001e4       __imp__ReleaseDC@8         004611e4     user32:USER32.dll
 0002:000001e8       __imp__MoveWindow@24       004611e8     user32:USER32.dll
 0002:000001ec       __imp__DestroyWindow@4     004611ec     user32:USER32.dll
 0002:000001f0       __imp__UnregisterClassA@8  004611f0     user32:USER32.dll
 0002:000001f4       __imp__UnregisterHotKey@8  004611f4     user32:USER32.dll
 0002:000001f8       __imp__RegisterHotKey@16   004611f8     user32:USER32.dll
[...]
 0001:0005dd7c       _start_iMCU_row            0045ed7c f   lib:jddiffct.obj
 0001:0005ddc1       _start_output_pass         0045edc1 f   lib:jddiffct.obj
 0001:0005ddcd       _decompress_data           0045edcd f   lib:jddiffct.obj
 0001:0005df3d       _process_restart           0045ef3d f   lib:jddiffct.obj
 0001:0005bf5d       _dummy_consume_data        0045cf5d f   lib:jdcoefct.obj
 0001:0005df72       _consume_data              0045ef72 f   lib:jddiffct.obj
 0001:0005dfe9       _output_data               0045efe9 f   lib:jddiffct.obj
 0001:0005da70       _start_pass                0045ea70 f   lib:jddctmgr.obj
 0001:0005cec2       _start_pass_phuff_decoder  0045dec2 f   lib:jdphuff.obj
 0001:0005d10b       _decode_mcu_DC_first       0045e10b f   lib:jdphuff.obj
 0001:0005d303       _process_restart           0045e303 f   lib:jdphuff.obj
 0001:0005d372       _decode_mcu_AC_first       0045e372 f   lib:jdphuff.obj
 0001:0005d592       _decode_mcu_DC_refine      0045e592 f   lib:jdphuff.obj
 0001:0005d667       _decode_mcu_AC_refine      0045e667 f   lib:jdphuff.obj
 0001:0005c909       _start_pass_huff_decoder   0045d909 f   lib:jdshuff.obj
 0001:0005ca41       _decode_mcu                0045da41 f   lib:jdshuff.obj
 0001:0005cdf1       _process_restart           0045ddf1 f   lib:jdshuff.obj
 0001:0005bcef       _start_input_pass          0045ccef f   lib:jdcoefct.obj
 0001:0005bd02       _start_iMCU_row            0045cd02 f   lib:jdcoefct.obj
 0001:0005bd47       _start_output_pass         0045cd47 f   lib:jdcoefct.obj
 0001:0005bd84       _decompress_onepass        0045cd84 f   lib:jdcoefct.obj
 0001:0005bf5d       _dummy_consume_data        0045cf5d f   lib:jdcoefct.obj
 0001:0005bf60       _consume_data              0045cf60 f   lib:jdcoefct.obj
 0001:0005c119       _decompress_data           0045d119 f   lib:jdcoefct.obj
 0001:0005c285       _smoothing_ok              0045d285 f   lib:jdcoefct.obj
 0001:0005c370       _decompress_smooth_data    0045d370 f   lib:jdcoefct.obj
 0001:0005bb88       _scaler_start_pass         0045cb88 f   lib:jcscale.obj
 0001:0005bbab       _simple_downscale          0045cbab f   lib:jcscale.obj
 0001:0005bbd7       _noscale                   0045cbd7 f   lib:jcscale.obj
 0001:0005b680       _start_pass                0045c680 f   lib:jcpred.obj
 0001:0005b6d8       _reset_predictor           0045c6d8 f   lib:jcpred.obj
 0001:0005b705       _jpeg_difference_first_row 0045c705 f   lib:jcpred.obj
 0001:0005b7ef       _jpeg_difference1          0045c7ef f   lib:jcpred.obj
 0001:0005b85d       _jpeg_difference2          0045c85d f   lib:jcpred.obj
 0001:0005b8ce       _jpeg_difference3          0045c8ce f   lib:jcpred.obj
 0001:0005b946       _jpeg_difference4          0045c946 f   lib:jcpred.obj
 0001:0005b9d1       _jpeg_difference5          0045c9d1 f   lib:jcpred.obj
 0001:0005ba64       _jpeg_difference6          0045ca64 f   lib:jcpred.obj
 0001:0005baf3       _jpeg_difference7          0045caf3 f   lib:jcpred.obj
 0001:0005af72       _start_pass_huff           0045bf72 f   lib:jclhuff.obj
 0001:0005b10f       _encode_mcus_huff          0045c10f f   lib:jclhuff.obj
 0001:0005b2fa       _emit_bits                 0045c2fa f   lib:jclhuff.obj
 0001:0005b39d       _dump_buffer               0045c39d f   lib:jclhuff.obj
 0001:0005b3c1       _emit_restart              0045c3c1 f   lib:jclhuff.obj
 0001:0005b40c       _flush_bits                0045c40c f   lib:jclhuff.obj
 0001:0005b430       _finish_pass_huff          0045c430 f   lib:jclhuff.obj
 0001:0005b49d       _encode_mcus_gather        0045c49d f   lib:jclhuff.obj
 0001:0005b5c6       _finish_pass_gather        0045c5c6 f   lib:jclhuff.obj
 0001:00059c97       _need_optimization_pass    0045ac97 f   lib:jcshuff.obj
 0001:0005ab92       _start_pass_diff           0045bb92 f   lib:jcdiffct.obj
 0001:00058e98       _start_iMCU_row            00459e98 f   lib:jccoefct.obj
 0001:0005ac30       _compress_data             0045bc30 f   lib:jcdiffct.obj
 0001:0005adc6       _compress_first_pass       0045bdc6 f   lib:jcdiffct.obj
 0001:0005aebb       _compress_output           0045bebb f   lib:jcdiffct.obj
 0001:0005a7a5       _start_pass_fdctmgr        0045b7a5 f   lib:jcdctmgr.obj
 0001:0005a8a7       _forward_DCT_float         0045b8a7 f   lib:jcdctmgr.obj
 0001:00059cda       _start_pass_phuff          0045acda f   lib:jcphuff.obj
 0001:00059e47       _encode_mcu_DC_first       0045ae47 f   lib:jcphuff.obj
 0001:00059f79       _emit_bits                 0045af79 f   lib:jcphuff.obj
 0001:0005a024       _dump_buffer               0045b024 f   lib:jcphuff.obj
 0001:0005a05c       _emit_symbol               0045b05c f   lib:jcphuff.obj
 0001:0005a09c       _emit_restart              0045b09c f   lib:jcphuff.obj
 0001:0005a125       _emit_eobrun               0045b125 f   lib:jcphuff.obj
 0001:0005a1ab       _encode_mcu_AC_first       0045b1ab f   lib:jcphuff.obj
 0001:0005a33f       _encode_mcu_DC_refine      0045b33f f   lib:jcphuff.obj
 0001:0005a3f9       _encode_mcu_AC_refine      0045b3f9 f   lib:jcphuff.obj
 0001:0005a610       _finish_pass_phuff         0045b610 f   lib:jcphuff.obj
 0001:0005a65f       _finish_pass_gather_phuff  0045b65f f   lib:jcphuff.obj
 0001:0005a722       _need_optimization_pass    0045b722 f   lib:jcphuff.obj
 0001:00059472       _start_pass_huff           0045a472 f   lib:jcshuff.obj
 0001:000595e7       _encode_mcu_huff           0045a5e7 f   lib:jcshuff.obj
 0001:000596f2       _encode_one_block          0045a6f2 f   lib:jcshuff.obj
 0001:00059869       _emit_bits                 0045a869 f   lib:jcshuff.obj
 0001:0005990c       _dump_buffer               0045a90c f   lib:jcshuff.obj
 0001:00059930       _emit_restart              0045a930 f   lib:jcshuff.obj
 0001:0005999d       _flush_bits                0045a99d f   lib:jcshuff.obj
 0001:000599c1       _finish_pass_huff          0045a9c1 f   lib:jcshuff.obj
 0001:00059a30       _encode_mcu_gather         0045aa30 f   lib:jcshuff.obj
 0001:00059ae6       _htest_one_block           0045aae6 f   lib:jcshuff.obj
 0001:00059bad       _finish_pass_gather        0045abad f   lib:jcshuff.obj
 0001:00059c97       _need_optimization_pass    0045ac97 f   lib:jcshuff.obj
 0001:00058e03       _start_pass_coef           00459e03 f   lib:jccoefct.obj
 0001:00058e98       _start_iMCU_row            00459e98 f   lib:jccoefct.obj
 0001:00058eda       _compress_data             00459eda f   lib:jccoefct.obj
 0001:000590c1       _compress_first_pass       0045a0c1 f   lib:jccoefct.obj
 0001:000592a7       _compress_output           0045a2a7 f   lib:jccoefct.obj
 0001:00058d1b       _calc_output_dimensions    00459d1b f   lib:jdlossls.obj
 0001:00058d2c       _start_input_pass          00459d2c f   lib:jdlossls.obj
 0001:00058a5a       _calc_output_dimensions    00459a5a f   lib:jdlossy.obj
 0001:00058bcd       _start_input_pass          00459bcd f   lib:jdlossy.obj
 0001:00058bed       _latch_quant_tables        00459bed f   lib:jdlossy.obj
 0001:00058c85       _start_output_pass         00459c85 f   lib:jdlossy.obj
 0001:000589a9       _start_pass                004599a9 f   lib:jclossls.obj
 0001:00058915       _start_pass                00459915 f   lib:jclossy.obj
 0001:00057e6a       _initial_setup             00458e6a f   lib:jcmaster.obj
 0001:0005801d       _validate_script           0045901d f   lib:jcmaster.obj
 0001:000583f5       _prepare_for_pass          004593f5 f   lib:jcmaster.obj
 0001:0005856d       _select_scan_parameters    0045956d f   lib:jcmaster.obj
 0001:0005866e       _per_scan_setup            0045966e f   lib:jcmaster.obj
 0001:00058819       _pass_startup              00459819 f   lib:jcmaster.obj
 0001:00058840       _finish_pass_master        00459840 f   lib:jcmaster.obj
 0001:00057956       _rgb_ycc_start             00458956 f   lib:jccolor.obj
 0001:00057a1a       _rgb_ycc_convert           00458a1a f   lib:jccolor.obj
 0001:00057b19       _rgb_gray_convert          00458b19 f   lib:jccolor.obj
 0001:00057b9e       _cmyk_ycck_convert         00458b9e f   lib:jccolor.obj
 0001:00057cd6       _grayscale_convert         00458cd6 f   lib:jccolor.obj
 0001:00057d30       _null_convert              00458d30 f   lib:jccolor.obj
 0001:00035959       _null_method               00436959 f   vid_dll.obj
 0001:00035959       _start_pass_downsample     00436959 f   vid_dll.obj
 0001:000570a2       _sep_downsample            004580a2 f   lib:jcsample.obj
 0001:00057117       _int_downsample            00458117 f   lib:jcsample.obj
 0001:0005720f       _expand_right_edge         0045820f f   lib:jcsample.obj
 0001:00057264       _fullsize_downsample       00458264 f   lib:jcsample.obj
 0001:000572a8       _h2v1_downsample           004582a8 f   lib:jcsample.obj
 0001:0005733c       _h2v2_downsample           0045833c f   lib:jcsample.obj
 0001:000573e9       _h2v2_smooth_downsample    004583e9 f   lib:jcsample.obj
 0001:00057661       _fullsize_smooth_downsample 00458661 f   lib:jcsample.obj
 0001:00056a9e       _start_pass_prep           00457a9e f   lib:jcprepct.obj
 0001:00056adc       _pre_process_data          00457adc f   lib:jcprepct.obj
 0001:00056c8a       _pre_process_context       00457c8a f   lib:jcprepct.obj
 0001:00056e43       _create_context_buffer     00457e43 f   lib:jcprepct.obj
 0001:00056916       _start_pass_main           00457916 f   lib:jcmainct.obj
 0001:00056958       _process_data_simple_main  00457958 f   lib:jcmainct.obj
 0001:00055eec       _create_colormap           00456eec f   lib:jquant1.obj
 0001:0005601e       _select_ncolors            0045701e f   lib:jquant1.obj
 0001:000560f5       _create_colorindex         004570f5 f   lib:jquant1.obj
 0001:00056221       _alloc_fs_workspace        00457221 f   lib:jquant1.obj
 0001:0005625d       _start_pass_1_quant        0045725d f   lib:jquant1.obj
 0001:00056329       _create_odither_tables     00457329 f   lib:jquant1.obj
 0001:00056388       _make_odither_array        00457388 f   lib:jquant1.obj
 0001:000563eb       _color_quantize            004573eb f   lib:jquant1.obj
 0001:00056476       _color_quantize3           00457476 f   lib:jquant1.obj
 0001:00056504       _quantize_ord_dither       00457504 f   lib:jquant1.obj
 0001:000565ef       _quantize3_ord_dither      004575ef f   lib:jquant1.obj
 0001:000566ef       _quantize_fs_dither        004576ef f   lib:jquant1.obj
 0001:00035959       _finish_pass_1_quant       00436959 f   vid_dll.obj
 0001:00056873       _new_color_map_1_quant     00457873 f   lib:jquant1.obj
 0001:00054ead       _init_error_limit          00455ead f   lib:jquant2.obj
 0001:00054f4c       _start_pass_2_quant        00455f4c f   lib:jquant2.obj
 0001:0005504e       _prescan_quantize          0045604e f   lib:jquant2.obj
 0001:000550bd       _pass2_no_dither           004560bd f   lib:jquant2.obj
 0001:0005516a       _fill_inverse_cmap         0045616a f   lib:jquant2.obj
 0001:00055235       _find_nearby_colors        00456235 f   lib:jquant2.obj
 0001:000553d9       _find_best_colors          004563d9 f   lib:jquant2.obj
 0001:000554f3       _pass2_fs_dither           004564f3 f   lib:jquant2.obj
 0001:00055762       _finish_pass1              00456762 f   lib:jquant2.obj
 0001:00055784       _select_colors             00456784 f   lib:jquant2.obj
 0001:00055810       _update_box                00456810 f   lib:jquant2.obj
 0001:00055baa       _median_cut                00456baa f   lib:jquant2.obj
 0001:00055cbe       _find_biggest_color_pop    00456cbe f   lib:jquant2.obj
 0001:00055ced       _find_biggest_volume       00456ced f   lib:jquant2.obj
 0001:00055d16       _compute_color             00456d16 f   lib:jquant2.obj
 0001:00035959       _finish_pass2              00436959 f   vid_dll.obj
 0001:00055e52       _new_color_map_2_quant     00456e52 f   lib:jquant2.obj
 0001:000548c4       _build_ycc_rgb_table       004558c4 f   lib:jdmerge.obj
 0001:00054974       _start_pass_merged_upsample 00455974 f   lib:jdmerge.obj
 0001:00054989       _merged_2v_upsample        00455989 f   lib:jdmerge.obj
 0001:00054a30       _merged_1v_upsample        00455a30 f   lib:jdmerge.obj
 0001:00054a61       _h2v1_merged_upsample      00455a61 f   lib:jdmerge.obj
 0001:00054bb7       _h2v2_merged_upsample      00455bb7 f   lib:jdmerge.obj
 0001:00054468       _build_ycc_rgb_table       00455468 f   lib:jdcolor.obj
 0001:00054518       _ycc_rgb_convert           00455518 f   lib:jdcolor.obj
 0001:00054626       _null_convert              00455626 f   lib:jdcolor.obj
 0001:0005469e       _grayscale_convert         0045569e f   lib:jdcolor.obj
 0001:000546c1       _gray_rgb_convert          004556c1 f   lib:jdcolor.obj
 0001:0005471a       _ycck_cmyk_convert         0045571a f   lib:jdcolor.obj
 0001:00035959       _start_pass_dcolor         00436959 f   vid_dll.obj
 0001:00053ec9       _start_pass_upsample       00454ec9 f   lib:jdsample.obj
 0001:00053ee3       _sep_upsample              00454ee3 f   lib:jdsample.obj
 0001:00053fb0       _fullsize_upsample         00454fb0 f   lib:jdsample.obj
 0001:00053fbb       _noop_upsample             00454fbb f   lib:jdsample.obj
 0001:00053fc3       _int_upsample              00454fc3 f   lib:jdsample.obj
 0001:000540ad       _h2v1_upsample             004550ad f   lib:jdsample.obj
 0001:00054104       _h2v2_upsample             00455104 f   lib:jdsample.obj
 0001:00054176       _h2v1_fancy_upsample       00455176 f   lib:jdsample.obj
 0001:00054219       _h2v2_fancy_upsample       00455219 f   lib:jdsample.obj
 0001:00053ad2       _start_pass_dpost          00454ad2 f   lib:jdpostct.obj
 0001:00053b78       _post_process_1pass        00454b78 f   lib:jdpostct.obj
 0001:00053bdd       _post_process_prepass      00454bdd f   lib:jdpostct.obj
 0001:00053c6e       _post_process_2pass        00454c6e f   lib:jdpostct.obj
 0001:000534d9       _alloc_funny_pointers      004544d9 f   lib:jdmainct.obj
 0001:00053586       _start_pass_main           00454586 f   lib:jdmainct.obj
 0001:000535ee       _make_funny_pointers       004545ee f   lib:jdmainct.obj
 0001:0005372e       _process_data_simple_main  0045472e f   lib:jdmainct.obj
 0001:00053796       _process_data_context_main 00454796 f   lib:jdmainct.obj
 0001:000538a8       _set_wraparound_pointers   004548a8 f   lib:jdmainct.obj
 0001:00053992       _set_bottom_pointers       00454992 f   lib:jdmainct.obj
 0001:00053a2c       _process_data_crank_post   00454a2c f   lib:jdmainct.obj
 0001:00052248       _write_marker_header       00453248 f   lib:jcmarker.obj
 0001:0005229e       _emit_byte                 0045329e f   lib:jcmarker.obj
 0001:000522cf       _write_marker_byte         004532cf f   lib:jcmarker.obj
 0001:000522df       _write_file_header         004532df f   lib:jcmarker.obj
 0001:0005232b       _emit_jfif_app0            0045332b f   lib:jcmarker.obj
 0001:000523fe       _emit_adobe_app14          004533fe f   lib:jcmarker.obj
 0001:000524a4       _write_frame_header        004534a4 f   lib:jcmarker.obj
 0001:00052583       _emit_dqt                  00453583 f   lib:jcmarker.obj
 0001:00052672       _emit_sof                  00453672 f   lib:jcmarker.obj
 0001:0005274e       _write_scan_header         0045374e f   lib:jcmarker.obj
 0001:0005280e       _emit_dht                  0045380e f   lib:jcmarker.obj
 0001:000528e7       _emit_dri                  004538e7 f   lib:jcmarker.obj
 0001:00052936       _emit_sos                  00453936 f   lib:jcmarker.obj
 0001:00052a24       _write_file_trailer        00453a24 f   lib:jcmarker.obj
 0001:00052a44       _write_tables_only         00453a44 f   lib:jcmarker.obj
 0001:00051d9d       _use_merged_upsample       00452d9d f   lib:jdmaster.obj
 0001:00051e43       _master_selection          00452e43 f   lib:jdmaster.obj
 0001:00051fa0       _prepare_range_limit_table 00452fa0 f   lib:jdmaster.obj
 0001:00052026       _prepare_for_output_pass   00453026 f   lib:jdmaster.obj
 0001:00052147       _finish_output_pass        00453147 f   lib:jdmaster.obj
 0001:00051214       _alloc_small               00452214 f   lib:jmemmgr.obj
 0001:00051332       _alloc_large               00452332 f   lib:jmemmgr.obj
 0001:000513e3       _alloc_sarray              004523e3 f   lib:jmemmgr.obj
 0001:0005147b       _alloc_barray              0045247b f   lib:jmemmgr.obj
 0001:0005151f       _alloc_darray              0045251f f   lib:jmemmgr.obj
 0001:000515ca       _request_virt_sarray       004525ca f   lib:jmemmgr.obj
 0001:0005162b       _request_virt_barray       0045262b f   lib:jmemmgr.obj
 0001:0005168c       _realize_virt_arrays       0045268c f   lib:jmemmgr.obj
 0001:0005180f       _access_virt_sarray        0045280f f   lib:jmemmgr.obj
 0001:0005192f       _do_sarray_io              0045292f f   lib:jmemmgr.obj
 0001:000519bf       _access_virt_barray        004529bf f   lib:jmemmgr.obj
 0001:00051ae4       _do_barray_io              00452ae4 f   lib:jmemmgr.obj
 0001:00051b75       _free_pool                 00452b75 f   lib:jmemmgr.obj
 0001:00051c5c       _self_destruct             00452c5c f   lib:jmemmgr.obj
 0001:00050cae       _start_input_pass          00451cae f   lib:jdinput.obj
 0001:00050cdc       _per_scan_setup            00451cdc f   lib:jdinput.obj
 0001:00050e62       _finish_input_pass         00451e62 f   lib:jdinput.obj
 0001:00050e73       _consume_markers           00451e73 f   lib:jdinput.obj
 0001:00050f0f       _initial_setup             00451f0f f   lib:jdinput.obj
 0001:00051119       _reset_input_controller    00452119 f   lib:jdinput.obj
 0001:00050a67       _fixedtables               00451a67 f   lib:inflate.obj
 0001:00050b51       _updatewindow              00451b51 f   lib:inflate.obj
 0001:0004f4c7       _make_crc_table            004504c7 f   lib:crc32.obj
 0001:0004f5f3       _crc32_little              004505f3 f   lib:crc32.obj
 0001:0004f403       _init_destination          00450403 f   lib:jdatadst.obj
 0001:0004f429       _empty_output_buffer       00450429 f   lib:jdatadst.obj
 0001:0004f46b       _term_destination          0045046b f   lib:jdatadst.obj
 0001:0004ef8a       _std_huff_tables           0044ff8a f   lib:jcparam.obj
 0001:0004efe4       _add_huff_table            0044ffe4 f   lib:jcparam.obj
 0001:0004d4e2       _next_marker               0044e4e2 f   lib:jdmarker.obj
 0001:0004d61c       _get_interesting_appn      0044e61c f   lib:jdmarker.obj
 0001:0004d747       _examine_app0              0044e747 f   lib:jdmarker.obj
 0001:0004d955       _examine_app14             0044e955 f   lib:jdmarker.obj
 0001:0004da16       _skip_variable             0044ea16 f   lib:jdmarker.obj
 0001:0004dab9       _read_markers              0044eab9 f   lib:jdmarker.obj
 0001:0004dcc1       _get_soi                   0044ecc1 f   lib:jdmarker.obj
 0001:0004dd6c       _get_sof                   0044ed6c f   lib:jdmarker.obj
 0001:0004e075       _get_sos                   0044f075 f   lib:jdmarker.obj
 0001:0004e363       _get_dht                   0044f363 f   lib:jdmarker.obj
 0001:0004e604       _get_dqt                   0044f604 f   lib:jdmarker.obj
 0001:0004e860       _get_dri                   0044f860 f   lib:jdmarker.obj
 0001:0004e93f       _first_marker              0044f93f f   lib:jdmarker.obj
 0001:0004e9db       _read_restart_marker       0044f9db f   lib:jdmarker.obj
 0001:0004ea59       _reset_marker_reader       0044fa59 f   lib:jdmarker.obj
 0001:0004d2c6       _output_pass_setup         0044e2c6 f   lib:jdapistd.obj
 0001:0004cfb9       _default_decompress_parms  0044dfb9 f   lib:jdapimin.obj

 125 bytes saved through ICF

