 Quake2

 Timestamp is 4458a6ca (Wed May 03 16:49:14 2006)

 Preferred load address is 00400000

 Start         Length     Name                   Class
 0001:00000000 000667c0H .text                   CODE
 0002:00000000 00000294H .idata$5                DATA
 0002:00000298 000071f4H .rdata                  DATA
 0002:00007490 00000044H .rdata$r                DATA
 0002:000074d8 00000038H .xdata$x                DATA
 0002:00007510 00000078H .idata$2                DATA
 0002:00007588 00000014H .idata$3                DATA
 0002:0000759c 00000294H .idata$4                DATA
 0002:00007830 0000086aH .idata$6                DATA
 0002:0000809a 00000000H .edata                  DATA
 0003:00000000 00000004H .CRT$XCA                DATA
 0003:00000004 00000088H .CRT$XCU                DATA
 0003:0000008c 00000004H .CRT$XCZ                DATA
 0003:00000090 00000004H .CRT$XIA                DATA
 0003:00000094 00000004H .CRT$XIZ                DATA
 0003:000000a0 0000e2fcH .data                   DATA
 0003:0000e3a0 00456f38H .bss                    DATA
 0004:00000000 00000130H .rsrc$01                DATA
 0004:00000130 00003f20H .rsrc$02                DATA

  Address         Publics by Value              Rva+Base     Lib:Object

 0001:00000000       ??3@YAXPAX@Z               00401000 f i CoreMain.obj
 0001:0000000e       ?appTimestamp@@YAPBDXZ     0040100e f   CoreMain.obj
 0001:00000043       ?appInit@@YAXXZ            00401043 f   CoreMain.obj
 0001:000000c2       ?appExit@@YAXXZ            004010c2 f   CoreMain.obj
 0001:000000cc       ?appMilliseconds@@YAIXZ    004010cc f   CoreWin32.obj
 0001:000000d2       ?appPackage@@YAPBDXZ       004010d2 f   CoreWin32.obj
 0001:0000012a       ?appGetSystemErrorMessage@@YAPBDI@Z 0040112a f   CoreWin32.obj
 0001:0000018e       ?appDisplayError@@YAXXZ    0040118e f   CoreWin32.obj
 0001:000001df       ?appInitPlatform@@YAXXZ    004011df f   CoreWin32.obj
 0001:00000372       ?appShutdownPlatform@@YAXXZ 00401372 f   CoreWin32.obj
 0001:0000037b       ?sprintf@?$TString@$0BAA@@@QAAHPBDZZ 0040137b f i CoreWin32.obj
 0001:00000398       ?appDetectCPU@@YAXXZ       00401398 f   CoreCpuid.obj
 0001:0000064c       ?appLoadDebugSymbols@@YAXXZ 0040164c f   DbgSymbols.obj
 0001:0000080a       ?appSymbolName@@YA_NIPADH@Z 0040180a f   DbgSymbols.obj
 0001:00000900       ?appSymbolName@@YAPBDI@Z   00401900 f   DbgSymbols.obj
 0001:00000938       ?osGetAddressPackage@@YA_NIPADHAAH@Z 00401938 f   DbgSymbolsWin32.obj
 0001:000009cc       ?osGetAddressSymbol@@YA_NIPADHAAH@Z 004019cc f   DbgSymbolsWin32.obj
 0001:00000b73       ?appMalloc@@YAPAXIH@Z      00401b73 f   Memory.obj
 0001:00000c78       ?appFree@@YAXPAX@Z         00401c78 f   Memory.obj
 0001:00000cf7       ?Unlink@FMemHeader@@QAEXXZ 00401cf7 f i Memory.obj
 0001:00000d22       ?Link@CMemoryChain@@AAEXXZ 00401d22 f   Memory.obj
 0001:00000d41       ?Unlink@CMemoryChain@@AAEXXZ 00401d41 f   Memory.obj
 0001:00000d6c       ??2CMemoryChain@@SAPAXIH@Z 00401d6c f   Memory.obj
 0001:00000e35       ??3CMemoryChain@@SAXPAX@Z  00401e35 f   Memory.obj
 0001:00000eb6       ?Alloc@CMemoryChain@@QAEPAXIH@Z 00401eb6 f   Memory.obj
 0001:00000f82       ?GetSize@CMemoryChain@@QAEHXZ 00401f82 f   Memory.obj
 0001:00000f90       ?BuildAllocatorsTable@@YAHPAXH@Z 00401f90 f   Memory.obj
 0001:00001101       ?appInitMemory@@YAXXZ      00402101 f   Memory.obj
 0001:000014e9       ?Close@COutputDevice@@UAEXXZ 004024e9 f i OutputDevice.obj
 0001:000014e9       ?Flush@COutputDevice@@UAEXXZ 004024e9 f i OutputDevice.obj
 0001:000014ea       ?Write@COutputDeviceNull@@UAEXPBD@Z 004024ea f i OutputDevice.obj
 0001:00001504       ??_GCOutputDeviceNull@@UAEPAXI@Z 00402504 f i OutputDevice.obj
 0001:00001504       ??_ECOutputDeviceNull@@UAEPAXI@Z 00402504 f i OutputDevice.obj
 0001:00001504       ??_GCOutputDevice@@UAEPAXI@Z 00402504 f i OutputDevice.obj
 0001:00001504       ??_ECOutputDevice@@UAEPAXI@Z 00402504 f i OutputDevice.obj
 0001:00001547       ?Write@COutputDeviceLog@@UAEXPBD@Z 00402547 f i OutputDevice.obj
 0001:00001592       ??_ECOutputDeviceLog@@UAEPAXI@Z 00402592 f i OutputDevice.obj
 0001:00001592       ??_GCOutputDeviceLog@@UAEPAXI@Z 00402592 f i OutputDevice.obj
 0001:000015b2       ?Printf@COutputDevice@@QAAXPBDZZ 004025b2 f   OutputDevice.obj
 0001:00001623       ?Register@COutputDevice@@QAEXXZ 00402623 f   OutputDevice.obj
 0001:0000167f       ?Unregister@COutputDevice@@QAEXXZ 0040267f f   OutputDevice.obj
 0001:000016d2       ?appPrintf@@YAXPBDZZ       004026d2 f   OutputDevice.obj
 0001:00001809       ?appWPrintf@@YAXPBDZZ      00402809 f   OutputDevice.obj
 0001:0000186c       ??0COutputDeviceMemTail@@QAE@H@Z 0040286c f i ErrorMgr.obj
 0001:0000189d       ?Write@COutputDeviceMemTail@@UAEXPBD@Z 0040289d f i ErrorMgr.obj
 0001:000019b9       ??_ECOutputDeviceMemTail@@UAEPAXI@Z 004029b9 f i ErrorMgr.obj
 0001:000019b9       ??_GCOutputDeviceMemTail@@UAEPAXI@Z 004029b9 f i ErrorMgr.obj
 0001:000019d8       ??1COutputDeviceMemTail@@UAE@XZ 004029d8 f i ErrorMgr.obj
 0001:00001a21       ??0COutputDeviceFile@@QAE@XZ 00402a21 f i ErrorMgr.obj
 0001:00001a36       ?Write@COutputDeviceFile@@UAEXPBD@Z 00402a36 f i ErrorMgr.obj
 0001:00001a8d       ?Flush@COutputDeviceFile@@UAEXXZ 00402a8d f i ErrorMgr.obj
 0001:00001a9d       ?Close@COutputDeviceFile@@UAEXXZ 00402a9d f i ErrorMgr.obj
 0001:00001ab5       ??_GCOutputDeviceFile@@UAEPAXI@Z 00402ab5 f i ErrorMgr.obj
 0001:00001ab5       ??_ECOutputDeviceFile@@UAEPAXI@Z 00402ab5 f i ErrorMgr.obj
 0001:00001ad4       ??1COutputDeviceFile@@UAE@XZ 00402ad4 f i ErrorMgr.obj
 0001:00001b13       ?appBeginError@@YAPAVCOutputDevice@@PBD@Z 00402b13 f   ErrorMgr.obj
 0001:00001bde       ?appGetErrorLog@@YAPAVCOutputDevice@@XZ 00402bde f   ErrorMgr.obj
 0001:00001c49       ?Open@COutputDeviceFile@@QAEXPBD_N@Z 00402c49 f i ErrorMgr.obj
 0001:00001c8f       ?appFatalError@@YAXPBDZZ   00402c8f f   ErrorMgr.obj
 0001:00001ce5       ?appNonFatalError@@YAXPBDZZ 00402ce5 f   ErrorMgr.obj
 0001:00001d47       ?appUnwindPrefix@@YAXPBD@Z 00402d47 f   ErrorMgr.obj
 0001:00001df9       ?appUnwindThrow@@YAXPBDZZ  00402df9 f   ErrorMgr.obj
 0001:00001e6f       ?Reset@CErrorHandler@@QAEXXZ 00402e6f f   ErrorMgr.obj
 0001:00001ea0       ?appInitError@@YAXXZ       00402ea0 f   ErrorMgr.obj
 0001:00001f95       ?appShutdownError@@YAXXZ   00402f95 f   ErrorMgr.obj
 0001:0000201f       ?GetTail@COutputDeviceMemTail@@QAEPBDH@Z 0040301f f i ErrorMgr.obj
 0001:00002045       ?sprintf@?$TString@$0CAA@@@QAAHPBDZZ 00403045 f i ErrorMgr.obj
 0001:00002062       ?win32ExceptFilter@@YGJPAU_EXCEPTION_POINTERS@@@Z 00403062 f   ExceptHandlerWin32.obj
 0001:00002205       ?win32ExceptFilter2@@YAIXZ 00403205 f   ExceptHandlerWin32.obj
 0001:0000220e       ?sprintf@?$TString@$0EAA@@@QAAHPBDZZ 0040320e f i ExceptHandlerWin32.obj
 0001:0000222b       ?DumpRegs@@YAXPAVCOutputDevice@@PAU_CONTEXT@@@Z 0040322b f   ExceptDumpers.obj
 0001:0000233c       ?DumpMem@@YAXPAVCOutputDevice@@PBIPAU_CONTEXT@@@Z 0040333c f   ExceptDumpers.obj
 0001:0000257b       ?UnwindEbpFrame@@YAXPAVCOutputDevice@@PBI@Z 0040357b f   ExceptDumpers.obj
 0001:0000260c       ?GetLine@CSimpleParser@@QAEPBDXZ 0040360c f   ScriptParser.obj
 0001:00002723       ?SkipBraces@CSimpleParser@@QAEPBDXZ 00403723 f   ScriptParser.obj
 0001:00002759       ?appStricmp@@YAHPBD0@Z     00403759 f   Strings.obj
 0001:00002790       ?toLower@@YADD@Z           00403790 f i Strings.obj
 0001:000027ab       ?appStrncpylwr@@YAXPADPBDH@Z 004037ab f   Strings.obj
 0001:000027e3       ?appStrncpyz@@YAXPADPBDH@Z 004037e3 f   Strings.obj
 0001:00002810       ?appStrcatn@@YAXPADHPBD@Z  00403810 f   Strings.obj
 0001:0000283c       ?appCopyFilename@@YAXPADPBDH@Z 0040383c f   Strings.obj
 0001:00002964       ?appCStrlen@@YAHPBD@Z      00403964 f   Strings.obj
 0001:0000298c       ?appUncolorizeString@@YAXPADPBD@Z 0040398c f   Strings.obj
 0001:000029be       ?va@@YAPBDPBDZZ            004039be f   Strings.obj
 0001:00002ab2       ?appSprintf@@YAHPADHPBDZZ  00403ab2 f   Strings.obj
 0001:00002b51       ?appMatchWildcard@@YA_NPBD0_N@Z 00403b51 f   Strings.obj
 0001:00002d96       ?appIsWildcard@@YA_NPBD@Z  00403d96 f   Strings.obj
 0001:00002dc2       ?appStrdup@@YAPADPBD@Z     00403dc2 f   Strings.obj
 0001:00002e03       ?appStrdup@@YAPADPBDPAVCMemoryChain@@@Z 00403e03 f   Strings.obj
 0001:00002e38       ??0CStringItem@@QAE@XZ     00403e38 f   Strings.obj
 0001:00002e43       ??2CStringItem@@SAPAXIPBD@Z 00403e43 f   Strings.obj
 0001:00002edd       ??2CStringItem@@SAPAXIPBDPAVCMemoryChain@@@Z 00403edd f   Strings.obj
 0001:00002f52       ?Find@CStringList@@IAEPAVCStringItem@@PBDPAPAV2@@Z 00403f52 f   Strings.obj
 0001:00002fdd       ?Find@CStringList@@IAEPAVCStringItem@@H@Z 00403fdd f   Strings.obj
 0001:00003049       ?IndexOf@CStringList@@QAEHPBD@Z 00404049 f   Strings.obj
 0001:000030cb       ?Remove@CStringList@@QAE_NPAVCStringItem@@@Z 004040cb f   Strings.obj
 0001:0000314f       ?Add@CTextContainer@@QAEPAUCTextRec@@PBD@Z 0040414f f   TextContainer.obj
 0001:000031fb       ?Enumerate@CTextContainer@@QAEXP6AXPBUCTextRec@@@Z@Z 004041fb f   TextContainer.obj
 0001:00003267       ?SubtractPath@@YAPBDPBD0@Z 00404267 f   FileSystem.obj
 0001:000032ff       ?appMakeDirectoryForFile@@YAXPBD@Z 004042ff f   FileSystem.obj
 0001:00003335       ?appOpenFile@@YAPAVCFile@@PBD@Z 00404335 f   FileSystem.obj
 0001:00003372       ?Read@CFileOS@@UAEHPAXH@Z  00404372 f i FileSystem.obj
 0001:00003399       ?GetSize@CFileOS@@UAEHXZ   00404399 f i FileSystem.obj
 0001:000033e4       ?Eof@CFileOS@@UAE_NXZ      004043e4 f i FileSystem.obj
 0001:000033f8       ??_ECFileOS@@UAEPAXI@Z     004043f8 f i FileSystem.obj
 0001:000033f8       ??_GCFileOS@@UAEPAXI@Z     004043f8 f i FileSystem.obj
 0001:0000342d       ??_ECFile@@UAEPAXI@Z       0040442d f i FileSystem.obj
 0001:0000342d       ??_GCFile@@UAEPAXI@Z       0040442d f i FileSystem.obj
 0001:0000344d       ?ReadByte@CFile@@QAEEXZ    0040444d f   FileSystem.obj
 0001:00003465       ?ReadInt@CFile@@QAEHXZ     00404465 f   FileSystem.obj
 0001:0000347d       ?ReadString@CFile@@QAEXPADH@Z 0040447d f   FileSystem.obj
 0001:000034bd       ?GetType@CFileContainer@@MAEPBDXZ 004044bd f   FileSystem.obj
 0001:000034c3       ?Mount@CFileSystem@@QAEXAAVCFileContainer@@PBD@Z 004044c3 f   FileSystem.obj
 0001:00003519       ?Umount@CFileSystem@@QAEXAAVCFileContainer@@@Z 00404519 f   FileSystem.obj
 0001:00003553       ?MountDirectory@CFileSystem@@QAEPAVCFileContainer@@PBD0@Z 00404553 f   FileSystem.obj
 0001:00003598       ?GetType@CFileContainerOS@@MAEPBDXZ 00404598 f i FileSystem.obj
 0001:0000359e       ?FileExists@CFileContainerOS@@UAE_NPBD@Z 0040459e f i FileSystem.obj
 0001:000035c8       ?OpenFile@CFileContainerOS@@UAEPAVCFile@@PBD@Z 004045c8 f i FileSystem.obj
 0001:000035e8       ?List@CFileContainerOS@@UAEXAAVCFileList@@PBDI@Z 004045e8 f i FileSystem.obj
 0001:00003611       ??_GCFileContainerOS@@UAEPAXI@Z 00404611 f i FileSystem.obj
 0001:00003611       ??_ECFileContainerOS@@UAEPAXI@Z 00404611 f i FileSystem.obj
 0001:00003631       ??_GCFileContainer@@UAEPAXI@Z 00404631 f i FileSystem.obj
 0001:00003631       ??_ECFileContainer@@UAEPAXI@Z 00404631 f i FileSystem.obj
 0001:00003651       ?MountArchive@CFileSystem@@QAEPAVCFileContainer@@PBD0@Z 00404651 f   FileSystem.obj
 0001:00003768       ?Mount@CFileSystem@@QAEXPBD0@Z 00404768 f   FileSystem.obj
 0001:0000399a       ?Umount@CFileSystem@@QAEXPBD@Z 0040499a f   FileSystem.obj
 0001:00003a36       ?List@CFileSystem@@UAEPAVCFileList@@PBDIPAV2@@Z 00404a36 f   FileSystem.obj
 0001:00003bf1       ?RegisterFormat@CFileSystem@@SAXP6APAVCFileContainer@@PBDPAU_iobuf@@@Z@Z 00404bf1 f   FileSystem.obj
 0001:00003c35       ?FileExists@CFileSystem@@UAE_NPBDI@Z 00404c35 f   FileSystem.obj
 0001:00003cb4       ?OpenFile@CFileSystem@@UAEPAVCFile@@PBDI@Z 00404cb4 f   FileSystem.obj
 0001:00003d59       ?LoadFile@CFileSystem@@QAEPAXPBDPAI@Z 00404d59 f   FileSystem.obj
 0001:00003e29       ?cMount@@YAX_NHPAPAD@Z     00404e29 f   FileSystem.obj
 0001:00003f67       ?cUmount@@YAX_NHPAPAD@Z    00404f67 f   FileSystem.obj
 0001:00003f96       ?appInitFileSystem@@YAXAAVCFileSystem@@@Z 00404f96 f   FileSystem.obj
 0001:0000438d       ?appListDirectory@@YAXPBDAAVCFileList@@I@Z 0040538d f   FileSystemWin32.obj
 0001:000045d4       ?appMakeDirectory@@YAXPBD@Z 004055d4 f   FileSystemWin32.obj
 0001:00004641       ?appFileType@@YAIPBD@Z     00405641 f   FileSystemWin32.obj
 0001:00004681       ?FindDir@CFileContainerArc@@IAEPAVCArcDir@1@PBD_N@Z 00405681 f   FileContainerArc.obj
 0001:0000476a       ?FindFile@CFileContainerArc@@IAEPAVCStringItem@@PBD@Z 0040576a f   FileContainerArc.obj
 0001:000047d5       ?FileExists@CFileContainerArc@@UAE_NPBD@Z 004057d5 f   FileContainerArc.obj
 0001:000047ea       ?OpenFile@CFileContainerArc@@UAEPAVCFile@@PBD@Z 004057ea f   FileContainerArc.obj
 0001:00004809       ?List@CFileContainerArc@@UAEXAAVCFileList@@PBDI@Z 00405809 f   FileContainerArc.obj
 0001:00004976       ?SCR_StopCinematic@@YAXXZ  00405976 f   cl_cin.obj
 0001:00004a0a       ?SCR_DrawCinematic@@YA_NXZ 00405a0a f   cl_cin.obj
 0001:00004e01       ?SCR_PlayCinematic@@YAXPBD@Z 00405e01 f   cl_cin.obj
 0001:00005158       ?sprintf@?$TString@$0EA@@@QAAHPBDZZ 00406158 f i cl_cin.obj
 0001:00005172       ?CL_Download_f@@YAX_NHPAPAD@Z 00406172 f   cl_download.obj
 0001:0000551f       ?CL_ParseDownload@@YAXXZ   0040651f f   cl_download.obj
 0001:00005d44       ?CL_Precache_f@@YAXHPAPAD@Z 00406d44 f   cl_download.obj
 0001:00005da2       ?sprintf@?$TString@$0IA@@@QAAHPBDZZ 00406da2 f i cl_download.obj
 0001:00005dbf       ?CL_ParseDelta@@YAXPAUclEntityState_t@@0HI_N@Z 00406dbf f   cl_ents.obj
 0001:00005f3f       ?CL_ParseFrame@@YAXXZ      00406f3f f   cl_ents.obj
 0001:000065f4       ?CL_AddEntityBox@@YAXPAUclEntityState_t@@I@Z 004075f4 f   cl_ents.obj
 0001:000066f8       ?Lerp@@YAXABUCVec3@@0MAAU1@@Z 004076f8 f i cl_ents.obj
 0001:0000672f       ?CL_OffsetThirdPersonView@@YAXXZ 0040772f f   cl_ents.obj
 0001:00006817       ?CL_AddEntities@@YAXXZ     00407817 f   cl_ents.obj
 0001:00007758       ?CL_ClearLightStyles@@YAXXZ 00408758 f   cl_fx.obj
 0001:000077da       ?CL_SetLightstyle@@YAXHPBD@Z 004087da f   cl_fx.obj
 0001:0000783b       ?CL_AllocDlight@@YAPAUcdlight_t@@HABUCVec3@@@Z 0040883b f   cl_fx.obj
 0001:000078a6       ?CL_AllocParticleTrace@@YAPAUparticleTrace_t@@ABUCVec3@@0MM@Z 004088a6 f   cl_fx.obj
 0001:00007935       ?CL_AllocParticleBeam@@YAPAUbeam_t@@ABUCVec3@@0MM@Z 00408935 f   cl_fx.obj
 0001:000079aa       ?CL_AllocParticle@@YAPAUparticle_t@@XZ 004089aa f   cl_fx.obj
 0001:000079fd       ?CL_MetalSparks@@YAXABUCVec3@@0H@Z 004089fd f   cl_fx.obj
 0001:00007afb       ?CL_AddEffects@@YAXXZ      00408afb f   cl_fx.obj
 0001:00008202       ?CL_ClearEffects@@YAXXZ    00409202 f   cl_fx.obj
 0001:00008284       ?CL_EntityEvent@@YAXPAUclEntityState_t@@@Z 00409284 f   cl_fx.obj
 0001:0000843b       ?CL_ParseMuzzleFlash@@YAXXZ 0040943b f   cl_fx.obj
 0001:000087ab       ?CL_ParseMuzzleFlash2@@YAXXZ 004097ab f   cl_fx.obj
 0001:00008c21       ?CL_ParticleEffect@@YAXABUCVec3@@0HH@Z 00409c21 f   cl_fx.obj
 0001:00008e0a       ?CL_ParticleEffect2@@YAXABUCVec3@@0HH@Z 00409e0a f   cl_fx.obj
 0001:00008e32       ?CL_ParticleEffect3@@YAXABUCVec3@@0HH@Z 00409e32 f   cl_fx.obj
 0001:00008e5a       ?CL_TeleporterParticles@@YAXPAUclEntityState_t@@@Z 00409e5a f   cl_fx.obj
 0001:00008e7c       ?CL_LogoutEffect@@YAXABUCVec3@@H@Z 00409e7c f   cl_fx.obj
 0001:00008eb4       ?CL_ItemRespawnParticles@@YAXABUCVec3@@@Z 00409eb4 f   cl_fx.obj
 0001:00008ed2       ?CL_ExplosionParticles@@YAXABUCVec3@@@Z 00409ed2 f   cl_fx.obj
 0001:00008ef3       ?CL_BFGExplosionParticles@@YAXABUCVec3@@@Z 00409ef3 f   cl_fx.obj
 0001:00008f14       ?CL_TrackerExplosionParticles@@YAXABUCVec3@@@Z 00409f14 f   cl_fx.obj
 0001:00008f35       ?CL_BlasterParticles@@YAXABUCVec3@@0I@Z 00409f35 f   cl_fx.obj
 0001:00008f5c       ?CL_BlasterTrail@@YAXAAUcentity_t@@@Z 00409f5c f   cl_fx.obj
 0001:00009063       ?CL_BlasterTrail2@@YAXAAUcentity_t@@@Z 0040a063 f   cl_fx.obj
 0001:0000907a       ?CL_FlagTrail@@YAXAAUcentity_t@@H@Z 0040a07a f   cl_fx.obj
 0001:00009099       ?CL_RocketTrail@@YAXAAUcentity_t@@@Z 0040a099 f   cl_fx.obj
 0001:000090d8       ?CL_BubbleTrail@@YAXABUCVec3@@0@Z 0040a0d8 f   cl_fx.obj
 0001:00009174       ?CL_BubbleTrail2@@YAXABUCVec3@@0@Z 0040a174 f   cl_fx.obj
 0001:0000918e       ?CL_TagTrail@@YAXAAUcentity_t@@@Z 0040a18e f   cl_fx.obj
 0001:000091a5       ?CL_DebugTrail@@YAXABUCVec3@@0@Z 0040a1a5 f   cl_fx.obj
 0001:000091bf       ?CL_ForceWall@@YAXABUCVec3@@0H@Z 0040a1bf f   cl_fx.obj
 0001:000091e1       ?CL_BigTeleportParticles@@YAXABUCVec3@@@Z 0040a1e1 f   cl_fx.obj
 0001:0000931c       ?CL_BfgParticles@@YAXABUCVec3@@@Z 0040a31c f   cl_fx.obj
 0001:00009496       ?CL_FlyEffect@@YAXAAUcentity_t@@@Z 0040a496 f   cl_fx.obj
 0001:00009622       ?CL_DiminishingTrail@@YAXAAUcentity_t@@H@Z 0040a622 f   cl_fx.obj
 0001:0000977c       ?CL_RailTrail@@YAXABUCVec3@@0@Z 0040a77c f   cl_fx.obj
 0001:000098f2       ?CL_RailTrailExt@@YAXABUCVec3@@0EE@Z 0040a8f2 f   cl_fx.obj
 0001:00009a37       ?CL_IonripperTrail@@YAXAAUcentity_t@@@Z 0040aa37 f   cl_fx.obj
 0001:00009b91       ?CL_TrapParticles@@YAXABUCVec3@@@Z 0040ab91 f   cl_fx.obj
 0001:00009d04       ?CL_TeleportParticles@@YAXABUCVec3@@@Z 0040ad04 f   cl_fx.obj
 0001:00009e3a       ?CL_Heatbeam@@YAXABUCVec3@@0@Z 0040ae3a f   cl_fx.obj
 0001:0000a0e0       ?CL_ParticleSteamEffect@@YAXABUCVec3@@0HHH@Z 0040b0e0 f   cl_fx.obj
 0001:0000a219       ?CL_ParticleSmokeEffect@@YAXABUCVec3@@0@Z 0040b219 f   cl_fx.obj
 0001:0000a335       ?CL_TrackerTrail@@YAXAAUcentity_t@@@Z 0040b335 f   cl_fx.obj
 0001:0000a4b3       ?CL_TrackerShell@@YAXABUCVec3@@@Z 0040b4b3 f   cl_fx.obj
 0001:0000a53f       ?CL_MonsterPlasmaShell@@YAXABUCVec3@@@Z 0040b53f f   cl_fx.obj
 0001:0000a5c8       ?CL_WidowSplash@@YAXABUCVec3@@@Z 0040b5c8 f   cl_fx.obj
 0001:0000a6a9       ?CL_InitInput@@YAXXZ       0040b6a9 f   cl_input.obj
 0001:0000ac57       ?CL_SendCmd@@YAXXZ         0040bc57 f   cl_input.obj
 0001:0000b23a       ?CL_WriteDemoMessage@@YAXXZ 0040c23a f   cl_main.obj
 0001:0000b27c       ?Cmd_ForwardToServer@@YAXHPAPAD@Z 0040c27c f   cl_main.obj
 0001:0000b341       ?CL_ForwardToServer_f@@YAXHPAPAD@Z 0040c341 f   cl_main.obj
 0001:0000b38a       ?CL_Pause@@YAX_N@Z         0040c38a f   cl_main.obj
 0001:0000b3cf       ?CL_Drop@@YAX_N@Z          0040c3cf f   cl_main.obj
 0001:0000b3fa       ?CL_SendConnectPacket@@YAXXZ 0040c3fa f   cl_main.obj
 0001:0000b460       ?CL_Connect_f@@YAX_NHPAPAD@Z 0040c460 f   cl_main.obj
 0001:0000b4cd       ?CL_Rcon_f@@YAXHPAPAD@Z    0040c4cd f   cl_main.obj
 0001:0000b5b9       ?CL_Disconnect@@YAXXZ      0040c5b9 f   cl_main.obj
 0001:0000b764       ?CL_Disconnect_f@@YAXXZ    0040c764 f   cl_main.obj
 0001:0000b76e       ?CL_Changing_f@@YAXXZ      0040c76e f   cl_main.obj
 0001:0000b796       ?CL_Reconnect_f@@YAXXZ     0040c796 f   cl_main.obj
 0001:0000b832       ?CL_PingServers_f@@YAXXZ   0040c832 f   cl_main.obj
 0001:0000bbee       ?CL_ConnectionlessPacket@@YAXXZ 0040cbee f   cl_main.obj
 0001:0000bceb       ?CL_Userinfo_f@@YAXXZ      0040cceb f   cl_main.obj
 0001:0000bd06       ?CL_RegisterSounds@@YAXXZ  0040cd06 f   cl_main.obj
 0001:0000bd45       ?CL_Snd_Restart_f@@YAXXZ   0040cd45 f   cl_main.obj
 0001:0000bd54       ?CL_WriteConfiguration@@YAXPBD@Z 0040cd54 f   cl_main.obj
 0001:0000be3b       ?CL_WriteConfig_f@@YAX_NHPAPAD@Z 0040ce3b f   cl_main.obj
 0001:0000bea6       ?CL_FixCvarCheats@@YAXXZ   0040cea6 f   cl_main.obj
 0001:0000bef7       ?CL_Frame@@YAXMM@Z         0040cef7 f   cl_main.obj
 0001:0000c374       ?CL_ClearState@@YAXXZ      0040d374 f   cl_main.obj
 0001:0000c3b2       ?CL_Init@@YAXXZ            0040d3b2 f   cl_main.obj
 0001:0000c861       ?CL_Shutdown@@YAXXZ        0040d861 f   cl_main.obj
 0001:0000c8bd       ?CL_ParseClientinfo@@YAXH@Z 0040d8bd f   cl_parse.obj
 0001:0000c975       ?CL_UpdatePlayerClientInfo@@YAXXZ 0040d975 f   cl_parse.obj
 0001:0000c9b6       ?CL_ParseServerMessage@@YAXXZ 0040d9b6 f   cl_parse.obj
 0001:0000d19c       ?FreePlayerModelsInfo@@YAXXZ 0040e19c f   cl_playermodel.obj
 0001:0000d1c2       ?ScanPlayerModels@@YA_NXZ  0040e1c2 f   cl_playermodel.obj
 0001:0000d5bc       ?RunAnimation@@YAXAAUclientInfo_t@@AAUanimState_t@@H@Z 0040e5bc f   cl_playermodel.obj
 0001:0000d7aa       ?CL_LoadClientinfo@@YAXAAUclientInfo_t@@PBD_N@Z 0040e7aa f   cl_playermodel.obj
 0001:0000e43b       ?ParsePlayerEntity@@YAHAAUcentity_t@@AAUclientInfo_t@@PAUclEntityState_t@@ABUentity_t@@PAU4@HH@Z 0040f43b f   cl_playermodel.obj
 0001:0000ef94       ?CreateAndInsert@?$TList@VCStringItem@@@@QAEPAVCStringItem@@PBDPAVCMemoryChain@@@Z 0040ff94 f i cl_playermodel.obj
 0001:0000efcc       ?Insert@?$TList@VshaderScript_t@OpenGLDrv@@@@QAE_NPAVshaderScript_t@OpenGLDrv@@@Z 0040ffcc f i cl_playermodel.obj
 0001:0000efcc       ?Insert@?$TList@VplayerModelInfo_t@@@@QAE_NPAVplayerModelInfo_t@@@Z 0040ffcc f i cl_playermodel.obj
 0001:0000efcc       ?Insert@?$TList@VCStringItem@@@@QAE_NPAVCStringItem@@@Z 0040ffcc f i cl_playermodel.obj
 0001:0000f002       ?CL_CheckPredictionError@@YAXXZ 00410002 f   cl_pred.obj
 0001:0000f195       ?CL_EntityTrace@@YAXAAUtrace_t@@ABUCVec3@@1ABUCBox@@H@Z 00410195 f   cl_pred.obj
 0001:0000f4ef       ?CL_Trace@@YAXAAUtrace_t@@ABUCVec3@@1ABUCBox@@H@Z 004104ef f   cl_pred.obj
 0001:0000f5a0       ?CL_PMpointcontents@@YAHABUCVec3@@@Z 004105a0 f   cl_pred.obj
 0001:0000f736       ?CL_PredictMovement@@YAXXZ 00410736 f   cl_pred.obj
 0001:0000fafd       ?DrawString@@YAXHHPBD@Z    00410afd f   cl_scrn.obj
 0001:0000fb42       ?SCR_DebugGraph@@YAXMH@Z   00410b42 f   cl_scrn.obj
 0001:0000fb6c       ?SCR_CenterPrint@@YAXPBD@Z 00410b6c f   cl_scrn.obj
 0001:0000fc72       ?Key_Message@@YAXH@Z       00410c72 f   cl_scrn.obj
 0001:0000fd12       ?SCR_SetLevelshot@@YAXPBD@Z 00410d12 f   cl_scrn.obj
 0001:0000fe12       ?SCR_BeginLoadingPlaque@@YAX_N@Z 00410e12 f   cl_scrn.obj
 0001:0000fea8       ?SCR_EndLoadingPlaque@@YAX_N@Z 00410ea8 f   cl_scrn.obj
 0001:0000ff2d       ?SCR_LoadingNotify@@YAXPBDM@Z 00410f2d f   cl_scrn.obj
 0001:0000ff57       ?SCR_ShowConsole@@YAX_N0@Z 00410f57 f   cl_scrn.obj
 0001:0001001c       ?SCR_ToggleConsole@@YAXXZ  0041101c f   cl_scrn.obj
 0001:00010044       ?SCR_TouchPics@@YAXXZ      00411044 f   cl_scrn.obj
 0001:0001009a       ?SCR_UpdateScreen@@YAXXZ   0041109a f   cl_scrn.obj
 0001:00011429       ?SCR_Init@@YAXXZ           00412429 f   cl_scrn.obj
 0001:0001175a       ?sprintf@?$TString@$0BA@@@QAAHPBDZZ 0041275a f i cl_scrn.obj
 0001:00011774       ?CL_RegisterTEntSounds@@YAXXZ 00412774 f   cl_tent.obj
 0001:000119c9       ?CL_RegisterTEntModels@@YAXXZ 004129c9 f   cl_tent.obj
 0001:00011b1a       ?CL_ClearTEnts@@YAXXZ      00412b1a f   cl_tent.obj
 0001:00011b4b       ?CL_SmokeAndFlash@@YAXABUCVec3@@@Z 00412b4b f   cl_tent.obj
 0001:00011ce3       ?CL_ParseTEnt@@YAXXZ       00412ce3 f   cl_tent.obj
 0001:00012ecd       ?CL_AddTEnts@@YAXXZ        00413ecd f   cl_tent.obj
 0001:000138d4       ?V_AddEntity@@YAXPAUentity_t@@@Z 004148d4 f   cl_view.obj
 0001:00013912       ?V_AddEntity2@@YAXPAUentity_t@@@Z 00414912 f   cl_view.obj
 0001:00013944       ?AddEntityWithEffects2@@YAXPAUentity_t@@I@Z 00414944 f   cl_view.obj
 0001:000139e5       ?AddEntityWithEffects@@YAXPAUentity_t@@I@Z 004149e5 f   cl_view.obj
 0001:00013a06       ?V_AddLight@@YAXABUCVec3@@MMMM@Z 00414a06 f   cl_view.obj
 0001:00013a4b       ?V_TestEntities@@YAXXZ     00414a4b f   cl_view.obj
 0001:00013b78       ?V_TestLights@@YAXXZ       00414b78 f   cl_view.obj
 0001:00013c4e       ?V_InitRenderer@@YAXXZ     00414c4e f   cl_view.obj
 0001:00014085       ?CalcFov@@YAMMMM@Z         00415085 f   cl_view.obj
 0001:000140f3       ?V_RenderView@@YA_NXZ      004150f3 f   cl_view.obj
 0001:00014e8d       ?V_Init@@YAXXZ             00415e8d f   cl_view.obj
 0001:00014f3c       ?Con_ClearNotify@@YAXXZ    00415f3c f   console.obj
 0001:00014f4b       ?Con_CheckResize@@YAXXZ    00415f4b f   console.obj
 0001:00015072       ?Write@COutputDeviceCon@@UAEXPBD@Z 00416072 f   console.obj
 0001:00015278       ?Con_DrawNotify@@YAX_N@Z   00416278 f   console.obj
 0001:0001544e       ?Con_DrawConsole@@YAXM@Z   0041644e f   console.obj
 0001:00015702       ?Con_ClearTyping@@YAXXZ    00416702 f   console.obj
 0001:0001571b       ?Key_Console@@YAXHH@Z      0041671b f   console.obj
 0001:00015b68       ?Con_Init@@YAXXZ           00416b68 f   console.obj
 0001:00015cd6       ?Key_KeynumToString@@YAPBDH@Z 00416cd6 f   keys.obj
 0001:00015d9c       ?Draw@completeMenu_t@@UAEXXZ 00416d9c f i keys.obj
 0001:00015dcd       ?KeyDown@completeMenu_t@@UAEPBDH@Z 00416dcd f i keys.obj
 0001:00015df9       ?Init@completeMenu_t@@UAE_NXZ 00416df9 f i keys.obj
 0001:00015f20       ?CompleteMenuCallback@completeMenu_t@@SAXPAX@Z 00416f20 f i keys.obj
 0001:00015fb1       ?CompleteCommand@@YAXXZ    00416fb1 f   keys.obj
 0001:000166c2       ?Key_SetBinding@@YAXHPBD@Z 004176c2 f   keys.obj
 0001:00016702       ?Key_FindBinding@@YAHPBDPAHH@Z 00417702 f   keys.obj
 0001:00016750       ?Key_WriteBindings@@YAXPAVCOutputDevice@@@Z 00417750 f   keys.obj
 0001:0001679a       ?Key_Init@@YAXXZ           0041779a f   keys.obj
 0001:00016a7e       ?Key_Event@@YAXH_N@Z       00417a7e f   keys.obj
 0001:00016ddd       ?Key_ClearStates@@YAXXZ    00417ddd f   keys.obj
 0001:00016e12       ?M_ForceMenuOn@@YAXXZ      00417e12 f   menu.obj
 0001:00016e31       ?Draw@menuMain_t@@UAEXXZ   00417e31 f i menu.obj
 0001:00016f6d       ?KeyDown@menuMain_t@@UAEPBDH@Z 00417f6d f i menu.obj
 0001:0001702e       ?Init@menuMain_t@@UAE_NXZ  0041802e f i menu.obj
 0001:00017036       ?M_Menu_Main_f@@YAXXZ      00418036 f   menu.obj
 0001:00017050       ?Init@multiplayerMenu_t@@UAE_NXZ 00418050 f i menu.obj
 0001:00017174       ?Init@keysMenu_t@@UAE_NXZ  00418174 f i menu.obj
 0001:00017362       ?KeyCursorDrawFunc@keysMenu_t@@SAXPAUmenuFramework_t@@@Z 00418362 f i menu.obj
 0001:000173a5       ?DrawKeyBindingFunc@keysMenu_t@@SAXPAX@Z 004183a5 f i menu.obj
 0001:0001746c       ?KeyDown@keysMenu_t@@UAEPBDH@Z 0041846c f i menu.obj
 0001:00017519       ?UnbindCommand@keysMenu_t@@QAEXPAD@Z 00418519 f i menu.obj
 0001:0001755e       ?KeyBindingFunc@keysMenu_t@@QAEXPAX@Z 0041855e f i menu.obj
 0001:000175c0       ?Init@optionsMenu_t@@UAE_NXZ 004185c0 f i menu.obj
 0001:00017973       ?CrosshairFunc@optionsMenu_t@@SAXPAX@Z 00418973 f i menu.obj
 0001:0001799b       ?JoystickFunc@optionsMenu_t@@SAXPAX@Z 0041899b f i menu.obj
 0001:000179b0       ?AlwaysRunFunc@optionsMenu_t@@SAXPAX@Z 004189b0 f i menu.obj
 0001:000179c5       ?MouseSpeedFunc@optionsMenu_t@@SAXPAX@Z 004189c5 f i menu.obj
 0001:000179e2       ?InvertMouseFunc@optionsMenu_t@@SAXPAX@Z 004189e2 f i menu.obj
 0001:00017a1b       ?UpdateVolumeFunc@optionsMenu_t@@SAXPAX@Z 00418a1b f i menu.obj
 0001:00017a38       ?UpdateCDVolumeFunc@optionsMenu_t@@SAXPAX@Z 00418a38 f i menu.obj
 0001:00017a52       ?SetMenuItemValues@optionsMenu_t@@SAXXZ 00418a52 f i menu.obj
 0001:00017b9a       ?ResetDefaultsFunc@optionsMenu_t@@SAXPAX@Z 00418b9a f i menu.obj
 0001:00017baf       ?UpdateSoundFunc@optionsMenu_t@@SAXPAX@Z 00418baf f i menu.obj
 0001:00017db3       ?ScanCrosshairs@optionsMenu_t@@SAXXZ 00418db3 f i menu.obj
 0001:00017e10       ?Draw@optionsMenu_t@@UAEXXZ 00418e10 f i menu.obj
 0001:00017e75       ?Draw@creditsMenu_t@@UAEXXZ 00418e75 f i menu.obj
 0001:00017f1c       ?KeyDown@creditsMenu_t@@UAEPBDH@Z 00418f1c f i menu.obj
 0001:00017f5c       ?Init@creditsMenu_t@@UAE_NXZ 00418f5c f i menu.obj
 0001:00017fdd       ?Init@gameMenu_t@@UAE_NXZ  00418fdd f i menu.obj
 0001:00018168       ?EasyGameFunc@gameMenu_t@@SAXPAX@Z 00419168 f i menu.obj
 0001:00018174       ?StartGame@gameMenu_t@@SAXPBD@Z 00419174 f i menu.obj
 0001:000181cf       ?MediumGameFunc@gameMenu_t@@SAXPAX@Z 004191cf f i menu.obj
 0001:000181db       ?HardGameFunc@gameMenu_t@@SAXPAX@Z 004191db f i menu.obj
 0001:000181f7       ?Init@savegameMenu_t@@UAE_NXZ 004191f7 f i menu.obj
 0001:00018307       ?Create_Savestrings@savegameMenu_t@@QAEXXZ 00419307 f i menu.obj
 0001:000183c7       ?LoadGameCallback@savegameMenu_t@@SAXPAX@Z 004193c7 f i menu.obj
 0001:000183f4       ?SaveGameCallback@savegameMenu_t@@SAXPAX@Z 004193f4 f i menu.obj
 0001:00018417       ?Draw@savegameMenu_t@@UAEXXZ 00419417 f i menu.obj
 0001:00018432       ?DrawSavegameShot@savegameMenu_t@@QAEXHH@Z 00419432 f i menu.obj
 0001:0001850d       ?Init@joinserverMenu_t@@UAE_NXZ 0041950d f i menu.obj
 0001:00018644       ?JoinServerFunc@joinserverMenu_t@@SAXPAX@Z 00419644 f i menu.obj
 0001:000186a9       ?SearchLocalGames@joinserverMenu_t@@SAXXZ 004196a9 f i menu.obj
 0001:00018714       ?M_AddToServerList@@YAXUnetadr_t@@PAD@Z 00419714 f   menu.obj
 0001:0001879f       ?Init@startserverMenu_t@@UAE_NXZ 0041979f f i menu.obj
 0001:00018c2d       ?DMOptionsFunc@startserverMenu_t@@SAXPAX@Z 00419c2d f i menu.obj
 0001:00018c3d       ?RulesChangeFunc@startserverMenu_t@@SAXPAX@Z 00419c3d f i menu.obj
 0001:00018cb5       ?StartServerActionFunc@startserverMenu_t@@SAXPAX@Z 00419cb5 f i menu.obj
 0001:00018ce0       ?StartServerFunc@startserverMenu_t@@SAXPAD@Z 00419ce0 f i menu.obj
 0001:00018f16       ?KeyDown@startserverMenu_t@@UAEPBDH@Z 00419f16 f i menu.obj
 0001:00018f75       ?Init@dmoptionsMenu_t@@UAE_NXZ 00419f75 f i menu.obj
 0001:00019552       ?DMFlagCallback@dmoptionsMenu_t@@SAXPAX@Z 0041a552 f i menu.obj
 0001:00019730       ?Init@downloadOptionsMenu_t@@UAE_NXZ 0041a730 f i menu.obj
 0001:0001990a       ?DownloadCallback@downloadOptionsMenu_t@@SAXPAX@Z 0041a90a f i menu.obj
 0001:00019978       ?Init@addressBookMenu_t@@UAE_NXZ 0041a978 f i menu.obj
 0001:00019a1e       ?KeyDown@addressBookMenu_t@@UAEPBDH@Z 0041aa1e f i menu.obj
 0001:00019a7d       ?Init@playerConfigMenu_t@@UAE_NXZ 0041aa7d f i menu.obj
 0001:00019fc4       ?HandednessCallback@playerConfigMenu_t@@SAXPAX@Z 0041afc4 f i menu.obj
 0001:00019fd9       ?RTypeCallback@playerConfigMenu_t@@SAXPAX@Z 0041afd9 f i menu.obj
 0001:00019fee       ?RColorCallback@playerConfigMenu_t@@SAXPAX@Z 0041afee f i menu.obj
 0001:0001a003       ?RateCallback@playerConfigMenu_t@@SAXPAX@Z 0041b003 f i menu.obj
 0001:0001a026       ?ModelCallback@playerConfigMenu_t@@SAXPAX@Z 0041b026 f i menu.obj
 0001:0001a05a       ?SkinCallback@playerConfigMenu_t@@SAXPAX@Z 0041b05a f i menu.obj
 0001:0001a062       ?Draw@playerConfigMenu_t@@UAEXXZ 0041b062 f i menu.obj
 0001:0001a344       ?KeyDown@playerConfigMenu_t@@UAEPBDH@Z 0041b344 f i menu.obj
 0001:0001a424       ?Init@dmbrowseMenu_t@@UAE_NXZ 0041b424 f i menu.obj
 0001:0001a62d       ?KeyDown@dmbrowseMenu_t@@UAEPBDH@Z 0041b62d f i menu.obj
 0001:0001a805       ?Draw@dmbrowseMenu_t@@UAEXXZ 0041b805 f i menu.obj
 0001:0001a952       ?DrawThumbnail@dmbrowseMenu_t@@SAXHHHHPAD_N@Z 0041b952 f i menu.obj
 0001:0001aa2c       ?Init@videoMenu_t@@UAE_NXZ 0041ba2c f i menu.obj
 0001:0001b005       ?ScreenSizeCallback@videoMenu_t@@SAXPAX@Z 0041c005 f i menu.obj
 0001:0001b026       ?BrightnessCallback@videoMenu_t@@SAXPAX@Z 0041c026 f i menu.obj
 0001:0001b047       ?ContrastCallback@videoMenu_t@@SAXPAX@Z 0041c047 f i menu.obj
 0001:0001b083       ?CancelChanges@videoMenu_t@@SAXPAX@Z 0041c083 f i menu.obj
 0001:0001b0d0       ?KeyDown@videoMenu_t@@UAEPBDH@Z 0041c0d0 f i menu.obj
 0001:0001b119       ?ApplyChanges@videoMenu_t@@SAXPAX@Z 0041c119 f i menu.obj
 0001:0001b2d0       ?KeyDown@quitMenu_t@@UAEPBDH@Z 0041c2d0 f i menu.obj
 0001:0001b30d       ?Draw@quitMenu_t@@UAEXXZ   0041c30d f i menu.obj
 0001:0001b37d       ?M_Init@@YAXXZ             0041c37d f   menu.obj
 0001:0001b55f       ?ItemAtCursor@menuFramework_t@@QAEPAUmenuCommon_t@@XZ 0041c55f f   qmenu.obj
 0001:0001b5b3       ?AddItem@menuFramework_t@@QAEXPAUmenuCommon_t@@@Z 0041c5b3 f   qmenu.obj
 0001:0001b66f       ?AdjustCursor@menuFramework_t@@QAEXH@Z 0041c66f f   qmenu.obj
 0001:0001b7e7       ?Center@menuFramework_t@@QAEXXZ 0041c7e7 f   qmenu.obj
 0001:0001b828       ?Draw@menuFramework_t@@UAEXXZ 0041c828 f   qmenu.obj
 0001:0001be00       ?SelectItem@menuFramework_t@@QAE_NXZ 0041ce00 f   qmenu.obj
 0001:0001be65       ?SetStatusBar@menuFramework_t@@QAEXPBD@Z 0041ce65 f   qmenu.obj
 0001:0001be72       ?SlideItem@menuFramework_t@@QAEXH@Z 0041ce72 f   qmenu.obj
 0001:0001c410       ?Push@menuFramework_t@@QAEXXZ 0041d410 f   qmenu.obj
 0001:0001c48f       ?M_ForceMenuOff@@YAXXZ     0041d48f f   qmenu.obj
 0001:0001c4bc       ?Pop@menuFramework_t@@QAEXXZ 0041d4bc f   qmenu.obj
 0001:0001c4f6       ?KeyDown@menuFramework_t@@UAEPBDH@Z 0041d4f6 f   qmenu.obj
 0001:0001c76e       ?Init@menuFramework_t@@UAE_NXZ 0041d76e f   qmenu.obj
 0001:0001c771       ?M_Draw@@YAXXZ             0041d771 f   qmenu.obj
 0001:0001c7ac       ?M_Keydown@@YAXH@Z         0041d7ac f   qmenu.obj
 0001:0001c7ce       ?InitRendererVars@@YAXXZ   0041d7ce f   ref_vars.obj
 0001:0001c7ed       ?S_SoundInfo_f@@YAXXZ      0041d7ed f   snd_dma.obj
 0001:0001c867       ?S_Init@@YAXXZ             0041d867 f   snd_dma.obj
 0001:0001c939       ?S_Shutdown@@YAXXZ         0041d939 f   snd_dma.obj
 0001:0001c9cc       ?S_BeginRegistration@@YAXXZ 0041d9cc f   snd_dma.obj
 0001:0001c9da       ?S_RegisterSound@@YAPAUsfx_t@@PBD@Z 0041d9da f   snd_dma.obj
 0001:0001cb85       ?S_EndRegistration@@YAXXZ  0041db85 f   snd_dma.obj
 0001:0001cc0e       ?S_PickChannel@@YAPAUchannel_t@@HH@Z 0041dc0e f   snd_dma.obj
 0001:0001cc9c       ?S_Spatialize@@YAXPAUchannel_t@@@Z 0041dc9c f   snd_dma.obj
 0001:0001ce7e       ?S_AllocPlaysound@@YAPAUplaysound_t@@XZ 0041de7e f   snd_dma.obj
 0001:0001cea0       ?S_FreePlaysound@@YAXPAUplaysound_t@@@Z 0041dea0 f   snd_dma.obj
 0001:0001ced3       ?S_IssuePlaysound@@YAXPAUplaysound_t@@@Z 0041ded3 f   snd_dma.obj
 0001:0001cfa4       ?S_StartSound@@YAXPBUCVec3@@HHPAUsfx_t@@MMM@Z 0041dfa4 f   snd_dma.obj
 0001:0001d365       ?S_StartLocalSound@@YAXPBD@Z 0041e365 f   snd_dma.obj
 0001:0001d3b7       ?S_ClearBuffer@@YAXXZ      0041e3b7 f   snd_dma.obj
 0001:0001d420       ?S_StopAllSounds_f@@YAXXZ  0041e420 f   snd_dma.obj
 0001:0001d490       ?S_AddLoopSounds@@YAXXZ    0041e490 f   snd_dma.obj
 0001:0001d666       ?S_RawSamples@@YAXHHHHPAE@Z 0041e666 f   snd_dma.obj
 0001:0001d86a       ?S_Update@@YAXABUCVec3@@0@Z 0041e86a f   snd_dma.obj
 0001:0001d940       ?GetSoundtime@@YAXXZ       0041e940 f   snd_dma.obj
 0001:0001d9a7       ?S_Update_@@YAXXZ          0041e9a7 f   snd_dma.obj
 0001:0001dc5a       ?S_LoadSound@@YAPAUsfxcache_t@@PAUsfx_t@@@Z 0041ec5a f   snd_mem.obj
 0001:0001e1eb       ?S_WriteLinearBlastStereo16@@YAXXZ 0041f1eb f   snd_mix.obj
 0001:0001e255       ?S_TransferStereo16@@YAXPAKH@Z 0041f255 f   snd_mix.obj
 0001:0001e2c0       ?S_TransferPaintBuffer@@YAXH@Z 0041f2c0 f   snd_mix.obj
 0001:0001e424       ?S_PaintChannels@@YAXH@Z   0041f424 f   snd_mix.obj
 0001:0001e6a0       ?S_InitScaletable@@YAXXZ   0041f6a0 f   snd_mix.obj
 0001:0001e7e5       ?SV_ComputeAnimation@@YAXPAUplayer_state_t@@AAUentityStateEx_t@@PAU2@PAUedict_s@@@Z 0041f7e5 f   sv_anim.obj
 0001:0001eca2       ?SV_ReadLevelFile@@YAXXZ   0041fca2 f   sv_ccmds.obj
 0001:0001ed50       ?SV_AddressBanned@@YA_NPAUnetadr_t@@@Z 0041fd50 f   sv_ccmds.obj
 0001:0001ed94       ?SV_InitCommands@@YAXXZ    0041fd94 f   sv_ccmds.obj
 0001:0002021a       ?sprintf@?$TString@$0CI@@@QAAHPBDZZ 0042121a f i sv_ccmds.obj
 0001:00020234       ?SV_WriteFrameToClient@@YAXPAUclient_t@@PAVsizebuf_t@@@Z 00421234 f   sv_ents.obj
 0001:00020987       ?SV_RecordDemoMessage@@YAXXZ 00421987 f   sv_ents.obj
 0001:00020b55       ?SV_MulticastOld@@YAXABUCVec3@@W4multicast_t@@@Z 00421b55 f i sv_game.obj
 0001:00020b6a       ?SV_StartSoundOld@@YAXPBUCVec3@@PAUedict_s@@HHMMM@Z 00421b6a f i sv_game.obj
 0001:000215e0       ?SV_InitGameLibrary@@YAX_N@Z 004225e0 f   sv_game.obj
 0001:000218d5       ?SV_ShutdownGameLibrary@@YAXXZ 004228d5 f   sv_game.obj
 0001:00021a32       ?SV_FindIndex@@YAHPBDHH_N@Z 00422a32 f   sv_init.obj
 0001:00021b49       ?SV_ModelIndex@@YAHPBD@Z   00422b49 f   sv_init.obj
 0001:00021b62       ?SV_SoundIndex@@YAHPBD@Z   00422b62 f   sv_init.obj
 0001:00021b7e       ?SV_ImageIndex@@YAHPBD@Z   00422b7e f   sv_init.obj
 0001:00021b9a       ?SV_CreateBaseline@@YAXXZ  00422b9a f   sv_init.obj
 0001:00021c17       ?SV_SpawnServer@@YAXPAD0W4server_state_t@@_N2@Z 00422c17 f   sv_init.obj
 0001:00021f87       ?SV_InitGame@@YAXXZ        00422f87 f   sv_init.obj
 0001:000221b0       ?SV_Map@@YAX_NPBD0@Z       004231b0 f   sv_init.obj
 0001:00022375       ?SV_DropClient@@YAXPAUclient_t@@PAD@Z 00423375 f   sv_main.obj
 0001:00022daa       ??0COutputDeviceMem@@QAE@H@Z 00423daa f i sv_main.obj
 0001:00022ddb       ?Write@COutputDeviceMem@@UAEXPBD@Z 00423ddb f i sv_main.obj
 0001:00022e62       ??_GCOutputDeviceMem@@UAEPAXI@Z 00423e62 f i sv_main.obj
 0001:00022e62       ??_ECOutputDeviceMem@@UAEPAXI@Z 00423e62 f i sv_main.obj
 0001:00022e81       ??1COutputDeviceMem@@UAE@XZ 00423e81 f i sv_main.obj
 0001:00022ea0       ?SV_CalcPings@@YAXXZ       00423ea0 f   sv_main.obj
 0001:00022f27       ?SV_GiveMsec@@YAXXZ        00423f27 f   sv_main.obj
 0001:00022f66       ?SV_ReadPackets@@YAXXZ     00423f66 f   sv_main.obj
 0001:00023179       ?SV_CheckTimeouts@@YAXXZ   00424179 f   sv_main.obj
 0001:0002328a       ?SV_PostprocessFrame@@YAXXZ 0042428a f   sv_main.obj
 0001:00023766       ?SV_MulticastHook@@YAPAVsizebuf_t@@PAV1@0@Z 00424766 f   sv_main.obj
 0001:00023b56       ?SV_TraceHook@@YAXAAUtrace0_t@@ABUCVec3@@PBU2@21PAUedict_s@@H@Z 00424b56 f   sv_main.obj
 0001:00023ce4       ?SV_Frame@@YAXM@Z          00424ce4 f   sv_main.obj
 0001:00023fa1       ?SV_UserinfoChanged@@YAXPAUclient_t@@@Z 00424fa1 f   sv_main.obj
 0001:00024063       ?SV_InitVars@@YAXXZ        00425063 f   sv_main.obj
 0001:00024072       ?SV_Init@@YAXXZ            00425072 f   sv_main.obj
 0001:000240cb       ?SV_Shutdown@@YAXPBD_N@Z   004250cb f   sv_main.obj
 0001:000242d8       ?SV_ClientPrintf@@YAXPAUclient_t@@HPBDZZ 004252d8 f   sv_send.obj
 0001:00024333       ?SV_BroadcastPrintf@@YAXHPBDZZ 00425333 f   sv_send.obj
 0001:00024409       ?SV_BroadcastCommand@@YAXPBDZZ 00425409 f   sv_send.obj
 0001:00024463       ?SV_Multicast@@YAXABUCVec3@@W4multicast_t@@_N@Z 00425463 f   sv_send.obj
 0001:00024676       ?SV_StartSound@@YAXPBUCVec3@@PAUedict_s@@HHMMM_N@Z 00425676 f   sv_send.obj
 0001:0002490f       ?SV_SendClientDatagram@@YA_NPAUclient_t@@@Z 0042590f f   sv_send.obj
 0001:000249d1       ?SV_DemoCompleted@@YAXXZ   004259d1 f   sv_send.obj
 0001:000249ed       ?SV_SendClientMessages@@YAXXZ 004259ed f   sv_send.obj
 0001:00024ba0       ?SV_DrawText3D@@YAXABUCVec3@@PBDI@Z 00425ba0 f   sv_text.obj
 0001:00024bd8       ?SV_ClearTexts@@YAXXZ      00425bd8 f   sv_text.obj
 0001:00024be0       ?SV_DrawTexts@@YAXXZ       00425be0 f   sv_text.obj
 0001:00024c35       ??0?$TTextContainer@UCSVText@@$0BAAAA@@@QAE@XZ 00425c35 f i sv_text.obj
 0001:00024c5a       ?SV_TokenizeString@@YAXPBD@Z 00425c5a f   sv_tokenize.obj
 0001:00024d31       ?SV_Argc@@YAHXZ            00425d31 f   sv_tokenize.obj
 0001:00024d37       ?SV_Argv@@YAPADH@Z         00425d37 f   sv_tokenize.obj
 0001:00024d55       ?SV_Args@@YAPADXZ          00425d55 f   sv_tokenize.obj
 0001:00025625       ?SV_Nextserver@@YAXXZ      00426625 f   sv_user.obj
 0001:000256b9       ?SV_ClientThink@@YAXPAUclient_t@@PAUusercmd_t@@@Z 004266b9 f   sv_user.obj
 0001:0002574a       ?SV_ExecuteClientMessage@@YAXPAUclient_t@@@Z 0042674a f   sv_user.obj
 0001:00025a9a       ?SV_ClearWorld@@YAXXZ      00426a9a f   sv_world.obj
 0001:00025bd8       ?SV_UnlinkEdict@@YAXPAUedict_s@@@Z 00426bd8 f   sv_world.obj
 0001:00025c9e       ?SV_LinkEdict@@YAXPAUedict_s@@@Z 00426c9e f   sv_world.obj
 0001:000262be       ?SV_AreaEdicts@@YAHABUCVec3@@0PAPAUedict_s@@HH@Z 004272be f   sv_world.obj
 0001:0002645c       ?SV_PointContents@@YAHABUCVec3@@@Z 0042745c f   sv_world.obj
 0001:00026582       ?SV_Trace@@YAXAAUtrace_t@@ABUCVec3@@1ABUCBox@@PAUedict_s@@H@Z 00427582 f   sv_world.obj
 0001:000269ff       ?InitByteDirs@@YAXXZ       004279ff f   anorms.obj
 0001:00026a3e       ?Cbuf_AddText@@YAXPBD@Z    00427a3e f   cmd.obj
 0001:00026aa4       ?Cbuf_CopyToDefer@@YAXXZ   00427aa4 f   cmd.obj
 0001:00026aec       ?Cbuf_InsertFromDefer@@YAXXZ 00427aec f   cmd.obj
 0001:00026ba8       ?Cbuf_Execute@@YAXXZ       00427ba8 f   cmd.obj
 0001:00026cb8       ?Cmd_Unalias_f@@YAX_NHPAPAD@Z 00427cb8 f   cmd.obj
 0001:00026d30       ?Cmd_WriteAliases@@YAXPAVCOutputDevice@@@Z 00427d30 f   cmd.obj
 0001:00026d63       ?RegisterCommand@@YA_NPBDP6AXXZI@Z 00427d63 f   cmd.obj
 0001:00026e44       ?UnregisterCommand@@YA_NPBD@Z 00427e44 f   cmd.obj
 0001:00026ed5       ?ExecuteCommand@@YA_NPBD@Z 00427ed5 f   cmd.obj
 0001:00027318       ?ExecuteCommand@@YA_NPBDPBUCSimpleCommand@@H@Z 00428318 f   cmd.obj
 0001:0002775a       ?CM_LoadMap@@YAPAUcmodel_t@@PBD_NPAI@Z 0042875a f   cmodel.obj
 0001:00027e7c       ?SetSignbits@cplane_t@@QAEXXZ 00428e7c f i cmodel.obj
 0001:00027eb0       ?SetType@cplane_t@@QAEXXZ  00428eb0 f i cmodel.obj
 0001:00027f25       ?LoadLeafBrushes@@YAXPAGH@Z 00428f25 f i cmodel.obj
 0001:00028b95       ?CM_BuildBrush@@YAPAUCBrush@@HPAVCMemoryChain@@@Z 00429b95 f   cmodel.obj
 0001:00028c67       ?CM_InlineModel@@YAPAUcmodel_t@@PBD@Z 00429c67 f   cmodel.obj
 0001:00028c92       ?CM_InlineModel@@YAPAUcmodel_t@@H@Z 00429c92 f   cmodel.obj
 0001:00028cba       ?CM_NumClusters@@YAHXZ     00429cba f   cmodel.obj
 0001:00028ccb       ?CM_NumInlineModels@@YAHXZ 00429ccb f   cmodel.obj
 0001:00028cd1       ?CM_EntityString@@YAPBDXZ  00429cd1 f   cmodel.obj
 0001:00028cd7       ?CM_LeafContents@@YAHH@Z   00429cd7 f   cmodel.obj
 0001:00028d01       ?CM_LeafCluster@@YAHH@Z    00429d01 f   cmodel.obj
 0001:00028d77       ?CM_LeafArea@@YAHH@Z       00429d77 f   cmodel.obj
 0001:00028ee5       ?CM_HeadnodeForBox@@YAHABUCBox@@@Z 00429ee5 f   cmodel.obj
 0001:00028f68       ?CM_PointLeafnum@@YAHABUCVec3@@H@Z 00429f68 f   cmodel.obj
 0001:0002900b       ?DistanceTo@cplane_t@@QBEMABUCVec3@@@Z 0042a00b f i cmodel.obj
 0001:00029050       ?CM_PointContents@@YAHABUCVec3@@H@Z 0042a050 f   cmodel.obj
 0001:000290c3       ?CM_TransformedPointContents@@YAHABUCVec3@@H00@Z 0042a0c3 f   cmodel.obj
 0001:000291a4       ?CM_TransformedPointContents@@YAHABUCVec3@@H0ABUCAxis@@@Z 0042a1a4 f   cmodel.obj
 0001:0002924f       ?CM_BoxLeafnums@@YAHABUCBox@@PAHH1H@Z 0042a24f f   cmodel.obj
 0001:00029362       ?BOX_ON_PLANE_SIDE@@YAHABUCBox@@ABUcplane_t@@@Z 0042a362 f i cmodel.obj
 0001:000293cd       ?CM_BoxTrace@@YAXAAUtrace_t@@ABUCVec3@@1ABUCBox@@HI@Z 0042a3cd f   cmodel.obj
 0001:0002a13a       ?CM_TransformedBoxTrace@@YAXAAUtrace_t@@ABUCVec3@@1ABUCBox@@HI11@Z 0042b13a f   cmodel.obj
 0001:0002a2ad       ?CM_TransformedBoxTrace@@YAXAAUtrace_t@@ABUCVec3@@1ABUCBox@@HI1ABUCAxis@@@Z 0042b2ad f   cmodel.obj
 0001:0002a36a       ?CM_CombineTrace@@YA_NAAUtrace_t@@ABU1@@Z 0042b36a f   cmodel.obj
 0001:0002a3b7       ?CM_ClipTraceToModels@@YAXAAUtrace_t@@ABUCVec3@@1ABUCBox@@I@Z 0042b3b7 f   cmodel.obj
 0001:0002a4b9       ?CM_PointModelContents@@YAHABUCVec3@@@Z 0042b4b9 f   cmodel.obj
 0001:0002a513       ?CM_BrushTrace@@YAHABUCVec3@@0PAHH@Z 0042b513 f   cmodel.obj
 0001:0002a903       ?CM_RefineBrushTrace@@YAHABUCVec3@@0PAHH@Z 0042b903 f   cmodel.obj
 0001:0002a9a9       ?CM_ClusterPVS@@YAPBEH@Z   0042b9a9 f   cmodel.obj
 0001:0002aae7       ?CM_SetAreaPortalState@@YAXH_N@Z 0042bae7 f   cmodel.obj
 0001:0002ab0f       ?CM_AreasConnected@@YA_NHH@Z 0042bb0f f   cmodel.obj
 0001:0002ab56       ?CM_WriteAreaBits@@YAHPAEH@Z 0042bb56 f   cmodel.obj
 0001:0002abf8       ?CM_WritePortalState@@YAXPAU_iobuf@@@Z 0042bbf8 f   cmodel.obj
 0001:0002ac15       ?CM_ReadPortalState@@YAXPAU_iobuf@@@Z 0042bc15 f   cmodel.obj
 0001:0002ac37       ?CM_HeadnodeVisible@@YA_NHPBE@Z 0042bc37 f   cmodel.obj
 0001:0002ad12       ?Com_DPrintf@@YAXPBDZZ     0042bd12 f   common.obj
 0001:0002ad8b       ?DebugPrintf@@YAXPBDZZ     0042bd8b f   common.obj
 0001:0002ae3a       ?IPWildcard@@YA_NPAUnetadr_t@@PBD@Z 0042be3a f   common.obj
 0001:0002af14       ?Com_ServerState@@YA?AW4server_state_t@@XZ 0042bf14 f   common.obj
 0001:0002af1a       ?Com_SetServerState@@YAXW4server_state_t@@@Z 0042bf1a f   common.obj
 0001:0002af27       ?crand@@YAMXZ              0042bf27 f   common.obj
 0001:0002af45       ?Info_ValueForKey@@YAPBDPBD0@Z 0042bf45 f   common.obj
 0001:0002afc4       ?Info_SetValueForKey@@YAXPADPBD1@Z 0042bfc4 f   common.obj
 0001:0002b0fb       ?Info_Print@@YAXPBD@Z      0042c0fb f   common.obj
 0001:0002b181       ?Com_CheckCmdlineVar@@YA_NPBD@Z 0042c181 f   common.obj
 0001:0002b1da       ?Com_Init@@YAXPBD@Z        0042c1da f   common.obj
 0001:0002b581       ?Com_Frame@@YAXM@Z         0042c581 f   common.obj
 0001:0002b995       ?Com_BlockSequenceCRCByte@@YAEPAEHH@Z 0042c995 f   crc.obj
 0001:0002ba4d       ?Cvar_VariableValue@@YAMPBD@Z 0042ca4d f   cvar.obj
 0001:0002bac4       ?Cvar_VariableInt@@YAHPBD@Z 0042cac4 f   cvar.obj
 0001:0002badb       ?Cvar_VariableString@@YAPBDPBD@Z 0042cadb f   cvar.obj
 0001:0002baf7       ?Cvar_Get@@YAPAUcvar_t@@PBD0H@Z 0042caf7 f   cvar.obj
 0001:0002bdc4       ?Cvar_GetVars@@YAXPBUcvarInfo_t@@H@Z 0042cdc4 f   cvar.obj
 0001:0002be6e       ?Cvar_FullSet@@YAXPAUcvar_t@@PBDI@Z 0042ce6e f   cvar.obj
 0001:0002be8e       ?Cvar_FullSet@@YAPAUcvar_t@@PBD0I@Z 0042ce8e f   cvar.obj
 0001:0002bece       ?Cvar_SetValue@@YAPAUcvar_t@@PBDM@Z 0042cece f   cvar.obj
 0001:0002c067       ?Cvar_SetInteger@@YAPAUcvar_t@@PBDH@Z 0042d067 f   cvar.obj
 0001:0002c08b       ?Cvar_Set@@YAPAUcvar_t@@PBD0@Z 0042d08b f   cvar.obj
 0001:0002c0a2       ?Cvar_ForceSet@@YAPAUcvar_t@@PBD0@Z 0042d0a2 f   cvar.obj
 0001:0002c0b9       ?Cvar_Clamp@@YAMPAUcvar_t@@MM@Z 0042d0b9 f   cvar.obj
 0001:0002c117       ?Cvar_Command@@YA_NHPAPAD@Z 0042d117 f   cvar.obj
 0001:0002c1b2       ?IsDefault@cvar_t@@QAE_NXZ 0042d1b2 f i cvar.obj
 0001:0002c1cf       ?Cvar_WriteVariables@@YAXPAVCOutputDevice@@HHPBD@Z 0042d1cf f   cvar.obj
 0001:0002c255       ?Cvar_BitInfo@@YAPBDI@Z    0042d255 f   cvar.obj
 0001:0002c2a7       ?Cvar_Cheats@@YAX_N@Z      0042d2a7 f   cvar.obj
 0001:0002cb1e       ?MSG_WriteDeltaEntity@@YAXPAVsizebuf_t@@PBUentityStateEx_t@@PAU2@_N33@Z 0042db1e f   entdelta.obj
 0001:0002d0da       ?MSG_WriteRemoveEntity@@YAXPAVsizebuf_t@@H@Z 0042e0da f   entdelta.obj
 0001:0002d11a       ?MSG_ReadEntityBits@@YAHPAVsizebuf_t@@PAIPA_N@Z 0042e11a f   entdelta.obj
 0001:0002d18c       ?MSG_ReadDeltaEntity@@YAXPAVsizebuf_t@@PBUentityStateEx_t@@PAU2@I@Z 0042e18c f   entdelta.obj
 0001:0002d20f       ?MSG_WriteDeltaUsercmd@@YAXPAVsizebuf_t@@PBUusercmd_t@@PAU2@@Z 0042e20f f   entdelta.obj
 0001:0002d29e       ?MSG_ReadDeltaUsercmd@@YAXPAVsizebuf_t@@PBUusercmd_t@@PAU2@@Z 0042e29e f   entdelta.obj
 0001:0002d5a1       ?MSG_WriteDeltaPlayerstate@@YAXPAVsizebuf_t@@PBUplayer_state_t@@PAU2@@Z 0042e5a1 f   entdelta.obj
 0001:0002d6aa       ?MSG_ReadDeltaPlayerstate@@YAXPAVsizebuf_t@@PBUplayer_state_t@@PAU2@@Z 0042e6aa f   entdelta.obj
 0001:0002d764       ?LoadPCX@@YAPAEPBDAAH1AAPAE@Z 0042e764 f   images.obj
 0001:0002d89f       ?LoadTGA@@YAPAEPBDAAH1@Z   0042e89f f   images.obj
 0001:0002db6c       ?LoadJPG@@YAPAEPBDAAH1@Z   0042eb6c f   images.obj
 0001:0002de20       ?ImageExists@@YAHPBDH@Z    0042ee20 f   images.obj
 0001:0002df44       ?WriteTGA@@YA_NPBDPAEHH@Z  0042ef44 f   images.obj
 0001:0002e138       ?WriteJPG@@YA_NPBDPAEHH_N@Z 0042f138 f   images.obj
 0001:0002e269       ?MD4Init@@YAXPAUMD4_CTX@@@Z 0042f269 f   md4.obj
 0001:0002e291       ?MD4Update@@YAXPAUMD4_CTX@@PAEI@Z 0042f291 f   md4.obj
 0001:0002e32f       ?MD4Final@@YAXQAEPAUMD4_CTX@@@Z 0042f32f f   md4.obj
 0001:0002ea20       ?Com_BlockChecksum@@YAIPAXH@Z 0042fa20 f   md4.obj
 0001:0002ea5c       ?LoadQ2BspFile@@YAXXZ      0042fa5c f   model.obj
 0001:0002efa1       ?LoadQ1BspFile@@YAXXZ      0042ffa1 f   model.obj
 0001:0002f31f       ?LoadBspFile@@YAPAUbspfile_t@@PBD_NPAI@Z 0043031f f   model.obj
 0001:00030bcd       ?Init@sizebuf_t@@QAEXPAXH@Z 00431bcd f   msg.obj
 0001:00030bea       ?Write@sizebuf_t@@QAEXPBXH@Z 00431bea f   msg.obj
 0001:00030c5c       ?MSG_WriteChar@@YAXPAVsizebuf_t@@H@Z 00431c5c f   msg.obj
 0001:00030c5c       ?MSG_WriteByte@@YAXPAVsizebuf_t@@H@Z 00431c5c f   msg.obj
 0001:00030c6f       ?MSG_WriteShort@@YAXPAVsizebuf_t@@H@Z 00431c6f f   msg.obj
 0001:00030c82       ?MSG_WriteLong@@YAXPAVsizebuf_t@@H@Z 00431c82 f   msg.obj
 0001:00030c95       ?MSG_WriteFloat@@YAXPAVsizebuf_t@@M@Z 00431c95 f   msg.obj
 0001:00030ca8       ?MSG_WriteString@@YAXPAVsizebuf_t@@PBD@Z 00431ca8 f   msg.obj
 0001:00030cd2       ?MSG_WritePos@@YAXPAVsizebuf_t@@ABUCVec3@@@Z 00431cd2 f   msg.obj
 0001:00030d36       ?MSG_WriteAngle@@YAXPAVsizebuf_t@@M@Z 00431d36 f   msg.obj
 0001:00030d61       ?MSG_WriteAngle16@@YAXPAVsizebuf_t@@M@Z 00431d61 f   msg.obj
 0001:00030d8c       ?MSG_WriteDir@@YAXPAVsizebuf_t@@ABUCVec3@@@Z 00431d8c f   msg.obj
 0001:00030df4       ?MSG_ReadDir@@YAXPAVsizebuf_t@@AAUCVec3@@@Z 00431df4 f   msg.obj
 0001:00030e27       ?MSG_ReadChar@@YAHPAVsizebuf_t@@@Z 00431e27 f   msg.obj
 0001:00030e4a       ?MSG_ReadByte@@YAHPAVsizebuf_t@@@Z 00431e4a f   msg.obj
 0001:00030e6d       ?MSG_ReadShort@@YAHPAVsizebuf_t@@@Z 00431e6d f   msg.obj
 0001:00030e90       ?MSG_ReadLong@@YAHPAVsizebuf_t@@@Z 00431e90 f   msg.obj
 0001:00030eb2       ?MSG_ReadString@@YAPADPAVsizebuf_t@@@Z 00431eb2 f   msg.obj
 0001:00030ee8       ?MSG_ReadPos@@YAXPAVsizebuf_t@@AAUCVec3@@@Z 00431ee8 f   msg.obj
 0001:00030f3a       ?MSG_ReadAngle@@YAMPAVsizebuf_t@@@Z 00431f3a f   msg.obj
 0001:00030f54       ?MSG_ReadAngle16@@YAMPAVsizebuf_t@@@Z 00431f54 f   msg.obj
 0001:00030f6e       ?MSG_ReadData@@YAXPAVsizebuf_t@@PAXH@Z 00431f6e f   msg.obj
 0001:00030f91       ?Netchan_Init@@YAXXZ       00431f91 f   net_chan.obj
 0001:00031000       ?Netchan_OutOfBandPrint@@YAXW4netsrc_t@@Unetadr_t@@PBDZZ 00432000 f   net_chan.obj
 0001:00031085       ?Setup@netchan_t@@QAEXW4netsrc_t@@Unetadr_t@@H@Z 00432085 f   net_chan.obj
 0001:000310db       ?NeedReliable@netchan_t@@QAE_NXZ 004320db f   net_chan.obj
 0001:00031100       ?Transmit@netchan_t@@QAEXPAXH@Z 00432100 f   net_chan.obj
 0001:00031296       ?Process@netchan_t@@QAE_NPAVsizebuf_t@@@Z 00432296 f   net_chan.obj
 0001:000313c3       ?Pmove@@YAXPAUpmove_t@@@Z  004323c3 f   pmove.obj
 0001:00033024       ?NormalizeColor@@YAMABUCVec3@@AAU1@@Z 00434024 f   q_shared2.obj
 0001:00033082       ?NormalizeColor255@@YAMABUCVec3@@AAU1@@Z 00434082 f   q_shared2.obj
 0001:000330e4       ?appRsqrt@@YAMM@Z          004340e4 f   q_shared2.obj
 0001:00033110       ?AngleVectors@@YAXABUCVec3@@PAU1@11@Z 00434110 f   q_shared2.obj
 0001:00033271       ?MakeNormalVectors@@YAXABUCVec3@@AAU1@1@Z 00434271 f   q_shared2.obj
 0001:000332e0       ?Vec2Angles@@YAXABUCVec3@@AAU1@@Z 004342e0 f   q_shared2.obj
 0001:000333e3       ?Vec2Yaw@@YAMABUCVec3@@@Z  004343e3 f   q_shared2.obj
 0001:00033456       ?VectorLength@@YAMABUCVec3@@@Z 00434456 f   q_shared2.obj
 0001:00033488       ?VectorDistance@@YAMABUCVec3@@0@Z 00434488 f   q_shared2.obj
 0001:000334b9       ?LerpAngle@@YAMMMM@Z       004344b9 f   q_shared2.obj
 0001:000334fd       ?AngleMod@@YAMM@Z          004344fd f   q_shared2.obj
 0001:00033529       ?AngleSubtract@@YAMMM@Z    00434529 f   q_shared2.obj
 0001:00033562       ?AnglesSubtract@@YAXABUCVec3@@0AAU1@@Z 00434562 f   q_shared2.obj
 0001:000335bb       ?Normalize@CVec3@@QAEMXZ   004345bb f   q_shared2.obj
 0001:0003360d       ?VectorNormalize@@YAMABUCVec3@@AAU1@@Z 0043460d f   q_shared2.obj
 0001:00033677       ?NormalizeFast@CVec3@@QAEMXZ 00434677 f   q_shared2.obj
 0001:000336c8       ?cross@@YAXABUCVec3@@0AAU1@@Z 004346c8 f   q_shared2.obj
 0001:00033704       ?Clear@CBox@@QAEXXZ        00434704 f   q_shared2.obj
 0001:00033722       ?Expand@CBox@@QAEXABUCVec3@@@Z 00434722 f   q_shared2.obj
 0001:00033754       ?Expand@CBox@@QAEXABU1@@Z  00434754 f   q_shared2.obj
 0001:00033793       ?GetCenter@CBox@@QBEXAAUCVec3@@@Z 00434793 f   q_shared2.obj
 0001:000337b6       ?Contains@CBox@@QBE_NABUCVec3@@@Z 004347b6 f   q_shared2.obj
 0001:000337ea       ?Intersects@CBox@@QBE_NABU1@@Z 004347ea f   q_shared2.obj
 0001:00033829       ?OnPlaneSide@CBox@@QBEHABUcplane_t@@@Z 00434829 f   q_shared2.obj
 0001:00033958       ?FromAngles@CAxis@@QAEXABUCVec3@@@Z 00434958 f   q_shared2.obj
 0001:00033997       ?TransformVector@CAxis@@QBEXABUCVec3@@AAU2@@Z 00434997 f   q_shared2.obj
 0001:000339ea       ?UnTransformVector@CAxis@@QBEXABUCVec3@@AAU2@@Z 004349ea f   q_shared2.obj
 0001:00033a4e       ?TransformAxis@CAxis@@QBEXABU1@AAU1@@Z 00434a4e f   q_shared2.obj
 0001:00033a94       ?UnTransformAxis@CAxis@@QBEXABU1@AAU1@@Z 00434a94 f   q_shared2.obj
 0001:00033ada       ?TransformPoint@CCoords@@QBEXABUCVec3@@AAU2@@Z 00434ada f   q_shared2.obj
 0001:00033b3a       ?UnTransformPoint@CCoords@@QBEXABUCVec3@@AAU2@@Z 00434b3a f   q_shared2.obj
 0001:00033ba7       ?UnTransformCoords@CCoords@@QBEXABU1@AAU1@@Z 00434ba7 f   q_shared2.obj
 0001:00033bd3       ?TransformPlane@CCoords@@QBEXABUcplane_t@@AAU2@@Z 00434bd3 f   q_shared2.obj
 0001:00033c0d       ?TransformPoint@@YAXABUCVec3@@ABUCAxis@@0AAU1@@Z 00434c0d f   q_shared2.obj
 0001:00033c70       ?UnTransformPoint@@YAXABUCVec3@@ABUCAxis@@0AAU1@@Z 00434c70 f   q_shared2.obj
 0001:00033ce0       ?COM_Parse@@YAPADAAPBD_N@Z 00434ce0 f   q_shared2.obj
 0001:00033e02       ?COM_QuoteString@@YAPBDPBD_N@Z 00434e02 f   q_shared2.obj
 0001:00033e7b       ?FileExists@CQuakeFileSystem@@UAE_NPBDI@Z 00434e7b f i QuakeFileSystem.obj
 0001:00033ee2       ?CheckFilename@CQuakeFileSystem@@AAEXPBD@Z 00434ee2 f i QuakeFileSystem.obj
 0001:00033f81       ?OpenFile@CQuakeFileSystem@@UAEPAVCFile@@PBDI@Z 00434f81 f i QuakeFileSystem.obj
 0001:00034011       ?List@CQuakeFileSystem@@UAEPAVCFileList@@PBDIPAV2@@Z 00435011 f i QuakeFileSystem.obj
 0001:000340a3       ??_ECQuakeFileSystem@@UAEPAXI@Z 004350a3 f i QuakeFileSystem.obj
 0001:000340a3       ??_GCFileSystem@@UAEPAXI@Z 004350a3 f i QuakeFileSystem.obj
 0001:000340a3       ??_ECFileSystem@@UAEPAXI@Z 004350a3 f i QuakeFileSystem.obj
 0001:000340a3       ??_GCQuakeFileSystem@@UAEPAXI@Z 004350a3 f i QuakeFileSystem.obj
 0001:000340c3       ?FS_Gamedir@@YAPBDXZ       004350c3 f   QuakeFileSystem.obj
 0001:000340c9       ?FS_NextPath@@YAPBDPBD@Z   004350c9 f   QuakeFileSystem.obj
 0001:0003410d       ?FS_CopyFile@@YAXPBD0@Z    0043510d f   QuakeFileSystem.obj
 0001:000341e3       ?FS_CopyFiles@@YAXPBD0@Z   004351e3 f   QuakeFileSystem.obj
 0001:000342fd       ?FS_RemoveFiles@@YAXPBD@Z  004352fd f   QuakeFileSystem.obj
 0001:000343b8       ?InitFileSystem@@YAXXZ     004353b8 f   QuakeFileSystem.obj
 0001:000344ec       ?Create@CFileContainerPak@@SAPAVCFileContainer@@PBDPAU_iobuf@@@Z 004354ec f i QuakeFileSystem.obj
 0001:00034655       ??0CFileContainerArc@@QAE@XZ 00435655 f i QuakeFileSystem.obj
 0001:0003469c       ??_GCFileContainerArc@@UAEPAXI@Z 0043569c f i QuakeFileSystem.obj
 0001:0003469c       ??_ECFileContainerArc@@UAEPAXI@Z 0043569c f i QuakeFileSystem.obj
 0001:000346cb       ?GetType@CFileContainerPak@@MAEPBDXZ 004356cb f i QuakeFileSystem.obj
 0001:000346d1       ?OpenLocalFile@CFileContainerPak@@MAEPAVCFile@@ABVCStringItem@@@Z 004356d1 f i QuakeFileSystem.obj
 0001:00034721       ?Read@CFilePak@CFileContainerPak@@UAEHPAXH@Z 00435721 f i QuakeFileSystem.obj
 0001:0003475b       ?GetSize@CFilePak@CFileContainerPak@@UAEHXZ 0043575b f i QuakeFileSystem.obj
 0001:00034762       ?Eof@CFilePak@CFileContainerPak@@UAE_NXZ 00435762 f i QuakeFileSystem.obj
 0001:0003476f       ??_GCFilePak@CFileContainerPak@@UAEPAXI@Z 0043576f f i QuakeFileSystem.obj
 0001:0003476f       ??_ECFilePak@CFileContainerPak@@UAEPAXI@Z 0043576f f i QuakeFileSystem.obj
 0001:000347a4       ??_ECFileContainerPak@@UAEPAXI@Z 004357a4 f i QuakeFileSystem.obj
 0001:000347a4       ??_GCFileContainerPak@@UAEPAXI@Z 004357a4 f i QuakeFileSystem.obj
 0001:000347d3       ?Create@CFileContainerZip@@SAPAVCFileContainer@@PBDPAU_iobuf@@@Z 004357d3 f i QuakeFileSystem.obj
 0001:00034ad2       ?GetType@CFileContainerZip@@MAEPBDXZ 00435ad2 f i QuakeFileSystem.obj
 0001:00034ad8       ?OpenLocalFile@CFileContainerZip@@MAEPAVCFile@@ABVCStringItem@@@Z 00435ad8 f i QuakeFileSystem.obj
 0001:00034b74       ??0CFilePak@CFileContainerZip@@QAE@ABVCFileInfo@1@PAU_iobuf@@@Z 00435b74 f i QuakeFileSystem.obj
 0001:00034bc6       ?Read@CFilePak@CFileContainerZip@@UAEHPAXH@Z 00435bc6 f i QuakeFileSystem.obj
 0001:00034d0f       ?GetSize@CFilePak@CFileContainerZip@@UAEHXZ 00435d0f f i QuakeFileSystem.obj
 0001:00034d19       ?Eof@CFilePak@CFileContainerZip@@UAE_NXZ 00435d19 f i QuakeFileSystem.obj
 0001:00034d2c       ??_ECFilePak@CFileContainerZip@@UAEPAXI@Z 00435d2c f i QuakeFileSystem.obj
 0001:00034d2c       ??_GCFilePak@CFileContainerZip@@UAEPAXI@Z 00435d2c f i QuakeFileSystem.obj
 0001:00034d4b       ??1CFilePak@CFileContainerZip@@UAE@XZ 00435d4b f i QuakeFileSystem.obj
 0001:00034dba       ??_ECFileContainerZip@@UAEPAXI@Z 00435dba f i QuakeFileSystem.obj
 0001:00034dba       ??_GCFileContainerZip@@UAEPAXI@Z 00435dba f i QuakeFileSystem.obj
 0001:00034de9       ?Mount@CZResource@@SAPAVCFileContainer@@PBDPBE0PAVCFileSystem@@@Z 00435de9 f i QuakeFileSystem.obj
 0001:00034f95       ?GetType@CZResource@@MAEPBDXZ 00435f95 f i QuakeFileSystem.obj
 0001:00034f9b       ?OpenLocalFile@CZResource@@MAEPAVCFile@@ABVCStringItem@@@Z 00435f9b f i QuakeFileSystem.obj
 0001:00034fcc       ??0CFileRes@CZResource@@QAE@ABVCFileInfo@1@PBXH@Z 00435fcc f i QuakeFileSystem.obj
 0001:0003507f       ?Read@CFileRes@CZResource@@UAEHPAXH@Z 0043607f f i QuakeFileSystem.obj
 0001:000350d2       ?GetSize@CFileRes@CZResource@@UAEHXZ 004360d2 f i QuakeFileSystem.obj
 0001:000350d9       ?Eof@CFileRes@CZResource@@UAE_NXZ 004360d9 f i QuakeFileSystem.obj
 0001:000350e6       ??_GCFileRes@CZResource@@UAEPAXI@Z 004360e6 f i QuakeFileSystem.obj
 0001:000350e6       ??_ECFileRes@CZResource@@UAEPAXI@Z 004360e6 f i QuakeFileSystem.obj
 0001:00035118       ??_ECZResource@@UAEPAXI@Z  00436118 f i QuakeFileSystem.obj
 0001:00035118       ??_GCZResource@@UAEPAXI@Z  00436118 f i QuakeFileSystem.obj
 0001:00035147       ?MountGame@CQuakeFileSystem@@QAEXPBD@Z 00436147 f i QuakeFileSystem.obj
 0001:00035192       ?SetGameDir@CQuakeFileSystem@@QAE_NPBD@Z 00436192 f i QuakeFileSystem.obj
 0001:00035394       ?FS_Tick@@YAXXZ            00436394 f   QuakeFileSystem.obj
 0001:000354e1       ??0CBrush@@QAE@ABUCBox@@@Z 004364e1 f   MapBrush.obj
 0001:0003563a       ?Split@CBrush@@QAEPAU1@PAUcplane_t@@@Z 0043663a f   MapBrush.obj
 0001:0003608c       ?GetVec@CAllocVertexPool@@QAEPAUCVec3@@ABU2@@Z 0043708c f i MapBrush.obj
 0001:00036120       ?GetBounds@CBrush@@QAEXAAUCBox@@@Z 00437120 f   MapBrush.obj
 0001:000361a2       ?AddBevels@CBrush@@QAEXP6APAUcplane_t@@ABUCVec3@@M@Z@Z 004371a2 f   MapBrush.obj
 0001:00036496       ?Negate@CVec3@@QAEXXZ      00437496 f i MapBrush.obj
 0001:000364a4       ?CDAudio_Play@@YAXH_N@Z    004374a4 f   cd_win.obj
 0001:00036697       ?CDAudio_Stop@@YAXXZ       00437697 f   cd_win.obj
 0001:00036758       ?CDAudio_Update@@YAXXZ     00437758 f   cd_win.obj
 0001:000367fb       ?CDAudio_Init@@YA_NXZ      004377fb f   cd_win.obj
 0001:00036c1c       ?CDAudio_Shutdown@@YAXXZ   00437c1c f   cd_win.obj
 0001:00036c3f       ?CDAudio_Activate@@YAX_N@Z 00437c3f f   cd_win.obj
 0001:00036c56       ?IN_Init@@YAXXZ            00437c56 f   in_win.obj
 0001:00036ee3       ?IN_Shutdown@@YAXXZ        00437ee3 f   in_win.obj
 0001:00037144       ?IN_Activate@@YAX_N@Z      00438144 f   in_win.obj
 0001:00037151       ?IN_Frame@@YAXXZ           00438151 f   in_win.obj
 0001:000374b3       ?IN_Move@@YAXPAUusercmd_t@@@Z 004384b3 f   in_win.obj
 0001:0003795e       ?NET_CompareAdr@@YA_NPAUnetadr_t@@0@Z 0043895e f   net_wins.obj
 0001:00037999       ?NET_CompareBaseAdr@@YA_NPAUnetadr_t@@0@Z 00438999 f   net_wins.obj
 0001:000379c6       ?NET_AdrToString@@YAPBDPAUnetadr_t@@@Z 004389c6 f   net_wins.obj
 0001:00037a0c       ?NET_StringToAdr@@YA_NPBDPAUnetadr_t@@F@Z 00438a0c f   net_wins.obj
 0001:00037b22       ?NET_IsLocalAddress@@YA_NPAUnetadr_t@@@Z 00438b22 f   net_wins.obj
 0001:00037b31       ?NET_GetPacket@@YA_NW4netsrc_t@@PAUnetadr_t@@PAVsizebuf_t@@@Z 00438b31 f   net_wins.obj
 0001:00037cb0       ?NET_SendPacket@@YAXW4netsrc_t@@HPAXUnetadr_t@@@Z 00438cb0 f   net_wins.obj
 0001:00037dce       ?NET_Config@@YAX_N@Z       00438dce f   net_wins.obj
 0001:00037fa9       ?NET_Init@@YAXXZ           00438fa9 f   net_wins.obj
 0001:0003805c       ?SNDDMA_Init@@YA_NXZ       0043905c f   snd_win.obj
 0001:000386a7       ?SNDDMA_GetDMAPos@@YAHXZ   004396a7 f   snd_win.obj
 0001:000386f1       ?SNDDMA_BeginPainting@@YAXXZ 004396f1 f   snd_win.obj
 0001:00038810       ?SNDDMA_Submit@@YAXXZ      00439810 f   snd_win.obj
 0001:00038835       ?SNDDMA_Shutdown@@YAXXZ    00439835 f   snd_win.obj
 0001:0003883a       ?S_Activate@@YAX_N@Z       0043983a f   snd_win.obj
 0001:0003888d       ?Write@COutputDeviceWin32Console@@UAEXPBD@Z 0043988d f i sys_win.obj
 0001:00038905       ?EraseInput@COutputDeviceWin32Console@@QAEXXZ 00439905 f i sys_win.obj
 0001:0003898b       ??_GCOutputDeviceWin32Console@@UAEPAXI@Z 0043998b f i sys_win.obj
 0001:0003898b       ??_ECOutputDeviceWin32Console@@UAEPAXI@Z 0043998b f i sys_win.obj
 0001:000389ab       ?Sys_ConsoleInput@@YAPADXZ 004399ab f   sys_win.obj
 0001:00038c34       ?Sys_ProcessMessages@@YAXXZ 00439c34 f   sys_win.obj
 0001:00038ced       _WinMain@16                00439ced f   sys_win.obj
 0001:00038fea       ??_ECOutputDeviceCon@@UAEPAXI@Z 00439fea f i sys_win.obj
 0001:00038fea       ??_GCOutputDeviceCon@@UAEPAXI@Z 00439fea f i sys_win.obj
 0001:00039092       ?Init@COutputDeviceWin32Console@@QAEXXZ 0043a092 f i sys_win.obj
 0001:000390bc       ?AddMsgHook@@YAXP6A_NIIJ@Z@Z 0043a0bc f   vid_dll.obj
 0001:00039103       ?RemoveMsgHook@@YAXP6A_NIIJ@Z@Z 0043a103 f   vid_dll.obj
 0001:00039136       ?Vid_CreateWindow@@YAPAXHH_N@Z 0043a136 f   vid_dll.obj
 0001:00039858       ?Vid_DestroyWindow@@YAX_N@Z 0043a858 f   vid_dll.obj
 0001:00039897       ?Vid_Restart@@YAXXZ        0043a897 f   vid_dll.obj
 0001:000398a3       ?Vid_GetModeInfo@@YA_NPAH0H@Z 0043a8a3 f   vid_dll.obj
 0001:000398d5       ?Vid_Tick@@YAXXZ           0043a8d5 f   vid_dll.obj
 0001:00039a86       ?Vid_Init@@YAXXZ           0043aa86 f   vid_dll.obj
 0001:00039b29       ?Vid_Shutdown@@YAXXZ       0043ab29 f   vid_dll.obj
 0001:00039b48       ?Tesselate@surfacePlanar_t@OpenGLDrv@@UAEXAAUrefEntity_t@2@@Z 0043ab48 f   gl_backend.obj
 0001:0003c3ce       ?Tesselate@surfacePoly_t@OpenGLDrv@@UAEXAAUrefEntity_t@2@@Z 0043d3ce f   gl_backend.obj
 0001:0003c4d5       ?Tesselate@surfaceMd3_t@OpenGLDrv@@UAEXAAUrefEntity_t@2@@Z 0043d4d5 f   gl_backend.obj
 0001:0003c864       ?DrawTriangles@OpenGLDrv@@YA_NXZ 0043d864 f   gl_backend.obj
 0001:0003c979       ?DrawNormals@OpenGLDrv@@YA_NXZ 0043d979 f   gl_backend.obj
 0001:0003ca83       ?DrawBrush@OpenGLDrv@@YAXPBUCBrush@@PBDH@Z 0043da83 f   gl_backend.obj
 0001:0003cae6       ?Tesselate@surfaceEntity_t@OpenGLDrv@@UAEXAAUrefEntity_t@2@@Z 0043dae6 f   gl_backend.obj
 0001:0003cbca       ?Tesselate@surfaceParticle_t@OpenGLDrv@@UAEXAAUrefEntity_t@2@@Z 0043dbca f   gl_backend.obj
 0001:0003ce1a       ?BK_DrawScene@OpenGLDrv@@YAXXZ 0043de1a f   gl_backend.obj
 0001:0003d613       ?BK_DrawPic@OpenGLDrv@@YAXPAVshader_t@1@HHHHMMMMIE@Z 0043e613 f   gl_backend.obj
 0001:0003d7f4       ?BK_DrawText@OpenGLDrv@@YAXPBDHHHHHI@Z 0043e7f4 f   gl_backend.obj
 0001:0003d9e9       ?BK_BeginFrame@OpenGLDrv@@YAXXZ 0043e9e9 f   gl_backend.obj
 0001:0003da4d       ?BK_EndFrame@OpenGLDrv@@YAXXZ 0043ea4d f   gl_backend.obj
 0001:0003da8c       ?BK_Init@OpenGLDrv@@YAXXZ  0043ea8c f   gl_backend.obj
 0001:0003dabb       ?BK_Shutdown@OpenGLDrv@@YAXXZ 0043eabb f   gl_backend.obj
 0001:0003dad3       ?AllocDynamicMemory@OpenGLDrv@@YAPAXH@Z 0043ead3 f   gl_buffers.obj
 0001:0003db41       ?ResizeDynamicMemory@OpenGLDrv@@YAXPAXH@Z 0043eb41 f   gl_buffers.obj
 0001:0003db85       ?AddSurfaceToPortal@OpenGLDrv@@YAXPAVsurfaceBase_t@1@PAVshader_t@1@HH@Z 0043eb85 f   gl_buffers.obj
 0001:0003dbf6       ?InsertShaderIndex@OpenGLDrv@@YAXH@Z 0043ebf6 f   gl_buffers.obj
 0001:0003dc32       ?ClearPortal@OpenGLDrv@@YAXXZ 0043ec32 f   gl_buffers.obj
 0001:0003dc50       ?SortSurfaces@OpenGLDrv@@YAXPAUviewPortal_t@1@PAPAUsurfaceInfo_t@1@@Z 0043ec50 f   gl_buffers.obj
 0001:0003dde2       ?ClearBuffers@OpenGLDrv@@YAXXZ 0043ede2 f   gl_buffers.obj
 0001:0003ddf9       ?CreateBuffers@OpenGLDrv@@YAXXZ 0043edf9 f   gl_buffers.obj
 0001:0003de1f       ?FreeBuffers@OpenGLDrv@@YAXXZ 0043ee1f f   gl_buffers.obj
 0001:0003de43       ?InitEntity@model_t@OpenGLDrv@@UAE_NPAUentity_t@@PAUrefEntity_t@2@@Z 0043ee43 f   gl_frontend.obj
 0001:0003de48       ?AddSurfaces@model_t@OpenGLDrv@@UAEXPAUrefEntity_t@2@@Z 0043ee48 f   gl_frontend.obj
 0001:0003de79       ?GetLeaf@model_t@OpenGLDrv@@UAEPAUnode_t@2@PAUrefEntity_t@2@@Z 0043ee79 f   gl_frontend.obj
 0001:0003de8d       ?DrawLabel@model_t@OpenGLDrv@@UAEXPAUrefEntity_t@2@@Z 0043ee8d f   gl_frontend.obj
 0001:0003de90       ?InitEntity@inlineModel_t@OpenGLDrv@@UAE_NPAUentity_t@@PAUrefEntity_t@2@@Z 0043ee90 f   gl_frontend.obj
 0001:0003defd       ?AddSurfaces@inlineModel_t@OpenGLDrv@@UAEXPAUrefEntity_t@2@@Z 0043eefd f   gl_frontend.obj
 0001:0003e406       ?GetLeaf@inlineModel_t@OpenGLDrv@@UAEPAUnode_t@2@PAUrefEntity_t@2@@Z 0043f406 f   gl_frontend.obj
 0001:0003e5ae       ?DrawLabel@inlineModel_t@OpenGLDrv@@UAEXPAUrefEntity_t@2@@Z 0043f5ae f   gl_frontend.obj
 0001:0003e5f7       ?InitEntity@md3Model_t@OpenGLDrv@@UAE_NPAUentity_t@@PAUrefEntity_t@2@@Z 0043f5f7 f   gl_frontend.obj
 0001:0003e7d5       ?AddSurfaces@md3Model_t@OpenGLDrv@@UAEXPAUrefEntity_t@2@@Z 0043f7d5 f   gl_frontend.obj
 0001:0003e90f       ?GetLeaf@md3Model_t@OpenGLDrv@@UAEPAUnode_t@2@PAUrefEntity_t@2@@Z 0043f90f f   gl_frontend.obj
 0001:0003e94a       ?DrawLabel@md3Model_t@OpenGLDrv@@UAEXPAUrefEntity_t@2@@Z 0043f94a f   gl_frontend.obj
 0001:0003e9b3       ?InitEntity@sprModel_t@OpenGLDrv@@UAE_NPAUentity_t@@PAUrefEntity_t@2@@Z 0043f9b3 f   gl_frontend.obj
 0001:0003e9d6       ?AddSurfaces@sprModel_t@OpenGLDrv@@UAEXPAUrefEntity_t@2@@Z 0043f9d6 f   gl_frontend.obj
 0001:0003eb59       ?GetLeaf@sprModel_t@OpenGLDrv@@UAEPAUnode_t@2@PAUrefEntity_t@2@@Z 0043fb59 f   gl_frontend.obj
 0001:0003ec3d       ?AddEntity@OpenGLDrv@@YAXPAUentity_t@@@Z 0043fc3d f   gl_frontend.obj
 0001:0003edf6       ?AddDlight@OpenGLDrv@@YAXPAUdlight_t@@@Z 0043fdf6 f   gl_frontend.obj
 0001:0003efae       ?DrawPortal@OpenGLDrv@@YAXXZ 0043ffae f   gl_frontend.obj
 0001:00041033       ?GL_TextureMode@OpenGLDrv@@YAXPBD@Z 00442033 f   gl_image.obj
 0001:000410de       ?CreateImage@OpenGLDrv@@YAPAVimage_t@1@PBDPAXHHI@Z 004420de f   gl_image.obj
 0001:00041e82       ?CreateImage8@OpenGLDrv@@YAPAVimage_t@1@PBDPAXHHIPAI@Z 00442e82 f   gl_image.obj
 0001:00041f61       ?LoadDelayedImages@OpenGLDrv@@YAXXZ 00442f61 f   gl_image.obj
 0001:00041ff4       ?DrawStretchRaw8@OpenGLDrv@@YAXHHHHHHPAEPAI@Z 00442ff4 f   gl_image.obj
 0001:00042327       ?SetupGamma@OpenGLDrv@@YAXXZ 00443327 f   gl_image.obj
 0001:0004246d       ?PerformScreenshot@OpenGLDrv@@YAXXZ 0044346d f   gl_image.obj
 0001:000426de       ?InitImages@OpenGLDrv@@YAXXZ 004436de f   gl_image.obj
 0001:00042eb7       ?ShutdownImages@OpenGLDrv@@YAXXZ 00443eb7 f   gl_image.obj
 0001:00042f1e       ?ShowImages@OpenGLDrv@@YAXXZ 00443f1e f   gl_image.obj
 0001:000431aa       ?FindImage@OpenGLDrv@@YAPAVimage_t@1@PBDI@Z 004441aa f   gl_image.obj
 0001:00043517       ?GL_Lock@OpenGLDrv@@YAXXZ  00444517 f   gl_interface.obj
 0001:0004358f       ?GL_Unlock@OpenGLDrv@@YAXXZ 0044458f f   gl_interface.obj
 0001:00043751       ?GL_Bind@OpenGLDrv@@YAXPBVimage_t@1@@Z 00444751 f   gl_interface.obj
 0001:000438e6       ?GL_BindForce@OpenGLDrv@@YAXPBVimage_t@1@@Z 004448e6 f   gl_interface.obj
 0001:0004397e       ?GL_TexEnv@OpenGLDrv@@YAXI@Z 0044497e f   gl_interface.obj
 0001:00043afd       ?GL_TexMipBias@OpenGLDrv@@YAXM@Z 00444afd f   gl_interface.obj
 0001:00043b59       ?GL_TexEnvColor@OpenGLDrv@@YAXPBTcolor_t@@@Z 00444b59 f   gl_interface.obj
 0001:00043c09       ?GL_SelectTexture@OpenGLDrv@@YAXH@Z 00444c09 f   gl_interface.obj
 0001:00043c6c       ?GL_TexCoordPointer@OpenGLDrv@@YAXPAX@Z 00444c6c f   gl_interface.obj
 0001:00043c9f       ?GL_SetMultitexture@OpenGLDrv@@YAXH@Z 00444c9f f   gl_interface.obj
 0001:00043d90       ?GL_DisableTexCoordArrays@OpenGLDrv@@YAXXZ 00444d90 f   gl_interface.obj
 0001:00043de4       ?GL_CullFace@OpenGLDrv@@YAXW4gl_cullMode_t@1@@Z 00444de4 f   gl_interface.obj
 0001:00043e38       ?GL_DepthRange@OpenGLDrv@@YAXW4gl_depthMode_t@1@@Z 00444e38 f   gl_interface.obj
 0001:00043e6e       ?GL_State@OpenGLDrv@@YAXI@Z 00444e6e f   gl_interface.obj
 0001:00043fbe       ?GL_EnableFog@OpenGLDrv@@YAX_N@Z 00444fbe f   gl_interface.obj
 0001:00044098       ?GL_SetDefaultState@OpenGLDrv@@YAXXZ 00445098 f   gl_interface.obj
 0001:000441ef       ?GL_Set2DMode@OpenGLDrv@@YAXXZ 004451ef f   gl_interface.obj
 0001:000442ea       ?GL_Set3DMode@OpenGLDrv@@YAXPAUviewPortal_t@1@@Z 004452ea f   gl_interface.obj
 0001:000443d5       ?ShowLights@OpenGLDrv@@YAXXZ 004453d5 f   gl_light.obj
 0001:000447cd       ?LightForEntity@OpenGLDrv@@YAXPAUrefEntity_t@1@@Z 004457cd f   gl_light.obj
 0001:00045a70       ?DiffuseLight@OpenGLDrv@@YAXPATcolor_t@@M@Z 00446a70 f   gl_light.obj
 0001:00045cbc       ?InitLightGrid@OpenGLDrv@@YAXXZ 00446cbc f   gl_light.obj
 0001:00045d62       ?PostLoadLights@OpenGLDrv@@YAXXZ 00446d62 f   gl_light.obj
 0001:00046023       ?LM_Init@OpenGLDrv@@YAXXZ  00447023 f   gl_lightmap.obj
 0001:00046039       ?LM_Flush@OpenGLDrv@@YAXPAUlightmapBlock_t@1@@Z 00447039 f   gl_lightmap.obj
 0001:00046099       ?LM_Done@OpenGLDrv@@YAXXZ  00447099 f   gl_lightmap.obj
 0001:000460c0       ?LM_Save@OpenGLDrv@@YAXPAUlightmapBlock_t@1@@Z 004470c0 f   gl_lightmap.obj
 0001:000460db       ?LM_Restore@OpenGLDrv@@YAXPAUlightmapBlock_t@1@@Z 004470db f   gl_lightmap.obj
 0001:000460f6       ?LM_NewBlock@OpenGLDrv@@YAPAUlightmapBlock_t@1@XZ 004470f6 f   gl_lightmap.obj
 0001:00046155       ?LM_Rewind@OpenGLDrv@@YAXXZ 00447155 f   gl_lightmap.obj
 0001:0004615d       ?LM_NextBlock@OpenGLDrv@@YAPAUlightmapBlock_t@1@XZ 0044715d f   gl_lightmap.obj
 0001:0004618a       ?LM_CheckMinlight@OpenGLDrv@@YAXPAUdynamicLightmap_t@1@@Z 0044718a f   gl_lightmap.obj
 0001:00046220       ?LM_AllocBlock@OpenGLDrv@@YA_NPAUlightmapBlock_t@1@PAUdynamicLightmap_t@1@@Z 00447220 f   gl_lightmap.obj
 0001:00046346       ?LM_PutBlock@OpenGLDrv@@YAXPAUdynamicLightmap_t@1@@Z 00447346 f   gl_lightmap.obj
 0001:000467ba       ?LM_PutBlock1@OpenGLDrv@@YAXPAUdynamicLightmap_t@1@@Z 004477ba f   gl_lightmap.obj
 0001:0004690b       ?LM_SortLightStyles@OpenGLDrv@@YAXPAUdynamicLightmap_t@1@@Z 0044790b f   gl_lightmap.obj
 0001:0004699d       ?UpdateDynamicLightmap@OpenGLDrv@@YAXPAVsurfacePlanar_t@1@_NI@Z 0044799d f   gl_lightmap.obj
 0001:000471e3       ?LM_IsMonotone@OpenGLDrv@@YA_NPAUdynamicLightmap_t@1@PATcolor_t@@@Z 004481e3 f   gl_lightmap.obj
 0001:000472ea       ?Init@OpenGLDrv@@YA_NXZ    004482ea f   gl_main.obj
 0001:000479dd       ?Shutdown@OpenGLDrv@@YAX_N@Z 004489dd f   gl_main.obj
 0001:00047a66       ?GL_EnableRendering@OpenGLDrv@@YAX_N@Z 00448a66 f   gl_main.obj
 0001:00047a84       ?BeginFrame@OpenGLDrv@@YAXN@Z 00448a84 f   gl_main.obj
 0001:00047bb1       ?EndFrame@OpenGLDrv@@YAXXZ 00448bb1 f   gl_main.obj
 0001:00047bc9       ?RenderFrame@OpenGLDrv@@YAXPAUrefdef_t@@@Z 00448bc9 f   gl_main.obj
 0001:0004851d       ?Fill8@OpenGLDrv@@YAXHHHHH@Z 0044951d f   gl_main.obj
 0001:00048560       ?Fill@OpenGLDrv@@YAXHHHHI@Z 00449560 f   gl_main.obj
 0001:0004859c       ?TileClear@OpenGLDrv@@YAXHHHHPBD@Z 0044959c f   gl_main.obj
 0001:0004863d       ?DrawStretchPic@OpenGLDrv@@YAXHHHHPBD@Z 0044963d f   gl_main.obj
 0001:00048682       ?DrawDetailedPic@OpenGLDrv@@YAXHHHHPBD@Z 00449682 f   gl_main.obj
 0001:0004872c       ?DrawPic@OpenGLDrv@@YAXHHPBDHH@Z 0044972c f   gl_main.obj
 0001:000487b4       ?LoadNewWorld@OpenGLDrv@@YAXPBD@Z 004497b4 f   gl_main.obj
 0001:000487e9       ?DumpLoadStats@OpenGLDrv@@YAXXZ 004497e9 f   gl_main.obj
 0001:0004886f       ?FinishLoadingWorld@OpenGLDrv@@YAXXZ 0044986f f   gl_main.obj
 0001:00048874       ?RegisterPic@OpenGLDrv@@YAPAVCBasicImage@@PBD@Z 00449874 f   gl_main.obj
 0001:00048888       ?RegisterSkin@OpenGLDrv@@YAPAVCBasicImage@@PBD_N@Z 00449888 f   gl_main.obj
 0001:000488a8       ?RegisterModel@OpenGLDrv@@YAPAVCRenderModel@@PBD@Z 004498a8 f   gl_main.obj
 0001:000488b6       ?SetSky@OpenGLDrv@@YAXPBDMABUCVec3@@@Z 004498b6 f   gl_main.obj
 0001:00048990       ?Screenshot@OpenGLDrv@@YAXHPBD@Z 00449990 f   gl_main.obj
 0001:000489b9       ?GetClientLight@OpenGLDrv@@YAMXZ 004499b9 f   gl_main.obj
 0001:000489c0       ?InitFuncTables@OpenGLDrv@@YAXXZ 004499c0 f   gl_math.obj
 0001:00048b66       ?BuildRotationAxis@OpenGLDrv@@YAXAAUCAxis@@ABUCVec3@@M@Z 00449b66 f   gl_math.obj
 0001:00048c5d       ?GetBoxRect@OpenGLDrv@@YA_NPBUrefEntity_t@1@ABUCVec3@@QAM2_N@Z 00449c5d f   gl_math.obj
 0001:00048f67       ?ProjectToScreen@OpenGLDrv@@YA_NABUCVec3@@QAH@Z 00449f67 f   gl_math.obj
 0001:000490aa       ?SaturateColor3f@OpenGLDrv@@YAXAAUCVec3@@@Z 0044a0aa f   gl_math.obj
 0001:0004919a       ?SaturateColor4b@OpenGLDrv@@YAXPATcolor_t@@@Z 0044a19a f   gl_math.obj
 0001:000492a8       ?SubdividePlane@OpenGLDrv@@YAHPAPAUCVec3@@HM@Z 0044a2a8 f   gl_poly.obj
 0001:00049787       ?FreeSubdividedPlane@OpenGLDrv@@YAXXZ 0044a787 f   gl_poly.obj
 0001:0004979f       ?GetSubdivideIndexes@OpenGLDrv@@YAXPAH@Z 0044a79f f   gl_poly.obj
 0001:000497f5       ?RemoveCollinearPoints@OpenGLDrv@@YAHPAPAUCVec3@@H@Z 0044a7f5 f   gl_poly.obj
 0001:000498eb       ?GetPolyArea@OpenGLDrv@@YAMPAPAUCVec3@@H@Z 0044a8eb f   gl_poly.obj
 0001:0004997f       ?InitShaders@OpenGLDrv@@YAXXZ 0044a97f f   gl_shader.obj
 0001:00049b1d       ?ShutdownShaders@OpenGLDrv@@YAXXZ 0044ab1d f   gl_shader.obj
 0001:00049b5b       ?GetLightmapImage@OpenGLDrv@@YAPAVimage_t@1@H@Z 0044ab5b f   gl_shader.obj
 0001:00049b86       ?SetShaderLightmap@OpenGLDrv@@YAPAVshader_t@1@PAV21@H@Z 0044ab86 f   gl_shader.obj
 0001:00049ea0       ??4shader_t@OpenGLDrv@@QAEAAV01@ABV01@@Z 0044aea0 f i gl_shader.obj
 0001:0004a0dc       ?SetShaderLightstyles@OpenGLDrv@@YAPAVshader_t@1@PAV21@I_N@Z 0044b0dc f   gl_shader.obj
 0001:0004a18e       ?GetAlphaShader@OpenGLDrv@@YAPAVshader_t@1@PAV21@@Z 0044b18e f   gl_shader.obj
 0001:0004a57b       ?SetShaderAnimFreq@OpenGLDrv@@YAXPAVshader_t@1@H@Z 0044b57b f   gl_shader.obj
 0001:0004a5d1       ?FindShader@OpenGLDrv@@YAPAVshader_t@1@PBDI@Z 0044b5d1 f   gl_shader.obj
 0001:0004c036       ?GetShaderByNum@OpenGLDrv@@YAPAVshader_t@1@H@Z 0044d036 f   gl_shader.obj
 0001:0004c058       ?ResetShaders@OpenGLDrv@@YAXXZ 0044d058 f   gl_shader.obj
 0001:0004c24c       ?Reload@shader_t@OpenGLDrv@@UAEXXZ 0044d24c f   gl_shader.obj
 0001:0004c27b       ?ClearSky@OpenGLDrv@@YAXXZ 0044d27b f   gl_sky.obj
 0001:0004c2d8       ?AddSkySurface@OpenGLDrv@@YAXPAVsurfacePlanar_t@1@E@Z 0044d2d8 f   gl_sky.obj
 0001:0004c8a0       ?DrawSky@OpenGLDrv@@YAXXZ  0044d8a0 f   gl_sky.obj
 0001:0004cf44       ?DrawChar@OpenGLDrv@@YAXHHHH@Z 0044df44 f   gl_text.obj
 0001:0004cf9e       ?ClearTexts@OpenGLDrv@@YAXXZ 0044df9e f   gl_text.obj
 0001:0004cfb3       ?FlushTexts@OpenGLDrv@@YAXXZ 0044dfb3 f   gl_text.obj
 0001:0004d05f       ?DrawTextPos@OpenGLDrv@@YAXHHPBDI@Z 0044e05f f   gl_text.obj
 0001:0004d08b       ?DrawTextLeft@OpenGLDrv@@YAXPBDI@Z 0044e08b f   gl_text.obj
 0001:0004d113       ?DrawTextRight@OpenGLDrv@@YAXPBDI@Z 0044e113 f   gl_text.obj
 0001:0004d15d       ?DrawText3D@OpenGLDrv@@YAXABUCVec3@@PBDI@Z 0044e15d f   gl_text.obj
 0001:0004d18a       ?InitTexts@OpenGLDrv@@YAXXZ 0044e18a f   gl_text.obj
 0001:0004d1a4       ??0?$TTextContainer@UCRText@OpenGLDrv@@$0BAAAA@@@QAE@XZ 0044e1a4 f i gl_text.obj
 0001:0004d1c9       ?FindModel@OpenGLDrv@@YAPAVmodel_t@1@PBD@Z 0044e1c9 f   gl_model.obj
 0001:0004d3a5       ?FreeModels@OpenGLDrv@@YAXXZ 0044e3a5 f   gl_model.obj
 0001:0004d417       ?InitModels@OpenGLDrv@@YAXXZ 0044e417 f   gl_model.obj
 0001:0004d50d       ?ShutdownModels@OpenGLDrv@@YAXXZ 0044e50d f   gl_model.obj
 0001:0004d51e       ?LoadWorldMap@OpenGLDrv@@YAXPBD@Z 0044e51e f   gl_bspmodel.obj
 0001:0004f886       ?PointInLeaf@OpenGLDrv@@YAPAUnode_t@1@ABUCVec3@@@Z 00450886 f   gl_bspmodel.obj
 0001:0004f8d1       ?LerpTag@model_t@OpenGLDrv@@UBE_NHHMPBDAAUCCoords@@@Z 004508d1 f   gl_trimodel.obj
 0001:0004f8df       ?LerpTag@md3Model_t@OpenGLDrv@@UBE_NHHMPBDAAUCCoords@@@Z 004508df f   gl_trimodel.obj
 0001:0004f9ef       ?LoadMd2@OpenGLDrv@@YAPAVmd3Model_t@1@PBDPAEI@Z 004509ef f   gl_trimodel.obj
 0001:00050584       ?ATAN2_FUNC@OpenGLDrv@@YAMMM@Z 00451584 f i gl_trimodel.obj
 0001:0005073a       ?LoadMd3@OpenGLDrv@@YAPAVmd3Model_t@1@PBDPAEI@Z 0045173a f   gl_trimodel.obj
 0001:00050c1b       ?LoadSp2@OpenGLDrv@@YAPAVsprModel_t@1@PBDPAEI@Z 00451c1b f   gl_trimodel.obj
 0001:00050e46       ?LoadSpr@OpenGLDrv@@YAPAVsprModel_t@1@PBDPAEI@Z 00451e46 f   gl_trimodel.obj
 0001:000525bf       ?QGL_Init@OpenGLDrv@@YA_NPBD@Z 004535bf f   GLBind.obj
 0001:000526ab       ?QGL_Shutdown@OpenGLDrv@@YAXXZ 004536ab f   GLBind.obj
 0001:000526e8       ?QGL_InitExtensions@OpenGLDrv@@YAXXZ 004536e8 f   GLBind.obj
 0001:00052bd2       ?QGL_PrintExtensionsString@OpenGLDrv@@YAXPBD00@Z 00453bd2 f   GLBind.obj
 0001:00052d1f       ?QGL_EnableLogging@OpenGLDrv@@YAX_N@Z 00453d1f f   GLBind.obj
 0001:00052dc8       ?QGL_LogMessage@OpenGLDrv@@YAXPBD@Z 00453dc8 f   GLBind.obj
 0001:00052de1       ?QGL_SwapBuffers@OpenGLDrv@@YAXXZ 00453de1 f   GLBind.obj
 0001:00052e63       ?GLimp_HasGamma@OpenGLDrv@@YA_NXZ 00453e63 f   gl_win.obj
 0001:00052e77       ?GLimp_SetGamma@OpenGLDrv@@YAXM@Z 00453e77 f   gl_win.obj
 0001:0005301d       ?GLimp_SetMode@OpenGLDrv@@YA_NPAI0H_N@Z 0045401d f   gl_win.obj
 0001:000533f4       ?GLimp_Shutdown@OpenGLDrv@@YAX_N@Z 004543f4 f   gl_win.obj
 0001:000534a4       ?AppActivate@OpenGLDrv@@YAX_N@Z 004544a4 f   gl_win.obj
 0001:00053517       _jpeg_CreateDecompress     00454517 f   libs:jdapimin.obj
 0001:000535d7       _jpeg_read_header          004545d7 f   libs:jdapimin.obj
 0001:00053639       _jpeg_consume_input        00454639 f   libs:jdapimin.obj
 0001:00053888       _jpeg_finish_decompress    00454888 f   libs:jdapimin.obj
 0001:0005391f       _jpeg_start_decompress     0045491f f   libs:jdapistd.obj
 0001:00053a8c       _jpeg_read_scanlines       00454a8c f   libs:jdapistd.obj
 0001:00053b10       _jpeg_resync_to_restart    00454b10 f   libs:jdmarker.obj
 0001:00053cd5       _jinit_marker_reader       00454cd5 f   libs:jdmarker.obj
 0001:000551a0       _jpeg_CreateCompress       004561a0 f   libs:jcapimin.obj
 0001:00055254       _jpeg_destroy_decompress   00456254 f   libs:jcapimin.obj
 0001:00055254       _jpeg_destroy_compress     00456254 f   libs:jcapimin.obj
 0001:0005525f       _jpeg_suppress_tables      0045625f f   libs:jcapimin.obj
[...]
 0001:000646d5       _process_restart           004656d5 f   libs:jddiffct.obj
 0001:000626f5       _dummy_consume_data        004636f5 f   libs:jdcoefct.obj
 0001:0006470a       _consume_data              0046570a f   libs:jddiffct.obj
 0001:00064781       _output_data               00465781 f   libs:jddiffct.obj
 0001:00064208       _start_pass                00465208 f   libs:jddctmgr.obj
 0001:0006365a       _start_pass_phuff_decoder  0046465a f   libs:jdphuff.obj
 0001:000638a3       _decode_mcu_DC_first       004648a3 f   libs:jdphuff.obj
 0001:00063a9b       _process_restart           00464a9b f   libs:jdphuff.obj
 0001:00063b0a       _decode_mcu_AC_first       00464b0a f   libs:jdphuff.obj
 0001:00063d2a       _decode_mcu_DC_refine      00464d2a f   libs:jdphuff.obj
 0001:00063dff       _decode_mcu_AC_refine      00464dff f   libs:jdphuff.obj
 0001:000630a1       _start_pass_huff_decoder   004640a1 f   libs:jdshuff.obj
 0001:000631d9       _decode_mcu                004641d9 f   libs:jdshuff.obj
 0001:00063589       _process_restart           00464589 f   libs:jdshuff.obj
 0001:00062487       _start_input_pass          00463487 f   libs:jdcoefct.obj
 0001:0006249a       _start_iMCU_row            0046349a f   libs:jdcoefct.obj
 0001:000624df       _start_output_pass         004634df f   libs:jdcoefct.obj
 0001:0006251c       _decompress_onepass        0046351c f   libs:jdcoefct.obj
 0001:000626f5       _dummy_consume_data        004636f5 f   libs:jdcoefct.obj
 0001:000626f8       _consume_data              004636f8 f   libs:jdcoefct.obj
 0001:000628b1       _decompress_data           004638b1 f   libs:jdcoefct.obj
 0001:00062a1d       _smoothing_ok              00463a1d f   libs:jdcoefct.obj
 0001:00062b08       _decompress_smooth_data    00463b08 f   libs:jdcoefct.obj
 0001:00062320       _scaler_start_pass         00463320 f   libs:jcscale.obj
 0001:00062343       _simple_downscale          00463343 f   libs:jcscale.obj
 0001:0006236f       _noscale                   0046336f f   libs:jcscale.obj
 0001:00061e18       _start_pass                00462e18 f   libs:jcpred.obj
 0001:00061e70       _reset_predictor           00462e70 f   libs:jcpred.obj
 0001:00061e9d       _jpeg_difference_first_row 00462e9d f   libs:jcpred.obj
 0001:00061f87       _jpeg_difference1          00462f87 f   libs:jcpred.obj
 0001:00061ff5       _jpeg_difference2          00462ff5 f   libs:jcpred.obj
 0001:00062066       _jpeg_difference3          00463066 f   libs:jcpred.obj
 0001:000620de       _jpeg_difference4          004630de f   libs:jcpred.obj
 0001:00062169       _jpeg_difference5          00463169 f   libs:jcpred.obj
 0001:000621fc       _jpeg_difference6          004631fc f   libs:jcpred.obj
 0001:0006228b       _jpeg_difference7          0046328b f   libs:jcpred.obj
 0001:0006170a       _start_pass_huff           0046270a f   libs:jclhuff.obj
 0001:000618a7       _encode_mcus_huff          004628a7 f   libs:jclhuff.obj
 0001:00061a92       _emit_bits                 00462a92 f   libs:jclhuff.obj
 0001:00061b35       _dump_buffer               00462b35 f   libs:jclhuff.obj
 0001:00061b59       _emit_restart              00462b59 f   libs:jclhuff.obj
 0001:00061ba4       _flush_bits                00462ba4 f   libs:jclhuff.obj
 0001:00061bc8       _finish_pass_huff          00462bc8 f   libs:jclhuff.obj
 0001:00061c35       _encode_mcus_gather        00462c35 f   libs:jclhuff.obj
 0001:00061d5e       _finish_pass_gather        00462d5e f   libs:jclhuff.obj
 0001:000603ed       _need_optimization_pass    004613ed f   libs:jcshuff.obj
 0001:000612e8       _start_pass_diff           004622e8 f   libs:jcdiffct.obj
 0001:00061386       _start_iMCU_row            00462386 f   libs:jcdiffct.obj
 0001:000613c8       _compress_data             004623c8 f   libs:jcdiffct.obj
 0001:0006155e       _compress_first_pass       0046255e f   libs:jcdiffct.obj
 0001:00061653       _compress_output           00462653 f   libs:jcdiffct.obj
 0001:00060efb       _start_pass_fdctmgr        00461efb f   libs:jcdctmgr.obj
 0001:00060ffd       _forward_DCT_float         00461ffd f   libs:jcdctmgr.obj
 0001:00060430       _start_pass_phuff          00461430 f   libs:jcphuff.obj
 0001:0006059d       _encode_mcu_DC_first       0046159d f   libs:jcphuff.obj
 0001:000606cf       _emit_bits                 004616cf f   libs:jcphuff.obj
 0001:0006077a       _dump_buffer               0046177a f   libs:jcphuff.obj
 0001:000607b2       _emit_symbol               004617b2 f   libs:jcphuff.obj
 0001:000607f2       _emit_restart              004617f2 f   libs:jcphuff.obj
 0001:0006087b       _emit_eobrun               0046187b f   libs:jcphuff.obj
 0001:00060901       _encode_mcu_AC_first       00461901 f   libs:jcphuff.obj
 0001:00060a95       _encode_mcu_DC_refine      00461a95 f   libs:jcphuff.obj
 0001:00060b4f       _encode_mcu_AC_refine      00461b4f f   libs:jcphuff.obj
 0001:00060d66       _finish_pass_phuff         00461d66 f   libs:jcphuff.obj
 0001:00060db5       _finish_pass_gather_phuff  00461db5 f   libs:jcphuff.obj
 0001:00060e78       _need_optimization_pass    00461e78 f   libs:jcphuff.obj
 0001:0005fbc8       _start_pass_huff           00460bc8 f   libs:jcshuff.obj
 0001:0005fd3d       _encode_mcu_huff           00460d3d f   libs:jcshuff.obj
 0001:0005fe48       _encode_one_block          00460e48 f   libs:jcshuff.obj
 0001:0005ffbf       _emit_bits                 00460fbf f   libs:jcshuff.obj
 0001:00060062       _dump_buffer               00461062 f   libs:jcshuff.obj
 0001:00060086       _emit_restart              00461086 f   libs:jcshuff.obj
 0001:000600f3       _flush_bits                004610f3 f   libs:jcshuff.obj
 0001:00060117       _finish_pass_huff          00461117 f   libs:jcshuff.obj
 0001:00060186       _encode_mcu_gather         00461186 f   libs:jcshuff.obj
 0001:0006023c       _htest_one_block           0046123c f   libs:jcshuff.obj
 0001:00060303       _finish_pass_gather        00461303 f   libs:jcshuff.obj
 0001:000603ed       _need_optimization_pass    004613ed f   libs:jcshuff.obj
 0001:0005f59b       _start_pass_coef           0046059b f   libs:jccoefct.obj
 0001:00061386       _start_iMCU_row            00462386 f   libs:jcdiffct.obj
 0001:0005f630       _compress_data             00460630 f   libs:jccoefct.obj
 0001:0005f817       _compress_first_pass       00460817 f   libs:jccoefct.obj
 0001:0005f9fd       _compress_output           004609fd f   libs:jccoefct.obj
 0001:0005f4b3       _calc_output_dimensions    004604b3 f   libs:jdlossls.obj
 0001:0005f4c4       _start_input_pass          004604c4 f   libs:jdlossls.obj
 0001:0005f1f2       _calc_output_dimensions    004601f2 f   libs:jdlossy.obj
 0001:0005f365       _start_input_pass          00460365 f   libs:jdlossy.obj
 0001:0005f385       _latch_quant_tables        00460385 f   libs:jdlossy.obj
 0001:0005f41d       _start_output_pass         0046041d f   libs:jdlossy.obj
 0001:0005f141       _start_pass                00460141 f   libs:jclossls.obj
 0001:0005f0ad       _start_pass                004600ad f   libs:jclossy.obj
 0001:0005e602       _initial_setup             0045f602 f   libs:jcmaster.obj
 0001:0005e7b5       _validate_script           0045f7b5 f   libs:jcmaster.obj
 0001:0005eb8d       _prepare_for_pass          0045fb8d f   libs:jcmaster.obj
 0001:0005ed05       _select_scan_parameters    0045fd05 f   libs:jcmaster.obj
 0001:0005ee06       _per_scan_setup            0045fe06 f   libs:jcmaster.obj
 0001:0005efb1       _pass_startup              0045ffb1 f   libs:jcmaster.obj
 0001:0005efd8       _finish_pass_master        0045ffd8 f   libs:jcmaster.obj
 0001:0005e0ee       _rgb_ycc_start             0045f0ee f   libs:jccolor.obj
 0001:0005e1b2       _rgb_ycc_convert           0045f1b2 f   libs:jccolor.obj
 0001:0005e2b1       _rgb_gray_convert          0045f2b1 f   libs:jccolor.obj
 0001:0005e336       _cmyk_ycck_convert         0045f336 f   libs:jccolor.obj
 0001:0005e46e       _grayscale_convert         0045f46e f   libs:jccolor.obj
 0001:0005e4c8       _null_convert              0045f4c8 f   libs:jccolor.obj
 0001:0002ddaa       _null_method               0042edaa f   images.obj
 0001:0002ddaa       _start_pass_downsample     0042edaa f   images.obj
 0001:0005d83a       _sep_downsample            0045e83a f   libs:jcsample.obj
 0001:0005d8af       _int_downsample            0045e8af f   libs:jcsample.obj
 0001:0005d9a7       _expand_right_edge         0045e9a7 f   libs:jcsample.obj
 0001:0005d9fc       _fullsize_downsample       0045e9fc f   libs:jcsample.obj
 0001:0005da40       _h2v1_downsample           0045ea40 f   libs:jcsample.obj
 0001:0005dad4       _h2v2_downsample           0045ead4 f   libs:jcsample.obj
 0001:0005db81       _h2v2_smooth_downsample    0045eb81 f   libs:jcsample.obj
 0001:0005ddf9       _fullsize_smooth_downsample 0045edf9 f   libs:jcsample.obj
 0001:0005d236       _start_pass_prep           0045e236 f   libs:jcprepct.obj
 0001:0005d274       _pre_process_data          0045e274 f   libs:jcprepct.obj
 0001:0005d422       _pre_process_context       0045e422 f   libs:jcprepct.obj
 0001:0005d5db       _create_context_buffer     0045e5db f   libs:jcprepct.obj
 0001:0005d0ae       _start_pass_main           0045e0ae f   libs:jcmainct.obj
 0001:0005d0f0       _process_data_simple_main  0045e0f0 f   libs:jcmainct.obj
 0001:0005c684       _create_colormap           0045d684 f   libs:jquant1.obj
 0001:0005c7b6       _select_ncolors            0045d7b6 f   libs:jquant1.obj
 0001:0005c88d       _create_colorindex         0045d88d f   libs:jquant1.obj
 0001:0005c9b9       _alloc_fs_workspace        0045d9b9 f   libs:jquant1.obj
 0001:0005c9f5       _start_pass_1_quant        0045d9f5 f   libs:jquant1.obj
 0001:0005cac1       _create_odither_tables     0045dac1 f   libs:jquant1.obj
 0001:0005cb20       _make_odither_array        0045db20 f   libs:jquant1.obj
 0001:0005cb83       _color_quantize            0045db83 f   libs:jquant1.obj
 0001:0005cc0e       _color_quantize3           0045dc0e f   libs:jquant1.obj
 0001:0005cc9c       _quantize_ord_dither       0045dc9c f   libs:jquant1.obj
 0001:0005cd87       _quantize3_ord_dither      0045dd87 f   libs:jquant1.obj
 0001:0005ce87       _quantize_fs_dither        0045de87 f   libs:jquant1.obj
 0001:0002ddaa       _finish_pass_1_quant       0042edaa f   images.obj
 0001:0005d00b       _new_color_map_1_quant     0045e00b f   libs:jquant1.obj
 0001:0005b645       _init_error_limit          0045c645 f   libs:jquant2.obj
 0001:0005b6e4       _start_pass_2_quant        0045c6e4 f   libs:jquant2.obj
 0001:0005b7e6       _prescan_quantize          0045c7e6 f   libs:jquant2.obj
 0001:0005b855       _pass2_no_dither           0045c855 f   libs:jquant2.obj
 0001:0005b902       _fill_inverse_cmap         0045c902 f   libs:jquant2.obj
 0001:0005b9cd       _find_nearby_colors        0045c9cd f   libs:jquant2.obj
 0001:0005bb71       _find_best_colors          0045cb71 f   libs:jquant2.obj
 0001:0005bc8b       _pass2_fs_dither           0045cc8b f   libs:jquant2.obj
 0001:0005befa       _finish_pass1              0045cefa f   libs:jquant2.obj
 0001:0005bf1c       _select_colors             0045cf1c f   libs:jquant2.obj
 0001:0005bfa8       _update_box                0045cfa8 f   libs:jquant2.obj
 0001:0005c342       _median_cut                0045d342 f   libs:jquant2.obj
 0001:0005c456       _find_biggest_color_pop    0045d456 f   libs:jquant2.obj
 0001:0005c485       _find_biggest_volume       0045d485 f   libs:jquant2.obj
 0001:0005c4ae       _compute_color             0045d4ae f   libs:jquant2.obj
 0001:0002ddaa       _finish_pass2              0042edaa f   images.obj
 0001:0005c5ea       _new_color_map_2_quant     0045d5ea f   libs:jquant2.obj
 0001:0005b05c       _build_ycc_rgb_table       0045c05c f   libs:jdmerge.obj
 0001:0005b10c       _start_pass_merged_upsample 0045c10c f   libs:jdmerge.obj
 0001:0005b121       _merged_2v_upsample        0045c121 f   libs:jdmerge.obj
 0001:0005b1c8       _merged_1v_upsample        0045c1c8 f   libs:jdmerge.obj
 0001:0005b1f9       _h2v1_merged_upsample      0045c1f9 f   libs:jdmerge.obj
 0001:0005b34f       _h2v2_merged_upsample      0045c34f f   libs:jdmerge.obj
 0001:0005ac00       _build_ycc_rgb_table       0045bc00 f   libs:jdcolor.obj
 0001:0005acb0       _ycc_rgb_convert           0045bcb0 f   libs:jdcolor.obj
 0001:0005adbe       _null_convert              0045bdbe f   libs:jdcolor.obj
 0001:0005ae36       _grayscale_convert         0045be36 f   libs:jdcolor.obj
 0001:0005ae59       _gray_rgb_convert          0045be59 f   libs:jdcolor.obj
 0001:0005aeb2       _ycck_cmyk_convert         0045beb2 f   libs:jdcolor.obj
 0001:0002ddaa       _start_pass_dcolor         0042edaa f   images.obj
 0001:0005a661       _start_pass_upsample       0045b661 f   libs:jdsample.obj
 0001:0005a67b       _sep_upsample              0045b67b f   libs:jdsample.obj
 0001:0005a748       _fullsize_upsample         0045b748 f   libs:jdsample.obj
 0001:0005a753       _noop_upsample             0045b753 f   libs:jdsample.obj
 0001:0005a75b       _int_upsample              0045b75b f   libs:jdsample.obj
 0001:0005a845       _h2v1_upsample             0045b845 f   libs:jdsample.obj
 0001:0005a89c       _h2v2_upsample             0045b89c f   libs:jdsample.obj
 0001:0005a90e       _h2v1_fancy_upsample       0045b90e f   libs:jdsample.obj
 0001:0005a9b1       _h2v2_fancy_upsample       0045b9b1 f   libs:jdsample.obj
 0001:0005a26a       _start_pass_dpost          0045b26a f   libs:jdpostct.obj
 0001:0005a310       _post_process_1pass        0045b310 f   libs:jdpostct.obj
 0001:0005a375       _post_process_prepass      0045b375 f   libs:jdpostct.obj
 0001:0005a406       _post_process_2pass        0045b406 f   libs:jdpostct.obj
 0001:00059c71       _alloc_funny_pointers      0045ac71 f   libs:jdmainct.obj
 0001:00059d1e       _start_pass_main           0045ad1e f   libs:jdmainct.obj
 0001:00059d86       _make_funny_pointers       0045ad86 f   libs:jdmainct.obj
 0001:00059ec6       _process_data_simple_main  0045aec6 f   libs:jdmainct.obj
 0001:00059f2e       _process_data_context_main 0045af2e f   libs:jdmainct.obj
 0001:0005a040       _set_wraparound_pointers   0045b040 f   libs:jdmainct.obj
 0001:0005a12a       _set_bottom_pointers       0045b12a f   libs:jdmainct.obj
 0001:0005a1c4       _process_data_crank_post   0045b1c4 f   libs:jdmainct.obj
 0001:0005899d       _write_marker_header       0045999d f   libs:jcmarker.obj
 0001:000589f3       _emit_byte                 004599f3 f   libs:jcmarker.obj
 0001:00058a24       _write_marker_byte         00459a24 f   libs:jcmarker.obj
 0001:00058a34       _write_file_header         00459a34 f   libs:jcmarker.obj
 0001:00058a80       _emit_jfif_app0            00459a80 f   libs:jcmarker.obj
 0001:00058b53       _emit_adobe_app14          00459b53 f   libs:jcmarker.obj
 0001:00058bf9       _write_frame_header        00459bf9 f   libs:jcmarker.obj
 0001:00058cd8       _emit_dqt                  00459cd8 f   libs:jcmarker.obj
 0001:00058dc7       _emit_sof                  00459dc7 f   libs:jcmarker.obj
 0001:00058ea3       _write_scan_header         00459ea3 f   libs:jcmarker.obj
 0001:00058f63       _emit_dht                  00459f63 f   libs:jcmarker.obj
 0001:0005903c       _emit_dri                  0045a03c f   libs:jcmarker.obj
 0001:0005908b       _emit_sos                  0045a08b f   libs:jcmarker.obj
 0001:00059179       _write_file_trailer        0045a179 f   libs:jcmarker.obj
 0001:00059199       _write_tables_only         0045a199 f   libs:jcmarker.obj
 0001:000584f2       _use_merged_upsample       004594f2 f   libs:jdmaster.obj
 0001:00058598       _master_selection          00459598 f   libs:jdmaster.obj
 0001:000586f5       _prepare_range_limit_table 004596f5 f   libs:jdmaster.obj
 0001:0005877b       _prepare_for_output_pass   0045977b f   libs:jdmaster.obj
 0001:0005889c       _finish_output_pass        0045989c f   libs:jdmaster.obj
 0001:00057969       _alloc_small               00458969 f   libs:jmemmgr.obj
 0001:00057a87       _alloc_large               00458a87 f   libs:jmemmgr.obj
 0001:00057b38       _alloc_sarray              00458b38 f   libs:jmemmgr.obj
 0001:00057bd0       _alloc_barray              00458bd0 f   libs:jmemmgr.obj
 0001:00057c74       _alloc_darray              00458c74 f   libs:jmemmgr.obj
 0001:00057d1f       _request_virt_sarray       00458d1f f   libs:jmemmgr.obj
 0001:00057d80       _request_virt_barray       00458d80 f   libs:jmemmgr.obj
 0001:00057de1       _realize_virt_arrays       00458de1 f   libs:jmemmgr.obj
 0001:00057f64       _access_virt_sarray        00458f64 f   libs:jmemmgr.obj
 0001:00058084       _do_sarray_io              00459084 f   libs:jmemmgr.obj
 0001:00058114       _access_virt_barray        00459114 f   libs:jmemmgr.obj
 0001:00058239       _do_barray_io              00459239 f   libs:jmemmgr.obj
 0001:000582ca       _free_pool                 004592ca f   libs:jmemmgr.obj
 0001:000583b1       _self_destruct             004593b1 f   libs:jmemmgr.obj
 0001:00057403       _start_input_pass          00458403 f   libs:jdinput.obj
 0001:00057431       _per_scan_setup            00458431 f   libs:jdinput.obj
 0001:000575b7       _finish_input_pass         004585b7 f   libs:jdinput.obj
 0001:000575c8       _consume_markers           004585c8 f   libs:jdinput.obj
 0001:00057664       _initial_setup             00458664 f   libs:jdinput.obj
 0001:0005786e       _reset_input_controller    0045886e f   libs:jdinput.obj
 0001:00057008       _make_crc_table            00458008 f   libs:crc32.obj
 0001:00057155       _crc32_little              00458155 f   libs:crc32.obj
 0001:00056e02       _fixedtables               00457e02 f   libs:inflate.obj
 0001:00056eec       _updatewindow              00457eec f   libs:inflate.obj
 0001:00055b2a       _init_destination          00456b2a f   libs:jdatadst.obj
 0001:00055b50       _empty_output_buffer       00456b50 f   libs:jdatadst.obj
 0001:00055b92       _term_destination          00456b92 f   libs:jdatadst.obj
 0001:000556b1       _std_huff_tables           004566b1 f   libs:jcparam.obj
 0001:0005570b       _add_huff_table            0045670b f   libs:jcparam.obj
 0001:00053bfe       _next_marker               00454bfe f   libs:jdmarker.obj
 0001:00053d38       _get_interesting_appn      00454d38 f   libs:jdmarker.obj
 0001:00053e63       _examine_app0              00454e63 f   libs:jdmarker.obj
 0001:00054071       _examine_app14             00455071 f   libs:jdmarker.obj
 0001:00054132       _skip_variable             00455132 f   libs:jdmarker.obj
 0001:000541d5       _read_markers              004551d5 f   libs:jdmarker.obj
 0001:000543dd       _get_soi                   004553dd f   libs:jdmarker.obj
 0001:00054488       _get_sof                   00455488 f   libs:jdmarker.obj
 0001:00054791       _get_sos                   00455791 f   libs:jdmarker.obj
 0001:00054a7f       _get_dht                   00455a7f f   libs:jdmarker.obj
 0001:00054d20       _get_dqt                   00455d20 f   libs:jdmarker.obj
 0001:00054f7c       _get_dri                   00455f7c f   libs:jdmarker.obj
 0001:0005505b       _first_marker              0045605b f   libs:jdmarker.obj
 0001:000550f7       _read_restart_marker       004560f7 f   libs:jdmarker.obj
 0001:00055175       _reset_marker_reader       00456175 f   libs:jdmarker.obj
 0001:000539e2       _output_pass_setup         004549e2 f   libs:jdapistd.obj
 0001:000536d5       _default_decompress_parms  004546d5 f   libs:jdapimin.obj

 295 bytes saved through ICF

