 quake2

 Timestamp is 3f320518 (Thu Aug 07 11:51:52 2003)

 Preferred load address is 00400000

 Start         Length     Name                   Class
 0001:00000000 0006c260H .text                   CODE
 0002:00000000 00000330H .idata$5                DATA
 0002:00000330 00001964H .rdata                  DATA
 0002:00001c94 00000078H .idata$2                DATA
 0002:00001d0c 00000014H .idata$3                DATA
 0002:00001d20 00000330H .idata$4                DATA
 0002:00002050 00000a56H .idata$6                DATA
 0002:00002aa6 00000000H .edata                  DATA
 0003:00000000 00000004H .CRT$XCA                DATA
 0003:00000004 00000004H .CRT$XCZ                DATA
 0003:00000008 00000004H .CRT$XIA                DATA
 0003:0000000c 00000004H .CRT$XIZ                DATA
 0003:00000010 00015074H .data                   DATA
 0003:00015088 00a7e8f4H .bss                    DATA
 0004:00000000 00000130H .rsrc$01                DATA
 0004:00000130 00003f20H .rsrc$02                DATA

  Address         Publics by Value              Rva+Base     Lib:Object

 0001:00000000       _CDAudio_Play2             00401000 f   cd_win.obj
 0001:000001e5       _CDAudio_Play              004011e5 f   cd_win.obj
 0001:000001fc       _CDAudio_Stop              004011fc f   cd_win.obj
 0001:00000241       _CDAudio_Pause             00401241 f   cd_win.obj
 0001:0000029a       _CDAudio_Resume            0040129a f   cd_win.obj
 0001:0000030c       _CDAudio_MessageHandler    0040130c f   cd_win.obj
 0001:000003a3       _CDAudio_Update            004013a3 f   cd_win.obj
 0001:000003da       _CDAudio_Init              004013da f   cd_win.obj
 0001:000007d1       _CDAudio_Shutdown          004017d1 f   cd_win.obj
 0001:00000804       _CDAudio_Activate          00401804 f   cd_win.obj
 0001:00000815       _SCR_StopCinematic         00401815 f   cl_cin.obj
 0001:000008b1       _SCR_FinishCinematic       004018b1 f   cl_cin.obj
 0001:000008f3       _SCR_RunCinematic          004018f3 f   cl_cin.obj
 0001:00000d0f       _SCR_DrawCinematic         00401d0f f   cl_cin.obj
 0001:00000db3       _SCR_PlayCinematic         00401db3 f   cl_cin.obj
 0001:000010fd       _CL_ParseEntityBits        004020fd f   cl_ents.obj
 0001:0000115f       _CL_ParseDelta             0040215f f   cl_ents.obj
 0001:000014d9       _CL_DeltaEntity            004024d9 f   cl_ents.obj
 0001:00001646       _CL_ParsePacketEntities    00402646 f   cl_ents.obj
 0001:00001872       _CL_ParsePlayerstate       00402872 f   cl_ents.obj
 0001:00001b80       _CL_FireEntityEvents       00402b80 f   cl_ents.obj
 0001:00001bd2       _CL_ParseFrame             00402bd2 f   cl_ents.obj
 0001:00001e96       _CL_AddEntityBox           00402e96 f   cl_ents.obj
 0001:00001f93       _CL_OffsetThirdPersonView  00402f93 f   cl_ents.obj
 0001:00002060       _CL_CalcViewValues         00403060 f   cl_ents.obj
 0001:00002322       _CL_AddEntities            00403322 f   cl_ents.obj
 0001:00003121       _CL_GetEntitySoundOrigin   00404121 f   cl_ents.obj
 0001:0000315d       _CL_ClearLightStyles       0040415d f   cl_fx.obj
 0001:000031e1       _CL_RunLightStyles         004041e1 f   cl_fx.obj
 0001:0000327b       _CL_SetLightstyle          0040427b f   cl_fx.obj
 0001:000032e5       _CL_AllocDlight            004042e5 f   cl_fx.obj
 0001:00003355       _CL_AddDLights             00404355 f   cl_fx.obj
 0001:000033b5       _CL_ClearParticles         004043b5 f   cl_fx.obj
 0001:00003407       _CL_AllocParticleTrace     00404407 f   cl_fx.obj
 0001:000034ac       _CL_AllocParticleBeam      004044ac f   cl_fx.obj
 0001:00003516       _CL_AllocParticle          00404516 f   cl_fx.obj
 0001:00003565       _CL_UpdateParticles        00404565 f   cl_fx.obj
 0001:00003b36       _CL_MetalSparks            00404b36 f   cl_fx.obj
 0001:00003c0c       _CL_ParseMuzzleFlash       00404c0c f   cl_fx.obj
 0001:00004427       _CL_ParseMuzzleFlash2      00405427 f   cl_fx.obj
 0001:00004af4       _CL_ParticleEffect         00405af4 f   cl_fx.obj
 0001:00004bc3       _CL_ParticleEffect2        00405bc3 f   cl_fx.obj
 0001:00004c8e       _CL_ParticleEffect3        00405c8e f   cl_fx.obj
 0001:00004d5e       _CL_TeleporterParticles    00405d5e f   cl_fx.obj
 0001:00004e15       _CL_LogoutEffect           00405e15 f   cl_fx.obj
 0001:00004f00       _CL_ItemRespawnParticles   00405f00 f   cl_fx.obj
 0001:00004faf       _CL_ExplosionParticles     00405faf f   cl_fx.obj
 0001:00005059       _CL_BigTeleportParticles   00406059 f   cl_fx.obj
 0001:000051b0       _CL_BlasterParticles       004061b0 f   cl_fx.obj
 0001:0000527c       _CL_BlasterTrail           0040627c f   cl_fx.obj
 0001:00005375       _CL_FlagTrail              00406375 f   cl_fx.obj
 0001:0000547b       _CL_DiminishingTrail       0040647b f   cl_fx.obj
 0001:000056e5       _CL_RocketTrail            004066e5 f   cl_fx.obj
 0001:00005814       _CL_RailTrail              00406814 f   cl_fx.obj
 0001:00005a44       _CL_RailTrailExt           00406a44 f   cl_fx.obj
 0001:00005b3f       _CL_IonripperTrail         00406b3f f   cl_fx.obj
 0001:00005c53       _CL_BubbleTrail            00406c53 f   cl_fx.obj
 0001:00005d77       _CL_FlyParticles           00406d77 f   cl_fx.obj
 0001:00005f15       _CL_FlyEffect              00406f15 f   cl_fx.obj
 0001:00005f98       _CL_BfgParticles           00406f98 f   cl_fx.obj
 0001:00006170       _CL_TrapParticles          00407170 f   cl_fx.obj
 0001:00006412       _CL_BFGExplosionParticles  00407412 f   cl_fx.obj
 0001:000064bc       _CL_TeleportParticles      004074bc f   cl_fx.obj
 0001:000065f5       _CL_EntityEvent            004075f5 f   cl_fx.obj
 0001:000067d3       _CL_ClearEffects           004077d3 f   cl_fx.obj
 0001:000067f1       _IN_CenterView             004077f1 f   cl_input.obj
 0001:00006812       _CL_InitInput              00407812 f   cl_input.obj
 0001:00006cf2       _CL_SendCmd                00407cf2 f   cl_input.obj
 0001:000073f9       _CL_ParseInventory         004083f9 f   cl_inv.obj
 0001:00007419       _CL_DrawInventory          00408419 f   cl_inv.obj
 0001:00007690       _CL_WriteDemoMessage       00408690 f   cl_main.obj
 0001:000076d2       _CL_Stop_f                 004086d2 f   cl_main.obj
 0001:0000772d       _CL_Record_f               0040872d f   cl_main.obj
 0001:000079d0       _Cmd_ForwardToServer       004089d0 f   cl_main.obj
 0001:00007a3c       _CL_Setenv_f               00408a3c f   cl_main.obj
 0001:00007b00       _CL_ForwardToServer_f      00408b00 f   cl_main.obj
 0001:00007b4e       _CL_Pause_f                00408b4e f   cl_main.obj
 0001:00007b90       _CL_Quit_f                 00408b90 f   cl_main.obj
 0001:00007b9a       _CL_Drop                   00408b9a f   cl_main.obj
 0001:00007bbc       _CL_SendConnectPacket      00408bbc f   cl_main.obj
 0001:00007c93       _CL_CheckForResend         00408c93 f   cl_main.obj
 0001:00007d97       _CL_Connect_f              00408d97 f   cl_main.obj
 0001:00007e16       _CL_Rcon_f                 00408e16 f   cl_main.obj
 0001:00007f21       _CL_ClearState             00408f21 f   cl_main.obj
 0001:00007f60       _CL_Disconnect             00408f60 f   cl_main.obj
 0001:00008099       _CL_Disconnect_f           00409099 f   cl_main.obj
 0001:000080a8       _CL_Changing_f             004090a8 f   cl_main.obj
 0001:000080cc       _CL_Reconnect_f            004090cc f   cl_main.obj
 0001:00008168       _CL_PingServers_f          00409168 f   cl_main.obj
 0001:000082d0       _CL_Skins_f                004092d0 f   cl_main.obj
 0001:0000830c       _CL_ConnectionlessPacket   0040930c f   cl_main.obj
 0001:0000866a       _CL_ReadPackets            0040966a f   cl_main.obj
 0001:00008755       _CL_FixUpGender            00409755 f   cl_main.obj
 0001:00008806       _CL_Userinfo_f             00409806 f   cl_main.obj
 0001:0000881e       _CL_Snd_Restart_f          0040981e f   cl_main.obj
 0001:0000882d       _CL_RequestNextDownload    0040982d f   cl_main.obj
 0001:00008e70       _CL_Precache_f             00409e70 f   cl_main.obj
 0001:00008f36       _CL_WriteConfiguration     00409f36 f   cl_main.obj
 0001:00008fda       _CL_WriteConfig_f          00409fda f   cl_main.obj
 0001:00009039       _CL_InitLocal              0040a039 f   cl_main.obj
 0001:00009259       _CL_FixCvarCheats          0040a259 f   cl_main.obj
 0001:000092aa       _CL_Frame                  0040a2aa f   cl_main.obj
 0001:000094ed       _CL_Init                   0040a4ed f   cl_main.obj
 0001:0000953a       _CL_Shutdown               0040a53a f   cl_main.obj
 0001:00009580       _vectoangles2              0040a580 f   cl_newfx.obj
 0001:00009682       _CL_Flashlight             0040a682 f   cl_newfx.obj
 0001:000096bc       _CL_ColorFlash             0040a6bc f   cl_newfx.obj
 0001:000096f8       _CL_DebugTrail             0040a6f8 f   cl_newfx.obj
 0001:000097ef       _CL_ForceWall              0040a7ef f   cl_newfx.obj
 0001:00009929       _CL_BubbleTrail2           0040a929 f   cl_newfx.obj
 0001:00009a59       _CL_Heatbeam               0040aa59 f   cl_newfx.obj
 0001:00009ccb       _CL_ParticleSteamEffect    0040accb f   cl_newfx.obj
 0001:00009dd7       _CL_ParticleSteamEffect2   0040add7 f   cl_newfx.obj
 0001:00009ef6       _CL_TrackerTrail           0040aef6 f   cl_newfx.obj
 0001:0000a03b       _CL_Tracker_Shell          0040b03b f   cl_newfx.obj
 0001:0000a0b2       _CL_MonsterPlasma_Shell    0040b0b2 f   cl_newfx.obj
 0001:0000a126       _CL_Widowbeamout           0040b126 f   cl_newfx.obj
 0001:0000a1cd       _CL_Nukeblast              0040b1cd f   cl_newfx.obj
 0001:0000a274       _CL_WidowSplash            0040b274 f   cl_newfx.obj
 0001:0000a32f       _CL_TagTrail               0040b32f f   cl_newfx.obj
 0001:0000a435       _CL_ColorExplosionParticles 0040b435 f   cl_newfx.obj
 0001:0000a4e2       _CL_ParticleSmokeEffect    0040b4e2 f   cl_newfx.obj
 0001:0000a5ec       _CL_BlasterParticles2      0040b5ec f   cl_newfx.obj
 0001:0000a6b9       _CL_BlasterTrail2          0040b6b9 f   cl_newfx.obj
 0001:0000a7b2       _CL_DownloadFileName       0040b7b2 f   cl_parse.obj
 0001:0000a7f1       _CL_CheckOrDownloadFile    0040b7f1 f   cl_parse.obj
 0001:0000aa2c       _CL_Download_f             0040ba2c f   cl_parse.obj
 0001:0000aaf7       _CL_RegisterSounds         0040baf7 f   cl_parse.obj
 0001:0000ab36       _CL_ParseDownload          0040bb36 f   cl_parse.obj
 0001:0000aca3       _CL_ParseServerData        0040bca3 f   cl_parse.obj
 0001:0000ada9       _CL_ParseBaseline          0040bda9 f   cl_parse.obj
 0001:0000adf1       _CL_LoadClientinfo         0040bdf1 f   cl_parse.obj
 0001:0000b0e0       _CL_ParseClientinfo        0040c0e0 f   cl_parse.obj
 0001:0000b104       _CL_ParseConfigString      0040c104 f   cl_parse.obj
 0001:0000b2a6       _CL_ParseStartSoundPacket  0040c2a6 f   cl_parse.obj
 0001:0000b3a8       _CL_ParseServerMessage     0040c3a8 f   cl_parse.obj
 0001:0000b6a2       _CL_CheckPredictionError   0040c6a2 f   cl_pred.obj
 0001:0000b7e0       _CL_ClipMoveToEntities     0040c7e0 f   cl_pred.obj
 0001:0000bac6       _CL_PMTrace                0040cac6 f   cl_pred.obj
 0001:0000bb2b       _CL_PMpointcontents        0040cb2b f   cl_pred.obj
 0001:0000bc5e       _CL_PredictMovement        0040cc5e f   cl_pred.obj
 0001:0000be96       _CL_AddNetgraph            0040ce96 f   cl_scrn.obj
 0001:0000bf70       _SCR_DebugGraph            0040cf70 f   cl_scrn.obj
 0001:0000bf98       _SCR_DrawDebugGraph        0040cf98 f   cl_scrn.obj
 0001:0000c092       _SCR_CenterPrint           0040d092 f   cl_scrn.obj
 0001:0000c1a3       _SCR_DrawCenterString      0040d1a3 f   cl_scrn.obj
 0001:0000c2f8       _SCR_SizeUp_f              0040d2f8 f   cl_scrn.obj
 0001:0000c311       _SCR_SizeDown_f            0040d311 f   cl_scrn.obj
 0001:0000c332       _SCR_Sky_f                 0040d332 f   cl_scrn.obj
 0001:0000c3dd       _SCR_Init                  0040d3dd f   cl_scrn.obj
 0001:0000c442       _SCR_DrawPause             0040d442 f   cl_scrn.obj
 0001:0000c4ab       _SCR_RunConsole            0040d4ab f   cl_scrn.obj
 0001:0000c58d       _SCR_DrawConsole           0040d58d f   cl_scrn.obj
 0001:0000c625       _SCR_SetLevelshot          0040d625 f   cl_scrn.obj
 0001:0000c690       _SCR_DrawLoading           0040d690 f   cl_scrn.obj
 0001:0000c749       _SCR_BeginLoadingPlaque    0040d749 f   cl_scrn.obj
 0001:0000c7a9       _SCR_EndLoadingPlaque      0040d7a9 f   cl_scrn.obj
 0001:0000c7c7       _SCR_Loading_f             0040d7c7 f   cl_scrn.obj
 0001:0000c7cc       _SCR_TimeRefresh_f         0040d7cc f   cl_scrn.obj
 0001:0000c8a3       _SCR_AddDirtyPoint         0040d8a3 f   cl_scrn.obj
 0001:0000c8e0       _SCR_DirtyScreen           0040d8e0 f   cl_scrn.obj
 0001:0000c95b       _SCR_TileClear             0040d95b f   cl_scrn.obj
 0001:0000cb36       _DrawHUDString             0040db36 f   cl_scrn.obj
 0001:0000cbe8       _SCR_DrawField             0040dbe8 f   cl_scrn.obj
 0001:0000cd0c       _SCR_TouchPics             0040dd0c f   cl_scrn.obj
 0001:0000cd9f       _SCR_ExecuteLayoutString   0040dd9f f   cl_scrn.obj
 0001:0000d750       _SCR_UpdateScreen          0040e750 f   cl_scrn.obj
 0001:0000da70       _CL_RegisterTEntSounds     0040ea70 f   cl_tent.obj
 0001:0000dca8       _CL_RegisterTEntModels     0040eca8 f   cl_tent.obj
 0001:0000de2e       _CL_ClearTEnts             0040ee2e f   cl_tent.obj
 0001:0000de85       _CL_AllocExplosion         0040ee85 f   cl_tent.obj
 0001:0000df28       _CL_AddExplosions          0040ef28 f   cl_tent.obj
 0001:0000e0fe       _CL_SmokeAndFlash          0040f0fe f   cl_tent.obj
 0001:0000e146       _CL_ParseBeam              0040f146 f   cl_tent.obj
 0001:0000e235       _CL_ParseBeam2             0040f235 f   cl_tent.obj
 0001:0000e335       _CL_ParsePlayerBeam        0040f335 f   cl_tent.obj
 0001:0000e471       _CL_ParseLightning         0040f471 f   cl_tent.obj
 0001:0000e547       _CL_ParseLaser             0040f547 f   cl_tent.obj
 0001:0000e5ec       _CL_ParseSteam             0040f5ec f   cl_tent.obj
 0001:0000e6fd       _CL_ParseWidow             0040f6fd f   cl_tent.obj
 0001:0000e769       _CL_ParseNuke              0040f769 f   cl_tent.obj
 0001:0000e7d3       _CL_ParseTEnt              0040f7d3 f   cl_tent.obj
 0001:0000f613       _CL_AddBeams               00410613 f   cl_tent.obj
 0001:0000f968       _CL_AddPlayerBeams         00410968 f   cl_tent.obj
 0001:00010062       _CL_AddLasers              00411062 f   cl_tent.obj
 0001:00010087       _CL_ProcessSustain         00411087 f   cl_tent.obj
 0001:000100c8       _CL_AddTEnts               004110c8 f   cl_tent.obj
 0001:000100e1       _V_AddEntity               004110e1 f   cl_view.obj
 0001:00010110       _V_AddLight                00411110 f   cl_view.obj
 0001:0001015b       _V_TestParticles           0041115b f   cl_view.obj
 0001:00010219       _V_TestEntities            00411219 f   cl_view.obj
 0001:000102bb       _V_TestLights              004112bb f   cl_view.obj
 0001:0001038e       _CL_PrepRefresh            0041138e f   cl_view.obj
 0001:00010661       _CalcFov                   00411661 f   cl_view.obj
 0001:000106da       _V_Gun_Next_f              004116da f   cl_view.obj
 0001:000106f3       _V_Gun_Prev_f              004116f3 f   cl_view.obj
 0001:00010715       _V_Gun_Model_f             00411715 f   cl_view.obj
 0001:00010749       _SCR_DrawCrosshair         00411749 f   cl_view.obj
 0001:000107be       _V_RenderView              004117be f   cl_view.obj
 0001:00011602       _V_Init                    00412602 f   cl_view.obj
 0001:000117fc       _Cbuf_Init                 004127fc f   cmd.obj
 0001:00011814       _Cbuf_AddText              00412814 f   cmd.obj
 0001:00011870       _Cbuf_InsertText           00412870 f   cmd.obj
 0001:000118c8       _Cbuf_CopyToDefer          004128c8 f   cmd.obj
 0001:000118f4       _Cbuf_InsertFromDefer      004128f4 f   cmd.obj
 0001:00011907       _Cbuf_Execute              00412907 f   cmd.obj
 0001:000119ed       _Cmd_Exec_f                004129ed f   cmd.obj
 0001:00011a72       _Cmd_Echo_f                00412a72 f   cmd.obj
 0001:00011ab4       _Cmd_Alias_f               00412ab4 f   cmd.obj
 0001:00011bdb       _Cmd_Unalias_f             00412bdb f   cmd.obj
 0001:00011c67       _Cmd_WriteAliases          00412c67 f   cmd.obj
 0001:00011c90       _Cmd_Argc                  00412c90 f   cmd.obj
 0001:00011c96       _Cmd_Argv                  00412c96 f   cmd.obj
 0001:00011cb0       _Cmd_Args                  00412cb0 f   cmd.obj
 0001:00011cb6       _Cmd_TokenizeString        00412cb6 f   cmd.obj
 0001:00011f90       _Cmd_AddCommand            00412f90 f   cmd.obj
 0001:00011ff8       _Cmd_RemoveCommand         00412ff8 f   cmd.obj
 0001:0001203a       _Cmd_ExecuteString         0041303a f   cmd.obj
 0001:00012112       _Cmd_Init                  00413112 f   cmd.obj
 0001:00012215       _CMod_GetSurfMaterial      00413215 f   cmodel.obj
 0001:00012272       _CM_LoadMap                00413272 f   cmodel.obj
 0001:00012a41       _CM_InlineModel            00413a41 f   cmodel.obj
 0001:00012a90       _CM_NumClusters            00413a90 f   cmodel.obj
 0001:00012a96       _CM_NumInlineModels        00413a96 f   cmodel.obj
 0001:00012a9c       _CM_EntityString           00413a9c f   cmodel.obj
 0001:00012aa2       _CM_LeafContents           00413aa2 f   cmodel.obj
 0001:00012acc       _CM_LeafCluster            00413acc f   cmodel.obj
 0001:00012af7       _CM_LeafArea               00413af7 f   cmodel.obj
 0001:00012b22       _CM_InitBoxHull            00413b22 f   cmodel.obj
 0001:00012d01       _CM_HeadnodeForBox         00413d01 f   cmodel.obj
 0001:00012db6       _CM_PointLeafnum           00413db6 f   cmodel.obj
 0001:00012e39       _CM_BoxLeafnums            00413e39 f   cmodel.obj
 0001:00012f53       _CM_PointContents          00413f53 f   cmodel.obj
 0001:00012f78       _CM_TransformedPointContents 00413f78 f   cmodel.obj
 0001:0001305d       _CM_TransformedPointContents2 0041405d f   cmodel.obj
 0001:000130f8       _CM_BoxTrace               004140f8 f   cmodel.obj
 0001:00013ab4       _CM_TransformedBoxTrace    00414ab4 f   cmodel.obj
 0001:00013d0a       _CM_TransformedBoxTrace2   00414d0a f   cmodel.obj
 0001:00013ea2       _CM_BrushTrace             00414ea2 f   cmodel.obj
 0001:0001425c       _CM_RefineBrushTrace       0041525c f   cmodel.obj
 0001:000142ac       _CM_DecompressVis          004152ac f   cmodel.obj
 0001:00014335       _CM_ClusterPVS             00415335 f   cmodel.obj
 0001:00014382       _CM_ClusterPHS             00415382 f   cmodel.obj
 0001:000143cf       _FloodAreaConnections      004153cf f   cmodel.obj
 0001:0001448a       _CM_SetAreaPortalState     0041548a f   cmodel.obj
 0001:000144b7       _CM_AreasConnected         004154b7 f   cmodel.obj
 0001:00014505       _CM_WriteAreaBits          00415505 f   cmodel.obj
 0001:00014595       _CM_WritePortalState       00415595 f   cmodel.obj
 0001:000145af       _CM_ReadPortalState        004155af f   cmodel.obj
 0001:000145cd       _CM_HeadnodeVisible        004155cd f   cmodel.obj
 0001:00014635       _Com_BeginRedirect         00415635 f   common.obj
 0001:00014672       _Com_EndRedirect           00415672 f   common.obj
 0001:0001469d       _Com_Printf                0041569d f   common.obj
 0001:000147fc       _Com_DPrintf               004157fc f   common.obj
 0001:00014860       _DebugPrintf               00415860 f   common.obj
 0001:00014908       _Com_WPrintf               00415908 f   common.obj
 0001:00014961       _Com_Error                 00415961 f   common.obj
 0001:00014a5c       _Com_Quit                  00415a5c f   common.obj
 0001:00014a8c       _MatchWildcard             00415a8c f   common.obj
 0001:00014be3       _MatchWildcard2            00415be3 f   common.obj
 0001:00014c2f       _IPWildcard                00415c2f f   common.obj
 0001:00014d0a       _Com_ServerState           00415d0a f   common.obj
 0001:00014d10       _Com_SetServerState        00415d10 f   common.obj
 0001:00014d1a       _MSG_WriteChar             00415d1a f   common.obj
 0001:00014d1a       _MSG_WriteByte             00415d1a f   common.obj
 0001:00014d2e       _MSG_WriteShort            00415d2e f   common.obj
 0001:00014d48       _MSG_WriteLong             00415d48 f   common.obj
 0001:00014d72       _MSG_WriteFloat            00415d72 f   common.obj
 0001:00014d98       _MSG_WriteString           00415d98 f   common.obj
 0001:00014dd0       _MSG_WriteCoord            00415dd0 f   common.obj
 0001:00014dff       _MSG_WritePos              00415dff f   common.obj
 0001:00014e81       _MSG_WriteAngle            00415e81 f   common.obj
 0001:00014eaa       _MSG_WriteAngle16          00415eaa f   common.obj
 0001:00014ee5       _MSG_WriteDeltaUsercmd     00415ee5 f   common.obj
 0001:0001506d       _MSG_WriteDir              0041606d f   common.obj
 0001:000150da       _MSG_ReadDir               004160da f   common.obj
 0001:00015118       _MSG_WriteDeltaEntity      00416118 f   common.obj
 0001:00015622       _MSG_BeginReading          00416622 f   common.obj
 0001:0001562b       _MSG_ReadChar              0041662b f   common.obj
 0001:0001564c       _MSG_ReadByte              0041664c f   common.obj
 0001:0001566d       _MSG_ReadShort             0041666d f   common.obj
 0001:0001569d       _MSG_ReadLong              0041669d f   common.obj
 0001:000156dc       _MSG_ReadString            004166dc f   common.obj
 0001:0001570f       _MSG_ReadCoord             0041670f f   common.obj
 0001:00015729       _MSG_ReadPos               00416729 f   common.obj
 0001:0001577b       _MSG_ReadAngle             0041677b f   common.obj
 0001:00015795       _MSG_ReadAngle16           00416795 f   common.obj
 0001:000157af       _MSG_ReadDeltaUsercmd      004167af f   common.obj
 0001:00015866       _MSG_ReadData              00416866 f   common.obj
 0001:00015889       _SZ_Init                   00416889 f   common.obj
 0001:000158ab       _SZ_Clear                  004168ab f   common.obj
 0001:000158b8       _SZ_GetSpace               004168b8 f   common.obj
 0001:0001591e       _SZ_Write                  0041691e f   common.obj
 0001:0001593f       _SZ_Print                  0041693f f   common.obj
 0001:00015988       _Info_Print                00416988 f   common.obj
 0001:00015a45       _COM_BlockSequenceCRCByte  00416a45 f   common.obj
 0001:00015ad1       _frand                     00416ad1 f   common.obj
 0001:00015aee       _crand                     00416aee f   common.obj
 0001:00015b11       _COM_CheckCmdlineVar       00416b11 f   common.obj
 0001:00015b67       _QCommon_Init              00416b67 f   common.obj
 0001:00015ebd       _QCommon_Frame             00416ebd f   common.obj
 0001:000161ea       _DeinitConProc             004171ea f   conproc.obj
 0001:000161fb       _DrawStringCommon          004171fb f   console.obj
 0001:00016258       _DrawString                00417258 f   console.obj
 0001:0001627a       _DrawAltString             0041727a f   console.obj
 0001:0001629f       _Con_ToggleConsole_f       0041729f f   console.obj
 0001:0001630e       _Con_ClearNotify           0041730e f   console.obj
 0001:0001631c       _Con_CheckResize           0041731c f   console.obj
 0001:0001643c       _Con_Init                  0041743c f   console.obj
 0001:000166de       _Con_Print                 004176de f   console.obj
 0001:000169ae       _Con_DrawNotify            004179ae f   console.obj
 0001:00016c08       _Con_DrawConsole           00417c08 f   console.obj
 0001:00017144       _CRC_Block                 00418144 f   crc.obj
 0001:00017180       _Cvar_VariableValue        00418180 f   cvar.obj
 0001:000171ee       _Cvar_VariableInt          004181ee f   cvar.obj
 0001:00017201       _Cvar_VariableString       00418201 f   cvar.obj
 0001:00017219       _Cvar_Get                  00418219 f   cvar.obj
 0001:000174ad       _Cvar_GetVars              004184ad f   cvar.obj
 0001:00017501       _Cvar_FullSet              00418501 f   cvar.obj
 0001:0001755e       _Cvar_SetValue             0041855e f   cvar.obj
 0001:000177ac       _Cvar_SetInteger           004187ac f   cvar.obj
 0001:000177ce       _Cvar_Set                  004187ce f   cvar.obj
 0001:000177e3       _Cvar_ForceSet             004187e3 f   cvar.obj
 0001:000177f8       _Cvar_Clamp                004187f8 f   cvar.obj
 0001:00017882       _Cvar_ClampName            00418882 f   cvar.obj
 0001:000178d3       _Cvar_GetLatchedVars       004188d3 f   cvar.obj
 0001:00017902       _Cvar_Command              00418902 f   cvar.obj
 0001:000179ae       _Cvar_WriteVariables       004189ae f   cvar.obj
 0001:00017a28       _Cvar_BitInfo              00418a28 f   cvar.obj
 0001:00017a61       _Cvar_Userinfo             00418a61 f   cvar.obj
 0001:00017a6a       _Cvar_Serverinfo           00418a6a f   cvar.obj
 0001:00017a73       _Cvar_Cheats               00418a73 f   cvar.obj
 0001:00017ac9       _Cvar_Init                 00418ac9 f   cvar.obj
 0001:00018114       _FS_CreatePath             00419114 f   files.obj
 0001:0001815e       _FS_CopyFile               0041915e f   files.obj
 0001:00018261       _FS_CopyFiles              00419261 f   files.obj
 0001:00018334       _FS_RemoveFiles            00419334 f   files.obj
 0001:000183a8       _Developer_searchpath      004193a8 f   files.obj
 0001:000183ed       _FS_FCloseFile             004193ed f   files.obj
 0001:00018483       _FS_FOpenFile              00419483 f   files.obj
 0001:000189ab       _FS_FileExists             004199ab f   files.obj
 0001:00018be5       _FS_Read                   00419be5 f   files.obj
 0001:00018e2d       _FS_LoadFile               00419e2d f   files.obj
 0001:00018e8f       _FS_FreeFile               00419e8f f   files.obj
 0001:00018e9a       _FS_Gamedir                00419e9a f   files.obj
 0001:00018eae       _FS_LoadGameConfig         00419eae f   files.obj
 0001:00018f73       _FS_SetGamedir             00419f73 f   files.obj
 0001:00019614       _FS_ListFiles              0041a614 f   files.obj
 0001:0001991f       _FS_NextPath               0041a91f f   files.obj
 0001:00019943       _FS_InitFilesystem         0041a943 f   files.obj
 0001:0001a307       _LoadPCX                   0041b307 f   images.obj
 0001:0001a43e       _LoadTGA                   0041b43e f   images.obj
 0001:0001a631       _LoadJPG                   0041b631 f   images.obj
 0001:0001a8c4       _ImageExists               0041b8c4 f   images.obj
 0001:0001a9be       _WriteTGA                  0041b9be f   images.obj
 0001:0001abaf       _WriteJPG                  0041bbaf f   images.obj
 0001:0001acd7       _IN_MLookDown              0041bcd7 f   in_win.obj
 0001:0001ace2       _IN_MLookUp                0041bce2 f   in_win.obj
 0001:0001ad05       _IN_StartupMouse           0041bd05 f   in_win.obj
 0001:0001ad5f       _IN_MouseEvent             0041bd5f f   in_win.obj
 0001:0001addc       _IN_Init                   0041bddc f   in_win.obj
 0001:0001ae22       _IN_Shutdown               0041be22 f   in_win.obj
 0001:0001af0f       _IN_Activate               0041bf0f f   in_win.obj
 0001:0001af26       _IN_Frame                  0041bf26 f   in_win.obj
 0001:0001b327       _IN_Move                   0041c327 f   in_win.obj
 0001:0001b4f2       _IN_StartupJoystick        0041c4f2 f   in_win.obj
 0001:0001b613       _Joy_AdvancedUpdate_f      0041c613 f   in_win.obj
 0001:0001b7aa       _IN_Commands               0041c7aa f   in_win.obj
 0001:0001b8d9       _IN_ReadJoystick           0041c8d9 f   in_win.obj
 0001:0001b914       _IN_JoyMove                0041c914 f   in_win.obj
 0001:0001bc64       _Key_StringToKeynum        0041cc64 f   keys.obj
 0001:0001bcae       _Key_KeynumToString        0041ccae f   keys.obj
 0001:0001bd01       _Key_Console               0041cd01 f   keys.obj
 0001:0001ca46       _Key_Message               0041da46 f   keys.obj
 0001:0001cad7       _Key_SetBinding            0041dad7 f   keys.obj
 0001:0001cb31       _Key_Bindlist_f            0041db31 f   keys.obj
 0001:0001cbcd       _Key_WriteBindings         0041dbcd f   keys.obj
 0001:0001cc0b       _Key_Init                  0041dc0b f   keys.obj
 0001:0001cee1       _Key_Event                 0041dee1 f   keys.obj
 0001:0001d1d8       _Key_ClearStates           0041e1d8 f   keys.obj
 0001:0001d21d       _Key_ClearTyping           0041e21d f   keys.obj
 0001:0001d236       _MD4Init                   0041e236 f   md4.obj
 0001:0001d25e       _MD4Update                 0041e25e f   md4.obj
 0001:0001d2fc       _MD4Final                  0041e2fc f   md4.obj
 0001:0001d9ed       _Com_BlockChecksum         0041e9ed f   md4.obj
 0001:0001da29       _Z_Free                    0041ea29 f   memory.obj
 0001:0001da7f       _Z_FreeTags                0041ea7f f   memory.obj
 0001:0001daaf       _Z_TagMalloc               0041eaaf f   memory.obj
 0001:0001db20       _Z_Malloc                  0041eb20 f   memory.obj
 0001:0001db42       _Z_BlockMalloc             0041eb42 f   memory.obj
 0001:0001db5d       _CreateMemoryChain         0041eb5d f   memory.obj
 0001:0001dbc5       _FreeMemoryChain           0041ebc5 f   memory.obj
 0001:0001dbef       _AllocChainBlock           0041ebef f   memory.obj
 0001:0001dc3a       _CopyString                0041ec3a f   memory.obj
 0001:0001dc5e       _ChainCopyString           0041ec5e f   memory.obj
 0001:0001dc86       _AllocNamedStruc           0041ec86 f   memory.obj
 0001:0001dcc1       _ChainAllocNamedStruc      0041ecc1 f   memory.obj
 0001:0001dd00       _FindNamedStruc            0041ed00 f   memory.obj
 0001:0001dd44       _FindNamedStrucByIndex     0041ed44 f   memory.obj
 0001:0001dd5b       _IndexOfNamedStruc         0041ed5b f   memory.obj
 0001:0001dd89       _AddToNamedList            0041ed89 f   memory.obj
 0001:0001ddd3       _ChainAddToNamedList       0041edd3 f   memory.obj
 0001:0001de1d       _FreeNamedList             0041ee1d f   memory.obj
 0001:0001de38       _Z_Init                    0041ee38 f   memory.obj
 0001:0001de73       _M_PushMenu                0041ee73 f   menu.obj
 0001:0001df30       _M_ForceMenuOff            0041ef30 f   menu.obj
 0001:0001df5d       _M_PopMenu                 0041ef5d f   menu.obj
 0001:0001dfb1       _Default_MenuKey           0041efb1 f   menu.obj
 0001:0001e0db       _M_Print                   0041f0db f   menu.obj
 0001:0001e126       _M_DrawTextBox             0041f126 f   menu.obj
 0001:0001e312       _M_Main_Draw               0041f312 f   menu.obj
 0001:0001e499       _M_Main_Key                0041f499 f   menu.obj
 0001:0001e57d       _M_Menu_Main_f             0041f57d f   menu.obj
 0001:0001e599       _M_Menu_Multiplayer_f      0041f599 f   menu.obj
 0001:0001e71e       _M_Menu_Keys_f             0041f71e f   menu.obj
 0001:0001ebfb       _M_Menu_Options_f          0041fbfb f   menu.obj
 0001:0001f56a       _M_Menu_Video_f            0042056a f   menu.obj
 0001:0001f58b       _M_Menu_Credits_f          0042058b f   menu.obj
 0001:0001f75b       _M_Menu_Game_f             0042075b f   menu.obj
 0001:0001f9ee       _M_Menu_LoadGame_f         004209ee f   menu.obj
 0001:0001fcc1       _M_Menu_SaveGame_f         00420cc1 f   menu.obj
 0001:0001fe21       _M_AddToServerList         00420e21 f   menu.obj
 0001:0001fe9f       _M_Menu_JoinServer_f       00420e9f f   menu.obj
 0001:00020103       _M_Menu_StartServer_f      00421103 f   menu.obj
 0001:0002092e       _M_Menu_DMOptions_f        0042192e f   menu.obj
 0001:000210ae       _M_Menu_DownloadOptions_f  004220ae f   menu.obj
 0001:00021330       _M_Menu_AddressBook_f      00422330 f   menu.obj
 0001:000226eb       _M_Init                    004236eb f   menu.obj
 0001:0002280f       _M_Draw                    0042380f f   menu.obj
 0001:000228a9       _M_Keydown                 004238a9 f   menu.obj
 0001:000228c5       _LoadQ2BspFile             004238c5 f   model.obj
 0001:00022e8e       _LoadBspFile               00423e8e f   model.obj
 0001:00022fae       _ProcessEntstring          00423fae f   model.obj
 0001:00023e37       _Netchan_Init              00424e37 f   net_chan.obj
 0001:00023e97       _Netchan_OutOfBand         00424e97 f   net_chan.obj
 0001:00023ef7       _Netchan_OutOfBandPrint    00424ef7 f   net_chan.obj
 0001:00023f37       _Netchan_Setup             00424f37 f   net_chan.obj
 0001:00023f92       _Netchan_NeedReliable      00424f92 f   net_chan.obj
 0001:00023fbe       _Netchan_Transmit          00424fbe f   net_chan.obj
 0001:00024162       _Netchan_Process           00425162 f   net_chan.obj
 0001:00024289       _NetadrToSockadr           00425289 f   net_wins.obj
 0001:0002432b       _SockadrToNetadr           0042532b f   net_wins.obj
 0001:0002438e       _NET_CompareAdr            0042538e f   net_wins.obj
 0001:000243f4       _NET_CompareBaseAdr        004253f4 f   net_wins.obj
 0001:0002444d       _NET_AdrToString           0042544d f   net_wins.obj
 0001:00024506       _NET_StringToSockaddr      00425506 f   net_wins.obj
 0001:0002473f       _NET_StringToAdr           0042573f f   net_wins.obj
 0001:00024798       _NET_IsLocalAddress        00425798 f   net_wins.obj
 0001:000247a4       _NET_GetLoopPacket         004257a4 f   net_wins.obj
 0001:0002482b       _NET_SendLoopPacket        0042582b f   net_wins.obj
 0001:00024877       _NET_GetPacket             00425877 f   net_wins.obj
 0001:00024995       _NET_SendPacket            00425995 f   net_wins.obj
 0001:00024a6f       _NET_IPSocket              00425a6f f   net_wins.obj
 0001:00024b85       _NET_OpenIP                00425b85 f   net_wins.obj
 0001:00024c01       _NET_OpenIPX               00425c01 f   net_wins.obj
 0001:00024d59       _NET_Config                00425d59 f   net_wins.obj
 0001:00024dec       _NET_Init                  00425dec f   net_wins.obj
 0001:00024e56       _Pmove                     00425e56 f   pmove.obj
 0001:000269b6       _NormalizeColor            004279b6 f   q_shared2.obj
 0001:00026a22       _NormalizeColor255         00427a22 f   q_shared2.obj
 0001:00026a92       _Q_rsqrt                   00427a92 f   q_shared2.obj
 0001:00026ac2       _RotatePointAroundVector   00427ac2 f   q_shared2.obj
 0001:00026c32       _AngleVectors              00427c32 f   q_shared2.obj
 0001:00026d93       _ProjectPointOnPlane       00427d93 f   q_shared2.obj
 0001:00026e12       _PerpendicularVector       00427e12 f   q_shared2.obj
 0001:00026e91       _MakeNormalVectors         00427e91 f   q_shared2.obj
 0001:00026ef8       _MatrixMultiply            00427ef8 f   q_shared2.obj
 0001:00026fdf       _R_ConcatTransforms        00427fdf f   q_shared2.obj
 0001:00027119       _SetPlaneSignbits          00428119 f   q_shared2.obj
 0001:00027149       _LerpAngle                 00428149 f   q_shared2.obj
 0001:0002718c       _anglemod                  0042818c f   q_shared2.obj
 0001:000271b8       _BoxOnPlaneSide            004281b8 f   q_shared2.obj
 0001:000272d4       _ClearBounds               004282d4 f   q_shared2.obj
 0001:000272fd       _AddPointToBounds          004282fd f   q_shared2.obj
 0001:00027336       _VectorCompare             00428336 f   q_shared2.obj
 0001:00027364       _VectorNormalize           00428364 f   q_shared2.obj
 0001:000273b8       _VectorNormalize2          004283b8 f   q_shared2.obj
 0001:00027410       _VectorNormalizeFast       00428410 f   q_shared2.obj
 0001:00027453       _VectorMA                  00428453 f   q_shared2.obj
 0001:00027482       _CrossProduct              00428482 f   q_shared2.obj
 0001:000274bd       _VectorLength              004284bd f   q_shared2.obj
 0001:000274ec       _VectorDistance            004284ec f   q_shared2.obj
 0001:0002751d       _VectorInverse             0042851d f   q_shared2.obj
 0001:00027538       _VectorScale               00428538 f   q_shared2.obj
 0001:0002755c       _AnglesToAxis              0042855c f   q_shared2.obj
 0001:000275a1       _COM_FilePath              004285a1 f   q_shared2.obj
 0001:000275d7       _ShortSwap                 004285d7 f   q_shared2.obj
 0001:000275ec       _va                        004285ec f   q_shared2.obj
 0001:00027639       _COM_ParseExt              00428639 f   q_shared2.obj
 0001:00027734       _Com_PageInMemory          00428734 f   q_shared2.obj
 0001:00027753       _Q_stricmp                 00428753 f   q_shared2.obj
 0001:00027764       _Q_strncasecmp             00428764 f   q_shared2.obj
 0001:000277bc       _Q_strcasecmp              004287bc f   q_shared2.obj
 0001:000277d2       _Q_strncpyz                004287d2 f   q_shared2.obj
 0001:000277f6       _Q_strncpylower            004287f6 f   q_shared2.obj
 0001:00027830       _Q_CopyFilename            00428830 f   q_shared2.obj
 0001:000278ca       _Com_sprintf               004288ca f   q_shared2.obj
 0001:00027910       _Info_ValueForKey          00428910 f   q_shared2.obj
 0001:0002799b       _Info_RemoveKey            0042899b f   q_shared2.obj
 0001:00027a21       _Info_SetValueForKey       00428a21 f   q_shared2.obj
 0001:00027b5f       _Field_Draw                00428b5f f   qmenu.obj
 0001:00027d73       _Field_Key                 00428d73 f   qmenu.obj
 0001:00027fdc       _Menu_AddItem              00428fdc f   qmenu.obj
 0001:00028011       _Menu_AdjustCursor         00429011 f   qmenu.obj
 0001:00028150       _Menu_Center               00429150 f   qmenu.obj
 0001:00028188       _Menu_DrawDotsItem         00429188 f   qmenu.obj
 0001:000281ed       _Menu_Draw                 004291ed f   qmenu.obj
 0001:0002849e       _Menu_ItemAtCursor         0042949e f   qmenu.obj
 0001:000284b6       _Menu_SelectItem           004294b6 f   qmenu.obj
 0001:000284f8       _Menu_SetStatusBar         004294f8 f   qmenu.obj
 0001:00028507       _Menu_SlideItem            00429507 f   qmenu.obj
 0001:00028557       _Menu_TallySlots           00429557 f   qmenu.obj
 0001:00028a07       _S_SoundInfo_f             00429a07 f   snd_dma.obj
 0001:00028a91       _S_ReadModelsSex           00429a91 f   snd_dma.obj
 0001:00028b7a       _S_IsFemale                00429b7a f   snd_dma.obj
 0001:00028c08       _S_Init                    00429c08 f   snd_dma.obj
 0001:00028cdb       _S_Shutdown                00429cdb f   snd_dma.obj
 0001:00028d65       _S_FindName                00429d65 f   snd_dma.obj
 0001:00028e51       _S_AliasName               00429e51 f   snd_dma.obj
 0001:00028edd       _S_BeginRegistration       00429edd f   snd_dma.obj
 0001:00028eee       _S_RegisterSound           00429eee f   snd_dma.obj
 0001:00028f54       _S_EndRegistration         00429f54 f   snd_dma.obj
 0001:00028fe7       _S_PickChannel             00429fe7 f   snd_dma.obj
 0001:0002907e       _S_SpatializeOrigin        0042a07e f   snd_dma.obj
 0001:000291a5       _S_Spatialize              0042a1a5 f   snd_dma.obj
 0001:00029213       _S_AllocPlaysound          0042a213 f   snd_dma.obj
 0001:00029232       _S_FreePlaysound           0042a232 f   snd_dma.obj
 0001:00029262       _S_IssuePlaysound          0042a262 f   snd_dma.obj
 0001:00029320       _S_RegisterSexedSound      0042a320 f   snd_dma.obj
 0001:00029404       _S_StartSound              0042a404 f   snd_dma.obj
 0001:0002959a       _S_StartLocalSound         0042a59a f   snd_dma.obj
 0001:000295e9       _S_ClearBuffer             0042a5e9 f   snd_dma.obj
 0001:00029641       _S_StopAllSounds           0042a641 f   snd_dma.obj
 0001:000296bc       _S_AddLoopSounds           0042a6bc f   snd_dma.obj
 0001:00029891       _S_RawSamples              0042a891 f   snd_dma.obj
 0001:00029a95       _S_Update                  0042aa95 f   snd_dma.obj
 0001:00029bbc       _GetSoundtime              0042abbc f   snd_dma.obj
 0001:00029c23       _S_Update_                 0042ac23 f   snd_dma.obj
 0001:00029cb9       _S_Play                    0042acb9 f   snd_dma.obj
 0001:00029d69       _S_SoundList               0042ad69 f   snd_dma.obj
 0001:00029e2a       _ResampleSfx               0042ae2a f   snd_mem.obj
 0001:00029f2e       _S_LoadSound               0042af2e f   snd_mem.obj
 0001:0002a054       _FindNextChunk             0042b054 f   snd_mem.obj
 0001:0002a0de       _GetWavinfo                0042b0de f   snd_mem.obj
 0001:0002a2ce       _S_WriteLinearBlastStereo16 0042b2ce f   snd_mix.obj
 0001:0002a342       _S_TransferStereo16        0042b342 f   snd_mix.obj
 0001:0002a3ab       _S_TransferPaintBuffer     0042b3ab f   snd_mix.obj
 0001:0002a507       _S_PaintChannels           0042b507 f   snd_mix.obj
 0001:0002a72c       _S_InitScaletable          0042b72c f   snd_mix.obj
 0001:0002a77f       _S_PaintChannelFrom8       0042b77f f   snd_mix.obj
 0001:0002a881       _S_PaintChannelFrom16      0042b881 f   snd_mix.obj
 0001:0002a8ec       _FreeSound                 0042b8ec f   snd_win.obj
 0001:0002a9fc       _SNDDMA_InitDirect         0042b9fc f   snd_win.obj
 0001:0002aecb       _SNDDMA_Init               0042becb f   snd_win.obj
 0001:0002af47       _SNDDMA_GetDMAPos          0042bf47 f   snd_win.obj
 0001:0002af91       _SNDDMA_BeginPainting      0042bf91 f   snd_win.obj
 0001:0002b093       _SNDDMA_Submit             0042c093 f   snd_win.obj
 0001:0002b0b8       _SNDDMA_Shutdown           0042c0b8 f   snd_win.obj
 0001:0002b0bd       _S_Activate                0042c0bd f   snd_win.obj
 0001:0002b0e8       _SV_SetMaster_f            0042c0e8 f   sv_ccmds.obj
 0001:0002b1fa       _SV_WipeSavegame           0042c1fa f   sv_ccmds.obj
 0001:0002b228       _SV_CopySaveGame           0042c228 f   sv_ccmds.obj
 0001:0002b27d       _SV_WriteLevelFile         0042c27d f   sv_ccmds.obj
 0001:0002b32b       _SV_ReadLevelFile          0042c32b f   sv_ccmds.obj
 0001:0002b3d9       _SV_WriteServerFile        0042c3d9 f   sv_ccmds.obj
 0001:0002b634       _SV_ReadServerFile         0042c634 f   sv_ccmds.obj
 0001:0002b74e       _SV_DemoMap_f              0042c74e f   sv_ccmds.obj
 0001:0002b7dd       _SV_GameMap_f              0042c7dd f   sv_ccmds.obj
 0001:0002b94d       _SV_Map_f                  0042c94d f   sv_ccmds.obj
 0001:0002b9ba       _SV_Loadgame_f             0042c9ba f   sv_ccmds.obj
 0001:0002babf       _SV_Savegame_f             0042cabf f   sv_ccmds.obj
 0001:0002bbc4       _SV_AddressBanned          0042cbc4 f   sv_ccmds.obj
 0001:0002bc06       _SV_InitOperatorCommands   0042cc06 f   sv_ccmds.obj
 0001:0002c5a5       _SV_EmitPacketEntities     0042d5a5 f   sv_ents.obj
 0001:0002c713       _SV_WritePlayerstateToClient 0042d713 f   sv_ents.obj
 0001:0002cbd1       _SV_WriteFrameToClient     0042dbd1 f   sv_ents.obj
 0001:0002cc8d       _SV_FatPVS                 0042dc8d f   sv_ents.obj
 0001:0002cdba       _SV_BuildClientFrame       0042ddba f   sv_ents.obj
 0001:0002d085       _SV_RecordDemoMessage      0042e085 f   sv_ents.obj
 0001:0002d1a4       _SV_ShutdownGameProgs      0042e1a4 f   sv_game.obj
 0001:0002d1bd       _SV_InitGameProgs          0042e1bd f   sv_game.obj
 0001:0002da68       _SV_FindIndex              0042ea68 f   sv_init.obj
 0001:0002db2f       _SV_ModelIndex             0042eb2f f   sv_init.obj
 0001:0002db45       _SV_SoundIndex             0042eb45 f   sv_init.obj
 0001:0002db5e       _SV_ImageIndex             0042eb5e f   sv_init.obj
 0001:0002db77       _SV_CreateBaseline         0042eb77 f   sv_init.obj
 0001:0002dbda       _SV_CheckForSavegame       0042ebda f   sv_init.obj
 0001:0002dc62       _SV_SpawnServer            0042ec62 f   sv_init.obj
 0001:0002def8       _SV_InitGame               0042eef8 f   sv_init.obj
 0001:0002e0e3       _SV_Map                    0042f0e3 f   sv_init.obj
 0001:0002e2a1       _SV_DropClient             0042f2a1 f   sv_main.obj
 0001:0002e316       _SV_StatusString           0042f316 f   sv_main.obj
 0001:0002e3f5       _SVC_Info                  0042f3f5 f   sv_main.obj
 0001:0002e4cb       _SVC_GetChallenge          0042f4cb f   sv_main.obj
 0001:0002e573       _SVC_DirectConnect         0042f573 f   sv_main.obj
 0001:0002e9e1       _Rcon_Validate             0042f9e1 f   sv_main.obj
 0001:0002ea12       _SVC_RemoteCommand         0042fa12 f   sv_main.obj
 0001:0002eae4       _SV_ConnectionlessPacket   0042fae4 f   sv_main.obj
 0001:0002ec46       _SV_CalcPings              0042fc46 f   sv_main.obj
 0001:0002eccd       _SV_GiveMsec               0042fccd f   sv_main.obj
 0001:0002ed0c       _SV_ReadPackets            0042fd0c f   sv_main.obj
 0001:0002ee22       _SV_CheckTimeouts          0042fe22 f   sv_main.obj
 0001:0002eec8       _SV_PostprocessFrame       0042fec8 f   sv_main.obj
 0001:0002f2b4       _SV_MulticastHook          004302b4 f   sv_main.obj
 0001:0002f55b       _SV_TraceHook              0043055b f   sv_main.obj
 0001:0002f691       _SV_Frame                  00430691 f   sv_main.obj
 0001:0002f8ce       _SV_UserinfoChanged        004308ce f   sv_main.obj
 0001:0002f991       _SV_Init                   00430991 f   sv_main.obj
 0001:0002f9f4       _SV_Shutdown               004309f4 f   sv_main.obj
 0001:0002fbc2       _SV_FlushRedirect          00430bc2 f   sv_send.obj
 0001:0002fc34       _SV_ClientPrintf           00430c34 f   sv_send.obj
 0001:0002fc8a       _SV_BroadcastPrintf        00430c8a f   sv_send.obj
 0001:0002fd5b       _SV_BroadcastCommand       00430d5b f   sv_send.obj
 0001:0002fdad       _SV_Multicast              00430dad f   sv_send.obj
 0001:0002ff9d       _SV_MulticastOld           00430f9d f   sv_send.obj
 0001:0002ffb0       _SV_StartSound             00430fb0 f   sv_send.obj
 0001:0003020a       _SV_StartSoundOld          0043120a f   sv_send.obj
 0001:0003023a       _SV_StartSoundNew          0043123a f   sv_send.obj
 0001:0003026a       _SV_SendClientDatagram     0043126a f   sv_send.obj
 0001:00030341       _SV_DemoCompleted          00431341 f   sv_send.obj
 0001:0003035d       _SV_RateDrop               0043135d f   sv_send.obj
 0001:000303a8       _SV_SendClientMessages     004313a8 f   sv_send.obj
 0001:000304fb       _SV_BeginDemoserver        004314fb f   sv_user.obj
 0001:0003054b       _SV_New_f                  0043154b f   sv_user.obj
 0001:000306c0       _SV_Configstrings_f        004316c0 f   sv_user.obj
 0001:0003081a       _SV_Baselines_f            0043181a f   sv_user.obj
 0001:0003098e       _SV_Begin_f                0043198e f   sv_user.obj
 0001:000309eb       _SV_NextDownload_f         004319eb f   sv_user.obj
 0001:00030abf       _SV_BeginDownload_f        00431abf f   sv_user.obj
 0001:00030cd7       _SV_Disconnect_f           00431cd7 f   sv_user.obj
 0001:00030ce7       _SV_ShowServerinfo_f       00431ce7 f   sv_user.obj
 0001:00030cf4       _SV_Nextserver             00431cf4 f   sv_user.obj
 0001:00030d53       _SV_Nextserver_f           00431d53 f   sv_user.obj
 0001:00030d9a       _SV_ExecuteUserCommand     00431d9a f   sv_user.obj
 0001:00030e07       _SV_ClientThink            00431e07 f   sv_user.obj
 0001:00030e4a       _SV_ExecuteClientMessage   00431e4a f   sv_user.obj
 0001:0003107b       _SV_ClearWorld             0043207b f   sv_world.obj
 0001:000311df       _SV_UnlinkEdict            004321df f   sv_world.obj
 0001:00031242       _SV_LinkEdict              00432242 f   sv_world.obj
 0001:000317ff       _SV_AreaEdicts             004327ff f   sv_world.obj
 0001:00031970       _SV_PointContents          00432970 f   sv_world.obj
 0001:00031a5b       _SV_ClipMoveToEntities     00432a5b f   sv_world.obj
 0001:00031dad       _SV_Trace                  00432dad f   sv_world.obj
 0001:00031e18       _Sys_Error                 00432e18 f   sys_win.obj
 0001:00031e78       _Sys_Quit                  00432e78 f   sys_win.obj
 0001:00031f54       _Sys_Init                  00432f54 f   sys_win.obj
 0001:00032361       _Sys_ConsoleInput          00433361 f   sys_win.obj
 0001:000324c1       _Sys_ConsoleOutput         004334c1 f   sys_win.obj
 0001:00032572       _Sys_SendKeyEvents         00433572 f   sys_win.obj
 0001:000325db       _Sys_GetClipboardData      004335db f   sys_win.obj
 0001:00032634       _Sys_AppActivate           00433634 f   sys_win.obj
 0001:0003264f       _Sys_UnloadGame            0043364f f   sys_win.obj
 0001:00032674       _Sys_GetGameAPI            00433674 f   sys_win.obj
 0001:00032761       _WinMain@16                00433761 f   sys_win.obj
 0001:00032855       _Vid_CreateWindow          00433855 f   vid_dll.obj
 0001:00032f50       _Vid_DestroyWindow         00433f50 f   vid_dll.obj
 0001:00032f99       _Vid_GetModeInfo           00433f99 f   vid_dll.obj
 0001:00032fc8       _Vid_UpdateWindowPosAndSize 00433fc8 f   vid_dll.obj
 0001:0003302f       _Vid_FreeReflib            0043402f f   vid_dll.obj
 0001:00033070       _Vid_CheckChanges          00434070 f   vid_dll.obj
 0001:00033430       _Vid_Init                  00434430 f   vid_dll.obj
 0001:000334a1       _Vid_Shutdown              004344a1 f   vid_dll.obj
 0001:000334cf       _Vid_MenuInit              004344cf f   vid_menu.obj
 0001:00033c0a       _Vid_MenuDraw              00434c0a f   vid_menu.obj
 0001:00033c9e       _Vid_MenuKey               00434c9e f   vid_menu.obj
 0001:00033fd6       _TesselateText             00434fd6 f   gl_backend.obj
 0001:00035abc       _GL_BackEnd                00436abc f   gl_backend.obj
 0001:00037337       _GL_InitBackend            00438337 f   gl_backend.obj
 0001:0003736e       _GL_ShutdownBackend        0043836e f   gl_backend.obj
 0001:00037382       _GL_AllocDynamicMemory     00438382 f   gl_buffers.obj
 0001:000373f0       _GL_ResizeDynamicMemory    004383f0 f   gl_buffers.obj
 0001:00037442       _GL_AddSurfaceToPortal     00438442 f   gl_buffers.obj
 0001:000374a5       _GL_AddDynamicSurface      004384a5 f   gl_buffers.obj
 0001:000374cd       _GL_InsertShaderIndex      004384cd f   gl_buffers.obj
 0001:00037519       _GL_ClearPortal            00438519 f   gl_buffers.obj
 0001:00037535       _GL_FinishPortal           00438535 f   gl_buffers.obj
 0001:0003758b       _GL_SortSurfaces           0043858b f   gl_buffers.obj
 0001:00037726       _GL_ClearBuffers           00438726 f   gl_buffers.obj
 0001:0003773d       _GL_TextureMode            0043873d f   gl_image.obj
 0001:000377ec       _GL_CreateImage            004387ec f   gl_image.obj
 0001:00038517       _GL_SetRawPalette          00439517 f   gl_image.obj
 0001:00038548       _GL_DrawStretchRaw         00439548 f   gl_image.obj
 0001:00038812       _GL_SetupGamma             00439812 f   gl_image.obj
 0001:000389b4       _GL_PerformScreenshot      004399b4 f   gl_image.obj
 0001:00038bd3       _GL_InitImages             00439bd3 f   gl_image.obj
 0001:00039148       _GL_ShutdownImages         0043a148 f   gl_image.obj
 0001:000391c3       _GL_ShowImages             0043a1c3 f   gl_image.obj
 0001:000393f9       _GL_FindImage              0043a3f9 f   gl_image.obj
 0001:000397f6       _GL_Lock                   0043a7f6 f   gl_interface.obj
 0001:00039873       _GL_Unlock                 0043a873 f   gl_interface.obj
 0001:000399fc       _GL_Bind                   0043a9fc f   gl_interface.obj
 0001:00039aef       _GL_BindForce              0043aaef f   gl_interface.obj
 0001:00039b3b       _GL_TexEnv                 0043ab3b f   gl_interface.obj
 0001:00039cb8       _GL_TexEnvColor            0043acb8 f   gl_interface.obj
 0001:00039d64       _GL_SelectTexture          0043ad64 f   gl_interface.obj
 0001:00039dc2       _GL_TexCoordPointer        0043adc2 f   gl_interface.obj
 0001:00039df1       _GL_SetMultitexture        0043adf1 f   gl_interface.obj
 0001:00039ec9       _GL_DisableTexCoordArrays  0043aec9 f   gl_interface.obj
 0001:00039f22       _GL_CullFace               0043af22 f   gl_interface.obj
 0001:00039f73       _GL_DepthRange             0043af73 f   gl_interface.obj
 0001:00039fa6       _GL_State                  0043afa6 f   gl_interface.obj
 0001:0003a0ff       _GL_EnableFog              0043b0ff f   gl_interface.obj
 0001:0003a203       _GL_SetDefaultState        0043b203 f   gl_interface.obj
 0001:0003a322       _GL_Set2DMode              0043b322 f   gl_interface.obj
 0001:0003a420       _GL_Setup                  0043b420 f   gl_interface.obj
 0001:0003a559       _GL_ShowLights             0043b559 f   gl_light.obj
 0001:0003a816       _GL_LightForEntity         0043b816 f   gl_light.obj
 0001:0003b970       _GL_ApplyEntitySpherelights 0043c970 f   gl_light.obj
 0001:0003baf1       _LM_Init                   0043caf1 f   gl_lightmap.obj
 0001:0003bb07       _LM_Flush                  0043cb07 f   gl_lightmap.obj
 0001:0003bb65       _LM_Done                   0043cb65 f   gl_lightmap.obj
 0001:0003bb8c       _LM_Save                   0043cb8c f   gl_lightmap.obj
 0001:0003bba6       _LM_Restore                0043cba6 f   gl_lightmap.obj
 0001:0003bbc0       _LM_NewBlock               0043cbc0 f   gl_lightmap.obj
 0001:0003bc39       _LM_Rewind                 0043cc39 f   gl_lightmap.obj
 0001:0003bc41       _LM_NextBlock              0043cc41 f   gl_lightmap.obj
 0001:0003bc72       _LM_AllocBlock             0043cc72 f   gl_lightmap.obj
 0001:0003bd25       _LM_PutBlock               0043cd25 f   gl_lightmap.obj
 0001:0003beba       _LM_SortLightStyles        0043ceba f   gl_lightmap.obj
 0001:0003bf48       _GL_UpdateDynamicLightmap  0043cf48 f   gl_lightmap.obj
 0001:0003c427       _GL_DrawStretchPic         0043d427 f   gl_main.obj
 0001:0003c4e3       _DrawTextLeft              0043d4e3 f   gl_main.obj
 0001:0003c5ee       _DrawTextRight             0043d5ee f   gl_main.obj
 0001:0003c63f       _DrawText3D                0043d63f f   gl_main.obj
 0001:0003c7ef       _GL_GetRefAPI              0043d7ef f   gl_main.obj
 0001:0003e05d       _GL_InitFuncTables         0043f05d f   gl_math.obj
 0001:0003e20e       _ModelToWorldCoord         0043f20e f   gl_math.obj
 0001:0003e262       _WorldToModelCoord         0043f262 f   gl_math.obj
 0001:0003e2a9       _GetBoxRect                0043f2a9 f   gl_math.obj
 0001:0003e4ed       _GL_FindModel              0043f4ed f   gl_model.obj
 0001:0003e668       _GL_LoadWorldMap           0043f668 f   gl_model.obj
 0001:00040741       _GL_PointInLeaf            00441741 f   gl_model.obj
 0001:00041060       _ATAN2_FUNC                00442060 f i gl_model.obj
 0001:000411ff       _GL_FindSkin               004421ff f   gl_model.obj
 0001:00041355       _GL_ResetModels            00442355 f   gl_model.obj
 0001:0004141f       _GL_InitModels             0044241f f   gl_model.obj
 0001:0004148c       _GL_ShutdownModels         0044248c f   gl_model.obj
 0001:000414a2       _SubdividePlane            004424a2 f   gl_poly.obj
 0001:000418f8       _FreeSubdividedPlane       004428f8 f   gl_poly.obj
 0001:00041910       _GetSubdivideIndexes       00442910 f   gl_poly.obj
 0001:00041963       _RemoveCollinearPoints     00442963 f   gl_poly.obj
 0001:00041a77       _GetPolyArea               00442a77 f   gl_poly.obj
 0001:00041b0b       _GL_InitShaders            00442b0b f   gl_shader.obj
 0001:00041c34       _GL_ShutdownShaders        00442c34 f   gl_shader.obj
 0001:00041c5e       _GL_SetShaderLightmap      00442c5e f   gl_shader.obj
 0001:00042025       _GL_SetShaderLightstyles   00443025 f   gl_shader.obj
 0001:000420c1       _GL_GetAlphaShader         004430c1 f   gl_shader.obj
 0001:000423f6       _GL_FindShader             004433f6 f   gl_shader.obj
 0001:00042947       _GL_GetShaderByNum         00443947 f   gl_shader.obj
 0001:00042965       _GL_ResetShaders           00443965 f   gl_shader.obj
 0001:00042d5b       _GL_ClearSkyBox            00443d5b f   gl_sky.obj
 0001:00042d7e       _GL_ShowWholeSky           00443d7e f   gl_sky.obj
 0001:00042da6       _GL_AddSkySurface          00443da6 f   gl_sky.obj
 0001:00043398       _GL_TesselateSkySide       00444398 f   gl_sky.obj
 0001:0004365b       _GL_AddEntity              0044465b f   gl_world.obj
 0001:00043bb9       _GL_AddDlight              00444bb9 f   gl_world.obj
 0001:00043d81       _GL_DrawPortal             00444d81 f   gl_world.obj
 0001:000466b0       _GLimp_SetMode             004476b0 f   glw_imp.obj
 0001:00046952       _GLimp_HasGamma            00447952 f   glw_imp.obj
 0001:00046967       _GLimp_SetGamma            00447967 f   glw_imp.obj
 0001:00046b0d       _GLimp_Shutdown            00447b0d f   glw_imp.obj
 0001:00046c1a       _GLimp_Init                00447c1a f   glw_imp.obj
 0001:00046f5e       _GLimp_EndFrame            00447f5e f   glw_imp.obj
 0001:00046ffa       _GLimp_AppActivate         00447ffa f   glw_imp.obj
 0001:000486db       _QGL_Shutdown              004496db f   qgl_win.obj
 0001:0004870d       _QGL_Init                  0044970d f   qgl_win.obj
 0001:00048791       _QGL_InitExtensions        00449791 f   qgl_win.obj
 0001:00048b1c       _QGL_EnableLogging         00449b1c f   qgl_win.obj
 0001:00048be7       _QGL_LogMessage            00449be7 f   qgl_win.obj
 0001:00048bfe       _Hunk_Begin                00449bfe f   q_shwin.obj
 0001:00048c38       _Hunk_Alloc                00449c38 f   q_shwin.obj
 0001:00048cbf       _Hunk_End                  00449cbf f   q_shwin.obj
 0001:00048cc5       _Hunk_Free                 00449cc5 f   q_shwin.obj
 0001:00048cde       _Sys_Milliseconds          00449cde f   q_shwin.obj
 0001:00048d12       _Sys_Mkdir                 00449d12 f   q_shwin.obj
 0001:00048d1e       _Sys_FindFirst             00449d1e f   q_shwin.obj
 0001:00048d9c       _Sys_FindNext              00449d9c f   q_shwin.obj
 0001:00048e11       _Sys_FindClose             00449e11 f   q_shwin.obj
 0001:00048e2b       _R_Alias_clip_z            00449e2b f   r_aclip.obj
 0001:00048ed8       _R_Alias_clip_left         00449ed8 f   r_aclip.obj
 0001:000490a6       _R_Alias_clip_right        0044a0a6 f   r_aclip.obj
 0001:00049274       _R_Alias_clip_top          0044a274 f   r_aclip.obj
 0001:00049444       _R_Alias_clip_bottom       0044a444 f   r_aclip.obj
 0001:00049614       _R_AliasClip               0044a614 f   r_aclip.obj
 0001:000496e4       _R_AliasClipTriangle       0044a6e4 f   r_aclip.obj
 0001:000498d6       _R_AliasCheckFrameBBox     0044a8d6 f   r_alias.obj
 0001:00049a09       _R_AliasCheckBBox          0044aa09 f   r_alias.obj
 0001:00049a6d       _R_AliasTransformVector    0044aa6d f   r_alias.obj
 0001:00049ac9       _R_AliasPreparePoints      0044aac9 f   r_alias.obj
 0001:00049d61       _R_AliasSetUpTransform     0044ad61 f   r_alias.obj
 0001:00049ef0       _R_AliasTransformFinalVerts 0044aef0 f   r_alias.obj
 0001:0004a0bf       _R_AliasProjectAndClipTestFinalVert 0044b0bf f   r_alias.obj
 0001:0004a147       _R_AliasSetupLighting      0044b147 f   r_alias.obj
 0001:0004a2b1       _R_AliasSetupFrames        0044b2b1 f   r_alias.obj
 0001:0004a325       _R_AliasSetUpLerpData      0044b325 f   r_alias.obj
 0001:0004a44d       _R_AliasDrawModel          0044b44d f   r_alias.obj
 0001:0004a6d4       _R_EntityRotate            0044b6d4 f   r_bsp.obj
 0001:0004a755       _R_RotateBmodel            0044b755 f   r_bsp.obj
 0001:0004a8b0       _R_RecursiveClipBPoly      0044b8b0 f   r_bsp.obj
 0001:0004abe0       _R_DrawSolidClippedSubmodelPolygons 0044bbe0 f   r_bsp.obj
 0001:0004ad67       _R_DrawSubmodelPolygons    0044bd67 f   r_bsp.obj
 0001:0004adf7       _R_RecursiveWorldNode      0044bdf7 f   r_bsp.obj
 0001:0004b052       _R_RenderWorld             0044c052 f   r_bsp.obj
 0001:0004b0ce       _Draw_FindPic              0044c0ce f   r_draw.obj
 0001:0004b111       _Draw_InitLocal            0044c111 f   r_draw.obj
 0001:0004b122       _Draw_Char                 0044c122 f   r_draw.obj
 0001:0004b203       _Draw_CharColor            0044c203 f   r_draw.obj
 0001:0004b312       _R_DrawTexts               0044c312 f   r_draw.obj
 0001:0004b388       _DrawText_Pos              0044c388 f   r_draw.obj
 0001:0004b496       _DrawText_Left             0044c496 f   r_draw.obj
 0001:0004b4d2       _DrawText_Right            0044c4d2 f   r_draw.obj
 0001:0004b521       _Draw_GetPicSize           0044c521 f   r_draw.obj
 0001:0004b561       _Draw_StretchPicImplementation 0044c561 f   r_draw.obj
 0001:0004b68b       _Draw_StretchPic           0044c68b f   r_draw.obj
 0001:0004b6c3       _Draw_StretchRaw           0044c6c3 f   r_draw.obj
 0001:0004b6f5       _Draw_Pic                  0044c6f5 f   r_draw.obj
 0001:0004b8ae       _Draw_PicColor             0044c8ae f   r_draw.obj
 0001:0004ba67       _Draw_TileClear            0044ca67 f   r_draw.obj
 0001:0004bb37       _Draw_Fill                 0044cb37 f   r_draw.obj
 0001:0004bbd3       _Draw_Fade                 0044cbd3 f   r_draw.obj
 0001:0004bc35       _R_BeginEdgeFrame          0044cc35 f   r_edge.obj
 0001:0004bcf1       _R_InsertNewEdges          0044ccf1 f   r_edge.obj
 0001:0004bd37       _R_RemoveEdges             0044cd37 f   r_edge.obj
 0001:0004bd55       _R_StepActiveU             0044cd55 f   r_edge.obj
 0001:0004bde9       _R_CleanupSpan             0044cde9 f   r_edge.obj
 0001:0004be39       _R_LeadingEdgeBackwards    0044ce39 f   r_edge.obj
 0001:0004bece       _R_TrailingEdge            0044cece f   r_edge.obj
 0001:0004bf32       _R_LeadingEdge             0044cf32 f   r_edge.obj
 0001:0004c0d5       _R_GenerateSpans           0044d0d5 f   r_edge.obj
 0001:0004c143       _R_GenerateSpansBackward   0044d143 f   r_edge.obj
 0001:0004c1b1       _R_ScanEdges               0044d1b1 f   r_edge.obj
 0001:0004c388       _D_FlatFillSurface         0044d388 f   r_edge.obj
 0001:0004c3e2       _D_CalcGradients           0044d3e2 f   r_edge.obj
 0001:0004c61b       _D_BackgroundSurf          0044d61b f   r_edge.obj
 0001:0004c65b       _D_TurbulentSurf           0044d65b f   r_edge.obj
 0001:0004c77d       _D_SkySurf                 0044d77d f   r_edge.obj
 0001:0004c7fe       _D_SolidSurf               0044d7fe f   r_edge.obj
 0001:0004c969       _D_DrawflatSurfaces        0044d969 f   r_edge.obj
 0001:0004c9b9       _D_DrawSurfaces            0044d9b9 f   r_edge.obj
 0001:0004cab7       _R_ImageList_f             0044dab7 f   r_image.obj
 0001:0004cb78       _R_FindFreeImage           0044db78 f   r_image.obj
 0001:0004cbc6       _R_LoadPic                 0044dbc6 f   r_image.obj
 0001:0004cc56       _R_LoadTex                 0044dc56 f   r_image.obj
 0001:0004cce2       _R_LoadWal                 0044dce2 f   r_image.obj
 0001:0004cd38       _R_MipMap                  0044dd38 f   r_image.obj
 0001:0004ce66       _R_DownsampleImage         0044de66 f   r_image.obj
 0001:0004cf6b       _R_FindImage               0044df6b f   r_image.obj
 0001:0004d310       _R_RegisterSkin            0044e310 f   r_image.obj
 0001:0004d31e       _R_FreeUnusedImages        0044e31e f   r_image.obj
 0001:0004d37e       _R_InitImages              0044e37e f   r_image.obj
 0001:0004d3e4       _R_ShutdownImages          0044e3e4 f   r_image.obj
 0001:0004d421       _R_MarkLights              0044e421 f   r_light.obj
 0001:0004d4f0       _R_PushDlights             0044e4f0 f   r_light.obj
 0001:0004d54e       _RecursiveLightPoint       0044e54e f   r_light.obj
 0001:0004d7fd       _R_LightPoint              0044e7fd f   r_light.obj
 0001:0004d914       _R_AddDynamicLights        0044e914 f   r_light.obj
 0001:0004dbae       _R_BuildLightMap           0044ebae f   r_light.obj
 0001:0004dca4       _R_InitTextures            0044eca4 f   r_main.obj
 0001:0004dd65       _R_InitTurb                0044ed65 f   r_main.obj
 0001:0004dde2       _R_Register                0044ede2 f   r_main.obj
 0001:0004de4a       _R_Init                    0044ee4a f   r_main.obj
 0001:0004dedb       _R_Shutdown                0044eedb f   r_main.obj
 0001:0004df50       _R_NewMap                  0044ef50 f   r_main.obj
 0001:0004dffa       _R_MarkLeaves              0044effa f   r_main.obj
 0001:0004e121       _R_DrawEntitiesOnList      0044f121 f   r_main.obj
 0001:0004e330       _R_BmodelCheckBBox         0044f330 f   r_main.obj
 0001:0004e3e2       _R_FindTopnode             0044f3e2 f   r_main.obj
 0001:0004e46a       _RotatedBBox               0044f46a f   r_main.obj
 0001:0004e5c9       _R_DrawBEntitiesOnList     0044f5c9 f   r_main.obj
 0001:0004e7e1       _R_EdgeDrawing             0044f7e1 f   r_main.obj
 0001:0004e8b6       _R_CalcPalette             0044f8b6 f   r_main.obj
 0001:0004e9bb       _R_SetLightLevel           0044f9bb f   r_main.obj
 0001:0004ea0b       _R_RenderFrame             0044fa0b f   r_main.obj
 0001:0004ebfc       _R_InitGraphics            0044fbfc f   r_main.obj
 0001:0004ec72       _R_BeginFrame              0044fc72 f   r_main.obj
 0001:0004ed95       _R_GammaCorrectAndSetPalette 0044fd95 f   r_main.obj
 0001:0004edf4       _R_CinematicSetPalette     0044fdf4 f   r_main.obj
 0001:0004ee8b       _Draw_BuildGammaTable      0044fe8b f   r_main.obj
 0001:0004ef36       _R_DrawBeam                0044ff36 f   r_main.obj
 0001:0004f09c       _R_SetSky                  0045009c f   r_main.obj
 0001:0004f117       _Draw_GetPalette           00450117 f   r_main.obj
 0001:0004f25f       _Draw_ConCharColor         0045025f f   r_main.obj
 0001:0004f280       _GetRefAPI                 00450280 f   r_main.obj
 0001:0004f4d0       _D_ViewChanged             004504d0 f   r_misc.obj
 0001:0004f643       _R_PrintTimes              00450643 f   r_misc.obj
 0001:0004f6bd       _R_PrintDSpeeds            004506bd f   r_misc.obj
 0001:0004f784       _R_PrintAliasStats         00450784 f   r_misc.obj
 0001:0004f797       _R_TransformFrustum        00450797 f   r_misc.obj
 0001:0004f85f       _TransformVector           0045085f f   r_misc.obj
 0001:0004f8ca       _R_SetUpFrustumIndexes     004508ca f   r_misc.obj
 0001:0004f92f       _R_ViewChanged             0045092f f   r_misc.obj
 0001:0004fc78       _R_SetupFrame              00450c78 f   r_misc.obj
 0001:0004fe64       _WritePCXfile              00450e64 f   r_misc.obj
 0001:0004ff86       _R_ScreenShot              00450f86 f   r_misc.obj
 0001:00050095       _Mod_Modellist_f           00451095 f   r_model.obj
 0001:000500f3       _Mod_Init                  004510f3 f   r_model.obj
 0001:0005010b       _Mod_ForName               0045110b f   r_model.obj
 0001:00050347       _Mod_PointInLeaf           00451347 f   r_model.obj
 0001:000503a9       _Mod_DecompressVis         004513a9 f   r_model.obj
 0001:00050429       _Mod_ClusterPVS            00451429 f   r_model.obj
 0001:00050456       _Mod_LoadLighting          00451456 f   r_model.obj
 0001:000504d5       _R_NumberLeafs             004514d5 f   r_model.obj
 0001:00050523       _Mod_LoadVertexes          00451523 f   r_model.obj
 0001:00050565       _Mod_LoadEdges             00451565 f   r_model.obj
 0001:000505b3       _Mod_LoadTexinfo           004515b3 f   r_model.obj
 0001:0005071b       _CalcSurfaceExtents        0045171b f   r_model.obj
 0001:0005089b       _Mod_LoadFaces             0045189b f   r_model.obj
 0001:00050a02       _Mod_SetParent             00451a02 f   r_model.obj
 0001:00050a27       _Mod_LoadNodes             00451a27 f   r_model.obj
 0001:00050b1d       _Mod_LoadLeafs             00451b1d f   r_model.obj
 0001:00050bc6       _Mod_LoadMarksurfaces      00451bc6 f   r_model.obj
 0001:00050c42       _Mod_LoadSurfedges         00451c42 f   r_model.obj
 0001:00050c81       _Mod_LoadPlanes            00451c81 f   r_model.obj
 0001:00050ce6       _Mod_LoadBrushModel        00451ce6 f   r_model.obj
 0001:00050ed8       _Mod_LoadAliasModel        00451ed8 f   r_model.obj
 0001:00051153       _Mod_LoadSpriteModel       00452153 f   r_model.obj
 0001:0005123a       _R_BeginRegistration       0045223a f   r_model.obj
 0001:000512ca       _R_RegisterModel           004522ca f   r_model.obj
 0001:000513c2       _R_EndRegistration         004523c2 f   r_model.obj
 0001:0005142d       _Mod_FreeAll               0045242d f   r_model.obj
 0001:00051472       _R_DrawParticle            00452472 f   r_part.obj
 0001:0005170c       _R_DrawParticles           0045270c f   r_part.obj
 0001:000517b6       _R_DrawSpanletOpaque       004527b6 f   r_poly.obj
 0001:00051846       _R_DrawSpanletTurbulentStipple33 00452846 f   r_poly.obj
 0001:00051971       _R_DrawSpanletTurbulentStipple66 00452971 f   r_poly.obj
 0001:00051b52       _R_DrawSpanletTurbulentBlended66 00452b52 f   r_poly.obj
 0001:00051c07       _R_DrawSpanletTurbulentBlended33 00452c07 f   r_poly.obj
 0001:00051cbc       _R_DrawSpanlet33           00452cbc f   r_poly.obj
 0001:00051d56       _R_DrawSpanletConstant33   00452d56 f   r_poly.obj
 0001:00051daf       _R_DrawSpanlet66           00452daf f   r_poly.obj
 0001:00051e4d       _R_DrawSpanlet33Stipple    00452e4d f   r_poly.obj
 0001:00051f68       _R_DrawSpanlet66Stipple    00452f68 f   r_poly.obj
 0001:000520f9       _R_ClipPolyFace            004530f9 f   r_poly.obj
 0001:0005226a       _R_PolygonDrawSpans        0045326a f   r_poly.obj
 0001:0005265c       _R_PolygonScanLeftEdge     0045365c f   r_poly.obj
 0001:000527c0       _R_PolygonScanRightEdge    004537c0 f   r_poly.obj
 0001:000529ca       _R_ClipAndDrawPoly         004539ca f   r_poly.obj
 0001:00052bcc       _R_BuildPolygonFromSurface 00453bcc f   r_poly.obj
 0001:00052ddf       _R_PolygonCalculateGradients 00453ddf f   r_poly.obj
 0001:00053098       _R_DrawAlphaSurfaces       00454098 f   r_poly.obj
 0001:0005312e       _R_IMFlatShadedQuad        0045412e f   r_poly.obj
 0001:00053270       _R_InitAdivtab             00454270 f   r_polyse.obj
 0001:000532dc       _R_PolysetUpdateTables     004542dc f   r_polyse.obj
 0001:00053317       _R_DrawTriangle            00454317 f   r_polyse.obj
 0001:00053428       _R_PolysetScanLeftEdge_C   00454428 f   r_polyse.obj
 0001:000535f2       _FloorDivMod               004545f2 f   r_polyse.obj
 0001:0005368c       _R_PolysetSetUpForLineScan 0045468c f   r_polyse.obj
 0001:0005371a       _R_PolysetCalcGradients    0045471a f   r_polyse.obj
 0001:0005398d       _R_PolysetDrawSpans8_33    0045498d f   r_polyse.obj
 0001:00053abd       _R_PolysetDrawSpansConstant8_33 00454abd f   r_polyse.obj
 0001:00053b57       _R_PolysetDrawSpans8_66    00454b57 f   r_polyse.obj
 0001:00053c93       _R_PolysetDrawSpansConstant8_66 00454c93 f   r_polyse.obj
 0001:00053d3b       _R_PolysetDrawSpans8_Opaque 00454d3b f   r_polyse.obj
 0001:00053e86       _R_RasterizeAliasPolySmooth 00454e86 f   r_polyse.obj
 0001:00054466       _R_PolysetSetEdgeTable     00455466 f   r_polyse.obj
 0001:00054501       _R_InitSkyBox              00455501 f   r_rast.obj
 0001:0005477b       _R_EmitSkyBox              0045577b f   r_rast.obj
 0001:0005488e       _R_EmitEdge                0045588e f   r_rast.obj
 0001:00054c53       _R_ClipEdge                00455c53 f   r_rast.obj
 0001:00054e01       _R_EmitCachedEdge          00455e01 f   r_rast.obj
 0001:00054e58       _R_RenderFace              00455e58 f   r_rast.obj
 0001:0005521f       _R_RenderBmodelFace        0045621f f   r_rast.obj
 0001:00055488       _D_WarpScreen              00456488 f   r_scan.obj
 0001:0005564a       _D_DrawTurbulent8Span      0045664a f   r_scan.obj
 0001:000556ce       _Turbulent8                004566ce f   r_scan.obj
 0001:00055a2a       _NonTurbulent8             00456a2a f   r_scan.obj
 0001:00055d64       _D_DrawSpans16             00456d64 f   r_scan.obj
 0001:00056081       _D_DrawZSpans              00457081 f   r_scan.obj
 0001:00056151       _R_DrawSprite              00457151 f   r_sprite.obj
 0001:000563e6       _R_TextureAnimation        004573e6 f   r_surf.obj
 0001:0005640a       _R_DrawSurface             0045740a f   r_surf.obj
 0001:0005656f       _R_DrawSurfaceBlock8_mip0  0045756f f   r_surf.obj
 0001:0005666e       _R_DrawSurfaceBlock8_mip1  0045766e f   r_surf.obj
 0001:0005676d       _R_DrawSurfaceBlock8_mip2  0045776d f   r_surf.obj
 0001:0005686c       _R_DrawSurfaceBlock8_mip3  0045786c f   r_surf.obj
 0001:00056968       _R_InitCaches              00457968 f   r_surf.obj
 0001:000569e9       _D_FlushCaches             004579e9 f   r_surf.obj
 0001:00056a2e       _D_SCAlloc                 00457a2e f   r_surf.obj
 0001:00056bc2       _D_CacheSurface            00457bc2 f   r_surf.obj
 0001:00056d37       _DDRAW_Init                00457d37 f   rw_ddraw.obj
 0001:00057147       _DDRAW_SetPalette          00458147 f   rw_ddraw.obj
 0001:000571b0       _DDRAW_Shutdown            004581b0 f   rw_ddraw.obj
 0001:0005731b       _DIB_Init                  0045831b f   rw_dib.obj
 0001:00057500       _DIB_SetPalette            00458500 f   rw_dib.obj
 0001:000576c4       _DIB_Shutdown              004586c4 f   rw_dib.obj
 0001:000577bd       _SWimp_Init                004587bd f   rw_imp.obj
 0001:000577c1       _SWimp_EndFrame            004587c1 f   rw_imp.obj
 0001:0005792d       _SWimp_SetMode             0045892d f   rw_imp.obj
 0001:00057a4f       _SWimp_SetPalette          00458a4f f   rw_imp.obj
 0001:00057a74       _SWimp_Shutdown            00458a74 f   rw_imp.obj
 0001:00057abb       _SWimp_AppActivate         00458abb f   rw_imp.obj
 0001:00057af5       _adler32                   00458af5 f   adler32.obj
 0001:00057c0e       _crc32                     00458c0e f   crc32.obj
 0001:00057d24       _inflate_blocks_reset      00458d24 f   infblock.obj
 0001:00057d8f       _inflate_blocks_new        00458d8f f   infblock.obj
 0001:00057e1a       _inflate_blocks            00458e1a f   infblock.obj
 0001:00058631       _inflate_blocks_free       00459631 f   infblock.obj
 0001:00058665       _inflate_codes_new         00459665 f   infcodes.obj
 0001:00058699       _inflate_codes             00459699 f   infcodes.obj
 0001:00058c57       _inflate_codes_free        00459c57 f   infcodes.obj
 0001:00058c68       _inflate_fast              00459c68 f   inffast.obj
 0001:00058f33       _inflateReset              00459f33 f   inflate.obj
 0001:00058f72       _inflateEnd                00459f72 f   inflate.obj
 0001:00058fb0       _inflateInit2_             00459fb0 f   inflate.obj
 0001:0005909a       _inflate                   0045a09a f   inflate.obj
 0001:000593fd       _inflate_trees_bits        0045a3fd f   inftrees.obj
 0001:0005980b       _inflate_trees_dynamic     0045a80b f   inftrees.obj
 0001:0005990e       _inflate_trees_fixed       0045a90e f   inftrees.obj
 0001:0005993d       _inflate_flush             0045a93d f   infutil.obj
 0001:00059a29       _Zip_OpenArchive           0045aa29 f   zip.obj
 0001:00059a94       _Zip_CloseArchive          0045aa94 f   zip.obj
 0001:00059aa0       _Zip_EnumArchive           0045aaa0 f   zip.obj
 0001:00059c81       _Zip_OpenFile              0045ac81 f   zip.obj
 0001:00059d90       _Zip_ReadFile              0045ad90 f   zip.obj
 0001:00059e87       _Zip_CloseFile             0045ae87 f   zip.obj
 0001:00059ecf       _Zip_OpenBuf               0045aecf f   zip.obj
 0001:00059f22       _Zip_ReadBuf               0045af22 f   zip.obj
 0001:00059f6a       _Zip_CloseBuf              0045af6a f   zip.obj
 0001:00059f80       _zcalloc                   0045af80 f   zutil.obj
 0001:00059f91       _jpeg_CreateCompress       0045af91 f   jcapimin.obj
 0001:0005a045       _jpeg_suppress_tables      0045b045 f   jcapimin.obj
 0001:0005a08f       _jpeg_finish_compress      0045b08f f   jcapimin.obj
 0001:0005a179       _jpeg_start_compress       0045b179 f   jcapistd.obj
 0001:0005a1e5       _jpeg_write_scanlines      0045b1e5 f   jcapistd.obj
 0001:0005a290       _jinit_c_coef_controller   0045b290 f   jccoefct.obj
 0001:0005a92f       _jinit_color_converter     0045b92f f   jccolor.obj
 0001:0005af1a       _jinit_forward_dct         0045bf1a f   jcdctmgr.obj
 0001:0005b3f6       _jinit_c_diff_controller   0045c3f6 f   jcdiffct.obj
 0001:0005b95c       _jpeg_make_c_derived_tbl   0045c95c f   jchuff.obj
 0001:0005bb5e       _jpeg_gen_optimal_table    0045cb5e f   jchuff.obj
 0001:0005bd1d       _jinit_compress_master     0045cd1d f   jcinit.obj
 0001:0005bd76       _jinit_lhuff_encoder       0045cd76 f   jclhuff.obj
 0001:0005c4a0       _jinit_lossless_c_codec    0045d4a0 f   jclossls.obj
 0001:0005c538       _jinit_lossy_c_codec       0045d538 f   jclossy.obj
 0001:0005c5d3       _jinit_c_main_controller   0045d5d3 f   jcmainct.obj
 0001:0005c740       _jinit_marker_writer       0045d740 f   jcmarker.obj
 0001:0005d01c       _jinit_c_master_control    0045e01c f   jcmaster.obj
 0001:0005db0b       _jinit_c_codec             0045eb0b f   jcodec.obj
 0001:0005db27       _jinit_d_codec             0045eb27 f   jcodec.obj
 0001:0005db43       _jpeg_abort                0045eb43 f   jcomapi.obj
 0001:0005db76       _jpeg_destroy              0045eb76 f   jcomapi.obj
 0001:0005db91       _jpeg_alloc_quant_table    0045eb91 f   jcomapi.obj
 0001:0005dbad       _jpeg_alloc_huff_table     0045ebad f   jcomapi.obj
 0001:0005dbc9       _jpeg_add_quant_table      0045ebc9 f   jcparam.obj
 0001:0005dc7b       _jpeg_quality_scaling      0045ec7b f   jcparam.obj
 0001:0005dca2       _jpeg_set_quality          0045eca2 f   jcparam.obj
 0001:0005dcdc       _jpeg_set_defaults         0045ecdc f   jcparam.obj
 0001:0005de9e       _jpeg_default_colorspace   0045ee9e f   jcparam.obj
 0001:0005deee       _jpeg_set_colorspace       0045eeee f   jcparam.obj
 0001:0005e209       _jinit_phuff_encoder       0045f209 f   jcphuff.obj
 0001:0005ecae       _jinit_differencer         0045fcae f   jcpred.obj
 0001:0005f1c8       _jinit_c_prep_controller   004601c8 f   jcprepct.obj
 0001:0005f713       _jinit_downsampler         00460713 f   jcsample.obj
 0001:0005ff93       _jinit_c_scaler            00460f93 f   jcscale.obj
 0001:00060009       _jinit_shuff_encoder       00461009 f   jcshuff.obj
 0001:00060874       _jpeg_CreateDecompress     00461874 f   jdapimin.obj
 0001:00060934       _jpeg_destroy_decompress   00461934 f   jdapimin.obj
 0001:00060934       _jpeg_destroy_compress     00461934 f   jdapimin.obj
 0001:0006093f       _jpeg_read_header          0046193f f   jdapimin.obj
 0001:000609a1       _jpeg_consume_input        004619a1 f   jdapimin.obj
 0001:00060bef       _jpeg_finish_decompress    00461bef f   jdapimin.obj
 0001:00060c86       _jpeg_start_decompress     00461c86 f   jdapistd.obj
 0001:00060df3       _jpeg_read_scanlines       00461df3 f   jdapistd.obj
 0001:00060e77       _jpeg_stdio_dest           00461e77 f   jdatadst.obj
 0001:00060f77       _jinit_d_coef_controller   00461f77 f   jdcoefct.obj
 0001:00061c50       _jinit_color_deconverter   00462c50 f   jdcolor.obj
 0001:00062166       _jinit_inverse_dct         00463166 f   jddctmgr.obj
 0001:000623a5       _jinit_d_diff_controller   004633a5 f   jddiffct.obj
 0001:000628d6       _jpeg_make_d_derived_tbl   004638d6 f   jdhuff.obj
[...]
 0001:00022d77       _LoadQ2Submodels           00423d77 f   model.obj
 0001:00022e49       _CheckLump                 00423e49 f   model.obj
 0001:00023121       _ReadEntity                00424121 f   model.obj
 0001:000231e5       _WriteEntity               004241e5 f   model.obj
 0001:00023286       _ProcessEntityTarget       00424286 f   model.obj
 0001:000232ff       _FindField                 004242ff f   model.obj
 0001:00023338       _GetVector                 00424338 f   model.obj
 0001:00023369       _ProcessEntity             00424369 f   model.obj
 0001:00023da9       _AddField                  00424da9 f   model.obj
 0001:00023de6       _FindEntityTarget          00424de6 f   model.obj
 0001:0001e5ba       _Multiplayer_MenuDraw      0041f5ba f   menu.obj
 0001:0001e5dd       _M_Banner                  0041f5dd f   menu.obj
 0001:0001e61f       _Multiplayer_MenuInit      0041f61f f   menu.obj
 0001:0001e70d       _Multiplayer_MenuKey       0041f70d f   menu.obj
 0001:0001e73f       _Keys_MenuInit             0041f73f f   menu.obj
 0001:0001e8d2       _KeyCursorDrawFunc         0041f8d2 f   menu.obj
 0001:0001e913       _DrawKeyBindingFunc        0041f913 f   menu.obj
 0001:0001e9eb       _M_FindKeysForCommand      0041f9eb f   menu.obj
 0001:0001ea3b       _SeekLine                  0041fa3b f   menu.obj
 0001:0001ea62       _AppendToken               0041fa62 f   menu.obj
 0001:0001ea8c       _Keys_MenuDraw             0041fa8c f   menu.obj
 0001:0001eaa5       _Keys_MenuKey              0041faa5 f   menu.obj
 0001:0001eb5d       _M_UnbindCommand           0041fb5d f   menu.obj
 0001:0001eba9       _KeyBindingFunc            0041fba9 f   menu.obj
 0001:0001ec1c       _Options_MenuInit          0041fc1c f   menu.obj
 0001:0001f0a7       _CrosshairFunc             004200a7 f   menu.obj
 0001:0001f0cb       _JoystickFunc              004200cb f   menu.obj
 0001:0001f0de       _CustomizeControlsFunc     004200de f   menu.obj
 0001:0001f0e3       _AlwaysRunFunc             004200e3 f   menu.obj
 0001:0001f0f6       _FreeLookFunc              004200f6 f   menu.obj
 0001:0001f109       _MouseSpeedFunc            00420109 f   menu.obj
 0001:0001f126       _ControlsSetMenuItemValues 00420126 f   menu.obj
 0001:0001f2f2       _ControlsResetDefaultsFunc 004202f2 f   menu.obj
 0001:0001f307       _InvertMouseFunc           00420307 f   menu.obj
 0001:0001f322       _LookspringFunc            00420322 f   menu.obj
 0001:0001f33e       _LookstrafeFunc            0042033e f   menu.obj
 0001:0001f35a       _UpdateVolumeFunc          0042035a f   menu.obj
 0001:0001f377       _UpdateCDVolumeFunc        00420377 f   menu.obj
 0001:0001f390       _ConsoleFunc               00420390 f   menu.obj
 0001:0001f3bf       _UpdateSoundFunc           004203bf f   menu.obj
 0001:0001f467       _Options_ScanCrosshairs    00420467 f   menu.obj
 0001:0001f4ba       _Options_MenuDraw          004204ba f   menu.obj
 0001:0001f4e2       _Options_CrosshairDraw     004204e2 f   menu.obj
 0001:0001f559       _Options_MenuKey           00420559 f   menu.obj
 0001:0001f63f       _M_Credits_MenuDraw        0042063f f   menu.obj
 0001:0001f729       _M_Credits_Key             00420729 f   menu.obj
 0001:0001f786       _Game_MenuInit             00420786 f   menu.obj
 0001:0001f933       _EasyGameFunc              00420933 f   menu.obj
 0001:0001f949       _StartGame                 00420949 f   menu.obj
 0001:0001f98e       _MediumGameFunc            0042098e f   menu.obj
 0001:0001f9a4       _HardGameFunc              004209a4 f   menu.obj
 0001:0001f9ba       _Game_MenuDraw             004209ba f   menu.obj
 0001:0001f9dd       _Game_MenuKey              004209dd f   menu.obj
 0001:0001fa0f       _LoadGame_MenuInit         00420a0f f   menu.obj
 0001:0001fab8       _Create_Savestrings        00420ab8 f   menu.obj
 0001:0001fb7d       _LoadGameCallback          00420b7d f   menu.obj
 0001:0001fba7       _LoadGame_MenuDraw         00420ba7 f   menu.obj
 0001:0001fbd0       _DrawSavegameShot          00420bd0 f   menu.obj
 0001:0001fc8f       _LoadGame_MenuKey          00420c8f f   menu.obj
 0001:0001fcf0       _SaveGame_MenuDraw         00420cf0 f   menu.obj
 0001:0001fd25       _SaveGame_MenuInit         00420d25 f   menu.obj
 0001:0001fdc0       _SaveGameCallback          00420dc0 f   menu.obj
 0001:0001fddf       _SaveGame_MenuKey          00420ddf f   menu.obj
 0001:0001fec0       _JoinServer_MenuInit       00420ec0 f   menu.obj
 0001:00020011       _JoinServerFunc            00421011 f   menu.obj
 0001:0002006e       _SearchLocalGames          0042106e f   menu.obj
 0001:000200da       _JoinServer_MenuDraw       004210da f   menu.obj
 0001:000200f2       _JoinServer_MenuKey        004210f2 f   menu.obj
 0001:00020124       _StartServer_MenuInit      00421124 f   menu.obj
 0001:000205d4       _DMOptionsFunc             004215d4 f   menu.obj
 0001:000205e3       _RulesChangeFunc           004215e3 f   menu.obj
 0001:0002064c       _StartServerActionFunc     0042164c f   menu.obj
 0001:00020678       _StartServerFunc           00421678 f   menu.obj
 0001:000208e3       _StartServer_MenuDraw      004218e3 f   menu.obj
 0001:000208ef       _StartServer_MenuKey       004218ef f   menu.obj
 0001:0002094f       _DMOptions_MenuInit        0042194f f   menu.obj
 0001:00020ee3       _DMFlagCallback            00421ee3 f   menu.obj
 0001:00021091       _DMOptions_MenuDraw        00422091 f   menu.obj
 0001:0002109d       _DMOptions_MenuKey         0042209d f   menu.obj
 0001:000210cf       _DownloadOptions_MenuInit  004220cf f   menu.obj
 0001:000212ba       _DownloadCallback          004222ba f   menu.obj
 0001:00021313       _DownloadOptions_MenuDraw  00422313 f   menu.obj
 0001:0002131f       _DownloadOptions_MenuKey   0042231f f   menu.obj
 0001:00021351       _AddressBook_MenuInit      00422351 f   menu.obj
 0001:00021407       _AddressBook_MenuKey       00422407 f   menu.obj
 0001:00021458       _AddressBook_MenuDraw      00422458 f   menu.obj
 0001:00021470       _M_Menu_PlayerConfig_f     00422470 f   menu.obj
 0001:000214cb       _PlayerConfig_MenuInit     004224cb f   menu.obj
 0001:000219fd       _HandednessCallback        004229fd f   menu.obj
 0001:00021a10       _RTypeCallback             00422a10 f   menu.obj
 0001:00021a23       _RColorCallback            00422a23 f   menu.obj
 0001:00021a36       _RateCallback              00422a36 f   menu.obj
 0001:00021a54       _ModelCallback             00422a54 f   menu.obj
 0001:00021a95       _PlayerConfig_ScanDirectories 00422a95 f   menu.obj
 0001:00021c5c       _IsValidSkin               00422c5c f   menu.obj
 0001:00021d25       _PlayerConfig_MenuDraw     00422d25 f   menu.obj
 0001:00021fd9       _PlayerConfig_MenuKey      00422fd9 f   menu.obj
 0001:000220ad       _M_Menu_DMBrowse_f         004230ad f   menu.obj
 0001:000220f1       _DMBrowse_MenuInit         004230f1 f   menu.obj
 0001:000222d7       _DMBrowse_MenuKey          004232d7 f   menu.obj
 0001:0002247a       _DMBrowse_MenuDraw         0042347a f   menu.obj
 0001:0002259f       _DrawThumbnail             0042359f f   menu.obj
 0001:00022666       _M_Quit_Key                00423666 f   menu.obj
 0001:000226a6       _M_Quit_Draw               004236a6 f   menu.obj
 0001:000227f3       _M_Menu_Quit_f             004237f3 f   menu.obj
 0001:0001db69       _AllocChain                0041eb69 f   memory.obj
 0001:0001de59       _Z_Stats_f                 0041ee59 f   memory.obj
 0001:0001d360       _MD4Transform              0041e360 f   md4.obj
 0001:0001d962       _Encode                    0041e962 f   md4.obj
 0001:0001d9a7       _Decode                    0041e9a7 f   md4.obj
 0001:0001c241       _CompleteCommand           0041d241 f   keys.obj
 0001:0001c2b8       _Do_CompleteCommand        0041d2b8 f   keys.obj
 0001:0001c72f       _TryComplete               0041d72f f   keys.obj
 0001:0001c7c4       _CompleteMenu              0041d7c4 f   keys.obj
 0001:0001c906       _CompleteMenuDraw          0041d906 f   keys.obj
 0001:0001c965       _CompleteMenuKey           0041d965 f   keys.obj
 0001:0001c997       _CompleteMenuCallback      0041d997 f   keys.obj
 0001:0001ca1f       _iswordsym                 0041da1f f   keys.obj
 0001:0001ccf1       _Key_Unbind_f              0041dcf1 f   keys.obj
 0001:0001cdd7       _Key_Unbindall_f           0041ddd7 f   keys.obj
 0001:0001ce01       _Key_Bind_f                0041de01 f   keys.obj
 0001:0001ae27       _IN_DeactivateMouse        0041be27 f   in_win.obj
 0001:0001ae53       _IN_FreeDirect             0041be53 f   in_win.obj
 0001:0001aebc       _IN_FreeWin32              0041bebc f   in_win.obj
 0001:0001b055       _IN_ActivateMouse          0041c055 f   in_win.obj
 0001:0001b0cd       _IN_InitDirect             0041c0cd f   in_win.obj
 0001:0001b217       _IN_InitWin32              0041c217 f   in_win.obj
 0001:0001b345       _IN_MouseMove              0041c345 f   in_win.obj
 0001:0005af19       _J_InitSource              0045bf19 f   jccolor.obj
 0001:0001a816       _J_FillInputBuffer         0041b816 f   images.obj
 0001:0001a83e       _J_SkipInputData           0041b83e f   images.obj
 0001:0005af19       _J_TermSource              0045bf19 f   jccolor.obj
 0001:0001a856       _InitJpegError             0041b856 f   images.obj
 0001:0001a887       _J_ErrorExit               0041b887 f   images.obj
 0001:0001a896       _J_EmitMessage             0041b896 f   images.obj
 0001:0001a8b3       _J_ResetErrorMgr           0041b8b3 f   images.obj
 0001:00018875       _FindPakFile               00419875 f   files.obj
 0001:000188e5       _FindPakDirectory          004198e5 f   files.obj
 0001:00018976       _FileLength                00419976 f   files.obj
 0001:00018dc8       _FOpenCached               00419dc8 f   files.obj
 0001:00019109       _UnloadPackFile            0041a109 f   files.obj
 0001:0001912f       _ClearFileCache            0041a12f f   files.obj
 0001:00019156       _AddGameDirectory          0041a156 f   files.obj
 0001:0001921b       _AddDirFilesToList         0041a21b f   files.obj
 0001:000192dc       _LoadPackFile              0041a2dc f   files.obj
 0001:0001944a       _AddPakFile                0041a44a f   files.obj
 0001:000194e9       _AddPakDirectory           0041a4e9 f   files.obj
 0001:000195c7       _EnumZippedPak             0041a5c7 f   files.obj
 0001:0001985f       _ListPakDirectory          0041a85f f   files.obj
 0001:00019a1a       _InitResFiles              0041aa1a f   files.obj
 0001:00019afd       _FS_LoadPak_f              0041aafd f   files.obj
 0001:00019bca       _TryLoadPak                0041abca f   files.obj
 0001:00019c38       _FindPakStruc              0041ac38 f   files.obj
 0001:00019c8d       _FS_UnloadPak_f            0041ac8d f   files.obj
 0001:00019e34       _FS_Link_f                 0041ae34 f   files.obj
 0001:00019f00       _FS_Dir_f                  0041af00 f   files.obj
 0001:0001a111       _FS_Path_f                 0041b111 f   files.obj
 0001:0001a1a9       _FS_Cat_f                  0041b1a9 f   files.obj
 0001:0001a282       _FS_Type_f                 0041b282 f   files.obj
 0001:00017199       _Cvar_FindVar              00418199 f   cvar.obj
 0001:000171ce       _ComputeHash               004181ce f   cvar.obj
 0001:000173e0       _Cvar_SetString            004183e0 f   cvar.obj
 0001:00017476       _Cvar_InfoValidate         00418476 f   cvar.obj
 0001:00017586       _Cvar_Set2                 00418586 f   cvar.obj
 0001:00017745       _Cvar_SetHardcoded         00418745 f   cvar.obj
 0001:00017b70       _Cvar_Set_f                00418b70 f   cvar.obj
 0001:00017bed       _Cvar_SetWithFlags         00418bed f   cvar.obj
 0001:00017c40       _Cvar_Seta_f               00418c40 f   cvar.obj
 0001:00017c62       _Cvar_Setu_f               00418c62 f   cvar.obj
 0001:00017c84       _Cvar_Sets_f               00418c84 f   cvar.obj
 0001:00017ca6       _Cvar_Reset_f              00418ca6 f   cvar.obj
 0001:00017d0b       _Cvar_List_f               00418d0b f   cvar.obj
 0001:00017e1b       _Cvar_Add_f                00418e1b f   cvar.obj
 0001:00017f92       _Cvar_Scale_f              00418f92 f   cvar.obj
 0001:00018005       _Cvar_Toggle_f             00419005 f   cvar.obj
 0001:00018068       _Cvar_Cycle_f              00419068 f   cvar.obj
 0001:00016518       _Con_ToggleChat_f          00417518 f   console.obj
 0001:00016549       _Con_Clear_f               00417549 f   console.obj
 0001:000165a4       _Con_Dump_f                004175a4 f   console.obj
 0001:000166b7       _Con_MessageMode_f         004176b7 f   console.obj
 0001:000166c9       _Con_MessageMode2_f        004176c9 f   console.obj
 0001:00016769       _PlaceChar                 00417769 f   console.obj
 0001:000168f3       _FindLine                  004178f3 f   console.obj
 0001:0001706f       _Con_DrawInput             0041806f f   console.obj
 0001:00014ce4       _GetInt                    00415ce4 f   common.obj
 0001:00015cb3       _Com_Error_f               00416cb3 f   common.obj
 0001:00015ccb       _ParseCmdline              00416ccb f   common.obj
 0001:00015e80       _PushCmdline               00416e80 f   common.obj
 0001:00012478       _CMod_LoadSurfaces         00413478 f   cmodel.obj
 0001:00012592       _CMod_ReadSurfMaterials    00413592 f   cmodel.obj
 0001:000126cd       _CMod_LoadNodes            004136cd f   cmodel.obj
 0001:0001272f       _CMod_LoadBrushes          0041372f f   cmodel.obj
 0001:0001277b       _CMod_LoadLeafs            0041377b f   cmodel.obj
 0001:0001284a       _CMod_LoadPlanes           0041384a f   cmodel.obj
 0001:00012932       _CMod_LoadLeafBrushes      00413932 f   cmodel.obj
 0001:0001297d       _CMod_LoadBrushSides       0041397d f   cmodel.obj
 0001:000129f6       _CMod_LoadAreas            004139f6 f   cmodel.obj
 0001:00012dd0       _PointLeafnum_r            00413dd0 f   cmodel.obj
 0001:00012e93       _BoxLeafnums_r             00413e93 f   cmodel.obj
 0001:000133ac       _TestInLeaf                004143ac f   cmodel.obj
 0001:0001341e       _TestBoxInBrush            0041441e f   cmodel.obj
 0001:00013500       _RecursiveHullCheck        00414500 f   cmodel.obj
 0001:000137b0       _TraceToLeaf               004147b0 f   cmodel.obj
 0001:0001386b       _ClipBoxToBrush            0041486b f   cmodel.obj
 0001:00013ed9       _RecursiveBrushTest        00414ed9 f   cmodel.obj
 0001:0001414b       _TestBrush                 0041514b f   cmodel.obj
 0001:0001440e       _FloodArea_r               0041540e f   cmodel.obj
 0001:00011e55       _Cmd_MacroExpandString     00412e55 f   cmd.obj
 0001:00012170       _Cmd_Wait_f                00413170 f   cmd.obj
 0001:000121a5       _Cmd_List_f                004131a5 f   cmd.obj
 0001:00010b93       _DrawSurfInfo              00411b93 f   cl_view.obj
 0001:00011091       _DrawFlag                  00412091 f   cl_view.obj
 0001:000111e2       _DecodeContents            004121e2 f   cl_view.obj
 0001:0001122d       _DrawOriginInfo            0041222d f   cl_view.obj
 0001:000113be       _DrawFpsInfo               004123be f   cl_view.obj
 0001:000114e7       _FixWaterVis               004124e7 f   cl_view.obj
 0001:000115e5       _entitycmpfnc              004125e5 f   cl_view.obj
 0001:0001164e       _Screenshot_f              0041264e f   cl_view.obj
 0001:0000d9ec       _SCR_CalcVrect             0040e9ec f   cl_scrn.obj
 0001:000085a9       _TryParseStatus            004095a9 f   cl_main.obj
 0001:00006a27       _IN_KLookUp                00407a27 f   cl_input.obj
 0001:00006a33       _KeyUp                     00407a33 f   cl_input.obj
 0001:00006aad       _IN_KLookDown              00407aad f   cl_input.obj
 0001:00006ab9       _KeyDown                   00407ab9 f   cl_input.obj
 0001:00006b2f       _IN_UpUp                   00407b2f f   cl_input.obj
 0001:00006b3b       _IN_UpDown                 00407b3b f   cl_input.obj
 0001:00006b47       _IN_DownUp                 00407b47 f   cl_input.obj
 0001:00006b53       _IN_DownDown               00407b53 f   cl_input.obj
 0001:00006b5f       _IN_RightUp                00407b5f f   cl_input.obj
 0001:00006b6b       _IN_RightDown              00407b6b f   cl_input.obj
 0001:00006b77       _IN_LeftUp                 00407b77 f   cl_input.obj
 0001:00006b83       _IN_LeftDown               00407b83 f   cl_input.obj
 0001:00006b8f       _IN_ForwardUp              00407b8f f   cl_input.obj
 0001:00006b9b       _IN_ForwardDown            00407b9b f   cl_input.obj
 0001:00006ba7       _IN_BackUp                 00407ba7 f   cl_input.obj
 0001:00006bb3       _IN_BackDown               00407bb3 f   cl_input.obj
 0001:00006bbf       _IN_LookupUp               00407bbf f   cl_input.obj
 0001:00006bcb       _IN_LookupDown             00407bcb f   cl_input.obj
 0001:00006bd7       _IN_LookdownUp             00407bd7 f   cl_input.obj
 0001:00006be3       _IN_LookdownDown           00407be3 f   cl_input.obj
 0001:00006bef       _IN_MoveleftUp             00407bef f   cl_input.obj
 0001:00006bfb       _IN_MoveleftDown           00407bfb f   cl_input.obj
 0001:00006c07       _IN_MoverightUp            00407c07 f   cl_input.obj
 0001:00006c13       _IN_MoverightDown          00407c13 f   cl_input.obj
 0001:00006c1f       _IN_SpeedUp                00407c1f f   cl_input.obj
 0001:00006c2b       _IN_SpeedDown              00407c2b f   cl_input.obj
 0001:00006c37       _IN_StrafeUp               00407c37 f   cl_input.obj
 0001:00006c43       _IN_StrafeDown             00407c43 f   cl_input.obj
 0001:00006c4f       _IN_AttackUp               00407c4f f   cl_input.obj
 0001:00006c5b       _IN_AttackDown             00407c5b f   cl_input.obj
 0001:00006c67       _IN_UseUp                  00407c67 f   cl_input.obj
 0001:00006c73       _IN_UseDown                00407c73 f   cl_input.obj
 0001:00006c7f       _IN_Lookdown               00407c7f f   cl_input.obj
 0001:00006cb2       _IN_Lookup                 00407cb2 f   cl_input.obj
 0001:00006f2e       _CreateCmd                 00407f2e f   cl_input.obj
 0001:00006f7a       _BaseMove                  00407f7a f   cl_input.obj
 0001:00007154       _CL_KeyState               00408154 f   cl_input.obj
 0001:000071b4       _AdjustAngles              004081b4 f   cl_input.obj
 0001:000072c3       _FinishMove                004082c3 f   cl_input.obj
 0001:00007387       _ClampPitch                00408387 f   cl_input.obj
 0001:000036df       _CL_AddParticleTraces      004046df f   cl_fx.obj
 0001:00003a51       _CL_AddParticleBeams       00404a51 f   cl_fx.obj
 0001:00002414       _CL_AddDebugLines          00403414 f   cl_ents.obj
 0001:00002468       _CL_AddPacketEntities      00403468 f   cl_ents.obj
 0001:00002e90       _GetEntityInfo             00403e90 f   cl_ents.obj
 0001:00002f9f       _AddEntityWithEffects      00403f9f f   cl_ents.obj
 0001:00002fcb       _AddViewWeapon             00403fcb f   cl_ents.obj
 0001:0000083e       _FreeCinematic             0040183e f   cl_cin.obj
 0001:000009f0       _ReadNextFrame             004019f0 f   cl_cin.obj
 0001:00000b0d       _Huff1Decompress           00401b0d f   cl_cin.obj
 0001:00000fb3       _Huff1TableInit            00401fb3 f   cl_cin.obj
 0001:000010ad       _SmallestNode1             004020ad f   cl_cin.obj
 0001:0000014c       _CDAudio_GetAudioDiskInfo  0040114c f   cd_win.obj
 0001:000004c4       _CD_f                      004014c4 f   cd_win.obj
 0001:0000077d       _CDAudio_Eject             0040177d f   cd_win.obj
 0001:000007a7       _CDAudio_CloseDoor         004017a7 f   cd_win.obj

 70 bytes saved through ICF

