 quake2

 Timestamp is 3f2a57f6 (Fri Aug 01 16:07:18 2003)

 Preferred load address is 00400000

 Start         Length     Name                   Class
 0001:00000000 0006b300H .text                   CODE
 0002:00000000 00000334H .idata$5                DATA
 0002:00000338 0000196cH .rdata                  DATA
 0002:00001ca4 00000078H .idata$2                DATA
 0002:00001d1c 00000014H .idata$3                DATA
 0002:00001d30 00000334H .idata$4                DATA
 0002:00002064 00000a5eH .idata$6                DATA
 0002:00002ac2 00000000H .edata                  DATA
 0003:00000000 00000004H .CRT$XCA                DATA
 0003:00000004 00000004H .CRT$XCZ                DATA
 0003:00000008 00000004H .CRT$XIA                DATA
 0003:0000000c 00000004H .CRT$XIZ                DATA
 0003:00000010 00015024H .data                   DATA
 0003:00015038 00a78e44H .bss                    DATA
 0004:00000000 00000130H .rsrc$01                DATA
 0004:00000130 00003f20H .rsrc$02                DATA

  Address         Publics by Value              Rva+Base     Lib:Object

 0001:00000000       _CDAudio_Play2             00401000 f   cd_win.obj
 0001:000001e5       _CDAudio_Play              004011e5 f   cd_win.obj
 0001:000001fc       _CDAudio_Stop              004011fc f   cd_win.obj
 0001:00000241       _CDAudio_Pause             00401241 f   cd_win.obj
 0001:0000029a       _CDAudio_Resume            0040129a f   cd_win.obj
 0001:0000030c       _CDAudio_MessageHandler    0040130c f   cd_win.obj
 0001:000003a3       _CDAudio_Update            004013a3 f   cd_win.obj
 0001:000003da       _CDAudio_Init              004013da f   cd_win.obj
 0001:000007d1       _CDAudio_Shutdown          004017d1 f   cd_win.obj
 0001:00000804       _CDAudio_Activate          00401804 f   cd_win.obj
 0001:00000815       _SCR_StopCinematic         00401815 f   cl_cin.obj
 0001:000008b1       _SCR_FinishCinematic       004018b1 f   cl_cin.obj
 0001:000008f3       _SCR_RunCinematic          004018f3 f   cl_cin.obj
 0001:00000d0f       _SCR_DrawCinematic         00401d0f f   cl_cin.obj
 0001:00000db3       _SCR_PlayCinematic         00401db3 f   cl_cin.obj
 0001:000010fd       _CL_ParseEntityBits        004020fd f   cl_ents.obj
 0001:0000115f       _CL_ParseDelta             0040215f f   cl_ents.obj
 0001:000014d9       _CL_DeltaEntity            004024d9 f   cl_ents.obj
 0001:00001646       _CL_ParsePacketEntities    00402646 f   cl_ents.obj
 0001:00001872       _CL_ParsePlayerstate       00402872 f   cl_ents.obj
 0001:00001b80       _CL_FireEntityEvents       00402b80 f   cl_ents.obj
 0001:00001bd2       _CL_ParseFrame             00402bd2 f   cl_ents.obj
 0001:00001e96       _CL_AddEntityBox           00402e96 f   cl_ents.obj
 0001:00001f93       _CL_OffsetThirdPersonView  00402f93 f   cl_ents.obj
 0001:00002060       _CL_CalcViewValues         00403060 f   cl_ents.obj
 0001:00002322       _CL_AddEntities            00403322 f   cl_ents.obj
 0001:00003134       _CL_GetEntitySoundOrigin   00404134 f   cl_ents.obj
 0001:00003170       _CL_ClearLightStyles       00404170 f   cl_fx.obj
 0001:000031f4       _CL_RunLightStyles         004041f4 f   cl_fx.obj
 0001:0000328e       _CL_SetLightstyle          0040428e f   cl_fx.obj
 0001:000032f8       _CL_AllocDlight            004042f8 f   cl_fx.obj
 0001:00003368       _CL_AddDLights             00404368 f   cl_fx.obj
 0001:000033c8       _CL_ClearParticles         004043c8 f   cl_fx.obj
 0001:0000341a       _CL_AllocParticleTrace     0040441a f   cl_fx.obj
 0001:000034bf       _CL_AllocParticleBeam      004044bf f   cl_fx.obj
 0001:00003529       _CL_AllocParticle          00404529 f   cl_fx.obj
 0001:00003578       _CL_UpdateParticles        00404578 f   cl_fx.obj
 0001:00003b49       _CL_MetalSparks            00404b49 f   cl_fx.obj
 0001:00003c1f       _CL_ParseMuzzleFlash       00404c1f f   cl_fx.obj
 0001:0000443a       _CL_ParseMuzzleFlash2      0040543a f   cl_fx.obj
 0001:00004b07       _CL_ParticleEffect         00405b07 f   cl_fx.obj
 0001:00004bd6       _CL_ParticleEffect2        00405bd6 f   cl_fx.obj
 0001:00004ca1       _CL_ParticleEffect3        00405ca1 f   cl_fx.obj
 0001:00004d71       _CL_TeleporterParticles    00405d71 f   cl_fx.obj
 0001:00004e28       _CL_LogoutEffect           00405e28 f   cl_fx.obj
 0001:00004f13       _CL_ItemRespawnParticles   00405f13 f   cl_fx.obj
 0001:00004fc2       _CL_ExplosionParticles     00405fc2 f   cl_fx.obj
 0001:0000506c       _CL_BigTeleportParticles   0040606c f   cl_fx.obj
 0001:000051c3       _CL_BlasterParticles       004061c3 f   cl_fx.obj
 0001:0000528f       _CL_BlasterTrail           0040628f f   cl_fx.obj
 0001:00005388       _CL_FlagTrail              00406388 f   cl_fx.obj
 0001:0000548e       _CL_DiminishingTrail       0040648e f   cl_fx.obj
 0001:000056f8       _CL_RocketTrail            004066f8 f   cl_fx.obj
 0001:00005827       _CL_RailTrail              00406827 f   cl_fx.obj
 0001:00005a57       _CL_RailTrailExt           00406a57 f   cl_fx.obj
 0001:00005b52       _CL_IonripperTrail         00406b52 f   cl_fx.obj
 0001:00005c66       _CL_BubbleTrail            00406c66 f   cl_fx.obj
 0001:00005d8a       _CL_FlyParticles           00406d8a f   cl_fx.obj
 0001:00005f28       _CL_FlyEffect              00406f28 f   cl_fx.obj
 0001:00005fab       _CL_BfgParticles           00406fab f   cl_fx.obj
 0001:00006181       _CL_TrapParticles          00407181 f   cl_fx.obj
 0001:00006423       _CL_BFGExplosionParticles  00407423 f   cl_fx.obj
 0001:000064cd       _CL_TeleportParticles      004074cd f   cl_fx.obj
 0001:00006606       _CL_EntityEvent            00407606 f   cl_fx.obj
 0001:000067e4       _CL_ClearEffects           004077e4 f   cl_fx.obj
 0001:00006802       _IN_CenterView             00407802 f   cl_input.obj
 0001:00006823       _CL_InitInput              00407823 f   cl_input.obj
 0001:00006d03       _CL_SendCmd                00407d03 f   cl_input.obj
 0001:00007409       _CL_ParseInventory         00408409 f   cl_inv.obj
 0001:00007429       _CL_DrawInventory          00408429 f   cl_inv.obj
 0001:000076a0       _CL_WriteDemoMessage       004086a0 f   cl_main.obj
 0001:000076e2       _CL_Stop_f                 004086e2 f   cl_main.obj
 0001:0000773d       _CL_Record_f               0040873d f   cl_main.obj
 0001:000079e0       _Cmd_ForwardToServer       004089e0 f   cl_main.obj
 0001:00007a4c       _CL_Setenv_f               00408a4c f   cl_main.obj
 0001:00007b10       _CL_ForwardToServer_f      00408b10 f   cl_main.obj
 0001:00007b5e       _CL_Pause_f                00408b5e f   cl_main.obj
 0001:00007ba0       _CL_Quit_f                 00408ba0 f   cl_main.obj
 0001:00007baa       _CL_Drop                   00408baa f   cl_main.obj
 0001:00007bcc       _CL_SendConnectPacket      00408bcc f   cl_main.obj
 0001:00007ca3       _CL_CheckForResend         00408ca3 f   cl_main.obj
 0001:00007da7       _CL_Connect_f              00408da7 f   cl_main.obj
 0001:00007e26       _CL_Rcon_f                 00408e26 f   cl_main.obj
 0001:00007f31       _CL_ClearState             00408f31 f   cl_main.obj
 0001:00007f70       _CL_Disconnect             00408f70 f   cl_main.obj
 0001:000080ad       _CL_Disconnect_f           004090ad f   cl_main.obj
 0001:000080bc       _CL_Changing_f             004090bc f   cl_main.obj
 0001:000080e0       _CL_Reconnect_f            004090e0 f   cl_main.obj
 0001:0000817c       _CL_PingServers_f          0040917c f   cl_main.obj
 0001:000082e4       _CL_Skins_f                004092e4 f   cl_main.obj
 0001:00008320       _CL_ConnectionlessPacket   00409320 f   cl_main.obj
 0001:0000867e       _CL_ReadPackets            0040967e f   cl_main.obj
 0001:00008769       _CL_FixUpGender            00409769 f   cl_main.obj
 0001:0000881a       _CL_Userinfo_f             0040981a f   cl_main.obj
 0001:00008832       _CL_Snd_Restart_f          00409832 f   cl_main.obj
 0001:00008841       _CL_RequestNextDownload    00409841 f   cl_main.obj
 0001:00008e84       _CL_Precache_f             00409e84 f   cl_main.obj
 0001:00008f4a       _CL_WriteConfiguration     00409f4a f   cl_main.obj
 0001:00008fee       _CL_WriteConfig_f          00409fee f   cl_main.obj
 0001:0000904d       _CL_InitLocal              0040a04d f   cl_main.obj
 0001:0000926d       _CL_FixCvarCheats          0040a26d f   cl_main.obj
 0001:000092be       _CL_Frame                  0040a2be f   cl_main.obj
 0001:000094f2       _CL_Init                   0040a4f2 f   cl_main.obj
 0001:0000953f       _CL_Shutdown               0040a53f f   cl_main.obj
 0001:00009585       _vectoangles2              0040a585 f   cl_newfx.obj
 0001:00009687       _CL_Flashlight             0040a687 f   cl_newfx.obj
 0001:000096c1       _CL_ColorFlash             0040a6c1 f   cl_newfx.obj
 0001:000096fd       _CL_DebugTrail             0040a6fd f   cl_newfx.obj
 0001:000097f4       _CL_ForceWall              0040a7f4 f   cl_newfx.obj
 0001:0000992e       _CL_BubbleTrail2           0040a92e f   cl_newfx.obj
 0001:00009a5e       _CL_Heatbeam               0040aa5e f   cl_newfx.obj
 0001:00009cd0       _CL_ParticleSteamEffect    0040acd0 f   cl_newfx.obj
 0001:00009ddc       _CL_ParticleSteamEffect2   0040addc f   cl_newfx.obj
 0001:00009efb       _CL_TrackerTrail           0040aefb f   cl_newfx.obj
 0001:0000a040       _CL_Tracker_Shell          0040b040 f   cl_newfx.obj
 0001:0000a0b7       _CL_MonsterPlasma_Shell    0040b0b7 f   cl_newfx.obj
 0001:0000a12b       _CL_Widowbeamout           0040b12b f   cl_newfx.obj
 0001:0000a1d2       _CL_Nukeblast              0040b1d2 f   cl_newfx.obj
 0001:0000a279       _CL_WidowSplash            0040b279 f   cl_newfx.obj
 0001:0000a334       _CL_TagTrail               0040b334 f   cl_newfx.obj
 0001:0000a43a       _CL_ColorExplosionParticles 0040b43a f   cl_newfx.obj
 0001:0000a4e7       _CL_ParticleSmokeEffect    0040b4e7 f   cl_newfx.obj
 0001:0000a5f1       _CL_BlasterParticles2      0040b5f1 f   cl_newfx.obj
 0001:0000a6be       _CL_BlasterTrail2          0040b6be f   cl_newfx.obj
 0001:0000a7b7       _CL_DownloadFileName       0040b7b7 f   cl_parse.obj
 0001:0000a7f6       _CL_CheckOrDownloadFile    0040b7f6 f   cl_parse.obj
 0001:0000aa31       _CL_Download_f             0040ba31 f   cl_parse.obj
 0001:0000aafc       _CL_RegisterSounds         0040bafc f   cl_parse.obj
 0001:0000ab3b       _CL_ParseDownload          0040bb3b f   cl_parse.obj
 0001:0000aca8       _CL_ParseServerData        0040bca8 f   cl_parse.obj
 0001:0000adae       _CL_ParseBaseline          0040bdae f   cl_parse.obj
 0001:0000adf6       _CL_LoadClientinfo         0040bdf6 f   cl_parse.obj
 0001:0000b0e5       _CL_ParseClientinfo        0040c0e5 f   cl_parse.obj
 0001:0000b109       _CL_ParseConfigString      0040c109 f   cl_parse.obj
 0001:0000b2ab       _CL_ParseStartSoundPacket  0040c2ab f   cl_parse.obj
 0001:0000b3ad       _CL_ParseServerMessage     0040c3ad f   cl_parse.obj
 0001:0000b6a7       _CL_CheckPredictionError   0040c6a7 f   cl_pred.obj
 0001:0000b7e5       _CL_ClipMoveToEntities     0040c7e5 f   cl_pred.obj
 0001:0000bacb       _CL_PMTrace                0040cacb f   cl_pred.obj
 0001:0000bb30       _CL_PMpointcontents        0040cb30 f   cl_pred.obj
 0001:0000bc63       _CL_PredictMovement        0040cc63 f   cl_pred.obj
 0001:0000be8a       _CL_AddNetgraph            0040ce8a f   cl_scrn.obj
 0001:0000bf64       _SCR_DebugGraph            0040cf64 f   cl_scrn.obj
 0001:0000bf8c       _SCR_DrawDebugGraph        0040cf8c f   cl_scrn.obj
 0001:0000c06b       _SCR_CenterPrint           0040d06b f   cl_scrn.obj
 0001:0000c17c       _SCR_DrawCenterString      0040d17c f   cl_scrn.obj
 0001:0000c2d1       _SCR_SizeUp_f              0040d2d1 f   cl_scrn.obj
 0001:0000c2ea       _SCR_SizeDown_f            0040d2ea f   cl_scrn.obj
 0001:0000c30b       _SCR_Sky_f                 0040d30b f   cl_scrn.obj
 0001:0000c3b6       _SCR_Init                  0040d3b6 f   cl_scrn.obj
 0001:0000c41b       _SCR_DrawPause             0040d41b f   cl_scrn.obj
 0001:0000c484       _SCR_RunConsole            0040d484 f   cl_scrn.obj
 0001:0000c566       _SCR_DrawConsole           0040d566 f   cl_scrn.obj
 0001:0000c5fe       _SCR_SetLevelshot          0040d5fe f   cl_scrn.obj
 0001:0000c669       _SCR_DrawLoading           0040d669 f   cl_scrn.obj
 0001:0000c722       _SCR_BeginLoadingPlaque    0040d722 f   cl_scrn.obj
 0001:0000c782       _SCR_EndLoadingPlaque      0040d782 f   cl_scrn.obj
 0001:0000c7a0       _SCR_Loading_f             0040d7a0 f   cl_scrn.obj
 0001:0000c7a5       _SCR_TimeRefresh_f         0040d7a5 f   cl_scrn.obj
 0001:0000c87c       _SCR_AddDirtyPoint         0040d87c f   cl_scrn.obj
 0001:0000c8b9       _SCR_DirtyScreen           0040d8b9 f   cl_scrn.obj
 0001:0000c934       _SCR_TileClear             0040d934 f   cl_scrn.obj
 0001:0000cb0f       _DrawHUDString             0040db0f f   cl_scrn.obj
 0001:0000cbc1       _SCR_DrawField             0040dbc1 f   cl_scrn.obj
 0001:0000cce5       _SCR_TouchPics             0040dce5 f   cl_scrn.obj
 0001:0000cd78       _SCR_ExecuteLayoutString   0040dd78 f   cl_scrn.obj
 0001:0000d729       _SCR_UpdateScreen          0040e729 f   cl_scrn.obj
 0001:0000da49       _CL_RegisterTEntSounds     0040ea49 f   cl_tent.obj
 0001:0000dc81       _CL_RegisterTEntModels     0040ec81 f   cl_tent.obj
 0001:0000de07       _CL_ClearTEnts             0040ee07 f   cl_tent.obj
 0001:0000de5e       _CL_AllocExplosion         0040ee5e f   cl_tent.obj
 0001:0000df01       _CL_AddExplosions          0040ef01 f   cl_tent.obj
 0001:0000e0e2       _CL_SmokeAndFlash          0040f0e2 f   cl_tent.obj
 0001:0000e12a       _CL_ParseBeam              0040f12a f   cl_tent.obj
 0001:0000e219       _CL_ParseBeam2             0040f219 f   cl_tent.obj
 0001:0000e319       _CL_ParsePlayerBeam        0040f319 f   cl_tent.obj
 0001:0000e455       _CL_ParseLightning         0040f455 f   cl_tent.obj
 0001:0000e52b       _CL_ParseLaser             0040f52b f   cl_tent.obj
 0001:0000e5d0       _CL_ParseSteam             0040f5d0 f   cl_tent.obj
 0001:0000e6e1       _CL_ParseWidow             0040f6e1 f   cl_tent.obj
 0001:0000e74d       _CL_ParseNuke              0040f74d f   cl_tent.obj
 0001:0000e7b7       _CL_ParseTEnt              0040f7b7 f   cl_tent.obj
 0001:0000f5f7       _CL_AddBeams               004105f7 f   cl_tent.obj
 0001:0000f944       _CL_AddPlayerBeams         00410944 f   cl_tent.obj
 0001:0001003c       _CL_AddLasers              0041103c f   cl_tent.obj
 0001:00010061       _CL_ProcessSustain         00411061 f   cl_tent.obj
 0001:000100a2       _CL_AddTEnts               004110a2 f   cl_tent.obj
 0001:000100bb       _V_AddEntity               004110bb f   cl_view.obj
 0001:000100ea       _V_AddLight                004110ea f   cl_view.obj
 0001:00010135       _V_TestParticles           00411135 f   cl_view.obj
 0001:000101f3       _V_TestEntities            004111f3 f   cl_view.obj
 0001:00010295       _V_TestLights              00411295 f   cl_view.obj
 0001:00010368       _CL_PrepRefresh            00411368 f   cl_view.obj
 0001:0001063b       _CalcFov                   0041163b f   cl_view.obj
 0001:000106b4       _V_Gun_Next_f              004116b4 f   cl_view.obj
 0001:000106cd       _V_Gun_Prev_f              004116cd f   cl_view.obj
 0001:000106ef       _V_Gun_Model_f             004116ef f   cl_view.obj
 0001:00010723       _SCR_DrawCrosshair         00411723 f   cl_view.obj
 0001:00010798       _V_RenderView              00411798 f   cl_view.obj
 0001:000115e1       _V_Init                    004125e1 f   cl_view.obj
 0001:000117db       _Cbuf_Init                 004127db f   cmd.obj
 0001:000117f3       _Cbuf_AddText              004127f3 f   cmd.obj
 0001:0001184f       _Cbuf_InsertText           0041284f f   cmd.obj
 0001:000118a7       _Cbuf_CopyToDefer          004128a7 f   cmd.obj
 0001:000118d3       _Cbuf_InsertFromDefer      004128d3 f   cmd.obj
 0001:000118e6       _Cbuf_Execute              004128e6 f   cmd.obj
 0001:000119cc       _Cmd_Exec_f                004129cc f   cmd.obj
 0001:00011a51       _Cmd_Echo_f                00412a51 f   cmd.obj
 0001:00011a93       _Cmd_Alias_f               00412a93 f   cmd.obj
 0001:00011bba       _Cmd_Unalias_f             00412bba f   cmd.obj
 0001:00011c46       _Cmd_WriteAliases          00412c46 f   cmd.obj
 0001:00011c6f       _Cmd_Argc                  00412c6f f   cmd.obj
 0001:00011c75       _Cmd_Argv                  00412c75 f   cmd.obj
 0001:00011c8f       _Cmd_Args                  00412c8f f   cmd.obj
 0001:00011c95       _Cmd_TokenizeString        00412c95 f   cmd.obj
 0001:00011f57       _Cmd_AddCommand            00412f57 f   cmd.obj
 0001:00011fbf       _Cmd_RemoveCommand         00412fbf f   cmd.obj
 0001:00012001       _Cmd_ExecuteString         00413001 f   cmd.obj
 0001:000120d9       _Cmd_Init                  004130d9 f   cmd.obj
 0001:000121dc       _CMod_GetSurfMaterial      004131dc f   cmodel.obj
 0001:00012239       _CM_LoadMap                00413239 f   cmodel.obj
 0001:000129a3       _CM_InlineModel            004139a3 f   cmodel.obj
 0001:000129f2       _CM_NumClusters            004139f2 f   cmodel.obj
 0001:000129f8       _CM_NumInlineModels        004139f8 f   cmodel.obj
 0001:000129fe       _CM_EntityString           004139fe f   cmodel.obj
 0001:00012a04       _CM_LeafContents           00413a04 f   cmodel.obj
 0001:00012a2e       _CM_LeafCluster            00413a2e f   cmodel.obj
 0001:00012a59       _CM_LeafArea               00413a59 f   cmodel.obj
 0001:00012a84       _CM_InitBoxHull            00413a84 f   cmodel.obj
 0001:00012c63       _CM_HeadnodeForBox         00413c63 f   cmodel.obj
 0001:00012d18       _CM_PointLeafnum           00413d18 f   cmodel.obj
 0001:00012d9b       _CM_BoxLeafnums            00413d9b f   cmodel.obj
 0001:00012eab       _CM_PointContents          00413eab f   cmodel.obj
 0001:00012ed0       _CM_TransformedPointContents 00413ed0 f   cmodel.obj
 0001:00012fb5       _CM_TransformedPointContents2 00413fb5 f   cmodel.obj
 0001:00013050       _CM_BoxTrace               00414050 f   cmodel.obj
 0001:00013a6c       _CM_TransformedBoxTrace    00414a6c f   cmodel.obj
 0001:00013cc2       _CM_TransformedBoxTrace2   00414cc2 f   cmodel.obj
 0001:00013e5a       _CM_DecompressVis          00414e5a f   cmodel.obj
 0001:00013f03       _CM_ClusterPVS             00414f03 f   cmodel.obj
 0001:00013f50       _CM_ClusterPHS             00414f50 f   cmodel.obj
 0001:00013f9d       _FloodAreaConnections      00414f9d f   cmodel.obj
 0001:00014058       _CM_SetAreaPortalState     00415058 f   cmodel.obj
 0001:00014085       _CM_AreasConnected         00415085 f   cmodel.obj
 0001:000140d3       _CM_WriteAreaBits          004150d3 f   cmodel.obj
 0001:00014163       _CM_WritePortalState       00415163 f   cmodel.obj
 0001:0001417d       _CM_ReadPortalState        0041517d f   cmodel.obj
 0001:0001419b       _CM_HeadnodeVisible        0041519b f   cmodel.obj
 0001:00014203       _Com_BeginRedirect         00415203 f   common.obj
 0001:00014240       _Com_EndRedirect           00415240 f   common.obj
 0001:0001426b       _Com_Printf                0041526b f   common.obj
 0001:000143ca       _Com_DPrintf               004153ca f   common.obj
 0001:0001442e       _DebugPrintf               0041542e f   common.obj
 0001:000144d6       _Com_WPrintf               004154d6 f   common.obj
 0001:0001452f       _Com_Error                 0041552f f   common.obj
 0001:0001462a       _Com_Quit                  0041562a f   common.obj
 0001:0001465a       _MatchWildcard             0041565a f   common.obj
 0001:000147b1       _MatchWildcard2            004157b1 f   common.obj
 0001:000147fd       _IPWildcard                004157fd f   common.obj
 0001:000148d8       _Com_ServerState           004158d8 f   common.obj
 0001:000148de       _Com_SetServerState        004158de f   common.obj
 0001:000148e8       _MSG_WriteByte             004158e8 f   common.obj
 0001:000148e8       _MSG_WriteChar             004158e8 f   common.obj
 0001:000148fc       _MSG_WriteShort            004158fc f   common.obj
 0001:00014916       _MSG_WriteLong             00415916 f   common.obj
 0001:00014940       _MSG_WriteFloat            00415940 f   common.obj
 0001:00014966       _MSG_WriteString           00415966 f   common.obj
 0001:0001499e       _MSG_WriteCoord            0041599e f   common.obj
 0001:000149d3       _MSG_WritePos              004159d3 f   common.obj
 0001:00014a61       _MSG_WriteAngle            00415a61 f   common.obj
 0001:00014a90       _MSG_WriteAngle16          00415a90 f   common.obj
 0001:00014acb       _MSG_WriteDeltaUsercmd     00415acb f   common.obj
 0001:00014c53       _MSG_WriteDir              00415c53 f   common.obj
 0001:00014cc0       _MSG_ReadDir               00415cc0 f   common.obj
 0001:00014cfe       _MSG_WriteDeltaEntity      00415cfe f   common.obj
 0001:000151d2       _MSG_BeginReading          004161d2 f   common.obj
 0001:000151db       _MSG_ReadChar              004161db f   common.obj
 0001:000151fc       _MSG_ReadByte              004161fc f   common.obj
 0001:0001521d       _MSG_ReadShort             0041621d f   common.obj
 0001:0001524d       _MSG_ReadLong              0041624d f   common.obj
 0001:0001528c       _MSG_ReadString            0041628c f   common.obj
 0001:000152bf       _MSG_ReadCoord             004162bf f   common.obj
 0001:000152d9       _MSG_ReadPos               004162d9 f   common.obj
 0001:0001532b       _MSG_ReadAngle             0041632b f   common.obj
 0001:00015345       _MSG_ReadAngle16           00416345 f   common.obj
 0001:0001535f       _MSG_ReadDeltaUsercmd      0041635f f   common.obj
 0001:00015416       _MSG_ReadData              00416416 f   common.obj
 0001:00015439       _SZ_Init                   00416439 f   common.obj
 0001:0001545b       _SZ_Clear                  0041645b f   common.obj
 0001:00015468       _SZ_GetSpace               00416468 f   common.obj
 0001:000154ce       _SZ_Write                  004164ce f   common.obj
 0001:000154ef       _SZ_Print                  004164ef f   common.obj
 0001:00015538       _Info_Print                00416538 f   common.obj
 0001:000155f5       _COM_BlockSequenceCRCByte  004165f5 f   common.obj
 0001:00015681       _frand                     00416681 f   common.obj
 0001:0001569e       _crand                     0041669e f   common.obj
 0001:000156c1       _COM_CheckCmdlineVar       004166c1 f   common.obj
 0001:00015717       _QCommon_Init              00416717 f   common.obj
 0001:00015a6d       _QCommon_Frame             00416a6d f   common.obj
 0001:00015d9f       _DeinitConProc             00416d9f f   conproc.obj
 0001:00015db0       _DrawStringCommon          00416db0 f   console.obj
 0001:00015e0d       _DrawString                00416e0d f   console.obj
 0001:00015e2f       _DrawAltString             00416e2f f   console.obj
 0001:00015e54       _Con_ToggleConsole_f       00416e54 f   console.obj
 0001:00015ebb       _Con_ClearNotify           00416ebb f   console.obj
 0001:00015ec9       _Con_CheckResize           00416ec9 f   console.obj
 0001:00015fe9       _Con_Init                  00416fe9 f   console.obj
 0001:0001628b       _Con_Print                 0041728b f   console.obj
 0001:0001655b       _Con_DrawNotify            0041755b f   console.obj
 0001:000167b5       _Con_DrawConsole           004177b5 f   console.obj
 0001:00016cf1       _CRC_Block                 00417cf1 f   crc.obj
 0001:00016d2d       _Cvar_VariableValue        00417d2d f   cvar.obj
 0001:00016d9b       _Cvar_VariableInt          00417d9b f   cvar.obj
 0001:00016dae       _Cvar_VariableString       00417dae f   cvar.obj
 0001:00016dc6       _Cvar_Get                  00417dc6 f   cvar.obj
 0001:0001705a       _Cvar_GetVars              0041805a f   cvar.obj
 0001:000170ae       _Cvar_FullSet              004180ae f   cvar.obj
 0001:0001710b       _Cvar_SetValue             0041810b f   cvar.obj
 0001:00017359       _Cvar_SetInteger           00418359 f   cvar.obj
 0001:0001737b       _Cvar_Set                  0041837b f   cvar.obj
 0001:00017390       _Cvar_ForceSet             00418390 f   cvar.obj
 0001:000173a5       _Cvar_Clamp                004183a5 f   cvar.obj
 0001:0001742f       _Cvar_ClampName            0041842f f   cvar.obj
 0001:00017480       _Cvar_GetLatchedVars       00418480 f   cvar.obj
 0001:000174af       _Cvar_Command              004184af f   cvar.obj
 0001:0001755b       _Cvar_WriteVariables       0041855b f   cvar.obj
 0001:000175d5       _Cvar_BitInfo              004185d5 f   cvar.obj
 0001:0001760e       _Cvar_Userinfo             0041860e f   cvar.obj
 0001:00017617       _Cvar_Serverinfo           00418617 f   cvar.obj
 0001:00017620       _Cvar_Cheats               00418620 f   cvar.obj
 0001:00017676       _Cvar_Init                 00418676 f   cvar.obj
 0001:00017cc1       _FS_CreatePath             00418cc1 f   files.obj
 0001:00017d0b       _FS_CopyFile               00418d0b f   files.obj
 0001:00017e0e       _FS_CopyFiles              00418e0e f   files.obj
 0001:00017ee1       _FS_RemoveFiles            00418ee1 f   files.obj
 0001:00017f55       _Developer_searchpath      00418f55 f   files.obj
 0001:00017f9a       _FS_FCloseFile             00418f9a f   files.obj
 0001:00018030       _FS_FOpenFile              00419030 f   files.obj
 0001:00018558       _FS_FileExists             00419558 f   files.obj
 0001:00018792       _FS_Read                   00419792 f   files.obj
 0001:000189da       _FS_LoadFile               004199da f   files.obj
 0001:00018a3c       _FS_FreeFile               00419a3c f   files.obj
 0001:00018a47       _FS_Gamedir                00419a47 f   files.obj
 0001:00018a5b       _FS_LoadGameConfig         00419a5b f   files.obj
 0001:00018b20       _FS_SetGamedir             00419b20 f   files.obj
 0001:000191c1       _FS_ListFiles              0041a1c1 f   files.obj
 0001:000194cc       _FS_NextPath               0041a4cc f   files.obj
 0001:000194f0       _FS_InitFilesystem         0041a4f0 f   files.obj
 0001:00019eb4       _LoadPCX                   0041aeb4 f   images.obj
 0001:00019feb       _LoadTGA                   0041afeb f   images.obj
 0001:0001a1de       _LoadJPG                   0041b1de f   images.obj
 0001:0001a471       _ImageExists               0041b471 f   images.obj
 0001:0001a56b       _WriteTGA                  0041b56b f   images.obj
 0001:0001a75c       _WriteJPG                  0041b75c f   images.obj
 0001:0001a884       _IN_MLookDown              0041b884 f   in_win.obj
 0001:0001a88f       _IN_MLookUp                0041b88f f   in_win.obj
 0001:0001a8b2       _IN_StartupMouse           0041b8b2 f   in_win.obj
 0001:0001a90c       _IN_MouseEvent             0041b90c f   in_win.obj
 0001:0001a989       _IN_Init                   0041b989 f   in_win.obj
 0001:0001a9cf       _IN_Shutdown               0041b9cf f   in_win.obj
 0001:0001aabc       _IN_Activate               0041babc f   in_win.obj
 0001:0001aad3       _IN_Frame                  0041bad3 f   in_win.obj
 0001:0001aed4       _IN_Move                   0041bed4 f   in_win.obj
 0001:0001b09f       _IN_StartupJoystick        0041c09f f   in_win.obj
 0001:0001b1c0       _Joy_AdvancedUpdate_f      0041c1c0 f   in_win.obj
 0001:0001b357       _IN_Commands               0041c357 f   in_win.obj
 0001:0001b486       _IN_ReadJoystick           0041c486 f   in_win.obj
 0001:0001b4c1       _IN_JoyMove                0041c4c1 f   in_win.obj
 0001:0001b811       _Key_StringToKeynum        0041c811 f   keys.obj
 0001:0001b85b       _Key_KeynumToString        0041c85b f   keys.obj
 0001:0001b8ae       _Key_Console               0041c8ae f   keys.obj
 0001:0001c5f3       _Key_Message               0041d5f3 f   keys.obj
 0001:0001c684       _Key_SetBinding            0041d684 f   keys.obj
 0001:0001c6de       _Key_Bindlist_f            0041d6de f   keys.obj
 0001:0001c77a       _Key_WriteBindings         0041d77a f   keys.obj
 0001:0001c7b8       _Key_Init                  0041d7b8 f   keys.obj
 0001:0001ca8e       _Key_Event                 0041da8e f   keys.obj
 0001:0001cd85       _Key_ClearStates           0041dd85 f   keys.obj
 0001:0001cdca       _Key_ClearTyping           0041ddca f   keys.obj
 0001:0001cde3       _MD4Init                   0041dde3 f   md4.obj
 0001:0001ce0b       _MD4Update                 0041de0b f   md4.obj
 0001:0001cea9       _MD4Final                  0041dea9 f   md4.obj
 0001:0001d59a       _Com_BlockChecksum         0041e59a f   md4.obj
 0001:0001d5d6       _Z_Free                    0041e5d6 f   memory.obj
 0001:0001d62c       _Z_FreeTags                0041e62c f   memory.obj
 0001:0001d65c       _Z_TagMalloc               0041e65c f   memory.obj
 0001:0001d6cd       _Z_Malloc                  0041e6cd f   memory.obj
 0001:0001d6ef       _Z_BlockMalloc             0041e6ef f   memory.obj
 0001:0001d70a       _CreateMemoryChain         0041e70a f   memory.obj
 0001:0001d772       _FreeMemoryChain           0041e772 f   memory.obj
 0001:0001d79c       _AllocChainBlock           0041e79c f   memory.obj
 0001:0001d7e7       _CopyString                0041e7e7 f   memory.obj
 0001:0001d80b       _ChainCopyString           0041e80b f   memory.obj
 0001:0001d833       _AllocNamedStruc           0041e833 f   memory.obj
 0001:0001d86e       _ChainAllocNamedStruc      0041e86e f   memory.obj
 0001:0001d8ad       _FindNamedStruc            0041e8ad f   memory.obj
 0001:0001d8f1       _FindNamedStrucByIndex     0041e8f1 f   memory.obj
 0001:0001d908       _IndexOfNamedStruc         0041e908 f   memory.obj
 0001:0001d936       _AddToNamedList            0041e936 f   memory.obj
 0001:0001d980       _ChainAddToNamedList       0041e980 f   memory.obj
 0001:0001d9ca       _FreeNamedList             0041e9ca f   memory.obj
 0001:0001d9e5       _Z_Init                    0041e9e5 f   memory.obj
 0001:0001da20       _M_PushMenu                0041ea20 f   menu.obj
 0001:0001dadd       _M_ForceMenuOff            0041eadd f   menu.obj
 0001:0001db0a       _M_PopMenu                 0041eb0a f   menu.obj
 0001:0001db5e       _Default_MenuKey           0041eb5e f   menu.obj
 0001:0001dc88       _M_Print                   0041ec88 f   menu.obj
 0001:0001dcd3       _M_DrawTextBox             0041ecd3 f   menu.obj
 0001:0001debf       _M_Main_Draw               0041eebf f   menu.obj
 0001:0001e046       _M_Main_Key                0041f046 f   menu.obj
 0001:0001e12a       _M_Menu_Main_f             0041f12a f   menu.obj
 0001:0001e146       _M_Menu_Multiplayer_f      0041f146 f   menu.obj
 0001:0001e2cb       _M_Menu_Keys_f             0041f2cb f   menu.obj
 0001:0001e7a8       _M_Menu_Options_f          0041f7a8 f   menu.obj
 0001:0001f117       _M_Menu_Video_f            00420117 f   menu.obj
 0001:0001f138       _M_Menu_Credits_f          00420138 f   menu.obj
 0001:0001f308       _M_Menu_Game_f             00420308 f   menu.obj
 0001:0001f59b       _M_Menu_LoadGame_f         0042059b f   menu.obj
 0001:0001f86e       _M_Menu_SaveGame_f         0042086e f   menu.obj
 0001:0001f9ce       _M_AddToServerList         004209ce f   menu.obj
 0001:0001fa4c       _M_Menu_JoinServer_f       00420a4c f   menu.obj
 0001:0001fcb0       _M_Menu_StartServer_f      00420cb0 f   menu.obj
 0001:000204db       _M_Menu_DMOptions_f        004214db f   menu.obj
 0001:00020c57       _M_Menu_DownloadOptions_f  00421c57 f   menu.obj
 0001:00020ed9       _M_Menu_AddressBook_f      00421ed9 f   menu.obj
 0001:00022294       _M_Init                    00423294 f   menu.obj
 0001:000223b8       _M_Draw                    004233b8 f   menu.obj
 0001:00022452       _M_Keydown                 00423452 f   menu.obj
 0001:0002246e       _LoadQ2BspFile             0042346e f   model.obj
 0001:00022a37       _LoadBspFile               00423a37 f   model.obj
 0001:00022b57       _ProcessEntstring          00423b57 f   model.obj
 0001:000239e0       _Netchan_Init              004249e0 f   net_chan.obj
 0001:00023a40       _Netchan_OutOfBand         00424a40 f   net_chan.obj
 0001:00023aa0       _Netchan_OutOfBandPrint    00424aa0 f   net_chan.obj
 0001:00023ae0       _Netchan_Setup             00424ae0 f   net_chan.obj
 0001:00023b3b       _Netchan_NeedReliable      00424b3b f   net_chan.obj
 0001:00023b67       _Netchan_Transmit          00424b67 f   net_chan.obj
 0001:00023d0b       _Netchan_Process           00424d0b f   net_chan.obj
 0001:00023e32       _NetadrToSockadr           00424e32 f   net_wins.obj
 0001:00023ed4       _SockadrToNetadr           00424ed4 f   net_wins.obj
 0001:00023f37       _NET_CompareAdr            00424f37 f   net_wins.obj
 0001:00023f9d       _NET_CompareBaseAdr        00424f9d f   net_wins.obj
 0001:00023ff6       _NET_AdrToString           00424ff6 f   net_wins.obj
 0001:000240af       _NET_StringToSockaddr      004250af f   net_wins.obj
 0001:000242e8       _NET_StringToAdr           004252e8 f   net_wins.obj
 0001:00024341       _NET_IsLocalAddress        00425341 f   net_wins.obj
 0001:0002434d       _NET_GetLoopPacket         0042534d f   net_wins.obj
 0001:000243d4       _NET_SendLoopPacket        004253d4 f   net_wins.obj
 0001:00024420       _NET_GetPacket             00425420 f   net_wins.obj
 0001:0002453e       _NET_SendPacket            0042553e f   net_wins.obj
 0001:00024618       _NET_IPSocket              00425618 f   net_wins.obj
 0001:0002472e       _NET_OpenIP                0042572e f   net_wins.obj
 0001:000247aa       _NET_OpenIPX               004257aa f   net_wins.obj
 0001:00024902       _NET_Config                00425902 f   net_wins.obj
 0001:00024995       _NET_Init                  00425995 f   net_wins.obj
 0001:000249ff       _Pmove                     004259ff f   pmove.obj
 0001:00026540       _NormalizeColor            00427540 f   q_shared2.obj
 0001:000265ac       _NormalizeColor255         004275ac f   q_shared2.obj
 0001:0002661c       _Q_rsqrt                   0042761c f   q_shared2.obj
 0001:0002664c       _RotatePointAroundVector   0042764c f   q_shared2.obj
 0001:000267bc       _AngleVectors              004277bc f   q_shared2.obj
 0001:0002691d       _ProjectPointOnPlane       0042791d f   q_shared2.obj
 0001:0002699c       _PerpendicularVector       0042799c f   q_shared2.obj
 0001:00026a1b       _MakeNormalVectors         00427a1b f   q_shared2.obj
 0001:00026a82       _MatrixMultiply            00427a82 f   q_shared2.obj
 0001:00026b69       _R_ConcatTransforms        00427b69 f   q_shared2.obj
 0001:00026ca3       _SetPlaneSignbits          00427ca3 f   q_shared2.obj
 0001:00026cd3       _LerpAngle                 00427cd3 f   q_shared2.obj
 0001:00026d16       _anglemod                  00427d16 f   q_shared2.obj
 0001:00026d46       _BoxOnPlaneSide            00427d46 f   q_shared2.obj
 0001:00026e62       _ClearBounds               00427e62 f   q_shared2.obj
 0001:00026e8b       _AddPointToBounds          00427e8b f   q_shared2.obj
 0001:00026ec4       _VectorCompare             00427ec4 f   q_shared2.obj
 0001:00026ef2       _VectorNormalize           00427ef2 f   q_shared2.obj
 0001:00026f46       _VectorNormalize2          00427f46 f   q_shared2.obj
 0001:00026f9e       _VectorNormalizeFast       00427f9e f   q_shared2.obj
 0001:00026fe1       _VectorMA                  00427fe1 f   q_shared2.obj
 0001:00027010       _CrossProduct              00428010 f   q_shared2.obj
 0001:0002704b       _VectorLength              0042804b f   q_shared2.obj
 0001:0002707a       _VectorDistance            0042807a f   q_shared2.obj
 0001:000270ab       _VectorInverse             004280ab f   q_shared2.obj
 0001:000270c6       _VectorScale               004280c6 f   q_shared2.obj
 0001:000270ea       _AnglesToAxis              004280ea f   q_shared2.obj
 0001:0002712f       _COM_FilePath              0042812f f   q_shared2.obj
 0001:00027165       _ShortSwap                 00428165 f   q_shared2.obj
 0001:0002717a       _va                        0042817a f   q_shared2.obj
 0001:000271c7       _COM_ParseExt              004281c7 f   q_shared2.obj
 0001:000272c2       _Com_PageInMemory          004282c2 f   q_shared2.obj
 0001:000272e1       _Q_stricmp                 004282e1 f   q_shared2.obj
 0001:000272f2       _Q_strncasecmp             004282f2 f   q_shared2.obj
 0001:0002734a       _Q_strcasecmp              0042834a f   q_shared2.obj
 0001:00027360       _Q_strncpyz                00428360 f   q_shared2.obj
 0001:00027384       _Q_strncpylower            00428384 f   q_shared2.obj
 0001:000273be       _Q_CopyFilename            004283be f   q_shared2.obj
 0001:00027458       _Com_sprintf               00428458 f   q_shared2.obj
 0001:0002749e       _Info_ValueForKey          0042849e f   q_shared2.obj
 0001:00027529       _Info_RemoveKey            00428529 f   q_shared2.obj
 0001:000275af       _Info_SetValueForKey       004285af f   q_shared2.obj
 0001:000276ed       _Field_Draw                004286ed f   qmenu.obj
 0001:00027901       _Field_Key                 00428901 f   qmenu.obj
 0001:00027b6a       _Menu_AddItem              00428b6a f   qmenu.obj
 0001:00027b9f       _Menu_AdjustCursor         00428b9f f   qmenu.obj
 0001:00027cde       _Menu_Center               00428cde f   qmenu.obj
 0001:00027d16       _Menu_DrawDotsItem         00428d16 f   qmenu.obj
 0001:00027d7b       _Menu_Draw                 00428d7b f   qmenu.obj
 0001:0002802c       _Menu_ItemAtCursor         0042902c f   qmenu.obj
 0001:00028044       _Menu_SelectItem           00429044 f   qmenu.obj
 0001:00028086       _Menu_SetStatusBar         00429086 f   qmenu.obj
 0001:00028095       _Menu_SlideItem            00429095 f   qmenu.obj
 0001:000280e5       _Menu_TallySlots           004290e5 f   qmenu.obj
 0001:00028595       _S_SoundInfo_f             00429595 f   snd_dma.obj
 0001:0002861f       _S_ReadModelsSex           0042961f f   snd_dma.obj
 0001:00028708       _S_IsFemale                00429708 f   snd_dma.obj
 0001:00028796       _S_Init                    00429796 f   snd_dma.obj
 0001:00028869       _S_Shutdown                00429869 f   snd_dma.obj
 0001:000288f3       _S_FindName                004298f3 f   snd_dma.obj
 0001:000289df       _S_AliasName               004299df f   snd_dma.obj
 0001:00028a6b       _S_BeginRegistration       00429a6b f   snd_dma.obj
 0001:00028a7c       _S_RegisterSound           00429a7c f   snd_dma.obj
 0001:00028ae2       _S_EndRegistration         00429ae2 f   snd_dma.obj
 0001:00028b75       _S_PickChannel             00429b75 f   snd_dma.obj
 0001:00028c0c       _S_SpatializeOrigin        00429c0c f   snd_dma.obj
 0001:00028d2e       _S_Spatialize              00429d2e f   snd_dma.obj
 0001:00028d9c       _S_AllocPlaysound          00429d9c f   snd_dma.obj
 0001:00028dbb       _S_FreePlaysound           00429dbb f   snd_dma.obj
 0001:00028deb       _S_IssuePlaysound          00429deb f   snd_dma.obj
 0001:00028ea9       _S_RegisterSexedSound      00429ea9 f   snd_dma.obj
 0001:00028f8d       _S_StartSound              00429f8d f   snd_dma.obj
 0001:00029123       _S_StartLocalSound         0042a123 f   snd_dma.obj
 0001:00029172       _S_ClearBuffer             0042a172 f   snd_dma.obj
 0001:000291ca       _S_StopAllSounds           0042a1ca f   snd_dma.obj
 0001:00029245       _S_AddLoopSounds           0042a245 f   snd_dma.obj
 0001:0002941a       _S_RawSamples              0042a41a f   snd_dma.obj
 0001:0002961e       _S_Update                  0042a61e f   snd_dma.obj
 0001:00029745       _GetSoundtime              0042a745 f   snd_dma.obj
 0001:000297ac       _S_Update_                 0042a7ac f   snd_dma.obj
 0001:00029842       _S_Play                    0042a842 f   snd_dma.obj
 0001:000298f2       _S_SoundList               0042a8f2 f   snd_dma.obj
 0001:000299b3       _ResampleSfx               0042a9b3 f   snd_mem.obj
 0001:00029ab7       _S_LoadSound               0042aab7 f   snd_mem.obj
 0001:00029bdd       _FindNextChunk             0042abdd f   snd_mem.obj
 0001:00029c67       _GetWavinfo                0042ac67 f   snd_mem.obj
 0001:00029e57       _S_WriteLinearBlastStereo16 0042ae57 f   snd_mix.obj
 0001:00029ecb       _S_TransferStereo16        0042aecb f   snd_mix.obj
 0001:00029f34       _S_TransferPaintBuffer     0042af34 f   snd_mix.obj
 0001:0002a090       _S_PaintChannels           0042b090 f   snd_mix.obj
 0001:0002a2b5       _S_InitScaletable          0042b2b5 f   snd_mix.obj
 0001:0002a308       _S_PaintChannelFrom8       0042b308 f   snd_mix.obj
 0001:0002a40a       _S_PaintChannelFrom16      0042b40a f   snd_mix.obj
 0001:0002a475       _FreeSound                 0042b475 f   snd_win.obj
 0001:0002a585       _SNDDMA_InitDirect         0042b585 f   snd_win.obj
 0001:0002aa54       _SNDDMA_Init               0042ba54 f   snd_win.obj
 0001:0002aad0       _SNDDMA_GetDMAPos          0042bad0 f   snd_win.obj
 0001:0002ab1a       _SNDDMA_BeginPainting      0042bb1a f   snd_win.obj
 0001:0002ac1c       _SNDDMA_Submit             0042bc1c f   snd_win.obj
 0001:0002ac41       _SNDDMA_Shutdown           0042bc41 f   snd_win.obj
 0001:0002ac46       _S_Activate                0042bc46 f   snd_win.obj
 0001:0002ac71       _SV_SetMaster_f            0042bc71 f   sv_ccmds.obj
 0001:0002ad83       _SV_WipeSavegame           0042bd83 f   sv_ccmds.obj
 0001:0002adb1       _SV_CopySaveGame           0042bdb1 f   sv_ccmds.obj
 0001:0002ae06       _SV_WriteLevelFile         0042be06 f   sv_ccmds.obj
 0001:0002aeb4       _SV_ReadLevelFile          0042beb4 f   sv_ccmds.obj
 0001:0002af62       _SV_WriteServerFile        0042bf62 f   sv_ccmds.obj
 0001:0002b1bd       _SV_ReadServerFile         0042c1bd f   sv_ccmds.obj
 0001:0002b2d7       _SV_DemoMap_f              0042c2d7 f   sv_ccmds.obj
 0001:0002b366       _SV_GameMap_f              0042c366 f   sv_ccmds.obj
 0001:0002b4d6       _SV_Map_f                  0042c4d6 f   sv_ccmds.obj
 0001:0002b543       _SV_Loadgame_f             0042c543 f   sv_ccmds.obj
 0001:0002b648       _SV_Savegame_f             0042c648 f   sv_ccmds.obj
 0001:0002b74d       _SV_AddressBanned          0042c74d f   sv_ccmds.obj
 0001:0002b78f       _SV_InitOperatorCommands   0042c78f f   sv_ccmds.obj
 0001:0002c12e       _SV_EmitPacketEntities     0042d12e f   sv_ents.obj
 0001:0002c29c       _SV_WritePlayerstateToClient 0042d29c f   sv_ents.obj
 0001:0002c75a       _SV_WriteFrameToClient     0042d75a f   sv_ents.obj
 0001:0002c816       _SV_FatPVS                 0042d816 f   sv_ents.obj
 0001:0002c943       _SV_BuildClientFrame       0042d943 f   sv_ents.obj
 0001:0002cc0e       _SV_RecordDemoMessage      0042dc0e f   sv_ents.obj
 0001:0002cd2d       _SV_ShutdownGameProgs      0042dd2d f   sv_game.obj
 0001:0002cd46       _SV_InitGameProgs          0042dd46 f   sv_game.obj
 0001:0002d5f1       _SV_FindIndex              0042e5f1 f   sv_init.obj
 0001:0002d6b8       _SV_ModelIndex             0042e6b8 f   sv_init.obj
 0001:0002d6ce       _SV_SoundIndex             0042e6ce f   sv_init.obj
 0001:0002d6e7       _SV_ImageIndex             0042e6e7 f   sv_init.obj
 0001:0002d700       _SV_CreateBaseline         0042e700 f   sv_init.obj
 0001:0002d763       _SV_CheckForSavegame       0042e763 f   sv_init.obj
 0001:0002d7eb       _SV_SpawnServer            0042e7eb f   sv_init.obj
 0001:0002da81       _SV_InitGame               0042ea81 f   sv_init.obj
 0001:0002dc6c       _SV_Map                    0042ec6c f   sv_init.obj
 0001:0002de2a       _SV_DropClient             0042ee2a f   sv_main.obj
 0001:0002de9f       _SV_StatusString           0042ee9f f   sv_main.obj
 0001:0002df7e       _SVC_Info                  0042ef7e f   sv_main.obj
 0001:0002e054       _SVC_GetChallenge          0042f054 f   sv_main.obj
 0001:0002e0fc       _SVC_DirectConnect         0042f0fc f   sv_main.obj
 0001:0002e56a       _Rcon_Validate             0042f56a f   sv_main.obj
 0001:0002e59b       _SVC_RemoteCommand         0042f59b f   sv_main.obj
 0001:0002e66d       _SV_ConnectionlessPacket   0042f66d f   sv_main.obj
 0001:0002e7cf       _SV_CalcPings              0042f7cf f   sv_main.obj
 0001:0002e856       _SV_GiveMsec               0042f856 f   sv_main.obj
 0001:0002e895       _SV_ReadPackets            0042f895 f   sv_main.obj
 0001:0002e9ab       _SV_CheckTimeouts          0042f9ab f   sv_main.obj
 0001:0002ea51       _SV_PostprocessFrame       0042fa51 f   sv_main.obj
 0001:0002ee3d       _SV_MulticastHook          0042fe3d f   sv_main.obj
 0001:0002f0e4       _SV_TraceHook              004300e4 f   sv_main.obj
 0001:0002f1fd       _SV_Frame                  004301fd f   sv_main.obj
 0001:0002f437       _SV_UserinfoChanged        00430437 f   sv_main.obj
 0001:0002f4fa       _SV_Init                   004304fa f   sv_main.obj
 0001:0002f55d       _SV_Shutdown               0043055d f   sv_main.obj
 0001:0002f72b       _SV_FlushRedirect          0043072b f   sv_send.obj
 0001:0002f79d       _SV_ClientPrintf           0043079d f   sv_send.obj
 0001:0002f7f3       _SV_BroadcastPrintf        004307f3 f   sv_send.obj
 0001:0002f8c4       _SV_BroadcastCommand       004308c4 f   sv_send.obj
 0001:0002f916       _SV_Multicast              00430916 f   sv_send.obj
 0001:0002fb06       _SV_MulticastOld           00430b06 f   sv_send.obj
 0001:0002fb19       _SV_StartSound             00430b19 f   sv_send.obj
 0001:0002fd73       _SV_StartSoundOld          00430d73 f   sv_send.obj
 0001:0002fda3       _SV_StartSoundNew          00430da3 f   sv_send.obj
 0001:0002fdd3       _SV_SendClientDatagram     00430dd3 f   sv_send.obj
 0001:0002feaa       _SV_DemoCompleted          00430eaa f   sv_send.obj
 0001:0002fec6       _SV_RateDrop               00430ec6 f   sv_send.obj
 0001:0002ff11       _SV_SendClientMessages     00430f11 f   sv_send.obj
 0001:00030064       _SV_BeginDemoserver        00431064 f   sv_user.obj
 0001:000300b4       _SV_New_f                  004310b4 f   sv_user.obj
 0001:00030229       _SV_Configstrings_f        00431229 f   sv_user.obj
 0001:00030383       _SV_Baselines_f            00431383 f   sv_user.obj
 0001:000304f7       _SV_Begin_f                004314f7 f   sv_user.obj
 0001:00030554       _SV_NextDownload_f         00431554 f   sv_user.obj
 0001:00030628       _SV_BeginDownload_f        00431628 f   sv_user.obj
 0001:00030840       _SV_Disconnect_f           00431840 f   sv_user.obj
 0001:00030850       _SV_ShowServerinfo_f       00431850 f   sv_user.obj
 0001:0003085d       _SV_Nextserver             0043185d f   sv_user.obj
 0001:000308bc       _SV_Nextserver_f           004318bc f   sv_user.obj
 0001:00030903       _SV_ExecuteUserCommand     00431903 f   sv_user.obj
 0001:00030970       _SV_ClientThink            00431970 f   sv_user.obj
 0001:000309b3       _SV_ExecuteClientMessage   004319b3 f   sv_user.obj
 0001:00030be4       _SV_ClearWorld             00431be4 f   sv_world.obj
 0001:00030d48       _SV_UnlinkEdict            00431d48 f   sv_world.obj
 0001:00030dab       _SV_LinkEdict              00431dab f   sv_world.obj
 0001:00031368       _SV_AreaEdicts             00432368 f   sv_world.obj
 0001:000314d9       _SV_PointContents          004324d9 f   sv_world.obj
 0001:000315c4       _SV_ClipMoveToEntities     004325c4 f   sv_world.obj
 0001:00031916       _SV_Trace                  00432916 f   sv_world.obj
 0001:00031981       _Sys_Error                 00432981 f   sys_win.obj
 0001:000319e1       _Sys_Quit                  004329e1 f   sys_win.obj
 0001:00031a21       _Sys_ScanForCD             00432a21 f   sys_win.obj
 0001:00031abd       _Sys_Init                  00432abd f   sys_win.obj
 0001:00031eca       _Sys_ConsoleInput          00432eca f   sys_win.obj
 0001:0003202a       _Sys_ConsoleOutput         0043302a f   sys_win.obj
 0001:000320db       _Sys_SendKeyEvents         004330db f   sys_win.obj
 0001:00032144       _Sys_GetClipboardData      00433144 f   sys_win.obj
 0001:0003219d       _Sys_AppActivate           0043319d f   sys_win.obj
 0001:000321b8       _Sys_UnloadGame            004331b8 f   sys_win.obj
 0001:000321dd       _Sys_GetGameAPI            004331dd f   sys_win.obj
 0001:000322ca       _WinMain@16                004332ca f   sys_win.obj
 0001:000323c2       _Vid_CreateWindow          004333c2 f   vid_dll.obj
 0001:00032abd       _Vid_DestroyWindow         00433abd f   vid_dll.obj
 0001:00032b06       _Vid_GetModeInfo           00433b06 f   vid_dll.obj
 0001:00032b35       _Vid_UpdateWindowPosAndSize 00433b35 f   vid_dll.obj
 0001:00032b9c       _Vid_FreeReflib            00433b9c f   vid_dll.obj
 0001:00032bdd       _Vid_CheckChanges          00433bdd f   vid_dll.obj
 0001:00032f9d       _Vid_Init                  00433f9d f   vid_dll.obj
 0001:0003300e       _Vid_Shutdown              0043400e f   vid_dll.obj
 0001:0003303c       _Vid_MenuInit              0043403c f   vid_menu.obj
 0001:00033777       _Vid_MenuDraw              00434777 f   vid_menu.obj
 0001:0003380b       _Vid_MenuKey               0043480b f   vid_menu.obj
 0001:00033b43       _TesselateText             00434b43 f   gl_backend.obj
 0001:00035618       _GL_BackEnd                00436618 f   gl_backend.obj
 0001:00036e83       _GL_InitBackend            00437e83 f   gl_backend.obj
 0001:00036eba       _GL_ShutdownBackend        00437eba f   gl_backend.obj
 0001:00036ece       _GL_AllocDynamicMemory     00437ece f   gl_buffers.obj
 0001:00036f3c       _GL_ResizeDynamicMemory    00437f3c f   gl_buffers.obj
 0001:00036f8e       _GL_AddSurfaceToPortal     00437f8e f   gl_buffers.obj
 0001:00036ff1       _GL_AddDynamicSurface      00437ff1 f   gl_buffers.obj
 0001:00037019       _GL_InsertShaderIndex      00438019 f   gl_buffers.obj
 0001:00037065       _GL_ClearPortal            00438065 f   gl_buffers.obj
 0001:00037081       _GL_FinishPortal           00438081 f   gl_buffers.obj
 0001:000370d7       _GL_SortSurfaces           004380d7 f   gl_buffers.obj
 0001:00037272       _GL_ClearBuffers           00438272 f   gl_buffers.obj
 0001:00037289       _GL_TextureMode            00438289 f   gl_image.obj
 0001:00037338       _GL_CreateImage            00438338 f   gl_image.obj
 0001:00038053       _GL_SetRawPalette          00439053 f   gl_image.obj
 0001:00038084       _GL_DrawStretchRaw         00439084 f   gl_image.obj
 0001:00038349       _GL_SetupGamma             00439349 f   gl_image.obj
 0001:000384e9       _GL_PerformScreenshot      004394e9 f   gl_image.obj
 0001:00038708       _GL_InitImages             00439708 f   gl_image.obj
 0001:00038c7d       _GL_ShutdownImages         00439c7d f   gl_image.obj
 0001:00038cf8       _GL_ShowImages             00439cf8 f   gl_image.obj
 0001:00038f2e       _GL_FindImage              00439f2e f   gl_image.obj
 0001:0003932b       _GL_Lock                   0043a32b f   gl_interface.obj
 0001:000393a8       _GL_Unlock                 0043a3a8 f   gl_interface.obj
 0001:00039531       _GL_Bind                   0043a531 f   gl_interface.obj
 0001:00039624       _GL_BindForce              0043a624 f   gl_interface.obj
 0001:00039670       _GL_TexEnv                 0043a670 f   gl_interface.obj
 0001:000397ed       _GL_TexEnvColor            0043a7ed f   gl_interface.obj
 0001:00039899       _GL_SelectTexture          0043a899 f   gl_interface.obj
 0001:000398f7       _GL_TexCoordPointer        0043a8f7 f   gl_interface.obj
 0001:00039926       _GL_SetMultitexture        0043a926 f   gl_interface.obj
 0001:000399fe       _GL_DisableTexCoordArrays  0043a9fe f   gl_interface.obj
 0001:00039a57       _GL_CullFace               0043aa57 f   gl_interface.obj
 0001:00039aa8       _GL_DepthRange             0043aaa8 f   gl_interface.obj
 0001:00039adb       _GL_State                  0043aadb f   gl_interface.obj
 0001:00039c34       _GL_EnableFog              0043ac34 f   gl_interface.obj
 0001:00039d38       _GL_SetDefaultState        0043ad38 f   gl_interface.obj
 0001:00039e57       _GL_Set2DMode              0043ae57 f   gl_interface.obj
 0001:00039f55       _GL_Setup                  0043af55 f   gl_interface.obj
 0001:0003a08e       _GL_ShowLights             0043b08e f   gl_light.obj
 0001:0003a34b       _GL_LightForEntity         0043b34b f   gl_light.obj
 0001:0003b4c1       _GL_ApplyEntitySpherelights 0043c4c1 f   gl_light.obj
 0001:0003b659       _LM_Init                   0043c659 f   gl_lightmap.obj
 0001:0003b66f       _LM_Flush                  0043c66f f   gl_lightmap.obj
 0001:0003b6cd       _LM_Done                   0043c6cd f   gl_lightmap.obj
 0001:0003b6f4       _LM_Save                   0043c6f4 f   gl_lightmap.obj
 0001:0003b70e       _LM_Restore                0043c70e f   gl_lightmap.obj
 0001:0003b728       _LM_NewBlock               0043c728 f   gl_lightmap.obj
 0001:0003b7a1       _LM_Rewind                 0043c7a1 f   gl_lightmap.obj
 0001:0003b7a9       _LM_NextBlock              0043c7a9 f   gl_lightmap.obj
 0001:0003b7da       _LM_AllocBlock             0043c7da f   gl_lightmap.obj
 0001:0003b88d       _LM_PutBlock               0043c88d f   gl_lightmap.obj
 0001:0003ba22       _LM_SortLightStyles        0043ca22 f   gl_lightmap.obj
 0001:0003bab0       _GL_UpdateDynamicLightmap  0043cab0 f   gl_lightmap.obj
 0001:0003bf9f       _GL_DrawStretchPic         0043cf9f f   gl_main.obj
 0001:0003c05b       _DrawTextLeft              0043d05b f   gl_main.obj
 0001:0003c166       _DrawTextRight             0043d166 f   gl_main.obj
 0001:0003c1b7       _GL_GetRefAPI              0043d1b7 f   gl_main.obj
 0001:0003d9fe       _GL_InitFuncTables         0043e9fe f   gl_math.obj
 0001:0003dba8       _ModelToWorldCoord         0043eba8 f   gl_math.obj
 0001:0003dbfc       _WorldToModelCoord         0043ebfc f   gl_math.obj
 0001:0003dc43       _GL_FindModel              0043ec43 f   gl_model.obj
 0001:0003ddbe       _GL_LoadWorldMap           0043edbe f   gl_model.obj
 0001:0003fe68       _GL_PointInLeaf            00440e68 f   gl_model.obj
 0001:0004078d       _ATAN2_FUNC                0044178d f i gl_model.obj
 0001:00040926       _GL_FindSkin               00441926 f   gl_model.obj
 0001:00040a7c       _GL_ResetModels            00441a7c f   gl_model.obj
 0001:00040b46       _GL_InitModels             00441b46 f   gl_model.obj
 0001:00040bb3       _GL_ShutdownModels         00441bb3 f   gl_model.obj
 0001:00040bc9       _SubdividePlane            00441bc9 f   gl_poly.obj
 0001:00041019       _FreeSubdividedPlane       00442019 f   gl_poly.obj
 0001:00041031       _GetSubdivideIndexes       00442031 f   gl_poly.obj
 0001:00041084       _RemoveCollinearPoints     00442084 f   gl_poly.obj
 0001:00041198       _GetPolyArea               00442198 f   gl_poly.obj
 0001:0004122c       _GL_InitShaders            0044222c f   gl_shader.obj
 0001:00041355       _GL_ShutdownShaders        00442355 f   gl_shader.obj
 0001:0004137f       _GL_SetShaderLightmap      0044237f f   gl_shader.obj
 0001:00041746       _GL_SetShaderLightstyles   00442746 f   gl_shader.obj
 0001:000417e2       _GL_GetAlphaShader         004427e2 f   gl_shader.obj
 0001:00041b17       _GL_FindShader             00442b17 f   gl_shader.obj
 0001:00042068       _GL_GetShaderByNum         00443068 f   gl_shader.obj
 0001:00042086       _GL_ResetShaders           00443086 f   gl_shader.obj
 0001:0004247c       _GL_ClearSkyBox            0044347c f   gl_sky.obj
 0001:0004249f       _GL_ShowWholeSky           0044349f f   gl_sky.obj
 0001:000424c7       _GL_AddSkySurface          004434c7 f   gl_sky.obj
 0001:00042ab9       _GL_TesselateSkySide       00443ab9 f   gl_sky.obj
 0001:00042d7c       _GL_AddEntity              00443d7c f   gl_world.obj
 0001:0004327f       _GL_AddDlight              0044427f f   gl_world.obj
 0001:00043456       _GL_DrawPortal             00444456 f   gl_world.obj
 0001:00045aa0       _GLimp_SetMode             00446aa0 f   glw_imp.obj
 0001:00045d42       _GLimp_HasGamma            00446d42 f   glw_imp.obj
 0001:00045d57       _GLimp_SetGamma            00446d57 f   glw_imp.obj
 0001:00045efd       _GLimp_Shutdown            00446efd f   glw_imp.obj
 0001:0004600a       _GLimp_Init                0044700a f   glw_imp.obj
 0001:0004634e       _GLimp_EndFrame            0044734e f   glw_imp.obj
 0001:000463ea       _GLimp_AppActivate         004473ea f   glw_imp.obj
 0001:00047acb       _QGL_Shutdown              00448acb f   qgl_win.obj
 0001:00047afd       _QGL_Init                  00448afd f   qgl_win.obj
 0001:00047b81       _QGL_InitExtensions        00448b81 f   qgl_win.obj
 0001:00047f0c       _QGL_EnableLogging         00448f0c f   qgl_win.obj
 0001:00047fd7       _QGL_LogMessage            00448fd7 f   qgl_win.obj
 0001:00047fee       _Hunk_Begin                00448fee f   q_shwin.obj
 0001:00048028       _Hunk_Alloc                00449028 f   q_shwin.obj
 0001:000480af       _Hunk_End                  004490af f   q_shwin.obj
 0001:000480b5       _Hunk_Free                 004490b5 f   q_shwin.obj
 0001:000480ce       _Sys_Milliseconds          004490ce f   q_shwin.obj
 0001:00048102       _Sys_Mkdir                 00449102 f   q_shwin.obj
 0001:0004810e       _Sys_FindFirst             0044910e f   q_shwin.obj
 0001:0004818c       _Sys_FindNext              0044918c f   q_shwin.obj
 0001:00048201       _Sys_FindClose             00449201 f   q_shwin.obj
 0001:0004821b       _R_Alias_clip_z            0044921b f   r_aclip.obj
 0001:000482c8       _R_Alias_clip_left         004492c8 f   r_aclip.obj
 0001:00048496       _R_Alias_clip_right        00449496 f   r_aclip.obj
 0001:00048664       _R_Alias_clip_top          00449664 f   r_aclip.obj
 0001:00048834       _R_Alias_clip_bottom       00449834 f   r_aclip.obj
 0001:00048a04       _R_AliasClip               00449a04 f   r_aclip.obj
 0001:00048ad4       _R_AliasClipTriangle       00449ad4 f   r_aclip.obj
 0001:00048cc6       _R_AliasCheckFrameBBox     00449cc6 f   r_alias.obj
 0001:00048df9       _R_AliasCheckBBox          00449df9 f   r_alias.obj
 0001:00048e5d       _R_AliasTransformVector    00449e5d f   r_alias.obj
 0001:00048eb9       _R_AliasPreparePoints      00449eb9 f   r_alias.obj
 0001:00049151       _R_AliasSetUpTransform     0044a151 f   r_alias.obj
 0001:000492e0       _R_AliasTransformFinalVerts 0044a2e0 f   r_alias.obj
 0001:000494b1       _R_AliasProjectAndClipTestFinalVert 0044a4b1 f   r_alias.obj
 0001:00049539       _R_AliasSetupLighting      0044a539 f   r_alias.obj
 0001:000496a3       _R_AliasSetupFrames        0044a6a3 f   r_alias.obj
 0001:00049717       _R_AliasSetUpLerpData      0044a717 f   r_alias.obj
 0001:0004983f       _R_AliasDrawModel          0044a83f f   r_alias.obj
 0001:00049ac6       _R_EntityRotate            0044aac6 f   r_bsp.obj
 0001:00049b47       _R_RotateBmodel            0044ab47 f   r_bsp.obj
 0001:00049ca2       _R_RecursiveClipBPoly      0044aca2 f   r_bsp.obj
 0001:00049fd2       _R_DrawSolidClippedSubmodelPolygons 0044afd2 f   r_bsp.obj
 0001:0004a159       _R_DrawSubmodelPolygons    0044b159 f   r_bsp.obj
 0001:0004a1e9       _R_RecursiveWorldNode      0044b1e9 f   r_bsp.obj
 0001:0004a444       _R_RenderWorld             0044b444 f   r_bsp.obj
 0001:0004a4b3       _Draw_FindPic              0044b4b3 f   r_draw.obj
 0001:0004a4f6       _Draw_InitLocal            0044b4f6 f   r_draw.obj
 0001:0004a507       _Draw_Char                 0044b507 f   r_draw.obj
 0001:0004a5e8       _Draw_CharColor            0044b5e8 f   r_draw.obj
 0001:0004a6f7       _R_DrawTexts               0044b6f7 f   r_draw.obj
 0001:0004a76d       _DrawText_Pos              0044b76d f   r_draw.obj
 0001:0004a879       _DrawText_Left             0044b879 f   r_draw.obj
 0001:0004a8b5       _DrawText_Right            0044b8b5 f   r_draw.obj
 0001:0004a904       _Draw_GetPicSize           0044b904 f   r_draw.obj
 0001:0004a944       _Draw_StretchPicImplementation 0044b944 f   r_draw.obj
 0001:0004aa6e       _Draw_StretchPic           0044ba6e f   r_draw.obj
 0001:0004aaa6       _Draw_StretchRaw           0044baa6 f   r_draw.obj
 0001:0004aad8       _Draw_Pic                  0044bad8 f   r_draw.obj
 0001:0004ac91       _Draw_PicColor             0044bc91 f   r_draw.obj
 0001:0004ae4a       _Draw_TileClear            0044be4a f   r_draw.obj
 0001:0004af1a       _Draw_Fill                 0044bf1a f   r_draw.obj
 0001:0004afb6       _Draw_Fade                 0044bfb6 f   r_draw.obj
 0001:0004b018       _R_BeginEdgeFrame          0044c018 f   r_edge.obj
 0001:0004b0d4       _R_InsertNewEdges          0044c0d4 f   r_edge.obj
 0001:0004b11a       _R_RemoveEdges             0044c11a f   r_edge.obj
 0001:0004b138       _R_StepActiveU             0044c138 f   r_edge.obj
 0001:0004b1cc       _R_CleanupSpan             0044c1cc f   r_edge.obj
 0001:0004b21c       _R_LeadingEdgeBackwards    0044c21c f   r_edge.obj
 0001:0004b2b1       _R_TrailingEdge            0044c2b1 f   r_edge.obj
 0001:0004b315       _R_LeadingEdge             0044c315 f   r_edge.obj
 0001:0004b4b8       _R_GenerateSpans           0044c4b8 f   r_edge.obj
 0001:0004b526       _R_GenerateSpansBackward   0044c526 f   r_edge.obj
 0001:0004b594       _R_ScanEdges               0044c594 f   r_edge.obj
 0001:0004b76b       _D_FlatFillSurface         0044c76b f   r_edge.obj
 0001:0004b7c5       _D_CalcGradients           0044c7c5 f   r_edge.obj
 0001:0004b9dc       _D_BackgroundSurf          0044c9dc f   r_edge.obj
 0001:0004ba1c       _D_TurbulentSurf           0044ca1c f   r_edge.obj
 0001:0004bb3e       _D_SkySurf                 0044cb3e f   r_edge.obj
 0001:0004bbbf       _D_SolidSurf               0044cbbf f   r_edge.obj
 0001:0004bd2a       _D_DrawflatSurfaces        0044cd2a f   r_edge.obj
 0001:0004bd7a       _D_DrawSurfaces            0044cd7a f   r_edge.obj
 0001:0004be78       _R_ImageList_f             0044ce78 f   r_image.obj
 0001:0004bf39       _R_FindFreeImage           0044cf39 f   r_image.obj
 0001:0004bf87       _R_LoadPic                 0044cf87 f   r_image.obj
 0001:0004c017       _R_LoadTex                 0044d017 f   r_image.obj
 0001:0004c0a3       _R_LoadWal                 0044d0a3 f   r_image.obj
 0001:0004c0f9       _R_MipMap                  0044d0f9 f   r_image.obj
 0001:0004c227       _R_DownsampleImage         0044d227 f   r_image.obj
 0001:0004c32c       _R_FindImage               0044d32c f   r_image.obj
 0001:0004c6d1       _R_RegisterSkin            0044d6d1 f   r_image.obj
 0001:0004c6df       _R_FreeUnusedImages        0044d6df f   r_image.obj
 0001:0004c73f       _R_InitImages              0044d73f f   r_image.obj
 0001:0004c7a5       _R_ShutdownImages          0044d7a5 f   r_image.obj
 0001:0004c7e2       _R_MarkLights              0044d7e2 f   r_light.obj
 0001:0004c8b1       _R_PushDlights             0044d8b1 f   r_light.obj
 0001:0004c90f       _RecursiveLightPoint       0044d90f f   r_light.obj
 0001:0004cbbe       _R_LightPoint              0044dbbe f   r_light.obj
 0001:0004ccd5       _R_AddDynamicLights        0044dcd5 f   r_light.obj
 0001:0004cf6f       _R_BuildLightMap           0044df6f f   r_light.obj
 0001:0004d065       _R_InitTextures            0044e065 f   r_main.obj
 0001:0004d126       _R_InitTurb                0044e126 f   r_main.obj
 0001:0004d1a3       _R_Register                0044e1a3 f   r_main.obj
 0001:0004d20b       _R_Init                    0044e20b f   r_main.obj
 0001:0004d29c       _R_Shutdown                0044e29c f   r_main.obj
 0001:0004d311       _R_NewMap                  0044e311 f   r_main.obj
 0001:0004d3bb       _R_MarkLeaves              0044e3bb f   r_main.obj
 0001:0004d4e2       _R_DrawEntitiesOnList      0044e4e2 f   r_main.obj
 0001:0004d6f1       _R_BmodelCheckBBox         0044e6f1 f   r_main.obj
 0001:0004d7a3       _R_FindTopnode             0044e7a3 f   r_main.obj
 0001:0004d82b       _RotatedBBox               0044e82b f   r_main.obj
 0001:0004d98a       _R_DrawBEntitiesOnList     0044e98a f   r_main.obj
 0001:0004dba2       _R_EdgeDrawing             0044eba2 f   r_main.obj
 0001:0004dc77       _R_CalcPalette             0044ec77 f   r_main.obj
 0001:0004dd7c       _R_SetLightLevel           0044ed7c f   r_main.obj
 0001:0004ddcc       _R_RenderFrame             0044edcc f   r_main.obj
 0001:0004dfbd       _R_InitGraphics            0044efbd f   r_main.obj
 0001:0004e033       _R_BeginFrame              0044f033 f   r_main.obj
 0001:0004e156       _R_GammaCorrectAndSetPalette 0044f156 f   r_main.obj
 0001:0004e1b5       _R_CinematicSetPalette     0044f1b5 f   r_main.obj
 0001:0004e24c       _Draw_BuildGammaTable      0044f24c f   r_main.obj
 0001:0004e2f7       _R_DrawBeam                0044f2f7 f   r_main.obj
 0001:0004e45d       _R_SetSky                  0044f45d f   r_main.obj
 0001:0004e4d8       _Draw_GetPalette           0044f4d8 f   r_main.obj
 0001:0004e620       _Draw_ConCharColor         0044f620 f   r_main.obj
 0001:0004e641       _GetRefAPI                 0044f641 f   r_main.obj
 0001:0004e88d       _D_ViewChanged             0044f88d f   r_misc.obj
 0001:0004e9e9       _R_PrintTimes              0044f9e9 f   r_misc.obj
 0001:0004ea63       _R_PrintDSpeeds            0044fa63 f   r_misc.obj
 0001:0004eb2a       _R_PrintAliasStats         0044fb2a f   r_misc.obj
 0001:0004eb3d       _R_TransformFrustum        0044fb3d f   r_misc.obj
 0001:0004ec05       _TransformVector           0044fc05 f   r_misc.obj
 0001:0004ec70       _R_SetUpFrustumIndexes     0044fc70 f   r_misc.obj
 0001:0004ecd5       _R_ViewChanged             0044fcd5 f   r_misc.obj
 0001:0004efe4       _R_SetupFrame              0044ffe4 f   r_misc.obj
 0001:0004f1d0       _WritePCXfile              004501d0 f   r_misc.obj
 0001:0004f2f2       _R_ScreenShot              004502f2 f   r_misc.obj
 0001:0004f401       _Mod_Modellist_f           00450401 f   r_model.obj
 0001:0004f45f       _Mod_Init                  0045045f f   r_model.obj
 0001:0004f477       _Mod_ForName               00450477 f   r_model.obj
 0001:0004f6b3       _Mod_PointInLeaf           004506b3 f   r_model.obj
 0001:0004f715       _Mod_DecompressVis         00450715 f   r_model.obj
 0001:0004f795       _Mod_ClusterPVS            00450795 f   r_model.obj
 0001:0004f7c2       _Mod_LoadLighting          004507c2 f   r_model.obj
 0001:0004f841       _R_NumberLeafs             00450841 f   r_model.obj
 0001:0004f88f       _Mod_LoadVertexes          0045088f f   r_model.obj
 0001:0004f8d1       _Mod_LoadEdges             004508d1 f   r_model.obj
 0001:0004f91f       _Mod_LoadTexinfo           0045091f f   r_model.obj
 0001:0004fa87       _CalcSurfaceExtents        00450a87 f   r_model.obj
 0001:0004fc1c       _Mod_LoadFaces             00450c1c f   r_model.obj
 0001:0004fd83       _Mod_SetParent             00450d83 f   r_model.obj
 0001:0004fda8       _Mod_LoadNodes             00450da8 f   r_model.obj
 0001:0004fe9e       _Mod_LoadLeafs             00450e9e f   r_model.obj
 0001:0004ff47       _Mod_LoadMarksurfaces      00450f47 f   r_model.obj
 0001:0004ffc3       _Mod_LoadSurfedges         00450fc3 f   r_model.obj
 0001:00050002       _Mod_LoadPlanes            00451002 f   r_model.obj
 0001:00050067       _Mod_LoadBrushModel        00451067 f   r_model.obj
 0001:00050259       _Mod_LoadAliasModel        00451259 f   r_model.obj
 0001:000504d4       _Mod_LoadSpriteModel       004514d4 f   r_model.obj
 0001:000505bb       _R_BeginRegistration       004515bb f   r_model.obj
 0001:0005064b       _R_RegisterModel           0045164b f   r_model.obj
 0001:00050743       _R_EndRegistration         00451743 f   r_model.obj
 0001:000507ae       _Mod_FreeAll               004517ae f   r_model.obj
 0001:000507f3       _R_DrawParticle            004517f3 f   r_part.obj
 0001:00050a7c       _R_DrawParticles           00451a7c f   r_part.obj
 0001:00050b26       _R_DrawSpanletOpaque       00451b26 f   r_poly.obj
 0001:00050bb6       _R_DrawSpanletTurbulentStipple33 00451bb6 f   r_poly.obj
 0001:00050ce1       _R_DrawSpanletTurbulentStipple66 00451ce1 f   r_poly.obj
 0001:00050ec2       _R_DrawSpanletTurbulentBlended66 00451ec2 f   r_poly.obj
 0001:00050f77       _R_DrawSpanletTurbulentBlended33 00451f77 f   r_poly.obj
 0001:0005102c       _R_DrawSpanlet33           0045202c f   r_poly.obj
 0001:000510c6       _R_DrawSpanletConstant33   004520c6 f   r_poly.obj
 0001:0005111f       _R_DrawSpanlet66           0045211f f   r_poly.obj
 0001:000511bd       _R_DrawSpanlet33Stipple    004521bd f   r_poly.obj
 0001:000512d8       _R_DrawSpanlet66Stipple    004522d8 f   r_poly.obj
 0001:00051469       _R_ClipPolyFace            00452469 f   r_poly.obj
 0001:000515da       _R_PolygonDrawSpans        004525da f   r_poly.obj
 0001:00051962       _R_PolygonScanLeftEdge     00452962 f   r_poly.obj
 0001:00051a96       _R_PolygonScanRightEdge    00452a96 f   r_poly.obj
 0001:00051c86       _R_ClipAndDrawPoly         00452c86 f   r_poly.obj
 0001:00051e88       _R_BuildPolygonFromSurface 00452e88 f   r_poly.obj
 0001:00052094       _R_PolygonCalculateGradients 00453094 f   r_poly.obj
 0001:0005234d       _R_DrawAlphaSurfaces       0045334d f   r_poly.obj
 0001:000523e3       _R_IMFlatShadedQuad        004533e3 f   r_poly.obj
 0001:00052525       _R_InitAdivtab             00453525 f   r_polyse.obj
 0001:00052590       _R_PolysetUpdateTables     00453590 f   r_polyse.obj
 0001:000525cb       _R_DrawTriangle            004535cb f   r_polyse.obj
 0001:000526dc       _R_PolysetScanLeftEdge_C   004536dc f   r_polyse.obj
 0001:000528a6       _FloorDivMod               004538a6 f   r_polyse.obj
 0001:00052942       _R_PolysetSetUpForLineScan 00453942 f   r_polyse.obj
 0001:000529d0       _R_PolysetCalcGradients    004539d0 f   r_polyse.obj
 0001:00052bdb       _R_PolysetDrawSpans8_33    00453bdb f   r_polyse.obj
 0001:00052d0b       _R_PolysetDrawSpansConstant8_33 00453d0b f   r_polyse.obj
 0001:00052da5       _R_PolysetDrawSpans8_66    00453da5 f   r_polyse.obj
 0001:00052ee1       _R_PolysetDrawSpansConstant8_66 00453ee1 f   r_polyse.obj
 0001:00052f89       _R_PolysetDrawSpans8_Opaque 00453f89 f   r_polyse.obj
 0001:000530d4       _R_RasterizeAliasPolySmooth 004540d4 f   r_polyse.obj
 0001:000536b4       _R_PolysetSetEdgeTable     004546b4 f   r_polyse.obj
 0001:0005374f       _R_InitSkyBox              0045474f f   r_rast.obj
 0001:000539c9       _R_EmitSkyBox              004549c9 f   r_rast.obj
 0001:00053adc       _R_EmitEdge                00454adc f   r_rast.obj
 0001:00053eb0       _R_ClipEdge                00454eb0 f   r_rast.obj
 0001:0005405e       _R_EmitCachedEdge          0045505e f   r_rast.obj
 0001:000540b5       _R_RenderFace              004550b5 f   r_rast.obj
 0001:0005447c       _R_RenderBmodelFace        0045547c f   r_rast.obj
 0001:000546e5       _D_WarpScreen              004556e5 f   r_scan.obj
 0001:0005488d       _D_DrawTurbulent8Span      0045588d f   r_scan.obj
 0001:00054911       _Turbulent8                00455911 f   r_scan.obj
 0001:00054be5       _NonTurbulent8             00455be5 f   r_scan.obj
 0001:00054ea3       _D_DrawSpans16             00455ea3 f   r_scan.obj
 0001:0005513d       _D_DrawZSpans              0045613d f   r_scan.obj
 0001:000551fa       _R_DrawSprite              004561fa f   r_sprite.obj
 0001:0005548f       _R_TextureAnimation        0045648f f   r_surf.obj
 0001:000554b3       _R_DrawSurface             004564b3 f   r_surf.obj
 0001:00055618       _R_DrawSurfaceBlock8_mip0  00456618 f   r_surf.obj
 0001:00055717       _R_DrawSurfaceBlock8_mip1  00456717 f   r_surf.obj
 0001:00055816       _R_DrawSurfaceBlock8_mip2  00456816 f   r_surf.obj
 0001:00055915       _R_DrawSurfaceBlock8_mip3  00456915 f   r_surf.obj
 0001:00055a11       _R_InitCaches              00456a11 f   r_surf.obj
 0001:00055a92       _D_FlushCaches             00456a92 f   r_surf.obj
 0001:00055ad7       _D_SCAlloc                 00456ad7 f   r_surf.obj
 0001:00055c6b       _D_CacheSurface            00456c6b f   r_surf.obj
 0001:00055de0       _DDRAW_Init                00456de0 f   rw_ddraw.obj
 0001:000561f0       _DDRAW_SetPalette          004571f0 f   rw_ddraw.obj
 0001:00056259       _DDRAW_Shutdown            00457259 f   rw_ddraw.obj
 0001:000563c4       _DIB_Init                  004573c4 f   rw_dib.obj
 0001:000565a9       _DIB_SetPalette            004575a9 f   rw_dib.obj
 0001:0005676d       _DIB_Shutdown              0045776d f   rw_dib.obj
 0001:00056866       _SWimp_Init                00457866 f   rw_imp.obj
 0001:0005686a       _SWimp_EndFrame            0045786a f   rw_imp.obj
 0001:000569d6       _SWimp_SetMode             004579d6 f   rw_imp.obj
 0001:00056af8       _SWimp_SetPalette          00457af8 f   rw_imp.obj
 0001:00056b1d       _SWimp_Shutdown            00457b1d f   rw_imp.obj
 0001:00056b64       _SWimp_AppActivate         00457b64 f   rw_imp.obj
 0001:00056b9e       _adler32                   00457b9e f   adler32.obj
 0001:00056cb7       _crc32                     00457cb7 f   crc32.obj
 0001:00056dcd       _inflate_blocks_reset      00457dcd f   infblock.obj
 0001:00056e38       _inflate_blocks_new        00457e38 f   infblock.obj
 0001:00056ec3       _inflate_blocks            00457ec3 f   infblock.obj
 0001:000576da       _inflate_blocks_free       004586da f   infblock.obj
 0001:0005770e       _inflate_codes_new         0045870e f   infcodes.obj
 0001:00057742       _inflate_codes             00458742 f   infcodes.obj
 0001:00057d00       _inflate_codes_free        00458d00 f   infcodes.obj
 0001:00057d11       _inflate_fast              00458d11 f   inffast.obj
 0001:00057fdc       _inflateReset              00458fdc f   inflate.obj
 0001:0005801b       _inflateEnd                0045901b f   inflate.obj
 0001:00058059       _inflateInit2_             00459059 f   inflate.obj
 0001:00058143       _inflate                   00459143 f   inflate.obj
 0001:000584a6       _inflate_trees_bits        004594a6 f   inftrees.obj
 0001:000588b4       _inflate_trees_dynamic     004598b4 f   inftrees.obj
 0001:000589b7       _inflate_trees_fixed       004599b7 f   inftrees.obj
 0001:000589e6       _inflate_flush             004599e6 f   infutil.obj
 0001:00058ad2       _Zip_OpenArchive           00459ad2 f   zip.obj
 0001:00058b3d       _Zip_CloseArchive          00459b3d f   zip.obj
 0001:00058b49       _Zip_EnumArchive           00459b49 f   zip.obj
 0001:00058d2a       _Zip_OpenFile              00459d2a f   zip.obj
 0001:00058e39       _Zip_ReadFile              00459e39 f   zip.obj
 0001:00058f30       _Zip_CloseFile             00459f30 f   zip.obj
 0001:00058f78       _Zip_OpenBuf               00459f78 f   zip.obj
 0001:00058fcb       _Zip_ReadBuf               00459fcb f   zip.obj
 0001:00059013       _Zip_CloseBuf              0045a013 f   zip.obj
 0001:00059029       _zcalloc                   0045a029 f   zutil.obj
 0001:0005903a       _jpeg_CreateCompress       0045a03a f   jcapimin.obj
 0001:000590ee       _jpeg_suppress_tables      0045a0ee f   jcapimin.obj
 0001:00059138       _jpeg_finish_compress      0045a138 f   jcapimin.obj
 0001:00059222       _jpeg_start_compress       0045a222 f   jcapistd.obj
 0001:0005928e       _jpeg_write_scanlines      0045a28e f   jcapistd.obj
 0001:00059339       _jinit_c_coef_controller   0045a339 f   jccoefct.obj
 0001:00059a1a       _jinit_color_converter     0045aa1a f   jccolor.obj
 0001:0005a005       _jinit_forward_dct         0045b005 f   jcdctmgr.obj
 0001:0005a4e1       _jinit_c_diff_controller   0045b4e1 f   jcdiffct.obj
 0001:0005aa05       _jpeg_make_c_derived_tbl   0045ba05 f   jchuff.obj
 0001:0005ac07       _jpeg_gen_optimal_table    0045bc07 f   jchuff.obj
 0001:0005adc6       _jinit_compress_master     0045bdc6 f   jcinit.obj
 0001:0005ae1f       _jinit_lhuff_encoder       0045be1f f   jclhuff.obj
 0001:0005b549       _jinit_lossless_c_codec    0045c549 f   jclossls.obj
 0001:0005b5e1       _jinit_lossy_c_codec       0045c5e1 f   jclossy.obj
 0001:0005b67c       _jinit_c_main_controller   0045c67c f   jcmainct.obj
 0001:0005b7e9       _jinit_marker_writer       0045c7e9 f   jcmarker.obj
 0001:0005c0c5       _jinit_c_master_control    0045d0c5 f   jcmaster.obj
 0001:0005cbb4       _jinit_c_codec             0045dbb4 f   jcodec.obj
 0001:0005cbd0       _jinit_d_codec             0045dbd0 f   jcodec.obj
 0001:0005cbec       _jpeg_abort                0045dbec f   jcomapi.obj
 0001:0005cc1f       _jpeg_destroy              0045dc1f f   jcomapi.obj
 0001:0005cc3a       _jpeg_alloc_quant_table    0045dc3a f   jcomapi.obj
 0001:0005cc56       _jpeg_alloc_huff_table     0045dc56 f   jcomapi.obj
 0001:0005cc72       _jpeg_add_quant_table      0045dc72 f   jcparam.obj
 0001:0005cd24       _jpeg_quality_scaling      0045dd24 f   jcparam.obj
 0001:0005cd4b       _jpeg_set_quality          0045dd4b f   jcparam.obj
 0001:0005cd85       _jpeg_set_defaults         0045dd85 f   jcparam.obj
 0001:0005cf47       _jpeg_default_colorspace   0045df47 f   jcparam.obj
 0001:0005cf97       _jpeg_set_colorspace       0045df97 f   jcparam.obj
 0001:0005d2b2       _jinit_phuff_encoder       0045e2b2 f   jcphuff.obj
 0001:0005dd57       _jinit_differencer         0045ed57 f   jcpred.obj
 0001:0005e271       _jinit_c_prep_controller   0045f271 f   jcprepct.obj
 0001:0005e7bc       _jinit_downsampler         0045f7bc f   jcsample.obj
 0001:0005f03c       _jinit_c_scaler            0046003c f   jcscale.obj
 0001:0005f0b2       _jinit_shuff_encoder       004600b2 f   jcshuff.obj
 0001:0005f91d       _jpeg_CreateDecompress     0046091d f   jdapimin.obj
 0001:0005f9dd       _jpeg_destroy_decompress   004609dd f   jdapimin.obj
 0001:0005f9dd       _jpeg_destroy_compress     004609dd f   jdapimin.obj
 0001:0005f9e8       _jpeg_read_header          004609e8 f   jdapimin.obj
 0001:0005fa4a       _jpeg_consume_input        00460a4a f   jdapimin.obj
 0001:0005fc98       _jpeg_finish_decompress    00460c98 f   jdapimin.obj
 0001:0005fd2f       _jpeg_start_decompress     00460d2f f   jdapistd.obj
 0001:0005fe9c       _jpeg_read_scanlines       00460e9c f   jdapistd.obj
 0001:0005ff20       _jpeg_stdio_dest           00460f20 f   jdatadst.obj
 0001:00060020       _jinit_d_coef_controller   00461020 f   jdcoefct.obj
 0001:00060cf9       _jinit_color_deconverter   00461cf9 f   jdcolor.obj
 0001:0006120f       _jinit_inverse_dct         0046220f f   jddctmgr.obj
 0001:0006144e       _jinit_d_diff_controller   0046244e f   jddiffct.obj
 0001:0006197f       _jpeg_make_d_derived_tbl   0046297f f   jdhuff.obj
 0001:00061c1c       _jpeg_fill_bit_buffer      00462c1c f   jdhuff.obj
 0001:00061d2b       _jpeg_huff_decode          00462d2b f   jdhuff.obj
 0001:00061e0b       _jinit_input_controller    00462e0b f   jdinput.obj
[...]
 0001:00022637       _SwapQ2BspFile             00423637 f   model.obj
 0001:0002284d       _ProcessQ2BspFile          0042384d f   model.obj
 0001:00022920       _LoadQ2Submodels           00423920 f   model.obj
 0001:000229f2       _CheckLump                 004239f2 f   model.obj
 0001:00022cca       _ReadEntity                00423cca f   model.obj
 0001:00022d8e       _WriteEntity               00423d8e f   model.obj
 0001:00022e2f       _ProcessEntityTarget       00423e2f f   model.obj
 0001:00022ea8       _FindField                 00423ea8 f   model.obj
 0001:00022ee1       _GetVector                 00423ee1 f   model.obj
 0001:00022f12       _ProcessEntity             00423f12 f   model.obj
 0001:00023952       _AddField                  00424952 f   model.obj
 0001:0002398f       _FindEntityTarget          0042498f f   model.obj
 0001:0001e167       _Multiplayer_MenuDraw      0041f167 f   menu.obj
 0001:0001e18a       _M_Banner                  0041f18a f   menu.obj
 0001:0001e1cc       _Multiplayer_MenuInit      0041f1cc f   menu.obj
 0001:0001e2ba       _Multiplayer_MenuKey       0041f2ba f   menu.obj
 0001:0001e2ec       _Keys_MenuInit             0041f2ec f   menu.obj
 0001:0001e47f       _KeyCursorDrawFunc         0041f47f f   menu.obj
 0001:0001e4c0       _DrawKeyBindingFunc        0041f4c0 f   menu.obj
 0001:0001e598       _M_FindKeysForCommand      0041f598 f   menu.obj
 0001:0001e5e8       _SeekLine                  0041f5e8 f   menu.obj
 0001:0001e60f       _AppendToken               0041f60f f   menu.obj
 0001:0001e639       _Keys_MenuDraw             0041f639 f   menu.obj
 0001:0001e652       _Keys_MenuKey              0041f652 f   menu.obj
 0001:0001e70a       _M_UnbindCommand           0041f70a f   menu.obj
 0001:0001e756       _KeyBindingFunc            0041f756 f   menu.obj
 0001:0001e7c9       _Options_MenuInit          0041f7c9 f   menu.obj
 0001:0001ec54       _CrosshairFunc             0041fc54 f   menu.obj
 0001:0001ec78       _JoystickFunc              0041fc78 f   menu.obj
 0001:0001ec8b       _CustomizeControlsFunc     0041fc8b f   menu.obj
 0001:0001ec90       _AlwaysRunFunc             0041fc90 f   menu.obj
 0001:0001eca3       _FreeLookFunc              0041fca3 f   menu.obj
 0001:0001ecb6       _MouseSpeedFunc            0041fcb6 f   menu.obj
 0001:0001ecd3       _ControlsSetMenuItemValues 0041fcd3 f   menu.obj
 0001:0001ee9f       _ControlsResetDefaultsFunc 0041fe9f f   menu.obj
 0001:0001eeb4       _InvertMouseFunc           0041feb4 f   menu.obj
 0001:0001eecf       _LookspringFunc            0041fecf f   menu.obj
 0001:0001eeeb       _LookstrafeFunc            0041feeb f   menu.obj
 0001:0001ef07       _UpdateVolumeFunc          0041ff07 f   menu.obj
 0001:0001ef24       _UpdateCDVolumeFunc        0041ff24 f   menu.obj
 0001:0001ef3d       _ConsoleFunc               0041ff3d f   menu.obj
 0001:0001ef6c       _UpdateSoundFunc           0041ff6c f   menu.obj
 0001:0001f014       _Options_ScanCrosshairs    00420014 f   menu.obj
 0001:0001f067       _Options_MenuDraw          00420067 f   menu.obj
 0001:0001f08f       _Options_CrosshairDraw     0042008f f   menu.obj
 0001:0001f106       _Options_MenuKey           00420106 f   menu.obj
 0001:0001f1ec       _M_Credits_MenuDraw        004201ec f   menu.obj
 0001:0001f2d6       _M_Credits_Key             004202d6 f   menu.obj
 0001:0001f333       _Game_MenuInit             00420333 f   menu.obj
 0001:0001f4e0       _EasyGameFunc              004204e0 f   menu.obj
 0001:0001f4f6       _StartGame                 004204f6 f   menu.obj
 0001:0001f53b       _MediumGameFunc            0042053b f   menu.obj
 0001:0001f551       _HardGameFunc              00420551 f   menu.obj
 0001:0001f567       _Game_MenuDraw             00420567 f   menu.obj
 0001:0001f58a       _Game_MenuKey              0042058a f   menu.obj
 0001:0001f5bc       _LoadGame_MenuInit         004205bc f   menu.obj
 0001:0001f665       _Create_Savestrings        00420665 f   menu.obj
 0001:0001f72a       _LoadGameCallback          0042072a f   menu.obj
 0001:0001f754       _LoadGame_MenuDraw         00420754 f   menu.obj
 0001:0001f77d       _DrawSavegameShot          0042077d f   menu.obj
 0001:0001f83c       _LoadGame_MenuKey          0042083c f   menu.obj
 0001:0001f89d       _SaveGame_MenuDraw         0042089d f   menu.obj
 0001:0001f8d2       _SaveGame_MenuInit         004208d2 f   menu.obj
 0001:0001f96d       _SaveGameCallback          0042096d f   menu.obj
 0001:0001f98c       _SaveGame_MenuKey          0042098c f   menu.obj
 0001:0001fa6d       _JoinServer_MenuInit       00420a6d f   menu.obj
 0001:0001fbbe       _JoinServerFunc            00420bbe f   menu.obj
 0001:0001fc1b       _SearchLocalGames          00420c1b f   menu.obj
 0001:0001fc87       _JoinServer_MenuDraw       00420c87 f   menu.obj
 0001:0001fc9f       _JoinServer_MenuKey        00420c9f f   menu.obj
 0001:0001fcd1       _StartServer_MenuInit      00420cd1 f   menu.obj
 0001:00020181       _DMOptionsFunc             00421181 f   menu.obj
 0001:00020190       _RulesChangeFunc           00421190 f   menu.obj
 0001:000201f9       _StartServerActionFunc     004211f9 f   menu.obj
 0001:00020225       _StartServerFunc           00421225 f   menu.obj
 0001:00020490       _StartServer_MenuDraw      00421490 f   menu.obj
 0001:0002049c       _StartServer_MenuKey       0042149c f   menu.obj
 0001:000204fc       _DMOptions_MenuInit        004214fc f   menu.obj
 0001:00020a8c       _DMFlagCallback            00421a8c f   menu.obj
 0001:00020c3a       _DMOptions_MenuDraw        00421c3a f   menu.obj
 0001:00020c46       _DMOptions_MenuKey         00421c46 f   menu.obj
 0001:00020c78       _DownloadOptions_MenuInit  00421c78 f   menu.obj
 0001:00020e63       _DownloadCallback          00421e63 f   menu.obj
 0001:00020ebc       _DownloadOptions_MenuDraw  00421ebc f   menu.obj
 0001:00020ec8       _DownloadOptions_MenuKey   00421ec8 f   menu.obj
 0001:00020efa       _AddressBook_MenuInit      00421efa f   menu.obj
 0001:00020fb0       _AddressBook_MenuKey       00421fb0 f   menu.obj
 0001:00021001       _AddressBook_MenuDraw      00422001 f   menu.obj
 0001:00021019       _M_Menu_PlayerConfig_f     00422019 f   menu.obj
 0001:00021074       _PlayerConfig_MenuInit     00422074 f   menu.obj
 0001:000215a6       _HandednessCallback        004225a6 f   menu.obj
 0001:000215b9       _RTypeCallback             004225b9 f   menu.obj
 0001:000215cc       _RColorCallback            004225cc f   menu.obj
 0001:000215df       _RateCallback              004225df f   menu.obj
 0001:000215fd       _ModelCallback             004225fd f   menu.obj
 0001:0002163e       _PlayerConfig_ScanDirectories 0042263e f   menu.obj
 0001:00021805       _IsValidSkin               00422805 f   menu.obj
 0001:000218ce       _PlayerConfig_MenuDraw     004228ce f   menu.obj
 0001:00021b82       _PlayerConfig_MenuKey      00422b82 f   menu.obj
 0001:00021c56       _M_Menu_DMBrowse_f         00422c56 f   menu.obj
 0001:00021c9a       _DMBrowse_MenuInit         00422c9a f   menu.obj
 0001:00021e80       _DMBrowse_MenuKey          00422e80 f   menu.obj
 0001:00022023       _DMBrowse_MenuDraw         00423023 f   menu.obj
 0001:00022148       _DrawThumbnail             00423148 f   menu.obj
 0001:0002220f       _M_Quit_Key                0042320f f   menu.obj
 0001:0002224f       _M_Quit_Draw               0042324f f   menu.obj
 0001:0002239c       _M_Menu_Quit_f             0042339c f   menu.obj
 0001:0001d716       _AllocChain                0041e716 f   memory.obj
 0001:0001da06       _Z_Stats_f                 0041ea06 f   memory.obj
 0001:0001cf0d       _MD4Transform              0041df0d f   md4.obj
 0001:0001d50f       _Encode                    0041e50f f   md4.obj
 0001:0001d554       _Decode                    0041e554 f   md4.obj
 0001:0001bdee       _CompleteCommand           0041cdee f   keys.obj
 0001:0001be65       _Do_CompleteCommand        0041ce65 f   keys.obj
 0001:0001c2dc       _TryComplete               0041d2dc f   keys.obj
 0001:0001c371       _CompleteMenu              0041d371 f   keys.obj
 0001:0001c4b3       _CompleteMenuDraw          0041d4b3 f   keys.obj
 0001:0001c512       _CompleteMenuKey           0041d512 f   keys.obj
 0001:0001c544       _CompleteMenuCallback      0041d544 f   keys.obj
 0001:0001c5cc       _iswordsym                 0041d5cc f   keys.obj
 0001:0001c89e       _Key_Unbind_f              0041d89e f   keys.obj
 0001:0001c984       _Key_Unbindall_f           0041d984 f   keys.obj
 0001:0001c9ae       _Key_Bind_f                0041d9ae f   keys.obj
 0001:0001a9d4       _IN_DeactivateMouse        0041b9d4 f   in_win.obj
 0001:0001aa00       _IN_FreeDirect             0041ba00 f   in_win.obj
 0001:0001aa69       _IN_FreeWin32              0041ba69 f   in_win.obj
 0001:0001ac02       _IN_ActivateMouse          0041bc02 f   in_win.obj
 0001:0001ac7a       _IN_InitDirect             0041bc7a f   in_win.obj
 0001:0001adc4       _IN_InitWin32              0041bdc4 f   in_win.obj
 0001:0001aef2       _IN_MouseMove              0041bef2 f   in_win.obj
 0001:0005a004       _J_InitSource              0045b004 f   jccolor.obj
 0001:0001a3c3       _J_FillInputBuffer         0041b3c3 f   images.obj
 0001:0001a3eb       _J_SkipInputData           0041b3eb f   images.obj
 0001:0005a004       _J_TermSource              0045b004 f   jccolor.obj
 0001:0001a403       _InitJpegError             0041b403 f   images.obj
 0001:0001a434       _J_ErrorExit               0041b434 f   images.obj
 0001:0001a443       _J_EmitMessage             0041b443 f   images.obj
 0001:0001a460       _J_ResetErrorMgr           0041b460 f   images.obj
 0001:00018422       _FindPakFile               00419422 f   files.obj
 0001:00018492       _FindPakDirectory          00419492 f   files.obj
 0001:00018523       _FileLength                00419523 f   files.obj
 0001:00018975       _FOpenCached               00419975 f   files.obj
 0001:00018cb6       _UnloadPackFile            00419cb6 f   files.obj
 0001:00018cdc       _ClearFileCache            00419cdc f   files.obj
 0001:00018d03       _AddGameDirectory          00419d03 f   files.obj
 0001:00018dc8       _AddDirFilesToList         00419dc8 f   files.obj
 0001:00018e89       _LoadPackFile              00419e89 f   files.obj
 0001:00018ff7       _AddPakFile                00419ff7 f   files.obj
 0001:00019096       _AddPakDirectory           0041a096 f   files.obj
 0001:00019174       _EnumZippedPak             0041a174 f   files.obj
 0001:0001940c       _ListPakDirectory          0041a40c f   files.obj
 0001:000195c7       _InitResFiles              0041a5c7 f   files.obj
 0001:000196aa       _FS_LoadPak_f              0041a6aa f   files.obj
 0001:00019777       _TryLoadPak                0041a777 f   files.obj
 0001:000197e5       _FindPakStruc              0041a7e5 f   files.obj
 0001:0001983a       _FS_UnloadPak_f            0041a83a f   files.obj
 0001:000199e1       _FS_Link_f                 0041a9e1 f   files.obj
 0001:00019aad       _FS_Dir_f                  0041aaad f   files.obj
 0001:00019cbe       _FS_Path_f                 0041acbe f   files.obj
 0001:00019d56       _FS_Cat_f                  0041ad56 f   files.obj
 0001:00019e2f       _FS_Type_f                 0041ae2f f   files.obj
 0001:00016d46       _Cvar_FindVar              00417d46 f   cvar.obj
 0001:00016d7b       _ComputeHash               00417d7b f   cvar.obj
 0001:00016f8d       _Cvar_SetString            00417f8d f   cvar.obj
 0001:00017023       _Cvar_InfoValidate         00418023 f   cvar.obj
 0001:00017133       _Cvar_Set2                 00418133 f   cvar.obj
 0001:000172f2       _Cvar_SetHardcoded         004182f2 f   cvar.obj
 0001:0001771d       _Cvar_Set_f                0041871d f   cvar.obj
 0001:0001779a       _Cvar_SetWithFlags         0041879a f   cvar.obj
 0001:000177ed       _Cvar_Seta_f               004187ed f   cvar.obj
 0001:0001780f       _Cvar_Setu_f               0041880f f   cvar.obj
 0001:00017831       _Cvar_Sets_f               00418831 f   cvar.obj
 0001:00017853       _Cvar_Reset_f              00418853 f   cvar.obj
 0001:000178b8       _Cvar_List_f               004188b8 f   cvar.obj
 0001:000179c8       _Cvar_Add_f                004189c8 f   cvar.obj
 0001:00017b3f       _Cvar_Scale_f              00418b3f f   cvar.obj
 0001:00017bb2       _Cvar_Toggle_f             00418bb2 f   cvar.obj
 0001:00017c15       _Cvar_Cycle_f              00418c15 f   cvar.obj
 0001:000160c5       _Con_ToggleChat_f          004170c5 f   console.obj
 0001:000160f6       _Con_Clear_f               004170f6 f   console.obj
 0001:00016151       _Con_Dump_f                00417151 f   console.obj
 0001:00016264       _Con_MessageMode_f         00417264 f   console.obj
 0001:00016276       _Con_MessageMode2_f        00417276 f   console.obj
 0001:00016316       _PlaceChar                 00417316 f   console.obj
 0001:000164a0       _FindLine                  004174a0 f   console.obj
 0001:00016c1c       _Con_DrawInput             00417c1c f   console.obj
 0001:000148b2       _GetInt                    004158b2 f   common.obj
 0001:00015863       _Com_Error_f               00416863 f   common.obj
 0001:0001587b       _ParseCmdline              0041687b f   common.obj
 0001:00015a30       _PushCmdline               00416a30 f   common.obj
 0001:0001243f       _CMod_LoadSurfaces         0041343f f   cmodel.obj
 0001:00012559       _CMod_ReadSurfMaterials    00413559 f   cmodel.obj
 0001:00012694       _CMod_LoadNodes            00413694 f   cmodel.obj
 0001:000126f6       _CMod_LoadBrushes          004136f6 f   cmodel.obj
 0001:00012742       _CMod_LoadLeafs            00413742 f   cmodel.obj
 0001:00012811       _CMod_LoadPlanes           00413811 f   cmodel.obj
 0001:00012894       _CMod_LoadLeafBrushes      00413894 f   cmodel.obj
 0001:000128df       _CMod_LoadBrushSides       004138df f   cmodel.obj
 0001:00012958       _CMod_LoadAreas            00413958 f   cmodel.obj
 0001:00012d32       _CM_PointLeafnum_r         00413d32 f   cmodel.obj
 0001:00012df5       _CM_BoxLeafnums_r          00413df5 f   cmodel.obj
 0001:0001335e       _CM_TestInLeaf             0041435e f   cmodel.obj
 0001:000133e6       _CM_TestBoxInBrush         004143e6 f   cmodel.obj
 0001:000134c7       _CM_RecursiveHullCheck     004144c7 f   cmodel.obj
 0001:00013799       _CM_TraceToLeaf            00414799 f   cmodel.obj
 0001:00013870       _CM_ClipBoxToBrush         00414870 f   cmodel.obj
 0001:00013fdc       _FloodArea_r               00414fdc f   cmodel.obj
 0001:00011e1c       _Cmd_MacroExpandString     00412e1c f   cmd.obj
 0001:00012137       _Cmd_Wait_f                00413137 f   cmd.obj
 0001:0001216c       _Cmd_List_f                0041316c f   cmd.obj
 0001:00010b6d       _DrawSurfInfo              00411b6d f   cl_view.obj
 0001:00011070       _DrawFlag                  00412070 f   cl_view.obj
 0001:000111c1       _DecodeContents            004121c1 f   cl_view.obj
 0001:0001120c       _DrawOriginInfo            0041220c f   cl_view.obj
 0001:0001139d       _DrawFpsInfo               0041239d f   cl_view.obj
 0001:000114c6       _FixWaterVis               004124c6 f   cl_view.obj
 0001:000115c4       _entitycmpfnc              004125c4 f   cl_view.obj
 0001:0001162d       _Screenshot_f              0041262d f   cl_view.obj
 0001:0000d9c5       _SCR_CalcVrect             0040e9c5 f   cl_scrn.obj
 0001:000085bd       _TryParseStatus            004095bd f   cl_main.obj
 0001:00006a38       _IN_KLookDown              00407a38 f   cl_input.obj
 0001:00006a44       _KeyDown                   00407a44 f   cl_input.obj
 0001:00006aba       _IN_KLookUp                00407aba f   cl_input.obj
 0001:00006ac6       _KeyUp                     00407ac6 f   cl_input.obj
 0001:00006b40       _IN_UpDown                 00407b40 f   cl_input.obj
 0001:00006b4c       _IN_UpUp                   00407b4c f   cl_input.obj
 0001:00006b58       _IN_DownDown               00407b58 f   cl_input.obj
 0001:00006b64       _IN_DownUp                 00407b64 f   cl_input.obj
 0001:00006b70       _IN_LeftDown               00407b70 f   cl_input.obj
 0001:00006b7c       _IN_LeftUp                 00407b7c f   cl_input.obj
 0001:00006b88       _IN_RightDown              00407b88 f   cl_input.obj
 0001:00006b94       _IN_RightUp                00407b94 f   cl_input.obj
 0001:00006ba0       _IN_ForwardDown            00407ba0 f   cl_input.obj
 0001:00006bac       _IN_ForwardUp              00407bac f   cl_input.obj
 0001:00006bb8       _IN_BackDown               00407bb8 f   cl_input.obj
 0001:00006bc4       _IN_BackUp                 00407bc4 f   cl_input.obj
 0001:00006bd0       _IN_LookupDown             00407bd0 f   cl_input.obj
 0001:00006bdc       _IN_LookupUp               00407bdc f   cl_input.obj
 0001:00006be8       _IN_LookdownDown           00407be8 f   cl_input.obj
 0001:00006bf4       _IN_LookdownUp             00407bf4 f   cl_input.obj
 0001:00006c00       _IN_MoveleftDown           00407c00 f   cl_input.obj
 0001:00006c0c       _IN_MoveleftUp             00407c0c f   cl_input.obj
 0001:00006c18       _IN_MoverightDown          00407c18 f   cl_input.obj
 0001:00006c24       _IN_MoverightUp            00407c24 f   cl_input.obj
 0001:00006c30       _IN_SpeedDown              00407c30 f   cl_input.obj
 0001:00006c3c       _IN_SpeedUp                00407c3c f   cl_input.obj
 0001:00006c48       _IN_StrafeDown             00407c48 f   cl_input.obj
 0001:00006c54       _IN_StrafeUp               00407c54 f   cl_input.obj
 0001:00006c60       _IN_AttackDown             00407c60 f   cl_input.obj
 0001:00006c6c       _IN_AttackUp               00407c6c f   cl_input.obj
 0001:00006c78       _IN_UseDown                00407c78 f   cl_input.obj
 0001:00006c84       _IN_UseUp                  00407c84 f   cl_input.obj
 0001:00006c90       _IN_Lookdown               00407c90 f   cl_input.obj
 0001:00006cc3       _IN_Lookup                 00407cc3 f   cl_input.obj
 0001:00006f27       _CL_CreateCmd              00407f27 f   cl_input.obj
 0001:00006f8d       _BaseMove                  00407f8d f   cl_input.obj
 0001:00007167       _CL_KeyState               00408167 f   cl_input.obj
 0001:000071c7       _AdjustAngles              004081c7 f   cl_input.obj
 0001:000072d6       _FinishMove                004082d6 f   cl_input.obj
 0001:00007397       _ClampPitch                00408397 f   cl_input.obj
 0001:000036f2       _CL_AddParticleTraces      004046f2 f   cl_fx.obj
 0001:00003a64       _CL_AddParticleBeams       00404a64 f   cl_fx.obj
 0001:00002427       _CL_AddDebugLines          00403427 f   cl_ents.obj
 0001:0000247b       _CL_AddPacketEntities      0040347b f   cl_ents.obj
 0001:00002ea3       _GetEntityInfo             00403ea3 f   cl_ents.obj
 0001:00002fb2       _AddEntityWithEffects      00403fb2 f   cl_ents.obj
 0001:00002fde       _AddViewWeapon             00403fde f   cl_ents.obj
 0001:0000083e       _FreeCinematic             0040183e f   cl_cin.obj
 0001:000009f0       _ReadNextFrame             004019f0 f   cl_cin.obj
 0001:00000b0d       _Huff1Decompress           00401b0d f   cl_cin.obj
 0001:00000fb3       _Huff1TableInit            00401fb3 f   cl_cin.obj
 0001:000010ad       _SmallestNode1             004020ad f   cl_cin.obj
 0001:0000014c       _CDAudio_GetAudioDiskInfo  0040114c f   cd_win.obj
 0001:000004c4       _CD_f                      004014c4 f   cd_win.obj
 0001:0000077d       _CDAudio_Eject             0040177d f   cd_win.obj
 0001:000007a7       _CDAudio_CloseDoor         004017a7 f   cd_win.obj

 70 bytes saved through ICF

