 quake2

 Timestamp is 41889ba9 (Wed Nov 03 11:49:45 2004)

 Preferred load address is 00400000

 Start         Length     Name                   Class
 0001:00000000 00070160H .text                   CODE
 0002:00000000 00000304H .idata$5                DATA
 0002:00000308 0000546cH .rdata                  DATA
 0002:00005774 00000078H .idata$2                DATA
 0002:000057ec 00000014H .idata$3                DATA
 0002:00005800 00000304H .idata$4                DATA
 0002:00005b04 000009d8H .idata$6                DATA
 0002:000064dc 00000000H .edata                  DATA
 0003:00000000 00000004H .CRT$XCA                DATA
 0003:00000004 00000004H .CRT$XCZ                DATA
 0003:00000008 00000004H .CRT$XIA                DATA
 0003:0000000c 00000004H .CRT$XIZ                DATA
 0003:00000010 000133f4H .data                   DATA
 0003:00013408 00b03430H .bss                    DATA
 0004:00000000 00000130H .rsrc$01                DATA
 0004:00000130 00003f20H .rsrc$02                DATA

  Address         Publics by Value              Rva+Base     Lib:Object

 0001:00000000       _CDAudio_Play2             00401000 f   cd_win.obj
 0001:000001e2       _CDAudio_Play              004011e2 f   cd_win.obj
 0001:000001f9       _CDAudio_Stop              004011f9 f   cd_win.obj
 0001:0000023e       _CDAudio_Pause             0040123e f   cd_win.obj
 0001:00000297       _CDAudio_Resume            00401297 f   cd_win.obj
 0001:00000306       _CDAudio_MessageHandler    00401306 f   cd_win.obj
 0001:0000039d       _CDAudio_Update            0040139d f   cd_win.obj
 0001:000003d1       _CDAudio_Init              004013d1 f   cd_win.obj
 0001:000007cf       _CDAudio_Shutdown          004017cf f   cd_win.obj
 0001:00000802       _CDAudio_Activate          00401802 f   cd_win.obj
 0001:00000813       _SCR_StopCinematic         00401813 f   cl_cin.obj
 0001:000008af       _SCR_FinishCinematic       004018af f   cl_cin.obj
 0001:000008f1       _SCR_RunCinematic          004018f1 f   cl_cin.obj
 0001:00000d0b       _SCR_DrawCinematic         00401d0b f   cl_cin.obj
 0001:00000d91       _SCR_PlayCinematic         00401d91 f   cl_cin.obj
 0001:000010e1       _CL_ParseEntityBits        004020e1 f   cl_ents.obj
 0001:00001143       _CL_ParseDelta             00402143 f   cl_ents.obj
 0001:000014e2       _CL_DeltaEntity            004024e2 f   cl_ents.obj
 0001:0000165f       _CL_ParsePacketEntities    0040265f f   cl_ents.obj
 0001:0000185e       _CL_ParsePlayerstate       0040285e f   cl_ents.obj
 0001:00001b6c       _CL_FireEntityEvents       00402b6c f   cl_ents.obj
 0001:00001bbe       _CL_ParseFrame             00402bbe f   cl_ents.obj
 0001:00001e9d       _CL_AddEntityBox           00402e9d f   cl_ents.obj
 0001:00001f8d       _CL_OffsetThirdPersonView  00402f8d f   cl_ents.obj
 0001:00002047       _CL_CalcViewValues         00403047 f   cl_ents.obj
 0001:00002354       _CL_AddEntities            00403354 f   cl_ents.obj
 0001:0000313c       _CL_GetEntitySoundOrigin   0040413c f   cl_ents.obj
 0001:0000316f       _CL_ClearLightStyles       0040416f f   cl_fx.obj
 0001:000031f3       _CL_RunLightStyles         004041f3 f   cl_fx.obj
 0001:00003290       _CL_SetLightstyle          00404290 f   cl_fx.obj
 0001:000032f7       _CL_AllocDlight            004042f7 f   cl_fx.obj
 0001:00003364       _CL_AddDLights             00404364 f   cl_fx.obj
 0001:000033c4       _CL_ClearParticles         004043c4 f   cl_fx.obj
 0001:0000342e       _CL_AllocParticleTrace     0040442e f   cl_fx.obj
 0001:000034d1       _CL_AllocParticleBeam      004044d1 f   cl_fx.obj
 0001:00003544       _CL_AllocParticle          00404544 f   cl_fx.obj
 0001:00003592       _CL_UpdateParticles        00404592 f   cl_fx.obj
 0001:00003b85       _CL_MetalSparks            00404b85 f   cl_fx.obj
 0001:00003c72       _CL_ParseMuzzleFlash       00404c72 f   cl_fx.obj
 0001:000044a9       _CL_ParseMuzzleFlash2      004054a9 f   cl_fx.obj
 0001:00004b8d       _CL_ParticleEffect         00405b8d f   cl_fx.obj
 0001:00004c5c       _CL_ParticleEffect2        00405c5c f   cl_fx.obj
 0001:00004d27       _CL_ParticleEffect3        00405d27 f   cl_fx.obj
 0001:00004df7       _CL_TeleporterParticles    00405df7 f   cl_fx.obj
 0001:00004eae       _CL_LogoutEffect           00405eae f   cl_fx.obj
 0001:00004f99       _CL_ItemRespawnParticles   00405f99 f   cl_fx.obj
 0001:00005048       _CL_ExplosionParticles     00406048 f   cl_fx.obj
 0001:000050f2       _CL_BigTeleportParticles   004060f2 f   cl_fx.obj
 0001:00005249       _CL_BlasterParticles       00406249 f   cl_fx.obj
 0001:00005315       _CL_BlasterTrail           00406315 f   cl_fx.obj
 0001:00005408       _CL_FlagTrail              00406408 f   cl_fx.obj
 0001:00005508       _CL_DiminishingTrail       00406508 f   cl_fx.obj
 0001:0000576c       _CL_RocketTrail            0040676c f   cl_fx.obj
 0001:00005899       _CL_RailTrail              00406899 f   cl_fx.obj
 0001:00005abf       _CL_RailTrailExt           00406abf f   cl_fx.obj
 0001:00005bc1       _CL_IonripperTrail         00406bc1 f   cl_fx.obj
 0001:00005cd4       _CL_BubbleTrail            00406cd4 f   cl_fx.obj
 0001:00005df2       _CL_FlyParticles           00406df2 f   cl_fx.obj
 0001:00005f91       _CL_FlyEffect              00406f91 f   cl_fx.obj
 0001:00006014       _CL_BfgParticles           00407014 f   cl_fx.obj
 0001:000061ee       _CL_TrapParticles          004071ee f   cl_fx.obj
 0001:00006471       _CL_BFGExplosionParticles  00407471 f   cl_fx.obj
 0001:0000651b       _CL_TeleportParticles      0040751b f   cl_fx.obj
 0001:00006654       _CL_EntityEvent            00407654 f   cl_fx.obj
 0001:00006832       _CL_ClearEffects           00407832 f   cl_fx.obj
 0001:00006850       _IN_CenterView             00407850 f   cl_input.obj
 0001:00006871       _CL_InitInput              00407871 f   cl_input.obj
 0001:00006d51       _CL_SendCmd                00407d51 f   cl_input.obj
 0001:0000744c       _CL_ParseInventory         0040844c f   cl_inv.obj
 0001:0000746c       _CL_DrawInventory          0040846c f   cl_inv.obj
 0001:000076c2       _CL_WriteDemoMessage       004086c2 f   cl_main.obj
 0001:00007704       _CL_Stop_f                 00408704 f   cl_main.obj
 0001:0000775f       _CL_Record_f               0040875f f   cl_main.obj
 0001:00007a02       _Cmd_ForwardToServer       00408a02 f   cl_main.obj
 0001:00007a6e       _CL_Setenv_f               00408a6e f   cl_main.obj
 0001:00007b32       _CL_ForwardToServer_f      00408b32 f   cl_main.obj
 0001:00007b80       _CL_Pause                  00408b80 f   cl_main.obj
 0001:00007bc0       _CL_Quit_f                 00408bc0 f   cl_main.obj
 0001:00007bca       _CL_Drop                   00408bca f   cl_main.obj
 0001:00007be6       _CL_SendConnectPacket      00408be6 f   cl_main.obj
 0001:00007cbd       _CL_CheckForResend         00408cbd f   cl_main.obj
 0001:00007dc2       _CL_Connect_f              00408dc2 f   cl_main.obj
 0001:00007e43       _CL_Rcon_f                 00408e43 f   cl_main.obj
 0001:00007f4e       _CL_ClearState             00408f4e f   cl_main.obj
 0001:00007f8d       _CL_Disconnect             00408f8d f   cl_main.obj
 0001:00008113       _CL_Disconnect_f           00409113 f   cl_main.obj
 0001:0000811f       _CL_Changing_f             0040911f f   cl_main.obj
 0001:00008143       _CL_Reconnect_f            00409143 f   cl_main.obj
 0001:000081df       _CL_PingServers_f          004091df f   cl_main.obj
 0001:00008347       _CL_Skins_f                00409347 f   cl_main.obj
 0001:00008383       _CL_ConnectionlessPacket   00409383 f   cl_main.obj
 0001:000086e2       _CL_ReadPackets            004096e2 f   cl_main.obj
 0001:00008827       _CL_FixUpGender            00409827 f   cl_main.obj
 0001:000088d7       _CL_Userinfo_f             004098d7 f   cl_main.obj
 0001:000088ef       _CL_Snd_Restart_f          004098ef f   cl_main.obj
 0001:000088fe       _CL_RequestNextDownload    004098fe f   cl_main.obj
 0001:00008f3f       _CL_Precache_f             00409f3f f   cl_main.obj
 0001:00008fa3       _CL_WriteConfiguration     00409fa3 f   cl_main.obj
 0001:0000905e       _CL_WriteConfig_f          0040a05e f   cl_main.obj
 0001:000090bd       _CL_InitLocal              0040a0bd f   cl_main.obj
 0001:000092f3       _CL_FixCvarCheats          0040a2f3 f   cl_main.obj
 0001:00009344       _CL_Frame                  0040a344 f   cl_main.obj
 0001:000095c8       _CL_Init                   0040a5c8 f   cl_main.obj
 0001:00009658       _CL_Shutdown               0040a658 f   cl_main.obj
 0001:000096a1       _CL_Flashlight             0040a6a1 f   cl_newfx.obj
 0001:000096db       _CL_ColorFlash             0040a6db f   cl_newfx.obj
 0001:00009717       _CL_DebugTrail             0040a717 f   cl_newfx.obj
 0001:000097f7       _CL_ForceWall              0040a7f7 f   cl_newfx.obj
 0001:0000991e       _CL_BubbleTrail2           0040a91e f   cl_newfx.obj
 0001:00009a48       _CL_Heatbeam               0040aa48 f   cl_newfx.obj
 0001:00009cf9       _CL_ParticleSteamEffect    0040acf9 f   cl_newfx.obj
 0001:00009e23       _CL_ParticleSteamEffect2   0040ae23 f   cl_newfx.obj
 0001:00009f5a       _CL_TrackerTrail           0040af5a f   cl_newfx.obj
 0001:0000a1bd       _CL_Tracker_Shell          0040b1bd f   cl_newfx.obj
 0001:0000a246       _CL_MonsterPlasma_Shell    0040b246 f   cl_newfx.obj
 0001:0000a2cc       _CL_Widowbeamout           0040b2cc f   cl_newfx.obj
 0001:0000a388       _CL_Nukeblast              0040b388 f   cl_newfx.obj
 0001:0000a444       _CL_WidowSplash            0040b444 f   cl_newfx.obj
 0001:0000a50c       _CL_TagTrail               0040b50c f   cl_newfx.obj
 0001:0000a60c       _CL_ColorExplosionParticles 0040b60c f   cl_newfx.obj
 0001:0000a6b9       _CL_ParticleSmokeEffect    0040b6b9 f   cl_newfx.obj
 0001:0000a7e1       _CL_BlasterParticles2      0040b7e1 f   cl_newfx.obj
 0001:0000a8ae       _CL_BlasterTrail2          0040b8ae f   cl_newfx.obj
 0001:0000a9a1       _CL_DownloadFileName       0040b9a1 f   cl_parse.obj
 0001:0000a9e0       _CL_CheckOrDownloadFile    0040b9e0 f   cl_parse.obj
 0001:0000ac1b       _CL_Download_f             0040bc1b f   cl_parse.obj
 0001:0000ace6       _CL_RegisterSounds         0040bce6 f   cl_parse.obj
 0001:0000ad25       _CL_ParseDownload          0040bd25 f   cl_parse.obj
 0001:0000ae92       _CL_ParseServerData        0040be92 f   cl_parse.obj
 0001:0000af93       _CL_ParseBaseline          0040bf93 f   cl_parse.obj
 0001:0000afdb       _CL_LoadClientinfo         0040bfdb f   cl_parse.obj
 0001:0000b2c5       _CL_ParseClientinfo        0040c2c5 f   cl_parse.obj
 0001:0000b2e9       _CL_ParseConfigString      0040c2e9 f   cl_parse.obj
 0001:0000b483       _CL_ParseStartSoundPacket  0040c483 f   cl_parse.obj
 0001:0000b582       _CL_ParseServerMessage     0040c582 f   cl_parse.obj
 0001:0000b8d8       _CL_CheckPredictionError   0040c8d8 f   cl_pred.obj
 0001:0000ba7e       _CL_EntityTrace            0040ca7e f   cl_pred.obj
 0001:0000be3a       _CL_Trace                  0040ce3a f   cl_pred.obj
 0001:0000bebc       _CL_PMpointcontents        0040cebc f   cl_pred.obj
 0001:0000c046       _CL_PredictMovement        0040d046 f   cl_pred.obj
 0001:0000c3ea       _CL_AddNetgraph            0040d3ea f   cl_scrn.obj
 0001:0000c4c4       _SCR_DebugGraph            0040d4c4 f   cl_scrn.obj
 0001:0000c4ec       _SCR_CenterPrint           0040d4ec f   cl_scrn.obj
 0001:0000c5f0       _SCR_DrawCenterString      0040d5f0 f   cl_scrn.obj
 0001:0000c6be       _SCR_Sky_f                 0040d6be f   cl_scrn.obj
 0001:0000c769       _SCR_Init                  0040d769 f   cl_scrn.obj
 0001:0000c7b0       _SCR_SetLevelshot          0040d7b0 f   cl_scrn.obj
 0001:0000c839       _SCR_SetLevelshot2         0040d839 f   cl_scrn.obj
 0001:0000c893       _SCR_ShowConsole           0040d893 f   cl_scrn.obj
 0001:0000c970       _SCR_BeginLoadingPlaque    0040d970 f   cl_scrn.obj
 0001:0000c9ff       _SCR_EndLoadingPlaque      0040d9ff f   cl_scrn.obj
 0001:0000ca8a       _SCR_Loading_f             0040da8a f   cl_scrn.obj
 0001:0000ca8f       _SCR_TimeRefresh_f         0040da8f f   cl_scrn.obj
 0001:0000cb66       _SCR_TileClear             0040db66 f   cl_scrn.obj
 0001:0000cc0b       _DrawHUDString             0040dc0b f   cl_scrn.obj
 0001:0000ccbd       _SCR_DrawField             0040dcbd f   cl_scrn.obj
 0001:0000cd64       _SCR_TouchPics             0040dd64 f   cl_scrn.obj
 0001:0000cdf7       _SCR_ExecuteLayoutString   0040ddf7 f   cl_scrn.obj
 0001:0000d5b9       _SCR_UpdateScreen          0040e5b9 f   cl_scrn.obj
 0001:0000dd62       _CL_RegisterTEntSounds     0040ed62 f   cl_tent.obj
 0001:0000df9a       _CL_RegisterTEntModels     0040ef9a f   cl_tent.obj
 0001:0000e120       _CL_ClearTEnts             0040f120 f   cl_tent.obj
 0001:0000e167       _CL_AllocExplosion         0040f167 f   cl_tent.obj
 0001:0000e205       _CL_AddExplosions          0040f205 f   cl_tent.obj
 0001:0000e3da       _CL_SmokeAndFlash          0040f3da f   cl_tent.obj
 0001:0000e422       _CL_ParseBeam              0040f422 f   cl_tent.obj
 0001:0000e501       _CL_ParseBeam2             0040f501 f   cl_tent.obj
 0001:0000e5d8       _CL_ParsePlayerBeam        0040f5d8 f   cl_tent.obj
 0001:0000e6e6       _CL_ParseLightning         0040f6e6 f   cl_tent.obj
 0001:0000e7b2       _CL_ParseLaser             0040f7b2 f   cl_tent.obj
 0001:0000e82e       _CL_ParseSteam             0040f82e f   cl_tent.obj
 0001:0000e93f       _CL_ParseWidow             0040f93f f   cl_tent.obj
 0001:0000e9ab       _CL_ParseNuke              0040f9ab f   cl_tent.obj
 0001:0000ea15       _CL_ParseTEnt              0040fa15 f   cl_tent.obj
 0001:0000f837       _CL_AddBeams               00410837 f   cl_tent.obj
 0001:0000fb78       _CL_AddPlayerBeams         00410b78 f   cl_tent.obj
 0001:0001026d       _CL_ProcessSustain         0041126d f   cl_tent.obj
 0001:000102ae       _CL_AddTEnts               004112ae f   cl_tent.obj
 0001:000102c2       _V_AddEntity               004112c2 f   cl_view.obj
 0001:000102f1       _V_AddLight                004112f1 f   cl_view.obj
 0001:00010336       _V_TestParticles           00411336 f   cl_view.obj
 0001:000103f4       _V_TestEntities            004113f4 f   cl_view.obj
 0001:00010496       _V_TestLights              00411496 f   cl_view.obj
 0001:00010569       _CL_PrepRefresh            00411569 f   cl_view.obj
 0001:0001082a       _CalcFov                   0041182a f   cl_view.obj
 0001:000108a1       _V_Gun_Next_f              004118a1 f   cl_view.obj
 0001:000108ba       _V_Gun_Prev_f              004118ba f   cl_view.obj
 0001:000108dc       _V_Gun_Model_f             004118dc f   cl_view.obj
 0001:00010910       _SCR_DrawCrosshair         00411910 f   cl_view.obj
 0001:00010985       _V_RenderView              00411985 f   cl_view.obj
 0001:00011562       _V_Init                    00412562 f   cl_view.obj
 0001:00011777       _Cbuf_Init                 00412777 f   cmd.obj
 0001:0001178f       _Cbuf_AddText              0041278f f   cmd.obj
 0001:000117f4       _Cbuf_InsertText           004127f4 f   cmd.obj
 0001:0001185b       _Cbuf_CopyToDefer          0041285b f   cmd.obj
 0001:00011887       _Cbuf_InsertFromDefer      00412887 f   cmd.obj
 0001:0001189a       _Cbuf_Execute              0041289a f   cmd.obj
 0001:00011980       _Cmd_Exec_f                00412980 f   cmd.obj
 0001:00011a05       _Cmd_Echo_f                00412a05 f   cmd.obj
 0001:00011a47       _Cmd_Alias_f               00412a47 f   cmd.obj
 0001:00011b6e       _Cmd_Unalias_f             00412b6e f   cmd.obj
 0001:00011bfa       _Cmd_WriteAliases          00412bfa f   cmd.obj
 0001:00011c2b       _Cmd_Argc                  00412c2b f   cmd.obj
 0001:00011c31       _Cmd_Argv                  00412c31 f   cmd.obj
 0001:00011c4b       _Cmd_Args                  00412c4b f   cmd.obj
 0001:00011c51       _Cmd_TokenizeString        00412c51 f   cmd.obj
 0001:00011f2e       _Cmd_AddCommand            00412f2e f   cmd.obj
 0001:00011f96       _Cmd_RemoveCommand         00412f96 f   cmd.obj
 0001:00011fd8       _Cmd_ExecuteString         00412fd8 f   cmd.obj
 0001:00012140       _Cmd_Init                  00413140 f   cmd.obj
 0001:00012260       _CMod_GetSurfMaterial      00413260 f   cmodel.obj
 0001:000122bd       _CM_LoadMap                004132bd f   cmodel.obj
 0001:0001290f       _PlaneTypeForNormal        0041390f f i cmodel.obj
 0001:00012a80       _CM_InlineModel            00413a80 f   cmodel.obj
 0001:00012ac9       _CM_NumClusters            00413ac9 f   cmodel.obj
 0001:00012acf       _CM_NumInlineModels        00413acf f   cmodel.obj
 0001:00012ad5       _CM_EntityString           00413ad5 f   cmodel.obj
 0001:00012adb       _CM_LeafContents           00413adb f   cmodel.obj
 0001:00012b02       _CM_LeafCluster            00413b02 f   cmodel.obj
 0001:00012b75       _CM_LeafArea               00413b75 f   cmodel.obj
 0001:00012b9d       _CM_InitBoxHull            00413b9d f   cmodel.obj
 0001:00012d2d       _CM_HeadnodeForBox         00413d2d f   cmodel.obj
 0001:00012de2       _CM_PointLeafnum           00413de2 f   cmodel.obj
 0001:00012e8d       _DISTANCE_TO_PLANE         00413e8d f i cmodel.obj
 0001:00012ed5       _CM_PointContents          00413ed5 f   cmodel.obj
 0001:00012f4b       _CM_TransformedPointContents 00413f4b f   cmodel.obj
 0001:00013084       _CM_TransformedPointContents2 00414084 f   cmodel.obj
 0001:00013175       _CM_BoxLeafnums            00414175 f   cmodel.obj
 0001:00013294       _BOX_ON_PLANE_SIDE         00414294 f i cmodel.obj
 0001:00013319       _CM_BoxTrace               00414319 f   cmodel.obj
 0001:00013d69       _CM_TransformedBoxTrace    00414d69 f   cmodel.obj
 0001:0001403c       _CM_TransformedBoxTrace2   0041503c f   cmodel.obj
 0001:00014251       _CM_BrushTrace             00415251 f   cmodel.obj
 0001:00014670       _CM_RefineBrushTrace       00415670 f   cmodel.obj
 0001:00014715       _CM_DecompressVis          00415715 f   cmodel.obj
 0001:0001479e       _CM_ClusterPVS             0041579e f   cmodel.obj
 0001:0001483a       _CM_ClusterPHS             0041583a f   cmodel.obj
 0001:000148d6       _FloodAreaConnections      004158d6 f   cmodel.obj
 0001:0001498d       _CM_SetAreaPortalState     0041598d f   cmodel.obj
 0001:000149b6       _CM_AreasConnected         004159b6 f   cmodel.obj
 0001:00014a01       _CM_WriteAreaBits          00415a01 f   cmodel.obj
 0001:00014a91       _CM_WritePortalState       00415a91 f   cmodel.obj
 0001:00014aab       _CM_ReadPortalState        00415aab f   cmodel.obj
 0001:00014ac9       _CM_HeadnodeVisible        00415ac9 f   cmodel.obj
 0001:00014b9e       _Com_BeginRedirect         00415b9e f   common.obj
 0001:00014bdb       _Com_EndRedirect           00415bdb f   common.obj
 0001:00014c06       _Com_Printf                00415c06 f   common.obj
 0001:00014db9       _Com_DPrintf               00415db9 f   common.obj
 0001:00014e36       _DebugPrintf               00415e36 f   common.obj
 0001:00014ee3       _Com_WPrintf               00415ee3 f   common.obj
 0001:00014f41       _Com_FatalError            00415f41 f   common.obj
 0001:00014fe6       _Com_DropError             00415fe6 f   common.obj
 0001:0001506a       _appUnwindPrefix           0041606a f   common.obj
 0001:000150c2       _appUnwindThrow            004160c2 f   common.obj
 0001:0001514a       _Com_ResetErrorState       0041614a f   common.obj
 0001:0001515f       _Com_Quit                  0041615f f   common.obj
 0001:00015192       _MatchWildcard             00416192 f   common.obj
 0001:000152e8       _MatchWildcard2            004162e8 f   common.obj
 0001:0001533d       _IPWildcard                0041633d f   common.obj
 0001:00015418       _Com_ServerState           00416418 f   common.obj
 0001:0001541e       _Com_SetServerState        0041641e f   common.obj
 0001:00015428       _MSG_WriteChar             00416428 f   common.obj
 0001:00015428       _MSG_WriteByte             00416428 f   common.obj
 0001:0001543c       _MSG_WriteShort            0041643c f   common.obj
 0001:00015456       _MSG_WriteLong             00416456 f   common.obj
 0001:00015480       _MSG_WriteFloat            00416480 f   common.obj
 0001:000154a6       _MSG_WriteString           004164a6 f   common.obj
 0001:000154de       _MSG_WriteCoord            004164de f   common.obj
 0001:0001550d       _MSG_WritePos              0041650d f   common.obj
 0001:0001558f       _MSG_WriteAngle            0041658f f   common.obj
 0001:000155b8       _MSG_WriteAngle16          004165b8 f   common.obj
 0001:000155ef       _MSG_WriteDeltaUsercmd     004165ef f   common.obj
 0001:00015777       _MSG_WriteDir              00416777 f   common.obj
 0001:000157e4       _MSG_ReadDir               004167e4 f   common.obj
 0001:00015819       _MSG_WriteDeltaEntity      00416819 f   common.obj
 0001:00015d1f       _MSG_BeginReading          00416d1f f   common.obj
 0001:00015d28       _MSG_ReadChar              00416d28 f   common.obj
 0001:00015d49       _MSG_ReadByte              00416d49 f   common.obj
 0001:00015d6a       _MSG_ReadShort             00416d6a f   common.obj
 0001:00015d9a       _MSG_ReadLong              00416d9a f   common.obj
 0001:00015dd9       _MSG_ReadString            00416dd9 f   common.obj
 0001:00015e0c       _MSG_ReadCoord             00416e0c f   common.obj
 0001:00015e26       _MSG_ReadPos               00416e26 f   common.obj
 0001:00015e78       _MSG_ReadAngle             00416e78 f   common.obj
 0001:00015e92       _MSG_ReadAngle16           00416e92 f   common.obj
 0001:00015eac       _MSG_ReadDeltaUsercmd      00416eac f   common.obj
 0001:00015f63       _MSG_ReadData              00416f63 f   common.obj
 0001:00015f86       _SZ_Init                   00416f86 f   common.obj
 0001:00015fa8       _SZ_Clear                  00416fa8 f   common.obj
 0001:00015fb5       _SZ_GetSpace               00416fb5 f   common.obj
 0001:00016012       _SZ_Write                  00417012 f   common.obj
 0001:00016033       _SZ_Insert                 00417033 f   common.obj
 0001:00016086       _SZ_Print                  00417086 f   common.obj
 0001:000160cf       _Info_Print                004170cf f   common.obj
 0001:0001618c       _COM_BlockSequenceCRCByte  0041718c f   common.obj
 0001:00016218       _frand                     00417218 f   common.obj
 0001:00016235       _crand                     00417235 f   common.obj
 0001:00016258       _COM_CheckCmdlineVar       00417258 f   common.obj
 0001:000162ae       _QCommon_Init              004172ae f   common.obj
 0001:00016685       _QCommon_Frame             00417685 f   common.obj
 0001:000169c1       _DrawStringCommon          004179c1 f   console.obj
 0001:00016a1b       _DrawString                00417a1b f   console.obj
 0001:00016a3b       _Con_ToggleConsole_f       00417a3b f   console.obj
 0001:00016a6d       _Con_ClearNotify           00417a6d f   console.obj
 0001:00016a7f       _Con_CheckResize           00417a7f f   console.obj
 0001:00016ba5       _Con_Print                 00417ba5 f   console.obj
 0001:00016ea9       _Con_DrawNotify            00417ea9 f   console.obj
 0001:000170e2       _Con_DrawConsole           004180e2 f   console.obj
 0001:000176a5       _Key_Console               004186a5 f   console.obj
 0001:00017c2f       _Key_Message               00418c2f f   console.obj
 0001:00017ccb       _Con_Init                  00418ccb f   console.obj
 0001:00017e94       _CRC_Block                 00418e94 f   crc.obj
 0001:00017ed0       _Cvar_VariableValue        00418ed0 f   cvar.obj
 0001:00017f3e       _Cvar_VariableInt          00418f3e f   cvar.obj
 0001:00017f51       _Cvar_VariableString       00418f51 f   cvar.obj
 0001:00017f69       _Cvar_Get                  00418f69 f   cvar.obj
 0001:00018205       _Cvar_GetVars              00419205 f   cvar.obj
 0001:00018259       _Cvar_FullSet              00419259 f   cvar.obj
 0001:000182b6       _Cvar_SetValue             004192b6 f   cvar.obj
 0001:00018517       _Cvar_SetInteger           00419517 f   cvar.obj
 0001:00018539       _Cvar_Set                  00419539 f   cvar.obj
 0001:0001854e       _Cvar_ForceSet             0041954e f   cvar.obj
 0001:00018563       _Cvar_Clamp                00419563 f   cvar.obj
 0001:000185ed       _Cvar_ClampName            004195ed f   cvar.obj
 0001:0001863e       _Cvar_GetLatchedVars       0041963e f   cvar.obj
 0001:0001866d       _Cvar_Command              0041966d f   cvar.obj
 0001:00018719       _Cvar_WriteVariables       00419719 f   cvar.obj
 0001:000187ac       _Cvar_BitInfo              004197ac f   cvar.obj
 0001:000187e5       _Cvar_Userinfo             004197e5 f   cvar.obj
 0001:000187ee       _Cvar_Serverinfo           004197ee f   cvar.obj
 0001:000187f7       _Cvar_Cheats               004197f7 f   cvar.obj
 0001:00018850       _Cvar_Init                 00419850 f   cvar.obj
 0001:00018ef7       _FS_CreatePath             00419ef7 f   files.obj
 0001:00018f41       _FS_CopyFile               00419f41 f   files.obj
 0001:00019044       _FS_CopyFiles              0041a044 f   files.obj
 0001:0001911d       _FS_RemoveFiles            0041a11d f   files.obj
 0001:00019191       _Developer_searchpath      0041a191 f   files.obj
 0001:000191d6       _FS_FCloseFile             0041a1d6 f   files.obj
 0001:00019268       _FS_FOpenFile              0041a268 f   files.obj
 0001:00019790       _FS_FileExists             0041a790 f   files.obj
 0001:000199cc       _FS_Read                   0041a9cc f   files.obj
 0001:00019c09       _FS_LoadFile               0041ac09 f   files.obj
 0001:00019c6b       _FS_FreeFile               0041ac6b f   files.obj
 0001:00019c76       _FS_Gamedir                0041ac76 f   files.obj
 0001:00019c8a       _FS_LoadGameConfig         0041ac8a f   files.obj
 0001:00019d4f       _FS_SetGamedir             0041ad4f f   files.obj
 0001:0001a3f4       _FS_ListFiles              0041b3f4 f   files.obj
 0001:0001a702       _FS_NextPath               0041b702 f   files.obj
 0001:0001a726       _FS_InitFilesystem         0041b726 f   files.obj
 0001:0001b0ef       _LoadPCX                   0041c0ef f   images.obj
 0001:0001b224       _LoadTGA                   0041c224 f   images.obj
 0001:0001b413       _LoadJPG                   0041c413 f   images.obj
 0001:0001b6a1       _ImageExists               0041c6a1 f   images.obj
 0001:0001b79b       _WriteTGA                  0041c79b f   images.obj
 0001:0001b98c       _WriteJPG                  0041c98c f   images.obj
 0001:0001bab4       _IN_MLookDown              0041cab4 f   in_win.obj
 0001:0001babf       _IN_MLookUp                0041cabf f   in_win.obj
 0001:0001bae2       _IN_MouseEvent             0041cae2 f   in_win.obj
 0001:0001bb4c       _IN_Commands               0041cb4c f   in_win.obj
 0001:0001bc7b       _IN_Init                   0041cc7b f   in_win.obj
 0001:0001bf6f       _IN_Shutdown               0041cf6f f   in_win.obj
 0001:0001c053       _IN_Move                   0041d053 f   in_win.obj
 0001:0001c5ad       _IN_Activate               0041d5ad f   in_win.obj
 0001:0001c5c4       _IN_Frame                  0041d5c4 f   in_win.obj
 0001:0001c990       _Key_KeynumToString        0041d990 f   keys.obj
 0001:0001ca2a       _CompleteCommand           0041da2a f   keys.obj
 0001:0001d3b0       _Key_SetBinding            0041e3b0 f   keys.obj
 0001:0001d3ee       _Key_FindBinding           0041e3ee f   keys.obj
 0001:0001d43c       _Key_WriteBindings         0041e43c f   keys.obj
 0001:0001d484       _Key_Init                  0041e484 f   keys.obj
 0001:0001d7b0       _Key_Event                 0041e7b0 f   keys.obj
 0001:0001db01       _Key_ClearStates           0041eb01 f   keys.obj
 0001:0001db38       _Key_ClearTyping           0041eb38 f   keys.obj
 0001:0001db51       _MD4Init                   0041eb51 f   md4.obj
 0001:0001db79       _MD4Update                 0041eb79 f   md4.obj
 0001:0001dc17       _MD4Final                  0041ec17 f   md4.obj
 0001:0001e308       _Com_BlockChecksum         0041f308 f   md4.obj
 0001:0001e344       _Z_Free                    0041f344 f   memory.obj
 0001:0001e39c       _Z_FreeTags                0041f39c f   memory.obj
 0001:0001e3cc       _Z_TagMalloc               0041f3cc f   memory.obj
 0001:0001e43b       _Z_Malloc                  0041f43b f   memory.obj
 0001:0001e45d       _Z_BlockMalloc             0041f45d f   memory.obj
 0001:0001e478       _CreateMemoryChain         0041f478 f   memory.obj
 0001:0001e4de       _FreeMemoryChain           0041f4de f   memory.obj
 0001:0001e508       _AllocChainBlock           0041f508 f   memory.obj
 0001:0001e553       _CopyString                0041f553 f   memory.obj
 0001:0001e57a       _ChainCopyString           0041f57a f   memory.obj
 0001:0001e5a2       _AllocNamedStruc           0041f5a2 f   memory.obj
 0001:0001e5e0       _ChainAllocNamedStruc      0041f5e0 f   memory.obj
 0001:0001e61f       _FindNamedStruc            0041f61f f   memory.obj
 0001:0001e663       _FindNamedStrucByIndex     0041f663 f   memory.obj
 0001:0001e67a       _IndexOfNamedStruc         0041f67a f   memory.obj
 0001:0001e6a8       _AddToNamedList            0041f6a8 f   memory.obj
 0001:0001e6f2       _ChainAddToNamedList       0041f6f2 f   memory.obj
 0001:0001e73c       _FreeNamedList             0041f73c f   memory.obj
 0001:0001e757       _Z_Init                    0041f757 f   memory.obj
 0001:0001e792       _M_PushMenu                0041f792 f   menu.obj
 0001:0001e827       _M_ForceMenuOff            0041f827 f   menu.obj
 0001:0001e85a       _M_ForceMenuOn             0041f85a f   menu.obj
 0001:0001e873       _M_PopMenu                 0041f873 f   menu.obj
 0001:0001e8c4       _Default_MenuKey           0041f8c4 f   menu.obj
 0001:0001e9e4       _M_Print                   0041f9e4 f   menu.obj
 0001:0001ea2f       _M_DrawTextBox             0041fa2f f   menu.obj
 0001:0001ec1b       _M_Main_Draw               0041fc1b f   menu.obj
 0001:0001ed9f       _M_Main_Key                0041fd9f f   menu.obj
 0001:0001ee99       _M_Menu_Main_f             0041fe99 f   menu.obj
 0001:0001eeba       _M_Menu_Multiplayer_f      0041feba f   menu.obj
 0001:0001f092       _M_Menu_Keys_f             00420092 f   menu.obj
 0001:0001f511       _M_Menu_Options_f          00420511 f   menu.obj
 0001:0001fe1c       _M_Menu_Video_f            00420e1c f   menu.obj
 0001:0001fe3d       _M_Menu_Credits_f          00420e3d f   menu.obj
 0001:00020002       _M_Menu_Game_f             00421002 f   menu.obj
 0001:00020275       _M_Menu_LoadGame_f         00421275 f   menu.obj
 0001:00020545       _M_Menu_SaveGame_f         00421545 f   menu.obj
 0001:000206a5       _M_AddToServerList         004216a5 f   menu.obj
 0001:00020718       _M_Menu_JoinServer_f       00421718 f   menu.obj
 0001:00020980       _M_Menu_StartServer_f      00421980 f   menu.obj
 0001:000211ab       _M_Menu_DMOptions_f        004221ab f   menu.obj
 0001:0002192b       _M_Menu_DownloadOptions_f  0042292b f   menu.obj
 0001:00021bad       _M_Menu_AddressBook_f      00422bad f   menu.obj
 0001:00022f9e       _M_Init                    00423f9e f   menu.obj
 0001:000230c2       _M_Draw                    004240c2 f   menu.obj
 0001:0002314c       _M_Keydown                 0042414c f   menu.obj
 0001:00023168       _LoadQ2BspFile             00424168 f   model.obj
 0001:00023730       _LoadBspFile               00424730 f   model.obj
 0001:000238e8       _ProcessEntstring          004248e8 f   model.obj
 0001:00024758       _Netchan_Init              00425758 f   net_chan.obj
 0001:000247b8       _Netchan_OutOfBand         004257b8 f   net_chan.obj
 0001:00024818       _Netchan_OutOfBandPrint    00425818 f   net_chan.obj
 0001:0002485d       _Netchan_Setup             0042585d f   net_chan.obj
 0001:000248ba       _Netchan_NeedReliable      004258ba f   net_chan.obj
 0001:000248e6       _Netchan_Transmit          004258e6 f   net_chan.obj
 0001:00024a8b       _Netchan_Process           00425a8b f   net_chan.obj
 0001:00024bb2       _NetadrToSockadr           00425bb2 f   net_wins.obj
 0001:00024c54       _SockadrToNetadr           00425c54 f   net_wins.obj
 0001:00024cb7       _NET_CompareAdr            00425cb7 f   net_wins.obj
 0001:00024d1d       _NET_CompareBaseAdr        00425d1d f   net_wins.obj
 0001:00024d76       _NET_AdrToString           00425d76 f   net_wins.obj
 0001:00024e2f       _NET_StringToSockaddr      00425e2f f   net_wins.obj
 0001:00025068       _NET_StringToAdr           00426068 f   net_wins.obj
 0001:000250c1       _NET_IsLocalAddress        004260c1 f   net_wins.obj
 0001:000250cd       _NET_GetLoopPacket         004260cd f   net_wins.obj
 0001:00025154       _NET_SendLoopPacket        00426154 f   net_wins.obj
 0001:000251a0       _NET_GetPacket             004261a0 f   net_wins.obj
 0001:000252be       _NET_SendPacket            004262be f   net_wins.obj
 0001:00025396       _NET_IPSocket              00426396 f   net_wins.obj
 0001:000254ac       _NET_OpenIP                004264ac f   net_wins.obj
 0001:00025528       _NET_OpenIPX               00426528 f   net_wins.obj
 0001:00025680       _NET_Config                00426680 f   net_wins.obj
 0001:00025713       _NET_Init                  00426713 f   net_wins.obj
 0001:0002577a       _Pmove                     0042677a f   pmove.obj
 0001:00027510       _NormalizeColor            00428510 f   q_shared2.obj
 0001:00027571       _NormalizeColor255         00428571 f   q_shared2.obj
 0001:000275d6       _Q_rsqrt                   004285d6 f   q_shared2.obj
 0001:00027606       _RotatePointAroundVector   00428606 f   q_shared2.obj
 0001:00027776       _AngleVectors              00428776 f   q_shared2.obj
 0001:000278d7       _ProjectPointOnPlane       004288d7 f   q_shared2.obj
 0001:00027956       _PerpendicularVector       00428956 f   q_shared2.obj
 0001:000279d5       _MakeNormalVectors         004289d5 f   q_shared2.obj
 0001:00027a3c       _MatrixMultiply            00428a3c f   q_shared2.obj
 0001:00027b23       _SetPlaneSignbits          00428b23 f   q_shared2.obj
 0001:00027b46       _LerpAngle                 00428b46 f   q_shared2.obj
 0001:00027b89       _anglemod                  00428b89 f   q_shared2.obj
 0001:00027bb5       _BoxOnPlaneSide            00428bb5 f   q_shared2.obj
 0001:00027cd8       _ClearBounds               00428cd8 f   q_shared2.obj
 0001:00027d01       _AddPointToBounds          00428d01 f   q_shared2.obj
 0001:00027d3a       _VectorCompare             00428d3a f   q_shared2.obj
 0001:00027d68       _VectorNormalize           00428d68 f   q_shared2.obj
 0001:00027dbc       _VectorNormalize2          00428dbc f   q_shared2.obj
 0001:00027e14       _VectorNormalizeFast       00428e14 f   q_shared2.obj
 0001:00027e65       _CrossProduct              00428e65 f   q_shared2.obj
 0001:00027ea0       _VectorLength              00428ea0 f   q_shared2.obj
 0001:00027ecf       _VectorDistance            00428ecf f   q_shared2.obj
 0001:00027f00       _VectorInverse             00428f00 f   q_shared2.obj
 0001:00027f1b       _VectorScale               00428f1b f   q_shared2.obj
 0001:00027f3f       _AnglesToAxis              00428f3f f   q_shared2.obj
 0001:00027f7d       _COM_FilePath              00428f7d f   q_shared2.obj
 0001:00027fb3       _ShortSwap                 00428fb3 f   q_shared2.obj
 0001:00027fc8       _va                        00428fc8 f   q_shared2.obj
 0001:00028015       _COM_ParseExt              00429015 f   q_shared2.obj
 0001:0002811e       _COM_QuoteString           0042911e f   q_shared2.obj
 0001:00028179       _Com_PageInMemory          00429179 f   q_shared2.obj
 0001:00028198       _Q_stricmp                 00429198 f   q_shared2.obj
 0001:000281a9       _Q_strncasecmp             004291a9 f   q_shared2.obj
 0001:00028201       _Q_strcasecmp              00429201 f   q_shared2.obj
 0001:00028217       _Q_strncpyz                00429217 f   q_shared2.obj
 0001:0002823b       _Q_strncpylower            0042923b f   q_shared2.obj
 0001:00028275       _Q_CopyFilename            00429275 f   q_shared2.obj
 0001:00028311       _Com_sprintf               00429311 f   q_shared2.obj
 0001:00028357       _Info_ValueForKey          00429357 f   q_shared2.obj
 0001:000283e2       _Info_RemoveKey            004293e2 f   q_shared2.obj
 0001:00028468       _Info_SetValueForKey       00429468 f   q_shared2.obj
 0001:000285a6       _Menu_ItemAtCursor         004295a6 f   qmenu.obj
 0001:000285fd       _Field_Key                 004295fd f   qmenu.obj
 0001:0002886d       _Menu_AddItem              0042986d f   qmenu.obj
 0001:000288e8       _Menu_AdjustCursor         004298e8 f   qmenu.obj
 0001:00028a33       _Menu_Center               00429a33 f   qmenu.obj
 0001:00028a73       _Menu_DrawDotsItem         00429a73 f   qmenu.obj
 0001:00028ab2       _Menu_Draw                 00429ab2 f   qmenu.obj
 0001:00028fcd       _Menu_SelectItem           00429fcd f   qmenu.obj
 0001:00029001       _Menu_SetStatusBar         0042a001 f   qmenu.obj
 0001:0002900d       _Menu_SlideItem            0042a00d f   qmenu.obj
 0001:00029524       _S_SoundInfo_f             0042a524 f   snd_dma.obj
 0001:000295ae       _S_ReadModelsSex           0042a5ae f   snd_dma.obj
 0001:00029696       _S_IsFemale                0042a696 f   snd_dma.obj
 0001:00029724       _S_Init                    0042a724 f   snd_dma.obj
 0001:000297f7       _S_Shutdown                0042a7f7 f   snd_dma.obj
 0001:00029881       _S_FindName                0042a881 f   snd_dma.obj
 0001:00029963       _S_AliasName               0042a963 f   snd_dma.obj
 0001:000299ec       _S_BeginRegistration       0042a9ec f   snd_dma.obj
 0001:000299fd       _S_RegisterSound           0042a9fd f   snd_dma.obj
 0001:00029a63       _S_EndRegistration         0042aa63 f   snd_dma.obj
 0001:00029af6       _S_PickChannel             0042aaf6 f   snd_dma.obj
 0001:00029b8a       _S_SpatializeOrigin        0042ab8a f   snd_dma.obj
 0001:00029cb1       _S_Spatialize              0042acb1 f   snd_dma.obj
 0001:00029d22       _S_AllocPlaysound          0042ad22 f   snd_dma.obj
 0001:00029d41       _S_FreePlaysound           0042ad41 f   snd_dma.obj
 0001:00029d71       _S_IssuePlaysound          0042ad71 f   snd_dma.obj
 0001:00029e3e       _S_RegisterSexedSound      0042ae3e f   snd_dma.obj
 0001:00029f22       _S_StartSound              0042af22 f   snd_dma.obj
 0001:0002a0f1       _S_StartLocalSound         0042b0f1 f   snd_dma.obj
 0001:0002a140       _S_ClearBuffer             0042b140 f   snd_dma.obj
 0001:0002a198       _S_StopAllSounds           0042b198 f   snd_dma.obj
 0001:0002a213       _S_AddLoopSounds           0042b213 f   snd_dma.obj
 0001:0002a3e5       _S_RawSamples              0042b3e5 f   snd_dma.obj
 0001:0002a5e9       _S_Update                  0042b5e9 f   snd_dma.obj
 0001:0002a6e4       _GetSoundtime              0042b6e4 f   snd_dma.obj
 0001:0002a74b       _S_Update_                 0042b74b f   snd_dma.obj
 0001:0002a7f1       _S_Play                    0042b7f1 f   snd_dma.obj
 0001:0002a962       _ResampleSfx               0042b962 f   snd_mem.obj
 0001:0002aa7a       _S_LoadSound               0042ba7a f   snd_mem.obj
 0001:0002aba3       _FindNextChunk             0042bba3 f   snd_mem.obj
 0001:0002ac2d       _GetWavinfo                0042bc2d f   snd_mem.obj
 0001:0002ae1a       _S_WriteLinearBlastStereo16 0042be1a f   snd_mix.obj
 0001:0002ae8e       _S_TransferStereo16        0042be8e f   snd_mix.obj
 0001:0002aef7       _S_TransferPaintBuffer     0042bef7 f   snd_mix.obj
 0001:0002b053       _S_PaintChannels           0042c053 f   snd_mix.obj
 0001:0002b280       _S_InitScaletable          0042c280 f   snd_mix.obj
 0001:0002b2d4       _S_PaintChannelFrom8       0042c2d4 f   snd_mix.obj
 0001:0002b3d6       _S_PaintChannelFrom16      0042c3d6 f   snd_mix.obj
 0001:0002b441       _FreeSound                 0042c441 f   snd_win.obj
 0001:0002b551       _SNDDMA_InitDirect         0042c551 f   snd_win.obj
 0001:0002ba23       _SNDDMA_Init               0042ca23 f   snd_win.obj
 0001:0002ba9f       _SNDDMA_GetDMAPos          0042ca9f f   snd_win.obj
 0001:0002bae9       _SNDDMA_BeginPainting      0042cae9 f   snd_win.obj
 0001:0002bbeb       _SNDDMA_Submit             0042cbeb f   snd_win.obj
 0001:0002bc10       _SNDDMA_Shutdown           0042cc10 f   snd_win.obj
 0001:0002bc15       _S_Activate                0042cc15 f   snd_win.obj
 0001:0002bc40       _SV_SetMaster_f            0042cc40 f   sv_ccmds.obj
 0001:0002bd52       _SV_WipeSavegame           0042cd52 f   sv_ccmds.obj
 0001:0002bd80       _SV_CopySaveGame           0042cd80 f   sv_ccmds.obj
 0001:0002bdd5       _SV_WriteLevelFile         0042cdd5 f   sv_ccmds.obj
 0001:0002be83       _SV_ReadLevelFile          0042ce83 f   sv_ccmds.obj
 0001:0002bf31       _SV_WriteServerFile        0042cf31 f   sv_ccmds.obj
 0001:0002c16d       _SV_ReadServerFile         0042d16d f   sv_ccmds.obj
 0001:0002c292       _SV_DemoMap_f              0042d292 f   sv_ccmds.obj
 0001:0002c31c       _SV_GameMap_f              0042d31c f   sv_ccmds.obj
 0001:0002c48e       _SV_Map_f                  0042d48e f   sv_ccmds.obj
 0001:0002c4fb       _SV_Loadgame_f             0042d4fb f   sv_ccmds.obj
 0001:0002c600       _SV_Savegame_f             0042d600 f   sv_ccmds.obj
 0001:0002c705       _SV_AddressBanned          0042d705 f   sv_ccmds.obj
 0001:0002c747       _SV_InitOperatorCommands   0042d747 f   sv_ccmds.obj
 0001:0002d0e6       _SV_WritePlayerstateToClient 0042e0e6 f   sv_ents.obj
 0001:0002d60a       _SV_WriteFrameToClient     0042e60a f   sv_ents.obj
 0001:0002d834       _SV_FatPVS                 0042e834 f   sv_ents.obj
 0001:0002d95e       _SV_BuildClientFrame       0042e95e f   sv_ents.obj
 0001:0002dc6e       _SV_RecordDemoMessage      0042ec6e f   sv_ents.obj
 0001:0002e607       _SV_InitGameProgs          0042f607 f   sv_game.obj
 0001:0002e6ba       _SV_ShutdownGameProgs      0042f6ba f   sv_game.obj
 0001:0002e723       _SV_FindIndex              0042f723 f   sv_init.obj
 0001:0002e826       _SV_ModelIndex             0042f826 f   sv_init.obj
 0001:0002e83c       _SV_SoundIndex             0042f83c f   sv_init.obj
 0001:0002e855       _SV_ImageIndex             0042f855 f   sv_init.obj
 0001:0002e86e       _SV_CreateBaseline         0042f86e f   sv_init.obj
 0001:0002e8cc       _SV_CheckForSavegame       0042f8cc f   sv_init.obj
 0001:0002e954       _SV_SpawnServer            0042f954 f   sv_init.obj
 0001:0002ec26       _SV_InitGame               0042fc26 f   sv_init.obj
 0001:0002ee63       _SV_Map                    0042fe63 f   sv_init.obj
 0001:0002f02b       _SV_DropClient             0043002b f   sv_main.obj
 0001:0002f0a0       _SV_StatusString           004300a0 f   sv_main.obj
 0001:0002f17f       _SVC_Info                  0043017f f   sv_main.obj
 0001:0002f255       _SVC_GetChallenge          00430255 f   sv_main.obj
 0001:0002f2fd       _SVC_DirectConnect         004302fd f   sv_main.obj
 0001:0002f769       _Rcon_Validate             00430769 f   sv_main.obj
 0001:0002f79a       _SVC_RemoteCommand         0043079a f   sv_main.obj
 0001:0002f86c       _SV_ConnectionlessPacket   0043086c f   sv_main.obj
 0001:0002f9ce       _SV_CalcPings              004309ce f   sv_main.obj
 0001:0002fa55       _SV_GiveMsec               00430a55 f   sv_main.obj
 0001:0002fa94       _SV_ReadPackets            00430a94 f   sv_main.obj
 0001:0002fbde       _SV_CheckTimeouts          00430bde f   sv_main.obj
 0001:0002fc9e       _SV_PostprocessFrame       00430c9e f   sv_main.obj
 0001:00030174       _SV_MulticastHook          00431174 f   sv_main.obj
 0001:0003058d       _SV_TraceHook              0043158d f   sv_main.obj
 0001:00030708       _SV_Frame                  00431708 f   sv_main.obj
 0001:000309a1       _SV_UserinfoChanged        004319a1 f   sv_main.obj
 0001:00030a65       _SV_Init                   00431a65 f   sv_main.obj
 0001:00030adc       _SV_Shutdown               00431adc f   sv_main.obj
 0001:00030ce0       _SV_FlushRedirect          00431ce0 f   sv_send.obj
 0001:00030d52       _SV_ClientPrintf           00431d52 f   sv_send.obj
 0001:00030dad       _SV_BroadcastPrintf        00431dad f   sv_send.obj
 0001:00030e83       _SV_BroadcastCommand       00431e83 f   sv_send.obj
 0001:00030eda       _SV_Multicast              00431eda f   sv_send.obj
 0001:0003111f       _SV_MulticastOld           0043211f f   sv_send.obj
 0001:00031132       _SV_StartSound             00432132 f   sv_send.obj
 0001:000313f7       _SV_StartSoundOld          004323f7 f   sv_send.obj
 0001:00031427       _SV_StartSoundNew          00432427 f   sv_send.obj
 0001:00031457       _SV_SendClientDatagram     00432457 f   sv_send.obj
 0001:0003152b       _SV_DemoCompleted          0043252b f   sv_send.obj
 0001:00031547       _SV_RateDrop               00432547 f   sv_send.obj
 0001:00031592       _SV_SendClientMessages     00432592 f   sv_send.obj
 0001:000316e1       _SV_BeginDemoserver        004326e1 f   sv_user.obj
 0001:0003172e       _SV_New_f                  0043272e f   sv_user.obj
 0001:000318a3       _SV_Configstrings_f        004328a3 f   sv_user.obj
 0001:000319fd       _SV_Baselines_f            004329fd f   sv_user.obj
 0001:00031b71       _SV_Begin_f                00432b71 f   sv_user.obj
 0001:00031bce       _SV_NextDownload_f         00432bce f   sv_user.obj
 0001:00031ca2       _SV_BeginDownload_f        00432ca2 f   sv_user.obj
 0001:00031eba       _SV_Disconnect_f           00432eba f   sv_user.obj
 0001:00031eca       _SV_ShowServerinfo_f       00432eca f   sv_user.obj
 0001:00031ed7       _SV_Nextserver             00432ed7 f   sv_user.obj
 0001:00031f21       _SV_Nextserver_f           00432f21 f   sv_user.obj
 0001:00031f68       _SV_ExecuteUserCommand     00432f68 f   sv_user.obj
 0001:00032056       _SV_ClientThink            00433056 f   sv_user.obj
 0001:00032099       _SV_ExecuteClientMessage   00433099 f   sv_user.obj
 0001:000322ba       _SV_ClearWorld             004332ba f   sv_world.obj
 0001:0003240e       _SV_UnlinkEdict            0043340e f   sv_world.obj
 0001:000324ca       _SV_LinkEdict              004334ca f   sv_world.obj
 0001:00032b28       _SV_AreaEdicts             00433b28 f   sv_world.obj
 0001:00032cd9       _SV_PointContents          00433cd9 f   sv_world.obj
 0001:00032dff       _SV_ClipMoveToEntities     00433dff f   sv_world.obj
 0001:000331df       _SV_Trace                  004341df f   sv_world.obj
 0001:0003329b       _Sys_Quit                  0043429b f   sys_win.obj
 0001:0003336b       _Sys_Error                 0043436b f   sys_win.obj
 0001:000333bf       _osAddressInfo             004343bf f   sys_win.obj
 0001:00033453       _osModuleInfo              00434453 f   sys_win.obj
 0001:000335ee       _appSymbolName2            004345ee f   sys_win.obj
 0001:0003366e       _appSymbolName             0043466e f   sys_win.obj
 0001:000336a0       _win32ExceptFilter         004346a0 f   sys_win.obj
 0001:00033c6e       _win32ExceptFilter2        00434c6e f   sys_win.obj
 0001:00033c7a       _Sys_Init                  00434c7a f   sys_win.obj
 0001:00034002       _Sys_ConsoleInput          00435002 f   sys_win.obj
 0001:000342b3       _Sys_ConsoleOutput         004352b3 f   sys_win.obj
 0001:00034341       _Sys_SendKeyEvents         00435341 f   sys_win.obj
 0001:000343aa       _Sys_GetClipboardData      004353aa f   sys_win.obj
 0001:00034403       _Sys_AppActivate           00435403 f   sys_win.obj
 0001:0003441e       _Sys_UnloadGame            0043541e f   sys_win.obj
 0001:00034441       _Sys_GetGameAPI            00435441 f   sys_win.obj
 0001:0003452b       _WinMain@16                0043552b f   sys_win.obj
 0001:00034762       _Vid_CreateWindow          00435762 f   vid_dll.obj
 0001:00034f46       _Vid_DestroyWindow         00435f46 f   vid_dll.obj
 0001:00034f81       _Vid_GetModeInfo           00435f81 f   vid_dll.obj
 0001:00034fb0       _Vid_UpdateWindowPosAndSize 00435fb0 f   vid_dll.obj
 0001:00035017       _Vid_FreeReflib            00436017 f   vid_dll.obj
 0001:00035056       _Vid_CheckChanges          00436056 f   vid_dll.obj
 0001:0003546f       _Vid_Init                  0043646f f   vid_dll.obj
 0001:0003552e       _Vid_Shutdown              0043652e f   vid_dll.obj
 0001:0003555c       _Vid_MenuInit              0043655c f   vid_menu.obj
 0001:00035dbc       _Vid_MenuDraw              00436dbc f   vid_menu.obj
 0001:00035e50       _Vid_MenuKey               00436e50 f   vid_menu.obj
 0001:000361aa       _Zip_OpenArchive           004371aa f   zip.obj
 0001:00036215       _Zip_CloseArchive          00437215 f   zip.obj
 0001:00036221       _Zip_EnumArchive           00437221 f   zip.obj
 0001:00036402       _Zip_OpenFile              00437402 f   zip.obj
 0001:00036511       _Zip_ReadFile              00437511 f   zip.obj
 0001:00036608       _Zip_CloseFile             00437608 f   zip.obj
 0001:00036650       _Zip_OpenBuf               00437650 f   zip.obj
 0001:000366a3       _Zip_ReadBuf               004376a3 f   zip.obj
 0001:000366eb       _Zip_CloseBuf              004376eb f   zip.obj
 0001:00036701       _GL_BackEnd                00437701 f   gl_backend.obj
 0001:00039e01       _GL_InitBackend            0043ae01 f   gl_backend.obj
 0001:00039e44       _GL_ShutdownBackend        0043ae44 f   gl_backend.obj
 0001:00039e58       _GL_AllocDynamicMemory     0043ae58 f   gl_buffers.obj
 0001:00039eb8       _GL_ResizeDynamicMemory    0043aeb8 f   gl_buffers.obj
 0001:00039f03       _GL_AddSurfaceToPortal     0043af03 f   gl_buffers.obj
 0001:00039f66       _GL_AddDynamicSurface      0043af66 f   gl_buffers.obj
 0001:00039f8e       _GL_InsertShaderIndex      0043af8e f   gl_buffers.obj
 0001:00039fc1       _GL_ClearPortal            0043afc1 f   gl_buffers.obj
 0001:00039fdd       _GL_FinishPortal           0043afdd f   gl_buffers.obj
 0001:0003a02e       _GL_SortSurfaces           0043b02e f   gl_buffers.obj
 0001:0003a1c9       _GL_ClearBuffers           0043b1c9 f   gl_buffers.obj
 0001:0003a1e0       _GL_AddEntity              0043b1e0 f   gl_frontend.obj
 0001:0003a654       _GL_AddDlight              0043b654 f   gl_frontend.obj
 0001:0003a80c       _GL_DrawPortal             0043b80c f   gl_frontend.obj
 0001:0003d331       _GL_TextureMode            0043e331 f   gl_image.obj
 0001:0003d3d8       _GL_CreateImage            0043e3d8 f   gl_image.obj
 0001:0003e1a8       _GL_SetRawPalette          0043f1a8 f   gl_image.obj
 0001:0003e1d9       _GL_DrawStretchRaw8        0043f1d9 f   gl_image.obj
 0001:0003e805       _GL_SetupGamma             0043f805 f   gl_image.obj
 0001:0003e948       _GL_PerformScreenshot      0043f948 f   gl_image.obj
 0001:0003ebd1       _GL_InitImages             0043fbd1 f   gl_image.obj
 0001:0003f1bf       _GL_ShutdownImages         004401bf f   gl_image.obj
 0001:0003f226       _GL_LoadDelayedImages      00440226 f   gl_image.obj
 0001:0003f2a3       _GL_ShowImages             004402a3 f   gl_image.obj
 0001:0003f52b       _GL_FindImage              0044052b f   gl_image.obj
 0001:0003f8e6       _GL_Lock                   004408e6 f   gl_interface.obj
 0001:0003f976       _GL_Unlock                 00440976 f   gl_interface.obj
 0001:0003fb38       _GL_Bind                   00440b38 f   gl_interface.obj
 0001:0003fc62       _GL_BindForce              00440c62 f   gl_interface.obj
 0001:0003fce0       _GL_TexEnv                 00440ce0 f   gl_interface.obj
 0001:0003fe5f       _GL_TexMipBias             00440e5f f   gl_interface.obj
 0001:0003feba       _GL_TexEnvColor            00440eba f   gl_interface.obj
 0001:0003ff6a       _GL_SelectTexture          00440f6a f   gl_interface.obj
 0001:0003ffcb       _GL_TexCoordPointer        00440fcb f   gl_interface.obj
 0001:0003fffb       _GL_SetMultitexture        00440ffb f   gl_interface.obj
 0001:000400ed       _GL_DisableTexCoordArrays  004410ed f   gl_interface.obj
 0001:00040146       _GL_CullFace               00441146 f   gl_interface.obj
 0001:00040197       _GL_DepthRange             00441197 f   gl_interface.obj
 0001:000401ca       _GL_State                  004411ca f   gl_interface.obj
 0001:00040323       _GL_EnableFog              00441323 f   gl_interface.obj
 0001:00040423       _GL_SetDefaultState        00441423 f   gl_interface.obj
 0001:00040571       _GL_Set2DMode              00441571 f   gl_interface.obj
 0001:0004066c       _GL_Setup                  0044166c f   gl_interface.obj
 0001:00040778       _GL_ShowLights             00441778 f   gl_light.obj
 0001:00040b9d       _GL_LightForEntity         00441b9d f   gl_light.obj
 0001:00041e16       _GL_DiffuseLight           00442e16 f   gl_light.obj
 0001:00041f8e       _GL_InitLightGrid          00442f8e f   gl_light.obj
 0001:0004202a       _GL_PostLoadLights         0044302a f   gl_light.obj
 0001:000422c8       _LM_Init                   004432c8 f   gl_lightmap.obj
 0001:000422de       _LM_Flush                  004432de f   gl_lightmap.obj
 0001:0004233b       _LM_Done                   0044333b f   gl_lightmap.obj
 0001:00042362       _LM_Save                   00443362 f   gl_lightmap.obj
 0001:0004237c       _LM_Restore                0044337c f   gl_lightmap.obj
 0001:00042396       _LM_NewBlock               00443396 f   gl_lightmap.obj
 0001:00042410       _LM_Rewind                 00443410 f   gl_lightmap.obj
 0001:00042418       _LM_NextBlock              00443418 f   gl_lightmap.obj
 0001:00042445       _LM_CheckMinlight          00443445 f   gl_lightmap.obj
 0001:000424db       _LM_AllocBlock             004434db f   gl_lightmap.obj
 0001:00042592       _LM_PutBlock               00443592 f   gl_lightmap.obj
 0001:000429cc       _LM_SortLightStyles        004439cc f   gl_lightmap.obj
 0001:00042a5d       _GL_UpdateDynamicLightmap  00443a5d f   gl_lightmap.obj
 0001:00042f54       _LM_IsMonotone             00443f54 f   gl_lightmap.obj
 0001:0004305b       _GL_EnableRendering        0044405b f   gl_main.obj
 0001:00043076       _DrawTextLeft              00444076 f   gl_main.obj
 0001:00043140       _DrawTextRight             00444140 f   gl_main.obj
 0001:0004317e       _DrawText3D                0044417e f   gl_main.obj
 0001:000431f6       _GL_GetRefAPI              004441f6 f   gl_main.obj
 0001:00044bde       _GL_InitFuncTables         00445bde f   gl_math.obj
 0001:00044d8f       _ModelToWorldCoord         00445d8f f   gl_math.obj
 0001:00044e00       _WorldToModelCoord         00445e00 f   gl_math.obj
 0001:00044e47       _BuildRotationMatrix       00445e47 f   gl_math.obj
 0001:00044f41       _GetBoxRect                00445f41 f   gl_math.obj
 0001:000452b2       _ProjectToScreen           004462b2 f   gl_math.obj
 0001:000453f5       _SaturateColor3f           004463f5 f   gl_math.obj
 0001:000454e5       _SaturateColor4b           004464e5 f   gl_math.obj
 0001:000455f3       _GL_FindModel              004465f3 f   gl_model.obj
 0001:00045771       _GL_LoadWorldMap           00446771 f   gl_model.obj
 0001:00047314       _GL_PointInLeaf            00448314 f   gl_model.obj
 0001:00047d21       _ATAN2_FUNC                00448d21 f i gl_model.obj
 0001:00047ecc       _GL_FindSkin               00448ecc f   gl_model.obj
 0001:0004802b       _GL_ResetModels            0044902b f   gl_model.obj
 0001:000480ff       _GL_InitModels             004490ff f   gl_model.obj
 0001:00048193       _GL_ShutdownModels         00449193 f   gl_model.obj
 0001:000481a9       _SubdividePlane            004491a9 f   gl_poly.obj
 0001:000485fc       _FreeSubdividedPlane       004495fc f   gl_poly.obj
 0001:00048614       _GetSubdivideIndexes       00449614 f   gl_poly.obj
 0001:00048667       _RemoveCollinearPoints     00449667 f   gl_poly.obj
 0001:0004877b       _GetPolyArea               0044977b f   gl_poly.obj
 0001:0004880f       _GL_InitShaders            0044980f f   gl_shader.obj
 0001:00048971       _GL_ShutdownShaders        00449971 f   gl_shader.obj
 0001:0004899b       _GL_SetShaderLightmap      0044999b f   gl_shader.obj
 0001:00048d9d       _GL_SetShaderLightstyles   00449d9d f   gl_shader.obj
 0001:00048e39       _GL_GetAlphaShader         00449e39 f   gl_shader.obj
 0001:00049149       _GL_FindShader             0044a149 f   gl_shader.obj
 0001:00049782       _GL_GetShaderByNum         0044a782 f   gl_shader.obj
 0001:000497a0       _GL_ResetShaders           0044a7a0 f   gl_shader.obj
 0001:00049c2e       _GL_ClearSkyBox            0044ac2e f   gl_sky.obj
 0001:00049c51       _GL_SetSkyRotate           0044ac51 f   gl_sky.obj
 0001:00049c89       _GL_SkyVisible             0044ac89 f   gl_sky.obj
 0001:00049ca2       _GL_AddSkySurface          0044aca2 f   gl_sky.obj
 0001:0004a2cf       _GL_TesselateSkySide       0044b2cf f   gl_sky.obj
 0001:0004a5a1       _GLimp_SetMode             0044b5a1 f   glw_imp.obj
 0001:0004a843       _GLimp_HasGamma            0044b843 f   glw_imp.obj
 0001:0004a857       _GLimp_SetGamma            0044b857 f   glw_imp.obj
 0001:0004a9f0       _GLimp_Init                0044b9f0 f   glw_imp.obj
 0001:0004ad33       _GLimp_Shutdown            0044bd33 f   glw_imp.obj
 0001:0004ade1       _GLimp_EndFrame            0044bde1 f   glw_imp.obj
 0001:0004ae7e       _GLimp_AppActivate         0044be7e f   glw_imp.obj
 0001:0004c55c       _QGL_Shutdown              0044d55c f   qgl_win.obj
 0001:0004c5a0       _QGL_Init                  0044d5a0 f   qgl_win.obj
 0001:0004c623       _QGL_InitExtensions        0044d623 f   qgl_win.obj
 0001:0004c9ff       _QGL_EnableLogging         0044d9ff f   qgl_win.obj
 0001:0004ca9a       _QGL_LogMessage            0044da9a f   qgl_win.obj
 0001:0004cab1       _Hunk_Begin                0044dab1 f   q_shwin.obj
 0001:0004caeb       _Hunk_Alloc                0044daeb f   q_shwin.obj
 0001:0004cb72       _Hunk_End                  0044db72 f   q_shwin.obj
 0001:0004cb78       _Hunk_Free                 0044db78 f   q_shwin.obj
 0001:0004cb91       _Sys_Milliseconds          0044db91 f   q_shwin.obj
 0001:0004cbc5       _Sys_Mkdir                 0044dbc5 f   q_shwin.obj
 0001:0004cbd1       _Sys_FindFirst             0044dbd1 f   q_shwin.obj
 0001:0004cc4f       _Sys_FindNext              0044dc4f f   q_shwin.obj
 0001:0004ccc4       _Sys_FindClose             0044dcc4 f   q_shwin.obj
 0001:0004ccde       _R_Alias_clip_z            0044dcde f   r_aclip.obj
 0001:0004cda0       _R_Alias_clip_left         0044dda0 f   r_aclip.obj
 0001:0004cfac       _R_Alias_clip_right        0044dfac f   r_aclip.obj
 0001:0004d1b8       _R_Alias_clip_top          0044e1b8 f   r_aclip.obj
 0001:0004d3cc       _R_Alias_clip_bottom       0044e3cc f   r_aclip.obj
 0001:0004d5e0       _R_AliasClip               0044e5e0 f   r_aclip.obj
 0001:0004d6b0       _R_AliasClipTriangle       0044e6b0 f   r_aclip.obj
 0001:0004d8a2       _R_AliasCheckFrameBBox     0044e8a2 f   r_alias.obj
 0001:0004d9d5       _R_AliasCheckBBox          0044e9d5 f   r_alias.obj
 0001:0004da39       _R_AliasTransformVector    0044ea39 f   r_alias.obj
 0001:0004da95       _R_AliasPreparePoints      0044ea95 f   r_alias.obj
 0001:0004dd2d       _R_AliasSetUpTransform     0044ed2d f   r_alias.obj
 0001:0004dff0       _R_AliasTransformFinalVerts 0044eff0 f   r_alias.obj
 0001:0004e1bf       _R_AliasProjectAndClipTestFinalVert 0044f1bf f   r_alias.obj
 0001:0004e26e       _R_AliasSetupLighting      0044f26e f   r_alias.obj
 0001:0004e3d8       _R_AliasSetupFrames        0044f3d8 f   r_alias.obj
 0001:0004e44c       _R_AliasSetUpLerpData      0044f44c f   r_alias.obj
 0001:0004e574       _R_AliasDrawModel          0044f574 f   r_alias.obj
 0001:0004e808       _R_EntityRotate            0044f808 f   r_bsp.obj
 0001:0004e884       _R_RotateBmodel            0044f884 f   r_bsp.obj
 0001:0004e9df       _R_RecursiveClipBPoly      0044f9df f   r_bsp.obj
 0001:0004ed0f       _R_DrawSolidClippedSubmodelPolygons 0044fd0f f   r_bsp.obj
 0001:0004ee96       _R_DrawSubmodelPolygons    0044fe96 f   r_bsp.obj
 0001:0004ef26       _R_RecursiveWorldNode      0044ff26 f   r_bsp.obj
 0001:0004f158       _R_RenderWorld             00450158 f   r_bsp.obj
 0001:0004f1d3       _Draw_FindPic              004501d3 f   r_draw.obj
 0001:0004f26f       _Draw_InitLocal            0045026f f   r_draw.obj
 0001:0004f280       _Draw_Char                 00450280 f   r_draw.obj
 0001:0004f3cb       _Draw_CharColor            004503cb f   r_draw.obj
 0001:0004f540       _R_DrawTexts               00450540 f   r_draw.obj
 0001:0004f606       _DrawText_Pos              00450606 f   r_draw.obj
 0001:0004f6de       _DrawText_Left             004506de f   r_draw.obj
 0001:0004f706       _DrawText_Right            00450706 f   r_draw.obj
 0001:0004f742       _Draw_GetPicSize           00450742 f   r_draw.obj
 0001:0004f782       _Draw_StretchPicImplementation 00450782 f   r_draw.obj
 0001:0004f8a9       _Draw_StretchPic           004508a9 f   r_draw.obj
 0001:0004f93d       _Draw_StretchRaw8          0045093d f   r_draw.obj
 0001:0004f9b7       _Draw_Pic                  004509b7 f   r_draw.obj
 0001:0004fbc1       _Draw_PicColor             00450bc1 f   r_draw.obj
 0001:0004fd7a       _Draw_TileClear            00450d7a f   r_draw.obj
 0001:0004fe99       _Draw_Fill                 00450e99 f   r_draw.obj
 0001:0004ff7f       _Draw_Fade                 00450f7f f   r_draw.obj
 0001:0005002d       _R_BeginEdgeFrame          0045102d f   r_edge.obj
 0001:000500e9       _R_InsertNewEdges          004510e9 f   r_edge.obj
 0001:0005012f       _R_RemoveEdges             0045112f f   r_edge.obj
 0001:0005014d       _R_StepActiveU             0045114d f   r_edge.obj
 0001:000501e1       _R_CleanupSpan             004511e1 f   r_edge.obj
 0001:00050231       _R_LeadingEdgeBackwards    00451231 f   r_edge.obj
 0001:000502c6       _R_TrailingEdge            004512c6 f   r_edge.obj
 0001:0005032a       _R_LeadingEdge             0045132a f   r_edge.obj
 0001:000504cd       _R_GenerateSpans           004514cd f   r_edge.obj
 0001:0005053b       _R_GenerateSpansBackward   0045153b f   r_edge.obj
 0001:000505a9       _R_ScanEdges               004515a9 f   r_edge.obj
 0001:00050780       _D_FlatFillSurface         00451780 f   r_edge.obj
 0001:000507da       _D_CalcGradients           004517da f   r_edge.obj
 0001:00050a3a       _D_BackgroundSurf          00451a3a f   r_edge.obj
 0001:00050a7a       _D_TurbulentSurf           00451a7a f   r_edge.obj
 0001:00050b89       _D_SkySurf                 00451b89 f   r_edge.obj
 0001:00050c0a       _D_SolidSurf               00451c0a f   r_edge.obj
 0001:00050d62       _D_DrawflatSurfaces        00451d62 f   r_edge.obj
 0001:00050db2       _D_DrawSurfaces            00451db2 f   r_edge.obj
 0001:00050eab       _R_ImageList_f             00451eab f   r_image.obj
 0001:00050f6c       _R_FindFreeImage           00451f6c f   r_image.obj
 0001:00050fb7       _R_LoadPic                 00451fb7 f   r_image.obj
 0001:00051044       _R_LoadTex                 00452044 f   r_image.obj
 0001:000510d0       _R_LoadWal                 004520d0 f   r_image.obj
 0001:00051126       _R_MipMap                  00452126 f   r_image.obj
 0001:00051254       _R_DownsampleImage         00452254 f   r_image.obj
 0001:00051359       _R_FindImage               00452359 f   r_image.obj
 0001:000516fe       _R_RegisterSkin            004526fe f   r_image.obj
 0001:0005170c       _R_FreeUnusedImages        0045270c f   r_image.obj
 0001:0005176c       _R_InitImages              0045276c f   r_image.obj
 0001:000517cf       _R_ShutdownImages          004527cf f   r_image.obj
 0001:0005180c       _R_MarkLights              0045280c f   r_light.obj
 0001:000518d2       _R_PushDlights             004528d2 f   r_light.obj
 0001:00051930       _R_LightPoint              00452930 f   r_light.obj
 0001:00051cfb       _R_AddDynamicLights        00452cfb f   r_light.obj
 0001:00051f99       _R_BuildLightMap           00452f99 f   r_light.obj
 0001:0005208f       _R_InitTextures            0045308f f   r_main.obj
 0001:00052150       _R_InitTurb                00453150 f   r_main.obj
 0001:000521cd       _R_Register                004531cd f   r_main.obj
 0001:00052235       _R_Init                    00453235 f   r_main.obj
 0001:0005231c       _R_Shutdown                0045331c f   r_main.obj
 0001:000523dd       _R_NewMap                  004533dd f   r_main.obj
 0001:00052487       _R_MarkLeaves              00453487 f   r_main.obj
 0001:000525ae       _R_DrawEntitiesOnList      004535ae f   r_main.obj
 0001:00052756       _R_BmodelCheckBBox         00453756 f   r_main.obj
 0001:00052808       _R_FindTopnode             00453808 f   r_main.obj
 0001:0005285d       _RotatedBBox               0045385d f   r_main.obj
 0001:000529bf       _R_DrawBEntitiesOnList     004539bf f   r_main.obj
 0001:00052bc0       _R_EdgeDrawing             00453bc0 f   r_main.obj
 0001:00052c95       _R_CalcPalette             00453c95 f   r_main.obj
 0001:00052d9a       _R_SetLightLevel           00453d9a f   r_main.obj
 0001:00052dea       _R_RenderFrame             00453dea f   r_main.obj
 0001:00053015       _R_InitGraphics            00454015 f   r_main.obj
 0001:0005308b       _R_BeginFrame              0045408b f   r_main.obj
 0001:00053224       _R_GammaCorrectAndSetPalette 00454224 f   r_main.obj
 0001:00053283       _R_CinematicSetPalette     00454283 f   r_main.obj
 0001:0005331a       _Draw_BuildGammaTable      0045431a f   r_main.obj
 0001:0005342b       _R_DrawBeam                0045442b f   r_main.obj
 0001:00053580       _R_SetSky                  00454580 f   r_main.obj
 0001:000535f7       _Draw_GetPalette           004545f7 f   r_main.obj
 0001:0005373d       _Draw_ConCharColor         0045473d f   r_main.obj
 0001:0005375e       _GetRefAPI                 0045475e f   r_main.obj
 0001:00053a04       _D_ViewChanged             00454a04 f   r_misc.obj
 0001:00053b77       _R_PrintTimes              00454b77 f   r_misc.obj
 0001:00053bdf       _R_PrintDSpeeds            00454bdf f   r_misc.obj
 0001:00053c94       _R_PrintAliasStats         00454c94 f   r_misc.obj
 0001:00053ca7       _R_TransformFrustum        00454ca7 f   r_misc.obj
 0001:00053d65       _TransformVector           00454d65 f   r_misc.obj
 0001:00053dd0       _R_SetUpFrustumIndexes     00454dd0 f   r_misc.obj
 0001:00053e35       _R_ViewChanged             00454e35 f   r_misc.obj
 0001:0005417e       _R_SetupFrame              0045517e f   r_misc.obj
 0001:00054359       _QCommon_Shutdown          00455359 f   r_misc.obj
 0001:00054359       _jpeg_mem_term             00455359 f   r_misc.obj
 0001:00054359       __setargv                  00455359 f   r_misc.obj
 0001:00054359       _R_SurfacePatch            00455359 f   r_misc.obj
 0001:0005435a       _WritePCXfile              0045535a f   r_misc.obj
 0001:0005447c       _R_ScreenShot              0045547c f   r_misc.obj
 0001:0005458b       _Mod_Modellist_f           0045558b f   r_model.obj
 0001:000545e9       _Mod_Init                  004555e9 f   r_model.obj
 0001:00054601       _Mod_ForName               00455601 f   r_model.obj
 0001:0005482f       _Mod_PointInLeaf           0045582f f   r_model.obj
 0001:0005488e       _Mod_DecompressVis         0045588e f   r_model.obj
 0001:0005490e       _Mod_ClusterPVS            0045590e f   r_model.obj
 0001:0005493b       _Mod_LoadLighting          0045593b f   r_model.obj
 0001:000549ba       _R_NumberLeafs             004559ba f   r_model.obj
 0001:00054a08       _Mod_LoadVertexes          00455a08 f   r_model.obj
 0001:00054a4a       _Mod_LoadEdges             00455a4a f   r_model.obj
 0001:00054a98       _Mod_LoadTexinfo           00455a98 f   r_model.obj
 0001:00054c00       _CalcSurfaceExtents        00455c00 f   r_model.obj
 0001:00054d7e       _Mod_LoadFaces             00455d7e f   r_model.obj
 0001:00054edf       _Mod_SetParent             00455edf f   r_model.obj
 0001:00054f04       _Mod_LoadNodes             00455f04 f   r_model.obj
 0001:00054ffa       _Mod_LoadLeafs             00455ffa f   r_model.obj
 0001:000550a3       _Mod_LoadMarksurfaces      004560a3 f   r_model.obj
 0001:0005511c       _Mod_LoadSurfedges         0045611c f   r_model.obj
 0001:0005515b       _Mod_LoadPlanes            0045615b f   r_model.obj
 0001:000551ca       _Mod_LoadBrushModel        004561ca f   r_model.obj
 0001:000553a9       _Mod_LoadAliasModel        004563a9 f   r_model.obj
 0001:00055616       _Mod_LoadSpriteModel       00456616 f   r_model.obj
 0001:000556f9       _R_BeginRegistration       004566f9 f   r_model.obj
 0001:00055789       _R_RegisterModel           00456789 f   r_model.obj
 0001:00055881       _R_EndRegistration         00456881 f   r_model.obj
 0001:000558ec       _Mod_FreeAll               004568ec f   r_model.obj
 0001:00055931       _R_DrawParticle            00456931 f   r_part.obj
 0001:00055bcb       _R_DrawParticles           00456bcb f   r_part.obj
 0001:00055c73       _R_DrawSpanletOpaque       00456c73 f   r_poly.obj
 0001:00055d03       _R_DrawSpanletTurbulentStipple33 00456d03 f   r_poly.obj
 0001:00055e2e       _R_DrawSpanletTurbulentStipple66 00456e2e f   r_poly.obj
 0001:0005600f       _R_DrawSpanletTurbulentBlended66 0045700f f   r_poly.obj
 0001:000560c4       _R_DrawSpanletTurbulentBlended33 004570c4 f   r_poly.obj
 0001:00056179       _R_DrawSpanlet33           00457179 f   r_poly.obj
 0001:00056213       _R_DrawSpanletConstant33   00457213 f   r_poly.obj
 0001:0005626c       _R_DrawSpanlet66           0045726c f   r_poly.obj
 0001:0005630a       _R_DrawSpanlet33Stipple    0045730a f   r_poly.obj
 0001:00056425       _R_DrawSpanlet66Stipple    00457425 f   r_poly.obj
 0001:000565b6       _R_ClipPolyFace            004575b6 f   r_poly.obj
 0001:00056727       _R_PolygonDrawSpans        00457727 f   r_poly.obj
 0001:00056b26       _R_PolygonScanLeftEdge     00457b26 f   r_poly.obj
 0001:00056c8a       _R_PolygonScanRightEdge    00457c8a f   r_poly.obj
 0001:00056e94       _R_ClipAndDrawPoly         00457e94 f   r_poly.obj
 0001:00057093       _R_BuildPolygonFromSurface 00458093 f   r_poly.obj
 0001:00057289       _R_PolygonCalculateGradients 00458289 f   r_poly.obj
 0001:0005755c       _R_DrawAlphaSurfaces       0045855c f   r_poly.obj
 0001:000575f2       _R_IMFlatShadedQuad        004585f2 f   r_poly.obj
 0001:00057720       _R_InitAdivtab             00458720 f   r_polyse.obj
 0001:0005778c       _R_PolysetUpdateTables     0045878c f   r_polyse.obj
 0001:000577c7       _R_DrawTriangle            004587c7 f   r_polyse.obj
 0001:000578d8       _R_PolysetScanLeftEdge_C   004588d8 f   r_polyse.obj
 0001:00057aa2       _FloorDivMod               00458aa2 f   r_polyse.obj
 0001:00057b3c       _R_PolysetSetUpForLineScan 00458b3c f   r_polyse.obj
 0001:00057bca       _R_PolysetCalcGradients    00458bca f   r_polyse.obj
 0001:00057e3d       _R_PolysetDrawSpans8_33    00458e3d f   r_polyse.obj
 0001:00057f6d       _R_PolysetDrawSpansConstant8_33 00458f6d f   r_polyse.obj
 0001:00058007       _R_PolysetDrawSpans8_66    00459007 f   r_polyse.obj
 0001:00058143       _R_PolysetDrawSpansConstant8_66 00459143 f   r_polyse.obj
 0001:000581eb       _R_PolysetDrawSpans8_Opaque 004591eb f   r_polyse.obj
 0001:00058336       _R_RasterizeAliasPolySmooth 00459336 f   r_polyse.obj
 0001:00058916       _R_PolysetSetEdgeTable     00459916 f   r_polyse.obj
 0001:000589b1       _R_InitSkyBox              004599b1 f   r_rast.obj
 0001:00058c1a       _R_EmitSkyBox              00459c1a f   r_rast.obj
 0001:00058d2d       _R_EmitEdge                00459d2d f   r_rast.obj
 0001:000590ff       _R_ClipEdge                0045a0ff f   r_rast.obj
 0001:000592ad       _R_EmitCachedEdge          0045a2ad f   r_rast.obj
 0001:00059304       _R_RenderFace              0045a304 f   r_rast.obj
 0001:000596cb       _R_RenderBmodelFace        0045a6cb f   r_rast.obj
 0001:00059934       _D_WarpScreen              0045a934 f   r_scan.obj
 0001:00059af6       _D_DrawTurbulent8Span      0045aaf6 f   r_scan.obj
 0001:00059b7a       _Turbulent8                0045ab7a f   r_scan.obj
 0001:00059ed6       _NonTurbulent8             0045aed6 f   r_scan.obj
 0001:0005a210       _D_DrawSpans16             0045b210 f   r_scan.obj
 0001:0005a52d       _D_DrawZSpans              0045b52d f   r_scan.obj
 0001:0005a5fd       _R_DrawSprite              0045b5fd f   r_sprite.obj
 0001:0005a887       _R_TextureAnimation        0045b887 f   r_surf.obj
 0001:0005a8ab       _R_DrawSurface             0045b8ab f   r_surf.obj
 0001:0005aa10       _R_DrawSurfaceBlock8_mip0  0045ba10 f   r_surf.obj
 0001:0005ab0f       _R_DrawSurfaceBlock8_mip1  0045bb0f f   r_surf.obj
 0001:0005ac0e       _R_DrawSurfaceBlock8_mip2  0045bc0e f   r_surf.obj
 0001:0005ad0d       _R_DrawSurfaceBlock8_mip3  0045bd0d f   r_surf.obj
 0001:0005ae09       _R_InitCaches              0045be09 f   r_surf.obj
 0001:0005ae8a       _D_FlushCaches             0045be8a f   r_surf.obj
 0001:0005aecf       _D_SCAlloc                 0045becf f   r_surf.obj
 0001:0005b05c       _D_CacheSurface            0045c05c f   r_surf.obj
 0001:0005b1d1       _DDRAW_Init                0045c1d1 f   rw_ddraw.obj
 0001:0005b5e1       _DDRAW_SetPalette          0045c5e1 f   rw_ddraw.obj
 0001:0005b64a       _DDRAW_Shutdown            0045c64a f   rw_ddraw.obj
 0001:0005b7b5       _DIB_Init                  0045c7b5 f   rw_dib.obj
 0001:0005b99a       _DIB_SetPalette            0045c99a f   rw_dib.obj
 0001:0005bb56       _DIB_Shutdown              0045cb56 f   rw_dib.obj
 0001:0005bc4f       _SWimp_Init                0045cc4f f   rw_imp.obj
 0001:0005bc53       _SWimp_EndFrame            0045cc53 f   rw_imp.obj
 0001:0005bdbf       _SWimp_SetMode             0045cdbf f   rw_imp.obj
 0001:0005bee1       _SWimp_SetPalette          0045cee1 f   rw_imp.obj
 0001:0005bf06       _SWimp_Shutdown            0045cf06 f   rw_imp.obj
 0001:0005bf4d       _SWimp_AppActivate         0045cf4d f   rw_imp.obj
 0001:0005c000       _jpeg_CreateDecompress     0045d000 f   lib:jdapimin.obj
 0001:0005c0c0       _jpeg_read_header          0045d0c0 f   lib:jdapimin.obj
 0001:0005c122       _jpeg_consume_input        0045d122 f   lib:jdapimin.obj
 0001:0005c370       _jpeg_finish_decompress    0045d370 f   lib:jdapimin.obj
 0001:0005c407       _jpeg_start_decompress     0045d407 f   lib:jdapistd.obj
 0001:0005c574       _jpeg_read_scanlines       0045d574 f   lib:jdapistd.obj
 0001:0005c5f8       _jpeg_resync_to_restart    0045d5f8 f   lib:jdmarker.obj
 0001:0005c7bd       _jinit_marker_reader       0045d7bd f   lib:jdmarker.obj
 0001:0005dc88       _jpeg_CreateCompress       0045ec88 f   lib:jcapimin.obj
 0001:0005dd3c       _jpeg_destroy_decompress   0045ed3c f   lib:jcapimin.obj
 0001:0005dd3c       _jpeg_destroy_compress     0045ed3c f   lib:jcapimin.obj
 0001:0005dd47       _jpeg_suppress_tables      0045ed47 f   lib:jcapimin.obj
 0001:0005dd91       _jpeg_finish_compress      0045ed91 f   lib:jcapimin.obj
 0001:0005de7b       _jpeg_start_compress       0045ee7b f   lib:jcapistd.obj
 0001:0005dee7       _jpeg_write_scanlines      0045eee7 f   lib:jcapistd.obj
 0001:0005df92       _jpeg_add_quant_table      0045ef92 f   lib:jcparam.obj
 0001:0005e044       _jpeg_quality_scaling      0045f044 f   lib:jcparam.obj
 0001:0005e06b       _jpeg_set_quality          0045f06b f   lib:jcparam.obj
 0001:0005e0a5       _jpeg_set_defaults         0045f0a5 f   lib:jcparam.obj
 0001:0005e267       _jpeg_default_colorspace   0045f267 f   lib:jcparam.obj
 0001:0005e2b7       _jpeg_set_colorspace       0045f2b7 f   lib:jcparam.obj
 0001:0005e5d2       _jpeg_stdio_dest           0045f5d2 f   lib:jdatadst.obj
 0001:0005e6d2       _crc32                     0045f6d2 f   lib:crc32.obj
 0001:0005e95e       _inflateReset              0045f95e f   lib:inflate.obj
 0001:0005e9a5       _inflateInit2_             0045f9a5 f   lib:inflate.obj
 0001:0005ea5e       _inflate                   0045fa5e f   lib:inflate.obj
 0001:0005fd2d       _inflateEnd                00460d2d f   lib:inflate.obj
 0001:0005fd6b       _jinit_input_controller    00460d6b f   lib:jdinput.obj
 0001:0006024e       _jinit_memory_mgr          0046124e f   lib:jmemmgr.obj
 0001:00060de2       _jpeg_abort                00461de2 f   lib:jcomapi.obj
 0001:00060e15       _jpeg_destroy              00461e15 f   lib:jcomapi.obj
 0001:00060e30       _jpeg_alloc_quant_table    00461e30 f   lib:jcomapi.obj
 0001:00060e4c       _jpeg_alloc_huff_table     00461e4c f   lib:jcomapi.obj
 0001:00060e68       _jpeg_calc_output_dimensions 00461e68 f   lib:jdmaster.obj
 0001:00060f68       _jinit_master_decompress   00461f68 f   lib:jdmaster.obj
 0001:000612be       _jdiv_round_up             004622be f   lib:jutils.obj
 0001:000612ce       _jround_up                 004622ce f   lib:jutils.obj
 0001:000612e6       _jcopy_sample_rows         004622e6 f   lib:jutils.obj
 0001:00061324       _jcopy_block_row           00462324 f   lib:jutils.obj
 0001:0006133d       _jzero_far                 0046233d f   lib:jutils.obj
 0001:00061350       _jinit_marker_writer       00462350 f   lib:jcmarker.obj
 0001:00061c2c       _jinit_compress_master     00462c2c f   lib:jcinit.obj
 0001:00061c85       _zcalloc                   00462c85 f   lib:zutil.obj
 0001:00061c97       _inflate_fast              00462c97 f   lib:inffast.obj
 0001:0006204c       _inflate_table             0046304c f   lib:inftrees.obj
 0001:000623d5       _adler32                   004633d5 f   lib:adler32.obj
 0001:000624ee       _jinit_c_codec             004634ee f   lib:jcodec.obj
 0001:0006250a       _jinit_d_codec             0046350a f   lib:jcodec.obj
 0001:00062526       _jpeg_free_small           00463526 f   lib:jmemansi.obj
 0001:00062526       _jpeg_free_large           00463526 f   lib:jmemansi.obj
 0001:00062526       _zcfree                    00463526 f   lib:jmemansi.obj
 0001:00062532       _jpeg_get_large            00463532 f   lib:jmemansi.obj
 0001:00062532       _jpeg_get_small            00463532 f   lib:jmemansi.obj
 0001:0006253e       _jpeg_mem_available        0046353e f   lib:jmemansi.obj
 0001:0006254d       _jpeg_open_backing_store   0046354d f   lib:jmemansi.obj
 0001:00062664       _jpeg_mem_init             00463664 f   lib:jmemansi.obj
 0001:0006266a       _jinit_d_main_controller   0046366a f   lib:jdmainct.obj
 0001:00062cb5       _jinit_d_post_controller   00463cb5 f   lib:jdpostct.obj
[...]
 0001:0006d409       _process_restart           0046e409 f   lib:jddiffct.obj
 0001:00035442       _dummy_consume_data        00436442 f   vid_dll.obj
 0001:0006d43e       _consume_data              0046e43e f   lib:jddiffct.obj
 0001:0006d4b5       _output_data               0046e4b5 f   lib:jddiffct.obj
 0001:0006cee1       _start_pass                0046dee1 f   lib:jddctmgr.obj
 0001:0006c333       _start_pass_phuff_decoder  0046d333 f   lib:jdphuff.obj
 0001:0006c57c       _decode_mcu_DC_first       0046d57c f   lib:jdphuff.obj
 0001:0006c774       _process_restart           0046d774 f   lib:jdphuff.obj
 0001:0006c7e3       _decode_mcu_AC_first       0046d7e3 f   lib:jdphuff.obj
 0001:0006ca03       _decode_mcu_DC_refine      0046da03 f   lib:jdphuff.obj
 0001:0006cad8       _decode_mcu_AC_refine      0046dad8 f   lib:jdphuff.obj
 0001:0006bd7a       _start_pass_huff_decoder   0046cd7a f   lib:jdshuff.obj
 0001:0006beb2       _decode_mcu                0046ceb2 f   lib:jdshuff.obj
 0001:0006c262       _process_restart           0046d262 f   lib:jdshuff.obj
 0001:0006b163       _start_input_pass          0046c163 f   lib:jdcoefct.obj
 0001:0006b176       _start_iMCU_row            0046c176 f   lib:jdcoefct.obj
 0001:0006b1bb       _start_output_pass         0046c1bb f   lib:jdcoefct.obj
 0001:0006b1f8       _decompress_onepass        0046c1f8 f   lib:jdcoefct.obj
 0001:00035442       _dummy_consume_data        00436442 f   vid_dll.obj
 0001:0006b3d1       _consume_data              0046c3d1 f   lib:jdcoefct.obj
 0001:0006b58a       _decompress_data           0046c58a f   lib:jdcoefct.obj
 0001:0006b6f6       _smoothing_ok              0046c6f6 f   lib:jdcoefct.obj
 0001:0006b7e1       _decompress_smooth_data    0046c7e1 f   lib:jdcoefct.obj
 0001:0006affc       _scaler_start_pass         0046bffc f   lib:jcscale.obj
 0001:0006b01f       _simple_downscale          0046c01f f   lib:jcscale.obj
 0001:0006b04b       _noscale                   0046c04b f   lib:jcscale.obj
 0001:0006aaf4       _start_pass                0046baf4 f   lib:jcpred.obj
 0001:0006ab4c       _reset_predictor           0046bb4c f   lib:jcpred.obj
 0001:0006ab79       _jpeg_difference_first_row 0046bb79 f   lib:jcpred.obj
 0001:0006ac63       _jpeg_difference1          0046bc63 f   lib:jcpred.obj
 0001:0006acd1       _jpeg_difference2          0046bcd1 f   lib:jcpred.obj
 0001:0006ad42       _jpeg_difference3          0046bd42 f   lib:jcpred.obj
 0001:0006adba       _jpeg_difference4          0046bdba f   lib:jcpred.obj
 0001:0006ae45       _jpeg_difference5          0046be45 f   lib:jcpred.obj
 0001:0006aed8       _jpeg_difference6          0046bed8 f   lib:jcpred.obj
 0001:0006af67       _jpeg_difference7          0046bf67 f   lib:jcpred.obj
 0001:0006a3e3       _start_pass_huff           0046b3e3 f   lib:jclhuff.obj
 0001:0006a580       _encode_mcus_huff          0046b580 f   lib:jclhuff.obj
 0001:0006a76b       _emit_bits                 0046b76b f   lib:jclhuff.obj
 0001:0006a80e       _dump_buffer               0046b80e f   lib:jclhuff.obj
 0001:0006a832       _emit_restart              0046b832 f   lib:jclhuff.obj
 0001:0006a87d       _flush_bits                0046b87d f   lib:jclhuff.obj
 0001:0006a8a1       _finish_pass_huff          0046b8a1 f   lib:jclhuff.obj
 0001:0006a90e       _encode_mcus_gather        0046b90e f   lib:jclhuff.obj
 0001:0006aa37       _finish_pass_gather        0046ba37 f   lib:jclhuff.obj
 0001:0006aacd       _need_optimization_pass    0046bacd f   lib:jclhuff.obj
 0001:0006a003       _start_pass_diff           0046b003 f   lib:jcdiffct.obj
 0001:000680ff       _start_iMCU_row            004690ff f   lib:jccoefct.obj
 0001:0006a0a1       _compress_data             0046b0a1 f   lib:jcdiffct.obj
 0001:0006a237       _compress_first_pass       0046b237 f   lib:jcdiffct.obj
 0001:0006a32c       _compress_output           0046b32c f   lib:jcdiffct.obj
 0001:00069a2e       _start_pass_fdctmgr        0046aa2e f   lib:jcdctmgr.obj
 0001:00069bcc       _forward_DCT               0046abcc f   lib:jcdctmgr.obj
 0001:00069d18       _forward_DCT_float         0046ad18 f   lib:jcdctmgr.obj
 0001:00068f3e       _start_pass_phuff          00469f3e f   lib:jcphuff.obj
 0001:000690ab       _encode_mcu_DC_first       0046a0ab f   lib:jcphuff.obj
 0001:000691dd       _emit_bits                 0046a1dd f   lib:jcphuff.obj
 0001:00069288       _dump_buffer               0046a288 f   lib:jcphuff.obj
 0001:000692c0       _emit_symbol               0046a2c0 f   lib:jcphuff.obj
 0001:00069300       _emit_restart              0046a300 f   lib:jcphuff.obj
 0001:00069389       _emit_eobrun               0046a389 f   lib:jcphuff.obj
 0001:0006940f       _encode_mcu_AC_first       0046a40f f   lib:jcphuff.obj
 0001:000695a3       _encode_mcu_DC_refine      0046a5a3 f   lib:jcphuff.obj
 0001:0006965d       _encode_mcu_AC_refine      0046a65d f   lib:jcphuff.obj
 0001:00069874       _finish_pass_phuff         0046a874 f   lib:jcphuff.obj
 0001:000698c3       _finish_pass_gather_phuff  0046a8c3 f   lib:jcphuff.obj
 0001:00069986       _need_optimization_pass    0046a986 f   lib:jcphuff.obj
 0001:000686d9       _start_pass_huff           004696d9 f   lib:jcshuff.obj
 0001:0006884e       _encode_mcu_huff           0046984e f   lib:jcshuff.obj
 0001:00068959       _encode_one_block          00469959 f   lib:jcshuff.obj
 0001:00068ad0       _emit_bits                 00469ad0 f   lib:jcshuff.obj
 0001:00068b73       _dump_buffer               00469b73 f   lib:jcshuff.obj
 0001:00068b97       _emit_restart              00469b97 f   lib:jcshuff.obj
 0001:00068c04       _flush_bits                00469c04 f   lib:jcshuff.obj
 0001:00068c28       _finish_pass_huff          00469c28 f   lib:jcshuff.obj
 0001:00068c97       _encode_mcu_gather         00469c97 f   lib:jcshuff.obj
 0001:00068d4d       _htest_one_block           00469d4d f   lib:jcshuff.obj
 0001:00068e14       _finish_pass_gather        00469e14 f   lib:jcshuff.obj
 0001:0006aacd       _need_optimization_pass    0046bacd f   lib:jclhuff.obj
 0001:0006806a       _start_pass_coef           0046906a f   lib:jccoefct.obj
 0001:000680ff       _start_iMCU_row            004690ff f   lib:jccoefct.obj
 0001:00068141       _compress_data             00469141 f   lib:jccoefct.obj
 0001:00068328       _compress_first_pass       00469328 f   lib:jccoefct.obj
 0001:0006850e       _compress_output           0046950e f   lib:jccoefct.obj
 0001:00067f82       _calc_output_dimensions    00468f82 f   lib:jdlossls.obj
 0001:00067f93       _start_input_pass          00468f93 f   lib:jdlossls.obj
 0001:00067cc1       _calc_output_dimensions    00468cc1 f   lib:jdlossy.obj
 0001:00067e34       _start_input_pass          00468e34 f   lib:jdlossy.obj
 0001:00067e54       _latch_quant_tables        00468e54 f   lib:jdlossy.obj
 0001:00067eec       _start_output_pass         00468eec f   lib:jdlossy.obj
 0001:00067c10       _start_pass                00468c10 f   lib:jclossls.obj
 0001:00067b7c       _start_pass                00468b7c f   lib:jclossy.obj
 0001:000670d1       _initial_setup             004680d1 f   lib:jcmaster.obj
 0001:00067284       _validate_script           00468284 f   lib:jcmaster.obj
 0001:0006765c       _prepare_for_pass          0046865c f   lib:jcmaster.obj
 0001:000677d4       _select_scan_parameters    004687d4 f   lib:jcmaster.obj
 0001:000678d5       _per_scan_setup            004688d5 f   lib:jcmaster.obj
 0001:00067a80       _pass_startup              00468a80 f   lib:jcmaster.obj
 0001:00067aa7       _finish_pass_master        00468aa7 f   lib:jcmaster.obj
 0001:00066bbd       _rgb_ycc_start             00467bbd f   lib:jccolor.obj
 0001:00066c81       _rgb_ycc_convert           00467c81 f   lib:jccolor.obj
 0001:00066d80       _rgb_gray_convert          00467d80 f   lib:jccolor.obj
 0001:00066e05       _cmyk_ycck_convert         00467e05 f   lib:jccolor.obj
 0001:00066f3d       _grayscale_convert         00467f3d f   lib:jccolor.obj
 0001:00066f97       _null_convert              00467f97 f   lib:jccolor.obj
 0001:00063ab4       _null_method               00464ab4 f   lib:jdcolor.obj
 0001:00063ab4       _start_pass_downsample     00464ab4 f   lib:jdcolor.obj
 0001:00066309       _sep_downsample            00467309 f   lib:jcsample.obj
 0001:0006637e       _int_downsample            0046737e f   lib:jcsample.obj
 0001:00066476       _expand_right_edge         00467476 f   lib:jcsample.obj
 0001:000664cb       _fullsize_downsample       004674cb f   lib:jcsample.obj
 0001:0006650f       _h2v1_downsample           0046750f f   lib:jcsample.obj
 0001:000665a3       _h2v2_downsample           004675a3 f   lib:jcsample.obj
 0001:00066650       _h2v2_smooth_downsample    00467650 f   lib:jcsample.obj
 0001:000668c8       _fullsize_smooth_downsample 004678c8 f   lib:jcsample.obj
 0001:00065d05       _start_pass_prep           00466d05 f   lib:jcprepct.obj
 0001:00065d43       _pre_process_data          00466d43 f   lib:jcprepct.obj
 0001:00065ef1       _pre_process_context       00466ef1 f   lib:jcprepct.obj
 0001:000660aa       _create_context_buffer     004670aa f   lib:jcprepct.obj
 0001:00065b7d       _start_pass_main           00466b7d f   lib:jcmainct.obj
 0001:00065bbf       _process_data_simple_main  00466bbf f   lib:jcmainct.obj
 0001:00065153       _create_colormap           00466153 f   lib:jquant1.obj
 0001:00065285       _select_ncolors            00466285 f   lib:jquant1.obj
 0001:0006535c       _create_colorindex         0046635c f   lib:jquant1.obj
 0001:00065488       _alloc_fs_workspace        00466488 f   lib:jquant1.obj
 0001:000654c4       _start_pass_1_quant        004664c4 f   lib:jquant1.obj
 0001:00065590       _create_odither_tables     00466590 f   lib:jquant1.obj
 0001:000655ef       _make_odither_array        004665ef f   lib:jquant1.obj
 0001:00065652       _color_quantize            00466652 f   lib:jquant1.obj
 0001:000656dd       _color_quantize3           004666dd f   lib:jquant1.obj
 0001:0006576b       _quantize_ord_dither       0046676b f   lib:jquant1.obj
 0001:00065856       _quantize3_ord_dither      00466856 f   lib:jquant1.obj
 0001:00065956       _quantize_fs_dither        00466956 f   lib:jquant1.obj
 0001:00063ab4       _finish_pass_1_quant       00464ab4 f   lib:jdcolor.obj
 0001:00065ada       _new_color_map_1_quant     00466ada f   lib:jquant1.obj
 0001:00064114       _init_error_limit          00465114 f   lib:jquant2.obj
 0001:000641b3       _start_pass_2_quant        004651b3 f   lib:jquant2.obj
 0001:000642b5       _prescan_quantize          004652b5 f   lib:jquant2.obj
 0001:00064324       _pass2_no_dither           00465324 f   lib:jquant2.obj
 0001:000643d1       _fill_inverse_cmap         004653d1 f   lib:jquant2.obj
 0001:0006449c       _find_nearby_colors        0046549c f   lib:jquant2.obj
 0001:00064640       _find_best_colors          00465640 f   lib:jquant2.obj
 0001:0006475a       _pass2_fs_dither           0046575a f   lib:jquant2.obj
 0001:000649c9       _finish_pass1              004659c9 f   lib:jquant2.obj
 0001:000649eb       _select_colors             004659eb f   lib:jquant2.obj
 0001:00064a77       _update_box                00465a77 f   lib:jquant2.obj
 0001:00064e11       _median_cut                00465e11 f   lib:jquant2.obj
 0001:00064f25       _find_biggest_color_pop    00465f25 f   lib:jquant2.obj
 0001:00064f54       _find_biggest_volume       00465f54 f   lib:jquant2.obj
 0001:00064f7d       _compute_color             00465f7d f   lib:jquant2.obj
 0001:00063ab4       _finish_pass2              00464ab4 f   lib:jdcolor.obj
 0001:000650b9       _new_color_map_2_quant     004660b9 f   lib:jquant2.obj
 0001:00063b2b       _build_ycc_rgb_table       00464b2b f   lib:jdmerge.obj
 0001:00063bdb       _start_pass_merged_upsample 00464bdb f   lib:jdmerge.obj
 0001:00063bf0       _merged_2v_upsample        00464bf0 f   lib:jdmerge.obj
 0001:00063c97       _merged_1v_upsample        00464c97 f   lib:jdmerge.obj
 0001:00063cc8       _h2v1_merged_upsample      00464cc8 f   lib:jdmerge.obj
 0001:00063e1e       _h2v2_merged_upsample      00464e1e f   lib:jdmerge.obj
 0001:000636ce       _build_ycc_rgb_table       004646ce f   lib:jdcolor.obj
 0001:0006377e       _ycc_rgb_convert           0046477e f   lib:jdcolor.obj
 0001:0006388c       _null_convert              0046488c f   lib:jdcolor.obj
 0001:00063904       _grayscale_convert         00464904 f   lib:jdcolor.obj
 0001:00063927       _gray_rgb_convert          00464927 f   lib:jdcolor.obj
 0001:00063980       _ycck_cmyk_convert         00464980 f   lib:jdcolor.obj
 0001:00063ab4       _start_pass_dcolor         00464ab4 f   lib:jdcolor.obj
 0001:0006312f       _start_pass_upsample       0046412f f   lib:jdsample.obj
 0001:00063149       _sep_upsample              00464149 f   lib:jdsample.obj
 0001:00063216       _fullsize_upsample         00464216 f   lib:jdsample.obj
 0001:00063221       _noop_upsample             00464221 f   lib:jdsample.obj
 0001:00063229       _int_upsample              00464229 f   lib:jdsample.obj
 0001:00063313       _h2v1_upsample             00464313 f   lib:jdsample.obj
 0001:0006336a       _h2v2_upsample             0046436a f   lib:jdsample.obj
 0001:000633dc       _h2v1_fancy_upsample       004643dc f   lib:jdsample.obj
 0001:0006347f       _h2v2_fancy_upsample       0046447f f   lib:jdsample.obj
 0001:00062d38       _start_pass_dpost          00463d38 f   lib:jdpostct.obj
 0001:00062dde       _post_process_1pass        00463dde f   lib:jdpostct.obj
 0001:00062e43       _post_process_prepass      00463e43 f   lib:jdpostct.obj
 0001:00062ed4       _post_process_2pass        00463ed4 f   lib:jdpostct.obj
 0001:0006273f       _alloc_funny_pointers      0046373f f   lib:jdmainct.obj
 0001:000627ec       _start_pass_main           004637ec f   lib:jdmainct.obj
 0001:00062854       _make_funny_pointers       00463854 f   lib:jdmainct.obj
 0001:00062994       _process_data_simple_main  00463994 f   lib:jdmainct.obj
 0001:000629fc       _process_data_context_main 004639fc f   lib:jdmainct.obj
 0001:00062b0e       _set_wraparound_pointers   00463b0e f   lib:jdmainct.obj
 0001:00062bf8       _set_bottom_pointers       00463bf8 f   lib:jdmainct.obj
 0001:00062c92       _process_data_crank_post   00463c92 f   lib:jdmainct.obj
 0001:0006259f       _read_backing_store        0046359f f   lib:jmemansi.obj
 0001:000625fa       _write_backing_store       004635fa f   lib:jmemansi.obj
 0001:00062655       _close_backing_store       00463655 f   lib:jmemansi.obj
 0001:0006139e       _write_marker_header       0046239e f   lib:jcmarker.obj
 0001:000613f4       _emit_byte                 004623f4 f   lib:jcmarker.obj
 0001:00061425       _write_marker_byte         00462425 f   lib:jcmarker.obj
 0001:00061435       _write_file_header         00462435 f   lib:jcmarker.obj
 0001:00061481       _emit_jfif_app0            00462481 f   lib:jcmarker.obj
 0001:00061554       _emit_adobe_app14          00462554 f   lib:jcmarker.obj
 0001:000615fa       _write_frame_header        004625fa f   lib:jcmarker.obj
 0001:000616d9       _emit_dqt                  004626d9 f   lib:jcmarker.obj
 0001:000617c8       _emit_sof                  004627c8 f   lib:jcmarker.obj
 0001:000618a4       _write_scan_header         004628a4 f   lib:jcmarker.obj
 0001:00061964       _emit_dht                  00462964 f   lib:jcmarker.obj
 0001:00061a3d       _emit_dri                  00462a3d f   lib:jcmarker.obj
 0001:00061a8c       _emit_sos                  00462a8c f   lib:jcmarker.obj
 0001:00061b7a       _write_file_trailer        00462b7a f   lib:jcmarker.obj
 0001:00061b9a       _write_tables_only         00462b9a f   lib:jcmarker.obj
 0001:00060ef3       _use_merged_upsample       00461ef3 f   lib:jdmaster.obj
 0001:00060f99       _master_selection          00461f99 f   lib:jdmaster.obj
 0001:000610f6       _prepare_range_limit_table 004620f6 f   lib:jdmaster.obj
 0001:0006117c       _prepare_for_output_pass   0046217c f   lib:jdmaster.obj
 0001:0006129d       _finish_output_pass        0046229d f   lib:jdmaster.obj
 0001:0006036a       _alloc_small               0046136a f   lib:jmemmgr.obj
 0001:00060488       _alloc_large               00461488 f   lib:jmemmgr.obj
 0001:00060539       _alloc_sarray              00461539 f   lib:jmemmgr.obj
 0001:000605d1       _alloc_barray              004615d1 f   lib:jmemmgr.obj
 0001:00060675       _alloc_darray              00461675 f   lib:jmemmgr.obj
 0001:00060720       _request_virt_sarray       00461720 f   lib:jmemmgr.obj
 0001:00060781       _request_virt_barray       00461781 f   lib:jmemmgr.obj
 0001:000607e2       _realize_virt_arrays       004617e2 f   lib:jmemmgr.obj
 0001:00060965       _access_virt_sarray        00461965 f   lib:jmemmgr.obj
 0001:00060a85       _do_sarray_io              00461a85 f   lib:jmemmgr.obj
 0001:00060b15       _access_virt_barray        00461b15 f   lib:jmemmgr.obj
 0001:00060c3a       _do_barray_io              00461c3a f   lib:jmemmgr.obj
 0001:00060ccb       _free_pool                 00461ccb f   lib:jmemmgr.obj
 0001:00060db2       _self_destruct             00461db2 f   lib:jmemmgr.obj
 0001:0005fdac       _start_input_pass          00460dac f   lib:jdinput.obj
 0001:0005fdda       _per_scan_setup            00460dda f   lib:jdinput.obj
 0001:0005ff60       _finish_input_pass         00460f60 f   lib:jdinput.obj
 0001:0005ff71       _consume_markers           00460f71 f   lib:jdinput.obj
 0001:0006000d       _initial_setup             0046100d f   lib:jdinput.obj
 0001:00060217       _reset_input_controller    00461217 f   lib:jdinput.obj
 0001:0005fb65       _fixedtables               00460b65 f   lib:inflate.obj
 0001:0005fc4f       _updatewindow              00460c4f f   lib:inflate.obj
 0001:0005e6f1       _crc32_little              0045f6f1 f   lib:crc32.obj
 0001:0005e60e       _init_destination          0045f60e f   lib:jdatadst.obj
 0001:0005e634       _empty_output_buffer       0045f634 f   lib:jdatadst.obj
 0001:0005e676       _term_destination          0045f676 f   lib:jdatadst.obj
 0001:0005e195       _std_huff_tables           0045f195 f   lib:jcparam.obj
 0001:0005e1ef       _add_huff_table            0045f1ef f   lib:jcparam.obj
 0001:0005c6e6       _next_marker               0045d6e6 f   lib:jdmarker.obj
 0001:0005c820       _get_interesting_appn      0045d820 f   lib:jdmarker.obj
 0001:0005c94b       _examine_app0              0045d94b f   lib:jdmarker.obj
 0001:0005cb59       _examine_app14             0045db59 f   lib:jdmarker.obj
 0001:0005cc1a       _skip_variable             0045dc1a f   lib:jdmarker.obj
 0001:0005ccbd       _read_markers              0045dcbd f   lib:jdmarker.obj
 0001:0005cec5       _get_soi                   0045dec5 f   lib:jdmarker.obj
 0001:0005cf70       _get_sof                   0045df70 f   lib:jdmarker.obj
 0001:0005d279       _get_sos                   0045e279 f   lib:jdmarker.obj
 0001:0005d567       _get_dht                   0045e567 f   lib:jdmarker.obj
 0001:0005d808       _get_dqt                   0045e808 f   lib:jdmarker.obj
 0001:0005da64       _get_dri                   0045ea64 f   lib:jdmarker.obj
 0001:0005db43       _first_marker              0045eb43 f   lib:jdmarker.obj
 0001:0005dbdf       _read_restart_marker       0045ebdf f   lib:jdmarker.obj
 0001:0005dc5d       _reset_marker_reader       0045ec5d f   lib:jdmarker.obj
 0001:0005c4ca       _output_pass_setup         0045d4ca f   lib:jdapistd.obj
 0001:0005c1be       _default_decompress_parms  0045d1be f   lib:jdapimin.obj

 70 bytes saved through ICF

