 quake2

 Timestamp is 3f674d41 (Tue Sep 16 21:49:53 2003)

 Preferred load address is 00400000

 Start         Length     Name                   Class
 0001:00000000 0006c600H .text                   CODE
 0002:00000000 00000324H .idata$5                DATA
 0002:00000328 0000196cH .rdata                  DATA
 0002:00001c94 00000078H .idata$2                DATA
 0002:00001d0c 00000014H .idata$3                DATA
 0002:00001d20 00000324H .idata$4                DATA
 0002:00002044 00000a36H .idata$6                DATA
 0002:00002a7a 00000000H .edata                  DATA
 0003:00000000 00000004H .CRT$XCA                DATA
 0003:00000004 00000004H .CRT$XCZ                DATA
 0003:00000008 00000004H .CRT$XIA                DATA
 0003:0000000c 00000004H .CRT$XIZ                DATA
 0003:00000010 00015224H .data                   DATA
 0003:00015238 00a76800H .bss                    DATA
 0004:00000000 00000130H .rsrc$01                DATA
 0004:00000130 00003f20H .rsrc$02                DATA

  Address         Publics by Value              Rva+Base     Lib:Object

 0001:00000000       _CDAudio_Play2             00401000 f   cd_win.obj
 0001:000001e5       _CDAudio_Play              004011e5 f   cd_win.obj
 0001:000001fc       _CDAudio_Stop              004011fc f   cd_win.obj
 0001:00000241       _CDAudio_Pause             00401241 f   cd_win.obj
 0001:0000029a       _CDAudio_Resume            0040129a f   cd_win.obj
 0001:0000030c       _CDAudio_MessageHandler    0040130c f   cd_win.obj
 0001:000003a3       _CDAudio_Update            004013a3 f   cd_win.obj
 0001:000003da       _CDAudio_Init              004013da f   cd_win.obj
 0001:000007d1       _CDAudio_Shutdown          004017d1 f   cd_win.obj
 0001:00000804       _CDAudio_Activate          00401804 f   cd_win.obj
 0001:00000815       _SCR_StopCinematic         00401815 f   cl_cin.obj
 0001:000008b1       _SCR_FinishCinematic       004018b1 f   cl_cin.obj
 0001:000008f3       _SCR_RunCinematic          004018f3 f   cl_cin.obj
 0001:00000d10       _SCR_DrawCinematic         00401d10 f   cl_cin.obj
 0001:00000db4       _SCR_PlayCinematic         00401db4 f   cl_cin.obj
 0001:00001101       _CL_ParseEntityBits        00402101 f   cl_ents.obj
 0001:00001163       _CL_ParseDelta             00402163 f   cl_ents.obj
 0001:000014fc       _CL_DeltaEntity            004024fc f   cl_ents.obj
 0001:00001679       _CL_ParsePacketEntities    00402679 f   cl_ents.obj
 0001:000018a5       _CL_ParsePlayerstate       004028a5 f   cl_ents.obj
 0001:00001bb3       _CL_FireEntityEvents       00402bb3 f   cl_ents.obj
 0001:00001c05       _CL_ParseFrame             00402c05 f   cl_ents.obj
 0001:00001ed3       _CL_AddEntityBox           00402ed3 f   cl_ents.obj
 0001:00001fc3       _CL_OffsetThirdPersonView  00402fc3 f   cl_ents.obj
 0001:0000207d       _CL_CalcViewValues         0040307d f   cl_ents.obj
 0001:00002348       _CL_AddEntities            00403348 f   cl_ents.obj
 0001:0000316d       _CL_GetEntitySoundOrigin   0040416d f   cl_ents.obj
 0001:000031a3       _CL_ClearLightStyles       004041a3 f   cl_fx.obj
 0001:00003227       _CL_RunLightStyles         00404227 f   cl_fx.obj
 0001:000032c4       _CL_SetLightstyle          004042c4 f   cl_fx.obj
 0001:0000332e       _CL_AllocDlight            0040432e f   cl_fx.obj
 0001:0000339b       _CL_AddDLights             0040439b f   cl_fx.obj
 0001:000033fb       _CL_ClearParticles         004043fb f   cl_fx.obj
 0001:00003465       _CL_AllocParticleTrace     00404465 f   cl_fx.obj
 0001:00003508       _CL_AllocParticleBeam      00404508 f   cl_fx.obj
 0001:0000357b       _CL_AllocParticle          0040457b f   cl_fx.obj
 0001:000035c9       _CL_UpdateParticles        004045c9 f   cl_fx.obj
 0001:00003b6d       _CL_MetalSparks            00404b6d f   cl_fx.obj
 0001:00003c5a       _CL_ParseMuzzleFlash       00404c5a f   cl_fx.obj
 0001:0000449b       _CL_ParseMuzzleFlash2      0040549b f   cl_fx.obj
 0001:00004b81       _CL_ParticleEffect         00405b81 f   cl_fx.obj
 0001:00004c50       _CL_ParticleEffect2        00405c50 f   cl_fx.obj
 0001:00004d1b       _CL_ParticleEffect3        00405d1b f   cl_fx.obj
 0001:00004deb       _CL_TeleporterParticles    00405deb f   cl_fx.obj
 0001:00004ea2       _CL_LogoutEffect           00405ea2 f   cl_fx.obj
 0001:00004f8d       _CL_ItemRespawnParticles   00405f8d f   cl_fx.obj
 0001:0000503c       _CL_ExplosionParticles     0040603c f   cl_fx.obj
 0001:000050e6       _CL_BigTeleportParticles   004060e6 f   cl_fx.obj
 0001:0000523d       _CL_BlasterParticles       0040623d f   cl_fx.obj
 0001:00005309       _CL_BlasterTrail           00406309 f   cl_fx.obj
 0001:000053fc       _CL_FlagTrail              004063fc f   cl_fx.obj
 0001:000054fc       _CL_DiminishingTrail       004064fc f   cl_fx.obj
 0001:00005760       _CL_RocketTrail            00406760 f   cl_fx.obj
 0001:0000588d       _CL_RailTrail              0040688d f   cl_fx.obj
 0001:00005ab3       _CL_RailTrailExt           00406ab3 f   cl_fx.obj
 0001:00005b9c       _CL_IonripperTrail         00406b9c f   cl_fx.obj
 0001:00005caf       _CL_BubbleTrail            00406caf f   cl_fx.obj
 0001:00005dcd       _CL_FlyParticles           00406dcd f   cl_fx.obj
 0001:00005f6c       _CL_FlyEffect              00406f6c f   cl_fx.obj
 0001:00005fef       _CL_BfgParticles           00406fef f   cl_fx.obj
 0001:000061c9       _CL_TrapParticles          004071c9 f   cl_fx.obj
 0001:0000644c       _CL_BFGExplosionParticles  0040744c f   cl_fx.obj
 0001:000064f6       _CL_TeleportParticles      004074f6 f   cl_fx.obj
 0001:0000662f       _CL_EntityEvent            0040762f f   cl_fx.obj
 0001:0000680d       _CL_ClearEffects           0040780d f   cl_fx.obj
 0001:0000682b       _IN_CenterView             0040782b f   cl_input.obj
 0001:0000684c       _CL_InitInput              0040784c f   cl_input.obj
 0001:00006d2c       _CL_SendCmd                00407d2c f   cl_input.obj
 0001:00007427       _CL_ParseInventory         00408427 f   cl_inv.obj
 0001:00007447       _CL_DrawInventory          00408447 f   cl_inv.obj
 0001:0000769d       _CL_WriteDemoMessage       0040869d f   cl_main.obj
 0001:000076df       _CL_Stop_f                 004086df f   cl_main.obj
 0001:0000773a       _CL_Record_f               0040873a f   cl_main.obj
 0001:000079dd       _Cmd_ForwardToServer       004089dd f   cl_main.obj
 0001:00007a49       _CL_Setenv_f               00408a49 f   cl_main.obj
 0001:00007b0d       _CL_ForwardToServer_f      00408b0d f   cl_main.obj
 0001:00007b5b       _CL_Pause_f                00408b5b f   cl_main.obj
 0001:00007b9d       _CL_Quit_f                 00408b9d f   cl_main.obj
 0001:00007ba7       _CL_Drop                   00408ba7 f   cl_main.obj
 0001:00007bc9       _CL_SendConnectPacket      00408bc9 f   cl_main.obj
 0001:00007ca0       _CL_CheckForResend         00408ca0 f   cl_main.obj
 0001:00007da4       _CL_Connect_f              00408da4 f   cl_main.obj
 0001:00007e25       _CL_Rcon_f                 00408e25 f   cl_main.obj
 0001:00007f30       _CL_ClearState             00408f30 f   cl_main.obj
 0001:00007f6f       _CL_Disconnect             00408f6f f   cl_main.obj
 0001:000080b1       _CL_Disconnect_f           004090b1 f   cl_main.obj
 0001:000080c0       _CL_Changing_f             004090c0 f   cl_main.obj
 0001:000080e4       _CL_Reconnect_f            004090e4 f   cl_main.obj
 0001:00008180       _CL_PingServers_f          00409180 f   cl_main.obj
 0001:000082e8       _CL_Skins_f                004092e8 f   cl_main.obj
 0001:00008324       _CL_ConnectionlessPacket   00409324 f   cl_main.obj
 0001:00008682       _CL_ReadPackets            00409682 f   cl_main.obj
 0001:00008776       _CL_FixUpGender            00409776 f   cl_main.obj
 0001:00008826       _CL_Userinfo_f             00409826 f   cl_main.obj
 0001:0000883e       _CL_Snd_Restart_f          0040983e f   cl_main.obj
 0001:0000884d       _CL_RequestNextDownload    0040984d f   cl_main.obj
 0001:00008e90       _CL_Precache_f             00409e90 f   cl_main.obj
 0001:00008f56       _CL_WriteConfiguration     00409f56 f   cl_main.obj
 0001:00008ffa       _CL_WriteConfig_f          00409ffa f   cl_main.obj
 0001:00009059       _CL_InitLocal              0040a059 f   cl_main.obj
 0001:00009279       _CL_FixCvarCheats          0040a279 f   cl_main.obj
 0001:000092ca       _CL_Frame                  0040a2ca f   cl_main.obj
 0001:00009507       _CL_Init                   0040a507 f   cl_main.obj
 0001:00009554       _CL_Shutdown               0040a554 f   cl_main.obj
 0001:0000959a       _vectoangles2              0040a59a f   cl_newfx.obj
 0001:0000969c       _CL_Flashlight             0040a69c f   cl_newfx.obj
 0001:000096d6       _CL_ColorFlash             0040a6d6 f   cl_newfx.obj
 0001:00009712       _CL_DebugTrail             0040a712 f   cl_newfx.obj
 0001:000097f2       _CL_ForceWall              0040a7f2 f   cl_newfx.obj
 0001:00009919       _CL_BubbleTrail2           0040a919 f   cl_newfx.obj
 0001:00009a43       _CL_Heatbeam               0040aa43 f   cl_newfx.obj
 0001:00009cf4       _CL_ParticleSteamEffect    0040acf4 f   cl_newfx.obj
 0001:00009e1e       _CL_ParticleSteamEffect2   0040ae1e f   cl_newfx.obj
 0001:00009f55       _CL_TrackerTrail           0040af55 f   cl_newfx.obj
 0001:0000a0b6       _CL_Tracker_Shell          0040b0b6 f   cl_newfx.obj
 0001:0000a13f       _CL_MonsterPlasma_Shell    0040b13f f   cl_newfx.obj
 0001:0000a1c5       _CL_Widowbeamout           0040b1c5 f   cl_newfx.obj
 0001:0000a281       _CL_Nukeblast              0040b281 f   cl_newfx.obj
 0001:0000a33d       _CL_WidowSplash            0040b33d f   cl_newfx.obj
 0001:0000a405       _CL_TagTrail               0040b405 f   cl_newfx.obj
 0001:0000a505       _CL_ColorExplosionParticles 0040b505 f   cl_newfx.obj
 0001:0000a5b2       _CL_ParticleSmokeEffect    0040b5b2 f   cl_newfx.obj
 0001:0000a6da       _CL_BlasterParticles2      0040b6da f   cl_newfx.obj
 0001:0000a7a7       _CL_BlasterTrail2          0040b7a7 f   cl_newfx.obj
 0001:0000a89a       _CL_DownloadFileName       0040b89a f   cl_parse.obj
 0001:0000a8d9       _CL_CheckOrDownloadFile    0040b8d9 f   cl_parse.obj
 0001:0000ab14       _CL_Download_f             0040bb14 f   cl_parse.obj
 0001:0000abdf       _CL_RegisterSounds         0040bbdf f   cl_parse.obj
 0001:0000ac1e       _CL_ParseDownload          0040bc1e f   cl_parse.obj
 0001:0000ad8b       _CL_ParseServerData        0040bd8b f   cl_parse.obj
 0001:0000ae8e       _CL_ParseBaseline          0040be8e f   cl_parse.obj
 0001:0000aed6       _CL_LoadClientinfo         0040bed6 f   cl_parse.obj
 0001:0000b1c0       _CL_ParseClientinfo        0040c1c0 f   cl_parse.obj
 0001:0000b1e4       _CL_ParseConfigString      0040c1e4 f   cl_parse.obj
 0001:0000b381       _CL_ParseStartSoundPacket  0040c381 f   cl_parse.obj
 0001:0000b483       _CL_ParseServerMessage     0040c483 f   cl_parse.obj
 0001:0000b778       _CL_CheckPredictionError   0040c778 f   cl_pred.obj
 0001:0000b8bd       _CL_EntityTrace            0040c8bd f   cl_pred.obj
 0001:0000bba1       _CL_Trace                  0040cba1 f   cl_pred.obj
 0001:0000bbd9       _CL_PMpointcontents        0040cbd9 f   cl_pred.obj
 0001:0000bd0c       _CL_PredictMovement        0040cd0c f   cl_pred.obj
 0001:0000bfc7       _CL_AddNetgraph            0040cfc7 f   cl_scrn.obj
 0001:0000c0a1       _SCR_DebugGraph            0040d0a1 f   cl_scrn.obj
 0001:0000c0c9       _SCR_DrawDebugGraph        0040d0c9 f   cl_scrn.obj
 0001:0000c1c3       _SCR_CenterPrint           0040d1c3 f   cl_scrn.obj
 0001:0000c2c7       _SCR_DrawCenterString      0040d2c7 f   cl_scrn.obj
 0001:0000c395       _SCR_Sky_f                 0040d395 f   cl_scrn.obj
 0001:0000c440       _SCR_Init                  0040d440 f   cl_scrn.obj
 0001:0000c487       _SCR_DrawPause             0040d487 f   cl_scrn.obj
 0001:0000c4e5       _SCR_RunConsole            0040d4e5 f   cl_scrn.obj
 0001:0000c5c7       _SCR_DrawConsole           0040d5c7 f   cl_scrn.obj
 0001:0000c651       _SCR_SetLevelshot          0040d651 f   cl_scrn.obj
 0001:0000c6bc       _SCR_DrawLoading           0040d6bc f   cl_scrn.obj
 0001:0000c775       _SCR_BeginLoadingPlaque    0040d775 f   cl_scrn.obj
 0001:0000c7d5       _SCR_EndLoadingPlaque      0040d7d5 f   cl_scrn.obj
 0001:0000c7f3       _SCR_Loading_f             0040d7f3 f   cl_scrn.obj
 0001:0000c7f8       _SCR_TimeRefresh_f         0040d7f8 f   cl_scrn.obj
 0001:0000c8cf       _SCR_TileClear             0040d8cf f   cl_scrn.obj
 0001:0000c978       _DrawHUDString             0040d978 f   cl_scrn.obj
 0001:0000ca2a       _SCR_DrawField             0040da2a f   cl_scrn.obj
 0001:0000cad1       _SCR_TouchPics             0040dad1 f   cl_scrn.obj
 0001:0000cb64       _SCR_ExecuteLayoutString   0040db64 f   cl_scrn.obj
 0001:0000d335       _SCR_UpdateScreen          0040e335 f   cl_scrn.obj
 0001:0000d66a       _CL_RegisterTEntSounds     0040e66a f   cl_tent.obj
 0001:0000d8a2       _CL_RegisterTEntModels     0040e8a2 f   cl_tent.obj
 0001:0000da28       _CL_ClearTEnts             0040ea28 f   cl_tent.obj
 0001:0000da6f       _CL_AllocExplosion         0040ea6f f   cl_tent.obj
 0001:0000db0d       _CL_AddExplosions          0040eb0d f   cl_tent.obj
 0001:0000dce2       _CL_SmokeAndFlash          0040ece2 f   cl_tent.obj
 0001:0000dd2a       _CL_ParseBeam              0040ed2a f   cl_tent.obj
 0001:0000de09       _CL_ParseBeam2             0040ee09 f   cl_tent.obj
 0001:0000dee0       _CL_ParsePlayerBeam        0040eee0 f   cl_tent.obj
 0001:0000dfee       _CL_ParseLightning         0040efee f   cl_tent.obj
 0001:0000e0ba       _CL_ParseLaser             0040f0ba f   cl_tent.obj
 0001:0000e136       _CL_ParseSteam             0040f136 f   cl_tent.obj
 0001:0000e247       _CL_ParseWidow             0040f247 f   cl_tent.obj
 0001:0000e2b3       _CL_ParseNuke              0040f2b3 f   cl_tent.obj
 0001:0000e31d       _CL_ParseTEnt              0040f31d f   cl_tent.obj
 0001:0000f145       _CL_AddBeams               00410145 f   cl_tent.obj
 0001:0000f492       _CL_AddPlayerBeams         00410492 f   cl_tent.obj
 0001:0000fbd0       _CL_ProcessSustain         00410bd0 f   cl_tent.obj
 0001:0000fc11       _CL_AddTEnts               00410c11 f   cl_tent.obj
 0001:0000fc25       _V_AddEntity               00410c25 f   cl_view.obj
 0001:0000fc54       _V_AddLight                00410c54 f   cl_view.obj
 0001:0000fc99       _V_TestParticles           00410c99 f   cl_view.obj
 0001:0000fd57       _V_TestEntities            00410d57 f   cl_view.obj
 0001:0000fdf9       _V_TestLights              00410df9 f   cl_view.obj
 0001:0000fecc       _CL_PrepRefresh            00410ecc f   cl_view.obj
 0001:0001014c       _CalcFov                   0041114c f   cl_view.obj
 0001:000101c5       _V_Gun_Next_f              004111c5 f   cl_view.obj
 0001:000101de       _V_Gun_Prev_f              004111de f   cl_view.obj
 0001:00010200       _V_Gun_Model_f             00411200 f   cl_view.obj
 0001:00010234       _SCR_DrawCrosshair         00411234 f   cl_view.obj
 0001:000102a9       _V_RenderView              004112a9 f   cl_view.obj
 0001:00010e13       _V_Init                    00411e13 f   cl_view.obj
 0001:00011028       _Cbuf_Init                 00412028 f   cmd.obj
 0001:00011040       _Cbuf_AddText              00412040 f   cmd.obj
 0001:000110a8       _Cbuf_InsertText           004120a8 f   cmd.obj
 0001:00011100       _Cbuf_CopyToDefer          00412100 f   cmd.obj
 0001:0001112c       _Cbuf_InsertFromDefer      0041212c f   cmd.obj
 0001:0001113f       _Cbuf_Execute              0041213f f   cmd.obj
 0001:00011225       _Cmd_Exec_f                00412225 f   cmd.obj
 0001:000112aa       _Cmd_Echo_f                004122aa f   cmd.obj
 0001:000112ec       _Cmd_Alias_f               004122ec f   cmd.obj
 0001:00011413       _Cmd_Unalias_f             00412413 f   cmd.obj
 0001:0001149f       _Cmd_WriteAliases          0041249f f   cmd.obj
 0001:000114d0       _Cmd_Argc                  004124d0 f   cmd.obj
 0001:000114d6       _Cmd_Argv                  004124d6 f   cmd.obj
 0001:000114f0       _Cmd_Args                  004124f0 f   cmd.obj
 0001:000114f6       _Cmd_TokenizeString        004124f6 f   cmd.obj
 0001:000117d2       _Cmd_AddCommand            004127d2 f   cmd.obj
 0001:0001183a       _Cmd_RemoveCommand         0041283a f   cmd.obj
 0001:0001187c       _Cmd_ExecuteString         0041287c f   cmd.obj
 0001:0001195f       _Cmd_Init                  0041295f f   cmd.obj
 0001:00011a78       _CMod_GetSurfMaterial      00412a78 f   cmodel.obj
 0001:00011ad5       _CM_LoadMap                00412ad5 f   cmodel.obj
 0001:0001213d       _PlaneTypeForNormal        0041313d f i cmodel.obj
 0001:000122bd       _CM_InlineModel            004132bd f   cmodel.obj
 0001:0001230c       _CM_NumClusters            0041330c f   cmodel.obj
 0001:00012312       _CM_NumInlineModels        00413312 f   cmodel.obj
 0001:00012318       _CM_EntityString           00413318 f   cmodel.obj
 0001:0001231e       _CM_LeafContents           0041331e f   cmodel.obj
 0001:00012348       _CM_LeafCluster            00413348 f   cmodel.obj
 0001:00012373       _CM_LeafArea               00413373 f   cmodel.obj
 0001:0001239e       _CM_InitBoxHull            0041339e f   cmodel.obj
 0001:0001252e       _CM_HeadnodeForBox         0041352e f   cmodel.obj
 0001:000125e3       _CM_PointLeafnum           004135e3 f   cmodel.obj
 0001:00012642       _DISTANCE_TO_PLANE         00413642 f i cmodel.obj
 0001:0001268a       _CM_BoxLeafnums            0041368a f   cmodel.obj
 0001:0001275f       _BOX_ON_PLANE_SIDE         0041375f f i cmodel.obj
 0001:000127e4       _CM_PointContents          004137e4 f   cmodel.obj
 0001:00012809       _CM_TransformedPointContents 00413809 f   cmodel.obj
 0001:000128ee       _CM_TransformedPointContents2 004138ee f   cmodel.obj
 0001:00012989       _CM_BoxTrace               00413989 f   cmodel.obj
 0001:0001341a       _CM_TransformedBoxTrace    0041441a f   cmodel.obj
 0001:0001368a       _CM_TransformedBoxTrace2   0041468a f   cmodel.obj
 0001:00013847       _CM_BrushTrace             00414847 f   cmodel.obj
 0001:00013c3a       _CM_RefineBrushTrace       00414c3a f   cmodel.obj
 0001:00013c8a       _CM_DecompressVis          00414c8a f   cmodel.obj
 0001:00013d13       _CM_ClusterPVS             00414d13 f   cmodel.obj
 0001:00013d60       _CM_ClusterPHS             00414d60 f   cmodel.obj
 0001:00013dad       _FloodAreaConnections      00414dad f   cmodel.obj
 0001:00013e67       _CM_SetAreaPortalState     00414e67 f   cmodel.obj
 0001:00013e93       _CM_AreasConnected         00414e93 f   cmodel.obj
 0001:00013ee1       _CM_WriteAreaBits          00414ee1 f   cmodel.obj
 0001:00013f71       _CM_WritePortalState       00414f71 f   cmodel.obj
 0001:00013f8b       _CM_ReadPortalState        00414f8b f   cmodel.obj
 0001:00013fa9       _CM_HeadnodeVisible        00414fa9 f   cmodel.obj
 0001:00014011       _Com_BeginRedirect         00415011 f   common.obj
 0001:0001404e       _Com_EndRedirect           0041504e f   common.obj
 0001:00014079       _Com_Printf                00415079 f   common.obj
 0001:000141d8       _Com_DPrintf               004151d8 f   common.obj
 0001:0001423c       _DebugPrintf               0041523c f   common.obj
 0001:000142e4       _Com_WPrintf               004152e4 f   common.obj
 0001:0001433d       _Com_Error                 0041533d f   common.obj
 0001:00014438       _Com_Quit                  00415438 f   common.obj
 0001:00014468       _MatchWildcard             00415468 f   common.obj
 0001:000145bf       _MatchWildcard2            004155bf f   common.obj
 0001:0001460b       _IPWildcard                0041560b f   common.obj
 0001:000146e6       _Com_ServerState           004156e6 f   common.obj
 0001:000146ec       _Com_SetServerState        004156ec f   common.obj
 0001:000146f6       _MSG_WriteByte             004156f6 f   common.obj
 0001:000146f6       _MSG_WriteChar             004156f6 f   common.obj
 0001:0001470a       _MSG_WriteShort            0041570a f   common.obj
 0001:00014724       _MSG_WriteLong             00415724 f   common.obj
 0001:0001474e       _MSG_WriteFloat            0041574e f   common.obj
 0001:00014774       _MSG_WriteString           00415774 f   common.obj
 0001:000147ac       _MSG_WriteCoord            004157ac f   common.obj
 0001:000147db       _MSG_WritePos              004157db f   common.obj
 0001:0001485d       _MSG_WriteAngle            0041585d f   common.obj
 0001:00014886       _MSG_WriteAngle16          00415886 f   common.obj
 0001:000148bd       _MSG_WriteDeltaUsercmd     004158bd f   common.obj
 0001:00014a45       _MSG_WriteDir              00415a45 f   common.obj
 0001:00014ab2       _MSG_ReadDir               00415ab2 f   common.obj
 0001:00014aea       _MSG_WriteDeltaEntity      00415aea f   common.obj
 0001:00014ff4       _MSG_BeginReading          00415ff4 f   common.obj
 0001:00014ffd       _MSG_ReadChar              00415ffd f   common.obj
 0001:0001501e       _MSG_ReadByte              0041601e f   common.obj
 0001:0001503f       _MSG_ReadShort             0041603f f   common.obj
 0001:0001506f       _MSG_ReadLong              0041606f f   common.obj
 0001:000150ae       _MSG_ReadString            004160ae f   common.obj
 0001:000150e1       _MSG_ReadCoord             004160e1 f   common.obj
 0001:000150fb       _MSG_ReadPos               004160fb f   common.obj
 0001:0001514d       _MSG_ReadAngle             0041614d f   common.obj
 0001:00015167       _MSG_ReadAngle16           00416167 f   common.obj
 0001:00015181       _MSG_ReadDeltaUsercmd      00416181 f   common.obj
 0001:00015238       _MSG_ReadData              00416238 f   common.obj
 0001:0001525b       _SZ_Init                   0041625b f   common.obj
 0001:0001527d       _SZ_Clear                  0041627d f   common.obj
 0001:0001528a       _SZ_GetSpace               0041628a f   common.obj
 0001:000152f0       _SZ_Write                  004162f0 f   common.obj
 0001:00015311       _SZ_Print                  00416311 f   common.obj
 0001:0001535a       _Info_Print                0041635a f   common.obj
 0001:00015417       _COM_BlockSequenceCRCByte  00416417 f   common.obj
 0001:000154a3       _frand                     004164a3 f   common.obj
 0001:000154c0       _crand                     004164c0 f   common.obj
 0001:000154e3       _COM_CheckCmdlineVar       004164e3 f   common.obj
 0001:00015539       _QCommon_Init              00416539 f   common.obj
 0001:0001588c       _QCommon_Frame             0041688c f   common.obj
 0001:00015b77       __setargv                  00416b77 f   common.obj
 0001:00015b77       _jpeg_mem_term             00416b77 f   common.obj
 0001:00015b77       _QCommon_Shutdown          00416b77 f   common.obj
 0001:00015b77       _R_SurfacePatch            00416b77 f   common.obj
 0001:00015b78       _DeinitConProc             00416b78 f   conproc.obj
 0001:00015b89       _DrawStringCommon          00416b89 f   console.obj
 0001:00015be3       _DrawString                00416be3 f   console.obj
 0001:00015c03       _Con_ToggleConsole_f       00416c03 f   console.obj
 0001:00015c7f       _Con_ClearNotify           00416c7f f   console.obj
 0001:00015c91       _Con_CheckResize           00416c91 f   console.obj
 0001:00015db7       _Con_Print                 00416db7 f   console.obj
 0001:000160bb       _Con_DrawNotify            004170bb f   console.obj
 0001:000162f4       _Con_DrawConsole           004172f4 f   console.obj
 0001:0001689c       _Key_Console               0041789c f   console.obj
 0001:00016e0a       _Key_Message               00417e0a f   console.obj
 0001:00016ea6       _Con_Init                  00417ea6 f   console.obj
 0001:000170a7       _CRC_Block                 004180a7 f   crc.obj
 0001:000170e3       _Cvar_VariableValue        004180e3 f   cvar.obj
 0001:00017151       _Cvar_VariableInt          00418151 f   cvar.obj
 0001:00017164       _Cvar_VariableString       00418164 f   cvar.obj
 0001:0001717c       _Cvar_Get                  0041817c f   cvar.obj
 0001:0001740f       _Cvar_GetVars              0041840f f   cvar.obj
 0001:00017463       _Cvar_FullSet              00418463 f   cvar.obj
 0001:000174c0       _Cvar_SetValue             004184c0 f   cvar.obj
 0001:00017721       _Cvar_SetInteger           00418721 f   cvar.obj
 0001:00017743       _Cvar_Set                  00418743 f   cvar.obj
 0001:00017758       _Cvar_ForceSet             00418758 f   cvar.obj
 0001:0001776d       _Cvar_Clamp                0041876d f   cvar.obj
 0001:000177f7       _Cvar_ClampName            004187f7 f   cvar.obj
 0001:00017848       _Cvar_GetLatchedVars       00418848 f   cvar.obj
 0001:00017877       _Cvar_Command              00418877 f   cvar.obj
 0001:00017923       _Cvar_WriteVariables       00418923 f   cvar.obj
 0001:0001799d       _Cvar_BitInfo              0041899d f   cvar.obj
 0001:000179d6       _Cvar_Userinfo             004189d6 f   cvar.obj
 0001:000179df       _Cvar_Serverinfo           004189df f   cvar.obj
 0001:000179e8       _Cvar_Cheats               004189e8 f   cvar.obj
 0001:00017a41       _Cvar_Init                 00418a41 f   cvar.obj
 0001:000180dd       _FS_CreatePath             004190dd f   files.obj
 0001:00018127       _FS_CopyFile               00419127 f   files.obj
 0001:0001822a       _FS_CopyFiles              0041922a f   files.obj
 0001:00018303       _FS_RemoveFiles            00419303 f   files.obj
 0001:00018377       _Developer_searchpath      00419377 f   files.obj
 0001:000183bc       _FS_FCloseFile             004193bc f   files.obj
 0001:00018452       _FS_FOpenFile              00419452 f   files.obj
 0001:0001897a       _FS_FileExists             0041997a f   files.obj
 0001:00018bb6       _FS_Read                   00419bb6 f   files.obj
 0001:00018dfe       _FS_LoadFile               00419dfe f   files.obj
 0001:00018e60       _FS_FreeFile               00419e60 f   files.obj
 0001:00018e6b       _FS_Gamedir                00419e6b f   files.obj
 0001:00018e7f       _FS_LoadGameConfig         00419e7f f   files.obj
 0001:00018f44       _FS_SetGamedir             00419f44 f   files.obj
 0001:000195ef       _FS_ListFiles              0041a5ef f   files.obj
 0001:000198fd       _FS_NextPath               0041a8fd f   files.obj
 0001:00019921       _FS_InitFilesystem         0041a921 f   files.obj
 0001:0001a2ea       _LoadPCX                   0041b2ea f   images.obj
 0001:0001a421       _LoadTGA                   0041b421 f   images.obj
 0001:0001a614       _LoadJPG                   0041b614 f   images.obj
 0001:0001a8a7       _ImageExists               0041b8a7 f   images.obj
 0001:0001a9a1       _WriteTGA                  0041b9a1 f   images.obj
 0001:0001ab92       _WriteJPG                  0041bb92 f   images.obj
 0001:0001acba       _IN_MLookDown              0041bcba f   in_win.obj
 0001:0001acc5       _IN_MLookUp                0041bcc5 f   in_win.obj
 0001:0001ace8       _IN_MouseEvent             0041bce8 f   in_win.obj
 0001:0001ad52       _IN_Commands               0041bd52 f   in_win.obj
 0001:0001ae81       _IN_Init                   0041be81 f   in_win.obj
 0001:0001b1ab       _IN_Shutdown               0041c1ab f   in_win.obj
 0001:0001b28f       _IN_Move                   0041c28f f   in_win.obj
 0001:0001b7e9       _IN_Activate               0041c7e9 f   in_win.obj
 0001:0001b800       _IN_Frame                  0041c800 f   in_win.obj
 0001:0001bbed       _Key_KeynumToString        0041cbed f   keys.obj
 0001:0001bc87       _CompleteCommand           0041cc87 f   keys.obj
 0001:0001c5dc       _Key_SetBinding            0041d5dc f   keys.obj
 0001:0001c61a       _Key_FindBinding           0041d61a f   keys.obj
 0001:0001c668       _Key_Bindlist_f            0041d668 f   keys.obj
 0001:0001c704       _Key_WriteBindings         0041d704 f   keys.obj
 0001:0001c74c       _Key_Init                  0041d74c f   keys.obj
 0001:0001c9dc       _Key_Event                 0041d9dc f   keys.obj
 0001:0001cd25       _Key_ClearStates           0041dd25 f   keys.obj
 0001:0001cd6c       _Key_ClearTyping           0041dd6c f   keys.obj
 0001:0001cd85       _MD4Init                   0041dd85 f   md4.obj
 0001:0001cdad       _MD4Update                 0041ddad f   md4.obj
 0001:0001ce4b       _MD4Final                  0041de4b f   md4.obj
 0001:0001d53c       _Com_BlockChecksum         0041e53c f   md4.obj
 0001:0001d578       _Z_Free                    0041e578 f   memory.obj
 0001:0001d5d2       _Z_FreeTags                0041e5d2 f   memory.obj
 0001:0001d602       _Z_TagMalloc               0041e602 f   memory.obj
 0001:0001d673       _Z_Malloc                  0041e673 f   memory.obj
 0001:0001d695       _Z_BlockMalloc             0041e695 f   memory.obj
 0001:0001d6b0       _CreateMemoryChain         0041e6b0 f   memory.obj
 0001:0001d718       _FreeMemoryChain           0041e718 f   memory.obj
 0001:0001d742       _AllocChainBlock           0041e742 f   memory.obj
 0001:0001d78d       _CopyString                0041e78d f   memory.obj
 0001:0001d7b1       _ChainCopyString           0041e7b1 f   memory.obj
 0001:0001d7d9       _AllocNamedStruc           0041e7d9 f   memory.obj
 0001:0001d814       _ChainAllocNamedStruc      0041e814 f   memory.obj
 0001:0001d853       _FindNamedStruc            0041e853 f   memory.obj
 0001:0001d897       _FindNamedStrucByIndex     0041e897 f   memory.obj
 0001:0001d8ae       _IndexOfNamedStruc         0041e8ae f   memory.obj
 0001:0001d8dc       _AddToNamedList            0041e8dc f   memory.obj
 0001:0001d926       _ChainAddToNamedList       0041e926 f   memory.obj
 0001:0001d970       _FreeNamedList             0041e970 f   memory.obj
 0001:0001d98b       _Z_Init                    0041e98b f   memory.obj
 0001:0001d9c6       _M_PushMenu                0041e9c6 f   menu.obj
 0001:0001da83       _M_ForceMenuOff            0041ea83 f   menu.obj
 0001:0001dab0       _M_PopMenu                 0041eab0 f   menu.obj
 0001:0001db04       _Default_MenuKey           0041eb04 f   menu.obj
 0001:0001dc24       _M_Print                   0041ec24 f   menu.obj
 0001:0001dc6f       _M_DrawTextBox             0041ec6f f   menu.obj
 0001:0001de5b       _M_Main_Draw               0041ee5b f   menu.obj
 0001:0001dfdf       _M_Main_Key                0041efdf f   menu.obj
 0001:0001e0da       _M_Menu_Main_f             0041f0da f   menu.obj
 0001:0001e0f6       _M_Menu_Multiplayer_f      0041f0f6 f   menu.obj
 0001:0001e27b       _M_Menu_Keys_f             0041f27b f   menu.obj
 0001:0001e6fa       _M_Menu_Options_f          0041f6fa f   menu.obj
 0001:0001f005       _M_Menu_Video_f            00420005 f   menu.obj
 0001:0001f026       _M_Menu_Credits_f          00420026 f   menu.obj
 0001:0001f1eb       _M_Menu_Game_f             004201eb f   menu.obj
 0001:0001f47e       _M_Menu_LoadGame_f         0042047e f   menu.obj
 0001:0001f74e       _M_Menu_SaveGame_f         0042074e f   menu.obj
 0001:0001f8ae       _M_AddToServerList         004208ae f   menu.obj
 0001:0001f921       _M_Menu_JoinServer_f       00420921 f   menu.obj
 0001:0001fb85       _M_Menu_StartServer_f      00420b85 f   menu.obj
 0001:000203b0       _M_Menu_DMOptions_f        004213b0 f   menu.obj
 0001:00020b2c       _M_Menu_DownloadOptions_f  00421b2c f   menu.obj
 0001:00020dae       _M_Menu_AddressBook_f      00421dae f   menu.obj
 0001:00022169       _M_Init                    00423169 f   menu.obj
 0001:0002228d       _M_Draw                    0042328d f   menu.obj
 0001:0002231e       _M_Keydown                 0042331e f   menu.obj
 0001:0002233a       _LoadQ2BspFile             0042333a f   model.obj
 0001:0002290a       _LoadBspFile               0042390a f   model.obj
 0001:00022a2a       _ProcessEntstring          00423a2a f   model.obj
 0001:0002389a       _Netchan_Init              0042489a f   net_chan.obj
 0001:000238fa       _Netchan_OutOfBand         004248fa f   net_chan.obj
 0001:0002395a       _Netchan_OutOfBandPrint    0042495a f   net_chan.obj
 0001:0002399a       _Netchan_Setup             0042499a f   net_chan.obj
 0001:000239f5       _Netchan_NeedReliable      004249f5 f   net_chan.obj
 0001:00023a21       _Netchan_Transmit          00424a21 f   net_chan.obj
 0001:00023bc5       _Netchan_Process           00424bc5 f   net_chan.obj
 0001:00023cec       _NetadrToSockadr           00424cec f   net_wins.obj
 0001:00023d8e       _SockadrToNetadr           00424d8e f   net_wins.obj
 0001:00023df1       _NET_CompareAdr            00424df1 f   net_wins.obj
 0001:00023e57       _NET_CompareBaseAdr        00424e57 f   net_wins.obj
 0001:00023eb0       _NET_AdrToString           00424eb0 f   net_wins.obj
 0001:00023f69       _NET_StringToSockaddr      00424f69 f   net_wins.obj
 0001:000241a2       _NET_StringToAdr           004251a2 f   net_wins.obj
 0001:000241fb       _NET_IsLocalAddress        004251fb f   net_wins.obj
 0001:00024207       _NET_GetLoopPacket         00425207 f   net_wins.obj
 0001:0002428e       _NET_SendLoopPacket        0042528e f   net_wins.obj
 0001:000242da       _NET_GetPacket             004252da f   net_wins.obj
 0001:000243f8       _NET_SendPacket            004253f8 f   net_wins.obj
 0001:000244d2       _NET_IPSocket              004254d2 f   net_wins.obj
 0001:000245e8       _NET_OpenIP                004255e8 f   net_wins.obj
 0001:00024664       _NET_OpenIPX               00425664 f   net_wins.obj
 0001:000247bc       _NET_Config                004257bc f   net_wins.obj
 0001:0002484f       _NET_Init                  0042584f f   net_wins.obj
 0001:000248b9       _Pmove                     004258b9 f   pmove.obj
 0001:00026611       _NormalizeColor            00427611 f   q_shared2.obj
 0001:00026672       _NormalizeColor255         00427672 f   q_shared2.obj
 0001:000266d7       _Q_rsqrt                   004276d7 f   q_shared2.obj
 0001:00026707       _RotatePointAroundVector   00427707 f   q_shared2.obj
 0001:00026877       _AngleVectors              00427877 f   q_shared2.obj
 0001:000269d8       _ProjectPointOnPlane       004279d8 f   q_shared2.obj
 0001:00026a57       _PerpendicularVector       00427a57 f   q_shared2.obj
 0001:00026ad6       _MakeNormalVectors         00427ad6 f   q_shared2.obj
 0001:00026b3d       _MatrixMultiply            00427b3d f   q_shared2.obj
 0001:00026c24       _R_ConcatTransforms        00427c24 f   q_shared2.obj
 0001:00026d5e       _SetPlaneSignbits          00427d5e f   q_shared2.obj
 0001:00026d8e       _LerpAngle                 00427d8e f   q_shared2.obj
 0001:00026dd1       _anglemod                  00427dd1 f   q_shared2.obj
 0001:00026dfd       _BoxOnPlaneSide            00427dfd f   q_shared2.obj
 0001:00026f19       _ClearBounds               00427f19 f   q_shared2.obj
 0001:00026f42       _AddPointToBounds          00427f42 f   q_shared2.obj
 0001:00026f7b       _VectorCompare             00427f7b f   q_shared2.obj
 0001:00026fa9       _VectorNormalize           00427fa9 f   q_shared2.obj
 0001:00026ffd       _VectorNormalize2          00427ffd f   q_shared2.obj
 0001:00027055       _VectorNormalizeFast       00428055 f   q_shared2.obj
 0001:000270a6       _CrossProduct              004280a6 f   q_shared2.obj
 0001:000270e1       _VectorLength              004280e1 f   q_shared2.obj
 0001:00027110       _VectorDistance            00428110 f   q_shared2.obj
 0001:00027141       _VectorInverse             00428141 f   q_shared2.obj
 0001:0002715c       _VectorScale               0042815c f   q_shared2.obj
 0001:00027180       _AnglesToAxis              00428180 f   q_shared2.obj
 0001:000271be       _COM_FilePath              004281be f   q_shared2.obj
 0001:000271f4       _ShortSwap                 004281f4 f   q_shared2.obj
 0001:00027209       _va                        00428209 f   q_shared2.obj
 0001:00027256       _COM_ParseExt              00428256 f   q_shared2.obj
 0001:0002735f       _COM_QuoteString           0042835f f   q_shared2.obj
 0001:000273ba       _Com_PageInMemory          004283ba f   q_shared2.obj
 0001:000273d9       _Q_stricmp                 004283d9 f   q_shared2.obj
 0001:000273ea       _Q_strncasecmp             004283ea f   q_shared2.obj
 0001:00027442       _Q_strcasecmp              00428442 f   q_shared2.obj
 0001:00027458       _Q_strncpyz                00428458 f   q_shared2.obj
 0001:0002747c       _Q_strncpylower            0042847c f   q_shared2.obj
 0001:000274b6       _Q_CopyFilename            004284b6 f   q_shared2.obj
 0001:00027552       _Com_sprintf               00428552 f   q_shared2.obj
 0001:00027598       _Info_ValueForKey          00428598 f   q_shared2.obj
 0001:00027623       _Info_RemoveKey            00428623 f   q_shared2.obj
 0001:000276a9       _Info_SetValueForKey       004286a9 f   q_shared2.obj
 0001:000277e7       _Field_Key                 004287e7 f   qmenu.obj
 0001:00027a57       _Menu_AddItem              00428a57 f   qmenu.obj
 0001:00027a8c       _Menu_AdjustCursor         00428a8c f   qmenu.obj
 0001:00027bcb       _Menu_Center               00428bcb f   qmenu.obj
 0001:00027c03       _Menu_DrawDotsItem         00428c03 f   qmenu.obj
 0001:00027c42       _Menu_Draw                 00428c42 f   qmenu.obj
 0001:0002817a       _Menu_ItemAtCursor         0042917a f   qmenu.obj
 0001:00028192       _Menu_SelectItem           00429192 f   qmenu.obj
 0001:000281d4       _Menu_SetStatusBar         004291d4 f   qmenu.obj
 0001:000281e3       _Menu_SlideItem            004291e3 f   qmenu.obj
 0001:0002873f       _S_SoundInfo_f             0042973f f   snd_dma.obj
 0001:000287c9       _S_ReadModelsSex           004297c9 f   snd_dma.obj
 0001:000288b1       _S_IsFemale                004298b1 f   snd_dma.obj
 0001:0002893f       _S_Init                    0042993f f   snd_dma.obj
 0001:00028a12       _S_Shutdown                00429a12 f   snd_dma.obj
 0001:00028a9c       _S_FindName                00429a9c f   snd_dma.obj
 0001:00028b88       _S_AliasName               00429b88 f   snd_dma.obj
 0001:00028c14       _S_BeginRegistration       00429c14 f   snd_dma.obj
 0001:00028c25       _S_RegisterSound           00429c25 f   snd_dma.obj
 0001:00028c8b       _S_EndRegistration         00429c8b f   snd_dma.obj
 0001:00028d1e       _S_PickChannel             00429d1e f   snd_dma.obj
 0001:00028db5       _S_SpatializeOrigin        00429db5 f   snd_dma.obj
 0001:00028edc       _S_Spatialize              00429edc f   snd_dma.obj
 0001:00028f4d       _S_AllocPlaysound          00429f4d f   snd_dma.obj
 0001:00028f6c       _S_FreePlaysound           00429f6c f   snd_dma.obj
 0001:00028f9c       _S_IssuePlaysound          00429f9c f   snd_dma.obj
 0001:00029069       _S_RegisterSexedSound      0042a069 f   snd_dma.obj
 0001:0002914d       _S_StartSound              0042a14d f   snd_dma.obj
 0001:0002931c       _S_StartLocalSound         0042a31c f   snd_dma.obj
 0001:0002936b       _S_ClearBuffer             0042a36b f   snd_dma.obj
 0001:000293c3       _S_StopAllSounds           0042a3c3 f   snd_dma.obj
 0001:0002943e       _S_AddLoopSounds           0042a43e f   snd_dma.obj
 0001:00029610       _S_RawSamples              0042a610 f   snd_dma.obj
 0001:00029814       _S_Update                  0042a814 f   snd_dma.obj
 0001:0002992a       _GetSoundtime              0042a92a f   snd_dma.obj
 0001:00029991       _S_Update_                 0042a991 f   snd_dma.obj
 0001:00029a37       _S_Play                    0042aa37 f   snd_dma.obj
 0001:00029ae7       _S_SoundList               0042aae7 f   snd_dma.obj
 0001:00029ba8       _ResampleSfx               0042aba8 f   snd_mem.obj
 0001:00029cc0       _S_LoadSound               0042acc0 f   snd_mem.obj
 0001:00029de9       _FindNextChunk             0042ade9 f   snd_mem.obj
 0001:00029e73       _GetWavinfo                0042ae73 f   snd_mem.obj
 0001:0002a063       _S_WriteLinearBlastStereo16 0042b063 f   snd_mix.obj
 0001:0002a0d7       _S_TransferStereo16        0042b0d7 f   snd_mix.obj
 0001:0002a140       _S_TransferPaintBuffer     0042b140 f   snd_mix.obj
 0001:0002a29c       _S_PaintChannels           0042b29c f   snd_mix.obj
 0001:0002a4c9       _S_InitScaletable          0042b4c9 f   snd_mix.obj
 0001:0002a51d       _S_PaintChannelFrom8       0042b51d f   snd_mix.obj
 0001:0002a61f       _S_PaintChannelFrom16      0042b61f f   snd_mix.obj
 0001:0002a68a       _FreeSound                 0042b68a f   snd_win.obj
 0001:0002a79a       _SNDDMA_InitDirect         0042b79a f   snd_win.obj
 0001:0002ac6d       _SNDDMA_Init               0042bc6d f   snd_win.obj
 0001:0002ace9       _SNDDMA_GetDMAPos          0042bce9 f   snd_win.obj
 0001:0002ad33       _SNDDMA_BeginPainting      0042bd33 f   snd_win.obj
 0001:0002ae35       _SNDDMA_Submit             0042be35 f   snd_win.obj
 0001:0002ae5a       _SNDDMA_Shutdown           0042be5a f   snd_win.obj
 0001:0002ae5f       _S_Activate                0042be5f f   snd_win.obj
 0001:0002ae8a       _SV_SetMaster_f            0042be8a f   sv_ccmds.obj
 0001:0002af9c       _SV_WipeSavegame           0042bf9c f   sv_ccmds.obj
 0001:0002afca       _SV_CopySaveGame           0042bfca f   sv_ccmds.obj
 0001:0002b01f       _SV_WriteLevelFile         0042c01f f   sv_ccmds.obj
 0001:0002b0cd       _SV_ReadLevelFile          0042c0cd f   sv_ccmds.obj
 0001:0002b17b       _SV_WriteServerFile        0042c17b f   sv_ccmds.obj
 0001:0002b3b7       _SV_ReadServerFile         0042c3b7 f   sv_ccmds.obj
 0001:0002b4d1       _SV_DemoMap_f              0042c4d1 f   sv_ccmds.obj
 0001:0002b55b       _SV_GameMap_f              0042c55b f   sv_ccmds.obj
 0001:0002b6cd       _SV_Map_f                  0042c6cd f   sv_ccmds.obj
 0001:0002b73a       _SV_Loadgame_f             0042c73a f   sv_ccmds.obj
 0001:0002b83f       _SV_Savegame_f             0042c83f f   sv_ccmds.obj
 0001:0002b944       _SV_AddressBanned          0042c944 f   sv_ccmds.obj
 0001:0002b986       _SV_InitOperatorCommands   0042c986 f   sv_ccmds.obj
 0001:0002c325       _SV_EmitPacketEntities     0042d325 f   sv_ents.obj
 0001:0002c493       _SV_WritePlayerstateToClient 0042d493 f   sv_ents.obj
 0001:0002c9b7       _SV_WriteFrameToClient     0042d9b7 f   sv_ents.obj
 0001:0002ca73       _SV_FatPVS                 0042da73 f   sv_ents.obj
 0001:0002cba0       _SV_BuildClientFrame       0042dba0 f   sv_ents.obj
 0001:0002ce6b       _SV_RecordDemoMessage      0042de6b f   sv_ents.obj
 0001:0002cf8a       _SV_ShutdownGameProgs      0042df8a f   sv_game.obj
 0001:0002cfa3       _SV_InitGameProgs          0042dfa3 f   sv_game.obj
 0001:0002d843       _SV_FindIndex              0042e843 f   sv_init.obj
 0001:0002d90a       _SV_ModelIndex             0042e90a f   sv_init.obj
 0001:0002d920       _SV_SoundIndex             0042e920 f   sv_init.obj
 0001:0002d939       _SV_ImageIndex             0042e939 f   sv_init.obj
 0001:0002d952       _SV_CreateBaseline         0042e952 f   sv_init.obj
 0001:0002d9b0       _SV_CheckForSavegame       0042e9b0 f   sv_init.obj
 0001:0002da38       _SV_SpawnServer            0042ea38 f   sv_init.obj
 0001:0002dcd6       _SV_InitGame               0042ecd6 f   sv_init.obj
 0001:0002dec1       _SV_Map                    0042eec1 f   sv_init.obj
 0001:0002e07f       _SV_DropClient             0042f07f f   sv_main.obj
 0001:0002e0f4       _SV_StatusString           0042f0f4 f   sv_main.obj
 0001:0002e1d3       _SVC_Info                  0042f1d3 f   sv_main.obj
 0001:0002e2a9       _SVC_GetChallenge          0042f2a9 f   sv_main.obj
 0001:0002e351       _SVC_DirectConnect         0042f351 f   sv_main.obj
 0001:0002e7be       _Rcon_Validate             0042f7be f   sv_main.obj
 0001:0002e7ef       _SVC_RemoteCommand         0042f7ef f   sv_main.obj
 0001:0002e8c1       _SV_ConnectionlessPacket   0042f8c1 f   sv_main.obj
 0001:0002ea23       _SV_CalcPings              0042fa23 f   sv_main.obj
 0001:0002eaaa       _SV_GiveMsec               0042faaa f   sv_main.obj
 0001:0002eae9       _SV_ReadPackets            0042fae9 f   sv_main.obj
 0001:0002ebff       _SV_CheckTimeouts          0042fbff f   sv_main.obj
 0001:0002ecbf       _SV_PostprocessFrame       0042fcbf f   sv_main.obj
 0001:0002f0ab       _SV_MulticastHook          004300ab f   sv_main.obj
 0001:0002f413       _SV_TraceHook              00430413 f   sv_main.obj
 0001:0002f534       _SV_Frame                  00430534 f   sv_main.obj
 0001:0002f771       _SV_UserinfoChanged        00430771 f   sv_main.obj
 0001:0002f835       _SV_Init                   00430835 f   sv_main.obj
 0001:0002f898       _SV_Shutdown               00430898 f   sv_main.obj
 0001:0002fa75       _SV_FlushRedirect          00430a75 f   sv_send.obj
 0001:0002fae7       _SV_ClientPrintf           00430ae7 f   sv_send.obj
 0001:0002fb3d       _SV_BroadcastPrintf        00430b3d f   sv_send.obj
 0001:0002fc0e       _SV_BroadcastCommand       00430c0e f   sv_send.obj
 0001:0002fc60       _SV_Multicast              00430c60 f   sv_send.obj
 0001:0002fe50       _SV_MulticastOld           00430e50 f   sv_send.obj
 0001:0002fe63       _SV_StartSound             00430e63 f   sv_send.obj
 0001:000300d2       _SV_StartSoundOld          004310d2 f   sv_send.obj
 0001:00030102       _SV_StartSoundNew          00431102 f   sv_send.obj
 0001:00030132       _SV_SendClientDatagram     00431132 f   sv_send.obj
 0001:00030209       _SV_DemoCompleted          00431209 f   sv_send.obj
 0001:00030225       _SV_RateDrop               00431225 f   sv_send.obj
 0001:00030270       _SV_SendClientMessages     00431270 f   sv_send.obj
 0001:000303c3       _SV_BeginDemoserver        004313c3 f   sv_user.obj
 0001:00030413       _SV_New_f                  00431413 f   sv_user.obj
 0001:00030588       _SV_Configstrings_f        00431588 f   sv_user.obj
 0001:000306e2       _SV_Baselines_f            004316e2 f   sv_user.obj
 0001:00030856       _SV_Begin_f                00431856 f   sv_user.obj
 0001:000308b3       _SV_NextDownload_f         004318b3 f   sv_user.obj
 0001:00030987       _SV_BeginDownload_f        00431987 f   sv_user.obj
 0001:00030b9f       _SV_Disconnect_f           00431b9f f   sv_user.obj
 0001:00030baf       _SV_ShowServerinfo_f       00431baf f   sv_user.obj
 0001:00030bbc       _SV_Nextserver             00431bbc f   sv_user.obj
 0001:00030c1b       _SV_Nextserver_f           00431c1b f   sv_user.obj
 0001:00030c62       _SV_ExecuteUserCommand     00431c62 f   sv_user.obj
 0001:00030ccf       _SV_ClientThink            00431ccf f   sv_user.obj
 0001:00030d12       _SV_ExecuteClientMessage   00431d12 f   sv_user.obj
 0001:00030f3f       _SV_ClearWorld             00431f3f f   sv_world.obj
 0001:00031093       _SV_UnlinkEdict            00432093 f   sv_world.obj
 0001:000310f6       _SV_LinkEdict              004320f6 f   sv_world.obj
 0001:000316d2       _SV_AreaEdicts             004326d2 f   sv_world.obj
 0001:0003183d       _SV_PointContents          0043283d f   sv_world.obj
 0001:00031922       _SV_ClipMoveToEntities     00432922 f   sv_world.obj
 0001:00031c69       _SV_Trace                  00432c69 f   sv_world.obj
 0001:00031cd4       _Sys_Error                 00432cd4 f   sys_win.obj
 0001:00031d34       _Sys_Quit                  00432d34 f   sys_win.obj
 0001:00031e16       _Sys_Init                  00432e16 f   sys_win.obj
 0001:00032223       _Sys_ConsoleInput          00433223 f   sys_win.obj
 0001:00032383       _Sys_ConsoleOutput         00433383 f   sys_win.obj
 0001:00032434       _Sys_SendKeyEvents         00433434 f   sys_win.obj
 0001:0003249d       _Sys_GetClipboardData      0043349d f   sys_win.obj
 0001:000324f6       _Sys_AppActivate           004334f6 f   sys_win.obj
 0001:00032511       _Sys_UnloadGame            00433511 f   sys_win.obj
 0001:00032536       _Sys_GetGameAPI            00433536 f   sys_win.obj
 0001:00032623       _WinMain@16                00433623 f   sys_win.obj
 0001:00032703       _Vid_CreateWindow          00433703 f   vid_dll.obj
 0001:00032ea4       _Vid_DestroyWindow         00433ea4 f   vid_dll.obj
 0001:00032edf       _Vid_GetModeInfo           00433edf f   vid_dll.obj
 0001:00032f0e       _Vid_UpdateWindowPosAndSize 00433f0e f   vid_dll.obj
 0001:00032f75       _Vid_FreeReflib            00433f75 f   vid_dll.obj
 0001:00032fb6       _Vid_CheckChanges          00433fb6 f   vid_dll.obj
 0001:00033376       _Vid_Init                  00434376 f   vid_dll.obj
 0001:000333e7       _Vid_Shutdown              004343e7 f   vid_dll.obj
 0001:00033415       _Vid_MenuInit              00434415 f   vid_menu.obj
 0001:00033c5c       _Vid_MenuDraw              00434c5c f   vid_menu.obj
 0001:00033cf0       _Vid_MenuKey               00434cf0 f   vid_menu.obj
 0001:00034058       _GL_BackEnd                00435058 f   gl_backend.obj
 0001:000372f6       _GL_InitBackend            004382f6 f   gl_backend.obj
 0001:0003732d       _GL_ShutdownBackend        0043832d f   gl_backend.obj
 0001:00037341       _GL_AllocDynamicMemory     00438341 f   gl_buffers.obj
 0001:000373a1       _GL_ResizeDynamicMemory    004383a1 f   gl_buffers.obj
 0001:000373f3       _GL_AddSurfaceToPortal     004383f3 f   gl_buffers.obj
 0001:00037456       _GL_AddDynamicSurface      00438456 f   gl_buffers.obj
 0001:0003747e       _GL_InsertShaderIndex      0043847e f   gl_buffers.obj
 0001:000374ca       _GL_ClearPortal            004384ca f   gl_buffers.obj
 0001:000374e6       _GL_FinishPortal           004384e6 f   gl_buffers.obj
 0001:00037537       _GL_SortSurfaces           00438537 f   gl_buffers.obj
 0001:000376d2       _GL_ClearBuffers           004386d2 f   gl_buffers.obj
 0001:000376e9       _GL_AddEntity              004386e9 f   gl_frontend.obj
 0001:00037b3f       _GL_AddDlight              00438b3f f   gl_frontend.obj
 0001:00037cf7       _GL_DrawPortal             00438cf7 f   gl_frontend.obj
 0001:0003a687       _GL_TextureMode            0043b687 f   gl_image.obj
 0001:0003a727       _GL_CreateImage            0043b727 f   gl_image.obj
 0001:0003b450       _GL_SetRawPalette          0043c450 f   gl_image.obj
 0001:0003b481       _GL_DrawStretchRaw         0043c481 f   gl_image.obj
 0001:0003b731       _GL_SetupGamma             0043c731 f   gl_image.obj
 0001:0003b8f6       _GL_PerformScreenshot      0043c8f6 f   gl_image.obj
 0001:0003bb7f       _GL_InitImages             0043cb7f f   gl_image.obj
 0001:0003c142       _GL_ShutdownImages         0043d142 f   gl_image.obj
 0001:0003c1cd       _GL_LoadDelayedImages      0043d1cd f   gl_image.obj
 0001:0003c25c       _GL_ShowImages             0043d25c f   gl_image.obj
 0001:0003c492       _GL_FindImage              0043d492 f   gl_image.obj
 0001:0003c88f       _GL_Lock                   0043d88f f   gl_interface.obj
 0001:0003c920       _GL_Unlock                 0043d920 f   gl_interface.obj
 0001:0003cacf       _GL_Bind                   0043dacf f   gl_interface.obj
 0001:0003cbf1       _GL_BindForce              0043dbf1 f   gl_interface.obj
 0001:0003cc3e       _GL_TexEnv                 0043dc3e f   gl_interface.obj
 0001:0003cdbd       _GL_TexMipBias             0043ddbd f   gl_interface.obj
 0001:0003ce18       _GL_TexEnvColor            0043de18 f   gl_interface.obj
 0001:0003cec8       _GL_SelectTexture          0043dec8 f   gl_interface.obj
 0001:0003cf29       _GL_TexCoordPointer        0043df29 f   gl_interface.obj
 0001:0003cf59       _GL_SetMultitexture        0043df59 f   gl_interface.obj
 0001:0003d031       _GL_DisableTexCoordArrays  0043e031 f   gl_interface.obj
 0001:0003d08a       _GL_CullFace               0043e08a f   gl_interface.obj
 0001:0003d0db       _GL_DepthRange             0043e0db f   gl_interface.obj
 0001:0003d10e       _GL_State                  0043e10e f   gl_interface.obj
 0001:0003d267       _GL_EnableFog              0043e267 f   gl_interface.obj
 0001:0003d368       _GL_SetDefaultState        0043e368 f   gl_interface.obj
 0001:0003d487       _GL_Set2DMode              0043e487 f   gl_interface.obj
 0001:0003d582       _GL_Setup                  0043e582 f   gl_interface.obj
 0001:0003d68e       _GL_ShowLights             0043e68e f   gl_light.obj
 0001:0003dab3       _GL_LightForEntity         0043eab3 f   gl_light.obj
 0001:0003ed2c       _GL_DiffuseLight           0043fd2c f   gl_light.obj
 0001:0003eea4       _GL_InitLightGrid          0043fea4 f   gl_light.obj
 0001:0003ef40       _GL_PostLoadLights         0043ff40 f   gl_light.obj
 0001:0003f1de       _LM_Init                   004401de f   gl_lightmap.obj
 0001:0003f1f4       _LM_Flush                  004401f4 f   gl_lightmap.obj
 0001:0003f251       _LM_Done                   00440251 f   gl_lightmap.obj
 0001:0003f278       _LM_Save                   00440278 f   gl_lightmap.obj
 0001:0003f292       _LM_Restore                00440292 f   gl_lightmap.obj
 0001:0003f2ac       _LM_NewBlock               004402ac f   gl_lightmap.obj
 0001:0003f322       _LM_Rewind                 00440322 f   gl_lightmap.obj
 0001:0003f32a       _LM_NextBlock              0044032a f   gl_lightmap.obj
 0001:0003f357       _LM_CheckMinlight          00440357 f   gl_lightmap.obj
 0001:0003f3ed       _LM_AllocBlock             004403ed f   gl_lightmap.obj
 0001:0003f4a4       _LM_PutBlock               004404a4 f   gl_lightmap.obj
 0001:0003f8de       _LM_SortLightStyles        004408de f   gl_lightmap.obj
 0001:0003f96f       _GL_UpdateDynamicLightmap  0044096f f   gl_lightmap.obj
 0001:0003fe5d       _LM_IsMonotone             00440e5d f   gl_lightmap.obj
 0001:0003ff64       _GL_EnableRendering        00440f64 f   gl_main.obj
 0001:0003ff7f       _DrawTextLeft              00440f7f f   gl_main.obj
 0001:00040049       _DrawTextRight             00441049 f   gl_main.obj
 0001:00040087       _DrawText3D                00441087 f   gl_main.obj
 0001:00040225       _GL_GetRefAPI              00441225 f   gl_main.obj
 0001:0004194b       _GL_InitFuncTables         0044294b f   gl_math.obj
 0001:00041afc       _ModelToWorldCoord         00442afc f   gl_math.obj
 0001:00041b6d       _WorldToModelCoord         00442b6d f   gl_math.obj
 0001:00041bb4       _GetBoxRect                00442bb4 f   gl_math.obj
 0001:00041f25       _GL_FindModel              00442f25 f   gl_model.obj
 0001:000420a0       _GL_LoadWorldMap           004430a0 f   gl_model.obj
 0001:00043bc6       _GL_PointInLeaf            00444bc6 f   gl_model.obj
 0001:000444fc       _ATAN2_FUNC                004454fc f i gl_model.obj
 0001:0004469b       _GL_FindSkin               0044569b f   gl_model.obj
 0001:000447f4       _GL_ResetModels            004457f4 f   gl_model.obj
 0001:000448be       _GL_InitModels             004458be f   gl_model.obj
 0001:0004492b       _GL_ShutdownModels         0044592b f   gl_model.obj
 0001:00044941       _SubdividePlane            00445941 f   gl_poly.obj
 0001:00044d97       _FreeSubdividedPlane       00445d97 f   gl_poly.obj
 0001:00044daf       _GetSubdivideIndexes       00445daf f   gl_poly.obj
 0001:00044e02       _RemoveCollinearPoints     00445e02 f   gl_poly.obj
 0001:00044f16       _GetPolyArea               00445f16 f   gl_poly.obj
 0001:00044faa       _GL_InitShaders            00445faa f   gl_shader.obj
 0001:000450e0       _GL_ShutdownShaders        004460e0 f   gl_shader.obj
 0001:0004510a       _GL_SetShaderLightmap      0044610a f   gl_shader.obj
 0001:000454d1       _GL_SetShaderLightstyles   004464d1 f   gl_shader.obj
 0001:0004556d       _GL_GetAlphaShader         0044656d f   gl_shader.obj
 0001:000458aa       _GL_FindShader             004468aa f   gl_shader.obj
 0001:00045e0e       _GL_GetShaderByNum         00446e0e f   gl_shader.obj
 0001:00045e2c       _GL_ResetShaders           00446e2c f   gl_shader.obj
 0001:00046222       _GL_ClearSkyBox            00447222 f   gl_sky.obj
 0001:00046245       _GL_ShowWholeSky           00447245 f   gl_sky.obj
 0001:0004626d       _GL_AddSkySurface          0044726d f   gl_sky.obj
 0001:000467fe       _GL_TesselateSkySide       004477fe f   gl_sky.obj
 0001:00046ad6       _GLimp_SetMode             00447ad6 f   glw_imp.obj
 0001:00046d78       _GLimp_HasGamma            00447d78 f   glw_imp.obj
 0001:00046d8c       _GLimp_SetGamma            00447d8c f   glw_imp.obj
 0001:00046f11       _GLimp_Init                00447f11 f   glw_imp.obj
 0001:0004726f       _GLimp_Shutdown            0044826f f   glw_imp.obj
 0001:0004731d       _GLimp_EndFrame            0044831d f   glw_imp.obj
 0001:000473b9       _GLimp_AppActivate         004483b9 f   glw_imp.obj
 0001:00048aa0       _QGL_Shutdown              00449aa0 f   qgl_win.obj
 0001:00048ade       _QGL_Init                  00449ade f   qgl_win.obj
 0001:00048b61       _QGL_InitExtensions        00449b61 f   qgl_win.obj
 0001:00048ebd       _QGL_EnableLogging         00449ebd f   qgl_win.obj
 0001:00048f88       _QGL_LogMessage            00449f88 f   qgl_win.obj
 0001:00048f9f       _Hunk_Begin                00449f9f f   q_shwin.obj
 0001:00048fd9       _Hunk_Alloc                00449fd9 f   q_shwin.obj
 0001:00049060       _Hunk_End                  0044a060 f   q_shwin.obj
 0001:00049066       _Hunk_Free                 0044a066 f   q_shwin.obj
 0001:0004907f       _Sys_Milliseconds          0044a07f f   q_shwin.obj
 0001:000490b3       _Sys_Mkdir                 0044a0b3 f   q_shwin.obj
 0001:000490bf       _Sys_FindFirst             0044a0bf f   q_shwin.obj
 0001:0004913d       _Sys_FindNext              0044a13d f   q_shwin.obj
 0001:000491b2       _Sys_FindClose             0044a1b2 f   q_shwin.obj
 0001:000491cc       _R_Alias_clip_z            0044a1cc f   r_aclip.obj
 0001:0004928e       _R_Alias_clip_left         0044a28e f   r_aclip.obj
 0001:0004949a       _R_Alias_clip_right        0044a49a f   r_aclip.obj
 0001:000496a6       _R_Alias_clip_top          0044a6a6 f   r_aclip.obj
 0001:000498ba       _R_Alias_clip_bottom       0044a8ba f   r_aclip.obj
 0001:00049ace       _R_AliasClip               0044aace f   r_aclip.obj
 0001:00049b9e       _R_AliasClipTriangle       0044ab9e f   r_aclip.obj
 0001:00049d90       _R_AliasCheckFrameBBox     0044ad90 f   r_alias.obj
 0001:00049ec3       _R_AliasCheckBBox          0044aec3 f   r_alias.obj
 0001:00049f27       _R_AliasTransformVector    0044af27 f   r_alias.obj
 0001:00049f83       _R_AliasPreparePoints      0044af83 f   r_alias.obj
 0001:0004a21b       _R_AliasSetUpTransform     0044b21b f   r_alias.obj
 0001:0004a3a4       _R_AliasTransformFinalVerts 0044b3a4 f   r_alias.obj
 0001:0004a573       _R_AliasProjectAndClipTestFinalVert 0044b573 f   r_alias.obj
 0001:0004a622       _R_AliasSetupLighting      0044b622 f   r_alias.obj
 0001:0004a78c       _R_AliasSetupFrames        0044b78c f   r_alias.obj
 0001:0004a800       _R_AliasSetUpLerpData      0044b800 f   r_alias.obj
 0001:0004a928       _R_AliasDrawModel          0044b928 f   r_alias.obj
 0001:0004abaf       _R_EntityRotate            0044bbaf f   r_bsp.obj
 0001:0004ac2b       _R_RotateBmodel            0044bc2b f   r_bsp.obj
 0001:0004ad86       _R_RecursiveClipBPoly      0044bd86 f   r_bsp.obj
 0001:0004b0b6       _R_DrawSolidClippedSubmodelPolygons 0044c0b6 f   r_bsp.obj
 0001:0004b23d       _R_DrawSubmodelPolygons    0044c23d f   r_bsp.obj
 0001:0004b2cd       _R_RecursiveWorldNode      0044c2cd f   r_bsp.obj
 0001:0004b4ff       _R_RenderWorld             0044c4ff f   r_bsp.obj
 0001:0004b57a       _Draw_FindPic              0044c57a f   r_draw.obj
 0001:0004b5bd       _Draw_InitLocal            0044c5bd f   r_draw.obj
 0001:0004b5ce       _Draw_Char                 0044c5ce f   r_draw.obj
 0001:0004b6af       _Draw_CharColor            0044c6af f   r_draw.obj
 0001:0004b7be       _R_DrawTexts               0044c7be f   r_draw.obj
 0001:0004b834       _DrawText_Pos              0044c834 f   r_draw.obj
 0001:0004b90c       _DrawText_Left             0044c90c f   r_draw.obj
 0001:0004b934       _DrawText_Right            0044c934 f   r_draw.obj
 0001:0004b970       _Draw_GetPicSize           0044c970 f   r_draw.obj
 0001:0004b9b0       _Draw_StretchPicImplementation 0044c9b0 f   r_draw.obj
 0001:0004bada       _Draw_StretchPic           0044cada f   r_draw.obj
 0001:0004bb12       _Draw_StretchRaw           0044cb12 f   r_draw.obj
 0001:0004bb44       _Draw_Pic                  0044cb44 f   r_draw.obj
 0001:0004bcfd       _Draw_PicColor             0044ccfd f   r_draw.obj
 0001:0004beb6       _Draw_TileClear            0044ceb6 f   r_draw.obj
 0001:0004bf86       _Draw_Fill                 0044cf86 f   r_draw.obj
 0001:0004c022       _Draw_Fade                 0044d022 f   r_draw.obj
 0001:0004c084       _R_BeginEdgeFrame          0044d084 f   r_edge.obj
 0001:0004c140       _R_InsertNewEdges          0044d140 f   r_edge.obj
 0001:0004c186       _R_RemoveEdges             0044d186 f   r_edge.obj
 0001:0004c1a4       _R_StepActiveU             0044d1a4 f   r_edge.obj
 0001:0004c238       _R_CleanupSpan             0044d238 f   r_edge.obj
 0001:0004c288       _R_LeadingEdgeBackwards    0044d288 f   r_edge.obj
 0001:0004c31d       _R_TrailingEdge            0044d31d f   r_edge.obj
 0001:0004c381       _R_LeadingEdge             0044d381 f   r_edge.obj
 0001:0004c524       _R_GenerateSpans           0044d524 f   r_edge.obj
 0001:0004c592       _R_GenerateSpansBackward   0044d592 f   r_edge.obj
 0001:0004c600       _R_ScanEdges               0044d600 f   r_edge.obj
 0001:0004c7d7       _D_FlatFillSurface         0044d7d7 f   r_edge.obj
 0001:0004c831       _D_CalcGradients           0044d831 f   r_edge.obj
 0001:0004ca91       _D_BackgroundSurf          0044da91 f   r_edge.obj
 0001:0004cad1       _D_TurbulentSurf           0044dad1 f   r_edge.obj
 0001:0004cbe0       _D_SkySurf                 0044dbe0 f   r_edge.obj
 0001:0004cc61       _D_SolidSurf               0044dc61 f   r_edge.obj
 0001:0004cdb9       _D_DrawflatSurfaces        0044ddb9 f   r_edge.obj
 0001:0004ce09       _D_DrawSurfaces            0044de09 f   r_edge.obj
 0001:0004cf02       _R_ImageList_f             0044df02 f   r_image.obj
 0001:0004cfc3       _R_FindFreeImage           0044dfc3 f   r_image.obj
 0001:0004d011       _R_LoadPic                 0044e011 f   r_image.obj
 0001:0004d0a1       _R_LoadTex                 0044e0a1 f   r_image.obj
 0001:0004d12d       _R_LoadWal                 0044e12d f   r_image.obj
 0001:0004d183       _R_MipMap                  0044e183 f   r_image.obj
 0001:0004d2b1       _R_DownsampleImage         0044e2b1 f   r_image.obj
 0001:0004d3b6       _R_FindImage               0044e3b6 f   r_image.obj
 0001:0004d75b       _R_RegisterSkin            0044e75b f   r_image.obj
 0001:0004d769       _R_FreeUnusedImages        0044e769 f   r_image.obj
 0001:0004d7c9       _R_InitImages              0044e7c9 f   r_image.obj
 0001:0004d82f       _R_ShutdownImages          0044e82f f   r_image.obj
 0001:0004d86c       _R_MarkLights              0044e86c f   r_light.obj
 0001:0004d932       _R_PushDlights             0044e932 f   r_light.obj
 0001:0004d990       _R_LightPoint              0044e990 f   r_light.obj
 0001:0004dd5b       _R_AddDynamicLights        0044ed5b f   r_light.obj
 0001:0004dff9       _R_BuildLightMap           0044eff9 f   r_light.obj
 0001:0004e0ef       _R_InitTextures            0044f0ef f   r_main.obj
 0001:0004e1b0       _R_InitTurb                0044f1b0 f   r_main.obj
 0001:0004e22d       _R_Register                0044f22d f   r_main.obj
 0001:0004e295       _R_Init                    0044f295 f   r_main.obj
 0001:0004e326       _R_Shutdown                0044f326 f   r_main.obj
 0001:0004e39b       _R_NewMap                  0044f39b f   r_main.obj
 0001:0004e445       _R_MarkLeaves              0044f445 f   r_main.obj
 0001:0004e56c       _R_DrawEntitiesOnList      0044f56c f   r_main.obj
 0001:0004e714       _R_BmodelCheckBBox         0044f714 f   r_main.obj
 0001:0004e7c6       _R_FindTopnode             0044f7c6 f   r_main.obj
 0001:0004e81b       _RotatedBBox               0044f81b f   r_main.obj
 0001:0004e97d       _R_DrawBEntitiesOnList     0044f97d f   r_main.obj
 0001:0004eb7e       _R_EdgeDrawing             0044fb7e f   r_main.obj
 0001:0004ec53       _R_CalcPalette             0044fc53 f   r_main.obj
 0001:0004ed58       _R_SetLightLevel           0044fd58 f   r_main.obj
 0001:0004eda8       _R_RenderFrame             0044fda8 f   r_main.obj
 0001:0004ef8f       _R_InitGraphics            0044ff8f f   r_main.obj
 0001:0004f005       _R_BeginFrame              00450005 f   r_main.obj
 0001:0004f14c       _R_GammaCorrectAndSetPalette 0045014c f   r_main.obj
 0001:0004f1ab       _R_CinematicSetPalette     004501ab f   r_main.obj
 0001:0004f242       _Draw_BuildGammaTable      00450242 f   r_main.obj
 0001:0004f346       _R_DrawBeam                00450346 f   r_main.obj
 0001:0004f49b       _R_SetSky                  0045049b f   r_main.obj
 0001:0004f512       _Draw_GetPalette           00450512 f   r_main.obj
 0001:0004f65a       _Draw_ConCharColor         0045065a f   r_main.obj
 0001:0004f67b       _GetRefAPI                 0045067b f   r_main.obj
 0001:0004f8cb       _D_ViewChanged             004508cb f   r_misc.obj
 0001:0004fa3e       _R_PrintTimes              00450a3e f   r_misc.obj
 0001:0004faa6       _R_PrintDSpeeds            00450aa6 f   r_misc.obj
 0001:0004fb5b       _R_PrintAliasStats         00450b5b f   r_misc.obj
 0001:0004fb6e       _R_TransformFrustum        00450b6e f   r_misc.obj
 0001:0004fc2c       _TransformVector           00450c2c f   r_misc.obj
 0001:0004fc97       _R_SetUpFrustumIndexes     00450c97 f   r_misc.obj
 0001:0004fcfc       _R_ViewChanged             00450cfc f   r_misc.obj
 0001:00050045       _R_SetupFrame              00451045 f   r_misc.obj
 0001:00050220       _WritePCXfile              00451220 f   r_misc.obj
 0001:00050342       _R_ScreenShot              00451342 f   r_misc.obj
 0001:00050451       _Mod_Modellist_f           00451451 f   r_model.obj
 0001:000504af       _Mod_Init                  004514af f   r_model.obj
 0001:000504c7       _Mod_ForName               004514c7 f   r_model.obj
 0001:00050703       _Mod_PointInLeaf           00451703 f   r_model.obj
 0001:00050765       _Mod_DecompressVis         00451765 f   r_model.obj
 0001:000507e5       _Mod_ClusterPVS            004517e5 f   r_model.obj
 0001:00050812       _Mod_LoadLighting          00451812 f   r_model.obj
 0001:00050891       _R_NumberLeafs             00451891 f   r_model.obj
 0001:000508df       _Mod_LoadVertexes          004518df f   r_model.obj
 0001:00050921       _Mod_LoadEdges             00451921 f   r_model.obj
 0001:0005096f       _Mod_LoadTexinfo           0045196f f   r_model.obj
 0001:00050ad7       _CalcSurfaceExtents        00451ad7 f   r_model.obj
 0001:00050c57       _Mod_LoadFaces             00451c57 f   r_model.obj
 0001:00050dbe       _Mod_SetParent             00451dbe f   r_model.obj
 0001:00050de3       _Mod_LoadNodes             00451de3 f   r_model.obj
 0001:00050ed9       _Mod_LoadLeafs             00451ed9 f   r_model.obj
 0001:00050f82       _Mod_LoadMarksurfaces      00451f82 f   r_model.obj
 0001:00050ffe       _Mod_LoadSurfedges         00451ffe f   r_model.obj
 0001:0005103d       _Mod_LoadPlanes            0045203d f   r_model.obj
 0001:000510ac       _Mod_LoadBrushModel        004520ac f   r_model.obj
 0001:00051290       _Mod_LoadAliasModel        00452290 f   r_model.obj
 0001:0005150b       _Mod_LoadSpriteModel       0045250b f   r_model.obj
 0001:000515f2       _R_BeginRegistration       004525f2 f   r_model.obj
 0001:00051682       _R_RegisterModel           00452682 f   r_model.obj
 0001:0005177a       _R_EndRegistration         0045277a f   r_model.obj
 0001:000517e5       _Mod_FreeAll               004527e5 f   r_model.obj
 0001:0005182a       _R_DrawParticle            0045282a f   r_part.obj
 0001:00051ac4       _R_DrawParticles           00452ac4 f   r_part.obj
 0001:00051b6c       _R_DrawSpanletOpaque       00452b6c f   r_poly.obj
 0001:00051bfc       _R_DrawSpanletTurbulentStipple33 00452bfc f   r_poly.obj
 0001:00051d27       _R_DrawSpanletTurbulentStipple66 00452d27 f   r_poly.obj
 0001:00051f08       _R_DrawSpanletTurbulentBlended66 00452f08 f   r_poly.obj
 0001:00051fbd       _R_DrawSpanletTurbulentBlended33 00452fbd f   r_poly.obj
 0001:00052072       _R_DrawSpanlet33           00453072 f   r_poly.obj
 0001:0005210c       _R_DrawSpanletConstant33   0045310c f   r_poly.obj
 0001:00052165       _R_DrawSpanlet66           00453165 f   r_poly.obj
 0001:00052203       _R_DrawSpanlet33Stipple    00453203 f   r_poly.obj
 0001:0005231e       _R_DrawSpanlet66Stipple    0045331e f   r_poly.obj
 0001:000524af       _R_ClipPolyFace            004534af f   r_poly.obj
 0001:00052620       _R_PolygonDrawSpans        00453620 f   r_poly.obj
 0001:00052a1f       _R_PolygonScanLeftEdge     00453a1f f   r_poly.obj
 0001:00052b83       _R_PolygonScanRightEdge    00453b83 f   r_poly.obj
 0001:00052d8d       _R_ClipAndDrawPoly         00453d8d f   r_poly.obj
 0001:00052f8f       _R_BuildPolygonFromSurface 00453f8f f   r_poly.obj
 0001:00053185       _R_PolygonCalculateGradients 00454185 f   r_poly.obj
 0001:00053458       _R_DrawAlphaSurfaces       00454458 f   r_poly.obj
 0001:000534ee       _R_IMFlatShadedQuad        004544ee f   r_poly.obj
 0001:0005361c       _R_InitAdivtab             0045461c f   r_polyse.obj
 0001:00053688       _R_PolysetUpdateTables     00454688 f   r_polyse.obj
 0001:000536c3       _R_DrawTriangle            004546c3 f   r_polyse.obj
 0001:000537d4       _R_PolysetScanLeftEdge_C   004547d4 f   r_polyse.obj
 0001:0005399e       _FloorDivMod               0045499e f   r_polyse.obj
 0001:00053a38       _R_PolysetSetUpForLineScan 00454a38 f   r_polyse.obj
 0001:00053ac6       _R_PolysetCalcGradients    00454ac6 f   r_polyse.obj
 0001:00053d39       _R_PolysetDrawSpans8_33    00454d39 f   r_polyse.obj
 0001:00053e69       _R_PolysetDrawSpansConstant8_33 00454e69 f   r_polyse.obj
 0001:00053f03       _R_PolysetDrawSpans8_66    00454f03 f   r_polyse.obj
 0001:0005403f       _R_PolysetDrawSpansConstant8_66 0045503f f   r_polyse.obj
 0001:000540e7       _R_PolysetDrawSpans8_Opaque 004550e7 f   r_polyse.obj
 0001:00054232       _R_RasterizeAliasPolySmooth 00455232 f   r_polyse.obj
 0001:00054812       _R_PolysetSetEdgeTable     00455812 f   r_polyse.obj
 0001:000548ad       _R_InitSkyBox              004558ad f   r_rast.obj
 0001:00054b19       _R_EmitSkyBox              00455b19 f   r_rast.obj
 0001:00054c2c       _R_EmitEdge                00455c2c f   r_rast.obj
 0001:00054ffe       _R_ClipEdge                00455ffe f   r_rast.obj
 0001:000551ac       _R_EmitCachedEdge          004561ac f   r_rast.obj
 0001:00055203       _R_RenderFace              00456203 f   r_rast.obj
 0001:000555ca       _R_RenderBmodelFace        004565ca f   r_rast.obj
 0001:00055833       _D_WarpScreen              00456833 f   r_scan.obj
 0001:000559f5       _D_DrawTurbulent8Span      004569f5 f   r_scan.obj
 0001:00055a79       _Turbulent8                00456a79 f   r_scan.obj
 0001:00055dd5       _NonTurbulent8             00456dd5 f   r_scan.obj
 0001:0005610f       _D_DrawSpans16             0045710f f   r_scan.obj
 0001:0005642c       _D_DrawZSpans              0045742c f   r_scan.obj
 0001:000564fc       _R_DrawSprite              004574fc f   r_sprite.obj
 0001:00056786       _R_TextureAnimation        00457786 f   r_surf.obj
 0001:000567aa       _R_DrawSurface             004577aa f   r_surf.obj
 0001:0005690f       _R_DrawSurfaceBlock8_mip0  0045790f f   r_surf.obj
 0001:00056a0e       _R_DrawSurfaceBlock8_mip1  00457a0e f   r_surf.obj
 0001:00056b0d       _R_DrawSurfaceBlock8_mip2  00457b0d f   r_surf.obj
 0001:00056c0c       _R_DrawSurfaceBlock8_mip3  00457c0c f   r_surf.obj
 0001:00056d08       _R_InitCaches              00457d08 f   r_surf.obj
 0001:00056d89       _D_FlushCaches             00457d89 f   r_surf.obj
 0001:00056dce       _D_SCAlloc                 00457dce f   r_surf.obj
 0001:00056f62       _D_CacheSurface            00457f62 f   r_surf.obj
 0001:000570d7       _DDRAW_Init                004580d7 f   rw_ddraw.obj
 0001:000574e7       _DDRAW_SetPalette          004584e7 f   rw_ddraw.obj
 0001:00057550       _DDRAW_Shutdown            00458550 f   rw_ddraw.obj
 0001:000576bb       _DIB_Init                  004586bb f   rw_dib.obj
 0001:000578a0       _DIB_SetPalette            004588a0 f   rw_dib.obj
 0001:00057a64       _DIB_Shutdown              00458a64 f   rw_dib.obj
 0001:00057b5d       _SWimp_Init                00458b5d f   rw_imp.obj
 0001:00057b61       _SWimp_EndFrame            00458b61 f   rw_imp.obj
 0001:00057ccd       _SWimp_SetMode             00458ccd f   rw_imp.obj
 0001:00057def       _SWimp_SetPalette          00458def f   rw_imp.obj
 0001:00057e14       _SWimp_Shutdown            00458e14 f   rw_imp.obj
 0001:00057e5b       _SWimp_AppActivate         00458e5b f   rw_imp.obj
 0001:00057e95       _adler32                   00458e95 f   adler32.obj
 0001:00057fae       _crc32                     00458fae f   crc32.obj
 0001:000580c4       _inflate_blocks_reset      004590c4 f   infblock.obj
 0001:0005812f       _inflate_blocks_new        0045912f f   infblock.obj
 0001:000581ba       _inflate_blocks            004591ba f   infblock.obj
 0001:000589d1       _inflate_blocks_free       004599d1 f   infblock.obj
 0001:00058a05       _inflate_codes_new         00459a05 f   infcodes.obj
 0001:00058a39       _inflate_codes             00459a39 f   infcodes.obj
 0001:00058ff7       _inflate_codes_free        00459ff7 f   infcodes.obj
 0001:00059008       _inflate_fast              0045a008 f   inffast.obj
 0001:000592d3       _inflateReset              0045a2d3 f   inflate.obj
 0001:00059312       _inflateEnd                0045a312 f   inflate.obj
 0001:00059350       _inflateInit2_             0045a350 f   inflate.obj
 0001:0005943a       _inflate                   0045a43a f   inflate.obj
 0001:0005979d       _inflate_trees_bits        0045a79d f   inftrees.obj
 0001:00059bab       _inflate_trees_dynamic     0045abab f   inftrees.obj
 0001:00059cae       _inflate_trees_fixed       0045acae f   inftrees.obj
 0001:00059cdd       _inflate_flush             0045acdd f   infutil.obj
 0001:00059dc9       _Zip_OpenArchive           0045adc9 f   zip.obj
 0001:00059e34       _Zip_CloseArchive          0045ae34 f   zip.obj
 0001:00059e40       _Zip_EnumArchive           0045ae40 f   zip.obj
 0001:0005a021       _Zip_OpenFile              0045b021 f   zip.obj
 0001:0005a130       _Zip_ReadFile              0045b130 f   zip.obj
 0001:0005a227       _Zip_CloseFile             0045b227 f   zip.obj
 0001:0005a26f       _Zip_OpenBuf               0045b26f f   zip.obj
 0001:0005a2c2       _Zip_ReadBuf               0045b2c2 f   zip.obj
 0001:0005a30a       _Zip_CloseBuf              0045b30a f   zip.obj
 0001:0005a320       _zcalloc                   0045b320 f   zutil.obj
 0001:0005a331       _jpeg_CreateCompress       0045b331 f   jcapimin.obj
 0001:0005a3e5       _jpeg_suppress_tables      0045b3e5 f   jcapimin.obj
 0001:0005a42f       _jpeg_finish_compress      0045b42f f   jcapimin.obj
 0001:0005a519       _jpeg_start_compress       0045b519 f   jcapistd.obj
 0001:0005a585       _jpeg_write_scanlines      0045b585 f   jcapistd.obj
 0001:0005a630       _jinit_c_coef_controller   0045b630 f   jccoefct.obj
 0001:0005accf       _jinit_color_converter     0045bccf f   jccolor.obj
 0001:0005b2ba       _jinit_forward_dct         0045c2ba f   jcdctmgr.obj
 0001:0005b796       _jinit_c_diff_controller   0045c796 f   jcdiffct.obj
 0001:0005bcfc       _jpeg_make_c_derived_tbl   0045ccfc f   jchuff.obj
 0001:0005befe       _jpeg_gen_optimal_table    0045cefe f   jchuff.obj
 0001:0005c0bd       _jinit_compress_master     0045d0bd f   jcinit.obj
 0001:0005c116       _jinit_lhuff_encoder       0045d116 f   jclhuff.obj
 0001:0005c840       _jinit_lossless_c_codec    0045d840 f   jclossls.obj
 0001:0005c8d8       _jinit_lossy_c_codec       0045d8d8 f   jclossy.obj
 0001:0005c973       _jinit_c_main_controller   0045d973 f   jcmainct.obj
 0001:0005cae0       _jinit_marker_writer       0045dae0 f   jcmarker.obj
 0001:0005d3bc       _jinit_c_master_control    0045e3bc f   jcmaster.obj
 0001:0005deab       _jinit_c_codec             0045eeab f   jcodec.obj
 0001:0005dec7       _jinit_d_codec             0045eec7 f   jcodec.obj
 0001:0005dee3       _jpeg_abort                0045eee3 f   jcomapi.obj
 0001:0005df16       _jpeg_destroy              0045ef16 f   jcomapi.obj
 0001:0005df31       _jpeg_alloc_quant_table    0045ef31 f   jcomapi.obj
 0001:0005df4d       _jpeg_alloc_huff_table     0045ef4d f   jcomapi.obj
 0001:0005df69       _jpeg_add_quant_table      0045ef69 f   jcparam.obj
 0001:0005e01b       _jpeg_quality_scaling      0045f01b f   jcparam.obj
 0001:0005e042       _jpeg_set_quality          0045f042 f   jcparam.obj
 0001:0005e07c       _jpeg_set_defaults         0045f07c f   jcparam.obj
 0001:0005e23e       _jpeg_default_colorspace   0045f23e f   jcparam.obj
 0001:0005e28e       _jpeg_set_colorspace       0045f28e f   jcparam.obj
 0001:0005e5a9       _jinit_phuff_encoder       0045f5a9 f   jcphuff.obj
 0001:0005f04e       _jinit_differencer         0046004e f   jcpred.obj
 0001:0005f568       _jinit_c_prep_controller   00460568 f   jcprepct.obj
 0001:0005fab3       _jinit_downsampler         00460ab3 f   jcsample.obj
 0001:00060333       _jinit_c_scaler            00461333 f   jcscale.obj
 0001:000603a9       _jinit_shuff_encoder       004613a9 f   jcshuff.obj
 0001:00060c14       _jpeg_CreateDecompress     00461c14 f   jdapimin.obj
 0001:00060cd4       _jpeg_destroy_decompress   00461cd4 f   jdapimin.obj
 0001:00060cd4       _jpeg_destroy_compress     00461cd4 f   jdapimin.obj
 0001:00060cdf       _jpeg_read_header          00461cdf f   jdapimin.obj
 0001:00060d41       _jpeg_consume_input        00461d41 f   jdapimin.obj
 0001:00060f8f       _jpeg_finish_decompress    00461f8f f   jdapimin.obj
 0001:00061026       _jpeg_start_decompress     00462026 f   jdapistd.obj
 0001:00061193       _jpeg_read_scanlines       00462193 f   jdapistd.obj
 0001:00061217       _jpeg_stdio_dest           00462217 f   jdatadst.obj
 0001:00061317       _jinit_d_coef_controller   00462317 f   jdcoefct.obj
 0001:00061ff3       _jinit_color_deconverter   00462ff3 f   jdcolor.obj
 0001:00062509       _jinit_inverse_dct         00463509 f   jddctmgr.obj
 0001:00062748       _jinit_d_diff_controller   00463748 f   jddiffct.obj
 0001:00062c76       _jpeg_make_d_derived_tbl   00463c76 f   jdhuff.obj
[...]
 0001:00022ccc       _ProcessEntityTarget       00423ccc f   model.obj
 0001:00022d45       _FindField                 00423d45 f   model.obj
 0001:00022d7e       _GetVector                 00423d7e f   model.obj
 0001:00022daf       _ProcessEntity             00423daf f   model.obj
 0001:0002380c       _AddField                  0042480c f   model.obj
 0001:00023849       _FindEntityTarget          00424849 f   model.obj
 0001:0001e117       _Multiplayer_MenuDraw      0041f117 f   menu.obj
 0001:0001e13a       _M_Banner                  0041f13a f   menu.obj
 0001:0001e17c       _Multiplayer_MenuInit      0041f17c f   menu.obj
 0001:0001e26a       _Multiplayer_MenuKey       0041f26a f   menu.obj
 0001:0001e29c       _Keys_MenuInit             0041f29c f   menu.obj
 0001:0001e42f       _KeyCursorDrawFunc         0041f42f f   menu.obj
 0001:0001e470       _DrawKeyBindingFunc        0041f470 f   menu.obj
 0001:0001e530       _SeekLine                  0041f530 f   menu.obj
 0001:0001e557       _AppendToken               0041f557 f   menu.obj
 0001:0001e581       _Keys_MenuDraw             0041f581 f   menu.obj
 0001:0001e59a       _Keys_MenuKey              0041f59a f   menu.obj
 0001:0001e667       _M_UnbindCommand           0041f667 f   menu.obj
 0001:0001e6ad       _KeyBindingFunc            0041f6ad f   menu.obj
 0001:0001e71b       _Options_MenuInit          0041f71b f   menu.obj
 0001:0001eb71       _CrosshairFunc             0041fb71 f   menu.obj
 0001:0001eb95       _JoystickFunc              0041fb95 f   menu.obj
 0001:0001eba8       _CustomizeControlsFunc     0041fba8 f   menu.obj
 0001:0001ebad       _AlwaysRunFunc             0041fbad f   menu.obj
 0001:0001ebc0       _FreeLookFunc              0041fbc0 f   menu.obj
 0001:0001ebd3       _MouseSpeedFunc            0041fbd3 f   menu.obj
 0001:0001ebf0       _ControlsSetMenuItemValues 0041fbf0 f   menu.obj
 0001:0001edbc       _ControlsResetDefaultsFunc 0041fdbc f   menu.obj
 0001:0001edd1       _InvertMouseFunc           0041fdd1 f   menu.obj
 0001:0001edec       _LookspringFunc            0041fdec f   menu.obj
 0001:0001ee08       _LookstrafeFunc            0041fe08 f   menu.obj
 0001:0001ee24       _UpdateVolumeFunc          0041fe24 f   menu.obj
 0001:0001ee41       _UpdateCDVolumeFunc        0041fe41 f   menu.obj
 0001:0001ee5a       _UpdateSoundFunc           0041fe5a f   menu.obj
 0001:0001ef02       _Options_ScanCrosshairs    0041ff02 f   menu.obj
 0001:0001ef55       _Options_MenuDraw          0041ff55 f   menu.obj
 0001:0001ef7d       _Options_CrosshairDraw     0041ff7d f   menu.obj
 0001:0001eff4       _Options_MenuKey           0041fff4 f   menu.obj
 0001:0001f0da       _M_Credits_MenuDraw        004200da f   menu.obj
 0001:0001f1b9       _M_Credits_Key             004201b9 f   menu.obj
 0001:0001f216       _Game_MenuInit             00420216 f   menu.obj
 0001:0001f3c3       _EasyGameFunc              004203c3 f   menu.obj
 0001:0001f3d9       _StartGame                 004203d9 f   menu.obj
 0001:0001f41e       _MediumGameFunc            0042041e f   menu.obj
 0001:0001f434       _HardGameFunc              00420434 f   menu.obj
 0001:0001f44a       _Game_MenuDraw             0042044a f   menu.obj
 0001:0001f46d       _Game_MenuKey              0042046d f   menu.obj
 0001:0001f49f       _LoadGame_MenuInit         0042049f f   menu.obj
 0001:0001f548       _Create_Savestrings        00420548 f   menu.obj
 0001:0001f60c       _LoadGameCallback          0042060c f   menu.obj
 0001:0001f635       _LoadGame_MenuDraw         00420635 f   menu.obj
 0001:0001f65e       _DrawSavegameShot          0042065e f   menu.obj
 0001:0001f71c       _LoadGame_MenuKey          0042071c f   menu.obj
 0001:0001f77d       _SaveGame_MenuDraw         0042077d f   menu.obj
 0001:0001f7b2       _SaveGame_MenuInit         004207b2 f   menu.obj
 0001:0001f84d       _SaveGameCallback          0042084d f   menu.obj
 0001:0001f86c       _SaveGame_MenuKey          0042086c f   menu.obj
 0001:0001f942       _JoinServer_MenuInit       00420942 f   menu.obj
 0001:0001fa93       _JoinServerFunc            00420a93 f   menu.obj
 0001:0001faf0       _SearchLocalGames          00420af0 f   menu.obj
 0001:0001fb5c       _JoinServer_MenuDraw       00420b5c f   menu.obj
 0001:0001fb74       _JoinServer_MenuKey        00420b74 f   menu.obj
 0001:0001fba6       _StartServer_MenuInit      00420ba6 f   menu.obj
 0001:00020056       _DMOptionsFunc             00421056 f   menu.obj
 0001:00020065       _RulesChangeFunc           00421065 f   menu.obj
 0001:000200ce       _StartServerActionFunc     004210ce f   menu.obj
 0001:000200fa       _StartServerFunc           004210fa f   menu.obj
 0001:00020365       _StartServer_MenuDraw      00421365 f   menu.obj
 0001:00020371       _StartServer_MenuKey       00421371 f   menu.obj
 0001:000203d1       _DMOptions_MenuInit        004213d1 f   menu.obj
 0001:00020961       _DMFlagCallback            00421961 f   menu.obj
 0001:00020b0f       _DMOptions_MenuDraw        00421b0f f   menu.obj
 0001:00020b1b       _DMOptions_MenuKey         00421b1b f   menu.obj
 0001:00020b4d       _DownloadOptions_MenuInit  00421b4d f   menu.obj
 0001:00020d38       _DownloadCallback          00421d38 f   menu.obj
 0001:00020d91       _DownloadOptions_MenuDraw  00421d91 f   menu.obj
 0001:00020d9d       _DownloadOptions_MenuKey   00421d9d f   menu.obj
 0001:00020dcf       _AddressBook_MenuInit      00421dcf f   menu.obj
 0001:00020e85       _AddressBook_MenuKey       00421e85 f   menu.obj
 0001:00020ed6       _AddressBook_MenuDraw      00421ed6 f   menu.obj
 0001:00020eee       _M_Menu_PlayerConfig_f     00421eee f   menu.obj
 0001:00020f49       _PlayerConfig_MenuInit     00421f49 f   menu.obj
 0001:0002147b       _HandednessCallback        0042247b f   menu.obj
 0001:0002148e       _RTypeCallback             0042248e f   menu.obj
 0001:000214a1       _RColorCallback            004224a1 f   menu.obj
 0001:000214b4       _RateCallback              004224b4 f   menu.obj
 0001:000214d2       _ModelCallback             004224d2 f   menu.obj
 0001:00021513       _PlayerConfig_ScanDirectories 00422513 f   menu.obj
 0001:000216da       _IsValidSkin               004226da f   menu.obj
 0001:000217a3       _PlayerConfig_MenuDraw     004227a3 f   menu.obj
 0001:00021a4b       _PlayerConfig_MenuKey      00422a4b f   menu.obj
 0001:00021b1f       _M_Menu_DMBrowse_f         00422b1f f   menu.obj
 0001:00021b63       _DMBrowse_MenuInit         00422b63 f   menu.obj
 0001:00021d49       _DMBrowse_MenuKey          00422d49 f   menu.obj
 0001:00021efa       _DMBrowse_MenuDraw         00422efa f   menu.obj
 0001:0002201f       _DrawThumbnail             0042301f f   menu.obj
 0001:000220e4       _M_Quit_Key                004230e4 f   menu.obj
 0001:00022124       _M_Quit_Draw               00423124 f   menu.obj
 0001:00022271       _M_Menu_Quit_f             00423271 f   menu.obj
 0001:0001d6bc       _AllocChain                0041e6bc f   memory.obj
 0001:0001d9ac       _Z_Stats_f                 0041e9ac f   memory.obj
 0001:0001ceaf       _MD4Transform              0041deaf f   md4.obj
 0001:0001d4b1       _Encode                    0041e4b1 f   md4.obj
 0001:0001d4f6       _Decode                    0041e4f6 f   md4.obj
 0001:0001bcfe       _Do_CompleteCommand        0041ccfe f   keys.obj
 0001:0001c1b6       _Key_StringToKeynum        0041d1b6 f   keys.obj
 0001:0001c2a1       _HexDigit                  0041d2a1 f   keys.obj
 0001:0001c2c7       _TryComplete               0041d2c7 f   keys.obj
 0001:0001c35c       _CompleteMenu              0041d35c f   keys.obj
 0001:0001c4c3       _CompleteMenuDraw          0041d4c3 f   keys.obj
 0001:0001c522       _CompleteMenuKey           0041d522 f   keys.obj
 0001:0001c554       _CompleteMenuCallback      0041d554 f   keys.obj
 0001:0001c7eb       _Key_Unbind_f              0041d7eb f   keys.obj
 0001:0001c8d2       _Key_Unbindall_f           0041d8d2 f   keys.obj
 0001:0001c8fc       _Key_Bind_f                0041d8fc f   keys.obj
 0001:0001aec7       _IN_StartupMouse           0041bec7 f   in_win.obj
 0001:0001af0d       _IN_StartupJoystick        0041bf0d f   in_win.obj
 0001:0001b02e       _Joy_AdvancedUpdate_f      0041c02e f   in_win.obj
 0001:0001b1b0       _IN_DeactivateMouse        0041c1b0 f   in_win.obj
 0001:0001b1d3       _IN_FreeDirect             0041c1d3 f   in_win.obj
 0001:0001b23c       _IN_FreeWin32              0041c23c f   in_win.obj
 0001:0001b2ad       _IN_MouseMove              0041c2ad f   in_win.obj
 0001:0001b468       _IN_JoyMove                0041c468 f   in_win.obj
 0001:0001b7ae       _IN_ReadJoystick           0041c7ae f   in_win.obj
 0001:0001b923       _IN_ActivateMouse          0041c923 f   in_win.obj
 0001:0001b993       _IN_InitDirect             0041c993 f   in_win.obj
 0001:0001badd       _IN_InitWin32              0041cadd f   in_win.obj
 0001:0005b2b9       _J_InitSource              0045c2b9 f   jccolor.obj
 0001:0001a7f9       _J_FillInputBuffer         0041b7f9 f   images.obj
 0001:0001a821       _J_SkipInputData           0041b821 f   images.obj
 0001:0005b2b9       _J_TermSource              0045c2b9 f   jccolor.obj
 0001:0001a839       _InitJpegError             0041b839 f   images.obj
 0001:0001a86a       _J_ErrorExit               0041b86a f   images.obj
 0001:0001a879       _J_EmitMessage             0041b879 f   images.obj
 0001:0001a896       _J_ResetErrorMgr           0041b896 f   images.obj
 0001:00018844       _FindPakFile               00419844 f   files.obj
 0001:000188b4       _FindPakDirectory          004198b4 f   files.obj
 0001:00018945       _FileLength                00419945 f   files.obj
 0001:00018d99       _FOpenCached               00419d99 f   files.obj
 0001:000190e2       _UnloadPackFile            0041a0e2 f   files.obj
 0001:00019108       _ClearFileCache            0041a108 f   files.obj
 0001:0001912f       _AddGameDirectory          0041a12f f   files.obj
 0001:000191f4       _AddDirFilesToList         0041a1f4 f   files.obj
 0001:000192b7       _LoadPackFile              0041a2b7 f   files.obj
 0001:00019426       _AddPakFile                0041a426 f   files.obj
 0001:000194c5       _AddPakDirectory           0041a4c5 f   files.obj
 0001:000195a3       _EnumZippedPak             0041a5a3 f   files.obj
 0001:0001983d       _ListPakDirectory          0041a83d f   files.obj
 0001:000199ff       _InitResFiles              0041a9ff f   files.obj
 0001:00019ae2       _FS_LoadPak_f              0041aae2 f   files.obj
 0001:00019baf       _TryLoadPak                0041abaf f   files.obj
 0001:00019c1c       _FindPakStruc              0041ac1c f   files.obj
 0001:00019c71       _FS_UnloadPak_f            0041ac71 f   files.obj
 0001:00019e16       _FS_Link_f                 0041ae16 f   files.obj
 0001:00019ee2       _FS_Dir_f                  0041aee2 f   files.obj
 0001:0001a0f3       _FS_Path_f                 0041b0f3 f   files.obj
 0001:0001a18c       _FS_Cat_f                  0041b18c f   files.obj
 0001:0001a265       _FS_Type_f                 0041b265 f   files.obj
 0001:000170fc       _Cvar_FindVar              004180fc f   cvar.obj
 0001:00017131       _ComputeHash               00418131 f   cvar.obj
 0001:00017343       _Cvar_SetString            00418343 f   cvar.obj
 0001:000173d9       _Cvar_InfoValidate         004183d9 f   cvar.obj
 0001:000174e8       _Cvar_Set2                 004184e8 f   cvar.obj
 0001:000176ba       _Cvar_SetHardcoded         004186ba f   cvar.obj
 0001:00017ae8       _Cvar_Set_f                00418ae8 f   cvar.obj
 0001:00017b65       _Cvar_SetWithFlags         00418b65 f   cvar.obj
 0001:00017bb8       _Cvar_Seta_f               00418bb8 f   cvar.obj
 0001:00017bda       _Cvar_Setu_f               00418bda f   cvar.obj
 0001:00017bfc       _Cvar_Sets_f               00418bfc f   cvar.obj
 0001:00017c1e       _Cvar_Reset_f              00418c1e f   cvar.obj
 0001:00017c83       _Cvar_List_f               00418c83 f   cvar.obj
 0001:00017d93       _Cvar_Add_f                00418d93 f   cvar.obj
 0001:00017f1f       _Cvar_Scale_f              00418f1f f   cvar.obj
 0001:00017f92       _Cvar_Toggle_f             00418f92 f   cvar.obj
 0001:00017ff5       _Cvar_Cycle_f              00418ff5 f   cvar.obj
 0001:00015e1c       _Con_Clear_f               00416e1c f   console.obj
 0001:00015e85       _PlaceChar                 00416e85 f   console.obj
 0001:00016000       _FindLine                  00417000 f   console.obj
 0001:00016770       _Con_DrawInput             00417770 f   console.obj
 0001:00016de3       _iswordsym                 00417de3 f   console.obj
 0001:00016f74       _Con_Dump_f                00417f74 f   console.obj
 0001:00017083       _Con_MessageMode_f         00418083 f   console.obj
 0001:00017095       _Con_MessageMode2_f        00418095 f   console.obj
 0001:000146c0       _GetInt                    004156c0 f   common.obj
 0001:00015682       _Com_Error_f               00416682 f   common.obj
 0001:0001569a       _ParseCmdline              0041669a f   common.obj
 0001:0001584f       _PushCmdline               0041684f f   common.obj
 0001:00011ce6       _CMod_LoadSurfaces         00412ce6 f   cmodel.obj
 0001:00011de8       _CMod_ReadSurfMaterials    00412de8 f   cmodel.obj
 0001:00011f23       _CMod_LoadNodes            00412f23 f   cmodel.obj
 0001:00011f85       _CMod_LoadBrushes          00412f85 f   cmodel.obj
 0001:00011fd1       _CMod_LoadLeafs            00412fd1 f   cmodel.obj
 0001:000120a0       _CMod_LoadPlanes           004130a0 f   cmodel.obj
 0001:000121ae       _CMod_LoadLeafBrushes      004131ae f   cmodel.obj
 0001:000121f9       _CMod_LoadBrushSides       004131f9 f   cmodel.obj
 0001:00012272       _CMod_LoadAreas            00413272 f   cmodel.obj
 0001:000125fd       _PointLeafnum_r            004135fd f   cmodel.obj
 0001:000126e4       _BoxLeafnums_r             004136e4 f   cmodel.obj
 0001:00012c31       _TestInLeaf                00413c31 f   cmodel.obj
 0001:00012c96       _TestBoxInBrush            00413c96 f   cmodel.obj
 0001:00012e07       _RecursiveHullCheck        00413e07 f   cmodel.obj
 0001:000130de       _TraceToLeaf               004140de f   cmodel.obj
 0001:00013199       _ClipBoxToBrush            00414199 f   cmodel.obj
 0001:0001387e       _RecursiveBrushTest        0041487e f   cmodel.obj
 0001:00013b0b       _TestBrush                 00414b0b f   cmodel.obj
 0001:00013dec       _FloodArea_r               00414dec f   cmodel.obj
 0001:00011695       _Cmd_MacroExpandString     00412695 f   cmd.obj
 0001:000119d3       _Cmd_Wait_f                004129d3 f   cmd.obj
 0001:00011a08       _Cmd_List_f                00412a08 f   cmd.obj
 0001:0001063e       _DrawSurfInfo              0041163e f   cl_view.obj
 0001:00010999       _DrawFlag                  00411999 f   cl_view.obj
 0001:00010a9a       _DecodeContents            00411a9a f   cl_view.obj
 0001:00010acd       _DrawOriginInfo            00411acd f   cl_view.obj
 0001:00010bd1       _DrawFpsInfo               00411bd1 f   cl_view.obj
 0001:00010cf8       _FixWaterVis               00411cf8 f   cl_view.obj
 0001:00010df6       _entitycmpfnc              00411df6 f   cl_view.obj
 0001:00010e5f       _Screenshot_f              00411e5f f   cl_view.obj
 0001:0000d5d1       _SCR_CalcVrect             0040e5d1 f   cl_scrn.obj
 0001:0000bf60       _CL_PMTrace                0040cf60 f   cl_pred.obj
 0001:000085c1       _TryParseStatus            004095c1 f   cl_main.obj
 0001:00006a61       _IN_KLookUp                00407a61 f   cl_input.obj
 0001:00006a6d       _KeyUp                     00407a6d f   cl_input.obj
 0001:00006ae7       _IN_KLookDown              00407ae7 f   cl_input.obj
 0001:00006af3       _KeyDown                   00407af3 f   cl_input.obj
 0001:00006b69       _IN_UpUp                   00407b69 f   cl_input.obj
 0001:00006b75       _IN_UpDown                 00407b75 f   cl_input.obj
 0001:00006b81       _IN_DownUp                 00407b81 f   cl_input.obj
 0001:00006b8d       _IN_DownDown               00407b8d f   cl_input.obj
 0001:00006b99       _IN_RightUp                00407b99 f   cl_input.obj
 0001:00006ba5       _IN_RightDown              00407ba5 f   cl_input.obj
 0001:00006bb1       _IN_LeftUp                 00407bb1 f   cl_input.obj
 0001:00006bbd       _IN_LeftDown               00407bbd f   cl_input.obj
 0001:00006bc9       _IN_ForwardUp              00407bc9 f   cl_input.obj
 0001:00006bd5       _IN_ForwardDown            00407bd5 f   cl_input.obj
 0001:00006be1       _IN_BackUp                 00407be1 f   cl_input.obj
 0001:00006bed       _IN_BackDown               00407bed f   cl_input.obj
 0001:00006bf9       _IN_LookupUp               00407bf9 f   cl_input.obj
 0001:00006c05       _IN_LookupDown             00407c05 f   cl_input.obj
 0001:00006c11       _IN_LookdownUp             00407c11 f   cl_input.obj
 0001:00006c1d       _IN_LookdownDown           00407c1d f   cl_input.obj
 0001:00006c29       _IN_MoveleftUp             00407c29 f   cl_input.obj
 0001:00006c35       _IN_MoveleftDown           00407c35 f   cl_input.obj
 0001:00006c41       _IN_MoverightUp            00407c41 f   cl_input.obj
 0001:00006c4d       _IN_MoverightDown          00407c4d f   cl_input.obj
 0001:00006c59       _IN_SpeedUp                00407c59 f   cl_input.obj
 0001:00006c65       _IN_SpeedDown              00407c65 f   cl_input.obj
 0001:00006c71       _IN_StrafeUp               00407c71 f   cl_input.obj
 0001:00006c7d       _IN_StrafeDown             00407c7d f   cl_input.obj
 0001:00006c89       _IN_AttackUp               00407c89 f   cl_input.obj
 0001:00006c95       _IN_AttackDown             00407c95 f   cl_input.obj
 0001:00006ca1       _IN_UseUp                  00407ca1 f   cl_input.obj
 0001:00006cad       _IN_UseDown                00407cad f   cl_input.obj
 0001:00006cb9       _IN_Lookdown               00407cb9 f   cl_input.obj
 0001:00006cec       _IN_Lookup                 00407cec f   cl_input.obj
 0001:00006f84       _CreateCmd                 00407f84 f   cl_input.obj
 0001:00006fd0       _BaseMove                  00407fd0 f   cl_input.obj
 0001:0000718d       _KeyState                  0040818d f   cl_input.obj
 0001:000071ed       _AdjustAngles              004081ed f   cl_input.obj
 0001:000072fc       _FinishMove                004082fc f   cl_input.obj
 0001:000073b5       _ClampPitch                004083b5 f   cl_input.obj
 0001:00003741       _CL_AddParticleTraces      00404741 f   cl_fx.obj
 0001:00003a9a       _CL_UpdateParticleBeams    00404a9a f   cl_fx.obj
 0001:0000243a       _CL_AddDebugLines          0040343a f   cl_ents.obj
 0001:0000248e       _CL_AddPacketEntities      0040348e f   cl_ents.obj
 0001:00002ee3       _GetEntityInfo             00403ee3 f   cl_ents.obj
 0001:00002ff2       _AddEntityWithEffects      00403ff2 f   cl_ents.obj
 0001:0000301e       _AddViewWeapon             0040401e f   cl_ents.obj
 0001:0000083e       _FreeCinematic             0040183e f   cl_cin.obj
 0001:000009f1       _ReadNextFrame             004019f1 f   cl_cin.obj
 0001:00000b0e       _Huff1Decompress           00401b0e f   cl_cin.obj
 0001:00000fb7       _Huff1TableInit            00401fb7 f   cl_cin.obj
 0001:000010b1       _SmallestNode1             004020b1 f   cl_cin.obj
 0001:0000014c       _CDAudio_GetAudioDiskInfo  0040114c f   cd_win.obj
 0001:000004c4       _CD_f                      004014c4 f   cd_win.obj
 0001:0000077d       _CDAudio_Eject             0040177d f   cd_win.obj
 0001:000007a7       _CDAudio_CloseDoor         004017a7 f   cd_win.obj

 70 bytes saved through ICF

