 quake2

 Timestamp is 42189049 (Sun Feb 20 16:27:37 2005)

 Preferred load address is 00400000

 Start         Length     Name                   Class
 0001:00000000 0005f9e0H .text                   CODE
 0002:00000000 00000284H .idata$5                DATA
 0002:00000288 0000413cH .rdata                  DATA
 0002:000043c8 00000044H .rdata$r                DATA
 0002:00004410 00000038H .xdata$x                DATA
 0002:00004448 00000078H .idata$2                DATA
 0002:000044c0 00000014H .idata$3                DATA
 0002:000044d4 00000284H .idata$4                DATA
 0002:00004758 00000824H .idata$6                DATA
 0002:00004f7c 00000000H .edata                  DATA
 0003:00000000 00000004H .CRT$XCA                DATA
 0003:00000004 00000024H .CRT$XCU                DATA
 0003:00000028 00000004H .CRT$XCZ                DATA
 0003:0000002c 00000004H .CRT$XIA                DATA
 0003:00000030 00000004H .CRT$XIZ                DATA
 0003:00000040 0000e9bcH .data                   DATA
 0003:0000ea00 009fb504H .bss                    DATA
 0004:00000000 00000130H .rsrc$01                DATA
 0004:00000130 00003f20H .rsrc$02                DATA

  Address         Publics by Value              Rva+Base     Lib:Object

 0001:00000000       ??3@YAXPAX@Z               00401000 f i CoreMain.obj
 0001:0000000b       ?appInit@@YAXXZ            0040100b f   CoreMain.obj
 0001:00000069       ?appLoadDebugSymbols@@YAXXZ 00401069 f   DbgSymbols.obj
 0001:0000026c       ?appSymbolName@@YA_NIPADH@Z 0040126c f   DbgSymbols.obj
 0001:00000358       ?appSymbolName@@YAPADI@Z   00401358 f   DbgSymbols.obj
 0001:0000038a       ?appMalloc@@YAPAXIH@Z      0040138a f   Memory.obj
 0001:00000438       ?appFree@@YAXPAX@Z         00401438 f   Memory.obj
 0001:00000466       ?Unlink@FMemHeader@@QAEXXZ 00401466 f i Memory.obj
 0001:00000491       ?Link@CMemoryChain@@AAEXXZ 00401491 f   Memory.obj
 0001:000004b0       ?Unlink@CMemoryChain@@AAEXXZ 004014b0 f   Memory.obj
 0001:000004db       ??2CMemoryChain@@SAPAXIH@Z 004014db f   Memory.obj
 0001:0000054d       ??3CMemoryChain@@SAXPAX@Z  0040154d f   Memory.obj
 0001:00000580       ?Alloc@CMemoryChain@@QAEPAXIH@Z 00401580 f   Memory.obj
 0001:000005ea       ?appInitMemory@@YAXXZ      004015ea f   Memory.obj
 0001:00000ad0       ?Write@COutputDeviceNull@@UAEXPBD@Z 00401ad0 f i OutputDevice.obj
 0001:00000ad3       ?appWPrintf@@YAXPBDZZ      00401ad3 f   OutputDevice.obj
 0001:00000b24       ?appFatalError@@YAXPBDZZ   00401b24 f   ErrorMgr.obj
 0001:00000b7d       ?appNonFatalError@@YAXPBDZZ 00401b7d f   ErrorMgr.obj
 0001:00000bbd       ?appUnwindPrefix@@YAXPBD@Z 00401bbd f   ErrorMgr.obj
 0001:00000c15       ?appUnwindThrow@@YAXPBDZZ  00401c15 f   ErrorMgr.obj
 0001:00000c9d       ?Reset@CErrorHandler@@QAEXXZ 00401c9d f   ErrorMgr.obj
 0001:00000cb8       ?appInitError@@YAXXZ       00401cb8 f   ErrorMgr.obj
 0001:00000d20       ?appStricmp@@YAHPBD0@Z     00401d20 f   Strings.obj
 0001:00000d55       ?toLower@@YADD@Z           00401d55 f i Strings.obj
 0001:00000d6c       ?appStrcpy@@YAXPADPBD@Z    00401d6c f   Strings.obj
 0001:00000d7f       ?appStrncpylwr@@YAXPADPBDH@Z 00401d7f f   Strings.obj
 0001:00000db1       ?appStrncpyz@@YAXPADPBDH@Z 00401db1 f   Strings.obj
 0001:00000dde       ?appCopyFilename@@YAXPADPBDH@Z 00401dde f   Strings.obj
 0001:00000e7a       ?va@@YAPADPBDZZ            00401e7a f   Strings.obj
 0001:00000ec7       ?appSprintf@@YAHPADHPBDZZ  00401ec7 f   Strings.obj
 0001:00000f12       ?appMatchWildcard@@YA_NPBD0_N@Z 00401f12 f   Strings.obj
 0001:00001092       ?CopyString@@YAPADPBD@Z    00402092 f   Strings.obj
 0001:000010d2       ?CopyString@@YAPADPBDPAVCMemoryChain@@@Z 004020d2 f   Strings.obj
 0001:00001106       ??2CStringItem@@SAPAXIPBD@Z 00402106 f   Strings.obj
 0001:0000114f       ??2CStringItem@@SAPAXIPBDPAVCMemoryChain@@@Z 0040214f f   Strings.obj
 0001:0000118c       ?Find@CStringList@@IAEPAVCStringItem@@PBDPAPAV2@@Z 0040218c f   Strings.obj
 0001:000011cf       ?Find@CStringList@@IAEPAVCStringItem@@H@Z 004021cf f   Strings.obj
 0001:000011e8       ?IndexOf@CStringList@@QAEHPBD@Z 004021e8 f   Strings.obj
 0001:00001215       ?Remove@CStringList@@QAE_NPAVCStringItem@@@Z 00402215 f   Strings.obj
 0001:00001241       ?Free@CStringList@@QAEXXZ  00402241 f   Strings.obj
 0001:0000125a       ?osAddressInfo@@YA_NIPADHPAH@Z 0040225a f   DbgSymbolsWin32.obj
 0001:000012ee       ?osModuleInfo@@YA_NIPADHPAH@Z 004022ee f   DbgSymbolsWin32.obj
 0001:00001496       ?win32ExceptFilter@@YAHPAU_EXCEPTION_POINTERS@@@Z 00402496 f   ExceptFilterWin32.obj
 0001:00001a4e       ?win32ExceptFilter2@@YAHXZ 00402a4e f   ExceptFilterWin32.obj
 0001:00001a5a       ?SCR_StopCinematic@@YAXXZ  00402a5a f   cl_cin.obj
 0001:00001aee       ?SCR_DrawCinematic@@YA_NXZ 00402aee f   cl_cin.obj
 0001:00001f51       ?SCR_PlayCinematic@@YAXPAD@Z 00402f51 f   cl_cin.obj
 0001:000022b2       ?CL_Download_f@@YAX_NHPAPAD@Z 004032b2 f   cl_download.obj
 0001:00002663       ?CL_ParseDownload@@YAXXZ   00403663 f   cl_download.obj
 0001:00002e6b       ?CL_Precache_f@@YAXHPAPAD@Z 00403e6b f   cl_download.obj
 0001:00002ec9       ?CL_ParseEntityBits@@YAHPAI@Z 00403ec9 f   cl_ents.obj
 0001:00002f2b       ?CL_ParseDelta@@YAXPAUentityState_t@@0HH_N@Z 00403f2b f   cl_ents.obj
 0001:000032c7       ?CL_DeltaEntity@@YAXPAUframe_t@@HPAUentityState_t@@H@Z 004042c7 f   cl_ents.obj
 0001:0000341e       ?CL_ParsePacketEntities@@YAXPAUframe_t@@0@Z 0040441e f   cl_ents.obj
 0001:00003626       ?CL_ParsePlayerstate@@YAXPAUframe_t@@0@Z 00404626 f   cl_ents.obj
 0001:0000392e       ?CL_FireEntityEvents@@YAXPAUframe_t@@@Z 0040492e f   cl_ents.obj
 0001:00003980       ?CL_ParseFrame@@YAXXZ      00404980 f   cl_ents.obj
 0001:00003c4e       ?CL_AddEntityBox@@YAXPAUentityState_t@@I@Z 00404c4e f   cl_ents.obj
 0001:00003d35       ?CL_OffsetThirdPersonView@@YAXXZ 00404d35 f   cl_ents.obj
 0001:00003def       ?CL_CalcViewValues@@YAXXZ  00404def f   cl_ents.obj
 0001:000040f6       ?CL_AddEntities@@YAXXZ     004050f6 f   cl_ents.obj
 0001:00004e95       ?CL_GetEntitySoundOrigin@@YAXHQAM@Z 00405e95 f   cl_ents.obj
 0001:00004ec7       ?CL_ClearLightStyles@@YAXXZ 00405ec7 f   cl_fx.obj
 0001:00004f49       ?CL_RunLightStyles@@YAXXZ  00405f49 f   cl_fx.obj
 0001:00004fe8       ?CL_SetLightstyle@@YAXHPBD@Z 00405fe8 f   cl_fx.obj
 0001:00005049       ?CL_ClearDlights@@YAXXZ    00406049 f   cl_fx.obj
 0001:0000505a       ?CL_AllocDlight@@YAPAUcdlight_t@@HQAM@Z 0040605a f   cl_fx.obj
 0001:000050c3       ?CL_AddDLights@@YAXXZ      004060c3 f   cl_fx.obj
 0001:00005123       ?CL_ClearParticles@@YAXXZ  00406123 f   cl_fx.obj
 0001:0000518a       ?CL_AllocParticleTrace@@YAPAUparticleTrace_t@@QAM0MM@Z 0040618a f   cl_fx.obj
 0001:0000522a       ?CL_AllocParticleBeam@@YAPAUbeam_s@@QAM0MM@Z 0040622a f   cl_fx.obj
 0001:0000529d       ?CL_AllocParticle@@YAPAUparticle_s@@XZ 0040629d f   cl_fx.obj
 0001:000052eb       ?CL_UpdateParticles@@YAXXZ 004062eb f   cl_fx.obj
 0001:000058dd       ?CL_MetalSparks@@YAXQAM0H@Z 004068dd f   cl_fx.obj
 0001:000059ca       ?CL_ParseMuzzleFlash@@YAXXZ 004069ca f   cl_fx.obj
 0001:00005d60       ?CL_ParseMuzzleFlash2@@YAXXZ 00406d60 f   cl_fx.obj
 0001:0000639b       ?CL_ParticleEffect@@YAXQAM0HH@Z 0040739b f   cl_fx.obj
 0001:0000646a       ?CL_ParticleEffect2@@YAXQAM0HH@Z 0040746a f   cl_fx.obj
 0001:00006535       ?CL_ParticleEffect3@@YAXQAM0HH@Z 00407535 f   cl_fx.obj
 0001:00006605       ?CL_TeleporterParticles@@YAXPAUentityState_t@@@Z 00407605 f   cl_fx.obj
 0001:000066bc       ?CL_LogoutEffect@@YAXQAMH@Z 004076bc f   cl_fx.obj
 0001:000067a7       ?CL_ItemRespawnParticles@@YAXQAM@Z 004077a7 f   cl_fx.obj
 0001:00006856       ?CL_ExplosionParticles@@YAXQAM@Z 00407856 f   cl_fx.obj
 0001:00006900       ?CL_BigTeleportParticles@@YAXQAM@Z 00407900 f   cl_fx.obj
 0001:00006a57       ?CL_BlasterParticles@@YAXQAM0@Z 00407a57 f   cl_fx.obj
 0001:00006b23       ?CL_BlasterTrail@@YAXQAM0@Z 00407b23 f   cl_fx.obj
 0001:00006c16       ?CL_FlagTrail@@YAXQAM0M@Z  00407c16 f   cl_fx.obj
 0001:00006d16       ?CL_DiminishingTrail@@YAXQAM0PAUcentity_t@@H@Z 00407d16 f   cl_fx.obj
 0001:00006f7a       ?CL_RocketTrail@@YAXQAM0PAUcentity_t@@@Z 00407f7a f   cl_fx.obj
 0001:000070a7       ?CL_RailTrail@@YAXQAM0@Z   004080a7 f   cl_fx.obj
 0001:000072cd       ?CL_RailTrailExt@@YAXQAM0EE@Z 004082cd f   cl_fx.obj
 0001:000073d1       ?CL_IonripperTrail@@YAXQAM0@Z 004083d1 f   cl_fx.obj
 0001:000074e4       ?CL_BubbleTrail@@YAXQAM0@Z 004084e4 f   cl_fx.obj
 0001:00007602       ?CL_FlyParticles@@YAXQAMH@Z 00408602 f   cl_fx.obj
 0001:000077a1       ?CL_FlyEffect@@YAXPAUcentity_t@@QAM@Z 004087a1 f   cl_fx.obj
 0001:00007824       ?CL_BfgParticles@@YAXPAUentity_t@@@Z 00408824 f   cl_fx.obj
 0001:000079fe       ?CL_TrapParticles@@YAXPAUentity_t@@@Z 004089fe f   cl_fx.obj
 0001:00007c81       ?CL_BFGExplosionParticles@@YAXQAM@Z 00408c81 f   cl_fx.obj
 0001:00007d2b       ?CL_TeleportParticles@@YAXQAM@Z 00408d2b f   cl_fx.obj
 0001:00007e64       ?CL_EntityEvent@@YAXPAUentityState_t@@@Z 00408e64 f   cl_fx.obj
 0001:0000803f       ?CL_ClearEffects@@YAXXZ    0040903f f   cl_fx.obj
 0001:0000804e       ?IN_CenterView@@YAXXZ      0040904e f   cl_input.obj
 0001:0000806f       ?CL_InitInput@@YAXXZ       0040906f f   cl_input.obj
 0001:0000860b       ?CL_SendCmd@@YAXXZ         0040960b f   cl_input.obj
 0001:00008d06       ?CL_WriteDemoMessage@@YAXXZ 00409d06 f   cl_main.obj
 0001:00008d48       ?Cmd_ForwardToServer@@YAXHPAPAD@Z 00409d48 f   cl_main.obj
 0001:00008ddb       ?CL_ForwardToServer_f@@YAXHPAPAD@Z 00409ddb f   cl_main.obj
 0001:00008e23       ?CL_Pause@@YAX_N@Z         00409e23 f   cl_main.obj
 0001:00008e65       ?CL_Quit_f@@YAXXZ          00409e65 f   cl_main.obj
 0001:00008e6f       ?CL_Drop@@YAX_N@Z          00409e6f f   cl_main.obj
 0001:00008e92       ?CL_SendConnectPacket@@YAXXZ 00409e92 f   cl_main.obj
 0001:00008f69       ?CL_CheckForResend@@YAXXZ  00409f69 f   cl_main.obj
 0001:0000906e       ?CL_Connect_f@@YAX_NHPAPAD@Z 0040a06e f   cl_main.obj
 0001:000090f1       ?CL_Rcon_f@@YAXHPAPAD@Z    0040a0f1 f   cl_main.obj
 0001:000091f9       ?CL_ClearState@@YAXXZ      0040a1f9 f   cl_main.obj
 0001:00009230       ?CL_Disconnect@@YAXXZ      0040a230 f   cl_main.obj
 0001:000093e0       ?CL_Disconnect_f@@YAXXZ    0040a3e0 f   cl_main.obj
 0001:000093ea       ?CL_Changing_f@@YAXXZ      0040a3ea f   cl_main.obj
 0001:0000940e       ?CL_Reconnect_f@@YAXXZ     0040a40e f   cl_main.obj
 0001:000094aa       ?CL_PingServers_f@@YAXXZ   0040a4aa f   cl_main.obj
 0001:00009615       ?CL_Skins_f@@YAXXZ         0040a615 f   cl_main.obj
 0001:000098e8       ?CL_ConnectionlessPacket@@YAXXZ 0040a8e8 f   cl_main.obj
 0001:000099e7       ?CL_ReadPackets@@YAXXZ     0040a9e7 f   cl_main.obj
 0001:00009b2c       ?CL_FixUpGender@@YAXXZ     0040ab2c f   cl_main.obj
 0001:00009bde       ?CL_Userinfo_f@@YAXXZ      0040abde f   cl_main.obj
 0001:00009bf6       ?CL_RegisterSounds@@YAXXZ  0040abf6 f   cl_main.obj
 0001:00009c35       ?CL_Snd_Restart_f@@YAXXZ   0040ac35 f   cl_main.obj
 0001:00009c44       ?CL_WriteConfiguration@@YAXPAD@Z 0040ac44 f   cl_main.obj
 0001:00009cff       ?CL_WriteConfig_f@@YAX_NHPAPAD@Z 0040acff f   cl_main.obj
 0001:00009d5e       ?CL_FixCvarCheats@@YAXXZ   0040ad5e f   cl_main.obj
 0001:00009db8       ?CL_Frame@@YAXMH@Z         0040adb8 f   cl_main.obj
 0001:00009f9c       ?CL_Init@@YAXXZ            0040af9c f   cl_main.obj
 0001:0000a45d       ?CL_Shutdown@@YAX_N@Z      0040b45d f   cl_main.obj
 0001:0000a4a6       ?CL_Flashlight@@YAXHQAM@Z  0040b4a6 f   cl_newfx.obj
 0001:0000a4e0       ?CL_ColorFlash@@YAXQAMHHMMM@Z 0040b4e0 f   cl_newfx.obj
 0001:0000a51c       ?CL_DebugTrail@@YAXQAM0@Z  0040b51c f   cl_newfx.obj
 0001:0000a5fc       ?CL_ForceWall@@YAXQAM0H@Z  0040b5fc f   cl_newfx.obj
 0001:0000a723       ?CL_BubbleTrail2@@YAXQAM0H@Z 0040b723 f   cl_newfx.obj
 0001:0000a84d       ?CL_Heatbeam@@YAXQAM0@Z    0040b84d f   cl_newfx.obj
 0001:0000aafe       ?CL_ParticleSteamEffect@@YAXQAM0HHH@Z 0040bafe f   cl_newfx.obj
 0001:0000ac28       ?CL_ParticleSteamEffect2@@YAXPAUcl_sustain_s@@@Z 0040bc28 f   cl_newfx.obj
 0001:0000ad5f       ?CL_TrackerTrail@@YAXQAM0H@Z 0040bd5f f   cl_newfx.obj
 0001:0000aeaf       ?CL_Tracker_Shell@@YAXQAM@Z 0040beaf f   cl_newfx.obj
 0001:0000af38       ?CL_MonsterPlasma_Shell@@YAXQAM@Z 0040bf38 f   cl_newfx.obj
 0001:0000afbe       ?CL_Widowbeamout@@YAXPAUcl_sustain_s@@@Z 0040bfbe f   cl_newfx.obj
 0001:0000b07a       ?CL_Nukeblast@@YAXPAUcl_sustain_s@@@Z 0040c07a f   cl_newfx.obj
 0001:0000b136       ?CL_WidowSplash@@YAXQAM@Z  0040c136 f   cl_newfx.obj
 0001:0000b1fe       ?CL_TagTrail@@YAXQAM0M@Z   0040c1fe f   cl_newfx.obj
 0001:0000b2fe       ?CL_ColorExplosionParticles@@YAXQAMHH@Z 0040c2fe f   cl_newfx.obj
 0001:0000b3ab       ?CL_ParticleSmokeEffect@@YAXQAM0HHH@Z 0040c3ab f   cl_newfx.obj
 0001:0000b4d3       ?CL_BlasterParticles2@@YAXQAM0I@Z 0040c4d3 f   cl_newfx.obj
 0001:0000b5a0       ?CL_BlasterTrail2@@YAXQAM0@Z 0040c5a0 f   cl_newfx.obj
 0001:0000b693       ?CL_LoadClientinfo@@YAXPAUclientinfo_t@@PAD@Z 0040c693 f   cl_parse.obj
 0001:0000b97a       ?CL_ParseClientinfo@@YAXH@Z 0040c97a f   cl_parse.obj
 0001:0000b99e       ?CL_ParseServerMessage@@YAXXZ 0040c99e f   cl_parse.obj
 0001:0000c15e       ?CL_CheckPredictionError@@YAXXZ 0040d15e f   cl_pred.obj
 0001:0000c2fe       ?CL_EntityTrace@@YAXPAUtrace_t@@QAM111H@Z 0040d2fe f   cl_pred.obj
 0001:0000c6b8       ?CL_Trace@@YAXPAUtrace_t@@QAM111H@Z 0040d6b8 f   cl_pred.obj
 0001:0000c73a       ?CL_PMpointcontents@@YAHQAM@Z 0040d73a f   cl_pred.obj
 0001:0000c8c4       ?CL_PredictMovement@@YAXXZ 0040d8c4 f   cl_pred.obj
 0001:0000cc66       ?DrawString@@YAXHHPBD@Z    0040dc66 f   cl_scrn.obj
 0001:0000ccab       ?SCR_DebugGraph@@YAXMH@Z   0040dcab f   cl_scrn.obj
 0001:0000ccd3       ?SCR_CenterPrint@@YAXPAD@Z 0040dcd3 f   cl_scrn.obj
 0001:0000cdd7       ?Key_Message@@YAXH@Z       0040ddd7 f   cl_scrn.obj
 0001:0000ce73       ?SCR_SetLevelshot@@YAXPAD@Z 0040de73 f   cl_scrn.obj
 0001:0000cf57       ?SCR_BeginLoadingPlaque@@YAXXZ 0040df57 f   cl_scrn.obj
 0001:0000cfdc       ?SCR_EndLoadingPlaque@@YAX_N@Z 0040dfdc f   cl_scrn.obj
 0001:0000d061       ?SCR_ShowConsole@@YAX_N0@Z 0040e061 f   cl_scrn.obj
 0001:0000d13a       ?SCR_ToggleConsole@@YAXXZ  0040e13a f   cl_scrn.obj
 0001:0000d162       ?SCR_TouchPics@@YAXXZ      0040e162 f   cl_scrn.obj
 0001:0000d1d2       ?SCR_UpdateScreen@@YAXXZ   0040e1d2 f   cl_scrn.obj
 0001:0000e526       ?SCR_Init@@YAXXZ           0040f526 f   cl_scrn.obj
 0001:0000e806       ?CL_RegisterTEntSounds@@YAXXZ 0040f806 f   cl_tent.obj
 0001:0000ea4b       ?CL_RegisterTEntModels@@YAXXZ 0040fa4b f   cl_tent.obj
 0001:0000eb83       ?CL_ClearTEnts@@YAXXZ      0040fb83 f   cl_tent.obj
 0001:0000ebb7       ?CL_AllocExplosion@@YAPAUexplosion_t@@QAMW4exptype_t@@@Z 0040fbb7 f   cl_tent.obj
 0001:0000ec53       ?CL_AddExplosions@@YAXXZ   0040fc53 f   cl_tent.obj
 0001:0000eded       ?CL_SmokeAndFlash@@YAXQAM@Z 0040fded f   cl_tent.obj
 0001:0000ee35       ?CL_ParseBeam@@YAHPAUmodel_s@@@Z 0040fe35 f   cl_tent.obj
 0001:0000ef14       ?CL_ParseBeam2@@YAHPAUmodel_s@@@Z 0040ff14 f   cl_tent.obj
 0001:0000efeb       ?CL_ParsePlayerBeam@@YAHPAUmodel_s@@@Z 0040ffeb f   cl_tent.obj
 0001:0000f0f9       ?CL_ParseLightning@@YAHPAUmodel_s@@@Z 004100f9 f   cl_tent.obj
 0001:0000f1c5       ?CL_ParseLaser@@YAXI@Z     004101c5 f   cl_tent.obj
 0001:0000f241       ?CL_ParseSteam@@YAXXZ      00410241 f   cl_tent.obj
 0001:0000f352       ?CL_ParseWidow@@YAXXZ      00410352 f   cl_tent.obj
 0001:0000f3be       ?CL_ParseNuke@@YAXXZ       004103be f   cl_tent.obj
 0001:0000f428       ?CL_ParseTEnt@@YAXXZ       00410428 f   cl_tent.obj
 0001:00010243       ?CL_AddBeams@@YAXXZ        00411243 f   cl_tent.obj
 0001:0001057f       ?CL_AddPlayerBeams@@YAXXZ  0041157f f   cl_tent.obj
 0001:00010c6f       ?CL_ProcessSustain@@YAXXZ  00411c6f f   cl_tent.obj
 0001:00010cb0       ?CL_AddTEnts@@YAXXZ        00411cb0 f   cl_tent.obj
 0001:00010cc4       ?V_AddEntity@@YAXPAUentity_t@@@Z 00411cc4 f   cl_view.obj
 0001:00010cf3       ?V_AddLight@@YAXQAMMMMM@Z  00411cf3 f   cl_view.obj
 0001:00010d38       ?V_TestParticles@@YAXXZ    00411d38 f   cl_view.obj
 0001:00010df6       ?V_TestEntities@@YAXXZ     00411df6 f   cl_view.obj
 0001:00010e8c       ?V_TestLights@@YAXXZ       00411e8c f   cl_view.obj
 0001:00010f5a       ?CL_PrepRefresh@@YAXXZ     00411f5a f   cl_view.obj
 0001:0001121f       ?CalcFov@@YAMMMM@Z         0041221f f   cl_view.obj
 0001:00011293       ?V_RenderView@@YA_NM@Z     00412293 f   cl_view.obj
 0001:00011f48       ?V_Init@@YAXXZ             00412f48 f   cl_view.obj
 0001:00011ff8       ?Con_ClearNotify@@YAXXZ    00412ff8 f   console.obj
 0001:00012007       ?Con_CheckResize@@YAXXZ    00413007 f   console.obj
 0001:0001212e       ?Con_Print@@YAXPBD@Z       0041312e f   console.obj
 0001:00012426       ?Con_DrawNotify@@YAX_N@Z   00413426 f   console.obj
 0001:00012540       ?Con_DrawConsole@@YAXM@Z   00413540 f   console.obj
 0001:0001291a       ?Con_ClearTyping@@YAXXZ    0041391a f   console.obj
 0001:00012933       ?Key_Console@@YAXHH@Z      00413933 f   console.obj
 0001:00012d7b       ?Con_Init@@YAXXZ           00413d7b f   console.obj
 0001:00012ef7       ?Key_KeynumToString@@YAPBDH@Z 00413ef7 f   keys.obj
 0001:00012fa7       ?CompleteCommand@@YAXXZ    00413fa7 f   keys.obj
 0001:00013902       ?Key_SetBinding@@YAXHPBD@Z 00414902 f   keys.obj
 0001:00013940       ?Key_FindBinding@@YAHPBDPAHH@Z 00414940 f   keys.obj
 0001:0001398e       ?Key_WriteBindings@@YAXPAU_iobuf@@@Z 0041498e f   keys.obj
 0001:000139d6       ?Key_Init@@YAXXZ           004149d6 f   keys.obj
 0001:00013cba       ?Key_Event@@YAXH_NI@Z      00414cba f   keys.obj
 0001:00014008       ?Key_ClearStates@@YAXXZ    00415008 f   keys.obj
 0001:0001403f       ?M_PushMenu@@YAXP6AXXZP6APBDH@Z@Z 0041503f f   menu.obj
 0001:000140ce       ?M_ForceMenuOff@@YAXXZ     004150ce f   menu.obj
 0001:000140f7       ?M_ForceMenuOn@@YAXXZ      004150f7 f   menu.obj
 0001:00014110       ?M_PopMenu@@YAXXZ          00415110 f   menu.obj
 0001:0001415c       ?Default_MenuKey@@YAPBDPAUmenuFramework_s@@H@Z 0041515c f   menu.obj
 0001:0001427c       ?M_DrawCharacter@@YAXHHH@Z 0041527c f   menu.obj
 0001:000142ae       ?M_Print@@YAXHHPAD@Z       004152ae f   menu.obj
 0001:000142f4       ?M_DrawCursor@@YAXHHH@Z    004152f4 f   menu.obj
 0001:00014319       ?M_DrawTextBox@@YAXHHHH@Z  00415319 f   menu.obj
 0001:000143eb       ?M_Main_Draw@@YAXXZ        004153eb f   menu.obj
 0001:0001455f       ?M_Main_Key@@YAPBDH@Z      0041555f f   menu.obj
 0001:0001463d       ?M_Menu_Main_f@@YAXXZ      0041563d f   menu.obj
 0001:0001465e       ?M_Menu_Multiplayer_f@@YAXXZ 0041565e f   menu.obj
 0001:00014836       ?M_Menu_Keys_f@@YAXXZ      00415836 f   menu.obj
 0001:00014c92       ?M_Menu_Options_f@@YAXXZ   00415c92 f   menu.obj
 0001:000155a7       ?M_Menu_Video_f@@YAXXZ     004165a7 f   menu.obj
 0001:000155c8       ?M_Menu_Credits_f@@YAXXZ   004165c8 f   menu.obj
 0001:00015775       ?M_Menu_Game_f@@YAXXZ      00416775 f   menu.obj
 0001:000159e8       ?M_Menu_LoadGame_f@@YAXXZ  004169e8 f   menu.obj
 0001:00015cb6       ?M_Menu_SaveGame_f@@YAXXZ  00416cb6 f   menu.obj
 0001:00015e16       ?M_AddToServerList@@YAXUnetadr_t@@PAD@Z 00416e16 f   menu.obj
 0001:00015e89       ?M_Menu_JoinServer_f@@YAXXZ 00416e89 f   menu.obj
 0001:000160fa       ?M_Menu_StartServer_f@@YAXXZ 004170fa f   menu.obj
 0001:00016900       ?M_Menu_DMOptions_f@@YAXXZ 00417900 f   menu.obj
 0001:000170a1       ?M_Menu_DownloadOptions_f@@YAXXZ 004180a1 f   menu.obj
 0001:00017323       ?M_Menu_AddressBook_f@@YAXXZ 00418323 f   menu.obj
 0001:000186d7       ?M_Init@@YAXXZ             004196d7 f   menu.obj
 0001:000187f5       ?M_Draw@@YAXXZ             004197f5 f   menu.obj
 0001:00018846       ?M_Keydown@@YAXH@Z         00419846 f   menu.obj
 0001:00018862       ?Insert@?$TList@VCStringItem@@@@QAE_NPAVCStringItem@@@Z 00419862 f i menu.obj
 0001:00018862       ?Insert@?$TList@VplayerModelInfo_t@@@@QAE_NPAVplayerModelInfo_t@@@Z 00419862 f i menu.obj
 0001:00018898       ?Menu_ItemAtCursor@@YAPAUmenuCommon_s@@PAUmenuFramework_s@@@Z 00419898 f   qmenu.obj
 0001:000188e8       ?Field_Key@@YA_NPAUmenuField_t@@H@Z 004198e8 f   qmenu.obj
 0001:00018a95       ?Menu_AddItem@@YAXPAUmenuFramework_s@@PAX@Z 00419a95 f   qmenu.obj
 0001:00018b50       ?Menu_AdjustCursor@@YAXPAUmenuFramework_s@@H@Z 00419b50 f   qmenu.obj
 0001:00018c9b       ?Menu_Center@@YAXPAUmenuFramework_s@@@Z 00419c9b f   qmenu.obj
 0001:00018cdb       ?Menu_Draw@@YAXPAUmenuFramework_s@@@Z 00419cdb f   qmenu.obj
 0001:0001922a       ?Menu_SelectItem@@YA_NPAUmenuFramework_s@@@Z 0041a22a f   qmenu.obj
 0001:0001927d       ?Menu_SetStatusBar@@YAXPAUmenuFramework_s@@PBD@Z 0041a27d f   qmenu.obj
 0001:00019289       ?Menu_SlideItem@@YAXPAUmenuFramework_s@@H@Z 0041a289 f   qmenu.obj
 0001:00019784       ?InitRendererVars@@YAXXZ   0041a784 f   ref_vars.obj
 0001:000197a3       ?S_SoundInfo_f@@YAXXZ      0041a7a3 f   snd_dma.obj
 0001:0001982d       ?S_ReadModelsSex@@YAXXZ    0041a82d f   snd_dma.obj
 0001:00019912       ?S_IsFemale@@YA_NPAD@Z     0041a912 f   snd_dma.obj
 0001:00019966       ?S_Init@@YAXXZ             0041a966 f   snd_dma.obj
 0001:00019a3c       ?S_Shutdown@@YAXXZ         0041aa3c f   snd_dma.obj
 0001:00019acf       ?S_AliasName@@YAPAUsfx_s@@PAD0@Z 0041aacf f   snd_dma.obj
 0001:00019b95       ?S_BeginRegistration@@YAXXZ 0041ab95 f   snd_dma.obj
 0001:00019ba3       ?S_RegisterSound@@YAPAUsfx_s@@PBD@Z 0041aba3 f   snd_dma.obj
 0001:00019d3c       ?S_EndRegistration@@YAXXZ  0041ad3c f   snd_dma.obj
 0001:00019dd4       ?S_PickChannel@@YAPAUchannel_t@@HH@Z 0041add4 f   snd_dma.obj
 0001:00019e61       ?S_SpatializeOrigin@@YAXQAMMMPAH1@Z 0041ae61 f   snd_dma.obj
 0001:00019f88       ?S_Spatialize@@YAXPAUchannel_t@@@Z 0041af88 f   snd_dma.obj
 0001:00019ff9       ?S_AllocPlaysound@@YAPAUplaysound_s@@XZ 0041aff9 f   snd_dma.obj
 0001:0001a01b       ?S_FreePlaysound@@YAXPAUplaysound_s@@@Z 0041b01b f   snd_dma.obj
 0001:0001a04b       ?S_IssuePlaysound@@YAXPAUplaysound_s@@@Z 0041b04b f   snd_dma.obj
 0001:0001a118       ?S_StartSound@@YAXQAMHHPAUsfx_s@@MMM@Z 0041b118 f   snd_dma.obj
 0001:0001a3c1       ?S_StartLocalSound@@YAXPBD@Z 0041b3c1 f   snd_dma.obj
 0001:0001a410       ?S_ClearBuffer@@YAXXZ      0041b410 f   snd_dma.obj
 0001:0001a479       ?S_StopAllSounds_f@@YAXXZ  0041b479 f   snd_dma.obj
 0001:0001a4e9       ?S_AddLoopSounds@@YAXXZ    0041b4e9 f   snd_dma.obj
 0001:0001a6bf       ?S_RawSamples@@YAXHHHHPAE@Z 0041b6bf f   snd_dma.obj
 0001:0001a8c3       ?S_Update@@YAXQAM000@Z     0041b8c3 f   snd_dma.obj
 0001:0001a9bd       ?GetSoundtime@@YAXXZ       0041b9bd f   snd_dma.obj
 0001:0001aa24       ?S_Update_@@YAXXZ          0041ba24 f   snd_dma.obj
 0001:0001acd7       ?ResampleSfx@@YAXPAUsfx_s@@HHPAE@Z 0041bcd7 f   snd_mem.obj
 0001:0001adf2       ?S_LoadSound@@YAPAUsfxcache_t@@PAUsfx_s@@@Z 0041bdf2 f   snd_mem.obj
 0001:0001af2a       ?GetWavinfo@@YA?AUwavinfo_t@@PADPAEH@Z 0041bf2a f   snd_mem.obj
 0001:0001b16c       ?S_WriteLinearBlastStereo16@@YAXXZ 0041c16c f   snd_mix.obj
 0001:0001b1e0       ?S_TransferStereo16@@YAXPAKH@Z 0041c1e0 f   snd_mix.obj
 0001:0001b249       ?S_TransferPaintBuffer@@YAXH@Z 0041c249 f   snd_mix.obj
 0001:0001b3a5       ?S_PaintChannels@@YAXH@Z   0041c3a5 f   snd_mix.obj
 0001:0001b641       ?S_InitScaletable@@YAXXZ   0041c641 f   snd_mix.obj
 0001:0001b802       ?SV_WipeSavegame@@YAXPAD@Z 0041c802 f   sv_ccmds.obj
 0001:0001b830       ?SV_CopySaveGame@@YAXPAD0@Z 0041c830 f   sv_ccmds.obj
 0001:0001b885       ?SV_WriteLevelFile@@YAXXZ  0041c885 f   sv_ccmds.obj
 0001:0001b933       ?SV_ReadLevelFile@@YAXXZ   0041c933 f   sv_ccmds.obj
 0001:0001b9e1       ?SV_WriteServerFile@@YAX_NPAD@Z 0041c9e1 f   sv_ccmds.obj
 0001:0001bc1e       ?SV_ReadServerFile@@YAXXZ  0041cc1e f   sv_ccmds.obj
 0001:0001bd43       ?SV_AddressBanned@@YA_NPAUnetadr_t@@@Z 0041cd43 f   sv_ccmds.obj
 0001:0001bd84       ?SV_InitOperatorCommands@@YAXXZ 0041cd84 f   sv_ccmds.obj
 0001:0001cd93       ?SV_WritePlayerstateToClient@@YAXPAUclient_frame_t@@0PAUsizebuf_s@@@Z 0041dd93 f   sv_ents.obj
 0001:0001d2af       ?SV_WriteFrameToClient@@YAXPAUclient_s@@PAUsizebuf_s@@@Z 0041e2af f   sv_ents.obj
 0001:0001d4d7       ?SV_FatPVS@@YAXQAM@Z       0041e4d7 f   sv_ents.obj
 0001:0001d5f5       ?SV_BuildClientFrame@@YAXPAUclient_s@@@Z 0041e5f5 f   sv_ents.obj
 0001:0001d90a       ?SV_RecordDemoMessage@@YAXXZ 0041e90a f   sv_ents.obj
 0001:0001e493       ?SV_InitGameLibrary@@YAX_N@Z 0041f493 f   sv_game.obj
 0001:0001e5d9       ?SV_ShutdownGameLibrary@@YAXXZ 0041f5d9 f   sv_game.obj
 0001:0001e736       ?SV_FindIndex@@YAHPADHH_N@Z 0041f736 f   sv_init.obj
 0001:0001e83b       ?SV_ModelIndex@@YAHPAD@Z   0041f83b f   sv_init.obj
 0001:0001e851       ?SV_SoundIndex@@YAHPAD@Z   0041f851 f   sv_init.obj
 0001:0001e86a       ?SV_ImageIndex@@YAHPAD@Z   0041f86a f   sv_init.obj
 0001:0001e883       ?SV_CreateBaseline@@YAXXZ  0041f883 f   sv_init.obj
 0001:0001e8e1       ?SV_CheckForSavegame@@YAXXZ 0041f8e1 f   sv_init.obj
 0001:0001e969       ?SV_SpawnServer@@YAXPAD0W4server_state_t@@_N2@Z 0041f969 f   sv_init.obj
 0001:0001ec38       ?SV_InitGame@@YAXXZ        0041fc38 f   sv_init.obj
 0001:0001ee76       ?SV_Map@@YAX_NPAD0@Z       0041fe76 f   sv_init.obj
 0001:0001f03f       ?SV_DropClient@@YAXPAUclient_s@@PAD@Z 0042003f f   sv_main.obj
 0001:0001f0f0       ?SV_StatusString@@YAPADXZ  004200f0 f   sv_main.obj
 0001:0001f927       ?SV_ConnectionlessPacket@@YAXXZ 00420927 f   sv_main.obj
 0001:0001f9f2       ?SV_CalcPings@@YAXXZ       004209f2 f   sv_main.obj
 0001:0001fa79       ?SV_GiveMsec@@YAXXZ        00420a79 f   sv_main.obj
 0001:0001fab8       ?SV_ReadPackets@@YAXXZ     00420ab8 f   sv_main.obj
 0001:0001fc02       ?SV_CheckTimeouts@@YAXXZ   00420c02 f   sv_main.obj
 0001:0001fd13       ?SV_PostprocessFrame@@YAXXZ 00420d13 f   sv_main.obj
 0001:000201ea       ?SV_MulticastHook@@YAPAUsizebuf_s@@PAU1@0@Z 004211ea f   sv_main.obj
 0001:000205de       ?SV_TraceHook@@YA?AUtrace_t@@QAM000PAUedict_s@@H@Z 004215de f   sv_main.obj
 0001:00020759       ?SV_Frame@@YAXM@Z          00421759 f   sv_main.obj
 0001:00020a13       ?SV_UserinfoChanged@@YAXPAUclient_s@@@Z 00421a13 f   sv_main.obj
 0001:00020ad7       ?SV_Init@@YAXXZ            00421ad7 f   sv_main.obj
 0001:00020b4e       ?SV_Shutdown@@YAXPAD_N@Z   00421b4e f   sv_main.obj
 0001:00020d4b       ?SV_BeginRedirect@@YAXXZ   00421d4b f   sv_send.obj
 0001:00020df5       ?SV_ClientPrintf@@YAXPAUclient_s@@HPADZZ 00421df5 f   sv_send.obj
 0001:00020e50       ?SV_BroadcastPrintf@@YAXHPADZZ 00421e50 f   sv_send.obj
 0001:00020f26       ?SV_BroadcastCommand@@YAXPADZZ 00421f26 f   sv_send.obj
 0001:00020f7b       ?SV_Multicast@@YAXQAMW4multicast_t@@_N@Z 00421f7b f   sv_send.obj
 0001:000211be       ?SV_MulticastOld@@YAXQAMW4multicast_t@@@Z 004221be f   sv_send.obj
 0001:000211d1       ?SV_MulticastNew@@YAXQAMW4multicast_t@@@Z 004221d1 f   sv_send.obj
 0001:000211e4       ?SV_StartSound@@YAXQAMPAUedict_s@@HHMMM_N@Z 004221e4 f   sv_send.obj
 0001:000214ac       ?SV_StartSoundOld@@YAXQAMPAUedict_s@@HHMMM@Z 004224ac f   sv_send.obj
 0001:000214dc       ?SV_StartSoundNew@@YAXQAMPAUedict_s@@HHMMM@Z 004224dc f   sv_send.obj
 0001:0002150c       ?SV_SendClientDatagram@@YA_NPAUclient_s@@@Z 0042250c f   sv_send.obj
 0001:000215df       ?SV_DemoCompleted@@YAXXZ   004225df f   sv_send.obj
 0001:000215fb       ?SV_RateDrop@@YA_NPAUclient_s@@@Z 004225fb f   sv_send.obj
 0001:00021645       ?SV_SendClientMessages@@YAXXZ 00422645 f   sv_send.obj
 0001:00021793       ?SV_TokenizeString@@YAXPBD@Z 00422793 f   sv_tokenize.obj
 0001:0002186a       ?SV_Argc@@YAHXZ            0042286a f   sv_tokenize.obj
 0001:00021870       ?SV_Argv@@YAPADH@Z         00422870 f   sv_tokenize.obj
 0001:0002188a       ?SV_Args@@YAPADXZ          0042288a f   sv_tokenize.obj
 0001:000220db       ?SV_Nextserver@@YAXXZ      004230db f   sv_user.obj
 0001:0002216a       ?SV_ExecuteUserCommand@@YAXPAD@Z 0042316a f   sv_user.obj
 0001:0002222c       ?SV_ClientThink@@YAXPAUclient_s@@PAUusercmd_t@@@Z 0042322c f   sv_user.obj
 0001:0002226f       ?SV_ExecuteClientMessage@@YAXPAUclient_s@@@Z 0042326f f   sv_user.obj
 0001:0002248d       ?SV_ClearWorld@@YAXXZ      0042348d f   sv_world.obj
 0001:000225e5       ?SV_UnlinkEdict@@YAXPAUedict_s@@@Z 004235e5 f   sv_world.obj
 0001:000226a8       ?SV_LinkEdict@@YAXPAUedict_s@@@Z 004236a8 f   sv_world.obj
 0001:00022d00       ?SV_AreaEdicts@@YAHQAM0PAPAUedict_s@@HH@Z 00423d00 f   sv_world.obj
 0001:00022eb1       ?SV_PointContents@@YAHQAM@Z 00423eb1 f   sv_world.obj
 0001:00022fd7       ?SV_ClipMoveToEntities@@YAXPAUtrace_t@@QAM111PAUedict_s@@H@Z 00423fd7 f   sv_world.obj
 0001:000233b6       ?SV_Trace@@YAXPAUtrace_t@@QAM111PAUedict_s@@H@Z 004243b6 f   sv_world.obj
 0001:0002348a       ?Cbuf_Init@@YAXXZ          0042448a f   cmd.obj
 0001:000234a2       ?Cbuf_AddText@@YAXPAD@Z    004244a2 f   cmd.obj
 0001:00023507       ?Cbuf_InsertText@@YAXPAD@Z 00424507 f   cmd.obj
 0001:0002356e       ?Cbuf_CopyToDefer@@YAXXZ   0042456e f   cmd.obj
 0001:000235b6       ?Cbuf_InsertFromDefer@@YAXXZ 004245b6 f   cmd.obj
 0001:000235df       ?Cbuf_Execute@@YAXXZ       004245df f   cmd.obj
 0001:000236e1       ?Cmd_Unalias_f@@YAX_NHPAPAD@Z 004246e1 f   cmd.obj
 0001:00023757       ?Cmd_WriteAliases@@YAXPAU_iobuf@@@Z 00424757 f   cmd.obj
 0001:00023788       ?RegisterCommand@@YA_NPBDP6AXXZH@Z 00424788 f   cmd.obj
 0001:00023841       ?UnregisterCommand@@YA_NPBD@Z 00424841 f   cmd.obj
 0001:000238d2       ?Cmd_ExecuteString@@YA_NPBD@Z 004248d2 f   cmd.obj
 0001:00023d42       ?ExecuteCommand@@YA_NPBDPBUCSimpleCommand@@H@Z 00424d42 f   cmd.obj
 0001:00023e09       ?Cmd_Init@@YAXXZ           00424e09 f   cmd.obj
 0001:00024147       ?CMod_GetSurfMaterial@@YA?AW4material_t@@PAD@Z 00425147 f   cmodel.obj
 0001:000241a4       ?CM_LoadMap@@YAPAUcmodel_t@@PAD_NPAI@Z 004251a4 f   cmodel.obj
 0001:00024820       ?PlaneTypeForNormal@@YAHQBM@Z 00425820 f i cmodel.obj
 0001:000249c4       ?CM_InlineModel@@YAPAUcmodel_t@@PAD@Z 004259c4 f   cmodel.obj
 0001:00024a05       ?CM_NumClusters@@YAHXZ     00425a05 f   cmodel.obj
 0001:00024a0b       ?CM_NumInlineModels@@YAHXZ 00425a0b f   cmodel.obj
 0001:00024a11       ?CM_EntityString@@YAPADXZ  00425a11 f   cmodel.obj
 0001:00024a17       ?CM_LeafContents@@YAHH@Z   00425a17 f   cmodel.obj
 0001:00024a3b       ?CM_LeafCluster@@YAHH@Z    00425a3b f   cmodel.obj
 0001:00024aad       ?CM_LeafArea@@YAHH@Z       00425aad f   cmodel.obj
 0001:00024ad2       ?CM_InitBoxHull@@YAXXZ     00425ad2 f   cmodel.obj
 0001:00024c62       ?CM_HeadnodeForBox@@YAHQAM0@Z 00425c62 f   cmodel.obj
 0001:00024d17       ?CM_PointLeafnum@@YAHQAMH@Z 00425d17 f   cmodel.obj
 0001:00024db7       ?DISTANCE_TO_PLANE@@YAMQBMPBUcplane_t@@@Z 00425db7 f i cmodel.obj
 0001:00024dff       ?CM_PointContents@@YAHQAMH@Z 00425dff f   cmodel.obj
 0001:00024e71       ?CM_TransformedPointContents@@YAHQAMH00@Z 00425e71 f   cmodel.obj
 0001:00024fa7       ?CM_TransformedPointContents2@@YAHQAMH0PAY02M@Z 00425fa7 f   cmodel.obj
 0001:00025095       ?CM_BoxLeafnums@@YAHQAM0PAHH1H@Z 00426095 f   cmodel.obj
 0001:000251a7       ?BOX_ON_PLANE_SIDE@@YAHQBM0PBUcplane_t@@@Z 004261a7 f i cmodel.obj
 0001:0002522c       ?CM_BoxTrace@@YAXPAUtrace_t@@QBM111HH@Z 0042622c f   cmodel.obj
 0001:00025c45       ?CM_TransformedBoxTrace@@YAXPAUtrace_t@@QBM111HH11@Z 00426c45 f   cmodel.obj
 0001:00025f15       ?CM_TransformedBoxTrace2@@YAXPAUtrace_t@@QBM111HH1PAY02$$CBM@Z 00426f15 f   cmodel.obj
 0001:0002612a       ?CM_BrushTrace@@YAHQBM0PAHH@Z 0042712a f   cmodel.obj
 0001:00026548       ?CM_RefineBrushTrace@@YAHQBM0PAHH@Z 00427548 f   cmodel.obj
 0001:000265ed       ?CM_ClusterPVS@@YAPAEH@Z   004275ed f   cmodel.obj
 0001:00026731       ?CM_ClusterPHS@@YAPAEH@Z   00427731 f   cmodel.obj
 0001:000267d4       ?FloodAreaConnections@@YAXXZ 004277d4 f   cmodel.obj
 0001:0002688d       ?CM_SetAreaPortalState@@YAXH_N@Z 0042788d f   cmodel.obj
 0001:000268b2       ?CM_AreasConnected@@YA_NHH@Z 004278b2 f   cmodel.obj
 0001:000268f6       ?CM_WriteAreaBits@@YAHPAEH@Z 004278f6 f   cmodel.obj
 0001:00026990       ?CM_WritePortalState@@YAXPAU_iobuf@@@Z 00427990 f   cmodel.obj
 0001:000269aa       ?CM_ReadPortalState@@YAXPAU_iobuf@@@Z 004279aa f   cmodel.obj
 0001:000269c8       ?CM_HeadnodeVisible@@YA_NHPAE@Z 004279c8 f   cmodel.obj
 0001:00026a9d       ?Com_BeginRedirect@@YAXPADHP6AX0@Z@Z 00427a9d f   common.obj
 0001:00026aca       ?Com_EndRedirect@@YAXXZ    00427aca f   common.obj
 0001:00026ae9       ?Com_Printf@@YAXPBDZZ      00427ae9 f   common.obj
 0001:00026cf6       ?Com_DPrintf@@YAXPBDZZ     00427cf6 f   common.obj
 0001:00026d6f       ?DebugPrintf@@YAXPBDZZ     00427d6f f   common.obj
 0001:00026e19       ?Com_WPrintf@@YAXPBDZZ     00427e19 f   common.obj
 0001:00026e73       ?Com_Quit@@YAXXZ           00427e73 f   common.obj
 0001:00026e93       ?IPWildcard@@YA_NPAUnetadr_t@@PAD@Z 00427e93 f   common.obj
 0001:00026f6d       ?Com_ServerState@@YA?AW4server_state_t@@XZ 00427f6d f   common.obj
 0001:00026f73       ?Com_SetServerState@@YAXW4server_state_t@@@Z 00427f73 f   common.obj
 0001:00026f7d       ?frand@@YAMXZ              00427f7d f   common.obj
 0001:00026f95       ?crand@@YAMXZ              00427f95 f   common.obj
 0001:00026fb3       ?MSG_WriteByte@@YAXPAUsizebuf_s@@H@Z 00427fb3 f   common.obj
 0001:00026fb3       ?MSG_WriteChar@@YAXPAUsizebuf_s@@H@Z 00427fb3 f   common.obj
 0001:00026fc7       ?MSG_WriteShort@@YAXPAUsizebuf_s@@H@Z 00427fc7 f   common.obj
 0001:00026fe1       ?MSG_WriteLong@@YAXPAUsizebuf_s@@H@Z 00427fe1 f   common.obj
 0001:0002700b       ?MSG_WriteFloat@@YAXPAUsizebuf_s@@M@Z 0042800b f   common.obj
 0001:00027027       ?MSG_WriteString@@YAXPAUsizebuf_s@@PAD@Z 00428027 f   common.obj
 0001:0002705e       ?MSG_WriteCoord@@YAXPAUsizebuf_s@@M@Z 0042805e f   common.obj
 0001:00027083       ?MSG_WritePos@@YAXPAUsizebuf_s@@QAM@Z 00428083 f   common.obj
 0001:000270e7       ?MSG_WriteAngle@@YAXPAUsizebuf_s@@M@Z 004280e7 f   common.obj
 0001:00027112       ?MSG_WriteAngle16@@YAXPAUsizebuf_s@@M@Z 00428112 f   common.obj
 0001:0002713d       ?MSG_WriteDeltaUsercmd@@YAXPAUsizebuf_s@@PAUusercmd_t@@1@Z 0042813d f   common.obj
 0001:00027267       ?MSG_WriteDir@@YAXPAUsizebuf_s@@QAM@Z 00428267 f   common.obj
 0001:000272ce       ?MSG_ReadDir@@YAXPAUsizebuf_s@@QAM@Z 004282ce f   common.obj
 0001:000272ff       ?MSG_WriteDeltaEntity@@YAXPAUentity_state_t@@0PAUsizebuf_s@@_N2@Z 004282ff f   common.obj
 0001:00027747       ?MSG_BeginReading@@YAXPAUsizebuf_s@@@Z 00428747 f   common.obj
 0001:00027750       ?MSG_ReadChar@@YAHPAUsizebuf_s@@@Z 00428750 f   common.obj
 0001:00027771       ?MSG_ReadByte@@YAHPAUsizebuf_s@@@Z 00428771 f   common.obj
 0001:00027792       ?MSG_ReadShort@@YAHPAUsizebuf_s@@@Z 00428792 f   common.obj
 0001:000277c2       ?MSG_ReadLong@@YAHPAUsizebuf_s@@@Z 004287c2 f   common.obj
 0001:00027801       ?MSG_ReadString@@YAPADPAUsizebuf_s@@@Z 00428801 f   common.obj
 0001:00027834       ?MSG_ReadCoord@@YAMPAUsizebuf_s@@@Z 00428834 f   common.obj
 0001:0002784e       ?MSG_ReadPos@@YAXPAUsizebuf_s@@QAM@Z 0042884e f   common.obj
 0001:000278a0       ?MSG_ReadAngle@@YAMPAUsizebuf_s@@@Z 004288a0 f   common.obj
 0001:000278ba       ?MSG_ReadAngle16@@YAMPAUsizebuf_s@@@Z 004288ba f   common.obj
 0001:000278d4       ?MSG_ReadDeltaUsercmd@@YAXPAUsizebuf_s@@PAUusercmd_t@@1@Z 004288d4 f   common.obj
 0001:0002798f       ?MSG_ReadData@@YAXPAUsizebuf_s@@PAXH@Z 0042898f f   common.obj
 0001:000279b2       ?SZ_Init@@YAXPAUsizebuf_s@@PAXH@Z 004289b2 f   common.obj
 0001:000279d0       ?SZ_Clear@@YAXPAUsizebuf_s@@@Z 004289d0 f   common.obj
 0001:000279dd       ?SZ_GetSpace@@YAPAXPAUsizebuf_s@@H@Z 004289dd f   common.obj
 0001:00027a3a       ?SZ_Write@@YAXPAUsizebuf_s@@PAXH@Z 00428a3a f   common.obj
 0001:00027a66       ?SZ_Insert@@YAXPAUsizebuf_s@@PAXHH@Z 00428a66 f   common.obj
 0001:00027abf       ?SZ_Print@@YAXPAUsizebuf_s@@PAD@Z 00428abf f   common.obj
 0001:00027b15       ?Info_ValueForKey@@YAPADPAD0@Z 00428b15 f   common.obj
 0001:00027ba0       ?Info_RemoveKey@@YAXPAD0@Z 00428ba0 f   common.obj
 0001:00027c26       ?Info_SetValueForKey@@YAXPAD00@Z 00428c26 f   common.obj
 0001:00027d5e       ?Info_Print@@YAXPAD@Z      00428d5e f   common.obj
 0001:00027e23       ?COM_BlockSequenceCRCByte@@YAEPAEHH@Z 00428e23 f   common.obj
 0001:00027eb4       ?COM_CheckCmdlineVar@@YA_NPBD@Z 00428eb4 f   common.obj
 0001:00027f0a       ?QCommon_Init@@YAXPAD@Z    00428f0a f   common.obj
 0001:000282d8       ?QCommon_Frame@@YAXH@Z     004292d8 f   common.obj
 0001:000285af       ?QCommon_Shutdown@@YAXXZ   004295af f   common.obj
 0001:000285c8       ?CRC_Init@@YAXPAG@Z        004295c8 f   crc.obj
 0001:000285d2       ?CRC_Block@@YAGPAEH@Z      004295d2 f   crc.obj
 0001:0002861b       ?Cvar_VariableValue@@YAMPBD@Z 0042961b f   cvar.obj
 0001:00028689       ?Cvar_VariableInt@@YAHPBD@Z 00429689 f   cvar.obj
 0001:0002869c       ?Cvar_VariableString@@YAPADPBD@Z 0042969c f   cvar.obj
 0001:000286b4       ?Cvar_Get@@YAPAUcvar_s@@PBD0H@Z 004296b4 f   cvar.obj
 0001:0002896b       ?Cvar_GetVars@@YAXPBUcvarInfo_t@@H@Z 0042996b f   cvar.obj
 0001:00028a15       ?Cvar_FullSet@@YAPAUcvar_s@@PBD0H@Z 00429a15 f   cvar.obj
 0001:00028a6f       ?Cvar_SetValue@@YAPAUcvar_s@@PBDM@Z 00429a6f f   cvar.obj
 0001:00028c95       ?Cvar_SetInteger@@YAPAUcvar_s@@PBDH@Z 00429c95 f   cvar.obj
 0001:00028cb7       ?Cvar_Set@@YAPAUcvar_s@@PBD0@Z 00429cb7 f   cvar.obj
 0001:00028ccc       ?Cvar_ForceSet@@YAPAUcvar_s@@PBD0@Z 00429ccc f   cvar.obj
 0001:00028ce1       ?Cvar_Clamp@@YAMPAUcvar_s@@MM@Z 00429ce1 f   cvar.obj
 0001:00028d3f       ?Cvar_ClampName@@YAMPBDMM@Z 00429d3f f   cvar.obj
 0001:00028d7e       ?Cvar_GetLatchedVars@@YAXXZ 00429d7e f   cvar.obj
 0001:00028dad       ?Cvar_Command@@YA_NHPAPAD@Z 00429dad f   cvar.obj
 0001:00028e4e       ?Cvar_WriteVariables@@YAXPAU_iobuf@@HHPBD@Z 00429e4e f   cvar.obj
 0001:00028ee1       ?Cvar_BitInfo@@YAPADH@Z    00429ee1 f   cvar.obj
 0001:00028f1a       ?Cvar_Userinfo@@YAPADXZ    00429f1a f   cvar.obj
 0001:00028f23       ?Cvar_Serverinfo@@YAPADXZ  00429f23 f   cvar.obj
 0001:00028f2c       ?Cvar_Cheats@@YAX_N@Z      00429f2c f   cvar.obj
 0001:00028f82       ?Cvar_Init@@YAXXZ          00429f82 f   cvar.obj
 0001:0002965b       ?FS_CreatePath@@YAXPAD@Z   0042a65b f   files.obj
 0001:000296a5       ?FS_CopyFile@@YAXPAD0@Z    0042a6a5 f   files.obj
 0001:000297a8       ?FS_CopyFiles@@YAXPAD0@Z   0042a7a8 f   files.obj
 0001:00029881       ?FS_RemoveFiles@@YAXPAD@Z  0042a881 f   files.obj
 0001:000298f5       ?FS_FCloseFile@@YAXPAU_iobuf@@@Z 0042a8f5 f   files.obj
 0001:00029990       ?FS_FOpenFile@@YAHPBDPAPAU_iobuf@@@Z 0042a990 f   files.obj
 0001:00029eb5       ?FS_FileExists@@YA_NPAD@Z  0042aeb5 f   files.obj
 0001:0002a0d2       ?FS_Read@@YAXPAXHPAU_iobuf@@@Z 0042b0d2 f   files.obj
 0001:0002a372       ?FS_LoadFile@@YAPAXPBDPAI@Z 0042b372 f   files.obj
 0001:0002a3c9       ?FS_FreeFile@@YAXPAX@Z     0042b3c9 f   files.obj
 0001:0002a3d4       ?FS_Gamedir@@YAPADXZ       0042b3d4 f   files.obj
 0001:0002a3e8       ?FS_LoadGameConfig@@YAXXZ  0042b3e8 f   files.obj
 0001:0002a4ad       ?FS_SetGamedir@@YA_NPBD@Z  0042b4ad f   files.obj
 0001:0002abd1       ?FS_ListFiles@@YA?AV?$TList@VCStringItem@@@@PADPAHH@Z 0042bbd1 f   files.obj
 0001:0002aef6       ?FS_NextPath@@YAPADPBD@Z   0042bef6 f   files.obj
 0001:0002af1a       ?FS_InitFilesystem@@YAXXZ  0042bf1a f   files.obj
 0001:0002b8ca       ?LoadPCX@@YAXPBDPAPAE1PAH2@Z 0042c8ca f   images.obj
 0001:0002ba14       ?LoadTGA@@YAXPBDPAPAEPAH2@Z 0042ca14 f   images.obj
 0001:0002bc0f       ?LoadJPG@@YAXPBDPAPAEPAH2@Z 0042cc0f f   images.obj
 0001:0002bea1       ?ImageExists@@YAHPBDH@Z    0042cea1 f   images.obj
 0001:0002bfa2       ?WriteTGA@@YA_NPBDPAEHH@Z  0042cfa2 f   images.obj
 0001:0002c18c       ?WriteJPG@@YA_NPBDPAEHH_N@Z 0042d18c f   images.obj
 0001:0002c2b3       ?MD4Init@@YAXPAUMD4_CTX@@@Z 0042d2b3 f   md4.obj
 0001:0002c2db       ?MD4Update@@YAXPAUMD4_CTX@@PAEI@Z 0042d2db f   md4.obj
 0001:0002c379       ?MD4Final@@YAXQAEPAUMD4_CTX@@@Z 0042d379 f   md4.obj
 0001:0002ca6a       ?Com_BlockChecksum@@YAIPAXH@Z 0042da6a f   md4.obj
 0001:0002caa6       ?LoadQ2BspFile@@YAXXZ      0042daa6 f   model.obj
 0001:0002ce72       ?LoadBspFile@@YAPAUbspfile_t@@PBD_NPAI@Z 0042de72 f   model.obj
 0001:0002d020       ?ProcessEntstring@@YAPADPAD@Z 0042e020 f   model.obj
 0001:0002ded0       ?Netchan_Init@@YAXXZ       0042eed0 f   net_chan.obj
 0001:0002df30       ?Netchan_OutOfBand@@YAXW4netsrc_t@@Unetadr_t@@HPAX@Z 0042ef30 f   net_chan.obj
 0001:0002df90       ?Netchan_OutOfBandPrint@@YAXW4netsrc_t@@Unetadr_t@@PBDZZ 0042ef90 f   net_chan.obj
 0001:0002dfd5       ?Netchan_Setup@@YAXW4netsrc_t@@PAUnetchan_t@@Unetadr_t@@H@Z 0042efd5 f   net_chan.obj
 0001:0002e02e       ?Netchan_NeedReliable@@YA_NPAUnetchan_t@@@Z 0042f02e f   net_chan.obj
 0001:0002e058       ?Netchan_Transmit@@YAXPAUnetchan_t@@HPAX@Z 0042f058 f   net_chan.obj
 0001:0002e1fe       ?Netchan_Process@@YA_NPAUnetchan_t@@PAUsizebuf_s@@@Z 0042f1fe f   net_chan.obj
 0001:0002e324       ?Pmove@@YAXPAUpmove_t@@@Z  0042f324 f   pmove.obj
 0001:000300be       ?NormalizeColor@@YAMQBMQAM@Z 004310be f   q_shared2.obj
 0001:0003011f       ?NormalizeColor255@@YAMQBMQAM@Z 0043111f f   q_shared2.obj
 0001:00030184       ?Q_rsqrt@@YAMM@Z           00431184 f   q_shared2.obj
 0001:000301b4       ?AngleVectors@@YAXQBMQAM11@Z 004311b4 f   q_shared2.obj
 0001:00030315       ?MakeNormalVectors@@YAXQAM00@Z 00431315 f   q_shared2.obj
 0001:0003037c       ?SetPlaneSignbits@@YAXPAUcplane_t@@@Z 0043137c f   q_shared2.obj
 0001:0003039f       ?LerpAngle@@YAMMMM@Z       0043139f f   q_shared2.obj
 0001:000303e2       ?anglemod@@YAMM@Z          004313e2 f   q_shared2.obj
 0001:0003040e       ?BoxOnPlaneSide@@YAHQBM0PBUcplane_t@@@Z 0043140e f   q_shared2.obj
 0001:00030531       ?ClearBounds@@YAXQAM0@Z    00431531 f   q_shared2.obj
 0001:0003055a       ?AddPointToBounds@@YAXQBMQAM1@Z 0043155a f   q_shared2.obj
 0001:00030593       ?VectorCompare@@YA_NQBM0@Z 00431593 f   q_shared2.obj
 0001:000305c0       ?VectorNormalize@@YAMQAM@Z 004315c0 f   q_shared2.obj
 0001:00030619       ?VectorNormalize2@@YAMQBMQAM@Z 00431619 f   q_shared2.obj
 0001:00030674       ?VectorNormalizeFast@@YAMQAM@Z 00431674 f   q_shared2.obj
 0001:000306c7       ?CrossProduct@@YAXQBM0QAM@Z 004316c7 f   q_shared2.obj
 0001:00030702       ?VectorLength@@YAMQBM@Z    00431702 f   q_shared2.obj
 0001:00030731       ?VectorDistance@@YAMQBM0@Z 00431731 f   q_shared2.obj
 0001:00030762       ?VectorScale@@YAXQBMMQAM@Z 00431762 f   q_shared2.obj
 0001:00030786       ?AnglesToAxis@@YAXQBMQAY02M@Z 00431786 f   q_shared2.obj
 0001:000307c4       ?COM_FilePath@@YAXPAD0@Z   004317c4 f   q_shared2.obj
 0001:000307fa       ?ShortSwap@@YAFF@Z         004317fa f   q_shared2.obj
 0001:0003080f       ?COM_Parse@@YAPADAAPBD_N@Z 0043180f f   q_shared2.obj
 0001:00030933       ?COM_QuoteString@@YAPBDPBD_N@Z 00431933 f   q_shared2.obj
 0001:0003098e       ?Com_PageInMemory@@YAXPAXH@Z 0043198e f   q_shared2.obj
 0001:000309ad       ?Q_strncpylower@@YAXPADPBDH@Z 004319ad f   q_shared2.obj
 0001:000309e7       ?Zip_OpenArchive@@YAPAU_iobuf@@PAD@Z 004319e7 f   zip.obj
 0001:00030a52       ?Zip_CloseArchive@@YAXPAU_iobuf@@@Z 00431a52 f   zip.obj
 0001:00030a5e       ?Zip_EnumArchive@@YA_NPAU_iobuf@@P6A_NPAUzipFile_t@@@Z@Z 00431a5e f   zip.obj
 0001:00030c3b       ?Zip_OpenFile@@YAPAUZFILE@@PAU_iobuf@@PAUzipFile_t@@@Z 00431c3b f   zip.obj
 0001:00030d1f       ?Zip_ReadFile@@YAHPAUZFILE@@PAXH@Z 00431d1f f   zip.obj
 0001:00030e15       ?Zip_CloseFile@@YA_NPAUZFILE@@@Z 00431e15 f   zip.obj
 0001:00030e59       ?Zip_OpenBuf@@YAPAUZBUF@@PAXH@Z 00431e59 f   zip.obj
 0001:00030e97       ?Zip_ReadBuf@@YAHPAUZBUF@@PAXH@Z 00431e97 f   zip.obj
 0001:00030edf       ?Zip_CloseBuf@@YAXPAUZBUF@@@Z 00431edf f   zip.obj
 0001:00030ef4       ?CDAudio_Play2@@YAXH_N@Z   00431ef4 f   cd_win.obj
 0001:000310d3       ?CDAudio_Play@@YAXH_N@Z    004320d3 f   cd_win.obj
 0001:000310ea       ?CDAudio_Stop@@YAXXZ       004320ea f   cd_win.obj
 0001:0003112f       ?CDAudio_Pause@@YAXXZ      0043212f f   cd_win.obj
 0001:00031188       ?CDAudio_Resume@@YAXXZ     00432188 f   cd_win.obj
 0001:000311f7       ?CDAudio_MessageHandler@@YAJPAUHWND__@@IIJ@Z 004321f7 f   cd_win.obj
 0001:0003128e       ?CDAudio_Update@@YAXXZ     0043228e f   cd_win.obj
 0001:000312c2       ?CDAudio_Init@@YAHXZ       004322c2 f   cd_win.obj
 0001:00031674       ?CDAudio_Shutdown@@YAXXZ   00432674 f   cd_win.obj
 0001:000316a7       ?CDAudio_Activate@@YAX_N@Z 004326a7 f   cd_win.obj
 0001:000316b8       ?IN_MouseEvent@@YAXH@Z     004326b8 f   in_win.obj
 0001:00031722       ?IN_Commands@@YAXXZ        00432722 f   in_win.obj
 0001:00031853       ?IN_Init@@YAXXZ            00432853 f   in_win.obj
 0001:00031b99       ?IN_Shutdown@@YAXXZ        00432b99 f   in_win.obj
 0001:00031c7d       ?IN_Move@@YAXPAUusercmd_t@@@Z 00432c7d f   in_win.obj
 0001:0003217f       ?IN_Activate@@YAX_N@Z      0043317f f   in_win.obj
 0001:00032189       ?IN_Frame@@YAXXZ           00433189 f   in_win.obj
 0001:00032593       ?NetadrToSockadr@@YAXPAUnetadr_t@@PAUsockaddr@@@Z 00433593 f   net_wins.obj
 0001:00032618       ?SockadrToNetadr@@YAXPAUsockaddr@@PAUnetadr_t@@@Z 00433618 f   net_wins.obj
 0001:00032668       ?NET_CompareAdr@@YA_NPAUnetadr_t@@0@Z 00433668 f   net_wins.obj
 0001:000326c8       ?NET_CompareBaseAdr@@YA_NPAUnetadr_t@@0@Z 004336c8 f   net_wins.obj
 0001:0003271e       ?NET_AdrToString@@YAPADPAUnetadr_t@@@Z 0043371e f   net_wins.obj
 0001:000327d7       ?NET_StringToAdr@@YA_NPBDPAUnetadr_t@@@Z 004337d7 f   net_wins.obj
 0001:00032a61       ?NET_IsLocalAddress@@YA_NPAUnetadr_t@@@Z 00433a61 f   net_wins.obj
 0001:00032a6d       ?NET_GetLoopPacket@@YA_NW4netsrc_t@@PAUnetadr_t@@PAUsizebuf_s@@@Z 00433a6d f   net_wins.obj
 0001:00032af9       ?NET_SendLoopPacket@@YAXW4netsrc_t@@HPAXUnetadr_t@@@Z 00433af9 f   net_wins.obj
 0001:00032b4e       ?NET_GetPacket@@YA_NW4netsrc_t@@PAUnetadr_t@@PAUsizebuf_s@@@Z 00433b4e f   net_wins.obj
 0001:00032c6c       ?NET_SendPacket@@YAXW4netsrc_t@@HPAXUnetadr_t@@@Z 00433c6c f   net_wins.obj
 0001:00032d3d       ?NET_IPSocket@@YAHPADH@Z   00433d3d f   net_wins.obj
 0001:00032e52       ?NET_OpenIP@@YAXXZ         00433e52 f   net_wins.obj
 0001:00032ece       ?NET_OpenIPX@@YAXXZ        00433ece f   net_wins.obj
 0001:0003300e       ?NET_Config@@YAX_N@Z       0043400e f   net_wins.obj
 0001:000330b2       ?NET_Init@@YAXXZ           004340b2 f   net_wins.obj
 0001:0003311e       ?Hunk_Begin@@YAPAXH@Z      0043411e f   q_shwin.obj
 0001:00033152       ?Hunk_Alloc@@YAPAXH@Z      00434152 f   q_shwin.obj
 0001:000331b1       ?Hunk_End@@YAHXZ           004341b1 f   q_shwin.obj
 0001:000331b7       ?Hunk_Free@@YAXPAX@Z       004341b7 f   q_shwin.obj
 0001:000331d0       ?Sys_Milliseconds@@YAHXZ   004341d0 f   q_shwin.obj
 0001:00033201       ?Sys_Mkdir@@YAXPAD@Z       00434201 f   q_shwin.obj
 0001:0003320d       ?Sys_FindFirst@@YAPADPADH@Z 0043420d f   q_shwin.obj
 0001:000332a7       ?Sys_FindNext@@YAPADXZ     004342a7 f   q_shwin.obj
 0001:00033311       ?Sys_FindClose@@YAXXZ      00434311 f   q_shwin.obj
 0001:0003332b       ?SNDDMA_Init@@YA_NXZ       0043432b f   snd_win.obj
 0001:0003396a       ?SNDDMA_GetDMAPos@@YAHXZ   0043496a f   snd_win.obj
 0001:000339b4       ?SNDDMA_BeginPainting@@YAXXZ 004349b4 f   snd_win.obj
 0001:00033acc       ?SNDDMA_Submit@@YAXXZ      00434acc f   snd_win.obj
 0001:00033af1       ?SNDDMA_Shutdown@@YAXXZ    00434af1 f   snd_win.obj
 0001:00033af6       ?S_Activate@@YAX_N@Z       00434af6 f   snd_win.obj
 0001:00033b21       ?Sys_Quit@@YAXXZ           00434b21 f   sys_win.obj
 0001:00033bdc       ?Sys_Init@@YAXXZ           00434bdc f   sys_win.obj
 0001:00033f25       ?Sys_ConsoleInput@@YAPADXZ 00434f25 f   sys_win.obj
 0001:000341dc       ?Sys_ConsoleOutput@@YAXPAD@Z 004351dc f   sys_win.obj
 0001:0003426a       ?Sys_SendKeyEvents@@YAXXZ  0043526a f   sys_win.obj
 0001:00034356       ?Sys_UnloadGame@@YAXXZ     00435356 f   sys_win.obj
 0001:000343d1       ?Sys_GetGameAPI@@YAPAXPAX@Z 004353d1 f   sys_win.obj
 0001:00034528       _WinMain@16                00435528 f   sys_win.obj
 0001:00034805       ?Vid_CreateWindow@@YAPAXHH_N@Z 00435805 f   vid_dll.obj
 0001:0003502e       ?Vid_DestroyWindow@@YAX_N@Z 0043602e f   vid_dll.obj
 0001:00035069       ?Vid_GetModeInfo@@YA_NPAH0H@Z 00436069 f   vid_dll.obj
 0001:00035097       ?Vid_UpdateWindowPosAndSize@@YAXHH@Z 00436097 f   vid_dll.obj
 0001:000350fe       ?Vid_FreeReflib@@YAXXZ     004360fe f   vid_dll.obj
 0001:00035138       ?Vid_CheckChanges@@YAXXZ   00436138 f   vid_dll.obj
 0001:000354d1       ?Vid_Init@@YAXXZ           004364d1 f   vid_dll.obj
 0001:000355c2       ?Vid_Shutdown@@YAXXZ       004365c2 f   vid_dll.obj
 0001:000355f0       ?Vid_MenuInit@@YAXXZ       004365f0 f   vid_menu.obj
 0001:00035e46       ?Vid_MenuDraw@@YAXXZ       00436e46 f   vid_menu.obj
 0001:00035ec9       ?Vid_MenuKey@@YAPBDH@Z     00436ec9 f   vid_menu.obj
 0001:00036234       ?GL_BackEnd@@YAXXZ         00437234 f   gl_backend.obj
 0001:0003983d       ?GL_InitBackend@@YAXXZ     0043a83d f   gl_backend.obj
 0001:00039871       ?GL_ShutdownBackend@@YAXXZ 0043a871 f   gl_backend.obj
 0001:00039885       ?GL_AllocDynamicMemory@@YAPAXH@Z 0043a885 f   gl_buffers.obj
 0001:000398ee       ?GL_ResizeDynamicMemory@@YAXPAXH@Z 0043a8ee f   gl_buffers.obj
 0001:00039930       ?GL_AddSurfaceToPortal@@YAXPAUsurfaceCommon_s@@PAUshader_s@@HH@Z 0043a930 f   gl_buffers.obj
 0001:00039999       ?GL_AddDynamicSurface@@YAPAUsurfaceCommon_s@@PAUshader_s@@H@Z 0043a999 f   gl_buffers.obj
 0001:000399c1       ?GL_InsertShaderIndex@@YAXH@Z 0043a9c1 f   gl_buffers.obj
 0001:000399f4       ?GL_ClearPortal@@YAXXZ     0043a9f4 f   gl_buffers.obj
 0001:00039a10       ?GL_FinishPortal@@YAXXZ    0043aa10 f   gl_buffers.obj
 0001:00039a61       ?GL_SortSurfaces@@YAXPAUviewPortal_s@@PAPAUsurfaceInfo_s@@@Z 0043aa61 f   gl_buffers.obj
 0001:00039bf3       ?GL_ClearBuffers@@YAXXZ    0043abf3 f   gl_buffers.obj
 0001:00039c0a       ?GL_AddEntity@@YAXPAUentity_t@@@Z 0043ac0a f   gl_frontend.obj
 0001:0003a07e       ?GL_AddDlight@@YAXPAUdlight_t@@@Z 0043b07e f   gl_frontend.obj
 0001:0003a236       ?GL_DrawPortal@@YAXXZ      0043b236 f   gl_frontend.obj
 0001:0003cd1f       ?GL_TextureMode@@YAXPAD@Z  0043dd1f f   gl_image.obj
 0001:0003cdc7       ?GL_CreateImage@@YAPAUimage_s@@PBDPAXHHH@Z 0043ddc7 f   gl_image.obj
 0001:0003dbae       ?GL_DrawStretchRaw8@@YAXHHHHHHPAEPAI@Z 0043ebae f   gl_image.obj
 0001:0003df68       ?GL_SetupGamma@@YAXXZ      0043ef68 f   gl_image.obj
 0001:0003e0ad       ?GL_PerformScreenshot@@YAXXZ 0043f0ad f   gl_image.obj
 0001:0003e33a       ?GL_InitImages@@YAXXZ      0043f33a f   gl_image.obj
 0001:0003eb0a       ?GL_ShutdownImages@@YAXXZ  0043fb0a f   gl_image.obj
 0001:0003eb71       ?GL_LoadDelayedImages@@YAXXZ 0043fb71 f   gl_image.obj
 0001:0003ebee       ?GL_ShowImages@@YAXXZ      0043fbee f   gl_image.obj
 0001:0003ee76       ?GL_FindImage@@YAPAUimage_s@@PBDH@Z 0043fe76 f   gl_image.obj
 0001:0003f203       ?GL_Lock@@YAXXZ            00440203 f   gl_interface.obj
 0001:0003f27b       ?GL_Unlock@@YAXXZ          0044027b f   gl_interface.obj
 0001:0003f43d       ?GL_Bind@@YAXPAUimage_s@@@Z 0044043d f   gl_interface.obj
 0001:0003f567       ?GL_BindForce@@YAXPAUimage_s@@@Z 00440567 f   gl_interface.obj
 0001:0003f5e5       ?GL_TexEnv@@YAXI@Z         004405e5 f   gl_interface.obj
 0001:0003f764       ?GL_TexMipBias@@YAXM@Z     00440764 f   gl_interface.obj
 0001:0003f7bf       ?GL_TexEnvColor@@YAXPATcolor_t@@@Z 004407bf f   gl_interface.obj
 0001:0003f86f       ?GL_SelectTexture@@YAXH@Z  0044086f f   gl_interface.obj
 0001:0003f8d0       ?GL_TexCoordPointer@@YAXPAX@Z 004408d0 f   gl_interface.obj
 0001:0003f900       ?GL_SetMultitexture@@YAXH@Z 00440900 f   gl_interface.obj
 0001:0003f9e6       ?GL_DisableTexCoordArrays@@YAXXZ 004409e6 f   gl_interface.obj
 0001:0003fa3a       ?GL_CullFace@@YAXW4gl_cullMode_t@@@Z 00440a3a f   gl_interface.obj
 0001:0003fa8b       ?GL_DepthRange@@YAXW4gl_depthMode_t@@@Z 00440a8b f   gl_interface.obj
 0001:0003fabe       ?GL_State@@YAXI@Z          00440abe f   gl_interface.obj
 0001:0003fc17       ?GL_EnableFog@@YAX_N@Z     00440c17 f   gl_interface.obj
 0001:0003fd0f       ?GL_SetDefaultState@@YAXXZ 00440d0f f   gl_interface.obj
 0001:0003fe5d       ?GL_Set2DMode@@YAXXZ       00440e5d f   gl_interface.obj
 0001:0003ff58       ?GL_Setup@@YAXPAUviewPortal_s@@@Z 00440f58 f   gl_interface.obj
 0001:00040040       ?GL_ShowLights@@YAXXZ      00441040 f   gl_light.obj
 0001:00040465       ?GL_LightForEntity@@YAXPAUrefEntity_s@@@Z 00441465 f   gl_light.obj
 0001:000416cb       ?GL_DiffuseLight@@YAXPATcolor_t@@M@Z 004426cb f   gl_light.obj
 0001:00041843       ?GL_InitLightGrid@@YAXXZ   00442843 f   gl_light.obj
 0001:000418e9       ?GL_PostLoadLights@@YAXXZ  004428e9 f   gl_light.obj
 0001:00041b87       ?LM_Init@@YAXXZ            00442b87 f   gl_lightmap.obj
 0001:00041b9d       ?LM_Flush@@YAXPAUlightmapBlock_t@@@Z 00442b9d f   gl_lightmap.obj
 0001:00041bfa       ?LM_Done@@YAXXZ            00442bfa f   gl_lightmap.obj
 0001:00041c21       ?LM_Save@@YAXPAUlightmapBlock_t@@@Z 00442c21 f   gl_lightmap.obj
 0001:00041c39       ?LM_Restore@@YAXPAUlightmapBlock_t@@@Z 00442c39 f   gl_lightmap.obj
 0001:00041c51       ?LM_NewBlock@@YAPAUlightmapBlock_t@@XZ 00442c51 f   gl_lightmap.obj
 0001:00041cc1       ?LM_Rewind@@YAXXZ          00442cc1 f   gl_lightmap.obj
 0001:00041cc9       ?LM_NextBlock@@YAPAUlightmapBlock_t@@XZ 00442cc9 f   gl_lightmap.obj
 0001:00041cf6       ?LM_CheckMinlight@@YAXPAUdynamicLightmap_s@@@Z 00442cf6 f   gl_lightmap.obj
 0001:00041d8c       ?LM_AllocBlock@@YA_NPAUlightmapBlock_t@@PAUdynamicLightmap_s@@@Z 00442d8c f   gl_lightmap.obj
 0001:00041e43       ?LM_PutBlock@@YAXPAUdynamicLightmap_s@@@Z 00442e43 f   gl_lightmap.obj
 0001:00042270       ?LM_SortLightStyles@@YAXPAUdynamicLightmap_s@@@Z 00443270 f   gl_lightmap.obj
 0001:00042301       ?GL_UpdateDynamicLightmap@@YAXPAUshader_s@@PAUsurfacePlanar_s@@_NI@Z 00443301 f   gl_lightmap.obj
 0001:000427fd       ?LM_IsMonotone@@YA_NPAUdynamicLightmap_s@@PATcolor_t@@@Z 004437fd f   gl_lightmap.obj
 0001:00042904       ?GL_EnableRendering@@YAX_N@Z 00443904 f   gl_main.obj
 0001:0004291f       ?GL_DrawStretchPic@@YAXPAUshader_s@@HHHHMMMMIE@Z 0044391f f   gl_main.obj
 0001:000429eb       ?DrawTextLeft@@YAXPBDI@Z   004439eb f   gl_main.obj
 0001:00042b59       ?DrawTextRight@@YAXPBDI@Z  00443b59 f   gl_main.obj
 0001:00042ba3       ?DrawText3D@@YAXQAMPBDI@Z  00443ba3 f   gl_main.obj
 0001:00042bd0       _GL_GetRefAPI              00443bd0 f   gl_main.obj
 0001:000444d2       ?GL_InitFuncTables@@YAXXZ  004454d2 f   gl_math.obj
 0001:00044683       ?ModelToWorldCoord@@YAXQAMPAUrefEntity_s@@0@Z 00445683 f   gl_math.obj
 0001:000446f4       ?WorldToModelCoord@@YAXQAMPAUrefEntity_s@@0@Z 004456f4 f   gl_math.obj
 0001:0004473b       ?BuildRotationMatrix@@YAXQAY02MQAMM@Z 0044573b f   gl_math.obj
 0001:00044835       ?GetBoxRect@@YA_NPAUrefEntity_s@@QAM11_N@Z 00445835 f   gl_math.obj
 0001:00044ba6       ?ProjectToScreen@@YA_NQAMPAH@Z 00445ba6 f   gl_math.obj
 0001:00044ce9       ?SaturateColor3f@@YAXQAM@Z 00445ce9 f   gl_math.obj
 0001:00044dd9       ?SaturateColor4b@@YAXPATcolor_t@@@Z 00445dd9 f   gl_math.obj
 0001:00044ee7       ?GL_FindModel@@YAPAUmodel_s@@PBD@Z 00445ee7 f   gl_model.obj
 0001:00045061       ?GL_LoadWorldMap@@YAXPBD@Z 00446061 f   gl_model.obj
 0001:00046c13       ?GL_PointInLeaf@@YAPAUnode_s@@QAM@Z 00447c13 f   gl_model.obj
 0001:00047897       ?ATAN2_FUNC@@YAMMM@Z       00448897 f i gl_model.obj
 0001:00047a42       ?GL_FindSkin@@YAPAUshader_s@@PBD@Z 00448a42 f   gl_model.obj
 0001:00047ba4       ?GL_ResetModels@@YAXXZ     00448ba4 f   gl_model.obj
 0001:00047c6d       ?GL_InitModels@@YAXXZ      00448c6d f   gl_model.obj
 0001:00047d55       ?GL_ShutdownModels@@YAXXZ  00448d55 f   gl_model.obj
 0001:00047d6b       ?SubdividePlane@@YAHPAPAY02MHM@Z 00448d6b f   gl_poly.obj
 0001:000481be       ?FreeSubdividedPlane@@YAXXZ 004491be f   gl_poly.obj
 0001:000481d6       ?GetSubdivideIndexes@@YAXPAH@Z 004491d6 f   gl_poly.obj
 0001:00048229       ?RemoveCollinearPoints@@YAHPAPAY02MH@Z 00449229 f   gl_poly.obj
 0001:00048324       ?GetPolyArea@@YAMPAPAY02MH@Z 00449324 f   gl_poly.obj
 0001:000483b8       ?GL_InitShaders@@YAXXZ     004493b8 f   gl_shader.obj
 0001:00048509       ?GL_ShutdownShaders@@YAXXZ 00449509 f   gl_shader.obj
 0001:00048533       ?GetLightmapImage@@YAPAUimage_s@@H@Z 00449533 f   gl_shader.obj
 0001:0004855b       ?GL_SetShaderLightmap@@YAPAUshader_s@@PAU1@H@Z 0044955b f   gl_shader.obj
 0001:00048930       ?GL_SetShaderLightstyles@@YAPAUshader_s@@PAU1@H@Z 00449930 f   gl_shader.obj
 0001:000489cc       ?GL_GetAlphaShader@@YAPAUshader_s@@PAU1@@Z 004499cc f   gl_shader.obj
 0001:00048c92       ?GL_FindShader@@YAPAUshader_s@@PBDH@Z 00449c92 f   gl_shader.obj
 0001:000492b0       ?GL_GetShaderByNum@@YAPAUshader_s@@H@Z 0044a2b0 f   gl_shader.obj
 0001:000492ce       ?GL_ResetShaders@@YAXXZ    0044a2ce f   gl_shader.obj
 0001:000497a0       ?GL_ClearSkyBox@@YAXXZ     0044a7a0 f   gl_sky.obj
 0001:000497b7       ?GL_SetSkyRotate@@YAXMQAM@Z 0044a7b7 f   gl_sky.obj
 0001:000497ef       ?GL_SkyVisible@@YA_NXZ     0044a7ef f   gl_sky.obj
 0001:00049808       ?GL_AddSkySurface@@YAXPAUsurfacePlanar_s@@QAME@Z 0044a808 f   gl_sky.obj
 0001:00049e17       ?GL_TesselateSkySide@@YAHHPAUbufVertex_t@@PAUbufTexCoord_t@@M@Z 0044ae17 f   gl_sky.obj
 0001:0004b732       ?QGL_Shutdown@@YAXXZ       0044c732 f   qgl_win.obj
 0001:0004b770       ?QGL_Init@@YA_NPBD@Z       0044c770 f   qgl_win.obj
 0001:0004b7f3       ?QGL_InitExtensions@@YAXXZ 0044c7f3 f   qgl_win.obj
 0001:0004bcdf       ?QGL_PrintExtensionsString@@YAXPBD00@Z 0044ccdf f   qgl_win.obj
 0001:0004be2f       ?QGL_EnableLogging@@YAX_N@Z 0044ce2f f   qgl_win.obj
 0001:0004bee6       ?QGL_LogMessage@@YAXPBD@Z  0044cee6 f   qgl_win.obj
 0001:0004befd       ?GLimp_SetMode@@YA?AW4rserr_t@@PAI0H_N@Z 0044cefd f   glw_imp.obj
 0001:0004c190       ?GLimp_HasGamma@@YA_NXZ    0044d190 f   glw_imp.obj
 0001:0004c1a4       ?GLimp_SetGamma@@YAXM@Z    0044d1a4 f   glw_imp.obj
 0001:0004c34c       ?GLimp_Init@@YAHXZ         0044d34c f   glw_imp.obj
 0001:0004c694       ?GLimp_Shutdown@@YAXXZ     0044d694 f   glw_imp.obj
 0001:0004c73c       ?GLimp_EndFrame@@YAXXZ     0044d73c f   glw_imp.obj
 0001:0004c7bd       ?GLimp_AppActivate@@YAX_N@Z 0044d7bd f   glw_imp.obj
 0001:0004c8a0       _jpeg_CreateDecompress     0044d8a0 f   lib:jdapimin.obj
 0001:0004c960       _jpeg_read_header          0044d960 f   lib:jdapimin.obj
 0001:0004c9c2       _jpeg_consume_input        0044d9c2 f   lib:jdapimin.obj
 0001:0004cc11       _jpeg_finish_decompress    0044dc11 f   lib:jdapimin.obj
 0001:0004cca8       _jpeg_start_decompress     0044dca8 f   lib:jdapistd.obj
 0001:0004ce15       _jpeg_read_scanlines       0044de15 f   lib:jdapistd.obj
 0001:0004ce99       _jpeg_resync_to_restart    0044de99 f   lib:jdmarker.obj
 0001:0004d05e       _jinit_marker_reader       0044e05e f   lib:jdmarker.obj
 0001:0004e529       _jpeg_CreateCompress       0044f529 f   lib:jcapimin.obj
 0001:0004e5dd       _jpeg_destroy_compress     0044f5dd f   lib:jcapimin.obj
 0001:0004e5dd       _jpeg_destroy_decompress   0044f5dd f   lib:jcapimin.obj
 0001:0004e5e8       _jpeg_suppress_tables      0044f5e8 f   lib:jcapimin.obj
 0001:0004e632       _jpeg_finish_compress      0044f632 f   lib:jcapimin.obj
 0001:0004e71c       _jpeg_start_compress       0044f71c f   lib:jcapistd.obj
 0001:0004e788       _jpeg_write_scanlines      0044f788 f   lib:jcapistd.obj
 0001:0004e833       _jpeg_add_quant_table      0044f833 f   lib:jcparam.obj
 0001:0004e8e5       _jpeg_quality_scaling      0044f8e5 f   lib:jcparam.obj
 0001:0004e90c       _jpeg_set_quality          0044f90c f   lib:jcparam.obj
 0001:0004e946       _jpeg_set_defaults         0044f946 f   lib:jcparam.obj
 0001:0004eb0c       _jpeg_default_colorspace   0044fb0c f   lib:jcparam.obj
 0001:0004eb5c       _jpeg_set_colorspace       0044fb5c f   lib:jcparam.obj
 0001:0004ee77       _jpeg_stdio_dest           0044fe77 f   lib:jdatadst.obj
 0001:0004f076       _crc32                     00450076 f   lib:crc32.obj
 0001:0004f310       _inflateReset              00450310 f   lib:inflate.obj
 0001:0004f357       _inflateInit2_             00450357 f   lib:inflate.obj
 0001:0004f410       _inflate                   00450410 f   lib:inflate.obj
 0001:000506df       _inflateEnd                004516df f   lib:inflate.obj
 0001:0005071d       _jinit_input_controller    0045171d f   lib:jdinput.obj
 0001:00050c00       _jinit_memory_mgr          00451c00 f   lib:jmemmgr.obj
 0001:0005173c       _jpeg_abort                0045273c f   lib:jcomapi.obj
 0001:0005176f       _jpeg_destroy              0045276f f   lib:jcomapi.obj
 0001:0005178a       _jpeg_alloc_quant_table    0045278a f   lib:jcomapi.obj
 0001:000517a6       _jpeg_alloc_huff_table     004527a6 f   lib:jcomapi.obj
 0001:000517c2       _jpeg_calc_output_dimensions 004527c2 f   lib:jdmaster.obj
 0001:000518c2       _jinit_master_decompress   004528c2 f   lib:jdmaster.obj
 0001:00051c18       _jdiv_round_up             00452c18 f   lib:jutils.obj
 0001:00051c28       _jround_up                 00452c28 f   lib:jutils.obj
 0001:00051c40       _jcopy_sample_rows         00452c40 f   lib:jutils.obj
 0001:00051c7e       _jcopy_block_row           00452c7e f   lib:jutils.obj
 0001:00051c97       _jzero_far                 00452c97 f   lib:jutils.obj
 0001:00051caa       _jinit_marker_writer       00452caa f   lib:jcmarker.obj
 0001:00052586       _jinit_compress_master     00453586 f   lib:jcinit.obj
 0001:000525df       _zcalloc                   004535df f   lib:zutil.obj
 0001:000525f1       _inflate_fast              004535f1 f   lib:inffast.obj
 0001:000529a6       _inflate_table             004539a6 f   lib:inftrees.obj
 0001:00052d2f       _adler32                   00453d2f f   lib:adler32.obj
 0001:00052e48       _jinit_c_codec             00453e48 f   lib:jcodec.obj
 0001:00052e64       _jinit_d_codec             00453e64 f   lib:jcodec.obj
 0001:00052e80       _jpeg_get_small            00453e80 f   lib:jmemnobs.obj
 0001:00052e80       _jpeg_get_large            00453e80 f   lib:jmemnobs.obj
 0001:00052e8c       _zcfree                    00453e8c f   lib:jmemnobs.obj
 0001:00052e8c       _jpeg_free_small           00453e8c f   lib:jmemnobs.obj
 0001:00052e8c       _jpeg_free_large           00453e8c f   lib:jmemnobs.obj
 0001:00052e98       _jpeg_mem_available        00453e98 f   lib:jmemnobs.obj
 0001:00052e9d       _jpeg_open_backing_store   00453e9d f   lib:jmemnobs.obj
 0001:00052eb1       _jinit_d_main_controller   00453eb1 f   lib:jdmainct.obj
 0001:000534fc       _jinit_d_post_controller   004544fc f   lib:jdpostct.obj
 0001:000537a7       _jinit_upsampler           004547a7 f   lib:jdsample.obj
 0001:00053de5       _jinit_color_deconverter   00454de5 f   lib:jdcolor.obj
 0001:000542fb       _jinit_merged_upsampler    004552fb f   lib:jdmerge.obj
 0001:0005484b       _jinit_2pass_quantizer     0045584b f   lib:jquant2.obj
 0001:0005590e       _jinit_1pass_quantizer     0045690e f   lib:jquant1.obj
 0001:00056334       _jinit_c_main_controller   00457334 f   lib:jcmainct.obj
 0001:000564a1       _jinit_c_prep_controller   004574a1 f   lib:jcprepct.obj
 0001:000569ec       _jinit_downsampler         004579ec f   lib:jcsample.obj
 0001:0005726c       _jinit_color_converter     0045826c f   lib:jccolor.obj
 0001:00057856       _jinit_c_master_control    00458856 f   lib:jcmaster.obj
 0001:00058345       _jinit_lossy_c_codec       00459345 f   lib:jclossy.obj
 0001:000583e0       _jinit_lossless_c_codec    004593e0 f   lib:jclossls.obj
 0001:00058478       _jinit_lossy_d_codec       00459478 f   lib:jdlossy.obj
 0001:0005874b       _jinit_lossless_d_codec    0045974b f   lib:jdlossls.obj
 0001:000587fb       _jinit_c_coef_controller   004597fb f   lib:jccoefct.obj
 0001:00058edc       _jinit_shuff_encoder       00459edc f   lib:jcshuff.obj
 0001:00059744       _jinit_phuff_encoder       0045a744 f   lib:jcphuff.obj
 0001:0005a1e9       _jinit_forward_dct         0045b1e9 f   lib:jcdctmgr.obj
 0001:0005a4b8       _jinit_c_diff_controller   0045b4b8 f   lib:jcdiffct.obj
 0001:0005a9dc       _jinit_lhuff_encoder       0045b9dc f   lib:jclhuff.obj
 0001:0005b109       _jinit_differencer         0045c109 f   lib:jcpred.obj
 0001:0005b623       _jinit_c_scaler            0045c623 f   lib:jcscale.obj
 0001:0005b699       _jinit_d_coef_controller   0045c699 f   lib:jdcoefct.obj
 0001:0005c372       _jinit_shuff_decoder       0045d372 f   lib:jdshuff.obj
 0001:0005c907       _jinit_phuff_decoder       0045d907 f   lib:jdphuff.obj
 0001:0005d4a4       _jinit_inverse_dct         0045e4a4 f   lib:jddctmgr.obj
 0001:0005d688       _jinit_d_diff_controller   0045e688 f   lib:jddiffct.obj
 0001:0005dbb6       _jinit_d_scaler            0045ebb6 f   lib:jdscale.obj
 0001:0005dcb5       _jinit_undifferencer       0045ecb5 f   lib:jdpred.obj
 0001:0005e06f       _jinit_lhuff_decoder       0045f06f f   lib:jdlhuff.obj
 0001:0005e464       _jpeg_make_c_derived_tbl   0045f464 f   lib:jchuff.obj
 0001:0005e666       _jpeg_gen_optimal_table    0045f666 f   lib:jchuff.obj
 0001:0005e825       _jpeg_fdct_float           0045f825 f   lib:jfdctflt.obj
 0001:0005ea2a       _jpeg_make_d_derived_tbl   0045fa2a f   lib:jdhuff.obj
 0001:0005ecc7       _jpeg_fill_bit_buffer      0045fcc7 f   lib:jdhuff.obj
 0001:0005edd6       _jpeg_huff_decode          0045fdd6 f   lib:jdhuff.obj
 0001:0005eeb6       _jpeg_idct_4x4             0045feb6 f   lib:jidctred.obj
 0001:0005f1a4       _jpeg_idct_2x2             004601a4 f   lib:jidctred.obj
 0001:0005f366       _jpeg_idct_1x1             00460366 f   lib:jidctred.obj
 0001:0005f3a2       _jpeg_idct_float           004603a2 f   lib:jidctflt.obj
 0001:0005f780       __except_handler3          00460780 f   MSVCRT:MSVCRT.dll
 0001:0005f790       __alloca_probe             00460790 f   MSVCRT:chkstk.obj
 0001:0005f790       __chkstk                   00460790 f   MSVCRT:chkstk.obj
 0001:0005f7bf       ??_Etype_info@@UAEPAXI@Z   004607bf f i MSVCRT:ti_inst.obj
 0001:0005f7bf       ??_Gtype_info@@UAEPAXI@Z   004607bf f i MSVCRT:ti_inst.obj
 0001:0005f7dc       __CxxThrowException@8      004607dc f   MSVCRT:MSVCRT.dll
 0001:0005f7e2       _strcpy                    004607e2 f   MSVCRT:MSVCRT.dll
 0001:0005f7e8       _strlen                    004607e8 f   MSVCRT:MSVCRT.dll
 0001:0005f7ee       _strcat                    004607ee f   MSVCRT:MSVCRT.dll
 0001:0005f7f4       _strcmp                    004607f4 f   MSVCRT:MSVCRT.dll
 0001:0005f7fa       _sin                       004607fa f   MSVCRT:MSVCRT.dll
 0001:0005f800       _tan                       00460800 f   MSVCRT:MSVCRT.dll
 0001:0005f806       _cos                       00460806 f   MSVCRT:MSVCRT.dll
 0001:0005f80c       __ftol                     0046080c f   MSVCRT:MSVCRT.dll
 0001:0005f812       _fmod                      00460812 f   MSVCRT:MSVCRT.dll
 0001:0005f818       _atan2                     00460818 f   MSVCRT:MSVCRT.dll
 0001:0005f81e       _acos                      0046081e f   MSVCRT:MSVCRT.dll
 0001:0005f824       _sqrt                      00460824 f   MSVCRT:MSVCRT.dll
 0001:0005f82a       _atan                      0046082a f   MSVCRT:MSVCRT.dll
 0001:0005f830       _memcpy                    00460830 f   MSVCRT:MSVCRT.dll
 0001:0005f836       _memset                    00460836 f   MSVCRT:MSVCRT.dll
 0001:0005f83c       _pow                       0046083c f   MSVCRT:MSVCRT.dll
 0001:0005f842       _asin                      00460842 f   MSVCRT:MSVCRT.dll
 0001:0005f848       _WinMainCRTStartup         00460848 f   MSVCRT:crtexew.obj
 0001:0005f9a6       ??1type_info@@UAE@XZ       004609a6 f   MSVCRT:MSVCRT.dll
 0001:0005f9ac       __XcptFilter               004609ac f   MSVCRT:MSVCRT.dll
 0001:0005f9b2       __initterm                 004609b2 f   MSVCRT:MSVCRT.dll
 0001:0005f9b8       __setdefaultprecision      004609b8 f   MSVCRT:fp8.obj
 0001:0005f9ca       __matherr                  004609ca f   MSVCRT:merr.obj
 0001:0005f9ca       _jpeg_mem_init             004609ca f   MSVCRT:merr.obj
 0001:0005f9cd       __setargv                  004609cd f   MSVCRT:dllargv.obj
 0001:0005f9cd       _jpeg_mem_term             004609cd f   MSVCRT:dllargv.obj
 0001:0005f9ce       __controlfp                004609ce f   MSVCRT:MSVCRT.dll
 0002:00000000       __imp__SetDeviceGammaRamp@8 00461000     gdi32:GDI32.dll
 0002:00000004       __imp__GetDeviceGammaRamp@8 00461004     gdi32:GDI32.dll
 0002:00000008       __imp__DescribePixelFormat@16 00461008     gdi32:GDI32.dll
 0002:0000000c       __imp__SetPixelFormat@12   0046100c     gdi32:GDI32.dll
 0002:00000010       __imp__ChoosePixelFormat@8 00461010     gdi32:GDI32.dll
 0002:00000014       __imp__SwapBuffers@4       00461014     gdi32:GDI32.dll
 0002:00000018       __imp__GetDeviceCaps@8     00461018     gdi32:GDI32.dll
 0002:0000001c       \177GDI32_NULL_THUNK_DATA  0046101c     gdi32:GDI32.dll
 0002:00000020       __imp__Sleep@4             00461020     kernel32:KERNEL32.dll
 0002:00000024       __imp__FreeConsole@0       00461024     kernel32:KERNEL32.dll
 0002:00000028       __imp__GetDriveTypeA@4     00461028     kernel32:KERNEL32.dll
 0002:0000002c       __imp__SetErrorMode@4      0046102c     kernel32:KERNEL32.dll
 0002:00000030       __imp__GetStdHandle@4      00461030     kernel32:KERNEL32.dll
 0002:00000034       __imp__AllocConsole@0      00461034     kernel32:KERNEL32.dll
 0002:00000038       __imp__ReadConsoleInputA@16 00461038     kernel32:KERNEL32.dll
 0002:0000003c       __imp__VirtualFree@12      0046103c     kernel32:KERNEL32.dll
 0002:00000040       __imp__WriteFile@20        00461040     kernel32:KERNEL32.dll
 0002:00000044       __imp__SetConsoleTextAttribute@8 00461044     kernel32:KERNEL32.dll
 0002:00000048       __imp__SetPriorityClass@8  00461048     kernel32:KERNEL32.dll
 0002:0000004c       __imp__GetCurrentProcess@0 0046104c     kernel32:KERNEL32.dll
 0002:00000050       __imp__GetVersionExA@4     00461050     kernel32:KERNEL32.dll
 0002:00000054       __imp__VirtualAlloc@16     00461054     kernel32:KERNEL32.dll
 0002:00000058       __imp__LoadLibraryA@4      00461058     kernel32:KERNEL32.dll
 0002:0000005c       __imp__GetStartupInfoA@4   0046105c     kernel32:KERNEL32.dll
 0002:00000060       __imp__GetModuleHandleA@4  00461060     kernel32:KERNEL32.dll
 0002:00000064       __imp__GetProcAddress@8    00461064     kernel32:KERNEL32.dll
 0002:00000068       __imp__FreeLibrary@4       00461068     kernel32:KERNEL32.dll
 0002:0000006c       __imp__IsBadReadPtr@8      0046106c     kernel32:KERNEL32.dll
 0002:00000070       __imp__VirtualQuery@12     00461070     kernel32:KERNEL32.dll
 0002:00000074       __imp__GetNumberOfConsoleInputEvents@8 00461074     kernel32:KERNEL32.dll
 0002:00000078       __imp__GetModuleFileNameA@12 00461078     kernel32:KERNEL32.dll
 0002:0000007c       \177KERNEL32_NULL_THUNK_DATA 0046107c     kernel32:KERNEL32.dll
 0002:00000080       __imp____p__commode        00461080     MSVCRT:MSVCRT.dll
 0002:00000084       __imp___adjust_fdiv        00461084     MSVCRT:MSVCRT.dll
 0002:00000088       __imp____p__fmode          00461088     MSVCRT:MSVCRT.dll
 0002:0000008c       __imp___initterm           0046108c     MSVCRT:MSVCRT.dll
 0002:00000090       __imp____getmainargs       00461090     MSVCRT:MSVCRT.dll
 0002:00000094       __imp___acmdln             00461094     MSVCRT:MSVCRT.dll
 0002:00000098       __imp___XcptFilter         00461098     MSVCRT:MSVCRT.dll
 0002:0000009c       __imp___exit               0046109c     MSVCRT:MSVCRT.dll
 0002:000000a0       __imp_??1type_info@@UAE@XZ 004610a0     MSVCRT:MSVCRT.dll
 0002:000000a4       __imp__fflush              004610a4     MSVCRT:MSVCRT.dll
 0002:000000a8       __imp___winmajor           004610a8     MSVCRT:MSVCRT.dll
 0002:000000ac       __imp__asin                004610ac     MSVCRT:MSVCRT.dll
 0002:000000b0       __imp__pow                 004610b0     MSVCRT:MSVCRT.dll
 0002:000000b4       __imp__exit                004610b4     MSVCRT:MSVCRT.dll
 0002:000000b8       __imp___findclose          004610b8     MSVCRT:MSVCRT.dll
 0002:000000bc       __imp___findnext           004610bc     MSVCRT:MSVCRT.dll
 0002:000000c0       __imp___findfirst          004610c0     MSVCRT:MSVCRT.dll
 0002:000000c4       __imp___mkdir              004610c4     MSVCRT:MSVCRT.dll
 0002:000000c8       __imp__memset              004610c8     MSVCRT:MSVCRT.dll
 0002:000000cc       __imp__memcpy              004610cc     MSVCRT:MSVCRT.dll
 0002:000000d0       __imp__remove              004610d0     MSVCRT:MSVCRT.dll
 0002:000000d4       __imp__srand               004610d4     MSVCRT:MSVCRT.dll
 0002:000000d8       __imp__strstr              004610d8     MSVCRT:MSVCRT.dll
 0002:000000dc       __imp__memmove             004610dc     MSVCRT:MSVCRT.dll
 0002:000000e0       __imp__atan                004610e0     MSVCRT:MSVCRT.dll
 0002:000000e4       __imp__strncpy             004610e4     MSVCRT:MSVCRT.dll
 0002:000000e8       __imp__sscanf              004610e8     MSVCRT:MSVCRT.dll
 0002:000000ec       __imp__sqrt                004610ec     MSVCRT:MSVCRT.dll
 0002:000000f0       __imp____set_app_type      004610f0     MSVCRT:MSVCRT.dll
 0002:000000f4       __imp___controlfp          004610f4     MSVCRT:MSVCRT.dll
 0002:000000f8       __imp__stricmp             004610f8     MSVCRT:MSVCRT.dll
 0002:000000f8       __imp___stricmp            004610f8     MSVCRT:MSVCRT.dll
 0002:000000fc       __imp__strnicmp            004610fc     MSVCRT:MSVCRT.dll
 0002:000000fc       __imp___strnicmp           004610fc     MSVCRT:MSVCRT.dll
 0002:00000100       __imp____setusermatherr    00461100     MSVCRT:MSVCRT.dll
 0002:00000104       __imp__acos                00461104     MSVCRT:MSVCRT.dll
 0002:00000108       __imp__atan2               00461108     MSVCRT:MSVCRT.dll
 0002:0000010c       __imp__fmod                0046110c     MSVCRT:MSVCRT.dll
 0002:00000110       __imp__atof                00461110     MSVCRT:MSVCRT.dll
 0002:00000114       __imp___ftol               00461114     MSVCRT:MSVCRT.dll
 0002:00000118       __imp__cos                 00461118     MSVCRT:MSVCRT.dll
 0002:0000011c       __imp__tan                 0046111c     MSVCRT:MSVCRT.dll
 0002:00000120       __imp__rand                00461120     MSVCRT:MSVCRT.dll
 0002:00000124       __imp__sin                 00461124     MSVCRT:MSVCRT.dll
 0002:00000128       __imp__atoi                00461128     MSVCRT:MSVCRT.dll
 0002:0000012c       __imp__fwrite              0046112c     MSVCRT:MSVCRT.dll
 0002:00000130       __imp__rename              00461130     MSVCRT:MSVCRT.dll
 0002:00000134       __imp__fseek               00461134     MSVCRT:MSVCRT.dll
 0002:00000138       __imp__ftell               00461138     MSVCRT:MSVCRT.dll
 0002:0000013c       __imp__putenv              0046113c     MSVCRT:MSVCRT.dll
 0002:0000013c       __imp___putenv             0046113c     MSVCRT:MSVCRT.dll
 0002:00000140       __imp__strcmp              00461140     MSVCRT:MSVCRT.dll
 0002:00000144       __imp__time                00461144     MSVCRT:MSVCRT.dll
 0002:00000148       __imp__localtime           00461148     MSVCRT:MSVCRT.dll
 0002:0000014c       __imp__strftime            0046114c     MSVCRT:MSVCRT.dll
 0002:00000150       __imp__fprintf             00461150     MSVCRT:MSVCRT.dll
 0002:00000154       __imp__strcat              00461154     MSVCRT:MSVCRT.dll
 0002:00000158       __imp__strrchr             00461158     MSVCRT:MSVCRT.dll
 0002:0000015c       __imp__strlen              0046115c     MSVCRT:MSVCRT.dll
 0002:00000160       __imp___except_handler3    00461160     MSVCRT:MSVCRT.dll
 0002:00000164       __imp__fclose              00461164     MSVCRT:MSVCRT.dll
 0002:00000168       __imp__fread               00461168     MSVCRT:MSVCRT.dll
 0002:0000016c       __imp__fopen               0046116c     MSVCRT:MSVCRT.dll
 0002:00000170       __imp__malloc              00461170     MSVCRT:MSVCRT.dll
 0002:00000174       __imp__free                00461174     MSVCRT:MSVCRT.dll
 0002:00000178       __imp__qsort               00461178     MSVCRT:MSVCRT.dll
 0002:0000017c       __imp___vsnprintf          0046117c     MSVCRT:MSVCRT.dll
 0002:00000180       __imp___CxxThrowException@8 00461180     MSVCRT:MSVCRT.dll
 0002:00000184       __imp__strncat             00461184     MSVCRT:MSVCRT.dll
 0002:00000188       __imp__strcpy              00461188     MSVCRT:MSVCRT.dll
 0002:0000018c       __imp__strchr              0046118c     MSVCRT:MSVCRT.dll
 0002:00000190       \177MSVCRT_NULL_THUNK_DATA 00461190     MSVCRT:MSVCRT.dll
 0002:00000194       __imp__DefWindowProcA@16   00461194     user32:USER32.dll
 0002:00000198       __imp__ShowCursor@4        00461198     user32:USER32.dll
 0002:0000019c       __imp__ReleaseCapture@0    0046119c     user32:USER32.dll
 0002:000001a0       __imp__ClipCursor@4        004611a0     user32:USER32.dll
 0002:000001a4       __imp__SetCursorPos@8      004611a4     user32:USER32.dll
 0002:000001a8       __imp__GetCursorPos@4      004611a8     user32:USER32.dll
 0002:000001ac       __imp__SetCursor@4         004611ac     user32:USER32.dll
 0002:000001b0       __imp__SetCapture@4        004611b0     user32:USER32.dll
 0002:000001b4       __imp__GetWindowRect@8     004611b4     user32:USER32.dll
 0002:000001b8       __imp__GetSystemMetrics@4  004611b8     user32:USER32.dll
 0002:000001bc       __imp__DispatchMessageA@4  004611bc     user32:USER32.dll
 0002:000001c0       __imp__TranslateMessage@4  004611c0     user32:USER32.dll
 0002:000001c4       __imp__PeekMessageA@20     004611c4     user32:USER32.dll
 0002:000001c8       __imp__MessageBoxA@16      004611c8     user32:USER32.dll
 0002:000001cc       __imp__CreateWindowExA@48  004611cc     user32:USER32.dll
 0002:000001d0       __imp__RegisterClassA@4    004611d0     user32:USER32.dll
 0002:000001d4       __imp__LoadCursorA@8       004611d4     user32:USER32.dll
 0002:000001d8       __imp__LoadIconA@8         004611d8     user32:USER32.dll
 0002:000001dc       __imp__SetFocus@4          004611dc     user32:USER32.dll
 0002:000001e0       __imp__SetForegroundWindow@4 004611e0     user32:USER32.dll
 0002:000001e4       __imp__UpdateWindow@4      004611e4     user32:USER32.dll
 0002:000001e8       __imp__SetWindowPos@28     004611e8     user32:USER32.dll
 0002:000001ec       __imp__GetDesktopWindow@0  004611ec     user32:USER32.dll
[...]
 0001:0005d7be       _start_input_pass          0045e7be f   lib:jddiffct.obj
 0001:0005d826       _start_iMCU_row            0045e826 f   lib:jddiffct.obj
 0001:0005d86b       _start_output_pass         0045e86b f   lib:jddiffct.obj
 0001:0005d877       _decompress_data           0045e877 f   lib:jddiffct.obj
 0001:0005d9e7       _process_restart           0045e9e7 f   lib:jddiffct.obj
 0001:000354a3       _dummy_consume_data        004364a3 f   vid_dll.obj
 0001:0005da1c       _consume_data              0045ea1c f   lib:jddiffct.obj
 0001:0005da93       _output_data               0045ea93 f   lib:jddiffct.obj
 0001:0005d51a       _start_pass                0045e51a f   lib:jddctmgr.obj
 0001:0005c96c       _start_pass_phuff_decoder  0045d96c f   lib:jdphuff.obj
 0001:0005cbb5       _decode_mcu_DC_first       0045dbb5 f   lib:jdphuff.obj
 0001:0005cdad       _process_restart           0045ddad f   lib:jdphuff.obj
 0001:0005ce1c       _decode_mcu_AC_first       0045de1c f   lib:jdphuff.obj
 0001:0005d03c       _decode_mcu_DC_refine      0045e03c f   lib:jdphuff.obj
 0001:0005d111       _decode_mcu_AC_refine      0045e111 f   lib:jdphuff.obj
 0001:0005c3b3       _start_pass_huff_decoder   0045d3b3 f   lib:jdshuff.obj
 0001:0005c4eb       _decode_mcu                0045d4eb f   lib:jdshuff.obj
 0001:0005c89b       _process_restart           0045d89b f   lib:jdshuff.obj
 0001:0005b79c       _start_input_pass          0045c79c f   lib:jdcoefct.obj
 0001:0005b7af       _start_iMCU_row            0045c7af f   lib:jdcoefct.obj
 0001:0005b7f4       _start_output_pass         0045c7f4 f   lib:jdcoefct.obj
 0001:0005b831       _decompress_onepass        0045c831 f   lib:jdcoefct.obj
 0001:000354a3       _dummy_consume_data        004364a3 f   vid_dll.obj
 0001:0005ba0a       _consume_data              0045ca0a f   lib:jdcoefct.obj
 0001:0005bbc3       _decompress_data           0045cbc3 f   lib:jdcoefct.obj
 0001:0005bd2f       _smoothing_ok              0045cd2f f   lib:jdcoefct.obj
 0001:0005be1a       _decompress_smooth_data    0045ce1a f   lib:jdcoefct.obj
 0001:0005b635       _scaler_start_pass         0045c635 f   lib:jcscale.obj
 0001:0005b658       _simple_downscale          0045c658 f   lib:jcscale.obj
 0001:0005b684       _noscale                   0045c684 f   lib:jcscale.obj
 0001:0005b12d       _start_pass                0045c12d f   lib:jcpred.obj
 0001:0005b185       _reset_predictor           0045c185 f   lib:jcpred.obj
 0001:0005b1b2       _jpeg_difference_first_row 0045c1b2 f   lib:jcpred.obj
 0001:0005b29c       _jpeg_difference1          0045c29c f   lib:jcpred.obj
 0001:0005b30a       _jpeg_difference2          0045c30a f   lib:jcpred.obj
 0001:0005b37b       _jpeg_difference3          0045c37b f   lib:jcpred.obj
 0001:0005b3f3       _jpeg_difference4          0045c3f3 f   lib:jcpred.obj
 0001:0005b47e       _jpeg_difference5          0045c47e f   lib:jcpred.obj
 0001:0005b511       _jpeg_difference6          0045c511 f   lib:jcpred.obj
 0001:0005b5a0       _jpeg_difference7          0045c5a0 f   lib:jcpred.obj
 0001:0005aa1c       _start_pass_huff           0045ba1c f   lib:jclhuff.obj
 0001:0005abb9       _encode_mcus_huff          0045bbb9 f   lib:jclhuff.obj
 0001:0005ada4       _emit_bits                 0045bda4 f   lib:jclhuff.obj
 0001:0005ae47       _dump_buffer               0045be47 f   lib:jclhuff.obj
 0001:0005ae6b       _emit_restart              0045be6b f   lib:jclhuff.obj
 0001:0005aeb6       _flush_bits                0045beb6 f   lib:jclhuff.obj
 0001:0005aeda       _finish_pass_huff          0045beda f   lib:jclhuff.obj
 0001:0005af47       _encode_mcus_gather        0045bf47 f   lib:jclhuff.obj
 0001:0005b070       _finish_pass_gather        0045c070 f   lib:jclhuff.obj
 0001:0005b106       _need_optimization_pass    0045c106 f   lib:jclhuff.obj
 0001:0005a63c       _start_pass_diff           0045b63c f   lib:jcdiffct.obj
 0001:00058945       _start_iMCU_row            00459945 f   lib:jccoefct.obj
 0001:0005a6da       _compress_data             0045b6da f   lib:jcdiffct.obj
 0001:0005a870       _compress_first_pass       0045b870 f   lib:jcdiffct.obj
 0001:0005a965       _compress_output           0045b965 f   lib:jcdiffct.obj
 0001:0005a24f       _start_pass_fdctmgr        0045b24f f   lib:jcdctmgr.obj
 0001:0005a351       _forward_DCT_float         0045b351 f   lib:jcdctmgr.obj
 0001:00059784       _start_pass_phuff          0045a784 f   lib:jcphuff.obj
 0001:000598f1       _encode_mcu_DC_first       0045a8f1 f   lib:jcphuff.obj
 0001:00059a23       _emit_bits                 0045aa23 f   lib:jcphuff.obj
 0001:00059ace       _dump_buffer               0045aace f   lib:jcphuff.obj
 0001:00059b06       _emit_symbol               0045ab06 f   lib:jcphuff.obj
 0001:00059b46       _emit_restart              0045ab46 f   lib:jcphuff.obj
 0001:00059bcf       _emit_eobrun               0045abcf f   lib:jcphuff.obj
 0001:00059c55       _encode_mcu_AC_first       0045ac55 f   lib:jcphuff.obj
 0001:00059de9       _encode_mcu_DC_refine      0045ade9 f   lib:jcphuff.obj
 0001:00059ea3       _encode_mcu_AC_refine      0045aea3 f   lib:jcphuff.obj
 0001:0005a0ba       _finish_pass_phuff         0045b0ba f   lib:jcphuff.obj
 0001:0005a109       _finish_pass_gather_phuff  0045b109 f   lib:jcphuff.obj
 0001:0005a1cc       _need_optimization_pass    0045b1cc f   lib:jcphuff.obj
 0001:00058f1f       _start_pass_huff           00459f1f f   lib:jcshuff.obj
 0001:00059094       _encode_mcu_huff           0045a094 f   lib:jcshuff.obj
 0001:0005919f       _encode_one_block          0045a19f f   lib:jcshuff.obj
 0001:00059316       _emit_bits                 0045a316 f   lib:jcshuff.obj
 0001:000593b9       _dump_buffer               0045a3b9 f   lib:jcshuff.obj
 0001:000593dd       _emit_restart              0045a3dd f   lib:jcshuff.obj
 0001:0005944a       _flush_bits                0045a44a f   lib:jcshuff.obj
 0001:0005946e       _finish_pass_huff          0045a46e f   lib:jcshuff.obj
 0001:000594dd       _encode_mcu_gather         0045a4dd f   lib:jcshuff.obj
 0001:00059593       _htest_one_block           0045a593 f   lib:jcshuff.obj
 0001:0005965a       _finish_pass_gather        0045a65a f   lib:jcshuff.obj
 0001:0005b106       _need_optimization_pass    0045c106 f   lib:jclhuff.obj
 0001:000588b0       _start_pass_coef           004598b0 f   lib:jccoefct.obj
 0001:00058945       _start_iMCU_row            00459945 f   lib:jccoefct.obj
 0001:00058987       _compress_data             00459987 f   lib:jccoefct.obj
 0001:00058b6e       _compress_first_pass       00459b6e f   lib:jccoefct.obj
 0001:00058d54       _compress_output           00459d54 f   lib:jccoefct.obj
 0001:000587c8       _calc_output_dimensions    004597c8 f   lib:jdlossls.obj
 0001:000587d9       _start_input_pass          004597d9 f   lib:jdlossls.obj
 0001:00058507       _calc_output_dimensions    00459507 f   lib:jdlossy.obj
 0001:0005867a       _start_input_pass          0045967a f   lib:jdlossy.obj
 0001:0005869a       _latch_quant_tables        0045969a f   lib:jdlossy.obj
 0001:00058732       _start_output_pass         00459732 f   lib:jdlossy.obj
 0001:00058456       _start_pass                00459456 f   lib:jclossls.obj
 0001:000583c2       _start_pass                004593c2 f   lib:jclossy.obj
 0001:00057917       _initial_setup             00458917 f   lib:jcmaster.obj
 0001:00057aca       _validate_script           00458aca f   lib:jcmaster.obj
 0001:00057ea2       _prepare_for_pass          00458ea2 f   lib:jcmaster.obj
 0001:0005801a       _select_scan_parameters    0045901a f   lib:jcmaster.obj
 0001:0005811b       _per_scan_setup            0045911b f   lib:jcmaster.obj
 0001:000582c6       _pass_startup              004592c6 f   lib:jcmaster.obj
 0001:000582ed       _finish_pass_master        004592ed f   lib:jcmaster.obj
 0001:00057403       _rgb_ycc_start             00458403 f   lib:jccolor.obj
 0001:000574c7       _rgb_ycc_convert           004584c7 f   lib:jccolor.obj
 0001:000575c6       _rgb_gray_convert          004585c6 f   lib:jccolor.obj
 0001:0005764b       _cmyk_ycck_convert         0045864b f   lib:jccolor.obj
 0001:00057783       _grayscale_convert         00458783 f   lib:jccolor.obj
 0001:000577dd       _null_convert              004587dd f   lib:jccolor.obj
 0001:000354c9       _null_method               004364c9 f   vid_dll.obj
 0001:000354c9       _start_pass_downsample     004364c9 f   vid_dll.obj
 0001:00056b4f       _sep_downsample            00457b4f f   lib:jcsample.obj
 0001:00056bc4       _int_downsample            00457bc4 f   lib:jcsample.obj
 0001:00056cbc       _expand_right_edge         00457cbc f   lib:jcsample.obj
 0001:00056d11       _fullsize_downsample       00457d11 f   lib:jcsample.obj
 0001:00056d55       _h2v1_downsample           00457d55 f   lib:jcsample.obj
 0001:00056de9       _h2v2_downsample           00457de9 f   lib:jcsample.obj
 0001:00056e96       _h2v2_smooth_downsample    00457e96 f   lib:jcsample.obj
 0001:0005710e       _fullsize_smooth_downsample 0045810e f   lib:jcsample.obj
 0001:0005654b       _start_pass_prep           0045754b f   lib:jcprepct.obj
 0001:00056589       _pre_process_data          00457589 f   lib:jcprepct.obj
 0001:00056737       _pre_process_context       00457737 f   lib:jcprepct.obj
 0001:000568f0       _create_context_buffer     004578f0 f   lib:jcprepct.obj
 0001:000563c3       _start_pass_main           004573c3 f   lib:jcmainct.obj
 0001:00056405       _process_data_simple_main  00457405 f   lib:jcmainct.obj
 0001:00055999       _create_colormap           00456999 f   lib:jquant1.obj
 0001:00055acb       _select_ncolors            00456acb f   lib:jquant1.obj
 0001:00055ba2       _create_colorindex         00456ba2 f   lib:jquant1.obj
 0001:00055cce       _alloc_fs_workspace        00456cce f   lib:jquant1.obj
 0001:00055d0a       _start_pass_1_quant        00456d0a f   lib:jquant1.obj
 0001:00055dd6       _create_odither_tables     00456dd6 f   lib:jquant1.obj
 0001:00055e35       _make_odither_array        00456e35 f   lib:jquant1.obj
 0001:00055e98       _color_quantize            00456e98 f   lib:jquant1.obj
 0001:00055f23       _color_quantize3           00456f23 f   lib:jquant1.obj
 0001:00055fb1       _quantize_ord_dither       00456fb1 f   lib:jquant1.obj
 0001:0005609c       _quantize3_ord_dither      0045709c f   lib:jquant1.obj
 0001:0005619c       _quantize_fs_dither        0045719c f   lib:jquant1.obj
 0001:000354c9       _finish_pass_1_quant       004364c9 f   vid_dll.obj
 0001:00056320       _new_color_map_1_quant     00457320 f   lib:jquant1.obj
 0001:0005495a       _init_error_limit          0045595a f   lib:jquant2.obj
 0001:000549f9       _start_pass_2_quant        004559f9 f   lib:jquant2.obj
 0001:00054afb       _prescan_quantize          00455afb f   lib:jquant2.obj
 0001:00054b6a       _pass2_no_dither           00455b6a f   lib:jquant2.obj
 0001:00054c17       _fill_inverse_cmap         00455c17 f   lib:jquant2.obj
 0001:00054ce2       _find_nearby_colors        00455ce2 f   lib:jquant2.obj
 0001:00054e86       _find_best_colors          00455e86 f   lib:jquant2.obj
 0001:00054fa0       _pass2_fs_dither           00455fa0 f   lib:jquant2.obj
 0001:0005520f       _finish_pass1              0045620f f   lib:jquant2.obj
 0001:00055231       _select_colors             00456231 f   lib:jquant2.obj
 0001:000552bd       _update_box                004562bd f   lib:jquant2.obj
 0001:00055657       _median_cut                00456657 f   lib:jquant2.obj
 0001:0005576b       _find_biggest_color_pop    0045676b f   lib:jquant2.obj
 0001:0005579a       _find_biggest_volume       0045679a f   lib:jquant2.obj
 0001:000557c3       _compute_color             004567c3 f   lib:jquant2.obj
 0001:000354c9       _finish_pass2              004364c9 f   vid_dll.obj
 0001:000558ff       _new_color_map_2_quant     004568ff f   lib:jquant2.obj
 0001:00054371       _build_ycc_rgb_table       00455371 f   lib:jdmerge.obj
 0001:00054421       _start_pass_merged_upsample 00455421 f   lib:jdmerge.obj
 0001:00054436       _merged_2v_upsample        00455436 f   lib:jdmerge.obj
 0001:000544dd       _merged_1v_upsample        004554dd f   lib:jdmerge.obj
 0001:0005450e       _h2v1_merged_upsample      0045550e f   lib:jdmerge.obj
 0001:00054664       _h2v2_merged_upsample      00455664 f   lib:jdmerge.obj
 0001:00053f15       _build_ycc_rgb_table       00454f15 f   lib:jdcolor.obj
 0001:00053fc5       _ycc_rgb_convert           00454fc5 f   lib:jdcolor.obj
 0001:000540d3       _null_convert              004550d3 f   lib:jdcolor.obj
 0001:0005414b       _grayscale_convert         0045514b f   lib:jdcolor.obj
 0001:0005416e       _gray_rgb_convert          0045516e f   lib:jdcolor.obj
 0001:000541c7       _ycck_cmyk_convert         004551c7 f   lib:jdcolor.obj
 0001:000354c9       _start_pass_dcolor         004364c9 f   vid_dll.obj
 0001:00053976       _start_pass_upsample       00454976 f   lib:jdsample.obj
 0001:00053990       _sep_upsample              00454990 f   lib:jdsample.obj
 0001:00053a5d       _fullsize_upsample         00454a5d f   lib:jdsample.obj
 0001:00053a68       _noop_upsample             00454a68 f   lib:jdsample.obj
 0001:00053a70       _int_upsample              00454a70 f   lib:jdsample.obj
 0001:00053b5a       _h2v1_upsample             00454b5a f   lib:jdsample.obj
 0001:00053bb1       _h2v2_upsample             00454bb1 f   lib:jdsample.obj
 0001:00053c23       _h2v1_fancy_upsample       00454c23 f   lib:jdsample.obj
 0001:00053cc6       _h2v2_fancy_upsample       00454cc6 f   lib:jdsample.obj
 0001:0005357f       _start_pass_dpost          0045457f f   lib:jdpostct.obj
 0001:00053625       _post_process_1pass        00454625 f   lib:jdpostct.obj
 0001:0005368a       _post_process_prepass      0045468a f   lib:jdpostct.obj
 0001:0005371b       _post_process_2pass        0045471b f   lib:jdpostct.obj
 0001:00052f86       _alloc_funny_pointers      00453f86 f   lib:jdmainct.obj
 0001:00053033       _start_pass_main           00454033 f   lib:jdmainct.obj
 0001:0005309b       _make_funny_pointers       0045409b f   lib:jdmainct.obj
 0001:000531db       _process_data_simple_main  004541db f   lib:jdmainct.obj
 0001:00053243       _process_data_context_main 00454243 f   lib:jdmainct.obj
 0001:00053355       _set_wraparound_pointers   00454355 f   lib:jdmainct.obj
 0001:0005343f       _set_bottom_pointers       0045443f f   lib:jdmainct.obj
 0001:000534d9       _process_data_crank_post   004544d9 f   lib:jdmainct.obj
 0001:00051cf8       _write_marker_header       00452cf8 f   lib:jcmarker.obj
 0001:00051d4e       _emit_byte                 00452d4e f   lib:jcmarker.obj
 0001:00051d7f       _write_marker_byte         00452d7f f   lib:jcmarker.obj
 0001:00051d8f       _write_file_header         00452d8f f   lib:jcmarker.obj
 0001:00051ddb       _emit_jfif_app0            00452ddb f   lib:jcmarker.obj
 0001:00051eae       _emit_adobe_app14          00452eae f   lib:jcmarker.obj
 0001:00051f54       _write_frame_header        00452f54 f   lib:jcmarker.obj
 0001:00052033       _emit_dqt                  00453033 f   lib:jcmarker.obj
 0001:00052122       _emit_sof                  00453122 f   lib:jcmarker.obj
 0001:000521fe       _write_scan_header         004531fe f   lib:jcmarker.obj
 0001:000522be       _emit_dht                  004532be f   lib:jcmarker.obj
 0001:00052397       _emit_dri                  00453397 f   lib:jcmarker.obj
 0001:000523e6       _emit_sos                  004533e6 f   lib:jcmarker.obj
 0001:000524d4       _write_file_trailer        004534d4 f   lib:jcmarker.obj
 0001:000524f4       _write_tables_only         004534f4 f   lib:jcmarker.obj
 0001:0005184d       _use_merged_upsample       0045284d f   lib:jdmaster.obj
 0001:000518f3       _master_selection          004528f3 f   lib:jdmaster.obj
 0001:00051a50       _prepare_range_limit_table 00452a50 f   lib:jdmaster.obj
 0001:00051ad6       _prepare_for_output_pass   00452ad6 f   lib:jdmaster.obj
 0001:00051bf7       _finish_output_pass        00452bf7 f   lib:jdmaster.obj
 0001:00050cc4       _alloc_small               00451cc4 f   lib:jmemmgr.obj
 0001:00050de2       _alloc_large               00451de2 f   lib:jmemmgr.obj
 0001:00050e93       _alloc_sarray              00451e93 f   lib:jmemmgr.obj
 0001:00050f2b       _alloc_barray              00451f2b f   lib:jmemmgr.obj
 0001:00050fcf       _alloc_darray              00451fcf f   lib:jmemmgr.obj
 0001:0005107a       _request_virt_sarray       0045207a f   lib:jmemmgr.obj
 0001:000510db       _request_virt_barray       004520db f   lib:jmemmgr.obj
 0001:0005113c       _realize_virt_arrays       0045213c f   lib:jmemmgr.obj
 0001:000512bf       _access_virt_sarray        004522bf f   lib:jmemmgr.obj
 0001:000513df       _do_sarray_io              004523df f   lib:jmemmgr.obj
 0001:0005146f       _access_virt_barray        0045246f f   lib:jmemmgr.obj
 0001:00051594       _do_barray_io              00452594 f   lib:jmemmgr.obj
 0001:00051625       _free_pool                 00452625 f   lib:jmemmgr.obj
 0001:0005170c       _self_destruct             0045270c f   lib:jmemmgr.obj
 0001:0005075e       _start_input_pass          0045175e f   lib:jdinput.obj
 0001:0005078c       _per_scan_setup            0045178c f   lib:jdinput.obj
 0001:00050912       _finish_input_pass         00451912 f   lib:jdinput.obj
 0001:00050923       _consume_markers           00451923 f   lib:jdinput.obj
 0001:000509bf       _initial_setup             004519bf f   lib:jdinput.obj
 0001:00050bc9       _reset_input_controller    00451bc9 f   lib:jdinput.obj
 0001:00050517       _fixedtables               00451517 f   lib:inflate.obj
 0001:00050601       _updatewindow              00451601 f   lib:inflate.obj
 0001:0004ef77       _make_crc_table            0044ff77 f   lib:crc32.obj
 0001:0004f0a3       _crc32_little              004500a3 f   lib:crc32.obj
 0001:0004eeb3       _init_destination          0044feb3 f   lib:jdatadst.obj
 0001:0004eed9       _empty_output_buffer       0044fed9 f   lib:jdatadst.obj
 0001:0004ef1b       _term_destination          0044ff1b f   lib:jdatadst.obj
 0001:0004ea3a       _std_huff_tables           0044fa3a f   lib:jcparam.obj
 0001:0004ea94       _add_huff_table            0044fa94 f   lib:jcparam.obj
 0001:0004cf87       _next_marker               0044df87 f   lib:jdmarker.obj
 0001:0004d0c1       _get_interesting_appn      0044e0c1 f   lib:jdmarker.obj
 0001:0004d1ec       _examine_app0              0044e1ec f   lib:jdmarker.obj
 0001:0004d3fa       _examine_app14             0044e3fa f   lib:jdmarker.obj
 0001:0004d4bb       _skip_variable             0044e4bb f   lib:jdmarker.obj
 0001:0004d55e       _read_markers              0044e55e f   lib:jdmarker.obj
 0001:0004d766       _get_soi                   0044e766 f   lib:jdmarker.obj
 0001:0004d811       _get_sof                   0044e811 f   lib:jdmarker.obj
 0001:0004db1a       _get_sos                   0044eb1a f   lib:jdmarker.obj
 0001:0004de08       _get_dht                   0044ee08 f   lib:jdmarker.obj
 0001:0004e0a9       _get_dqt                   0044f0a9 f   lib:jdmarker.obj
 0001:0004e305       _get_dri                   0044f305 f   lib:jdmarker.obj
 0001:0004e3e4       _first_marker              0044f3e4 f   lib:jdmarker.obj
 0001:0004e480       _read_restart_marker       0044f480 f   lib:jdmarker.obj
 0001:0004e4fe       _reset_marker_reader       0044f4fe f   lib:jdmarker.obj
 0001:0004cd6b       _output_pass_setup         0044dd6b f   lib:jdapistd.obj
 0001:0004ca5e       _default_decompress_parms  0044da5e f   lib:jdapimin.obj

 125 bytes saved through ICF

