 quake2

 Timestamp is 3d70a73d (Sat Aug 31 15:23:41 2002)

 Preferred load address is 00400000

 Start         Length     Name                   Class
 0001:00000000 00061fb0H .text                   CODE
 0002:00000000 0000036cH .idata$5                DATA
 0002:00000370 0000167cH .rdata                  DATA
 0002:000019ec 00000078H .idata$2                DATA
 0002:00001a64 00000014H .idata$3                DATA
 0002:00001a78 0000036cH .idata$4                DATA
 0002:00001de4 00000b9cH .idata$6                DATA
 0002:00002980 00000000H .edata                  DATA
 0003:00000000 00000004H .CRT$XCA                DATA
 0003:00000004 00000004H .CRT$XCZ                DATA
 0003:00000008 00000004H .CRT$XIA                DATA
 0003:0000000c 00000004H .CRT$XIZ                DATA
 0003:00000010 00016834H .data                   DATA
 0003:00016848 00980d7cH .bss                    DATA
 0004:00000000 000000a0H .rsrc$01                DATA
 0004:000000a0 00000300H .rsrc$02                DATA

  Address         Publics by Value              Rva+Base     Lib:Object

 0001:00000000       _CDAudio_Play2             00401000 f   cd_win.obj
 0001:000001e5       _CDAudio_Play              004011e5 f   cd_win.obj
 0001:000001fc       _CDAudio_Stop              004011fc f   cd_win.obj
 0001:00000241       _CDAudio_Pause             00401241 f   cd_win.obj
 0001:0000029a       _CDAudio_Resume            0040129a f   cd_win.obj
 0001:0000030c       _CDAudio_MessageHandler    0040130c f   cd_win.obj
 0001:000003a3       _CDAudio_Update            004013a3 f   cd_win.obj
 0001:000003da       _CDAudio_Init              004013da f   cd_win.obj
 0001:000007d1       _CDAudio_Shutdown          004017d1 f   cd_win.obj
 0001:00000804       _CDAudio_Activate          00401804 f   cd_win.obj
 0001:00000815       _SCR_StopCinematic         00401815 f   cl_cin.obj
 0001:000008a1       _SCR_FinishCinematic       004018a1 f   cl_cin.obj
 0001:000008cb       _SCR_ReadNextFrame         004018cb f   cl_cin.obj
 0001:00000bec       _SCR_RunCinematic          00401bec f   cl_cin.obj
 0001:00000ce5       _SCR_DrawCinematic         00401ce5 f   cl_cin.obj
 0001:00000d84       _SCR_PlayCinematic         00401d84 f   cl_cin.obj
 0001:000010a6       _CL_ParseEntityBits        004020a6 f   cl_ents.obj
 0001:00001125       _CL_ParseDelta             00402125 f   cl_ents.obj
 0001:00001303       _CL_DeltaEntity            00402303 f   cl_ents.obj
 0001:0000149c       _CL_ParsePacketEntities    0040249c f   cl_ents.obj
 0001:000016bf       _CL_ParsePlayerstate       004026bf f   cl_ents.obj
 0001:000019cd       _CL_FireEntityEvents       004029cd f   cl_ents.obj
 0001:00001a1c       _CL_ParseFrame             00402a1c f   cl_ents.obj
 0001:00001c89       _CL_AddPacketEntities      00402c89 f   cl_ents.obj
 0001:00002733       _CL_AddViewWeapon          00403733 f   cl_ents.obj
 0001:0000286d       _CL_CalcViewValues         0040386d f   cl_ents.obj
 0001:00002b0b       _CL_AddEntities            00403b0b f   cl_ents.obj
 0001:00002bdd       _CL_GetEntitySoundOrigin   00403bdd f   cl_ents.obj
 0001:00002c2a       _CL_RunLightStyles         00403c2a f   cl_fx.obj
 0001:00002c9a       _CL_SetLightstyle          00403c9a f   cl_fx.obj
 0001:00002d05       _CL_AddLightStyles         00403d05 f   cl_fx.obj
 0001:00002d3d       _CL_AllocDlight            00403d3d f   cl_fx.obj
 0001:00002da8       _CL_RunDLights             00403da8 f   cl_fx.obj
 0001:00002dfa       _CL_ParseMuzzleFlash       00403dfa f   cl_fx.obj
 0001:00003645       _CL_ParseMuzzleFlash2      00404645 f   cl_fx.obj
 0001:00003d4f       _CL_AddDLights             00404d4f f   cl_fx.obj
 0001:00003e1d       _CL_ClearParticles         00404e1d f   cl_fx.obj
 0001:00003e51       _CL_ParticleEffect         00404e51 f   cl_fx.obj
 0001:00003f4e       _CL_ParticleEffect2        00404f4e f   cl_fx.obj
 0001:00004040       _CL_ParticleEffect3        00405040 f   cl_fx.obj
 0001:00004132       _CL_TeleporterParticles    00405132 f   cl_fx.obj
 0001:0000421a       _CL_LogoutEffect           0040521a f   cl_fx.obj
 0001:00004349       _CL_ItemRespawnParticles   00405349 f   cl_fx.obj
 0001:0000442c       _CL_ExplosionParticles     0040542c f   cl_fx.obj
 0001:0000450f       _CL_BigTeleportParticles   0040550f f   cl_fx.obj
 0001:00004683       _CL_BlasterParticles       00405683 f   cl_fx.obj
 0001:00004783       _CL_BlasterTrail           00405783 f   cl_fx.obj
 0001:000048b4       _CL_FlagTrail              004058b4 f   cl_fx.obj
 0001:000049ea       _CL_DiminishingTrail       004059ea f   cl_fx.obj
 0001:00004cae       _MakeNormalVectors         00405cae f   cl_fx.obj
 0001:00004d05       _CL_RocketTrail            00405d05 f   cl_fx.obj
 0001:00004e70       _CL_RailTrail              00405e70 f   cl_fx.obj
 0001:00005111       _CL_IonripperTrail         00406111 f   cl_fx.obj
 0001:00005264       _CL_BubbleTrail            00406264 f   cl_fx.obj
 0001:000053ba       _CL_FlyParticles           004063ba f   cl_fx.obj
 0001:0000558d       _CL_FlyEffect              0040658d f   cl_fx.obj
 0001:00005610       _CL_BfgParticles           00406610 f   cl_fx.obj
 0001:00005817       _CL_TrapParticles          00406817 f   cl_fx.obj
 0001:00005b19       _CL_BFGExplosionParticles  00406b19 f   cl_fx.obj
 0001:00005bfc       _CL_TeleportParticles      00406bfc f   cl_fx.obj
 0001:00005d6b       _CL_AddParticles           00406d6b f   cl_fx.obj
 0001:00005ec4       _CL_EntityEvent            00406ec4 f   cl_fx.obj
 0001:000060a1       _CL_ClearEffects           004070a1 f   cl_fx.obj
 0001:000060d3       _KeyDown                   004070d3 f   cl_input.obj
 0001:00006149       _KeyUp                     00407149 f   cl_input.obj
 0001:000061c3       _IN_KLookDown              004071c3 f   cl_input.obj
 0001:000061cf       _IN_KLookUp                004071cf f   cl_input.obj
 0001:000061db       _IN_UpDown                 004071db f   cl_input.obj
 0001:000061e7       _IN_UpUp                   004071e7 f   cl_input.obj
 0001:000061f3       _IN_DownDown               004071f3 f   cl_input.obj
 0001:000061ff       _IN_DownUp                 004071ff f   cl_input.obj
 0001:0000620b       _IN_LeftDown               0040720b f   cl_input.obj
 0001:00006217       _IN_LeftUp                 00407217 f   cl_input.obj
 0001:00006223       _IN_RightDown              00407223 f   cl_input.obj
 0001:0000622f       _IN_RightUp                0040722f f   cl_input.obj
 0001:0000623b       _IN_ForwardDown            0040723b f   cl_input.obj
 0001:00006247       _IN_ForwardUp              00407247 f   cl_input.obj
 0001:00006253       _IN_BackDown               00407253 f   cl_input.obj
 0001:0000625f       _IN_BackUp                 0040725f f   cl_input.obj
 0001:0000626b       _IN_LookupDown             0040726b f   cl_input.obj
 0001:00006277       _IN_LookupUp               00407277 f   cl_input.obj
 0001:00006283       _IN_LookdownDown           00407283 f   cl_input.obj
 0001:0000628f       _IN_LookdownUp             0040728f f   cl_input.obj
 0001:0000629b       _IN_MoveleftDown           0040729b f   cl_input.obj
 0001:000062a7       _IN_MoveleftUp             004072a7 f   cl_input.obj
 0001:000062b3       _IN_MoverightDown          004072b3 f   cl_input.obj
 0001:000062bf       _IN_MoverightUp            004072bf f   cl_input.obj
 0001:000062cb       _IN_SpeedDown              004072cb f   cl_input.obj
 0001:000062d7       _IN_SpeedUp                004072d7 f   cl_input.obj
 0001:000062e3       _IN_StrafeDown             004072e3 f   cl_input.obj
 0001:000062ef       _IN_StrafeUp               004072ef f   cl_input.obj
 0001:000062fb       _IN_AttackDown             004072fb f   cl_input.obj
 0001:00006307       _IN_AttackUp               00407307 f   cl_input.obj
 0001:00006313       _IN_UseDown                00407313 f   cl_input.obj
 0001:0000631f       _IN_UseUp                  0040731f f   cl_input.obj
 0001:0000632b       _IN_Impulse                0040732b f   cl_input.obj
 0001:00006341       _CL_KeyState               00407341 f   cl_input.obj
 0001:0000639f       _CL_AdjustAngles           0040739f f   cl_input.obj
 0001:000064ae       _CL_BaseMove               004074ae f   cl_input.obj
 0001:00006688       _CL_ClampPitch             00407688 f   cl_input.obj
 0001:00006736       _CL_FinishMove             00407736 f   cl_input.obj
 0001:000067e0       _CL_CreateCmd              004077e0 f   cl_input.obj
 0001:0000684c       _IN_CenterView             0040784c f   cl_input.obj
 0001:0000686d       _CL_InitInput              0040786d f   cl_input.obj
 0001:00006a73       _CL_SendCmd                00407a73 f   cl_input.obj
 0001:00006c6d       _CL_ParseInventory         00407c6d f   cl_inv.obj
 0001:00006c8d       _CL_DrawInventory          00407c8d f   cl_inv.obj
 0001:00006ee6       _CL_WriteDemoMessage       00407ee6 f   cl_main.obj
 0001:00006f28       _CL_Stop_f                 00407f28 f   cl_main.obj
 0001:00006f83       _CL_Record_f               00407f83 f   cl_main.obj
 0001:000071fc       _Cmd_ForwardToServer       004081fc f   cl_main.obj
 0001:00007268       _CL_Setenv_f               00408268 f   cl_main.obj
 0001:0000732c       _CL_ForwardToServer_f      0040832c f   cl_main.obj
 0001:0000737a       _CL_Pause_f                0040837a f   cl_main.obj
 0001:000073b3       _CL_Quit_f                 004083b3 f   cl_main.obj
 0001:000073bd       _CL_Drop                   004083bd f   cl_main.obj
 0001:000073df       _CL_SendConnectPacket      004083df f   cl_main.obj
 0001:000074b3       _CL_CheckForResend         004084b3 f   cl_main.obj
 0001:00007593       _CL_Connect_f              00408593 f   cl_main.obj
 0001:00007612       _CL_Rcon_f                 00408612 f   cl_main.obj
 0001:0000775f       _CL_ClearState             0040875f f   cl_main.obj
 0001:0000779e       _CL_Disconnect             0040879e f   cl_main.obj
 0001:000078d3       _CL_Disconnect_f           004088d3 f   cl_main.obj
 0001:000078e2       _CL_Changing_f             004088e2 f   cl_main.obj
 0001:00007906       _CL_Reconnect_f            00408906 f   cl_main.obj
 0001:000079a2       _CL_ParseStatusMessage     004089a2 f   cl_main.obj
 0001:000079d9       _CL_PingServers_f          004089d9 f   cl_main.obj
 0001:00007b33       _CL_Skins_f                00408b33 f   cl_main.obj
 0001:00007b6f       _CL_ConnectionlessPacket   00408b6f f   cl_main.obj
 0001:00007db1       _CL_ReadPackets            00408db1 f   cl_main.obj
 0001:00007eef       _CL_FixUpGender            00408eef f   cl_main.obj
 0001:00007fc2       _CL_Userinfo_f             00408fc2 f   cl_main.obj
 0001:00007fda       _CL_Snd_Restart_f          00408fda f   cl_main.obj
 0001:00007fe9       _CL_RequestNextDownload    00408fe9 f   cl_main.obj
 0001:0000862d       _CL_Precache_f             0040962d f   cl_main.obj
 0001:00008696       _CL_WriteConfiguration     00409696 f   cl_main.obj
 0001:00008721       _CL_WriteConfig_f          00409721 f   cl_main.obj
 0001:00008780       _CL_InitLocal              00409780 f   cl_main.obj
 0001:000089a0       _CL_FixCvarCheats          004099a0 f   cl_main.obj
 0001:00008a5d       _CL_SendCommand            00409a5d f   cl_main.obj
 0001:00008a7b       _CL_Frame                  00409a7b f   cl_main.obj
 0001:00008c30       _CL_Init                   00409c30 f   cl_main.obj
 0001:00008c85       _CL_Shutdown               00409c85 f   cl_main.obj
 0001:00008ccb       _vectoangles2              00409ccb f   cl_newfx.obj
 0001:00008dcd       _CL_Flashlight             00409dcd f   cl_newfx.obj
 0001:00008e1e       _CL_ColorFlash             00409e1e f   cl_newfx.obj
 0001:00008ec4       _CL_DebugTrail             00409ec4 f   cl_newfx.obj
 0001:00008ff2       _CL_ForceWall              00409ff2 f   cl_newfx.obj
 0001:00009156       _CL_BubbleTrail2           0040a156 f   cl_newfx.obj
 0001:000092b8       _CL_Heatbeam               0040a2b8 f   cl_newfx.obj
 0001:00009583       _CL_ParticleSteamEffect    0040a583 f   cl_newfx.obj
 0001:000096bd       _CL_ParticleSteamEffect2   0040a6bd f   cl_newfx.obj
 0001:0000980f       _CL_TrackerTrail           0040a80f f   cl_newfx.obj
 0001:00009991       _CL_Tracker_Shell          0040a991 f   cl_newfx.obj
 0001:00009a3a       _CL_MonsterPlasma_Shell    0040aa3a f   cl_newfx.obj
 0001:00009ae2       _CL_Widowbeamout           0040aae2 f   cl_newfx.obj
 0001:00009bba       _CL_Nukeblast              0040abba f   cl_newfx.obj
 0001:00009c92       _CL_WidowSplash            0040ac92 f   cl_newfx.obj
 0001:00009d76       _CL_TagTrail               0040ad76 f   cl_newfx.obj
 0001:00009eac       _CL_ColorExplosionParticles 0040aeac f   cl_newfx.obj
 0001:00009f8e       _CL_ParticleSmokeEffect    0040af8e f   cl_newfx.obj
 0001:0000a0c6       _CL_BlasterParticles2      0040b0c6 f   cl_newfx.obj
 0001:0000a1c8       _CL_BlasterTrail2          0040b1c8 f   cl_newfx.obj
 0001:0000a2f9       _CL_DownloadFileName       0040b2f9 f   cl_parse.obj
 0001:0000a338       _CL_CheckOrDownloadFile    0040b338 f   cl_parse.obj
 0001:0000a49c       _CL_Download_f             0040b49c f   cl_parse.obj
 0001:0000a568       _CL_RegisterSounds         0040b568 f   cl_parse.obj
 0001:0000a5a7       _CL_ParseDownload          0040b5a7 f   cl_parse.obj
 0001:0000a714       _CL_ParseServerData        0040b714 f   cl_parse.obj
 0001:0000a823       _CL_ParseBaseline          0040b823 f   cl_parse.obj
 0001:0000a85d       _CL_LoadClientinfo         0040b85d f   cl_parse.obj
 0001:0000abf5       _CL_ParseClientinfo        0040bbf5 f   cl_parse.obj
 0001:0000ac19       _CL_ParseConfigString      0040bc19 f   cl_parse.obj
 0001:0000ad9e       _CL_ParseStartSoundPacket  0040bd9e f   cl_parse.obj
 0001:0000aea0       _SHOWNET                   0040bea0 f   cl_parse.obj
 0001:0000aec4       _CL_ParseServerMessage     0040bec4 f   cl_parse.obj
 0001:0000b164       _CL_CheckPredictionError   0040c164 f   cl_pred.obj
 0001:0000b28a       _CL_ClipMoveToEntities     0040c28a f   cl_pred.obj
 0001:0000b3e1       _CL_PMTrace                0040c3e1 f   cl_pred.obj
 0001:0000b450       _CL_PMpointcontents        0040c450 f   cl_pred.obj
 0001:0000b4ba       _CL_PredictMovement        0040c4ba f   cl_pred.obj
 0001:0000b6c8       _CL_AddNetgraph            0040c6c8 f   cl_scrn.obj
 0001:0000b7a2       _SCR_DebugGraph            0040c7a2 f   cl_scrn.obj
 0001:0000b7ca       _SCR_DrawDebugGraph        0040c7ca f   cl_scrn.obj
 0001:0000b8a9       _SCR_CenterPrint           0040c8a9 f   cl_scrn.obj
 0001:0000b9ba       _SCR_DrawCenterString      0040c9ba f   cl_scrn.obj
 0001:0000bb17       _SCR_SizeUp_f              0040cb17 f   cl_scrn.obj
 0001:0000bb30       _SCR_SizeDown_f            0040cb30 f   cl_scrn.obj
 0001:0000bb51       _SCR_Sky_f                 0040cb51 f   cl_scrn.obj
 0001:0000bbfc       _SCR_Init                  0040cbfc f   cl_scrn.obj
 0001:0000bc61       _SCR_DrawNet               0040cc61 f   cl_scrn.obj
 0001:0000bc9c       _SCR_DrawPause             0040cc9c f   cl_scrn.obj
 0001:0000bcff       _SCR_RunConsole            0040ccff f   cl_scrn.obj
 0001:0000bda0       _SCR_DrawConsole           0040cda0 f   cl_scrn.obj
 0001:0000be30       _SCR_SetLevelshot          0040ce30 f   cl_scrn.obj
 0001:0000bec2       _SCR_DrawLoading           0040cec2 f   cl_scrn.obj
 0001:0000bf60       _SCR_BeginLoadingPlaque    0040cf60 f   cl_scrn.obj
 0001:0000bfb6       _SCR_EndLoadingPlaque      0040cfb6 f   cl_scrn.obj
 0001:0000bfd1       _SCR_Loading_f             0040cfd1 f   cl_scrn.obj
 0001:0000bfd6       _SCR_TimeRefresh_f         0040cfd6 f   cl_scrn.obj
 0001:0000c0ad       _SCR_AddDirtyPoint         0040d0ad f   cl_scrn.obj
 0001:0000c0ea       _SCR_DirtyScreen           0040d0ea f   cl_scrn.obj
 0001:0000c165       _SCR_TileClear             0040d165 f   cl_scrn.obj
 0001:0000c348       _DrawHUDString             0040d348 f   cl_scrn.obj
 0001:0000c3fa       _SCR_DrawField             0040d3fa f   cl_scrn.obj
 0001:0000c51e       _SCR_TouchPics             0040d51e f   cl_scrn.obj
 0001:0000c5b0       _SCR_ExecuteLayoutString   0040d5b0 f   cl_scrn.obj
 0001:0000cf4a       _SCR_UpdateScreen          0040df4a f   cl_scrn.obj
 0001:0000d22b       _CL_RegisterTEntSounds     0040e22b f   cl_tent.obj
 0001:0000d45b       _CL_RegisterTEntModels     0040e45b f   cl_tent.obj
 0001:0000d5e1       _CL_ClearTEnts             0040e5e1 f   cl_tent.obj
 0001:0000d638       _CL_AllocExplosion         0040e638 f   cl_tent.obj
 0001:0000d6b2       _CL_SmokeAndFlash          0040e6b2 f   cl_tent.obj
 0001:0000d743       _CL_ParseBeam              0040e743 f   cl_tent.obj
 0001:0000d847       _CL_ParseBeam2             0040e847 f   cl_tent.obj
 0001:0000d95b       _CL_ParsePlayerBeam        0040e95b f   cl_tent.obj
 0001:0000daa6       _CL_ParseLightning         0040eaa6 f   cl_tent.obj
 0001:0000db84       _CL_ParseLaser             0040eb84 f   cl_tent.obj
 0001:0000dc2c       _CL_ParseSteam             0040ec2c f   cl_tent.obj
 0001:0000dd3d       _CL_ParseWidow             0040ed3d f   cl_tent.obj
 0001:0000dda9       _CL_ParseNuke              0040eda9 f   cl_tent.obj
 0001:0000de13       _CL_ParseTEnt              0040ee13 f   cl_tent.obj
 0001:0000ec82       _CL_AddBeams               0040fc82 f   cl_tent.obj
 0001:0000efa9       _CL_AddPlayerBeams         0040ffa9 f   cl_tent.obj
 0001:0000f6cd       _CL_AddExplosions          004106cd f   cl_tent.obj
 0001:0000f8b8       _CL_AddLasers              004108b8 f   cl_tent.obj
 0001:0000f8dd       _CL_ProcessSustain         004108dd f   cl_tent.obj
 0001:0000f91e       _CL_AddTEnts               0041091e f   cl_tent.obj
 0001:0000f937       _V_AddEntity               00410937 f   cl_view.obj
 0001:0000f961       _V_AddParticle             00410961 f   cl_view.obj
 0001:0000f9b8       _V_AddLight                004109b8 f   cl_view.obj
 0001:0000fa04       _V_AddLightStyle           00410a04 f   cl_view.obj
 0001:0000fa4f       _V_TestParticles           00410a4f f   cl_view.obj
 0001:0000fafc       _V_TestEntities            00410afc f   cl_view.obj
 0001:0000fb9e       _V_TestLights              00410b9e f   cl_view.obj
 0001:0000fc7c       _CL_PrepRefresh            00410c7c f   cl_view.obj
 0001:0000ff4a       _CalcFov                   00410f4a f   cl_view.obj
 0001:0000ffc3       _V_Gun_Next_f              00410fc3 f   cl_view.obj
 0001:0000ffdc       _V_Gun_Prev_f              00410fdc f   cl_view.obj
 0001:0000fffe       _V_Gun_Model_f             00410ffe f   cl_view.obj
 0001:00010043       _SCR_DrawCrosshair         00411043 f   cl_view.obj
 0001:000100af       _V_RenderView              004110af f   cl_view.obj
 0001:00010b52       _V_Viewpos_f               00411b52 f   cl_view.obj
 0001:00010b90       _V_Init                    00411b90 f   cl_view.obj
 0001:00010bdc       _Cbuf_Init                 00411bdc f   cmd.obj
 0001:00010bf4       _Cbuf_AddText              00411bf4 f   cmd.obj
 0001:00010c50       _Cbuf_InsertText           00411c50 f   cmd.obj
 0001:00010ca8       _Cbuf_CopyToDefer          00411ca8 f   cmd.obj
 0001:00010cd4       _Cbuf_InsertFromDefer      00411cd4 f   cmd.obj
 0001:00010ce7       _Cbuf_ExecuteText          00411ce7 f   cmd.obj
 0001:00010d26       _Cbuf_Execute              00411d26 f   cmd.obj
 0001:00010dda       _Cbuf_AddEarlyCommands     00411dda f   cmd.obj
 0001:00010e5c       _Cbuf_AddLateCommands      00411e5c f   cmd.obj
 0001:00010f71       _Cmd_Exec_f                00411f71 f   cmd.obj
 0001:00010ff6       _Cmd_Echo_f                00411ff6 f   cmd.obj
 0001:00011038       _Cmd_Alias_f               00412038 f   cmd.obj
 0001:00011181       _Cmd_Argc                  00412181 f   cmd.obj
 0001:00011187       _Cmd_Argv                  00412187 f   cmd.obj
 0001:000111a1       _Cmd_Args                  004121a1 f   cmd.obj
 0001:000111a7       _Cmd_TokenizeString        004121a7 f   cmd.obj
 0001:000113d9       _Cmd_AddCommand            004123d9 f   cmd.obj
 0001:00011444       _Cmd_RemoveCommand         00412444 f   cmd.obj
 0001:00011486       _Cmd_CompleteCommand       00412486 f   cmd.obj
 0001:000117f9       _Cmd_ExecuteString         004127f9 f   cmd.obj
 0001:000118c4       _Cmd_Init                  004128c4 f   cmd.obj
 0001:0001198e       _CMod_GetSurfMaterial      0041298e f   cmodel.obj
 0001:000119e8       _CM_LoadMap                004129e8 f   cmodel.obj
 0001:0001220e       _CM_InlineModel            0041320e f   cmodel.obj
 0001:0001225c       _CM_NumClusters            0041325c f   cmodel.obj
 0001:00012262       _CM_NumInlineModels        00413262 f   cmodel.obj
 0001:00012268       _CM_EntityString           00413268 f   cmodel.obj
 0001:0001226e       _CM_LeafContents           0041326e f   cmodel.obj
 0001:00012298       _CM_LeafCluster            00413298 f   cmodel.obj
 0001:000122c3       _CM_LeafArea               004132c3 f   cmodel.obj
 0001:000122ee       _CM_InitBoxHull            004132ee f   cmodel.obj
 0001:000124c9       _CM_HeadnodeForBox         004134c9 f   cmodel.obj
 0001:0001257e       _CM_PointLeafnum_r         0041357e f   cmodel.obj
 0001:000125e7       _CM_PointLeafnum           004135e7 f   cmodel.obj
 0001:00012601       _CM_BoxLeafnums_r          00413601 f   cmodel.obj
 0001:000126b7       _CM_BoxLeafnums            004136b7 f   cmodel.obj
 0001:0001270a       _CM_PointContents          0041370a f   cmodel.obj
 0001:0001272f       _CM_TransformedPointContents 0041372f f   cmodel.obj
 0001:00012811       _TraceBuf_Dump             00413811 f   cmodel.obj
 0001:000128df       _TraceBuf_Init             004138df f   cmodel.obj
 0001:00012987       _TraceBuf_LimitFrac        00413987 f   cmodel.obj
 0001:000129de       _TraceBuf_AddLeaf          004139de f   cmodel.obj
 0001:00012b66       _TraceBuf_FindPart         00413b66 f   cmodel.obj
 0001:00012ba1       _CM_ClipBoxToHLLeaf        00413ba1 f   cmodel.obj
 0001:00012e42       _CM_TraceToHLLeaf          00413e42 f   cmodel.obj
 0001:00012f15       _CM_FinishHLTrace          00413f15 f   cmodel.obj
 0001:00012fa1       _CM_RecursiveHLHullCheck   00413fa1 f   cmodel.obj
 0001:00013289       _CM_ClipBoxToBrush         00414289 f   cmodel.obj
 0001:00013485       _CM_TestBoxInBrush         00414485 f   cmodel.obj
 0001:00013566       _CM_TraceToLeaf            00414566 f   cmodel.obj
 0001:000135f3       _CM_TestInLeaf             004145f3 f   cmodel.obj
 0001:0001367b       _CM_RecursiveHullCheck     0041467b f   cmodel.obj
 0001:00013953       _CM_BoxTrace               00414953 f   cmodel.obj
 0001:00013ea4       _CM_TransformedBoxTrace    00414ea4 f   cmodel.obj
 0001:00014100       _CM_DecompressVis          00415100 f   cmodel.obj
 0001:000141a9       _CM_ClusterPVS             004151a9 f   cmodel.obj
 0001:000141f6       _CM_ClusterPHS             004151f6 f   cmodel.obj
 0001:00014243       _FloodArea_r               00415243 f   cmodel.obj
 0001:000142bf       _FloodAreaConnections      004152bf f   cmodel.obj
 0001:000142fe       _CM_SetAreaPortalState     004152fe f   cmodel.obj
 0001:0001432b       _CM_AreasConnected         0041532b f   cmodel.obj
 0001:00014379       _CM_WriteAreaBits          00415379 f   cmodel.obj
 0001:00014409       _CM_WritePortalState       00415409 f   cmodel.obj
 0001:00014423       _CM_ReadPortalState        00415423 f   cmodel.obj
 0001:00014441       _CM_HeadnodeVisible        00415441 f   cmodel.obj
 0001:000144a9       _Com_BeginRedirect         004154a9 f   common.obj
 0001:000144e6       _Com_EndRedirect           004154e6 f   common.obj
 0001:00014511       _Com_Printf                00415511 f   common.obj
 0001:00014670       _Com_DPrintf               00415670 f   common.obj
 0001:000146d4       _DebugPrintf               004156d4 f   common.obj
 0001:0001477c       _Com_WPrintf               0041577c f   common.obj
 0001:000147d5       _Com_Error                 004157d5 f   common.obj
 0001:000148b3       _Com_Quit                  004158b3 f   common.obj
 0001:000148e3       _MatchWildcard             004158e3 f   common.obj
 0001:00014a20       _Com_ServerState           00415a20 f   common.obj
 0001:00014a26       _Com_SetServerState        00415a26 f   common.obj
 0001:00014a30       _MSG_WriteChar             00415a30 f   common.obj
 0001:00014a30       _MSG_WriteByte             00415a30 f   common.obj
 0001:00014a44       _MSG_WriteShort            00415a44 f   common.obj
 0001:00014a5e       _MSG_WriteLong             00415a5e f   common.obj
 0001:00014a88       _MSG_WriteFloat            00415a88 f   common.obj
 0001:00014aae       _MSG_WriteString           00415aae f   common.obj
 0001:00014ae6       _MSG_WriteCoord            00415ae6 f   common.obj
 0001:00014b0f       _MSG_WritePos              00415b0f f   common.obj
 0001:00014b83       _MSG_WriteAngle            00415b83 f   common.obj
 0001:00014ba6       _MSG_WriteAngle16          00415ba6 f   common.obj
 0001:00014bd5       _MSG_WriteDeltaUsercmd     00415bd5 f   common.obj
 0001:00014d5d       _MSG_WriteDir              00415d5d f   common.obj
 0001:00014dca       _MSG_ReadDir               00415dca f   common.obj
 0001:00014e13       _MSG_WriteDeltaEntity      00415e13 f   common.obj
 0001:0001530c       _MSG_BeginReading          0041630c f   common.obj
 0001:00015315       _MSG_ReadChar              00416315 f   common.obj
 0001:00015336       _MSG_ReadByte              00416336 f   common.obj
 0001:00015357       _MSG_ReadShort             00416357 f   common.obj
 0001:00015387       _MSG_ReadLong              00416387 f   common.obj
 0001:000153c6       _MSG_ReadString            004163c6 f   common.obj
 0001:000153f9       _MSG_ReadStringLine        004163f9 f   common.obj
 0001:00015431       _MSG_ReadCoord             00416431 f   common.obj
 0001:0001544b       _MSG_ReadPos               0041644b f   common.obj
 0001:0001549d       _MSG_ReadAngle             0041649d f   common.obj
 0001:000154b7       _MSG_ReadAngle16           004164b7 f   common.obj
 0001:000154d1       _MSG_ReadDeltaUsercmd      004164d1 f   common.obj
 0001:00015588       _MSG_ReadData              00416588 f   common.obj
 0001:000155ab       _SZ_Init                   004165ab f   common.obj
 0001:000155cd       _SZ_Clear                  004165cd f   common.obj
 0001:000155da       _SZ_GetSpace               004165da f   common.obj
 0001:0001563c       _SZ_Write                  0041663c f   common.obj
 0001:0001565d       _SZ_Print                  0041665d f   common.obj
 0001:000156a6       _COM_Argc                  004166a6 f   common.obj
 0001:000156ac       _COM_Argv                  004166ac f   common.obj
 0001:000156cd       _COM_ClearArgv             004166cd f   common.obj
 0001:000156f5       _COM_InitArgv              004166f5 f   common.obj
 0001:00015750       _Info_Print                00416750 f   common.obj
 0001:0001580d       _COM_BlockSequenceCRCByte  0041680d f   common.obj
 0001:00015899       _frand                     00416899 f   common.obj
 0001:000158b6       _crand                     004168b6 f   common.obj
 0001:000158d9       _Com_Error_f               004168d9 f   common.obj
 0001:000158f1       _Qcommon_Init              004168f1 f   common.obj
 0001:00015a2a       _Qcommon_Frame             00416a2a f   common.obj
 0001:00015c1d       _CCheckParm                00416c1d f   conproc.obj
 0001:00015c56       _InitConProc               00416c56 f   conproc.obj
 0001:00015da8       _DeinitConProc             00416da8 f   conproc.obj
 0001:00015db9       _RequestProc@4             00416db9 f   conproc.obj
 0001:00015eca       _WriteText                 00416eca f   conproc.obj
 0001:00015f91       _CharToCode                00416f91 f   conproc.obj
 0001:00016019       _SetConsoleCXCY            00417019 f   conproc.obj
 0001:00016150       _DrawStringCommon          00417150 f   console.obj
 0001:000161ad       _DrawString                004171ad f   console.obj
 0001:000161cf       _DrawAltString             004171cf f   console.obj
 0001:000161f4       _Key_ClearTyping           004171f4 f   console.obj
 0001:0001620e       _Con_ToggleConsole_f       0041720e f   console.obj
 0001:0001629f       _Con_ClearNotify           0041729f f   console.obj
 0001:000162ad       _Con_CheckResize           004172ad f   console.obj
 0001:000163cd       _Con_Init                  004173cd f   console.obj
 0001:00016679       _Con_Print                 00417679 f   console.obj
 0001:0001695c       _Con_DrawNotify            0041795c f   console.obj
 0001:00016b6b       _Con_DrawConsole           00417b6b f   console.obj
 0001:0001708f       _CRC_Block                 0041808f f   crc.obj
 0001:000170cb       _Cvar_VariableValue        004180cb f   cvar.obj
 0001:00017139       _Cvar_VariableInt          00418139 f   cvar.obj
 0001:0001714c       _Cvar_VariableString       0041814c f   cvar.obj
 0001:00017164       _Cvar_Get                  00418164 f   cvar.obj
 0001:00017396       _Cvar_GetVars              00418396 f   cvar.obj
 0001:000173c6       _Cvar_FullSet              004183c6 f   cvar.obj
 0001:00017423       _Cvar_SetValue             00418423 f   cvar.obj
 0001:00017608       _Cvar_SetInteger           00418608 f   cvar.obj
 0001:00017636       _Cvar_Set                  00418636 f   cvar.obj
 0001:0001764b       _Cvar_ForceSet             0041864b f   cvar.obj
 0001:00017660       _Cvar_Clamp                00418660 f   cvar.obj
 0001:000176be       _Cvar_ClampName            004186be f   cvar.obj
 0001:00017737       _Cvar_GetLatchedVars       00418737 f   cvar.obj
 0001:00017766       _Cvar_Command              00418766 f   cvar.obj
 0001:000177fd       _Cvar_WriteVariables       004187fd f   cvar.obj
 0001:00017888       _Cvar_BitInfo              00418888 f   cvar.obj
 0001:000178c1       _Cvar_Userinfo             004188c1 f   cvar.obj
 0001:000178ca       _Cvar_Serverinfo           004188ca f   cvar.obj
 0001:000178d3       _Cvar_Init                 004188d3 f   cvar.obj
 0001:00017ee8       _FS_CreatePath             00418ee8 f   files.obj
 0001:00017f0e       _Developer_searchpath      00418f0e f   files.obj
 0001:00017f53       _FS_FCloseFile             00418f53 f   files.obj
 0001:00017fd9       _FS_FOpenFile              00418fd9 f   files.obj
 0001:000183c8       _FS_FileExists             004193c8 f   files.obj
 0001:000185a6       _FS_Read                   004195a6 f   files.obj
 0001:000187dc       _FS_LoadFile               004197dc f   files.obj
 0001:0001883e       _FS_FreeFile               0041983e f   files.obj
 0001:00018849       _FS_LoadPackFile           00419849 f   files.obj
 0001:00018b81       _FS_UnloadPackFile         00419b81 f   files.obj
 0001:00018bce       _FS_AddGameDirectory       00419bce f   files.obj
 0001:00018d78       _FS_Gamedir                00419d78 f   files.obj
 0001:00018d8c       _FS_LoadGameConfig         00419d8c f   files.obj
 0001:00018e05       _FS_SetGamedir             00419e05 f   files.obj
 0001:00018f97       _FS_ListFiles              00419f97 f   files.obj
 0001:0001924a       _FS_Dir_f                  0041a24a f   files.obj
 0001:0001945b       _FS_Path_f                 0041a45b f   files.obj
 0001:000194f3       _FS_NextPath               0041a4f3 f   files.obj
 0001:00019517       _FS_InitFilesystem         0041a517 f   files.obj
 0001:000199cd       _LoadPCX                   0041a9cd f   images.obj
 0001:00019bb1       _LoadTGA                   0041abb1 f   images.obj
 0001:00019f47       _LoadJPG                   0041af47 f   images.obj
 0001:0001a1da       _ImageExists               0041b1da f   images.obj
 0001:0001a2f3       _WriteTGA                  0041b2f3 f   images.obj
 0001:0001a39f       _WriteJPG                  0041b39f f   images.obj
 0001:0001a4c7       _IN_MLookDown              0041b4c7 f   in_win.obj
 0001:0001a4d2       _IN_MLookUp                0041b4d2 f   in_win.obj
 0001:0001a4f5       _IN_ActivateMouse          0041b4f5 f   in_win.obj
 0001:0001a60e       _IN_DeactivateMouse        0041b60e f   in_win.obj
 0001:0001a65f       _IN_StartupMouse           0041b65f f   in_win.obj
 0001:0001a6a3       _IN_MouseEvent             0041b6a3 f   in_win.obj
 0001:0001a720       _IN_MouseMove              0041b720 f   in_win.obj
 0001:0001a8ca       _IN_Init                   0041b8ca f   in_win.obj
 0001:0001a910       _IN_Shutdown               0041b910 f   in_win.obj
 0001:0001a915       _IN_Activate               0041b915 f   in_win.obj
 0001:0001a92c       _IN_Frame                  0041b92c f   in_win.obj
 0001:0001a97c       _IN_Move                   0041b97c f   in_win.obj
 0001:0001a99a       _IN_StartupJoystick        0041b99a f   in_win.obj
 0001:0001aabb       _Joy_AdvancedUpdate_f      0041babb f   in_win.obj
 0001:0001ac52       _IN_Commands               0041bc52 f   in_win.obj
 0001:0001ad81       _IN_ReadJoystick           0041bd81 f   in_win.obj
 0001:0001adbc       _IN_JoyMove                0041bdbc f   in_win.obj
 0001:0001b10c       _CompleteCommand           0041c10c f   keys.obj
 0001:0001b173       _Key_Console               0041c173 f   keys.obj
 0001:0001b769       _Key_Message               0041c769 f   keys.obj
 0001:0001b7fa       _Key_StringToKeynum        0041c7fa f   keys.obj
 0001:0001b844       _Key_KeynumToString        0041c844 f   keys.obj
 0001:0001b897       _Key_SetBinding            0041c897 f   keys.obj
 0001:0001b8f1       _Key_Bindlist_f            0041c8f1 f   keys.obj
 0001:0001b982       _Key_WriteBindings         0041c982 f   keys.obj
 0001:0001b9c0       _Key_Init                  0041c9c0 f   keys.obj
 0001:0001bc96       _Key_Event                 0041cc96 f   keys.obj
 0001:0001bfbd       _Key_ClearStates           0041cfbd f   keys.obj
 0001:0001c004       _MD4Init                   0041d004 f   md4.obj
 0001:0001c02c       _MD4Update                 0041d02c f   md4.obj
 0001:0001c0ca       _MD4Final                  0041d0ca f   md4.obj
 0001:0001c7bb       _Com_BlockChecksum         0041d7bb f   md4.obj
 0001:0001c7f7       _Z_Free                    0041d7f7 f   memory.obj
 0001:0001c84d       _Z_FreeTags                0041d84d f   memory.obj
 0001:0001c87d       _Z_TagMalloc               0041d87d f   memory.obj
 0001:0001c8ee       _Z_Malloc                  0041d8ee f   memory.obj
 0001:0001c910       _Z_BlockMalloc             0041d910 f   memory.obj
 0001:0001c92b       _CreateMemoryChain         0041d92b f   memory.obj
 0001:0001c98c       _FreeMemoryChain           0041d98c f   memory.obj
 0001:0001c9b6       _AllocChainBlock           0041d9b6 f   memory.obj
 0001:0001ca01       _CopyString                0041da01 f   memory.obj
 0001:0001ca25       _ChainCopyString           0041da25 f   memory.obj
 0001:0001ca4d       _AllocNamedStruc           0041da4d f   memory.obj
 0001:0001ca88       _ChainAllocNamedStruc      0041da88 f   memory.obj
 0001:0001cac7       _FindNamedStruc            0041dac7 f   memory.obj
 0001:0001cb0b       _FindNamedStrucByIndex     0041db0b f   memory.obj
 0001:0001cb22       _IndexOfNamedStruc         0041db22 f   memory.obj
 0001:0001cb50       _AddToNamedList            0041db50 f   memory.obj
 0001:0001cb9a       _ChainAddToNamedList       0041db9a f   memory.obj
 0001:0001cbe4       _FreeNamedList             0041dbe4 f   memory.obj
 0001:0001cbff       _Z_Init                    0041dbff f   memory.obj
 0001:0001cc3a       _M_PushMenu                0041dc3a f   menu.obj
 0001:0001ccf5       _M_ForceMenuOff            0041dcf5 f   menu.obj
 0001:0001cd22       _M_PopMenu                 0041dd22 f   menu.obj
 0001:0001cd76       _Default_MenuKey           0041dd76 f   menu.obj
 0001:0001cec5       _M_Print                   0041dec5 f   menu.obj
 0001:0001cf10       _M_DrawCursor              0041df10 f   menu.obj
 0001:0001cf79       _M_DrawTextBox             0041df79 f   menu.obj
 0001:0001d165       _M_Main_Draw               0041e165 f   menu.obj
 0001:0001d2d6       _M_Main_Key                0041e2d6 f   menu.obj
 0001:0001d3bb       _M_Menu_Main_f             0041e3bb f   menu.obj
 0001:0001d3d6       _M_Menu_Multiplayer_f      0041e3d6 f   menu.obj
 0001:0001d579       _M_Menu_Keys_f             0041e579 f   menu.obj
 0001:0001da7d       _M_Menu_Options_f          0041ea7d f   menu.obj
 0001:0001e386       _M_Menu_Video_f            0041f386 f   menu.obj
 0001:0001e3a6       _M_Menu_Credits_f          0041f3a6 f   menu.obj
 0001:0001e5b3       _M_Menu_Game_f             0041f5b3 f   menu.obj
 0001:0001e862       _M_Menu_LoadGame_f         0041f862 f   menu.obj
 0001:0001ea08       _M_Menu_SaveGame_f         0041fa08 f   menu.obj
 0001:0001eb3c       _M_AddToServerList         0041fb3c f   menu.obj
 0001:0001ebba       _M_Menu_JoinServer_f       0041fbba f   menu.obj
 0001:0001ee63       _M_Menu_StartServer_f      0041fe63 f   menu.obj
 0001:0001f69a       _M_Menu_DMOptions_f        0042069a f   menu.obj
 0001:0001fe63       _M_Menu_DownloadOptions_f  00420e63 f   menu.obj
 0001:000200fb       _M_Menu_AddressBook_f      004210fb f   menu.obj
 0001:0002024a       _M_Menu_PlayerConfig_f     0042124a f   menu.obj
 0001:00020cf6       _M_Menu_DMBrowse_f         00421cf6 f   menu.obj
 0001:00021296       _M_Quit_Key                00422296 f   menu.obj
 0001:000212d6       _M_Quit_Draw               004222d6 f   menu.obj
 0001:00021315       _M_Menu_Quit_f             00422315 f   menu.obj
 0001:00021330       _M_Init                    00422330 f   menu.obj
 0001:00021438       _M_Draw                    00422438 f   menu.obj
 0001:00021493       _M_Keydown                 00422493 f   menu.obj
 0001:000214af       _SwapQ2BspFile             004224af f   model.obj
 0001:000216f8       _ProcessQ2BspFile          004226f8 f   model.obj
 0001:000217d1       _CheckLump                 004227d1 f   model.obj
 0001:00021816       _LoadQ2BspFile             00422816 f   model.obj
 0001:000219bd       _LoadBspFile               004229bd f   model.obj
 0001:00021ab7       _Netchan_Init              00422ab7 f   net_chan.obj
 0001:00021b17       _Netchan_OutOfBand         00422b17 f   net_chan.obj
 0001:00021b73       _Netchan_OutOfBandPrint    00422b73 f   net_chan.obj
 0001:00021bb3       _Netchan_Setup             00422bb3 f   net_chan.obj
 0001:00021c0e       _Netchan_NeedReliable      00422c0e f   net_chan.obj
 0001:00021c3a       _Netchan_Transmit          00422c3a f   net_chan.obj
 0001:00021de3       _Netchan_Process           00422de3 f   net_chan.obj
 0001:00021f2e       _NetadrToSockadr           00422f2e f   net_wins.obj
 0001:00021fd5       _SockadrToNetadr           00422fd5 f   net_wins.obj
 0001:00022038       _NET_CompareAdr            00423038 f   net_wins.obj
 0001:0002209a       _NET_CompareBaseAdr        0042309a f   net_wins.obj
 0001:000220f2       _NET_AdrToString           004230f2 f   net_wins.obj
 0001:000221a6       _NET_StringToSockaddr      004231a6 f   net_wins.obj
 0001:000223db       _NET_StringToAdr           004233db f   net_wins.obj
 0001:00022434       _NET_IsLocalAddress        00423434 f   net_wins.obj
 0001:0002243e       _NET_GetLoopPacket         0042343e f   net_wins.obj
 0001:000224c5       _NET_SendLoopPacket        004234c5 f   net_wins.obj
 0001:00022511       _NET_GetPacket             00423511 f   net_wins.obj
 0001:00022646       _NET_SendPacket            00423646 f   net_wins.obj
 0001:000227a7       _NET_IPSocket              004237a7 f   net_wins.obj
 0001:000228b6       _NET_OpenIP                004238b6 f   net_wins.obj
 0001:000229d7       _NET_IPXSocket             004239d7 f   net_wins.obj
 0001:00022ad2       _NET_OpenIPX               00423ad2 f   net_wins.obj
 0001:00022bba       _NET_Config                00423bba f   net_wins.obj
 0001:00022c30       _NET_Sleep                 00423c30 f   net_wins.obj
 0001:00022cda       _NET_Init                  00423cda f   net_wins.obj
 0001:00022f51       _Pmove                     00423f51 f   pmove.obj
 0001:00024b3d       _RotatePointAroundVector   00425b3d f   q_shared2.obj
 0001:00024cb8       _AngleVectors              00425cb8 f   q_shared2.obj
 0001:00024dbc       _ProjectPointOnPlane       00425dbc f   q_shared2.obj
 0001:00024e3b       _PerpendicularVector       00425e3b f   q_shared2.obj
 0001:00024eba       _MatrixMultiply            00425eba f   q_shared2.obj
 0001:00024fa1       _R_ConcatTransforms        00425fa1 f   q_shared2.obj
 0001:000250db       _SetPlaneSignbits          004260db f   q_shared2.obj
 0001:0002510d       _LerpAngle                 0042610d f   q_shared2.obj
 0001:00025150       _anglemod                  00426150 f   q_shared2.obj
 0001:00025174       _BoxOnPlaneSide            00426174 f   q_shared2.obj
 0001:000253ab       _ClearBounds               004263ab f   q_shared2.obj
 0001:000253d4       _AddPointToBounds          004263d4 f   q_shared2.obj
 0001:0002540d       _VectorCompare             0042640d f   q_shared2.obj
 0001:0002543b       _VectorNormalize           0042643b f   q_shared2.obj
 0001:0002548f       _VectorMA                  0042648f f   q_shared2.obj
 0001:000254be       _CrossProduct              004264be f   q_shared2.obj
 0001:000254f9       _VectorLength              004264f9 f   q_shared2.obj
 0001:00025521       _VectorInverse             00426521 f   q_shared2.obj
 0001:0002553c       _VectorScale               0042653c f   q_shared2.obj
 0001:00025560       _AnglesToAxis              00426560 f   q_shared2.obj
 0001:000255a5       _AxisCopy                  004265a5 f   q_shared2.obj
 0001:000255e2       _COM_StripExtension        004265e2 f   q_shared2.obj
 0001:00025603       _COM_FilePath              00426603 f   q_shared2.obj
 0001:00025639       _ShortSwap                 00426639 f   q_shared2.obj
 0001:0002564e       _va                        0042664e f   q_shared2.obj
 0001:0002566b       _COM_ParseExt              0042666b f   q_shared2.obj
 0001:00025766       _Com_PageInMemory          00426766 f   q_shared2.obj
 0001:00025785       _Q_stricmp                 00426785 f   q_shared2.obj
 0001:00025796       _Q_strncasecmp             00426796 f   q_shared2.obj
 0001:000257ee       _Q_strcasecmp              004267ee f   q_shared2.obj
 0001:00025804       _Q_strncpyz                00426804 f   q_shared2.obj
 0001:00025861       _Q_strncpylower            00426861 f   q_shared2.obj
 0001:0002589b       _Q_CopyFilename            0042689b f   q_shared2.obj
 0001:000258dd       _Com_sprintf               004268dd f   q_shared2.obj
 0001:00025936       _Info_ValueForKey          00426936 f   q_shared2.obj
 0001:000259c1       _Info_RemoveKey            004269c1 f   q_shared2.obj
 0001:00025a47       _Info_SetValueForKey       00426a47 f   q_shared2.obj
 0001:00025b85       _Field_Draw                00426b85 f   qmenu.obj
 0001:00025d9b       _Field_Key                 00426d9b f   qmenu.obj
 0001:00026004       _Menu_AddItem              00427004 f   qmenu.obj
 0001:00026039       _Menu_AdjustCursor         00427039 f   qmenu.obj
 0001:00026178       _Menu_Center               00427178 f   qmenu.obj
 0001:000261ad       _Menu_DrawDotsItem         004271ad f   qmenu.obj
 0001:0002620f       _Menu_Draw                 0042720f f   qmenu.obj
 0001:000264d0       _Menu_ItemAtCursor         004274d0 f   qmenu.obj
 0001:000264e8       _Menu_SelectItem           004274e8 f   qmenu.obj
 0001:0002652a       _Menu_SetStatusBar         0042752a f   qmenu.obj
 0001:00026539       _Menu_SlideItem            00427539 f   qmenu.obj
 0001:00026589       _Menu_TallySlots           00427589 f   qmenu.obj
 0001:00026a39       _S_SoundInfo_f             00427a39 f   snd_dma.obj
 0001:00026ac3       _S_ReadModelsSex           00427ac3 f   snd_dma.obj
 0001:00026bac       _S_IsFemale                00427bac f   snd_dma.obj
 0001:00026c07       _S_Init                    00427c07 f   snd_dma.obj
 0001:00026cda       _S_Shutdown                00427cda f   snd_dma.obj
 0001:00026d64       _S_FindName                00427d64 f   snd_dma.obj
 0001:00026e50       _S_AliasName               00427e50 f   snd_dma.obj
 0001:00026edc       _S_BeginRegistration       00427edc f   snd_dma.obj
 0001:00026eed       _S_RegisterSound           00427eed f   snd_dma.obj
 0001:00026f25       _S_EndRegistration         00427f25 f   snd_dma.obj
 0001:00026fb8       _S_PickChannel             00427fb8 f   snd_dma.obj
 0001:0002704f       _S_SpatializeOrigin        0042804f f   snd_dma.obj
 0001:00027157       _S_Spatialize              00428157 f   snd_dma.obj
 0001:000271c5       _S_AllocPlaysound          004281c5 f   snd_dma.obj
 0001:000271e4       _S_FreePlaysound           004281e4 f   snd_dma.obj
 0001:00027214       _S_IssuePlaysound          00428214 f   snd_dma.obj
 0001:000272d5       _S_RegisterSexedSound      004282d5 f   snd_dma.obj
 0001:000273c8       _S_StartSound              004283c8 f   snd_dma.obj
 0001:0002755e       _S_StartLocalSound         0042855e f   snd_dma.obj
 0001:000275ad       _S_ClearBuffer             004285ad f   snd_dma.obj
 0001:00027605       _S_StopAllSounds           00428605 f   snd_dma.obj
 0001:00027680       _S_AddLoopSounds           00428680 f   snd_dma.obj
 0001:0002784c       _S_RawSamples              0042884c f   snd_dma.obj
 0001:00027a50       _S_Update                  00428a50 f   snd_dma.obj
 0001:00027ba7       _GetSoundtime              00428ba7 f   snd_dma.obj
 0001:00027c0e       _S_Update_                 00428c0e f   snd_dma.obj
 0001:00027ca4       _S_Play                    00428ca4 f   snd_dma.obj
 0001:00027d54       _S_SoundList               00428d54 f   snd_dma.obj
 0001:00027e15       _ResampleSfx               00428e15 f   snd_mem.obj
 0001:00027f19       _S_LoadSound               00428f19 f   snd_mem.obj
 0001:0002803f       _GetLittleShort            0042903f f   snd_mem.obj
 0001:0002805c       _GetLittleLong             0042905c f   snd_mem.obj
 0001:0002808a       _FindNextChunk             0042908a f   snd_mem.obj
 0001:000280e6       _GetWavinfo                004290e6 f   snd_mem.obj
 0001:000282b9       _S_WriteLinearBlastStereo16 004292b9 f   snd_mix.obj
 0001:0002832d       _S_TransferStereo16        0042932d f   snd_mix.obj
 0001:00028396       _S_TransferPaintBuffer     00429396 f   snd_mix.obj
 0001:000284f2       _S_PaintChannels           004294f2 f   snd_mix.obj
 0001:00028717       _S_InitScaletable          00429717 f   snd_mix.obj
 0001:0002876a       _S_PaintChannelFrom8       0042976a f   snd_mix.obj
 0001:0002886c       _S_PaintChannelFrom16      0042986c f   snd_mix.obj
 0001:000288d7       _FreeSound                 004298d7 f   snd_win.obj
 0001:00028ad1       _SNDDMA_InitDirect         00429ad1 f   snd_win.obj
 0001:00028fd6       _SNDDMA_InitWav            00429fd6 f   snd_win.obj
 0001:00029299       _SNDDMA_Init               0042a299 f   snd_win.obj
 0001:00029383       _SNDDMA_GetDMAPos          0042a383 f   snd_win.obj
 0001:000293e0       _SNDDMA_BeginPainting      0042a3e0 f   snd_win.obj
 0001:000294e2       _SNDDMA_Submit             0042a4e2 f   snd_win.obj
 0001:000295b4       _SNDDMA_Shutdown           0042a5b4 f   snd_win.obj
 0001:000295b9       _S_Activate                0042a5b9 f   snd_win.obj
 0001:000295fc       _SV_SetMaster_f            0042a5fc f   sv_ccmds.obj
 0001:00029719       _SV_SetPlayer              0042a719 f   sv_ccmds.obj
 0001:00029805       _SV_WipeSavegame           0042a805 f   sv_ccmds.obj
 0001:000298eb       _CopyFile                  0042a8eb f   sv_ccmds.obj
 0001:00029984       _SV_CopySaveGame           0042a984 f   sv_ccmds.obj
 0001:00029b69       _SV_WriteLevelFile         0042ab69 f   sv_ccmds.obj
 0001:00029c17       _SV_ReadLevelFile          0042ac17 f   sv_ccmds.obj
 0001:00029cc5       _SV_WriteServerFile        0042acc5 f   sv_ccmds.obj
 0001:00029ed9       _SV_ReadServerFile         0042aed9 f   sv_ccmds.obj
 0001:00029fe7       _SV_DemoMap_f              0042afe7 f   sv_ccmds.obj
 0001:0002a02e       _SV_GameMap_f              0042b02e f   sv_ccmds.obj
 0001:0002a1a7       _SV_Map_f                  0042b1a7 f   sv_ccmds.obj
 0001:0002a214       _SV_Loadgame_f             0042b214 f   sv_ccmds.obj
 0001:0002a30c       _SV_Savegame_f             0042b30c f   sv_ccmds.obj
 0001:0002a40b       _SV_Kick_f                 0042b40b f   sv_ccmds.obj
 0001:0002a488       _SV_Status_f               0042b488 f   sv_ccmds.obj
 0001:0002a62a       _SV_ConSay_f               0042b62a f   sv_ccmds.obj
 0001:0002a6bd       _SV_Heartbeat_f            0042b6bd f   sv_ccmds.obj
 0001:0002a6c8       _SV_Serverinfo_f           0042b6c8 f   sv_ccmds.obj
 0001:0002a6e0       _SV_DumpUser_f             0042b6e0 f   sv_ccmds.obj
 0001:0002a726       _SV_ServerRecord_f         0042b726 f   sv_ccmds.obj
 0001:0002a8dd       _SV_ServerStop_f           0042b8dd f   sv_ccmds.obj
 0001:0002a909       _SV_KillServer_f           0042b909 f   sv_ccmds.obj
 0001:0002a929       _SV_ServerCommand_f        0042b929 f   sv_ccmds.obj
 0001:0002a941       _SV_InitOperatorCommands   0042b941 f   sv_ccmds.obj
 0001:0002aa47       _SV_EmitPacketEntities     0042ba47 f   sv_ents.obj
 0001:0002abb5       _SV_WritePlayerstateToClient 0042bbb5 f   sv_ents.obj
 0001:0002b073       _SV_WriteFrameToClient     0042c073 f   sv_ents.obj
 0001:0002b12f       _SV_FatPVS                 0042c12f f   sv_ents.obj
 0001:0002b25c       _SV_BuildClientFrame       0042c25c f   sv_ents.obj
 0001:0002b527       _SV_RecordDemoMessage      0042c527 f   sv_ents.obj
 0001:0002b64c       _SV_ShutdownGameProgs      0042c64c f   sv_game.obj
 0001:0002b665       _SV_InitGameProgs          0042c665 f   sv_game.obj
 0001:0002bcc4       _SV_FindIndex              0042ccc4 f   sv_init.obj
 0001:0002bd8b       _SV_ModelIndex             0042cd8b f   sv_init.obj
 0001:0002bda1       _SV_SoundIndex             0042cda1 f   sv_init.obj
 0001:0002bdba       _SV_ImageIndex             0042cdba f   sv_init.obj
 0001:0002bdd3       _SV_CreateBaseline         0042cdd3 f   sv_init.obj
 0001:0002be36       _SV_CheckForSavegame       0042ce36 f   sv_init.obj
 0001:0002bed6       _SV_SpawnServer            0042ced6 f   sv_init.obj
 0001:0002c153       _SV_InitGame               0042d153 f   sv_init.obj
 0001:0002c34b       _SV_Map                    0042d34b f   sv_init.obj
 0001:0002c542       _SV_DropClient             0042d542 f   sv_main.obj
 0001:0002c596       _SV_StatusString           0042d596 f   sv_main.obj
 0001:0002c67d       _SVC_Status                0042d67d f   sv_main.obj
 0001:0002c6a6       _SVC_Info                  0042d6a6 f   sv_main.obj
 0001:0002c75c       _SVC_GetChallenge          0042d75c f   sv_main.obj
 0001:0002c827       _SVC_DirectConnect         0042d827 f   sv_main.obj
 0001:0002cd04       _Rcon_Validate             0042dd04 f   sv_main.obj
 0001:0002cd35       _SVC_RemoteCommand         0042dd35 f   sv_main.obj
 0001:0002ce21       _SV_ConnectionlessPacket   0042de21 f   sv_main.obj
 0001:0002cf7d       _SV_CalcPings              0042df7d f   sv_main.obj
 0001:0002d004       _SV_GiveMsec               0042e004 f   sv_main.obj
 0001:0002d043       _SV_ReadPackets            0042e043 f   sv_main.obj
 0001:0002d174       _SV_CheckTimeouts          0042e174 f   sv_main.obj
 0001:0002d230       _SV_PrepWorldFrame         0042e230 f   sv_main.obj
 0001:0002d256       _SV_RunGameFrame           0042e256 f   sv_main.obj
 0001:0002d2df       _SV_PostprocessFrame       0042e2df f   sv_main.obj
 0001:0002d6ff       _SV_Frame                  0042e6ff f   sv_main.obj
 0001:0002d7b9       _Master_Heartbeat          0042e7b9 f   sv_main.obj
 0001:0002d870       _Master_Shutdown           0042e870 f   sv_main.obj
 0001:0002d8ee       _SV_UserinfoChanged        0042e8ee f   sv_main.obj
 0001:0002d9b6       _SV_Init                   0042e9b6 f   sv_main.obj
 0001:0002da19       _SV_FinalMessage           0042ea19 f   sv_main.obj
 0001:0002dae0       _SV_Shutdown               0042eae0 f   sv_main.obj
 0001:0002db77       _SV_FlushRedirect          0042eb77 f   sv_send.obj
 0001:0002dbe9       _SV_ClientPrintf           0042ebe9 f   sv_send.obj
 0001:0002dc3f       _SV_BroadcastPrintf        0042ec3f f   sv_send.obj
 0001:0002dd10       _SV_BroadcastCommand       0042ed10 f   sv_send.obj
 0001:0002dd62       _SV_Multicast              0042ed62 f   sv_send.obj
 0001:0002df0d       _SV_MulticastOld           0042ef0d f   sv_send.obj
 0001:0002df20       _SV_StartSound             0042ef20 f   sv_send.obj
 0001:0002e17a       _SV_StartSoundOld          0042f17a f   sv_send.obj
 0001:0002e1aa       _SV_StartSoundNew          0042f1aa f   sv_send.obj
 0001:0002e1da       _SV_SendClientDatagram     0042f1da f   sv_send.obj
 0001:0002e2ae       _SV_DemoCompleted          0042f2ae f   sv_send.obj
 0001:0002e2ca       _SV_RateDrop               0042f2ca f   sv_send.obj
 0001:0002e315       _SV_SendClientMessages     0042f315 f   sv_send.obj
 0001:0002e472       _SV_BeginDemoserver        0042f472 f   sv_user.obj
 0001:0002e4c2       _SV_New_f                  0042f4c2 f   sv_user.obj
 0001:0002e637       _SV_Configstrings_f        0042f637 f   sv_user.obj
 0001:0002e784       _SV_Baselines_f            0042f784 f   sv_user.obj
 0001:0002e8ec       _SV_Begin_f                0042f8ec f   sv_user.obj
 0001:0002e949       _SV_NextDownload_f         0042f949 f   sv_user.obj
 0001:0002ea1d       _SV_BeginDownload_f        0042fa1d f   sv_user.obj
 0001:0002ec54       _SV_Disconnect_f           0042fc54 f   sv_user.obj
 0001:0002ec61       _SV_ShowServerinfo_f       0042fc61 f   sv_user.obj
 0001:0002ec6e       _SV_Nextserver             0042fc6e f   sv_user.obj
 0001:0002eccd       _SV_Nextserver_f           0042fccd f   sv_user.obj
 0001:0002ed14       _SV_ExecuteUserCommand     0042fd14 f   sv_user.obj
 0001:0002ed81       _SV_ClientThink            0042fd81 f   sv_user.obj
 0001:0002edc4       _SV_ExecuteClientMessage   0042fdc4 f   sv_user.obj
 0001:0002eff2       _SV_CreateAreaNode         0042fff2 f   sv_world.obj
 0001:0002f0f9       _SV_ClearWorld             004300f9 f   sv_world.obj
 0001:0002f126       _SV_UnlinkEdict            00430126 f   sv_world.obj
 0001:0002f14b       _SV_LinkEdict              0043014b f   sv_world.obj
 0001:0002f587       _SV_AreaEdicts_r           00430587 f   sv_world.obj
 0001:0002f694       _SV_AreaEdicts             00430694 f   sv_world.obj
 0001:0002f6d8       _SV_PointContents          004306d8 f   sv_world.obj
 0001:0002f77a       _SV_HullForEntity          0043077a f   sv_world.obj
 0001:0002f7bd       _SV_ClipMoveToEntities     004307bd f   sv_world.obj
 0001:0002f93c       _SV_TraceBounds            0043093c f   sv_world.obj
 0001:0002f9b4       _SV_Trace                  004309b4 f   sv_world.obj
 0001:0002fa9f       _Sys_Error                 00430a9f f   sys_win.obj
 0001:0002fafc       _Sys_Quit                  00430afc f   sys_win.obj
 0001:0002fb3c       _Sys_ScanForCD             00430b3c f   sys_win.obj
 0001:0002fbf2       _Sys_Init                  00430bf2 f   sys_win.obj
 0001:00030011       _Sys_ConsoleInput          00431011 f   sys_win.obj
 0001:00030171       _Sys_ConsoleOutput         00431171 f   sys_win.obj
 0001:00030222       _Sys_SendKeyEvents         00431222 f   sys_win.obj
 0001:0003028b       _Sys_GetClipboardData      0043128b f   sys_win.obj
 0001:000302e4       _Sys_AppActivate           004312e4 f   sys_win.obj
 0001:000302ff       _Sys_UnloadGame            004312ff f   sys_win.obj
 0001:00030324       _Sys_GetGameAPI            00431324 f   sys_win.obj
 0001:00030411       _ParseCommandLine          00431411 f   sys_win.obj
 0001:00030486       _WinMain@16                00431486 f   sys_win.obj
 0001:000305ab       _AppActivate               004315ab f   vid_dll.obj
 0001:000306b2       _MainWndProc@16            004316b2 f   vid_dll.obj
 0001:00030a9c       _Vid_GetModeInfo           00431a9c f   vid_dll.obj
 0001:00030acb       _Vid_UpdateWindowPosAndSize 00431acb f   vid_dll.obj
 0001:00030b32       _Vid_NewWindow             00431b32 f   vid_dll.obj
 0001:00030b4f       _Vid_FreeReflib            00431b4f f   vid_dll.obj
 0001:00030b90       _Vid_LoadRefresh           00431b90 f   vid_dll.obj
 0001:00030d2c       _Vid_CheckChanges          00431d2c f   vid_dll.obj
 0001:00030e5c       _Vid_Init                  00431e5c f   vid_dll.obj
 0001:00030ec3       _Vid_Shutdown              00431ec3 f   vid_dll.obj
 0001:00030ee9       _Vid_MenuInit              00431ee9 f   vid_menu.obj
 0001:00031622       _Vid_MenuDraw              00432622 f   vid_menu.obj
 0001:000316af       _Vid_MenuKey               004326af f   vid_menu.obj
 0001:00031a5c       _GL_ClearBuffers           00432a5c f   gl_backend.obj
 0001:00031a6b       _GL_ClearPortal            00432a6b f   gl_backend.obj
 0001:00031a87       _GL_AddSurfaceToPortal     00432a87 f   gl_backend.obj
 0001:00031ac8       _GL_FinishPortal           00432ac8 f   gl_backend.obj
 0001:00031b1d       _GL_BackEnd                00432b1d f   gl_backend.obj
 0001:0003419f       _GL_InitBackend            0043519f f   gl_backend.obj
 0001:000343ab       _GL_ShutdownBackend        004353ab f   gl_backend.obj
 0001:000343f8       _GL_Bind                   004353f8 f   gl_image.obj
 0001:0003448f       _GL_SelectTexture          0043548f f   gl_image.obj
 0001:000344e0       _GL_CullFace               004354e0 f   gl_image.obj
 0001:00034523       _GL_TexEnv                 00435523 f   gl_image.obj
 0001:00034586       _GL_State                  00435586 f   gl_image.obj
 0001:000346f3       _GL_TextureMode            004356f3 f   gl_image.obj
 0001:000347a7       _GL_CreateImage            004357a7 f   gl_image.obj
 0001:00035286       _GL_SetRawPalette          00436286 f   gl_image.obj
 0001:000352b7       _GL_DrawStretchRaw         004362b7 f   gl_image.obj
 0001:0003556a       _GL_SetupGamma             0043656a f   gl_image.obj
 0001:00035708       _GL_InitImages             00436708 f   gl_image.obj
 0001:00035ee4       _GL_ShutdownImages         00436ee4 f   gl_image.obj
 0001:00035f6b       _GL_ShowImages             00436f6b f   gl_image.obj
 0001:00036129       _GL_FindImage              00437129 f   gl_image.obj
 0001:000363f0       _GL_SetMode                004373f0 f   gl_main.obj
 0001:000364cd       _GL_SetDefaultState        004374cd f   gl_main.obj
 0001:000365d7       _GL_Set2DMode              004375d7 f   gl_main.obj
 0001:000366a7       _GL_SetColorB              004376a7 f   gl_main.obj
 0001:000366f3       _GL_DrawStretchPic         004376f3 f   gl_main.obj
 0001:000367ba       _FindPic                   004377ba f   gl_main.obj
 0001:00036802       _DrawTextPos               00437802 f   gl_main.obj
 0001:000368d1       _DrawTextLeft              004378d1 f   gl_main.obj
 0001:0003690d       _DrawTextRight             0043790d f   gl_main.obj
 0001:0003695e       _GL_GetRefAPI              0043795e f   gl_main.obj
 0001:00037d22       _GL_FindModel              00438d22 f   gl_model.obj
 0001:00037e24       _GL_UpdateDynamicLightmap  00438e24 f   gl_model.obj
 0001:0003825c       _GL_LoadWorldMap           0043925c f   gl_model.obj
 0001:00039e72       _GL_PointInLeaf            0043ae72 f   gl_model.obj
 0001:0003a4b9       _GL_FindSkin               0043b4b9 f   gl_model.obj
 0001:0003a4ca       _GL_ResetModels            0043b4ca f   gl_model.obj
 0001:0003a586       _GL_InitModels             0043b586 f   gl_model.obj
 0001:0003a5f3       _GL_ShutdownModels         0043b5f3 f   gl_model.obj
 0001:0003a60f       _GL_InitShaders            0043b60f f   gl_shader.obj
 0001:0003a740       _GL_ShutdownShaders        0043b740 f   gl_shader.obj
 0001:0003a76a       _GL_ResetShaders           0043b76a f   gl_shader.obj
 0001:0003a833       _GL_SetShaderLightmap      0043b833 f   gl_shader.obj
 0001:0003ab20       _GL_GetAlphaShader         0043bb20 f   gl_shader.obj
 0001:0003ad97       _GL_FindShader             0043bd97 f   gl_shader.obj
 0001:0003b241       _GL_GetShaderByNum         0043c241 f   gl_shader.obj
 0001:0003b25f       _GL_DrawWorld              0043c25f f   gl_world.obj
 0001:0003b8ac       _GL_DrawEntities           0043c8ac f   gl_world.obj
 0001:0003be93       _GL_AddEntity              0043ce93 f   gl_world.obj
 0001:0003c097       _GL_CreateWindow           0043d097 f   glw_imp.obj
 0001:0003c1f6       _GLimp_SetMode             0043d1f6 f   glw_imp.obj
 0001:0003c47d       _GLimp_HasGamma            0043d47d f   glw_imp.obj
 0001:0003c492       _ReadGamma                 0043d492 f   glw_imp.obj
 0001:0003c4d4       _RestoreGamma              0043d4d4 f   glw_imp.obj
 0001:0003c507       _GLimp_SetGamma            0043d507 f   glw_imp.obj
 0001:0003c5f6       _GLimp_Shutdown            0043d5f6 f   glw_imp.obj
 0001:0003c6e5       _GLimp_Init                0043d6e5 f   glw_imp.obj
 0001:0003c76a       _GLimp_InitGL              0043d76a f   glw_imp.obj
 0001:0003c9f0       _GLimp_EndFrame            0043d9f0 f   glw_imp.obj
 0001:0003ca5a       _GLimp_AppActivate         0043da5a f   glw_imp.obj
 0001:0003e14c       _QGL_Shutdown              0043f14c f   qgl_win.obj
 0001:0003e172       _QGL_Init                  0043f172 f   qgl_win.obj
 0001:0003e1f6       _QGL_InitExtensions        0043f1f6 f   qgl_win.obj
 0001:0003e3f1       _GLimp_EnableLogging       0043f3f1 f   qgl_win.obj
 0001:0003e4bc       _GLimp_LogMessage          0043f4bc f   qgl_win.obj
 0001:0003e4d3       _Hunk_Begin                0043f4d3 f   q_shwin.obj
 0001:0003e50d       _Hunk_Alloc                0043f50d f   q_shwin.obj
 0001:0003e594       _Hunk_End                  0043f594 f   q_shwin.obj
 0001:0003e59a       _Hunk_Free                 0043f59a f   q_shwin.obj
 0001:0003e5b3       _Sys_Milliseconds          0043f5b3 f   q_shwin.obj
 0001:0003e5e7       _Sys_Mkdir                 0043f5e7 f   q_shwin.obj
 0001:0003e5f3       _Sys_FindFirst             0043f5f3 f   q_shwin.obj
 0001:0003e714       _Sys_FindNext              0043f714 f   q_shwin.obj
 0001:0003e786       _Sys_FindClose             0043f786 f   q_shwin.obj
 0001:0003e7a0       _R_Alias_clip_z            0043f7a0 f   r_aclip.obj
 0001:0003e84d       _R_Alias_clip_left         0043f84d f   r_aclip.obj
 0001:0003ea1b       _R_Alias_clip_right        0043fa1b f   r_aclip.obj
 0001:0003ebe9       _R_Alias_clip_top          0043fbe9 f   r_aclip.obj
 0001:0003edb9       _R_Alias_clip_bottom       0043fdb9 f   r_aclip.obj
 0001:0003ef89       _R_AliasClip               0043ff89 f   r_aclip.obj
 0001:0003f059       _R_AliasClipTriangle       00440059 f   r_aclip.obj
 0001:0003f24b       _R_AliasCheckFrameBBox     0044024b f   r_alias.obj
 0001:0003f37e       _R_AliasCheckBBox          0044037e f   r_alias.obj
 0001:0003f3e2       _R_AliasTransformVector    004403e2 f   r_alias.obj
 0001:0003f43e       _R_AliasPreparePoints      0044043e f   r_alias.obj
 0001:0003f6d6       _R_AliasSetUpTransform     004406d6 f   r_alias.obj
 0001:0003f892       _R_AliasTransformFinalVerts 00440892 f   r_alias.obj
 0001:0003fa63       _R_AliasProjectAndClipTestFinalVert 00440a63 f   r_alias.obj
 0001:0003faeb       _R_AliasSetupLighting      00440aeb f   r_alias.obj
 0001:0003fc5d       _R_AliasSetupFrames        00440c5d f   r_alias.obj
 0001:0003fcd1       _R_AliasSetUpLerpData      00440cd1 f   r_alias.obj
 0001:0003fdf9       _R_AliasDrawModel          00440df9 f   r_alias.obj
 0001:00040080       _R_EntityRotate            00441080 f   r_bsp.obj
 0001:000400ef       _R_RotateBmodel            004410ef f   r_bsp.obj
 0001:0004024a       _R_RecursiveClipBPoly      0044124a f   r_bsp.obj
 0001:0004057a       _R_DrawSolidClippedSubmodelPolygons 0044157a f   r_bsp.obj
 0001:00040701       _R_DrawSubmodelPolygons    00441701 f   r_bsp.obj
 0001:00040791       _R_RecursiveWorldNode      00441791 f   r_bsp.obj
 0001:000409ec       _R_RenderWorld             004419ec f   r_bsp.obj
 0001:00040a67       _Draw_FindPic              00441a67 f   r_draw.obj
 0001:00040aaa       _Draw_InitLocal            00441aaa f   r_draw.obj
 0001:00040abb       _Draw_Char                 00441abb f   r_draw.obj
 0001:00040b9c       _Draw_CharColor            00441b9c f   r_draw.obj
 0001:00040cab       _R_DrawTexts               00441cab f   r_draw.obj
 0001:00040d21       _DrawText_Pos              00441d21 f   r_draw.obj
 0001:00040e2d       _DrawText_Left             00441e2d f   r_draw.obj
 0001:00040e69       _DrawText_Right            00441e69 f   r_draw.obj
 0001:00040eb8       _Draw_GetPicSize           00441eb8 f   r_draw.obj
 0001:00040ef8       _Draw_StretchPicImplementation 00441ef8 f   r_draw.obj
 0001:00041022       _Draw_StretchPic           00442022 f   r_draw.obj
 0001:0004105a       _Draw_StretchRaw           0044205a f   r_draw.obj
 0001:0004108c       _Draw_Pic                  0044208c f   r_draw.obj
 0001:00041245       _Draw_PicColor             00442245 f   r_draw.obj
 0001:000413fe       _Draw_TileClear            004423fe f   r_draw.obj
 0001:000414ce       _Draw_Fill                 004424ce f   r_draw.obj
 0001:0004156a       _Draw_FadeScreen           0044256a f   r_draw.obj
 0001:000415b7       _R_BeginEdgeFrame          004425b7 f   r_edge.obj
 0001:00041673       _R_InsertNewEdges          00442673 f   r_edge.obj
 0001:000416b9       _R_RemoveEdges             004426b9 f   r_edge.obj
 0001:000416d7       _R_StepActiveU             004426d7 f   r_edge.obj
 0001:0004176b       _R_CleanupSpan             0044276b f   r_edge.obj
 0001:000417bb       _R_LeadingEdgeBackwards    004427bb f   r_edge.obj
 0001:00041850       _R_TrailingEdge            00442850 f   r_edge.obj
 0001:000418b4       _R_LeadingEdge             004428b4 f   r_edge.obj
 0001:00041a57       _R_GenerateSpans           00442a57 f   r_edge.obj
 0001:00041ac5       _R_GenerateSpansBackward   00442ac5 f   r_edge.obj
 0001:00041b33       _R_ScanEdges               00442b33 f   r_edge.obj
 0001:00041d0a       _D_FlatFillSurface         00442d0a f   r_edge.obj
 0001:00041d64       _D_CalcGradients           00442d64 f   r_edge.obj
 0001:00041f7b       _D_BackgroundSurf          00442f7b f   r_edge.obj
 0001:00041fbb       _D_TurbulentSurf           00442fbb f   r_edge.obj
 0001:00042114       _D_SkySurf                 00443114 f   r_edge.obj
 0001:00042195       _D_SolidSurf               00443195 f   r_edge.obj
 0001:00042337       _D_DrawflatSurfaces        00443337 f   r_edge.obj
 0001:00042387       _D_DrawSurfaces            00443387 f   r_edge.obj
 0001:00042494       _R_ImageList_f             00443494 f   r_image.obj
 0001:00042555       _R_FindFreeImage           00443555 f   r_image.obj
 0001:000425a3       _R_LoadPic                 004435a3 f   r_image.obj
 0001:00042633       _R_LoadTex                 00443633 f   r_image.obj
 0001:000426bf       _R_LoadWal                 004436bf f   r_image.obj
 0001:00042715       _R_MipMap                  00443715 f   r_image.obj
 0001:00042843       _R_DownsampleImage         00443843 f   r_image.obj
 0001:00042948       _R_FindImage               00443948 f   r_image.obj
 0001:00042ced       _R_RegisterSkin            00443ced f   r_image.obj
 0001:00042cfb       _R_FreeUnusedImages        00443cfb f   r_image.obj
 0001:00042d5b       _R_InitImages              00443d5b f   r_image.obj
 0001:00042dc1       _R_ShutdownImages          00443dc1 f   r_image.obj
 0001:00042dfe       _R_MarkLights              00443dfe f   r_light.obj
 0001:00042ecd       _R_PushDlights             00443ecd f   r_light.obj
 0001:00042f22       _RecursiveLightPoint       00443f22 f   r_light.obj
 0001:000431cb       _R_LightPoint              004441cb f   r_light.obj
 0001:00043300       _R_AddDynamicLights        00444300 f   r_light.obj
 0001:00043586       _R_BuildLightMap           00444586 f   r_light.obj
 0001:0004367c       _R_InitTextures            0044467c f   r_main.obj
 0001:0004373d       _R_InitTurb                0044473d f   r_main.obj
 0001:000437ba       _R_Register                004447ba f   r_main.obj
 0001:00043831       _R_UnRegister              00444831 f   r_main.obj
 0001:00043855       _R_Init                    00444855 f   r_main.obj
 0001:000438eb       _R_Shutdown                004448eb f   r_main.obj
 0001:0004394e       _R_NewMap                  0044494e f   r_main.obj
 0001:000439f8       _R_MarkLeaves              004449f8 f   r_main.obj
 0001:00043b1f       _R_DrawEntitiesOnList      00444b1f f   r_main.obj
 0001:00043d47       _R_BmodelCheckBBox         00444d47 f   r_main.obj
 0001:00043df9       _R_FindTopnode             00444df9 f   r_main.obj
 0001:00043e81       _RotatedBBox               00444e81 f   r_main.obj
 0001:00043fef       _R_DrawBEntitiesOnList     00444fef f   r_main.obj
 0001:0004423c       _R_EdgeDrawing             0044523c f   r_main.obj
 0001:00044311       _R_CalcPalette             00445311 f   r_main.obj
 0001:00044416       _R_SetLightLevel           00445416 f   r_main.obj
 0001:00044464       _R_RenderFrame             00445464 f   r_main.obj
 0001:0004464c       _R_InitGraphics            0044564c f   r_main.obj
 0001:000446c2       _R_BeginFrame              004456c2 f   r_main.obj
 0001:000447e5       _R_GammaCorrectAndSetPalette 004457e5 f   r_main.obj
 0001:00044844       _R_CinematicSetPalette     00445844 f   r_main.obj
 0001:000448db       _Draw_BuildGammaTable      004458db f   r_main.obj
 0001:00044986       _R_DrawBeam                00445986 f   r_main.obj
 0001:00044aec       _R_SetSky                  00445aec f   r_main.obj
 0001:00044b74       _Draw_GetPalette           00445b74 f   r_main.obj
 0001:00044cbc       _D_Draw_GetPicSize         00445cbc f   r_main.obj
 0001:00044cd3       _D_Draw_TileClear          00445cd3 f   r_main.obj
 0001:00044cd3       _D_R_EndRegistration       00445cd3 f   r_main.obj
 0001:00044cd3       _D_R_SetSky                00445cd3 f   r_main.obj
 0001:00044cd3       _R_SurfacePatch            00445cd3 f   r_main.obj
 0001:00044cd3       _D_DrawTextPos             00445cd3 f   r_main.obj
 0001:00044cd3       _D_Draw_CharColor          00445cd3 f   r_main.obj
 0001:00044cd3       _D_Draw_StretchRaw         00445cd3 f   r_main.obj
 0001:00044cd3       _D_Draw_PicColor           00445cd3 f   r_main.obj
 0001:00044cd3       _D_Draw_Fill               00445cd3 f   r_main.obj
 0001:00044cd3       _Qcommon_Shutdown          00445cd3 f   r_main.obj
 0001:00044cd3       _D_DrawTextSide            00445cd3 f   r_main.obj
 0001:00044cd3       _jpeg_mem_term             00445cd3 f   r_main.obj
 0001:00044cd3       _D_R_SetPalette            00445cd3 f   r_main.obj
 0001:00044cd3       _D_Draw_FadeScreen         00445cd3 f   r_main.obj
 0001:00044cd3       _D_Draw_StretchPic         00445cd3 f   r_main.obj
 0001:00044cd3       _D_R_BeginRegistration     00445cd3 f   r_main.obj
 0001:00044cd3       _D_R_RenderFrame           00445cd3 f   r_main.obj
 0001:00044cd3       __setargv                  00445cd3 f   r_main.obj
 0001:00044cd4       _Draw_ConCharColor         00445cd4 f   r_main.obj
 0001:00044cf5       _GetRefAPI                 00445cf5 f   r_main.obj
 0001:00044ef4       _D_ViewChanged             00445ef4 f   r_misc.obj
 0001:00045050       _R_PrintTimes              00446050 f   r_misc.obj
 0001:000450ca       _R_PrintDSpeeds            004460ca f   r_misc.obj
 0001:00045191       _R_PrintAliasStats         00446191 f   r_misc.obj
 0001:000451a4       _R_TransformFrustum        004461a4 f   r_misc.obj
 0001:00045263       _TransformVector           00446263 f   r_misc.obj
 0001:000452ce       _R_SetUpFrustumIndexes     004462ce f   r_misc.obj
 0001:00045333       _R_ViewChanged             00446333 f   r_misc.obj
 0001:00045642       _R_SetupFrame              00446642 f   r_misc.obj
 0001:00045871       _WritePCXfile              00446871 f   r_misc.obj
 0001:00045993       _R_ScreenShot_f            00446993 f   r_misc.obj
 0001:00045ab3       _Mod_Modellist_f           00446ab3 f   r_model.obj
 0001:00045b11       _Mod_Init                  00446b11 f   r_model.obj
 0001:00045b29       _Mod_ForName               00446b29 f   r_model.obj
 0001:00045d61       _Mod_PointInLeaf           00446d61 f   r_model.obj
 0001:00045dc3       _Mod_DecompressVis         00446dc3 f   r_model.obj
 0001:00045e43       _Mod_ClusterPVS            00446e43 f   r_model.obj
 0001:00045e70       _Mod_LoadLighting          00446e70 f   r_model.obj
 0001:00045eef       _R_NumberLeafs             00446eef f   r_model.obj
 0001:00045f3d       _Mod_LoadVertexes          00446f3d f   r_model.obj
 0001:00045f7f       _Mod_LoadEdges             00446f7f f   r_model.obj
 0001:00045fcd       _Mod_LoadTexinfo           00446fcd f   r_model.obj
 0001:00046135       _CalcSurfaceExtents        00447135 f   r_model.obj
 0001:000462a0       _Mod_LoadFaces             004472a0 f   r_model.obj
 0001:00046407       _Mod_SetParent             00447407 f   r_model.obj
 0001:0004642c       _Mod_LoadNodes             0044742c f   r_model.obj
 0001:00046522       _Mod_LoadLeafs             00447522 f   r_model.obj
 0001:000465cb       _Mod_LoadMarksurfaces      004475cb f   r_model.obj
 0001:00046647       _Mod_LoadSurfedges         00447647 f   r_model.obj
 0001:00046686       _Mod_LoadPlanes            00447686 f   r_model.obj
 0001:000466ee       _Mod_LoadBrushModel        004476ee f   r_model.obj
 0001:00046901       _Mod_LoadAliasModel        00447901 f   r_model.obj
 0001:00046b7c       _Mod_LoadSpriteModel       00447b7c f   r_model.obj
 0001:00046c63       _R_BeginRegistration       00447c63 f   r_model.obj
 0001:00046cf3       _R_RegisterModel           00447cf3 f   r_model.obj
 0001:00046deb       _R_EndRegistration         00447deb f   r_model.obj
 0001:00046e56       _Mod_FreeAll               00447e56 f   r_model.obj
 0001:00046e9b       _R_DrawParticle            00447e9b f   r_part.obj
 0001:00047117       _R_DrawParticles           00448117 f   r_part.obj
 0001:000471dc       _R_DrawSpanletOpaque       004481dc f   r_poly.obj
 0001:0004726c       _R_DrawSpanletTurbulentStipple33 0044826c f   r_poly.obj
 0001:00047397       _R_DrawSpanletTurbulentStipple66 00448397 f   r_poly.obj
 0001:00047578       _R_DrawSpanletTurbulentBlended66 00448578 f   r_poly.obj
 0001:0004762d       _R_DrawSpanletTurbulentBlended33 0044862d f   r_poly.obj
 0001:000476e2       _R_DrawSpanlet33           004486e2 f   r_poly.obj
 0001:0004777c       _R_DrawSpanletConstant33   0044877c f   r_poly.obj
 0001:000477d5       _R_DrawSpanlet66           004487d5 f   r_poly.obj
 0001:00047873       _R_DrawSpanlet33Stipple    00448873 f   r_poly.obj
 0001:0004798e       _R_DrawSpanlet66Stipple    0044898e f   r_poly.obj
 0001:00047b1f       _R_ClipPolyFace            00448b1f f   r_poly.obj
 0001:00047c90       _R_PolygonDrawSpans        00448c90 f   r_poly.obj
 0001:00048018       _R_PolygonScanLeftEdge     00449018 f   r_poly.obj
 0001:0004814c       _R_PolygonScanRightEdge    0044914c f   r_poly.obj
 0001:0004833c       _R_ClipAndDrawPoly         0044933c f   r_poly.obj
 0001:0004853e       _R_BuildPolygonFromSurface 0044953e f   r_poly.obj
 0001:00048780       _R_PolygonCalculateGradients 00449780 f   r_poly.obj
 0001:00048a39       _R_DrawAlphaSurfaces       00449a39 f   r_poly.obj
 0001:00048acf       _R_IMFlatShadedQuad        00449acf f   r_poly.obj
 0001:00048c4a       _R_PolysetUpdateTables     00449c4a f   r_polyse.obj
 0001:00048c85       _R_DrawTriangle            00449c85 f   r_polyse.obj
 0001:00048d96       _R_PolysetScanLeftEdge_C   00449d96 f   r_polyse.obj
 0001:00048f60       _FloorDivMod               00449f60 f   r_polyse.obj
 0001:00048ffc       _R_PolysetSetUpForLineScan 00449ffc f   r_polyse.obj
 0001:0004908a       _R_PolysetCalcGradients    0044a08a f   r_polyse.obj
 0001:00049295       _R_PolysetDrawSpans8_33    0044a295 f   r_polyse.obj
 0001:000493c5       _R_PolysetDrawSpansConstant8_33 0044a3c5 f   r_polyse.obj
 0001:0004945f       _R_PolysetDrawSpans8_66    0044a45f f   r_polyse.obj
 0001:0004959b       _R_PolysetDrawSpansConstant8_66 0044a59b f   r_polyse.obj
 0001:00049643       _R_PolysetDrawSpans8_Opaque 0044a643 f   r_polyse.obj
 0001:0004978e       _R_RasterizeAliasPolySmooth 0044a78e f   r_polyse.obj
 0001:00049d6e       _R_PolysetSetEdgeTable     0044ad6e f   r_polyse.obj
 0001:00049e09       _R_InitSkyBox              0044ae09 f   r_rast.obj
 0001:0004a090       _R_EmitSkyBox              0044b090 f   r_rast.obj
 0001:0004a1a3       _R_EmitEdge                0044b1a3 f   r_rast.obj
 0001:0004a577       _R_ClipEdge                0044b577 f   r_rast.obj
 0001:0004a725       _R_EmitCachedEdge          0044b725 f   r_rast.obj
 0001:0004a77c       _R_RenderFace              0044b77c f   r_rast.obj
 0001:0004ab43       _R_RenderBmodelFace        0044bb43 f   r_rast.obj
 0001:0004adac       _D_WarpScreen              0044bdac f   r_scan.obj
 0001:0004af54       _D_DrawTurbulent8Span      0044bf54 f   r_scan.obj
 0001:0004afd8       _Turbulent8                0044bfd8 f   r_scan.obj
 0001:0004b2ac       _NonTurbulent8             0044c2ac f   r_scan.obj
 0001:0004b56a       _D_DrawSpans16             0044c56a f   r_scan.obj
 0001:0004b804       _D_DrawZSpans              0044c804 f   r_scan.obj
 0001:0004b8c1       _R_DrawSprite              0044c8c1 f   r_sprite.obj
 0001:0004bb8f       _R_TextureAnimation        0044cb8f f   r_surf.obj
 0001:0004bbb3       _R_DrawSurface             0044cbb3 f   r_surf.obj
 0001:0004bd18       _R_DrawSurfaceBlock8_mip0  0044cd18 f   r_surf.obj
 0001:0004be17       _R_DrawSurfaceBlock8_mip1  0044ce17 f   r_surf.obj
 0001:0004bf16       _R_DrawSurfaceBlock8_mip2  0044cf16 f   r_surf.obj
 0001:0004c015       _R_DrawSurfaceBlock8_mip3  0044d015 f   r_surf.obj
 0001:0004c111       _R_InitCaches              0044d111 f   r_surf.obj
 0001:0004c192       _D_FlushCaches             0044d192 f   r_surf.obj
 0001:0004c1d7       _D_SCAlloc                 0044d1d7 f   r_surf.obj
 0001:0004c36b       _D_CacheSurface            0044d36b f   r_surf.obj
 0001:0004c502       _DDRAW_Init                0044d502 f   rw_ddraw.obj
 0001:0004c912       _DDRAW_SetPalette          0044d912 f   rw_ddraw.obj
 0001:0004c97b       _DDRAW_Shutdown            0044d97b f   rw_ddraw.obj
 0001:0004cfc6       _DIB_Init                  0044dfc6 f   rw_dib.obj
 0001:0004d1ab       _DIB_SetPalette            0044e1ab f   rw_dib.obj
 0001:0004d36f       _DIB_Shutdown              0044e36f f   rw_dib.obj
 0001:0004d468       _Vid_CreateWindow          0044e468 f   rw_imp.obj
 0001:0004d59d       _SWimp_Init                0044e59d f   rw_imp.obj
[...]
 0001:00032333       _BindStageImage            00433333 f   gl_backend.obj
 0001:00032363       _SetupColorArrays          00433363 f   gl_backend.obj
 0001:000323cd       _GenerateColorArray        004333cd f   gl_backend.obj
 0001:00032615       _RB_DrawScene              00433615 f   gl_backend.obj
 0001:0003296d       _SetCurrentShader          0043396d f   gl_backend.obj
 0001:000329cd       _ClearSkyBox               004339cd f   gl_backend.obj
 0001:00032a03       _AddSkySurfaces            00433a03 f   gl_backend.obj
 0001:00032aab       _ClipSkyPolygon            00433aab f   gl_backend.obj
 0001:00032efb       _DrawSkyBox                00433efb f   gl_backend.obj
 0001:00033325       _MakeSkyVec                00434325 f   gl_backend.obj
 0001:00033417       _CheckDynamicLightmap      00434417 f   gl_backend.obj
 0001:000334c9       _TesselatePlanarSurf       004344c9 f   gl_backend.obj
 0001:000335c9       _RB_CheckOverflow          004345c9 f   gl_backend.obj
 0001:00033623       _TesselateMd3Surf          00434623 f   gl_backend.obj
 0001:00033802       _SetupGL                   00434802 f   gl_backend.obj
 0001:00033937       _SortSurfaces              00434937 f   gl_backend.obj
 0001:00033ad2       _DrawBBoxes                00434ad2 f   gl_backend.obj
 0001:00033ce2       _FlashColor                00434ce2 f   gl_backend.obj
 0001:00033d4c       _DrawTriangles             00434d4c f   gl_backend.obj
 0001:00033f06       _DrawFastSurfaces          00434f06 f   gl_backend.obj
 0001:00034069       _TesselateStretchPic       00435069 f   gl_backend.obj
 0001:0003426f       _InitFuncTables            0043526f f   gl_backend.obj
 0001:00031550       _DriverCallback            00432550 f   vid_menu.obj
 0001:000315a5       _ScreenSizeCallback        004325a5 f   vid_menu.obj
 0001:000315c5       _BrightnessCallback        004325c5 f   vid_menu.obj
 0001:00031602       _ResetDefaults             00432602 f   vid_menu.obj
 0001:00031607       _CancelChanges             00432607 f   vid_menu.obj
 0001:0003178f       _ApplyChanges              0043278f f   vid_menu.obj
 0001:00030627       _WIN_DisableAltTab         00431627 f   vid_dll.obj
 0001:00030673       _WIN_EnableAltTab          00431673 f   vid_dll.obj
 0001:000309c1       _MapKey                    004319c1 f   vid_dll.obj
 0001:00030e99       _Vid_Restart_f             00431e99 f   vid_dll.obj
 0001:00030ea6       _Vid_Front_f               00431ea6 f   vid_dll.obj
 0001:0002fcbc       _ExceptionFilter@4         00430cbc f   sys_win.obj
 0001:0002ff2e       _DumpReg4                  00430f2e f   sys_win.obj
 0001:0002ffc6       _DumpMem                   00430fc6 f   sys_win.obj
 0001:0002b820       _PF_Unicast                0042c820 f   sv_game.obj
 0001:0002b88c       _PF_dprintf                0042c88c f   sv_game.obj
 0001:0002b8bf       _PF_cprintf                0042c8bf f   sv_game.obj
 0001:0002b956       _PF_centerprintf           0042c956 f   sv_game.obj
 0001:0002b9be       _PF_error                  0042c9be f   sv_game.obj
 0001:0002b9f3       _PF_setmodel               0042c9f3 f   sv_game.obj
 0001:0002ba64       _PF_Configstring           0042ca64 f   sv_game.obj
 0001:0002bae4       _PF_WriteChar              0042cae4 f   sv_game.obj
 0001:0002bae4       _PF_WriteByte              0042cae4 f   sv_game.obj
 0001:0002baf5       _PF_WriteShort             0042caf5 f   sv_game.obj
 0001:0002bb06       _PF_WriteLong              0042cb06 f   sv_game.obj
 0001:0002bb17       _PF_WriteFloat             0042cb17 f   sv_game.obj
 0001:0002bb2c       _PF_WriteString            0042cb2c f   sv_game.obj
 0001:0002bb3d       _PF_WritePos               0042cb3d f   sv_game.obj
 0001:0002bb4e       _PF_WriteDir               0042cb4e f   sv_game.obj
 0001:0002bb5f       _PF_WriteAngle             0042cb5f f   sv_game.obj
 0001:0002bb74       _PF_inPVS                  0042cb74 f   sv_game.obj
 0001:0002bbec       _PF_inPHS                  0042cbec f   sv_game.obj
 0001:0002bc64       _PF_StartSound             0042cc64 f   sv_game.obj
 0001:0002bc97       _PF_TagMalloc              0042cc97 f   sv_game.obj
 0001:0002bca9       _PF_Cvar_Get               0042cca9 f   sv_game.obj
 0001:00028a39       _DS_DestroyBuffers         00429a39 f   snd_win.obj
 0001:00028c4e       _DS_CreateBuffers          00429c4e f   snd_win.obj
 0001:000260bd       _Menu_MakeVisible          004270bd f   qmenu.obj
 0001:00026147       _Menu_CompletelyVisible    00427147 f   qmenu.obj
 0001:000261e9       _strlen_color              004271e9 f   qmenu.obj
 0001:00026397       _Action_Draw               00427397 f   qmenu.obj
 0001:00026412       _Menu_ItemVisible          00427412 f   qmenu.obj
 0001:0002645b       _Menu_DrawStatusBar        0042745b f   qmenu.obj
 0001:000265c0       _MenuList_Draw             004275c0 f   qmenu.obj
 0001:00026648       _DrawCaption               00427648 f   qmenu.obj
 0001:00026687       _Separator_Draw            00427687 f   qmenu.obj
 0001:000266d8       _Slider_DoSlide            004276d8 f   qmenu.obj
 0001:0002670f       _Slider_Draw               0042770f f   qmenu.obj
 0001:00026802       _SpinControl_DoSlide       00427802 f   qmenu.obj
 0001:00026831       _SpinControl_Draw          00427831 f   qmenu.obj
 0001:0002690c       _SpinControl2_DoSlide      0042790c f   qmenu.obj
 0001:0002694d       _SpinControl2_Draw         0042794d f   qmenu.obj
 0001:0002320c       _StepSlideMove             0042420c f   pmove.obj
 0001:000233fb       _StepSlideMove_            004243fb f   pmove.obj
 0001:0002367d       _ClipVelocity              0042467d f   pmove.obj
 0001:000236e6       _Friction                  004246e6 f   pmove.obj
 0001:000237f1       _WaterMove                 004247f1 f   pmove.obj
 0001:000238d9       _Accelerate                004248d9 f   pmove.obj
 0001:00023945       _AddCurrents               00424945 f   pmove.obj
 0001:00023bd4       _AirMove                   00424bd4 f   pmove.obj
 0001:00023e2f       _AirAccelerate             00424e2f f   pmove.obj
 0001:00023eb5       _CatagorizePosition        00424eb5 f   pmove.obj
 0001:0002410b       _CheckJump                 0042510b f   pmove.obj
 0001:000241d2       _CheckSpecialMovement      004251d2 f   pmove.obj
 0001:00024335       _FlyMove                   00425335 f   pmove.obj
 0001:0002459b       _CheckDuck                 0042559b f   pmove.obj
 0001:000246d0       _DeadMove                  004256d0 f   pmove.obj
 0001:0002473c       _SnapPosition              0042573c f   pmove.obj
 0001:000248b2       _GoodPosition              004258b2 f   pmove.obj
 0001:00024928       _InitialSnapPosition       00425928 f   pmove.obj
 0001:00024a41       _ClampAngles               00425a41 f   pmove.obj
 0001:00022d15       _NET_ErrorString           00423d15 f   net_wins.obj
 0001:0001d3f6       _Multiplayer_MenuDraw      0041e3f6 f   menu.obj
 0001:0001d419       _M_Banner                  0041e419 f   menu.obj
 0001:0001d45d       _Multiplayer_MenuInit      0041e45d f   menu.obj
 0001:0001d559       _PlayerSetupFunc           0041e559 f   menu.obj
 0001:0001d55e       _JoinNetworkServerFunc     0041e55e f   menu.obj
 0001:0001d563       _StartNetworkServerFunc    0041e563 f   menu.obj
 0001:0001d568       _Multiplayer_MenuKey       0041e568 f   menu.obj
 0001:0001d599       _Keys_MenuInit             0041e599 f   menu.obj
 0001:0001d757       _KeyCursorDrawFunc         0041e757 f   menu.obj
 0001:0001d798       _DrawKeyBindingFunc        0041e798 f   menu.obj
 0001:0001d870       _M_FindKeysForCommand      0041e870 f   menu.obj
 0001:0001d8c0       _SeekLine                  0041e8c0 f   menu.obj
 0001:0001d8e7       _AppendToken               0041e8e7 f   menu.obj
 0001:0001d911       _Keys_MenuDraw             0041e911 f   menu.obj
 0001:0001d92a       _Keys_MenuKey              0041e92a f   menu.obj
 0001:0001d9df       _M_UnbindCommand           0041e9df f   menu.obj
 0001:0001da2b       _KeyBindingFunc            0041ea2b f   menu.obj
 0001:0001da9d       _Options_MenuInit          0041ea9d f   menu.obj
 0001:0001def5       _CrosshairFunc             0041eef5 f   menu.obj
 0001:0001df19       _JoystickFunc              0041ef19 f   menu.obj
 0001:0001df2c       _CustomizeControlsFunc     0041ef2c f   menu.obj
 0001:0001df31       _AlwaysRunFunc             0041ef31 f   menu.obj
 0001:0001df44       _FreeLookFunc              0041ef44 f   menu.obj
 0001:0001df57       _MouseSpeedFunc            0041ef57 f   menu.obj
 0001:0001df74       _ControlsSetMenuItemValues 0041ef74 f   menu.obj
 0001:0001e10e       _ControlsResetDefaultsFunc 0041f10e f   menu.obj
 0001:0001e123       _InvertMouseFunc           0041f123 f   menu.obj
 0001:0001e13e       _LookspringFunc            0041f13e f   menu.obj
 0001:0001e15a       _LookstrafeFunc            0041f15a f   menu.obj
 0001:0001e176       _UpdateVolumeFunc          0041f176 f   menu.obj
 0001:0001e193       _UpdateCDVolumeFunc        0041f193 f   menu.obj
 0001:0001e1ac       _ConsoleFunc               0041f1ac f   menu.obj
 0001:0001e1db       _UpdateSoundQualityFunc    0041f1db f   menu.obj
 0001:0001e264       _Options_ScanCrosshairs    0041f264 f   menu.obj
 0001:0001e2ca       _Options_MenuDraw          0041f2ca f   menu.obj
 0001:0001e2f2       _Options_CrosshairDraw     0041f2f2 f   menu.obj
 0001:0001e375       _Options_MenuKey           0041f375 f   menu.obj
 0001:0001e473       _M_Credits_MenuDraw        0041f473 f   menu.obj
 0001:0001e581       _M_Credits_Key             0041f581 f   menu.obj
 0001:0001e5dd       _Game_MenuInit             0041f5dd f   menu.obj
 0001:0001e798       _EasyGameFunc              0041f798 f   menu.obj
 0001:0001e7ae       _StartGame                 0041f7ae f   menu.obj
 0001:0001e7f3       _MediumGameFunc            0041f7f3 f   menu.obj
 0001:0001e809       _HardGameFunc              0041f809 f   menu.obj
 0001:0001e81f       _LoadGameFunc              0041f81f f   menu.obj
 0001:0001e824       _SaveGameFunc              0041f824 f   menu.obj
 0001:0001e829       _CreditsFunc               0041f829 f   menu.obj
 0001:0001e82e       _Game_MenuDraw             0041f82e f   menu.obj
 0001:0001e851       _Game_MenuKey              0041f851 f   menu.obj
 0001:0001e882       _LoadGame_MenuInit         0041f882 f   menu.obj
 0001:0001e912       _Create_Savestrings        0041f912 f   menu.obj
 0001:0001e994       _LoadGameCallback          0041f994 f   menu.obj
 0001:0001e9be       _LoadGame_MenuDraw         0041f9be f   menu.obj
 0001:0001e9d6       _LoadGame_MenuKey          0041f9d6 f   menu.obj
 0001:0001ea36       _SaveGame_MenuDraw         0041fa36 f   menu.obj
 0001:0001ea59       _SaveGame_MenuInit         0041fa59 f   menu.obj
 0001:0001eadb       _SaveGameCallback          0041fadb f   menu.obj
 0001:0001eafa       _SaveGame_MenuKey          0041fafa f   menu.obj
 0001:0001ebda       _JoinServer_MenuInit       0041fbda f   menu.obj
 0001:0001ed47       _JoinServerFunc            0041fd47 f   menu.obj
 0001:0001edc4       _AddressBookFunc           0041fdc4 f   menu.obj
 0001:0001edc9       _SearchLocalGames          0041fdc9 f   menu.obj
 0001:0001ee35       _SearchLocalGamesFunc      0041fe35 f   menu.obj
 0001:0001ee3a       _JoinServer_MenuDraw       0041fe3a f   menu.obj
 0001:0001ee52       _JoinServer_MenuKey        0041fe52 f   menu.obj
 0001:0001ee83       _StartServer_MenuInit      0041fe83 f   menu.obj
 0001:0001f33b       _DMOptionsFunc             0042033b f   menu.obj
 0001:0001f34a       _BrowseMapsFunc            0042034a f   menu.obj
 0001:0001f34f       _RulesChangeFunc           0042034f f   menu.obj
 0001:0001f3b8       _StartServerActionFunc     004203b8 f   menu.obj
 0001:0001f3e4       _StartServerFunc           004203e4 f   menu.obj
 0001:0001f64f       _StartServer_MenuDraw      0042064f f   menu.obj
 0001:0001f65b       _StartServer_MenuKey       0042065b f   menu.obj
 0001:0001f6ba       _DMOptions_MenuInit        004206ba f   menu.obj
 0001:0001fc5b       _DMFlagCallback            00420c5b f   menu.obj
 0001:0001fe46       _DMOptions_MenuDraw        00420e46 f   menu.obj
 0001:0001fe52       _DMOptions_MenuKey         00420e52 f   menu.obj
 0001:0001fe83       _DownloadOptions_MenuInit  00420e83 f   menu.obj
 0001:0002007f       _DownloadCallback          0042107f f   menu.obj
 0001:000200de       _DownloadOptions_MenuDraw  004210de f   menu.obj
 0001:000200ea       _DownloadOptions_MenuKey   004210ea f   menu.obj
 0001:0002011b       _AddressBook_MenuInit      0042111b f   menu.obj
 0001:000201d4       _AddressBook_MenuKey       004211d4 f   menu.obj
 0001:00020232       _AddressBook_MenuDraw      00421232 f   menu.obj
 0001:000202a4       _PlayerConfig_MenuInit     004212a4 f   menu.obj
 0001:000206d1       _DownloadOptionsFunc       004216d1 f   menu.obj
 0001:000206d6       _HandednessCallback        004216d6 f   menu.obj
 0001:000206e9       _RateCallback              004216e9 f   menu.obj
 0001:00020707       _ModelCallback             00421707 f   menu.obj
 0001:0002073e       _PlayerConfig_ScanDirectories 0042173e f   menu.obj
 0001:00020906       _IconOfSkinExists          00421906 f   menu.obj
 0001:000209a8       _PlayerConfig_MenuDraw     004219a8 f   menu.obj
 0001:00020c22       _PlayerConfig_MenuKey      00421c22 f   menu.obj
 0001:00020d39       _DMBrowse_MenuInit         00421d39 f   menu.obj
 0001:00020ef8       _DMBrowse_MenuKey          00421ef8 f   menu.obj
 0001:0002109b       _DMBrowse_MenuDraw         0042209b f   menu.obj
 0001:000211bc       _DrawThumbnail             004221bc f   menu.obj
 0001:0001c937       _AllocChain                0041d937 f   memory.obj
 0001:0001cc20       _Z_Stats_f                 0041dc20 f   memory.obj
 0001:0001c12e       _MD4Transform              0041d12e f   md4.obj
 0001:0001c730       _Encode                    0041d730 f   md4.obj
 0001:0001c775       _Decode                    0041d775 f   md4.obj
 0001:0001b742       _iswordsym                 0041c742 f   keys.obj
 0001:0001baa9       _Key_Unbind_f              0041caa9 f   keys.obj
 0001:0001bb8c       _Key_Unbindall_f           0041cb8c f   keys.obj
 0001:0001bbb6       _Key_Bind_f                0041cbb6 f   keys.obj
 0001:000377ce       _J_InitSource              004387ce f   gl_main.obj
 0001:0001a120       _J_FillInputBuffer         0041b120 f   images.obj
 0001:0001a148       _J_SkipInputData           0041b148 f   images.obj
 0001:000377ce       _J_TermSource              004387ce f   gl_main.obj
 0001:0001a160       _InitJpegError             0041b160 f   images.obj
 0001:0001a19d       _J_ErrorExit               0041b19d f   images.obj
 0001:0001a1ac       _J_EmitMessage             0041b1ac f   images.obj
 0001:0001a1c9       _J_ResetErrorMgr           0041b1c9 f   images.obj
 0001:00018294       _FindPakFile               00419294 f   files.obj
 0001:00018303       _FindPakDirectory          00419303 f   files.obj
 0001:00018393       _FileLength                00419393 f   files.obj
 0001:00018777       _FOpenCached               00419777 f   files.obj
 0001:000189b7       _AddPakFile                004199b7 f   files.obj
 0001:00018a56       _AddPakDirectory           00419a56 f   files.obj
 0001:00018b34       _EnumZippedPak             00419b34 f   files.obj
 0001:00018ba7       _ClearFileCache            00419ba7 f   files.obj
 0001:00018caf       _AddDirFilesToList         00419caf f   files.obj
 0001:00019190       _ListPakDirectory          0041a190 f   files.obj
 0001:000195cb       _FS_LoadPak_f              0041a5cb f   files.obj
 0001:0001969a       _TryLoadPak                0041a69a f   files.obj
 0001:00019708       _FindPakStruc              0041a708 f   files.obj
 0001:0001975d       _FS_UnloadPak_f            0041a75d f   files.obj
 0001:00019901       _FS_Link_f                 0041a901 f   files.obj
 0001:000170e4       _Cvar_FindVar              004180e4 f   cvar.obj
 0001:00017119       _ComputeHash               00418119 f   cvar.obj
 0001:000172c9       _Cvar_SetString            004182c9 f   cvar.obj
 0001:0001735f       _Cvar_InfoValidate         0041835f f   cvar.obj
 0001:00017456       _Cvar_Set2                 00418456 f   cvar.obj
 0001:00017589       _Cvar_SetHardcoded         00418589 f   cvar.obj
 0001:0001797a       _Cvar_Set_f                0041897a f   cvar.obj
 0001:000179f7       _Cvar_SetWithFlags         004189f7 f   cvar.obj
 0001:00017a3c       _Cvar_Seta_f               00418a3c f   cvar.obj
 0001:00017a5e       _Cvar_Setu_f               00418a5e f   cvar.obj
 0001:00017a80       _Cvar_Sets_f               00418a80 f   cvar.obj
 0001:00017aa2       _Cvar_Reset_f              00418aa2 f   cvar.obj
 0001:00017b04       _Cvar_List_f               00418b04 f   cvar.obj
 0001:00017bef       _Cvar_Add_f                00418bef f   cvar.obj
 0001:00017d66       _Cvar_Scale_f              00418d66 f   cvar.obj
 0001:00017dd9       _Cvar_Toggle_f             00418dd9 f   cvar.obj
 0001:00017e3c       _Cvar_Cycle_f              00418e3c f   cvar.obj
 0001:000164a9       _Con_ToggleChat_f          004174a9 f   console.obj
 0001:000164e9       _Con_Clear_f               004174e9 f   console.obj
 0001:0001653f       _Con_Dump_f                0041753f f   console.obj
 0001:00016652       _Con_MessageMode_f         00417652 f   console.obj
 0001:00016664       _Con_MessageMode2_f        00417664 f   console.obj
 0001:000166fd       _PlaceChar                 004176fd f   console.obj
 0001:000168a1       _FindLine                  004178a1 f   console.obj
 0001:00016fb8       _Con_DrawInput             00417fb8 f   console.obj
 0001:00011c06       _CMod_LoadSubmodels        00412c06 f   cmodel.obj
 0001:00011c8e       _CMod_LoadSurfaces         00412c8e f   cmodel.obj
 0001:00011da8       _CMod_ReadSurfMaterials    00412da8 f   cmodel.obj
 0001:00011ee3       _CMod_LoadNodes            00412ee3 f   cmodel.obj
 0001:00011f45       _CMod_LoadBrushes          00412f45 f   cmodel.obj
 0001:00011f91       _CMod_LoadLeafs            00412f91 f   cmodel.obj
 0001:00012060       _CMod_LoadPlanes           00413060 f   cmodel.obj
 0001:000120ff       _CMod_LoadLeafBrushes      004130ff f   cmodel.obj
 0001:0001214a       _CMod_LoadBrushSides       0041314a f   cmodel.obj
 0001:000121c3       _CMod_LoadAreas            004131c3 f   cmodel.obj
 0001:0001129e       _Cmd_MacroExpandString     0041229e f   cmd.obj
 0001:0001177f       _TryComplete               0041277f f   cmd.obj
 0001:00011913       _Cmd_Wait_f                00412913 f   cmd.obj
 0001:0001191e       _Cmd_List_f                0041291e f   cmd.obj
 0001:0001046d       _DrawSurfInfo              0041146d f   cl_view.obj
 0001:000107ab       _DecodeContents            004117ab f   cl_view.obj
 0001:0001087b       _DrawOriginInfo            0041187b f   cl_view.obj
 0001:00010a0c       _DrawFpsInfo               00411a0c f   cl_view.obj
 0001:00010b35       _entitycmpfnc              00411b35 f   cl_view.obj
 0001:0000d1b1       _SCR_CalcVrect             0040e1b1 f   cl_scrn.obj
 0001:000009ea       _Huff1Decompress           004019ea f   cl_cin.obj
 0001:00000f5c       _Huff1TableInit            00401f5c f   cl_cin.obj
 0001:00001056       _SmallestNode1             00402056 f   cl_cin.obj
 0001:0000014c       _CDAudio_GetAudioDiskInfo  0040114c f   cd_win.obj
 0001:000004c4       _CD_f                      004014c4 f   cd_win.obj
 0001:0000077d       _CDAudio_Eject             0040177d f   cd_win.obj
 0001:000007a7       _CDAudio_CloseDoor         004017a7 f   cd_win.obj

 93 bytes saved through ICF

