 quake2

 Timestamp is 3e54f81a (Thu Feb 20 18:45:30 2003)

 Preferred load address is 00400000

 Start         Length     Name                   Class
 0001:00000000 00066160H .text                   CODE
 0002:00000000 00000358H .idata$5                DATA
 0002:00000358 00001974H .rdata                  DATA
 0002:00001ccc 00000078H .idata$2                DATA
 0002:00001d44 00000014H .idata$3                DATA
 0002:00001d58 00000358H .idata$4                DATA
 0002:000020b0 00000b44H .idata$6                DATA
 0002:00002bf4 00000000H .edata                  DATA
 0003:00000000 00000004H .CRT$XCA                DATA
 0003:00000004 00000004H .CRT$XCZ                DATA
 0003:00000008 00000004H .CRT$XIA                DATA
 0003:0000000c 00000004H .CRT$XIZ                DATA
 0003:00000010 000145b4H .data                   DATA
 0003:000145c8 009d80ecH .bss                    DATA
 0004:00000000 000000a0H .rsrc$01                DATA
 0004:000000a0 00000300H .rsrc$02                DATA

  Address         Publics by Value              Rva+Base     Lib:Object

 0001:00000000       _CDAudio_Play2             00401000 f   cd_win.obj
 0001:000001e5       _CDAudio_Play              004011e5 f   cd_win.obj
 0001:000001fc       _CDAudio_Stop              004011fc f   cd_win.obj
 0001:00000241       _CDAudio_Pause             00401241 f   cd_win.obj
 0001:0000029a       _CDAudio_Resume            0040129a f   cd_win.obj
 0001:0000030c       _CDAudio_MessageHandler    0040130c f   cd_win.obj
 0001:000003a3       _CDAudio_Update            004013a3 f   cd_win.obj
 0001:000003da       _CDAudio_Init              004013da f   cd_win.obj
 0001:000007d1       _CDAudio_Shutdown          004017d1 f   cd_win.obj
 0001:00000804       _CDAudio_Activate          00401804 f   cd_win.obj
 0001:00000815       _SCR_StopCinematic         00401815 f   cl_cin.obj
 0001:000008a1       _SCR_FinishCinematic       004018a1 f   cl_cin.obj
 0001:000008cb       _SCR_ReadNextFrame         004018cb f   cl_cin.obj
 0001:00000bec       _SCR_RunCinematic          00401bec f   cl_cin.obj
 0001:00000ce5       _SCR_DrawCinematic         00401ce5 f   cl_cin.obj
 0001:00000d84       _SCR_PlayCinematic         00401d84 f   cl_cin.obj
 0001:000010bc       _CL_ParseEntityBits        004020bc f   cl_ents.obj
 0001:0000113b       _CL_ParseDelta             0040213b f   cl_ents.obj
 0001:00001319       _CL_DeltaEntity            00402319 f   cl_ents.obj
 0001:0000146f       _CL_ParsePacketEntities    0040246f f   cl_ents.obj
 0001:00001692       _CL_ParsePlayerstate       00402692 f   cl_ents.obj
 0001:000019a0       _CL_FireEntityEvents       004029a0 f   cl_ents.obj
 0001:000019ef       _CL_ParseFrame             004029ef f   cl_ents.obj
 0001:00001c8e       _CL_OffsetThirdPersonView  00402c8e f   cl_ents.obj
 0001:00001d71       _CL_CalcViewValues         00402d71 f   cl_ents.obj
 0001:00002029       _CL_AddEntities            00403029 f   cl_ents.obj
 0001:00002d50       _CL_GetEntitySoundOrigin   00403d50 f   cl_ents.obj
 0001:00002d8c       _CL_ClearLightStyles       00403d8c f   cl_fx.obj
 0001:00002e10       _CL_RunLightStyles         00403e10 f   cl_fx.obj
 0001:00002eaa       _CL_SetLightstyle          00403eaa f   cl_fx.obj
 0001:00002f14       _CL_AllocDlight            00403f14 f   cl_fx.obj
 0001:00002f7f       _CL_RunDLights             00403f7f f   cl_fx.obj
 0001:00002fd1       _CL_AddDLights             00403fd1 f   cl_fx.obj
 0001:0000301a       _CL_ClearParticles         0040401a f   cl_fx.obj
 0001:0000305a       _CL_AllocParticleTrace     0040405a f   cl_fx.obj
 0001:000030ff       _CL_AllocParticle          004040ff f   cl_fx.obj
 0001:0000314e       _CL_UpdateParticles        0040414e f   cl_fx.obj
 0001:00003631       _CL_MetalSparks            00404631 f   cl_fx.obj
 0001:00003710       _CL_ParseMuzzleFlash       00404710 f   cl_fx.obj
 0001:00003f25       _CL_ParseMuzzleFlash2      00404f25 f   cl_fx.obj
 0001:0000462d       _CL_ParticleEffect         0040562d f   cl_fx.obj
 0001:000046fc       _CL_ParticleEffect2        004056fc f   cl_fx.obj
 0001:000047c7       _CL_ParticleEffect3        004057c7 f   cl_fx.obj
 0001:00004897       _CL_TeleporterParticles    00405897 f   cl_fx.obj
 0001:0000494e       _CL_LogoutEffect           0040594e f   cl_fx.obj
 0001:00004a39       _CL_ItemRespawnParticles   00405a39 f   cl_fx.obj
 0001:00004ae8       _CL_ExplosionParticles     00405ae8 f   cl_fx.obj
 0001:00004b92       _CL_BigTeleportParticles   00405b92 f   cl_fx.obj
 0001:00004ce9       _CL_BlasterParticles       00405ce9 f   cl_fx.obj
 0001:00004db5       _CL_BlasterTrail           00405db5 f   cl_fx.obj
 0001:00004eae       _CL_FlagTrail              00405eae f   cl_fx.obj
 0001:00004fb4       _CL_DiminishingTrail       00405fb4 f   cl_fx.obj
 0001:0000521e       _CL_RocketTrail            0040621e f   cl_fx.obj
 0001:0000534d       _CL_RailTrail              0040634d f   cl_fx.obj
 0001:0000557d       _CL_IonripperTrail         0040657d f   cl_fx.obj
 0001:00005691       _CL_BubbleTrail            00406691 f   cl_fx.obj
 0001:000057b5       _CL_FlyParticles           004067b5 f   cl_fx.obj
 0001:0000595a       _CL_FlyEffect              0040695a f   cl_fx.obj
 0001:000059dd       _CL_BfgParticles           004069dd f   cl_fx.obj
 0001:00005bba       _CL_TrapParticles          00406bba f   cl_fx.obj
 0001:00005e5c       _CL_BFGExplosionParticles  00406e5c f   cl_fx.obj
 0001:00005f06       _CL_TeleportParticles      00406f06 f   cl_fx.obj
 0001:0000603f       _CL_EntityEvent            0040703f f   cl_fx.obj
 0001:0000621d       _CL_ClearEffects           0040721d f   cl_fx.obj
 0001:0000623b       _KeyDown                   0040723b f   cl_input.obj
 0001:000062b1       _KeyUp                     004072b1 f   cl_input.obj
 0001:0000632b       _IN_KLookDown              0040732b f   cl_input.obj
 0001:00006337       _IN_KLookUp                00407337 f   cl_input.obj
 0001:00006343       _IN_UpDown                 00407343 f   cl_input.obj
 0001:0000634f       _IN_UpUp                   0040734f f   cl_input.obj
 0001:0000635b       _IN_DownDown               0040735b f   cl_input.obj
 0001:00006367       _IN_DownUp                 00407367 f   cl_input.obj
 0001:00006373       _IN_LeftDown               00407373 f   cl_input.obj
 0001:0000637f       _IN_LeftUp                 0040737f f   cl_input.obj
 0001:0000638b       _IN_RightDown              0040738b f   cl_input.obj
 0001:00006397       _IN_RightUp                00407397 f   cl_input.obj
 0001:000063a3       _IN_ForwardDown            004073a3 f   cl_input.obj
 0001:000063af       _IN_ForwardUp              004073af f   cl_input.obj
 0001:000063bb       _IN_BackDown               004073bb f   cl_input.obj
 0001:000063c7       _IN_BackUp                 004073c7 f   cl_input.obj
 0001:000063d3       _IN_LookupDown             004073d3 f   cl_input.obj
 0001:000063df       _IN_LookupUp               004073df f   cl_input.obj
 0001:000063eb       _IN_LookdownDown           004073eb f   cl_input.obj
 0001:000063f7       _IN_LookdownUp             004073f7 f   cl_input.obj
 0001:00006403       _IN_MoveleftDown           00407403 f   cl_input.obj
 0001:0000640f       _IN_MoveleftUp             0040740f f   cl_input.obj
 0001:0000641b       _IN_MoverightDown          0040741b f   cl_input.obj
 0001:00006427       _IN_MoverightUp            00407427 f   cl_input.obj
 0001:00006433       _IN_SpeedDown              00407433 f   cl_input.obj
 0001:0000643f       _IN_SpeedUp                0040743f f   cl_input.obj
 0001:0000644b       _IN_StrafeDown             0040744b f   cl_input.obj
 0001:00006457       _IN_StrafeUp               00407457 f   cl_input.obj
 0001:00006463       _IN_AttackDown             00407463 f   cl_input.obj
 0001:0000646f       _IN_AttackUp               0040746f f   cl_input.obj
 0001:0000647b       _IN_UseDown                0040747b f   cl_input.obj
 0001:00006487       _IN_UseUp                  00407487 f   cl_input.obj
 0001:00006493       _IN_Impulse                00407493 f   cl_input.obj
 0001:000064a9       _CL_KeyState               004074a9 f   cl_input.obj
 0001:00006507       _CL_AdjustAngles           00407507 f   cl_input.obj
 0001:00006616       _CL_BaseMove               00407616 f   cl_input.obj
 0001:000067f0       _CL_ClampPitch             004077f0 f   cl_input.obj
 0001:0000689e       _CL_FinishMove             0040789e f   cl_input.obj
 0001:0000695a       _CL_CreateCmd              0040795a f   cl_input.obj
 0001:000069c6       _IN_CenterView             004079c6 f   cl_input.obj
 0001:000069e7       _CL_InitInput              004079e7 f   cl_input.obj
 0001:00006bed       _CL_SendCmd                00407bed f   cl_input.obj
 0001:00006de7       _CL_ParseInventory         00407de7 f   cl_inv.obj
 0001:00006e07       _CL_DrawInventory          00407e07 f   cl_inv.obj
 0001:00007068       _CL_WriteDemoMessage       00408068 f   cl_main.obj
 0001:000070aa       _CL_Stop_f                 004080aa f   cl_main.obj
 0001:00007105       _CL_Record_f               00408105 f   cl_main.obj
 0001:00007382       _Cmd_ForwardToServer       00408382 f   cl_main.obj
 0001:000073ee       _CL_Setenv_f               004083ee f   cl_main.obj
 0001:000074b2       _CL_ForwardToServer_f      004084b2 f   cl_main.obj
 0001:00007500       _CL_Pause_f                00408500 f   cl_main.obj
 0001:00007539       _CL_Quit_f                 00408539 f   cl_main.obj
 0001:00007543       _CL_Drop                   00408543 f   cl_main.obj
 0001:00007565       _CL_SendConnectPacket      00408565 f   cl_main.obj
 0001:00007639       _CL_CheckForResend         00408639 f   cl_main.obj
 0001:00007719       _CL_Connect_f              00408719 f   cl_main.obj
 0001:00007798       _CL_Rcon_f                 00408798 f   cl_main.obj
 0001:000078e5       _CL_ClearState             004088e5 f   cl_main.obj
 0001:00007924       _CL_Disconnect             00408924 f   cl_main.obj
 0001:00007a61       _CL_Disconnect_f           00408a61 f   cl_main.obj
 0001:00007a70       _CL_Changing_f             00408a70 f   cl_main.obj
 0001:00007a94       _CL_Reconnect_f            00408a94 f   cl_main.obj
 0001:00007b30       _CL_ParseStatusMessage     00408b30 f   cl_main.obj
 0001:00007b67       _CL_PingServers_f          00408b67 f   cl_main.obj
 0001:00007cc1       _CL_Skins_f                00408cc1 f   cl_main.obj
 0001:00007cfd       _CL_ConnectionlessPacket   00408cfd f   cl_main.obj
 0001:00007f3f       _CL_ReadPackets            00408f3f f   cl_main.obj
 0001:0000807d       _CL_FixUpGender            0040907d f   cl_main.obj
 0001:0000812e       _CL_Userinfo_f             0040912e f   cl_main.obj
 0001:00008146       _CL_Snd_Restart_f          00409146 f   cl_main.obj
 0001:00008155       _CL_RequestNextDownload    00409155 f   cl_main.obj
 0001:00008785       _CL_Precache_f             00409785 f   cl_main.obj
 0001:0000884b       _CL_WriteConfiguration     0040984b f   cl_main.obj
 0001:000088dc       _CL_WriteConfig_f          004098dc f   cl_main.obj
 0001:0000893b       _CL_InitLocal              0040993b f   cl_main.obj
 0001:00008b5b       _CL_FixCvarCheats          00409b5b f   cl_main.obj
 0001:00008c18       _CL_SendCommand            00409c18 f   cl_main.obj
 0001:00008c36       _CL_Frame                  00409c36 f   cl_main.obj
 0001:00008e0a       _CL_Init                   00409e0a f   cl_main.obj
 0001:00008e57       _CL_Shutdown               00409e57 f   cl_main.obj
 0001:00008e9d       _vectoangles2              00409e9d f   cl_newfx.obj
 0001:00008f9f       _CL_Flashlight             00409f9f f   cl_newfx.obj
 0001:00008fef       _CL_ColorFlash             00409fef f   cl_newfx.obj
 0001:00009041       _CL_DebugTrail             0040a041 f   cl_newfx.obj
 0001:00009138       _CL_ForceWall              0040a138 f   cl_newfx.obj
 0001:00009272       _CL_BubbleTrail2           0040a272 f   cl_newfx.obj
 0001:000093a2       _CL_Heatbeam               0040a3a2 f   cl_newfx.obj
 0001:0000961a       _CL_ParticleSteamEffect    0040a61a f   cl_newfx.obj
 0001:00009726       _CL_ParticleSteamEffect2   0040a726 f   cl_newfx.obj
 0001:00009845       _CL_TrackerTrail           0040a845 f   cl_newfx.obj
 0001:0000998a       _CL_Tracker_Shell          0040a98a f   cl_newfx.obj
 0001:00009a01       _CL_MonsterPlasma_Shell    0040aa01 f   cl_newfx.obj
 0001:00009a75       _CL_Widowbeamout           0040aa75 f   cl_newfx.obj
 0001:00009b1c       _CL_Nukeblast              0040ab1c f   cl_newfx.obj
 0001:00009bc3       _CL_WidowSplash            0040abc3 f   cl_newfx.obj
 0001:00009c7e       _CL_TagTrail               0040ac7e f   cl_newfx.obj
 0001:00009d84       _CL_ColorExplosionParticles 0040ad84 f   cl_newfx.obj
 0001:00009e31       _CL_ParticleSmokeEffect    0040ae31 f   cl_newfx.obj
 0001:00009f3b       _CL_BlasterParticles2      0040af3b f   cl_newfx.obj
 0001:0000a008       _CL_BlasterTrail2          0040b008 f   cl_newfx.obj
 0001:0000a101       _CL_DownloadFileName       0040b101 f   cl_parse.obj
 0001:0000a140       _CL_CheckOrDownloadFile    0040b140 f   cl_parse.obj
 0001:0000a378       _CL_Download_f             0040b378 f   cl_parse.obj
 0001:0000a440       _CL_RegisterSounds         0040b440 f   cl_parse.obj
 0001:0000a47f       _CL_ParseDownload          0040b47f f   cl_parse.obj
 0001:0000a5ec       _CL_ParseServerData        0040b5ec f   cl_parse.obj
 0001:0000a6fb       _CL_ParseBaseline          0040b6fb f   cl_parse.obj
 0001:0000a735       _CL_LoadClientinfo         0040b735 f   cl_parse.obj
 0001:0000aa00       _CL_ParseClientinfo        0040ba00 f   cl_parse.obj
 0001:0000aa24       _CL_ParseConfigString      0040ba24 f   cl_parse.obj
 0001:0000aba8       _CL_ParseStartSoundPacket  0040bba8 f   cl_parse.obj
 0001:0000acaa       _CL_ParseServerMessage     0040bcaa f   cl_parse.obj
 0001:0000af52       _CL_CheckPredictionError   0040bf52 f   cl_pred.obj
 0001:0000b071       _CL_ClipMoveToEntities     0040c071 f   cl_pred.obj
 0001:0000b375       _CL_PMTrace                0040c375 f   cl_pred.obj
 0001:0000b3e4       _CL_PMpointcontents        0040c3e4 f   cl_pred.obj
 0001:0000b44e       _CL_PredictMovement        0040c44e f   cl_pred.obj
 0001:0000b657       _CL_AddNetgraph            0040c657 f   cl_scrn.obj
 0001:0000b731       _SCR_DebugGraph            0040c731 f   cl_scrn.obj
 0001:0000b759       _SCR_DrawDebugGraph        0040c759 f   cl_scrn.obj
 0001:0000b838       _SCR_CenterPrint           0040c838 f   cl_scrn.obj
 0001:0000b949       _SCR_DrawCenterString      0040c949 f   cl_scrn.obj
 0001:0000ba9e       _SCR_SizeUp_f              0040ca9e f   cl_scrn.obj
 0001:0000bab7       _SCR_SizeDown_f            0040cab7 f   cl_scrn.obj
 0001:0000bad8       _SCR_Sky_f                 0040cad8 f   cl_scrn.obj
 0001:0000bb83       _SCR_Init                  0040cb83 f   cl_scrn.obj
 0001:0000bbe8       _SCR_DrawNet               0040cbe8 f   cl_scrn.obj
 0001:0000bc23       _SCR_DrawPause             0040cc23 f   cl_scrn.obj
 0001:0000bc8c       _SCR_RunConsole            0040cc8c f   cl_scrn.obj
 0001:0000bd34       _SCR_DrawConsole           0040cd34 f   cl_scrn.obj
 0001:0000bdcc       _SCR_SetLevelshot          0040cdcc f   cl_scrn.obj
 0001:0000be30       _SCR_DrawLoading           0040ce30 f   cl_scrn.obj
 0001:0000bee9       _SCR_BeginLoadingPlaque    0040cee9 f   cl_scrn.obj
 0001:0000bf49       _SCR_EndLoadingPlaque      0040cf49 f   cl_scrn.obj
 0001:0000bf67       _SCR_Loading_f             0040cf67 f   cl_scrn.obj
 0001:0000bf6c       _SCR_TimeRefresh_f         0040cf6c f   cl_scrn.obj
 0001:0000c043       _SCR_AddDirtyPoint         0040d043 f   cl_scrn.obj
 0001:0000c080       _SCR_DirtyScreen           0040d080 f   cl_scrn.obj
 0001:0000c0fb       _SCR_TileClear             0040d0fb f   cl_scrn.obj
 0001:0000c2d6       _DrawHUDString             0040d2d6 f   cl_scrn.obj
 0001:0000c388       _SCR_DrawField             0040d388 f   cl_scrn.obj
 0001:0000c4ac       _SCR_TouchPics             0040d4ac f   cl_scrn.obj
 0001:0000c53f       _SCR_ExecuteLayoutString   0040d53f f   cl_scrn.obj
 0001:0000cef1       _SCR_UpdateScreen          0040def1 f   cl_scrn.obj
 0001:0000d1dc       _CL_RegisterTEntSounds     0040e1dc f   cl_tent.obj
 0001:0000d414       _CL_RegisterTEntModels     0040e414 f   cl_tent.obj
 0001:0000d59a       _CL_ClearTEnts             0040e59a f   cl_tent.obj
 0001:0000d5f1       _CL_AllocExplosion         0040e5f1 f   cl_tent.obj
 0001:0000d643       _CL_AddExplosions          0040e643 f   cl_tent.obj
 0001:0000d892       _CL_SmokeAndFlash          0040e892 f   cl_tent.obj
 0001:0000d8f9       _CL_ParseBeam              0040e8f9 f   cl_tent.obj
 0001:0000d9e8       _CL_ParseBeam2             0040e9e8 f   cl_tent.obj
 0001:0000dae8       _CL_ParsePlayerBeam        0040eae8 f   cl_tent.obj
 0001:0000dc24       _CL_ParseLightning         0040ec24 f   cl_tent.obj
 0001:0000dcfa       _CL_ParseLaser             0040ecfa f   cl_tent.obj
 0001:0000dd9f       _CL_ParseSteam             0040ed9f f   cl_tent.obj
 0001:0000deb0       _CL_ParseWidow             0040eeb0 f   cl_tent.obj
 0001:0000df1c       _CL_ParseNuke              0040ef1c f   cl_tent.obj
 0001:0000df86       _CL_ParseTEnt              0040ef86 f   cl_tent.obj
 0001:0000ed9c       _CL_AddBeams               0040fd9c f   cl_tent.obj
 0001:0000f0c5       _CL_AddPlayerBeams         004100c5 f   cl_tent.obj
 0001:0000f7cc       _CL_AddLasers              004107cc f   cl_tent.obj
 0001:0000f7f1       _CL_ProcessSustain         004107f1 f   cl_tent.obj
 0001:0000f832       _CL_AddTEnts               00410832 f   cl_tent.obj
 0001:0000f84b       _V_AddEntity               0041084b f   cl_view.obj
 0001:0000f875       _V_AddLight                00410875 f   cl_view.obj
 0001:0000f8c0       _V_TestParticles           004108c0 f   cl_view.obj
 0001:0000f97e       _V_TestEntities            0041097e f   cl_view.obj
 0001:0000fa20       _V_TestLights              00410a20 f   cl_view.obj
 0001:0000faf3       _CL_PrepRefresh            00410af3 f   cl_view.obj
 0001:0000fdc6       _CalcFov                   00410dc6 f   cl_view.obj
 0001:0000fe3f       _V_Gun_Next_f              00410e3f f   cl_view.obj
 0001:0000fe58       _V_Gun_Prev_f              00410e58 f   cl_view.obj
 0001:0000fe7a       _V_Gun_Model_f             00410e7a f   cl_view.obj
 0001:0000feae       _SCR_DrawCrosshair         00410eae f   cl_view.obj
 0001:0000ff23       _V_RenderView              00410f23 f   cl_view.obj
 0001:00010ae4       _V_Viewpos_f               00411ae4 f   cl_view.obj
 0001:00010b22       _V_Init                    00411b22 f   cl_view.obj
 0001:00010d2b       _Cbuf_Init                 00411d2b f   cmd.obj
 0001:00010d43       _Cbuf_AddText              00411d43 f   cmd.obj
 0001:00010d9f       _Cbuf_InsertText           00411d9f f   cmd.obj
 0001:00010df7       _Cbuf_CopyToDefer          00411df7 f   cmd.obj
 0001:00010e23       _Cbuf_InsertFromDefer      00411e23 f   cmd.obj
 0001:00010e36       _Cbuf_ExecuteText          00411e36 f   cmd.obj
 0001:00010e75       _Cbuf_Execute              00411e75 f   cmd.obj
 0001:00010f5a       _Cbuf_AddEarlyCommands     00411f5a f   cmd.obj
 0001:00010fdc       _Cbuf_AddLateCommands      00411fdc f   cmd.obj
 0001:000110f1       _Cmd_Exec_f                004120f1 f   cmd.obj
 0001:00011176       _Cmd_Echo_f                00412176 f   cmd.obj
 0001:000111b8       _Cmd_Alias_f               004121b8 f   cmd.obj
 0001:000112df       _Cmd_Unalias_f             004122df f   cmd.obj
 0001:00011368       _Cmd_WriteAliases          00412368 f   cmd.obj
 0001:00011391       _Cmd_Argc                  00412391 f   cmd.obj
 0001:00011397       _Cmd_Argv                  00412397 f   cmd.obj
 0001:000113b1       _Cmd_Args                  004123b1 f   cmd.obj
 0001:000113b7       _Cmd_TokenizeString        004123b7 f   cmd.obj
 0001:000115e9       _Cmd_AddCommand            004125e9 f   cmd.obj
 0001:00011651       _Cmd_RemoveCommand         00412651 f   cmd.obj
 0001:00011693       _Cmd_ExecuteString         00412693 f   cmd.obj
 0001:0001176b       _Cmd_Init                  0041276b f   cmd.obj
 0001:0001186b       _CMod_GetSurfMaterial      0041286b f   cmodel.obj
 0001:000118c5       _CM_LoadMap                004128c5 f   cmodel.obj
 0001:0001202f       _CM_InlineModel            0041302f f   cmodel.obj
 0001:0001207e       _CM_NumClusters            0041307e f   cmodel.obj
 0001:00012084       _CM_NumInlineModels        00413084 f   cmodel.obj
 0001:0001208a       _CM_EntityString           0041308a f   cmodel.obj
 0001:00012090       _CM_LeafContents           00413090 f   cmodel.obj
 0001:000120ba       _CM_LeafCluster            004130ba f   cmodel.obj
 0001:000120e5       _CM_LeafArea               004130e5 f   cmodel.obj
 0001:00012110       _CM_InitBoxHull            00413110 f   cmodel.obj
 0001:000122ef       _CM_HeadnodeForBox         004132ef f   cmodel.obj
 0001:000123a4       _CM_PointLeafnum           004133a4 f   cmodel.obj
 0001:00012427       _CM_BoxLeafnums            00413427 f   cmodel.obj
 0001:00012537       _CM_PointContents          00413537 f   cmodel.obj
 0001:0001255c       _CM_TransformedPointContents 0041355c f   cmodel.obj
 0001:00012646       _CM_BoxTrace               00413646 f   cmodel.obj
 0001:0001306a       _CM_TransformedBoxTrace    0041406a f   cmodel.obj
 0001:000132f3       _CM_DecompressVis          004142f3 f   cmodel.obj
 0001:0001339c       _CM_ClusterPVS             0041439c f   cmodel.obj
 0001:000133e9       _CM_ClusterPHS             004143e9 f   cmodel.obj
 0001:00013436       _FloodAreaConnections      00414436 f   cmodel.obj
 0001:000134f1       _CM_SetAreaPortalState     004144f1 f   cmodel.obj
 0001:0001351e       _CM_AreasConnected         0041451e f   cmodel.obj
 0001:0001356c       _CM_WriteAreaBits          0041456c f   cmodel.obj
 0001:000135fc       _CM_WritePortalState       004145fc f   cmodel.obj
 0001:00013616       _CM_ReadPortalState        00414616 f   cmodel.obj
 0001:00013634       _CM_HeadnodeVisible        00414634 f   cmodel.obj
 0001:0001369c       _Com_BeginRedirect         0041469c f   common.obj
 0001:000136d9       _Com_EndRedirect           004146d9 f   common.obj
 0001:00013704       _Com_Printf                00414704 f   common.obj
 0001:00013863       _Com_DPrintf               00414863 f   common.obj
 0001:000138c7       _DebugPrintf               004148c7 f   common.obj
 0001:0001396f       _Com_WPrintf               0041496f f   common.obj
 0001:000139c8       _Com_Error                 004149c8 f   common.obj
 0001:00013aa6       _Com_Quit                  00414aa6 f   common.obj
 0001:00013ad6       _MatchWildcard             00414ad6 f   common.obj
 0001:00013c13       _Com_ServerState           00414c13 f   common.obj
 0001:00013c19       _Com_SetServerState        00414c19 f   common.obj
 0001:00013c23       _MSG_WriteByte             00414c23 f   common.obj
 0001:00013c23       _MSG_WriteChar             00414c23 f   common.obj
 0001:00013c37       _MSG_WriteShort            00414c37 f   common.obj
 0001:00013c51       _MSG_WriteLong             00414c51 f   common.obj
 0001:00013c7b       _MSG_WriteFloat            00414c7b f   common.obj
 0001:00013ca1       _MSG_WriteString           00414ca1 f   common.obj
 0001:00013cd9       _MSG_WriteCoord            00414cd9 f   common.obj
 0001:00013d02       _MSG_WritePos              00414d02 f   common.obj
 0001:00013d76       _MSG_WriteAngle            00414d76 f   common.obj
 0001:00013d99       _MSG_WriteAngle16          00414d99 f   common.obj
 0001:00013dc8       _MSG_WriteDeltaUsercmd     00414dc8 f   common.obj
 0001:00013f50       _MSG_WriteDir              00414f50 f   common.obj
 0001:00013fbd       _MSG_ReadDir               00414fbd f   common.obj
 0001:00013ffb       _MSG_WriteDeltaEntity      00414ffb f   common.obj
 0001:000144f4       _MSG_BeginReading          004154f4 f   common.obj
 0001:000144fd       _MSG_ReadChar              004154fd f   common.obj
 0001:0001451e       _MSG_ReadByte              0041551e f   common.obj
 0001:0001453f       _MSG_ReadShort             0041553f f   common.obj
 0001:0001456f       _MSG_ReadLong              0041556f f   common.obj
 0001:000145ae       _MSG_ReadString            004155ae f   common.obj
 0001:000145e1       _MSG_ReadStringLine        004155e1 f   common.obj
 0001:00014619       _MSG_ReadCoord             00415619 f   common.obj
 0001:00014633       _MSG_ReadPos               00415633 f   common.obj
 0001:00014685       _MSG_ReadAngle             00415685 f   common.obj
 0001:0001469f       _MSG_ReadAngle16           0041569f f   common.obj
 0001:000146b9       _MSG_ReadDeltaUsercmd      004156b9 f   common.obj
 0001:00014770       _MSG_ReadData              00415770 f   common.obj
 0001:00014793       _SZ_Init                   00415793 f   common.obj
 0001:000147b5       _SZ_Clear                  004157b5 f   common.obj
 0001:000147c2       _SZ_GetSpace               004157c2 f   common.obj
 0001:00014828       _SZ_Write                  00415828 f   common.obj
 0001:00014849       _SZ_Print                  00415849 f   common.obj
 0001:00014892       _COM_Argc                  00415892 f   common.obj
 0001:00014898       _COM_Argv                  00415898 f   common.obj
 0001:000148b9       _COM_ClearArgv             004158b9 f   common.obj
 0001:000148e1       _COM_InitArgv              004158e1 f   common.obj
 0001:0001493c       _Info_Print                0041593c f   common.obj
 0001:000149f9       _COM_BlockSequenceCRCByte  004159f9 f   common.obj
 0001:00014a85       _frand                     00415a85 f   common.obj
 0001:00014aa2       _crand                     00415aa2 f   common.obj
 0001:00014ac5       _Qcommon_Init              00415ac5 f   common.obj
 0001:00014c19       _Qcommon_Frame             00415c19 f   common.obj
 0001:00014f35       _CCheckParm                00415f35 f   conproc.obj
 0001:00014f6e       _InitConProc               00415f6e f   conproc.obj
 0001:000150c0       _DeinitConProc             004160c0 f   conproc.obj
 0001:000150d1       _RequestProc@4             004160d1 f   conproc.obj
 0001:000151e2       _WriteText                 004161e2 f   conproc.obj
 0001:000152a9       _CharToCode                004162a9 f   conproc.obj
 0001:00015331       _SetConsoleCXCY            00416331 f   conproc.obj
 0001:00015468       _DrawStringCommon          00416468 f   console.obj
 0001:000154c5       _DrawString                004164c5 f   console.obj
 0001:000154e7       _DrawAltString             004164e7 f   console.obj
 0001:0001550c       _Con_ToggleConsole_f       0041650c f   console.obj
 0001:00015596       _Con_ClearNotify           00416596 f   console.obj
 0001:000155a4       _Con_CheckResize           004165a4 f   console.obj
 0001:000156c4       _Con_Init                  004166c4 f   console.obj
 0001:00015961       _Con_Print                 00416961 f   console.obj
 0001:00015c31       _Con_DrawNotify            00416c31 f   console.obj
 0001:00015e8b       _Con_DrawConsole           00416e8b f   console.obj
 0001:000163c7       _CRC_Block                 004173c7 f   crc.obj
 0001:00016403       _Cvar_VariableValue        00417403 f   cvar.obj
 0001:00016471       _Cvar_VariableInt          00417471 f   cvar.obj
 0001:00016484       _Cvar_VariableString       00417484 f   cvar.obj
 0001:0001649c       _Cvar_Get                  0041749c f   cvar.obj
 0001:000166f8       _Cvar_GetVars              004176f8 f   cvar.obj
 0001:0001674c       _Cvar_FullSet              0041774c f   cvar.obj
 0001:000167a9       _Cvar_SetValue             004177a9 f   cvar.obj
 0001:00016994       _Cvar_SetInteger           00417994 f   cvar.obj
 0001:000169b6       _Cvar_Set                  004179b6 f   cvar.obj
 0001:000169cb       _Cvar_ForceSet             004179cb f   cvar.obj
 0001:000169e0       _Cvar_Clamp                004179e0 f   cvar.obj
 0001:00016a6a       _Cvar_ClampName            00417a6a f   cvar.obj
 0001:00016abb       _Cvar_GetLatchedVars       00417abb f   cvar.obj
 0001:00016aea       _Cvar_Command              00417aea f   cvar.obj
 0001:00016b58       _Cvar_WriteVariables       00417b58 f   cvar.obj
 0001:00016bbd       _Cvar_BitInfo              00417bbd f   cvar.obj
 0001:00016bf6       _Cvar_Userinfo             00417bf6 f   cvar.obj
 0001:00016bff       _Cvar_Serverinfo           00417bff f   cvar.obj
 0001:00016c08       _Cvar_Init                 00417c08 f   cvar.obj
 0001:00017236       _FS_CreatePath             00418236 f   files.obj
 0001:00017280       _Developer_searchpath      00418280 f   files.obj
 0001:000172c5       _FS_FCloseFile             004182c5 f   files.obj
 0001:0001735b       _FS_FOpenFile              0041835b f   files.obj
 0001:00017883       _FS_FileExists             00418883 f   files.obj
 0001:00017abd       _FS_Read                   00418abd f   files.obj
 0001:00017d05       _FS_LoadFile               00418d05 f   files.obj
 0001:00017d67       _FS_FreeFile               00418d67 f   files.obj
 0001:00017d72       _FS_LoadPackFile           00418d72 f   files.obj
 0001:000180aa       _FS_UnloadPackFile         004190aa f   files.obj
 0001:000180f7       _FS_AddGameDirectory       004190f7 f   files.obj
 0001:0001828b       _FS_Gamedir                0041928b f   files.obj
 0001:0001829f       _FS_LoadGameConfig         0041929f f   files.obj
 0001:00018364       _FS_SetGamedir             00419364 f   files.obj
 0001:000184fd       _FS_ListFiles              004194fd f   files.obj
 0001:00018828       _FS_NextPath               00419828 f   files.obj
 0001:0001884c       _FS_InitFilesystem         0041984c f   files.obj
 0001:0001920f       _LoadPCX                   0041a20f f   images.obj
 0001:000193f3       _LoadTGA                   0041a3f3 f   images.obj
 0001:00019789       _LoadJPG                   0041a789 f   images.obj
 0001:00019a1c       _ImageExists               0041aa1c f   images.obj
 0001:00019b22       _WriteTGA                  0041ab22 f   images.obj
 0001:00019bce       _WriteJPG                  0041abce f   images.obj
 0001:00019cf6       _IN_MLookDown              0041acf6 f   in_win.obj
 0001:00019d01       _IN_MLookUp                0041ad01 f   in_win.obj
 0001:00019d24       _IN_StartupMouse           0041ad24 f   in_win.obj
 0001:00019d7e       _IN_MouseEvent             0041ad7e f   in_win.obj
 0001:00019dfb       _IN_Init                   0041adfb f   in_win.obj
 0001:00019e41       _IN_Shutdown               0041ae41 f   in_win.obj
 0001:00019f26       _IN_Activate               0041af26 f   in_win.obj
 0001:00019f3d       _IN_Frame                  0041af3d f   in_win.obj
 0001:0001a311       _IN_Move                   0041b311 f   in_win.obj
 0001:0001a4dc       _IN_StartupJoystick        0041b4dc f   in_win.obj
 0001:0001a5fd       _Joy_AdvancedUpdate_f      0041b5fd f   in_win.obj
 0001:0001a794       _IN_Commands               0041b794 f   in_win.obj
 0001:0001a8c3       _IN_ReadJoystick           0041b8c3 f   in_win.obj
 0001:0001a8fe       _IN_JoyMove                0041b8fe f   in_win.obj
 0001:0001ac4e       _Key_StringToKeynum        0041bc4e f   keys.obj
 0001:0001ac98       _Key_KeynumToString        0041bc98 f   keys.obj
 0001:0001aceb       _Key_Console               0041bceb f   keys.obj
 0001:0001ba32       _Key_Message               0041ca32 f   keys.obj
 0001:0001bac3       _Key_SetBinding            0041cac3 f   keys.obj
 0001:0001bb1d       _Key_Bindlist_f            0041cb1d f   keys.obj
 0001:0001bbae       _Key_WriteBindings         0041cbae f   keys.obj
 0001:0001bbec       _Key_Init                  0041cbec f   keys.obj
 0001:0001bebf       _Key_Event                 0041cebf f   keys.obj
 0001:0001c19e       _Key_ClearStates           0041d19e f   keys.obj
 0001:0001c1e3       _Key_ClearTyping           0041d1e3 f   keys.obj
 0001:0001c1fc       _MD4Init                   0041d1fc f   md4.obj
 0001:0001c224       _MD4Update                 0041d224 f   md4.obj
 0001:0001c2c2       _MD4Final                  0041d2c2 f   md4.obj
 0001:0001c9b3       _Com_BlockChecksum         0041d9b3 f   md4.obj
 0001:0001c9ef       _Z_Free                    0041d9ef f   memory.obj
 0001:0001ca45       _Z_FreeTags                0041da45 f   memory.obj
 0001:0001ca75       _Z_TagMalloc               0041da75 f   memory.obj
 0001:0001cae6       _Z_Malloc                  0041dae6 f   memory.obj
 0001:0001cb08       _Z_BlockMalloc             0041db08 f   memory.obj
 0001:0001cb23       _CreateMemoryChain         0041db23 f   memory.obj
 0001:0001cb8c       _FreeMemoryChain           0041db8c f   memory.obj
 0001:0001cbb6       _AllocChainBlock           0041dbb6 f   memory.obj
 0001:0001cc01       _CopyString                0041dc01 f   memory.obj
 0001:0001cc25       _ChainCopyString           0041dc25 f   memory.obj
 0001:0001cc4d       _AllocNamedStruc           0041dc4d f   memory.obj
 0001:0001cc88       _ChainAllocNamedStruc      0041dc88 f   memory.obj
 0001:0001ccc7       _FindNamedStruc            0041dcc7 f   memory.obj
 0001:0001cd0b       _FindNamedStrucByIndex     0041dd0b f   memory.obj
 0001:0001cd22       _IndexOfNamedStruc         0041dd22 f   memory.obj
 0001:0001cd50       _AddToNamedList            0041dd50 f   memory.obj
 0001:0001cd9a       _ChainAddToNamedList       0041dd9a f   memory.obj
 0001:0001cde4       _FreeNamedList             0041dde4 f   memory.obj
 0001:0001cdff       _Z_Init                    0041ddff f   memory.obj
 0001:0001ce3a       _M_PushMenu                0041de3a f   menu.obj
 0001:0001cef7       _M_ForceMenuOff            0041def7 f   menu.obj
 0001:0001cf24       _M_PopMenu                 0041df24 f   menu.obj
 0001:0001cf78       _Default_MenuKey           0041df78 f   menu.obj
 0001:0001d0a2       _M_Print                   0041e0a2 f   menu.obj
 0001:0001d0ed       _M_DrawTextBox             0041e0ed f   menu.obj
 0001:0001d2d9       _M_Main_Draw               0041e2d9 f   menu.obj
 0001:0001d44a       _M_Main_Key                0041e44a f   menu.obj
 0001:0001d52e       _M_Menu_Main_f             0041e52e f   menu.obj
 0001:0001d54a       _M_Menu_Multiplayer_f      0041e54a f   menu.obj
 0001:0001d6cf       _M_Menu_Keys_f             0041e6cf f   menu.obj
 0001:0001dba9       _M_Menu_Options_f          0041eba9 f   menu.obj
 0001:0001e49a       _M_Menu_Video_f            0041f49a f   menu.obj
 0001:0001e4bb       _M_Menu_Credits_f          0041f4bb f   menu.obj
 0001:0001e689       _M_Menu_Game_f             0041f689 f   menu.obj
 0001:0001e91c       _M_Menu_LoadGame_f         0041f91c f   menu.obj
 0001:0001eac9       _M_Menu_SaveGame_f         0041fac9 f   menu.obj
 0001:0001ec04       _M_AddToServerList         0041fc04 f   menu.obj
 0001:0001ec82       _M_Menu_JoinServer_f       0041fc82 f   menu.obj
 0001:0001eef1       _M_Menu_StartServer_f      0041fef1 f   menu.obj
 0001:0001f71c       _M_Menu_DMOptions_f        0042071c f   menu.obj
 0001:0001fed5       _M_Menu_DownloadOptions_f  00420ed5 f   menu.obj
 0001:00020157       _M_Menu_AddressBook_f      00421157 f   menu.obj
 0001:00021363       _M_Init                    00422363 f   menu.obj
 0001:00021487       _M_Draw                    00422487 f   menu.obj
 0001:0002151b       _M_Keydown                 0042251b f   menu.obj
 0001:00021537       _LoadQ2BspFile             00422537 f   model.obj
 0001:00021b00       _LoadBspFile               00422b00 f   model.obj
 0001:00021c20       _ProcessEntstring          00422c20 f   model.obj
 0001:000223ef       _Netchan_Init              004233ef f   net_chan.obj
 0001:0002244f       _Netchan_OutOfBand         0042344f f   net_chan.obj
 0001:000224af       _Netchan_OutOfBandPrint    004234af f   net_chan.obj
 0001:000224ef       _Netchan_Setup             004234ef f   net_chan.obj
 0001:0002254a       _Netchan_NeedReliable      0042354a f   net_chan.obj
 0001:00022576       _Netchan_Transmit          00423576 f   net_chan.obj
 0001:00022723       _Netchan_Process           00423723 f   net_chan.obj
 0001:0002286e       _NetadrToSockadr           0042386e f   net_wins.obj
 0001:00022910       _SockadrToNetadr           00423910 f   net_wins.obj
 0001:00022973       _NET_CompareAdr            00423973 f   net_wins.obj
 0001:000229d3       _NET_CompareBaseAdr        004239d3 f   net_wins.obj
 0001:00022a2b       _NET_AdrToString           00423a2b f   net_wins.obj
 0001:00022ae1       _NET_StringToSockaddr      00423ae1 f   net_wins.obj
 0001:00022d1a       _NET_StringToAdr           00423d1a f   net_wins.obj
 0001:00022d73       _NET_IsLocalAddress        00423d73 f   net_wins.obj
 0001:00022d7d       _NET_GetLoopPacket         00423d7d f   net_wins.obj
 0001:00022e04       _NET_SendLoopPacket        00423e04 f   net_wins.obj
 0001:00022e50       _NET_GetPacket             00423e50 f   net_wins.obj
 0001:00022f91       _NET_SendPacket            00423f91 f   net_wins.obj
 0001:0002307b       _NET_IPSocket              0042407b f   net_wins.obj
 0001:00023191       _NET_OpenIP                00424191 f   net_wins.obj
 0001:000232b2       _NET_IPXSocket             004242b2 f   net_wins.obj
 0001:000233b4       _NET_OpenIPX               004243b4 f   net_wins.obj
 0001:0002349c       _NET_Config                0042449c f   net_wins.obj
 0001:00023514       _NET_Sleep                 00424514 f   net_wins.obj
 0001:000235e1       _NET_Init                  004245e1 f   net_wins.obj
 0001:0002361d       _Pmove                     0042461d f   pmove.obj
 0001:0002515e       _Q_rsqrt                   0042615e f   q_shared2.obj
 0001:0002518e       _RotatePointAroundVector   0042618e f   q_shared2.obj
 0001:000252fe       _AngleVectors              004262fe f   q_shared2.obj
 0001:00025402       _ProjectPointOnPlane       00426402 f   q_shared2.obj
 0001:00025481       _PerpendicularVector       00426481 f   q_shared2.obj
 0001:00025500       _MakeNormalVectors         00426500 f   q_shared2.obj
 0001:00025567       _MatrixMultiply            00426567 f   q_shared2.obj
 0001:0002564e       _R_ConcatTransforms        0042664e f   q_shared2.obj
 0001:00025788       _SetPlaneSignbits          00426788 f   q_shared2.obj
 0001:000257b8       _LerpAngle                 004267b8 f   q_shared2.obj
 0001:000257fb       _anglemod                  004267fb f   q_shared2.obj
 0001:0002581f       _BoxOnPlaneSide            0042681f f   q_shared2.obj
 0001:0002593b       _ClearBounds               0042693b f   q_shared2.obj
 0001:00025964       _AddPointToBounds          00426964 f   q_shared2.obj
 0001:0002599d       _VectorCompare             0042699d f   q_shared2.obj
 0001:000259cb       _VectorNormalize           004269cb f   q_shared2.obj
 0001:00025a1f       _VectorNormalize2          00426a1f f   q_shared2.obj
 0001:00025a77       _VectorNormalizeFast       00426a77 f   q_shared2.obj
 0001:00025aba       _VectorMA                  00426aba f   q_shared2.obj
 0001:00025ae9       _CrossProduct              00426ae9 f   q_shared2.obj
 0001:00025b24       _VectorLength              00426b24 f   q_shared2.obj
 0001:00025b53       _VectorDistance            00426b53 f   q_shared2.obj
 0001:00025b84       _VectorInverse             00426b84 f   q_shared2.obj
 0001:00025b9f       _VectorScale               00426b9f f   q_shared2.obj
 0001:00025bc3       _AnglesToAxis              00426bc3 f   q_shared2.obj
 0001:00025c08       _COM_StripExtension        00426c08 f   q_shared2.obj
 0001:00025c29       _COM_FilePath              00426c29 f   q_shared2.obj
 0001:00025c5f       _ShortSwap                 00426c5f f   q_shared2.obj
 0001:00025c74       _va                        00426c74 f   q_shared2.obj
 0001:00025cc1       _COM_ParseExt              00426cc1 f   q_shared2.obj
 0001:00025dbc       _Com_PageInMemory          00426dbc f   q_shared2.obj
 0001:00025ddb       _Q_stricmp                 00426ddb f   q_shared2.obj
 0001:00025dec       _Q_strncasecmp             00426dec f   q_shared2.obj
 0001:00025e44       _Q_strcasecmp              00426e44 f   q_shared2.obj
 0001:00025e5a       _Q_strncpyz                00426e5a f   q_shared2.obj
 0001:00025e7e       _Q_strncpylower            00426e7e f   q_shared2.obj
 0001:00025eb8       _Q_CopyFilename            00426eb8 f   q_shared2.obj
 0001:00025f52       _Com_sprintf               00426f52 f   q_shared2.obj
 0001:00025f97       _Info_ValueForKey          00426f97 f   q_shared2.obj
 0001:00026022       _Info_RemoveKey            00427022 f   q_shared2.obj
 0001:000260a8       _Info_SetValueForKey       004270a8 f   q_shared2.obj
 0001:000261e6       _Field_Draw                004271e6 f   qmenu.obj
 0001:000263fa       _Field_Key                 004273fa f   qmenu.obj
 0001:00026663       _Menu_AddItem              00427663 f   qmenu.obj
 0001:00026698       _Menu_AdjustCursor         00427698 f   qmenu.obj
 0001:000267d7       _Menu_Center               004277d7 f   qmenu.obj
 0001:0002680f       _Menu_DrawDotsItem         0042780f f   qmenu.obj
 0001:00026874       _Menu_Draw                 00427874 f   qmenu.obj
 0001:00026b25       _Menu_ItemAtCursor         00427b25 f   qmenu.obj
 0001:00026b3d       _Menu_SelectItem           00427b3d f   qmenu.obj
 0001:00026b7f       _Menu_SetStatusBar         00427b7f f   qmenu.obj
 0001:00026b8e       _Menu_SlideItem            00427b8e f   qmenu.obj
 0001:00026bde       _Menu_TallySlots           00427bde f   qmenu.obj
 0001:0002708e       _S_SoundInfo_f             0042808e f   snd_dma.obj
 0001:00027118       _S_ReadModelsSex           00428118 f   snd_dma.obj
 0001:00027201       _S_IsFemale                00428201 f   snd_dma.obj
 0001:0002728f       _S_Init                    0042828f f   snd_dma.obj
 0001:00027362       _S_Shutdown                00428362 f   snd_dma.obj
 0001:000273ec       _S_FindName                004283ec f   snd_dma.obj
 0001:000274d8       _S_AliasName               004284d8 f   snd_dma.obj
 0001:00027564       _S_BeginRegistration       00428564 f   snd_dma.obj
 0001:00027575       _S_RegisterSound           00428575 f   snd_dma.obj
 0001:000275db       _S_EndRegistration         004285db f   snd_dma.obj
 0001:0002766e       _S_PickChannel             0042866e f   snd_dma.obj
 0001:00027705       _S_SpatializeOrigin        00428705 f   snd_dma.obj
 0001:0002780d       _S_Spatialize              0042880d f   snd_dma.obj
 0001:0002787b       _S_AllocPlaysound          0042887b f   snd_dma.obj
 0001:0002789a       _S_FreePlaysound           0042889a f   snd_dma.obj
 0001:000278ca       _S_IssuePlaysound          004288ca f   snd_dma.obj
 0001:00027988       _S_RegisterSexedSound      00428988 f   snd_dma.obj
 0001:00027a6c       _S_StartSound              00428a6c f   snd_dma.obj
 0001:00027c02       _S_StartLocalSound         00428c02 f   snd_dma.obj
 0001:00027c51       _S_ClearBuffer             00428c51 f   snd_dma.obj
 0001:00027ca9       _S_StopAllSounds           00428ca9 f   snd_dma.obj
 0001:00027d24       _S_AddLoopSounds           00428d24 f   snd_dma.obj
 0001:00027ef0       _S_RawSamples              00428ef0 f   snd_dma.obj
 0001:000280f4       _S_Update                  004290f4 f   snd_dma.obj
 0001:0002821b       _GetSoundtime              0042921b f   snd_dma.obj
 0001:00028282       _S_Update_                 00429282 f   snd_dma.obj
 0001:00028318       _S_Play                    00429318 f   snd_dma.obj
 0001:000283c8       _S_SoundList               004293c8 f   snd_dma.obj
 0001:00028489       _ResampleSfx               00429489 f   snd_mem.obj
 0001:0002858d       _S_LoadSound               0042958d f   snd_mem.obj
 0001:000286b3       _GetLittleShort            004296b3 f   snd_mem.obj
 0001:000286d0       _GetLittleLong             004296d0 f   snd_mem.obj
 0001:000286fe       _FindNextChunk             004296fe f   snd_mem.obj
 0001:0002875a       _GetWavinfo                0042975a f   snd_mem.obj
 0001:0002892d       _S_WriteLinearBlastStereo16 0042992d f   snd_mix.obj
 0001:000289a1       _S_TransferStereo16        004299a1 f   snd_mix.obj
 0001:00028a0a       _S_TransferPaintBuffer     00429a0a f   snd_mix.obj
 0001:00028b66       _S_PaintChannels           00429b66 f   snd_mix.obj
 0001:00028d8b       _S_InitScaletable          00429d8b f   snd_mix.obj
 0001:00028dde       _S_PaintChannelFrom8       00429dde f   snd_mix.obj
 0001:00028ee0       _S_PaintChannelFrom16      00429ee0 f   snd_mix.obj
 0001:00028f4b       _FreeSound                 00429f4b f   snd_win.obj
 0001:0002905b       _SNDDMA_InitDirect         0042a05b f   snd_win.obj
 0001:0002952a       _SNDDMA_Init               0042a52a f   snd_win.obj
 0001:000295a6       _SNDDMA_GetDMAPos          0042a5a6 f   snd_win.obj
 0001:000295f0       _SNDDMA_BeginPainting      0042a5f0 f   snd_win.obj
 0001:000296f2       _SNDDMA_Submit             0042a6f2 f   snd_win.obj
 0001:00029717       _SNDDMA_Shutdown           0042a717 f   snd_win.obj
 0001:0002971c       _S_Activate                0042a71c f   snd_win.obj
 0001:00029747       _SV_SetMaster_f            0042a747 f   sv_ccmds.obj
 0001:00029864       _SV_WipeSavegame           0042a864 f   sv_ccmds.obj
 0001:000298b3       _SV_CopySaveGame           0042a8b3 f   sv_ccmds.obj
 0001:00029a32       _SV_WriteLevelFile         0042aa32 f   sv_ccmds.obj
 0001:00029ae0       _SV_ReadLevelFile          0042aae0 f   sv_ccmds.obj
 0001:00029b8e       _SV_WriteServerFile        0042ab8e f   sv_ccmds.obj
 0001:00029ddf       _SV_ReadServerFile         0042addf f   sv_ccmds.obj
 0001:00029ef9       _SV_DemoMap_f              0042aef9 f   sv_ccmds.obj
 0001:00029f31       _SV_GameMap_f              0042af31 f   sv_ccmds.obj
 0001:0002a0a1       _SV_Map_f                  0042b0a1 f   sv_ccmds.obj
 0001:0002a10e       _SV_Loadgame_f             0042b10e f   sv_ccmds.obj
 0001:0002a206       _SV_Savegame_f             0042b206 f   sv_ccmds.obj
 0001:0002a306       _SV_Kick_f                 0042b306 f   sv_ccmds.obj
 0001:0002a465       _SV_DumpUser_f             0042b465 f   sv_ccmds.obj
 0001:0002a4ab       _SV_Status_f               0042b4ab f   sv_ccmds.obj
 0001:0002a621       _SV_ConSay_f               0042b621 f   sv_ccmds.obj
 0001:0002a6b4       _SV_Heartbeat_f            0042b6b4 f   sv_ccmds.obj
 0001:0002a6bf       _SV_Serverinfo_f           0042b6bf f   sv_ccmds.obj
 0001:0002a6d7       _SV_ServerRecord_f         0042b6d7 f   sv_ccmds.obj
 0001:0002a88e       _SV_ServerStop_f           0042b88e f   sv_ccmds.obj
 0001:0002a8ba       _SV_KillServer_f           0042b8ba f   sv_ccmds.obj
 0001:0002a8da       _SV_ServerCommand_f        0042b8da f   sv_ccmds.obj
 0001:0002a8f2       _SV_InitOperatorCommands   0042b8f2 f   sv_ccmds.obj
 0001:0002a9f8       _SV_EmitPacketEntities     0042b9f8 f   sv_ents.obj
 0001:0002ab66       _SV_WritePlayerstateToClient 0042bb66 f   sv_ents.obj
 0001:0002b024       _SV_WriteFrameToClient     0042c024 f   sv_ents.obj
 0001:0002b0e0       _SV_FatPVS                 0042c0e0 f   sv_ents.obj
 0001:0002b20d       _SV_BuildClientFrame       0042c20d f   sv_ents.obj
 0001:0002b4d8       _SV_RecordDemoMessage      0042c4d8 f   sv_ents.obj
 0001:0002b5fd       _SV_ShutdownGameProgs      0042c5fd f   sv_game.obj
 0001:0002b616       _SV_InitGameProgs          0042c616 f   sv_game.obj
 0001:0002bec1       _SV_FindIndex              0042cec1 f   sv_init.obj
 0001:0002bf88       _SV_ModelIndex             0042cf88 f   sv_init.obj
 0001:0002bf9e       _SV_SoundIndex             0042cf9e f   sv_init.obj
 0001:0002bfb7       _SV_ImageIndex             0042cfb7 f   sv_init.obj
 0001:0002bfd0       _SV_CreateBaseline         0042cfd0 f   sv_init.obj
 0001:0002c033       _SV_CheckForSavegame       0042d033 f   sv_init.obj
 0001:0002c0bb       _SV_SpawnServer            0042d0bb f   sv_init.obj
 0001:0002c338       _SV_InitGame               0042d338 f   sv_init.obj
 0001:0002c523       _SV_Map                    0042d523 f   sv_init.obj
 0001:0002c71a       _SV_DropClient             0042d71a f   sv_main.obj
 0001:0002c78f       _SV_StatusString           0042d78f f   sv_main.obj
 0001:0002c876       _SVC_Status                0042d876 f   sv_main.obj
 0001:0002c89f       _SVC_Info                  0042d89f f   sv_main.obj
 0001:0002c955       _SVC_GetChallenge          0042d955 f   sv_main.obj
 0001:0002ca20       _SVC_DirectConnect         0042da20 f   sv_main.obj
 0001:0002cefd       _Rcon_Validate             0042defd f   sv_main.obj
 0001:0002cf2e       _SVC_RemoteCommand         0042df2e f   sv_main.obj
 0001:0002d01a       _SV_ConnectionlessPacket   0042e01a f   sv_main.obj
 0001:0002d176       _SV_CalcPings              0042e176 f   sv_main.obj
 0001:0002d1fd       _SV_GiveMsec               0042e1fd f   sv_main.obj
 0001:0002d23c       _SV_ReadPackets            0042e23c f   sv_main.obj
 0001:0002d36d       _SV_CheckTimeouts          0042e36d f   sv_main.obj
 0001:0002d413       _SV_PrepWorldFrame         0042e413 f   sv_main.obj
 0001:0002d439       _SV_PostprocessFrame       0042e439 f   sv_main.obj
 0001:0002d864       _SV_Frame                  0042e864 f   sv_main.obj
 0001:0002d997       _Master_Heartbeat          0042e997 f   sv_main.obj
 0001:0002da4e       _Master_Shutdown           0042ea4e f   sv_main.obj
 0001:0002dacc       _SV_UserinfoChanged        0042eacc f   sv_main.obj
 0001:0002db94       _SV_Init                   0042eb94 f   sv_main.obj
 0001:0002dbf7       _SV_Shutdown               0042ebf7 f   sv_main.obj
 0001:0002dd4d       _SV_FlushRedirect          0042ed4d f   sv_send.obj
 0001:0002ddbf       _SV_ClientPrintf           0042edbf f   sv_send.obj
 0001:0002de15       _SV_BroadcastPrintf        0042ee15 f   sv_send.obj
 0001:0002dee6       _SV_BroadcastCommand       0042eee6 f   sv_send.obj
 0001:0002df38       _SV_Multicast              0042ef38 f   sv_send.obj
 0001:0002e0e3       _SV_MulticastOld           0042f0e3 f   sv_send.obj
 0001:0002e0f6       _SV_StartSound             0042f0f6 f   sv_send.obj
 0001:0002e350       _SV_StartSoundOld          0042f350 f   sv_send.obj
 0001:0002e380       _SV_StartSoundNew          0042f380 f   sv_send.obj
 0001:0002e3b0       _SV_SendClientDatagram     0042f3b0 f   sv_send.obj
 0001:0002e496       _SV_DemoCompleted          0042f496 f   sv_send.obj
 0001:0002e4b2       _SV_RateDrop               0042f4b2 f   sv_send.obj
 0001:0002e4fd       _SV_SendClientMessages     0042f4fd f   sv_send.obj
 0001:0002e650       _SV_BeginDemoserver        0042f650 f   sv_user.obj
 0001:0002e6a0       _SV_New_f                  0042f6a0 f   sv_user.obj
 0001:0002e815       _SV_Configstrings_f        0042f815 f   sv_user.obj
 0001:0002e973       _SV_Baselines_f            0042f973 f   sv_user.obj
 0001:0002eaeb       _SV_Begin_f                0042faeb f   sv_user.obj
 0001:0002eb48       _SV_NextDownload_f         0042fb48 f   sv_user.obj
 0001:0002ec1c       _SV_BeginDownload_f        0042fc1c f   sv_user.obj
 0001:0002ee53       _SV_Disconnect_f           0042fe53 f   sv_user.obj
 0001:0002ee63       _SV_ShowServerinfo_f       0042fe63 f   sv_user.obj
 0001:0002ee70       _SV_Nextserver             0042fe70 f   sv_user.obj
 0001:0002eecf       _SV_Nextserver_f           0042fecf f   sv_user.obj
 0001:0002ef16       _SV_ExecuteUserCommand     0042ff16 f   sv_user.obj
 0001:0002ef83       _SV_ClientThink            0042ff83 f   sv_user.obj
 0001:0002efc6       _SV_ExecuteClientMessage   0042ffc6 f   sv_user.obj
 0001:0002f1f7       _SV_ClearWorld             004301f7 f   sv_world.obj
 0001:0002f31f       _SV_UnlinkEdict            0043031f f   sv_world.obj
 0001:0002f344       _SV_LinkEdict              00430344 f   sv_world.obj
 0001:0002f795       _SV_AreaEdicts             00430795 f   sv_world.obj
 0001:0002f8e6       _SV_PointContents          004308e6 f   sv_world.obj
 0001:0002f9cc       _SV_ClipMoveToEntities     004309cc f   sv_world.obj
 0001:0002fc3e       _SV_Trace                  00430c3e f   sv_world.obj
 0001:0002fcca       _Sys_Error                 00430cca f   sys_win.obj
 0001:0002fd2a       _Sys_Quit                  00430d2a f   sys_win.obj
 0001:0002fd6a       _Sys_ScanForCD             00430d6a f   sys_win.obj
 0001:0002fe06       _Sys_Init                  00430e06 f   sys_win.obj
 0001:00030225       _Sys_ConsoleInput          00431225 f   sys_win.obj
 0001:00030385       _Sys_ConsoleOutput         00431385 f   sys_win.obj
 0001:00030436       _Sys_SendKeyEvents         00431436 f   sys_win.obj
 0001:0003049f       _Sys_GetClipboardData      0043149f f   sys_win.obj
 0001:000304f8       _Sys_AppActivate           004314f8 f   sys_win.obj
 0001:00030513       _Sys_UnloadGame            00431513 f   sys_win.obj
 0001:00030538       _Sys_GetGameAPI            00431538 f   sys_win.obj
 0001:00030625       _ParseCommandLine          00431625 f   sys_win.obj
 0001:0003069a       _WinMain@16                0043169a f   sys_win.obj
 0001:000307d7       _AppActivate               004317d7 f   vid_dll.obj
 0001:0003090c       _Vid_CreateWindow          0043190c f   vid_dll.obj
 0001:00030f00       _Vid_DestroyWindow         00431f00 f   vid_dll.obj
 0001:00030f49       _Vid_GetModeInfo           00431f49 f   vid_dll.obj
 0001:00030f78       _Vid_UpdateWindowPosAndSize 00431f78 f   vid_dll.obj
 0001:00030fdf       _Vid_FreeReflib            00431fdf f   vid_dll.obj
 0001:00031020       _Vid_CheckChanges          00432020 f   vid_dll.obj
 0001:000313da       _Vid_Init                  004323da f   vid_dll.obj
 0001:0003144b       _Vid_Shutdown              0043244b f   vid_dll.obj
 0001:00031479       _Vid_MenuInit              00432479 f   vid_menu.obj
 0001:00031bb4       _Vid_MenuDraw              00432bb4 f   vid_menu.obj
 0001:00031c48       _Vid_MenuKey               00432c48 f   vid_menu.obj
 0001:00031f80       _TesselateText             00432f80 f   gl_backend.obj
 0001:00033a11       _GL_BackEnd                00434a11 f   gl_backend.obj
 0001:00035017       _GL_InitBackend            00436017 f   gl_backend.obj
 0001:0003524b       _GL_ShutdownBackend        0043624b f   gl_backend.obj
 0001:00035298       _GL_TextureMode            00436298 f   gl_image.obj
 0001:00035347       _GL_CreateImage            00436347 f   gl_image.obj
 0001:00035ee4       _GL_SetRawPalette          00436ee4 f   gl_image.obj
 0001:00035f15       _GL_DrawStretchRaw         00436f15 f   gl_image.obj
 0001:000361d0       _GL_SetupGamma             004371d0 f   gl_image.obj
 0001:00036370       _GL_PerformScreenshot      00437370 f   gl_image.obj
 0001:0003658f       _GL_InitImages             0043758f f   gl_image.obj
 0001:00036a70       _GL_ShutdownImages         00437a70 f   gl_image.obj
 0001:00036adf       _GL_ShowImages             00437adf f   gl_image.obj
 0001:00036d0f       _GL_FindImage              00437d0f f   gl_image.obj
 0001:00036fd6       _GL_Lock                   00437fd6 f   gl_interface.obj
 0001:00037053       _GL_Unlock                 00438053 f   gl_interface.obj
 0001:000371dc       _GL_Bind                   004381dc f   gl_interface.obj
 0001:000372cf       _GL_BindForce              004382cf f   gl_interface.obj
 0001:0003731b       _GL_TexEnv                 0043831b f   gl_interface.obj
 0001:00037498       _GL_TexEnvColor            00438498 f   gl_interface.obj
 0001:00037544       _GL_SelectTexture          00438544 f   gl_interface.obj
 0001:000375a2       _GL_TexCoordPointer        004385a2 f   gl_interface.obj
 0001:000375d1       _GL_SetMultitexture        004385d1 f   gl_interface.obj
 0001:000376a9       _GL_DisableTexCoordArrays  004386a9 f   gl_interface.obj
 0001:00037702       _GL_CullFace               00438702 f   gl_interface.obj
 0001:0003775b       _GL_State                  0043875b f   gl_interface.obj
 0001:000378b4       _GL_EnableFog              004388b4 f   gl_interface.obj
 0001:000379b8       _GL_SetDefaultState        004389b8 f   gl_interface.obj
 0001:00037ab9       _GL_Set2DMode              00438ab9 f   gl_interface.obj
 0001:00037bb7       _GL_Setup                  00438bb7 f   gl_interface.obj
 0001:00037cf0       _GL_DrawStretchPic         00438cf0 f   gl_main.obj
 0001:00037dac       _DrawTextLeft              00438dac f   gl_main.obj
 0001:00037eb7       _DrawTextRight             00438eb7 f   gl_main.obj
 0001:00037f08       _GL_GetRefAPI              00438f08 f   gl_main.obj
 0001:00039590       _GL_FindModel              0043a590 f   gl_model.obj
 0001:0003969c       _GL_UpdateDynamicLightmap  0043a69c f   gl_model.obj
 0001:00039b7d       _GL_LoadWorldMap           0043ab7d f   gl_model.obj
 0001:0003baf5       _GL_PointInLeaf            0043caf5 f   gl_model.obj
 0001:0003c445       _GL_FindSkin               0043d445 f   gl_model.obj
 0001:0003c59b       _GL_ResetModels            0043d59b f   gl_model.obj
 0001:0003c659       _GL_InitModels             0043d659 f   gl_model.obj
 0001:0003c6c6       _GL_ShutdownModels         0043d6c6 f   gl_model.obj
 0001:0003c6e2       _GL_InitShaders            0043d6e2 f   gl_shader.obj
 0001:0003c802       _GL_ShutdownShaders        0043d802 f   gl_shader.obj
 0001:0003c82c       _GL_SetShaderLightmap      0043d82c f   gl_shader.obj
 0001:0003cbf3       _GL_SetShaderLightstyles   0043dbf3 f   gl_shader.obj
 0001:0003cc8f       _GL_GetAlphaShader         0043dc8f f   gl_shader.obj
 0001:0003cf23       _GL_FindShader             0043df23 f   gl_shader.obj
 0001:0003d443       _GL_GetShaderByNum         0043e443 f   gl_shader.obj
 0001:0003d461       _GL_ResetShaders           0043e461 f   gl_shader.obj
 0001:0003d6ab       _GL_AddEntity              0043e6ab f   gl_world.obj
 0001:0003d9cd       _GL_AddDlight              0043e9cd f   gl_world.obj
 0001:0003dba4       _GL_DrawPortal             0043eba4 f   gl_world.obj
 0001:0003fa5f       _GLimp_SetMode             00440a5f f   glw_imp.obj
 0001:0003fd01       _GLimp_HasGamma            00440d01 f   glw_imp.obj
 0001:0003fd16       _GLimp_SetGamma            00440d16 f   glw_imp.obj
 0001:0003fe05       _GLimp_Shutdown            00440e05 f   glw_imp.obj
 0001:0003ff12       _GLimp_Init                00440f12 f   glw_imp.obj
 0001:00040256       _GLimp_EndFrame            00441256 f   glw_imp.obj
 0001:000402f2       _GLimp_AppActivate         004412f2 f   glw_imp.obj
 0001:00041cd2       _QGL_Shutdown              00442cd2 f   qgl_win.obj
 0001:00041cf8       _QGL_Init                  00442cf8 f   qgl_win.obj
 0001:00041d7c       _QGL_InitExtensions        00442d7c f   qgl_win.obj
 0001:00042066       _QGL_EnableLogging         00443066 f   qgl_win.obj
 0001:00042131       _QGL_LogMessage            00443131 f   qgl_win.obj
 0001:00042148       _GL_AllocDynamicMemory     00443148 f   gl_buffers.obj
 0001:000421b6       _GL_ResizeDynamicMemory    004431b6 f   gl_buffers.obj
 0001:00042208       _GL_AddSurfaceToPortal     00443208 f   gl_buffers.obj
 0001:0004226b       _GL_AddDynamicSurface      0044326b f   gl_buffers.obj
 0001:00042293       _GL_InsertShaderIndex      00443293 f   gl_buffers.obj
 0001:000422df       _GL_ClearPortal            004432df f   gl_buffers.obj
 0001:000422fb       _GL_FinishPortal           004432fb f   gl_buffers.obj
 0001:00042351       _GL_SortSurfaces           00443351 f   gl_buffers.obj
 0001:000424ec       _GL_ClearBuffers           004434ec f   gl_buffers.obj
 0001:00042503       _Hunk_Begin                00443503 f   q_shwin.obj
 0001:0004253d       _Hunk_Alloc                0044353d f   q_shwin.obj
 0001:000425c4       _Hunk_End                  004435c4 f   q_shwin.obj
 0001:000425ca       _Hunk_Free                 004435ca f   q_shwin.obj
 0001:000425e3       _Sys_Milliseconds          004435e3 f   q_shwin.obj
 0001:00042617       _Sys_Mkdir                 00443617 f   q_shwin.obj
 0001:00042623       _Sys_FindFirst             00443623 f   q_shwin.obj
 0001:00042744       _Sys_FindNext              00443744 f   q_shwin.obj
 0001:000427b6       _Sys_FindClose             004437b6 f   q_shwin.obj
 0001:000427d0       _R_Alias_clip_z            004437d0 f   r_aclip.obj
 0001:0004287d       _R_Alias_clip_left         0044387d f   r_aclip.obj
 0001:00042a4b       _R_Alias_clip_right        00443a4b f   r_aclip.obj
 0001:00042c19       _R_Alias_clip_top          00443c19 f   r_aclip.obj
 0001:00042de9       _R_Alias_clip_bottom       00443de9 f   r_aclip.obj
 0001:00042fb9       _R_AliasClip               00443fb9 f   r_aclip.obj
 0001:00043089       _R_AliasClipTriangle       00444089 f   r_aclip.obj
 0001:0004327b       _R_AliasCheckFrameBBox     0044427b f   r_alias.obj
 0001:000433ae       _R_AliasCheckBBox          004443ae f   r_alias.obj
 0001:00043412       _R_AliasTransformVector    00444412 f   r_alias.obj
 0001:0004346e       _R_AliasPreparePoints      0044446e f   r_alias.obj
 0001:00043706       _R_AliasSetUpTransform     00444706 f   r_alias.obj
 0001:00043895       _R_AliasTransformFinalVerts 00444895 f   r_alias.obj
 0001:00043a66       _R_AliasProjectAndClipTestFinalVert 00444a66 f   r_alias.obj
 0001:00043aee       _R_AliasSetupLighting      00444aee f   r_alias.obj
 0001:00043c58       _R_AliasSetupFrames        00444c58 f   r_alias.obj
 0001:00043ccc       _R_AliasSetUpLerpData      00444ccc f   r_alias.obj
 0001:00043df4       _R_AliasDrawModel          00444df4 f   r_alias.obj
 0001:0004407b       _R_EntityRotate            0044507b f   r_bsp.obj
 0001:000440fc       _R_RotateBmodel            004450fc f   r_bsp.obj
 0001:00044257       _R_RecursiveClipBPoly      00445257 f   r_bsp.obj
 0001:00044587       _R_DrawSolidClippedSubmodelPolygons 00445587 f   r_bsp.obj
 0001:0004470e       _R_DrawSubmodelPolygons    0044570e f   r_bsp.obj
 0001:0004479e       _R_RecursiveWorldNode      0044579e f   r_bsp.obj
 0001:000449f9       _R_RenderWorld             004459f9 f   r_bsp.obj
 0001:00044a68       _Draw_FindPic              00445a68 f   r_draw.obj
 0001:00044aab       _Draw_InitLocal            00445aab f   r_draw.obj
 0001:00044abc       _Draw_Char                 00445abc f   r_draw.obj
 0001:00044b9d       _Draw_CharColor            00445b9d f   r_draw.obj
 0001:00044cac       _R_DrawTexts               00445cac f   r_draw.obj
 0001:00044d22       _DrawText_Pos              00445d22 f   r_draw.obj
 0001:00044e2e       _DrawText_Left             00445e2e f   r_draw.obj
 0001:00044e6a       _DrawText_Right            00445e6a f   r_draw.obj
 0001:00044eb9       _Draw_GetPicSize           00445eb9 f   r_draw.obj
 0001:00044ef9       _Draw_StretchPicImplementation 00445ef9 f   r_draw.obj
 0001:00045023       _Draw_StretchPic           00446023 f   r_draw.obj
 0001:0004505b       _Draw_StretchRaw           0044605b f   r_draw.obj
 0001:0004508d       _Draw_Pic                  0044608d f   r_draw.obj
 0001:00045246       _Draw_PicColor             00446246 f   r_draw.obj
 0001:000453ff       _Draw_TileClear            004463ff f   r_draw.obj
 0001:000454cf       _Draw_Fill                 004464cf f   r_draw.obj
 0001:0004556b       _Draw_Fade                 0044656b f   r_draw.obj
 0001:000455cd       _R_BeginEdgeFrame          004465cd f   r_edge.obj
 0001:00045689       _R_InsertNewEdges          00446689 f   r_edge.obj
 0001:000456cf       _R_RemoveEdges             004466cf f   r_edge.obj
 0001:000456ed       _R_StepActiveU             004466ed f   r_edge.obj
 0001:00045781       _R_CleanupSpan             00446781 f   r_edge.obj
 0001:000457d1       _R_LeadingEdgeBackwards    004467d1 f   r_edge.obj
 0001:00045866       _R_TrailingEdge            00446866 f   r_edge.obj
 0001:000458ca       _R_LeadingEdge             004468ca f   r_edge.obj
 0001:00045a6d       _R_GenerateSpans           00446a6d f   r_edge.obj
 0001:00045adb       _R_GenerateSpansBackward   00446adb f   r_edge.obj
 0001:00045b49       _R_ScanEdges               00446b49 f   r_edge.obj
 0001:00045d20       _D_FlatFillSurface         00446d20 f   r_edge.obj
 0001:00045d7a       _D_CalcGradients           00446d7a f   r_edge.obj
 0001:00045f91       _D_BackgroundSurf          00446f91 f   r_edge.obj
 0001:00045fd1       _D_TurbulentSurf           00446fd1 f   r_edge.obj
 0001:000460f3       _D_SkySurf                 004470f3 f   r_edge.obj
 0001:00046174       _D_SolidSurf               00447174 f   r_edge.obj
 0001:000462df       _D_DrawflatSurfaces        004472df f   r_edge.obj
 0001:0004632f       _D_DrawSurfaces            0044732f f   r_edge.obj
 0001:0004642d       _R_ImageList_f             0044742d f   r_image.obj
 0001:000464ee       _R_FindFreeImage           004474ee f   r_image.obj
 0001:0004653c       _R_LoadPic                 0044753c f   r_image.obj
 0001:000465cc       _R_LoadTex                 004475cc f   r_image.obj
 0001:00046658       _R_LoadWal                 00447658 f   r_image.obj
 0001:000466ae       _R_MipMap                  004476ae f   r_image.obj
 0001:000467dc       _R_DownsampleImage         004477dc f   r_image.obj
 0001:000468e1       _R_FindImage               004478e1 f   r_image.obj
 0001:00046c86       _R_RegisterSkin            00447c86 f   r_image.obj
 0001:00046c94       _R_FreeUnusedImages        00447c94 f   r_image.obj
 0001:00046cf4       _R_InitImages              00447cf4 f   r_image.obj
 0001:00046d5a       _R_ShutdownImages          00447d5a f   r_image.obj
 0001:00046d97       _R_MarkLights              00447d97 f   r_light.obj
 0001:00046e66       _R_PushDlights             00447e66 f   r_light.obj
 0001:00046ebb       _RecursiveLightPoint       00447ebb f   r_light.obj
 0001:0004716a       _R_LightPoint              0044816a f   r_light.obj
 0001:00047281       _R_AddDynamicLights        00448281 f   r_light.obj
 0001:0004751b       _R_BuildLightMap           0044851b f   r_light.obj
 0001:00047611       _R_InitTextures            00448611 f   r_main.obj
 0001:000476d2       _R_InitTurb                004486d2 f   r_main.obj
 0001:0004774f       _R_Register                0044874f f   r_main.obj
 0001:000477b7       _R_Init                    004487b7 f   r_main.obj
 0001:00047848       _R_Shutdown                00448848 f   r_main.obj
 0001:000478bd       _R_NewMap                  004488bd f   r_main.obj
 0001:00047967       _R_MarkLeaves              00448967 f   r_main.obj
 0001:00047a8e       _R_DrawEntitiesOnList      00448a8e f   r_main.obj
 0001:00047c9d       _R_BmodelCheckBBox         00448c9d f   r_main.obj
 0001:00047d4f       _R_FindTopnode             00448d4f f   r_main.obj
 0001:00047dd7       _RotatedBBox               00448dd7 f   r_main.obj
 0001:00047f36       _R_DrawBEntitiesOnList     00448f36 f   r_main.obj
 0001:0004814e       _R_EdgeDrawing             0044914e f   r_main.obj
 0001:00048223       _R_CalcPalette             00449223 f   r_main.obj
 0001:00048328       _R_SetLightLevel           00449328 f   r_main.obj
 0001:00048378       _R_RenderFrame             00449378 f   r_main.obj
 0001:00048569       _R_InitGraphics            00449569 f   r_main.obj
 0001:000485df       _R_BeginFrame              004495df f   r_main.obj
 0001:00048702       _R_GammaCorrectAndSetPalette 00449702 f   r_main.obj
 0001:00048761       _R_CinematicSetPalette     00449761 f   r_main.obj
 0001:000487f8       _Draw_BuildGammaTable      004497f8 f   r_main.obj
 0001:000488a3       _R_DrawBeam                004498a3 f   r_main.obj
 0001:00048a09       _R_SetSky                  00449a09 f   r_main.obj
 0001:00048a84       _Draw_GetPalette           00449a84 f   r_main.obj
 0001:00048bcc       _Draw_ConCharColor         00449bcc f   r_main.obj
 0001:00048bed       _GetRefAPI                 00449bed f   r_main.obj
 0001:00048e16       _D_ViewChanged             00449e16 f   r_misc.obj
 0001:00048f72       _R_PrintTimes              00449f72 f   r_misc.obj
 0001:00048fec       _R_PrintDSpeeds            00449fec f   r_misc.obj
 0001:000490b3       _R_PrintAliasStats         0044a0b3 f   r_misc.obj
 0001:000490c6       _R_TransformFrustum        0044a0c6 f   r_misc.obj
 0001:0004918e       _TransformVector           0044a18e f   r_misc.obj
 0001:000491f9       _R_SetUpFrustumIndexes     0044a1f9 f   r_misc.obj
 0001:0004925e       _R_ViewChanged             0044a25e f   r_misc.obj
 0001:0004956d       _R_SetupFrame              0044a56d f   r_misc.obj
 0001:00049759       _WritePCXfile              0044a759 f   r_misc.obj
 0001:0004987b       _R_ScreenShot              0044a87b f   r_misc.obj
 0001:0004998a       _Mod_Modellist_f           0044a98a f   r_model.obj
 0001:000499e8       _Mod_Init                  0044a9e8 f   r_model.obj
 0001:00049a00       _Mod_ForName               0044aa00 f   r_model.obj
 0001:00049c3c       _Mod_PointInLeaf           0044ac3c f   r_model.obj
 0001:00049c9e       _Mod_DecompressVis         0044ac9e f   r_model.obj
 0001:00049d1e       _Mod_ClusterPVS            0044ad1e f   r_model.obj
 0001:00049d4b       _Mod_LoadLighting          0044ad4b f   r_model.obj
 0001:00049dca       _R_NumberLeafs             0044adca f   r_model.obj
 0001:00049e18       _Mod_LoadVertexes          0044ae18 f   r_model.obj
 0001:00049e5a       _Mod_LoadEdges             0044ae5a f   r_model.obj
 0001:00049ea8       _Mod_LoadTexinfo           0044aea8 f   r_model.obj
 0001:0004a010       _CalcSurfaceExtents        0044b010 f   r_model.obj
 0001:0004a17b       _Mod_LoadFaces             0044b17b f   r_model.obj
 0001:0004a2e2       _Mod_SetParent             0044b2e2 f   r_model.obj
 0001:0004a307       _Mod_LoadNodes             0044b307 f   r_model.obj
 0001:0004a3fd       _Mod_LoadLeafs             0044b3fd f   r_model.obj
 0001:0004a4a6       _Mod_LoadMarksurfaces      0044b4a6 f   r_model.obj
 0001:0004a522       _Mod_LoadSurfedges         0044b522 f   r_model.obj
 0001:0004a561       _Mod_LoadPlanes            0044b561 f   r_model.obj
 0001:0004a5c6       _Mod_LoadBrushModel        0044b5c6 f   r_model.obj
 0001:0004a7b8       _Mod_LoadAliasModel        0044b7b8 f   r_model.obj
 0001:0004aa33       _Mod_LoadSpriteModel       0044ba33 f   r_model.obj
 0001:0004ab1a       _R_BeginRegistration       0044bb1a f   r_model.obj
 0001:0004abaa       _R_RegisterModel           0044bbaa f   r_model.obj
 0001:0004aca2       _R_EndRegistration         0044bca2 f   r_model.obj
 0001:0004ad0d       _Mod_FreeAll               0044bd0d f   r_model.obj
 0001:0004ad52       _R_DrawParticle            0044bd52 f   r_part.obj
 0001:0004afdb       _R_DrawParticles           0044bfdb f   r_part.obj
 0001:0004b085       _R_DrawSpanletOpaque       0044c085 f   r_poly.obj
 0001:0004b115       _R_DrawSpanletTurbulentStipple33 0044c115 f   r_poly.obj
 0001:0004b240       _R_DrawSpanletTurbulentStipple66 0044c240 f   r_poly.obj
 0001:0004b421       _R_DrawSpanletTurbulentBlended66 0044c421 f   r_poly.obj
 0001:0004b4d6       _R_DrawSpanletTurbulentBlended33 0044c4d6 f   r_poly.obj
 0001:0004b58b       _R_DrawSpanlet33           0044c58b f   r_poly.obj
 0001:0004b625       _R_DrawSpanletConstant33   0044c625 f   r_poly.obj
 0001:0004b67e       _R_DrawSpanlet66           0044c67e f   r_poly.obj
 0001:0004b71c       _R_DrawSpanlet33Stipple    0044c71c f   r_poly.obj
 0001:0004b837       _R_DrawSpanlet66Stipple    0044c837 f   r_poly.obj
 0001:0004b9c8       _R_ClipPolyFace            0044c9c8 f   r_poly.obj
 0001:0004bb39       _R_PolygonDrawSpans        0044cb39 f   r_poly.obj
 0001:0004bec1       _R_PolygonScanLeftEdge     0044cec1 f   r_poly.obj
 0001:0004bff5       _R_PolygonScanRightEdge    0044cff5 f   r_poly.obj
 0001:0004c1e5       _R_ClipAndDrawPoly         0044d1e5 f   r_poly.obj
 0001:0004c3e7       _R_BuildPolygonFromSurface 0044d3e7 f   r_poly.obj
 0001:0004c5f3       _R_PolygonCalculateGradients 0044d5f3 f   r_poly.obj
 0001:0004c8ac       _R_DrawAlphaSurfaces       0044d8ac f   r_poly.obj
 0001:0004c942       _R_IMFlatShadedQuad        0044d942 f   r_poly.obj
 0001:0004ca84       _R_InitAdivtab             0044da84 f   r_polyse.obj
 0001:0004caef       _R_PolysetUpdateTables     0044daef f   r_polyse.obj
 0001:0004cb2a       _R_DrawTriangle            0044db2a f   r_polyse.obj
 0001:0004cc3b       _R_PolysetScanLeftEdge_C   0044dc3b f   r_polyse.obj
 0001:0004ce05       _FloorDivMod               0044de05 f   r_polyse.obj
 0001:0004cea1       _R_PolysetSetUpForLineScan 0044dea1 f   r_polyse.obj
 0001:0004cf2f       _R_PolysetCalcGradients    0044df2f f   r_polyse.obj
 0001:0004d13a       _R_PolysetDrawSpans8_33    0044e13a f   r_polyse.obj
 0001:0004d26a       _R_PolysetDrawSpansConstant8_33 0044e26a f   r_polyse.obj
 0001:0004d304       _R_PolysetDrawSpans8_66    0044e304 f   r_polyse.obj
 0001:0004d440       _R_PolysetDrawSpansConstant8_66 0044e440 f   r_polyse.obj
 0001:0004d4e8       _R_PolysetDrawSpans8_Opaque 0044e4e8 f   r_polyse.obj
 0001:0004d633       _R_RasterizeAliasPolySmooth 0044e633 f   r_polyse.obj
 0001:0004dc13       _R_PolysetSetEdgeTable     0044ec13 f   r_polyse.obj
 0001:0004dcae       _R_InitSkyBox              0044ecae f   r_rast.obj
 0001:0004df28       _R_EmitSkyBox              0044ef28 f   r_rast.obj
 0001:0004e03b       _R_EmitEdge                0044f03b f   r_rast.obj
 0001:0004e40f       _R_ClipEdge                0044f40f f   r_rast.obj
 0001:0004e5bd       _R_EmitCachedEdge          0044f5bd f   r_rast.obj
 0001:0004e614       _R_RenderFace              0044f614 f   r_rast.obj
 0001:0004e9db       _R_RenderBmodelFace        0044f9db f   r_rast.obj
 0001:0004ec44       _D_WarpScreen              0044fc44 f   r_scan.obj
 0001:0004edec       _D_DrawTurbulent8Span      0044fdec f   r_scan.obj
 0001:0004ee70       _Turbulent8                0044fe70 f   r_scan.obj
 0001:0004f144       _NonTurbulent8             00450144 f   r_scan.obj
 0001:0004f402       _D_DrawSpans16             00450402 f   r_scan.obj
 0001:0004f69c       _D_DrawZSpans              0045069c f   r_scan.obj
 0001:0004f759       _R_DrawSprite              00450759 f   r_sprite.obj
 0001:0004f9ee       _R_TextureAnimation        004509ee f   r_surf.obj
 0001:0004fa12       _R_DrawSurface             00450a12 f   r_surf.obj
 0001:0004fb77       _R_DrawSurfaceBlock8_mip0  00450b77 f   r_surf.obj
 0001:0004fc76       _R_DrawSurfaceBlock8_mip1  00450c76 f   r_surf.obj
 0001:0004fd75       _R_DrawSurfaceBlock8_mip2  00450d75 f   r_surf.obj
 0001:0004fe74       _R_DrawSurfaceBlock8_mip3  00450e74 f   r_surf.obj
 0001:0004ff70       _R_InitCaches              00450f70 f   r_surf.obj
 0001:0004fff1       _D_FlushCaches             00450ff1 f   r_surf.obj
 0001:00050036       _D_SCAlloc                 00451036 f   r_surf.obj
 0001:000501ca       _D_CacheSurface            004511ca f   r_surf.obj
 0001:0005033f       _DDRAW_Init                0045133f f   rw_ddraw.obj
 0001:0005074f       _DDRAW_SetPalette          0045174f f   rw_ddraw.obj
 0001:000507b8       _DDRAW_Shutdown            004517b8 f   rw_ddraw.obj
 0001:00050923       _DIB_Init                  00451923 f   rw_dib.obj
 0001:00050b08       _DIB_SetPalette            00451b08 f   rw_dib.obj
 0001:00050ccc       _DIB_Shutdown              00451ccc f   rw_dib.obj
 0001:00050dc5       _SWimp_Init                00451dc5 f   rw_imp.obj
 0001:00050dc9       _SWimp_EndFrame            00451dc9 f   rw_imp.obj
 0001:00050f35       _SWimp_SetMode             00451f35 f   rw_imp.obj
 0001:00051057       _SWimp_SetPalette          00452057 f   rw_imp.obj
 0001:0005107c       _SWimp_Shutdown            0045207c f   rw_imp.obj
 0001:000510c3       _SWimp_AppActivate         004520c3 f   rw_imp.obj
 0001:000510fd       _adler32                   004520fd f   adler32.obj
 0001:00051216       _crc32                     00452216 f   crc32.obj
 0001:0005132c       _inflate_blocks_reset      0045232c f   infblock.obj
 0001:00051397       _inflate_blocks_new        00452397 f   infblock.obj
 0001:00051422       _inflate_blocks            00452422 f   infblock.obj
 0001:00051c39       _inflate_blocks_free       00452c39 f   infblock.obj
 0001:00051c6d       _inflate_codes_new         00452c6d f   infcodes.obj
 0001:00051ca1       _inflate_codes             00452ca1 f   infcodes.obj
 0001:0005225f       _inflate_codes_free        0045325f f   infcodes.obj
 0001:00052270       _inflate_fast              00453270 f   inffast.obj
 0001:0005253b       _inflateReset              0045353b f   inflate.obj
 0001:0005257a       _inflateEnd                0045357a f   inflate.obj
 0001:000525b8       _inflateInit2_             004535b8 f   inflate.obj
 0001:000526a2       _inflate                   004536a2 f   inflate.obj
 0001:00052a05       _inflate_trees_bits        00453a05 f   inftrees.obj
 0001:00052e13       _inflate_trees_dynamic     00453e13 f   inftrees.obj
 0001:00052f16       _inflate_trees_fixed       00453f16 f   inftrees.obj
 0001:00052f45       _inflate_flush             00453f45 f   infutil.obj
 0001:00053031       _ZipOpen                   00454031 f   zip.obj
 0001:0005309c       _ZipClose                  0045409c f   zip.obj
 0001:000530a8       _ZipEnum                   004540a8 f   zip.obj
 0001:00053289       _ZipOpenFile               00454289 f   zip.obj
 0001:00053398       _ZipReadFile               00454398 f   zip.obj
 0001:0005348f       _ZipCloseFile              0045448f f   zip.obj
 0001:000534d7       _ZipOpenBuf                004544d7 f   zip.obj
 0001:0005352a       _ZipReadBuf                0045452a f   zip.obj
 0001:00053572       _ZipCloseBuf               00454572 f   zip.obj
 0001:00053588       _zcalloc                   00454588 f   zutil.obj
 0001:00053599       _jpeg_free_large           00454599 f   zutil.obj
 0001:00053599       _zcfree                    00454599 f   zutil.obj
 0001:00053599       _jpeg_free_small           00454599 f   zutil.obj
 0001:000535a5       _jpeg_CreateCompress       004545a5 f   jcapimin.obj
 0001:00053659       _jpeg_suppress_tables      00454659 f   jcapimin.obj
 0001:000536a3       _jpeg_finish_compress      004546a3 f   jcapimin.obj
 0001:0005378d       _jpeg_start_compress       0045478d f   jcapistd.obj
 0001:000537f9       _jpeg_write_scanlines      004547f9 f   jcapistd.obj
 0001:000538a4       _jinit_c_coef_controller   004548a4 f   jccoefct.obj
 0001:00053f43       _jinit_color_converter     00454f43 f   jccolor.obj
 0001:0005452d       _jinit_forward_dct         0045552d f   jcdctmgr.obj
 0001:00054a09       _jinit_c_diff_controller   00455a09 f   jcdiffct.obj
 0001:00054f6f       _jpeg_make_c_derived_tbl   00455f6f f   jchuff.obj
 0001:00055171       _jpeg_gen_optimal_table    00456171 f   jchuff.obj
 0001:00055330       _jinit_compress_master     00456330 f   jcinit.obj
[...]
 0001:0002badd       _PF_WritePos               0042cadd f   sv_game.obj
 0001:0002baee       _PF_WriteDir               0042caee f   sv_game.obj
 0001:0002baff       _PF_WriteAngle             0042caff f   sv_game.obj
 0001:0002bb14       _PF_inPVS                  0042cb14 f   sv_game.obj
 0001:0002bb8c       _PF_inPHS                  0042cb8c f   sv_game.obj
 0001:0002bc04       _PF_StartSound             0042cc04 f   sv_game.obj
 0001:0002bc37       _PF_Cvar_Get               0042cc37 f   sv_game.obj
 0001:0002bc52       _PSV_LinkEdict             0042cc52 f   sv_game.obj
 0001:0002bc7e       _PSV_UnlinkEdict           0042cc7e f   sv_game.obj
 0001:0002bcaa       _PSV_AreaEdicts            0042ccaa f   sv_game.obj
 0001:0002bce8       _PSV_Trace                 0042cce8 f   sv_game.obj
 0001:0002bd47       _PSV_PointContents         0042cd47 f   sv_game.obj
 0001:0002bd77       _PPmove                    0042cd77 f   sv_game.obj
 0001:0002bda3       _PSV_ModelIndex            0042cda3 f   sv_game.obj
 0001:0002bdd3       _PSV_ImageIndex            0042cdd3 f   sv_game.obj
 0001:0002be03       _PSV_SoundIndex            0042ce03 f   sv_game.obj
 0001:0002be33       _PPF_TagMalloc             0042ce33 f   sv_game.obj
 0001:0002be69       _PZ_Free                   0042ce69 f   sv_game.obj
 0001:0002be95       _PZ_FreeTags               0042ce95 f   sv_game.obj
 0001:00029999       _CopyFile                  0042a999 f   sv_ccmds.obj
 0001:0002a36e       _SV_SetPlayer              0042b36e f   sv_ccmds.obj
 0001:00028fc3       _DS_DestroyBuffers         00429fc3 f   snd_win.obj
 0001:000291ac       _DS_CreateBuffers          0042a1ac f   snd_win.obj
 0001:0002671c       _Menu_MakeVisible          0042771c f   qmenu.obj
 0001:000267a6       _Menu_CompletelyVisible    004277a6 f   qmenu.obj
 0001:0002684e       _strlen_color              0042784e f   qmenu.obj
 0001:000269fc       _Action_Draw               004279fc f   qmenu.obj
 0001:00026a77       _Menu_ItemVisible          00427a77 f   qmenu.obj
 0001:00026ac0       _Menu_DrawStatusBar        00427ac0 f   qmenu.obj
 0001:00026c15       _MenuList_Draw             00427c15 f   qmenu.obj
 0001:00026c9d       _DrawCaption               00427c9d f   qmenu.obj
 0001:00026cdc       _Separator_Draw            00427cdc f   qmenu.obj
 0001:00026d2d       _Slider_DoSlide            00427d2d f   qmenu.obj
 0001:00026d64       _Slider_Draw               00427d64 f   qmenu.obj
 0001:00026e57       _SpinControl_DoSlide       00427e57 f   qmenu.obj
 0001:00026e86       _SpinControl_Draw          00427e86 f   qmenu.obj
 0001:00026f61       _SpinControl2_DoSlide      00427f61 f   qmenu.obj
 0001:00026fa2       _SpinControl2_Draw         00427fa2 f   qmenu.obj
 0001:000238c0       _StepSlideMove             004248c0 f   pmove.obj
 0001:00023a69       _StepSlideMove_            00424a69 f   pmove.obj
 0001:00023cbc       _ClipVelocity              00424cbc f   pmove.obj
 0001:00023d25       _Friction                  00424d25 f   pmove.obj
 0001:00023e34       _WaterMove                 00424e34 f   pmove.obj
 0001:00023f1a       _Accelerate                00424f1a f   pmove.obj
 0001:00023f86       _AddCurrents               00424f86 f   pmove.obj
 0001:00024225       _AirMove                   00425225 f   pmove.obj
 0001:0002447e       _AirAccelerate             0042547e f   pmove.obj
 0001:00024504       _CatagorizePosition        00425504 f   pmove.obj
 0001:0002475a       _CheckJump                 0042575a f   pmove.obj
 0001:00024821       _CheckSpecialMovement      00425821 f   pmove.obj
 0001:00024984       _FlyMove                   00425984 f   pmove.obj
 0001:00024bd7       _CheckDuck                 00425bd7 f   pmove.obj
 0001:00024d0c       _DeadMove                  00425d0c f   pmove.obj
 0001:00024d6a       _SnapPosition              00425d6a f   pmove.obj
 0001:00024ed3       _GoodPosition              00425ed3 f   pmove.obj
 0001:00024f49       _InitialSnapPosition       00425f49 f   pmove.obj
 0001:00025062       _ClampAngles               00426062 f   pmove.obj
 0001:00022f53       _NET_ErrorString           00423f53 f   net_wins.obj
 0001:00021700       _SwapQ2BspFile             00422700 f   model.obj
 0001:00021916       _ProcessQ2BspFile          00422916 f   model.obj
 0001:000219e9       _LoadQ2Submodels           004229e9 f   model.obj
 0001:00021abb       _CheckLump                 00422abb f   model.obj
 0001:00021d60       _ReadEntity                00422d60 f   model.obj
 0001:00021e24       _WriteEntity               00422e24 f   model.obj
 0001:00021e8f       _ProcessEntity             00422e8f f   model.obj
 0001:00022378       _FindField                 00423378 f   model.obj
 0001:000223b2       _AddField                  004233b2 f   model.obj
 0001:0001d56b       _Multiplayer_MenuDraw      0041e56b f   menu.obj
 0001:0001d58e       _M_Banner                  0041e58e f   menu.obj
 0001:0001d5d0       _Multiplayer_MenuInit      0041e5d0 f   menu.obj
 0001:0001d6be       _Multiplayer_MenuKey       0041e6be f   menu.obj
 0001:0001d6f0       _Keys_MenuInit             0041e6f0 f   menu.obj
 0001:0001d883       _KeyCursorDrawFunc         0041e883 f   menu.obj
 0001:0001d8c4       _DrawKeyBindingFunc        0041e8c4 f   menu.obj
 0001:0001d99c       _M_FindKeysForCommand      0041e99c f   menu.obj
 0001:0001d9ec       _SeekLine                  0041e9ec f   menu.obj
 0001:0001da13       _AppendToken               0041ea13 f   menu.obj
 0001:0001da3d       _Keys_MenuDraw             0041ea3d f   menu.obj
 0001:0001da56       _Keys_MenuKey              0041ea56 f   menu.obj
 0001:0001db0b       _M_UnbindCommand           0041eb0b f   menu.obj
 0001:0001db57       _KeyBindingFunc            0041eb57 f   menu.obj
 0001:0001dbca       _Options_MenuInit          0041ebca f   menu.obj
 0001:0001e028       _CrosshairFunc             0041f028 f   menu.obj
 0001:0001e04c       _JoystickFunc              0041f04c f   menu.obj
 0001:0001e05f       _CustomizeControlsFunc     0041f05f f   menu.obj
 0001:0001e064       _AlwaysRunFunc             0041f064 f   menu.obj
 0001:0001e077       _FreeLookFunc              0041f077 f   menu.obj
 0001:0001e08a       _MouseSpeedFunc            0041f08a f   menu.obj
 0001:0001e0a7       _ControlsSetMenuItemValues 0041f0a7 f   menu.obj
 0001:0001e241       _ControlsResetDefaultsFunc 0041f241 f   menu.obj
 0001:0001e256       _InvertMouseFunc           0041f256 f   menu.obj
 0001:0001e271       _LookspringFunc            0041f271 f   menu.obj
 0001:0001e28d       _LookstrafeFunc            0041f28d f   menu.obj
 0001:0001e2a9       _UpdateVolumeFunc          0041f2a9 f   menu.obj
 0001:0001e2c6       _UpdateCDVolumeFunc        0041f2c6 f   menu.obj
 0001:0001e2df       _ConsoleFunc               0041f2df f   menu.obj
 0001:0001e30e       _UpdateSoundQualityFunc    0041f30e f   menu.obj
 0001:0001e397       _Options_ScanCrosshairs    0041f397 f   menu.obj
 0001:0001e3ea       _Options_MenuDraw          0041f3ea f   menu.obj
 0001:0001e412       _Options_CrosshairDraw     0041f412 f   menu.obj
 0001:0001e489       _Options_MenuKey           0041f489 f   menu.obj
 0001:0001e56f       _M_Credits_MenuDraw        0041f56f f   menu.obj
 0001:0001e657       _M_Credits_Key             0041f657 f   menu.obj
 0001:0001e6b4       _Game_MenuInit             0041f6b4 f   menu.obj
 0001:0001e861       _EasyGameFunc              0041f861 f   menu.obj
 0001:0001e877       _StartGame                 0041f877 f   menu.obj
 0001:0001e8bc       _MediumGameFunc            0041f8bc f   menu.obj
 0001:0001e8d2       _HardGameFunc              0041f8d2 f   menu.obj
 0001:0001e8e8       _Game_MenuDraw             0041f8e8 f   menu.obj
 0001:0001e90b       _Game_MenuKey              0041f90b f   menu.obj
 0001:0001e93d       _LoadGame_MenuInit         0041f93d f   menu.obj
 0001:0001e9d3       _Create_Savestrings        0041f9d3 f   menu.obj
 0001:0001ea55       _LoadGameCallback          0041fa55 f   menu.obj
 0001:0001ea7f       _LoadGame_MenuDraw         0041fa7f f   menu.obj
 0001:0001ea97       _LoadGame_MenuKey          0041fa97 f   menu.obj
 0001:0001eaf8       _SaveGame_MenuDraw         0041faf8 f   menu.obj
 0001:0001eb1b       _SaveGame_MenuInit         0041fb1b f   menu.obj
 0001:0001eba3       _SaveGameCallback          0041fba3 f   menu.obj
 0001:0001ebc2       _SaveGame_MenuKey          0041fbc2 f   menu.obj
 0001:0001eca3       _JoinServer_MenuInit       0041fca3 f   menu.obj
 0001:0001edf4       _JoinServerFunc            0041fdf4 f   menu.obj
 0001:0001ee5c       _SearchLocalGames          0041fe5c f   menu.obj
 0001:0001eec8       _JoinServer_MenuDraw       0041fec8 f   menu.obj
 0001:0001eee0       _JoinServer_MenuKey        0041fee0 f   menu.obj
 0001:0001ef12       _StartServer_MenuInit      0041ff12 f   menu.obj
 0001:0001f3c2       _DMOptionsFunc             004203c2 f   menu.obj
 0001:0001f3d1       _RulesChangeFunc           004203d1 f   menu.obj
 0001:0001f43a       _StartServerActionFunc     0042043a f   menu.obj
 0001:0001f466       _StartServerFunc           00420466 f   menu.obj
 0001:0001f6d1       _StartServer_MenuDraw      004206d1 f   menu.obj
 0001:0001f6dd       _StartServer_MenuKey       004206dd f   menu.obj
 0001:0001f73d       _DMOptions_MenuInit        0042073d f   menu.obj
 0001:0001fccd       _DMFlagCallback            00420ccd f   menu.obj
 0001:0001feb8       _DMOptions_MenuDraw        00420eb8 f   menu.obj
 0001:0001fec4       _DMOptions_MenuKey         00420ec4 f   menu.obj
 0001:0001fef6       _DownloadOptions_MenuInit  00420ef6 f   menu.obj
 0001:000200e1       _DownloadCallback          004210e1 f   menu.obj
 0001:0002013a       _DownloadOptions_MenuDraw  0042113a f   menu.obj
 0001:00020146       _DownloadOptions_MenuKey   00421146 f   menu.obj
 0001:00020178       _AddressBook_MenuInit      00421178 f   menu.obj
 0001:0002022e       _AddressBook_MenuKey       0042122e f   menu.obj
 0001:0002027f       _AddressBook_MenuDraw      0042127f f   menu.obj
 0001:00020297       _M_Menu_PlayerConfig_f     00421297 f   menu.obj
 0001:000202f2       _PlayerConfig_MenuInit     004212f2 f   menu.obj
 0001:0002071b       _HandednessCallback        0042171b f   menu.obj
 0001:0002072e       _RateCallback              0042172e f   menu.obj
 0001:0002074c       _ModelCallback             0042174c f   menu.obj
 0001:00020783       _PlayerConfig_ScanDirectories 00421783 f   menu.obj
 0001:0002094b       _IconOfSkinExists          0042194b f   menu.obj
 0001:000209ed       _PlayerConfig_MenuDraw     004219ed f   menu.obj
 0001:00020c5f       _PlayerConfig_MenuKey      00421c5f f   menu.obj
 0001:00020d33       _M_Menu_DMBrowse_f         00421d33 f   menu.obj
 0001:00020d77       _DMBrowse_MenuInit         00421d77 f   menu.obj
 0001:00020f4f       _DMBrowse_MenuKey          00421f4f f   menu.obj
 0001:000210f2       _DMBrowse_MenuDraw         004220f2 f   menu.obj
 0001:00021217       _DrawThumbnail             00422217 f   menu.obj
 0001:000212de       _M_Quit_Key                004222de f   menu.obj
 0001:0002131e       _M_Quit_Draw               0042231e f   menu.obj
 0001:0002146b       _M_Menu_Quit_f             0042246b f   menu.obj
 0001:0001cb2f       _AllocChain                0041db2f f   memory.obj
 0001:0001ce20       _Z_Stats_f                 0041de20 f   memory.obj
 0001:0001c326       _MD4Transform              0041d326 f   md4.obj
 0001:0001c928       _Encode                    0041d928 f   md4.obj
 0001:0001c96d       _Decode                    0041d96d f   md4.obj
 0001:0001b22b       _CompleteCommand           0041c22b f   keys.obj
 0001:0001b2a2       _Do_CompleteCommand        0041c2a2 f   keys.obj
 0001:0001b71b       _TryComplete               0041c71b f   keys.obj
 0001:0001b7b0       _CompleteMenu              0041c7b0 f   keys.obj
 0001:0001b8f2       _CompleteMenuDraw          0041c8f2 f   keys.obj
 0001:0001b951       _CompleteMenuKey           0041c951 f   keys.obj
 0001:0001b983       _CompleteMenuCallback      0041c983 f   keys.obj
 0001:0001ba0b       _iswordsym                 0041ca0b f   keys.obj
 0001:0001bcd2       _Key_Unbind_f              0041ccd2 f   keys.obj
 0001:0001bdb5       _Key_Unbindall_f           0041cdb5 f   keys.obj
 0001:0001bddf       _Key_Bind_f                0041cddf f   keys.obj
 0001:00019e46       _IN_DeactivateMouse        0041ae46 f   in_win.obj
 0001:00019e72       _IN_FreeDirect             0041ae72 f   in_win.obj
 0001:00019ed3       _IN_FreeWin32              0041aed3 f   in_win.obj
 0001:0001a054       _IN_ActivateMouse          0041b054 f   in_win.obj
 0001:0001a0cc       _IN_InitDirect             0041b0cc f   in_win.obj
 0001:0001a20f       _IN_InitWin32              0041b20f f   in_win.obj
 0001:0001a32f       _IN_MouseMove              0041b32f f   in_win.obj
 0001:000313d2       _J_InitSource              004323d2 f   vid_dll.obj
 0001:00019962       _J_FillInputBuffer         0041a962 f   images.obj
 0001:0001998a       _J_SkipInputData           0041a98a f   images.obj
 0001:000313d2       _J_TermSource              004323d2 f   vid_dll.obj
 0001:000199a2       _InitJpegError             0041a9a2 f   images.obj
 0001:000199df       _J_ErrorExit               0041a9df f   images.obj
 0001:000199ee       _J_EmitMessage             0041a9ee f   images.obj
 0001:00019a0b       _J_ResetErrorMgr           0041aa0b f   images.obj
 0001:0001774d       _FindPakFile               0041874d f   files.obj
 0001:000177bd       _FindPakDirectory          004187bd f   files.obj
 0001:0001784e       _FileLength                0041884e f   files.obj
 0001:00017ca0       _FOpenCached               00418ca0 f   files.obj
 0001:00017ee0       _AddPakFile                00418ee0 f   files.obj
 0001:00017f7f       _AddPakDirectory           00418f7f f   files.obj
 0001:0001805d       _EnumZippedPak             0041905d f   files.obj
 0001:000180d0       _ClearFileCache            004190d0 f   files.obj
 0001:000181c1       _AddDirFilesToList         004191c1 f   files.obj
 0001:0001876e       _ListPakDirectory          0041976e f   files.obj
 0001:00018923       _InitResFiles              00419923 f   files.obj
 0001:00018a06       _FS_LoadPak_f              00419a06 f   files.obj
 0001:00018ad5       _TryLoadPak                00419ad5 f   files.obj
 0001:00018b43       _FindPakStruc              00419b43 f   files.obj
 0001:00018b98       _FS_UnloadPak_f            00419b98 f   files.obj
 0001:00018d3c       _FS_Link_f                 00419d3c f   files.obj
 0001:00018e08       _FS_Dir_f                  00419e08 f   files.obj
 0001:00019019       _FS_Path_f                 0041a019 f   files.obj
 0001:000190b1       _FS_Cat_f                  0041a0b1 f   files.obj
 0001:0001918a       _FS_Type_f                 0041a18a f   files.obj
 0001:0001641c       _Cvar_FindVar              0041741c f   cvar.obj
 0001:00016451       _ComputeHash               00417451 f   cvar.obj
 0001:0001662b       _Cvar_SetString            0041762b f   cvar.obj
 0001:000166c1       _Cvar_InfoValidate         004176c1 f   cvar.obj
 0001:000167d1       _Cvar_Set2                 004177d1 f   cvar.obj
 0001:0001692d       _Cvar_SetHardcoded         0041792d f   cvar.obj
 0001:00016caf       _Cvar_Set_f                00417caf f   cvar.obj
 0001:00016d2c       _Cvar_SetWithFlags         00417d2c f   cvar.obj
 0001:00016d71       _Cvar_Seta_f               00417d71 f   cvar.obj
 0001:00016d93       _Cvar_Setu_f               00417d93 f   cvar.obj
 0001:00016db5       _Cvar_Sets_f               00417db5 f   cvar.obj
 0001:00016dd7       _Cvar_Reset_f              00417dd7 f   cvar.obj
 0001:00016e39       _Cvar_List_f               00417e39 f   cvar.obj
 0001:00016f3d       _Cvar_Add_f                00417f3d f   cvar.obj
 0001:000170b4       _Cvar_Scale_f              004180b4 f   cvar.obj
 0001:00017127       _Cvar_Toggle_f             00418127 f   cvar.obj
 0001:0001718a       _Cvar_Cycle_f              0041818a f   cvar.obj
 0001:000157a0       _Con_ToggleChat_f          004167a0 f   console.obj
 0001:000157d1       _Con_Clear_f               004167d1 f   console.obj
 0001:00015827       _Con_Dump_f                00416827 f   console.obj
 0001:0001593a       _Con_MessageMode_f         0041693a f   console.obj
 0001:0001594c       _Con_MessageMode2_f        0041694c f   console.obj
 0001:000159ec       _PlaceChar                 004169ec f   console.obj
 0001:00015b76       _FindLine                  00416b76 f   console.obj
 0001:000162f2       _Con_DrawInput             004172f2 f   console.obj
 0001:00014c01       _Com_Error_f               00415c01 f   common.obj
 0001:00011acb       _CMod_LoadSurfaces         00412acb f   cmodel.obj
 0001:00011be5       _CMod_ReadSurfMaterials    00412be5 f   cmodel.obj
 0001:00011d20       _CMod_LoadNodes            00412d20 f   cmodel.obj
 0001:00011d82       _CMod_LoadBrushes          00412d82 f   cmodel.obj
 0001:00011dce       _CMod_LoadLeafs            00412dce f   cmodel.obj
 0001:00011e9d       _CMod_LoadPlanes           00412e9d f   cmodel.obj
 0001:00011f20       _CMod_LoadLeafBrushes      00412f20 f   cmodel.obj
 0001:00011f6b       _CMod_LoadBrushSides       00412f6b f   cmodel.obj
 0001:00011fe4       _CMod_LoadAreas            00412fe4 f   cmodel.obj
 0001:000123be       _CM_PointLeafnum_r         004133be f   cmodel.obj
 0001:00012481       _CM_BoxLeafnums_r          00413481 f   cmodel.obj
 0001:00012956       _CM_TestInLeaf             00413956 f   cmodel.obj
 0001:000129de       _CM_TestBoxInBrush         004139de f   cmodel.obj
 0001:00012abf       _CM_RecursiveHullCheck     00413abf f   cmodel.obj
 0001:00012d91       _CM_TraceToLeaf            00413d91 f   cmodel.obj
 0001:00012e6e       _CM_ClipBoxToBrush         00413e6e f   cmodel.obj
 0001:00013475       _FloodArea_r               00414475 f   cmodel.obj
 0001:000114ae       _Cmd_MacroExpandString     004124ae f   cmd.obj
 0001:000117c9       _Cmd_Wait_f                004127c9 f   cmd.obj
 0001:000117fe       _Cmd_List_f                004127fe f   cmd.obj
 0001:000102f7       _DrawSurfInfo              004112f7 f   cl_view.obj
 0001:00010605       _DrawFlag                  00411605 f   cl_view.obj
 0001:00010660       _DecodeContents            00411660 f   cl_view.obj
 0001:00010702       _DrawOriginInfo            00411702 f   cl_view.obj
 0001:00010893       _DrawFpsInfo               00411893 f   cl_view.obj
 0001:000109bc       _FixWaterVis               004119bc f   cl_view.obj
 0001:00010ac7       _entitycmpfnc              00411ac7 f   cl_view.obj
 0001:00010b7d       _Screenshot_f              00411b7d f   cl_view.obj
 0001:0000d158       _SCR_CalcVrect             0040e158 f   cl_scrn.obj
 0001:000032c3       _CL_AddParticleTraces      004042c3 f   cl_fx.obj
 0001:000020f0       _CL_AddPacketEntities      004030f0 f   cl_ents.obj
 0001:00002ac2       _GetEntityInfo             00403ac2 f   cl_ents.obj
 0001:00002bce       _AddEntityWithEffects      00403bce f   cl_ents.obj
 0001:00002bfa       _AddViewWeapon             00403bfa f   cl_ents.obj
 0001:000009ea       _Huff1Decompress           004019ea f   cl_cin.obj
 0001:00000f72       _Huff1TableInit            00401f72 f   cl_cin.obj
 0001:0000106c       _SmallestNode1             0040206c f   cl_cin.obj
 0001:0000014c       _CDAudio_GetAudioDiskInfo  0040114c f   cd_win.obj
 0001:000004c4       _CD_f                      004014c4 f   cd_win.obj
 0001:0000077d       _CDAudio_Eject             0040177d f   cd_win.obj
 0001:000007a7       _CDAudio_CloseDoor         004017a7 f   cd_win.obj

 70 bytes saved through ICF

