 Quake2

 Timestamp is 43232dd2 (Sat Sep 10 23:02:42 2005)

 Preferred load address is 00400000

 Start         Length     Name                   Class
 0001:00000000 00060e00H .text                   CODE
 0002:00000000 00000288H .idata$5                DATA
 0002:00000288 000062b4H .rdata                  DATA
 0002:00006540 00000044H .rdata$r                DATA
 0002:00006588 00000038H .xdata$x                DATA
 0002:000065c0 00000078H .idata$2                DATA
 0002:00006638 00000014H .idata$3                DATA
 0002:0000664c 00000288H .idata$4                DATA
 0002:000068d4 00000844H .idata$6                DATA
 0002:00007118 00000000H .edata                  DATA
 0003:00000000 00000004H .CRT$XCA                DATA
 0003:00000004 00000088H .CRT$XCU                DATA
 0003:0000008c 00000004H .CRT$XCZ                DATA
 0003:00000090 00000004H .CRT$XIA                DATA
 0003:00000094 00000004H .CRT$XIZ                DATA
 0003:000000a0 0000d4ecH .data                   DATA
 0003:0000d590 004786fcH .bss                    DATA
 0004:00000000 00000130H .rsrc$01                DATA
 0004:00000130 00003f20H .rsrc$02                DATA

  Address         Publics by Value              Rva+Base     Lib:Object

 0001:00000000       ??3@YAXPAX@Z               00401000 f i CoreMain.obj
 0001:0000000b       ?appTimestamp@@YAPBDXZ     0040100b f   CoreMain.obj
 0001:00000043       ?appInit@@YAXXZ            00401043 f   CoreMain.obj
 0001:000000c2       ?appExit@@YAXXZ            004010c2 f   CoreMain.obj
 0001:000000fc       ?appLoadDebugSymbols@@YAXXZ 004010fc f   DbgSymbols.obj
 0001:000002b9       ?appSymbolName@@YA_NIPADH@Z 004012b9 f   DbgSymbols.obj
 0001:000003af       ?appSymbolName@@YAPBDI@Z   004013af f   DbgSymbols.obj
 0001:000003e5       ?appMalloc@@YAPAXIH@Z      004013e5 f   Memory.obj
 0001:00000493       ?appFree@@YAXPAX@Z         00401493 f   Memory.obj
 0001:000004c1       ?Unlink@FMemHeader@@QAEXXZ 004014c1 f i Memory.obj
 0001:000004ec       ?Link@CMemoryChain@@AAEXXZ 004014ec f   Memory.obj
 0001:0000050b       ?Unlink@CMemoryChain@@AAEXXZ 0040150b f   Memory.obj
 0001:00000536       ??2CMemoryChain@@SAPAXIH@Z 00401536 f   Memory.obj
 0001:000005a8       ??3CMemoryChain@@SAXPAX@Z  004015a8 f   Memory.obj
 0001:000005db       ?Alloc@CMemoryChain@@QAEPAXIH@Z 004015db f   Memory.obj
 0001:00000645       ?appInitMemory@@YAXXZ      00401645 f   Memory.obj
 0001:00000b79       ?sprintf@?$TString@$0BAA@@@QAAHPBDZZ 00401b79 f i Memory.obj
 0001:00000bb3       ?Flush@COutputDevice@@UAEXXZ 00401bb3 f i OutputDevice.obj
 0001:00000bb3       ?Close@COutputDevice@@UAEXXZ 00401bb3 f i OutputDevice.obj
 0001:00000bb4       ?Write@COutputDeviceNull@@UAEXPBD@Z 00401bb4 f i OutputDevice.obj
 0001:00000bb7       ?Printf@COutputDevice@@QAAXPBDZZ 00401bb7 f   OutputDevice.obj
 0001:00000c27       ?Register@COutputDevice@@QAEXXZ 00401c27 f   OutputDevice.obj
 0001:00000c83       ?Unregister@COutputDevice@@QAEXXZ 00401c83 f   OutputDevice.obj
 0001:00000cd6       ?appPrintf@@YAXPBDZZ       00401cd6 f   OutputDevice.obj
 0001:00000e0c       ?appWPrintf@@YAXPBDZZ      00401e0c f   OutputDevice.obj
 0001:00000e69       ??0COutputDeviceFile@@QAE@XZ 00401e69 f i ErrorMgr.obj
 0001:00000e7e       ?Write@COutputDeviceFile@@UAEXPBD@Z 00401e7e f i ErrorMgr.obj
 0001:00000ed2       ?Flush@COutputDeviceFile@@UAEXXZ 00401ed2 f i ErrorMgr.obj
 0001:00000ee2       ?Close@COutputDeviceFile@@UAEXXZ 00401ee2 f i ErrorMgr.obj
 0001:00000f10       ??1COutputDeviceFile@@QAE@XZ 00401f10 f i ErrorMgr.obj
 0001:00000f2f       ?appGetErrorLog@@YAPAVCOutputDevice@@XZ 00401f2f f   ErrorMgr.obj
 0001:00000fce       ?Open@COutputDeviceFile@@QAEXPBD_N@Z 00401fce f i ErrorMgr.obj
 0001:0000100a       ?appFatalError@@YAXPBDZZ   0040200a f   ErrorMgr.obj
 0001:000010aa       ?appNonFatalError@@YAXPBDZZ 004020aa f   ErrorMgr.obj
 0001:0000110c       ?appUnwindPrefix@@YAXPBD@Z 0040210c f   ErrorMgr.obj
 0001:000011bc       ?appUnwindThrow@@YAXPBDZZ  004021bc f   ErrorMgr.obj
 0001:00001253       ?Reset@CErrorHandler@@QAEXXZ 00402253 f   ErrorMgr.obj
 0001:00001284       ?appInitError@@YAXXZ       00402284 f   ErrorMgr.obj
 0001:00001342       ?sprintf@?$TString@$0CAA@@@QAAHPBDZZ 00402342 f i ErrorMgr.obj
 0001:0000135e       ?GetLine@CSimpleParser@@QAEPBDXZ 0040235e f   ScriptParser.obj
 0001:00001473       ?SkipBraces@CSimpleParser@@QAEPBDXZ 00402473 f   ScriptParser.obj
 0001:000014a9       ?appStricmp@@YAHPBD0@Z     004024a9 f   Strings.obj
 0001:000014de       ?toLower@@YADD@Z           004024de f i Strings.obj
 0001:000014f5       ?appStrcpy@@YAXPADPBD@Z    004024f5 f   Strings.obj
 0001:00001508       ?appStrncpylwr@@YAXPADPBDH@Z 00402508 f   Strings.obj
 0001:00001540       ?appStrncpyz@@YAXPADPBDH@Z 00402540 f   Strings.obj
 0001:0000156d       ?appStrcatn@@YAXPADHPBD@Z  0040256d f   Strings.obj
 0001:00001598       ?appCopyFilename@@YAXPADPBDH@Z 00402598 f   Strings.obj
 0001:00001638       ?appCStrlen@@YAHPBD@Z      00402638 f   Strings.obj
 0001:0000165d       ?appUncolorizeString@@YAXPADPBD@Z 0040265d f   Strings.obj
 0001:0000168d       ?va@@YAPBDPBDZZ            0040268d f   Strings.obj
 0001:00001729       ?appSprintf@@YAHPADHPBDZZ  00402729 f   Strings.obj
 0001:00001774       ?appMatchWildcard@@YA_NPBD0_N@Z 00402774 f   Strings.obj
 0001:00001903       ?appIsWildcard@@YA_NPBD@Z  00402903 f   Strings.obj
 0001:0000192d       ?CopyString@@YAPADPBD@Z    0040292d f   Strings.obj
 0001:0000196d       ?CopyString@@YAPADPBDPAVCMemoryChain@@@Z 0040296d f   Strings.obj
 0001:000019a1       ??2CStringItem@@SAPAXIPBD@Z 004029a1 f   Strings.obj
 0001:000019ee       ??2CStringItem@@SAPAXIPBDPAVCMemoryChain@@@Z 004029ee f   Strings.obj
 0001:00001a18       ??0CStringItem@@QAE@XZ     00402a18 f   Strings.obj
 0001:00001a23       ?Find@CStringList@@IAEPAVCStringItem@@PBDPAPAV2@@Z 00402a23 f   Strings.obj
 0001:00001a5f       ?Find@CStringList@@IAEPAVCStringItem@@H@Z 00402a5f f   Strings.obj
 0001:00001a78       ?IndexOf@CStringList@@QAEHPBD@Z 00402a78 f   Strings.obj
 0001:00001aa5       ?Remove@CStringList@@QAE_NPAVCStringItem@@@Z 00402aa5 f   Strings.obj
 0001:00001ad1       ?Free@CStringList@@QAEXXZ  00402ad1 f   Strings.obj
 0001:00001aea       ?Add@CTextContainer@@QAEPAUCTextRec@@PBD@Z 00402aea f   TextContainer.obj
 0001:00001b96       ?Enumerate@CTextContainer@@QAEXP6AXPBUCTextRec@@@Z@Z 00402b96 f   TextContainer.obj
 0001:00001c02       ?appOpenFile@@YAPAVCFile@@PBD@Z 00402c02 f   FileSystem.obj
 0001:00001c3e       ?Read@CFileOS@@UAEHPAXH@Z  00402c3e f i FileSystem.obj
 0001:00001c63       ?GetSize@CFileOS@@UAEHXZ   00402c63 f i FileSystem.obj
 0001:00001ca8       ?Eof@CFileOS@@UAE_NXZ      00402ca8 f i FileSystem.obj
 0001:00001cbc       ??_ECFileOS@@UAEPAXI@Z     00402cbc f i FileSystem.obj
 0001:00001cbc       ??_GCFileOS@@UAEPAXI@Z     00402cbc f i FileSystem.obj
 0001:00001cee       ??_GCFile@@UAEPAXI@Z       00402cee f i FileSystem.obj
 0001:00001cee       ??_ECFile@@UAEPAXI@Z       00402cee f i FileSystem.obj
 0001:00001d0b       ?ReadInt@CFile@@QAEHXZ     00402d0b f   FileSystem.obj
 0001:00001d23       ?ReadString@CFile@@QAEXPADH@Z 00402d23 f   FileSystem.obj
 0001:00001d5f       ?appMillisecondsf@@YANXZ   00402d5f f   CoreWin32.obj
 0001:00001d98       ?appMilliseconds@@YAIXZ    00402d98 f   CoreWin32.obj
 0001:00001dcd       ?cpuid@@YAXI@Z             00402dcd f   CoreWin32.obj
 0001:00001df0       ?appPackage@@YAPBDXZ       00402df0 f   CoreWin32.obj
 0001:00001e55       ?appGetSystemErrorMessage@@YAPBDI@Z 00402e55 f   CoreWin32.obj
 0001:00001eb9       ?appDisplayError@@YAXXZ    00402eb9 f   CoreWin32.obj
 0001:00001f0d       ?appInitPlatform@@YAXXZ    00402f0d f   CoreWin32.obj
 0001:00002341       ?appShutdownPlatform@@YAXXZ 00403341 f   CoreWin32.obj
 0001:0000234a       ?osAddressInfo@@YA_NIPADHPAH@Z 0040334a f   DbgSymbolsWin32.obj
 0001:000023de       ?osModuleInfo@@YA_NIPADHPAH@Z 004033de f   DbgSymbolsWin32.obj
 0001:00002585       ?win32ExceptFilter@@YAHPAU_EXCEPTION_POINTERS@@@Z 00403585 f   ExceptFilterWin32.obj
 0001:00002a16       ?win32ExceptFilter2@@YAHXZ 00403a16 f   ExceptFilterWin32.obj
 0001:00002a22       ?SCR_StopCinematic@@YAXXZ  00403a22 f   cl_cin.obj
 0001:00002ab6       ?SCR_DrawCinematic@@YA_NXZ 00403ab6 f   cl_cin.obj
 0001:00002f0e       ?SCR_PlayCinematic@@YAXPBD@Z 00403f0e f   cl_cin.obj
 0001:00003264       ?sprintf@?$TString@$0EA@@@QAAHPBDZZ 00404264 f i cl_cin.obj
 0001:0000327d       ?CL_Download_f@@YAX_NHPAPAD@Z 0040427d f   cl_download.obj
 0001:00003615       ?CL_ParseDownload@@YAXXZ   00404615 f   cl_download.obj
 0001:00003e2b       ?CL_Precache_f@@YAXHPAPAD@Z 00404e2b f   cl_download.obj
 0001:00003e89       ?sprintf@?$TString@$0IA@@@QAAHPBDZZ 00404e89 f i cl_download.obj
 0001:00003ea5       ?CL_ParseDelta@@YAXPAUclEntityState_t@@0HI_N@Z 00404ea5 f   cl_ents.obj
 0001:00004025       ?CL_ParseFrame@@YAXXZ      00405025 f   cl_ents.obj
 0001:000046d4       ?CL_AddEntityBox@@YAXPAUclEntityState_t@@I@Z 004056d4 f   cl_ents.obj
 0001:000047d8       ?Lerp@@YAXABUCVec3@@0MAAU1@@Z 004057d8 f i cl_ents.obj
 0001:0000480f       ?CL_OffsetThirdPersonView@@YAXXZ 0040580f f   cl_ents.obj
 0001:000048f7       ?CL_AddEntities@@YAXXZ     004058f7 f   cl_ents.obj
 0001:00005837       ?CL_ClearLightStyles@@YAXXZ 00406837 f   cl_fx.obj
 0001:000058b9       ?CL_SetLightstyle@@YAXHPBD@Z 004068b9 f   cl_fx.obj
 0001:0000591a       ?CL_AllocDlight@@YAPAUcdlight_t@@HABUCVec3@@@Z 0040691a f   cl_fx.obj
 0001:00005983       ?CL_AllocParticleTrace@@YAPAUparticleTrace_t@@ABUCVec3@@0MM@Z 00406983 f   cl_fx.obj
 0001:00005a12       ?CL_AllocParticleBeam@@YAPAUbeam_t@@ABUCVec3@@0MM@Z 00406a12 f   cl_fx.obj
 0001:00005a86       ?CL_AllocParticle@@YAPAUparticle_t@@XZ 00406a86 f   cl_fx.obj
 0001:00005ad9       ?CL_MetalSparks@@YAXABUCVec3@@0H@Z 00406ad9 f   cl_fx.obj
 0001:00005bd7       ?CL_AddEffects@@YAXXZ      00406bd7 f   cl_fx.obj
 0001:000062dc       ?CL_ClearEffects@@YAXXZ    004072dc f   cl_fx.obj
 0001:0000635e       ?CL_EntityEvent@@YAXPAUclEntityState_t@@@Z 0040735e f   cl_fx.obj
 0001:00006512       ?CL_ParseMuzzleFlash@@YAXXZ 00407512 f   cl_fx.obj
 0001:00006882       ?CL_ParseMuzzleFlash2@@YAXXZ 00407882 f   cl_fx.obj
 0001:00006cf8       ?CL_ParticleEffect@@YAXABUCVec3@@0HH@Z 00407cf8 f   cl_fx.obj
 0001:00006ee1       ?CL_ParticleEffect2@@YAXABUCVec3@@0HH@Z 00407ee1 f   cl_fx.obj
 0001:00006f09       ?CL_ParticleEffect3@@YAXABUCVec3@@0HH@Z 00407f09 f   cl_fx.obj
 0001:00006f31       ?CL_TeleporterParticles@@YAXPAUclEntityState_t@@@Z 00407f31 f   cl_fx.obj
 0001:00006f50       ?CL_LogoutEffect@@YAXABUCVec3@@H@Z 00407f50 f   cl_fx.obj
 0001:00006f86       ?CL_ItemRespawnParticles@@YAXABUCVec3@@@Z 00407f86 f   cl_fx.obj
 0001:00006fa1       ?CL_ExplosionParticles@@YAXABUCVec3@@@Z 00407fa1 f   cl_fx.obj
 0001:00006fbf       ?CL_BFGExplosionParticles@@YAXABUCVec3@@@Z 00407fbf f   cl_fx.obj
 0001:00006fdd       ?CL_TrackerExplosionParticles@@YAXABUCVec3@@@Z 00407fdd f   cl_fx.obj
 0001:00006ffb       ?CL_BlasterParticles@@YAXABUCVec3@@0I@Z 00407ffb f   cl_fx.obj
 0001:00007021       ?CL_BlasterTrail@@YAXAAUcentity_t@@@Z 00408021 f   cl_fx.obj
 0001:00007124       ?CL_BlasterTrail2@@YAXAAUcentity_t@@@Z 00408124 f   cl_fx.obj
 0001:00007137       ?CL_FlagTrail@@YAXAAUcentity_t@@H@Z 00408137 f   cl_fx.obj
 0001:00007153       ?CL_RocketTrail@@YAXAAUcentity_t@@@Z 00408153 f   cl_fx.obj
 0001:00007192       ?CL_BubbleTrail@@YAXABUCVec3@@0@Z 00408192 f   cl_fx.obj
 0001:0000722c       ?CL_BubbleTrail2@@YAXABUCVec3@@0@Z 0040822c f   cl_fx.obj
 0001:00007244       ?CL_TagTrail@@YAXAAUcentity_t@@@Z 00408244 f   cl_fx.obj
 0001:00007257       ?CL_DebugTrail@@YAXABUCVec3@@0@Z 00408257 f   cl_fx.obj
 0001:0000726f       ?CL_ForceWall@@YAXABUCVec3@@0H@Z 0040826f f   cl_fx.obj
 0001:00007290       ?CL_BigTeleportParticles@@YAXABUCVec3@@@Z 00408290 f   cl_fx.obj
 0001:000073cb       ?CL_BfgParticles@@YAXABUCVec3@@@Z 004083cb f   cl_fx.obj
 0001:00007545       ?CL_FlyEffect@@YAXAAUcentity_t@@@Z 00408545 f   cl_fx.obj
 0001:000076d1       ?CL_DiminishingTrail@@YAXAAUcentity_t@@H@Z 004086d1 f   cl_fx.obj
 0001:0000782b       ?CL_RailTrail@@YAXABUCVec3@@0@Z 0040882b f   cl_fx.obj
 0001:000079a1       ?CL_RailTrailExt@@YAXABUCVec3@@0EE@Z 004089a1 f   cl_fx.obj
 0001:00007ae6       ?CL_IonripperTrail@@YAXAAUcentity_t@@@Z 00408ae6 f   cl_fx.obj
 0001:00007c40       ?CL_TrapParticles@@YAXABUCVec3@@@Z 00408c40 f   cl_fx.obj
 0001:00007dd4       ?CL_TeleportParticles@@YAXABUCVec3@@@Z 00408dd4 f   cl_fx.obj
 0001:00007f0a       ?CL_Heatbeam@@YAXABUCVec3@@0@Z 00408f0a f   cl_fx.obj
 0001:000081b0       ?CL_ParticleSteamEffect@@YAXABUCVec3@@0HHH@Z 004091b0 f   cl_fx.obj
 0001:000082e9       ?CL_ParticleSmokeEffect@@YAXABUCVec3@@0@Z 004092e9 f   cl_fx.obj
 0001:00008405       ?CL_TrackerTrail@@YAXAAUcentity_t@@@Z 00409405 f   cl_fx.obj
 0001:00008583       ?CL_TrackerShell@@YAXABUCVec3@@@Z 00409583 f   cl_fx.obj
 0001:0000860f       ?CL_MonsterPlasmaShell@@YAXABUCVec3@@@Z 0040960f f   cl_fx.obj
 0001:00008698       ?CL_WidowSplash@@YAXABUCVec3@@@Z 00409698 f   cl_fx.obj
 0001:00008779       ?IN_CenterView@@YAXXZ      00409779 f   cl_input.obj
 0001:0000879a       ?CL_InitInput@@YAXXZ       0040979a f   cl_input.obj
 0001:00008d36       ?CL_SendCmd@@YAXXZ         00409d36 f   cl_input.obj
 0001:000093b4       ?CL_WriteDemoMessage@@YAXXZ 0040a3b4 f   cl_main.obj
 0001:000093f6       ?Cmd_ForwardToServer@@YAXHPAPAD@Z 0040a3f6 f   cl_main.obj
 0001:000094b9       ?CL_ForwardToServer_f@@YAXHPAPAD@Z 0040a4b9 f   cl_main.obj
 0001:00009501       ?CL_Pause@@YAX_N@Z         0040a501 f   cl_main.obj
 0001:00009543       ?CL_Drop@@YAX_N@Z          0040a543 f   cl_main.obj
 0001:0000956a       ?CL_SendConnectPacket@@YAXXZ 0040a56a f   cl_main.obj
 0001:000095d6       ?CL_Connect_f@@YAX_NHPAPAD@Z 0040a5d6 f   cl_main.obj
 0001:00009641       ?CL_Rcon_f@@YAXHPAPAD@Z    0040a641 f   cl_main.obj
 0001:0000973d       ?CL_Disconnect@@YAXXZ      0040a73d f   cl_main.obj
 0001:000098df       ?CL_Disconnect_f@@YAXXZ    0040a8df f   cl_main.obj
 0001:000098e9       ?CL_Changing_f@@YAXXZ      0040a8e9 f   cl_main.obj
 0001:0000990d       ?CL_Reconnect_f@@YAXXZ     0040a90d f   cl_main.obj
 0001:000099a9       ?CL_PingServers_f@@YAXXZ   0040a9a9 f   cl_main.obj
 0001:00009ac2       ?CL_Skins_f@@YAXXZ         0040aac2 f   cl_main.obj
 0001:00009daa       ?CL_ConnectionlessPacket@@YAXXZ 0040adaa f   cl_main.obj
 0001:00009ea7       ?CL_ReadPackets@@YAXXZ     0040aea7 f   cl_main.obj
 0001:00009fea       ?CL_Userinfo_f@@YAXXZ      0040afea f   cl_main.obj
 0001:0000a002       ?CL_RegisterSounds@@YAXXZ  0040b002 f   cl_main.obj
 0001:0000a041       ?CL_Snd_Restart_f@@YAXXZ   0040b041 f   cl_main.obj
 0001:0000a050       ?CL_WriteConfiguration@@YAXPBD@Z 0040b050 f   cl_main.obj
 0001:0000a137       ?CL_WriteConfig_f@@YAX_NHPAPAD@Z 0040b137 f   cl_main.obj
 0001:0000a1a2       ?CL_FixCvarCheats@@YAXXZ   0040b1a2 f   cl_main.obj
 0001:0000a1f3       ?CL_Frame@@YAXMM@Z         0040b1f3 f   cl_main.obj
 0001:0000a547       ?CL_ClearState@@YAXXZ      0040b547 f   cl_main.obj
 0001:0000a585       ?CL_Init@@YAXXZ            0040b585 f   cl_main.obj
 0001:0000aa43       ?CL_Shutdown@@YAXXZ        0040ba43 f   cl_main.obj
 0001:0000aa9f       ?sprintf@?$TString@$0EAA@@@QAAHPBDZZ 0040ba9f f i cl_main.obj
 0001:0000aabb       ?CL_ParseClientinfo@@YAXH@Z 0040babb f   cl_parse.obj
 0001:0000ab70       ?CL_UpdatePlayerClientInfo@@YAXXZ 0040bb70 f   cl_parse.obj
 0001:0000abb1       ?CL_ParseServerMessage@@YAXXZ 0040bbb1 f   cl_parse.obj
 0001:0000b38b       ?FreePlayerModelsInfo@@YAXXZ 0040c38b f   cl_playermodel.obj
 0001:0000b3b1       ?ScanQuake3Models@@YAXPBD@Z 0040c3b1 f   cl_playermodel.obj
 0001:0000b532       ?ScanPlayerModels@@YA_NXZ  0040c532 f   cl_playermodel.obj
 0001:0000b7f3       ?RunAnimation@@YAXAAUclientInfo_t@@AAUanimState_t@@H@Z 0040c7f3 f   cl_playermodel.obj
 0001:0000b9d4       ?CL_LoadClientinfo@@YAXAAUclientInfo_t@@PBD_N@Z 0040c9d4 f   cl_playermodel.obj
 0001:0000c5b0       ?ParsePlayerEntity@@YAHAAUcentity_t@@AAUclientInfo_t@@PAUclEntityState_t@@ABUentity_t@@PAU4@HH@Z 0040d5b0 f   cl_playermodel.obj
 0001:0000d106       ?CreateAndInsert@?$TList@VCStringItem@@@@QAEPAVCStringItem@@PBDPAVCMemoryChain@@@Z 0040e106 f i cl_playermodel.obj
 0001:0000d13c       ?Insert@?$TList@VplayerModelInfo_t@@@@QAE_NPAVplayerModelInfo_t@@@Z 0040e13c f i cl_playermodel.obj
 0001:0000d13c       ?Insert@?$TList@VshaderScript_t@OpenGLDrv@@@@QAE_NPAVshaderScript_t@OpenGLDrv@@@Z 0040e13c f i cl_playermodel.obj
 0001:0000d13c       ?Insert@?$TList@VCStringItem@@@@QAE_NPAVCStringItem@@@Z 0040e13c f i cl_playermodel.obj
 0001:0000d172       ?CL_CheckPredictionError@@YAXXZ 0040e172 f   cl_pred.obj
 0001:0000d308       ?CL_EntityTrace@@YAXAAUtrace_t@@ABUCVec3@@1ABUCBox@@H@Z 0040e308 f   cl_pred.obj
 0001:0000d6a1       ?CL_Trace@@YAXAAUtrace_t@@ABUCVec3@@1ABUCBox@@H@Z 0040e6a1 f   cl_pred.obj
 0001:0000d71d       ?CL_PMpointcontents@@YAHABUCVec3@@@Z 0040e71d f   cl_pred.obj
 0001:0000d8a9       ?CL_PredictMovement@@YAXXZ 0040e8a9 f   cl_pred.obj
 0001:0000dc5c       ?DrawString@@YAXHHPBD@Z    0040ec5c f   cl_scrn.obj
 0001:0000dca1       ?SCR_DebugGraph@@YAXMH@Z   0040eca1 f   cl_scrn.obj
 0001:0000dcc9       ?SCR_CenterPrint@@YAXPBD@Z 0040ecc9 f   cl_scrn.obj
 0001:0000ddcf       ?Key_Message@@YAXH@Z       0040edcf f   cl_scrn.obj
 0001:0000de6b       ?SCR_SetLevelshot@@YAXPBD@Z 0040ee6b f   cl_scrn.obj
 0001:0000df64       ?SCR_BeginLoadingPlaque@@YAXXZ 0040ef64 f   cl_scrn.obj
 0001:0000dfe9       ?SCR_EndLoadingPlaque@@YAX_N@Z 0040efe9 f   cl_scrn.obj
 0001:0000e06e       ?SCR_ShowConsole@@YAX_N0@Z 0040f06e f   cl_scrn.obj
 0001:0000e133       ?SCR_ToggleConsole@@YAXXZ  0040f133 f   cl_scrn.obj
 0001:0000e15b       ?SCR_TouchPics@@YAXXZ      0040f15b f   cl_scrn.obj
 0001:0000e1b1       ?SCR_UpdateScreen@@YAXXZ   0040f1b1 f   cl_scrn.obj
 0001:0000f3f5       ?SCR_Init@@YAXXZ           004103f5 f   cl_scrn.obj
 0001:0000f724       ?sprintf@?$TString@$0BA@@@QAAHPBDZZ 00410724 f i cl_scrn.obj
 0001:0000f73d       ?CL_RegisterTEntSounds@@YAXXZ 0041073d f   cl_tent.obj
 0001:0000f982       ?CL_RegisterTEntModels@@YAXXZ 00410982 f   cl_tent.obj
 0001:0000facf       ?CL_ClearTEnts@@YAXXZ      00410acf f   cl_tent.obj
 0001:0000fb00       ?CL_SmokeAndFlash@@YAXABUCVec3@@@Z 00410b00 f   cl_tent.obj
 0001:0000fc96       ?CL_ParsePlayerBeam@@YAHPAVCRenderModel@@@Z 00410c96 f   cl_tent.obj
 0001:0000fda1       ?CL_ParseLightning@@YAHPAVCRenderModel@@@Z 00410da1 f   cl_tent.obj
 0001:0000fe63       ?CL_ParseWidow@@YAXXZ      00410e63 f   cl_tent.obj
 0001:0000ff99       ?CL_ParseNuke@@YAXXZ       00410f99 f   cl_tent.obj
 0001:000100ac       ?CL_ParseTEnt@@YAXXZ       004110ac f   cl_tent.obj
 0001:00010e93       ?CL_AddBeams@@YAXXZ        00411e93 f   cl_tent.obj
 0001:00011095       ?CL_AddPlayerBeams@@YAXXZ  00412095 f   cl_tent.obj
 0001:0001169c       ?CL_AddTEnts@@YAXXZ        0041269c f   cl_tent.obj
 0001:0001189c       ?V_AddEntity@@YAXPAUentity_t@@@Z 0041289c f   cl_view.obj
 0001:000118d7       ?V_AddEntity2@@YAXPAUentity_t@@@Z 004128d7 f   cl_view.obj
 0001:00011906       ?AddEntityWithEffects2@@YAXPAUentity_t@@I@Z 00412906 f   cl_view.obj
 0001:000119c2       ?AddEntityWithEffects@@YAXPAUentity_t@@I@Z 004129c2 f   cl_view.obj
 0001:000119e1       ?V_AddLight@@YAXABUCVec3@@MMMM@Z 004129e1 f   cl_view.obj
 0001:00011a26       ?V_TestEntities@@YAXXZ     00412a26 f   cl_view.obj
 0001:00011b53       ?V_TestLights@@YAXXZ       00412b53 f   cl_view.obj
 0001:00011c29       ?V_InitRenderer@@YAXXZ     00412c29 f   cl_view.obj
 0001:00012011       ?CalcFov@@YAMMMM@Z         00413011 f   cl_view.obj
 0001:0001207f       ?V_RenderView@@YA_NXZ      0041307f f   cl_view.obj
 0001:00012cb3       ?V_Init@@YAXXZ             00413cb3 f   cl_view.obj
 0001:00012d62       ?Con_ClearNotify@@YAXXZ    00413d62 f   console.obj
 0001:00012d71       ?Con_CheckResize@@YAXXZ    00413d71 f   console.obj
 0001:00012e98       ?Write@COutputDeviceCon@@UAEXPBD@Z 00413e98 f   console.obj
 0001:00013192       ?Con_DrawNotify@@YAX_N@Z   00414192 f   console.obj
 0001:000132aa       ?Con_DrawConsole@@YAXM@Z   004142aa f   console.obj
 0001:0001355e       ?Con_ClearTyping@@YAXXZ    0041455e f   console.obj
 0001:00013577       ?Key_Console@@YAXHH@Z      00414577 f   console.obj
 0001:000139bf       ?Con_Init@@YAXXZ           004149bf f   console.obj
 0001:00013b31       ?Key_KeynumToString@@YAPBDH@Z 00414b31 f   keys.obj
 0001:00013bf1       ?Draw@completeMenu_t@@UAEXXZ 00414bf1 f i keys.obj
 0001:00013c22       ?KeyDown@completeMenu_t@@UAEPBDH@Z 00414c22 f i keys.obj
 0001:00013c4b       ?Init@completeMenu_t@@UAE_NXZ 00414c4b f i keys.obj
 0001:00013d72       ?CompleteMenuCallback@completeMenu_t@@SAXPAX@Z 00414d72 f i keys.obj
 0001:00013e00       ?CompleteCommand@@YAXXZ    00414e00 f   keys.obj
 0001:00014535       ?Key_SetBinding@@YAXHPBD@Z 00415535 f   keys.obj
 0001:00014573       ?Key_FindBinding@@YAHPBDPAHH@Z 00415573 f   keys.obj
 0001:000145c1       ?Key_WriteBindings@@YAXPAVCOutputDevice@@@Z 004155c1 f   keys.obj
 0001:00014608       ?Key_Init@@YAXXZ           00415608 f   keys.obj
 0001:000148ec       ?Key_Event@@YAXH_N@Z       004158ec f   keys.obj
 0001:00014c45       ?Key_ClearStates@@YAXXZ    00415c45 f   keys.obj
 0001:00014c7a       ?M_ForceMenuOn@@YAXXZ      00415c7a f   menu.obj
 0001:00014c99       ?Draw@menuMain_t@@UAEXXZ   00415c99 f i menu.obj
 0001:00014dd5       ?KeyDown@menuMain_t@@UAEPBDH@Z 00415dd5 f i menu.obj
 0001:00014e91       ?Init@menuMain_t@@UAE_NXZ  00415e91 f i menu.obj
 0001:00014e99       ?M_Menu_Main_f@@YAXXZ      00415e99 f   menu.obj
 0001:00014eb3       ?Init@multiplayerMenu_t@@UAE_NXZ 00415eb3 f i menu.obj
 0001:00014fd7       ?Init@keysMenu_t@@UAE_NXZ  00415fd7 f i menu.obj
 0001:000151bc       ?KeyCursorDrawFunc@keysMenu_t@@SAXPAUmenuFramework_t@@@Z 004161bc f i menu.obj
 0001:000151fc       ?DrawKeyBindingFunc@keysMenu_t@@SAXPAX@Z 004161fc f i menu.obj
 0001:000152c3       ?KeyDown@keysMenu_t@@UAEPBDH@Z 004162c3 f i menu.obj
 0001:00015370       ?UnbindCommand@keysMenu_t@@QAEXPAD@Z 00416370 f i menu.obj
 0001:000153b5       ?KeyBindingFunc@keysMenu_t@@QAEXPAX@Z 004163b5 f i menu.obj
 0001:00015414       ?Init@optionsMenu_t@@UAE_NXZ 00416414 f i menu.obj
 0001:00015872       ?CrosshairFunc@optionsMenu_t@@SAXPAX@Z 00416872 f i menu.obj
 0001:0001589a       ?JoystickFunc@optionsMenu_t@@SAXPAX@Z 0041689a f i menu.obj
 0001:000158af       ?AlwaysRunFunc@optionsMenu_t@@SAXPAX@Z 004168af f i menu.obj
 0001:000158c4       ?FreeLookFunc@optionsMenu_t@@SAXPAX@Z 004168c4 f i menu.obj
 0001:000158d9       ?MouseSpeedFunc@optionsMenu_t@@SAXPAX@Z 004168d9 f i menu.obj
 0001:000158f6       ?InvertMouseFunc@optionsMenu_t@@SAXPAX@Z 004168f6 f i menu.obj
 0001:00015911       ?LookspringFunc@optionsMenu_t@@SAXPAX@Z 00416911 f i menu.obj
 0001:0001592d       ?LookstrafeFunc@optionsMenu_t@@SAXPAX@Z 0041692d f i menu.obj
 0001:00015949       ?UpdateVolumeFunc@optionsMenu_t@@SAXPAX@Z 00416949 f i menu.obj
 0001:00015966       ?UpdateCDVolumeFunc@optionsMenu_t@@SAXPAX@Z 00416966 f i menu.obj
 0001:00015980       ?SetMenuItemValues@optionsMenu_t@@SAXXZ 00416980 f i menu.obj
 0001:00015b5e       ?ResetDefaultsFunc@optionsMenu_t@@SAXPAX@Z 00416b5e f i menu.obj
 0001:00015b73       ?UpdateSoundFunc@optionsMenu_t@@SAXPAX@Z 00416b73 f i menu.obj
 0001:00015d76       ?ScanCrosshairs@optionsMenu_t@@SAXXZ 00416d76 f i menu.obj
 0001:00015dd3       ?Draw@optionsMenu_t@@UAEXXZ 00416dd3 f i menu.obj
 0001:00015e38       ?Draw@creditsMenu_t@@UAEXXZ 00416e38 f i menu.obj
 0001:00015edf       ?KeyDown@creditsMenu_t@@UAEPBDH@Z 00416edf f i menu.obj
 0001:00015f1a       ?Init@creditsMenu_t@@UAE_NXZ 00416f1a f i menu.obj
 0001:00015fe2       ?Init@gameMenu_t@@UAE_NXZ  00416fe2 f i menu.obj
 0001:0001616d       ?EasyGameFunc@gameMenu_t@@SAXPAX@Z 0041716d f i menu.obj
 0001:00016179       ?StartGame@gameMenu_t@@SAXPBD@Z 00417179 f i menu.obj
 0001:000161d1       ?MediumGameFunc@gameMenu_t@@SAXPAX@Z 004171d1 f i menu.obj
 0001:000161dd       ?HardGameFunc@gameMenu_t@@SAXPAX@Z 004171dd f i menu.obj
 0001:000161f9       ?Init@savegameMenu_t@@UAE_NXZ 004171f9 f i menu.obj
 0001:00016309       ?Create_Savestrings@savegameMenu_t@@QAEXXZ 00417309 f i menu.obj
 0001:000163b3       ?LoadGameCallback@savegameMenu_t@@SAXPAX@Z 004173b3 f i menu.obj
 0001:000163dc       ?SaveGameCallback@savegameMenu_t@@SAXPAX@Z 004173dc f i menu.obj
 0001:000163fb       ?Draw@savegameMenu_t@@UAEXXZ 004173fb f i menu.obj
 0001:00016416       ?DrawSavegameShot@savegameMenu_t@@QAEXHH@Z 00417416 f i menu.obj
 0001:000164f1       ?Init@joinserverMenu_t@@UAE_NXZ 004174f1 f i menu.obj
 0001:0001661a       ?JoinServerFunc@joinserverMenu_t@@SAXPAX@Z 0041761a f i menu.obj
 0001:0001667c       ?SearchLocalGames@joinserverMenu_t@@SAXXZ 0041767c f i menu.obj
 0001:000166e7       ?M_AddToServerList@@YAXUnetadr_t@@PAD@Z 004176e7 f   menu.obj
 0001:00016768       ?Init@startserverMenu_t@@UAE_NXZ 00417768 f i menu.obj
 0001:00016bfb       ?DMOptionsFunc@startserverMenu_t@@SAXPAX@Z 00417bfb f i menu.obj
 0001:00016c0b       ?RulesChangeFunc@startserverMenu_t@@SAXPAX@Z 00417c0b f i menu.obj
 0001:00016c85       ?StartServerActionFunc@startserverMenu_t@@SAXPAX@Z 00417c85 f i menu.obj
 0001:00016cb0       ?StartServerFunc@startserverMenu_t@@SAXPAD@Z 00417cb0 f i menu.obj
 0001:00016ee7       ?KeyDown@startserverMenu_t@@UAEPBDH@Z 00417ee7 f i menu.obj
 0001:00016f44       ?Init@dmoptionsMenu_t@@UAE_NXZ 00417f44 f i menu.obj
 0001:00017523       ?DMFlagCallback@dmoptionsMenu_t@@SAXPAX@Z 00418523 f i menu.obj
 0001:000176fe       ?Init@downloadOptionsMenu_t@@UAE_NXZ 004186fe f i menu.obj
 0001:000178c9       ?DownloadCallback@downloadOptionsMenu_t@@SAXPAX@Z 004188c9 f i menu.obj
 0001:00017934       ?Init@addressBookMenu_t@@UAE_NXZ 00418934 f i menu.obj
 0001:000179dc       ?KeyDown@addressBookMenu_t@@UAEPBDH@Z 004189dc f i menu.obj
 0001:00017a39       ?Init@playerConfigMenu_t@@UAE_NXZ 00418a39 f i menu.obj
 0001:00017f80       ?HandednessCallback@playerConfigMenu_t@@SAXPAX@Z 00418f80 f i menu.obj
 0001:00017f95       ?RTypeCallback@playerConfigMenu_t@@SAXPAX@Z 00418f95 f i menu.obj
 0001:00017faa       ?RColorCallback@playerConfigMenu_t@@SAXPAX@Z 00418faa f i menu.obj
 0001:00017fbf       ?RateCallback@playerConfigMenu_t@@SAXPAX@Z 00418fbf f i menu.obj
 0001:00017fe2       ?ModelCallback@playerConfigMenu_t@@SAXPAX@Z 00418fe2 f i menu.obj
 0001:00018016       ?SkinCallback@playerConfigMenu_t@@SAXPAX@Z 00419016 f i menu.obj
 0001:0001801e       ?Draw@playerConfigMenu_t@@UAEXXZ 0041901e f i menu.obj
 0001:00018300       ?KeyDown@playerConfigMenu_t@@UAEPBDH@Z 00419300 f i menu.obj
 0001:000183df       ?Init@dmbrowseMenu_t@@UAE_NXZ 004193df f i menu.obj
 0001:000185e5       ?KeyDown@dmbrowseMenu_t@@UAEPBDH@Z 004195e5 f i menu.obj
 0001:000187a9       ?Draw@dmbrowseMenu_t@@UAEXXZ 004197a9 f i menu.obj
 0001:000188ee       ?DrawThumbnail@dmbrowseMenu_t@@SAXHHHHPAD_N@Z 004198ee f i menu.obj
 0001:000189d5       ?Init@videoMenu_t@@UAE_NXZ 004199d5 f i menu.obj
 0001:00018f8e       ?ScreenSizeCallback@videoMenu_t@@SAXPAX@Z 00419f8e f i menu.obj
 0001:00018fac       ?BrightnessCallback@videoMenu_t@@SAXPAX@Z 00419fac f i menu.obj
 0001:00018fca       ?ContrastCallback@videoMenu_t@@SAXPAX@Z 00419fca f i menu.obj
 0001:00019003       ?CancelChanges@videoMenu_t@@SAXPAX@Z 0041a003 f i menu.obj
 0001:00019024       ?KeyDown@videoMenu_t@@UAEPBDH@Z 0041a024 f i menu.obj
 0001:0001906b       ?ApplyChanges@videoMenu_t@@SAXPAX@Z 0041a06b f i menu.obj
 0001:00019222       ?KeyDown@quitMenu_t@@UAEPBDH@Z 0041a222 f i menu.obj
 0001:0001925c       ?Draw@quitMenu_t@@UAEXXZ   0041a25c f i menu.obj
 0001:000192cc       ?M_Init@@YAXXZ             0041a2cc f   menu.obj
 0001:000194ae       ?ItemAtCursor@menuFramework_t@@QAEPAUmenuCommon_t@@XZ 0041a4ae f   qmenu.obj
 0001:00019502       ?AddItem@menuFramework_t@@QAEXPAUmenuCommon_t@@@Z 0041a502 f   qmenu.obj
 0001:000195be       ?AdjustCursor@menuFramework_t@@QAEXH@Z 0041a5be f   qmenu.obj
 0001:0001972d       ?Center@menuFramework_t@@QAEXXZ 0041a72d f   qmenu.obj
 0001:0001976e       ?Draw@menuFramework_t@@UAEXXZ 0041a76e f   qmenu.obj
 0001:00019d33       ?SelectItem@menuFramework_t@@QAE_NXZ 0041ad33 f   qmenu.obj
 0001:00019d91       ?SetStatusBar@menuFramework_t@@QAEXPBD@Z 0041ad91 f   qmenu.obj
 0001:00019d9b       ?SlideItem@menuFramework_t@@QAEXH@Z 0041ad9b f   qmenu.obj
 0001:0001a318       ?Push@menuFramework_t@@QAEXXZ 0041b318 f   qmenu.obj
 0001:0001a397       ?M_ForceMenuOff@@YAXXZ     0041b397 f   qmenu.obj
 0001:0001a3c4       ?Pop@menuFramework_t@@QAEXXZ 0041b3c4 f   qmenu.obj
 0001:0001a3fe       ?KeyDown@menuFramework_t@@UAEPBDH@Z 0041b3fe f   qmenu.obj
 0001:0001a672       ?Init@menuFramework_t@@UAE_NXZ 0041b672 f   qmenu.obj
 0001:0001a675       ?M_Draw@@YAXXZ             0041b675 f   qmenu.obj
 0001:0001a6b0       ?M_Keydown@@YAXH@Z         0041b6b0 f   qmenu.obj
 0001:0001a6cf       ?InitRendererVars@@YAXXZ   0041b6cf f   ref_vars.obj
 0001:0001a6ee       ?S_SoundInfo_f@@YAXXZ      0041b6ee f   snd_dma.obj
 0001:0001a778       ?S_Init@@YAXXZ             0041b778 f   snd_dma.obj
 0001:0001a84a       ?S_Shutdown@@YAXXZ         0041b84a f   snd_dma.obj
 0001:0001a8dd       ?S_BeginRegistration@@YAXXZ 0041b8dd f   snd_dma.obj
 0001:0001a8eb       ?S_RegisterSound@@YAPAUsfx_t@@PBD@Z 0041b8eb f   snd_dma.obj
 0001:0001aa81       ?S_EndRegistration@@YAXXZ  0041ba81 f   snd_dma.obj
 0001:0001ab04       ?S_PickChannel@@YAPAUchannel_t@@HH@Z 0041bb04 f   snd_dma.obj
 0001:0001ab91       ?S_Spatialize@@YAXPAUchannel_t@@@Z 0041bb91 f   snd_dma.obj
 0001:0001ad71       ?S_AllocPlaysound@@YAPAUplaysound_t@@XZ 0041bd71 f   snd_dma.obj
 0001:0001ad93       ?S_FreePlaysound@@YAXPAUplaysound_t@@@Z 0041bd93 f   snd_dma.obj
 0001:0001adc3       ?S_IssuePlaysound@@YAXPAUplaysound_t@@@Z 0041bdc3 f   snd_dma.obj
 0001:0001ae90       ?S_StartSound@@YAXPBUCVec3@@HHPAUsfx_t@@MMM@Z 0041be90 f   snd_dma.obj
 0001:0001b23f       ?S_StartLocalSound@@YAXPBD@Z 0041c23f f   snd_dma.obj
 0001:0001b28e       ?S_ClearBuffer@@YAXXZ      0041c28e f   snd_dma.obj
 0001:0001b2f7       ?S_StopAllSounds_f@@YAXXZ  0041c2f7 f   snd_dma.obj
 0001:0001b367       ?S_AddLoopSounds@@YAXXZ    0041c367 f   snd_dma.obj
 0001:0001b53d       ?S_RawSamples@@YAXHHHHPAE@Z 0041c53d f   snd_dma.obj
 0001:0001b741       ?S_Update@@YAXABUCVec3@@0@Z 0041c741 f   snd_dma.obj
 0001:0001b817       ?GetSoundtime@@YAXXZ       0041c817 f   snd_dma.obj
 0001:0001b87e       ?S_Update_@@YAXXZ          0041c87e f   snd_dma.obj
 0001:0001bb31       ?ResampleSfx@@YAXPAUsfx_t@@HHPAE@Z 0041cb31 f   snd_mem.obj
 0001:0001bc4c       ?S_LoadSound@@YAPAUsfxcache_t@@PAUsfx_t@@@Z 0041cc4c f   snd_mem.obj
 0001:0001bd84       ?GetWavinfo@@YA?AUwavinfo_t@@PADPAEH@Z 0041cd84 f   snd_mem.obj
 0001:0001bfc6       ?S_WriteLinearBlastStereo16@@YAXXZ 0041cfc6 f   snd_mix.obj
 0001:0001c03a       ?S_TransferStereo16@@YAXPAKH@Z 0041d03a f   snd_mix.obj
 0001:0001c0a3       ?S_TransferPaintBuffer@@YAXH@Z 0041d0a3 f   snd_mix.obj
 0001:0001c207       ?S_PaintChannels@@YAXH@Z   0041d207 f   snd_mix.obj
 0001:0001c483       ?S_InitScaletable@@YAXXZ   0041d483 f   snd_mix.obj
 0001:0001c644       ?SV_ComputeAnimation@@YAXPAUplayer_state_t@@AAUentityStateEx_t@@PAU2@PAUedict_s@@@Z 0041d644 f   sv_anim.obj
 0001:0001ca41       ?SV_ReadLevelFile@@YAXXZ   0041da41 f   sv_ccmds.obj
 0001:0001caef       ?SV_AddressBanned@@YA_NPAUnetadr_t@@@Z 0041daef f   sv_ccmds.obj
 0001:0001cb30       ?SV_InitCommands@@YAXXZ    0041db30 f   sv_ccmds.obj
 0001:0001df68       ?sprintf@?$TString@$0CI@@@QAAHPBDZZ 0041ef68 f i sv_ccmds.obj
 0001:0001df81       ?SV_WriteFrameToClient@@YAXPAUclient_t@@PAVsizebuf_t@@@Z 0041ef81 f   sv_ents.obj
 0001:0001e6c7       ?SV_RecordDemoMessage@@YAXXZ 0041f6c7 f   sv_ents.obj
 0001:0001f29a       ?SV_InitGameLibrary@@YAX_N@Z 0042029a f   sv_game.obj
 0001:0001f3e0       ?SV_ShutdownGameLibrary@@YAXXZ 004203e0 f   sv_game.obj
 0001:0001f53d       ?SV_FindIndex@@YAHPBDHH_N@Z 0042053d f   sv_init.obj
 0001:0001f64a       ?SV_ModelIndex@@YAHPBD@Z   0042064a f   sv_init.obj
 0001:0001f660       ?SV_SoundIndex@@YAHPBD@Z   00420660 f   sv_init.obj
 0001:0001f679       ?SV_ImageIndex@@YAHPBD@Z   00420679 f   sv_init.obj
 0001:0001f692       ?SV_CreateBaseline@@YAXXZ  00420692 f   sv_init.obj
 0001:0001f70f       ?SV_SpawnServer@@YAXPAD0W4server_state_t@@_N2@Z 0042070f f   sv_init.obj
 0001:0001fa37       ?SV_InitGame@@YAXXZ        00420a37 f   sv_init.obj
 0001:0001fc6d       ?SV_Map@@YAX_NPBD0@Z       00420c6d f   sv_init.obj
 0001:0001fe2f       ?SV_DropClient@@YAXPAUclient_t@@PAD@Z 00420e2f f   sv_main.obj
 0001:0002080c       ??0COutputDeviceMem@@QAE@H@Z 0042180c f i sv_main.obj
 0001:0002083b       ?Write@COutputDeviceMem@@UAEXPBD@Z 0042183b f i sv_main.obj
 0001:000208c0       ??_GCOutputDeviceMem@@QAEPAXI@Z 004218c0 f i sv_main.obj
 0001:000208eb       ?SV_ConnectionlessPacket@@YAXXZ 004218eb f   sv_main.obj
 0001:000209b6       ?SV_CalcPings@@YAXXZ       004219b6 f   sv_main.obj
 0001:00020a3d       ?SV_GiveMsec@@YAXXZ        00421a3d f   sv_main.obj
 0001:00020a7c       ?SV_ReadPackets@@YAXXZ     00421a7c f   sv_main.obj
 0001:00020bc4       ?SV_CheckTimeouts@@YAXXZ   00421bc4 f   sv_main.obj
 0001:00020cd5       ?SV_PostprocessFrame@@YAXXZ 00421cd5 f   sv_main.obj
 0001:00021192       ?SV_MulticastHook@@YAPAVsizebuf_t@@PAV1@0@Z 00422192 f   sv_main.obj
 0001:00021582       ?SV_TraceHook@@YA?AUtrace_t@@ABUCVec3@@PBU2@10PAUedict_s@@H@Z 00422582 f   sv_main.obj
 0001:00021720       ?SV_Frame@@YAXM@Z          00422720 f   sv_main.obj
 0001:000219d9       ?SV_UserinfoChanged@@YAXPAUclient_t@@@Z 004229d9 f   sv_main.obj
 0001:00021a9a       ?SV_InitVars@@YAXXZ        00422a9a f   sv_main.obj
 0001:00021aa9       ?SV_Init@@YAXXZ            00422aa9 f   sv_main.obj
 0001:00021b02       ?SV_Shutdown@@YAXPBD_N@Z   00422b02 f   sv_main.obj
 0001:00021d08       ?SV_ClientPrintf@@YAXPAUclient_t@@HPBDZZ 00422d08 f   sv_send.obj
 0001:00021d63       ?SV_BroadcastPrintf@@YAXHPBDZZ 00422d63 f   sv_send.obj
 0001:00021e39       ?SV_BroadcastCommand@@YAXPBDZZ 00422e39 f   sv_send.obj
 0001:00021e91       ?SV_Multicast@@YAXABUCVec3@@W4multicast_t@@_N@Z 00422e91 f   sv_send.obj
 0001:000220b7       ?SV_MulticastOld@@YAXABUCVec3@@W4multicast_t@@@Z 004230b7 f   sv_send.obj
 0001:000220ca       ?SV_MulticastNew@@YAXABUCVec3@@W4multicast_t@@@Z 004230ca f   sv_send.obj
 0001:000220dd       ?SV_StartSound@@YAXPBUCVec3@@PAUedict_s@@HHMMM_N@Z 004230dd f   sv_send.obj
 0001:000223aa       ?SV_StartSoundOld@@YAXPBUCVec3@@PAUedict_s@@HHMMM@Z 004233aa f   sv_send.obj
 0001:000223da       ?SV_StartSoundNew@@YAXPBUCVec3@@PAUedict_s@@HHMMM@Z 004233da f   sv_send.obj
 0001:0002240a       ?SV_SendClientDatagram@@YA_NPAUclient_t@@@Z 0042340a f   sv_send.obj
 0001:000224cc       ?SV_DemoCompleted@@YAXXZ   004234cc f   sv_send.obj
 0001:000224e8       ?SV_RateDrop@@YA_NPAUclient_t@@@Z 004234e8 f   sv_send.obj
 0001:00022532       ?SV_SendClientMessages@@YAXXZ 00423532 f   sv_send.obj
 0001:00022699       ?SV_DrawText3D@@YAXABUCVec3@@PBDI@Z 00423699 f   sv_text.obj
 0001:000226d0       ?SV_ClearTexts@@YAXXZ      004236d0 f   sv_text.obj
 0001:000226d8       ?SV_DrawTexts@@YAXXZ       004236d8 f   sv_text.obj
 0001:00022729       ?SV_TokenizeString@@YAXPBD@Z 00423729 f   sv_tokenize.obj
 0001:00022800       ?SV_Argc@@YAHXZ            00423800 f   sv_tokenize.obj
 0001:00022806       ?SV_Argv@@YAPADH@Z         00423806 f   sv_tokenize.obj
 0001:00022820       ?SV_Args@@YAPADXZ          00423820 f   sv_tokenize.obj
 0001:000230d0       ?SV_Nextserver@@YAXXZ      004240d0 f   sv_user.obj
 0001:0002315f       ?SV_ClientThink@@YAXPAUclient_t@@PAUusercmd_t@@@Z 0042415f f   sv_user.obj
 0001:000231a2       ?SV_ExecuteClientMessage@@YAXPAUclient_t@@@Z 004241a2 f   sv_user.obj
 0001:0002346b       ?SV_ClearWorld@@YAXXZ      0042446b f   sv_world.obj
 0001:000235a6       ?SV_UnlinkEdict@@YAXPAUedict_s@@@Z 004245a6 f   sv_world.obj
 0001:00023669       ?SV_LinkEdict@@YAXPAUedict_s@@@Z 00424669 f   sv_world.obj
 0001:00023c54       ?SV_AreaEdicts@@YAHABUCVec3@@0PAPAUedict_s@@HH@Z 00424c54 f   sv_world.obj
 0001:00023e05       ?SV_PointContents@@YAHABUCVec3@@@Z 00424e05 f   sv_world.obj
 0001:00023f2c       ?SV_Trace@@YAXAAUtrace_t@@ABUCVec3@@1ABUCBox@@PAUedict_s@@H@Z 00424f2c f   sv_world.obj
 0001:000243ab       ?InitByteDirs@@YAXXZ       004253ab f   anorms.obj
 0001:000243ea       ?Cbuf_AddText@@YAXPBD@Z    004253ea f   cmd.obj
 0001:0002444c       ?Cbuf_CopyToDefer@@YAXXZ   0042544c f   cmd.obj
 0001:00024494       ?Cbuf_InsertFromDefer@@YAXXZ 00425494 f   cmd.obj
 0001:0002454d       ?Cbuf_Execute@@YAXXZ       0042554d f   cmd.obj
 0001:00024653       ?Cmd_Unalias_f@@YAX_NHPAPAD@Z 00425653 f   cmd.obj
 0001:000246c9       ?Cmd_WriteAliases@@YAXPAVCOutputDevice@@@Z 004256c9 f   cmd.obj
 0001:000246f9       ?RegisterCommand@@YA_NPBDP6AXXZH@Z 004256f9 f   cmd.obj
 0001:000247da       ?UnregisterCommand@@YA_NPBD@Z 004257da f   cmd.obj
 0001:0002486b       ?ExecuteCommand@@YA_NPBD@Z 0042586b f   cmd.obj
 0001:00024cbe       ?ExecuteCommand@@YA_NPBDPBUCSimpleCommand@@H@Z 00425cbe f   cmd.obj
 0001:000250f7       ?CM_LoadMap@@YAPAUcmodel_t@@PBD_NPAI@Z 004260f7 f   cmodel.obj
 0001:0002585d       ?SetSignbits@cplane_t@@QAEXXZ 0042685d f i cmodel.obj
 0001:00025891       ?SetType@cplane_t@@QAEXXZ  00426891 f i cmodel.obj
 0001:00025a14       ?CM_InlineModel@@YAPAUcmodel_t@@PBD@Z 00426a14 f   cmodel.obj
 0001:00025a55       ?CM_NumClusters@@YAHXZ     00426a55 f   cmodel.obj
 0001:00025a5b       ?CM_NumInlineModels@@YAHXZ 00426a5b f   cmodel.obj
 0001:00025a61       ?CM_EntityString@@YAPBDXZ  00426a61 f   cmodel.obj
 0001:00025a67       ?CM_LeafContents@@YAHH@Z   00426a67 f   cmodel.obj
 0001:00025a8e       ?CM_LeafCluster@@YAHH@Z    00426a8e f   cmodel.obj
 0001:00025b04       ?CM_LeafArea@@YAHH@Z       00426b04 f   cmodel.obj
 0001:00025cc7       ?CM_HeadnodeForBox@@YAHABUCBox@@@Z 00426cc7 f   cmodel.obj
 0001:00025d7c       ?CM_PointLeafnum@@YAHABUCVec3@@H@Z 00426d7c f   cmodel.obj
 0001:00025e1f       ?DistanceTo@cplane_t@@QAEMABUCVec3@@@Z 00426e1f f i cmodel.obj
 0001:00025e63       ?CM_PointContents@@YAHABUCVec3@@H@Z 00426e63 f   cmodel.obj
 0001:00025ed8       ?CM_TransformedPointContents@@YAHABUCVec3@@H00@Z 00426ed8 f   cmodel.obj
 0001:00025fb9       ?CM_TransformedPointContents@@YAHABUCVec3@@H0ABUCAxis@@@Z 00426fb9 f   cmodel.obj
 0001:00026064       ?CM_BoxLeafnums@@YAHABUCBox@@PAHH1H@Z 00427064 f   cmodel.obj
 0001:00026177       ?BOX_ON_PLANE_SIDE@@YAHABUCBox@@ABUcplane_t@@@Z 00427177 f i cmodel.obj
 0001:000261e1       ?CM_BoxTrace@@YAXAAUtrace_t@@ABUCVec3@@1ABUCBox@@HH@Z 004271e1 f   cmodel.obj
 0001:00026b9b       ?CM_TransformedBoxTrace@@YAXAAUtrace_t@@ABUCVec3@@1ABUCBox@@HH11@Z 00427b9b f   cmodel.obj
 0001:00026d18       ?CM_TransformedBoxTrace@@YAXAAUtrace_t@@ABUCVec3@@1ABUCBox@@HH1ABUCAxis@@@Z 00427d18 f   cmodel.obj
 0001:00026dd5       ?CM_BrushTrace@@YAHABUCVec3@@0PAHH@Z 00427dd5 f   cmodel.obj
 0001:000271e7       ?CM_RefineBrushTrace@@YAHABUCVec3@@0PAHH@Z 004281e7 f   cmodel.obj
 0001:0002728d       ?CM_ClusterPVS@@YAPAEH@Z   0042828d f   cmodel.obj
 0001:000273d1       ?CM_ClusterPHS@@YAPAEH@Z   004283d1 f   cmodel.obj
 0001:00027534       ?CM_SetAreaPortalState@@YAXH_N@Z 00428534 f   cmodel.obj
 0001:00027559       ?CM_AreasConnected@@YA_NHH@Z 00428559 f   cmodel.obj
 0001:0002759d       ?CM_WriteAreaBits@@YAHPAEH@Z 0042859d f   cmodel.obj
 0001:0002763f       ?CM_WritePortalState@@YAXPAU_iobuf@@@Z 0042863f f   cmodel.obj
 0001:00027659       ?CM_ReadPortalState@@YAXPAU_iobuf@@@Z 00428659 f   cmodel.obj
 0001:00027677       ?CM_HeadnodeVisible@@YA_NHPBE@Z 00428677 f   cmodel.obj
 0001:00027752       ?Com_DPrintf@@YAXPBDZZ     00428752 f   common.obj
 0001:000277cb       ?DebugPrintf@@YAXPBDZZ     004287cb f   common.obj
 0001:00027879       ?IPWildcard@@YA_NPAUnetadr_t@@PBD@Z 00428879 f   common.obj
 0001:00027950       ?Com_ServerState@@YA?AW4server_state_t@@XZ 00428950 f   common.obj
 0001:00027956       ?Com_SetServerState@@YAXW4server_state_t@@@Z 00428956 f   common.obj
 0001:00027960       ?crand@@YAMXZ              00428960 f   common.obj
 0001:0002797e       ?Info_ValueForKey@@YAPBDPBD0@Z 0042897e f   common.obj
 0001:000279fd       ?Info_SetValueForKey@@YAXPADPBD1@Z 004289fd f   common.obj
 0001:00027b60       ?Info_Print@@YAXPBD@Z      00428b60 f   common.obj
 0001:00027be6       ?Com_CheckCmdlineVar@@YA_NPBD@Z 00428be6 f   common.obj
 0001:00027c3c       ?Com_Init@@YAXPBD@Z        00428c3c f   common.obj
 0001:00027fe8       ?Com_Frame@@YAXM@Z         00428fe8 f   common.obj
 0001:000283e5       ?Com_BlockSequenceCRCByte@@YAEPAEHH@Z 004293e5 f   crc.obj
 0001:0002849b       ?Cvar_VariableValue@@YAMPBD@Z 0042949b f   cvar.obj
 0001:00028509       ?Cvar_VariableInt@@YAHPBD@Z 00429509 f   cvar.obj
 0001:0002851c       ?Cvar_VariableString@@YAPBDPBD@Z 0042951c f   cvar.obj
 0001:00028534       ?Cvar_Get@@YAPAUcvar_t@@PBD0H@Z 00429534 f   cvar.obj
 0001:00028890       ?Cvar_GetVars@@YAXPBUcvarInfo_t@@H@Z 00429890 f   cvar.obj
 0001:0002893a       ?Cvar_FullSet@@YAXPAUcvar_t@@PBDI@Z 0042993a f   cvar.obj
 0001:0002896c       ?Cvar_FullSet@@YAPAUcvar_t@@PBD0I@Z 0042996c f   cvar.obj
 0001:000289ac       ?Cvar_SetValue@@YAPAUcvar_t@@PBDM@Z 004299ac f   cvar.obj
 0001:00028b79       ?Cvar_SetInteger@@YAPAUcvar_t@@PBDH@Z 00429b79 f   cvar.obj
 0001:00028b9b       ?Cvar_Set@@YAPAUcvar_t@@PBD0@Z 00429b9b f   cvar.obj
 0001:00028bb0       ?Cvar_ForceSet@@YAPAUcvar_t@@PBD0@Z 00429bb0 f   cvar.obj
 0001:00028bc5       ?Cvar_Clamp@@YAMPAUcvar_t@@MM@Z 00429bc5 f   cvar.obj
 0001:00028c23       ?Cvar_Command@@YA_NHPAPAD@Z 00429c23 f   cvar.obj
 0001:00028cbc       ?IsDefault@cvar_t@@QAE_NXZ 00429cbc f i cvar.obj
 0001:00028cd9       ?Cvar_WriteVariables@@YAXPAVCOutputDevice@@HHPBD@Z 00429cd9 f   cvar.obj
 0001:00028d5f       ?Cvar_Userinfo@@YAPBDXZ    00429d5f f   cvar.obj
 0001:00028dba       ?Cvar_Serverinfo@@YAPBDXZ  00429dba f   cvar.obj
 0001:00028dc3       ?Cvar_Cheats@@YAX_N@Z      00429dc3 f   cvar.obj
 0001:00029637       ?MSG_WriteDeltaEntity@@YAXPAVsizebuf_t@@PBUentityStateEx_t@@PAU2@_N33@Z 0042a637 f   entdelta.obj
 0001:00029bf3       ?MSG_WriteRemoveEntity@@YAXPAVsizebuf_t@@H@Z 0042abf3 f   entdelta.obj
 0001:00029c33       ?MSG_ReadEntityBits@@YAHPAVsizebuf_t@@PAIPA_N@Z 0042ac33 f   entdelta.obj
 0001:00029ca4       ?MSG_ReadDeltaEntity@@YAXPAVsizebuf_t@@PBUentityStateEx_t@@PAU2@I@Z 0042aca4 f   entdelta.obj
 0001:00029d27       ?MSG_WriteDeltaUsercmd@@YAXPAVsizebuf_t@@PBUusercmd_t@@PAU2@@Z 0042ad27 f   entdelta.obj
 0001:00029db6       ?MSG_ReadDeltaUsercmd@@YAXPAVsizebuf_t@@PBUusercmd_t@@PAU2@@Z 0042adb6 f   entdelta.obj
 0001:0002a0b9       ?MSG_WriteDeltaPlayerstate@@YAXPAVsizebuf_t@@PBUplayer_state_t@@PAU2@@Z 0042b0b9 f   entdelta.obj
 0001:0002a1c2       ?MSG_ReadDeltaPlayerstate@@YAXPAVsizebuf_t@@PBUplayer_state_t@@PAU2@@Z 0042b1c2 f   entdelta.obj
 0001:0002a296       ?FS_CreatePath@@YAXPBD@Z   0042b296 f   files.obj
 0001:0002a302       ?FS_CopyFile@@YAXPBD0@Z    0042b302 f   files.obj
 0001:0002a405       ?FS_CopyFiles@@YAXPBD0@Z   0042b405 f   files.obj
 0001:0002a4de       ?FS_RemoveFiles@@YAXPBD@Z  0042b4de f   files.obj
 0001:0002a552       ?FS_FCloseFile@@YAXPAVQFILE@@@Z 0042b552 f   files.obj
 0001:0002a603       ?FS_FOpenFile@@YAPAVQFILE@@PBDPAH@Z 0042b603 f   files.obj
 0001:0002aa5a       ?AllocFileInternal@@YAPAVQFILE@@PBDPAU_iobuf@@W4fileType_t@@@Z 0042ba5a f i files.obj
 0001:0002aa8b       ?FS_FileExists@@YA_NPBD@Z  0042ba8b f   files.obj
 0001:0002ac50       ?FS_Read@@YAXPAXHPAVQFILE@@@Z 0042bc50 f   files.obj
 0001:0002aeb4       ?FS_LoadFile@@YAPAXPBDPAI@Z 0042beb4 f   files.obj
 0001:0002af57       ?FS_FreeFile@@YAXPAX@Z     0042bf57 f   files.obj
 0001:0002af62       ?FS_Gamedir@@YAPBDXZ       0042bf62 f   files.obj
 0001:0002af76       ?FS_LoadGameConfig@@YAXXZ  0042bf76 f   files.obj
 0001:0002b036       ?FS_SetGamedir@@YA_NPBD@Z  0042c036 f   files.obj
 0001:0002b785       ?FS_ListFiles@@YA?AV?$TList@VCStringItem@@@@PBDH@Z 0042c785 f   files.obj
 0001:0002bb18       ?FS_NextPath@@YAPADPBD@Z   0042cb18 f   files.obj
 0001:0002bb3c       ?FS_InitFilesystem@@YAXXZ  0042cb3c f   files.obj
 0001:0002c3ef       ?CreateAndInsert@?$TList@VCStringItem@@@@QAEPAVCStringItem@@PBD@Z 0042d3ef f i files.obj
 0001:0002c420       ?LoadPCX@@YAXPBDAAPAE1AAH2@Z 0042d420 f   images.obj
 0001:0002c557       ?LoadTGA@@YAXPBDAAPAEAAH2@Z 0042d557 f   images.obj
 0001:0002c72d       ?LoadJPG@@YAXPBDAAPAEAAH2@Z 0042d72d f   images.obj
 0001:0002c9b9       ?ImageExists@@YAHPBDH@Z    0042d9b9 f   images.obj
 0001:0002cadb       ?WriteTGA@@YA_NPBDPAEHH@Z  0042dadb f   images.obj
 0001:0002cccf       ?WriteJPG@@YA_NPBDPAEHH_N@Z 0042dccf f   images.obj
 0001:0002ce00       ?MD4Init@@YAXPAUMD4_CTX@@@Z 0042de00 f   md4.obj
 0001:0002ce28       ?MD4Update@@YAXPAUMD4_CTX@@PAEI@Z 0042de28 f   md4.obj
 0001:0002cec6       ?MD4Final@@YAXQAEPAUMD4_CTX@@@Z 0042dec6 f   md4.obj
 0001:0002d5b7       ?Com_BlockChecksum@@YAIPAXH@Z 0042e5b7 f   md4.obj
 0001:0002d5f3       ?LoadQ2BspFile@@YAXXZ      0042e5f3 f   model.obj
 0001:0002d9a9       ?LoadBspFile@@YAPAUbspfile_t@@PBD_NPAI@Z 0042e9a9 f   model.obj
 0001:0002db57       ?ProcessEntstring@@YAPADPAD@Z 0042eb57 f   model.obj
 0001:0002e9fe       ?Init@sizebuf_t@@QAEXPAXH@Z 0042f9fe f   msg.obj
 0001:0002ea19       ?Write@sizebuf_t@@QAEXPBXH@Z 0042fa19 f   msg.obj
 0001:0002ea89       ?MSG_WriteByte@@YAXPAVsizebuf_t@@H@Z 0042fa89 f   msg.obj
 0001:0002ea89       ?MSG_WriteChar@@YAXPAVsizebuf_t@@H@Z 0042fa89 f   msg.obj
 0001:0002ea9a       ?MSG_WriteShort@@YAXPAVsizebuf_t@@H@Z 0042fa9a f   msg.obj
 0001:0002eaab       ?MSG_WriteFloat@@YAXPAVsizebuf_t@@M@Z 0042faab f   msg.obj
 0001:0002eaab       ?MSG_WriteLong@@YAXPAVsizebuf_t@@H@Z 0042faab f   msg.obj
 0001:0002eabc       ?MSG_WriteString@@YAXPAVsizebuf_t@@PBD@Z 0042fabc f   msg.obj
 0001:0002eae6       ?MSG_WritePos@@YAXPAVsizebuf_t@@ABUCVec3@@@Z 0042fae6 f   msg.obj
 0001:0002eb4a       ?MSG_WriteAngle@@YAXPAVsizebuf_t@@M@Z 0042fb4a f   msg.obj
 0001:0002eb75       ?MSG_WriteAngle16@@YAXPAVsizebuf_t@@M@Z 0042fb75 f   msg.obj
 0001:0002eba0       ?MSG_WriteDir@@YAXPAVsizebuf_t@@ABUCVec3@@@Z 0042fba0 f   msg.obj
 0001:0002ec08       ?MSG_ReadDir@@YAXPAVsizebuf_t@@AAUCVec3@@@Z 0042fc08 f   msg.obj
 0001:0002ec39       ?MSG_ReadChar@@YAHPAVsizebuf_t@@@Z 0042fc39 f   msg.obj
 0001:0002ec59       ?MSG_ReadByte@@YAHPAVsizebuf_t@@@Z 0042fc59 f   msg.obj
 0001:0002ec79       ?MSG_ReadShort@@YAHPAVsizebuf_t@@@Z 0042fc79 f   msg.obj
 0001:0002ec99       ?MSG_ReadLong@@YAHPAVsizebuf_t@@@Z 0042fc99 f   msg.obj
 0001:0002ecb8       ?MSG_ReadString@@YAPADPAVsizebuf_t@@@Z 0042fcb8 f   msg.obj
 0001:0002eceb       ?MSG_ReadPos@@YAXPAVsizebuf_t@@AAUCVec3@@@Z 0042fceb f   msg.obj
 0001:0002ed3d       ?MSG_ReadAngle@@YAMPAVsizebuf_t@@@Z 0042fd3d f   msg.obj
 0001:0002ed57       ?MSG_ReadAngle16@@YAMPAVsizebuf_t@@@Z 0042fd57 f   msg.obj
 0001:0002ed71       ?MSG_ReadData@@YAXPAVsizebuf_t@@PAXH@Z 0042fd71 f   msg.obj
 0001:0002ed94       ?Netchan_Init@@YAXXZ       0042fd94 f   net_chan.obj
 0001:0002ee08       ?Netchan_OutOfBandPrint@@YAXW4netsrc_t@@Unetadr_t@@PBDZZ 0042fe08 f   net_chan.obj
 0001:0002ee8d       ?Setup@netchan_t@@QAEXW4netsrc_t@@Unetadr_t@@H@Z 0042fe8d f   net_chan.obj
 0001:0002eee3       ?NeedReliable@netchan_t@@QAE_NXZ 0042fee3 f   net_chan.obj
 0001:0002ef08       ?Transmit@netchan_t@@QAEXPAXH@Z 0042ff08 f   net_chan.obj
 0001:0002f0a3       ?Process@netchan_t@@QAE_NPAVsizebuf_t@@@Z 004300a3 f   net_chan.obj
 0001:0002f1d1       ?Pmove@@YAXPAUpmove_t@@@Z  004301d1 f   pmove.obj
 0001:00030eba       ?NormalizeColor@@YAMABUCVec3@@AAU1@@Z 00431eba f   q_shared2.obj
 0001:00030f16       ?NormalizeColor255@@YAMABUCVec3@@AAU1@@Z 00431f16 f   q_shared2.obj
 0001:00030f76       ?appRsqrt@@YAMM@Z          00431f76 f   q_shared2.obj
 0001:00030fa2       ?AngleVectors@@YAXABUCVec3@@PAU1@11@Z 00431fa2 f   q_shared2.obj
 0001:00031103       ?MakeNormalVectors@@YAXABUCVec3@@AAU1@1@Z 00432103 f   q_shared2.obj
 0001:00031172       ?Vec2Angles@@YAXABUCVec3@@AAU1@@Z 00432172 f   q_shared2.obj
 0001:00031275       ?Vec2Yaw@@YAMABUCVec3@@@Z  00432275 f   q_shared2.obj
 0001:000312e8       ?VectorLength@@YAMABUCVec3@@@Z 004322e8 f   q_shared2.obj
 0001:00031317       ?VectorDistance@@YAMABUCVec3@@0@Z 00432317 f   q_shared2.obj
 0001:00031348       ?LerpAngle@@YAMMMM@Z       00432348 f   q_shared2.obj
 0001:0003138b       ?AngleMod@@YAMM@Z          0043238b f   q_shared2.obj
 0001:000313b7       ?AngleSubtract@@YAMMM@Z    004323b7 f   q_shared2.obj
 0001:000313ee       ?AnglesSubtract@@YAXABUCVec3@@0AAU1@@Z 004323ee f   q_shared2.obj
 0001:00031446       ?Normalize@CVec3@@QAEMXZ   00432446 f   q_shared2.obj
 0001:00031498       ?VectorNormalize@@YAMABUCVec3@@AAU1@@Z 00432498 f   q_shared2.obj
 0001:000314f0       ?NormalizeFast@CVec3@@QAEMXZ 004324f0 f   q_shared2.obj
 0001:00031541       ?cross@@YAXABUCVec3@@0AAU1@@Z 00432541 f   q_shared2.obj
 0001:0003157c       ?Clear@CBox@@QAEXXZ        0043257c f   q_shared2.obj
 0001:0003159a       ?Expand@CBox@@QAEXABUCVec3@@@Z 0043259a f   q_shared2.obj
 0001:000315c9       ?Expand@CBox@@QAEXABU1@@Z  004325c9 f   q_shared2.obj
 0001:00031605       ?GetCenter@CBox@@QAEXAAUCVec3@@@Z 00432605 f   q_shared2.obj
 0001:00031625       ?OnPlaneSide@CBox@@QBEHABUcplane_t@@@Z 00432625 f   q_shared2.obj
 0001:00031754       ?FromAngles@CAxis@@QAEXABUCVec3@@@Z 00432754 f   q_shared2.obj
 0001:00031793       ?TransformVector@CAxis@@QBEXABUCVec3@@AAU2@@Z 00432793 f   q_shared2.obj
 0001:000317e4       ?UnTransformVector@CAxis@@QBEXABUCVec3@@AAU2@@Z 004327e4 f   q_shared2.obj
 0001:00031848       ?TransformAxis@CAxis@@QBEXABU1@AAU1@@Z 00432848 f   q_shared2.obj
 0001:0003188e       ?UnTransformAxis@CAxis@@QBEXABU1@AAU1@@Z 0043288e f   q_shared2.obj
 0001:000318d4       ?TransformPoint@CCoords@@QBEXABUCVec3@@AAU2@@Z 004328d4 f   q_shared2.obj
 0001:00031932       ?UnTransformPoint@CCoords@@QBEXABUCVec3@@AAU2@@Z 00432932 f   q_shared2.obj
 0001:0003199f       ?UnTransformCoords@CCoords@@QBEXABU1@AAU1@@Z 0043299f f   q_shared2.obj
 0001:000319c9       ?TransformPlane@CCoords@@QBEXABUcplane_t@@AAU2@@Z 004329c9 f   q_shared2.obj
 0001:00031a01       ?TransformPoint@@YAXABUCVec3@@ABUCAxis@@0AAU1@@Z 00432a01 f   q_shared2.obj
 0001:00031a64       ?UnTransformPoint@@YAXABUCVec3@@ABUCAxis@@0AAU1@@Z 00432a64 f   q_shared2.obj
 0001:00031ad4       ?ShortSwap@@YAFF@Z         00432ad4 f   q_shared2.obj
 0001:00031ae9       ?COM_Parse@@YAPADAAPBD_N@Z 00432ae9 f   q_shared2.obj
 0001:00031c09       ?COM_QuoteString@@YAPBDPBD_N@Z 00432c09 f   q_shared2.obj
 0001:00031c64       ?Zip_OpenArchive@@YAPAU_iobuf@@PBD@Z 00432c64 f   zip.obj
 0001:00031ccf       ?Zip_CloseArchive@@YAXPAU_iobuf@@@Z 00432ccf f   zip.obj
 0001:00031cdb       ?Zip_EnumArchive@@YA_NPAU_iobuf@@P6A_NPBUzipFile_t@@@Z@Z 00432cdb f   zip.obj
 0001:00031eb8       ?Zip_OpenFile@@YAPAUZFILE@@PAU_iobuf@@PAUzipFile_t@@@Z 00432eb8 f   zip.obj
 0001:00031f9c       ?Zip_ReadFile@@YAHPAUZFILE@@PAXH@Z 00432f9c f   zip.obj
 0001:00032092       ?Zip_CloseFile@@YA_NPAUZFILE@@@Z 00433092 f   zip.obj
 0001:000320d2       ?Zip_OpenBuf@@YAPAUZBUF@@PAXH@Z 004330d2 f   zip.obj
 0001:00032110       ?Zip_ReadBuf@@YAHPAUZBUF@@PAXH@Z 00433110 f   zip.obj
 0001:00032158       ?Zip_CloseBuf@@YAXPAUZBUF@@@Z 00433158 f   zip.obj
 0001:0003216d       _zcalloc                   0043316d f   zip.obj
 0001:00032181       _zcfree                    00433181 f   zip.obj
 0001:0003218c       ?CDAudio_Play2@@YAXH_N@Z   0043318c f   cd_win.obj
 0001:0003236b       ?CDAudio_Play@@YAXH_N@Z    0043336b f   cd_win.obj
 0001:00032382       ?CDAudio_Stop@@YAXXZ       00433382 f   cd_win.obj
 0001:000323c7       ?CDAudio_Pause@@YAXXZ      004333c7 f   cd_win.obj
 0001:00032420       ?CDAudio_Resume@@YAXXZ     00433420 f   cd_win.obj
 0001:0003248f       ?CDAudio_Update@@YAXXZ     0043348f f   cd_win.obj
 0001:000324c3       ?CDAudio_Init@@YAHXZ       004334c3 f   cd_win.obj
 0001:00032925       ?CDAudio_Shutdown@@YAXXZ   00433925 f   cd_win.obj
 0001:00032958       ?CDAudio_Activate@@YAX_N@Z 00433958 f   cd_win.obj
 0001:00032969       ?IN_Commands@@YAXXZ        00433969 f   in_win.obj
 0001:00032a91       ?IN_Init@@YAXXZ            00433a91 f   in_win.obj
 0001:00032ed0       ?IN_Shutdown@@YAXXZ        00433ed0 f   in_win.obj
 0001:0003311f       ?IN_Move@@YAXPAUusercmd_t@@@Z 0043411f f   in_win.obj
 0001:000336fc       ?IN_Activate@@YAX_N@Z      004346fc f   in_win.obj
 0001:00033706       ?IN_Frame@@YAXXZ           00434706 f   in_win.obj
 0001:00033a6e       ?NET_CompareAdr@@YA_NPAUnetadr_t@@0@Z 00434a6e f   net_wins.obj
 0001:00033aaa       ?NET_CompareBaseAdr@@YA_NPAUnetadr_t@@0@Z 00434aaa f   net_wins.obj
 0001:00033ad9       ?NET_AdrToString@@YAPADPAUnetadr_t@@@Z 00434ad9 f   net_wins.obj
 0001:00033b35       ?NET_StringToAdr@@YA_NPBDPAUnetadr_t@@@Z 00434b35 f   net_wins.obj
 0001:00033c3a       ?NET_IsLocalAddress@@YA_NPAUnetadr_t@@@Z 00434c3a f   net_wins.obj
 0001:00033c46       ?NET_GetLoopPacket@@YA_NW4netsrc_t@@PAUnetadr_t@@PAVsizebuf_t@@@Z 00434c46 f   net_wins.obj
 0001:00033ccf       ?NET_SendLoopPacket@@YAXW4netsrc_t@@HPAXUnetadr_t@@@Z 00434ccf f   net_wins.obj
 0001:00033d24       ?NET_GetPacket@@YA_NW4netsrc_t@@PAUnetadr_t@@PAVsizebuf_t@@@Z 00434d24 f   net_wins.obj
 0001:00033dfd       ?NET_SendPacket@@YAXW4netsrc_t@@HPAXUnetadr_t@@@Z 00434dfd f   net_wins.obj
 0001:00033ede       ?NET_Config@@YAX_N@Z       00434ede f   net_wins.obj
 0001:000340ad       ?NET_Init@@YAXXZ           004350ad f   net_wins.obj
 0001:0003412b       ?Sys_Mkdir@@YAXPBD@Z       0043512b f   fs_win.obj
 0001:00034137       ?Sys_FindFirst@@YAPBDPBDH@Z 00435137 f   fs_win.obj
 0001:000341f1       ?Sys_FindNext@@YAPBDXZ     004351f1 f   fs_win.obj
 0001:0003425b       ?Sys_FindClose@@YAXXZ      0043525b f   fs_win.obj
 0001:00034275       ?Sys_FileExists@@YA_NPBDH@Z 00435275 f   fs_win.obj
 0001:00034293       ?SNDDMA_Init@@YA_NXZ       00435293 f   snd_win.obj
 0001:000348d2       ?SNDDMA_GetDMAPos@@YAHXZ   004358d2 f   snd_win.obj
 0001:0003491c       ?SNDDMA_BeginPainting@@YAXXZ 0043591c f   snd_win.obj
 0001:00034a34       ?SNDDMA_Submit@@YAXXZ      00435a34 f   snd_win.obj
 0001:00034a59       ?SNDDMA_Shutdown@@YAXXZ    00435a59 f   snd_win.obj
 0001:00034a5e       ?S_Activate@@YAX_N@Z       00435a5e f   snd_win.obj
 0001:00034aa7       ?Write@COutputDeviceWin32Console@@UAEXPBD@Z 00435aa7 f i sys_win.obj
 0001:00034b1f       ?EraseInput@COutputDeviceWin32Console@@QAEXXZ 00435b1f f i sys_win.obj
 0001:00034b8e       ?Sys_ConsoleInput@@YAPADXZ 00435b8e f   sys_win.obj
 0001:00034e17       ?Sys_ProcessMessages@@YAXXZ 00435e17 f   sys_win.obj
 0001:00034ed0       ?Sys_UnloadGame@@YAXXZ     00435ed0 f   sys_win.obj
 0001:00034f4b       ?Sys_GetGameAPI@@YAPAXPAX@Z 00435f4b f   sys_win.obj
 0001:00035097       _WinMain@16                00436097 f   sys_win.obj
 0001:000353bc       ?Init@COutputDeviceWin32Console@@QAEXXZ 004363bc f i sys_win.obj
 0001:000353e6       ?AddMsgHook@@YAXP6A_NIIJ@Z@Z 004363e6 f   vid_dll.obj
 0001:0003542a       ?RemoveMsgHook@@YAXP6A_NIIJ@Z@Z 0043642a f   vid_dll.obj
 0001:00035459       ?Vid_CreateWindow@@YAPAXHH_N@Z 00436459 f   vid_dll.obj
 0001:00035b69       ?Vid_DestroyWindow@@YAX_N@Z 00436b69 f   vid_dll.obj
 0001:00035ba5       ?Vid_Restart@@YAXXZ        00436ba5 f   vid_dll.obj
 0001:00035bb1       ?Vid_GetModeInfo@@YA_NPAH0H@Z 00436bb1 f   vid_dll.obj
 0001:00035be1       ?Vid_Tick@@YAXXZ           00436be1 f   vid_dll.obj
 0001:00035d91       ?Vid_Init@@YAXXZ           00436d91 f   vid_dll.obj
 0001:00035e34       ?Vid_Shutdown@@YAXXZ       00436e34 f   vid_dll.obj
 0001:00035e53       ?Tesselate@surfacePlanar_t@OpenGLDrv@@UAEXAAUrefEntity_t@2@@Z 00436e53 f   gl_backend.obj
 0001:0003682f       ?Negate@CVec3@@QAEXXZ      0043782f f i gl_backend.obj
 0001:00038390       ?Tesselate@surfacePoly_t@OpenGLDrv@@UAEXAAUrefEntity_t@2@@Z 00439390 f   gl_backend.obj
 0001:00038497       ?Tesselate@surfaceMd3_t@OpenGLDrv@@UAEXAAUrefEntity_t@2@@Z 00439497 f   gl_backend.obj
 0001:00038881       ?DrawTriangles@OpenGLDrv@@YA_NXZ 00439881 f   gl_backend.obj
 0001:00038996       ?DrawNormals@OpenGLDrv@@YA_NXZ 00439996 f   gl_backend.obj
 0001:00038aa0       ?Tesselate@surfaceEntity_t@OpenGLDrv@@UAEXAAUrefEntity_t@2@@Z 00439aa0 f   gl_backend.obj
 0001:00038b84       ?Tesselate@surfaceParticle_t@OpenGLDrv@@UAEXAAUrefEntity_t@2@@Z 00439b84 f   gl_backend.obj
 0001:00038dd4       ?BK_DrawScene@OpenGLDrv@@YAXXZ 00439dd4 f   gl_backend.obj
 0001:000393fb       ?BK_DrawPic@OpenGLDrv@@YAXPAVshader_t@1@HHHHMMMMIE@Z 0043a3fb f   gl_backend.obj
 0001:000395dc       ?BK_DrawText@OpenGLDrv@@YAXPBDHHHHHI@Z 0043a5dc f   gl_backend.obj
 0001:000397d1       ?BK_BeginFrame@OpenGLDrv@@YAXXZ 0043a7d1 f   gl_backend.obj
 0001:00039835       ?BK_EndFrame@OpenGLDrv@@YAXXZ 0043a835 f   gl_backend.obj
 0001:00039874       ?BK_Init@OpenGLDrv@@YAXXZ  0043a874 f   gl_backend.obj
 0001:000398a3       ?BK_Shutdown@OpenGLDrv@@YAXXZ 0043a8a3 f   gl_backend.obj
 0001:000398bb       ?AllocDynamicMemory@OpenGLDrv@@YAPAXH@Z 0043a8bb f   gl_buffers.obj
 0001:00039926       ?ResizeDynamicMemory@OpenGLDrv@@YAXPAXH@Z 0043a926 f   gl_buffers.obj
 0001:00039968       ?AddSurfaceToPortal@OpenGLDrv@@YAXPAVsurfaceBase_t@1@PAVshader_t@1@HH@Z 0043a968 f   gl_buffers.obj
 0001:000399d9       ?InsertShaderIndex@OpenGLDrv@@YAXH@Z 0043a9d9 f   gl_buffers.obj
 0001:00039a12       ?ClearPortal@OpenGLDrv@@YAXXZ 0043aa12 f   gl_buffers.obj
 0001:00039a30       ?SortSurfaces@OpenGLDrv@@YAXPAUviewPortal_t@1@PAPAUsurfaceInfo_t@1@@Z 0043aa30 f   gl_buffers.obj
 0001:00039bc2       ?ClearBuffers@OpenGLDrv@@YAXXZ 0043abc2 f   gl_buffers.obj
 0001:00039bd9       ?CreateBuffers@OpenGLDrv@@YAXXZ 0043abd9 f   gl_buffers.obj
 0001:00039bff       ?FreeBuffers@OpenGLDrv@@YAXXZ 0043abff f   gl_buffers.obj
 0001:00039c23       ?InitEntity@model_t@OpenGLDrv@@UAE_NPAUentity_t@@PAUrefEntity_t@2@@Z 0043ac23 f   gl_frontend.obj
 0001:00039c28       ?AddSurfaces@model_t@OpenGLDrv@@UAEXPAUrefEntity_t@2@@Z 0043ac28 f   gl_frontend.obj
 0001:00039c56       ?GetLeaf@model_t@OpenGLDrv@@UAEPAUnode_t@2@PAUrefEntity_t@2@@Z 0043ac56 f   gl_frontend.obj
 0001:00039c67       ?DrawLabel@model_t@OpenGLDrv@@UAEXPAUrefEntity_t@2@@Z 0043ac67 f   gl_frontend.obj
 0001:00039c6a       ?InitEntity@inlineModel_t@OpenGLDrv@@UAE_NPAUentity_t@@PAUrefEntity_t@2@@Z 0043ac6a f   gl_frontend.obj
 0001:00039cbc       ?AddSurfaces@inlineModel_t@OpenGLDrv@@UAEXPAUrefEntity_t@2@@Z 0043acbc f   gl_frontend.obj
 0001:0003a19a       ?GetLeaf@inlineModel_t@OpenGLDrv@@UAEPAUnode_t@2@PAUrefEntity_t@2@@Z 0043b19a f   gl_frontend.obj
 0001:0003a33f       ?DrawLabel@inlineModel_t@OpenGLDrv@@UAEXPAUrefEntity_t@2@@Z 0043b33f f   gl_frontend.obj
 0001:0003a385       ?InitEntity@md3Model_t@OpenGLDrv@@UAE_NPAUentity_t@@PAUrefEntity_t@2@@Z 0043b385 f   gl_frontend.obj
 0001:0003a563       ?AddSurfaces@md3Model_t@OpenGLDrv@@UAEXPAUrefEntity_t@2@@Z 0043b563 f   gl_frontend.obj
 0001:0003a69d       ?GetLeaf@md3Model_t@OpenGLDrv@@UAEPAUnode_t@2@PAUrefEntity_t@2@@Z 0043b69d f   gl_frontend.obj
 0001:0003a6d5       ?DrawLabel@md3Model_t@OpenGLDrv@@UAEXPAUrefEntity_t@2@@Z 0043b6d5 f   gl_frontend.obj
 0001:0003a73b       ?InitEntity@sprModel_t@OpenGLDrv@@UAE_NPAUentity_t@@PAUrefEntity_t@2@@Z 0043b73b f   gl_frontend.obj
 0001:0003a75b       ?AddSurfaces@sprModel_t@OpenGLDrv@@UAEXPAUrefEntity_t@2@@Z 0043b75b f   gl_frontend.obj
 0001:0003a8de       ?GetLeaf@sprModel_t@OpenGLDrv@@UAEPAUnode_t@2@PAUrefEntity_t@2@@Z 0043b8de f   gl_frontend.obj
 0001:0003a9bf       ?AddEntity@OpenGLDrv@@YAXPAUentity_t@@@Z 0043b9bf f   gl_frontend.obj
 0001:0003ab4e       ?AddDlight@OpenGLDrv@@YAXPAUdlight_t@@@Z 0043bb4e f   gl_frontend.obj
 0001:0003ad06       ?DrawPortal@OpenGLDrv@@YAXXZ 0043bd06 f   gl_frontend.obj
 0001:0003ccaa       ?GL_TextureMode@OpenGLDrv@@YAXPBD@Z 0043dcaa f   gl_image.obj
 0001:0003cd52       ?CreateImage@OpenGLDrv@@YAPAVimage_t@1@PBDPAXHHI@Z 0043dd52 f   gl_image.obj
 0001:0003da48       ?LoadDelayedImages@OpenGLDrv@@YAXXZ 0043ea48 f   gl_image.obj
 0001:0003dadb       ?DrawStretchRaw8@OpenGLDrv@@YAXHHHHHHPAEPAI@Z 0043eadb f   gl_image.obj
 0001:0003deb2       ?SetupGamma@OpenGLDrv@@YAXXZ 0043eeb2 f   gl_image.obj
 0001:0003dff8       ?PerformScreenshot@OpenGLDrv@@YAXXZ 0043eff8 f   gl_image.obj
 0001:0003e279       ?InitImages@OpenGLDrv@@YAXXZ 0043f279 f   gl_image.obj
 0001:0003ea2e       ?ShutdownImages@OpenGLDrv@@YAXXZ 0043fa2e f   gl_image.obj
 0001:0003ea95       ?ShowImages@OpenGLDrv@@YAXXZ 0043fa95 f   gl_image.obj
 0001:0003ed21       ?FindImage@OpenGLDrv@@YAPAVimage_t@1@PBDI@Z 0043fd21 f   gl_image.obj
 0001:0003f092       ?GL_Lock@OpenGLDrv@@YAXXZ  00440092 f   gl_interface.obj
 0001:0003f10a       ?GL_Unlock@OpenGLDrv@@YAXXZ 0044010a f   gl_interface.obj
 0001:0003f2cc       ?GL_Bind@OpenGLDrv@@YAXPBVimage_t@1@@Z 004402cc f   gl_interface.obj
 0001:0003f3f6       ?GL_BindForce@OpenGLDrv@@YAXPBVimage_t@1@@Z 004403f6 f   gl_interface.obj
 0001:0003f474       ?GL_TexEnv@OpenGLDrv@@YAXI@Z 00440474 f   gl_interface.obj
 0001:0003f5f3       ?GL_TexMipBias@OpenGLDrv@@YAXM@Z 004405f3 f   gl_interface.obj
 0001:0003f64e       ?GL_TexEnvColor@OpenGLDrv@@YAXPBTcolor_t@@@Z 0044064e f   gl_interface.obj
 0001:0003f6fe       ?GL_SelectTexture@OpenGLDrv@@YAXH@Z 004406fe f   gl_interface.obj
 0001:0003f75f       ?GL_TexCoordPointer@OpenGLDrv@@YAXPAX@Z 0044075f f   gl_interface.obj
 0001:0003f78f       ?GL_SetMultitexture@OpenGLDrv@@YAXH@Z 0044078f f   gl_interface.obj
 0001:0003f875       ?GL_DisableTexCoordArrays@OpenGLDrv@@YAXXZ 00440875 f   gl_interface.obj
 0001:0003f8c9       ?GL_CullFace@OpenGLDrv@@YAXW4gl_cullMode_t@1@@Z 004408c9 f   gl_interface.obj
 0001:0003f91a       ?GL_DepthRange@OpenGLDrv@@YAXW4gl_depthMode_t@1@@Z 0044091a f   gl_interface.obj
 0001:0003f94d       ?GL_State@OpenGLDrv@@YAXI@Z 0044094d f   gl_interface.obj
 0001:0003fa9d       ?GL_EnableFog@OpenGLDrv@@YAX_N@Z 00440a9d f   gl_interface.obj
 0001:0003fb95       ?GL_SetDefaultState@OpenGLDrv@@YAXXZ 00440b95 f   gl_interface.obj
 0001:0003fcf1       ?GL_Set2DMode@OpenGLDrv@@YAXXZ 00440cf1 f   gl_interface.obj
 0001:0003fdec       ?GL_Set3DMode@OpenGLDrv@@YAXPAUviewPortal_t@1@@Z 00440dec f   gl_interface.obj
 0001:0003fed4       ?ShowLights@OpenGLDrv@@YAXXZ 00440ed4 f   gl_light.obj
 0001:000402bd       ?LightForEntity@OpenGLDrv@@YAXPAUrefEntity_t@1@@Z 004412bd f   gl_light.obj
 0001:00041531       ?DiffuseLight@OpenGLDrv@@YAXPATcolor_t@@M@Z 00442531 f   gl_light.obj
 0001:0004176d       ?InitLightGrid@OpenGLDrv@@YAXXZ 0044276d f   gl_light.obj
 0001:00041813       ?PostLoadLights@OpenGLDrv@@YAXXZ 00442813 f   gl_light.obj
 0001:00041aa3       ?LM_Init@OpenGLDrv@@YAXXZ  00442aa3 f   gl_lightmap.obj
 0001:00041ab9       ?LM_Flush@OpenGLDrv@@YAXPAUlightmapBlock_t@1@@Z 00442ab9 f   gl_lightmap.obj
 0001:00041b16       ?LM_Done@OpenGLDrv@@YAXXZ  00442b16 f   gl_lightmap.obj
 0001:00041b3d       ?LM_Save@OpenGLDrv@@YAXPAUlightmapBlock_t@1@@Z 00442b3d f   gl_lightmap.obj
 0001:00041b55       ?LM_Restore@OpenGLDrv@@YAXPAUlightmapBlock_t@1@@Z 00442b55 f   gl_lightmap.obj
 0001:00041b6d       ?LM_NewBlock@OpenGLDrv@@YAPAUlightmapBlock_t@1@XZ 00442b6d f   gl_lightmap.obj
 0001:00041bcc       ?LM_Rewind@OpenGLDrv@@YAXXZ 00442bcc f   gl_lightmap.obj
 0001:00041bd4       ?LM_NextBlock@OpenGLDrv@@YAPAUlightmapBlock_t@1@XZ 00442bd4 f   gl_lightmap.obj
 0001:00041c01       ?LM_CheckMinlight@OpenGLDrv@@YAXPAUdynamicLightmap_t@1@@Z 00442c01 f   gl_lightmap.obj
 0001:00041c97       ?LM_AllocBlock@OpenGLDrv@@YA_NPAUlightmapBlock_t@1@PAUdynamicLightmap_t@1@@Z 00442c97 f   gl_lightmap.obj
 0001:00041d4e       ?LM_PutBlock@OpenGLDrv@@YAXPAUdynamicLightmap_t@1@@Z 00442d4e f   gl_lightmap.obj
 0001:0004217b       ?LM_SortLightStyles@OpenGLDrv@@YAXPAUdynamicLightmap_t@1@@Z 0044317b f   gl_lightmap.obj
 0001:0004220c       ?UpdateDynamicLightmap@OpenGLDrv@@YAXPAVsurfacePlanar_t@1@_NI@Z 0044320c f   gl_lightmap.obj
 0001:0004270e       ?LM_IsMonotone@OpenGLDrv@@YA_NPAUdynamicLightmap_t@1@PATcolor_t@@@Z 0044370e f   gl_lightmap.obj
 0001:00042815       ?Init@OpenGLDrv@@YA_NXZ    00443815 f   gl_main.obj
 0001:00042e5a       ?Shutdown@OpenGLDrv@@YAX_N@Z 00443e5a f   gl_main.obj
 0001:00042ee3       ?GL_EnableRendering@OpenGLDrv@@YAX_N@Z 00443ee3 f   gl_main.obj
 0001:00042efe       ?BeginFrame@OpenGLDrv@@YAXN@Z 00443efe f   gl_main.obj
 0001:00043028       ?EndFrame@OpenGLDrv@@YAXXZ 00444028 f   gl_main.obj
 0001:00043040       ?RenderFrame@OpenGLDrv@@YAXPAUrefdef_t@@@Z 00444040 f   gl_main.obj
 0001:00043871       ?Fill8@OpenGLDrv@@YAXHHHHH@Z 00444871 f   gl_main.obj
 0001:000438b4       ?Fill@OpenGLDrv@@YAXHHHHI@Z 004448b4 f   gl_main.obj
 0001:000438f0       ?TileClear@OpenGLDrv@@YAXHHHHPBD@Z 004448f0 f   gl_main.obj
 0001:00043991       ?DrawStretchPic@OpenGLDrv@@YAXHHHHPBD@Z 00444991 f   gl_main.obj
 0001:000439f1       ?DrawDetailedPic@OpenGLDrv@@YAXHHHHPBD@Z 004449f1 f   gl_main.obj
 0001:00043a98       ?DrawPic@OpenGLDrv@@YAXHHPBDHH@Z 00444a98 f   gl_main.obj
 0001:00043b1d       ?BeginRegistration@OpenGLDrv@@YAXPBD@Z 00444b1d f   gl_main.obj
 0001:00043b41       ?RegisterPic@OpenGLDrv@@YAPAVCBasicImage@@PBD@Z 00444b41 f   gl_main.obj
 0001:00043b4f       ?RegisterSkin@OpenGLDrv@@YAPAVCBasicImage@@PBD_N@Z 00444b4f f   gl_main.obj
 0001:00043b6d       ?RegisterModel@OpenGLDrv@@YAPAVCRenderModel@@PBD@Z 00444b6d f   gl_main.obj
 0001:00043b78       ?SetSky@OpenGLDrv@@YAXPBDMABUCVec3@@@Z 00444b78 f   gl_main.obj
 0001:00043c16       ?Screenshot@OpenGLDrv@@YAXHPBD@Z 00444c16 f   gl_main.obj
 0001:00043c3d       ?GetClientLight@OpenGLDrv@@YAMXZ 00444c3d f   gl_main.obj
 0001:00043c44       ?InitFuncTables@OpenGLDrv@@YAXXZ 00444c44 f   gl_math.obj
 0001:00043dea       ?BuildRotationAxis@OpenGLDrv@@YAXAAUCAxis@@ABUCVec3@@M@Z 00444dea f   gl_math.obj
 0001:00043ee1       ?GetBoxRect@OpenGLDrv@@YA_NPBUrefEntity_t@1@ABUCVec3@@QAM2_N@Z 00444ee1 f   gl_math.obj
 0001:000441eb       ?ProjectToScreen@OpenGLDrv@@YA_NABUCVec3@@QAH@Z 004451eb f   gl_math.obj
 0001:0004432e       ?SaturateColor3f@OpenGLDrv@@YAXAAUCVec3@@@Z 0044532e f   gl_math.obj
 0001:0004441e       ?SaturateColor4b@OpenGLDrv@@YAXPATcolor_t@@@Z 0044541e f   gl_math.obj
 0001:0004452c       ?SubdividePlane@OpenGLDrv@@YAHPAPAUCVec3@@HM@Z 0044552c f   gl_poly.obj
 0001:000449ad       ?FreeSubdividedPlane@OpenGLDrv@@YAXXZ 004459ad f   gl_poly.obj
 0001:000449c5       ?GetSubdivideIndexes@OpenGLDrv@@YAXPAH@Z 004459c5 f   gl_poly.obj
 0001:00044a18       ?RemoveCollinearPoints@OpenGLDrv@@YAHPAPAUCVec3@@H@Z 00445a18 f   gl_poly.obj
 0001:00044b0e       ?GetPolyArea@OpenGLDrv@@YAMPAPAUCVec3@@H@Z 00445b0e f   gl_poly.obj
 0001:00044ba2       ?InitShaders@OpenGLDrv@@YAXXZ 00445ba2 f   gl_shader.obj
 0001:00044d27       ?ShutdownShaders@OpenGLDrv@@YAXXZ 00445d27 f   gl_shader.obj
 0001:00044d65       ?GetLightmapImage@OpenGLDrv@@YAPAVimage_t@1@H@Z 00445d65 f   gl_shader.obj
 0001:00044d8d       ?SetShaderLightmap@OpenGLDrv@@YAPAVshader_t@1@PAV21@H@Z 00445d8d f   gl_shader.obj
 0001:000450ac       ??4shader_t@OpenGLDrv@@QAEAAV01@ABV01@@Z 004460ac f i gl_shader.obj
 0001:000452e2       ?SetShaderLightstyles@OpenGLDrv@@YAPAVshader_t@1@PAV21@I@Z 004462e2 f   gl_shader.obj
 0001:0004537e       ?GetAlphaShader@OpenGLDrv@@YAPAVshader_t@1@PAV21@@Z 0044637e f   gl_shader.obj
 0001:00045774       ?FindShader@OpenGLDrv@@YAPAVshader_t@1@PBDI@Z 00446774 f   gl_shader.obj
 0001:00047079       ?GetShaderByNum@OpenGLDrv@@YAPAVshader_t@1@H@Z 00448079 f   gl_shader.obj
 0001:00047097       ?ResetShaders@OpenGLDrv@@YAXXZ 00448097 f   gl_shader.obj
 0001:00047282       ?Reload@shader_t@OpenGLDrv@@UAEXXZ 00448282 f   gl_shader.obj
 0001:000472b1       ?ClearSky@OpenGLDrv@@YAXXZ 004482b1 f   gl_sky.obj
 0001:0004730e       ?AddSkySurface@OpenGLDrv@@YAXPAVsurfacePlanar_t@1@E@Z 0044830e f   gl_sky.obj
 0001:000478d6       ?DrawSky@OpenGLDrv@@YAXXZ  004488d6 f   gl_sky.obj
 0001:00047f7a       ?DrawChar@OpenGLDrv@@YAXHHHH@Z 00448f7a f   gl_text.obj
 0001:00047fcb       ?ClearTexts@OpenGLDrv@@YAXXZ 00448fcb f   gl_text.obj
 0001:00047fe0       ?FlushTexts@OpenGLDrv@@YAXXZ 00448fe0 f   gl_text.obj
 0001:0004808c       ?DrawTextPos@OpenGLDrv@@YAXHHPBDI@Z 0044908c f   gl_text.obj
 0001:000480b8       ?DrawTextLeft@OpenGLDrv@@YAXPBDI@Z 004490b8 f   gl_text.obj
 0001:0004813f       ?DrawTextRight@OpenGLDrv@@YAXPBDI@Z 0044913f f   gl_text.obj
 0001:00048189       ?DrawText3D@OpenGLDrv@@YAXABUCVec3@@PBDI@Z 00449189 f   gl_text.obj
 0001:000481b6       ?InitTexts@OpenGLDrv@@YAXXZ 004491b6 f   gl_text.obj
 0001:000481d0       ?FindModel@OpenGLDrv@@YAPAVmodel_t@1@PBD@Z 004491d0 f   gl_model.obj
 0001:000483a5       ?FreeModels@OpenGLDrv@@YAXXZ 004493a5 f   gl_model.obj
 0001:00048417       ?InitModels@OpenGLDrv@@YAXXZ 00449417 f   gl_model.obj
 0001:0004850d       ?ShutdownModels@OpenGLDrv@@YAXXZ 0044950d f   gl_model.obj
 0001:0004851e       ?LoadWorldMap@OpenGLDrv@@YAXPBD@Z 0044951e f   gl_bspmodel.obj
 0001:0004a026       ?PointInLeaf@OpenGLDrv@@YAPAUnode_t@1@ABUCVec3@@@Z 0044b026 f   gl_bspmodel.obj
 0001:0004a071       ?CALL_CONSTRUCTOR@@YAXPAVinlineModel_t@OpenGLDrv@@@Z 0044b071 f i gl_bspmodel.obj
 0001:0004a087       ?LerpTag@model_t@OpenGLDrv@@UBE_NHHMPBDAAUCCoords@@@Z 0044b087 f   gl_trimodel.obj
 0001:0004a095       ?LerpTag@md3Model_t@OpenGLDrv@@UBE_NHHMPBDAAUCCoords@@@Z 0044b095 f   gl_trimodel.obj
 0001:0004a1a5       ?LoadMd2@OpenGLDrv@@YAPAVmd3Model_t@1@PBDPAEI@Z 0044b1a5 f   gl_trimodel.obj
 0001:0004acd3       ?ATAN2_FUNC@OpenGLDrv@@YAMMM@Z 0044bcd3 f i gl_trimodel.obj
 0001:0004ae89       ?LoadMd3@OpenGLDrv@@YAPAVmd3Model_t@1@PBDPAEI@Z 0044be89 f   gl_trimodel.obj
 0001:0004b33e       ?LoadSp2@OpenGLDrv@@YAPAVsprModel_t@1@PBDPAEI@Z 0044c33e f   gl_trimodel.obj
 0001:0004b556       ?LoadSpr@OpenGLDrv@@YAPAVsprModel_t@1@PBDPAEI@Z 0044c556 f   gl_trimodel.obj
 0001:0004b65f       ?CALL_CONSTRUCTOR@@YAXPAVmd3Model_t@OpenGLDrv@@@Z 0044c65f f i gl_trimodel.obj
 0001:0004b675       ?CALL_CONSTRUCTOR@@YAXPAVsprModel_t@OpenGLDrv@@@Z 0044c675 f i gl_trimodel.obj
 0001:0004cc32       ?QGL_Init@OpenGLDrv@@YA_NPBD@Z 0044dc32 f   qgl_win.obj
 0001:0004cd14       ?QGL_Shutdown@OpenGLDrv@@YAXXZ 0044dd14 f   qgl_win.obj
 0001:0004cd5b       ?QGL_InitExtensions@OpenGLDrv@@YAXXZ 0044dd5b f   qgl_win.obj
 0001:0004d247       ?QGL_PrintExtensionsString@OpenGLDrv@@YAXPBD00@Z 0044e247 f   qgl_win.obj
 0001:0004d394       ?QGL_EnableLogging@OpenGLDrv@@YAX_N@Z 0044e394 f   qgl_win.obj
 0001:0004d442       ?QGL_LogMessage@OpenGLDrv@@YAXPBD@Z 0044e442 f   qgl_win.obj
 0001:0004d458       ?QGL_SwapBuffers@OpenGLDrv@@YAXXZ 0044e458 f   qgl_win.obj
 0001:0004d4da       ?GLimp_HasGamma@OpenGLDrv@@YA_NXZ 0044e4da f   gl_win.obj
 0001:0004d4ee       ?GLimp_SetGamma@OpenGLDrv@@YAXM@Z 0044e4ee f   gl_win.obj
 0001:0004d694       ?GLimp_SetMode@OpenGLDrv@@YA_NPAI0H_N@Z 0044e694 f   gl_win.obj
 0001:0004da68       ?GLimp_Shutdown@OpenGLDrv@@YAX_N@Z 0044ea68 f   gl_win.obj
 0001:0004db15       ?AppActivate@OpenGLDrv@@YAX_N@Z 0044eb15 f   gl_win.obj
 0001:0004db85       _jpeg_CreateDecompress     0044eb85 f   lib:jdapimin.obj
 0001:0004dc45       _jpeg_read_header          0044ec45 f   lib:jdapimin.obj
 0001:0004dca7       _jpeg_consume_input        0044eca7 f   lib:jdapimin.obj
 0001:0004def6       _jpeg_finish_decompress    0044eef6 f   lib:jdapimin.obj
 0001:0004df8d       _jpeg_start_decompress     0044ef8d f   lib:jdapistd.obj
 0001:0004e0fa       _jpeg_read_scanlines       0044f0fa f   lib:jdapistd.obj
 0001:0004e17e       _jpeg_resync_to_restart    0044f17e f   lib:jdmarker.obj
 0001:0004e343       _jinit_marker_reader       0044f343 f   lib:jdmarker.obj
 0001:0004f80e       _jpeg_CreateCompress       0045080e f   lib:jcapimin.obj
 0001:0004f8c2       _jpeg_destroy_compress     004508c2 f   lib:jcapimin.obj
 0001:0004f8c2       _jpeg_destroy_decompress   004508c2 f   lib:jcapimin.obj
 0001:0004f8cd       _jpeg_suppress_tables      004508cd f   lib:jcapimin.obj
 0001:0004f917       _jpeg_finish_compress      00450917 f   lib:jcapimin.obj
 0001:0004fa01       _jpeg_start_compress       00450a01 f   lib:jcapistd.obj
 0001:0004fa6d       _jpeg_write_scanlines      00450a6d f   lib:jcapistd.obj
 0001:0004fb18       _jpeg_add_quant_table      00450b18 f   lib:jcparam.obj
 0001:0004fbca       _jpeg_quality_scaling      00450bca f   lib:jcparam.obj
 0001:0004fbf1       _jpeg_set_quality          00450bf1 f   lib:jcparam.obj
 0001:0004fc2b       _jpeg_set_defaults         00450c2b f   lib:jcparam.obj
 0001:0004fdf1       _jpeg_default_colorspace   00450df1 f   lib:jcparam.obj
 0001:0004fe41       _jpeg_set_colorspace       00450e41 f   lib:jcparam.obj
 0001:0005015c       _jpeg_stdio_dest           0045115c f   lib:jdatadst.obj
 0001:0005037c       _crc32                     0045137c f   lib:crc32.obj
 0001:00050616       _inflateReset              00451616 f   lib:inflate.obj
 0001:00050664       _inflateInit2_             00451664 f   lib:inflate.obj
 0001:0005071d       _inflate                   0045171d f   lib:inflate.obj
 0001:000519f2       _inflateEnd                004529f2 f   lib:inflate.obj
 0001:00051a30       _jinit_input_controller    00452a30 f   lib:jdinput.obj
 0001:00051f13       _jinit_memory_mgr          00452f13 f   lib:jmemmgr.obj
 0001:00052a4f       _jpeg_abort                00453a4f f   lib:jcomapi.obj
 0001:00052a82       _jpeg_destroy              00453a82 f   lib:jcomapi.obj
 0001:00052a9d       _jpeg_alloc_quant_table    00453a9d f   lib:jcomapi.obj
 0001:00052ab9       _jpeg_alloc_huff_table     00453ab9 f   lib:jcomapi.obj
 0001:00052ad5       _jpeg_calc_output_dimensions 00453ad5 f   lib:jdmaster.obj
 0001:00052bd5       _jinit_master_decompress   00453bd5 f   lib:jdmaster.obj
 0001:00052f2b       _jdiv_round_up             00453f2b f   lib:jutils.obj
 0001:00052f3b       _jround_up                 00453f3b f   lib:jutils.obj
 0001:00052f53       _jcopy_sample_rows         00453f53 f   lib:jutils.obj
 0001:00052f91       _jcopy_block_row           00453f91 f   lib:jutils.obj
 0001:00052faa       _jzero_far                 00453faa f   lib:jutils.obj
 0001:00052fbd       _jinit_marker_writer       00453fbd f   lib:jcmarker.obj
 0001:00053899       _jinit_compress_master     00454899 f   lib:jcinit.obj
 0001:000538f2       _inflate_fast              004548f2 f   lib:inffast.obj
 0001:00053ca7       _inflate_table             00454ca7 f   lib:inftrees.obj
 0001:0005405b       _adler32                   0045505b f   lib:adler32.obj
 0001:00054174       _jinit_c_codec             00455174 f   lib:jcodec.obj
 0001:00054190       _jinit_d_codec             00455190 f   lib:jcodec.obj
 0001:000541ac       _jpeg_get_small            004551ac f   lib:jmemnobs.obj
 0001:000541ac       _jpeg_get_large            004551ac f   lib:jmemnobs.obj
 0001:000541b8       _jpeg_free_small           004551b8 f   lib:jmemnobs.obj
 0001:000541b8       _jpeg_free_large           004551b8 f   lib:jmemnobs.obj
 0001:000541c4       _jpeg_mem_available        004551c4 f   lib:jmemnobs.obj
 0001:000541c9       _jpeg_open_backing_store   004551c9 f   lib:jmemnobs.obj
 0001:000541dd       _jpeg_mem_init             004551dd f   lib:jmemnobs.obj
 0001:000541dd       __matherr                  004551dd f   lib:jmemnobs.obj
 0001:000541e0       _jinit_d_main_controller   004551e0 f   lib:jdmainct.obj
 0001:0005482b       _jinit_d_post_controller   0045582b f   lib:jdpostct.obj
 0001:00054ad6       _jinit_upsampler           00455ad6 f   lib:jdsample.obj
 0001:00055114       _jinit_color_deconverter   00456114 f   lib:jdcolor.obj
 0001:0005562a       _jinit_merged_upsampler    0045662a f   lib:jdmerge.obj
 0001:00055b7a       _jinit_2pass_quantizer     00456b7a f   lib:jquant2.obj
 0001:00056c3d       _jinit_1pass_quantizer     00457c3d f   lib:jquant1.obj
 0001:00057663       _jinit_c_main_controller   00458663 f   lib:jcmainct.obj
 0001:000577d0       _jinit_c_prep_controller   004587d0 f   lib:jcprepct.obj
 0001:00057d1b       _jinit_downsampler         00458d1b f   lib:jcsample.obj
 0001:0005859b       _jinit_color_converter     0045959b f   lib:jccolor.obj
 0001:00058b85       _jinit_c_master_control    00459b85 f   lib:jcmaster.obj
 0001:00059674       _jinit_lossy_c_codec       0045a674 f   lib:jclossy.obj
 0001:0005970f       _jinit_lossless_c_codec    0045a70f f   lib:jclossls.obj
 0001:000597a7       _jinit_lossy_d_codec       0045a7a7 f   lib:jdlossy.obj
 0001:00059a7a       _jinit_lossless_d_codec    0045aa7a f   lib:jdlossls.obj
 0001:00059b2a       _jinit_c_coef_controller   0045ab2a f   lib:jccoefct.obj
 0001:0005a1c9       _jinit_shuff_encoder       0045b1c9 f   lib:jcshuff.obj
 0001:0005aa34       _jinit_phuff_encoder       0045ba34 f   lib:jcphuff.obj
 0001:0005b4d9       _jinit_forward_dct         0045c4d9 f   lib:jcdctmgr.obj
 0001:0005b7a8       _jinit_c_diff_controller   0045c7a8 f   lib:jcdiffct.obj
 0001:0005bd0e       _jinit_lhuff_encoder       0045cd0e f   lib:jclhuff.obj
 0001:0005c438       _jinit_differencer         0045d438 f   lib:jcpred.obj
 0001:0005c952       _jinit_c_scaler            0045d952 f   lib:jcscale.obj
 0001:0005c9c8       _jinit_d_coef_controller   0045d9c8 f   lib:jdcoefct.obj
 0001:0005d6a4       _jinit_shuff_decoder       0045e6a4 f   lib:jdshuff.obj
 0001:0005dc39       _jinit_phuff_decoder       0045ec39 f   lib:jdphuff.obj
 0001:0005e7d6       _jinit_inverse_dct         0045f7d6 f   lib:jddctmgr.obj
 0001:0005e9ba       _jinit_d_diff_controller   0045f9ba f   lib:jddiffct.obj
 0001:0005eee8       _jinit_d_scaler            0045fee8 f   lib:jdscale.obj
 0001:0005efe7       _jinit_undifferencer       0045ffe7 f   lib:jdpred.obj
 0001:0005f3a1       _jinit_lhuff_decoder       004603a1 f   lib:jdlhuff.obj
 0001:0005f796       _jpeg_make_c_derived_tbl   00460796 f   lib:jchuff.obj
 0001:0005f998       _jpeg_gen_optimal_table    00460998 f   lib:jchuff.obj
 0001:0005fb57       _jpeg_fdct_float           00460b57 f   lib:jfdctflt.obj
 0001:0005fd5c       _jpeg_make_d_derived_tbl   00460d5c f   lib:jdhuff.obj
 0001:0005fff9       _jpeg_fill_bit_buffer      00460ff9 f   lib:jdhuff.obj
 0001:00060108       _jpeg_huff_decode          00461108 f   lib:jdhuff.obj
 0001:000601e8       _jpeg_idct_4x4             004611e8 f   lib:jidctred.obj
 0001:000604d6       _jpeg_idct_2x2             004614d6 f   lib:jidctred.obj
 0001:00060698       _jpeg_idct_1x1             00461698 f   lib:jidctred.obj
 0001:000606d4       _jpeg_idct_float           004616d4 f   lib:jidctflt.obj
 0001:00060ab0       __except_handler3          00461ab0 f   MSVCRT:MSVCRT.dll
 0001:00060ac0       __alloca_probe             00461ac0 f   MSVCRT:chkstk.obj
 0001:00060ac0       __chkstk                   00461ac0 f   MSVCRT:chkstk.obj
[...]
 0001:0005eb58       _start_iMCU_row            0045fb58 f   lib:jddiffct.obj
 0001:0005eb9d       _start_output_pass         0045fb9d f   lib:jddiffct.obj
 0001:0005eba9       _decompress_data           0045fba9 f   lib:jddiffct.obj
 0001:0005ed19       _process_restart           0045fd19 f   lib:jddiffct.obj
 0001:0005cd39       _dummy_consume_data        0045dd39 f   lib:jdcoefct.obj
 0001:0005ed4e       _consume_data              0045fd4e f   lib:jddiffct.obj
 0001:0005edc5       _output_data               0045fdc5 f   lib:jddiffct.obj
 0001:0005e84c       _start_pass                0045f84c f   lib:jddctmgr.obj
 0001:0005dc9e       _start_pass_phuff_decoder  0045ec9e f   lib:jdphuff.obj
 0001:0005dee7       _decode_mcu_DC_first       0045eee7 f   lib:jdphuff.obj
 0001:0005e0df       _process_restart           0045f0df f   lib:jdphuff.obj
 0001:0005e14e       _decode_mcu_AC_first       0045f14e f   lib:jdphuff.obj
 0001:0005e36e       _decode_mcu_DC_refine      0045f36e f   lib:jdphuff.obj
 0001:0005e443       _decode_mcu_AC_refine      0045f443 f   lib:jdphuff.obj
 0001:0005d6e5       _start_pass_huff_decoder   0045e6e5 f   lib:jdshuff.obj
 0001:0005d81d       _decode_mcu                0045e81d f   lib:jdshuff.obj
 0001:0005dbcd       _process_restart           0045ebcd f   lib:jdshuff.obj
 0001:0005cacb       _start_input_pass          0045dacb f   lib:jdcoefct.obj
 0001:0005cade       _start_iMCU_row            0045dade f   lib:jdcoefct.obj
 0001:0005cb23       _start_output_pass         0045db23 f   lib:jdcoefct.obj
 0001:0005cb60       _decompress_onepass        0045db60 f   lib:jdcoefct.obj
 0001:0005cd39       _dummy_consume_data        0045dd39 f   lib:jdcoefct.obj
 0001:0005cd3c       _consume_data              0045dd3c f   lib:jdcoefct.obj
 0001:0005cef5       _decompress_data           0045def5 f   lib:jdcoefct.obj
 0001:0005d061       _smoothing_ok              0045e061 f   lib:jdcoefct.obj
 0001:0005d14c       _decompress_smooth_data    0045e14c f   lib:jdcoefct.obj
 0001:0005c964       _scaler_start_pass         0045d964 f   lib:jcscale.obj
 0001:0005c987       _simple_downscale          0045d987 f   lib:jcscale.obj
 0001:0005c9b3       _noscale                   0045d9b3 f   lib:jcscale.obj
 0001:0005c45c       _start_pass                0045d45c f   lib:jcpred.obj
 0001:0005c4b4       _reset_predictor           0045d4b4 f   lib:jcpred.obj
 0001:0005c4e1       _jpeg_difference_first_row 0045d4e1 f   lib:jcpred.obj
 0001:0005c5cb       _jpeg_difference1          0045d5cb f   lib:jcpred.obj
 0001:0005c639       _jpeg_difference2          0045d639 f   lib:jcpred.obj
 0001:0005c6aa       _jpeg_difference3          0045d6aa f   lib:jcpred.obj
 0001:0005c722       _jpeg_difference4          0045d722 f   lib:jcpred.obj
 0001:0005c7ad       _jpeg_difference5          0045d7ad f   lib:jcpred.obj
 0001:0005c840       _jpeg_difference6          0045d840 f   lib:jcpred.obj
 0001:0005c8cf       _jpeg_difference7          0045d8cf f   lib:jcpred.obj
 0001:0005bd4e       _start_pass_huff           0045cd4e f   lib:jclhuff.obj
 0001:0005beeb       _encode_mcus_huff          0045ceeb f   lib:jclhuff.obj
 0001:0005c0d6       _emit_bits                 0045d0d6 f   lib:jclhuff.obj
 0001:0005c179       _dump_buffer               0045d179 f   lib:jclhuff.obj
 0001:0005c19d       _emit_restart              0045d19d f   lib:jclhuff.obj
 0001:0005c1e8       _flush_bits                0045d1e8 f   lib:jclhuff.obj
 0001:0005c20c       _finish_pass_huff          0045d20c f   lib:jclhuff.obj
 0001:0005c279       _encode_mcus_gather        0045d279 f   lib:jclhuff.obj
 0001:0005c3a2       _finish_pass_gather        0045d3a2 f   lib:jclhuff.obj
 0001:0005aa31       _need_optimization_pass    0045ba31 f   lib:jcshuff.obj
 0001:0005b92c       _start_pass_diff           0045c92c f   lib:jcdiffct.obj
 0001:0005b9ca       _start_iMCU_row            0045c9ca f   lib:jcdiffct.obj
 0001:0005ba0c       _compress_data             0045ca0c f   lib:jcdiffct.obj
 0001:0005bba2       _compress_first_pass       0045cba2 f   lib:jcdiffct.obj
 0001:0005bc97       _compress_output           0045cc97 f   lib:jcdiffct.obj
 0001:0005b53f       _start_pass_fdctmgr        0045c53f f   lib:jcdctmgr.obj
 0001:0005b641       _forward_DCT_float         0045c641 f   lib:jcdctmgr.obj
 0001:0005aa74       _start_pass_phuff          0045ba74 f   lib:jcphuff.obj
 0001:0005abe1       _encode_mcu_DC_first       0045bbe1 f   lib:jcphuff.obj
 0001:0005ad13       _emit_bits                 0045bd13 f   lib:jcphuff.obj
 0001:0005adbe       _dump_buffer               0045bdbe f   lib:jcphuff.obj
 0001:0005adf6       _emit_symbol               0045bdf6 f   lib:jcphuff.obj
 0001:0005ae36       _emit_restart              0045be36 f   lib:jcphuff.obj
 0001:0005aebf       _emit_eobrun               0045bebf f   lib:jcphuff.obj
 0001:0005af45       _encode_mcu_AC_first       0045bf45 f   lib:jcphuff.obj
 0001:0005b0d9       _encode_mcu_DC_refine      0045c0d9 f   lib:jcphuff.obj
 0001:0005b193       _encode_mcu_AC_refine      0045c193 f   lib:jcphuff.obj
 0001:0005b3aa       _finish_pass_phuff         0045c3aa f   lib:jcphuff.obj
 0001:0005b3f9       _finish_pass_gather_phuff  0045c3f9 f   lib:jcphuff.obj
 0001:0005b4bc       _need_optimization_pass    0045c4bc f   lib:jcphuff.obj
 0001:0005a20c       _start_pass_huff           0045b20c f   lib:jcshuff.obj
 0001:0005a381       _encode_mcu_huff           0045b381 f   lib:jcshuff.obj
 0001:0005a48c       _encode_one_block          0045b48c f   lib:jcshuff.obj
 0001:0005a603       _emit_bits                 0045b603 f   lib:jcshuff.obj
 0001:0005a6a6       _dump_buffer               0045b6a6 f   lib:jcshuff.obj
 0001:0005a6ca       _emit_restart              0045b6ca f   lib:jcshuff.obj
 0001:0005a737       _flush_bits                0045b737 f   lib:jcshuff.obj
 0001:0005a75b       _finish_pass_huff          0045b75b f   lib:jcshuff.obj
 0001:0005a7ca       _encode_mcu_gather         0045b7ca f   lib:jcshuff.obj
 0001:0005a880       _htest_one_block           0045b880 f   lib:jcshuff.obj
 0001:0005a947       _finish_pass_gather        0045b947 f   lib:jcshuff.obj
 0001:0005aa31       _need_optimization_pass    0045ba31 f   lib:jcshuff.obj
 0001:00059bdf       _start_pass_coef           0045abdf f   lib:jccoefct.obj
 0001:0005b9ca       _start_iMCU_row            0045c9ca f   lib:jcdiffct.obj
 0001:00059c74       _compress_data             0045ac74 f   lib:jccoefct.obj
 0001:00059e5b       _compress_first_pass       0045ae5b f   lib:jccoefct.obj
 0001:0005a041       _compress_output           0045b041 f   lib:jccoefct.obj
 0001:00059af7       _calc_output_dimensions    0045aaf7 f   lib:jdlossls.obj
 0001:00059b08       _start_input_pass          0045ab08 f   lib:jdlossls.obj
 0001:00059836       _calc_output_dimensions    0045a836 f   lib:jdlossy.obj
 0001:000599a9       _start_input_pass          0045a9a9 f   lib:jdlossy.obj
 0001:000599c9       _latch_quant_tables        0045a9c9 f   lib:jdlossy.obj
 0001:00059a61       _start_output_pass         0045aa61 f   lib:jdlossy.obj
 0001:00059785       _start_pass                0045a785 f   lib:jclossls.obj
 0001:000596f1       _start_pass                0045a6f1 f   lib:jclossy.obj
 0001:00058c46       _initial_setup             00459c46 f   lib:jcmaster.obj
 0001:00058df9       _validate_script           00459df9 f   lib:jcmaster.obj
 0001:000591d1       _prepare_for_pass          0045a1d1 f   lib:jcmaster.obj
 0001:00059349       _select_scan_parameters    0045a349 f   lib:jcmaster.obj
 0001:0005944a       _per_scan_setup            0045a44a f   lib:jcmaster.obj
 0001:000595f5       _pass_startup              0045a5f5 f   lib:jcmaster.obj
 0001:0005961c       _finish_pass_master        0045a61c f   lib:jcmaster.obj
 0001:00058732       _rgb_ycc_start             00459732 f   lib:jccolor.obj
 0001:000587f6       _rgb_ycc_convert           004597f6 f   lib:jccolor.obj
 0001:000588f5       _rgb_gray_convert          004598f5 f   lib:jccolor.obj
 0001:0005897a       _cmyk_ycck_convert         0045997a f   lib:jccolor.obj
 0001:00058ab2       _grayscale_convert         00459ab2 f   lib:jccolor.obj
 0001:00058b0c       _null_convert              00459b0c f   lib:jccolor.obj
 0001:0001f295       _null_method               00420295 f   sv_game.obj
 0001:0001f295       _start_pass_downsample     00420295 f   sv_game.obj
 0001:00057e7e       _sep_downsample            00458e7e f   lib:jcsample.obj
 0001:00057ef3       _int_downsample            00458ef3 f   lib:jcsample.obj
 0001:00057feb       _expand_right_edge         00458feb f   lib:jcsample.obj
 0001:00058040       _fullsize_downsample       00459040 f   lib:jcsample.obj
 0001:00058084       _h2v1_downsample           00459084 f   lib:jcsample.obj
 0001:00058118       _h2v2_downsample           00459118 f   lib:jcsample.obj
 0001:000581c5       _h2v2_smooth_downsample    004591c5 f   lib:jcsample.obj
 0001:0005843d       _fullsize_smooth_downsample 0045943d f   lib:jcsample.obj
 0001:0005787a       _start_pass_prep           0045887a f   lib:jcprepct.obj
 0001:000578b8       _pre_process_data          004588b8 f   lib:jcprepct.obj
 0001:00057a66       _pre_process_context       00458a66 f   lib:jcprepct.obj
 0001:00057c1f       _create_context_buffer     00458c1f f   lib:jcprepct.obj
 0001:000576f2       _start_pass_main           004586f2 f   lib:jcmainct.obj
 0001:00057734       _process_data_simple_main  00458734 f   lib:jcmainct.obj
 0001:00056cc8       _create_colormap           00457cc8 f   lib:jquant1.obj
 0001:00056dfa       _select_ncolors            00457dfa f   lib:jquant1.obj
 0001:00056ed1       _create_colorindex         00457ed1 f   lib:jquant1.obj
 0001:00056ffd       _alloc_fs_workspace        00457ffd f   lib:jquant1.obj
 0001:00057039       _start_pass_1_quant        00458039 f   lib:jquant1.obj
 0001:00057105       _create_odither_tables     00458105 f   lib:jquant1.obj
 0001:00057164       _make_odither_array        00458164 f   lib:jquant1.obj
 0001:000571c7       _color_quantize            004581c7 f   lib:jquant1.obj
 0001:00057252       _color_quantize3           00458252 f   lib:jquant1.obj
 0001:000572e0       _quantize_ord_dither       004582e0 f   lib:jquant1.obj
 0001:000573cb       _quantize3_ord_dither      004583cb f   lib:jquant1.obj
 0001:000574cb       _quantize_fs_dither        004584cb f   lib:jquant1.obj
 0001:0001f295       _finish_pass_1_quant       00420295 f   sv_game.obj
 0001:0005764f       _new_color_map_1_quant     0045864f f   lib:jquant1.obj
 0001:00055c89       _init_error_limit          00456c89 f   lib:jquant2.obj
 0001:00055d28       _start_pass_2_quant        00456d28 f   lib:jquant2.obj
 0001:00055e2a       _prescan_quantize          00456e2a f   lib:jquant2.obj
 0001:00055e99       _pass2_no_dither           00456e99 f   lib:jquant2.obj
 0001:00055f46       _fill_inverse_cmap         00456f46 f   lib:jquant2.obj
 0001:00056011       _find_nearby_colors        00457011 f   lib:jquant2.obj
 0001:000561b5       _find_best_colors          004571b5 f   lib:jquant2.obj
 0001:000562cf       _pass2_fs_dither           004572cf f   lib:jquant2.obj
 0001:0005653e       _finish_pass1              0045753e f   lib:jquant2.obj
 0001:00056560       _select_colors             00457560 f   lib:jquant2.obj
 0001:000565ec       _update_box                004575ec f   lib:jquant2.obj
 0001:00056986       _median_cut                00457986 f   lib:jquant2.obj
 0001:00056a9a       _find_biggest_color_pop    00457a9a f   lib:jquant2.obj
 0001:00056ac9       _find_biggest_volume       00457ac9 f   lib:jquant2.obj
 0001:00056af2       _compute_color             00457af2 f   lib:jquant2.obj
 0001:0001f295       _finish_pass2              00420295 f   sv_game.obj
 0001:00056c2e       _new_color_map_2_quant     00457c2e f   lib:jquant2.obj
 0001:000556a0       _build_ycc_rgb_table       004566a0 f   lib:jdmerge.obj
 0001:00055750       _start_pass_merged_upsample 00456750 f   lib:jdmerge.obj
 0001:00055765       _merged_2v_upsample        00456765 f   lib:jdmerge.obj
 0001:0005580c       _merged_1v_upsample        0045680c f   lib:jdmerge.obj
 0001:0005583d       _h2v1_merged_upsample      0045683d f   lib:jdmerge.obj
 0001:00055993       _h2v2_merged_upsample      00456993 f   lib:jdmerge.obj
 0001:00055244       _build_ycc_rgb_table       00456244 f   lib:jdcolor.obj
 0001:000552f4       _ycc_rgb_convert           004562f4 f   lib:jdcolor.obj
 0001:00055402       _null_convert              00456402 f   lib:jdcolor.obj
 0001:0005547a       _grayscale_convert         0045647a f   lib:jdcolor.obj
 0001:0005549d       _gray_rgb_convert          0045649d f   lib:jdcolor.obj
 0001:000554f6       _ycck_cmyk_convert         004564f6 f   lib:jdcolor.obj
 0001:0001f295       _start_pass_dcolor         00420295 f   sv_game.obj
 0001:00054ca5       _start_pass_upsample       00455ca5 f   lib:jdsample.obj
 0001:00054cbf       _sep_upsample              00455cbf f   lib:jdsample.obj
 0001:00054d8c       _fullsize_upsample         00455d8c f   lib:jdsample.obj
 0001:00054d97       _noop_upsample             00455d97 f   lib:jdsample.obj
 0001:00054d9f       _int_upsample              00455d9f f   lib:jdsample.obj
 0001:00054e89       _h2v1_upsample             00455e89 f   lib:jdsample.obj
 0001:00054ee0       _h2v2_upsample             00455ee0 f   lib:jdsample.obj
 0001:00054f52       _h2v1_fancy_upsample       00455f52 f   lib:jdsample.obj
 0001:00054ff5       _h2v2_fancy_upsample       00455ff5 f   lib:jdsample.obj
 0001:000548ae       _start_pass_dpost          004558ae f   lib:jdpostct.obj
 0001:00054954       _post_process_1pass        00455954 f   lib:jdpostct.obj
 0001:000549b9       _post_process_prepass      004559b9 f   lib:jdpostct.obj
 0001:00054a4a       _post_process_2pass        00455a4a f   lib:jdpostct.obj
 0001:000542b5       _alloc_funny_pointers      004552b5 f   lib:jdmainct.obj
 0001:00054362       _start_pass_main           00455362 f   lib:jdmainct.obj
 0001:000543ca       _make_funny_pointers       004553ca f   lib:jdmainct.obj
 0001:0005450a       _process_data_simple_main  0045550a f   lib:jdmainct.obj
 0001:00054572       _process_data_context_main 00455572 f   lib:jdmainct.obj
 0001:00054684       _set_wraparound_pointers   00455684 f   lib:jdmainct.obj
 0001:0005476e       _set_bottom_pointers       0045576e f   lib:jdmainct.obj
 0001:00054808       _process_data_crank_post   00455808 f   lib:jdmainct.obj
 0001:0005300b       _write_marker_header       0045400b f   lib:jcmarker.obj
 0001:00053061       _emit_byte                 00454061 f   lib:jcmarker.obj
 0001:00053092       _write_marker_byte         00454092 f   lib:jcmarker.obj
 0001:000530a2       _write_file_header         004540a2 f   lib:jcmarker.obj
 0001:000530ee       _emit_jfif_app0            004540ee f   lib:jcmarker.obj
 0001:000531c1       _emit_adobe_app14          004541c1 f   lib:jcmarker.obj
 0001:00053267       _write_frame_header        00454267 f   lib:jcmarker.obj
 0001:00053346       _emit_dqt                  00454346 f   lib:jcmarker.obj
 0001:00053435       _emit_sof                  00454435 f   lib:jcmarker.obj
 0001:00053511       _write_scan_header         00454511 f   lib:jcmarker.obj
 0001:000535d1       _emit_dht                  004545d1 f   lib:jcmarker.obj
 0001:000536aa       _emit_dri                  004546aa f   lib:jcmarker.obj
 0001:000536f9       _emit_sos                  004546f9 f   lib:jcmarker.obj
 0001:000537e7       _write_file_trailer        004547e7 f   lib:jcmarker.obj
 0001:00053807       _write_tables_only         00454807 f   lib:jcmarker.obj
 0001:00052b60       _use_merged_upsample       00453b60 f   lib:jdmaster.obj
 0001:00052c06       _master_selection          00453c06 f   lib:jdmaster.obj
 0001:00052d63       _prepare_range_limit_table 00453d63 f   lib:jdmaster.obj
 0001:00052de9       _prepare_for_output_pass   00453de9 f   lib:jdmaster.obj
 0001:00052f0a       _finish_output_pass        00453f0a f   lib:jdmaster.obj
 0001:00051fd7       _alloc_small               00452fd7 f   lib:jmemmgr.obj
 0001:000520f5       _alloc_large               004530f5 f   lib:jmemmgr.obj
 0001:000521a6       _alloc_sarray              004531a6 f   lib:jmemmgr.obj
 0001:0005223e       _alloc_barray              0045323e f   lib:jmemmgr.obj
 0001:000522e2       _alloc_darray              004532e2 f   lib:jmemmgr.obj
 0001:0005238d       _request_virt_sarray       0045338d f   lib:jmemmgr.obj
 0001:000523ee       _request_virt_barray       004533ee f   lib:jmemmgr.obj
 0001:0005244f       _realize_virt_arrays       0045344f f   lib:jmemmgr.obj
 0001:000525d2       _access_virt_sarray        004535d2 f   lib:jmemmgr.obj
 0001:000526f2       _do_sarray_io              004536f2 f   lib:jmemmgr.obj
 0001:00052782       _access_virt_barray        00453782 f   lib:jmemmgr.obj
 0001:000528a7       _do_barray_io              004538a7 f   lib:jmemmgr.obj
 0001:00052938       _free_pool                 00453938 f   lib:jmemmgr.obj
 0001:00052a1f       _self_destruct             00453a1f f   lib:jmemmgr.obj
 0001:00051a71       _start_input_pass          00452a71 f   lib:jdinput.obj
 0001:00051a9f       _per_scan_setup            00452a9f f   lib:jdinput.obj
 0001:00051c25       _finish_input_pass         00452c25 f   lib:jdinput.obj
 0001:00051c36       _consume_markers           00452c36 f   lib:jdinput.obj
 0001:00051cd2       _initial_setup             00452cd2 f   lib:jdinput.obj
 0001:00051edc       _reset_input_controller    00452edc f   lib:jdinput.obj
 0001:0005182a       _fixedtables               0045282a f   lib:inflate.obj
 0001:00051914       _updatewindow              00452914 f   lib:inflate.obj
 0001:0005025c       _make_crc_table            0045125c f   lib:crc32.obj
 0001:000503a9       _crc32_little              004513a9 f   lib:crc32.obj
 0001:00050198       _init_destination          00451198 f   lib:jdatadst.obj
 0001:000501be       _empty_output_buffer       004511be f   lib:jdatadst.obj
 0001:00050200       _term_destination          00451200 f   lib:jdatadst.obj
 0001:0004fd1f       _std_huff_tables           00450d1f f   lib:jcparam.obj
 0001:0004fd79       _add_huff_table            00450d79 f   lib:jcparam.obj
 0001:0004e26c       _next_marker               0044f26c f   lib:jdmarker.obj
 0001:0004e3a6       _get_interesting_appn      0044f3a6 f   lib:jdmarker.obj
 0001:0004e4d1       _examine_app0              0044f4d1 f   lib:jdmarker.obj
 0001:0004e6df       _examine_app14             0044f6df f   lib:jdmarker.obj
 0001:0004e7a0       _skip_variable             0044f7a0 f   lib:jdmarker.obj
 0001:0004e843       _read_markers              0044f843 f   lib:jdmarker.obj
 0001:0004ea4b       _get_soi                   0044fa4b f   lib:jdmarker.obj
 0001:0004eaf6       _get_sof                   0044faf6 f   lib:jdmarker.obj
 0001:0004edff       _get_sos                   0044fdff f   lib:jdmarker.obj
 0001:0004f0ed       _get_dht                   004500ed f   lib:jdmarker.obj
 0001:0004f38e       _get_dqt                   0045038e f   lib:jdmarker.obj
 0001:0004f5ea       _get_dri                   004505ea f   lib:jdmarker.obj
 0001:0004f6c9       _first_marker              004506c9 f   lib:jdmarker.obj
 0001:0004f765       _read_restart_marker       00450765 f   lib:jdmarker.obj
 0001:0004f7e3       _reset_marker_reader       004507e3 f   lib:jdmarker.obj
 0001:0004e050       _output_pass_setup         0044f050 f   lib:jdapistd.obj
 0001:0004dd43       _default_decompress_parms  0044ed43 f   lib:jdapimin.obj

 183 bytes saved through ICF

