 Quake2

 Timestamp is 47f3d71f (Wed Apr 02 22:57:35 2008)

 Preferred load address is 00400000

 Start         Length     Name                   Class
 0001:00000000 0006be00H .text                   CODE
 0002:00000000 00000290H .idata$5                DATA
 0002:00000290 000079b4H .rdata                  DATA
 0002:00007c48 00000044H .rdata$r                DATA
 0002:00007c90 00000038H .xdata$x                DATA
 0002:00007cc8 00000078H .idata$2                DATA
 0002:00007d40 00000014H .idata$3                DATA
 0002:00007d54 00000290H .idata$4                DATA
 0002:00007fe4 00000858H .idata$6                DATA
 0002:0000883c 00000000H .edata                  DATA
 0003:00000000 00000004H .CRT$XCA                DATA
 0003:00000004 0000008cH .CRT$XCU                DATA
 0003:00000090 00000004H .CRT$XCZ                DATA
 0003:00000094 00000004H .CRT$XIA                DATA
 0003:00000098 00000004H .CRT$XIZ                DATA
 0003:000000a0 0000ef4cH .data                   DATA
 0003:0000eff0 004669ecH .bss                    DATA
 0004:00000000 00000130H .rsrc$01                DATA
 0004:00000130 00003f20H .rsrc$02                DATA

  Address         Publics by Value              Rva+Base     Lib:Object

 0001:00000000       ??3@YAXPAX@Z               00401000 f i CoreMain.obj
 0001:0000000e       ?appTimestamp@@YAPBDXZ     0040100e f   CoreMain.obj
 0001:00000043       ?appInit@@YAXXZ            00401043 f   CoreMain.obj
 0001:000000c3       ?appExit@@YAXXZ            004010c3 f   CoreMain.obj
 0001:000000cd       ?appMilliseconds@@YAIXZ    004010cd f   CoreWin32.obj
 0001:000000d3       ?appPackage@@YAPBDXZ       004010d3 f   CoreWin32.obj
 0001:0000012a       ?appGetSystemErrorMessage@@YAPBDI@Z 0040112a f   CoreWin32.obj
 0001:0000018e       ?appDisplayError@@YAXXZ    0040118e f   CoreWin32.obj
 0001:000001df       ?appAllowFpuXcpt@@YAX_N@Z  004011df f   CoreWin32.obj
 0001:00000210       ?appInitPlatform@@YAXXZ    00401210 f   CoreWin32.obj
 0001:000003a3       ?appShutdownPlatform@@YAXXZ 004013a3 f   CoreWin32.obj
 0001:000003ac       ?sprintf@?$TString@$0BAA@@@QAAHPBDZZ 004013ac f i CoreWin32.obj
 0001:000003d3       ?appDetectCPU@@YAXXZ       004013d3 f   CoreCpuid.obj
 0001:00000687       ?appLoadDebugSymbols@@YAXXZ 00401687 f   DbgSymbols.obj
 0001:00000844       ?appSymbolName@@YA_NIPADH@Z 00401844 f   DbgSymbols.obj
 0001:0000093a       ?appSymbolName@@YAPBDI@Z   0040193a f   DbgSymbols.obj
 0001:00000972       ?osGetAddressPackage@@YA_NIPADHAAH@Z 00401972 f   DbgSymbolsWin32.obj
 0001:00000a06       ?osGetAddressSymbol@@YA_NIPADHAAH@Z 00401a06 f   DbgSymbolsWin32.obj
 0001:00000bac       ?appMalloc@@YAPAXIH@Z      00401bac f   Memory.obj
 0001:00000cb1       ?appFree@@YAXPAX@Z         00401cb1 f   Memory.obj
 0001:00000d30       ?Unlink@FMemHeader@@QAEXXZ 00401d30 f i Memory.obj
 0001:00000d5b       ?Link@CMemoryChain@@AAEXXZ 00401d5b f   Memory.obj
 0001:00000d7a       ?Unlink@CMemoryChain@@AAEXXZ 00401d7a f   Memory.obj
 0001:00000da5       ??2CMemoryChain@@SAPAXIH@Z 00401da5 f   Memory.obj
 0001:00000e6e       ??3CMemoryChain@@SAXPAX@Z  00401e6e f   Memory.obj
 0001:00000eef       ?Alloc@CMemoryChain@@QAEPAXIH@Z 00401eef f   Memory.obj
 0001:00000fbb       ?GetSize@CMemoryChain@@QBEHXZ 00401fbb f   Memory.obj
 0001:00000fc9       ?BuildAllocatorsTable@@YAHPAXH@Z 00401fc9 f   Memory.obj
 0001:00001136       ?appInitMemory@@YAXXZ      00402136 f   Memory.obj
 0001:00001535       ??_ECOutputDevice@@UAEPAXI@Z 00402535 f i OutputDevice.obj
 0001:00001535       ??_GCOutputDevice@@UAEPAXI@Z 00402535 f i OutputDevice.obj
 0001:00001535       ??_GCOutputDeviceNull@@UAEPAXI@Z 00402535 f i OutputDevice.obj
 0001:00001535       ??_ECOutputDeviceNull@@UAEPAXI@Z 00402535 f i OutputDevice.obj
 0001:00001578       ?Write@COutputDeviceLog@@UAEXPBD@Z 00402578 f i OutputDevice.obj
 0001:000015c3       ??_GCOutputDeviceLog@@UAEPAXI@Z 004025c3 f i OutputDevice.obj
 0001:000015c3       ??_ECOutputDeviceLog@@UAEPAXI@Z 004025c3 f i OutputDevice.obj
 0001:000015e3       ?Printf@COutputDevice@@QAAXPBDZZ 004025e3 f   OutputDevice.obj
 0001:00001654       ?Register@COutputDevice@@QAEXXZ 00402654 f   OutputDevice.obj
 0001:000016b0       ?Unregister@COutputDevice@@QAEXXZ 004026b0 f   OutputDevice.obj
 0001:00001703       ?appPrintf@@YAXPBDZZ       00402703 f   OutputDevice.obj
 0001:0000183a       ?appWPrintf@@YAXPBDZZ      0040283a f   OutputDevice.obj
 0001:0000189d       ??0COutputDeviceMemTail@@QAE@H@Z 0040289d f i ErrorMgr.obj
 0001:000018ce       ?Write@COutputDeviceMemTail@@UAEXPBD@Z 004028ce f i ErrorMgr.obj
 0001:000019ea       ??_GCOutputDeviceMemTail@@UAEPAXI@Z 004029ea f i ErrorMgr.obj
 0001:000019ea       ??_ECOutputDeviceMemTail@@UAEPAXI@Z 004029ea f i ErrorMgr.obj
 0001:00001a09       ??1COutputDeviceMemTail@@UAE@XZ 00402a09 f i ErrorMgr.obj
 0001:00001a52       ??0COutputDeviceFile@@QAE@XZ 00402a52 f i ErrorMgr.obj
 0001:00001a67       ?Write@COutputDeviceFile@@UAEXPBD@Z 00402a67 f i ErrorMgr.obj
 0001:00001abe       ?Flush@COutputDeviceFile@@UAEXXZ 00402abe f i ErrorMgr.obj
 0001:00001ace       ?Close@COutputDeviceFile@@UAEXXZ 00402ace f i ErrorMgr.obj
 0001:00001ae6       ??_ECOutputDeviceFile@@UAEPAXI@Z 00402ae6 f i ErrorMgr.obj
 0001:00001ae6       ??_GCOutputDeviceFile@@UAEPAXI@Z 00402ae6 f i ErrorMgr.obj
 0001:00001b05       ??1COutputDeviceFile@@UAE@XZ 00402b05 f i ErrorMgr.obj
 0001:00001b44       ?appBeginError@@YAPAVCOutputDevice@@PBD@Z 00402b44 f   ErrorMgr.obj
 0001:00001c0e       ?appGetErrorLog@@YAPAVCOutputDevice@@XZ 00402c0e f   ErrorMgr.obj
 0001:00001c79       ?Open@COutputDeviceFile@@QAEXPBD_N@Z 00402c79 f i ErrorMgr.obj
 0001:00001cbf       ?appFatalError@@YAXPBDZZ   00402cbf f   ErrorMgr.obj
 0001:00001d15       ?appNonFatalError@@YAXPBDZZ 00402d15 f   ErrorMgr.obj
 0001:00001d77       ?appUnwindPrefix@@YAXPBD@Z 00402d77 f   ErrorMgr.obj
 0001:00001e29       ?appUnwindThrow@@YAXPBDZZ  00402e29 f   ErrorMgr.obj
 0001:00001e9f       ?Reset@CErrorHandler@@QAEXXZ 00402e9f f   ErrorMgr.obj
 0001:00001ecf       ?appInitError@@YAXXZ       00402ecf f   ErrorMgr.obj
 0001:00001fc4       ?appShutdownError@@YAXXZ   00402fc4 f   ErrorMgr.obj
 0001:0000204e       ?GetTail@COutputDeviceMemTail@@QAEPBDH@Z 0040304e f i ErrorMgr.obj
 0001:00002074       ?sprintf@?$TString@$0CAA@@@QAAHPBDZZ 00403074 f i ErrorMgr.obj
 0001:0000209b       ?win32ExceptFilter@@YGJPAU_EXCEPTION_POINTERS@@@Z 0040309b f   ExceptHandlerWin32.obj
 0001:00002264       ?win32ExceptFilter2@@YAIXZ 00403264 f   ExceptHandlerWin32.obj
 0001:0000226d       ?sprintf@?$TString@$0EAA@@@QAAHPBDZZ 0040326d f i ExceptHandlerWin32.obj
 0001:00002294       ?DumpRegs@@YAXPAVCOutputDevice@@PAU_CONTEXT@@@Z 00403294 f   ExceptDumpers.obj
 0001:000023a5       ?DumpMem@@YAXPAVCOutputDevice@@PBIPAU_CONTEXT@@@Z 004033a5 f   ExceptDumpers.obj
 0001:000025e4       ?UnwindEbpFrame@@YAXPAVCOutputDevice@@PBI@Z 004035e4 f   ExceptDumpers.obj
 0001:00002675       ?GetLine@CSimpleParser@@QAEPBDXZ 00403675 f   ScriptParser.obj
 0001:0000278c       ?SkipBraces@CSimpleParser@@QAEPBDXZ 0040378c f   ScriptParser.obj
 0001:000027c2       ?appStricmp@@YAHPBD0@Z     004037c2 f   Strings.obj
 0001:000027f9       ?toLower@@YADD@Z           004037f9 f i Strings.obj
 0001:00002814       ?appStrncpylwr@@YAXPADPBDH@Z 00403814 f   Strings.obj
 0001:0000284c       ?appStrncpyz@@YAXPADPBDH@Z 0040384c f   Strings.obj
 0001:00002879       ?appStrcatn@@YAXPADHPBD@Z  00403879 f   Strings.obj
 0001:000028a5       ?appCopyFilename@@YAXPADPBDH@Z 004038a5 f   Strings.obj
 0001:000029cd       ?appCStrlen@@YAHPBD@Z      004039cd f   Strings.obj
 0001:000029f5       ?appUncolorizeString@@YAXPADPBD@Z 004039f5 f   Strings.obj
 0001:00002a27       ?va@@YAPBDPBDZZ            00403a27 f   Strings.obj
 0001:00002b1b       ?appSprintf@@YAHPADHPBDZZ  00403b1b f   Strings.obj
 0001:00002bba       ?appMatchWildcard@@YA_NPBD0_N@Z 00403bba f   Strings.obj
 0001:00002dfe       ?appIsWildcard@@YA_NPBD@Z  00403dfe f   Strings.obj
 0001:00002e2a       ?appStrdup@@YAPADPBD@Z     00403e2a f   Strings.obj
 0001:00002e6b       ?appStrdup@@YAPADPBDPAVCMemoryChain@@@Z 00403e6b f   Strings.obj
 0001:00002ea0       ??0CStringItem@@QAE@XZ     00403ea0 f   Strings.obj
 0001:00002eab       ??2CStringItem@@SAPAXIPBD@Z 00403eab f   Strings.obj
 0001:00002f45       ??2CStringItem@@SAPAXIPBDPAVCMemoryChain@@@Z 00403f45 f   Strings.obj
 0001:00002fba       ?Find@CStringList@@IAEPAVCStringItem@@PBDPAPAV2@@Z 00403fba f   Strings.obj
 0001:00003045       ?Find@CStringList@@IAEPAVCStringItem@@H@Z 00404045 f   Strings.obj
 0001:000030b1       ?IndexOf@CStringList@@QAEHPBD@Z 004040b1 f   Strings.obj
 0001:00003133       ?Remove@CStringList@@QAE_NPAVCStringItem@@@Z 00404133 f   Strings.obj
 0001:000031b7       ?Add@CTextContainer@@QAEPAUCTextRec@@PBD@Z 004041b7 f   TextContainer.obj
 0001:00003263       ?Enumerate@CTextContainer@@QAEXP6AXPBUCTextRec@@@Z@Z 00404263 f   TextContainer.obj
 0001:000032cf       ?SubtractPath@@YAPBDPBD0@Z 004042cf f   FileSystem.obj
 0001:00003367       ?appMakeDirectoryForFile@@YAXPBD@Z 00404367 f   FileSystem.obj
 0001:0000339d       ?appOpenFile@@YAPAVCFile@@PBD@Z 0040439d f   FileSystem.obj
 0001:000033da       ?Read@CFileOS@@UAEHPAXH@Z  004043da f i FileSystem.obj
 0001:00003401       ?GetSize@CFileOS@@UAEHXZ   00404401 f i FileSystem.obj
 0001:0000344c       ?Eof@CFileOS@@UAE_NXZ      0040444c f i FileSystem.obj
 0001:00003460       ??_GCFileOS@@UAEPAXI@Z     00404460 f i FileSystem.obj
 0001:00003460       ??_ECFileOS@@UAEPAXI@Z     00404460 f i FileSystem.obj
 0001:00003495       ??_ECFile@@UAEPAXI@Z       00404495 f i FileSystem.obj
 0001:00003495       ??_GCFile@@UAEPAXI@Z       00404495 f i FileSystem.obj
 0001:000034b5       ?ReadByte@CFile@@QAEEXZ    004044b5 f   FileSystem.obj
 0001:000034cd       ?ReadInt@CFile@@QAEHXZ     004044cd f   FileSystem.obj
 0001:000034e5       ?ReadString@CFile@@QAEXPADH@Z 004044e5 f   FileSystem.obj
 0001:00003522       ?GetType@CFileContainer@@MAEPBDXZ 00404522 f   FileSystem.obj
 0001:00003528       ?Mount@CFileSystem@@QAEXAAVCFileContainer@@PBD@Z 00404528 f   FileSystem.obj
 0001:0000357e       ?Umount@CFileSystem@@QAEXAAVCFileContainer@@@Z 0040457e f   FileSystem.obj
 0001:000035b8       ?MountDirectory@CFileSystem@@QAEPAVCFileContainer@@PBD0@Z 004045b8 f   FileSystem.obj
 0001:000035fd       ?GetType@CFileContainerOS@@MAEPBDXZ 004045fd f i FileSystem.obj
 0001:00003603       ?FileExists@CFileContainerOS@@UAE_NPBD@Z 00404603 f i FileSystem.obj
 0001:0000362d       ?OpenFile@CFileContainerOS@@UAEPAVCFile@@PBD@Z 0040462d f i FileSystem.obj
 0001:0000364d       ?List@CFileContainerOS@@UAEXAAVCFileList@@PBDI@Z 0040464d f i FileSystem.obj
 0001:00003676       ??_ECFileContainerOS@@UAEPAXI@Z 00404676 f i FileSystem.obj
 0001:00003676       ??_GCFileContainerOS@@UAEPAXI@Z 00404676 f i FileSystem.obj
 0001:00003696       ??_GCFileContainer@@UAEPAXI@Z 00404696 f i FileSystem.obj
 0001:00003696       ??_ECFileContainer@@UAEPAXI@Z 00404696 f i FileSystem.obj
 0001:000036b6       ?MountArchive@CFileSystem@@QAEPAVCFileContainer@@PBD0@Z 004046b6 f   FileSystem.obj
 0001:000037cd       ?Mount@CFileSystem@@QAEXPBD0@Z 004047cd f   FileSystem.obj
 0001:000039fe       ?Umount@CFileSystem@@QAEXPBD@Z 004049fe f   FileSystem.obj
 0001:00003a9a       ?List@CFileSystem@@UAEPAVCFileList@@PBDIPAV2@@Z 00404a9a f   FileSystem.obj
 0001:00003c54       ?RegisterFormat@CFileSystem@@SAXP6APAVCFileContainer@@PBDPAU_iobuf@@@Z@Z 00404c54 f   FileSystem.obj
 0001:00003c98       ?FileExists@CFileSystem@@UAE_NPBDI@Z 00404c98 f   FileSystem.obj
 0001:00003d17       ?OpenFile@CFileSystem@@UAEPAVCFile@@PBDI@Z 00404d17 f   FileSystem.obj
 0001:00003dbb       ?LoadFile@CFileSystem@@QAEPAXPBDPAI@Z 00404dbb f   FileSystem.obj
 0001:00003e8b       ?cMount@@YAX_NHPAPAD@Z     00404e8b f   FileSystem.obj
 0001:00003fc9       ?cUmount@@YAX_NHPAPAD@Z    00404fc9 f   FileSystem.obj
 0001:00003ff8       ?appInitFileSystem@@YAXAAVCFileSystem@@@Z 00404ff8 f   FileSystem.obj
 0001:000043ec       ?appListDirectory@@YAXPBDAAVCFileList@@I@Z 004053ec f   FileSystemWin32.obj
 0001:00004632       ?appMakeDirectory@@YAXPBD@Z 00405632 f   FileSystemWin32.obj
 0001:0000469c       ?appFileType@@YAIPBD@Z     0040569c f   FileSystemWin32.obj
 0001:000046dc       ?FindDir@CFileContainerArc@@IAEPAVFDirInfo@1@PBD_N@Z 004056dc f   FileContainerArc.obj
 0001:00004795       ?FindFile@CFileContainerArc@@IAEPAVCStringItem@@PBD@Z 00405795 f   FileContainerArc.obj
 0001:000047ff       ?FileExists@CFileContainerArc@@UAE_NPBD@Z 004057ff f   FileContainerArc.obj
 0001:00004814       ?OpenFile@CFileContainerArc@@UAEPAVCFile@@PBD@Z 00405814 f   FileContainerArc.obj
 0001:00004833       ?List@CFileContainerArc@@UAEXAAVCFileList@@PBDI@Z 00405833 f   FileContainerArc.obj
 0001:0000499e       ??E?$TStringSplitter@$0BAA@$0CP@@@QAEXXZ 0040599e f i FileContainerArc.obj
 0001:00004a20       ?GetLength@CVec3@@QBEMXZ   00405a20 f   Math3D.obj
 0001:00004a4b       ?Normalize@CVec3@@QAEMXZ   00405a4b f   Math3D.obj
 0001:00004a9d       ?VectorNormalize@@YAMABUCVec3@@AAU1@@Z 00405a9d f   Math3D.obj
 0001:00004b07       ?NormalizeFast@CVec3@@QAEMXZ 00405b07 f   Math3D.obj
 0001:00004b58       ?FindAxisVectors@CVec3@@QBEXAAU1@0@Z 00405b58 f   Math3D.obj
 0001:00004bc8       ?cross@@YAXABUCVec3@@0AAU1@@Z 00405bc8 f   Math3D.obj
 0001:00004c04       ?VectorDistance@@YAMABUCVec3@@0@Z 00405c04 f   Math3D.obj
 0001:00004c33       ?Setup@CPlane@@QAEXXZ      00405c33 f   Math3D.obj
 0001:00004ce1       ?Clear@CBox@@QAEXXZ        00405ce1 f   Math3D.obj
 0001:00004cff       ?Expand@CBox@@QAEXABUCVec3@@@Z 00405cff f   Math3D.obj
 0001:00004d31       ?Expand@CBox@@QAEXABU1@@Z  00405d31 f   Math3D.obj
 0001:00004d70       ?GetCenter@CBox@@QBEXAAUCVec3@@@Z 00405d70 f   Math3D.obj
 0001:00004d93       ?Contains@CBox@@QBE_NABUCVec3@@@Z 00405d93 f   Math3D.obj
 0001:00004dc7       ?Intersects@CBox@@QBE_NABU1@@Z 00405dc7 f   Math3D.obj
 0001:00004e06       ?OnPlaneSide@CBox@@QBEHABUCPlane@@@Z 00405e06 f   Math3D.obj
 0001:00004f35       ?FromEuler@CAxis@@QAEXABUCVec3@@@Z 00405f35 f   Math3D.obj
 0001:00004f74       ?TransformVector@CAxis@@QBEXABUCVec3@@AAU2@@Z 00405f74 f   Math3D.obj
 0001:00004fc7       ?UnTransformVector@CAxis@@QBEXABUCVec3@@AAU2@@Z 00405fc7 f   Math3D.obj
 0001:0000502b       ?UnTransformAxis@CAxis@@QBEXABU1@AAU1@@Z 0040602b f   Math3D.obj
 0001:00005071       ?TransformPoint@CCoords@@QBEXABUCVec3@@AAU2@@Z 00406071 f   Math3D.obj
 0001:000050d1       ?UnTransformPoint@CCoords@@QBEXABUCVec3@@AAU2@@Z 004060d1 f   Math3D.obj
 0001:0000513e       ?UnTransformCoords@CCoords@@QBEXABU1@AAU1@@Z 0040613e f   Math3D.obj
 0001:0000516a       ?TransformPlane@CCoords@@QBEXABUCPlane@@AAU2@@Z 0040616a f   Math3D.obj
 0001:000051a4       ?TransformPoint@@YAXABUCVec3@@ABUCAxis@@0AAU1@@Z 004061a4 f   Math3D.obj
 0001:00005207       ?UnTransformPoint@@YAXABUCVec3@@ABUCAxis@@0AAU1@@Z 00406207 f   Math3D.obj
 0001:00005277       ?Euler2Vecs@@YAXABUCVec3@@PAU1@11@Z 00406277 f   Math3D.obj
 0001:000053d7       ?Vec2Euler@@YAXABUCVec3@@AAU1@@Z 004063d7 f   Math3D.obj
 0001:000054d9       ?Vec2Yaw@@YAMABUCVec3@@@Z  004064d9 f   Math3D.obj
 0001:0000554c       ?appRsqrt@@YAMM@Z          0040654c f   MathMisc.obj
 0001:00005578       ?NormalizeColor@@YAMABUCVec3@@AAU1@@Z 00406578 f   MathMisc.obj
 0001:000055d6       ?NormalizeColor255@@YAMABUCVec3@@AAU1@@Z 004065d6 f   MathMisc.obj
 0001:00005638       ?SCR_StopCinematic@@YAXXZ  00406638 f   cl_cin.obj
 0001:000056cc       ?SCR_DrawCinematic@@YA_NXZ 004066cc f   cl_cin.obj
 0001:00005ac3       ?SCR_PlayCinematic@@YAXPBD@Z 00406ac3 f   cl_cin.obj
 0001:00005e1a       ?sprintf@?$TString@$0EA@@@QAAHPBDZZ 00406e1a f i cl_cin.obj
 0001:00005e3b       ?CL_Download_f@@YAX_NHPAPAD@Z 00406e3b f   cl_download.obj
 0001:000061e8       ?CL_ParseDownload@@YAXXZ   004071e8 f   cl_download.obj
 0001:00006a17       ?CL_Precache_f@@YAXHPAPAD@Z 00407a17 f   cl_download.obj
 0001:00006a72       ?sprintf@?$TString@$0IA@@@QAAHPBDZZ 00407a72 f i cl_download.obj
 0001:00006a96       ?CL_ParseDelta@@YAXPAUclEntityState_t@@0HI_N@Z 00407a96 f   cl_ents.obj
 0001:00006c16       ?CL_ParseFrame@@YAXXZ      00407c16 f   cl_ents.obj
 0001:000072cb       ?CL_AddEntityBox@@YAXPAUclEntityState_t@@I@Z 004082cb f   cl_ents.obj
 0001:000073cf       ?Lerp@@YAXABUCVec3@@0MAAU1@@Z 004083cf f i cl_ents.obj
 0001:00007406       ?OffsetThirdPersonView@@YAXXZ 00408406 f   cl_ents.obj
 0001:000074ee       ?CL_AddEntities@@YAXXZ     004084ee f   cl_ents.obj
 0001:0000842f       ?CL_ClearLightStyles@@YAXXZ 0040942f f   cl_fx.obj
 0001:000084b1       ?CL_SetLightstyle@@YAXHPBD@Z 004094b1 f   cl_fx.obj
 0001:00008512       ?CL_AllocDlight@@YAPAUcdlight_t@@HABUCVec3@@@Z 00409512 f   cl_fx.obj
 0001:0000857d       ?CL_AllocParticleTrace@@YAPAUparticleTrace_t@@ABUCVec3@@0MM@Z 0040957d f   cl_fx.obj
 0001:0000860c       ?CL_AllocParticleBeam@@YAPAUbeam_t@@ABUCVec3@@0MM@Z 0040960c f   cl_fx.obj
 0001:00008681       ?CL_AllocParticle@@YAPAUparticle_t@@XZ 00409681 f   cl_fx.obj
 0001:000086d4       ?CL_MetalSparks@@YAXABUCVec3@@0H@Z 004096d4 f   cl_fx.obj
 0001:000087d2       ?CL_AddEffects@@YAXXZ      004097d2 f   cl_fx.obj
 0001:00008ec6       ?CL_ClearEffects@@YAXXZ    00409ec6 f   cl_fx.obj
 0001:00008f48       ?CL_EntityEvent@@YAXPAUclEntityState_t@@@Z 00409f48 f   cl_fx.obj
 0001:000090ff       ?CL_ParseMuzzleFlash@@YAXXZ 0040a0ff f   cl_fx.obj
 0001:0000946f       ?CL_ParseMuzzleFlash2@@YAXXZ 0040a46f f   cl_fx.obj
 0001:000098e5       ?CL_ParticleEffect@@YAXABUCVec3@@0HH@Z 0040a8e5 f   cl_fx.obj
 0001:00009ace       ?CL_ParticleEffect2@@YAXABUCVec3@@0HH@Z 0040aace f   cl_fx.obj
 0001:00009af6       ?CL_ParticleEffect3@@YAXABUCVec3@@0HH@Z 0040aaf6 f   cl_fx.obj
 0001:00009b1e       ?CL_TeleporterParticles@@YAXPAUclEntityState_t@@@Z 0040ab1e f   cl_fx.obj
 0001:00009b40       ?CL_LogoutEffect@@YAXABUCVec3@@H@Z 0040ab40 f   cl_fx.obj
 0001:00009b78       ?CL_ItemRespawnParticles@@YAXABUCVec3@@@Z 0040ab78 f   cl_fx.obj
 0001:00009b96       ?CL_ExplosionParticles@@YAXABUCVec3@@@Z 0040ab96 f   cl_fx.obj
 0001:00009bb7       ?CL_BFGExplosionParticles@@YAXABUCVec3@@@Z 0040abb7 f   cl_fx.obj
 0001:00009bd8       ?CL_TrackerExplosionParticles@@YAXABUCVec3@@@Z 0040abd8 f   cl_fx.obj
 0001:00009bf9       ?CL_BlasterParticles@@YAXABUCVec3@@0I@Z 0040abf9 f   cl_fx.obj
 0001:00009c20       ?CL_BlasterTrail@@YAXAAUcentity_t@@@Z 0040ac20 f   cl_fx.obj
 0001:00009d27       ?CL_BlasterTrail2@@YAXAAUcentity_t@@@Z 0040ad27 f   cl_fx.obj
 0001:00009d3e       ?CL_FlagTrail@@YAXAAUcentity_t@@H@Z 0040ad3e f   cl_fx.obj
 0001:00009d5d       ?CL_RocketTrail@@YAXAAUcentity_t@@@Z 0040ad5d f   cl_fx.obj
 0001:00009d9c       ?CL_BubbleTrail@@YAXABUCVec3@@0@Z 0040ad9c f   cl_fx.obj
 0001:00009e38       ?CL_BubbleTrail2@@YAXABUCVec3@@0@Z 0040ae38 f   cl_fx.obj
 0001:00009e52       ?CL_TagTrail@@YAXAAUcentity_t@@@Z 0040ae52 f   cl_fx.obj
 0001:00009e69       ?CL_DebugTrail@@YAXABUCVec3@@0@Z 0040ae69 f   cl_fx.obj
 0001:00009e83       ?CL_ForceWall@@YAXABUCVec3@@0H@Z 0040ae83 f   cl_fx.obj
 0001:00009ea5       ?CL_BigTeleportParticles@@YAXABUCVec3@@@Z 0040aea5 f   cl_fx.obj
 0001:00009fe0       ?CL_BfgParticles@@YAXABUCVec3@@@Z 0040afe0 f   cl_fx.obj
 0001:0000a15a       ?CL_FlyEffect@@YAXAAUcentity_t@@@Z 0040b15a f   cl_fx.obj
 0001:0000a2e6       ?CL_DiminishingTrail@@YAXAAUcentity_t@@H@Z 0040b2e6 f   cl_fx.obj
 0001:0000a440       ?CL_RailTrail@@YAXABUCVec3@@0@Z 0040b440 f   cl_fx.obj
 0001:0000a5b2       ?CL_RailTrailExt@@YAXABUCVec3@@0EE@Z 0040b5b2 f   cl_fx.obj
 0001:0000a6f7       ?CL_IonripperTrail@@YAXAAUcentity_t@@@Z 0040b6f7 f   cl_fx.obj
 0001:0000a851       ?CL_TrapParticles@@YAXABUCVec3@@@Z 0040b851 f   cl_fx.obj
 0001:0000a9c4       ?CL_TeleportParticles@@YAXABUCVec3@@@Z 0040b9c4 f   cl_fx.obj
 0001:0000aafa       ?CL_Heatbeam@@YAXABUCVec3@@0@Z 0040bafa f   cl_fx.obj
 0001:0000ada0       ?CL_ParticleSteamEffect@@YAXABUCVec3@@0HHH@Z 0040bda0 f   cl_fx.obj
 0001:0000aed6       ?CL_ParticleSmokeEffect@@YAXABUCVec3@@0@Z 0040bed6 f   cl_fx.obj
 0001:0000afef       ?CL_TrackerTrail@@YAXAAUcentity_t@@@Z 0040bfef f   cl_fx.obj
 0001:0000b169       ?CL_TrackerShell@@YAXABUCVec3@@@Z 0040c169 f   cl_fx.obj
 0001:0000b1f5       ?CL_MonsterPlasmaShell@@YAXABUCVec3@@@Z 0040c1f5 f   cl_fx.obj
 0001:0000b27e       ?CL_WidowSplash@@YAXABUCVec3@@@Z 0040c27e f   cl_fx.obj
 0001:0000b35f       ?CL_InitInput@@YAXXZ       0040c35f f   cl_input.obj
 0001:0000b90d       ?CL_SendCmd@@YAXXZ         0040c90d f   cl_input.obj
 0001:0000bf1e       ?CL_WriteDemoMessage@@YAXXZ 0040cf1e f   cl_main.obj
 0001:0000bf60       ?Cmd_ForwardToServer@@YAXHPAPAD@Z 0040cf60 f   cl_main.obj
 0001:0000c025       ?CL_ForwardToServer_f@@YAXHPAPAD@Z 0040d025 f   cl_main.obj
 0001:0000c06e       ?CL_Pause@@YAX_N@Z         0040d06e f   cl_main.obj
 0001:0000c0b3       ?CL_Drop@@YAX_N@Z          0040d0b3 f   cl_main.obj
 0001:0000c0de       ?CL_SendConnectPacket@@YAXXZ 0040d0de f   cl_main.obj
 0001:0000c144       ?CL_Connect_f@@YAX_NHPAPAD@Z 0040d144 f   cl_main.obj
 0001:0000c1b1       ?CL_Rcon_f@@YAXHPAPAD@Z    0040d1b1 f   cl_main.obj
 0001:0000c29d       ?CL_Disconnect@@YAXXZ      0040d29d f   cl_main.obj
 0001:0000c448       ?CL_Disconnect_f@@YAXXZ    0040d448 f   cl_main.obj
 0001:0000c452       ?CL_Changing_f@@YAXXZ      0040d452 f   cl_main.obj
 0001:0000c47a       ?CL_Reconnect_f@@YAXXZ     0040d47a f   cl_main.obj
 0001:0000c516       ?CL_PingServers_f@@YAXXZ   0040d516 f   cl_main.obj
 0001:0000c8d1       ?CL_ConnectionlessPacket@@YAXXZ 0040d8d1 f   cl_main.obj
 0001:0000c9ce       ?CL_Userinfo_f@@YAXXZ      0040d9ce f   cl_main.obj
 0001:0000c9e9       ?CL_RegisterSounds@@YAXXZ  0040d9e9 f   cl_main.obj
 0001:0000ca28       ?CL_Snd_Restart_f@@YAXXZ   0040da28 f   cl_main.obj
 0001:0000ca37       ?CL_WriteConfiguration@@YAXPBD@Z 0040da37 f   cl_main.obj
 0001:0000cb1e       ?CL_WriteConfig_f@@YAX_NHPAPAD@Z 0040db1e f   cl_main.obj
 0001:0000cb88       ?CL_FixCvarCheats@@YAXXZ   0040db88 f   cl_main.obj
 0001:0000cbd9       ?CL_Frame@@YAXMM@Z         0040dbd9 f   cl_main.obj
 0001:0000d041       ?CL_ClearState@@YAXXZ      0040e041 f   cl_main.obj
 0001:0000d07f       ?CL_Init@@YAXXZ            0040e07f f   cl_main.obj
 0001:0000d52e       ?CL_Shutdown@@YAXXZ        0040e52e f   cl_main.obj
 0001:0000d58a       ?CL_ParseClientinfo@@YAXH@Z 0040e58a f   cl_parse.obj
 0001:0000d642       ?CL_UpdatePlayerClientInfo@@YAXXZ 0040e642 f   cl_parse.obj
 0001:0000d683       ?CL_ParseServerMessage@@YAXXZ 0040e683 f   cl_parse.obj
 0001:0000de69       ?FreePlayerModelsInfo@@YAXXZ 0040ee69 f   cl_playermodel.obj
 0001:0000de8f       ?ScanPlayerModels@@YA_NXZ  0040ee8f f   cl_playermodel.obj
 0001:0000e289       ?RunAnimation@@YAXAAUclientInfo_t@@AAUanimState_t@@H@Z 0040f289 f   cl_playermodel.obj
 0001:0000e477       ?CL_LoadClientinfo@@YAXAAUclientInfo_t@@PBD_N@Z 0040f477 f   cl_playermodel.obj
 0001:0000f103       ?ParsePlayerEntity@@YAHAAUcentity_t@@AAUclientInfo_t@@PAUclEntityState_t@@ABUentity_t@@PAU4@HH@Z 00410103 f   cl_playermodel.obj
 0001:0000fc72       ?CreateAndInsert@?$TList@VCStringItem@@@@QAEPAVCStringItem@@PBDPAVCMemoryChain@@@Z 00410c72 f i cl_playermodel.obj
 0001:0000fcaa       ?Insert@?$TList@VplayerModelInfo_t@@@@QAE_NPAVplayerModelInfo_t@@@Z 00410caa f i cl_playermodel.obj
 0001:0000fcaa       ?Insert@?$TList@VshaderScript_t@OpenGLDrv@@@@QAE_NPAVshaderScript_t@OpenGLDrv@@@Z 00410caa f i cl_playermodel.obj
 0001:0000fcaa       ?Insert@?$TList@VCStringItem@@@@QAE_NPAVCStringItem@@@Z 00410caa f i cl_playermodel.obj
 0001:0000fce0       ?CL_CheckPredictionError@@YAXXZ 00410ce0 f   cl_pred.obj
 0001:0000fe82       ?CL_EntityTrace@@YAXAAUtrace_t@@ABUCVec3@@1ABUCBox@@H@Z 00410e82 f   cl_pred.obj
 0001:000101dc       ?CL_Trace@@YAXAAUtrace_t@@ABUCVec3@@1ABUCBox@@H@Z 004111dc f   cl_pred.obj
 0001:0001028d       ?CL_PMpointcontents@@YAHABUCVec3@@@Z 0041128d f   cl_pred.obj
 0001:00010423       ?CL_PredictMovement@@YAXXZ 00411423 f   cl_pred.obj
 0001:000107ea       ?DrawString@@YAXHHPBD@Z    004117ea f   cl_scrn.obj
 0001:0001082f       ?SCR_DebugGraph@@YAXMH@Z   0041182f f   cl_scrn.obj
 0001:00010859       ?SCR_CenterPrint@@YAXPBD@Z 00411859 f   cl_scrn.obj
 0001:0001095f       ?Key_Message@@YAXH@Z       0041195f f   cl_scrn.obj
 0001:000109ff       ?SCR_SetLevelshot@@YAXPBD@Z 004119ff f   cl_scrn.obj
 0001:00010afa       ?SCR_BeginLoadingPlaque@@YAX_N@Z 00411afa f   cl_scrn.obj
 0001:00010b90       ?SCR_EndLoadingPlaque@@YAX_N@Z 00411b90 f   cl_scrn.obj
 0001:00010c15       ?SCR_LoadingNotify@@YAXPBDM@Z 00411c15 f   cl_scrn.obj
 0001:00010c3e       ?SCR_ShowConsole@@YAX_N0@Z 00411c3e f   cl_scrn.obj
 0001:00010d03       ?SCR_ToggleConsole@@YAXXZ  00411d03 f   cl_scrn.obj
 0001:00010d2b       ?SCR_TouchPics@@YAXXZ      00411d2b f   cl_scrn.obj
 0001:00010d7f       ?SCR_UpdateScreen@@YAXXZ   00411d7f f   cl_scrn.obj
 0001:00012107       ?SCR_Init@@YAXXZ           00413107 f   cl_scrn.obj
 0001:00012438       ?sprintf@?$TString@$0BA@@@QAAHPBDZZ 00413438 f i cl_scrn.obj
 0001:00012459       ?CL_RegisterTEntSounds@@YAXXZ 00413459 f   cl_tent.obj
 0001:000126ae       ?CL_RegisterTEntModels@@YAXXZ 004136ae f   cl_tent.obj
 0001:000127ff       ?CL_ClearTEnts@@YAXXZ      004137ff f   cl_tent.obj
 0001:00012830       ?CL_SmokeAndFlash@@YAXABUCVec3@@@Z 00413830 f   cl_tent.obj
 0001:000129c8       ?CL_ParseTEnt@@YAXXZ       004139c8 f   cl_tent.obj
 0001:00013cee       ?CL_AddTEnts@@YAXXZ        00414cee f   cl_tent.obj
 0001:000146f3       ?V_AddEntity@@YAXPAUentity_t@@@Z 004156f3 f   cl_view.obj
 0001:00014731       ?V_AddEntity2@@YAXPAUentity_t@@@Z 00415731 f   cl_view.obj
 0001:00014763       ?AddEntityWithEffects2@@YAXPAUentity_t@@I@Z 00415763 f   cl_view.obj
 0001:00014804       ?AddEntityWithEffects@@YAXPAUentity_t@@I@Z 00415804 f   cl_view.obj
 0001:00014825       ?V_AddLight@@YAXABUCVec3@@MMMM@Z 00415825 f   cl_view.obj
 0001:0001486a       ?V_InitRenderer@@YAXXZ     0041586a f   cl_view.obj
 0001:00014c8b       ?CalcFov@@YAMMMM@Z         00415c8b f   cl_view.obj
 0001:00014cf9       ?V_RenderView@@YA_NXZ      00415cf9 f   cl_view.obj
 0001:00015ca3       ?V_Init@@YAXXZ             00416ca3 f   cl_view.obj
 0001:00015de8       ?Con_ClearNotify@@YAXXZ    00416de8 f   console.obj
 0001:00015df7       ?Con_CheckResize@@YAXXZ    00416df7 f   console.obj
 0001:00015f1e       ?Write@COutputDeviceCon@@UAEXPBD@Z 00416f1e f   console.obj
 0001:00016124       ?Con_DrawNotify@@YAX_N@Z   00417124 f   console.obj
 0001:000162fa       ?Con_DrawConsole@@YAXM@Z   004172fa f   console.obj
 0001:000165ae       ?Con_ClearTyping@@YAXXZ    004175ae f   console.obj
 0001:000165c7       ?Key_Console@@YAXHH@Z      004175c7 f   console.obj
 0001:00016a14       ?Con_Init@@YAXXZ           00417a14 f   console.obj
 0001:00016b82       ?Key_KeynumToString@@YAPBDH@Z 00417b82 f   keys.obj
 0001:00016c48       ?Draw@completeMenu_t@@UAEXXZ 00417c48 f i keys.obj
 0001:00016c79       ?KeyDown@completeMenu_t@@UAEPBDH@Z 00417c79 f i keys.obj
 0001:00016ca5       ?Init@completeMenu_t@@UAE_NXZ 00417ca5 f i keys.obj
 0001:00016dcc       ?CompleteMenuCallback@completeMenu_t@@SAXPAX@Z 00417dcc f i keys.obj
 0001:00016e5d       ?CompleteCommand@@YAXXZ    00417e5d f   keys.obj
 0001:0001756e       ?Key_SetBinding@@YAXHPBD@Z 0041856e f   keys.obj
 0001:000175ae       ?Key_FindBinding@@YAHPBDPAHH@Z 004185ae f   keys.obj
 0001:000175fc       ?Key_WriteBindings@@YAXPAVCOutputDevice@@@Z 004185fc f   keys.obj
 0001:00017646       ?Key_Init@@YAXXZ           00418646 f   keys.obj
 0001:0001792a       ?Key_Event@@YAXH_N@Z       0041892a f   keys.obj
 0001:00017c89       ?Key_ClearStates@@YAXXZ    00418c89 f   keys.obj
 0001:00017cbe       ?M_ForceMenuOn@@YAXXZ      00418cbe f   menu.obj
 0001:00017cdd       ?Draw@menuMain_t@@UAEXXZ   00418cdd f i menu.obj
 0001:00017e19       ?KeyDown@menuMain_t@@UAEPBDH@Z 00418e19 f i menu.obj
 0001:00017eda       ?Init@menuMain_t@@UAE_NXZ  00418eda f i menu.obj
 0001:00017ee2       ?M_Menu_Main_f@@YAXXZ      00418ee2 f   menu.obj
 0001:00017efc       ?Init@multiplayerMenu_t@@UAE_NXZ 00418efc f i menu.obj
 0001:00018020       ?Init@keysMenu_t@@UAE_NXZ  00419020 f i menu.obj
 0001:0001820e       ?KeyCursorDrawFunc@keysMenu_t@@SAXPAUmenuFramework_t@@@Z 0041920e f i menu.obj
 0001:00018251       ?DrawKeyBindingFunc@keysMenu_t@@SAXPAX@Z 00419251 f i menu.obj
 0001:00018311       ?KeyDown@keysMenu_t@@UAEPBDH@Z 00419311 f i menu.obj
 0001:000183be       ?UnbindCommand@keysMenu_t@@QAEXPAD@Z 004193be f i menu.obj
 0001:00018403       ?KeyBindingFunc@keysMenu_t@@QAEXPAX@Z 00419403 f i menu.obj
 0001:00018465       ?Init@optionsMenu_t@@UAE_NXZ 00419465 f i menu.obj
 0001:00018818       ?CrosshairFunc@optionsMenu_t@@SAXPAX@Z 00419818 f i menu.obj
 0001:00018840       ?JoystickFunc@optionsMenu_t@@SAXPAX@Z 00419840 f i menu.obj
 0001:00018855       ?AlwaysRunFunc@optionsMenu_t@@SAXPAX@Z 00419855 f i menu.obj
 0001:0001886a       ?MouseSpeedFunc@optionsMenu_t@@SAXPAX@Z 0041986a f i menu.obj
 0001:00018887       ?InvertMouseFunc@optionsMenu_t@@SAXPAX@Z 00419887 f i menu.obj
 0001:000188c0       ?UpdateVolumeFunc@optionsMenu_t@@SAXPAX@Z 004198c0 f i menu.obj
 0001:000188dd       ?UpdateCDVolumeFunc@optionsMenu_t@@SAXPAX@Z 004198dd f i menu.obj
 0001:000188f7       ?SetMenuItemValues@optionsMenu_t@@SAXXZ 004198f7 f i menu.obj
 0001:00018a3f       ?ResetDefaultsFunc@optionsMenu_t@@SAXPAX@Z 00419a3f f i menu.obj
 0001:00018a54       ?UpdateSoundFunc@optionsMenu_t@@SAXPAX@Z 00419a54 f i menu.obj
 0001:00018c58       ?ScanCrosshairs@optionsMenu_t@@SAXXZ 00419c58 f i menu.obj
 0001:00018cb5       ?Draw@optionsMenu_t@@UAEXXZ 00419cb5 f i menu.obj
 0001:00018d1a       ?Draw@creditsMenu_t@@UAEXXZ 00419d1a f i menu.obj
 0001:00018dc1       ?KeyDown@creditsMenu_t@@UAEPBDH@Z 00419dc1 f i menu.obj
 0001:00018e01       ?Init@creditsMenu_t@@UAE_NXZ 00419e01 f i menu.obj
 0001:00018e82       ?Init@gameMenu_t@@UAE_NXZ  00419e82 f i menu.obj
 0001:0001900d       ?EasyGameFunc@gameMenu_t@@SAXPAX@Z 0041a00d f i menu.obj
 0001:00019019       ?StartGame@gameMenu_t@@SAXPBD@Z 0041a019 f i menu.obj
 0001:00019074       ?MediumGameFunc@gameMenu_t@@SAXPAX@Z 0041a074 f i menu.obj
 0001:00019080       ?HardGameFunc@gameMenu_t@@SAXPAX@Z 0041a080 f i menu.obj
 0001:0001909c       ?Init@savegameMenu_t@@UAE_NXZ 0041a09c f i menu.obj
 0001:000191ac       ?Create_Savestrings@savegameMenu_t@@QAEXXZ 0041a1ac f i menu.obj
 0001:0001926c       ?LoadGameCallback@savegameMenu_t@@SAXPAX@Z 0041a26c f i menu.obj
 0001:00019299       ?SaveGameCallback@savegameMenu_t@@SAXPAX@Z 0041a299 f i menu.obj
 0001:000192bc       ?Draw@savegameMenu_t@@UAEXXZ 0041a2bc f i menu.obj
 0001:000192d7       ?DrawSavegameShot@savegameMenu_t@@QAEXHH@Z 0041a2d7 f i menu.obj
 0001:000193b2       ?Init@joinserverMenu_t@@UAE_NXZ 0041a3b2 f i menu.obj
 0001:000194e9       ?JoinServerFunc@joinserverMenu_t@@SAXPAX@Z 0041a4e9 f i menu.obj
 0001:0001954e       ?SearchLocalGames@joinserverMenu_t@@SAXXZ 0041a54e f i menu.obj
 0001:000195b9       ?M_AddToServerList@@YAXUnetadr_t@@PBD@Z 0041a5b9 f   menu.obj
 0001:00019644       ?Init@startserverMenu_t@@UAE_NXZ 0041a644 f i menu.obj
 0001:00019ad2       ?DMOptionsFunc@startserverMenu_t@@SAXPAX@Z 0041aad2 f i menu.obj
 0001:00019ae2       ?RulesChangeFunc@startserverMenu_t@@SAXPAX@Z 0041aae2 f i menu.obj
 0001:00019b5a       ?StartServerActionFunc@startserverMenu_t@@SAXPAX@Z 0041ab5a f i menu.obj
 0001:00019b85       ?StartServerFunc@startserverMenu_t@@SAXPBD@Z 0041ab85 f i menu.obj
 0001:00019d61       ?KeyDown@startserverMenu_t@@UAEPBDH@Z 0041ad61 f i menu.obj
 0001:00019dc0       ?Init@dmoptionsMenu_t@@UAE_NXZ 0041adc0 f i menu.obj
 0001:0001a39d       ?DMFlagCallback@dmoptionsMenu_t@@SAXPAX@Z 0041b39d f i menu.obj
 0001:0001a576       ?Init@downloadOptionsMenu_t@@UAE_NXZ 0041b576 f i menu.obj
 0001:0001a750       ?DownloadCallback@downloadOptionsMenu_t@@SAXPAX@Z 0041b750 f i menu.obj
 0001:0001a7be       ?Init@addressBookMenu_t@@UAE_NXZ 0041b7be f i menu.obj
 0001:0001a864       ?KeyDown@addressBookMenu_t@@UAEPBDH@Z 0041b864 f i menu.obj
 0001:0001a8c3       ?Init@playerConfigMenu_t@@UAE_NXZ 0041b8c3 f i menu.obj
 0001:0001ae0a       ?HandednessCallback@playerConfigMenu_t@@SAXPAX@Z 0041be0a f i menu.obj
 0001:0001ae1f       ?RTypeCallback@playerConfigMenu_t@@SAXPAX@Z 0041be1f f i menu.obj
 0001:0001ae34       ?RColorCallback@playerConfigMenu_t@@SAXPAX@Z 0041be34 f i menu.obj
 0001:0001ae49       ?RateCallback@playerConfigMenu_t@@SAXPAX@Z 0041be49 f i menu.obj
 0001:0001ae6c       ?ModelCallback@playerConfigMenu_t@@SAXPAX@Z 0041be6c f i menu.obj
 0001:0001aea0       ?SkinCallback@playerConfigMenu_t@@SAXPAX@Z 0041bea0 f i menu.obj
 0001:0001aea8       ?Draw@playerConfigMenu_t@@UAEXXZ 0041bea8 f i menu.obj
 0001:0001b180       ?KeyDown@playerConfigMenu_t@@UAEPBDH@Z 0041c180 f i menu.obj
 0001:0001b260       ?Init@dmbrowseMenu_t@@UAE_NXZ 0041c260 f i menu.obj
 0001:0001b469       ?KeyDown@dmbrowseMenu_t@@UAEPBDH@Z 0041c469 f i menu.obj
 0001:0001b641       ?Draw@dmbrowseMenu_t@@UAEXXZ 0041c641 f i menu.obj
 0001:0001b78e       ?DrawThumbnail@dmbrowseMenu_t@@SAXHHHHPBD_N@Z 0041c78e f i menu.obj
 0001:0001b868       ?Init@videoMenu_t@@UAE_NXZ 0041c868 f i menu.obj
 0001:0001be64       ?ScreenSizeCallback@videoMenu_t@@SAXPAX@Z 0041ce64 f i menu.obj
 0001:0001be85       ?BrightnessCallback@videoMenu_t@@SAXPAX@Z 0041ce85 f i menu.obj
 0001:0001bea6       ?ContrastCallback@videoMenu_t@@SAXPAX@Z 0041cea6 f i menu.obj
 0001:0001bee2       ?CancelChanges@videoMenu_t@@SAXPAX@Z 0041cee2 f i menu.obj
 0001:0001bf2f       ?KeyDown@videoMenu_t@@UAEPBDH@Z 0041cf2f f i menu.obj
 0001:0001bf78       ?ApplyChanges@videoMenu_t@@SAXPAX@Z 0041cf78 f i menu.obj
 0001:0001c153       ?KeyDown@quitMenu_t@@UAEPBDH@Z 0041d153 f i menu.obj
 0001:0001c190       ?Draw@quitMenu_t@@UAEXXZ   0041d190 f i menu.obj
 0001:0001c200       ?M_Init@@YAXXZ             0041d200 f   menu.obj
 0001:0001c3e2       ?ItemAtCursor@menuFramework_t@@QAEPAUmenuCommon_t@@XZ 0041d3e2 f   qmenu.obj
 0001:0001c436       ?AddItem@menuFramework_t@@QAEXPAUmenuCommon_t@@@Z 0041d436 f   qmenu.obj
 0001:0001c4f2       ?AdjustCursor@menuFramework_t@@QAEXH@Z 0041d4f2 f   qmenu.obj
 0001:0001c66a       ?Center@menuFramework_t@@QAEXXZ 0041d66a f   qmenu.obj
 0001:0001c6ab       ?Draw@menuFramework_t@@UAEXXZ 0041d6ab f   qmenu.obj
 0001:0001cc64       ?SelectItem@menuFramework_t@@QAE_NXZ 0041dc64 f   qmenu.obj
 0001:0001ccc9       ?SetStatusBar@menuFramework_t@@QAEXPBD@Z 0041dcc9 f   qmenu.obj
 0001:0001ccd6       ?SlideItem@menuFramework_t@@QAEXH@Z 0041dcd6 f   qmenu.obj
 0001:0001d274       ?Push@menuFramework_t@@QAEXXZ 0041e274 f   qmenu.obj
 0001:0001d2f3       ?M_ForceMenuOff@@YAXXZ     0041e2f3 f   qmenu.obj
 0001:0001d320       ?Pop@menuFramework_t@@QAEXXZ 0041e320 f   qmenu.obj
 0001:0001d35a       ?KeyDown@menuFramework_t@@UAEPBDH@Z 0041e35a f   qmenu.obj
 0001:0001d5d2       ?Init@menuFramework_t@@UAE_NXZ 0041e5d2 f   qmenu.obj
 0001:0001d5d5       ?M_Draw@@YAXXZ             0041e5d5 f   qmenu.obj
 0001:0001d610       ?M_Keydown@@YAXH@Z         0041e610 f   qmenu.obj
 0001:0001d632       ?InitRendererVars@@YAXXZ   0041e632 f   ref_vars.obj
 0001:0001d651       ?S_SoundInfo_f@@YAXXZ      0041e651 f   snd_dma.obj
 0001:0001d6cb       ?S_Init@@YAXXZ             0041e6cb f   snd_dma.obj
 0001:0001d79d       ?S_Shutdown@@YAXXZ         0041e79d f   snd_dma.obj
 0001:0001d830       ?S_BeginRegistration@@YAXXZ 0041e830 f   snd_dma.obj
 0001:0001d83e       ?S_RegisterSound@@YAPAUsfx_t@@PBD@Z 0041e83e f   snd_dma.obj
 0001:0001d9e9       ?S_EndRegistration@@YAXXZ  0041e9e9 f   snd_dma.obj
 0001:0001da72       ?S_PickChannel@@YAPAUchannel_t@@HH@Z 0041ea72 f   snd_dma.obj
 0001:0001db00       ?S_Spatialize@@YAXPAUchannel_t@@@Z 0041eb00 f   snd_dma.obj
 0001:0001dce2       ?S_AllocPlaysound@@YAPAUplaysound_t@@XZ 0041ece2 f   snd_dma.obj
 0001:0001dd04       ?S_FreePlaysound@@YAXPAUplaysound_t@@@Z 0041ed04 f   snd_dma.obj
 0001:0001dd37       ?S_IssuePlaysound@@YAXPAUplaysound_t@@@Z 0041ed37 f   snd_dma.obj
 0001:0001de08       ?S_StartSound@@YAXPBUCVec3@@HHPAUsfx_t@@MMM@Z 0041ee08 f   snd_dma.obj
 0001:0001e1c8       ?S_StartLocalSound@@YAXPBD@Z 0041f1c8 f   snd_dma.obj
 0001:0001e21a       ?S_ClearBuffer@@YAXXZ      0041f21a f   snd_dma.obj
 0001:0001e283       ?S_StopAllSounds_f@@YAXXZ  0041f283 f   snd_dma.obj
 0001:0001e2f3       ?S_RawSamples@@YAXHHHHPAE@Z 0041f2f3 f   snd_dma.obj
 0001:0001e4f7       ?S_Update@@YAXABUCVec3@@0@Z 0041f4f7 f   snd_dma.obj
 0001:0001e7b4       ?GetSoundtime@@YAXXZ       0041f7b4 f   snd_dma.obj
 0001:0001e81b       ?S_Update_@@YAXXZ          0041f81b f   snd_dma.obj
 0001:0001eace       ?S_LoadSound@@YAPAUsfxcache_t@@PAUsfx_t@@@Z 0041face f   snd_mem.obj
 0001:0001f05d       ?S_WriteLinearBlastStereo16@@YAXXZ 0042005d f   snd_mix.obj
 0001:0001f0c7       ?S_TransferStereo16@@YAXPAKH@Z 004200c7 f   snd_mix.obj
 0001:0001f132       ?S_TransferPaintBuffer@@YAXH@Z 00420132 f   snd_mix.obj
 0001:0001f296       ?S_PaintChannels@@YAXH@Z   00420296 f   snd_mix.obj
 0001:0001f512       ?S_InitScaletable@@YAXXZ   00420512 f   snd_mix.obj
 0001:0001f657       ?SV_ComputeAnimation@@YAXPAUplayer_state_t@@AAUentityStateEx_t@@PAU2@PAUedict_s@@@Z 00420657 f   sv_anim.obj
 0001:0001fb10       ?SV_ReadLevelFile@@YAXXZ   00420b10 f   sv_ccmds.obj
 0001:0001fc22       ?SV_AddressBanned@@YA_NPAUnetadr_t@@@Z 00420c22 f   sv_ccmds.obj
 0001:0001fc66       ?SV_InitCommands@@YAXXZ    00420c66 f   sv_ccmds.obj
 0001:00021264       ?sprintf@?$TString@$0CI@@@QAAHPBDZZ 00422264 f i sv_ccmds.obj
 0001:00021285       ?SV_WriteFrameToClient@@YAXPAUclient_t@@PAVsizebuf_t@@@Z 00422285 f   sv_ents.obj
 0001:000219b4       ?SV_RecordDemoMessage@@YAXXZ 004229b4 f   sv_ents.obj
 0001:00021b82       ?SV_MulticastOld@@YAXABUCVec3@@W4multicast_t@@@Z 00422b82 f i sv_game.obj
 0001:00021b97       ?SV_StartSoundOld@@YAXPBUCVec3@@PAUedict_s@@HHMMM@Z 00422b97 f i sv_game.obj
 0001:000225ef       ?SV_InitGameLibrary@@YAX_N@Z 004235ef f   sv_game.obj
 0001:00022900       ?SV_ShutdownGameLibrary@@YAXXZ 00423900 f   sv_game.obj
 0001:00022a7a       ?SV_ModelIndex@@YAHPBD@Z   00423a7a f   sv_init.obj
 0001:00022baa       ?SV_SoundIndex@@YAHPBD@Z   00423baa f   sv_init.obj
 0001:00022bc6       ?SV_ImageIndex@@YAHPBD@Z   00423bc6 f   sv_init.obj
 0001:00022be2       ?SV_CreateBaseline@@YAXXZ  00423be2 f   sv_init.obj
 0001:00022c5f       ?SV_SpawnServer@@YAXPAD0W4server_state_t@@_N2@Z 00423c5f f   sv_init.obj
 0001:00023086       ?SV_InitGame@@YAXXZ        00424086 f   sv_init.obj
 0001:000232af       ?SV_Map@@YAX_NPBD0@Z       004242af f   sv_init.obj
 0001:00023474       ?SV_DropClient@@YAXPAUclient_t@@PAD@Z 00424474 f   sv_main.obj
 0001:00023fcf       ??0COutputDeviceMem@@QAE@H@Z 00424fcf f i sv_main.obj
 0001:00024000       ?Write@COutputDeviceMem@@UAEXPBD@Z 00425000 f i sv_main.obj
 0001:00024087       ??_ECOutputDeviceMem@@UAEPAXI@Z 00425087 f i sv_main.obj
 0001:00024087       ??_GCOutputDeviceMem@@UAEPAXI@Z 00425087 f i sv_main.obj
 0001:000240a6       ??1COutputDeviceMem@@UAE@XZ 004250a6 f i sv_main.obj
 0001:000240c5       ?SV_CalcPings@@YAXXZ       004250c5 f   sv_main.obj
 0001:0002414c       ?SV_GiveMsec@@YAXXZ        0042514c f   sv_main.obj
 0001:0002418b       ?SV_ReadPackets@@YAXXZ     0042518b f   sv_main.obj
 0001:000243b0       ?SV_CheckTimeouts@@YAXXZ   004253b0 f   sv_main.obj
 0001:000244c1       ?SV_PostprocessFrame@@YAXXZ 004254c1 f   sv_main.obj
 0001:00024986       ?SV_MulticastHook@@YAPAVsizebuf_t@@PAV1@0@Z 00425986 f   sv_main.obj
 0001:00024d62       ?SV_TraceHook@@YAXAAUtrace0_t@@ABUCVec3@@PBU2@21PAUedict_s@@H@Z 00425d62 f   sv_main.obj
 0001:00024fe1       ?SV_Frame@@YAXM@Z          00425fe1 f   sv_main.obj
 0001:000252a2       ?SV_UserinfoChanged@@YAXPAUclient_t@@@Z 004262a2 f   sv_main.obj
 0001:000253bf       ?SV_InitVars@@YAXXZ        004263bf f   sv_main.obj
 0001:000253ce       ?SV_Init@@YAXXZ            004263ce f   sv_main.obj
 0001:00025427       ?SV_Shutdown@@YAXPBD_N@Z   00426427 f   sv_main.obj
 0001:00025634       ?SV_ClientPrintf@@YAXPAUclient_t@@HPBDZZ 00426634 f   sv_send.obj
 0001:0002568f       ?SV_BroadcastPrintf@@YAXHPBDZZ 0042668f f   sv_send.obj
 0001:00025765       ?SV_BroadcastCommand@@YAXPBDZZ 00426765 f   sv_send.obj
 0001:000257bf       ?SV_Multicast@@YAXABUCVec3@@W4multicast_t@@_N@Z 004267bf f   sv_send.obj
 0001:000259c0       ?SV_StartSound@@YAXPBUCVec3@@PAUedict_s@@HHMMM_N@Z 004269c0 f   sv_send.obj
 0001:00025c59       ?SV_SendClientDatagram@@YA_NPAUclient_t@@@Z 00426c59 f   sv_send.obj
 0001:00025d1b       ?SV_DemoCompleted@@YAXXZ   00426d1b f   sv_send.obj
 0001:00025d37       ?SV_SendClientMessages@@YAXXZ 00426d37 f   sv_send.obj
 0001:00025f1f       ?SV_DrawText3D@@YAXABUCVec3@@PBDI@Z 00426f1f f   sv_text.obj
 0001:00025f57       ?SV_ClearTexts@@YAXXZ      00426f57 f   sv_text.obj
 0001:00025f5f       ?SV_DrawTexts@@YAXXZ       00426f5f f   sv_text.obj
 0001:00025fb4       ??0?$TTextContainer@UCSVText@@$0BAAAA@@@QAE@XZ 00426fb4 f i sv_text.obj
 0001:00025fd9       ?SV_TokenizeString@@YAXPBD@Z 00426fd9 f   sv_tokenize.obj
 0001:000260b0       ?SV_Argc@@YAHXZ            004270b0 f   sv_tokenize.obj
 0001:000260b6       ?SV_Argv@@YAPADH@Z         004270b6 f   sv_tokenize.obj
 0001:000260d4       ?SV_Args@@YAPADXZ          004270d4 f   sv_tokenize.obj
 0001:000269a8       ?SV_Nextserver@@YAXXZ      004279a8 f   sv_user.obj
 0001:00026a3c       ?SV_ClientThink@@YAXPAUclient_t@@PAUusercmd_t@@@Z 00427a3c f   sv_user.obj
 0001:00026ae7       ?SV_ExecuteClientMessage@@YAXPAUclient_t@@@Z 00427ae7 f   sv_user.obj
 0001:00026ed5       ?SV_ClearWorld@@YAXXZ      00427ed5 f   sv_world.obj
 0001:00027013       ?SV_UnlinkEdict@@YAXPAUedict_s@@@Z 00428013 f   sv_world.obj
 0001:000270d9       ?SV_LinkEdict@@YAXPAUedict_s@@@Z 004280d9 f   sv_world.obj
 0001:000277ee       ?SV_AreaEdicts@@YAHABUCVec3@@0PAPAUedict_s@@HH@Z 004287ee f   sv_world.obj
 0001:0002798c       ?SV_PointContents@@YAHABUCVec3@@@Z 0042898c f   sv_world.obj
 0001:00027ab2       ?SV_Trace@@YAXAAUtrace_t@@ABUCVec3@@1ABUCBox@@PAUedict_s@@H@Z 00428ab2 f   sv_world.obj
 0001:00027f2f       ?InitByteDirs@@YAXXZ       00428f2f f   anorms.obj
 0001:00027f6e       ?Cbuf_AddText@@YAXPBD@Z    00428f6e f   cmd.obj
 0001:00027fd4       ?Cbuf_CopyToDefer@@YAXXZ   00428fd4 f   cmd.obj
 0001:0002801c       ?Cbuf_InsertFromDefer@@YAXXZ 0042901c f   cmd.obj
 0001:000280d8       ?Cbuf_Execute@@YAXXZ       004290d8 f   cmd.obj
 0001:000281e8       ?Cmd_Unalias_f@@YAX_NHPAPAD@Z 004291e8 f   cmd.obj
 0001:00028260       ?Cmd_WriteAliases@@YAXPAVCOutputDevice@@@Z 00429260 f   cmd.obj
 0001:00028293       ?RegisterCommand@@YA_NPBDP6AXXZI@Z 00429293 f   cmd.obj
 0001:00028374       ?UnregisterCommand@@YA_NPBD@Z 00429374 f   cmd.obj
 0001:00028405       ?ExecuteCommand@@YA_NPBD@Z 00429405 f   cmd.obj
 0001:00028848       ?ExecuteCommand@@YA_NPBDPBUCSimpleCommand@@H@Z 00429848 f   cmd.obj
 0001:00028c8a       ?CM_LoadMap@@YAPAUCBspModel@@PBD_NPAI@Z 00429c8a f   cmodel.obj
 0001:0002a619       ?CM_BuildBrush@@YAPAUCBrush@@HPAVCMemoryChain@@@Z 0042b619 f   cmodel.obj
 0001:0002a6e2       ?CM_InlineModel@@YAPAUCBspModel@@PBD@Z 0042b6e2 f   cmodel.obj
 0001:0002a70d       ?CM_InlineModel@@YAPAUCBspModel@@H@Z 0042b70d f   cmodel.obj
 0001:0002a7e8       ?CM_HeadnodeForBox@@YAHABUCBox@@@Z 0042b7e8 f   cmodel.obj
 0001:0002a830       ?CM_FindLeaf@@YAPBUCBspLeaf@@ABUCVec3@@H@Z 0042b830 f   cmodel.obj
 0001:0002a8df       ?DistanceTo@CPlane@@QBEMABUCVec3@@@Z 0042b8df f i cmodel.obj
 0001:0002a924       ?GetContents@CBspLeaf@@QBEIABUCVec3@@@Z 0042b924 f   cmodel.obj
 0001:0002a9a5       ?CM_PointContents@@YAHABUCVec3@@H@Z 0042b9a5 f   cmodel.obj
 0001:0002aa0f       ?CM_TransformedPointContents@@YAHABUCVec3@@H00@Z 0042ba0f f   cmodel.obj
 0001:0002aae4       ?CM_TransformedPointContents@@YAHABUCVec3@@H0ABUCAxis@@@Z 0042bae4 f   cmodel.obj
 0001:0002ab83       ?CM_BoxLeafs@@YAHABUCBox@@PAPAUCBspLeaf@@HPAHH@Z 0042bb83 f   cmodel.obj
 0001:0002ac95       ?BOX_ON_PLANE_SIDE@@YAHABUCBox@@ABUCPlane@@@Z 0042bc95 f i cmodel.obj
 0001:0002ad00       ?CM_BoxTrace@@YAXAAUtrace_t@@ABUCVec3@@1ABUCBox@@HI@Z 0042bd00 f   cmodel.obj
 0001:0002afdc       ?GetVertex@CBox@@QBEXHAAUCVec3@@@Z 0042bfdc f i cmodel.obj
 0001:0002b456       ?SplitTrace@@YAMABUCVec3@@0ABUCPlane@@AAM2_N@Z 0042c456 f i cmodel.obj
 0001:0002b912       ?CM_TransformedBoxTrace@@YAXAAUtrace_t@@ABUCVec3@@1ABUCBox@@HI11@Z 0042c912 f   cmodel.obj
 0001:0002ba85       ?CM_TransformedBoxTrace@@YAXAAUtrace_t@@ABUCVec3@@1ABUCBox@@HI1ABUCAxis@@@Z 0042ca85 f   cmodel.obj
 0001:0002bb42       ?CM_CombineTrace@@YA_NAAUtrace_t@@ABU1@@Z 0042cb42 f   cmodel.obj
 0001:0002bb8f       ?CM_ClipTraceToModels@@YAXAAUtrace_t@@ABUCVec3@@1ABUCBox@@I@Z 0042cb8f f   cmodel.obj
 0001:0002bc91       ?CM_PointModelContents@@YAHABUCVec3@@@Z 0042cc91 f   cmodel.obj
 0001:0002bce9       ?CM_BrushTrace@@YAHABUCVec3@@0PAHH@Z 0042cce9 f   cmodel.obj
 0001:0002c001       ?CM_RefineBrushTrace@@YAHABUCVec3@@0PAHH@Z 0042d001 f   cmodel.obj
 0001:0002c0a7       ?CM_ClusterPVS@@YAPBEH@Z   0042d0a7 f   cmodel.obj
 0001:0002c1df       ?CM_SetZonePortalState@@YAXH_N@Z 0042d1df f   cmodel.obj
 0001:0002c207       ?CM_ZonesConnected@@YA_NHH@Z 0042d207 f   cmodel.obj
 0001:0002c24e       ?CM_WriteZoneBits@@YAHPAEH@Z 0042d24e f   cmodel.obj
 0001:0002c2f0       ?CM_WritePortalState@@YAXPAU_iobuf@@@Z 0042d2f0 f   cmodel.obj
 0001:0002c30d       ?CM_ReadPortalState@@YAXPAU_iobuf@@@Z 0042d30d f   cmodel.obj
 0001:0002c32f       ?CM_HeadnodeVisible@@YA_NHPBE@Z 0042d32f f   cmodel.obj
 0001:0002c40c       ??E?$TStringSplitter@$0EA@$0DL@@@QAEXXZ 0042d40c f i cmodel.obj
 0001:0002c46e       ?LoadNodes@@YAXPAUdBsp2Node_t@@H@Z 0042d46e f i cmodel.obj
 0001:0002c585       ?LoadLeafBrushes@@YAXPAGHPAUdBsp2Leaf_t@@@Z 0042d585 f i cmodel.obj
 0001:0002c619       ?LoadSubmodels@@YAXPAUdBsp2Model_t@@H@Z 0042d619 f i cmodel.obj
 0001:0002c6a1       ?LoadNodes@@YAXPAUdBsp1Node_t@@H@Z 0042d6a1 f i cmodel.obj
 0001:0002c764       ?LoadSubmodels@@YAXPAUdBsp1Model_t@@H@Z 0042d764 f i cmodel.obj
 0001:0002c7ec       ?LoadNodes@@YAXPAUdBsp3Node_t@@H@Z 0042d7ec f i cmodel.obj
 0001:0002c8a1       ?LoadLeafBrushes@@YAXPAIHPAUdBsp3Leaf_t@@@Z 0042d8a1 f i cmodel.obj
 0001:0002c932       ?Com_DPrintf@@YAXPBDZZ     0042d932 f   common.obj
 0001:0002c9ab       ?DebugPrintf@@YAXPBDZZ     0042d9ab f   common.obj
 0001:0002ca5a       ?IPWildcard@@YA_NPAUnetadr_t@@PBD@Z 0042da5a f   common.obj
 0001:0002cb34       ?Com_ServerState@@YA?AW4server_state_t@@XZ 0042db34 f   common.obj
 0001:0002cb3a       ?Com_SetServerState@@YAXW4server_state_t@@@Z 0042db3a f   common.obj
 0001:0002cb47       ?crand@@YAMXZ              0042db47 f   common.obj
 0001:0002cb65       ?Info_ValueForKey@@YAPBDPBD0@Z 0042db65 f   common.obj
 0001:0002cbe4       ?Info_SetValueForKey@@YAXPADPBD1@Z 0042dbe4 f   common.obj
 0001:0002cd1b       ?Info_Print@@YAXPBD@Z      0042dd1b f   common.obj
 0001:0002cda1       ?LerpAngle@@YAMMMM@Z       0042dda1 f   common.obj
 0001:0002cde5       ?ReduceAngle@@YAMM@Z       0042dde5 f   common.obj
 0001:0002ce11       ?AngleSubtract@@YAMMM@Z    0042de11 f   common.obj
 0001:0002ce4a       ?AnglesSubtract@@YAXABUCVec3@@0AAU1@@Z 0042de4a f   common.obj
 0001:0002cea3       ?COM_Parse@@YAPADAAPBD_N@Z 0042dea3 f   common.obj
 0001:0002cfc5       ?COM_QuoteString@@YAPBDPBD_N@Z 0042dfc5 f   common.obj
 0001:0002d022       ?Com_CheckCmdlineVar@@YA_NPBD@Z 0042e022 f   common.obj
 0001:0002d07b       ?Com_Init@@YAXPBD@Z        0042e07b f   common.obj
 0001:0002d453       ?Com_Frame@@YAXM@Z         0042e453 f   common.obj
 0001:0002d853       ?Com_BlockSequenceCRCByte@@YAEPAEHH@Z 0042e853 f   crc.obj
 0001:0002d90b       ?Cvar_VariableValue@@YAMPBD@Z 0042e90b f   cvar.obj
 0001:0002d982       ?Cvar_VariableInt@@YAHPBD@Z 0042e982 f   cvar.obj
 0001:0002d999       ?Cvar_VariableString@@YAPBDPBD@Z 0042e999 f   cvar.obj
 0001:0002d9b5       ?Cvar_Get@@YAPAUcvar_t@@PBD0H@Z 0042e9b5 f   cvar.obj
 0001:0002dc82       ?Cvar_GetVars@@YAXPBUcvarInfo_t@@H@Z 0042ec82 f   cvar.obj
 0001:0002dd2c       ?Cvar_FullSet@@YAXPAUcvar_t@@PBDI@Z 0042ed2c f   cvar.obj
 0001:0002dd4c       ?Cvar_FullSet@@YAPAUcvar_t@@PBD0I@Z 0042ed4c f   cvar.obj
 0001:0002dd8c       ?Cvar_SetValue@@YAPAUcvar_t@@PBDM@Z 0042ed8c f   cvar.obj
 0001:0002df25       ?Cvar_SetInteger@@YAPAUcvar_t@@PBDH@Z 0042ef25 f   cvar.obj
 0001:0002df49       ?Cvar_Set@@YAPAUcvar_t@@PBD0@Z 0042ef49 f   cvar.obj
 0001:0002df60       ?Cvar_ForceSet@@YAPAUcvar_t@@PBD0@Z 0042ef60 f   cvar.obj
 0001:0002df77       ?Cvar_Clamp@@YAMPAUcvar_t@@MM@Z 0042ef77 f   cvar.obj
 0001:0002dfd5       ?Cvar_Command@@YA_NHPAPAD@Z 0042efd5 f   cvar.obj
 0001:0002e070       ?IsDefault@cvar_t@@QAE_NXZ 0042f070 f i cvar.obj
 0001:0002e08d       ?Cvar_WriteVariables@@YAXPAVCOutputDevice@@HHPBD@Z 0042f08d f   cvar.obj
 0001:0002e113       ?Cvar_BitInfo@@YAPBDI@Z    0042f113 f   cvar.obj
 0001:0002e165       ?Cvar_Cheats@@YAX_N@Z      0042f165 f   cvar.obj
 0001:0002e9dc       ?MSG_WriteDeltaEntity@@YAXPAVsizebuf_t@@PBUentityStateEx_t@@PAU2@_N33@Z 0042f9dc f   entdelta.obj
 0001:0002ef98       ?MSG_WriteRemoveEntity@@YAXPAVsizebuf_t@@H@Z 0042ff98 f   entdelta.obj
 0001:0002efd8       ?MSG_ReadEntityBits@@YAHPAVsizebuf_t@@PAIPA_N@Z 0042ffd8 f   entdelta.obj
 0001:0002f04a       ?MSG_ReadDeltaEntity@@YAXPAVsizebuf_t@@PBUentityStateEx_t@@PAU2@I@Z 0043004a f   entdelta.obj
 0001:0002f0cd       ?MSG_WriteDeltaUsercmd@@YAXPAVsizebuf_t@@PBUusercmd_t@@PAU2@@Z 004300cd f   entdelta.obj
 0001:0002f15c       ?MSG_ReadDeltaUsercmd@@YAXPAVsizebuf_t@@PBUusercmd_t@@PAU2@@Z 0043015c f   entdelta.obj
 0001:0002f45f       ?MSG_WriteDeltaPlayerstate@@YAXPAVsizebuf_t@@PBUplayer_state_t@@PAU2@@Z 0043045f f   entdelta.obj
 0001:0002f568       ?MSG_ReadDeltaPlayerstate@@YAXPAVsizebuf_t@@PBUplayer_state_t@@PAU2@@Z 00430568 f   entdelta.obj
 0001:0002f622       ?ProcessEntstring@@YAPBDPBD@Z 00430622 f   EntityParser.obj
 0001:00030d47       ?Inflate@CBox@@QAEXM@Z     00431d47 f i EntityParser.obj
 0001:000321db       ?LoadPCX@@YAPAEPBDAAH1AAPAE@Z 004331db f   images.obj
 0001:00032316       ?LoadTGA@@YAPAEPBDAAH1@Z   00433316 f   images.obj
 0001:000325aa       ?LoadJPG@@YAPAEPBDAAH1@Z   004335aa f   images.obj
 0001:0003285e       ?ImageExists@@YAHPBDH@Z    0043385e f   images.obj
 0001:00032982       ?WriteTGA@@YA_NPBDPAEHH@Z  00433982 f   images.obj
 0001:00032b76       ?WriteJPG@@YA_NPBDPAEHH_N@Z 00433b76 f   images.obj
 0001:00032ca7       ??0CBrush@@QAE@ABUCBox@@@Z 00433ca7 f   MapBrush.obj
 0001:00032df8       ?Split@CBrush@@QAEPAU1@PAUCPlane@@@Z 00433df8 f   MapBrush.obj
 0001:0003384a       ?GetVec@CAllocVertexPool@@QAEPAUCVec3@@ABU2@@Z 0043484a f i MapBrush.obj
 0001:000338de       ?GetBounds@CBrush@@QAEXAAUCBox@@@Z 004348de f   MapBrush.obj
 0001:00033960       ?AddBevels@CBrush@@QAEXP6APAUCPlane@@ABUCVec3@@M@Z@Z 00434960 f   MapBrush.obj
 0001:00033c54       ?Negate@CVec3@@QAEXXZ      00434c54 f i MapBrush.obj
 0001:00033c62       ?MD4Init@@YAXPAUMD4_CTX@@@Z 00434c62 f   md4.obj
 0001:00033c8a       ?MD4Update@@YAXPAUMD4_CTX@@PAEI@Z 00434c8a f   md4.obj
 0001:00033d28       ?MD4Final@@YAXQAEPAUMD4_CTX@@@Z 00434d28 f   md4.obj
 0001:00034419       ?Com_BlockChecksum@@YAIPAXH@Z 00435419 f   md4.obj
 0001:00034455       ?LoadQ2BspFile@@YAXXZ      00435455 f   model.obj
 0001:0003492e       ?LoadQ1BspFile@@YAXXZ      0043592e f   model.obj
 0001:00034c4e       ?LoadQ3BspFile@@YAXXZ      00435c4e f   model.obj
 0001:00034ece       ?LoadBspFile@@YAPAUbspfile_t@@PBD_NPAI@Z 00435ece f   model.obj
 0001:000350d5       ?Init@sizebuf_t@@QAEXPAXH@Z 004360d5 f   msg.obj
 0001:000350f2       ?Write@sizebuf_t@@QAEXPBXH@Z 004360f2 f   msg.obj
 0001:00035164       ?MSG_WriteChar@@YAXPAVsizebuf_t@@H@Z 00436164 f   msg.obj
 0001:00035164       ?MSG_WriteByte@@YAXPAVsizebuf_t@@H@Z 00436164 f   msg.obj
 0001:00035177       ?MSG_WriteShort@@YAXPAVsizebuf_t@@H@Z 00436177 f   msg.obj
 0001:0003518a       ?MSG_WriteLong@@YAXPAVsizebuf_t@@H@Z 0043618a f   msg.obj
 0001:0003519d       ?MSG_WriteFloat@@YAXPAVsizebuf_t@@M@Z 0043619d f   msg.obj
 0001:000351b0       ?MSG_WriteString@@YAXPAVsizebuf_t@@PBD@Z 004361b0 f   msg.obj
 0001:000351da       ?MSG_WritePos@@YAXPAVsizebuf_t@@ABUCVec3@@@Z 004361da f   msg.obj
 0001:0003523e       ?MSG_WriteAngle@@YAXPAVsizebuf_t@@M@Z 0043623e f   msg.obj
 0001:00035269       ?MSG_WriteAngle16@@YAXPAVsizebuf_t@@M@Z 00436269 f   msg.obj
 0001:00035294       ?MSG_WriteDir@@YAXPAVsizebuf_t@@ABUCVec3@@@Z 00436294 f   msg.obj
 0001:000352fc       ?MSG_ReadDir@@YAXPAVsizebuf_t@@AAUCVec3@@@Z 004362fc f   msg.obj
 0001:0003532f       ?MSG_ReadChar@@YAHPAVsizebuf_t@@@Z 0043632f f   msg.obj
 0001:00035352       ?MSG_ReadByte@@YAHPAVsizebuf_t@@@Z 00436352 f   msg.obj
 0001:0003537a       ?MSG_ReadShort@@YAHPAVsizebuf_t@@@Z 0043637a f   msg.obj
 0001:000353a3       ?MSG_ReadLong@@YAHPAVsizebuf_t@@@Z 004363a3 f   msg.obj
 0001:000353c5       ?MSG_ReadString@@YAPADPAVsizebuf_t@@@Z 004363c5 f   msg.obj
 0001:000353fb       ?MSG_ReadPos@@YAXPAVsizebuf_t@@AAUCVec3@@@Z 004363fb f   msg.obj
 0001:0003544d       ?MSG_ReadAngle@@YAMPAVsizebuf_t@@@Z 0043644d f   msg.obj
 0001:00035467       ?MSG_ReadAngle16@@YAMPAVsizebuf_t@@@Z 00436467 f   msg.obj
 0001:00035481       ?MSG_ReadData@@YAXPAVsizebuf_t@@PAXH@Z 00436481 f   msg.obj
 0001:000354a4       ?Netchan_Init@@YAXXZ       004364a4 f   net_chan.obj
 0001:00035513       ?Netchan_OutOfBandPrint@@YAXW4netsrc_t@@Unetadr_t@@PBDZZ 00436513 f   net_chan.obj
 0001:00035598       ?Setup@netchan_t@@QAEXW4netsrc_t@@Unetadr_t@@H@Z 00436598 f   net_chan.obj
 0001:000355ee       ?NeedReliable@netchan_t@@QAE_NXZ 004365ee f   net_chan.obj
 0001:00035613       ?Transmit@netchan_t@@QAEXPAXH@Z 00436613 f   net_chan.obj
 0001:000357a9       ?Process@netchan_t@@QAE_NPAVsizebuf_t@@@Z 004367a9 f   net_chan.obj
 0001:000358d6       ?Pmove@@YAXPAUpmove_t@@@Z  004368d6 f   pmove.obj
 0001:0003754c       ?FileExists@CQuakeFileSystem@@UAE_NPBDI@Z 0043854c f i QuakeFileSystem.obj
 0001:000375b3       ?CheckFilename@CQuakeFileSystem@@AAEXPBD@Z 004385b3 f i QuakeFileSystem.obj
 0001:00037652       ?OpenFile@CQuakeFileSystem@@UAEPAVCFile@@PBDI@Z 00438652 f i QuakeFileSystem.obj
 0001:000376e2       ?List@CQuakeFileSystem@@UAEPAVCFileList@@PBDIPAV2@@Z 004386e2 f i QuakeFileSystem.obj
 0001:00037774       ??_GCQuakeFileSystem@@UAEPAXI@Z 00438774 f i QuakeFileSystem.obj
 0001:00037774       ??_ECFileSystem@@UAEPAXI@Z 00438774 f i QuakeFileSystem.obj
 0001:00037774       ??_GCFileSystem@@UAEPAXI@Z 00438774 f i QuakeFileSystem.obj
 0001:00037774       ??_ECQuakeFileSystem@@UAEPAXI@Z 00438774 f i QuakeFileSystem.obj
 0001:00037794       ?FS_Gamedir@@YAPBDXZ       00438794 f   QuakeFileSystem.obj
 0001:0003779a       ?FS_NextPath@@YAPBDPBD@Z   0043879a f   QuakeFileSystem.obj
 0001:000377de       ?FS_CopyFile@@YAXPBD0@Z    004387de f   QuakeFileSystem.obj
 0001:000378b4       ?FS_CopyFiles@@YAXPBD0@Z   004388b4 f   QuakeFileSystem.obj
 0001:000379ce       ?FS_RemoveFiles@@YAXPBD@Z  004389ce f   QuakeFileSystem.obj
 0001:00037a89       ?InitFileSystem@@YAXXZ     00438a89 f   QuakeFileSystem.obj
 0001:00037bbd       ?Create@CFileContainerPak@@SAPAVCFileContainer@@PBDPAU_iobuf@@@Z 00438bbd f i QuakeFileSystem.obj
 0001:00037d26       ??0CFileContainerArc@@QAE@XZ 00438d26 f i QuakeFileSystem.obj
 0001:00037d6d       ??_ECFileContainerArc@@UAEPAXI@Z 00438d6d f i QuakeFileSystem.obj
 0001:00037d6d       ??_GCFileContainerArc@@UAEPAXI@Z 00438d6d f i QuakeFileSystem.obj
 0001:00037d9c       ?GetType@CFileContainerPak@@MAEPBDXZ 00438d9c f i QuakeFileSystem.obj
 0001:00037da2       ?OpenLocalFile@CFileContainerPak@@MAEPAVCFile@@ABVCStringItem@@@Z 00438da2 f i QuakeFileSystem.obj
 0001:00037df2       ?Read@CFilePak@CFileContainerPak@@UAEHPAXH@Z 00438df2 f i QuakeFileSystem.obj
 0001:00037e2c       ?GetSize@CFilePak@CFileContainerPak@@UAEHXZ 00438e2c f i QuakeFileSystem.obj
 0001:00037e33       ?Eof@CFilePak@CFileContainerPak@@UAE_NXZ 00438e33 f i QuakeFileSystem.obj
 0001:00037e40       ??_ECFilePak@CFileContainerPak@@UAEPAXI@Z 00438e40 f i QuakeFileSystem.obj
 0001:00037e40       ??_GCFilePak@CFileContainerPak@@UAEPAXI@Z 00438e40 f i QuakeFileSystem.obj
 0001:00037e75       ??_ECFileContainerPak@@UAEPAXI@Z 00438e75 f i QuakeFileSystem.obj
 0001:00037e75       ??_GCFileContainerPak@@UAEPAXI@Z 00438e75 f i QuakeFileSystem.obj
 0001:00037ea4       ?Create@CFileContainerZip@@SAPAVCFileContainer@@PBDPAU_iobuf@@@Z 00438ea4 f i QuakeFileSystem.obj
 0001:000381a3       ?GetType@CFileContainerZip@@MAEPBDXZ 004391a3 f i QuakeFileSystem.obj
 0001:000381a9       ?OpenLocalFile@CFileContainerZip@@MAEPAVCFile@@ABVCStringItem@@@Z 004391a9 f i QuakeFileSystem.obj
 0001:00038245       ??0CFilePak@CFileContainerZip@@QAE@ABVCFileInfo@1@PAU_iobuf@@@Z 00439245 f i QuakeFileSystem.obj
 0001:00038297       ?Read@CFilePak@CFileContainerZip@@UAEHPAXH@Z 00439297 f i QuakeFileSystem.obj
 0001:000383e0       ?GetSize@CFilePak@CFileContainerZip@@UAEHXZ 004393e0 f i QuakeFileSystem.obj
 0001:000383ea       ?Eof@CFilePak@CFileContainerZip@@UAE_NXZ 004393ea f i QuakeFileSystem.obj
 0001:000383fd       ??_GCFilePak@CFileContainerZip@@UAEPAXI@Z 004393fd f i QuakeFileSystem.obj
 0001:000383fd       ??_ECFilePak@CFileContainerZip@@UAEPAXI@Z 004393fd f i QuakeFileSystem.obj
 0001:0003841c       ??1CFilePak@CFileContainerZip@@UAE@XZ 0043941c f i QuakeFileSystem.obj
 0001:0003848b       ??_GCFileContainerZip@@UAEPAXI@Z 0043948b f i QuakeFileSystem.obj
 0001:0003848b       ??_ECFileContainerZip@@UAEPAXI@Z 0043948b f i QuakeFileSystem.obj
 0001:000384ba       ?Mount@CZResource@@SAPAVCFileContainer@@PBDPBE0PAVCFileSystem@@@Z 004394ba f i QuakeFileSystem.obj
 0001:00038666       ?GetType@CZResource@@MAEPBDXZ 00439666 f i QuakeFileSystem.obj
 0001:0003866c       ?OpenLocalFile@CZResource@@MAEPAVCFile@@ABVCStringItem@@@Z 0043966c f i QuakeFileSystem.obj
 0001:0003869d       ??0CFileRes@CZResource@@QAE@ABVCFileInfo@1@PBXH@Z 0043969d f i QuakeFileSystem.obj
 0001:00038750       ?Read@CFileRes@CZResource@@UAEHPAXH@Z 00439750 f i QuakeFileSystem.obj
 0001:000387a3       ?GetSize@CFileRes@CZResource@@UAEHXZ 004397a3 f i QuakeFileSystem.obj
 0001:000387aa       ?Eof@CFileRes@CZResource@@UAE_NXZ 004397aa f i QuakeFileSystem.obj
 0001:000387b7       ??_GCFileRes@CZResource@@UAEPAXI@Z 004397b7 f i QuakeFileSystem.obj
 0001:000387b7       ??_ECFileRes@CZResource@@UAEPAXI@Z 004397b7 f i QuakeFileSystem.obj
 0001:000387e9       ??_ECZResource@@UAEPAXI@Z  004397e9 f i QuakeFileSystem.obj
 0001:000387e9       ??_GCZResource@@UAEPAXI@Z  004397e9 f i QuakeFileSystem.obj
 0001:00038818       ?MountGame@CQuakeFileSystem@@QAEXPBD@Z 00439818 f i QuakeFileSystem.obj
 0001:00038863       ?SetGameDir@CQuakeFileSystem@@QAE_NPBD@Z 00439863 f i QuakeFileSystem.obj
 0001:00038a65       ?FS_Tick@@YAXXZ            00439a65 f   QuakeFileSystem.obj
 0001:00038bb2       ?CDAudio_Play@@YAXH_N@Z    00439bb2 f   cd_win.obj
 0001:00038da5       ?CDAudio_Stop@@YAXXZ       00439da5 f   cd_win.obj
 0001:00038e66       ?CDAudio_Update@@YAXXZ     00439e66 f   cd_win.obj
 0001:00038f09       ?CDAudio_Init@@YA_NXZ      00439f09 f   cd_win.obj
 0001:0003932a       ?CDAudio_Shutdown@@YAXXZ   0043a32a f   cd_win.obj
 0001:0003934d       ?CDAudio_Activate@@YAX_N@Z 0043a34d f   cd_win.obj
 0001:00039364       ?IN_Init@@YAXXZ            0043a364 f   in_win.obj
 0001:000395f1       ?IN_Shutdown@@YAXXZ        0043a5f1 f   in_win.obj
 0001:00039852       ?IN_Activate@@YAX_N@Z      0043a852 f   in_win.obj
 0001:0003985f       ?IN_Frame@@YAXXZ           0043a85f f   in_win.obj
 0001:00039bc1       ?IN_Move@@YAXPAUusercmd_t@@@Z 0043abc1 f   in_win.obj
 0001:0003a077       ?NET_CompareAdr@@YA_NPAUnetadr_t@@0@Z 0043b077 f   net_wins.obj
 0001:0003a0b2       ?NET_CompareBaseAdr@@YA_NPAUnetadr_t@@0@Z 0043b0b2 f   net_wins.obj
 0001:0003a0df       ?NET_AdrToString@@YAPBDPAUnetadr_t@@@Z 0043b0df f   net_wins.obj
 0001:0003a125       ?NET_StringToAdr@@YA_NPBDPAUnetadr_t@@F@Z 0043b125 f   net_wins.obj
 0001:0003a23a       ?NET_IsLocalAddress@@YA_NPAUnetadr_t@@@Z 0043b23a f   net_wins.obj
 0001:0003a249       ?NET_GetPacket@@YA_NW4netsrc_t@@PAUnetadr_t@@PAVsizebuf_t@@@Z 0043b249 f   net_wins.obj
 0001:0003a3c8       ?NET_SendPacket@@YAXW4netsrc_t@@HPAXUnetadr_t@@@Z 0043b3c8 f   net_wins.obj
 0001:0003a4e6       ?NET_Config@@YAX_N@Z       0043b4e6 f   net_wins.obj
 0001:0003a6c1       ?NET_Init@@YAXXZ           0043b6c1 f   net_wins.obj
 0001:0003a774       ?SNDDMA_Init@@YA_NXZ       0043b774 f   snd_win.obj
 0001:0003adbf       ?SNDDMA_GetDMAPos@@YAHXZ   0043bdbf f   snd_win.obj
 0001:0003ae09       ?SNDDMA_BeginPainting@@YAXXZ 0043be09 f   snd_win.obj
 0001:0003af28       ?SNDDMA_Submit@@YAXXZ      0043bf28 f   snd_win.obj
 0001:0003af4d       ?SNDDMA_Shutdown@@YAXXZ    0043bf4d f   snd_win.obj
 0001:0003af52       ?S_Activate@@YAX_N@Z       0043bf52 f   snd_win.obj
 0001:0003afa5       ?Write@COutputDeviceWin32Console@@UAEXPBD@Z 0043bfa5 f i sys_win.obj
 0001:0003b01d       ?EraseInput@COutputDeviceWin32Console@@QAEXXZ 0043c01d f i sys_win.obj
 0001:0003b0a3       ??_GCOutputDeviceWin32Console@@UAEPAXI@Z 0043c0a3 f i sys_win.obj
 0001:0003b0a3       ??_ECOutputDeviceWin32Console@@UAEPAXI@Z 0043c0a3 f i sys_win.obj
 0001:0003b0c3       ?Sys_ConsoleInput@@YAPADXZ 0043c0c3 f   sys_win.obj
 0001:0003b34c       ?Sys_ProcessMessages@@YAXXZ 0043c34c f   sys_win.obj
 0001:0003b405       _WinMain@16                0043c405 f   sys_win.obj
 0001:0003b719       ??_GCOutputDeviceCon@@UAEPAXI@Z 0043c719 f i sys_win.obj
 0001:0003b719       ??_ECOutputDeviceCon@@UAEPAXI@Z 0043c719 f i sys_win.obj
 0001:0003b7c1       ?Init@COutputDeviceWin32Console@@QAEXXZ 0043c7c1 f i sys_win.obj
 0001:0003b7eb       ?AddMsgHook@@YAXP6A_NIIJ@Z@Z 0043c7eb f   vid_dll.obj
 0001:0003b832       ?RemoveMsgHook@@YAXP6A_NIIJ@Z@Z 0043c832 f   vid_dll.obj
 0001:0003b865       ?Vid_CreateWindow@@YAPAXHH_N@Z 0043c865 f   vid_dll.obj
 0001:0003bf5e       ?Vid_DestroyWindow@@YAX_N@Z 0043cf5e f   vid_dll.obj
 0001:0003bf9d       ?Vid_Restart@@YAXXZ        0043cf9d f   vid_dll.obj
 0001:0003bfa9       ?Vid_GetModeInfo@@YA_NPAH0H@Z 0043cfa9 f   vid_dll.obj
 0001:0003bfdb       ?Vid_Tick@@YAXXZ           0043cfdb f   vid_dll.obj
 0001:0003c193       ?Vid_Init@@YAXXZ           0043d193 f   vid_dll.obj
 0001:0003c236       ?Vid_Shutdown@@YAXXZ       0043d236 f   vid_dll.obj
 0001:0003c255       ?PreLight@Comb@OpenGLDrv@@YA_NPBVshader_t@2@AAH@Z 0043d255 f   gl_backend.obj
 0001:0003c4af       ?PostLight@Comb@OpenGLDrv@@YAXPBVshader_t@2@@Z 0043d4af f   gl_backend.obj
 0001:0003c735       ?AddFogPass@Comb@OpenGLDrv@@YAXPBVshader_t@2@@Z 0043d735 f   gl_backend.obj
 0001:0003c873       ?AddStaticStages@Comb@OpenGLDrv@@YAXPBVshader_t@2@H@Z 0043d873 f   gl_backend.obj
 0001:0003c9af       ?ComputeConstColor@Comb@OpenGLDrv@@YAXXZ 0043d9af f   gl_backend.obj
 0001:0003ccd4       ?NoMultitexture@Comb@OpenGLDrv@@YAXXZ 0043dcd4 f   gl_backend.obj
 0001:0003cd2b       ?UseMultitexture@Comb@OpenGLDrv@@YAXXZ 0043dd2b f   gl_backend.obj
 0001:0003d342       ?ShowFillrate@Comb@OpenGLDrv@@YAXPBVshader_t@2@@Z 0043e342 f   gl_backend.obj
 0001:0003d3e1       ?DebugLight@Comb@OpenGLDrv@@YAXPBVshader_t@2@@Z 0043e3e1 f   gl_backend.obj
 0001:0003d576       ?ComputeCombiners@Comb@OpenGLDrv@@YAXPBVshader_t@2@@Z 0043e576 f   gl_backend.obj
 0001:0003d6d5       ?BK_FlushShader@OpenGLDrv@@YAXXZ 0043e6d5 f   gl_backend.obj
 0001:0003f883       ?Tesselate@surfacePlanar_t@OpenGLDrv@@UAEXAAUrefEntity_t@2@@Z 00440883 f   gl_backend.obj
 0001:0003f9f0       ?Tesselate@surfaceTrisurf_t@OpenGLDrv@@UAEXAAUrefEntity_t@2@@Z 004409f0 f   gl_backend.obj
 0001:0003fafe       ?Tesselate@surfacePoly_t@OpenGLDrv@@UAEXAAUrefEntity_t@2@@Z 00440afe f   gl_backend.obj
 0001:0003fc08       ?Tesselate@surfaceMd3_t@OpenGLDrv@@UAEXAAUrefEntity_t@2@@Z 00440c08 f   gl_backend.obj
 0001:000401d8       ?DrawBrush@OpenGLDrv@@YAXPBUCBrush@@PBDH@Z 004411d8 f   gl_backend.obj
 0001:0004023b       ?Tesselate@surfaceEntity_t@OpenGLDrv@@UAEXAAUrefEntity_t@2@@Z 0044123b f   gl_backend.obj
 0001:00040336       ?Tesselate@surfaceParticle_t@OpenGLDrv@@UAEXAAUrefEntity_t@2@@Z 00441336 f   gl_backend.obj
 0001:00040586       ?BK_DrawScene@OpenGLDrv@@YAXXZ 00441586 f   gl_backend.obj
 0001:00040e43       ?BK_DrawPic@OpenGLDrv@@YAXPAVshader_t@1@HHHHMMMMIE@Z 00441e43 f   gl_backend.obj
 0001:0004101f       ?BK_DrawText@OpenGLDrv@@YAXPBDHHHHHI@Z 0044201f f   gl_backend.obj
 0001:0004120a       ?BK_BeginFrame@OpenGLDrv@@YAXXZ 0044220a f   gl_backend.obj
 0001:0004126e       ?BK_EndFrame@OpenGLDrv@@YAXXZ 0044226e f   gl_backend.obj
 0001:000412c3       ?BK_Init@OpenGLDrv@@YAXXZ  004422c3 f   gl_backend.obj
 0001:000412f2       ?BK_Shutdown@OpenGLDrv@@YAXXZ 004422f2 f   gl_backend.obj
 0001:0004130a       ?AllocDynamicMemory@OpenGLDrv@@YAPAXH@Z 0044230a f   gl_buffers.obj
 0001:00041383       ?ResizeDynamicMemory@OpenGLDrv@@YAXPAXH@Z 00442383 f   gl_buffers.obj
 0001:000413c7       ?AddSurfaceToPortal@OpenGLDrv@@YAXPAVsurfaceBase_t@1@PAVshader_t@1@HH@Z 004423c7 f   gl_buffers.obj
 0001:00041445       ?InsertShaderIndex@OpenGLDrv@@YAXH@Z 00442445 f   gl_buffers.obj
 0001:0004147b       ?ClearPortal@OpenGLDrv@@YAXXZ 0044247b f   gl_buffers.obj
 0001:00041499       ?SortSurfaces@OpenGLDrv@@YAXPAUviewPortal_t@1@PAPAUsurfaceInfo_t@1@@Z 00442499 f   gl_buffers.obj
 0001:0004162b       ?ClearBuffers@OpenGLDrv@@YAXXZ 0044262b f   gl_buffers.obj
 0001:00041642       ?CreateBuffers@OpenGLDrv@@YAXXZ 00442642 f   gl_buffers.obj
 0001:00041668       ?FreeBuffers@OpenGLDrv@@YAXXZ 00442668 f   gl_buffers.obj
 0001:0004168c       ?InitEntity@model_t@OpenGLDrv@@UAE_NPAUentity_t@@PAUrefEntity_t@2@@Z 0044268c f   gl_frontend.obj
 0001:00041691       ?AddSurfaces@model_t@OpenGLDrv@@UAEXPAUrefEntity_t@2@@Z 00442691 f   gl_frontend.obj
 0001:000416cd       ?GetLeaf@model_t@OpenGLDrv@@UAEPBUCBspLeaf@@PAUrefEntity_t@2@@Z 004426cd f   gl_frontend.obj
 0001:000416e4       ?DrawLabel@model_t@OpenGLDrv@@UAEXPAUrefEntity_t@2@@Z 004426e4 f   gl_frontend.obj
 0001:000416e7       ?InitEntity@inlineModel_t@OpenGLDrv@@UAE_NPAUentity_t@@PAUrefEntity_t@2@@Z 004426e7 f   gl_frontend.obj
 0001:00041754       ?AddSurfaces@inlineModel_t@OpenGLDrv@@UAEXPAUrefEntity_t@2@@Z 00442754 f   gl_frontend.obj
 0001:00041dea       ?GetLeaf@inlineModel_t@OpenGLDrv@@UAEPBUCBspLeaf@@PAUrefEntity_t@2@@Z 00442dea f   gl_frontend.obj
 0001:00041f95       ?DrawLabel@inlineModel_t@OpenGLDrv@@UAEXPAUrefEntity_t@2@@Z 00442f95 f   gl_frontend.obj
 0001:00041fde       ?InitEntity@md3Model_t@OpenGLDrv@@UAE_NPAUentity_t@@PAUrefEntity_t@2@@Z 00442fde f   gl_frontend.obj
 0001:000421d3       ?AddSurfaces@md3Model_t@OpenGLDrv@@UAEXPAUrefEntity_t@2@@Z 004431d3 f   gl_frontend.obj
 0001:0004230d       ?GetLeaf@md3Model_t@OpenGLDrv@@UAEPBUCBspLeaf@@PAUrefEntity_t@2@@Z 0044330d f   gl_frontend.obj
 0001:00042348       ?DrawLabel@md3Model_t@OpenGLDrv@@UAEXPAUrefEntity_t@2@@Z 00443348 f   gl_frontend.obj
 0001:000423b1       ?InitEntity@sprModel_t@OpenGLDrv@@UAE_NPAUentity_t@@PAUrefEntity_t@2@@Z 004433b1 f   gl_frontend.obj
 0001:000423d4       ?AddSurfaces@sprModel_t@OpenGLDrv@@UAEXPAUrefEntity_t@2@@Z 004433d4 f   gl_frontend.obj
 0001:00042555       ?GetLeaf@sprModel_t@OpenGLDrv@@UAEPBUCBspLeaf@@PAUrefEntity_t@2@@Z 00443555 f   gl_frontend.obj
 0001:0004263d       ?AddEntity@OpenGLDrv@@YAXPAUentity_t@@@Z 0044363d f   gl_frontend.obj
 0001:000427f6       ?AddDlight@OpenGLDrv@@YAXPAUdlight_t@@@Z 004437f6 f   gl_frontend.obj
 0001:000429c0       ?DrawPortal@OpenGLDrv@@YAXXZ 004439c0 f   gl_frontend.obj
 0001:00044c01       ?GL_TextureMode@OpenGLDrv@@YAXPBD@Z 00445c01 f   gl_image.obj
 0001:00044cac       ?CreateImage@OpenGLDrv@@YAPAVimage_t@1@PBDPAXHHI@Z 00445cac f   gl_image.obj
 0001:00045a68       ?CreateImage8@OpenGLDrv@@YAPAVimage_t@1@PBDPAXHHIPAI@Z 00446a68 f   gl_image.obj
 0001:00045b47       ?LoadDelayedImages@OpenGLDrv@@YAXXZ 00446b47 f   gl_image.obj
 0001:00045bda       ?DrawStretchRaw8@OpenGLDrv@@YAXHHHHHHPAEPAI@Z 00446bda f   gl_image.obj
 0001:00045f0d       ?SetupGamma@OpenGLDrv@@YAXXZ 00446f0d f   gl_image.obj
 0001:00046053       ?PerformScreenshot@OpenGLDrv@@YAXXZ 00447053 f   gl_image.obj
 0001:000462c4       ?InitImages@OpenGLDrv@@YAXXZ 004472c4 f   gl_image.obj
 0001:00046bf9       ?ShutdownImages@OpenGLDrv@@YAXXZ 00447bf9 f   gl_image.obj
 0001:00046c60       ?ShowImages@OpenGLDrv@@YAXXZ 00447c60 f   gl_image.obj
 0001:00046eec       ?FindImage@OpenGLDrv@@YAPAVimage_t@1@PBDI@Z 00447eec f   gl_image.obj
 0001:000472fe       ?GetImageColor@OpenGLDrv@@YA_NPBDPATcolor_t@@@Z 004482fe f   gl_image.obj
 0001:0004736b       ?GL_Lock@OpenGLDrv@@YAXXZ  0044836b f   gl_interface.obj
 0001:000473e3       ?GL_Unlock@OpenGLDrv@@YAXXZ 004483e3 f   gl_interface.obj
 0001:000475a5       ?GL_Bind@OpenGLDrv@@YAXPBVimage_t@1@@Z 004485a5 f   gl_interface.obj
 0001:0004773a       ?GL_BindForce@OpenGLDrv@@YAXPBVimage_t@1@@Z 0044873a f   gl_interface.obj
 0001:000477d2       ?GL_TexEnv@OpenGLDrv@@YAXI@Z 004487d2 f   gl_interface.obj
 0001:00047951       ?GL_TexMipBias@OpenGLDrv@@YAXM@Z 00448951 f   gl_interface.obj
 0001:000479ad       ?GL_TexEnvColor@OpenGLDrv@@YAXPBTcolor_t@@@Z 004489ad f   gl_interface.obj
 0001:00047a5d       ?GL_SelectTexture@OpenGLDrv@@YAXH@Z 00448a5d f   gl_interface.obj
 0001:00047ac0       ?GL_TexCoordPointer@OpenGLDrv@@YAXPAX@Z 00448ac0 f   gl_interface.obj
 0001:00047af3       ?GL_SetMultitexture@OpenGLDrv@@YAXH@Z 00448af3 f   gl_interface.obj
 0001:00047be4       ?GL_DisableTexCoordArrays@OpenGLDrv@@YAXXZ 00448be4 f   gl_interface.obj
 0001:00047c38       ?GL_CullFace@OpenGLDrv@@YAXW4gl_cullMode_t@1@@Z 00448c38 f   gl_interface.obj
 0001:00047c8c       ?GL_DepthRange@OpenGLDrv@@YAXW4gl_depthMode_t@1@@Z 00448c8c f   gl_interface.obj
 0001:00047cc2       ?GL_State@OpenGLDrv@@YAXI@Z 00448cc2 f   gl_interface.obj
 0001:00047e12       ?GL_EnableFog@OpenGLDrv@@YAX_N@Z 00448e12 f   gl_interface.obj
 0001:00047eec       ?GL_SetDefaultState@OpenGLDrv@@YAXXZ 00448eec f   gl_interface.obj
 0001:00048043       ?GL_Set2DMode@OpenGLDrv@@YAXXZ 00449043 f   gl_interface.obj
 0001:00048137       ?GL_Set3DMode@OpenGLDrv@@YAXPAUviewPortal_t@1@@Z 00449137 f   gl_interface.obj
 0001:00048222       ?Show@CPointLight@OpenGLDrv@@UBEXXZ 00449222 f   gl_light.obj
 0001:0004843f       ?Show@CSurfLight@OpenGLDrv@@UBEXXZ 0044943f f   gl_light.obj
 0001:000485b6       ?ShowLights@OpenGLDrv@@YAXXZ 004495b6 f   gl_light.obj
 0001:0004863b       ?Init@CPointLight@OpenGLDrv@@UAEXXZ 0044963b f   gl_light.obj
 0001:00048653       ?Init@CLightLinear@OpenGLDrv@@EAEXXZ 00449653 f   gl_light.obj
 0001:00048687       ?GetScale@CLightLinear@OpenGLDrv@@EBEMM@Z 00449687 f   gl_light.obj
 0001:00048697       ?Init@CLightInv@OpenGLDrv@@EAEXXZ 00449697 f   gl_light.obj
 0001:000486b3       ?GetScale@CLightInv@OpenGLDrv@@EBEMM@Z 004496b3 f   gl_light.obj
 0001:000486cf       ?Init@CLightInv2@OpenGLDrv@@EAEXXZ 004496cf f   gl_light.obj
 0001:00048738       ?GetScale@CLightInv2@OpenGLDrv@@EBEMM@Z 00449738 f   gl_light.obj
 0001:0004875a       ?Init@CLightNofade@OpenGLDrv@@EAEXXZ 0044975a f   gl_light.obj
 0001:0004876b       ?GetScale@CLightNofade@OpenGLDrv@@EBEMM@Z 0044976b f   gl_light.obj
 0001:00048771       ?Add@CPointLight@OpenGLDrv@@UBEXABUCVec3@@ABUCAxis@@@Z 00449771 f   gl_light.obj
 0001:00048bbd       ?Init@CSurfLight@OpenGLDrv@@UAEXXZ 00449bbd f   gl_light.obj
 0001:00048c98       ?Add@CSurfLight@OpenGLDrv@@UBEXABUCVec3@@ABUCAxis@@@Z 00449c98 f   gl_light.obj
 0001:000490b9       ?Init@CSunLight@OpenGLDrv@@UAEXXZ 0044a0b9 f   gl_light.obj
 0001:00049166       ?Add@CSunLight@OpenGLDrv@@UBEXABUCVec3@@ABUCAxis@@@Z 0044a166 f   gl_light.obj
 0001:0004922c       ?LightForEntity@OpenGLDrv@@YAXPAUrefEntity_t@1@@Z 0044a22c f   gl_light.obj
 0001:00049b07       ?DiffuseLight@OpenGLDrv@@YAXPATcolor_t@@M@Z 0044ab07 f   gl_light.obj
 0001:00049d53       ?InitLightGrid@OpenGLDrv@@YAXXZ 0044ad53 f   gl_light.obj
 0001:00049df9       ?PostLoadLights@OpenGLDrv@@YAXXZ 0044adf9 f   gl_light.obj
 0001:00049ee2       ?LM_Init@OpenGLDrv@@YAXXZ  0044aee2 f   gl_lightmap.obj
 0001:00049ef8       ?LM_Flush@OpenGLDrv@@YAXPAUlightmapBlock_t@1@@Z 0044aef8 f   gl_lightmap.obj
 0001:00049f58       ?LM_Done@OpenGLDrv@@YAXXZ  0044af58 f   gl_lightmap.obj
 0001:00049f7f       ?LM_Save@OpenGLDrv@@YAXPAUlightmapBlock_t@1@@Z 0044af7f f   gl_lightmap.obj
 0001:00049f9a       ?LM_Restore@OpenGLDrv@@YAXPAUlightmapBlock_t@1@@Z 0044af9a f   gl_lightmap.obj
 0001:00049fb5       ?LM_NewBlock@OpenGLDrv@@YAPAUlightmapBlock_t@1@XZ 0044afb5 f   gl_lightmap.obj
 0001:0004a014       ?LM_Rewind@OpenGLDrv@@YAXXZ 0044b014 f   gl_lightmap.obj
 0001:0004a01c       ?LM_NextBlock@OpenGLDrv@@YAPAUlightmapBlock_t@1@XZ 0044b01c f   gl_lightmap.obj
 0001:0004a049       ?LM_CheckMinlight@OpenGLDrv@@YAXPAUdynamicLightmap_t@1@@Z 0044b049 f   gl_lightmap.obj
 0001:0004a0df       ?LM_AllocBlock@OpenGLDrv@@YA_NPAUlightmapBlock_t@1@PAUdynamicLightmap_t@1@@Z 0044b0df f   gl_lightmap.obj
 0001:0004a205       ?LM_Copy@OpenGLDrv@@YAXPAE0HH@Z 0044b205 f   gl_lightmap.obj
 0001:0004a57f       ?LM_PutBlock@OpenGLDrv@@YAXPAUdynamicLightmap_t@1@@Z 0044b57f f   gl_lightmap.obj
 0001:0004a696       ?LM_PutBlock1@OpenGLDrv@@YAXPAUdynamicLightmap_t@1@@Z 0044b696 f   gl_lightmap.obj
 0001:0004a7e7       ?LM_SortLightStyles@OpenGLDrv@@YAXPAUdynamicLightmap_t@1@@Z 0044b7e7 f   gl_lightmap.obj
 0001:0004a879       ?UpdateDynamicLightmap@OpenGLDrv@@YAXPAVsurfacePlanar_t@1@_NI@Z 0044b879 f   gl_lightmap.obj
 0001:0004b0ed       ?LM_IsMonotone@OpenGLDrv@@YA_NPAUdynamicLightmap_t@1@PATcolor_t@@@Z 0044c0ed f   gl_lightmap.obj
 0001:0004b1f4       ?Init@OpenGLDrv@@YA_NXZ    0044c1f4 f   gl_main.obj
 0001:0004b908       ?Shutdown@OpenGLDrv@@YAX_N@Z 0044c908 f   gl_main.obj
 0001:0004b991       ?GL_EnableRendering@OpenGLDrv@@YAX_N@Z 0044c991 f   gl_main.obj
 0001:0004b9af       ?BeginFrame@OpenGLDrv@@YAXN@Z 0044c9af f   gl_main.obj
 0001:0004bae1       ?EndFrame@OpenGLDrv@@YAXXZ 0044cae1 f   gl_main.obj
 0001:0004baf9       ?RenderFrame@OpenGLDrv@@YAXPAUrefdef_t@@@Z 0044caf9 f   gl_main.obj
 0001:0004c07f       ?Zero@FDrawStats@OpenGLDrv@@QAEXXZ 0044d07f f i gl_main.obj
 0001:0004c4a3       ?Fill8@OpenGLDrv@@YAXHHHHH@Z 0044d4a3 f   gl_main.obj
 0001:0004c4e6       ?Fill@OpenGLDrv@@YAXHHHHI@Z 0044d4e6 f   gl_main.obj
 0001:0004c522       ?TileClear@OpenGLDrv@@YAXHHHHPBD@Z 0044d522 f   gl_main.obj
 0001:0004c5c3       ?DrawStretchPic@OpenGLDrv@@YAXHHHHPBD@Z 0044d5c3 f   gl_main.obj
 0001:0004c608       ?DrawDetailedPic@OpenGLDrv@@YAXHHHHPBD@Z 0044d608 f   gl_main.obj
 0001:0004c6b2       ?DrawPic@OpenGLDrv@@YAXHHPBDHH@Z 0044d6b2 f   gl_main.obj
 0001:0004c73a       ?LoadNewWorld@OpenGLDrv@@YAXXZ 0044d73a f   gl_main.obj
 0001:0004c75a       ?DumpLoadStats@OpenGLDrv@@YAXXZ 0044d75a f   gl_main.obj
 0001:0004c7e0       ?FinishLoadingWorld@OpenGLDrv@@YAXXZ 0044d7e0 f   gl_main.obj
 0001:0004c7e5       ?RegisterPic@OpenGLDrv@@YAPAVCBasicImage@@PBD@Z 0044d7e5 f   gl_main.obj
 0001:0004c7f9       ?RegisterSkin@OpenGLDrv@@YAPAVCBasicImage@@PBD_N@Z 0044d7f9 f   gl_main.obj
 0001:0004c819       ?RegisterModel@OpenGLDrv@@YAPAVCRenderModel@@PBD@Z 0044d819 f   gl_main.obj
 0001:0004c827       ?SetSky@OpenGLDrv@@YAXPBDMABUCVec3@@@Z 0044d827 f   gl_main.obj
 0001:0004c92f       ?Screenshot@OpenGLDrv@@YAXHPBD@Z 0044d92f f   gl_main.obj
 0001:0004c957       ?GetClientLight@OpenGLDrv@@YAMXZ 0044d957 f   gl_main.obj
 0001:0004c95e       ?InitFuncTables@OpenGLDrv@@YAXXZ 0044d95e f   gl_math.obj
 0001:0004ca62       ?BuildRotationAxis@OpenGLDrv@@YAXAAUCAxis@@ABUCVec3@@M@Z 0044da62 f   gl_math.obj
 0001:0004cb59       ?GetBoxRect@OpenGLDrv@@YA_NPBUrefEntity_t@1@ABUCVec3@@QAM2_N@Z 0044db59 f   gl_math.obj
 0001:0004ce63       ?ProjectToScreen@OpenGLDrv@@YA_NABUCVec3@@QAH@Z 0044de63 f   gl_math.obj
 0001:0004cfa6       ?SaturateColor3f@OpenGLDrv@@YAXAAUCVec3@@@Z 0044dfa6 f   gl_math.obj
 0001:0004d096       ?SaturateColor4b@OpenGLDrv@@YAXPATcolor_t@@@Z 0044e096 f   gl_math.obj
 0001:0004d1a4       ?SubdividePlane@OpenGLDrv@@YAHPAPAUCVec3@@HM@Z 0044e1a4 f   gl_poly.obj
 0001:0004d683       ?FreeSubdividedPlane@OpenGLDrv@@YAXXZ 0044e683 f   gl_poly.obj
 0001:0004d69b       ?GetSubdivideIndexes@OpenGLDrv@@YAXPAH@Z 0044e69b f   gl_poly.obj
 0001:0004d6f1       ?RemoveCollinearPoints@OpenGLDrv@@YAHPAPAUCVec3@@H@Z 0044e6f1 f   gl_poly.obj
 0001:0004d7e7       ?InitShaders@OpenGLDrv@@YAXXZ 0044e7e7 f   gl_shader.obj
 0001:0004d985       ?ShutdownShaders@OpenGLDrv@@YAXXZ 0044e985 f   gl_shader.obj
 0001:0004d9c3       ?GetLightmapImage@OpenGLDrv@@YAPAVimage_t@1@H@Z 0044e9c3 f   gl_shader.obj
 0001:0004d9ee       ?SetShaderLightmap@OpenGLDrv@@YAPAVshader_t@1@PAV21@H@Z 0044e9ee f   gl_shader.obj
 0001:0004ddb0       ??4shader_t@OpenGLDrv@@QAEAAV01@ABV01@@Z 0044edb0 f i gl_shader.obj
 0001:0004e096       ?SetShaderLightstyles@OpenGLDrv@@YAPAVshader_t@1@PAV21@I_N@Z 0044f096 f   gl_shader.obj
 0001:0004e148       ?GetAlphaShader@OpenGLDrv@@YAPAVshader_t@1@PAV21@@Z 0044f148 f   gl_shader.obj
 0001:0004e728       ?SetShaderAnimFreq@OpenGLDrv@@YAXPAVshader_t@1@H@Z 0044f728 f   gl_shader.obj
 0001:0004e77e       ?FindShader@OpenGLDrv@@YAPAVshader_t@1@PBDI@Z 0044f77e f   gl_shader.obj
 0001:000504bb       ?GetShaderByNum@OpenGLDrv@@YAPAVshader_t@1@H@Z 004514bb f   gl_shader.obj
 0001:000504dd       ?ResetShaders@OpenGLDrv@@YAXXZ 004514dd f   gl_shader.obj
 0001:00050712       ?Reload@shader_t@OpenGLDrv@@UAEXXZ 00451712 f   gl_shader.obj
 0001:00050741       ?ClearSky@OpenGLDrv@@YAXXZ 00451741 f   gl_sky.obj
 0001:0005079e       ?AddToSky@surfaceBase_t@OpenGLDrv@@UAEX_N@Z 0045179e f   gl_sky.obj
 0001:000507b2       ?AddToSky@surfacePlanar_t@OpenGLDrv@@UAEX_N@Z 004517b2 f   gl_sky.obj
 0001:00050feb       ?AddToSky@surfaceTrisurf_t@OpenGLDrv@@UAEX_N@Z 00451feb f   gl_sky.obj
 0001:00051030       ?DrawSky@OpenGLDrv@@YAXXZ  00452030 f   gl_sky.obj
 0001:00051832       ?DrawChar@OpenGLDrv@@YAXHHHH@Z 00452832 f   gl_text.obj
 0001:0005188c       ?ClearTexts@OpenGLDrv@@YAXXZ 0045288c f   gl_text.obj
 0001:000518a1       ?FlushTexts@OpenGLDrv@@YAXXZ 004528a1 f   gl_text.obj
 0001:0005194d       ?DrawTextPos@OpenGLDrv@@YAXHHPBDI@Z 0045294d f   gl_text.obj
 0001:00051979       ?DrawTextLeft@OpenGLDrv@@YAXPBDI@Z 00452979 f   gl_text.obj
 0001:00051a01       ?DrawTextRight@OpenGLDrv@@YAXPBDI@Z 00452a01 f   gl_text.obj
 0001:00051a4b       ?DrawText3D@OpenGLDrv@@YAXABUCVec3@@PBDI@Z 00452a4b f   gl_text.obj
 0001:00051a78       ?InitTexts@OpenGLDrv@@YAXXZ 00452a78 f   gl_text.obj
 0001:00051a92       ??0?$TTextContainer@UCRText@OpenGLDrv@@$0BAAAA@@@QAE@XZ 00452a92 f i gl_text.obj
 0001:00051ab7       ?FindModel@OpenGLDrv@@YAPAVmodel_t@1@PBD@Z 00452ab7 f   gl_model.obj
 0001:00051ca7       ?FreeModels@OpenGLDrv@@YAXXZ 00452ca7 f   gl_model.obj
 0001:00051d19       ?InitModels@OpenGLDrv@@YAXXZ 00452d19 f   gl_model.obj
 0001:00051e0f       ?ShutdownModels@OpenGLDrv@@YAXXZ 00452e0f f   gl_model.obj
[...]
 0001:000679b2       _noscale                   004689b2 f   libs-vc-win32:jcscale.obj
 0001:0006745b       _start_pass                0046845b f   libs-vc-win32:jcpred.obj
 0001:000674b3       _reset_predictor           004684b3 f   libs-vc-win32:jcpred.obj
 0001:000674e0       _jpeg_difference_first_row 004684e0 f   libs-vc-win32:jcpred.obj
 0001:000675ca       _jpeg_difference1          004685ca f   libs-vc-win32:jcpred.obj
 0001:00067638       _jpeg_difference2          00468638 f   libs-vc-win32:jcpred.obj
 0001:000676a9       _jpeg_difference3          004686a9 f   libs-vc-win32:jcpred.obj
 0001:00067721       _jpeg_difference4          00468721 f   libs-vc-win32:jcpred.obj
 0001:000677ac       _jpeg_difference5          004687ac f   libs-vc-win32:jcpred.obj
 0001:0006783f       _jpeg_difference6          0046883f f   libs-vc-win32:jcpred.obj
 0001:000678ce       _jpeg_difference7          004688ce f   libs-vc-win32:jcpred.obj
 0001:00066d4d       _start_pass_huff           00467d4d f   libs-vc-win32:jclhuff.obj
 0001:00066eea       _encode_mcus_huff          00467eea f   libs-vc-win32:jclhuff.obj
 0001:000670d5       _emit_bits                 004680d5 f   libs-vc-win32:jclhuff.obj
 0001:00067178       _dump_buffer               00468178 f   libs-vc-win32:jclhuff.obj
 0001:0006719c       _emit_restart              0046819c f   libs-vc-win32:jclhuff.obj
 0001:000671e7       _flush_bits                004681e7 f   libs-vc-win32:jclhuff.obj
 0001:0006720b       _finish_pass_huff          0046820b f   libs-vc-win32:jclhuff.obj
 0001:00067278       _encode_mcus_gather        00468278 f   libs-vc-win32:jclhuff.obj
 0001:000673a1       _finish_pass_gather        004683a1 f   libs-vc-win32:jclhuff.obj
 0001:00065a72       _need_optimization_pass    00466a72 f   libs-vc-win32:jcshuff.obj
 0001:0006696d       _start_pass_diff           0046796d f   libs-vc-win32:jcdiffct.obj
 0001:00064c73       _start_iMCU_row            00465c73 f   libs-vc-win32:jccoefct.obj
 0001:00066a0b       _compress_data             00467a0b f   libs-vc-win32:jcdiffct.obj
 0001:00066ba1       _compress_first_pass       00467ba1 f   libs-vc-win32:jcdiffct.obj
 0001:00066c96       _compress_output           00467c96 f   libs-vc-win32:jcdiffct.obj
 0001:00066580       _start_pass_fdctmgr        00467580 f   libs-vc-win32:jcdctmgr.obj
 0001:00066682       _forward_DCT_float         00467682 f   libs-vc-win32:jcdctmgr.obj
 0001:00065ab5       _start_pass_phuff          00466ab5 f   libs-vc-win32:jcphuff.obj
 0001:00065c22       _encode_mcu_DC_first       00466c22 f   libs-vc-win32:jcphuff.obj
 0001:00065d54       _emit_bits                 00466d54 f   libs-vc-win32:jcphuff.obj
 0001:00065dff       _dump_buffer               00466dff f   libs-vc-win32:jcphuff.obj
 0001:00065e37       _emit_symbol               00466e37 f   libs-vc-win32:jcphuff.obj
 0001:00065e77       _emit_restart              00466e77 f   libs-vc-win32:jcphuff.obj
 0001:00065f00       _emit_eobrun               00466f00 f   libs-vc-win32:jcphuff.obj
 0001:00065f86       _encode_mcu_AC_first       00466f86 f   libs-vc-win32:jcphuff.obj
 0001:0006611a       _encode_mcu_DC_refine      0046711a f   libs-vc-win32:jcphuff.obj
 0001:000661d4       _encode_mcu_AC_refine      004671d4 f   libs-vc-win32:jcphuff.obj
 0001:000663eb       _finish_pass_phuff         004673eb f   libs-vc-win32:jcphuff.obj
 0001:0006643a       _finish_pass_gather_phuff  0046743a f   libs-vc-win32:jcphuff.obj
 0001:000664fd       _need_optimization_pass    004674fd f   libs-vc-win32:jcphuff.obj
 0001:0006524d       _start_pass_huff           0046624d f   libs-vc-win32:jcshuff.obj
 0001:000653c2       _encode_mcu_huff           004663c2 f   libs-vc-win32:jcshuff.obj
 0001:000654cd       _encode_one_block          004664cd f   libs-vc-win32:jcshuff.obj
 0001:00065644       _emit_bits                 00466644 f   libs-vc-win32:jcshuff.obj
 0001:000656e7       _dump_buffer               004666e7 f   libs-vc-win32:jcshuff.obj
 0001:0006570b       _emit_restart              0046670b f   libs-vc-win32:jcshuff.obj
 0001:00065778       _flush_bits                00466778 f   libs-vc-win32:jcshuff.obj
 0001:0006579c       _finish_pass_huff          0046679c f   libs-vc-win32:jcshuff.obj
 0001:0006580b       _encode_mcu_gather         0046680b f   libs-vc-win32:jcshuff.obj
 0001:000658c1       _htest_one_block           004668c1 f   libs-vc-win32:jcshuff.obj
 0001:00065988       _finish_pass_gather        00466988 f   libs-vc-win32:jcshuff.obj
 0001:00065a72       _need_optimization_pass    00466a72 f   libs-vc-win32:jcshuff.obj
 0001:00064bde       _start_pass_coef           00465bde f   libs-vc-win32:jccoefct.obj
 0001:00064c73       _start_iMCU_row            00465c73 f   libs-vc-win32:jccoefct.obj
 0001:00064cb5       _compress_data             00465cb5 f   libs-vc-win32:jccoefct.obj
 0001:00064e9c       _compress_first_pass       00465e9c f   libs-vc-win32:jccoefct.obj
 0001:00065082       _compress_output           00466082 f   libs-vc-win32:jccoefct.obj
 0001:00064af6       _calc_output_dimensions    00465af6 f   libs-vc-win32:jdlossls.obj
 0001:00064b07       _start_input_pass          00465b07 f   libs-vc-win32:jdlossls.obj
 0001:00064835       _calc_output_dimensions    00465835 f   libs-vc-win32:jdlossy.obj
 0001:000649a8       _start_input_pass          004659a8 f   libs-vc-win32:jdlossy.obj
 0001:000649c8       _latch_quant_tables        004659c8 f   libs-vc-win32:jdlossy.obj
 0001:00064a60       _start_output_pass         00465a60 f   libs-vc-win32:jdlossy.obj
 0001:00064784       _start_pass                00465784 f   libs-vc-win32:jclossls.obj
 0001:000646f0       _start_pass                004656f0 f   libs-vc-win32:jclossy.obj
 0001:00063c45       _initial_setup             00464c45 f   libs-vc-win32:jcmaster.obj
 0001:00063df8       _validate_script           00464df8 f   libs-vc-win32:jcmaster.obj
 0001:000641d0       _prepare_for_pass          004651d0 f   libs-vc-win32:jcmaster.obj
 0001:00064348       _select_scan_parameters    00465348 f   libs-vc-win32:jcmaster.obj
 0001:00064449       _per_scan_setup            00465449 f   libs-vc-win32:jcmaster.obj
 0001:000645f4       _pass_startup              004655f4 f   libs-vc-win32:jcmaster.obj
 0001:0006461b       _finish_pass_master        0046561b f   libs-vc-win32:jcmaster.obj
 0001:00063731       _rgb_ycc_start             00464731 f   libs-vc-win32:jccolor.obj
 0001:000637f5       _rgb_ycc_convert           004647f5 f   libs-vc-win32:jccolor.obj
 0001:000638f4       _rgb_gray_convert          004648f4 f   libs-vc-win32:jccolor.obj
 0001:00063979       _cmyk_ycck_convert         00464979 f   libs-vc-win32:jccolor.obj
 0001:00063ab1       _grayscale_convert         00464ab1 f   libs-vc-win32:jccolor.obj
 0001:00063b0b       _null_convert              00464b0b f   libs-vc-win32:jccolor.obj
 0001:000327a9       _null_method               004337a9 f   images.obj
 0001:000327a9       _start_pass_downsample     004337a9 f   images.obj
 0001:00062e7d       _sep_downsample            00463e7d f   libs-vc-win32:jcsample.obj
 0001:00062ef2       _int_downsample            00463ef2 f   libs-vc-win32:jcsample.obj
 0001:00062fea       _expand_right_edge         00463fea f   libs-vc-win32:jcsample.obj
 0001:0006303f       _fullsize_downsample       0046403f f   libs-vc-win32:jcsample.obj
 0001:00063083       _h2v1_downsample           00464083 f   libs-vc-win32:jcsample.obj
 0001:00063117       _h2v2_downsample           00464117 f   libs-vc-win32:jcsample.obj
 0001:000631c4       _h2v2_smooth_downsample    004641c4 f   libs-vc-win32:jcsample.obj
 0001:0006343c       _fullsize_smooth_downsample 0046443c f   libs-vc-win32:jcsample.obj
 0001:00062879       _start_pass_prep           00463879 f   libs-vc-win32:jcprepct.obj
 0001:000628b7       _pre_process_data          004638b7 f   libs-vc-win32:jcprepct.obj
 0001:00062a65       _pre_process_context       00463a65 f   libs-vc-win32:jcprepct.obj
 0001:00062c1e       _create_context_buffer     00463c1e f   libs-vc-win32:jcprepct.obj
 0001:000626f1       _start_pass_main           004636f1 f   libs-vc-win32:jcmainct.obj
 0001:00062733       _process_data_simple_main  00463733 f   libs-vc-win32:jcmainct.obj
 0001:00061cc7       _create_colormap           00462cc7 f   libs-vc-win32:jquant1.obj
 0001:00061df9       _select_ncolors            00462df9 f   libs-vc-win32:jquant1.obj
 0001:00061ed0       _create_colorindex         00462ed0 f   libs-vc-win32:jquant1.obj
 0001:00061ffc       _alloc_fs_workspace        00462ffc f   libs-vc-win32:jquant1.obj
 0001:00062038       _start_pass_1_quant        00463038 f   libs-vc-win32:jquant1.obj
 0001:00062104       _create_odither_tables     00463104 f   libs-vc-win32:jquant1.obj
 0001:00062163       _make_odither_array        00463163 f   libs-vc-win32:jquant1.obj
 0001:000621c6       _color_quantize            004631c6 f   libs-vc-win32:jquant1.obj
 0001:00062251       _color_quantize3           00463251 f   libs-vc-win32:jquant1.obj
 0001:000622df       _quantize_ord_dither       004632df f   libs-vc-win32:jquant1.obj
 0001:000623ca       _quantize3_ord_dither      004633ca f   libs-vc-win32:jquant1.obj
 0001:000624ca       _quantize_fs_dither        004634ca f   libs-vc-win32:jquant1.obj
 0001:000327a9       _finish_pass_1_quant       004337a9 f   images.obj
 0001:0006264e       _new_color_map_1_quant     0046364e f   libs-vc-win32:jquant1.obj
 0001:00060c88       _init_error_limit          00461c88 f   libs-vc-win32:jquant2.obj
 0001:00060d27       _start_pass_2_quant        00461d27 f   libs-vc-win32:jquant2.obj
 0001:00060e29       _prescan_quantize          00461e29 f   libs-vc-win32:jquant2.obj
 0001:00060e98       _pass2_no_dither           00461e98 f   libs-vc-win32:jquant2.obj
 0001:00060f45       _fill_inverse_cmap         00461f45 f   libs-vc-win32:jquant2.obj
 0001:00061010       _find_nearby_colors        00462010 f   libs-vc-win32:jquant2.obj
 0001:000611b4       _find_best_colors          004621b4 f   libs-vc-win32:jquant2.obj
 0001:000612ce       _pass2_fs_dither           004622ce f   libs-vc-win32:jquant2.obj
 0001:0006153d       _finish_pass1              0046253d f   libs-vc-win32:jquant2.obj
 0001:0006155f       _select_colors             0046255f f   libs-vc-win32:jquant2.obj
 0001:000615eb       _update_box                004625eb f   libs-vc-win32:jquant2.obj
 0001:00061985       _median_cut                00462985 f   libs-vc-win32:jquant2.obj
 0001:00061a99       _find_biggest_color_pop    00462a99 f   libs-vc-win32:jquant2.obj
 0001:00061ac8       _find_biggest_volume       00462ac8 f   libs-vc-win32:jquant2.obj
 0001:00061af1       _compute_color             00462af1 f   libs-vc-win32:jquant2.obj
 0001:000327a9       _finish_pass2              004337a9 f   images.obj
 0001:00061c2d       _new_color_map_2_quant     00462c2d f   libs-vc-win32:jquant2.obj
 0001:0006069f       _build_ycc_rgb_table       0046169f f   libs-vc-win32:jdmerge.obj
 0001:0006074f       _start_pass_merged_upsample 0046174f f   libs-vc-win32:jdmerge.obj
 0001:00060764       _merged_2v_upsample        00461764 f   libs-vc-win32:jdmerge.obj
 0001:0006080b       _merged_1v_upsample        0046180b f   libs-vc-win32:jdmerge.obj
 0001:0006083c       _h2v1_merged_upsample      0046183c f   libs-vc-win32:jdmerge.obj
 0001:00060992       _h2v2_merged_upsample      00461992 f   libs-vc-win32:jdmerge.obj
 0001:00060243       _build_ycc_rgb_table       00461243 f   libs-vc-win32:jdcolor.obj
 0001:000602f3       _ycc_rgb_convert           004612f3 f   libs-vc-win32:jdcolor.obj
 0001:00060401       _null_convert              00461401 f   libs-vc-win32:jdcolor.obj
 0001:00060479       _grayscale_convert         00461479 f   libs-vc-win32:jdcolor.obj
 0001:0006049c       _gray_rgb_convert          0046149c f   libs-vc-win32:jdcolor.obj
 0001:000604f5       _ycck_cmyk_convert         004614f5 f   libs-vc-win32:jdcolor.obj
 0001:000327a9       _start_pass_dcolor         004337a9 f   images.obj
 0001:0005fca4       _start_pass_upsample       00460ca4 f   libs-vc-win32:jdsample.obj
 0001:0005fcbe       _sep_upsample              00460cbe f   libs-vc-win32:jdsample.obj
 0001:0005fd8b       _fullsize_upsample         00460d8b f   libs-vc-win32:jdsample.obj
 0001:0005fd96       _noop_upsample             00460d96 f   libs-vc-win32:jdsample.obj
 0001:0005fd9e       _int_upsample              00460d9e f   libs-vc-win32:jdsample.obj
 0001:0005fe88       _h2v1_upsample             00460e88 f   libs-vc-win32:jdsample.obj
 0001:0005fedf       _h2v2_upsample             00460edf f   libs-vc-win32:jdsample.obj
 0001:0005ff51       _h2v1_fancy_upsample       00460f51 f   libs-vc-win32:jdsample.obj
 0001:0005fff4       _h2v2_fancy_upsample       00460ff4 f   libs-vc-win32:jdsample.obj
 0001:0005f8ad       _start_pass_dpost          004608ad f   libs-vc-win32:jdpostct.obj
 0001:0005f953       _post_process_1pass        00460953 f   libs-vc-win32:jdpostct.obj
 0001:0005f9b8       _post_process_prepass      004609b8 f   libs-vc-win32:jdpostct.obj
 0001:0005fa49       _post_process_2pass        00460a49 f   libs-vc-win32:jdpostct.obj
 0001:0005f2b4       _alloc_funny_pointers      004602b4 f   libs-vc-win32:jdmainct.obj
 0001:0005f361       _start_pass_main           00460361 f   libs-vc-win32:jdmainct.obj
 0001:0005f3c9       _make_funny_pointers       004603c9 f   libs-vc-win32:jdmainct.obj
 0001:0005f509       _process_data_simple_main  00460509 f   libs-vc-win32:jdmainct.obj
 0001:0005f571       _process_data_context_main 00460571 f   libs-vc-win32:jdmainct.obj
 0001:0005f683       _set_wraparound_pointers   00460683 f   libs-vc-win32:jdmainct.obj
 0001:0005f76d       _set_bottom_pointers       0046076d f   libs-vc-win32:jdmainct.obj
 0001:0005f807       _process_data_crank_post   00460807 f   libs-vc-win32:jdmainct.obj
 0001:0005dfe0       _write_marker_header       0045efe0 f   libs-vc-win32:jcmarker.obj
 0001:0005e036       _emit_byte                 0045f036 f   libs-vc-win32:jcmarker.obj
 0001:0005e067       _write_marker_byte         0045f067 f   libs-vc-win32:jcmarker.obj
 0001:0005e077       _write_file_header         0045f077 f   libs-vc-win32:jcmarker.obj
 0001:0005e0c3       _emit_jfif_app0            0045f0c3 f   libs-vc-win32:jcmarker.obj
 0001:0005e196       _emit_adobe_app14          0045f196 f   libs-vc-win32:jcmarker.obj
 0001:0005e23c       _write_frame_header        0045f23c f   libs-vc-win32:jcmarker.obj
 0001:0005e31b       _emit_dqt                  0045f31b f   libs-vc-win32:jcmarker.obj
 0001:0005e40a       _emit_sof                  0045f40a f   libs-vc-win32:jcmarker.obj
 0001:0005e4e6       _write_scan_header         0045f4e6 f   libs-vc-win32:jcmarker.obj
 0001:0005e5a6       _emit_dht                  0045f5a6 f   libs-vc-win32:jcmarker.obj
 0001:0005e67f       _emit_dri                  0045f67f f   libs-vc-win32:jcmarker.obj
 0001:0005e6ce       _emit_sos                  0045f6ce f   libs-vc-win32:jcmarker.obj
 0001:0005e7bc       _write_file_trailer        0045f7bc f   libs-vc-win32:jcmarker.obj
 0001:0005e7dc       _write_tables_only         0045f7dc f   libs-vc-win32:jcmarker.obj
 0001:0005db35       _use_merged_upsample       0045eb35 f   libs-vc-win32:jdmaster.obj
 0001:0005dbdb       _master_selection          0045ebdb f   libs-vc-win32:jdmaster.obj
 0001:0005dd38       _prepare_range_limit_table 0045ed38 f   libs-vc-win32:jdmaster.obj
 0001:0005ddbe       _prepare_for_output_pass   0045edbe f   libs-vc-win32:jdmaster.obj
 0001:0005dedf       _finish_output_pass        0045eedf f   libs-vc-win32:jdmaster.obj
 0001:0005cfac       _alloc_small               0045dfac f   libs-vc-win32:jmemmgr.obj
 0001:0005d0ca       _alloc_large               0045e0ca f   libs-vc-win32:jmemmgr.obj
 0001:0005d17b       _alloc_sarray              0045e17b f   libs-vc-win32:jmemmgr.obj
 0001:0005d213       _alloc_barray              0045e213 f   libs-vc-win32:jmemmgr.obj
 0001:0005d2b7       _alloc_darray              0045e2b7 f   libs-vc-win32:jmemmgr.obj
 0001:0005d362       _request_virt_sarray       0045e362 f   libs-vc-win32:jmemmgr.obj
 0001:0005d3c3       _request_virt_barray       0045e3c3 f   libs-vc-win32:jmemmgr.obj
 0001:0005d424       _realize_virt_arrays       0045e424 f   libs-vc-win32:jmemmgr.obj
 0001:0005d5a7       _access_virt_sarray        0045e5a7 f   libs-vc-win32:jmemmgr.obj
 0001:0005d6c7       _do_sarray_io              0045e6c7 f   libs-vc-win32:jmemmgr.obj
 0001:0005d757       _access_virt_barray        0045e757 f   libs-vc-win32:jmemmgr.obj
 0001:0005d87c       _do_barray_io              0045e87c f   libs-vc-win32:jmemmgr.obj
 0001:0005d90d       _free_pool                 0045e90d f   libs-vc-win32:jmemmgr.obj
 0001:0005d9f4       _self_destruct             0045e9f4 f   libs-vc-win32:jmemmgr.obj
 0001:0005ca46       _start_input_pass          0045da46 f   libs-vc-win32:jdinput.obj
 0001:0005ca74       _per_scan_setup            0045da74 f   libs-vc-win32:jdinput.obj
 0001:0005cbfa       _finish_input_pass         0045dbfa f   libs-vc-win32:jdinput.obj
 0001:0005cc0b       _consume_markers           0045dc0b f   libs-vc-win32:jdinput.obj
 0001:0005cca7       _initial_setup             0045dca7 f   libs-vc-win32:jdinput.obj
 0001:0005ceb1       _reset_input_controller    0045deb1 f   libs-vc-win32:jdinput.obj
 0001:0005c64b       _make_crc_table            0045d64b f   libs-vc-win32:crc32.obj
 0001:0005c798       _crc32_little              0045d798 f   libs-vc-win32:crc32.obj
 0001:0005c445       _fixedtables               0045d445 f   libs-vc-win32:inflate.obj
 0001:0005c52f       _updatewindow              0045d52f f   libs-vc-win32:inflate.obj
 0001:0005b16d       _init_destination          0045c16d f   libs-vc-win32:jdatadst.obj
 0001:0005b193       _empty_output_buffer       0045c193 f   libs-vc-win32:jdatadst.obj
 0001:0005b1d5       _term_destination          0045c1d5 f   libs-vc-win32:jdatadst.obj
 0001:0005acf4       _std_huff_tables           0045bcf4 f   libs-vc-win32:jcparam.obj
 0001:0005ad4e       _add_huff_table            0045bd4e f   libs-vc-win32:jcparam.obj
 0001:0005924c       _next_marker               0045a24c f   libs-vc-win32:jdmarker.obj
 0001:00059386       _get_interesting_appn      0045a386 f   libs-vc-win32:jdmarker.obj
 0001:000594b1       _examine_app0              0045a4b1 f   libs-vc-win32:jdmarker.obj
 0001:000596bf       _examine_app14             0045a6bf f   libs-vc-win32:jdmarker.obj
 0001:00059780       _skip_variable             0045a780 f   libs-vc-win32:jdmarker.obj
 0001:00059823       _read_markers              0045a823 f   libs-vc-win32:jdmarker.obj
 0001:00059a2b       _get_soi                   0045aa2b f   libs-vc-win32:jdmarker.obj
 0001:00059ad6       _get_sof                   0045aad6 f   libs-vc-win32:jdmarker.obj
 0001:00059ddf       _get_sos                   0045addf f   libs-vc-win32:jdmarker.obj
 0001:0005a0cd       _get_dht                   0045b0cd f   libs-vc-win32:jdmarker.obj
 0001:0005a36e       _get_dqt                   0045b36e f   libs-vc-win32:jdmarker.obj
 0001:0005a5ca       _get_dri                   0045b5ca f   libs-vc-win32:jdmarker.obj
 0001:0005a6a9       _first_marker              0045b6a9 f   libs-vc-win32:jdmarker.obj
 0001:0005a745       _read_restart_marker       0045b745 f   libs-vc-win32:jdmarker.obj
 0001:0005a7c3       _reset_marker_reader       0045b7c3 f   libs-vc-win32:jdmarker.obj
 0001:00059030       _output_pass_setup         0045a030 f   libs-vc-win32:jdapistd.obj
 0001:00058d23       _default_decompress_parms  00459d23 f   libs-vc-win32:jdapimin.obj

 299 bytes saved through ICF

