 quake2

 Timestamp is 42bf059a (Sun Jun 26 23:44:26 2005)

 Preferred load address is 00400000

 Start         Length     Name                   Class
 0001:00000000 000610c0H .text                   CODE
 0002:00000000 0000027cH .idata$5                DATA
 0002:00000280 0000667cH .rdata                  DATA
 0002:00006900 00000044H .rdata$r                DATA
 0002:00006948 00000038H .xdata$x                DATA
 0002:00006980 00000078H .idata$2                DATA
 0002:000069f8 00000014H .idata$3                DATA
 0002:00006a0c 0000027cH .idata$4                DATA
 0002:00006c88 00000808H .idata$6                DATA
 0002:00007490 00000000H .edata                  DATA
 0003:00000000 00000004H .CRT$XCA                DATA
 0003:00000004 00000078H .CRT$XCU                DATA
 0003:0000007c 00000004H .CRT$XCZ                DATA
 0003:00000080 00000004H .CRT$XIA                DATA
 0003:00000084 00000004H .CRT$XIZ                DATA
 0003:00000090 0000d8bcH .data                   DATA
 0003:0000d950 004735bcH .bss                    DATA
 0004:00000000 00000130H .rsrc$01                DATA
 0004:00000130 00003f20H .rsrc$02                DATA

  Address         Publics by Value              Rva+Base     Lib:Object

 0001:00000000       ??3@YAXPAX@Z               00401000 f i CoreMain.obj
 0001:0000000b       ?appInit@@YAXXZ            0040100b f   CoreMain.obj
 0001:0000006e       ?appExit@@YAXXZ            0040106e f   CoreMain.obj
 0001:00000073       ?appLoadDebugSymbols@@YAXXZ 00401073 f   DbgSymbols.obj
 0001:00000276       ?appSymbolName@@YA_NIPADH@Z 00401276 f   DbgSymbols.obj
 0001:00000362       ?appSymbolName@@YAPBDI@Z   00401362 f   DbgSymbols.obj
 0001:00000394       ?appMalloc@@YAPAXIH@Z      00401394 f   Memory.obj
 0001:00000442       ?appFree@@YAXPAX@Z         00401442 f   Memory.obj
 0001:00000470       ?Unlink@FMemHeader@@QAEXXZ 00401470 f i Memory.obj
 0001:0000049b       ?Link@CMemoryChain@@AAEXXZ 0040149b f   Memory.obj
 0001:000004ba       ?Unlink@CMemoryChain@@AAEXXZ 004014ba f   Memory.obj
 0001:000004e5       ??2CMemoryChain@@SAPAXIH@Z 004014e5 f   Memory.obj
 0001:00000557       ??3CMemoryChain@@SAXPAX@Z  00401557 f   Memory.obj
 0001:0000058a       ?Alloc@CMemoryChain@@QAEPAXIH@Z 0040158a f   Memory.obj
 0001:000005f4       ?appInitMemory@@YAXXZ      004015f4 f   Memory.obj
 0001:00000b3f       ?Write@COutputDeviceNull@@UAEXPBD@Z 00401b3f f i OutputDevice.obj
 0001:00000b42       ?appWPrintf@@YAXPBDZZ      00401b42 f   OutputDevice.obj
 0001:00000b93       ?appFatalError@@YAXPBDZZ   00401b93 f   ErrorMgr.obj
 0001:00000bcd       ?appNonFatalError@@YAXPBDZZ 00401bcd f   ErrorMgr.obj
 0001:00000c2b       ?appUnwindPrefix@@YAXPBD@Z 00401c2b f   ErrorMgr.obj
 0001:00000c82       ?appUnwindThrow@@YAXPBDZZ  00401c82 f   ErrorMgr.obj
 0001:00000d09       ?Reset@CErrorHandler@@QAEXXZ 00401d09 f   ErrorMgr.obj
 0001:00000d33       ?appInitError@@YAXXZ       00401d33 f   ErrorMgr.obj
 0001:00000df1       ?GetLine@CSimpleParser@@QAEPBDXZ 00401df1 f   ScriptParser.obj
 0001:00000f06       ?SkipBraces@CSimpleParser@@QAEPBDXZ 00401f06 f   ScriptParser.obj
 0001:00000f3c       ?appStricmp@@YAHPBD0@Z     00401f3c f   Strings.obj
 0001:00000f71       ?toLower@@YADD@Z           00401f71 f i Strings.obj
 0001:00000f88       ?appStrcpy@@YAXPADPBD@Z    00401f88 f   Strings.obj
 0001:00000f9b       ?appStrncpylwr@@YAXPADPBDH@Z 00401f9b f   Strings.obj
 0001:00000fd3       ?appStrncpyz@@YAXPADPBDH@Z 00401fd3 f   Strings.obj
 0001:00001000       ?appStrcatn@@YAXPADHPBD@Z  00402000 f   Strings.obj
 0001:0000102b       ?appCopyFilename@@YAXPADPBDH@Z 0040202b f   Strings.obj
 0001:000010c7       ?appCStrlen@@YAHPBD@Z      004020c7 f   Strings.obj
 0001:000010ec       ?appUncolorizeString@@YAXPADPBD@Z 004020ec f   Strings.obj
 0001:0000111c       ?va@@YAPBDPBDZZ            0040211c f   Strings.obj
 0001:000011b8       ?appSprintf@@YAHPADHPBDZZ  004021b8 f   Strings.obj
 0001:00001203       ?appMatchWildcard@@YA_NPBD0_N@Z 00402203 f   Strings.obj
 0001:00001383       ?appIsWildcard@@YA_NPBD@Z  00402383 f   Strings.obj
 0001:000013ad       ?CopyString@@YAPADPBD@Z    004023ad f   Strings.obj
 0001:000013ed       ?CopyString@@YAPADPBDPAVCMemoryChain@@@Z 004023ed f   Strings.obj
 0001:00001421       ??2CStringItem@@SAPAXIPBD@Z 00402421 f   Strings.obj
 0001:0000146a       ??2CStringItem@@SAPAXIPBDPAVCMemoryChain@@@Z 0040246a f   Strings.obj
 0001:000014a7       ?Find@CStringList@@IAEPAVCStringItem@@PBDPAPAV2@@Z 004024a7 f   Strings.obj
 0001:000014e3       ?Find@CStringList@@IAEPAVCStringItem@@H@Z 004024e3 f   Strings.obj
 0001:000014fc       ?IndexOf@CStringList@@QAEHPBD@Z 004024fc f   Strings.obj
 0001:00001529       ?Remove@CStringList@@QAE_NPAVCStringItem@@@Z 00402529 f   Strings.obj
 0001:00001555       ?Free@CStringList@@QAEXXZ  00402555 f   Strings.obj
 0001:0000156e       ?appMillisecondsf@@YANXZ   0040256e f   CoreWin32.obj
 0001:000015a7       ?appMilliseconds@@YAIXZ    004025a7 f   CoreWin32.obj
 0001:000015dc       ?cpuid@@YAXI@Z             004025dc f   CoreWin32.obj
 0001:000015ff       ?appInitPlatform@@YAXXZ    004025ff f   CoreWin32.obj
 0001:00001892       ?appShutdownPlatform@@YAXXZ 00402892 f   CoreWin32.obj
 0001:0000189b       ?osAddressInfo@@YA_NIPADHPAH@Z 0040289b f   DbgSymbolsWin32.obj
 0001:0000192f       ?osModuleInfo@@YA_NIPADHPAH@Z 0040292f f   DbgSymbolsWin32.obj
 0001:00001ad7       ?win32ExceptFilter@@YAHPAU_EXCEPTION_POINTERS@@@Z 00402ad7 f   ExceptFilterWin32.obj
 0001:0000200d       ?win32ExceptFilter2@@YAHXZ 0040300d f   ExceptFilterWin32.obj
 0001:00002019       ?SCR_StopCinematic@@YAXXZ  00403019 f   cl_cin.obj
 0001:000020ad       ?SCR_DrawCinematic@@YA_NXZ 004030ad f   cl_cin.obj
 0001:0000250e       ?SCR_PlayCinematic@@YAXPAD@Z 0040350e f   cl_cin.obj
 0001:0000287e       ?CL_Download_f@@YAX_NHPAPAD@Z 0040387e f   cl_download.obj
 0001:00002c2f       ?CL_ParseDownload@@YAXXZ   00403c2f f   cl_download.obj
 0001:0000343c       ?CL_Precache_f@@YAXHPAPAD@Z 0040443c f   cl_download.obj
 0001:0000349a       ?CL_ParseDelta@@YAXPAUclEntityState_t@@0HI_N@Z 0040449a f   cl_ents.obj
 0001:0000361a       ?CL_ParsePacketEntities@@YAXPAUframe_t@@0@Z 0040461a f   cl_ents.obj
 0001:00003989       ?CL_FireEntityEvents@@YAXPAUframe_t@@@Z 00404989 f   cl_ents.obj
 0001:000039db       ?CL_ParseFrame@@YAXXZ      004049db f   cl_ents.obj
 0001:00003ccd       ?CL_AddEntityBox@@YAXPAUclEntityState_t@@I@Z 00404ccd f   cl_ents.obj
 0001:00003dd1       ?Lerp@@YAXABUCVec3@@0MAAU1@@Z 00404dd1 f i cl_ents.obj
 0001:00003e08       ?CL_OffsetThirdPersonView@@YAXXZ 00404e08 f   cl_ents.obj
 0001:00003ef0       ?CL_CalcViewValues@@YAXXZ  00404ef0 f   cl_ents.obj
 0001:000041f3       ?CL_AddEntities@@YAXXZ     004051f3 f   cl_ents.obj
 0001:00004ed9       ?CL_GetEntitySoundOrigin@@YAXHAAUCVec3@@@Z 00405ed9 f   cl_ents.obj
 0001:00004f11       ?CL_RunLightStyles@@YAXXZ  00405f11 f   cl_fx.obj
 0001:00004fb0       ?CL_SetLightstyle@@YAXHPBD@Z 00405fb0 f   cl_fx.obj
 0001:00005011       ?CL_ClearDlights@@YAXXZ    00406011 f   cl_fx.obj
 0001:00005022       ?CL_AllocDlight@@YAPAUcdlight_t@@HABUCVec3@@@Z 00406022 f   cl_fx.obj
 0001:0000508b       ?CL_AddDLights@@YAXXZ      0040608b f   cl_fx.obj
 0001:000050eb       ?CL_ClearParticles@@YAXXZ  004060eb f   cl_fx.obj
 0001:00005152       ?CL_AllocParticleTrace@@YAPAUparticleTrace_t@@ABUCVec3@@0MM@Z 00406152 f   cl_fx.obj
 0001:000051e1       ?CL_AllocParticleBeam@@YAPAUbeam_t@@ABUCVec3@@0MM@Z 004061e1 f   cl_fx.obj
 0001:00005255       ?CL_AllocParticle@@YAPAUparticle_t@@XZ 00406255 f   cl_fx.obj
 0001:000052a3       ?CL_UpdateParticles@@YAXXZ 004062a3 f   cl_fx.obj
 0001:0000589c       ?CL_MetalSparks@@YAXABUCVec3@@0H@Z 0040689c f   cl_fx.obj
 0001:00005989       ?CL_ParseMuzzleFlash@@YAXXZ 00406989 f   cl_fx.obj
 0001:00005d06       ?CL_ParseMuzzleFlash2@@YAXXZ 00406d06 f   cl_fx.obj
 0001:00006343       ?CL_ParticleEffect@@YAXABUCVec3@@0HH@Z 00407343 f   cl_fx.obj
 0001:000064f2       ?CL_ParticleEffect2@@YAXABUCVec3@@0HH@Z 004074f2 f   cl_fx.obj
 0001:0000651a       ?CL_ParticleEffect3@@YAXABUCVec3@@0HH@Z 0040751a f   cl_fx.obj
 0001:00006542       ?CL_TeleporterParticles@@YAXPAUclEntityState_t@@@Z 00407542 f   cl_fx.obj
 0001:00006561       ?CL_LogoutEffect@@YAXABUCVec3@@H@Z 00407561 f   cl_fx.obj
 0001:00006597       ?CL_ItemRespawnParticles@@YAXABUCVec3@@@Z 00407597 f   cl_fx.obj
 0001:000065b2       ?CL_ExplosionParticles@@YAXABUCVec3@@@Z 004075b2 f   cl_fx.obj
 0001:000065d0       ?CL_BFGExplosionParticles@@YAXABUCVec3@@@Z 004075d0 f   cl_fx.obj
 0001:000065ee       ?CL_TrackerExplosionParticles@@YAXABUCVec3@@@Z 004075ee f   cl_fx.obj
 0001:0000660c       ?CL_BlasterParticles@@YAXABUCVec3@@0I@Z 0040760c f   cl_fx.obj
 0001:00006632       ?CL_BlasterTrail@@YAXABUCVec3@@0@Z 00407632 f   cl_fx.obj
 0001:000066c1       ?CL_BlasterTrail2@@YAXABUCVec3@@0@Z 004076c1 f   cl_fx.obj
 0001:000066d7       ?CL_FlagTrail@@YAXABUCVec3@@0H@Z 004076d7 f   cl_fx.obj
 0001:000066f6       ?CL_RocketTrail@@YAXABUCVec3@@0PAUcentity_t@@@Z 004076f6 f   cl_fx.obj
 0001:0000671e       ?CL_BubbleTrail@@YAXABUCVec3@@0@Z 0040771e f   cl_fx.obj
 0001:00006734       ?CL_BubbleTrail2@@YAXABUCVec3@@0@Z 00407734 f   cl_fx.obj
 0001:0000674a       ?CL_TagTrail@@YAXABUCVec3@@0@Z 0040774a f   cl_fx.obj
 0001:00006760       ?CL_DebugTrail@@YAXABUCVec3@@0@Z 00407760 f   cl_fx.obj
 0001:00006776       ?CL_ForceWall@@YAXABUCVec3@@0H@Z 00407776 f   cl_fx.obj
 0001:00006795       ?CL_BigTeleportParticles@@YAXABUCVec3@@@Z 00407795 f   cl_fx.obj
 0001:000068d4       ?CL_DiminishingTrail@@YAXABUCVec3@@0PAUcentity_t@@H@Z 004078d4 f   cl_fx.obj
 0001:00006abe       ?CL_RailTrail@@YAXABUCVec3@@0@Z 00407abe f   cl_fx.obj
 0001:00006c28       ?CL_RailTrailExt@@YAXABUCVec3@@0EE@Z 00407c28 f   cl_fx.obj
 0001:00006d6d       ?CL_IonripperTrail@@YAXABUCVec3@@0@Z 00407d6d f   cl_fx.obj
 0001:00006e88       ?CL_FlyParticles@@YAXABUCVec3@@H@Z 00407e88 f   cl_fx.obj
 0001:0000702a       ?CL_FlyEffect@@YAXPAUcentity_t@@ABUCVec3@@@Z 0040802a f   cl_fx.obj
 0001:00007092       ?CL_BfgParticles@@YAXPAUentity_t@@@Z 00408092 f   cl_fx.obj
 0001:00007223       ?CL_TrapParticles@@YAXPAUentity_t@@@Z 00408223 f   cl_fx.obj
 0001:000073be       ?CL_TeleportParticles@@YAXABUCVec3@@@Z 004083be f   cl_fx.obj
 0001:000074f9       ?CL_Heatbeam@@YAXABUCVec3@@0@Z 004084f9 f   cl_fx.obj
 0001:000077a1       ?CL_ParticleSteamEffect@@YAXABUCVec3@@0HHH@Z 004087a1 f   cl_fx.obj
 0001:000078d2       ?CL_TrackerTrail@@YAXABUCVec3@@0H@Z 004088d2 f   cl_fx.obj
 0001:00007a21       ?CL_Tracker_Shell@@YAXABUCVec3@@@Z 00408a21 f   cl_fx.obj
 0001:00007ab2       ?CL_MonsterPlasma_Shell@@YAXABUCVec3@@@Z 00408ab2 f   cl_fx.obj
 0001:00007b40       ?CL_WidowSplash@@YAXABUCVec3@@@Z 00408b40 f   cl_fx.obj
 0001:00007c16       ?CL_ParticleSmokeEffect@@YAXABUCVec3@@0HHH@Z 00408c16 f   cl_fx.obj
 0001:00007d48       ?CL_EntityEvent@@YAXPAUclEntityState_t@@@Z 00408d48 f   cl_fx.obj
 0001:00007f22       ?CL_ClearEffects@@YAXXZ    00408f22 f   cl_fx.obj
 0001:00007f2c       ?IN_CenterView@@YAXXZ      00408f2c f   cl_input.obj
 0001:00007f4d       ?CL_InitInput@@YAXXZ       00408f4d f   cl_input.obj
 0001:000084e9       ?CL_SendCmd@@YAXXZ         004094e9 f   cl_input.obj
 0001:00008bcb       ?CL_WriteDemoMessage@@YAXXZ 00409bcb f   cl_main.obj
 0001:00008c0d       ?Cmd_ForwardToServer@@YAXHPAPAD@Z 00409c0d f   cl_main.obj
 0001:00008cd0       ?CL_ForwardToServer_f@@YAXHPAPAD@Z 00409cd0 f   cl_main.obj
 0001:00008d18       ?CL_Pause@@YAX_N@Z         00409d18 f   cl_main.obj
 0001:00008d5a       ?CL_Quit_f@@YAXXZ          00409d5a f   cl_main.obj
 0001:00008d64       ?CL_Drop@@YAX_N@Z          00409d64 f   cl_main.obj
 0001:00008d8b       ?CL_SendConnectPacket@@YAXXZ 00409d8b f   cl_main.obj
 0001:00008e40       ?CL_CheckForResend@@YAXXZ  00409e40 f   cl_main.obj
 0001:00008f45       ?CL_Connect_f@@YAX_NHPAPAD@Z 00409f45 f   cl_main.obj
 0001:00008fc8       ?CL_Rcon_f@@YAXHPAPAD@Z    00409fc8 f   cl_main.obj
 0001:000090d0       ?CL_Disconnect@@YAXXZ      0040a0d0 f   cl_main.obj
 0001:00009272       ?CL_Disconnect_f@@YAXXZ    0040a272 f   cl_main.obj
 0001:0000927c       ?CL_Changing_f@@YAXXZ      0040a27c f   cl_main.obj
 0001:000092a0       ?CL_Reconnect_f@@YAXXZ     0040a2a0 f   cl_main.obj
 0001:0000933c       ?CL_PingServers_f@@YAXXZ   0040a33c f   cl_main.obj
 0001:000094a7       ?CL_Skins_f@@YAXXZ         0040a4a7 f   cl_main.obj
 0001:000097ba       ?CL_ConnectionlessPacket@@YAXXZ 0040a7ba f   cl_main.obj
 0001:000098ba       ?CL_ReadPackets@@YAXXZ     0040a8ba f   cl_main.obj
 0001:000099fd       ?CL_Userinfo_f@@YAXXZ      0040a9fd f   cl_main.obj
 0001:00009a15       ?CL_RegisterSounds@@YAXXZ  0040aa15 f   cl_main.obj
 0001:00009a54       ?CL_Snd_Restart_f@@YAXXZ   0040aa54 f   cl_main.obj
 0001:00009a63       ?CL_WriteConfiguration@@YAXPBD@Z 0040aa63 f   cl_main.obj
 0001:00009b1e       ?CL_WriteConfig_f@@YAX_NHPAPAD@Z 0040ab1e f   cl_main.obj
 0001:00009b7d       ?CL_FixCvarCheats@@YAXXZ   0040ab7d f   cl_main.obj
 0001:00009bd7       ?CL_Frame@@YAXMM@Z         0040abd7 f   cl_main.obj
 0001:00009dd7       ?CL_ClearState@@YAXXZ      0040add7 f   cl_main.obj
 0001:00009e10       ?CL_Init@@YAXXZ            0040ae10 f   cl_main.obj
 0001:0000a2e7       ?CL_Shutdown@@YAX_N@Z      0040b2e7 f   cl_main.obj
 0001:0000a33c       ?CL_ParseClientinfo@@YAXH@Z 0040b33c f   cl_parse.obj
 0001:0000a3b3       ?CL_ParseServerMessage@@YAXXZ 0040b3b3 f   cl_parse.obj
 0001:0000ab7f       ?FreePlayerModelsInfo@@YAXXZ 0040bb7f f   cl_playermodel.obj
 0001:0000aba5       ?ScanQuake3Models@@YAXPBD@Z 0040bba5 f   cl_playermodel.obj
 0001:0000ad24       ?ScanPlayerModels@@YA_NXZ  0040bd24 f   cl_playermodel.obj
 0001:0000afa1       ?CL_IsFemaleModel@@YA_NPBD@Z 0040bfa1 f   cl_playermodel.obj
 0001:0000b134       ?RunAnimation@@YAXAAUclientInfo_t@@AAUanimState_t@@H@Z 0040c134 f   cl_playermodel.obj
 0001:0000b2fb       ?CL_LoadClientinfo@@YAXAAUclientInfo_t@@PBD_N@Z 0040c2fb f   cl_playermodel.obj
 0001:0000bd3f       ?ParsePlayerEntity@@YAHPAUcentity_t@@PAUclientInfo_t@@PAUclEntityState_t@@ABUentity_t@@PAU4@HH@Z 0040cd3f f   cl_playermodel.obj
 0001:0000c891       ?CL_CheckPredictionError@@YAXXZ 0040d891 f   cl_pred.obj
 0001:0000ca27       ?CL_EntityTrace@@YAXAAUtrace_t@@ABUCVec3@@1ABUCBox@@H@Z 0040da27 f   cl_pred.obj
 0001:0000cdc0       ?CL_Trace@@YAXAAUtrace_t@@ABUCVec3@@1ABUCBox@@H@Z 0040ddc0 f   cl_pred.obj
 0001:0000ce3c       ?CL_PMpointcontents@@YAHABUCVec3@@@Z 0040de3c f   cl_pred.obj
 0001:0000cfc8       ?CL_PredictMovement@@YAXXZ 0040dfc8 f   cl_pred.obj
 0001:0000d378       ?DrawString@@YAXHHPBD@Z    0040e378 f   cl_scrn.obj
 0001:0000d3bc       ?SCR_DebugGraph@@YAXMH@Z   0040e3bc f   cl_scrn.obj
 0001:0000d3e4       ?SCR_CenterPrint@@YAXPAD@Z 0040e3e4 f   cl_scrn.obj
 0001:0000d4e8       ?Key_Message@@YAXH@Z       0040e4e8 f   cl_scrn.obj
 0001:0000d584       ?SCR_SetLevelshot@@YAXPBD@Z 0040e584 f   cl_scrn.obj
 0001:0000d677       ?SCR_BeginLoadingPlaque@@YAXXZ 0040e677 f   cl_scrn.obj
 0001:0000d6fc       ?SCR_EndLoadingPlaque@@YAX_N@Z 0040e6fc f   cl_scrn.obj
 0001:0000d781       ?SCR_ShowConsole@@YAX_N0@Z 0040e781 f   cl_scrn.obj
 0001:0000d857       ?SCR_ToggleConsole@@YAXXZ  0040e857 f   cl_scrn.obj
 0001:0000d87f       ?SCR_TouchPics@@YAXXZ      0040e87f f   cl_scrn.obj
 0001:0000d8de       ?SCR_UpdateScreen@@YAXXZ   0040e8de f   cl_scrn.obj
 0001:0000eb67       ?SCR_Init@@YAXXZ           0040fb67 f   cl_scrn.obj
 0001:0000eec4       ?CL_RegisterTEntSounds@@YAXXZ 0040fec4 f   cl_tent.obj
 0001:0000f109       ?CL_RegisterTEntModels@@YAXXZ 00410109 f   cl_tent.obj
 0001:0000f256       ?CL_ClearTEnts@@YAXXZ      00410256 f   cl_tent.obj
 0001:0000f287       ?CL_SmokeAndFlash@@YAXABUCVec3@@@Z 00410287 f   cl_tent.obj
 0001:0000f41d       ?CL_ParseBeam@@YAHPAVCRenderModel@@@Z 0041041d f   cl_tent.obj
 0001:0000f4e9       ?CL_ParseBeam2@@YAHPAVCRenderModel@@@Z 004104e9 f   cl_tent.obj
 0001:0000f5c0       ?CL_ParsePlayerBeam@@YAHPAVCRenderModel@@@Z 004105c0 f   cl_tent.obj
 0001:0000f6cb       ?CL_ParseLightning@@YAHPAVCRenderModel@@@Z 004106cb f   cl_tent.obj
 0001:0000f78d       ?CL_ParseWidow@@YAXXZ      0041078d f   cl_tent.obj
 0001:0000f8cc       ?CL_ParseNuke@@YAXXZ       004108cc f   cl_tent.obj
 0001:0000f9e9       ?CL_ParseTEnt@@YAXXZ       004109e9 f   cl_tent.obj
 0001:000108ed       ?CL_AddBeams@@YAXXZ        004118ed f   cl_tent.obj
 0001:00010aef       ?CL_AddPlayerBeams@@YAXXZ  00411aef f   cl_tent.obj
 0001:000110f6       ?CL_AddTEnts@@YAXXZ        004120f6 f   cl_tent.obj
 0001:000112f6       ?V_AddEntity@@YAXPAUentity_t@@@Z 004122f6 f   cl_view.obj
 0001:00011331       ?V_AddEntity2@@YAXPAUentity_t@@@Z 00412331 f   cl_view.obj
 0001:00011360       ?AddEntityWithEffects2@@YAXPAUentity_t@@I@Z 00412360 f   cl_view.obj
 0001:0001141c       ?AddEntityWithEffects@@YAXPAUentity_t@@I@Z 0041241c f   cl_view.obj
 0001:0001143b       ?V_AddLight@@YAXABUCVec3@@MMMM@Z 0041243b f   cl_view.obj
 0001:00011480       ?V_TestParticles@@YAXXZ    00412480 f   cl_view.obj
 0001:00011549       ?V_TestEntities@@YAXXZ     00412549 f   cl_view.obj
 0001:00011676       ?V_TestLights@@YAXXZ       00412676 f   cl_view.obj
 0001:0001174c       ?V_InitRenderer@@YAXXZ     0041274c f   cl_view.obj
 0001:00011b11       ?CalcFov@@YAMMMM@Z         00412b11 f   cl_view.obj
 0001:00011b7f       ?V_RenderView@@YA_NXZ      00412b7f f   cl_view.obj
 0001:000127de       ?V_Init@@YAXXZ             004137de f   cl_view.obj
 0001:0001288d       ?Con_ClearNotify@@YAXXZ    0041388d f   console.obj
 0001:0001289c       ?Con_CheckResize@@YAXXZ    0041389c f   console.obj
 0001:000129c3       ?Con_Print@@YAXPBD@Z       004139c3 f   console.obj
 0001:00012cbb       ?Con_DrawNotify@@YAX_N@Z   00413cbb f   console.obj
 0001:00012dd3       ?Con_DrawConsole@@YAXM@Z   00413dd3 f   console.obj
 0001:000131a6       ?Con_ClearTyping@@YAXXZ    004141a6 f   console.obj
 0001:000131bf       ?Key_Console@@YAXHH@Z      004141bf f   console.obj
 0001:00013607       ?Con_Init@@YAXXZ           00414607 f   console.obj
 0001:00013783       ?Key_KeynumToString@@YAPBDH@Z 00414783 f   keys.obj
 0001:00013843       ?Draw@completeMenu_t@@UAEXXZ 00414843 f i keys.obj
 0001:00013874       ?KeyDown@completeMenu_t@@UAEPBDH@Z 00414874 f i keys.obj
 0001:0001389d       ?Init@completeMenu_t@@UAE_NXZ 0041489d f i keys.obj
 0001:000139c4       ?CompleteMenuCallback@completeMenu_t@@SAXPAX@Z 004149c4 f i keys.obj
 0001:00013a52       ?CompleteCommand@@YAXXZ    00414a52 f   keys.obj
 0001:00014187       ?Key_SetBinding@@YAXHPBD@Z 00415187 f   keys.obj
 0001:000141c5       ?Key_FindBinding@@YAHPBDPAHH@Z 004151c5 f   keys.obj
 0001:00014213       ?Key_WriteBindings@@YAXPAU_iobuf@@@Z 00415213 f   keys.obj
 0001:0001425b       ?Key_Init@@YAXXZ           0041525b f   keys.obj
 0001:0001453f       ?Key_Event@@YAXH_N@Z       0041553f f   keys.obj
 0001:00014898       ?Key_ClearStates@@YAXXZ    00415898 f   keys.obj
 0001:000148cd       ?M_ForceMenuOn@@YAXXZ      004158cd f   menu.obj
 0001:000148ec       ?Draw@menuMain_t@@UAEXXZ   004158ec f i menu.obj
 0001:00014a1a       ?KeyDown@menuMain_t@@UAEPBDH@Z 00415a1a f i menu.obj
 0001:00014ad6       ?Init@menuMain_t@@UAE_NXZ  00415ad6 f i menu.obj
 0001:00014ade       ?M_Menu_Main_f@@YAXXZ      00415ade f   menu.obj
 0001:00014af8       ?Init@multiplayerMenu_t@@UAE_NXZ 00415af8 f i menu.obj
 0001:00014c1c       ?Init@keysMenu_t@@UAE_NXZ  00415c1c f i menu.obj
 0001:00014e01       ?KeyCursorDrawFunc@keysMenu_t@@SAXPAUmenuFramework_t@@@Z 00415e01 f i menu.obj
 0001:00014e41       ?DrawKeyBindingFunc@keysMenu_t@@SAXPAX@Z 00415e41 f i menu.obj
 0001:00014f08       ?KeyDown@keysMenu_t@@UAEPBDH@Z 00415f08 f i menu.obj
 0001:00014fb5       ?UnbindCommand@keysMenu_t@@QAEXPAD@Z 00415fb5 f i menu.obj
 0001:00014ffa       ?KeyBindingFunc@keysMenu_t@@QAEXPAX@Z 00415ffa f i menu.obj
 0001:00015059       ?Init@optionsMenu_t@@UAE_NXZ 00416059 f i menu.obj
 0001:000154b7       ?CrosshairFunc@optionsMenu_t@@SAXPAX@Z 004164b7 f i menu.obj
 0001:000154df       ?JoystickFunc@optionsMenu_t@@SAXPAX@Z 004164df f i menu.obj
 0001:000154f4       ?AlwaysRunFunc@optionsMenu_t@@SAXPAX@Z 004164f4 f i menu.obj
 0001:00015509       ?FreeLookFunc@optionsMenu_t@@SAXPAX@Z 00416509 f i menu.obj
 0001:0001551e       ?MouseSpeedFunc@optionsMenu_t@@SAXPAX@Z 0041651e f i menu.obj
 0001:0001553b       ?InvertMouseFunc@optionsMenu_t@@SAXPAX@Z 0041653b f i menu.obj
 0001:00015556       ?LookspringFunc@optionsMenu_t@@SAXPAX@Z 00416556 f i menu.obj
 0001:00015572       ?LookstrafeFunc@optionsMenu_t@@SAXPAX@Z 00416572 f i menu.obj
 0001:0001558e       ?UpdateVolumeFunc@optionsMenu_t@@SAXPAX@Z 0041658e f i menu.obj
 0001:000155ab       ?UpdateCDVolumeFunc@optionsMenu_t@@SAXPAX@Z 004165ab f i menu.obj
 0001:000155c5       ?SetMenuItemValues@optionsMenu_t@@SAXXZ 004165c5 f i menu.obj
 0001:000157a3       ?ResetDefaultsFunc@optionsMenu_t@@SAXPAX@Z 004167a3 f i menu.obj
 0001:000157b8       ?UpdateSoundFunc@optionsMenu_t@@SAXPAX@Z 004167b8 f i menu.obj
 0001:000159bb       ?ScanCrosshairs@optionsMenu_t@@SAXXZ 004169bb f i menu.obj
 0001:00015a18       ?Draw@optionsMenu_t@@UAEXXZ 00416a18 f i menu.obj
 0001:00015a7d       ?Draw@creditsMenu_t@@UAEXXZ 00416a7d f i menu.obj
 0001:00015b24       ?KeyDown@creditsMenu_t@@UAEPBDH@Z 00416b24 f i menu.obj
 0001:00015b5f       ?Init@creditsMenu_t@@UAE_NXZ 00416b5f f i menu.obj
 0001:00015c27       ?Init@gameMenu_t@@UAE_NXZ  00416c27 f i menu.obj
 0001:00015db2       ?EasyGameFunc@gameMenu_t@@SAXPAX@Z 00416db2 f i menu.obj
 0001:00015dbe       ?StartGame@gameMenu_t@@SAXPBD@Z 00416dbe f i menu.obj
 0001:00015e11       ?MediumGameFunc@gameMenu_t@@SAXPAX@Z 00416e11 f i menu.obj
 0001:00015e1d       ?HardGameFunc@gameMenu_t@@SAXPAX@Z 00416e1d f i menu.obj
 0001:00015e39       ?Init@savegameMenu_t@@UAE_NXZ 00416e39 f i menu.obj
 0001:00015f49       ?Create_Savestrings@savegameMenu_t@@QAEXXZ 00416f49 f i menu.obj
 0001:00016004       ?LoadGameCallback@savegameMenu_t@@SAXPAX@Z 00417004 f i menu.obj
 0001:0001602d       ?SaveGameCallback@savegameMenu_t@@SAXPAX@Z 0041702d f i menu.obj
 0001:0001604c       ?Draw@savegameMenu_t@@UAEXXZ 0041704c f i menu.obj
 0001:00016067       ?DrawSavegameShot@savegameMenu_t@@QAEXHH@Z 00417067 f i menu.obj
 0001:0001614c       ?Init@joinserverMenu_t@@UAE_NXZ 0041714c f i menu.obj
 0001:00016275       ?JoinServerFunc@joinserverMenu_t@@SAXPAX@Z 00417275 f i menu.obj
 0001:000162d7       ?SearchLocalGames@joinserverMenu_t@@SAXXZ 004172d7 f i menu.obj
 0001:00016342       ?M_AddToServerList@@YAXUnetadr_t@@PAD@Z 00417342 f   menu.obj
 0001:000163c5       ?Init@startserverMenu_t@@UAE_NXZ 004173c5 f i menu.obj
 0001:00016867       ?DMOptionsFunc@startserverMenu_t@@SAXPAX@Z 00417867 f i menu.obj
 0001:00016877       ?RulesChangeFunc@startserverMenu_t@@SAXPAX@Z 00417877 f i menu.obj
 0001:000168f1       ?StartServerActionFunc@startserverMenu_t@@SAXPAX@Z 004178f1 f i menu.obj
 0001:0001691c       ?StartServerFunc@startserverMenu_t@@SAXPAD@Z 0041791c f i menu.obj
 0001:00016b53       ?KeyDown@startserverMenu_t@@UAEPBDH@Z 00417b53 f i menu.obj
 0001:00016bb0       ?Init@dmoptionsMenu_t@@UAE_NXZ 00417bb0 f i menu.obj
 0001:0001718f       ?DMFlagCallback@dmoptionsMenu_t@@SAXPAX@Z 0041818f f i menu.obj
 0001:0001736a       ?Init@downloadOptionsMenu_t@@UAE_NXZ 0041836a f i menu.obj
 0001:00017535       ?DownloadCallback@downloadOptionsMenu_t@@SAXPAX@Z 00418535 f i menu.obj
 0001:000175a0       ?Init@addressBookMenu_t@@UAE_NXZ 004185a0 f i menu.obj
 0001:00017648       ?KeyDown@addressBookMenu_t@@UAEPBDH@Z 00418648 f i menu.obj
 0001:000176a5       ?Init@playerConfigMenu_t@@UAE_NXZ 004186a5 f i menu.obj
 0001:00017bec       ?HandednessCallback@playerConfigMenu_t@@SAXPAX@Z 00418bec f i menu.obj
 0001:00017c01       ?RTypeCallback@playerConfigMenu_t@@SAXPAX@Z 00418c01 f i menu.obj
 0001:00017c16       ?RColorCallback@playerConfigMenu_t@@SAXPAX@Z 00418c16 f i menu.obj
 0001:00017c2b       ?RateCallback@playerConfigMenu_t@@SAXPAX@Z 00418c2b f i menu.obj
 0001:00017c4e       ?ModelCallback@playerConfigMenu_t@@SAXPAX@Z 00418c4e f i menu.obj
 0001:00017c82       ?SkinCallback@playerConfigMenu_t@@SAXPAX@Z 00418c82 f i menu.obj
 0001:00017c8a       ?Draw@playerConfigMenu_t@@UAEXXZ 00418c8a f i menu.obj
 0001:00017f62       ?KeyDown@playerConfigMenu_t@@UAEPBDH@Z 00418f62 f i menu.obj
 0001:00018041       ?Init@dmbrowseMenu_t@@UAE_NXZ 00419041 f i menu.obj
 0001:00018247       ?KeyDown@dmbrowseMenu_t@@UAEPBDH@Z 00419247 f i menu.obj
 0001:0001840b       ?Draw@dmbrowseMenu_t@@UAEXXZ 0041940b f i menu.obj
 0001:00018550       ?DrawThumbnail@dmbrowseMenu_t@@SAXHHHHPAD_N@Z 00419550 f i menu.obj
 0001:00018637       ?Init@videoMenu_t@@UAE_NXZ 00419637 f i menu.obj
 0001:00018bf0       ?ScreenSizeCallback@videoMenu_t@@SAXPAX@Z 00419bf0 f i menu.obj
 0001:00018c0e       ?BrightnessCallback@videoMenu_t@@SAXPAX@Z 00419c0e f i menu.obj
 0001:00018c2c       ?ContrastCallback@videoMenu_t@@SAXPAX@Z 00419c2c f i menu.obj
 0001:00018c65       ?CancelChanges@videoMenu_t@@SAXPAX@Z 00419c65 f i menu.obj
 0001:00018c86       ?KeyDown@videoMenu_t@@UAEPBDH@Z 00419c86 f i menu.obj
 0001:00018ccd       ?ApplyChanges@videoMenu_t@@SAXPAX@Z 00419ccd f i menu.obj
 0001:00018e84       ?KeyDown@quitMenu_t@@UAEPBDH@Z 00419e84 f i menu.obj
 0001:00018ebc       ?Draw@quitMenu_t@@UAEXXZ   00419ebc f i menu.obj
 0001:00018f2c       ?M_Init@@YAXXZ             00419f2c f   menu.obj
 0001:0001910e       ?ItemAtCursor@menuFramework_t@@QAEPAUmenuCommon_t@@XZ 0041a10e f   qmenu.obj
 0001:00019162       ?AddItem@menuFramework_t@@QAEXPAUmenuCommon_t@@@Z 0041a162 f   qmenu.obj
 0001:0001921e       ?AdjustCursor@menuFramework_t@@QAEXH@Z 0041a21e f   qmenu.obj
 0001:0001938d       ?Center@menuFramework_t@@QAEXXZ 0041a38d f   qmenu.obj
 0001:000193ce       ?Draw@menuFramework_t@@UAEXXZ 0041a3ce f   qmenu.obj
 0001:00019986       ?SelectItem@menuFramework_t@@QAE_NXZ 0041a986 f   qmenu.obj
 0001:000199e4       ?SetStatusBar@menuFramework_t@@QAEXPBD@Z 0041a9e4 f   qmenu.obj
 0001:000199ee       ?SlideItem@menuFramework_t@@QAEXH@Z 0041a9ee f   qmenu.obj
 0001:00019f6b       ?Push@menuFramework_t@@QAEXXZ 0041af6b f   qmenu.obj
 0001:00019ff3       ?M_ForceMenuOff@@YAXXZ     0041aff3 f   qmenu.obj
 0001:0001a020       ?Pop@menuFramework_t@@QAEXXZ 0041b020 f   qmenu.obj
 0001:0001a05a       ?KeyDown@menuFramework_t@@UAEPBDH@Z 0041b05a f   qmenu.obj
 0001:0001a2ce       ?Init@menuFramework_t@@UAE_NXZ 0041b2ce f   qmenu.obj
 0001:0001a2d1       ?M_Draw@@YAXXZ             0041b2d1 f   qmenu.obj
 0001:0001a30c       ?M_Keydown@@YAXH@Z         0041b30c f   qmenu.obj
 0001:0001a32b       ?InitRendererVars@@YAXXZ   0041b32b f   ref_vars.obj
 0001:0001a34a       ?S_SoundInfo_f@@YAXXZ      0041b34a f   snd_dma.obj
 0001:0001a3d4       ?S_Init@@YAXXZ             0041b3d4 f   snd_dma.obj
 0001:0001a4a2       ?S_Shutdown@@YAXXZ         0041b4a2 f   snd_dma.obj
 0001:0001a535       ?S_BeginRegistration@@YAXXZ 0041b535 f   snd_dma.obj
 0001:0001a543       ?S_RegisterSound@@YAPAUsfx_t@@PBD@Z 0041b543 f   snd_dma.obj
 0001:0001a6d9       ?S_EndRegistration@@YAXXZ  0041b6d9 f   snd_dma.obj
 0001:0001a771       ?S_PickChannel@@YAPAUchannel_t@@HH@Z 0041b771 f   snd_dma.obj
 0001:0001a7fe       ?S_Spatialize@@YAXPAUchannel_t@@@Z 0041b7fe f   snd_dma.obj
 0001:0001a995       ?S_AllocPlaysound@@YAPAUplaysound_t@@XZ 0041b995 f   snd_dma.obj
 0001:0001a9b7       ?S_FreePlaysound@@YAXPAUplaysound_t@@@Z 0041b9b7 f   snd_dma.obj
 0001:0001a9e7       ?S_IssuePlaysound@@YAXPAUplaysound_t@@@Z 0041b9e7 f   snd_dma.obj
 0001:0001aab4       ?S_StartSound@@YAXPBUCVec3@@HHPAUsfx_t@@MMM@Z 0041bab4 f   snd_dma.obj
 0001:0001aeda       ?S_StartLocalSound@@YAXPBD@Z 0041beda f   snd_dma.obj
 0001:0001af29       ?S_ClearBuffer@@YAXXZ      0041bf29 f   snd_dma.obj
 0001:0001af92       ?S_StopAllSounds_f@@YAXXZ  0041bf92 f   snd_dma.obj
 0001:0001b002       ?S_AddLoopSounds@@YAXXZ    0041c002 f   snd_dma.obj
 0001:0001b1d8       ?S_RawSamples@@YAXHHHHPAE@Z 0041c1d8 f   snd_dma.obj
 0001:0001b3dc       ?S_Update@@YAXABUCVec3@@0@Z 0041c3dc f   snd_dma.obj
 0001:0001b4bf       ?GetSoundtime@@YAXXZ       0041c4bf f   snd_dma.obj
 0001:0001b526       ?S_Update_@@YAXXZ          0041c526 f   snd_dma.obj
 0001:0001b7d9       ?ResampleSfx@@YAXPAUsfx_t@@HHPAE@Z 0041c7d9 f   snd_mem.obj
 0001:0001b8f4       ?S_LoadSound@@YAPAUsfxcache_t@@PAUsfx_t@@@Z 0041c8f4 f   snd_mem.obj
 0001:0001ba2c       ?GetWavinfo@@YA?AUwavinfo_t@@PADPAEH@Z 0041ca2c f   snd_mem.obj
 0001:0001bc6e       ?S_WriteLinearBlastStereo16@@YAXXZ 0041cc6e f   snd_mix.obj
 0001:0001bce2       ?S_TransferStereo16@@YAXPAKH@Z 0041cce2 f   snd_mix.obj
 0001:0001bd4b       ?S_TransferPaintBuffer@@YAXH@Z 0041cd4b f   snd_mix.obj
 0001:0001beaf       ?S_PaintChannels@@YAXH@Z   0041ceaf f   snd_mix.obj
 0001:0001c12b       ?S_InitScaletable@@YAXXZ   0041d12b f   snd_mix.obj
 0001:0001c2ec       ?SV_ComputeAnimation@@YAXPAUplayer_state_t@@AAUentityStateEx_t@@PAU2@PAUedict_s@@@Z 0041d2ec f   sv_anim.obj
 0001:0001c6e9       ?SV_WipeSavegame@@YAXPAD@Z 0041d6e9 f   sv_ccmds.obj
 0001:0001c717       ?SV_CopySaveGame@@YAXPAD0@Z 0041d717 f   sv_ccmds.obj
 0001:0001c76c       ?SV_WriteLevelFile@@YAXXZ  0041d76c f   sv_ccmds.obj
 0001:0001c81a       ?SV_ReadLevelFile@@YAXXZ   0041d81a f   sv_ccmds.obj
 0001:0001c8c8       ?SV_WriteServerFile@@YAX_NPAD@Z 0041d8c8 f   sv_ccmds.obj
 0001:0001cb04       ?SV_ReadServerFile@@YAXXZ  0041db04 f   sv_ccmds.obj
 0001:0001cc29       ?SV_AddressBanned@@YA_NPAUnetadr_t@@@Z 0041dc29 f   sv_ccmds.obj
 0001:0001cc6a       ?SV_InitOperatorCommands@@YAXXZ 0041dc6a f   sv_ccmds.obj
 0001:0001dc6f       ?SV_WriteFrameToClient@@YAXPAUclient_t@@PAVsizebuf_t@@@Z 0041ec6f f   sv_ents.obj
 0001:0001e3ba       ?SV_RecordDemoMessage@@YAXXZ 0041f3ba f   sv_ents.obj
 0001:0001efa2       ?SV_InitGameLibrary@@YAX_N@Z 0041ffa2 f   sv_game.obj
 0001:0001f0e8       ?SV_ShutdownGameLibrary@@YAXXZ 004200e8 f   sv_game.obj
 0001:0001f245       ?SV_FindIndex@@YAHPADHH_N@Z 00420245 f   sv_init.obj
 0001:0001f352       ?SV_ModelIndex@@YAHPAD@Z   00420352 f   sv_init.obj
 0001:0001f368       ?SV_SoundIndex@@YAHPAD@Z   00420368 f   sv_init.obj
 0001:0001f381       ?SV_ImageIndex@@YAHPAD@Z   00420381 f   sv_init.obj
 0001:0001f39a       ?SV_CreateBaseline@@YAXXZ  0042039a f   sv_init.obj
 0001:0001f417       ?SV_CheckForSavegame@@YAXXZ 00420417 f   sv_init.obj
 0001:0001f49f       ?SV_SpawnServer@@YAXPAD0W4server_state_t@@_N2@Z 0042049f f   sv_init.obj
 0001:0001f76d       ?SV_InitGame@@YAXXZ        0042076d f   sv_init.obj
 0001:0001f9b7       ?SV_Map@@YAX_NPBD0@Z       004209b7 f   sv_init.obj
 0001:0001fb80       ?SV_DropClient@@YAXPAUclient_t@@PAD@Z 00420b80 f   sv_main.obj
 0001:0002048f       ?SV_ConnectionlessPacket@@YAXXZ 0042148f f   sv_main.obj
 0001:0002055a       ?SV_CalcPings@@YAXXZ       0042155a f   sv_main.obj
 0001:000205e1       ?SV_GiveMsec@@YAXXZ        004215e1 f   sv_main.obj
 0001:00020620       ?SV_ReadPackets@@YAXXZ     00421620 f   sv_main.obj
 0001:00020768       ?SV_CheckTimeouts@@YAXXZ   00421768 f   sv_main.obj
 0001:00020879       ?SV_PostprocessFrame@@YAXXZ 00421879 f   sv_main.obj
 0001:00020d37       ?SV_MulticastHook@@YAPAVsizebuf_t@@PAV1@0@Z 00421d37 f   sv_main.obj
 0001:00021127       ?SV_TraceHook@@YA?AUtrace_t@@ABUCVec3@@PBU2@10PAUedict_s@@H@Z 00422127 f   sv_main.obj
 0001:000212c5       ?SV_Frame@@YAXM@Z          004222c5 f   sv_main.obj
 0001:00021578       ?SV_UserinfoChanged@@YAXPAUclient_t@@@Z 00422578 f   sv_main.obj
 0001:0002163c       ?SV_Init@@YAXXZ            0042263c f   sv_main.obj
 0001:0002169e       ?SV_Shutdown@@YAXPBD_N@Z   0042269e f   sv_main.obj
 0001:000218a5       ?SV_BeginRedirect@@YAXXZ   004228a5 f   sv_send.obj
 0001:0002194f       ?SV_ClientPrintf@@YAXPAUclient_t@@HPBDZZ 0042294f f   sv_send.obj
 0001:000219aa       ?SV_BroadcastPrintf@@YAXHPBDZZ 004229aa f   sv_send.obj
 0001:00021a80       ?SV_BroadcastCommand@@YAXPBDZZ 00422a80 f   sv_send.obj
 0001:00021ad8       ?SV_Multicast@@YAXABUCVec3@@W4multicast_t@@_N@Z 00422ad8 f   sv_send.obj
 0001:00021cfe       ?SV_MulticastOld@@YAXABUCVec3@@W4multicast_t@@@Z 00422cfe f   sv_send.obj
 0001:00021d11       ?SV_MulticastNew@@YAXABUCVec3@@W4multicast_t@@@Z 00422d11 f   sv_send.obj
 0001:00021d24       ?SV_StartSound@@YAXPBUCVec3@@PAUedict_s@@HHMMM_N@Z 00422d24 f   sv_send.obj
 0001:00021ff1       ?SV_StartSoundOld@@YAXPBUCVec3@@PAUedict_s@@HHMMM@Z 00422ff1 f   sv_send.obj
 0001:00022021       ?SV_StartSoundNew@@YAXPBUCVec3@@PAUedict_s@@HHMMM@Z 00423021 f   sv_send.obj
 0001:00022051       ?SV_SendClientDatagram@@YA_NPAUclient_t@@@Z 00423051 f   sv_send.obj
 0001:00022113       ?SV_DemoCompleted@@YAXXZ   00423113 f   sv_send.obj
 0001:0002212f       ?SV_RateDrop@@YA_NPAUclient_t@@@Z 0042312f f   sv_send.obj
 0001:00022179       ?SV_SendClientMessages@@YAXXZ 00423179 f   sv_send.obj
 0001:000222bc       ?SV_ClearTexts@@YAXXZ      004232bc f   sv_text.obj
 0001:000222c4       ?SV_DrawTexts@@YAXXZ       004232c4 f   sv_text.obj
 0001:00022479       ?SV_DrawText3D@@YAXABUCVec3@@PBDI@Z 00423479 f   sv_text.obj
 0001:00022490       ?SV_TokenizeString@@YAXPBD@Z 00423490 f   sv_tokenize.obj
 0001:00022567       ?SV_Argc@@YAHXZ            00423567 f   sv_tokenize.obj
 0001:0002256d       ?SV_Argv@@YAPADH@Z         0042356d f   sv_tokenize.obj
 0001:00022587       ?SV_Args@@YAPADXZ          00423587 f   sv_tokenize.obj
 0001:00022e1c       ?SV_Nextserver@@YAXXZ      00423e1c f   sv_user.obj
 0001:00022eab       ?SV_ExecuteUserCommand@@YAXPAD@Z 00423eab f   sv_user.obj
 0001:00022f6d       ?SV_ClientThink@@YAXPAUclient_t@@PAUusercmd_t@@@Z 00423f6d f   sv_user.obj
 0001:00022fb0       ?SV_ExecuteClientMessage@@YAXPAUclient_t@@@Z 00423fb0 f   sv_user.obj
 0001:000231ce       ?SV_ClearWorld@@YAXXZ      004241ce f   sv_world.obj
 0001:00023309       ?SV_UnlinkEdict@@YAXPAUedict_s@@@Z 00424309 f   sv_world.obj
 0001:000233cc       ?SV_LinkEdict@@YAXPAUedict_s@@@Z 004243cc f   sv_world.obj
 0001:000239b7       ?SV_AreaEdicts@@YAHABUCVec3@@0PAPAUedict_s@@HH@Z 004249b7 f   sv_world.obj
 0001:00023b68       ?SV_PointContents@@YAHABUCVec3@@@Z 00424b68 f   sv_world.obj
 0001:00023c8f       ?SV_Trace@@YAXAAUtrace_t@@ABUCVec3@@1ABUCBox@@PAUedict_s@@H@Z 00424c8f f   sv_world.obj
 0001:0002410e       ?InitByteDirs@@YAXXZ       0042510e f   anorms.obj
 0001:0002414d       ?Cbuf_AddText@@YAXPBD@Z    0042514d f   cmd.obj
 0001:000241af       ?Cbuf_CopyToDefer@@YAXXZ   004251af f   cmd.obj
 0001:000241f7       ?Cbuf_InsertFromDefer@@YAXXZ 004251f7 f   cmd.obj
 0001:000242b0       ?Cbuf_Execute@@YAXXZ       004252b0 f   cmd.obj
 0001:000243b6       ?Cmd_Unalias_f@@YAX_NHPAPAD@Z 004253b6 f   cmd.obj
 0001:0002442c       ?Cmd_WriteAliases@@YAXPAU_iobuf@@@Z 0042542c f   cmd.obj
 0001:0002445d       ?RegisterCommand@@YA_NPBDP6AXXZH@Z 0042545d f   cmd.obj
 0001:00024516       ?UnregisterCommand@@YA_NPBD@Z 00425516 f   cmd.obj
 0001:000245a7       ?Cmd_ExecuteString@@YA_NPBD@Z 004255a7 f   cmd.obj
 0001:000249fa       ?ExecuteCommand@@YA_NPBDPBUCSimpleCommand@@H@Z 004259fa f   cmd.obj
 0001:00024ad2       ?Cmd_Init@@YAXXZ           00425ad2 f   cmd.obj
 0001:00024e24       ?CM_LoadMap@@YAPAUcmodel_t@@PBD_NPAI@Z 00425e24 f   cmodel.obj
 0001:00025555       ?SetSignbits@cplane_t@@QAEXXZ 00426555 f i cmodel.obj
 0001:00025589       ?SetType@cplane_t@@QAEXXZ  00426589 f i cmodel.obj
 0001:00025745       ?CM_InlineModel@@YAPAUcmodel_t@@PBD@Z 00426745 f   cmodel.obj
 0001:00025786       ?CM_NumClusters@@YAHXZ     00426786 f   cmodel.obj
 0001:0002578c       ?CM_NumInlineModels@@YAHXZ 0042678c f   cmodel.obj
 0001:00025792       ?CM_EntityString@@YAPBDXZ  00426792 f   cmodel.obj
 0001:00025798       ?CM_LeafContents@@YAHH@Z   00426798 f   cmodel.obj
 0001:000257bf       ?CM_LeafCluster@@YAHH@Z    004267bf f   cmodel.obj
 0001:00025835       ?CM_LeafArea@@YAHH@Z       00426835 f   cmodel.obj
 0001:000259f8       ?CM_HeadnodeForBox@@YAHABUCBox@@@Z 004269f8 f   cmodel.obj
 0001:00025aad       ?CM_PointLeafnum@@YAHABUCVec3@@H@Z 00426aad f   cmodel.obj
 0001:00025b50       ?DistanceTo@cplane_t@@QAEMABUCVec3@@@Z 00426b50 f i cmodel.obj
 0001:00025b94       ?CM_PointContents@@YAHABUCVec3@@H@Z 00426b94 f   cmodel.obj
 0001:00025c09       ?CM_TransformedPointContents@@YAHABUCVec3@@H00@Z 00426c09 f   cmodel.obj
 0001:00025cea       ?CM_TransformedPointContents@@YAHABUCVec3@@H0ABUCAxis@@@Z 00426cea f   cmodel.obj
 0001:00025d95       ?CM_BoxLeafnums@@YAHABUCBox@@PAHH1H@Z 00426d95 f   cmodel.obj
 0001:00025e9e       ?BOX_ON_PLANE_SIDE@@YAHABUCBox@@ABUcplane_t@@@Z 00426e9e f i cmodel.obj
 0001:00025f08       ?CM_BoxTrace@@YAXAAUtrace_t@@ABUCVec3@@1ABUCBox@@HH@Z 00426f08 f   cmodel.obj
 0001:000268aa       ?CM_TransformedBoxTrace@@YAXAAUtrace_t@@ABUCVec3@@1ABUCBox@@HH11@Z 004278aa f   cmodel.obj
 0001:00026a27       ?CM_TransformedBoxTrace@@YAXAAUtrace_t@@ABUCVec3@@1ABUCBox@@HH1ABUCAxis@@@Z 00427a27 f   cmodel.obj
 0001:00026ae4       ?CM_BrushTrace@@YAHABUCVec3@@0PAHH@Z 00427ae4 f   cmodel.obj
 0001:00026ef6       ?CM_RefineBrushTrace@@YAHABUCVec3@@0PAHH@Z 00427ef6 f   cmodel.obj
 0001:00026f9c       ?CM_ClusterPVS@@YAPAEH@Z   00427f9c f   cmodel.obj
 0001:000270e0       ?CM_ClusterPHS@@YAPAEH@Z   004280e0 f   cmodel.obj
 0001:00027243       ?CM_SetAreaPortalState@@YAXH_N@Z 00428243 f   cmodel.obj
 0001:00027268       ?CM_AreasConnected@@YA_NHH@Z 00428268 f   cmodel.obj
 0001:000272ac       ?CM_WriteAreaBits@@YAHPAEH@Z 004282ac f   cmodel.obj
 0001:0002734e       ?CM_WritePortalState@@YAXPAU_iobuf@@@Z 0042834e f   cmodel.obj
 0001:00027368       ?CM_ReadPortalState@@YAXPAU_iobuf@@@Z 00428368 f   cmodel.obj
 0001:00027386       ?CM_HeadnodeVisible@@YA_NHPBE@Z 00428386 f   cmodel.obj
 0001:00027461       ?Com_BeginRedirect@@YAXPADHP6AX0@Z@Z 00428461 f   common.obj
 0001:0002748e       ?Com_EndRedirect@@YAXXZ    0042848e f   common.obj
 0001:000274ad       ?Com_Printf@@YAXPBDZZ      004284ad f   common.obj
 0001:000276a5       ?Com_DPrintf@@YAXPBDZZ     004286a5 f   common.obj
 0001:0002771e       ?DebugPrintf@@YAXPBDZZ     0042871e f   common.obj
 0001:000277c8       ?Com_WPrintf@@YAXPBDZZ     004287c8 f   common.obj
 0001:00027822       ?Com_Quit@@YAXXZ           00428822 f   common.obj
 0001:00027842       ?IPWildcard@@YA_NPAUnetadr_t@@PAD@Z 00428842 f   common.obj
 0001:0002791c       ?Com_ServerState@@YA?AW4server_state_t@@XZ 0042891c f   common.obj
 0001:00027922       ?Com_SetServerState@@YAXW4server_state_t@@@Z 00428922 f   common.obj
 0001:0002792c       ?frand@@YAMXZ              0042892c f   common.obj
 0001:00027944       ?crand@@YAMXZ              00428944 f   common.obj
 0001:00027962       ?Info_ValueForKey@@YAPBDPBD0@Z 00428962 f   common.obj
 0001:000279e1       ?Info_SetValueForKey@@YAXPADPBD1@Z 004289e1 f   common.obj
 0001:00027b44       ?Info_Print@@YAXPBD@Z      00428b44 f   common.obj
 0001:00027bca       ?Com_CheckCmdlineVar@@YA_NPBD@Z 00428bca f   common.obj
 0001:00027c20       ?Com_Init@@YAXPBD@Z        00428c20 f   common.obj
 0001:00027fee       ?Com_Frame@@YAXM@Z         00428fee f   common.obj
 0001:0002832c       ?Com_Shutdown@@YAXXZ       0042932c f   common.obj
 0001:00028345       ?Com_BlockSequenceCRCByte@@YAEPAEHH@Z 00429345 f   crc.obj
 0001:000283fb       ?Cvar_VariableValue@@YAMPBD@Z 004293fb f   cvar.obj
 0001:00028469       ?Cvar_VariableInt@@YAHPBD@Z 00429469 f   cvar.obj
 0001:0002847c       ?Cvar_VariableString@@YAPBDPBD@Z 0042947c f   cvar.obj
 0001:00028494       ?Cvar_Get@@YAPAUcvar_t@@PBD0H@Z 00429494 f   cvar.obj
 0001:0002874b       ?Cvar_GetVars@@YAXPBUcvarInfo_t@@H@Z 0042974b f   cvar.obj
 0001:000287f5       ?Cvar_FullSet@@YAPAUcvar_t@@PBD0I@Z 004297f5 f   cvar.obj
 0001:0002884f       ?Cvar_SetValue@@YAPAUcvar_t@@PBDM@Z 0042984f f   cvar.obj
 0001:00028a75       ?Cvar_SetInteger@@YAPAUcvar_t@@PBDH@Z 00429a75 f   cvar.obj
 0001:00028a97       ?Cvar_Set@@YAPAUcvar_t@@PBD0@Z 00429a97 f   cvar.obj
 0001:00028aac       ?Cvar_ForceSet@@YAPAUcvar_t@@PBD0@Z 00429aac f   cvar.obj
 0001:00028ac1       ?Cvar_Clamp@@YAMPAUcvar_t@@MM@Z 00429ac1 f   cvar.obj
 0001:00028b1f       ?Cvar_GetLatchedVars@@YAXXZ 00429b1f f   cvar.obj
 0001:00028b4e       ?Cvar_Command@@YA_NHPAPAD@Z 00429b4e f   cvar.obj
 0001:00028be7       ?IsDefault@cvar_t@@QAE_NXZ 00429be7 f i cvar.obj
 0001:00028c04       ?Cvar_WriteVariables@@YAXPAU_iobuf@@HHPBD@Z 00429c04 f   cvar.obj
 0001:00028c8c       ?Cvar_Userinfo@@YAPBDXZ    00429c8c f   cvar.obj
 0001:00028ce7       ?Cvar_Serverinfo@@YAPBDXZ  00429ce7 f   cvar.obj
 0001:00028cf0       ?Cvar_Cheats@@YAX_N@Z      00429cf0 f   cvar.obj
 0001:00028d41       ?Cvar_Init@@YAXXZ          00429d41 f   cvar.obj
 0001:00029564       ?MSG_WriteDeltaEntity@@YAXPAVsizebuf_t@@PBUentityStateEx_t@@PAU2@_N33@Z 0042a564 f   entdelta.obj
 0001:00029b20       ?MSG_WriteRemoveEntity@@YAXPAVsizebuf_t@@H@Z 0042ab20 f   entdelta.obj
 0001:00029b60       ?MSG_ReadEntityBits@@YAHPAVsizebuf_t@@PAIPA_N@Z 0042ab60 f   entdelta.obj
 0001:00029bd1       ?MSG_ReadDeltaEntity@@YAXPAVsizebuf_t@@PBUentityStateEx_t@@PAU2@I@Z 0042abd1 f   entdelta.obj
 0001:00029c54       ?MSG_WriteDeltaUsercmd@@YAXPAVsizebuf_t@@PBUusercmd_t@@PAU2@@Z 0042ac54 f   entdelta.obj
 0001:00029ce3       ?MSG_ReadDeltaUsercmd@@YAXPAVsizebuf_t@@PBUusercmd_t@@PAU2@@Z 0042ace3 f   entdelta.obj
 0001:00029fe6       ?MSG_WriteDeltaPlayerstate@@YAXPAVsizebuf_t@@PBUplayer_state_t@@PAU2@@Z 0042afe6 f   entdelta.obj
 0001:0002a0ef       ?MSG_ReadDeltaPlayerstate@@YAXPAVsizebuf_t@@PBUplayer_state_t@@PAU2@@Z 0042b0ef f   entdelta.obj
 0001:0002a1c3       ?FS_CreatePath@@YAXPBD@Z   0042b1c3 f   files.obj
 0001:0002a229       ?FS_CopyFile@@YAXPBD0@Z    0042b229 f   files.obj
 0001:0002a32c       ?FS_CopyFiles@@YAXPBD0@Z   0042b32c f   files.obj
 0001:0002a405       ?FS_RemoveFiles@@YAXPBD@Z  0042b405 f   files.obj
 0001:0002a479       ?FS_FCloseFile@@YAXPAVQFILE@@@Z 0042b479 f   files.obj
 0001:0002a517       ?FS_FOpenFile@@YAPAVQFILE@@PBDPAH@Z 0042b517 f   files.obj
 0001:0002aa3a       ?FS_FileExists@@YA_NPBD@Z  0042ba3a f   files.obj
 0001:0002ac53       ?FS_Read@@YAXPAXHPAVQFILE@@@Z 0042bc53 f   files.obj
 0001:0002aeb7       ?FS_LoadFile@@YAPAXPBDPAI@Z 0042beb7 f   files.obj
 0001:0002af0d       ?FS_FreeFile@@YAXPAX@Z     0042bf0d f   files.obj
 0001:0002af18       ?FS_Gamedir@@YAPBDXZ       0042bf18 f   files.obj
 0001:0002af2c       ?FS_LoadGameConfig@@YAXXZ  0042bf2c f   files.obj
 0001:0002aff1       ?FS_SetGamedir@@YA_NPBD@Z  0042bff1 f   files.obj
 0001:0002b6dc       ?FS_ListFiles@@YA?AV?$TList@VCStringItem@@@@PBDH@Z 0042c6dc f   files.obj
 0001:0002ba5e       ?FS_NextPath@@YAPADPBD@Z   0042ca5e f   files.obj
 0001:0002ba82       ?FS_InitFilesystem@@YAXXZ  0042ca82 f   files.obj
 0001:0002c42e       ?LoadPCX@@YAXPBDAAPAE1AAH2@Z 0042d42e f   images.obj
 0001:0002c55d       ?LoadTGA@@YAXPBDAAPAEAAH2@Z 0042d55d f   images.obj
 0001:0002c74c       ?LoadJPG@@YAXPBDAAPAEAAH2@Z 0042d74c f   images.obj
 0001:0002c9d9       ?ImageExists@@YAHPBDH@Z    0042d9d9 f   images.obj
 0001:0002cae0       ?WriteTGA@@YA_NPBDPAEHH@Z  0042dae0 f   images.obj
 0001:0002ccca       ?WriteJPG@@YA_NPBDPAEHH_N@Z 0042dcca f   images.obj
 0001:0002cdf1       ?MD4Init@@YAXPAUMD4_CTX@@@Z 0042ddf1 f   md4.obj
 0001:0002ce19       ?MD4Update@@YAXPAUMD4_CTX@@PAEI@Z 0042de19 f   md4.obj
 0001:0002ceb7       ?MD4Final@@YAXQAEPAUMD4_CTX@@@Z 0042deb7 f   md4.obj
 0001:0002d5a8       ?Com_BlockChecksum@@YAIPAXH@Z 0042e5a8 f   md4.obj
 0001:0002d5e4       ?LoadQ2BspFile@@YAXXZ      0042e5e4 f   model.obj
 0001:0002d99a       ?LoadBspFile@@YAPAUbspfile_t@@PBD_NPAI@Z 0042e99a f   model.obj
 0001:0002db48       ?ProcessEntstring@@YAPADPAD@Z 0042eb48 f   model.obj
 0001:0002e9ef       ?Init@sizebuf_t@@QAEXPAXH@Z 0042f9ef f   msg.obj
 0001:0002ea0a       ?Write@sizebuf_t@@QAEXPBXH@Z 0042fa0a f   msg.obj
 0001:0002ea7a       ?MSG_WriteByte@@YAXPAVsizebuf_t@@H@Z 0042fa7a f   msg.obj
 0001:0002ea7a       ?MSG_WriteChar@@YAXPAVsizebuf_t@@H@Z 0042fa7a f   msg.obj
 0001:0002ea8b       ?MSG_WriteShort@@YAXPAVsizebuf_t@@H@Z 0042fa8b f   msg.obj
 0001:0002ea9c       ?MSG_WriteLong@@YAXPAVsizebuf_t@@H@Z 0042fa9c f   msg.obj
 0001:0002ea9c       ?MSG_WriteFloat@@YAXPAVsizebuf_t@@M@Z 0042fa9c f   msg.obj
 0001:0002eaad       ?MSG_WriteString@@YAXPAVsizebuf_t@@PBD@Z 0042faad f   msg.obj
 0001:0002ead7       ?MSG_WritePos@@YAXPAVsizebuf_t@@ABUCVec3@@@Z 0042fad7 f   msg.obj
 0001:0002eb3b       ?MSG_WriteAngle@@YAXPAVsizebuf_t@@M@Z 0042fb3b f   msg.obj
 0001:0002eb66       ?MSG_WriteAngle16@@YAXPAVsizebuf_t@@M@Z 0042fb66 f   msg.obj
 0001:0002eb91       ?MSG_WriteDir@@YAXPAVsizebuf_t@@ABUCVec3@@@Z 0042fb91 f   msg.obj
 0001:0002ebf9       ?MSG_ReadDir@@YAXPAVsizebuf_t@@AAUCVec3@@@Z 0042fbf9 f   msg.obj
 0001:0002ec2a       ?MSG_ReadChar@@YAHPAVsizebuf_t@@@Z 0042fc2a f   msg.obj
 0001:0002ec4a       ?MSG_ReadByte@@YAHPAVsizebuf_t@@@Z 0042fc4a f   msg.obj
 0001:0002ec6a       ?MSG_ReadShort@@YAHPAVsizebuf_t@@@Z 0042fc6a f   msg.obj
 0001:0002ec8a       ?MSG_ReadLong@@YAHPAVsizebuf_t@@@Z 0042fc8a f   msg.obj
 0001:0002eca9       ?MSG_ReadString@@YAPADPAVsizebuf_t@@@Z 0042fca9 f   msg.obj
 0001:0002ecdc       ?MSG_ReadPos@@YAXPAVsizebuf_t@@AAUCVec3@@@Z 0042fcdc f   msg.obj
 0001:0002ed2e       ?MSG_ReadAngle@@YAMPAVsizebuf_t@@@Z 0042fd2e f   msg.obj
 0001:0002ed48       ?MSG_ReadAngle16@@YAMPAVsizebuf_t@@@Z 0042fd48 f   msg.obj
 0001:0002ed62       ?MSG_ReadData@@YAXPAVsizebuf_t@@PAXH@Z 0042fd62 f   msg.obj
 0001:0002ed85       ?Netchan_Init@@YAXXZ       0042fd85 f   net_chan.obj
 0001:0002edf9       ?Netchan_OutOfBandPrint@@YAXW4netsrc_t@@Unetadr_t@@PBDZZ 0042fdf9 f   net_chan.obj
 0001:0002ee80       ?Setup@netchan_t@@QAEXW4netsrc_t@@Unetadr_t@@H@Z 0042fe80 f   net_chan.obj
 0001:0002eed8       ?NeedReliable@netchan_t@@QAE_NXZ 0042fed8 f   net_chan.obj
 0001:0002eefd       ?Transmit@netchan_t@@QAEXPAXH@Z 0042fefd f   net_chan.obj
 0001:0002f09a       ?Process@netchan_t@@QAE_NPAVsizebuf_t@@@Z 0043009a f   net_chan.obj
 0001:0002f1c8       ?Pmove@@YAXPAUpmove_t@@@Z  004301c8 f   pmove.obj
 0001:00030f65       ?NormalizeColor@@YAMABUCVec3@@AAU1@@Z 00431f65 f   q_shared2.obj
 0001:00030fc1       ?NormalizeColor255@@YAMABUCVec3@@AAU1@@Z 00431fc1 f   q_shared2.obj
 0001:00031021       ?Q_rsqrt@@YAMM@Z           00432021 f   q_shared2.obj
 0001:00031051       ?AngleVectors@@YAXABUCVec3@@PAU1@11@Z 00432051 f   q_shared2.obj
 0001:000311b2       ?MakeNormalVectors@@YAXABUCVec3@@AAU1@1@Z 004321b2 f   q_shared2.obj
 0001:00031221       ?Vec2Angles@@YAXABUCVec3@@AAU1@@Z 00432221 f   q_shared2.obj
 0001:00031324       ?Vec2Yaw@@YAMABUCVec3@@@Z  00432324 f   q_shared2.obj
 0001:00031397       ?VectorLength@@YAMABUCVec3@@@Z 00432397 f   q_shared2.obj
 0001:000313c6       ?VectorDistance@@YAMABUCVec3@@0@Z 004323c6 f   q_shared2.obj
 0001:000313f7       ?LerpAngle@@YAMMMM@Z       004323f7 f   q_shared2.obj
 0001:0003143a       ?AngleMod@@YAMM@Z          0043243a f   q_shared2.obj
 0001:00031466       ?AngleSubtract@@YAMMM@Z    00432466 f   q_shared2.obj
 0001:0003149d       ?AnglesSubtract@@YAXABUCVec3@@0AAU1@@Z 0043249d f   q_shared2.obj
 0001:000314f5       ?Normalize@CVec3@@QAEMXZ   004324f5 f   q_shared2.obj
 0001:00031547       ?VectorNormalize@@YAMABUCVec3@@AAU1@@Z 00432547 f   q_shared2.obj
 0001:0003159f       ?NormalizeFast@CVec3@@QAEMXZ 0043259f f   q_shared2.obj
 0001:000315f0       ?cross@@YAXABUCVec3@@0AAU1@@Z 004325f0 f   q_shared2.obj
 0001:0003162b       ?Clear@CBox@@QAEXXZ        0043262b f   q_shared2.obj
 0001:00031649       ?Expand@CBox@@QAEXABUCVec3@@@Z 00432649 f   q_shared2.obj
 0001:00031678       ?Expand@CBox@@QAEXABU1@@Z  00432678 f   q_shared2.obj
 0001:000316b4       ?GetCenter@CBox@@QAEXAAUCVec3@@@Z 004326b4 f   q_shared2.obj
 0001:000316d4       ?OnPlaneSide@CBox@@QBEHABUcplane_t@@@Z 004326d4 f   q_shared2.obj
 0001:00031803       ?FromAngles@CAxis@@QAEXABUCVec3@@@Z 00432803 f   q_shared2.obj
 0001:00031842       ?TransformVector@CAxis@@QBEXABUCVec3@@AAU2@@Z 00432842 f   q_shared2.obj
 0001:00031893       ?UnTransformVector@CAxis@@QBEXABUCVec3@@AAU2@@Z 00432893 f   q_shared2.obj
 0001:000318f7       ?TransformAxis@CAxis@@QBEXABU1@AAU1@@Z 004328f7 f   q_shared2.obj
 0001:0003193d       ?UnTransformAxis@CAxis@@QBEXABU1@AAU1@@Z 0043293d f   q_shared2.obj
 0001:00031983       ?TransformPoint@CCoords@@QBEXABUCVec3@@AAU2@@Z 00432983 f   q_shared2.obj
 0001:000319e1       ?UnTransformPoint@CCoords@@QBEXABUCVec3@@AAU2@@Z 004329e1 f   q_shared2.obj
 0001:00031a4e       ?UnTransformCoords@CCoords@@QBEXABU1@AAU1@@Z 00432a4e f   q_shared2.obj
 0001:00031a78       ?TransformPlane@CCoords@@QBEXABUcplane_t@@AAU2@@Z 00432a78 f   q_shared2.obj
 0001:00031ab0       ?TransformPoint@@YAXABUCVec3@@ABUCAxis@@0AAU1@@Z 00432ab0 f   q_shared2.obj
 0001:00031b13       ?UnTransformPoint@@YAXABUCVec3@@ABUCAxis@@0AAU1@@Z 00432b13 f   q_shared2.obj
 0001:00031b83       ?ShortSwap@@YAFF@Z         00432b83 f   q_shared2.obj
 0001:00031b98       ?COM_Parse@@YAPADAAPBD_N@Z 00432b98 f   q_shared2.obj
 0001:00031cbc       ?COM_QuoteString@@YAPBDPBD_N@Z 00432cbc f   q_shared2.obj
 0001:00031d17       ?Com_PageInMemory@@YAXPAXH@Z 00432d17 f   q_shared2.obj
 0001:00031d36       ?Zip_OpenArchive@@YAPAU_iobuf@@PBD@Z 00432d36 f   zip.obj
 0001:00031da1       ?Zip_CloseArchive@@YAXPAU_iobuf@@@Z 00432da1 f   zip.obj
 0001:00031dad       ?Zip_EnumArchive@@YA_NPAU_iobuf@@P6A_NPAUzipFile_t@@@Z@Z 00432dad f   zip.obj
 0001:00031f8a       ?Zip_OpenFile@@YAPAUZFILE@@PAU_iobuf@@PAUzipFile_t@@@Z 00432f8a f   zip.obj
 0001:0003206e       ?Zip_ReadFile@@YAHPAUZFILE@@PAXH@Z 0043306e f   zip.obj
 0001:00032164       ?Zip_CloseFile@@YA_NPAUZFILE@@@Z 00433164 f   zip.obj
 0001:000321a8       ?Zip_OpenBuf@@YAPAUZBUF@@PAXH@Z 004331a8 f   zip.obj
 0001:000321e6       ?Zip_ReadBuf@@YAHPAUZBUF@@PAXH@Z 004331e6 f   zip.obj
 0001:0003222e       ?Zip_CloseBuf@@YAXPAUZBUF@@@Z 0043322e f   zip.obj
 0001:00032243       _zcalloc                   00433243 f   zip.obj
 0001:00032257       _zcfree                    00433257 f   zip.obj
 0001:00032262       ?CDAudio_Play2@@YAXH_N@Z   00433262 f   cd_win.obj
 0001:00032441       ?CDAudio_Play@@YAXH_N@Z    00433441 f   cd_win.obj
 0001:00032458       ?CDAudio_Stop@@YAXXZ       00433458 f   cd_win.obj
 0001:0003249d       ?CDAudio_Pause@@YAXXZ      0043349d f   cd_win.obj
 0001:000324f6       ?CDAudio_Resume@@YAXXZ     004334f6 f   cd_win.obj
 0001:00032565       ?CDAudio_Update@@YAXXZ     00433565 f   cd_win.obj
 0001:00032599       ?CDAudio_Init@@YAHXZ       00433599 f   cd_win.obj
 0001:000329fb       ?CDAudio_Shutdown@@YAXXZ   004339fb f   cd_win.obj
 0001:00032a2e       ?CDAudio_Activate@@YAX_N@Z 00433a2e f   cd_win.obj
 0001:00032a3f       ?IN_Commands@@YAXXZ        00433a3f f   in_win.obj
 0001:00032b67       ?IN_Init@@YAXXZ            00433b67 f   in_win.obj
 0001:00032e5e       ?IN_Shutdown@@YAXXZ        00433e5e f   in_win.obj
 0001:00033038       ?IN_Move@@YAXPAUusercmd_t@@@Z 00434038 f   in_win.obj
 0001:00033615       ?IN_Activate@@YAX_N@Z      00434615 f   in_win.obj
 0001:0003361f       ?IN_Frame@@YAXXZ           0043461f f   in_win.obj
 0001:00033987       ?NetadrToSockadr@@YAXPAUnetadr_t@@PAUsockaddr@@@Z 00434987 f   net_wins.obj
 0001:00033a0c       ?SockadrToNetadr@@YAXPAUsockaddr@@PAUnetadr_t@@@Z 00434a0c f   net_wins.obj
 0001:00033a5c       ?NET_CompareAdr@@YA_NPAUnetadr_t@@0@Z 00434a5c f   net_wins.obj
 0001:00033ab2       ?NET_CompareBaseAdr@@YA_NPAUnetadr_t@@0@Z 00434ab2 f   net_wins.obj
 0001:00033afd       ?NET_AdrToString@@YAPADPAUnetadr_t@@@Z 00434afd f   net_wins.obj
 0001:00033bb6       ?NET_StringToAdr@@YA_NPBDPAUnetadr_t@@@Z 00434bb6 f   net_wins.obj
 0001:00033e40       ?NET_IsLocalAddress@@YA_NPAUnetadr_t@@@Z 00434e40 f   net_wins.obj
 0001:00033e4c       ?NET_GetLoopPacket@@YA_NW4netsrc_t@@PAUnetadr_t@@PAVsizebuf_t@@@Z 00434e4c f   net_wins.obj
 0001:00033ed7       ?NET_SendLoopPacket@@YAXW4netsrc_t@@HPAXUnetadr_t@@@Z 00434ed7 f   net_wins.obj
 0001:00033f2c       ?NET_GetPacket@@YA_NW4netsrc_t@@PAUnetadr_t@@PAVsizebuf_t@@@Z 00434f2c f   net_wins.obj
 0001:00034049       ?NET_SendPacket@@YAXW4netsrc_t@@HPAXUnetadr_t@@@Z 00435049 f   net_wins.obj
 0001:0003411a       ?NET_Config@@YAX_N@Z       0043511a f   net_wins.obj
 0001:0003448f       ?NET_Init@@YAXXZ           0043548f f   net_wins.obj
 0001:00034549       ?Sys_Mkdir@@YAXPAD@Z       00435549 f   fs_win.obj
 0001:00034555       ?Sys_FindFirst@@YAPBDPBDH@Z 00435555 f   fs_win.obj
 0001:0003460f       ?Sys_FindNext@@YAPBDXZ     0043560f f   fs_win.obj
 0001:00034679       ?Sys_FindClose@@YAXXZ      00435679 f   fs_win.obj
 0001:00034693       ?Sys_FileExists@@YA_NPBDH@Z 00435693 f   fs_win.obj
 0001:000346b1       ?SNDDMA_Init@@YA_NXZ       004356b1 f   snd_win.obj
 0001:00034cf0       ?SNDDMA_GetDMAPos@@YAHXZ   00435cf0 f   snd_win.obj
 0001:00034d3a       ?SNDDMA_BeginPainting@@YAXXZ 00435d3a f   snd_win.obj
 0001:00034e52       ?SNDDMA_Submit@@YAXXZ      00435e52 f   snd_win.obj
 0001:00034e77       ?SNDDMA_Shutdown@@YAXXZ    00435e77 f   snd_win.obj
 0001:00034e7c       ?S_Activate@@YAX_N@Z       00435e7c f   snd_win.obj
 0001:00034ea7       ?Sys_Quit@@YAXXZ           00435ea7 f   sys_win.obj
 0001:00034f5f       ?Sys_Init@@YAXXZ           00435f5f f   sys_win.obj
 0001:00034fd7       ?Sys_ConsoleInput@@YAPADXZ 00435fd7 f   sys_win.obj
 0001:00035292       ?Sys_ConsoleOutput@@YAXPBD@Z 00436292 f   sys_win.obj
 0001:0003531f       ?Sys_SendKeyEvents@@YAXXZ  0043631f f   sys_win.obj
 0001:000353d7       ?Sys_UnloadGame@@YAXXZ     004363d7 f   sys_win.obj
 0001:00035452       ?Sys_GetGameAPI@@YAPAXPAX@Z 00436452 f   sys_win.obj
 0001:000355a9       _WinMain@16                004365a9 f   sys_win.obj
 0001:0003582f       ?AddMsgHook@@YAXP6A_NIIJ@Z@Z 0043682f f   vid_dll.obj
 0001:00035873       ?RemoveMsgHook@@YAXP6A_NIIJ@Z@Z 00436873 f   vid_dll.obj
 0001:000358a2       ?Vid_CreateWindow@@YAPAXHH_N@Z 004368a2 f   vid_dll.obj
 0001:00035fa6       ?Vid_DestroyWindow@@YAX_N@Z 00436fa6 f   vid_dll.obj
 0001:00035fe1       ?Vid_Restart@@YAXXZ        00436fe1 f   vid_dll.obj
 0001:00035fed       ?Vid_GetModeInfo@@YA_NPAH0H@Z 00436fed f   vid_dll.obj
 0001:0003601d       ?Vid_Tick@@YAXXZ           0043701d f   vid_dll.obj
 0001:000361cd       ?Vid_Init@@YAXXZ           004371cd f   vid_dll.obj
 0001:0003629e       ?Vid_Shutdown@@YAXXZ       0043729e f   vid_dll.obj
 0001:000362bd       ?Tesselate@surfacePlanar_t@OpenGLDrv@@UAEXAAUrefEntity_t@2@@Z 004372bd f   gl_backend.obj
 0001:00036c99       ?Negate@CVec3@@QAEXXZ      00437c99 f i gl_backend.obj
 0001:000385c8       ?Tesselate@surfacePoly_t@OpenGLDrv@@UAEXAAUrefEntity_t@2@@Z 004395c8 f   gl_backend.obj
 0001:000386cf       ?Tesselate@surfaceMd3_t@OpenGLDrv@@UAEXAAUrefEntity_t@2@@Z 004396cf f   gl_backend.obj
 0001:00038ab9       ?DrawTriangles@OpenGLDrv@@YA_NXZ 00439ab9 f   gl_backend.obj
 0001:00038bce       ?DrawNormals@OpenGLDrv@@YA_NXZ 00439bce f   gl_backend.obj
 0001:00038cd8       ?Tesselate@surfaceEntity_t@OpenGLDrv@@UAEXAAUrefEntity_t@2@@Z 00439cd8 f   gl_backend.obj
 0001:00038dbc       ?Tesselate@surfaceParticle_t@OpenGLDrv@@UAEXAAUrefEntity_t@2@@Z 00439dbc f   gl_backend.obj
 0001:0003900c       ?BK_DrawScene@OpenGLDrv@@YAXXZ 0043a00c f   gl_backend.obj
 0001:00039633       ?BK_DrawPic@OpenGLDrv@@YAXPAVshader_t@1@HHHHMMMMIE@Z 0043a633 f   gl_backend.obj
 0001:00039814       ?BK_DrawText@OpenGLDrv@@YAXPBDHHHHHI@Z 0043a814 f   gl_backend.obj
 0001:000399ff       ?BK_BeginFrame@OpenGLDrv@@YAXXZ 0043a9ff f   gl_backend.obj
 0001:00039a98       ?BK_EndFrame@OpenGLDrv@@YAXXZ 0043aa98 f   gl_backend.obj
 0001:00039ad7       ?BK_Init@OpenGLDrv@@YAXXZ  0043aad7 f   gl_backend.obj
 0001:00039b06       ?BK_Shutdown@OpenGLDrv@@YAXXZ 0043ab06 f   gl_backend.obj
 0001:00039b1e       ?AllocDynamicMemory@OpenGLDrv@@YAPAXH@Z 0043ab1e f   gl_buffers.obj
 0001:00039b89       ?ResizeDynamicMemory@OpenGLDrv@@YAXPAXH@Z 0043ab89 f   gl_buffers.obj
 0001:00039bcb       ?AddSurfaceToPortal@OpenGLDrv@@YAXPAVsurfaceBase_t@1@PAVshader_t@1@HH@Z 0043abcb f   gl_buffers.obj
 0001:00039c3c       ?InsertShaderIndex@OpenGLDrv@@YAXH@Z 0043ac3c f   gl_buffers.obj
 0001:00039c75       ?ClearPortal@OpenGLDrv@@YAXXZ 0043ac75 f   gl_buffers.obj
 0001:00039c93       ?SortSurfaces@OpenGLDrv@@YAXPAUviewPortal_t@1@PAPAUsurfaceInfo_t@1@@Z 0043ac93 f   gl_buffers.obj
 0001:00039e25       ?ClearBuffers@OpenGLDrv@@YAXXZ 0043ae25 f   gl_buffers.obj
 0001:00039e3c       ?CreateBuffers@OpenGLDrv@@YAXXZ 0043ae3c f   gl_buffers.obj
 0001:00039e62       ?FreeBuffers@OpenGLDrv@@YAXXZ 0043ae62 f   gl_buffers.obj
 0001:00039e86       ?InitEntity@model_t@OpenGLDrv@@UAEXPAUentity_t@@PAUrefEntity_t@2@@Z 0043ae86 f   gl_frontend.obj
 0001:00039e89       ?AddSurfaces@model_t@OpenGLDrv@@UAEXPAUrefEntity_t@2@@Z 0043ae89 f   gl_frontend.obj
 0001:00039eb7       ?GetLeaf@model_t@OpenGLDrv@@UAEPAUnode_t@2@PAUrefEntity_t@2@@Z 0043aeb7 f   gl_frontend.obj
 0001:00039ec8       ?DrawLabel@model_t@OpenGLDrv@@UAEXPAUrefEntity_t@2@@Z 0043aec8 f   gl_frontend.obj
 0001:00039ecb       ?InitEntity@inlineModel_t@OpenGLDrv@@UAEXPAUentity_t@@PAUrefEntity_t@2@@Z 0043aecb f   gl_frontend.obj
 0001:00039f1b       ?AddSurfaces@inlineModel_t@OpenGLDrv@@UAEXPAUrefEntity_t@2@@Z 0043af1b f   gl_frontend.obj
 0001:0003a3f9       ?GetLeaf@inlineModel_t@OpenGLDrv@@UAEPAUnode_t@2@PAUrefEntity_t@2@@Z 0043b3f9 f   gl_frontend.obj
 0001:0003a59e       ?DrawLabel@inlineModel_t@OpenGLDrv@@UAEXPAUrefEntity_t@2@@Z 0043b59e f   gl_frontend.obj
 0001:0003a5e4       ?InitEntity@md3Model_t@OpenGLDrv@@UAEXPAUentity_t@@PAUrefEntity_t@2@@Z 0043b5e4 f   gl_frontend.obj
 0001:0003a7b3       ?AddSurfaces@md3Model_t@OpenGLDrv@@UAEXPAUrefEntity_t@2@@Z 0043b7b3 f   gl_frontend.obj
 0001:0003a8ed       ?GetLeaf@md3Model_t@OpenGLDrv@@UAEPAUnode_t@2@PAUrefEntity_t@2@@Z 0043b8ed f   gl_frontend.obj
 0001:0003a925       ?DrawLabel@md3Model_t@OpenGLDrv@@UAEXPAUrefEntity_t@2@@Z 0043b925 f   gl_frontend.obj
 0001:0003a98b       ?InitEntity@sprModel_t@OpenGLDrv@@UAEXPAUentity_t@@PAUrefEntity_t@2@@Z 0043b98b f   gl_frontend.obj
 0001:0003a9a9       ?AddSurfaces@sprModel_t@OpenGLDrv@@UAEXPAUrefEntity_t@2@@Z 0043b9a9 f   gl_frontend.obj
 0001:0003ab2c       ?GetLeaf@sprModel_t@OpenGLDrv@@UAEPAUnode_t@2@PAUrefEntity_t@2@@Z 0043bb2c f   gl_frontend.obj
 0001:0003ac0d       ?AddEntity@OpenGLDrv@@YAXPAUentity_t@@@Z 0043bc0d f   gl_frontend.obj
 0001:0003ad99       ?AddDlight@OpenGLDrv@@YAXPAUdlight_t@@@Z 0043bd99 f   gl_frontend.obj
 0001:0003af51       ?DrawPortal@OpenGLDrv@@YAXXZ 0043bf51 f   gl_frontend.obj
 0001:0003cef5       ?GL_TextureMode@OpenGLDrv@@YAXPBD@Z 0043def5 f   gl_image.obj
 0001:0003cf9d       ?CreateImage@OpenGLDrv@@YAPAVimage_t@1@PBDPAXHHI@Z 0043df9d f   gl_image.obj
 0001:0003dc8e       ?LoadDelayedImages@OpenGLDrv@@YAXXZ 0043ec8e f   gl_image.obj
 0001:0003dd21       ?DrawStretchRaw8@OpenGLDrv@@YAXHHHHHHPAEPAI@Z 0043ed21 f   gl_image.obj
 0001:0003e0f0       ?SetupGamma@OpenGLDrv@@YAXXZ 0043f0f0 f   gl_image.obj
 0001:0003e236       ?PerformScreenshot@OpenGLDrv@@YAXXZ 0043f236 f   gl_image.obj
 0001:0003e4c3       ?InitImages@OpenGLDrv@@YAXXZ 0043f4c3 f   gl_image.obj
 0001:0003ec94       ?ShutdownImages@OpenGLDrv@@YAXXZ 0043fc94 f   gl_image.obj
 0001:0003ecfb       ?ShowImages@OpenGLDrv@@YAXXZ 0043fcfb f   gl_image.obj
 0001:0003ef83       ?FindImage@OpenGLDrv@@YAPAVimage_t@1@PBDI@Z 0043ff83 f   gl_image.obj
 0001:0003f275       ?GL_Lock@OpenGLDrv@@YAXXZ  00440275 f   gl_interface.obj
 0001:0003f2ed       ?GL_Unlock@OpenGLDrv@@YAXXZ 004402ed f   gl_interface.obj
 0001:0003f4af       ?GL_Bind@OpenGLDrv@@YAXPBVimage_t@1@@Z 004404af f   gl_interface.obj
 0001:0003f5d9       ?GL_BindForce@OpenGLDrv@@YAXPBVimage_t@1@@Z 004405d9 f   gl_interface.obj
 0001:0003f657       ?GL_TexEnv@OpenGLDrv@@YAXI@Z 00440657 f   gl_interface.obj
 0001:0003f7d6       ?GL_TexMipBias@OpenGLDrv@@YAXM@Z 004407d6 f   gl_interface.obj
 0001:0003f831       ?GL_TexEnvColor@OpenGLDrv@@YAXPBTcolor_t@@@Z 00440831 f   gl_interface.obj
 0001:0003f8e1       ?GL_SelectTexture@OpenGLDrv@@YAXH@Z 004408e1 f   gl_interface.obj
 0001:0003f942       ?GL_TexCoordPointer@OpenGLDrv@@YAXPAX@Z 00440942 f   gl_interface.obj
 0001:0003f972       ?GL_SetMultitexture@OpenGLDrv@@YAXH@Z 00440972 f   gl_interface.obj
 0001:0003fa58       ?GL_DisableTexCoordArrays@OpenGLDrv@@YAXXZ 00440a58 f   gl_interface.obj
 0001:0003faac       ?GL_CullFace@OpenGLDrv@@YAXW4gl_cullMode_t@1@@Z 00440aac f   gl_interface.obj
 0001:0003fafd       ?GL_DepthRange@OpenGLDrv@@YAXW4gl_depthMode_t@1@@Z 00440afd f   gl_interface.obj
 0001:0003fb30       ?GL_State@OpenGLDrv@@YAXI@Z 00440b30 f   gl_interface.obj
 0001:0003fc80       ?GL_EnableFog@OpenGLDrv@@YAX_N@Z 00440c80 f   gl_interface.obj
 0001:0003fd78       ?GL_SetDefaultState@OpenGLDrv@@YAXXZ 00440d78 f   gl_interface.obj
 0001:0003fed4       ?GL_Set2DMode@OpenGLDrv@@YAXXZ 00440ed4 f   gl_interface.obj
 0001:0003ffcf       ?GL_Set3DMode@OpenGLDrv@@YAXPAUviewPortal_t@1@@Z 00440fcf f   gl_interface.obj
 0001:000400b7       ?ShowLights@OpenGLDrv@@YAXXZ 004410b7 f   gl_light.obj
 0001:000404a0       ?LightForEntity@OpenGLDrv@@YAXPAUrefEntity_t@1@@Z 004414a0 f   gl_light.obj
 0001:00041714       ?DiffuseLight@OpenGLDrv@@YAXPATcolor_t@@M@Z 00442714 f   gl_light.obj
 0001:00041950       ?InitLightGrid@OpenGLDrv@@YAXXZ 00442950 f   gl_light.obj
 0001:000419f6       ?PostLoadLights@OpenGLDrv@@YAXXZ 004429f6 f   gl_light.obj
 0001:00041c86       ?LM_Init@OpenGLDrv@@YAXXZ  00442c86 f   gl_lightmap.obj
 0001:00041c9c       ?LM_Flush@OpenGLDrv@@YAXPAUlightmapBlock_t@1@@Z 00442c9c f   gl_lightmap.obj
 0001:00041cf9       ?LM_Done@OpenGLDrv@@YAXXZ  00442cf9 f   gl_lightmap.obj
 0001:00041d20       ?LM_Save@OpenGLDrv@@YAXPAUlightmapBlock_t@1@@Z 00442d20 f   gl_lightmap.obj
 0001:00041d38       ?LM_Restore@OpenGLDrv@@YAXPAUlightmapBlock_t@1@@Z 00442d38 f   gl_lightmap.obj
 0001:00041d50       ?LM_NewBlock@OpenGLDrv@@YAPAUlightmapBlock_t@1@XZ 00442d50 f   gl_lightmap.obj
 0001:00041daf       ?LM_Rewind@OpenGLDrv@@YAXXZ 00442daf f   gl_lightmap.obj
 0001:00041db7       ?LM_NextBlock@OpenGLDrv@@YAPAUlightmapBlock_t@1@XZ 00442db7 f   gl_lightmap.obj
 0001:00041de4       ?LM_CheckMinlight@OpenGLDrv@@YAXPAUdynamicLightmap_t@1@@Z 00442de4 f   gl_lightmap.obj
 0001:00041e7a       ?LM_AllocBlock@OpenGLDrv@@YA_NPAUlightmapBlock_t@1@PAUdynamicLightmap_t@1@@Z 00442e7a f   gl_lightmap.obj
 0001:00041f31       ?LM_PutBlock@OpenGLDrv@@YAXPAUdynamicLightmap_t@1@@Z 00442f31 f   gl_lightmap.obj
 0001:0004235e       ?LM_SortLightStyles@OpenGLDrv@@YAXPAUdynamicLightmap_t@1@@Z 0044335e f   gl_lightmap.obj
 0001:000423ef       ?UpdateDynamicLightmap@OpenGLDrv@@YAXPAVsurfacePlanar_t@1@_NI@Z 004433ef f   gl_lightmap.obj
 0001:000428f1       ?LM_IsMonotone@OpenGLDrv@@YA_NPAUdynamicLightmap_t@1@PATcolor_t@@@Z 004438f1 f   gl_lightmap.obj
 0001:000429f8       ?Init@OpenGLDrv@@YA_NXZ    004439f8 f   gl_main.obj
 0001:00043052       ?Shutdown@OpenGLDrv@@YAX_N@Z 00444052 f   gl_main.obj
 0001:000430db       ?GL_EnableRendering@OpenGLDrv@@YAX_N@Z 004440db f   gl_main.obj
 0001:000430f6       ?BeginFrame@OpenGLDrv@@YAXN@Z 004440f6 f   gl_main.obj
 0001:00043220       ?EndFrame@OpenGLDrv@@YAXXZ 00444220 f   gl_main.obj
 0001:00043238       ?RenderFrame@OpenGLDrv@@YAXPAUrefdef_t@@@Z 00444238 f   gl_main.obj
 0001:00043a71       ?Fill8@OpenGLDrv@@YAXHHHHH@Z 00444a71 f   gl_main.obj
 0001:00043ab4       ?Fill@OpenGLDrv@@YAXHHHHI@Z 00444ab4 f   gl_main.obj
 0001:00043af0       ?TileClear@OpenGLDrv@@YAXHHHHPBD@Z 00444af0 f   gl_main.obj
 0001:00043ba7       ?DrawStretchPic@OpenGLDrv@@YAXHHHHPBD@Z 00444ba7 f   gl_main.obj
 0001:00043c24       ?DrawDetailedPic@OpenGLDrv@@YAXHHHHPBD@Z 00444c24 f   gl_main.obj
 0001:00043ccb       ?DrawPic@OpenGLDrv@@YAXHHPBDHH@Z 00444ccb f   gl_main.obj
 0001:00043d50       ?BeginRegistration@OpenGLDrv@@YAXPBD@Z 00444d50 f   gl_main.obj
 0001:00043d74       ?RegisterPic@OpenGLDrv@@YAPAVCBasicImage@@PBD@Z 00444d74 f   gl_main.obj
 0001:00043d82       ?RegisterSkin@OpenGLDrv@@YAPAVCBasicImage@@PBD_N@Z 00444d82 f   gl_main.obj
 0001:00043da0       ?RegisterModel@OpenGLDrv@@YAPAVCRenderModel@@PBD@Z 00444da0 f   gl_main.obj
 0001:00043dab       ?SetSky@OpenGLDrv@@YAXPBDMABUCVec3@@@Z 00444dab f   gl_main.obj
 0001:00043e51       ?Screenshot@OpenGLDrv@@YAXHPBD@Z 00444e51 f   gl_main.obj
 0001:00043e74       ?GetClientLight@OpenGLDrv@@YAMXZ 00444e74 f   gl_main.obj
 0001:00043e7b       ?GetCaps@OpenGLDrv@@YAIXZ  00444e7b f   gl_main.obj
 0001:00043e81       ?InitFuncTables@OpenGLDrv@@YAXXZ 00444e81 f   gl_math.obj
 0001:00044027       ?BuildRotationAxis@OpenGLDrv@@YAXAAUCAxis@@ABUCVec3@@M@Z 00445027 f   gl_math.obj
 0001:0004411e       ?GetBoxRect@OpenGLDrv@@YA_NPBUrefEntity_t@1@ABUCVec3@@QAM2_N@Z 0044511e f   gl_math.obj
 0001:00044428       ?ProjectToScreen@OpenGLDrv@@YA_NABUCVec3@@QAH@Z 00445428 f   gl_math.obj
 0001:0004456b       ?SaturateColor3f@OpenGLDrv@@YAXAAUCVec3@@@Z 0044556b f   gl_math.obj
 0001:0004465b       ?SaturateColor4b@OpenGLDrv@@YAXPATcolor_t@@@Z 0044565b f   gl_math.obj
 0001:00044769       ?SubdividePlane@OpenGLDrv@@YAHPAPAUCVec3@@HM@Z 00445769 f   gl_poly.obj
 0001:00044bb8       ?FreeSubdividedPlane@OpenGLDrv@@YAXXZ 00445bb8 f   gl_poly.obj
 0001:00044bd0       ?GetSubdivideIndexes@OpenGLDrv@@YAXPAH@Z 00445bd0 f   gl_poly.obj
 0001:00044c23       ?RemoveCollinearPoints@OpenGLDrv@@YAHPAPAUCVec3@@H@Z 00445c23 f   gl_poly.obj
 0001:00044d19       ?GetPolyArea@OpenGLDrv@@YAMPAPAUCVec3@@H@Z 00445d19 f   gl_poly.obj
 0001:00044dad       ?InitShaders@OpenGLDrv@@YAXXZ 00445dad f   gl_shader.obj
 0001:00044f18       ?ShutdownShaders@OpenGLDrv@@YAXXZ 00445f18 f   gl_shader.obj
 0001:00044f56       ?GetLightmapImage@OpenGLDrv@@YAPAVimage_t@1@H@Z 00445f56 f   gl_shader.obj
 0001:00044f7e       ?SetShaderLightmap@OpenGLDrv@@YAPAVshader_t@1@PAV21@H@Z 00445f7e f   gl_shader.obj
 0001:0004529d       ??4shader_t@OpenGLDrv@@QAEAAV01@ABV01@@Z 0044629d f i gl_shader.obj
 0001:000453e8       ??4CBasicImage@@QAEAAV0@ABV0@@Z 004463e8 f i gl_shader.obj
 0001:000454f0       ?SetShaderLightstyles@OpenGLDrv@@YAPAVshader_t@1@PAV21@I@Z 004464f0 f   gl_shader.obj
 0001:0004558e       ?GetAlphaShader@OpenGLDrv@@YAPAVshader_t@1@PAV21@@Z 0044658e f   gl_shader.obj
 0001:00045969       ?FindShader@OpenGLDrv@@YAPAVshader_t@1@PBDI@Z 00446969 f   gl_shader.obj
 0001:0004724c       ?GetShaderByNum@OpenGLDrv@@YAPAVshader_t@1@H@Z 0044824c f   gl_shader.obj
 0001:0004726a       ?ResetShaders@OpenGLDrv@@YAXXZ 0044826a f   gl_shader.obj
 0001:00047452       ?Reload@shader_t@OpenGLDrv@@UAEXXZ 00448452 f   gl_shader.obj
 0001:00047481       ?Insert@?$TList@VCStringItem@@@@QAE_NPAVCStringItem@@@Z 00448481 f i gl_shader.obj
 0001:00047481       ?Insert@?$TList@VplayerModelInfo_t@@@@QAE_NPAVplayerModelInfo_t@@@Z 00448481 f i gl_shader.obj
 0001:00047481       ?Insert@?$TList@VshaderScript_t@OpenGLDrv@@@@QAE_NPAVshaderScript_t@OpenGLDrv@@@Z 00448481 f i gl_shader.obj
 0001:000474b7       ?ClearSky@OpenGLDrv@@YAXXZ 004484b7 f   gl_sky.obj
 0001:00047514       ?AddSkySurface@OpenGLDrv@@YAXPAVsurfacePlanar_t@1@E@Z 00448514 f   gl_sky.obj
 0001:00047ab8       ?DrawSky@OpenGLDrv@@YAXXZ  00448ab8 f   gl_sky.obj
 0001:0004815c       ?DrawChar@OpenGLDrv@@YAXHHHH@Z 0044915c f   gl_text.obj
 0001:00048189       ?DrawConChar@OpenGLDrv@@YAXHHHH@Z 00449189 f   gl_text.obj
 0001:000481be       ?ClearTexts@OpenGLDrv@@YAXXZ 004491be f   gl_text.obj
 0001:000481d3       ?FlushTexts@OpenGLDrv@@YAXXZ 004491d3 f   gl_text.obj
 0001:00048265       ?DrawTextPos@OpenGLDrv@@YAXHHPBDI@Z 00449265 f   gl_text.obj
 0001:0004834c       ?DrawTextLeft@OpenGLDrv@@YAXPBDI@Z 0044934c f   gl_text.obj
 0001:000483d3       ?DrawTextRight@OpenGLDrv@@YAXPBDI@Z 004493d3 f   gl_text.obj
 0001:0004841d       ?DrawText3D@OpenGLDrv@@YAXABUCVec3@@PBDI@Z 0044941d f   gl_text.obj
 0001:0004844a       ?InitTexts@OpenGLDrv@@YAXXZ 0044944a f   gl_text.obj
 0001:00048464       ?FindModel@OpenGLDrv@@YAPAVmodel_t@1@PBD@Z 00449464 f   gl_model.obj
 0001:0004863e       ?FreeModels@OpenGLDrv@@YAXXZ 0044963e f   gl_model.obj
 0001:000486b0       ?InitModels@OpenGLDrv@@YAXXZ 004496b0 f   gl_model.obj
 0001:000487a6       ?ShutdownModels@OpenGLDrv@@YAXXZ 004497a6 f   gl_model.obj
 0001:000487b7       ?LoadWorldMap@OpenGLDrv@@YAXPBD@Z 004497b7 f   gl_bspmodel.obj
 0001:0004a2c2       ?PointInLeaf@OpenGLDrv@@YAPAUnode_t@1@ABUCVec3@@@Z 0044b2c2 f   gl_bspmodel.obj
 0001:0004a30d       ?CALL_CONSTRUCTOR@@YAXPAVinlineModel_t@OpenGLDrv@@@Z 0044b30d f i gl_bspmodel.obj
 0001:0004a323       ?LerpTag@model_t@OpenGLDrv@@UBE_NHHMPBDAAUCCoords@@@Z 0044b323 f   gl_trimodel.obj
 0001:0004a331       ?LerpTag@md3Model_t@OpenGLDrv@@UBE_NHHMPBDAAUCCoords@@@Z 0044b331 f   gl_trimodel.obj
 0001:0004a441       ?LoadMd2@OpenGLDrv@@YAPAVmd3Model_t@1@PBDPAEI@Z 0044b441 f   gl_trimodel.obj
 0001:0004af79       ?ATAN2_FUNC@OpenGLDrv@@YAMMM@Z 0044bf79 f i gl_trimodel.obj
 0001:0004b11d       ?LoadMd3@OpenGLDrv@@YAPAVmd3Model_t@1@PBDPAEI@Z 0044c11d f   gl_trimodel.obj
 0001:0004b5e1       ?LoadSp2@OpenGLDrv@@YAPAVsprModel_t@1@PBDPAEI@Z 0044c5e1 f   gl_trimodel.obj
 0001:0004b7f6       ?LoadSpr@OpenGLDrv@@YAPAVsprModel_t@1@PBDPAEI@Z 0044c7f6 f   gl_trimodel.obj
 0001:0004b8fc       ?CALL_CONSTRUCTOR@@YAXPAVmd3Model_t@OpenGLDrv@@@Z 0044c8fc f i gl_trimodel.obj
 0001:0004b912       ?CALL_CONSTRUCTOR@@YAXPAVsprModel_t@OpenGLDrv@@@Z 0044c912 f i gl_trimodel.obj
 0001:0004cf13       ?QGL_Init@OpenGLDrv@@YA_NPBD@Z 0044df13 f   qgl_win.obj
 0001:0004cff5       ?QGL_Shutdown@OpenGLDrv@@YAXXZ 0044dff5 f   qgl_win.obj
 0001:0004d033       ?QGL_InitExtensions@OpenGLDrv@@YAXXZ 0044e033 f   qgl_win.obj
 0001:0004d51f       ?QGL_PrintExtensionsString@OpenGLDrv@@YAXPBD00@Z 0044e51f f   qgl_win.obj
 0001:0004d66c       ?QGL_EnableLogging@OpenGLDrv@@YAX_N@Z 0044e66c f   qgl_win.obj
 0001:0004d726       ?QGL_LogMessage@OpenGLDrv@@YAXPBD@Z 0044e726 f   qgl_win.obj
 0001:0004d73d       ?QGL_SwapBuffers@OpenGLDrv@@YAXXZ 0044e73d f   qgl_win.obj
 0001:0004d7bf       ?GLimp_HasGamma@OpenGLDrv@@YA_NXZ 0044e7bf f   gl_win.obj
 0001:0004d7d3       ?GLimp_SetGamma@OpenGLDrv@@YAXM@Z 0044e7d3 f   gl_win.obj
 0001:0004d97b       ?GLimp_SetMode@OpenGLDrv@@YA_NPAI0H_N@Z 0044e97b f   gl_win.obj
 0001:0004dd71       ?GLimp_Shutdown@OpenGLDrv@@YAX_N@Z 0044ed71 f   gl_win.obj
 0001:0004de1e       ?AppActivate@OpenGLDrv@@YAX_N@Z 0044ee1e f   gl_win.obj
 0001:0004de8e       _jpeg_CreateDecompress     0044ee8e f   lib:jdapimin.obj
 0001:0004df4e       _jpeg_destroy_compress     0044ef4e f   lib:jdapimin.obj
 0001:0004df4e       _jpeg_destroy_decompress   0044ef4e f   lib:jdapimin.obj
 0001:0004df59       _jpeg_read_header          0044ef59 f   lib:jdapimin.obj
 0001:0004dfbb       _jpeg_consume_input        0044efbb f   lib:jdapimin.obj
 0001:0004e20a       _jpeg_finish_decompress    0044f20a f   lib:jdapimin.obj
 0001:0004e2a1       _jpeg_start_decompress     0044f2a1 f   lib:jdapistd.obj
 0001:0004e40e       _jpeg_read_scanlines       0044f40e f   lib:jdapistd.obj
 0001:0004e492       _jpeg_resync_to_restart    0044f492 f   lib:jdmarker.obj
 0001:0004e657       _jinit_marker_reader       0044f657 f   lib:jdmarker.obj
 0001:0004fb22       _jpeg_CreateCompress       00450b22 f   lib:jcapimin.obj
 0001:0004fbd6       _jpeg_suppress_tables      00450bd6 f   lib:jcapimin.obj
 0001:0004fc20       _jpeg_finish_compress      00450c20 f   lib:jcapimin.obj
 0001:0004fd0a       _jpeg_start_compress       00450d0a f   lib:jcapistd.obj
 0001:0004fd76       _jpeg_write_scanlines      00450d76 f   lib:jcapistd.obj
 0001:0004fe21       _jpeg_add_quant_table      00450e21 f   lib:jcparam.obj
 0001:0004fed3       _jpeg_quality_scaling      00450ed3 f   lib:jcparam.obj
 0001:0004fefa       _jpeg_set_quality          00450efa f   lib:jcparam.obj
 0001:0004ff34       _jpeg_set_defaults         00450f34 f   lib:jcparam.obj
 0001:000500fa       _jpeg_default_colorspace   004510fa f   lib:jcparam.obj
 0001:0005014a       _jpeg_set_colorspace       0045114a f   lib:jcparam.obj
 0001:00050465       _jpeg_stdio_dest           00451465 f   lib:jdatadst.obj
 0001:00050685       _crc32                     00451685 f   lib:crc32.obj
 0001:0005091f       _inflateReset              0045191f f   lib:inflate.obj
 0001:0005096d       _inflateInit2_             0045196d f   lib:inflate.obj
 0001:00050a26       _inflate                   00451a26 f   lib:inflate.obj
 0001:00051cfb       _inflateEnd                00452cfb f   lib:inflate.obj
 0001:00051d39       _jinit_input_controller    00452d39 f   lib:jdinput.obj
 0001:0005221c       _jinit_memory_mgr          0045321c f   lib:jmemmgr.obj
 0001:00052d58       _jpeg_abort                00453d58 f   lib:jcomapi.obj
 0001:00052d8b       _jpeg_destroy              00453d8b f   lib:jcomapi.obj
 0001:00052da6       _jpeg_alloc_quant_table    00453da6 f   lib:jcomapi.obj
 0001:00052dc2       _jpeg_alloc_huff_table     00453dc2 f   lib:jcomapi.obj
 0001:00052dde       _jpeg_calc_output_dimensions 00453dde f   lib:jdmaster.obj
 0001:00052ede       _jinit_master_decompress   00453ede f   lib:jdmaster.obj
 0001:00053234       _jdiv_round_up             00454234 f   lib:jutils.obj
 0001:00053244       _jround_up                 00454244 f   lib:jutils.obj
 0001:0005325c       _jcopy_sample_rows         0045425c f   lib:jutils.obj
 0001:0005329a       _jcopy_block_row           0045429a f   lib:jutils.obj
 0001:000532b3       _jzero_far                 004542b3 f   lib:jutils.obj
 0001:000532c6       _jinit_marker_writer       004542c6 f   lib:jcmarker.obj
 0001:00053ba2       _jinit_compress_master     00454ba2 f   lib:jcinit.obj
 0001:00053bfb       _inflate_fast              00454bfb f   lib:inffast.obj
 0001:00053fb0       _inflate_table             00454fb0 f   lib:inftrees.obj
 0001:00054364       _adler32                   00455364 f   lib:adler32.obj
 0001:0005447d       _jinit_c_codec             0045547d f   lib:jcodec.obj
 0001:00054499       _jinit_d_codec             00455499 f   lib:jcodec.obj
 0001:000544b5       _jpeg_get_small            004554b5 f   lib:jmemnobs.obj
 0001:000544b5       _jpeg_get_large            004554b5 f   lib:jmemnobs.obj
 0001:000544c1       _jpeg_free_small           004554c1 f   lib:jmemnobs.obj
 0001:000544c1       _jpeg_free_large           004554c1 f   lib:jmemnobs.obj
 0001:000544cd       _jpeg_mem_available        004554cd f   lib:jmemnobs.obj
 0001:000544d2       _jpeg_open_backing_store   004554d2 f   lib:jmemnobs.obj
 0001:000544e6       __setargv                  004554e6 f   lib:jmemnobs.obj
 0001:000544e6       _jpeg_mem_term             004554e6 f   lib:jmemnobs.obj
 0001:000544e6       ?EndRegistration@OpenGLDrv@@YAXXZ 004554e6 f   lib:jmemnobs.obj
 0001:000544e7       _jinit_d_main_controller   004554e7 f   lib:jdmainct.obj
 0001:00054b32       _jinit_d_post_controller   00455b32 f   lib:jdpostct.obj
 0001:00054ddd       _jinit_upsampler           00455ddd f   lib:jdsample.obj
 0001:0005541b       _jinit_color_deconverter   0045641b f   lib:jdcolor.obj
 0001:00055931       _jinit_merged_upsampler    00456931 f   lib:jdmerge.obj
 0001:00055e81       _jinit_2pass_quantizer     00456e81 f   lib:jquant2.obj
 0001:00056f44       _jinit_1pass_quantizer     00457f44 f   lib:jquant1.obj
 0001:0005796a       _jinit_c_main_controller   0045896a f   lib:jcmainct.obj
 0001:00057ad7       _jinit_c_prep_controller   00458ad7 f   lib:jcprepct.obj
 0001:00058022       _jinit_downsampler         00459022 f   lib:jcsample.obj
 0001:000588a2       _jinit_color_converter     004598a2 f   lib:jccolor.obj
 0001:00058e8c       _jinit_c_master_control    00459e8c f   lib:jcmaster.obj
 0001:0005997b       _jinit_lossy_c_codec       0045a97b f   lib:jclossy.obj
 0001:00059a16       _jinit_lossless_c_codec    0045aa16 f   lib:jclossls.obj
 0001:00059aae       _jinit_lossy_d_codec       0045aaae f   lib:jdlossy.obj
 0001:00059d81       _jinit_lossless_d_codec    0045ad81 f   lib:jdlossls.obj
 0001:00059e31       _jinit_c_coef_controller   0045ae31 f   lib:jccoefct.obj
 0001:0005a512       _jinit_shuff_encoder       0045b512 f   lib:jcshuff.obj
 0001:0005ad7a       _jinit_phuff_encoder       0045bd7a f   lib:jcphuff.obj
 0001:0005b81f       _jinit_forward_dct         0045c81f f   lib:jcdctmgr.obj
 0001:0005baee       _jinit_c_diff_controller   0045caee f   lib:jcdiffct.obj
 0001:0005c012       _jinit_lhuff_encoder       0045d012 f   lib:jclhuff.obj
 0001:0005c73f       _jinit_differencer         0045d73f f   lib:jcpred.obj
 0001:0005cc59       _jinit_c_scaler            0045dc59 f   lib:jcscale.obj
 0001:0005cccf       _jinit_d_coef_controller   0045dccf f   lib:jdcoefct.obj
 0001:0005d9ab       _jinit_shuff_decoder       0045e9ab f   lib:jdshuff.obj
 0001:0005df40       _jinit_phuff_decoder       0045ef40 f   lib:jdphuff.obj
 0001:0005eadd       _jinit_inverse_dct         0045fadd f   lib:jddctmgr.obj
 0001:0005ecc1       _jinit_d_diff_controller   0045fcc1 f   lib:jddiffct.obj
 0001:0005f1ef       _jinit_d_scaler            004601ef f   lib:jdscale.obj
 0001:0005f2ee       _jinit_undifferencer       004602ee f   lib:jdpred.obj
 0001:0005f6a8       _jinit_lhuff_decoder       004606a8 f   lib:jdlhuff.obj
 0001:0005fa9d       _jpeg_make_c_derived_tbl   00460a9d f   lib:jchuff.obj
 0001:0005fc9f       _jpeg_gen_optimal_table    00460c9f f   lib:jchuff.obj
 0001:0005fe5e       _jpeg_fdct_float           00460e5e f   lib:jfdctflt.obj
 0001:00060063       _jpeg_make_d_derived_tbl   00461063 f   lib:jdhuff.obj
 0001:00060300       _jpeg_fill_bit_buffer      00461300 f   lib:jdhuff.obj
 0001:0006040f       _jpeg_huff_decode          0046140f f   lib:jdhuff.obj
 0001:000604ef       _jpeg_idct_4x4             004614ef f   lib:jidctred.obj
 0001:000607dd       _jpeg_idct_2x2             004617dd f   lib:jidctred.obj
 0001:0006099f       _jpeg_idct_1x1             0046199f f   lib:jidctred.obj
 0001:000609db       _jpeg_idct_float           004619db f   lib:jidctflt.obj
 0001:00060db0       __except_handler3          00461db0 f   MSVCRT:MSVCRT.dll
 0001:00060dc0       __alloca_probe             00461dc0 f   MSVCRT:chkstk.obj
 0001:00060dc0       __chkstk                   00461dc0 f   MSVCRT:chkstk.obj
 0001:00060def       ??_Etype_info@@UAEPAXI@Z   00461def f i MSVCRT:ti_inst.obj
 0001:00060def       ??_Gtype_info@@UAEPAXI@Z   00461def f i MSVCRT:ti_inst.obj
 0001:00060e0c       __CxxThrowException@8      00461e0c f   MSVCRT:MSVCRT.dll
 0001:00060e12       _strcpy                    00461e12 f   MSVCRT:MSVCRT.dll
 0001:00060e18       _strlen                    00461e18 f   MSVCRT:MSVCRT.dll
 0001:00060e1e       _strcmp                    00461e1e f   MSVCRT:MSVCRT.dll
 0001:00060e24       _sin                       00461e24 f   MSVCRT:MSVCRT.dll
 0001:00060e2a       _tan                       00461e2a f   MSVCRT:MSVCRT.dll
 0001:00060e30       _cos                       00461e30 f   MSVCRT:MSVCRT.dll
 0001:00060e36       _fmod                      00461e36 f   MSVCRT:MSVCRT.dll
[...]
 0001:0005ee5f       _start_iMCU_row            0045fe5f f   lib:jddiffct.obj
 0001:0005eea4       _start_output_pass         0045fea4 f   lib:jddiffct.obj
 0001:0005eeb0       _decompress_data           0045feb0 f   lib:jddiffct.obj
 0001:0005f020       _process_restart           00460020 f   lib:jddiffct.obj
 0001:0005d040       _dummy_consume_data        0045e040 f   lib:jdcoefct.obj
 0001:0005f055       _consume_data              00460055 f   lib:jddiffct.obj
 0001:0005f0cc       _output_data               004600cc f   lib:jddiffct.obj
 0001:0005eb53       _start_pass                0045fb53 f   lib:jddctmgr.obj
 0001:0005dfa5       _start_pass_phuff_decoder  0045efa5 f   lib:jdphuff.obj
 0001:0005e1ee       _decode_mcu_DC_first       0045f1ee f   lib:jdphuff.obj
 0001:0005e3e6       _process_restart           0045f3e6 f   lib:jdphuff.obj
 0001:0005e455       _decode_mcu_AC_first       0045f455 f   lib:jdphuff.obj
 0001:0005e675       _decode_mcu_DC_refine      0045f675 f   lib:jdphuff.obj
 0001:0005e74a       _decode_mcu_AC_refine      0045f74a f   lib:jdphuff.obj
 0001:0005d9ec       _start_pass_huff_decoder   0045e9ec f   lib:jdshuff.obj
 0001:0005db24       _decode_mcu                0045eb24 f   lib:jdshuff.obj
 0001:0005ded4       _process_restart           0045eed4 f   lib:jdshuff.obj
 0001:0005cdd2       _start_input_pass          0045ddd2 f   lib:jdcoefct.obj
 0001:0005cde5       _start_iMCU_row            0045dde5 f   lib:jdcoefct.obj
 0001:0005ce2a       _start_output_pass         0045de2a f   lib:jdcoefct.obj
 0001:0005ce67       _decompress_onepass        0045de67 f   lib:jdcoefct.obj
 0001:0005d040       _dummy_consume_data        0045e040 f   lib:jdcoefct.obj
 0001:0005d043       _consume_data              0045e043 f   lib:jdcoefct.obj
 0001:0005d1fc       _decompress_data           0045e1fc f   lib:jdcoefct.obj
 0001:0005d368       _smoothing_ok              0045e368 f   lib:jdcoefct.obj
 0001:0005d453       _decompress_smooth_data    0045e453 f   lib:jdcoefct.obj
 0001:0005cc6b       _scaler_start_pass         0045dc6b f   lib:jcscale.obj
 0001:0005cc8e       _simple_downscale          0045dc8e f   lib:jcscale.obj
 0001:0005ccba       _noscale                   0045dcba f   lib:jcscale.obj
 0001:0005c763       _start_pass                0045d763 f   lib:jcpred.obj
 0001:0005c7bb       _reset_predictor           0045d7bb f   lib:jcpred.obj
 0001:0005c7e8       _jpeg_difference_first_row 0045d7e8 f   lib:jcpred.obj
 0001:0005c8d2       _jpeg_difference1          0045d8d2 f   lib:jcpred.obj
 0001:0005c940       _jpeg_difference2          0045d940 f   lib:jcpred.obj
 0001:0005c9b1       _jpeg_difference3          0045d9b1 f   lib:jcpred.obj
 0001:0005ca29       _jpeg_difference4          0045da29 f   lib:jcpred.obj
 0001:0005cab4       _jpeg_difference5          0045dab4 f   lib:jcpred.obj
 0001:0005cb47       _jpeg_difference6          0045db47 f   lib:jcpred.obj
 0001:0005cbd6       _jpeg_difference7          0045dbd6 f   lib:jcpred.obj
 0001:0005c052       _start_pass_huff           0045d052 f   lib:jclhuff.obj
 0001:0005c1ef       _encode_mcus_huff          0045d1ef f   lib:jclhuff.obj
 0001:0005c3da       _emit_bits                 0045d3da f   lib:jclhuff.obj
 0001:0005c47d       _dump_buffer               0045d47d f   lib:jclhuff.obj
 0001:0005c4a1       _emit_restart              0045d4a1 f   lib:jclhuff.obj
 0001:0005c4ec       _flush_bits                0045d4ec f   lib:jclhuff.obj
 0001:0005c510       _finish_pass_huff          0045d510 f   lib:jclhuff.obj
 0001:0005c57d       _encode_mcus_gather        0045d57d f   lib:jclhuff.obj
 0001:0005c6a6       _finish_pass_gather        0045d6a6 f   lib:jclhuff.obj
 0001:0005c73c       _need_optimization_pass    0045d73c f   lib:jclhuff.obj
 0001:0005bc72       _start_pass_diff           0045cc72 f   lib:jcdiffct.obj
 0001:00059f7b       _start_iMCU_row            0045af7b f   lib:jccoefct.obj
 0001:0005bd10       _compress_data             0045cd10 f   lib:jcdiffct.obj
 0001:0005bea6       _compress_first_pass       0045cea6 f   lib:jcdiffct.obj
 0001:0005bf9b       _compress_output           0045cf9b f   lib:jcdiffct.obj
 0001:0005b885       _start_pass_fdctmgr        0045c885 f   lib:jcdctmgr.obj
 0001:0005b987       _forward_DCT_float         0045c987 f   lib:jcdctmgr.obj
 0001:0005adba       _start_pass_phuff          0045bdba f   lib:jcphuff.obj
 0001:0005af27       _encode_mcu_DC_first       0045bf27 f   lib:jcphuff.obj
 0001:0005b059       _emit_bits                 0045c059 f   lib:jcphuff.obj
 0001:0005b104       _dump_buffer               0045c104 f   lib:jcphuff.obj
 0001:0005b13c       _emit_symbol               0045c13c f   lib:jcphuff.obj
 0001:0005b17c       _emit_restart              0045c17c f   lib:jcphuff.obj
 0001:0005b205       _emit_eobrun               0045c205 f   lib:jcphuff.obj
 0001:0005b28b       _encode_mcu_AC_first       0045c28b f   lib:jcphuff.obj
 0001:0005b41f       _encode_mcu_DC_refine      0045c41f f   lib:jcphuff.obj
 0001:0005b4d9       _encode_mcu_AC_refine      0045c4d9 f   lib:jcphuff.obj
 0001:0005b6f0       _finish_pass_phuff         0045c6f0 f   lib:jcphuff.obj
 0001:0005b73f       _finish_pass_gather_phuff  0045c73f f   lib:jcphuff.obj
 0001:0005b802       _need_optimization_pass    0045c802 f   lib:jcphuff.obj
 0001:0005a555       _start_pass_huff           0045b555 f   lib:jcshuff.obj
 0001:0005a6ca       _encode_mcu_huff           0045b6ca f   lib:jcshuff.obj
 0001:0005a7d5       _encode_one_block          0045b7d5 f   lib:jcshuff.obj
 0001:0005a94c       _emit_bits                 0045b94c f   lib:jcshuff.obj
 0001:0005a9ef       _dump_buffer               0045b9ef f   lib:jcshuff.obj
 0001:0005aa13       _emit_restart              0045ba13 f   lib:jcshuff.obj
 0001:0005aa80       _flush_bits                0045ba80 f   lib:jcshuff.obj
 0001:0005aaa4       _finish_pass_huff          0045baa4 f   lib:jcshuff.obj
 0001:0005ab13       _encode_mcu_gather         0045bb13 f   lib:jcshuff.obj
 0001:0005abc9       _htest_one_block           0045bbc9 f   lib:jcshuff.obj
 0001:0005ac90       _finish_pass_gather        0045bc90 f   lib:jcshuff.obj
 0001:0005c73c       _need_optimization_pass    0045d73c f   lib:jclhuff.obj
 0001:00059ee6       _start_pass_coef           0045aee6 f   lib:jccoefct.obj
 0001:00059f7b       _start_iMCU_row            0045af7b f   lib:jccoefct.obj
 0001:00059fbd       _compress_data             0045afbd f   lib:jccoefct.obj
 0001:0005a1a4       _compress_first_pass       0045b1a4 f   lib:jccoefct.obj
 0001:0005a38a       _compress_output           0045b38a f   lib:jccoefct.obj
 0001:00059dfe       _calc_output_dimensions    0045adfe f   lib:jdlossls.obj
 0001:00059e0f       _start_input_pass          0045ae0f f   lib:jdlossls.obj
 0001:00059b3d       _calc_output_dimensions    0045ab3d f   lib:jdlossy.obj
 0001:00059cb0       _start_input_pass          0045acb0 f   lib:jdlossy.obj
 0001:00059cd0       _latch_quant_tables        0045acd0 f   lib:jdlossy.obj
 0001:00059d68       _start_output_pass         0045ad68 f   lib:jdlossy.obj
 0001:00059a8c       _start_pass                0045aa8c f   lib:jclossls.obj
 0001:000599f8       _start_pass                0045a9f8 f   lib:jclossy.obj
 0001:00058f4d       _initial_setup             00459f4d f   lib:jcmaster.obj
 0001:00059100       _validate_script           0045a100 f   lib:jcmaster.obj
 0001:000594d8       _prepare_for_pass          0045a4d8 f   lib:jcmaster.obj
 0001:00059650       _select_scan_parameters    0045a650 f   lib:jcmaster.obj
 0001:00059751       _per_scan_setup            0045a751 f   lib:jcmaster.obj
 0001:000598fc       _pass_startup              0045a8fc f   lib:jcmaster.obj
 0001:00059923       _finish_pass_master        0045a923 f   lib:jcmaster.obj
 0001:00058a39       _rgb_ycc_start             00459a39 f   lib:jccolor.obj
 0001:00058afd       _rgb_ycc_convert           00459afd f   lib:jccolor.obj
 0001:00058bfc       _rgb_gray_convert          00459bfc f   lib:jccolor.obj
 0001:00058c81       _cmyk_ycck_convert         00459c81 f   lib:jccolor.obj
 0001:00058db9       _grayscale_convert         00459db9 f   lib:jccolor.obj
 0001:00058e13       _null_convert              00459e13 f   lib:jccolor.obj
 0001:0002c976       _null_method               0042d976 f   images.obj
 0001:0002c976       _start_pass_downsample     0042d976 f   images.obj
 0001:00058185       _sep_downsample            00459185 f   lib:jcsample.obj
 0001:000581fa       _int_downsample            004591fa f   lib:jcsample.obj
 0001:000582f2       _expand_right_edge         004592f2 f   lib:jcsample.obj
 0001:00058347       _fullsize_downsample       00459347 f   lib:jcsample.obj
 0001:0005838b       _h2v1_downsample           0045938b f   lib:jcsample.obj
 0001:0005841f       _h2v2_downsample           0045941f f   lib:jcsample.obj
 0001:000584cc       _h2v2_smooth_downsample    004594cc f   lib:jcsample.obj
 0001:00058744       _fullsize_smooth_downsample 00459744 f   lib:jcsample.obj
 0001:00057b81       _start_pass_prep           00458b81 f   lib:jcprepct.obj
 0001:00057bbf       _pre_process_data          00458bbf f   lib:jcprepct.obj
 0001:00057d6d       _pre_process_context       00458d6d f   lib:jcprepct.obj
 0001:00057f26       _create_context_buffer     00458f26 f   lib:jcprepct.obj
 0001:000579f9       _start_pass_main           004589f9 f   lib:jcmainct.obj
 0001:00057a3b       _process_data_simple_main  00458a3b f   lib:jcmainct.obj
 0001:00056fcf       _create_colormap           00457fcf f   lib:jquant1.obj
 0001:00057101       _select_ncolors            00458101 f   lib:jquant1.obj
 0001:000571d8       _create_colorindex         004581d8 f   lib:jquant1.obj
 0001:00057304       _alloc_fs_workspace        00458304 f   lib:jquant1.obj
 0001:00057340       _start_pass_1_quant        00458340 f   lib:jquant1.obj
 0001:0005740c       _create_odither_tables     0045840c f   lib:jquant1.obj
 0001:0005746b       _make_odither_array        0045846b f   lib:jquant1.obj
 0001:000574ce       _color_quantize            004584ce f   lib:jquant1.obj
 0001:00057559       _color_quantize3           00458559 f   lib:jquant1.obj
 0001:000575e7       _quantize_ord_dither       004585e7 f   lib:jquant1.obj
 0001:000576d2       _quantize3_ord_dither      004586d2 f   lib:jquant1.obj
 0001:000577d2       _quantize_fs_dither        004587d2 f   lib:jquant1.obj
 0001:0002c976       _finish_pass_1_quant       0042d976 f   images.obj
 0001:00057956       _new_color_map_1_quant     00458956 f   lib:jquant1.obj
 0001:00055f90       _init_error_limit          00456f90 f   lib:jquant2.obj
 0001:0005602f       _start_pass_2_quant        0045702f f   lib:jquant2.obj
 0001:00056131       _prescan_quantize          00457131 f   lib:jquant2.obj
 0001:000561a0       _pass2_no_dither           004571a0 f   lib:jquant2.obj
 0001:0005624d       _fill_inverse_cmap         0045724d f   lib:jquant2.obj
 0001:00056318       _find_nearby_colors        00457318 f   lib:jquant2.obj
 0001:000564bc       _find_best_colors          004574bc f   lib:jquant2.obj
 0001:000565d6       _pass2_fs_dither           004575d6 f   lib:jquant2.obj
 0001:00056845       _finish_pass1              00457845 f   lib:jquant2.obj
 0001:00056867       _select_colors             00457867 f   lib:jquant2.obj
 0001:000568f3       _update_box                004578f3 f   lib:jquant2.obj
 0001:00056c8d       _median_cut                00457c8d f   lib:jquant2.obj
 0001:00056da1       _find_biggest_color_pop    00457da1 f   lib:jquant2.obj
 0001:00056dd0       _find_biggest_volume       00457dd0 f   lib:jquant2.obj
 0001:00056df9       _compute_color             00457df9 f   lib:jquant2.obj
 0001:0002c976       _finish_pass2              0042d976 f   images.obj
 0001:00056f35       _new_color_map_2_quant     00457f35 f   lib:jquant2.obj
 0001:000559a7       _build_ycc_rgb_table       004569a7 f   lib:jdmerge.obj
 0001:00055a57       _start_pass_merged_upsample 00456a57 f   lib:jdmerge.obj
 0001:00055a6c       _merged_2v_upsample        00456a6c f   lib:jdmerge.obj
 0001:00055b13       _merged_1v_upsample        00456b13 f   lib:jdmerge.obj
 0001:00055b44       _h2v1_merged_upsample      00456b44 f   lib:jdmerge.obj
 0001:00055c9a       _h2v2_merged_upsample      00456c9a f   lib:jdmerge.obj
 0001:0005554b       _build_ycc_rgb_table       0045654b f   lib:jdcolor.obj
 0001:000555fb       _ycc_rgb_convert           004565fb f   lib:jdcolor.obj
 0001:00055709       _null_convert              00456709 f   lib:jdcolor.obj
 0001:00055781       _grayscale_convert         00456781 f   lib:jdcolor.obj
 0001:000557a4       _gray_rgb_convert          004567a4 f   lib:jdcolor.obj
 0001:000557fd       _ycck_cmyk_convert         004567fd f   lib:jdcolor.obj
 0001:0002c976       _start_pass_dcolor         0042d976 f   images.obj
 0001:00054fac       _start_pass_upsample       00455fac f   lib:jdsample.obj
 0001:00054fc6       _sep_upsample              00455fc6 f   lib:jdsample.obj
 0001:00055093       _fullsize_upsample         00456093 f   lib:jdsample.obj
 0001:0005509e       _noop_upsample             0045609e f   lib:jdsample.obj
 0001:000550a6       _int_upsample              004560a6 f   lib:jdsample.obj
 0001:00055190       _h2v1_upsample             00456190 f   lib:jdsample.obj
 0001:000551e7       _h2v2_upsample             004561e7 f   lib:jdsample.obj
 0001:00055259       _h2v1_fancy_upsample       00456259 f   lib:jdsample.obj
 0001:000552fc       _h2v2_fancy_upsample       004562fc f   lib:jdsample.obj
 0001:00054bb5       _start_pass_dpost          00455bb5 f   lib:jdpostct.obj
 0001:00054c5b       _post_process_1pass        00455c5b f   lib:jdpostct.obj
 0001:00054cc0       _post_process_prepass      00455cc0 f   lib:jdpostct.obj
 0001:00054d51       _post_process_2pass        00455d51 f   lib:jdpostct.obj
 0001:000545bc       _alloc_funny_pointers      004555bc f   lib:jdmainct.obj
 0001:00054669       _start_pass_main           00455669 f   lib:jdmainct.obj
 0001:000546d1       _make_funny_pointers       004556d1 f   lib:jdmainct.obj
 0001:00054811       _process_data_simple_main  00455811 f   lib:jdmainct.obj
 0001:00054879       _process_data_context_main 00455879 f   lib:jdmainct.obj
 0001:0005498b       _set_wraparound_pointers   0045598b f   lib:jdmainct.obj
 0001:00054a75       _set_bottom_pointers       00455a75 f   lib:jdmainct.obj
 0001:00054b0f       _process_data_crank_post   00455b0f f   lib:jdmainct.obj
 0001:00053314       _write_marker_header       00454314 f   lib:jcmarker.obj
 0001:0005336a       _emit_byte                 0045436a f   lib:jcmarker.obj
 0001:0005339b       _write_marker_byte         0045439b f   lib:jcmarker.obj
 0001:000533ab       _write_file_header         004543ab f   lib:jcmarker.obj
 0001:000533f7       _emit_jfif_app0            004543f7 f   lib:jcmarker.obj
 0001:000534ca       _emit_adobe_app14          004544ca f   lib:jcmarker.obj
 0001:00053570       _write_frame_header        00454570 f   lib:jcmarker.obj
 0001:0005364f       _emit_dqt                  0045464f f   lib:jcmarker.obj
 0001:0005373e       _emit_sof                  0045473e f   lib:jcmarker.obj
 0001:0005381a       _write_scan_header         0045481a f   lib:jcmarker.obj
 0001:000538da       _emit_dht                  004548da f   lib:jcmarker.obj
 0001:000539b3       _emit_dri                  004549b3 f   lib:jcmarker.obj
 0001:00053a02       _emit_sos                  00454a02 f   lib:jcmarker.obj
 0001:00053af0       _write_file_trailer        00454af0 f   lib:jcmarker.obj
 0001:00053b10       _write_tables_only         00454b10 f   lib:jcmarker.obj
 0001:00052e69       _use_merged_upsample       00453e69 f   lib:jdmaster.obj
 0001:00052f0f       _master_selection          00453f0f f   lib:jdmaster.obj
 0001:0005306c       _prepare_range_limit_table 0045406c f   lib:jdmaster.obj
 0001:000530f2       _prepare_for_output_pass   004540f2 f   lib:jdmaster.obj
 0001:00053213       _finish_output_pass        00454213 f   lib:jdmaster.obj
 0001:000522e0       _alloc_small               004532e0 f   lib:jmemmgr.obj
 0001:000523fe       _alloc_large               004533fe f   lib:jmemmgr.obj
 0001:000524af       _alloc_sarray              004534af f   lib:jmemmgr.obj
 0001:00052547       _alloc_barray              00453547 f   lib:jmemmgr.obj
 0001:000525eb       _alloc_darray              004535eb f   lib:jmemmgr.obj
 0001:00052696       _request_virt_sarray       00453696 f   lib:jmemmgr.obj
 0001:000526f7       _request_virt_barray       004536f7 f   lib:jmemmgr.obj
 0001:00052758       _realize_virt_arrays       00453758 f   lib:jmemmgr.obj
 0001:000528db       _access_virt_sarray        004538db f   lib:jmemmgr.obj
 0001:000529fb       _do_sarray_io              004539fb f   lib:jmemmgr.obj
 0001:00052a8b       _access_virt_barray        00453a8b f   lib:jmemmgr.obj
 0001:00052bb0       _do_barray_io              00453bb0 f   lib:jmemmgr.obj
 0001:00052c41       _free_pool                 00453c41 f   lib:jmemmgr.obj
 0001:00052d28       _self_destruct             00453d28 f   lib:jmemmgr.obj
 0001:00051d7a       _start_input_pass          00452d7a f   lib:jdinput.obj
 0001:00051da8       _per_scan_setup            00452da8 f   lib:jdinput.obj
 0001:00051f2e       _finish_input_pass         00452f2e f   lib:jdinput.obj
 0001:00051f3f       _consume_markers           00452f3f f   lib:jdinput.obj
 0001:00051fdb       _initial_setup             00452fdb f   lib:jdinput.obj
 0001:000521e5       _reset_input_controller    004531e5 f   lib:jdinput.obj
 0001:00051b33       _fixedtables               00452b33 f   lib:inflate.obj
 0001:00051c1d       _updatewindow              00452c1d f   lib:inflate.obj
 0001:00050565       _make_crc_table            00451565 f   lib:crc32.obj
 0001:000506b2       _crc32_little              004516b2 f   lib:crc32.obj
 0001:000504a1       _init_destination          004514a1 f   lib:jdatadst.obj
 0001:000504c7       _empty_output_buffer       004514c7 f   lib:jdatadst.obj
 0001:00050509       _term_destination          00451509 f   lib:jdatadst.obj
 0001:00050028       _std_huff_tables           00451028 f   lib:jcparam.obj
 0001:00050082       _add_huff_table            00451082 f   lib:jcparam.obj
 0001:0004e580       _next_marker               0044f580 f   lib:jdmarker.obj
 0001:0004e6ba       _get_interesting_appn      0044f6ba f   lib:jdmarker.obj
 0001:0004e7e5       _examine_app0              0044f7e5 f   lib:jdmarker.obj
 0001:0004e9f3       _examine_app14             0044f9f3 f   lib:jdmarker.obj
 0001:0004eab4       _skip_variable             0044fab4 f   lib:jdmarker.obj
 0001:0004eb57       _read_markers              0044fb57 f   lib:jdmarker.obj
 0001:0004ed5f       _get_soi                   0044fd5f f   lib:jdmarker.obj
 0001:0004ee0a       _get_sof                   0044fe0a f   lib:jdmarker.obj
 0001:0004f113       _get_sos                   00450113 f   lib:jdmarker.obj
 0001:0004f401       _get_dht                   00450401 f   lib:jdmarker.obj
 0001:0004f6a2       _get_dqt                   004506a2 f   lib:jdmarker.obj
 0001:0004f8fe       _get_dri                   004508fe f   lib:jdmarker.obj
 0001:0004f9dd       _first_marker              004509dd f   lib:jdmarker.obj
 0001:0004fa79       _read_restart_marker       00450a79 f   lib:jdmarker.obj
 0001:0004faf7       _reset_marker_reader       00450af7 f   lib:jdmarker.obj
 0001:0004e364       _output_pass_setup         0044f364 f   lib:jdapistd.obj
 0001:0004e057       _default_decompress_parms  0044f057 f   lib:jdapimin.obj

 182 bytes saved through ICF

