 quake2

 Timestamp is 41dc5821 (Thu Jan 06 00:12:01 2005)

 Preferred load address is 00400000

 Start         Length     Name                   Class
 0001:00000000 0006fec0H .text                   CODE
 0002:00000000 00000304H .idata$5                DATA
 0002:00000308 00003504H .rdata                  DATA
 0002:0000380c 00000078H .idata$2                DATA
 0002:00003884 00000014H .idata$3                DATA
 0002:00003898 00000304H .idata$4                DATA
 0002:00003b9c 000009d8H .idata$6                DATA
 0002:00004574 00000000H .edata                  DATA
 0003:00000000 00000004H .CRT$XCA                DATA
 0003:00000004 00000004H .CRT$XCZ                DATA
 0003:00000008 00000004H .CRT$XIA                DATA
 0003:0000000c 00000004H .CRT$XIZ                DATA
 0003:00000010 000133c4H .data                   DATA
 0003:000133d8 00b05700H .bss                    DATA
 0004:00000000 00000130H .rsrc$01                DATA
 0004:00000130 00003f20H .rsrc$02                DATA

  Address         Publics by Value              Rva+Base     Lib:Object

 0001:00000000       _CDAudio_Play2             00401000 f   cd_win.obj
 0001:000001e2       _CDAudio_Play              004011e2 f   cd_win.obj
 0001:000001f9       _CDAudio_Stop              004011f9 f   cd_win.obj
 0001:0000023e       _CDAudio_Pause             0040123e f   cd_win.obj
 0001:00000297       _CDAudio_Resume            00401297 f   cd_win.obj
 0001:00000306       _CDAudio_MessageHandler    00401306 f   cd_win.obj
 0001:0000039d       _CDAudio_Update            0040139d f   cd_win.obj
 0001:000003d1       _CDAudio_Init              004013d1 f   cd_win.obj
 0001:000007cf       _CDAudio_Shutdown          004017cf f   cd_win.obj
 0001:00000802       _CDAudio_Activate          00401802 f   cd_win.obj
 0001:00000813       _SCR_StopCinematic         00401813 f   cl_cin.obj
 0001:000008af       _SCR_FinishCinematic       004018af f   cl_cin.obj
 0001:000008f1       _SCR_RunCinematic          004018f1 f   cl_cin.obj
 0001:00000d0b       _SCR_DrawCinematic         00401d0b f   cl_cin.obj
 0001:00000d91       _SCR_PlayCinematic         00401d91 f   cl_cin.obj
 0001:000010e1       _CL_ParseEntityBits        004020e1 f   cl_ents.obj
 0001:00001143       _CL_ParseDelta             00402143 f   cl_ents.obj
 0001:000014e2       _CL_DeltaEntity            004024e2 f   cl_ents.obj
 0001:0000165f       _CL_ParsePacketEntities    0040265f f   cl_ents.obj
 0001:0000185e       _CL_ParsePlayerstate       0040285e f   cl_ents.obj
 0001:00001b6c       _CL_FireEntityEvents       00402b6c f   cl_ents.obj
 0001:00001bbe       _CL_ParseFrame             00402bbe f   cl_ents.obj
 0001:00001e9d       _CL_AddEntityBox           00402e9d f   cl_ents.obj
 0001:00001f8d       _CL_OffsetThirdPersonView  00402f8d f   cl_ents.obj
 0001:00002047       _CL_CalcViewValues         00403047 f   cl_ents.obj
 0001:00002354       _CL_AddEntities            00403354 f   cl_ents.obj
 0001:00003112       _CL_GetEntitySoundOrigin   00404112 f   cl_ents.obj
 0001:00003145       _CL_ClearLightStyles       00404145 f   cl_fx.obj
 0001:000031c9       _CL_RunLightStyles         004041c9 f   cl_fx.obj
 0001:00003266       _CL_SetLightstyle          00404266 f   cl_fx.obj
 0001:000032cd       _CL_AllocDlight            004042cd f   cl_fx.obj
 0001:0000333a       _CL_AddDLights             0040433a f   cl_fx.obj
 0001:0000339a       _CL_ClearParticles         0040439a f   cl_fx.obj
 0001:00003404       _CL_AllocParticleTrace     00404404 f   cl_fx.obj
 0001:000034a7       _CL_AllocParticleBeam      004044a7 f   cl_fx.obj
 0001:0000351a       _CL_AllocParticle          0040451a f   cl_fx.obj
 0001:00003568       _CL_UpdateParticles        00404568 f   cl_fx.obj
 0001:00003b5b       _CL_MetalSparks            00404b5b f   cl_fx.obj
 0001:00003c48       _CL_ParseMuzzleFlash       00404c48 f   cl_fx.obj
 0001:0000447f       _CL_ParseMuzzleFlash2      0040547f f   cl_fx.obj
 0001:00004b63       _CL_ParticleEffect         00405b63 f   cl_fx.obj
 0001:00004c32       _CL_ParticleEffect2        00405c32 f   cl_fx.obj
 0001:00004cfd       _CL_ParticleEffect3        00405cfd f   cl_fx.obj
 0001:00004dcd       _CL_TeleporterParticles    00405dcd f   cl_fx.obj
 0001:00004e84       _CL_LogoutEffect           00405e84 f   cl_fx.obj
 0001:00004f6f       _CL_ItemRespawnParticles   00405f6f f   cl_fx.obj
 0001:0000501e       _CL_ExplosionParticles     0040601e f   cl_fx.obj
 0001:000050c8       _CL_BigTeleportParticles   004060c8 f   cl_fx.obj
 0001:0000521f       _CL_BlasterParticles       0040621f f   cl_fx.obj
 0001:000052eb       _CL_BlasterTrail           004062eb f   cl_fx.obj
 0001:000053de       _CL_FlagTrail              004063de f   cl_fx.obj
 0001:000054de       _CL_DiminishingTrail       004064de f   cl_fx.obj
 0001:00005742       _CL_RocketTrail            00406742 f   cl_fx.obj
 0001:0000586f       _CL_RailTrail              0040686f f   cl_fx.obj
 0001:00005a95       _CL_RailTrailExt           00406a95 f   cl_fx.obj
 0001:00005b97       _CL_IonripperTrail         00406b97 f   cl_fx.obj
 0001:00005caa       _CL_BubbleTrail            00406caa f   cl_fx.obj
 0001:00005dc8       _CL_FlyParticles           00406dc8 f   cl_fx.obj
 0001:00005f67       _CL_FlyEffect              00406f67 f   cl_fx.obj
 0001:00005fea       _CL_BfgParticles           00406fea f   cl_fx.obj
 0001:000061c4       _CL_TrapParticles          004071c4 f   cl_fx.obj
 0001:00006447       _CL_BFGExplosionParticles  00407447 f   cl_fx.obj
 0001:000064f1       _CL_TeleportParticles      004074f1 f   cl_fx.obj
 0001:0000662a       _CL_EntityEvent            0040762a f   cl_fx.obj
 0001:00006808       _CL_ClearEffects           00407808 f   cl_fx.obj
 0001:00006826       _IN_CenterView             00407826 f   cl_input.obj
 0001:00006847       _CL_InitInput              00407847 f   cl_input.obj
 0001:00006d27       _CL_SendCmd                00407d27 f   cl_input.obj
 0001:00007422       _CL_ParseInventory         00408422 f   cl_inv.obj
 0001:00007442       _CL_DrawInventory          00408442 f   cl_inv.obj
 0001:00007698       _CL_WriteDemoMessage       00408698 f   cl_main.obj
 0001:000076da       _CL_Stop_f                 004086da f   cl_main.obj
 0001:00007735       _CL_Record_f               00408735 f   cl_main.obj
 0001:000079d8       _Cmd_ForwardToServer       004089d8 f   cl_main.obj
 0001:00007a44       _CL_ForwardToServer_f      00408a44 f   cl_main.obj
 0001:00007a92       _CL_Pause                  00408a92 f   cl_main.obj
 0001:00007ad2       _CL_Quit_f                 00408ad2 f   cl_main.obj
 0001:00007adc       _CL_Drop                   00408adc f   cl_main.obj
 0001:00007af8       _CL_SendConnectPacket      00408af8 f   cl_main.obj
 0001:00007bcf       _CL_CheckForResend         00408bcf f   cl_main.obj
 0001:00007cd4       _CL_Connect_f              00408cd4 f   cl_main.obj
 0001:00007d55       _CL_Rcon_f                 00408d55 f   cl_main.obj
 0001:00007e60       _CL_ClearState             00408e60 f   cl_main.obj
 0001:00007e9f       _CL_Disconnect             00408e9f f   cl_main.obj
 0001:00008025       _CL_Disconnect_f           00409025 f   cl_main.obj
 0001:00008031       _CL_Changing_f             00409031 f   cl_main.obj
 0001:00008055       _CL_Reconnect_f            00409055 f   cl_main.obj
 0001:000080f1       _CL_PingServers_f          004090f1 f   cl_main.obj
 0001:00008259       _CL_Skins_f                00409259 f   cl_main.obj
 0001:00008295       _CL_ConnectionlessPacket   00409295 f   cl_main.obj
 0001:000085ef       _CL_ReadPackets            004095ef f   cl_main.obj
 0001:00008734       _CL_FixUpGender            00409734 f   cl_main.obj
 0001:000087e4       _CL_Userinfo_f             004097e4 f   cl_main.obj
 0001:000087fc       _CL_Snd_Restart_f          004097fc f   cl_main.obj
 0001:0000880b       _CL_RequestNextDownload    0040980b f   cl_main.obj
 0001:00008e4c       _CL_Precache_f             00409e4c f   cl_main.obj
 0001:00008eb0       _CL_WriteConfiguration     00409eb0 f   cl_main.obj
 0001:00008f6b       _CL_WriteConfig_f          00409f6b f   cl_main.obj
 0001:00008fca       _CL_InitLocal              00409fca f   cl_main.obj
 0001:000091f1       _CL_FixCvarCheats          0040a1f1 f   cl_main.obj
 0001:00009242       _CL_Frame                  0040a242 f   cl_main.obj
 0001:00009448       _CL_Init                   0040a448 f   cl_main.obj
 0001:000094d8       _CL_Shutdown               0040a4d8 f   cl_main.obj
 0001:00009521       _CL_Flashlight             0040a521 f   cl_newfx.obj
 0001:0000955b       _CL_ColorFlash             0040a55b f   cl_newfx.obj
 0001:00009597       _CL_DebugTrail             0040a597 f   cl_newfx.obj
 0001:00009677       _CL_ForceWall              0040a677 f   cl_newfx.obj
 0001:0000979e       _CL_BubbleTrail2           0040a79e f   cl_newfx.obj
 0001:000098c8       _CL_Heatbeam               0040a8c8 f   cl_newfx.obj
 0001:00009b79       _CL_ParticleSteamEffect    0040ab79 f   cl_newfx.obj
 0001:00009ca3       _CL_ParticleSteamEffect2   0040aca3 f   cl_newfx.obj
 0001:00009dda       _CL_TrackerTrail           0040adda f   cl_newfx.obj
 0001:0000a03d       _CL_Tracker_Shell          0040b03d f   cl_newfx.obj
 0001:0000a0c6       _CL_MonsterPlasma_Shell    0040b0c6 f   cl_newfx.obj
 0001:0000a14c       _CL_Widowbeamout           0040b14c f   cl_newfx.obj
 0001:0000a208       _CL_Nukeblast              0040b208 f   cl_newfx.obj
 0001:0000a2c4       _CL_WidowSplash            0040b2c4 f   cl_newfx.obj
 0001:0000a38c       _CL_TagTrail               0040b38c f   cl_newfx.obj
 0001:0000a48c       _CL_ColorExplosionParticles 0040b48c f   cl_newfx.obj
 0001:0000a539       _CL_ParticleSmokeEffect    0040b539 f   cl_newfx.obj
 0001:0000a661       _CL_BlasterParticles2      0040b661 f   cl_newfx.obj
 0001:0000a72e       _CL_BlasterTrail2          0040b72e f   cl_newfx.obj
 0001:0000a821       _CL_CheckOrDownloadFile    0040b821 f   cl_parse.obj
 0001:0000aa9b       _CL_Download_f             0040ba9b f   cl_parse.obj
 0001:0000ab66       _CL_RegisterSounds         0040bb66 f   cl_parse.obj
 0001:0000aba5       _CL_ParseDownload          0040bba5 f   cl_parse.obj
 0001:0000ad12       _CL_ParseServerData        0040bd12 f   cl_parse.obj
 0001:0000ae13       _CL_ParseBaseline          0040be13 f   cl_parse.obj
 0001:0000ae5b       _CL_LoadClientinfo         0040be5b f   cl_parse.obj
 0001:0000b145       _CL_ParseClientinfo        0040c145 f   cl_parse.obj
 0001:0000b169       _CL_ParseConfigString      0040c169 f   cl_parse.obj
 0001:0000b303       _CL_ParseStartSoundPacket  0040c303 f   cl_parse.obj
 0001:0000b402       _CL_ParseServerMessage     0040c402 f   cl_parse.obj
 0001:0000b758       _CL_CheckPredictionError   0040c758 f   cl_pred.obj
 0001:0000b8fe       _CL_EntityTrace            0040c8fe f   cl_pred.obj
 0001:0000bcba       _CL_Trace                  0040ccba f   cl_pred.obj
 0001:0000bd3c       _CL_PMpointcontents        0040cd3c f   cl_pred.obj
 0001:0000bec6       _CL_PredictMovement        0040cec6 f   cl_pred.obj
 0001:0000c26a       _DrawString                0040d26a f   cl_scrn.obj
 0001:0000c2af       _CL_AddNetgraph            0040d2af f   cl_scrn.obj
 0001:0000c389       _SCR_DebugGraph            0040d389 f   cl_scrn.obj
 0001:0000c3b1       _SCR_CenterPrint           0040d3b1 f   cl_scrn.obj
 0001:0000c4b5       _SCR_DrawCenterString      0040d4b5 f   cl_scrn.obj
 0001:0000c583       _SCR_Sky_f                 0040d583 f   cl_scrn.obj
 0001:0000c62e       _SCR_Init                  0040d62e f   cl_scrn.obj
 0001:0000c675       _SCR_SetLevelshot          0040d675 f   cl_scrn.obj
 0001:0000c6fe       _SCR_SetLevelshot2         0040d6fe f   cl_scrn.obj
 0001:0000c758       _SCR_ShowConsole           0040d758 f   cl_scrn.obj
 0001:0000c835       _SCR_BeginLoadingPlaque    0040d835 f   cl_scrn.obj
 0001:0000c8c4       _SCR_EndLoadingPlaque      0040d8c4 f   cl_scrn.obj
 0001:0000c94f       _SCR_Loading_f             0040d94f f   cl_scrn.obj
 0001:0000c954       _SCR_TimeRefresh_f         0040d954 f   cl_scrn.obj
 0001:0000ca2b       _SCR_TileClear             0040da2b f   cl_scrn.obj
 0001:0000cad0       _SCR_TouchPics             0040dad0 f   cl_scrn.obj
 0001:0000cb63       _SCR_ExecuteLayoutString   0040db63 f   cl_scrn.obj
 0001:0000d405       _SCR_UpdateScreen          0040e405 f   cl_scrn.obj
 0001:0000dc6d       _CL_RegisterTEntSounds     0040ec6d f   cl_tent.obj
 0001:0000dea5       _CL_RegisterTEntModels     0040eea5 f   cl_tent.obj
 0001:0000e02b       _CL_ClearTEnts             0040f02b f   cl_tent.obj
 0001:0000e072       _CL_AllocExplosion         0040f072 f   cl_tent.obj
 0001:0000e110       _CL_AddExplosions          0040f110 f   cl_tent.obj
 0001:0000e2e5       _CL_SmokeAndFlash          0040f2e5 f   cl_tent.obj
 0001:0000e32d       _CL_ParseBeam              0040f32d f   cl_tent.obj
 0001:0000e40c       _CL_ParseBeam2             0040f40c f   cl_tent.obj
 0001:0000e4e3       _CL_ParsePlayerBeam        0040f4e3 f   cl_tent.obj
 0001:0000e5f1       _CL_ParseLightning         0040f5f1 f   cl_tent.obj
 0001:0000e6bd       _CL_ParseLaser             0040f6bd f   cl_tent.obj
 0001:0000e739       _CL_ParseSteam             0040f739 f   cl_tent.obj
 0001:0000e84a       _CL_ParseWidow             0040f84a f   cl_tent.obj
 0001:0000e8b6       _CL_ParseNuke              0040f8b6 f   cl_tent.obj
 0001:0000e920       _CL_ParseTEnt              0040f920 f   cl_tent.obj
 0001:0000f742       _CL_AddBeams               00410742 f   cl_tent.obj
 0001:0000fa83       _CL_AddPlayerBeams         00410a83 f   cl_tent.obj
 0001:00010178       _CL_ProcessSustain         00411178 f   cl_tent.obj
 0001:000101b9       _CL_AddTEnts               004111b9 f   cl_tent.obj
 0001:000101cd       _V_AddEntity               004111cd f   cl_view.obj
 0001:000101fc       _V_AddLight                004111fc f   cl_view.obj
 0001:00010241       _V_TestParticles           00411241 f   cl_view.obj
 0001:000102ff       _V_TestEntities            004112ff f   cl_view.obj
 0001:000103a1       _V_TestLights              004113a1 f   cl_view.obj
 0001:00010474       _CL_PrepRefresh            00411474 f   cl_view.obj
 0001:00010735       _CalcFov                   00411735 f   cl_view.obj
 0001:000107ac       _SCR_DrawCrosshair         004117ac f   cl_view.obj
 0001:00010821       _V_RenderView              00411821 f   cl_view.obj
 0001:000113d0       _V_Init                    004123d0 f   cl_view.obj
 0001:000115b8       _Cbuf_Init                 004125b8 f   cmd.obj
 0001:000115d0       _Cbuf_AddText              004125d0 f   cmd.obj
 0001:00011635       _Cbuf_InsertText           00412635 f   cmd.obj
 0001:0001169c       _Cbuf_CopyToDefer          0041269c f   cmd.obj
 0001:000116de       _Cbuf_InsertFromDefer      004126de f   cmd.obj
 0001:00011707       _Cbuf_Execute              00412707 f   cmd.obj
 0001:000117fa       _Cmd_Exec_f                004127fa f   cmd.obj
 0001:0001187f       _Cmd_Echo_f                0041287f f   cmd.obj
 0001:000118c1       _Cmd_Alias_f               004128c1 f   cmd.obj
 0001:000119e8       _Cmd_Unalias_f             004129e8 f   cmd.obj
 0001:00011a74       _Cmd_WriteAliases          00412a74 f   cmd.obj
 0001:00011aa5       _Cmd_Argc                  00412aa5 f   cmd.obj
 0001:00011aab       _Cmd_Argv                  00412aab f   cmd.obj
 0001:00011ac5       _Cmd_Args                  00412ac5 f   cmd.obj
 0001:00011acb       _Cmd_TokenizeString        00412acb f   cmd.obj
 0001:00011da8       _Cmd_AddCommand            00412da8 f   cmd.obj
 0001:00011dfe       _Cmd_RemoveCommand         00412dfe f   cmd.obj
 0001:00011e40       _Cmd_ExecuteString         00412e40 f   cmd.obj
 0001:00011fa5       _Cmd_Init                  00412fa5 f   cmd.obj
 0001:000120c5       _CMod_GetSurfMaterial      004130c5 f   cmodel.obj
 0001:00012122       _CM_LoadMap                00413122 f   cmodel.obj
 0001:00012774       _PlaneTypeForNormal        00413774 f i cmodel.obj
 0001:000128e5       _CM_InlineModel            004138e5 f   cmodel.obj
 0001:0001292e       _CM_NumClusters            0041392e f   cmodel.obj
 0001:00012934       _CM_NumInlineModels        00413934 f   cmodel.obj
 0001:0001293a       _CM_EntityString           0041393a f   cmodel.obj
 0001:00012940       _CM_LeafContents           00413940 f   cmodel.obj
 0001:00012967       _CM_LeafCluster            00413967 f   cmodel.obj
 0001:000129da       _CM_LeafArea               004139da f   cmodel.obj
 0001:00012a02       _CM_InitBoxHull            00413a02 f   cmodel.obj
 0001:00012b92       _CM_HeadnodeForBox         00413b92 f   cmodel.obj
 0001:00012c47       _CM_PointLeafnum           00413c47 f   cmodel.obj
 0001:00012cf2       _DISTANCE_TO_PLANE         00413cf2 f i cmodel.obj
 0001:00012d3a       _CM_PointContents          00413d3a f   cmodel.obj
 0001:00012db0       _CM_TransformedPointContents 00413db0 f   cmodel.obj
 0001:00012ee9       _CM_TransformedPointContents2 00413ee9 f   cmodel.obj
 0001:00012fda       _CM_BoxLeafnums            00413fda f   cmodel.obj
 0001:000130f9       _BOX_ON_PLANE_SIDE         004140f9 f i cmodel.obj
 0001:0001317e       _CM_BoxTrace               0041417e f   cmodel.obj
 0001:00013bce       _CM_TransformedBoxTrace    00414bce f   cmodel.obj
 0001:00013ea1       _CM_TransformedBoxTrace2   00414ea1 f   cmodel.obj
 0001:000140b6       _CM_BrushTrace             004150b6 f   cmodel.obj
 0001:000144d5       _CM_RefineBrushTrace       004154d5 f   cmodel.obj
 0001:0001457a       _CM_ClusterPVS             0041557a f   cmodel.obj
 0001:0001469f       _CM_ClusterPHS             0041569f f   cmodel.obj
 0001:0001473b       _FloodAreaConnections      0041573b f   cmodel.obj
 0001:000147f2       _CM_SetAreaPortalState     004157f2 f   cmodel.obj
 0001:0001481b       _CM_AreasConnected         0041581b f   cmodel.obj
 0001:00014866       _CM_WriteAreaBits          00415866 f   cmodel.obj
 0001:000148f6       _CM_WritePortalState       004158f6 f   cmodel.obj
 0001:00014910       _CM_ReadPortalState        00415910 f   cmodel.obj
 0001:0001492e       _CM_HeadnodeVisible        0041592e f   cmodel.obj
 0001:00014a03       _Com_BeginRedirect         00415a03 f   common.obj
 0001:00014a30       _Com_EndRedirect           00415a30 f   common.obj
 0001:00014a4f       _Com_Printf                00415a4f f   common.obj
 0001:00014bf7       _Com_DPrintf               00415bf7 f   common.obj
 0001:00014c74       _DebugPrintf               00415c74 f   common.obj
 0001:00014d21       _Com_WPrintf               00415d21 f   common.obj
 0001:00014d7f       _Com_FatalError            00415d7f f   common.obj
 0001:00014e24       _Com_DropError             00415e24 f   common.obj
 0001:00014ea8       _appUnwindPrefix           00415ea8 f   common.obj
 0001:00014f00       _appUnwindThrow            00415f00 f   common.obj
 0001:00014f88       _Com_ResetErrorState       00415f88 f   common.obj
 0001:00014f9d       _Com_Quit                  00415f9d f   common.obj
 0001:00014fd0       _MatchWildcard             00415fd0 f   common.obj
 0001:00015126       _MatchWildcard2            00416126 f   common.obj
 0001:0001517b       _IPWildcard                0041617b f   common.obj
 0001:00015256       _Com_ServerState           00416256 f   common.obj
 0001:0001525c       _Com_SetServerState        0041625c f   common.obj
 0001:00015266       _MSG_WriteByte             00416266 f   common.obj
 0001:00015266       _MSG_WriteChar             00416266 f   common.obj
 0001:0001527a       _MSG_WriteShort            0041627a f   common.obj
 0001:00015294       _MSG_WriteLong             00416294 f   common.obj
 0001:000152be       _MSG_WriteFloat            004162be f   common.obj
 0001:000152e4       _MSG_WriteString           004162e4 f   common.obj
 0001:0001531c       _MSG_WriteCoord            0041631c f   common.obj
 0001:0001534b       _MSG_WritePos              0041634b f   common.obj
 0001:000153cd       _MSG_WriteAngle            004163cd f   common.obj
 0001:000153f6       _MSG_WriteAngle16          004163f6 f   common.obj
 0001:0001542d       _MSG_WriteDeltaUsercmd     0041642d f   common.obj
 0001:000155b5       _MSG_WriteDir              004165b5 f   common.obj
 0001:00015622       _MSG_ReadDir               00416622 f   common.obj
 0001:00015657       _MSG_WriteDeltaEntity      00416657 f   common.obj
 0001:00015b5d       _MSG_BeginReading          00416b5d f   common.obj
 0001:00015b66       _MSG_ReadChar              00416b66 f   common.obj
 0001:00015b87       _MSG_ReadByte              00416b87 f   common.obj
 0001:00015ba8       _MSG_ReadShort             00416ba8 f   common.obj
 0001:00015bd8       _MSG_ReadLong              00416bd8 f   common.obj
 0001:00015c17       _MSG_ReadString            00416c17 f   common.obj
 0001:00015c4a       _MSG_ReadCoord             00416c4a f   common.obj
 0001:00015c64       _MSG_ReadPos               00416c64 f   common.obj
 0001:00015cb6       _MSG_ReadAngle             00416cb6 f   common.obj
 0001:00015cd0       _MSG_ReadAngle16           00416cd0 f   common.obj
 0001:00015cea       _MSG_ReadDeltaUsercmd      00416cea f   common.obj
 0001:00015da1       _MSG_ReadData              00416da1 f   common.obj
 0001:00015dc4       _SZ_Init                   00416dc4 f   common.obj
 0001:00015de6       _SZ_Clear                  00416de6 f   common.obj
 0001:00015df3       _SZ_GetSpace               00416df3 f   common.obj
 0001:00015e54       _SZ_Write                  00416e54 f   common.obj
 0001:00015e75       _SZ_Insert                 00416e75 f   common.obj
 0001:00015ec8       _SZ_Print                  00416ec8 f   common.obj
 0001:00015f11       _Info_Print                00416f11 f   common.obj
 0001:00015fce       _COM_BlockSequenceCRCByte  00416fce f   common.obj
 0001:0001605a       _frand                     0041705a f   common.obj
 0001:00016077       _crand                     00417077 f   common.obj
 0001:0001609a       _COM_CheckCmdlineVar       0041709a f   common.obj
 0001:000160f0       _QCommon_Init              004170f0 f   common.obj
 0001:000164c7       _QCommon_Frame             004174c7 f   common.obj
 0001:0001679e       __setargv                  0041779e f   common.obj
 0001:0001679e       _jpeg_mem_term             0041779e f   common.obj
 0001:0001679e       _QCommon_Shutdown          0041779e f   common.obj
 0001:0001679e       _R_SurfacePatch            0041779e f   common.obj
 0001:0001679f       _Con_ToggleConsole_f       0041779f f   console.obj
 0001:000167d1       _Con_ClearNotify           004177d1 f   console.obj
 0001:000167e3       _Con_CheckResize           004177e3 f   console.obj
 0001:0001692b       _Con_Print                 0041792b f   console.obj
 0001:00016c49       _Con_DrawNotify            00417c49 f   console.obj
 0001:00016e53       _Con_DrawConsole           00417e53 f   console.obj
 0001:00017281       _Key_Console               00418281 f   console.obj
 0001:0001780b       _Key_Message               0041880b f   console.obj
 0001:000178a7       _Con_Init                  004188a7 f   console.obj
 0001:00017a77       _CRC_Block                 00418a77 f   crc.obj
 0001:00017ab3       _Cvar_VariableValue        00418ab3 f   cvar.obj
 0001:00017b21       _Cvar_VariableInt          00418b21 f   cvar.obj
 0001:00017b34       _Cvar_VariableString       00418b34 f   cvar.obj
 0001:00017b4c       _Cvar_Get                  00418b4c f   cvar.obj
 0001:00017de8       _Cvar_GetVars              00418de8 f   cvar.obj
 0001:00017e3c       _Cvar_FullSet              00418e3c f   cvar.obj
 0001:00017e99       _Cvar_SetValue             00418e99 f   cvar.obj
 0001:000180fa       _Cvar_SetInteger           004190fa f   cvar.obj
 0001:0001811c       _Cvar_Set                  0041911c f   cvar.obj
 0001:00018131       _Cvar_ForceSet             00419131 f   cvar.obj
 0001:00018146       _Cvar_Clamp                00419146 f   cvar.obj
 0001:000181d0       _Cvar_ClampName            004191d0 f   cvar.obj
 0001:00018221       _Cvar_GetLatchedVars       00419221 f   cvar.obj
 0001:00018250       _Cvar_Command              00419250 f   cvar.obj
 0001:000182fc       _Cvar_WriteVariables       004192fc f   cvar.obj
 0001:0001838f       _Cvar_BitInfo              0041938f f   cvar.obj
 0001:000183c8       _Cvar_Userinfo             004193c8 f   cvar.obj
 0001:000183d1       _Cvar_Serverinfo           004193d1 f   cvar.obj
 0001:000183da       _Cvar_Cheats               004193da f   cvar.obj
 0001:00018433       _Cvar_Init                 00419433 f   cvar.obj
 0001:00018ada       _FS_CreatePath             00419ada f   files.obj
 0001:00018b24       _FS_CopyFile               00419b24 f   files.obj
 0001:00018c27       _FS_CopyFiles              00419c27 f   files.obj
 0001:00018d00       _FS_RemoveFiles            00419d00 f   files.obj
 0001:00018d74       _FS_FCloseFile             00419d74 f   files.obj
 0001:00018e06       _FS_FOpenFile              00419e06 f   files.obj
 0001:0001932e       _FS_FileExists             0041a32e f   files.obj
 0001:0001956a       _FS_Read                   0041a56a f   files.obj
 0001:000197a7       _FS_LoadFile               0041a7a7 f   files.obj
 0001:00019809       _FS_FreeFile               0041a809 f   files.obj
 0001:00019814       _FS_Gamedir                0041a814 f   files.obj
 0001:00019828       _FS_LoadGameConfig         0041a828 f   files.obj
 0001:000198ed       _FS_SetGamedir             0041a8ed f   files.obj
 0001:00019f92       _FS_ListFiles              0041af92 f   files.obj
 0001:0001a2a0       _FS_NextPath               0041b2a0 f   files.obj
 0001:0001a2c4       _FS_InitFilesystem         0041b2c4 f   files.obj
 0001:0001ac87       _LoadPCX                   0041bc87 f   images.obj
 0001:0001adbc       _LoadTGA                   0041bdbc f   images.obj
 0001:0001afab       _LoadJPG                   0041bfab f   images.obj
 0001:0001b239       _ImageExists               0041c239 f   images.obj
 0001:0001b333       _WriteTGA                  0041c333 f   images.obj
 0001:0001b524       _WriteJPG                  0041c524 f   images.obj
 0001:0001b64c       _IN_MLookDown              0041c64c f   in_win.obj
 0001:0001b657       _IN_MLookUp                0041c657 f   in_win.obj
 0001:0001b67a       _IN_MouseEvent             0041c67a f   in_win.obj
 0001:0001b6e4       _IN_Commands               0041c6e4 f   in_win.obj
 0001:0001b813       _IN_Init                   0041c813 f   in_win.obj
 0001:0001bb07       _IN_Shutdown               0041cb07 f   in_win.obj
 0001:0001bbeb       _IN_Move                   0041cbeb f   in_win.obj
 0001:0001c145       _IN_Activate               0041d145 f   in_win.obj
 0001:0001c15c       _IN_Frame                  0041d15c f   in_win.obj
 0001:0001c528       _Key_KeynumToString        0041d528 f   keys.obj
 0001:0001c5c2       _CompleteCommand           0041d5c2 f   keys.obj
 0001:0001cf43       _Key_SetBinding            0041df43 f   keys.obj
 0001:0001cf81       _Key_FindBinding           0041df81 f   keys.obj
 0001:0001cfcf       _Key_WriteBindings         0041dfcf f   keys.obj
 0001:0001d017       _Key_Init                  0041e017 f   keys.obj
 0001:0001d2ff       _Key_Event                 0041e2ff f   keys.obj
 0001:0001d650       _Key_ClearStates           0041e650 f   keys.obj
 0001:0001d687       _Key_ClearTyping           0041e687 f   keys.obj
 0001:0001d6a0       _MD4Init                   0041e6a0 f   md4.obj
 0001:0001d6c8       _MD4Update                 0041e6c8 f   md4.obj
 0001:0001d766       _MD4Final                  0041e766 f   md4.obj
 0001:0001de57       _Com_BlockChecksum         0041ee57 f   md4.obj
 0001:0001de93       _Z_Free                    0041ee93 f   memory.obj
 0001:0001deeb       _Z_FreeTags                0041eeeb f   memory.obj
 0001:0001df1b       _Z_TagMalloc               0041ef1b f   memory.obj
 0001:0001df8a       _Z_Malloc                  0041ef8a f   memory.obj
 0001:0001dfac       _Z_BlockMalloc             0041efac f   memory.obj
 0001:0001dfc7       _CreateMemoryChain         0041efc7 f   memory.obj
 0001:0001e02d       _FreeMemoryChain           0041f02d f   memory.obj
 0001:0001e057       _AllocChainBlock           0041f057 f   memory.obj
 0001:0001e0a2       _CopyString                0041f0a2 f   memory.obj
 0001:0001e0c9       _ChainCopyString           0041f0c9 f   memory.obj
 0001:0001e0f1       _AllocNamedStruc           0041f0f1 f   memory.obj
 0001:0001e12f       _ChainAllocNamedStruc      0041f12f f   memory.obj
 0001:0001e16e       _FindNamedStruc            0041f16e f   memory.obj
 0001:0001e1b2       _FindNamedStrucByIndex     0041f1b2 f   memory.obj
 0001:0001e1c9       _IndexOfNamedStruc         0041f1c9 f   memory.obj
 0001:0001e1f7       _AddToNamedList            0041f1f7 f   memory.obj
 0001:0001e241       _ChainAddToNamedList       0041f241 f   memory.obj
 0001:0001e28b       _FreeNamedList             0041f28b f   memory.obj
 0001:0001e2a6       _Z_Init                    0041f2a6 f   memory.obj
 0001:0001e2e1       _M_PushMenu                0041f2e1 f   menu.obj
 0001:0001e376       _M_ForceMenuOff            0041f376 f   menu.obj
 0001:0001e3a9       _M_ForceMenuOn             0041f3a9 f   menu.obj
 0001:0001e3c2       _M_PopMenu                 0041f3c2 f   menu.obj
 0001:0001e413       _Default_MenuKey           0041f413 f   menu.obj
 0001:0001e533       _M_Print                   0041f533 f   menu.obj
 0001:0001e579       _M_DrawTextBox             0041f579 f   menu.obj
 0001:0001e765       _M_Main_Draw               0041f765 f   menu.obj
 0001:0001e8e9       _M_Main_Key                0041f8e9 f   menu.obj
 0001:0001e9e3       _M_Menu_Main_f             0041f9e3 f   menu.obj
 0001:0001ea04       _M_Menu_Multiplayer_f      0041fa04 f   menu.obj
 0001:0001ebdc       _M_Menu_Keys_f             0041fbdc f   menu.obj
 0001:0001f044       _M_Menu_Options_f          00420044 f   menu.obj
 0001:0001f94f       _M_Menu_Video_f            0042094f f   menu.obj
 0001:0001f970       _M_Menu_Credits_f          00420970 f   menu.obj
 0001:0001fb57       _M_Menu_Game_f             00420b57 f   menu.obj
 0001:0001fdca       _M_Menu_LoadGame_f         00420dca f   menu.obj
 0001:0002009a       _M_Menu_SaveGame_f         0042109a f   menu.obj
 0001:000201fa       _M_AddToServerList         004211fa f   menu.obj
 0001:0002026d       _M_Menu_JoinServer_f       0042126d f   menu.obj
 0001:000204d4       _M_Menu_StartServer_f      004214d4 f   menu.obj
 0001:00020d1f       _M_Menu_DMOptions_f        00421d1f f   menu.obj
 0001:000214c0       _M_Menu_DownloadOptions_f  004224c0 f   menu.obj
 0001:00021742       _M_Menu_AddressBook_f      00422742 f   menu.obj
 0001:00022b33       _M_Init                    00423b33 f   menu.obj
 0001:00022c57       _M_Draw                    00423c57 f   menu.obj
 0001:00022ce1       _M_Keydown                 00423ce1 f   menu.obj
 0001:00022cfd       _LoadQ2BspFile             00423cfd f   model.obj
 0001:000232c3       _LoadBspFile               004242c3 f   model.obj
 0001:0002347b       _ProcessEntstring          0042447b f   model.obj
 0001:000242eb       _Netchan_Init              004252eb f   net_chan.obj
 0001:0002434b       _Netchan_OutOfBand         0042534b f   net_chan.obj
 0001:000243ab       _Netchan_OutOfBandPrint    004253ab f   net_chan.obj
 0001:000243f0       _Netchan_Setup             004253f0 f   net_chan.obj
 0001:0002444d       _Netchan_NeedReliable      0042544d f   net_chan.obj
 0001:00024479       _Netchan_Transmit          00425479 f   net_chan.obj
 0001:0002461e       _Netchan_Process           0042561e f   net_chan.obj
 0001:00024745       _NetadrToSockadr           00425745 f   net_wins.obj
 0001:000247e7       _SockadrToNetadr           004257e7 f   net_wins.obj
 0001:0002484a       _NET_CompareAdr            0042584a f   net_wins.obj
 0001:000248b0       _NET_CompareBaseAdr        004258b0 f   net_wins.obj
 0001:00024909       _NET_AdrToString           00425909 f   net_wins.obj
 0001:000249c2       _NET_StringToSockaddr      004259c2 f   net_wins.obj
 0001:00024bfb       _NET_StringToAdr           00425bfb f   net_wins.obj
 0001:00024c54       _NET_IsLocalAddress        00425c54 f   net_wins.obj
 0001:00024c60       _NET_GetLoopPacket         00425c60 f   net_wins.obj
 0001:00024ce7       _NET_SendLoopPacket        00425ce7 f   net_wins.obj
 0001:00024d33       _NET_GetPacket             00425d33 f   net_wins.obj
 0001:00024e51       _NET_SendPacket            00425e51 f   net_wins.obj
 0001:00024f29       _NET_IPSocket              00425f29 f   net_wins.obj
 0001:0002503f       _NET_OpenIP                0042603f f   net_wins.obj
 0001:000250bb       _NET_OpenIPX               004260bb f   net_wins.obj
 0001:00025213       _NET_Config                00426213 f   net_wins.obj
 0001:000252a6       _NET_Init                  004262a6 f   net_wins.obj
 0001:0002530d       _Pmove                     0042630d f   pmove.obj
 0001:000270a3       _NormalizeColor            004280a3 f   q_shared2.obj
 0001:00027104       _NormalizeColor255         00428104 f   q_shared2.obj
 0001:00027169       _Q_rsqrt                   00428169 f   q_shared2.obj
 0001:00027199       _RotatePointAroundVector   00428199 f   q_shared2.obj
 0001:00027309       _AngleVectors              00428309 f   q_shared2.obj
 0001:0002746a       _ProjectPointOnPlane       0042846a f   q_shared2.obj
 0001:000274e9       _PerpendicularVector       004284e9 f   q_shared2.obj
 0001:00027568       _MakeNormalVectors         00428568 f   q_shared2.obj
 0001:000275cf       _MatrixMultiply            004285cf f   q_shared2.obj
 0001:000276b6       _SetPlaneSignbits          004286b6 f   q_shared2.obj
 0001:000276d9       _LerpAngle                 004286d9 f   q_shared2.obj
 0001:0002771c       _anglemod                  0042871c f   q_shared2.obj
 0001:00027748       _BoxOnPlaneSide            00428748 f   q_shared2.obj
 0001:0002786b       _ClearBounds               0042886b f   q_shared2.obj
 0001:00027894       _AddPointToBounds          00428894 f   q_shared2.obj
 0001:000278cd       _VectorCompare             004288cd f   q_shared2.obj
 0001:000278fb       _VectorNormalize           004288fb f   q_shared2.obj
 0001:0002794f       _VectorNormalize2          0042894f f   q_shared2.obj
 0001:000279a7       _VectorNormalizeFast       004289a7 f   q_shared2.obj
 0001:000279f8       _CrossProduct              004289f8 f   q_shared2.obj
 0001:00027a33       _VectorLength              00428a33 f   q_shared2.obj
 0001:00027a62       _VectorDistance            00428a62 f   q_shared2.obj
 0001:00027a93       _VectorInverse             00428a93 f   q_shared2.obj
 0001:00027aae       _VectorScale               00428aae f   q_shared2.obj
 0001:00027ad2       _AnglesToAxis              00428ad2 f   q_shared2.obj
 0001:00027b10       _COM_FilePath              00428b10 f   q_shared2.obj
 0001:00027b46       _ShortSwap                 00428b46 f   q_shared2.obj
 0001:00027b5b       _va                        00428b5b f   q_shared2.obj
 0001:00027ba8       _COM_ParseExt              00428ba8 f   q_shared2.obj
 0001:00027cb1       _COM_QuoteString           00428cb1 f   q_shared2.obj
 0001:00027d0c       _Com_PageInMemory          00428d0c f   q_shared2.obj
 0001:00027d2b       _Q_stricmp                 00428d2b f   q_shared2.obj
 0001:00027d3c       _Q_strncasecmp             00428d3c f   q_shared2.obj
 0001:00027d94       _Q_strcasecmp              00428d94 f   q_shared2.obj
 0001:00027daa       _Q_strncpyz                00428daa f   q_shared2.obj
 0001:00027dce       _Q_strncpylower            00428dce f   q_shared2.obj
 0001:00027e08       _Q_CopyFilename            00428e08 f   q_shared2.obj
 0001:00027ea4       _Com_sprintf               00428ea4 f   q_shared2.obj
 0001:00027eea       _Info_ValueForKey          00428eea f   q_shared2.obj
 0001:00027f75       _Info_RemoveKey            00428f75 f   q_shared2.obj
 0001:00027ffb       _Info_SetValueForKey       00428ffb f   q_shared2.obj
 0001:00028133       _Menu_ItemAtCursor         00429133 f   qmenu.obj
 0001:0002818a       _Field_Key                 0042918a f   qmenu.obj
 0001:000283fa       _Menu_AddItem              004293fa f   qmenu.obj
 0001:00028475       _Menu_AdjustCursor         00429475 f   qmenu.obj
 0001:000285c0       _Menu_Center               004295c0 f   qmenu.obj
 0001:00028600       _Menu_DrawDotsItem         00429600 f   qmenu.obj
 0001:0002863f       _Menu_Draw                 0042963f f   qmenu.obj
 0001:00028b5a       _Menu_SelectItem           00429b5a f   qmenu.obj
 0001:00028b8e       _Menu_SetStatusBar         00429b8e f   qmenu.obj
 0001:00028b9a       _Menu_SlideItem            00429b9a f   qmenu.obj
 0001:000290b1       _S_SoundInfo_f             0042a0b1 f   snd_dma.obj
 0001:0002913b       _S_ReadModelsSex           0042a13b f   snd_dma.obj
 0001:00029223       _S_IsFemale                0042a223 f   snd_dma.obj
 0001:000292b1       _S_Init                    0042a2b1 f   snd_dma.obj
 0001:00029381       _S_Shutdown                0042a381 f   snd_dma.obj
 0001:0002940b       _S_FindName                0042a40b f   snd_dma.obj
 0001:00029540       _S_AliasName               0042a540 f   snd_dma.obj
 0001:0002960b       _S_BeginRegistration       0042a60b f   snd_dma.obj
 0001:00029619       _S_RegisterSound           0042a619 f   snd_dma.obj
 0001:0002967f       _S_EndRegistration         0042a67f f   snd_dma.obj
 0001:00029712       _S_PickChannel             0042a712 f   snd_dma.obj
 0001:000297a6       _S_SpatializeOrigin        0042a7a6 f   snd_dma.obj
 0001:000298cd       _S_Spatialize              0042a8cd f   snd_dma.obj
 0001:0002993e       _S_AllocPlaysound          0042a93e f   snd_dma.obj
 0001:00029960       _S_FreePlaysound           0042a960 f   snd_dma.obj
 0001:00029990       _S_IssuePlaysound          0042a990 f   snd_dma.obj
 0001:00029a5d       _S_StartSound              0042aa5d f   snd_dma.obj
 0001:00029d06       _S_StartLocalSound         0042ad06 f   snd_dma.obj
 0001:00029d55       _S_ClearBuffer             0042ad55 f   snd_dma.obj
 0001:00029dad       _S_StopAllSounds           0042adad f   snd_dma.obj
 0001:00029e28       _S_AddLoopSounds           0042ae28 f   snd_dma.obj
 0001:00029ffa       _S_RawSamples              0042affa f   snd_dma.obj
 0001:0002a1fe       _S_Update                  0042b1fe f   snd_dma.obj
 0001:0002a2f9       _GetSoundtime              0042b2f9 f   snd_dma.obj
 0001:0002a360       _S_Update_                 0042b360 f   snd_dma.obj
 0001:0002a406       _S_Play                    0042b406 f   snd_dma.obj
 0001:0002a5cd       _ResampleSfx               0042b5cd f   snd_mem.obj
 0001:0002a6e5       _S_LoadSound               0042b6e5 f   snd_mem.obj
 0001:0002a80e       _FindNextChunk             0042b80e f   snd_mem.obj
 0001:0002a898       _GetWavinfo                0042b898 f   snd_mem.obj
 0001:0002aa85       _S_WriteLinearBlastStereo16 0042ba85 f   snd_mix.obj
 0001:0002aaf9       _S_TransferStereo16        0042baf9 f   snd_mix.obj
 0001:0002ab62       _S_TransferPaintBuffer     0042bb62 f   snd_mix.obj
 0001:0002acbe       _S_PaintChannels           0042bcbe f   snd_mix.obj
 0001:0002aeeb       _S_InitScaletable          0042beeb f   snd_mix.obj
 0001:0002af3f       _S_PaintChannelFrom8       0042bf3f f   snd_mix.obj
 0001:0002b041       _S_PaintChannelFrom16      0042c041 f   snd_mix.obj
 0001:0002b0ac       _FreeSound                 0042c0ac f   snd_win.obj
 0001:0002b1bc       _SNDDMA_InitDirect         0042c1bc f   snd_win.obj
 0001:0002b68e       _SNDDMA_Init               0042c68e f   snd_win.obj
 0001:0002b70a       _SNDDMA_GetDMAPos          0042c70a f   snd_win.obj
 0001:0002b754       _SNDDMA_BeginPainting      0042c754 f   snd_win.obj
 0001:0002b856       _SNDDMA_Submit             0042c856 f   snd_win.obj
 0001:0002b87b       _SNDDMA_Shutdown           0042c87b f   snd_win.obj
 0001:0002b880       _S_Activate                0042c880 f   snd_win.obj
 0001:0002b8ab       _SV_SetMaster_f            0042c8ab f   sv_ccmds.obj
 0001:0002b9bd       _SV_WipeSavegame           0042c9bd f   sv_ccmds.obj
 0001:0002b9eb       _SV_CopySaveGame           0042c9eb f   sv_ccmds.obj
 0001:0002ba40       _SV_WriteLevelFile         0042ca40 f   sv_ccmds.obj
 0001:0002baee       _SV_ReadLevelFile          0042caee f   sv_ccmds.obj
 0001:0002bb9c       _SV_WriteServerFile        0042cb9c f   sv_ccmds.obj
 0001:0002bdd8       _SV_ReadServerFile         0042cdd8 f   sv_ccmds.obj
 0001:0002befd       _SV_DemoMap_f              0042cefd f   sv_ccmds.obj
 0001:0002bf87       _SV_GameMap_f              0042cf87 f   sv_ccmds.obj
 0001:0002c0f9       _SV_Map_f                  0042d0f9 f   sv_ccmds.obj
 0001:0002c166       _SV_Loadgame_f             0042d166 f   sv_ccmds.obj
 0001:0002c26b       _SV_Savegame_f             0042d26b f   sv_ccmds.obj
 0001:0002c370       _SV_AddressBanned          0042d370 f   sv_ccmds.obj
 0001:0002c3b2       _SV_InitOperatorCommands   0042d3b2 f   sv_ccmds.obj
 0001:0002cd51       _SV_WritePlayerstateToClient 0042dd51 f   sv_ents.obj
 0001:0002d275       _SV_WriteFrameToClient     0042e275 f   sv_ents.obj
 0001:0002d49f       _SV_FatPVS                 0042e49f f   sv_ents.obj
 0001:0002d5c9       _SV_BuildClientFrame       0042e5c9 f   sv_ents.obj
 0001:0002d8d9       _SV_RecordDemoMessage      0042e8d9 f   sv_ents.obj
 0001:0002e277       _SV_InitGameProgs          0042f277 f   sv_game.obj
 0001:0002e342       _SV_ShutdownGameProgs      0042f342 f   sv_game.obj
 0001:0002e3b3       _SV_FindIndex              0042f3b3 f   sv_init.obj
 0001:0002e4b6       _SV_ModelIndex             0042f4b6 f   sv_init.obj
 0001:0002e4cc       _SV_SoundIndex             0042f4cc f   sv_init.obj
 0001:0002e4e5       _SV_ImageIndex             0042f4e5 f   sv_init.obj
 0001:0002e4fe       _SV_CreateBaseline         0042f4fe f   sv_init.obj
 0001:0002e55c       _SV_CheckForSavegame       0042f55c f   sv_init.obj
 0001:0002e5e4       _SV_SpawnServer            0042f5e4 f   sv_init.obj
 0001:0002e8b6       _SV_InitGame               0042f8b6 f   sv_init.obj
 0001:0002eafa       _SV_Map                    0042fafa f   sv_init.obj
 0001:0002ecc2       _SV_DropClient             0042fcc2 f   sv_main.obj
 0001:0002ed37       _SV_StatusString           0042fd37 f   sv_main.obj
 0001:0002ee16       _SVC_Info                  0042fe16 f   sv_main.obj
 0001:0002eeec       _SVC_GetChallenge          0042feec f   sv_main.obj
 0001:0002ef94       _SVC_DirectConnect         0042ff94 f   sv_main.obj
 0001:0002f400       _SVC_RemoteCommand         00430400 f   sv_main.obj
 0001:0002f550       _SV_ConnectionlessPacket   00430550 f   sv_main.obj
 0001:0002f6b2       _SV_CalcPings              004306b2 f   sv_main.obj
 0001:0002f739       _SV_GiveMsec               00430739 f   sv_main.obj
 0001:0002f778       _SV_ReadPackets            00430778 f   sv_main.obj
 0001:0002f8c2       _SV_CheckTimeouts          004308c2 f   sv_main.obj
 0001:0002f9d3       _SV_PostprocessFrame       004309d3 f   sv_main.obj
 0001:0002fea9       _SV_MulticastHook          00430ea9 f   sv_main.obj
 0001:000302c2       _SV_TraceHook              004312c2 f   sv_main.obj
 0001:0003043d       _SV_Frame                  0043143d f   sv_main.obj
 0001:000306d6       _SV_UserinfoChanged        004316d6 f   sv_main.obj
 0001:0003079a       _SV_Init                   0043179a f   sv_main.obj
 0001:00030811       _SV_Shutdown               00431811 f   sv_main.obj
 0001:00030a15       _SV_BeginRedirect          00431a15 f   sv_send.obj
 0001:00030ac1       _SV_ClientPrintf           00431ac1 f   sv_send.obj
 0001:00030b1c       _SV_BroadcastPrintf        00431b1c f   sv_send.obj
 0001:00030bf2       _SV_BroadcastCommand       00431bf2 f   sv_send.obj
 0001:00030c49       _SV_Multicast              00431c49 f   sv_send.obj
 0001:00030e8e       _SV_MulticastOld           00431e8e f   sv_send.obj
 0001:00030ea1       _SV_StartSound             00431ea1 f   sv_send.obj
 0001:00031166       _SV_StartSoundOld          00432166 f   sv_send.obj
 0001:00031196       _SV_StartSoundNew          00432196 f   sv_send.obj
 0001:000311c6       _SV_SendClientDatagram     004321c6 f   sv_send.obj
 0001:0003129a       _SV_DemoCompleted          0043229a f   sv_send.obj
 0001:000312b6       _SV_RateDrop               004322b6 f   sv_send.obj
 0001:00031301       _SV_SendClientMessages     00432301 f   sv_send.obj
 0001:00031450       _SV_BeginDemoserver        00432450 f   sv_user.obj
 0001:0003149d       _SV_New_f                  0043249d f   sv_user.obj
 0001:00031612       _SV_Configstrings_f        00432612 f   sv_user.obj
 0001:0003176c       _SV_Baselines_f            0043276c f   sv_user.obj
 0001:000318e0       _SV_Begin_f                004328e0 f   sv_user.obj
 0001:0003193d       _SV_NextDownload_f         0043293d f   sv_user.obj
 0001:00031a22       _SV_BeginDownload_f        00432a22 f   sv_user.obj
 0001:00031c3a       _SV_Disconnect_f           00432c3a f   sv_user.obj
 0001:00031c4a       _SV_ShowServerinfo_f       00432c4a f   sv_user.obj
 0001:00031c57       _SV_Nextserver             00432c57 f   sv_user.obj
 0001:00031ca1       _SV_Nextserver_f           00432ca1 f   sv_user.obj
 0001:00031ce8       _SV_ExecuteUserCommand     00432ce8 f   sv_user.obj
 0001:00031dd6       _SV_ClientThink            00432dd6 f   sv_user.obj
 0001:00031e19       _SV_ExecuteClientMessage   00432e19 f   sv_user.obj
 0001:0003203a       _SV_ClearWorld             0043303a f   sv_world.obj
 0001:0003218e       _SV_UnlinkEdict            0043318e f   sv_world.obj
 0001:0003224a       _SV_LinkEdict              0043324a f   sv_world.obj
 0001:000328a8       _SV_AreaEdicts             004338a8 f   sv_world.obj
 0001:00032a59       _SV_PointContents          00433a59 f   sv_world.obj
 0001:00032b7f       _SV_ClipMoveToEntities     00433b7f f   sv_world.obj
 0001:00032f5f       _SV_Trace                  00433f5f f   sv_world.obj
 0001:0003301b       _Sys_Quit                  0043401b f   sys_win.obj
 0001:000330eb       _Sys_Error                 004340eb f   sys_win.obj
 0001:0003313f       _osAddressInfo             0043413f f   sys_win.obj
 0001:000331d3       _osModuleInfo              004341d3 f   sys_win.obj
 0001:0003336e       _appSymbolName2            0043436e f   sys_win.obj
 0001:000333ee       _appSymbolName             004343ee f   sys_win.obj
 0001:00033420       _win32ExceptFilter         00434420 f   sys_win.obj
 0001:000339ee       _win32ExceptFilter2        004349ee f   sys_win.obj
 0001:000339fa       _Sys_Init                  004349fa f   sys_win.obj
 0001:00033d82       _Sys_ConsoleInput          00434d82 f   sys_win.obj
 0001:00034033       _Sys_ConsoleOutput         00435033 f   sys_win.obj
 0001:000340c1       _Sys_SendKeyEvents         004350c1 f   sys_win.obj
 0001:0003412a       _Sys_GetClipboardData      0043512a f   sys_win.obj
 0001:00034183       _Sys_UnloadGame            00435183 f   sys_win.obj
 0001:000341a6       _Sys_GetGameAPI            004351a6 f   sys_win.obj
 0001:00034290       _WinMain@16                00435290 f   sys_win.obj
 0001:000344c7       _Vid_CreateWindow          004354c7 f   vid_dll.obj
 0001:00034cad       _Vid_DestroyWindow         00435cad f   vid_dll.obj
 0001:00034ce8       _Vid_GetModeInfo           00435ce8 f   vid_dll.obj
 0001:00034d17       _Vid_UpdateWindowPosAndSize 00435d17 f   vid_dll.obj
 0001:00034d7e       _Vid_FreeReflib            00435d7e f   vid_dll.obj
 0001:00034dbd       _Vid_CheckChanges          00435dbd f   vid_dll.obj
 0001:000351ad       _Vid_Init                  004361ad f   vid_dll.obj
 0001:0003526c       _Vid_Shutdown              0043626c f   vid_dll.obj
 0001:0003529a       _Vid_MenuInit              0043629a f   vid_menu.obj
 0001:00035afa       _Vid_MenuDraw              00436afa f   vid_menu.obj
 0001:00035b8e       _Vid_MenuKey               00436b8e f   vid_menu.obj
 0001:00035ee8       _Zip_OpenArchive           00436ee8 f   zip.obj
 0001:00035f53       _Zip_CloseArchive          00436f53 f   zip.obj
 0001:00035f5f       _Zip_EnumArchive           00436f5f f   zip.obj
 0001:00036140       _Zip_OpenFile              00437140 f   zip.obj
 0001:0003624f       _Zip_ReadFile              0043724f f   zip.obj
 0001:00036346       _Zip_CloseFile             00437346 f   zip.obj
 0001:0003638e       _Zip_OpenBuf               0043738e f   zip.obj
 0001:000363e1       _Zip_ReadBuf               004373e1 f   zip.obj
 0001:00036429       _Zip_CloseBuf              00437429 f   zip.obj
 0001:0003643f       _GL_BackEnd                0043743f f   gl_backend.obj
 0001:000399bb       _GL_InitBackend            0043a9bb f   gl_backend.obj
 0001:000399fe       _GL_ShutdownBackend        0043a9fe f   gl_backend.obj
 0001:00039a12       _GL_AllocDynamicMemory     0043aa12 f   gl_buffers.obj
 0001:00039a72       _GL_ResizeDynamicMemory    0043aa72 f   gl_buffers.obj
 0001:00039abd       _GL_AddSurfaceToPortal     0043aabd f   gl_buffers.obj
 0001:00039b20       _GL_AddDynamicSurface      0043ab20 f   gl_buffers.obj
 0001:00039b48       _GL_InsertShaderIndex      0043ab48 f   gl_buffers.obj
 0001:00039b7b       _GL_ClearPortal            0043ab7b f   gl_buffers.obj
 0001:00039b97       _GL_FinishPortal           0043ab97 f   gl_buffers.obj
 0001:00039be8       _GL_SortSurfaces           0043abe8 f   gl_buffers.obj
 0001:00039d83       _GL_ClearBuffers           0043ad83 f   gl_buffers.obj
 0001:00039d9a       _GL_AddEntity              0043ad9a f   gl_frontend.obj
 0001:0003a20e       _GL_AddDlight              0043b20e f   gl_frontend.obj
 0001:0003a3c6       _GL_DrawPortal             0043b3c6 f   gl_frontend.obj
 0001:0003ceeb       _GL_TextureMode            0043deeb f   gl_image.obj
 0001:0003cf92       _GL_CreateImage            0043df92 f   gl_image.obj
 0001:0003dd62       _GL_SetRawPalette          0043ed62 f   gl_image.obj
 0001:0003dd93       _GL_DrawStretchRaw8        0043ed93 f   gl_image.obj
 0001:0003e3bf       _GL_SetupGamma             0043f3bf f   gl_image.obj
 0001:0003e502       _GL_PerformScreenshot      0043f502 f   gl_image.obj
 0001:0003e78b       _GL_InitImages             0043f78b f   gl_image.obj
 0001:0003ed7a       _GL_ShutdownImages         0043fd7a f   gl_image.obj
 0001:0003ede1       _GL_LoadDelayedImages      0043fde1 f   gl_image.obj
 0001:0003ee5e       _GL_ShowImages             0043fe5e f   gl_image.obj
 0001:0003f0e6       _GL_FindImage              004400e6 f   gl_image.obj
 0001:0003f4a1       _GL_Lock                   004404a1 f   gl_interface.obj
 0001:0003f531       _GL_Unlock                 00440531 f   gl_interface.obj
 0001:0003f6f3       _GL_Bind                   004406f3 f   gl_interface.obj
 0001:0003f81d       _GL_BindForce              0044081d f   gl_interface.obj
 0001:0003f89b       _GL_TexEnv                 0044089b f   gl_interface.obj
 0001:0003fa1a       _GL_TexMipBias             00440a1a f   gl_interface.obj
 0001:0003fa75       _GL_TexEnvColor            00440a75 f   gl_interface.obj
 0001:0003fb25       _GL_SelectTexture          00440b25 f   gl_interface.obj
 0001:0003fb86       _GL_TexCoordPointer        00440b86 f   gl_interface.obj
 0001:0003fbb6       _GL_SetMultitexture        00440bb6 f   gl_interface.obj
 0001:0003fca8       _GL_DisableTexCoordArrays  00440ca8 f   gl_interface.obj
 0001:0003fd01       _GL_CullFace               00440d01 f   gl_interface.obj
 0001:0003fd52       _GL_DepthRange             00440d52 f   gl_interface.obj
 0001:0003fd85       _GL_State                  00440d85 f   gl_interface.obj
 0001:0003fede       _GL_EnableFog              00440ede f   gl_interface.obj
 0001:0003ffd6       _GL_SetDefaultState        00440fd6 f   gl_interface.obj
 0001:00040124       _GL_Set2DMode              00441124 f   gl_interface.obj
 0001:0004021f       _GL_Setup                  0044121f f   gl_interface.obj
 0001:0004032b       _GL_ShowLights             0044132b f   gl_light.obj
 0001:00040750       _GL_LightForEntity         00441750 f   gl_light.obj
 0001:000419c9       _GL_DiffuseLight           004429c9 f   gl_light.obj
 0001:00041b41       _GL_InitLightGrid          00442b41 f   gl_light.obj
 0001:00041bdd       _GL_PostLoadLights         00442bdd f   gl_light.obj
 0001:00041e7b       _LM_Init                   00442e7b f   gl_lightmap.obj
 0001:00041e91       _LM_Flush                  00442e91 f   gl_lightmap.obj
 0001:00041eee       _LM_Done                   00442eee f   gl_lightmap.obj
 0001:00041f15       _LM_Save                   00442f15 f   gl_lightmap.obj
 0001:00041f2f       _LM_Restore                00442f2f f   gl_lightmap.obj
 0001:00041f49       _LM_NewBlock               00442f49 f   gl_lightmap.obj
 0001:00041fc3       _LM_Rewind                 00442fc3 f   gl_lightmap.obj
 0001:00041fcb       _LM_NextBlock              00442fcb f   gl_lightmap.obj
 0001:00041ff8       _LM_CheckMinlight          00442ff8 f   gl_lightmap.obj
 0001:0004208e       _LM_AllocBlock             0044308e f   gl_lightmap.obj
 0001:00042145       _LM_PutBlock               00443145 f   gl_lightmap.obj
 0001:0004257f       _LM_SortLightStyles        0044357f f   gl_lightmap.obj
 0001:00042610       _GL_UpdateDynamicLightmap  00443610 f   gl_lightmap.obj
 0001:00042b07       _LM_IsMonotone             00443b07 f   gl_lightmap.obj
 0001:00042c0e       _GL_EnableRendering        00443c0e f   gl_main.obj
 0001:00042c29       _DrawTextLeft              00443c29 f   gl_main.obj
 0001:00042cf3       _DrawTextRight             00443cf3 f   gl_main.obj
 0001:00042d31       _DrawText3D                00443d31 f   gl_main.obj
 0001:00042da9       _GL_GetRefAPI              00443da9 f   gl_main.obj
 0001:00044772       _GL_InitFuncTables         00445772 f   gl_math.obj
 0001:00044923       _ModelToWorldCoord         00445923 f   gl_math.obj
 0001:00044994       _WorldToModelCoord         00445994 f   gl_math.obj
 0001:000449db       _BuildRotationMatrix       004459db f   gl_math.obj
 0001:00044ad5       _GetBoxRect                00445ad5 f   gl_math.obj
 0001:00044e46       _ProjectToScreen           00445e46 f   gl_math.obj
 0001:00044f89       _SaturateColor3f           00445f89 f   gl_math.obj
 0001:00045079       _SaturateColor4b           00446079 f   gl_math.obj
 0001:00045187       _GL_FindModel              00446187 f   gl_model.obj
 0001:00045305       _GL_LoadWorldMap           00446305 f   gl_model.obj
 0001:00046ea8       _GL_PointInLeaf            00447ea8 f   gl_model.obj
 0001:000478b5       _ATAN2_FUNC                004488b5 f i gl_model.obj
 0001:00047a60       _GL_FindSkin               00448a60 f   gl_model.obj
 0001:00047bbf       _GL_ResetModels            00448bbf f   gl_model.obj
 0001:00047c93       _GL_InitModels             00448c93 f   gl_model.obj
 0001:00047d27       _GL_ShutdownModels         00448d27 f   gl_model.obj
 0001:00047d3d       _SubdividePlane            00448d3d f   gl_poly.obj
 0001:00048190       _FreeSubdividedPlane       00449190 f   gl_poly.obj
 0001:000481a8       _GetSubdivideIndexes       004491a8 f   gl_poly.obj
 0001:000481fb       _RemoveCollinearPoints     004491fb f   gl_poly.obj
 0001:0004830f       _GetPolyArea               0044930f f   gl_poly.obj
 0001:000483a3       _GL_InitShaders            004493a3 f   gl_shader.obj
 0001:000484ef       _GL_ShutdownShaders        004494ef f   gl_shader.obj
 0001:00048519       _GL_SetShaderLightmap      00449519 f   gl_shader.obj
 0001:0004891b       _GL_SetShaderLightstyles   0044991b f   gl_shader.obj
 0001:000489b7       _GL_GetAlphaShader         004499b7 f   gl_shader.obj
 0001:00048c71       _GL_FindShader             00449c71 f   gl_shader.obj
 0001:000492aa       _GL_GetShaderByNum         0044a2aa f   gl_shader.obj
 0001:000492c8       _GL_ResetShaders           0044a2c8 f   gl_shader.obj
 0001:00049756       _GL_ClearSkyBox            0044a756 f   gl_sky.obj
 0001:00049779       _GL_SetSkyRotate           0044a779 f   gl_sky.obj
 0001:000497b1       _GL_SkyVisible             0044a7b1 f   gl_sky.obj
 0001:000497ca       _GL_AddSkySurface          0044a7ca f   gl_sky.obj
 0001:00049df7       _GL_TesselateSkySide       0044adf7 f   gl_sky.obj
 0001:0004a0c9       _GLimp_SetMode             0044b0c9 f   glw_imp.obj
 0001:0004a36f       _GLimp_HasGamma            0044b36f f   glw_imp.obj
 0001:0004a383       _GLimp_SetGamma            0044b383 f   glw_imp.obj
 0001:0004a51c       _GLimp_Init                0044b51c f   glw_imp.obj
 0001:0004a863       _GLimp_Shutdown            0044b863 f   glw_imp.obj
 0001:0004a90b       _GLimp_EndFrame            0044b90b f   glw_imp.obj
 0001:0004a9a8       _GLimp_AppActivate         0044b9a8 f   glw_imp.obj
 0001:0004c0b2       _QGL_Shutdown              0044d0b2 f   qgl_win.obj
 0001:0004c0f6       _QGL_Init                  0044d0f6 f   qgl_win.obj
 0001:0004c179       _QGL_InitExtensions        0044d179 f   qgl_win.obj
 0001:0004c58d       _QGL_PrintExtensionsString 0044d58d f   qgl_win.obj
 0001:0004c6b7       _QGL_EnableLogging         0044d6b7 f   qgl_win.obj
 0001:0004c752       _QGL_LogMessage            0044d752 f   qgl_win.obj
 0001:0004c769       _Hunk_Begin                0044d769 f   q_shwin.obj
 0001:0004c7a3       _Hunk_Alloc                0044d7a3 f   q_shwin.obj
 0001:0004c82a       _Hunk_End                  0044d82a f   q_shwin.obj
 0001:0004c830       _Hunk_Free                 0044d830 f   q_shwin.obj
 0001:0004c849       _Sys_Milliseconds          0044d849 f   q_shwin.obj
 0001:0004c87d       _Sys_Mkdir                 0044d87d f   q_shwin.obj
 0001:0004c889       _Sys_FindFirst             0044d889 f   q_shwin.obj
 0001:0004c907       _Sys_FindNext              0044d907 f   q_shwin.obj
 0001:0004c97c       _Sys_FindClose             0044d97c f   q_shwin.obj
 0001:0004c996       _R_Alias_clip_z            0044d996 f   r_aclip.obj
 0001:0004ca58       _R_Alias_clip_left         0044da58 f   r_aclip.obj
 0001:0004cc64       _R_Alias_clip_right        0044dc64 f   r_aclip.obj
 0001:0004ce70       _R_Alias_clip_top          0044de70 f   r_aclip.obj
 0001:0004d084       _R_Alias_clip_bottom       0044e084 f   r_aclip.obj
 0001:0004d298       _R_AliasClip               0044e298 f   r_aclip.obj
 0001:0004d368       _R_AliasClipTriangle       0044e368 f   r_aclip.obj
 0001:0004d55a       _R_AliasCheckFrameBBox     0044e55a f   r_alias.obj
 0001:0004d68d       _R_AliasCheckBBox          0044e68d f   r_alias.obj
 0001:0004d6f1       _R_AliasTransformVector    0044e6f1 f   r_alias.obj
 0001:0004d74d       _R_AliasPreparePoints      0044e74d f   r_alias.obj
 0001:0004d9e5       _R_AliasSetUpTransform     0044e9e5 f   r_alias.obj
 0001:0004dca8       _R_AliasTransformFinalVerts 0044eca8 f   r_alias.obj
 0001:0004de77       _R_AliasProjectAndClipTestFinalVert 0044ee77 f   r_alias.obj
 0001:0004df26       _R_AliasSetupLighting      0044ef26 f   r_alias.obj
 0001:0004e090       _R_AliasSetupFrames        0044f090 f   r_alias.obj
 0001:0004e104       _R_AliasSetUpLerpData      0044f104 f   r_alias.obj
 0001:0004e22c       _R_AliasDrawModel          0044f22c f   r_alias.obj
 0001:0004e4c0       _R_EntityRotate            0044f4c0 f   r_bsp.obj
 0001:0004e53c       _R_RotateBmodel            0044f53c f   r_bsp.obj
 0001:0004e697       _R_RecursiveClipBPoly      0044f697 f   r_bsp.obj
 0001:0004e9c7       _R_DrawSolidClippedSubmodelPolygons 0044f9c7 f   r_bsp.obj
 0001:0004eb4e       _R_DrawSubmodelPolygons    0044fb4e f   r_bsp.obj
 0001:0004ebde       _R_RecursiveWorldNode      0044fbde f   r_bsp.obj
 0001:0004ee10       _R_RenderWorld             0044fe10 f   r_bsp.obj
 0001:0004ee8b       _Draw_FindPic              0044fe8b f   r_draw.obj
 0001:0004ef27       _Draw_InitLocal            0044ff27 f   r_draw.obj
 0001:0004ef38       _Draw_Char                 0044ff38 f   r_draw.obj
 0001:0004f083       _Draw_CharColor            00450083 f   r_draw.obj
 0001:0004f1f8       _R_DrawTexts               004501f8 f   r_draw.obj
 0001:0004f2be       _DrawText_Pos              004502be f   r_draw.obj
 0001:0004f396       _DrawText_Left             00450396 f   r_draw.obj
 0001:0004f3be       _DrawText_Right            004503be f   r_draw.obj
 0001:0004f3fa       _Draw_GetPicSize           004503fa f   r_draw.obj
 0001:0004f43a       _Draw_StretchPicImplementation 0045043a f   r_draw.obj
 0001:0004f561       _Draw_StretchPic           00450561 f   r_draw.obj
 0001:0004f5f5       _Draw_StretchRaw8          004505f5 f   r_draw.obj
 0001:0004f66f       _Draw_Pic                  0045066f f   r_draw.obj
 0001:0004f879       _Draw_PicColor             00450879 f   r_draw.obj
 0001:0004fa32       _Draw_TileClear            00450a32 f   r_draw.obj
 0001:0004fb51       _Draw_Fill                 00450b51 f   r_draw.obj
 0001:0004fc37       _Draw_Fade                 00450c37 f   r_draw.obj
 0001:0004fce5       _R_BeginEdgeFrame          00450ce5 f   r_edge.obj
 0001:0004fda1       _R_InsertNewEdges          00450da1 f   r_edge.obj
 0001:0004fde7       _R_RemoveEdges             00450de7 f   r_edge.obj
 0001:0004fe05       _R_StepActiveU             00450e05 f   r_edge.obj
 0001:0004fe99       _R_CleanupSpan             00450e99 f   r_edge.obj
 0001:0004fee9       _R_LeadingEdgeBackwards    00450ee9 f   r_edge.obj
 0001:0004ff7e       _R_TrailingEdge            00450f7e f   r_edge.obj
 0001:0004ffe2       _R_LeadingEdge             00450fe2 f   r_edge.obj
 0001:00050185       _R_GenerateSpans           00451185 f   r_edge.obj
 0001:000501f3       _R_GenerateSpansBackward   004511f3 f   r_edge.obj
 0001:00050261       _R_ScanEdges               00451261 f   r_edge.obj
 0001:00050438       _D_FlatFillSurface         00451438 f   r_edge.obj
 0001:00050492       _D_CalcGradients           00451492 f   r_edge.obj
 0001:000506f2       _D_BackgroundSurf          004516f2 f   r_edge.obj
 0001:00050732       _D_TurbulentSurf           00451732 f   r_edge.obj
 0001:00050841       _D_SkySurf                 00451841 f   r_edge.obj
 0001:000508c2       _D_SolidSurf               004518c2 f   r_edge.obj
 0001:00050a1a       _D_DrawflatSurfaces        00451a1a f   r_edge.obj
 0001:00050a6a       _D_DrawSurfaces            00451a6a f   r_edge.obj
 0001:00050b63       _R_ImageList_f             00451b63 f   r_image.obj
 0001:00050c24       _R_FindFreeImage           00451c24 f   r_image.obj
 0001:00050c6f       _R_LoadPic                 00451c6f f   r_image.obj
 0001:00050cfc       _R_LoadTex                 00451cfc f   r_image.obj
 0001:00050d88       _R_LoadWal                 00451d88 f   r_image.obj
 0001:00050dde       _R_MipMap                  00451dde f   r_image.obj
 0001:00050f0c       _R_DownsampleImage         00451f0c f   r_image.obj
 0001:00051011       _R_FindImage               00452011 f   r_image.obj
 0001:000513b6       _R_RegisterSkin            004523b6 f   r_image.obj
 0001:000513c4       _R_FreeUnusedImages        004523c4 f   r_image.obj
 0001:00051424       _R_InitImages              00452424 f   r_image.obj
 0001:00051487       _R_ShutdownImages          00452487 f   r_image.obj
 0001:000514c4       _R_MarkLights              004524c4 f   r_light.obj
 0001:0005158a       _R_PushDlights             0045258a f   r_light.obj
 0001:000515e8       _R_LightPoint              004525e8 f   r_light.obj
 0001:000519b3       _R_AddDynamicLights        004529b3 f   r_light.obj
 0001:00051c51       _R_BuildLightMap           00452c51 f   r_light.obj
 0001:00051d47       _R_InitTextures            00452d47 f   r_main.obj
 0001:00051e08       _R_InitTurb                00452e08 f   r_main.obj
 0001:00051e85       _R_Register                00452e85 f   r_main.obj
 0001:00051eed       _R_Init                    00452eed f   r_main.obj
 0001:00051fd4       _R_Shutdown                00452fd4 f   r_main.obj
 0001:00052095       _R_NewMap                  00453095 f   r_main.obj
 0001:0005213f       _R_MarkLeaves              0045313f f   r_main.obj
 0001:00052266       _R_DrawEntitiesOnList      00453266 f   r_main.obj
 0001:0005240e       _R_BmodelCheckBBox         0045340e f   r_main.obj
 0001:000524c0       _R_FindTopnode             004534c0 f   r_main.obj
 0001:00052515       _RotatedBBox               00453515 f   r_main.obj
 0001:00052677       _R_DrawBEntitiesOnList     00453677 f   r_main.obj
 0001:00052878       _R_EdgeDrawing             00453878 f   r_main.obj
 0001:0005294d       _R_CalcPalette             0045394d f   r_main.obj
 0001:00052a52       _R_SetLightLevel           00453a52 f   r_main.obj
 0001:00052aa2       _R_RenderFrame             00453aa2 f   r_main.obj
 0001:00052ccd       _R_InitGraphics            00453ccd f   r_main.obj
 0001:00052d43       _R_BeginFrame              00453d43 f   r_main.obj
 0001:00052edc       _R_GammaCorrectAndSetPalette 00453edc f   r_main.obj
 0001:00052f3b       _R_CinematicSetPalette     00453f3b f   r_main.obj
 0001:00052fd2       _Draw_BuildGammaTable      00453fd2 f   r_main.obj
 0001:000530e3       _R_DrawBeam                004540e3 f   r_main.obj
 0001:00053238       _R_SetSky                  00454238 f   r_main.obj
 0001:000532af       _Draw_GetPalette           004542af f   r_main.obj
 0001:000533f5       _Draw_ConCharColor         004543f5 f   r_main.obj
 0001:00053416       _GetRefAPI                 00454416 f   r_main.obj
 0001:00053650       _D_ViewChanged             00454650 f   r_misc.obj
 0001:000537c3       _R_PrintTimes              004547c3 f   r_misc.obj
 0001:0005382b       _R_PrintDSpeeds            0045482b f   r_misc.obj
 0001:000538e0       _R_PrintAliasStats         004548e0 f   r_misc.obj
 0001:000538f3       _R_TransformFrustum        004548f3 f   r_misc.obj
 0001:000539b1       _TransformVector           004549b1 f   r_misc.obj
 0001:00053a1c       _R_SetUpFrustumIndexes     00454a1c f   r_misc.obj
 0001:00053a81       _R_ViewChanged             00454a81 f   r_misc.obj
 0001:00053dca       _R_SetupFrame              00454dca f   r_misc.obj
 0001:00053fa5       _WritePCXfile              00454fa5 f   r_misc.obj
 0001:000540c7       _R_ScreenShot              004550c7 f   r_misc.obj
 0001:000541d6       _Mod_Modellist_f           004551d6 f   r_model.obj
 0001:00054234       _Mod_Init                  00455234 f   r_model.obj
 0001:0005424c       _Mod_ForName               0045524c f   r_model.obj
 0001:0005447a       _Mod_PointInLeaf           0045547a f   r_model.obj
 0001:000544d9       _Mod_DecompressVis         004554d9 f   r_model.obj
 0001:00054559       _Mod_ClusterPVS            00455559 f   r_model.obj
 0001:00054586       _Mod_LoadLighting          00455586 f   r_model.obj
 0001:00054605       _R_NumberLeafs             00455605 f   r_model.obj
 0001:00054653       _Mod_LoadVertexes          00455653 f   r_model.obj
 0001:00054695       _Mod_LoadEdges             00455695 f   r_model.obj
 0001:000546e3       _Mod_LoadTexinfo           004556e3 f   r_model.obj
 0001:0005484b       _CalcSurfaceExtents        0045584b f   r_model.obj
 0001:000549c9       _Mod_LoadFaces             004559c9 f   r_model.obj
 0001:00054b2a       _Mod_SetParent             00455b2a f   r_model.obj
 0001:00054b4f       _Mod_LoadNodes             00455b4f f   r_model.obj
 0001:00054c45       _Mod_LoadLeafs             00455c45 f   r_model.obj
 0001:00054cee       _Mod_LoadMarksurfaces      00455cee f   r_model.obj
 0001:00054d67       _Mod_LoadSurfedges         00455d67 f   r_model.obj
 0001:00054da6       _Mod_LoadPlanes            00455da6 f   r_model.obj
 0001:00054e15       _Mod_LoadBrushModel        00455e15 f   r_model.obj
 0001:00054ff4       _Mod_LoadAliasModel        00455ff4 f   r_model.obj
 0001:00055261       _Mod_LoadSpriteModel       00456261 f   r_model.obj
 0001:00055344       _R_BeginRegistration       00456344 f   r_model.obj
 0001:000553d4       _R_RegisterModel           004563d4 f   r_model.obj
 0001:000554cc       _R_EndRegistration         004564cc f   r_model.obj
 0001:00055537       _Mod_FreeAll               00456537 f   r_model.obj
 0001:0005557c       _R_DrawParticle            0045657c f   r_part.obj
 0001:00055816       _R_DrawParticles           00456816 f   r_part.obj
 0001:000558be       _R_DrawSpanletOpaque       004568be f   r_poly.obj
 0001:0005594e       _R_DrawSpanletTurbulentStipple33 0045694e f   r_poly.obj
 0001:00055a79       _R_DrawSpanletTurbulentStipple66 00456a79 f   r_poly.obj
 0001:00055c5a       _R_DrawSpanletTurbulentBlended66 00456c5a f   r_poly.obj
 0001:00055d0f       _R_DrawSpanletTurbulentBlended33 00456d0f f   r_poly.obj
 0001:00055dc4       _R_DrawSpanlet33           00456dc4 f   r_poly.obj
 0001:00055e5e       _R_DrawSpanletConstant33   00456e5e f   r_poly.obj
 0001:00055eb7       _R_DrawSpanlet66           00456eb7 f   r_poly.obj
 0001:00055f55       _R_DrawSpanlet33Stipple    00456f55 f   r_poly.obj
 0001:00056070       _R_DrawSpanlet66Stipple    00457070 f   r_poly.obj
 0001:00056201       _R_ClipPolyFace            00457201 f   r_poly.obj
 0001:00056372       _R_PolygonDrawSpans        00457372 f   r_poly.obj
 0001:00056771       _R_PolygonScanLeftEdge     00457771 f   r_poly.obj
 0001:000568d5       _R_PolygonScanRightEdge    004578d5 f   r_poly.obj
 0001:00056adf       _R_ClipAndDrawPoly         00457adf f   r_poly.obj
 0001:00056cde       _R_BuildPolygonFromSurface 00457cde f   r_poly.obj
 0001:00056ed4       _R_PolygonCalculateGradients 00457ed4 f   r_poly.obj
 0001:000571a7       _R_DrawAlphaSurfaces       004581a7 f   r_poly.obj
 0001:0005723d       _R_IMFlatShadedQuad        0045823d f   r_poly.obj
 0001:0005736b       _R_InitAdivtab             0045836b f   r_polyse.obj
 0001:000573d7       _R_PolysetUpdateTables     004583d7 f   r_polyse.obj
 0001:00057412       _R_DrawTriangle            00458412 f   r_polyse.obj
 0001:00057523       _R_PolysetScanLeftEdge_C   00458523 f   r_polyse.obj
 0001:000576ed       _FloorDivMod               004586ed f   r_polyse.obj
 0001:00057787       _R_PolysetSetUpForLineScan 00458787 f   r_polyse.obj
 0001:00057815       _R_PolysetCalcGradients    00458815 f   r_polyse.obj
 0001:00057a88       _R_PolysetDrawSpans8_33    00458a88 f   r_polyse.obj
 0001:00057bb8       _R_PolysetDrawSpansConstant8_33 00458bb8 f   r_polyse.obj
 0001:00057c52       _R_PolysetDrawSpans8_66    00458c52 f   r_polyse.obj
 0001:00057d8e       _R_PolysetDrawSpansConstant8_66 00458d8e f   r_polyse.obj
 0001:00057e36       _R_PolysetDrawSpans8_Opaque 00458e36 f   r_polyse.obj
 0001:00057f81       _R_RasterizeAliasPolySmooth 00458f81 f   r_polyse.obj
 0001:00058561       _R_PolysetSetEdgeTable     00459561 f   r_polyse.obj
 0001:000585fc       _R_InitSkyBox              004595fc f   r_rast.obj
 0001:00058865       _R_EmitSkyBox              00459865 f   r_rast.obj
 0001:00058978       _R_EmitEdge                00459978 f   r_rast.obj
 0001:00058d4a       _R_ClipEdge                00459d4a f   r_rast.obj
 0001:00058ef8       _R_EmitCachedEdge          00459ef8 f   r_rast.obj
 0001:00058f4f       _R_RenderFace              00459f4f f   r_rast.obj
 0001:00059316       _R_RenderBmodelFace        0045a316 f   r_rast.obj
 0001:0005957f       _D_WarpScreen              0045a57f f   r_scan.obj
 0001:00059741       _D_DrawTurbulent8Span      0045a741 f   r_scan.obj
 0001:000597c5       _Turbulent8                0045a7c5 f   r_scan.obj
 0001:00059b21       _NonTurbulent8             0045ab21 f   r_scan.obj
 0001:00059e5b       _D_DrawSpans16             0045ae5b f   r_scan.obj
 0001:0005a178       _D_DrawZSpans              0045b178 f   r_scan.obj
 0001:0005a248       _R_DrawSprite              0045b248 f   r_sprite.obj
 0001:0005a4d2       _R_TextureAnimation        0045b4d2 f   r_surf.obj
 0001:0005a4f6       _R_DrawSurface             0045b4f6 f   r_surf.obj
 0001:0005a65b       _R_DrawSurfaceBlock8_mip0  0045b65b f   r_surf.obj
 0001:0005a75a       _R_DrawSurfaceBlock8_mip1  0045b75a f   r_surf.obj
 0001:0005a859       _R_DrawSurfaceBlock8_mip2  0045b859 f   r_surf.obj
 0001:0005a958       _R_DrawSurfaceBlock8_mip3  0045b958 f   r_surf.obj
 0001:0005aa54       _R_InitCaches              0045ba54 f   r_surf.obj
 0001:0005aad5       _D_FlushCaches             0045bad5 f   r_surf.obj
 0001:0005ab1a       _D_SCAlloc                 0045bb1a f   r_surf.obj
 0001:0005aca7       _D_CacheSurface            0045bca7 f   r_surf.obj
 0001:0005ae1c       _DDRAW_Init                0045be1c f   rw_ddraw.obj
 0001:0005b22c       _DDRAW_SetPalette          0045c22c f   rw_ddraw.obj
 0001:0005b295       _DDRAW_Shutdown            0045c295 f   rw_ddraw.obj
 0001:0005b400       _DIB_Init                  0045c400 f   rw_dib.obj
 0001:0005b5e5       _DIB_SetPalette            0045c5e5 f   rw_dib.obj
 0001:0005b7a1       _DIB_Shutdown              0045c7a1 f   rw_dib.obj
 0001:0005b89a       _SWimp_Init                0045c89a f   rw_imp.obj
 0001:0005b89e       _SWimp_EndFrame            0045c89e f   rw_imp.obj
 0001:0005ba0a       _SWimp_SetMode             0045ca0a f   rw_imp.obj
 0001:0005bb2c       _SWimp_SetPalette          0045cb2c f   rw_imp.obj
 0001:0005bb51       _SWimp_Shutdown            0045cb51 f   rw_imp.obj
 0001:0005bb98       _SWimp_AppActivate         0045cb98 f   rw_imp.obj
 0001:0005bc50       _jpeg_CreateDecompress     0045cc50 f   lib:jdapimin.obj
 0001:0005bd10       _jpeg_destroy_compress     0045cd10 f   lib:jdapimin.obj
 0001:0005bd10       _jpeg_destroy_decompress   0045cd10 f   lib:jdapimin.obj
 0001:0005bd1b       _jpeg_read_header          0045cd1b f   lib:jdapimin.obj
 0001:0005bd7d       _jpeg_consume_input        0045cd7d f   lib:jdapimin.obj
 0001:0005bfcb       _jpeg_finish_decompress    0045cfcb f   lib:jdapimin.obj
 0001:0005c062       _jpeg_start_decompress     0045d062 f   lib:jdapistd.obj
 0001:0005c1cf       _jpeg_read_scanlines       0045d1cf f   lib:jdapistd.obj
 0001:0005c253       _jpeg_resync_to_restart    0045d253 f   lib:jdmarker.obj
 0001:0005c418       _jinit_marker_reader       0045d418 f   lib:jdmarker.obj
 0001:0005d8e3       _jpeg_CreateCompress       0045e8e3 f   lib:jcapimin.obj
 0001:0005d997       _jpeg_suppress_tables      0045e997 f   lib:jcapimin.obj
 0001:0005d9e1       _jpeg_finish_compress      0045e9e1 f   lib:jcapimin.obj
 0001:0005dacb       _jpeg_start_compress       0045eacb f   lib:jcapistd.obj
 0001:0005db37       _jpeg_write_scanlines      0045eb37 f   lib:jcapistd.obj
 0001:0005dbe2       _jpeg_add_quant_table      0045ebe2 f   lib:jcparam.obj
 0001:0005dc94       _jpeg_quality_scaling      0045ec94 f   lib:jcparam.obj
 0001:0005dcbb       _jpeg_set_quality          0045ecbb f   lib:jcparam.obj
 0001:0005dcf5       _jpeg_set_defaults         0045ecf5 f   lib:jcparam.obj
 0001:0005deb7       _jpeg_default_colorspace   0045eeb7 f   lib:jcparam.obj
 0001:0005df07       _jpeg_set_colorspace       0045ef07 f   lib:jcparam.obj
 0001:0005e222       _jpeg_stdio_dest           0045f222 f   lib:jdatadst.obj
 0001:0005e421       _crc32                     0045f421 f   lib:crc32.obj
 0001:0005e6bb       _inflateReset              0045f6bb f   lib:inflate.obj
 0001:0005e702       _inflateInit2_             0045f702 f   lib:inflate.obj
 0001:0005e7bb       _inflate                   0045f7bb f   lib:inflate.obj
 0001:0005fa8a       _inflateEnd                00460a8a f   lib:inflate.obj
 0001:0005fac8       _jinit_input_controller    00460ac8 f   lib:jdinput.obj
 0001:0005ffab       _jinit_memory_mgr          00460fab f   lib:jmemmgr.obj
 0001:00060b3f       _jpeg_abort                00461b3f f   lib:jcomapi.obj
 0001:00060b72       _jpeg_destroy              00461b72 f   lib:jcomapi.obj
 0001:00060b8d       _jpeg_alloc_quant_table    00461b8d f   lib:jcomapi.obj
 0001:00060ba9       _jpeg_alloc_huff_table     00461ba9 f   lib:jcomapi.obj
 0001:00060bc5       _jpeg_calc_output_dimensions 00461bc5 f   lib:jdmaster.obj
 0001:00060cc5       _jinit_master_decompress   00461cc5 f   lib:jdmaster.obj
 0001:0006101b       _jdiv_round_up             0046201b f   lib:jutils.obj
 0001:0006102b       _jround_up                 0046202b f   lib:jutils.obj
 0001:00061043       _jcopy_sample_rows         00462043 f   lib:jutils.obj
 0001:00061081       _jcopy_block_row           00462081 f   lib:jutils.obj
 0001:0006109a       _jzero_far                 0046209a f   lib:jutils.obj
 0001:000610ad       _jinit_marker_writer       004620ad f   lib:jcmarker.obj
 0001:00061989       _jinit_compress_master     00462989 f   lib:jcinit.obj
 0001:000619e2       _zcalloc                   004629e2 f   lib:zutil.obj
 0001:000619f4       _inflate_fast              004629f4 f   lib:inffast.obj
 0001:00061da9       _inflate_table             00462da9 f   lib:inftrees.obj
 0001:00062132       _adler32                   00463132 f   lib:adler32.obj
 0001:0006224b       _jinit_c_codec             0046324b f   lib:jcodec.obj
 0001:00062267       _jinit_d_codec             00463267 f   lib:jcodec.obj
 0001:00062283       _jpeg_free_small           00463283 f   lib:jmemansi.obj
 0001:00062283       _jpeg_free_large           00463283 f   lib:jmemansi.obj
 0001:00062283       _zcfree                    00463283 f   lib:jmemansi.obj
 0001:0006228f       _jpeg_get_large            0046328f f   lib:jmemansi.obj
 0001:0006228f       _jpeg_get_small            0046328f f   lib:jmemansi.obj
 0001:0006229b       _jpeg_mem_available        0046329b f   lib:jmemansi.obj
 0001:000622aa       _jpeg_open_backing_store   004632aa f   lib:jmemansi.obj
 0001:000623c1       _jpeg_mem_init             004633c1 f   lib:jmemansi.obj
 0001:000623c7       _jinit_d_main_controller   004633c7 f   lib:jdmainct.obj
 0001:00062a12       _jinit_d_post_controller   00463a12 f   lib:jdpostct.obj
 0001:00062cbd       _jinit_upsampler           00463cbd f   lib:jdsample.obj
 0001:000632fb       _jinit_color_deconverter   004642fb f   lib:jdcolor.obj
 0001:00063811       _jinit_merged_upsampler    00464811 f   lib:jdmerge.obj
 0001:00063d61       _jinit_2pass_quantizer     00464d61 f   lib:jquant2.obj
 0001:00064e24       _jinit_1pass_quantizer     00465e24 f   lib:jquant1.obj
 0001:0006584a       _jinit_c_main_controller   0046684a f   lib:jcmainct.obj
 0001:000659b7       _jinit_c_prep_controller   004669b7 f   lib:jcprepct.obj
 0001:00065f02       _jinit_downsampler         00466f02 f   lib:jcsample.obj
 0001:00066782       _jinit_color_converter     00467782 f   lib:jccolor.obj
 0001:00066d6c       _jinit_c_master_control    00467d6c f   lib:jcmaster.obj
 0001:0006785b       _jinit_lossy_c_codec       0046885b f   lib:jclossy.obj
 0001:000678f6       _jinit_lossless_c_codec    004688f6 f   lib:jclossls.obj
[...]
 0001:0006d19a       _dummy_consume_data        0046e19a f   lib:jddiffct.obj
 0001:0006d19d       _consume_data              0046e19d f   lib:jddiffct.obj
 0001:0006d214       _output_data               0046e214 f   lib:jddiffct.obj
 0001:0006cc3d       _start_pass                0046dc3d f   lib:jddctmgr.obj
 0001:0006c08f       _start_pass_phuff_decoder  0046d08f f   lib:jdphuff.obj
 0001:0006c2d8       _decode_mcu_DC_first       0046d2d8 f   lib:jdphuff.obj
 0001:0006c4d0       _process_restart           0046d4d0 f   lib:jdphuff.obj
 0001:0006c53f       _decode_mcu_AC_first       0046d53f f   lib:jdphuff.obj
 0001:0006c75f       _decode_mcu_DC_refine      0046d75f f   lib:jdphuff.obj
 0001:0006c834       _decode_mcu_AC_refine      0046d834 f   lib:jdphuff.obj
 0001:0006bad6       _start_pass_huff_decoder   0046cad6 f   lib:jdshuff.obj
 0001:0006bc0e       _decode_mcu                0046cc0e f   lib:jdshuff.obj
 0001:0006bfbe       _process_restart           0046cfbe f   lib:jdshuff.obj
 0001:0006aebf       _start_input_pass          0046bebf f   lib:jdcoefct.obj
 0001:0006aed2       _start_iMCU_row            0046bed2 f   lib:jdcoefct.obj
 0001:0006af17       _start_output_pass         0046bf17 f   lib:jdcoefct.obj
 0001:0006af54       _decompress_onepass        0046bf54 f   lib:jdcoefct.obj
 0001:0006d19a       _dummy_consume_data        0046e19a f   lib:jddiffct.obj
 0001:0006b12d       _consume_data              0046c12d f   lib:jdcoefct.obj
 0001:0006b2e6       _decompress_data           0046c2e6 f   lib:jdcoefct.obj
 0001:0006b452       _smoothing_ok              0046c452 f   lib:jdcoefct.obj
 0001:0006b53d       _decompress_smooth_data    0046c53d f   lib:jdcoefct.obj
 0001:0006ad58       _scaler_start_pass         0046bd58 f   lib:jcscale.obj
 0001:0006ad7b       _simple_downscale          0046bd7b f   lib:jcscale.obj
 0001:0006ada7       _noscale                   0046bda7 f   lib:jcscale.obj
 0001:0006a850       _start_pass                0046b850 f   lib:jcpred.obj
 0001:0006a8a8       _reset_predictor           0046b8a8 f   lib:jcpred.obj
 0001:0006a8d5       _jpeg_difference_first_row 0046b8d5 f   lib:jcpred.obj
 0001:0006a9bf       _jpeg_difference1          0046b9bf f   lib:jcpred.obj
 0001:0006aa2d       _jpeg_difference2          0046ba2d f   lib:jcpred.obj
 0001:0006aa9e       _jpeg_difference3          0046ba9e f   lib:jcpred.obj
 0001:0006ab16       _jpeg_difference4          0046bb16 f   lib:jcpred.obj
 0001:0006aba1       _jpeg_difference5          0046bba1 f   lib:jcpred.obj
 0001:0006ac34       _jpeg_difference6          0046bc34 f   lib:jcpred.obj
 0001:0006acc3       _jpeg_difference7          0046bcc3 f   lib:jcpred.obj
 0001:0006a13f       _start_pass_huff           0046b13f f   lib:jclhuff.obj
 0001:0006a2dc       _encode_mcus_huff          0046b2dc f   lib:jclhuff.obj
 0001:0006a4c7       _emit_bits                 0046b4c7 f   lib:jclhuff.obj
 0001:0006a56a       _dump_buffer               0046b56a f   lib:jclhuff.obj
 0001:0006a58e       _emit_restart              0046b58e f   lib:jclhuff.obj
 0001:0006a5d9       _flush_bits                0046b5d9 f   lib:jclhuff.obj
 0001:0006a5fd       _finish_pass_huff          0046b5fd f   lib:jclhuff.obj
 0001:0006a66a       _encode_mcus_gather        0046b66a f   lib:jclhuff.obj
 0001:0006a793       _finish_pass_gather        0046b793 f   lib:jclhuff.obj
 0001:0006a829       _need_optimization_pass    0046b829 f   lib:jclhuff.obj
 0001:00069d5f       _start_pass_diff           0046ad5f f   lib:jcdiffct.obj
 0001:00067e5b       _start_iMCU_row            00468e5b f   lib:jccoefct.obj
 0001:00069dfd       _compress_data             0046adfd f   lib:jcdiffct.obj
 0001:00069f93       _compress_first_pass       0046af93 f   lib:jcdiffct.obj
 0001:0006a088       _compress_output           0046b088 f   lib:jcdiffct.obj
 0001:0006978a       _start_pass_fdctmgr        0046a78a f   lib:jcdctmgr.obj
 0001:00069928       _forward_DCT               0046a928 f   lib:jcdctmgr.obj
 0001:00069a74       _forward_DCT_float         0046aa74 f   lib:jcdctmgr.obj
 0001:00068c9a       _start_pass_phuff          00469c9a f   lib:jcphuff.obj
 0001:00068e07       _encode_mcu_DC_first       00469e07 f   lib:jcphuff.obj
 0001:00068f39       _emit_bits                 00469f39 f   lib:jcphuff.obj
 0001:00068fe4       _dump_buffer               00469fe4 f   lib:jcphuff.obj
 0001:0006901c       _emit_symbol               0046a01c f   lib:jcphuff.obj
 0001:0006905c       _emit_restart              0046a05c f   lib:jcphuff.obj
 0001:000690e5       _emit_eobrun               0046a0e5 f   lib:jcphuff.obj
 0001:0006916b       _encode_mcu_AC_first       0046a16b f   lib:jcphuff.obj
 0001:000692ff       _encode_mcu_DC_refine      0046a2ff f   lib:jcphuff.obj
 0001:000693b9       _encode_mcu_AC_refine      0046a3b9 f   lib:jcphuff.obj
 0001:000695d0       _finish_pass_phuff         0046a5d0 f   lib:jcphuff.obj
 0001:0006961f       _finish_pass_gather_phuff  0046a61f f   lib:jcphuff.obj
 0001:000696e2       _need_optimization_pass    0046a6e2 f   lib:jcphuff.obj
 0001:00068435       _start_pass_huff           00469435 f   lib:jcshuff.obj
 0001:000685aa       _encode_mcu_huff           004695aa f   lib:jcshuff.obj
 0001:000686b5       _encode_one_block          004696b5 f   lib:jcshuff.obj
 0001:0006882c       _emit_bits                 0046982c f   lib:jcshuff.obj
 0001:000688cf       _dump_buffer               004698cf f   lib:jcshuff.obj
 0001:000688f3       _emit_restart              004698f3 f   lib:jcshuff.obj
 0001:00068960       _flush_bits                00469960 f   lib:jcshuff.obj
 0001:00068984       _finish_pass_huff          00469984 f   lib:jcshuff.obj
 0001:000689f3       _encode_mcu_gather         004699f3 f   lib:jcshuff.obj
 0001:00068aa9       _htest_one_block           00469aa9 f   lib:jcshuff.obj
 0001:00068b70       _finish_pass_gather        00469b70 f   lib:jcshuff.obj
 0001:0006a829       _need_optimization_pass    0046b829 f   lib:jclhuff.obj
 0001:00067dc6       _start_pass_coef           00468dc6 f   lib:jccoefct.obj
 0001:00067e5b       _start_iMCU_row            00468e5b f   lib:jccoefct.obj
 0001:00067e9d       _compress_data             00468e9d f   lib:jccoefct.obj
 0001:00068084       _compress_first_pass       00469084 f   lib:jccoefct.obj
 0001:0006826a       _compress_output           0046926a f   lib:jccoefct.obj
 0001:00067cde       _calc_output_dimensions    00468cde f   lib:jdlossls.obj
 0001:00067cef       _start_input_pass          00468cef f   lib:jdlossls.obj
 0001:00067a1d       _calc_output_dimensions    00468a1d f   lib:jdlossy.obj
 0001:00067b90       _start_input_pass          00468b90 f   lib:jdlossy.obj
 0001:00067bb0       _latch_quant_tables        00468bb0 f   lib:jdlossy.obj
 0001:00067c48       _start_output_pass         00468c48 f   lib:jdlossy.obj
 0001:0006796c       _start_pass                0046896c f   lib:jclossls.obj
 0001:000678d8       _start_pass                004688d8 f   lib:jclossy.obj
 0001:00066e2d       _initial_setup             00467e2d f   lib:jcmaster.obj
 0001:00066fe0       _validate_script           00467fe0 f   lib:jcmaster.obj
 0001:000673b8       _prepare_for_pass          004683b8 f   lib:jcmaster.obj
 0001:00067530       _select_scan_parameters    00468530 f   lib:jcmaster.obj
 0001:00067631       _per_scan_setup            00468631 f   lib:jcmaster.obj
 0001:000677dc       _pass_startup              004687dc f   lib:jcmaster.obj
 0001:00067803       _finish_pass_master        00468803 f   lib:jcmaster.obj
 0001:00066919       _rgb_ycc_start             00467919 f   lib:jccolor.obj
 0001:000669dd       _rgb_ycc_convert           004679dd f   lib:jccolor.obj
 0001:00066adc       _rgb_gray_convert          00467adc f   lib:jccolor.obj
 0001:00066b61       _cmyk_ycck_convert         00467b61 f   lib:jccolor.obj
 0001:00066c99       _grayscale_convert         00467c99 f   lib:jccolor.obj
 0001:00066cf3       _null_convert              00467cf3 f   lib:jccolor.obj
 0001:0002e272       _null_method               0042f272 f   sv_game.obj
 0001:0002e272       _start_pass_downsample     0042f272 f   sv_game.obj
 0001:00066065       _sep_downsample            00467065 f   lib:jcsample.obj
 0001:000660da       _int_downsample            004670da f   lib:jcsample.obj
 0001:000661d2       _expand_right_edge         004671d2 f   lib:jcsample.obj
 0001:00066227       _fullsize_downsample       00467227 f   lib:jcsample.obj
 0001:0006626b       _h2v1_downsample           0046726b f   lib:jcsample.obj
 0001:000662ff       _h2v2_downsample           004672ff f   lib:jcsample.obj
 0001:000663ac       _h2v2_smooth_downsample    004673ac f   lib:jcsample.obj
 0001:00066624       _fullsize_smooth_downsample 00467624 f   lib:jcsample.obj
 0001:00065a61       _start_pass_prep           00466a61 f   lib:jcprepct.obj
 0001:00065a9f       _pre_process_data          00466a9f f   lib:jcprepct.obj
 0001:00065c4d       _pre_process_context       00466c4d f   lib:jcprepct.obj
 0001:00065e06       _create_context_buffer     00466e06 f   lib:jcprepct.obj
 0001:000658d9       _start_pass_main           004668d9 f   lib:jcmainct.obj
 0001:0006591b       _process_data_simple_main  0046691b f   lib:jcmainct.obj
 0001:00064eaf       _create_colormap           00465eaf f   lib:jquant1.obj
 0001:00064fe1       _select_ncolors            00465fe1 f   lib:jquant1.obj
 0001:000650b8       _create_colorindex         004660b8 f   lib:jquant1.obj
 0001:000651e4       _alloc_fs_workspace        004661e4 f   lib:jquant1.obj
 0001:00065220       _start_pass_1_quant        00466220 f   lib:jquant1.obj
 0001:000652ec       _create_odither_tables     004662ec f   lib:jquant1.obj
 0001:0006534b       _make_odither_array        0046634b f   lib:jquant1.obj
 0001:000653ae       _color_quantize            004663ae f   lib:jquant1.obj
 0001:00065439       _color_quantize3           00466439 f   lib:jquant1.obj
 0001:000654c7       _quantize_ord_dither       004664c7 f   lib:jquant1.obj
 0001:000655b2       _quantize3_ord_dither      004665b2 f   lib:jquant1.obj
 0001:000656b2       _quantize_fs_dither        004666b2 f   lib:jquant1.obj
 0001:0002e272       _finish_pass_1_quant       0042f272 f   sv_game.obj
 0001:00065836       _new_color_map_1_quant     00466836 f   lib:jquant1.obj
 0001:00063e70       _init_error_limit          00464e70 f   lib:jquant2.obj
 0001:00063f0f       _start_pass_2_quant        00464f0f f   lib:jquant2.obj
 0001:00064011       _prescan_quantize          00465011 f   lib:jquant2.obj
 0001:00064080       _pass2_no_dither           00465080 f   lib:jquant2.obj
 0001:0006412d       _fill_inverse_cmap         0046512d f   lib:jquant2.obj
 0001:000641f8       _find_nearby_colors        004651f8 f   lib:jquant2.obj
 0001:0006439c       _find_best_colors          0046539c f   lib:jquant2.obj
 0001:000644b6       _pass2_fs_dither           004654b6 f   lib:jquant2.obj
 0001:00064725       _finish_pass1              00465725 f   lib:jquant2.obj
 0001:00064747       _select_colors             00465747 f   lib:jquant2.obj
 0001:000647d3       _update_box                004657d3 f   lib:jquant2.obj
 0001:00064b6d       _median_cut                00465b6d f   lib:jquant2.obj
 0001:00064c81       _find_biggest_color_pop    00465c81 f   lib:jquant2.obj
 0001:00064cb0       _find_biggest_volume       00465cb0 f   lib:jquant2.obj
 0001:00064cd9       _compute_color             00465cd9 f   lib:jquant2.obj
 0001:0002e272       _finish_pass2              0042f272 f   sv_game.obj
 0001:00064e15       _new_color_map_2_quant     00465e15 f   lib:jquant2.obj
 0001:00063887       _build_ycc_rgb_table       00464887 f   lib:jdmerge.obj
 0001:00063937       _start_pass_merged_upsample 00464937 f   lib:jdmerge.obj
 0001:0006394c       _merged_2v_upsample        0046494c f   lib:jdmerge.obj
 0001:000639f3       _merged_1v_upsample        004649f3 f   lib:jdmerge.obj
 0001:00063a24       _h2v1_merged_upsample      00464a24 f   lib:jdmerge.obj
 0001:00063b7a       _h2v2_merged_upsample      00464b7a f   lib:jdmerge.obj
 0001:0006342b       _build_ycc_rgb_table       0046442b f   lib:jdcolor.obj
 0001:000634db       _ycc_rgb_convert           004644db f   lib:jdcolor.obj
 0001:000635e9       _null_convert              004645e9 f   lib:jdcolor.obj
 0001:00063661       _grayscale_convert         00464661 f   lib:jdcolor.obj
 0001:00063684       _gray_rgb_convert          00464684 f   lib:jdcolor.obj
 0001:000636dd       _ycck_cmyk_convert         004646dd f   lib:jdcolor.obj
 0001:0002e272       _start_pass_dcolor         0042f272 f   sv_game.obj
 0001:00062e8c       _start_pass_upsample       00463e8c f   lib:jdsample.obj
 0001:00062ea6       _sep_upsample              00463ea6 f   lib:jdsample.obj
 0001:00062f73       _fullsize_upsample         00463f73 f   lib:jdsample.obj
 0001:00062f7e       _noop_upsample             00463f7e f   lib:jdsample.obj
 0001:00062f86       _int_upsample              00463f86 f   lib:jdsample.obj
 0001:00063070       _h2v1_upsample             00464070 f   lib:jdsample.obj
 0001:000630c7       _h2v2_upsample             004640c7 f   lib:jdsample.obj
 0001:00063139       _h2v1_fancy_upsample       00464139 f   lib:jdsample.obj
 0001:000631dc       _h2v2_fancy_upsample       004641dc f   lib:jdsample.obj
 0001:00062a95       _start_pass_dpost          00463a95 f   lib:jdpostct.obj
 0001:00062b3b       _post_process_1pass        00463b3b f   lib:jdpostct.obj
 0001:00062ba0       _post_process_prepass      00463ba0 f   lib:jdpostct.obj
 0001:00062c31       _post_process_2pass        00463c31 f   lib:jdpostct.obj
 0001:0006249c       _alloc_funny_pointers      0046349c f   lib:jdmainct.obj
 0001:00062549       _start_pass_main           00463549 f   lib:jdmainct.obj
 0001:000625b1       _make_funny_pointers       004635b1 f   lib:jdmainct.obj
 0001:000626f1       _process_data_simple_main  004636f1 f   lib:jdmainct.obj
 0001:00062759       _process_data_context_main 00463759 f   lib:jdmainct.obj
 0001:0006286b       _set_wraparound_pointers   0046386b f   lib:jdmainct.obj
 0001:00062955       _set_bottom_pointers       00463955 f   lib:jdmainct.obj
 0001:000629ef       _process_data_crank_post   004639ef f   lib:jdmainct.obj
 0001:000622fc       _read_backing_store        004632fc f   lib:jmemansi.obj
 0001:00062357       _write_backing_store       00463357 f   lib:jmemansi.obj
 0001:000623b2       _close_backing_store       004633b2 f   lib:jmemansi.obj
 0001:000610fb       _write_marker_header       004620fb f   lib:jcmarker.obj
 0001:00061151       _emit_byte                 00462151 f   lib:jcmarker.obj
 0001:00061182       _write_marker_byte         00462182 f   lib:jcmarker.obj
 0001:00061192       _write_file_header         00462192 f   lib:jcmarker.obj
 0001:000611de       _emit_jfif_app0            004621de f   lib:jcmarker.obj
 0001:000612b1       _emit_adobe_app14          004622b1 f   lib:jcmarker.obj
 0001:00061357       _write_frame_header        00462357 f   lib:jcmarker.obj
 0001:00061436       _emit_dqt                  00462436 f   lib:jcmarker.obj
 0001:00061525       _emit_sof                  00462525 f   lib:jcmarker.obj
 0001:00061601       _write_scan_header         00462601 f   lib:jcmarker.obj
 0001:000616c1       _emit_dht                  004626c1 f   lib:jcmarker.obj
 0001:0006179a       _emit_dri                  0046279a f   lib:jcmarker.obj
 0001:000617e9       _emit_sos                  004627e9 f   lib:jcmarker.obj
 0001:000618d7       _write_file_trailer        004628d7 f   lib:jcmarker.obj
 0001:000618f7       _write_tables_only         004628f7 f   lib:jcmarker.obj
 0001:00060c50       _use_merged_upsample       00461c50 f   lib:jdmaster.obj
 0001:00060cf6       _master_selection          00461cf6 f   lib:jdmaster.obj
 0001:00060e53       _prepare_range_limit_table 00461e53 f   lib:jdmaster.obj
 0001:00060ed9       _prepare_for_output_pass   00461ed9 f   lib:jdmaster.obj
 0001:00060ffa       _finish_output_pass        00461ffa f   lib:jdmaster.obj
 0001:000600c7       _alloc_small               004610c7 f   lib:jmemmgr.obj
 0001:000601e5       _alloc_large               004611e5 f   lib:jmemmgr.obj
 0001:00060296       _alloc_sarray              00461296 f   lib:jmemmgr.obj
 0001:0006032e       _alloc_barray              0046132e f   lib:jmemmgr.obj
 0001:000603d2       _alloc_darray              004613d2 f   lib:jmemmgr.obj
 0001:0006047d       _request_virt_sarray       0046147d f   lib:jmemmgr.obj
 0001:000604de       _request_virt_barray       004614de f   lib:jmemmgr.obj
 0001:0006053f       _realize_virt_arrays       0046153f f   lib:jmemmgr.obj
 0001:000606c2       _access_virt_sarray        004616c2 f   lib:jmemmgr.obj
 0001:000607e2       _do_sarray_io              004617e2 f   lib:jmemmgr.obj
 0001:00060872       _access_virt_barray        00461872 f   lib:jmemmgr.obj
 0001:00060997       _do_barray_io              00461997 f   lib:jmemmgr.obj
 0001:00060a28       _free_pool                 00461a28 f   lib:jmemmgr.obj
 0001:00060b0f       _self_destruct             00461b0f f   lib:jmemmgr.obj
 0001:0005fb09       _start_input_pass          00460b09 f   lib:jdinput.obj
 0001:0005fb37       _per_scan_setup            00460b37 f   lib:jdinput.obj
 0001:0005fcbd       _finish_input_pass         00460cbd f   lib:jdinput.obj
 0001:0005fcce       _consume_markers           00460cce f   lib:jdinput.obj
 0001:0005fd6a       _initial_setup             00460d6a f   lib:jdinput.obj
 0001:0005ff74       _reset_input_controller    00460f74 f   lib:jdinput.obj
 0001:0005f8c2       _fixedtables               004608c2 f   lib:inflate.obj
 0001:0005f9ac       _updatewindow              004609ac f   lib:inflate.obj
 0001:0005e322       _make_crc_table            0045f322 f   lib:crc32.obj
 0001:0005e44e       _crc32_little              0045f44e f   lib:crc32.obj
 0001:0005e25e       _init_destination          0045f25e f   lib:jdatadst.obj
 0001:0005e284       _empty_output_buffer       0045f284 f   lib:jdatadst.obj
 0001:0005e2c6       _term_destination          0045f2c6 f   lib:jdatadst.obj
 0001:0005dde5       _std_huff_tables           0045ede5 f   lib:jcparam.obj
 0001:0005de3f       _add_huff_table            0045ee3f f   lib:jcparam.obj
 0001:0005c341       _next_marker               0045d341 f   lib:jdmarker.obj
 0001:0005c47b       _get_interesting_appn      0045d47b f   lib:jdmarker.obj
 0001:0005c5a6       _examine_app0              0045d5a6 f   lib:jdmarker.obj
 0001:0005c7b4       _examine_app14             0045d7b4 f   lib:jdmarker.obj
 0001:0005c875       _skip_variable             0045d875 f   lib:jdmarker.obj
 0001:0005c918       _read_markers              0045d918 f   lib:jdmarker.obj
 0001:0005cb20       _get_soi                   0045db20 f   lib:jdmarker.obj
 0001:0005cbcb       _get_sof                   0045dbcb f   lib:jdmarker.obj
 0001:0005ced4       _get_sos                   0045ded4 f   lib:jdmarker.obj
 0001:0005d1c2       _get_dht                   0045e1c2 f   lib:jdmarker.obj
 0001:0005d463       _get_dqt                   0045e463 f   lib:jdmarker.obj
 0001:0005d6bf       _get_dri                   0045e6bf f   lib:jdmarker.obj
 0001:0005d79e       _first_marker              0045e79e f   lib:jdmarker.obj
 0001:0005d83a       _read_restart_marker       0045e83a f   lib:jdmarker.obj
 0001:0005d8b8       _reset_marker_reader       0045e8b8 f   lib:jdmarker.obj
 0001:0005c125       _output_pass_setup         0045d125 f   lib:jdapistd.obj
 0001:0005be19       _default_decompress_parms  0045ce19 f   lib:jdapimin.obj

 70 bytes saved through ICF

