 quake2

 Timestamp is 429ca7dc (Tue May 31 22:07:24 2005)

 Preferred load address is 00400000

 Start         Length     Name                   Class
 0001:00000000 0005efe0H .text                   CODE
 0002:00000000 0000027cH .idata$5                DATA
 0002:00000280 00005be4H .rdata                  DATA
 0002:00005e68 00000044H .rdata$r                DATA
 0002:00005eb0 00000038H .xdata$x                DATA
 0002:00005ee8 00000078H .idata$2                DATA
 0002:00005f60 00000014H .idata$3                DATA
 0002:00005f74 0000027cH .idata$4                DATA
 0002:000061f0 00000808H .idata$6                DATA
 0002:000069f8 00000000H .edata                  DATA
 0003:00000000 00000004H .CRT$XCA                DATA
 0003:00000004 00000078H .CRT$XCU                DATA
 0003:0000007c 00000004H .CRT$XCZ                DATA
 0003:00000080 00000004H .CRT$XIA                DATA
 0003:00000084 00000004H .CRT$XIZ                DATA
 0003:00000090 0000cc2cH .data                   DATA
 0003:0000ccc0 00317318H .bss                    DATA
 0004:00000000 00000130H .rsrc$01                DATA
 0004:00000130 00003f20H .rsrc$02                DATA

  Address         Publics by Value              Rva+Base     Lib:Object

 0001:00000000       ??3@YAXPAX@Z               00401000 f i CoreMain.obj
 0001:0000000b       ?appInit@@YAXXZ            0040100b f   CoreMain.obj
 0001:0000006e       ?appExit@@YAXXZ            0040106e f   CoreMain.obj
 0001:00000073       ?appLoadDebugSymbols@@YAXXZ 00401073 f   DbgSymbols.obj
 0001:00000276       ?appSymbolName@@YA_NIPADH@Z 00401276 f   DbgSymbols.obj
 0001:00000362       ?appSymbolName@@YAPBDI@Z   00401362 f   DbgSymbols.obj
 0001:00000394       ?appMalloc@@YAPAXIH@Z      00401394 f   Memory.obj
 0001:00000442       ?appFree@@YAXPAX@Z         00401442 f   Memory.obj
 0001:00000470       ?Unlink@FMemHeader@@QAEXXZ 00401470 f i Memory.obj
 0001:0000049b       ?Link@CMemoryChain@@AAEXXZ 0040149b f   Memory.obj
 0001:000004ba       ?Unlink@CMemoryChain@@AAEXXZ 004014ba f   Memory.obj
 0001:000004e5       ??2CMemoryChain@@SAPAXIH@Z 004014e5 f   Memory.obj
 0001:00000557       ??3CMemoryChain@@SAXPAX@Z  00401557 f   Memory.obj
 0001:0000058a       ?Alloc@CMemoryChain@@QAEPAXIH@Z 0040158a f   Memory.obj
 0001:000005f4       ?appInitMemory@@YAXXZ      004015f4 f   Memory.obj
 0001:00000b3f       ?Write@COutputDeviceNull@@UAEXPBD@Z 00401b3f f i OutputDevice.obj
 0001:00000b42       ?appWPrintf@@YAXPBDZZ      00401b42 f   OutputDevice.obj
 0001:00000b93       ?appFatalError@@YAXPBDZZ   00401b93 f   ErrorMgr.obj
 0001:00000bcd       ?appNonFatalError@@YAXPBDZZ 00401bcd f   ErrorMgr.obj
 0001:00000c2b       ?appUnwindPrefix@@YAXPBD@Z 00401c2b f   ErrorMgr.obj
 0001:00000c82       ?appUnwindThrow@@YAXPBDZZ  00401c82 f   ErrorMgr.obj
 0001:00000d09       ?Reset@CErrorHandler@@QAEXXZ 00401d09 f   ErrorMgr.obj
 0001:00000d33       ?appInitError@@YAXXZ       00401d33 f   ErrorMgr.obj
 0001:00000df1       ?appStricmp@@YAHPBD0@Z     00401df1 f   Strings.obj
 0001:00000e26       ?toLower@@YADD@Z           00401e26 f i Strings.obj
 0001:00000e3d       ?appStrcpy@@YAXPADPBD@Z    00401e3d f   Strings.obj
 0001:00000e50       ?appStrncpylwr@@YAXPADPBDH@Z 00401e50 f   Strings.obj
 0001:00000e88       ?appStrncpyz@@YAXPADPBDH@Z 00401e88 f   Strings.obj
 0001:00000eb5       ?appStrcatn@@YAXPADHPBD@Z  00401eb5 f   Strings.obj
 0001:00000ee0       ?appCopyFilename@@YAXPADPBDH@Z 00401ee0 f   Strings.obj
 0001:00000f7c       ?appCStrlen@@YAHPBD@Z      00401f7c f   Strings.obj
 0001:00000fa1       ?appUncolorizeString@@YAXPADPBD@Z 00401fa1 f   Strings.obj
 0001:00000fd1       ?va@@YAPBDPBDZZ            00401fd1 f   Strings.obj
 0001:0000106d       ?appSprintf@@YAHPADHPBDZZ  0040206d f   Strings.obj
 0001:000010b8       ?appMatchWildcard@@YA_NPBD0_N@Z 004020b8 f   Strings.obj
 0001:00001238       ?CopyString@@YAPADPBD@Z    00402238 f   Strings.obj
 0001:00001278       ?CopyString@@YAPADPBDPAVCMemoryChain@@@Z 00402278 f   Strings.obj
 0001:000012ac       ??2CStringItem@@SAPAXIPBD@Z 004022ac f   Strings.obj
 0001:000012f5       ??2CStringItem@@SAPAXIPBDPAVCMemoryChain@@@Z 004022f5 f   Strings.obj
 0001:00001332       ?Find@CStringList@@IAEPAVCStringItem@@PBDPAPAV2@@Z 00402332 f   Strings.obj
 0001:00001375       ?Find@CStringList@@IAEPAVCStringItem@@H@Z 00402375 f   Strings.obj
 0001:0000138e       ?IndexOf@CStringList@@QAEHPBD@Z 0040238e f   Strings.obj
 0001:000013bb       ?Remove@CStringList@@QAE_NPAVCStringItem@@@Z 004023bb f   Strings.obj
 0001:000013e7       ?Free@CStringList@@QAEXXZ  004023e7 f   Strings.obj
 0001:00001400       ?appMillisecondsf@@YANXZ   00402400 f   CoreWin32.obj
 0001:00001439       ?appMilliseconds@@YAIXZ    00402439 f   CoreWin32.obj
 0001:0000146e       ?cpuid@@YAXI@Z             0040246e f   CoreWin32.obj
 0001:00001491       ?appInitPlatform@@YAXXZ    00402491 f   CoreWin32.obj
 0001:00001724       ?appShutdownPlatform@@YAXXZ 00402724 f   CoreWin32.obj
 0001:0000172d       ?osAddressInfo@@YA_NIPADHPAH@Z 0040272d f   DbgSymbolsWin32.obj
 0001:000017c1       ?osModuleInfo@@YA_NIPADHPAH@Z 004027c1 f   DbgSymbolsWin32.obj
 0001:00001969       ?win32ExceptFilter@@YAHPAU_EXCEPTION_POINTERS@@@Z 00402969 f   ExceptFilterWin32.obj
 0001:00001e9f       ?win32ExceptFilter2@@YAHXZ 00402e9f f   ExceptFilterWin32.obj
 0001:00001eab       ?SCR_StopCinematic@@YAXXZ  00402eab f   cl_cin.obj
 0001:00001f3f       ?SCR_DrawCinematic@@YA_NXZ 00402f3f f   cl_cin.obj
 0001:000023a0       ?SCR_PlayCinematic@@YAXPAD@Z 004033a0 f   cl_cin.obj
 0001:00002710       ?CL_Download_f@@YAX_NHPAPAD@Z 00403710 f   cl_download.obj
 0001:00002ac1       ?CL_ParseDownload@@YAXXZ   00403ac1 f   cl_download.obj
 0001:000032ce       ?CL_Precache_f@@YAXHPAPAD@Z 004042ce f   cl_download.obj
 0001:0000332c       ?CL_ParseDelta@@YAXPAUentityState_t@@0HI_N@Z 0040432c f   cl_ents.obj
 0001:000034a9       ?CL_ParsePacketEntities@@YAXPAUframe_t@@0@Z 004044a9 f   cl_ents.obj
 0001:00003814       ?CL_FireEntityEvents@@YAXPAUframe_t@@@Z 00404814 f   cl_ents.obj
 0001:00003866       ?CL_ParseFrame@@YAXXZ      00404866 f   cl_ents.obj
 0001:00003b58       ?CL_AddEntityBox@@YAXPAUentityState_t@@I@Z 00404b58 f   cl_ents.obj
 0001:00003c56       ?Lerp@@YAXABUCVec3@@0MAAU1@@Z 00404c56 f i cl_ents.obj
 0001:00003c8d       ?CL_OffsetThirdPersonView@@YAXXZ 00404c8d f   cl_ents.obj
 0001:00003d4e       ?CL_CalcViewValues@@YAXXZ  00404d4e f   cl_ents.obj
 0001:00004050       ?CL_AddEntities@@YAXXZ     00405050 f   cl_ents.obj
 0001:00004d51       ?CL_GetEntitySoundOrigin@@YAXHAAUCVec3@@@Z 00405d51 f   cl_ents.obj
 0001:00004d89       ?CL_ClearLightStyles@@YAXXZ 00405d89 f   cl_fx.obj
 0001:00004e0b       ?CL_RunLightStyles@@YAXXZ  00405e0b f   cl_fx.obj
 0001:00004eaa       ?CL_SetLightstyle@@YAXHPBD@Z 00405eaa f   cl_fx.obj
 0001:00004f0b       ?CL_ClearDlights@@YAXXZ    00405f0b f   cl_fx.obj
 0001:00004f1c       ?CL_AllocDlight@@YAPAUcdlight_t@@HABUCVec3@@@Z 00405f1c f   cl_fx.obj
 0001:00004f85       ?CL_AddDLights@@YAXXZ      00405f85 f   cl_fx.obj
 0001:00004fe5       ?CL_ClearParticles@@YAXXZ  00405fe5 f   cl_fx.obj
 0001:0000504c       ?CL_AllocParticleTrace@@YAPAUparticleTrace_t@@ABUCVec3@@0MM@Z 0040604c f   cl_fx.obj
 0001:000050ec       ?CL_AllocParticleBeam@@YAPAUbeam_t@@ABUCVec3@@0MM@Z 004060ec f   cl_fx.obj
 0001:0000515f       ?CL_AllocParticle@@YAPAUparticle_t@@XZ 0040615f f   cl_fx.obj
 0001:000051ad       ?CL_UpdateParticles@@YAXXZ 004061ad f   cl_fx.obj
 0001:0000579e       ?CL_MetalSparks@@YAXABUCVec3@@0H@Z 0040679e f   cl_fx.obj
 0001:0000588b       ?CL_ParseMuzzleFlash@@YAXXZ 0040688b f   cl_fx.obj
 0001:00005c08       ?CL_ParseMuzzleFlash2@@YAXXZ 00406c08 f   cl_fx.obj
 0001:00006245       ?CL_ParticleEffect@@YAXABUCVec3@@0HH@Z 00407245 f   cl_fx.obj
 0001:00006314       ?CL_ParticleEffect2@@YAXABUCVec3@@0HH@Z 00407314 f   cl_fx.obj
 0001:000063df       ?CL_ParticleEffect3@@YAXABUCVec3@@0HH@Z 004073df f   cl_fx.obj
 0001:000064af       ?CL_TeleporterParticles@@YAXPAUentityState_t@@@Z 004074af f   cl_fx.obj
 0001:00006566       ?CL_LogoutEffect@@YAXABUCVec3@@H@Z 00407566 f   cl_fx.obj
 0001:00006651       ?CL_ItemRespawnParticles@@YAXABUCVec3@@@Z 00407651 f   cl_fx.obj
 0001:00006700       ?CL_ExplosionParticles@@YAXABUCVec3@@@Z 00407700 f   cl_fx.obj
 0001:000067aa       ?CL_BigTeleportParticles@@YAXABUCVec3@@@Z 004077aa f   cl_fx.obj
 0001:00006901       ?CL_BlasterParticles@@YAXABUCVec3@@0@Z 00407901 f   cl_fx.obj
 0001:000069cd       ?CL_BlasterTrail@@YAXABUCVec3@@0@Z 004079cd f   cl_fx.obj
 0001:00006ad9       ?CL_FlagTrail@@YAXABUCVec3@@0H@Z 00407ad9 f   cl_fx.obj
 0001:00006bf1       ?CL_DiminishingTrail@@YAXABUCVec3@@0PAUcentity_t@@H@Z 00407bf1 f   cl_fx.obj
 0001:00006e61       ?CL_RocketTrail@@YAXABUCVec3@@0PAUcentity_t@@@Z 00407e61 f   cl_fx.obj
 0001:00006f89       ?CL_RailTrail@@YAXABUCVec3@@0@Z 00407f89 f   cl_fx.obj
 0001:000071cb       ?CL_RailTrailExt@@YAXABUCVec3@@0EE@Z 004081cb f   cl_fx.obj
 0001:000072cf       ?CL_IonripperTrail@@YAXABUCVec3@@0@Z 004082cf f   cl_fx.obj
 0001:000073fb       ?CL_BubbleTrail@@YAXABUCVec3@@0@Z 004083fb f   cl_fx.obj
 0001:00007510       ?CL_FlyParticles@@YAXABUCVec3@@H@Z 00408510 f   cl_fx.obj
 0001:000076aa       ?CL_FlyEffect@@YAXPAUcentity_t@@ABUCVec3@@@Z 004086aa f   cl_fx.obj
 0001:00007712       ?CL_BfgParticles@@YAXPAUentity_t@@@Z 00408712 f   cl_fx.obj
 0001:000078f1       ?CL_TrapParticles@@YAXPAUentity_t@@@Z 004088f1 f   cl_fx.obj
 0001:00007b8f       ?CL_BFGExplosionParticles@@YAXABUCVec3@@@Z 00408b8f f   cl_fx.obj
 0001:00007c39       ?CL_TeleportParticles@@YAXABUCVec3@@@Z 00408c39 f   cl_fx.obj
 0001:00007d74       ?CL_EntityEvent@@YAXPAUentityState_t@@@Z 00408d74 f   cl_fx.obj
 0001:00007f4e       ?CL_ClearEffects@@YAXXZ    00408f4e f   cl_fx.obj
 0001:00007f5d       ?IN_CenterView@@YAXXZ      00408f5d f   cl_input.obj
 0001:00007f7e       ?CL_InitInput@@YAXXZ       00408f7e f   cl_input.obj
 0001:0000851a       ?CL_SendCmd@@YAXXZ         0040951a f   cl_input.obj
 0001:00008c1a       ?CL_WriteDemoMessage@@YAXXZ 00409c1a f   cl_main.obj
 0001:00008c5c       ?Cmd_ForwardToServer@@YAXHPAPAD@Z 00409c5c f   cl_main.obj
 0001:00008d1f       ?CL_ForwardToServer_f@@YAXHPAPAD@Z 00409d1f f   cl_main.obj
 0001:00008d67       ?CL_Pause@@YAX_N@Z         00409d67 f   cl_main.obj
 0001:00008da9       ?CL_Quit_f@@YAXXZ          00409da9 f   cl_main.obj
 0001:00008db3       ?CL_Drop@@YAX_N@Z          00409db3 f   cl_main.obj
 0001:00008dda       ?CL_SendConnectPacket@@YAXXZ 00409dda f   cl_main.obj
 0001:00008eb1       ?CL_CheckForResend@@YAXXZ  00409eb1 f   cl_main.obj
 0001:00008fb6       ?CL_Connect_f@@YAX_NHPAPAD@Z 00409fb6 f   cl_main.obj
 0001:00009039       ?CL_Rcon_f@@YAXHPAPAD@Z    0040a039 f   cl_main.obj
 0001:00009141       ?CL_Disconnect@@YAXXZ      0040a141 f   cl_main.obj
 0001:000092e8       ?CL_Disconnect_f@@YAXXZ    0040a2e8 f   cl_main.obj
 0001:000092f2       ?CL_Changing_f@@YAXXZ      0040a2f2 f   cl_main.obj
 0001:00009316       ?CL_Reconnect_f@@YAXXZ     0040a316 f   cl_main.obj
 0001:000093b2       ?CL_PingServers_f@@YAXXZ   0040a3b2 f   cl_main.obj
 0001:0000951d       ?CL_Skins_f@@YAXXZ         0040a51d f   cl_main.obj
 0001:00009808       ?CL_ConnectionlessPacket@@YAXXZ 0040a808 f   cl_main.obj
 0001:00009908       ?CL_ReadPackets@@YAXXZ     0040a908 f   cl_main.obj
 0001:00009a4b       ?CL_FixUpGender@@YAXXZ     0040aa4b f   cl_main.obj
 0001:00009afd       ?CL_Userinfo_f@@YAXXZ      0040aafd f   cl_main.obj
 0001:00009b15       ?CL_RegisterSounds@@YAXXZ  0040ab15 f   cl_main.obj
 0001:00009b54       ?CL_Snd_Restart_f@@YAXXZ   0040ab54 f   cl_main.obj
 0001:00009b63       ?CL_WriteConfiguration@@YAXPBD@Z 0040ab63 f   cl_main.obj
 0001:00009c1e       ?CL_WriteConfig_f@@YAX_NHPAPAD@Z 0040ac1e f   cl_main.obj
 0001:00009c7d       ?CL_FixCvarCheats@@YAXXZ   0040ac7d f   cl_main.obj
 0001:00009cd7       ?CL_Frame@@YAXMM@Z         0040acd7 f   cl_main.obj
 0001:00009ed2       ?CL_ClearState@@YAXXZ      0040aed2 f   cl_main.obj
 0001:00009f0b       ?CL_Init@@YAXXZ            0040af0b f   cl_main.obj
 0001:0000a3e2       ?CL_Shutdown@@YAX_N@Z      0040b3e2 f   cl_main.obj
 0001:0000a437       ?CL_Flashlight@@YAXHABUCVec3@@@Z 0040b437 f   cl_newfx.obj
 0001:0000a471       ?CL_ColorFlash@@YAXABUCVec3@@HHMMM@Z 0040b471 f   cl_newfx.obj
 0001:0000a4ad       ?CL_DebugTrail@@YAXABUCVec3@@0@Z 0040b4ad f   cl_newfx.obj
 0001:0000a5a3       ?CL_ForceWall@@YAXABUCVec3@@0H@Z 0040b5a3 f   cl_newfx.obj
 0001:0000a6e3       ?CL_BubbleTrail2@@YAXABUCVec3@@0H@Z 0040b6e3 f   cl_newfx.obj
 0001:0000a80f       ?CL_Heatbeam@@YAXABUCVec3@@0@Z 0040b80f f   cl_newfx.obj
 0001:0000aab7       ?CL_ParticleSteamEffect@@YAXABUCVec3@@0HHH@Z 0040bab7 f   cl_newfx.obj
 0001:0000abeb       ?CL_ParticleSteamEffect2@@YAXPAUcl_sustain_t@@@Z 0040bbeb f   cl_newfx.obj
 0001:0000ad2c       ?CL_TrackerTrail@@YAXABUCVec3@@0H@Z 0040bd2c f   cl_newfx.obj
 0001:0000ae79       ?CL_Tracker_Shell@@YAXABUCVec3@@@Z 0040be79 f   cl_newfx.obj
 0001:0000aefe       ?CL_MonsterPlasma_Shell@@YAXABUCVec3@@@Z 0040befe f   cl_newfx.obj
 0001:0000af80       ?CL_Widowbeamout@@YAXPAUcl_sustain_t@@@Z 0040bf80 f   cl_newfx.obj
 0001:0000b034       ?CL_Nukeblast@@YAXPAUcl_sustain_t@@@Z 0040c034 f   cl_newfx.obj
 0001:0000b0e8       ?CL_WidowSplash@@YAXABUCVec3@@@Z 0040c0e8 f   cl_newfx.obj
 0001:0000b1b2       ?CL_TagTrail@@YAXABUCVec3@@0H@Z 0040c1b2 f   cl_newfx.obj
 0001:0000b2ca       ?CL_ColorExplosionParticles@@YAXABUCVec3@@HH@Z 0040c2ca f   cl_newfx.obj
 0001:0000b377       ?CL_ParticleSmokeEffect@@YAXABUCVec3@@0HHH@Z 0040c377 f   cl_newfx.obj
 0001:0000b4a9       ?CL_BlasterParticles2@@YAXABUCVec3@@0I@Z 0040c4a9 f   cl_newfx.obj
 0001:0000b576       ?CL_BlasterTrail2@@YAXABUCVec3@@0@Z 0040c576 f   cl_newfx.obj
 0001:0000b682       ?CL_ParseClientinfo@@YAXH@Z 0040c682 f   cl_parse.obj
 0001:0000b6a6       ?CL_ParseServerMessage@@YAXXZ 0040c6a6 f   cl_parse.obj
 0001:0000be6a       ?FreePlayerModelsInfo@@YAXXZ 0040ce6a f   cl_playermodel.obj
 0001:0000be90       ?ScanQuake3Models@@YAXXZ   0040ce90 f   cl_playermodel.obj
 0001:0000bfee       ?ScanPlayerModels@@YA_NXZ  0040cfee f   cl_playermodel.obj
 0001:0000c262       ?CL_LoadClientinfo@@YAXAAUclientInfo_t@@PBD@Z 0040d262 f   cl_playermodel.obj
 0001:0000c9a3       ?ParsePlayerEntity@@YAHPAUclientInfo_t@@ABUentity_t@@PAU2@H@Z 0040d9a3 f   cl_playermodel.obj
 0001:0000ce13       ?Insert@?$TList@VCStringItem@@@@QAE_NPAVCStringItem@@@Z 0040de13 f i cl_playermodel.obj
 0001:0000ce13       ?Insert@?$TList@VplayerModelInfo_t@@@@QAE_NPAVplayerModelInfo_t@@@Z 0040de13 f i cl_playermodel.obj
 0001:0000ce49       ?CL_CheckPredictionError@@YAXXZ 0040de49 f   cl_pred.obj
 0001:0000cfdf       ?CL_EntityTrace@@YAXAAUtrace_t@@ABUCVec3@@111H@Z 0040dfdf f   cl_pred.obj
 0001:0000d377       ?CL_Trace@@YAXAAUtrace_t@@ABUCVec3@@111H@Z 0040e377 f   cl_pred.obj
 0001:0000d3f9       ?CL_PMpointcontents@@YAHABUCVec3@@@Z 0040e3f9 f   cl_pred.obj
 0001:0000d585       ?CL_PredictMovement@@YAXXZ 0040e585 f   cl_pred.obj
 0001:0000d927       ?DrawString@@YAXHHPBD@Z    0040e927 f   cl_scrn.obj
 0001:0000d96b       ?SCR_DebugGraph@@YAXMH@Z   0040e96b f   cl_scrn.obj
 0001:0000d993       ?SCR_CenterPrint@@YAXPAD@Z 0040e993 f   cl_scrn.obj
 0001:0000da97       ?Key_Message@@YAXH@Z       0040ea97 f   cl_scrn.obj
 0001:0000db33       ?SCR_SetLevelshot@@YAXPBD@Z 0040eb33 f   cl_scrn.obj
 0001:0000dc26       ?SCR_BeginLoadingPlaque@@YAXXZ 0040ec26 f   cl_scrn.obj
 0001:0000dcab       ?SCR_EndLoadingPlaque@@YAX_N@Z 0040ecab f   cl_scrn.obj
 0001:0000dd30       ?SCR_ShowConsole@@YAX_N0@Z 0040ed30 f   cl_scrn.obj
 0001:0000de06       ?SCR_ToggleConsole@@YAXXZ  0040ee06 f   cl_scrn.obj
 0001:0000de2e       ?SCR_TouchPics@@YAXXZ      0040ee2e f   cl_scrn.obj
 0001:0000de8d       ?SCR_UpdateScreen@@YAXXZ   0040ee8d f   cl_scrn.obj
 0001:0000f106       ?SCR_Init@@YAXXZ           00410106 f   cl_scrn.obj
 0001:0000f450       ?CL_RegisterTEntSounds@@YAXXZ 00410450 f   cl_tent.obj
 0001:0000f695       ?CL_RegisterTEntModels@@YAXXZ 00410695 f   cl_tent.obj
 0001:0000f7d3       ?CL_ClearTEnts@@YAXXZ      004107d3 f   cl_tent.obj
 0001:0000f807       ?CL_AllocExplosion@@YAPAUexplosion_t@@ABUCVec3@@W4exptype_t@@@Z 00410807 f   cl_tent.obj
 0001:0000f8b2       ?CL_AddExplosions@@YAXXZ   004108b2 f   cl_tent.obj
 0001:0000fa40       ?CL_SmokeAndFlash@@YAXABUCVec3@@@Z 00410a40 f   cl_tent.obj
 0001:0000fa88       ?CL_ParseBeam@@YAHPAVCRenderModel@@@Z 00410a88 f   cl_tent.obj
 0001:0000fb54       ?CL_ParseBeam2@@YAHPAVCRenderModel@@@Z 00410b54 f   cl_tent.obj
 0001:0000fc2b       ?CL_ParsePlayerBeam@@YAHPAVCRenderModel@@@Z 00410c2b f   cl_tent.obj
 0001:0000fd36       ?CL_ParseLightning@@YAHPAVCRenderModel@@@Z 00410d36 f   cl_tent.obj
 0001:0000fdf8       ?CL_ParseLaser@@YAXI@Z     00410df8 f   cl_tent.obj
 0001:0000fe74       ?CL_ParseSteam@@YAXXZ      00410e74 f   cl_tent.obj
 0001:0000ff85       ?CL_ParseWidow@@YAXXZ      00410f85 f   cl_tent.obj
 0001:0000fff1       ?CL_ParseNuke@@YAXXZ       00410ff1 f   cl_tent.obj
 0001:0001005b       ?CL_ParseTEnt@@YAXXZ       0041105b f   cl_tent.obj
 0001:00010e8f       ?CL_AddBeams@@YAXXZ        00411e8f f   cl_tent.obj
 0001:000111b8       ?CL_AddPlayerBeams@@YAXXZ  004121b8 f   cl_tent.obj
 0001:000118b7       ?CL_ProcessSustain@@YAXXZ  004128b7 f   cl_tent.obj
 0001:000118f8       ?CL_AddTEnts@@YAXXZ        004128f8 f   cl_tent.obj
 0001:0001190c       ?V_AddEntity@@YAXPAUentity_t@@@Z 0041290c f   cl_view.obj
 0001:00011947       ?V_AddEntity2@@YAXPAUentity_t@@@Z 00412947 f   cl_view.obj
 0001:00011976       ?AddEntityWithEffects2@@YAXPAUentity_t@@I@Z 00412976 f   cl_view.obj
 0001:00011999       ?AddEntityWithEffects@@YAXPAUentity_t@@I@Z 00412999 f   cl_view.obj
 0001:000119b8       ?V_AddLight@@YAXABUCVec3@@MMMM@Z 004129b8 f   cl_view.obj
 0001:000119fd       ?V_TestParticles@@YAXXZ    004129fd f   cl_view.obj
 0001:00011ac6       ?V_TestEntities@@YAXXZ     00412ac6 f   cl_view.obj
 0001:00011c00       ?V_TestLights@@YAXXZ       00412c00 f   cl_view.obj
 0001:00011cd6       ?CL_PrepRefresh@@YAXXZ     00412cd6 f   cl_view.obj
 0001:00011f9f       ?CalcFov@@YAMMMM@Z         00412f9f f   cl_view.obj
 0001:0001200d       ?V_RenderView@@YA_NXZ      0041300d f   cl_view.obj
 0001:00012c6e       ?V_Init@@YAXXZ             00413c6e f   cl_view.obj
 0001:00012d1d       ?Con_ClearNotify@@YAXXZ    00413d1d f   console.obj
 0001:00012d2c       ?Con_CheckResize@@YAXXZ    00413d2c f   console.obj
 0001:00012e53       ?Con_Print@@YAXPBD@Z       00413e53 f   console.obj
 0001:0001314b       ?Con_DrawNotify@@YAX_N@Z   0041414b f   console.obj
 0001:00013263       ?Con_DrawConsole@@YAXM@Z   00414263 f   console.obj
 0001:00013636       ?Con_ClearTyping@@YAXXZ    00414636 f   console.obj
 0001:0001364f       ?Key_Console@@YAXHH@Z      0041464f f   console.obj
 0001:00013a97       ?Con_Init@@YAXXZ           00414a97 f   console.obj
 0001:00013c13       ?Key_KeynumToString@@YAPBDH@Z 00414c13 f   keys.obj
 0001:00013cd3       ?Draw@completeMenu_t@@UAEXXZ 00414cd3 f i keys.obj
 0001:00013d04       ?KeyDown@completeMenu_t@@UAEPBDH@Z 00414d04 f i keys.obj
 0001:00013d2d       ?Init@completeMenu_t@@UAE_NXZ 00414d2d f i keys.obj
 0001:00013e54       ?CompleteMenuCallback@completeMenu_t@@SAXPAX@Z 00414e54 f i keys.obj
 0001:00013ee2       ?CompleteCommand@@YAXXZ    00414ee2 f   keys.obj
 0001:00014617       ?Key_SetBinding@@YAXHPBD@Z 00415617 f   keys.obj
 0001:00014655       ?Key_FindBinding@@YAHPBDPAHH@Z 00415655 f   keys.obj
 0001:000146a3       ?Key_WriteBindings@@YAXPAU_iobuf@@@Z 004156a3 f   keys.obj
 0001:000146eb       ?Key_Init@@YAXXZ           004156eb f   keys.obj
 0001:000149cf       ?Key_Event@@YAXH_N@Z       004159cf f   keys.obj
 0001:00014d28       ?Key_ClearStates@@YAXXZ    00415d28 f   keys.obj
 0001:00014d5d       ?M_ForceMenuOn@@YAXXZ      00415d5d f   menu.obj
 0001:00014d7c       ?Draw@menuMain_t@@UAEXXZ   00415d7c f i menu.obj
 0001:00014edf       ?KeyDown@menuMain_t@@UAEPBDH@Z 00415edf f i menu.obj
 0001:00014f9b       ?Init@menuMain_t@@UAE_NXZ  00415f9b f i menu.obj
 0001:00014fa3       ?M_Menu_Main_f@@YAXXZ      00415fa3 f   menu.obj
 0001:00014fbd       ?Init@multiplayerMenu_t@@UAE_NXZ 00415fbd f i menu.obj
 0001:000150e1       ?Init@keysMenu_t@@UAE_NXZ  004160e1 f i menu.obj
 0001:000152c6       ?KeyCursorDrawFunc@keysMenu_t@@SAXPAUmenuFramework_t@@@Z 004162c6 f i menu.obj
 0001:00015306       ?DrawKeyBindingFunc@keysMenu_t@@SAXPAX@Z 00416306 f i menu.obj
 0001:000153cd       ?KeyDown@keysMenu_t@@UAEPBDH@Z 004163cd f i menu.obj
 0001:0001547a       ?UnbindCommand@keysMenu_t@@QAEXPAD@Z 0041647a f i menu.obj
 0001:000154bf       ?KeyBindingFunc@keysMenu_t@@QAEXPAX@Z 004164bf f i menu.obj
 0001:0001551e       ?Init@optionsMenu_t@@UAE_NXZ 0041651e f i menu.obj
 0001:0001597c       ?CrosshairFunc@optionsMenu_t@@SAXPAX@Z 0041697c f i menu.obj
 0001:000159a4       ?JoystickFunc@optionsMenu_t@@SAXPAX@Z 004169a4 f i menu.obj
 0001:000159b9       ?AlwaysRunFunc@optionsMenu_t@@SAXPAX@Z 004169b9 f i menu.obj
 0001:000159ce       ?FreeLookFunc@optionsMenu_t@@SAXPAX@Z 004169ce f i menu.obj
 0001:000159e3       ?MouseSpeedFunc@optionsMenu_t@@SAXPAX@Z 004169e3 f i menu.obj
 0001:00015a00       ?InvertMouseFunc@optionsMenu_t@@SAXPAX@Z 00416a00 f i menu.obj
 0001:00015a1b       ?LookspringFunc@optionsMenu_t@@SAXPAX@Z 00416a1b f i menu.obj
 0001:00015a37       ?LookstrafeFunc@optionsMenu_t@@SAXPAX@Z 00416a37 f i menu.obj
 0001:00015a53       ?UpdateVolumeFunc@optionsMenu_t@@SAXPAX@Z 00416a53 f i menu.obj
 0001:00015a70       ?UpdateCDVolumeFunc@optionsMenu_t@@SAXPAX@Z 00416a70 f i menu.obj
 0001:00015a8a       ?SetMenuItemValues@optionsMenu_t@@SAXXZ 00416a8a f i menu.obj
 0001:00015c68       ?ResetDefaultsFunc@optionsMenu_t@@SAXPAX@Z 00416c68 f i menu.obj
 0001:00015c7d       ?UpdateSoundFunc@optionsMenu_t@@SAXPAX@Z 00416c7d f i menu.obj
 0001:00015e80       ?ScanCrosshairs@optionsMenu_t@@SAXXZ 00416e80 f i menu.obj
 0001:00015edd       ?Draw@optionsMenu_t@@UAEXXZ 00416edd f i menu.obj
 0001:00015f42       ?Draw@creditsMenu_t@@UAEXXZ 00416f42 f i menu.obj
 0001:00015fe9       ?KeyDown@creditsMenu_t@@UAEPBDH@Z 00416fe9 f i menu.obj
 0001:00016024       ?Init@creditsMenu_t@@UAE_NXZ 00417024 f i menu.obj
 0001:000160ec       ?Init@gameMenu_t@@UAE_NXZ  004170ec f i menu.obj
 0001:00016277       ?EasyGameFunc@gameMenu_t@@SAXPAX@Z 00417277 f i menu.obj
 0001:00016283       ?StartGame@gameMenu_t@@SAXPBD@Z 00417283 f i menu.obj
 0001:000162d6       ?MediumGameFunc@gameMenu_t@@SAXPAX@Z 004172d6 f i menu.obj
 0001:000162e2       ?HardGameFunc@gameMenu_t@@SAXPAX@Z 004172e2 f i menu.obj
 0001:000162fe       ?Init@savegameMenu_t@@UAE_NXZ 004172fe f i menu.obj
 0001:0001640e       ?Create_Savestrings@savegameMenu_t@@QAEXXZ 0041740e f i menu.obj
 0001:000164c9       ?LoadGameCallback@savegameMenu_t@@SAXPAX@Z 004174c9 f i menu.obj
 0001:000164f2       ?SaveGameCallback@savegameMenu_t@@SAXPAX@Z 004174f2 f i menu.obj
 0001:00016511       ?Draw@savegameMenu_t@@UAEXXZ 00417511 f i menu.obj
 0001:0001652c       ?DrawSavegameShot@savegameMenu_t@@QAEXHH@Z 0041752c f i menu.obj
 0001:00016611       ?Init@joinserverMenu_t@@UAE_NXZ 00417611 f i menu.obj
 0001:0001673a       ?JoinServerFunc@joinserverMenu_t@@SAXPAX@Z 0041773a f i menu.obj
 0001:0001679c       ?SearchLocalGames@joinserverMenu_t@@SAXXZ 0041779c f i menu.obj
 0001:00016807       ?M_AddToServerList@@YAXUnetadr_t@@PAD@Z 00417807 f   menu.obj
 0001:0001688a       ?Init@startserverMenu_t@@UAE_NXZ 0041788a f i menu.obj
 0001:00016d2c       ?DMOptionsFunc@startserverMenu_t@@SAXPAX@Z 00417d2c f i menu.obj
 0001:00016d3c       ?RulesChangeFunc@startserverMenu_t@@SAXPAX@Z 00417d3c f i menu.obj
 0001:00016db6       ?StartServerActionFunc@startserverMenu_t@@SAXPAX@Z 00417db6 f i menu.obj
 0001:00016de1       ?StartServerFunc@startserverMenu_t@@SAXPAD@Z 00417de1 f i menu.obj
 0001:00017018       ?KeyDown@startserverMenu_t@@UAEPBDH@Z 00418018 f i menu.obj
 0001:00017075       ?Init@dmoptionsMenu_t@@UAE_NXZ 00418075 f i menu.obj
 0001:00017654       ?DMFlagCallback@dmoptionsMenu_t@@SAXPAX@Z 00418654 f i menu.obj
 0001:0001782f       ?Init@downloadOptionsMenu_t@@UAE_NXZ 0041882f f i menu.obj
 0001:000179fa       ?DownloadCallback@downloadOptionsMenu_t@@SAXPAX@Z 004189fa f i menu.obj
 0001:00017a65       ?Init@addressBookMenu_t@@UAE_NXZ 00418a65 f i menu.obj
 0001:00017b0d       ?KeyDown@addressBookMenu_t@@UAEPBDH@Z 00418b0d f i menu.obj
 0001:00017b6a       ?Init@playerConfigMenu_t@@UAE_NXZ 00418b6a f i menu.obj
 0001:0001809e       ?HandednessCallback@playerConfigMenu_t@@SAXPAX@Z 0041909e f i menu.obj
 0001:000180b3       ?RTypeCallback@playerConfigMenu_t@@SAXPAX@Z 004190b3 f i menu.obj
 0001:000180c8       ?RColorCallback@playerConfigMenu_t@@SAXPAX@Z 004190c8 f i menu.obj
 0001:000180dd       ?RateCallback@playerConfigMenu_t@@SAXPAX@Z 004190dd f i menu.obj
 0001:00018100       ?ModelCallback@playerConfigMenu_t@@SAXPAX@Z 00419100 f i menu.obj
 0001:0001812d       ?Draw@playerConfigMenu_t@@UAEXXZ 0041912d f i menu.obj
 0001:000183dc       ?KeyDown@playerConfigMenu_t@@UAEPBDH@Z 004193dc f i menu.obj
 0001:000184bb       ?Init@dmbrowseMenu_t@@UAE_NXZ 004194bb f i menu.obj
 0001:000186c1       ?KeyDown@dmbrowseMenu_t@@UAEPBDH@Z 004196c1 f i menu.obj
 0001:00018885       ?Draw@dmbrowseMenu_t@@UAEXXZ 00419885 f i menu.obj
 0001:000189ca       ?DrawThumbnail@dmbrowseMenu_t@@SAXHHHHPAD_N@Z 004199ca f i menu.obj
 0001:00018ab1       ?Init@videoMenu_t@@UAE_NXZ 00419ab1 f i menu.obj
 0001:0001906a       ?ScreenSizeCallback@videoMenu_t@@SAXPAX@Z 0041a06a f i menu.obj
 0001:00019088       ?BrightnessCallback@videoMenu_t@@SAXPAX@Z 0041a088 f i menu.obj
 0001:000190a6       ?ContrastCallback@videoMenu_t@@SAXPAX@Z 0041a0a6 f i menu.obj
 0001:000190df       ?CancelChanges@videoMenu_t@@SAXPAX@Z 0041a0df f i menu.obj
 0001:00019100       ?KeyDown@videoMenu_t@@UAEPBDH@Z 0041a100 f i menu.obj
 0001:00019147       ?ApplyChanges@videoMenu_t@@SAXPAX@Z 0041a147 f i menu.obj
 0001:000192fe       ?KeyDown@quitMenu_t@@UAEPBDH@Z 0041a2fe f i menu.obj
 0001:00019336       ?Draw@quitMenu_t@@UAEXXZ   0041a336 f i menu.obj
 0001:000193a6       ?attach@@YAXABUentity_t@@AAU1@PBD@Z 0041a3a6 f   menu.obj
 0001:000193ef       ?KeyDown@testMenu_t@@UAEPBDH@Z 0041a3ef f i menu.obj
 0001:00019400       ?Draw@testMenu_t@@UAEXXZ   0041a400 f i menu.obj
 0001:0001964f       ?M_Init@@YAXXZ             0041a64f f   menu.obj
 0001:0001984b       ?ItemAtCursor@menuFramework_t@@QAEPAUmenuCommon_t@@XZ 0041a84b f   qmenu.obj
 0001:0001989f       ?AddItem@menuFramework_t@@QAEXPAUmenuCommon_t@@@Z 0041a89f f   qmenu.obj
 0001:0001995b       ?AdjustCursor@menuFramework_t@@QAEXH@Z 0041a95b f   qmenu.obj
 0001:00019aca       ?Center@menuFramework_t@@QAEXXZ 0041aaca f   qmenu.obj
 0001:00019b0b       ?Draw@menuFramework_t@@UAEXXZ 0041ab0b f   qmenu.obj
 0001:0001a0c3       ?SelectItem@menuFramework_t@@QAE_NXZ 0041b0c3 f   qmenu.obj
 0001:0001a121       ?SetStatusBar@menuFramework_t@@QAEXPBD@Z 0041b121 f   qmenu.obj
 0001:0001a12b       ?SlideItem@menuFramework_t@@QAEXH@Z 0041b12b f   qmenu.obj
 0001:0001a6a8       ?Push@menuFramework_t@@QAEXXZ 0041b6a8 f   qmenu.obj
 0001:0001a730       ?M_ForceMenuOff@@YAXXZ     0041b730 f   qmenu.obj
 0001:0001a753       ?Pop@menuFramework_t@@QAEXXZ 0041b753 f   qmenu.obj
 0001:0001a78d       ?KeyDown@menuFramework_t@@UAEPBDH@Z 0041b78d f   qmenu.obj
 0001:0001aa01       ?Init@menuFramework_t@@UAE_NXZ 0041ba01 f   qmenu.obj
 0001:0001aa04       ?M_Draw@@YAXXZ             0041ba04 f   qmenu.obj
 0001:0001aa3f       ?M_Keydown@@YAXH@Z         0041ba3f f   qmenu.obj
 0001:0001aa5e       ?InitRendererVars@@YAXXZ   0041ba5e f   ref_vars.obj
 0001:0001aa7d       ?S_SoundInfo_f@@YAXXZ      0041ba7d f   snd_dma.obj
 0001:0001ab07       ?S_ReadModelsSex@@YAXXZ    0041bb07 f   snd_dma.obj
 0001:0001abec       ?S_IsFemale@@YA_NPBD@Z     0041bbec f   snd_dma.obj
 0001:0001ac40       ?S_Init@@YAXXZ             0041bc40 f   snd_dma.obj
 0001:0001ad16       ?S_Shutdown@@YAXXZ         0041bd16 f   snd_dma.obj
 0001:0001ada9       ?S_BeginRegistration@@YAXXZ 0041bda9 f   snd_dma.obj
 0001:0001adb7       ?S_RegisterSound@@YAPAUsfx_t@@PBD@Z 0041bdb7 f   snd_dma.obj
 0001:0001af50       ?S_EndRegistration@@YAXXZ  0041bf50 f   snd_dma.obj
 0001:0001afe8       ?S_PickChannel@@YAPAUchannel_t@@HH@Z 0041bfe8 f   snd_dma.obj
 0001:0001b075       ?S_Spatialize@@YAXPAUchannel_t@@@Z 0041c075 f   snd_dma.obj
 0001:0001b20c       ?S_AllocPlaysound@@YAPAUplaysound_t@@XZ 0041c20c f   snd_dma.obj
 0001:0001b22e       ?S_FreePlaysound@@YAXPAUplaysound_t@@@Z 0041c22e f   snd_dma.obj
 0001:0001b25e       ?S_IssuePlaysound@@YAXPAUplaysound_t@@@Z 0041c25e f   snd_dma.obj
 0001:0001b32b       ?S_StartSound@@YAXPBUCVec3@@HHPAUsfx_t@@MMM@Z 0041c32b f   snd_dma.obj
 0001:0001b6a1       ?S_StartLocalSound@@YAXPBD@Z 0041c6a1 f   snd_dma.obj
 0001:0001b6f0       ?S_ClearBuffer@@YAXXZ      0041c6f0 f   snd_dma.obj
 0001:0001b759       ?S_StopAllSounds_f@@YAXXZ  0041c759 f   snd_dma.obj
 0001:0001b7c9       ?S_AddLoopSounds@@YAXXZ    0041c7c9 f   snd_dma.obj
 0001:0001b99f       ?S_RawSamples@@YAXHHHHPAE@Z 0041c99f f   snd_dma.obj
 0001:0001bba3       ?S_Update@@YAXABUCVec3@@0@Z 0041cba3 f   snd_dma.obj
 0001:0001bc86       ?GetSoundtime@@YAXXZ       0041cc86 f   snd_dma.obj
 0001:0001bced       ?S_Update_@@YAXXZ          0041cced f   snd_dma.obj
 0001:0001bfa0       ?ResampleSfx@@YAXPAUsfx_t@@HHPAE@Z 0041cfa0 f   snd_mem.obj
 0001:0001c0bb       ?S_LoadSound@@YAPAUsfxcache_t@@PAUsfx_t@@@Z 0041d0bb f   snd_mem.obj
 0001:0001c1f3       ?GetWavinfo@@YA?AUwavinfo_t@@PADPAEH@Z 0041d1f3 f   snd_mem.obj
 0001:0001c435       ?S_WriteLinearBlastStereo16@@YAXXZ 0041d435 f   snd_mix.obj
 0001:0001c4a9       ?S_TransferStereo16@@YAXPAKH@Z 0041d4a9 f   snd_mix.obj
 0001:0001c512       ?S_TransferPaintBuffer@@YAXH@Z 0041d512 f   snd_mix.obj
 0001:0001c676       ?S_PaintChannels@@YAXH@Z   0041d676 f   snd_mix.obj
 0001:0001c912       ?S_InitScaletable@@YAXXZ   0041d912 f   snd_mix.obj
 0001:0001cad3       ?SV_WipeSavegame@@YAXPAD@Z 0041dad3 f   sv_ccmds.obj
 0001:0001cb01       ?SV_CopySaveGame@@YAXPAD0@Z 0041db01 f   sv_ccmds.obj
 0001:0001cb56       ?SV_WriteLevelFile@@YAXXZ  0041db56 f   sv_ccmds.obj
 0001:0001cc04       ?SV_ReadLevelFile@@YAXXZ   0041dc04 f   sv_ccmds.obj
 0001:0001ccb2       ?SV_WriteServerFile@@YAX_NPAD@Z 0041dcb2 f   sv_ccmds.obj
 0001:0001ceee       ?SV_ReadServerFile@@YAXXZ  0041deee f   sv_ccmds.obj
 0001:0001d013       ?SV_AddressBanned@@YA_NPAUnetadr_t@@@Z 0041e013 f   sv_ccmds.obj
 0001:0001d054       ?SV_InitOperatorCommands@@YAXXZ 0041e054 f   sv_ccmds.obj
 0001:0001e052       ?SV_WriteFrameToClient@@YAXPAUclient_t@@PAVsizebuf_t@@@Z 0041f052 f   sv_ents.obj
 0001:0001e23e       ?SV_BuildClientFrame@@YAXPAUclient_t@@@Z 0041f23e f   sv_ents.obj
 0001:0001e636       ?SV_RecordDemoMessage@@YAXXZ 0041f636 f   sv_ents.obj
 0001:0001f171       ?SV_InitGameLibrary@@YAX_N@Z 00420171 f   sv_game.obj
 0001:0001f2b7       ?SV_ShutdownGameLibrary@@YAXXZ 004202b7 f   sv_game.obj
 0001:0001f414       ?SV_FindIndex@@YAHPADHH_N@Z 00420414 f   sv_init.obj
 0001:0001f521       ?SV_ModelIndex@@YAHPAD@Z   00420521 f   sv_init.obj
 0001:0001f537       ?SV_SoundIndex@@YAHPAD@Z   00420537 f   sv_init.obj
 0001:0001f550       ?SV_ImageIndex@@YAHPAD@Z   00420550 f   sv_init.obj
 0001:0001f569       ?SV_CreateBaseline@@YAXXZ  00420569 f   sv_init.obj
 0001:0001f5c7       ?SV_CheckForSavegame@@YAXXZ 004205c7 f   sv_init.obj
 0001:0001f64f       ?SV_SpawnServer@@YAXPAD0W4server_state_t@@_N2@Z 0042064f f   sv_init.obj
 0001:0001f91d       ?SV_InitGame@@YAXXZ        0042091d f   sv_init.obj
 0001:0001fb67       ?SV_Map@@YAX_NPBD0@Z       00420b67 f   sv_init.obj
 0001:0001fd30       ?SV_DropClient@@YAXPAUclient_t@@PAD@Z 00420d30 f   sv_main.obj
 0001:00020608       ?SV_ConnectionlessPacket@@YAXXZ 00421608 f   sv_main.obj
 0001:000206d3       ?SV_CalcPings@@YAXXZ       004216d3 f   sv_main.obj
 0001:0002075a       ?SV_GiveMsec@@YAXXZ        0042175a f   sv_main.obj
 0001:00020799       ?SV_ReadPackets@@YAXXZ     00421799 f   sv_main.obj
 0001:000208e1       ?SV_CheckTimeouts@@YAXXZ   004218e1 f   sv_main.obj
 0001:000209f2       ?SV_PostprocessFrame@@YAXXZ 004219f2 f   sv_main.obj
 0001:00020ebe       ?SV_MulticastHook@@YAPAVsizebuf_t@@PAV1@0@Z 00421ebe f   sv_main.obj
 0001:000212ae       ?SV_TraceHook@@YA?AUtrace_t@@ABUCVec3@@PBU2@10PAUedict_s@@H@Z 004222ae f   sv_main.obj
 0001:0002143a       ?SV_Frame@@YAXM@Z          0042243a f   sv_main.obj
 0001:000216ee       ?SV_UserinfoChanged@@YAXPAUclient_t@@@Z 004226ee f   sv_main.obj
 0001:000217b2       ?SV_Init@@YAXXZ            004227b2 f   sv_main.obj
 0001:00021814       ?SV_Shutdown@@YAXPBD_N@Z   00422814 f   sv_main.obj
 0001:00021a1b       ?SV_BeginRedirect@@YAXXZ   00422a1b f   sv_send.obj
 0001:00021ac5       ?SV_ClientPrintf@@YAXPAUclient_t@@HPBDZZ 00422ac5 f   sv_send.obj
 0001:00021b20       ?SV_BroadcastPrintf@@YAXHPBDZZ 00422b20 f   sv_send.obj
 0001:00021bf6       ?SV_BroadcastCommand@@YAXPBDZZ 00422bf6 f   sv_send.obj
 0001:00021c4e       ?SV_Multicast@@YAXABUCVec3@@W4multicast_t@@_N@Z 00422c4e f   sv_send.obj
 0001:00021e74       ?SV_MulticastOld@@YAXABUCVec3@@W4multicast_t@@@Z 00422e74 f   sv_send.obj
 0001:00021e87       ?SV_MulticastNew@@YAXABUCVec3@@W4multicast_t@@@Z 00422e87 f   sv_send.obj
 0001:00021e9a       ?SV_StartSound@@YAXPBUCVec3@@PAUedict_s@@HHMMM_N@Z 00422e9a f   sv_send.obj
 0001:00022167       ?SV_StartSoundOld@@YAXPBUCVec3@@PAUedict_s@@HHMMM@Z 00423167 f   sv_send.obj
 0001:00022197       ?SV_StartSoundNew@@YAXPBUCVec3@@PAUedict_s@@HHMMM@Z 00423197 f   sv_send.obj
 0001:000221c7       ?SV_SendClientDatagram@@YA_NPAUclient_t@@@Z 004231c7 f   sv_send.obj
 0001:00022290       ?SV_DemoCompleted@@YAXXZ   00423290 f   sv_send.obj
 0001:000222ac       ?SV_RateDrop@@YA_NPAUclient_t@@@Z 004232ac f   sv_send.obj
 0001:000222f6       ?SV_SendClientMessages@@YAXXZ 004232f6 f   sv_send.obj
 0001:00022439       ?SV_TokenizeString@@YAXPBD@Z 00423439 f   sv_tokenize.obj
 0001:00022510       ?SV_Argc@@YAHXZ            00423510 f   sv_tokenize.obj
 0001:00022516       ?SV_Argv@@YAPADH@Z         00423516 f   sv_tokenize.obj
 0001:00022530       ?SV_Args@@YAPADXZ          00423530 f   sv_tokenize.obj
 0001:00022d7d       ?SV_Nextserver@@YAXXZ      00423d7d f   sv_user.obj
 0001:00022e0c       ?SV_ExecuteUserCommand@@YAXPAD@Z 00423e0c f   sv_user.obj
 0001:00022ece       ?SV_ClientThink@@YAXPAUclient_t@@PAUusercmd_t@@@Z 00423ece f   sv_user.obj
 0001:00022f11       ?SV_ExecuteClientMessage@@YAXPAUclient_t@@@Z 00423f11 f   sv_user.obj
 0001:0002312f       ?SV_ClearWorld@@YAXXZ      0042412f f   sv_world.obj
 0001:0002326a       ?SV_UnlinkEdict@@YAXPAUedict_s@@@Z 0042426a f   sv_world.obj
 0001:0002332d       ?SV_LinkEdict@@YAXPAUedict_s@@@Z 0042432d f   sv_world.obj
 0001:00023918       ?SV_AreaEdicts@@YAHABUCVec3@@0PAPAUedict_s@@HH@Z 00424918 f   sv_world.obj
 0001:00023ac9       ?SV_PointContents@@YAHABUCVec3@@@Z 00424ac9 f   sv_world.obj
 0001:00023bf0       ?SV_Trace@@YAXAAUtrace_t@@ABUCVec3@@111PAUedict_s@@H@Z 00424bf0 f   sv_world.obj
 0001:00024082       ?InitByteDirs@@YAXXZ       00425082 f   anorms.obj
 0001:000240c1       ?Cbuf_AddText@@YAXPBD@Z    004250c1 f   cmd.obj
 0001:00024123       ?Cbuf_CopyToDefer@@YAXXZ   00425123 f   cmd.obj
 0001:0002416b       ?Cbuf_InsertFromDefer@@YAXXZ 0042516b f   cmd.obj
 0001:00024224       ?Cbuf_Execute@@YAXXZ       00425224 f   cmd.obj
 0001:0002432a       ?Cmd_Unalias_f@@YAX_NHPAPAD@Z 0042532a f   cmd.obj
 0001:000243a0       ?Cmd_WriteAliases@@YAXPAU_iobuf@@@Z 004253a0 f   cmd.obj
 0001:000243d1       ?RegisterCommand@@YA_NPBDP6AXXZH@Z 004253d1 f   cmd.obj
 0001:0002448a       ?UnregisterCommand@@YA_NPBD@Z 0042548a f   cmd.obj
 0001:0002451b       ?Cmd_ExecuteString@@YA_NPBD@Z 0042551b f   cmd.obj
 0001:0002496e       ?ExecuteCommand@@YA_NPBDPBUCSimpleCommand@@H@Z 0042596e f   cmd.obj
 0001:00024a46       ?Cmd_Init@@YAXXZ           00425a46 f   cmd.obj
 0001:00024d98       ?CM_LoadMap@@YAPAUcmodel_t@@PBD_NPAI@Z 00425d98 f   cmodel.obj
 0001:000254c9       ?SetSignbits@cplane_t@@QAEXXZ 004264c9 f i cmodel.obj
 0001:000254fd       ?SetType@cplane_t@@QAEXXZ  004264fd f i cmodel.obj
 0001:000256b9       ?CM_InlineModel@@YAPAUcmodel_t@@PBD@Z 004266b9 f   cmodel.obj
 0001:000256fa       ?CM_NumClusters@@YAHXZ     004266fa f   cmodel.obj
 0001:00025700       ?CM_NumInlineModels@@YAHXZ 00426700 f   cmodel.obj
 0001:00025706       ?CM_EntityString@@YAPBDXZ  00426706 f   cmodel.obj
 0001:0002570c       ?CM_LeafContents@@YAHH@Z   0042670c f   cmodel.obj
 0001:00025733       ?CM_LeafCluster@@YAHH@Z    00426733 f   cmodel.obj
 0001:000257a9       ?CM_LeafArea@@YAHH@Z       004267a9 f   cmodel.obj
 0001:0002596c       ?CM_HeadnodeForBox@@YAHABUCBox@@@Z 0042696c f   cmodel.obj
 0001:00025a21       ?CM_PointLeafnum@@YAHABUCVec3@@H@Z 00426a21 f   cmodel.obj
 0001:00025ac4       ?DistanceTo@cplane_t@@QAEMABUCVec3@@@Z 00426ac4 f i cmodel.obj
 0001:00025b08       ?CM_PointContents@@YAHABUCVec3@@H@Z 00426b08 f   cmodel.obj
 0001:00025b7d       ?CM_TransformedPointContents@@YAHABUCVec3@@H00@Z 00426b7d f   cmodel.obj
 0001:00025c5e       ?CM_TransformedPointContents@@YAHABUCVec3@@H0ABUCAxis@@@Z 00426c5e f   cmodel.obj
 0001:00025d09       ?CM_BoxLeafnums@@YAHABUCBox@@PAHH1H@Z 00426d09 f   cmodel.obj
 0001:00025e12       ?BOX_ON_PLANE_SIDE@@YAHABUCBox@@ABUcplane_t@@@Z 00426e12 f i cmodel.obj
 0001:00025e7c       ?CM_BoxTrace@@YAXAAUtrace_t@@ABUCVec3@@1PBU2@2HH@Z 00426e7c f   cmodel.obj
 0001:0002683e       ?CM_TransformedBoxTrace@@YAXAAUtrace_t@@ABUCVec3@@1PBU2@2HH11@Z 0042783e f   cmodel.obj
 0001:000269be       ?CM_TransformedBoxTrace@@YAXAAUtrace_t@@ABUCVec3@@1PBU2@2HH1ABUCAxis@@@Z 004279be f   cmodel.obj
 0001:00026a7e       ?CM_BrushTrace@@YAHABUCVec3@@0PAHH@Z 00427a7e f   cmodel.obj
 0001:00026e90       ?CM_RefineBrushTrace@@YAHABUCVec3@@0PAHH@Z 00427e90 f   cmodel.obj
 0001:00026f36       ?CM_ClusterPVS@@YAPAEH@Z   00427f36 f   cmodel.obj
 0001:0002707a       ?CM_ClusterPHS@@YAPAEH@Z   0042807a f   cmodel.obj
 0001:000271dd       ?CM_SetAreaPortalState@@YAXH_N@Z 004281dd f   cmodel.obj
 0001:00027202       ?CM_AreasConnected@@YA_NHH@Z 00428202 f   cmodel.obj
 0001:00027246       ?CM_WriteAreaBits@@YAHPAEH@Z 00428246 f   cmodel.obj
 0001:000272e8       ?CM_WritePortalState@@YAXPAU_iobuf@@@Z 004282e8 f   cmodel.obj
 0001:00027302       ?CM_ReadPortalState@@YAXPAU_iobuf@@@Z 00428302 f   cmodel.obj
 0001:00027320       ?CM_HeadnodeVisible@@YA_NHPBE@Z 00428320 f   cmodel.obj
 0001:000273fb       ?Com_BeginRedirect@@YAXPADHP6AX0@Z@Z 004283fb f   common.obj
 0001:00027428       ?Com_EndRedirect@@YAXXZ    00428428 f   common.obj
 0001:00027447       ?Com_Printf@@YAXPBDZZ      00428447 f   common.obj
 0001:0002763f       ?Com_DPrintf@@YAXPBDZZ     0042863f f   common.obj
 0001:000276b8       ?DebugPrintf@@YAXPBDZZ     004286b8 f   common.obj
 0001:00027762       ?Com_WPrintf@@YAXPBDZZ     00428762 f   common.obj
 0001:000277bc       ?Com_Quit@@YAXXZ           004287bc f   common.obj
 0001:000277dc       ?IPWildcard@@YA_NPAUnetadr_t@@PAD@Z 004287dc f   common.obj
 0001:000278b6       ?Com_ServerState@@YA?AW4server_state_t@@XZ 004288b6 f   common.obj
 0001:000278bc       ?Com_SetServerState@@YAXW4server_state_t@@@Z 004288bc f   common.obj
 0001:000278c6       ?frand@@YAMXZ              004288c6 f   common.obj
 0001:000278de       ?crand@@YAMXZ              004288de f   common.obj
 0001:000278fc       ?Info_ValueForKey@@YAPBDPBD0@Z 004288fc f   common.obj
 0001:0002797b       ?Info_SetValueForKey@@YAXPADPBD1@Z 0042897b f   common.obj
 0001:00027ade       ?Info_Print@@YAXPBD@Z      00428ade f   common.obj
 0001:00027b64       ?Com_CheckCmdlineVar@@YA_NPBD@Z 00428b64 f   common.obj
 0001:00027bba       ?Com_Init@@YAXPBD@Z        00428bba f   common.obj
 0001:00027f88       ?Com_Frame@@YAXM@Z         00428f88 f   common.obj
 0001:000282c6       ?Com_Shutdown@@YAXXZ       004292c6 f   common.obj
 0001:000282df       ?Com_BlockSequenceCRCByte@@YAEPAEHH@Z 004292df f   crc.obj
 0001:00028395       ?Cvar_VariableValue@@YAMPBD@Z 00429395 f   cvar.obj
 0001:00028403       ?Cvar_VariableInt@@YAHPBD@Z 00429403 f   cvar.obj
 0001:00028416       ?Cvar_VariableString@@YAPBDPBD@Z 00429416 f   cvar.obj
 0001:0002842e       ?Cvar_Get@@YAPAUcvar_t@@PBD0H@Z 0042942e f   cvar.obj
 0001:000286e5       ?Cvar_GetVars@@YAXPBUcvarInfo_t@@H@Z 004296e5 f   cvar.obj
 0001:0002878f       ?Cvar_FullSet@@YAPAUcvar_t@@PBD0I@Z 0042978f f   cvar.obj
 0001:000287e9       ?Cvar_SetValue@@YAPAUcvar_t@@PBDM@Z 004297e9 f   cvar.obj
 0001:00028a0f       ?Cvar_SetInteger@@YAPAUcvar_t@@PBDH@Z 00429a0f f   cvar.obj
 0001:00028a31       ?Cvar_Set@@YAPAUcvar_t@@PBD0@Z 00429a31 f   cvar.obj
 0001:00028a46       ?Cvar_ForceSet@@YAPAUcvar_t@@PBD0@Z 00429a46 f   cvar.obj
 0001:00028a5b       ?Cvar_Clamp@@YAMPAUcvar_t@@MM@Z 00429a5b f   cvar.obj
 0001:00028ab9       ?Cvar_GetLatchedVars@@YAXXZ 00429ab9 f   cvar.obj
 0001:00028ae8       ?Cvar_Command@@YA_NHPAPAD@Z 00429ae8 f   cvar.obj
 0001:00028b81       ?IsDefault@cvar_t@@QAE_NXZ 00429b81 f i cvar.obj
 0001:00028b9e       ?Cvar_WriteVariables@@YAXPAU_iobuf@@HHPBD@Z 00429b9e f   cvar.obj
 0001:00028c26       ?Cvar_Userinfo@@YAPBDXZ    00429c26 f   cvar.obj
 0001:00028c81       ?Cvar_Serverinfo@@YAPBDXZ  00429c81 f   cvar.obj
 0001:00028c8a       ?Cvar_Cheats@@YAX_N@Z      00429c8a f   cvar.obj
 0001:00028cdb       ?Cvar_Init@@YAXXZ          00429cdb f   cvar.obj
 0001:000294e4       ?MSG_WriteDeltaEntity@@YAXPAVsizebuf_t@@PBUentity_state_t@@PAU2@_N3@Z 0042a4e4 f   entdelta.obj
 0001:00029a87       ?MSG_WriteRemoveEntity@@YAXPAVsizebuf_t@@H@Z 0042aa87 f   entdelta.obj
 0001:00029ac7       ?MSG_ReadEntityBits@@YAHPAVsizebuf_t@@PAIPA_N@Z 0042aac7 f   entdelta.obj
 0001:00029b38       ?MSG_ReadDeltaEntity@@YAXPAVsizebuf_t@@PBUentity_state_t@@PAU2@I@Z 0042ab38 f   entdelta.obj
 0001:00029bbb       ?MSG_WriteDeltaUsercmd@@YAXPAVsizebuf_t@@PBUusercmd_t@@PAU2@@Z 0042abbb f   entdelta.obj
 0001:00029c4a       ?MSG_ReadDeltaUsercmd@@YAXPAVsizebuf_t@@PBUusercmd_t@@PAU2@@Z 0042ac4a f   entdelta.obj
 0001:00029f4d       ?MSG_WriteDeltaPlayerstate@@YAXPAVsizebuf_t@@PBUplayer_state_t@@PAU2@@Z 0042af4d f   entdelta.obj
 0001:0002a056       ?MSG_ReadDeltaPlayerstate@@YAXPAVsizebuf_t@@PBUplayer_state_t@@PAU2@@Z 0042b056 f   entdelta.obj
 0001:0002a12a       ?FS_CreatePath@@YAXPBD@Z   0042b12a f   files.obj
 0001:0002a190       ?FS_CopyFile@@YAXPBD0@Z    0042b190 f   files.obj
 0001:0002a293       ?FS_CopyFiles@@YAXPBD0@Z   0042b293 f   files.obj
 0001:0002a36c       ?FS_RemoveFiles@@YAXPBD@Z  0042b36c f   files.obj
 0001:0002a3e0       ?FS_FCloseFile@@YAXPAVQFILE@@@Z 0042b3e0 f   files.obj
 0001:0002a47b       ?FS_FOpenFile@@YAPAVQFILE@@PBDPAH@Z 0042b47b f   files.obj
 0001:0002a987       ?FS_FileExists@@YA_NPBD@Z  0042b987 f   files.obj
 0001:0002aba0       ?FS_Read@@YAXPAXHPAVQFILE@@@Z 0042bba0 f   files.obj
 0001:0002ae02       ?FS_LoadFile@@YAPAXPBDPAI@Z 0042be02 f   files.obj
 0001:0002ae58       ?FS_FreeFile@@YAXPAX@Z     0042be58 f   files.obj
 0001:0002ae63       ?FS_Gamedir@@YAPADXZ       0042be63 f   files.obj
 0001:0002ae77       ?FS_LoadGameConfig@@YAXXZ  0042be77 f   files.obj
 0001:0002af3c       ?FS_SetGamedir@@YA_NPBD@Z  0042bf3c f   files.obj
 0001:0002b627       ?FS_ListFiles@@YA?AV?$TList@VCStringItem@@@@PBDH@Z 0042c627 f   files.obj
 0001:0002b92f       ?FS_NextPath@@YAPADPBD@Z   0042c92f f   files.obj
 0001:0002b953       ?FS_InitFilesystem@@YAXXZ  0042c953 f   files.obj
 0001:0002c2ff       ?LoadPCX@@YAXPBDPAPAE1PAH2@Z 0042d2ff f   images.obj
 0001:0002c449       ?LoadTGA@@YAXPBDPAPAEPAH2@Z 0042d449 f   images.obj
 0001:0002c644       ?LoadJPG@@YAXPBDPAPAEPAH2@Z 0042d644 f   images.obj
 0001:0002c8d0       ?ImageExists@@YAHPBDH@Z    0042d8d0 f   images.obj
 0001:0002c9ce       ?WriteTGA@@YA_NPBDPAEHH@Z  0042d9ce f   images.obj
 0001:0002cbb8       ?WriteJPG@@YA_NPBDPAEHH_N@Z 0042dbb8 f   images.obj
 0001:0002ccdf       ?MD4Init@@YAXPAUMD4_CTX@@@Z 0042dcdf f   md4.obj
 0001:0002cd07       ?MD4Update@@YAXPAUMD4_CTX@@PAEI@Z 0042dd07 f   md4.obj
 0001:0002cda5       ?MD4Final@@YAXQAEPAUMD4_CTX@@@Z 0042dda5 f   md4.obj
 0001:0002d496       ?Com_BlockChecksum@@YAIPAXH@Z 0042e496 f   md4.obj
 0001:0002d4d2       ?LoadQ2BspFile@@YAXXZ      0042e4d2 f   model.obj
 0001:0002d888       ?LoadBspFile@@YAPAUbspfile_t@@PBD_NPAI@Z 0042e888 f   model.obj
 0001:0002da36       ?ProcessEntstring@@YAPADPAD@Z 0042ea36 f   model.obj
 0001:0002e8dd       ?Init@sizebuf_t@@QAEXPAXH@Z 0042f8dd f   msg.obj
 0001:0002e8f8       ?Write@sizebuf_t@@QAEXPBXH@Z 0042f8f8 f   msg.obj
 0001:0002e968       ?MSG_WriteChar@@YAXPAVsizebuf_t@@H@Z 0042f968 f   msg.obj
 0001:0002e968       ?MSG_WriteByte@@YAXPAVsizebuf_t@@H@Z 0042f968 f   msg.obj
 0001:0002e979       ?MSG_WriteShort@@YAXPAVsizebuf_t@@H@Z 0042f979 f   msg.obj
 0001:0002e98a       ?MSG_WriteLong@@YAXPAVsizebuf_t@@H@Z 0042f98a f   msg.obj
 0001:0002e98a       ?MSG_WriteFloat@@YAXPAVsizebuf_t@@M@Z 0042f98a f   msg.obj
 0001:0002e99b       ?MSG_WriteString@@YAXPAVsizebuf_t@@PBD@Z 0042f99b f   msg.obj
 0001:0002e9c5       ?MSG_WritePos@@YAXPAVsizebuf_t@@ABUCVec3@@@Z 0042f9c5 f   msg.obj
 0001:0002ea29       ?MSG_WriteAngle@@YAXPAVsizebuf_t@@M@Z 0042fa29 f   msg.obj
 0001:0002ea54       ?MSG_WriteAngle16@@YAXPAVsizebuf_t@@M@Z 0042fa54 f   msg.obj
 0001:0002ea7f       ?MSG_WriteDir@@YAXPAVsizebuf_t@@ABUCVec3@@@Z 0042fa7f f   msg.obj
 0001:0002eae7       ?MSG_ReadDir@@YAXPAVsizebuf_t@@AAUCVec3@@@Z 0042fae7 f   msg.obj
 0001:0002eb18       ?MSG_ReadChar@@YAHPAVsizebuf_t@@@Z 0042fb18 f   msg.obj
 0001:0002eb38       ?MSG_ReadByte@@YAHPAVsizebuf_t@@@Z 0042fb38 f   msg.obj
 0001:0002eb58       ?MSG_ReadShort@@YAHPAVsizebuf_t@@@Z 0042fb58 f   msg.obj
 0001:0002eb78       ?MSG_ReadLong@@YAHPAVsizebuf_t@@@Z 0042fb78 f   msg.obj
 0001:0002eb97       ?MSG_ReadString@@YAPADPAVsizebuf_t@@@Z 0042fb97 f   msg.obj
 0001:0002ebca       ?MSG_ReadPos@@YAXPAVsizebuf_t@@AAUCVec3@@@Z 0042fbca f   msg.obj
 0001:0002ec1c       ?MSG_ReadAngle@@YAMPAVsizebuf_t@@@Z 0042fc1c f   msg.obj
 0001:0002ec36       ?MSG_ReadAngle16@@YAMPAVsizebuf_t@@@Z 0042fc36 f   msg.obj
 0001:0002ec50       ?MSG_ReadData@@YAXPAVsizebuf_t@@PAXH@Z 0042fc50 f   msg.obj
 0001:0002ec73       ?Netchan_Init@@YAXXZ       0042fc73 f   net_chan.obj
 0001:0002ece7       ?Netchan_OutOfBandPrint@@YAXW4netsrc_t@@Unetadr_t@@PBDZZ 0042fce7 f   net_chan.obj
 0001:0002ed6e       ?Setup@netchan_t@@QAEXW4netsrc_t@@Unetadr_t@@H@Z 0042fd6e f   net_chan.obj
 0001:0002edc6       ?NeedReliable@netchan_t@@QAE_NXZ 0042fdc6 f   net_chan.obj
 0001:0002edeb       ?Transmit@netchan_t@@QAEXPAXH@Z 0042fdeb f   net_chan.obj
 0001:0002ef88       ?Process@netchan_t@@QAE_NPAVsizebuf_t@@@Z 0042ff88 f   net_chan.obj
 0001:0002f0b6       ?Pmove@@YAXPAUpmove_t@@@Z  004300b6 f   pmove.obj
 0001:00030e4a       ?NormalizeColor@@YAMABUCVec3@@AAU1@@Z 00431e4a f   q_shared2.obj
 0001:00030ea6       ?NormalizeColor255@@YAMABUCVec3@@AAU1@@Z 00431ea6 f   q_shared2.obj
 0001:00030f06       ?Q_rsqrt@@YAMM@Z           00431f06 f   q_shared2.obj
 0001:00030f36       ?AngleVectors@@YAXABUCVec3@@PAU1@11@Z 00431f36 f   q_shared2.obj
 0001:00031097       ?MakeNormalVectors@@YAXABUCVec3@@AAU1@1@Z 00432097 f   q_shared2.obj
 0001:00031106       ?VectorLength@@YAMABUCVec3@@@Z 00432106 f   q_shared2.obj
 0001:00031135       ?VectorDistance@@YAMABUCVec3@@0@Z 00432135 f   q_shared2.obj
 0001:00031166       ?LerpAngle@@YAMMMM@Z       00432166 f   q_shared2.obj
 0001:000311a9       ?anglemod@@YAMM@Z          004321a9 f   q_shared2.obj
 0001:000311d5       ?Normalize@CVec3@@QAEMXZ   004321d5 f   q_shared2.obj
 0001:00031227       ?VectorNormalize@@YAMABUCVec3@@AAU1@@Z 00432227 f   q_shared2.obj
 0001:0003127f       ?NormalizeFast@CVec3@@QAEMXZ 0043227f f   q_shared2.obj
 0001:000312d0       ?cross@@YAXABUCVec3@@0AAU1@@Z 004322d0 f   q_shared2.obj
 0001:0003130b       ?Clear@CBox@@QAEXXZ        0043230b f   q_shared2.obj
 0001:00031329       ?Expand@CBox@@QAEXABUCVec3@@@Z 00432329 f   q_shared2.obj
 0001:00031358       ?Expand@CBox@@QAEXABU1@@Z  00432358 f   q_shared2.obj
 0001:00031394       ?GetCenter@CBox@@QAEXAAUCVec3@@@Z 00432394 f   q_shared2.obj
 0001:000313b4       ?OnPlaneSide@CBox@@QBEHABUcplane_t@@@Z 004323b4 f   q_shared2.obj
 0001:000314e3       ?FromAngles@CAxis@@QAEXABUCVec3@@@Z 004324e3 f   q_shared2.obj
 0001:00031522       ?TransformVector@CAxis@@QBEXABUCVec3@@AAU2@@Z 00432522 f   q_shared2.obj
 0001:00031573       ?UnTransformVector@CAxis@@QBEXABUCVec3@@AAU2@@Z 00432573 f   q_shared2.obj
 0001:000315d7       ?TransformPoint@CCoords@@QBEXABUCVec3@@AAU2@@Z 004325d7 f   q_shared2.obj
 0001:00031635       ?UnTransformPoint@CCoords@@QBEXABUCVec3@@AAU2@@Z 00432635 f   q_shared2.obj
 0001:000316a2       ?UnTransformCoords@CCoords@@QBEXABU1@AAU1@@Z 004326a2 f   q_shared2.obj
 0001:000316ec       ?TransformPlane@CCoords@@QBEXABUcplane_t@@AAU2@@Z 004326ec f   q_shared2.obj
 0001:00031724       ?TransformPoint@@YAXABUCVec3@@ABUCAxis@@0AAU1@@Z 00432724 f   q_shared2.obj
 0001:00031787       ?UnTransformPoint@@YAXABUCVec3@@ABUCAxis@@0AAU1@@Z 00432787 f   q_shared2.obj
 0001:000317f7       ?ShortSwap@@YAFF@Z         004327f7 f   q_shared2.obj
 0001:0003180c       ?COM_Parse@@YAPADAAPBD_N@Z 0043280c f   q_shared2.obj
 0001:00031930       ?COM_QuoteString@@YAPBDPBD_N@Z 00432930 f   q_shared2.obj
 0001:0003198b       ?Com_PageInMemory@@YAXPAXH@Z 0043298b f   q_shared2.obj
 0001:000319aa       ?Zip_OpenArchive@@YAPAU_iobuf@@PBD@Z 004329aa f   zip.obj
 0001:00031a15       ?Zip_CloseArchive@@YAXPAU_iobuf@@@Z 00432a15 f   zip.obj
 0001:00031a21       ?Zip_EnumArchive@@YA_NPAU_iobuf@@P6A_NPAUzipFile_t@@@Z@Z 00432a21 f   zip.obj
 0001:00031bfe       ?Zip_OpenFile@@YAPAUZFILE@@PAU_iobuf@@PAUzipFile_t@@@Z 00432bfe f   zip.obj
 0001:00031ce2       ?Zip_ReadFile@@YAHPAUZFILE@@PAXH@Z 00432ce2 f   zip.obj
 0001:00031dd8       ?Zip_CloseFile@@YA_NPAUZFILE@@@Z 00432dd8 f   zip.obj
 0001:00031e1c       ?Zip_OpenBuf@@YAPAUZBUF@@PAXH@Z 00432e1c f   zip.obj
 0001:00031e5a       ?Zip_ReadBuf@@YAHPAUZBUF@@PAXH@Z 00432e5a f   zip.obj
 0001:00031ea2       ?Zip_CloseBuf@@YAXPAUZBUF@@@Z 00432ea2 f   zip.obj
 0001:00031eb7       _zcalloc                   00432eb7 f   zip.obj
 0001:00031ecb       _zcfree                    00432ecb f   zip.obj
 0001:00031ed6       ?CDAudio_Play2@@YAXH_N@Z   00432ed6 f   cd_win.obj
 0001:000320b5       ?CDAudio_Play@@YAXH_N@Z    004330b5 f   cd_win.obj
 0001:000320cc       ?CDAudio_Stop@@YAXXZ       004330cc f   cd_win.obj
 0001:00032111       ?CDAudio_Pause@@YAXXZ      00433111 f   cd_win.obj
 0001:0003216a       ?CDAudio_Resume@@YAXXZ     0043316a f   cd_win.obj
 0001:000321d9       ?CDAudio_Update@@YAXXZ     004331d9 f   cd_win.obj
 0001:0003220d       ?CDAudio_Init@@YAHXZ       0043320d f   cd_win.obj
 0001:0003266f       ?CDAudio_Shutdown@@YAXXZ   0043366f f   cd_win.obj
 0001:000326a2       ?CDAudio_Activate@@YAX_N@Z 004336a2 f   cd_win.obj
 0001:000326b3       ?IN_Commands@@YAXXZ        004336b3 f   in_win.obj
 0001:000327db       ?IN_Init@@YAXXZ            004337db f   in_win.obj
 0001:00032ad2       ?IN_Shutdown@@YAXXZ        00433ad2 f   in_win.obj
 0001:00032cac       ?IN_Move@@YAXPAUusercmd_t@@@Z 00433cac f   in_win.obj
 0001:00033289       ?IN_Activate@@YAX_N@Z      00434289 f   in_win.obj
 0001:00033293       ?IN_Frame@@YAXXZ           00434293 f   in_win.obj
 0001:000335fb       ?NetadrToSockadr@@YAXPAUnetadr_t@@PAUsockaddr@@@Z 004345fb f   net_wins.obj
 0001:00033680       ?SockadrToNetadr@@YAXPAUsockaddr@@PAUnetadr_t@@@Z 00434680 f   net_wins.obj
 0001:000336d0       ?NET_CompareAdr@@YA_NPAUnetadr_t@@0@Z 004346d0 f   net_wins.obj
 0001:00033726       ?NET_CompareBaseAdr@@YA_NPAUnetadr_t@@0@Z 00434726 f   net_wins.obj
 0001:00033771       ?NET_AdrToString@@YAPADPAUnetadr_t@@@Z 00434771 f   net_wins.obj
 0001:0003382a       ?NET_StringToAdr@@YA_NPBDPAUnetadr_t@@@Z 0043482a f   net_wins.obj
 0001:00033ab4       ?NET_IsLocalAddress@@YA_NPAUnetadr_t@@@Z 00434ab4 f   net_wins.obj
 0001:00033ac0       ?NET_GetLoopPacket@@YA_NW4netsrc_t@@PAUnetadr_t@@PAVsizebuf_t@@@Z 00434ac0 f   net_wins.obj
 0001:00033b4b       ?NET_SendLoopPacket@@YAXW4netsrc_t@@HPAXUnetadr_t@@@Z 00434b4b f   net_wins.obj
 0001:00033ba0       ?NET_GetPacket@@YA_NW4netsrc_t@@PAUnetadr_t@@PAVsizebuf_t@@@Z 00434ba0 f   net_wins.obj
 0001:00033cbd       ?NET_SendPacket@@YAXW4netsrc_t@@HPAXUnetadr_t@@@Z 00434cbd f   net_wins.obj
 0001:00033d8e       ?NET_Config@@YAX_N@Z       00434d8e f   net_wins.obj
 0001:00034103       ?NET_Init@@YAXXZ           00435103 f   net_wins.obj
 0001:000341bd       ?Sys_Mkdir@@YAXPAD@Z       004351bd f   fs_win.obj
 0001:000341c9       ?Sys_FindFirst@@YAPBDPBDH@Z 004351c9 f   fs_win.obj
 0001:00034283       ?Sys_FindNext@@YAPBDXZ     00435283 f   fs_win.obj
 0001:000342ed       ?Sys_FindClose@@YAXXZ      004352ed f   fs_win.obj
 0001:00034307       ?Sys_FileExists@@YA_NPBDH@Z 00435307 f   fs_win.obj
 0001:00034325       ?SNDDMA_Init@@YA_NXZ       00435325 f   snd_win.obj
 0001:00034964       ?SNDDMA_GetDMAPos@@YAHXZ   00435964 f   snd_win.obj
 0001:000349ae       ?SNDDMA_BeginPainting@@YAXXZ 004359ae f   snd_win.obj
 0001:00034ac6       ?SNDDMA_Submit@@YAXXZ      00435ac6 f   snd_win.obj
 0001:00034aeb       ?SNDDMA_Shutdown@@YAXXZ    00435aeb f   snd_win.obj
 0001:00034af0       ?S_Activate@@YAX_N@Z       00435af0 f   snd_win.obj
 0001:00034b1b       ?Sys_Quit@@YAXXZ           00435b1b f   sys_win.obj
 0001:00034bd3       ?Sys_Init@@YAXXZ           00435bd3 f   sys_win.obj
 0001:00034c4b       ?Sys_ConsoleInput@@YAPADXZ 00435c4b f   sys_win.obj
 0001:00034f06       ?Sys_ConsoleOutput@@YAXPBD@Z 00435f06 f   sys_win.obj
 0001:00034f93       ?Sys_SendKeyEvents@@YAXXZ  00435f93 f   sys_win.obj
 0001:0003504b       ?Sys_UnloadGame@@YAXXZ     0043604b f   sys_win.obj
 0001:000350c6       ?Sys_GetGameAPI@@YAPAXPAX@Z 004360c6 f   sys_win.obj
 0001:0003521d       _WinMain@16                0043621d f   sys_win.obj
 0001:000354a3       ?AddMsgHook@@YAXP6A_NIIJ@Z@Z 004364a3 f   vid_dll.obj
 0001:000354e7       ?RemoveMsgHook@@YAXP6A_NIIJ@Z@Z 004364e7 f   vid_dll.obj
 0001:00035516       ?Vid_CreateWindow@@YAPAXHH_N@Z 00436516 f   vid_dll.obj
 0001:00035c1a       ?Vid_DestroyWindow@@YAX_N@Z 00436c1a f   vid_dll.obj
 0001:00035c55       ?Vid_Restart@@YAXXZ        00436c55 f   vid_dll.obj
 0001:00035c5d       ?Vid_GetModeInfo@@YA_NPAH0H@Z 00436c5d f   vid_dll.obj
 0001:00035c8d       ?Vid_Tick@@YAXXZ           00436c8d f   vid_dll.obj
 0001:00035e3d       ?Vid_Init@@YAXXZ           00436e3d f   vid_dll.obj
 0001:00035f0e       ?Vid_Shutdown@@YAXXZ       00436f0e f   vid_dll.obj
 0001:00035f2d       ?Tesselate@surfacePlanar_t@OpenGLDrv@@UAEXXZ 00436f2d f   gl_backend.obj
 0001:00037b3a       ?Tesselate@surfacePoly_t@OpenGLDrv@@UAEXXZ 00438b3a f   gl_backend.obj
 0001:00037c35       ?Tesselate@surfaceMd3_t@OpenGLDrv@@UAEXXZ 00438c35 f   gl_backend.obj
 0001:000381ea       ?Tesselate@surfaceEntity_t@OpenGLDrv@@UAEXXZ 004391ea f   gl_backend.obj
 0001:000382cc       ?Tesselate@surfaceParticle_t@OpenGLDrv@@UAEXXZ 004392cc f   gl_backend.obj
 0001:0003851a       ?BK_DrawScene@OpenGLDrv@@YAXXZ 0043951a f   gl_backend.obj
 0001:00038fae       ?BK_DrawPic@OpenGLDrv@@YAXPAVshader_t@1@HHHHMMMMIE@Z 00439fae f   gl_backend.obj
 0001:0003918f       ?BK_DrawText@OpenGLDrv@@YAXPBDHHHHHI@Z 0043a18f f   gl_backend.obj
 0001:0003937a       ?BK_BeginFrame@OpenGLDrv@@YAXXZ 0043a37a f   gl_backend.obj
 0001:00039413       ?BK_EndFrame@OpenGLDrv@@YAXXZ 0043a413 f   gl_backend.obj
 0001:00039452       ?BK_Init@OpenGLDrv@@YAXXZ  0043a452 f   gl_backend.obj
 0001:00039481       ?BK_Shutdown@OpenGLDrv@@YAXXZ 0043a481 f   gl_backend.obj
 0001:00039499       ?AllocDynamicMemory@OpenGLDrv@@YAPAXH@Z 0043a499 f   gl_buffers.obj
 0001:00039504       ?ResizeDynamicMemory@OpenGLDrv@@YAXPAXH@Z 0043a504 f   gl_buffers.obj
 0001:00039546       ?AddSurfaceToPortal@OpenGLDrv@@YAXPAVsurfaceBase_t@1@PAVshader_t@1@HH@Z 0043a546 f   gl_buffers.obj
 0001:000395af       ?InsertShaderIndex@OpenGLDrv@@YAXH@Z 0043a5af f   gl_buffers.obj
 0001:000395e8       ?ClearPortal@OpenGLDrv@@YAXXZ 0043a5e8 f   gl_buffers.obj
 0001:00039606       ?SortSurfaces@OpenGLDrv@@YAXPAUviewPortal_t@1@PAPAUsurfaceInfo_t@1@@Z 0043a606 f   gl_buffers.obj
 0001:00039798       ?ClearBuffers@OpenGLDrv@@YAXXZ 0043a798 f   gl_buffers.obj
 0001:000397af       ?CreateBuffers@OpenGLDrv@@YAXXZ 0043a7af f   gl_buffers.obj
 0001:000397d5       ?FreeBuffers@OpenGLDrv@@YAXXZ 0043a7d5 f   gl_buffers.obj
 0001:000397f9       ?InitEntity@model_t@OpenGLDrv@@UAEXPAUentity_t@@PAUrefEntity_t@2@@Z 0043a7f9 f   gl_frontend.obj
 0001:000397fc       ?AddSurfaces@model_t@OpenGLDrv@@UAEXPAUrefEntity_t@2@@Z 0043a7fc f   gl_frontend.obj
 0001:0003982a       ?GetLeaf@model_t@OpenGLDrv@@UAEPAUnode_t@2@PAUrefEntity_t@2@@Z 0043a82a f   gl_frontend.obj
 0001:0003983b       ?DrawLabel@model_t@OpenGLDrv@@UAEXPAUrefEntity_t@2@@Z 0043a83b f   gl_frontend.obj
 0001:0003983e       ?InitEntity@inlineModel_t@OpenGLDrv@@UAEXPAUentity_t@@PAUrefEntity_t@2@@Z 0043a83e f   gl_frontend.obj
 0001:0003988e       ?AddSurfaces@inlineModel_t@OpenGLDrv@@UAEXPAUrefEntity_t@2@@Z 0043a88e f   gl_frontend.obj
 0001:00039d3b       ?GetLeaf@inlineModel_t@OpenGLDrv@@UAEPAUnode_t@2@PAUrefEntity_t@2@@Z 0043ad3b f   gl_frontend.obj
 0001:00039ee0       ?DrawLabel@inlineModel_t@OpenGLDrv@@UAEXPAUrefEntity_t@2@@Z 0043aee0 f   gl_frontend.obj
 0001:00039f26       ?InitEntity@md3Model_t@OpenGLDrv@@UAEXPAUentity_t@@PAUrefEntity_t@2@@Z 0043af26 f   gl_frontend.obj
 0001:0003a0ae       ?AddSurfaces@md3Model_t@OpenGLDrv@@UAEXPAUrefEntity_t@2@@Z 0043b0ae f   gl_frontend.obj
 0001:0003a114       ?GetLeaf@md3Model_t@OpenGLDrv@@UAEPAUnode_t@2@PAUrefEntity_t@2@@Z 0043b114 f   gl_frontend.obj
 0001:0003a14c       ?DrawLabel@md3Model_t@OpenGLDrv@@UAEXPAUrefEntity_t@2@@Z 0043b14c f   gl_frontend.obj
 0001:0003a1a7       ?InitEntity@sp2Model_t@OpenGLDrv@@UAEXPAUentity_t@@PAUrefEntity_t@2@@Z 0043b1a7 f   gl_frontend.obj
 0001:0003a1c1       ?AddSurfaces@sp2Model_t@OpenGLDrv@@UAEXPAUrefEntity_t@2@@Z 0043b1c1 f   gl_frontend.obj
 0001:0003a348       ?GetLeaf@sp2Model_t@OpenGLDrv@@UAEPAUnode_t@2@PAUrefEntity_t@2@@Z 0043b348 f   gl_frontend.obj
 0001:0003a429       ?AddEntity@OpenGLDrv@@YAXPAUentity_t@@@Z 0043b429 f   gl_frontend.obj
 0001:0003a56b       ?AddDlight@OpenGLDrv@@YAXPAUdlight_t@@@Z 0043b56b f   gl_frontend.obj
 0001:0003a723       ?DrawPortal@OpenGLDrv@@YAXXZ 0043b723 f   gl_frontend.obj
 0001:0003c664       ?GL_TextureMode@OpenGLDrv@@YAXPBD@Z 0043d664 f   gl_image.obj
 0001:0003c70c       ?CreateImage@OpenGLDrv@@YAPAVimage_t@1@PBDPAXHHI@Z 0043d70c f   gl_image.obj
 0001:0003d47d       ?LoadDelayedImages@OpenGLDrv@@YAXXZ 0043e47d f   gl_image.obj
 0001:0003d510       ?DrawStretchRaw8@OpenGLDrv@@YAXHHHHHHPAEPAI@Z 0043e510 f   gl_image.obj
 0001:0003d8d1       ?SetupGamma@OpenGLDrv@@YAXXZ 0043e8d1 f   gl_image.obj
 0001:0003da17       ?PerformScreenshot@OpenGLDrv@@YAXXZ 0043ea17 f   gl_image.obj
 0001:0003dca4       ?InitImages@OpenGLDrv@@YAXXZ 0043eca4 f   gl_image.obj
 0001:0003e475       ?ShutdownImages@OpenGLDrv@@YAXXZ 0043f475 f   gl_image.obj
 0001:0003e4dc       ?ShowImages@OpenGLDrv@@YAXXZ 0043f4dc f   gl_image.obj
 0001:0003e764       ?FindImage@OpenGLDrv@@YAPAVimage_t@1@PBDI@Z 0043f764 f   gl_image.obj
 0001:0003ea04       ?GL_Lock@OpenGLDrv@@YAXXZ  0043fa04 f   gl_interface.obj
 0001:0003ea7c       ?GL_Unlock@OpenGLDrv@@YAXXZ 0043fa7c f   gl_interface.obj
 0001:0003ec3e       ?GL_Bind@OpenGLDrv@@YAXPBVimage_t@1@@Z 0043fc3e f   gl_interface.obj
 0001:0003ed68       ?GL_BindForce@OpenGLDrv@@YAXPBVimage_t@1@@Z 0043fd68 f   gl_interface.obj
 0001:0003ede6       ?GL_TexEnv@OpenGLDrv@@YAXI@Z 0043fde6 f   gl_interface.obj
 0001:0003ef65       ?GL_TexMipBias@OpenGLDrv@@YAXM@Z 0043ff65 f   gl_interface.obj
 0001:0003efc0       ?GL_TexEnvColor@OpenGLDrv@@YAXPBTcolor_t@@@Z 0043ffc0 f   gl_interface.obj
 0001:0003f070       ?GL_SelectTexture@OpenGLDrv@@YAXH@Z 00440070 f   gl_interface.obj
 0001:0003f0d1       ?GL_TexCoordPointer@OpenGLDrv@@YAXPAX@Z 004400d1 f   gl_interface.obj
 0001:0003f101       ?GL_SetMultitexture@OpenGLDrv@@YAXH@Z 00440101 f   gl_interface.obj
 0001:0003f1e7       ?GL_DisableTexCoordArrays@OpenGLDrv@@YAXXZ 004401e7 f   gl_interface.obj
 0001:0003f23b       ?GL_CullFace@OpenGLDrv@@YAXW4gl_cullMode_t@1@@Z 0044023b f   gl_interface.obj
 0001:0003f28c       ?GL_DepthRange@OpenGLDrv@@YAXW4gl_depthMode_t@1@@Z 0044028c f   gl_interface.obj
 0001:0003f2bf       ?GL_State@OpenGLDrv@@YAXI@Z 004402bf f   gl_interface.obj
 0001:0003f414       ?GL_EnableFog@OpenGLDrv@@YAX_N@Z 00440414 f   gl_interface.obj
 0001:0003f50c       ?GL_SetDefaultState@OpenGLDrv@@YAXXZ 0044050c f   gl_interface.obj
 0001:0003f65a       ?GL_Set2DMode@OpenGLDrv@@YAXXZ 0044065a f   gl_interface.obj
 0001:0003f755       ?GL_Set3DMode@OpenGLDrv@@YAXPAUviewPortal_t@1@@Z 00440755 f   gl_interface.obj
 0001:0003f83d       ?ShowLights@OpenGLDrv@@YAXXZ 0044083d f   gl_light.obj
 0001:0003fc26       ?LightForEntity@OpenGLDrv@@YAXPAUrefEntity_t@1@@Z 00440c26 f   gl_light.obj
 0001:00040e97       ?DiffuseLight@OpenGLDrv@@YAXPATcolor_t@@M@Z 00441e97 f   gl_light.obj
 0001:00041010       ?InitLightGrid@OpenGLDrv@@YAXXZ 00442010 f   gl_light.obj
 0001:000410b6       ?PostLoadLights@OpenGLDrv@@YAXXZ 004420b6 f   gl_light.obj
 0001:00041346       ?LM_Init@OpenGLDrv@@YAXXZ  00442346 f   gl_lightmap.obj
 0001:0004135c       ?LM_Flush@OpenGLDrv@@YAXPAUlightmapBlock_t@1@@Z 0044235c f   gl_lightmap.obj
 0001:000413b9       ?LM_Done@OpenGLDrv@@YAXXZ  004423b9 f   gl_lightmap.obj
 0001:000413e0       ?LM_Save@OpenGLDrv@@YAXPAUlightmapBlock_t@1@@Z 004423e0 f   gl_lightmap.obj
 0001:000413f8       ?LM_Restore@OpenGLDrv@@YAXPAUlightmapBlock_t@1@@Z 004423f8 f   gl_lightmap.obj
 0001:00041410       ?LM_NewBlock@OpenGLDrv@@YAPAUlightmapBlock_t@1@XZ 00442410 f   gl_lightmap.obj
 0001:00041480       ?LM_Rewind@OpenGLDrv@@YAXXZ 00442480 f   gl_lightmap.obj
 0001:00041488       ?LM_NextBlock@OpenGLDrv@@YAPAUlightmapBlock_t@1@XZ 00442488 f   gl_lightmap.obj
 0001:000414b5       ?LM_CheckMinlight@OpenGLDrv@@YAXPAUdynamicLightmap_t@1@@Z 004424b5 f   gl_lightmap.obj
 0001:0004154b       ?LM_AllocBlock@OpenGLDrv@@YA_NPAUlightmapBlock_t@1@PAUdynamicLightmap_t@1@@Z 0044254b f   gl_lightmap.obj
 0001:00041602       ?LM_PutBlock@OpenGLDrv@@YAXPAUdynamicLightmap_t@1@@Z 00442602 f   gl_lightmap.obj
 0001:00041a2f       ?LM_SortLightStyles@OpenGLDrv@@YAXPAUdynamicLightmap_t@1@@Z 00442a2f f   gl_lightmap.obj
 0001:00041ac0       ?UpdateDynamicLightmap@OpenGLDrv@@YAXPAVsurfacePlanar_t@1@_NI@Z 00442ac0 f   gl_lightmap.obj
 0001:00041fc2       ?LM_IsMonotone@OpenGLDrv@@YA_NPAUdynamicLightmap_t@1@PATcolor_t@@@Z 00442fc2 f   gl_lightmap.obj
 0001:000420c9       ?Init@OpenGLDrv@@YA_NXZ    004430c9 f   gl_main.obj
 0001:0004272f       ?Shutdown@OpenGLDrv@@YAX_N@Z 0044372f f   gl_main.obj
 0001:000427b8       ?GL_EnableRendering@OpenGLDrv@@YAX_N@Z 004437b8 f   gl_main.obj
 0001:000427d3       ?BeginFrame@OpenGLDrv@@YAXXZ 004437d3 f   gl_main.obj
 0001:000428ed       ?EndFrame@OpenGLDrv@@YAXXZ 004438ed f   gl_main.obj
 0001:00042905       ?RenderFrame@OpenGLDrv@@YAXPAUrefdef_t@@@Z 00443905 f   gl_main.obj
 0001:0004312e       ?Fill8@OpenGLDrv@@YAXHHHHH@Z 0044412e f   gl_main.obj
 0001:00043171       ?Fill@OpenGLDrv@@YAXHHHHI@Z 00444171 f   gl_main.obj
 0001:000431ad       ?TileClear@OpenGLDrv@@YAXHHHHPBD@Z 004441ad f   gl_main.obj
 0001:00043264       ?DrawStretchPic@OpenGLDrv@@YAXHHHHPBD@Z 00444264 f   gl_main.obj
 0001:000432e1       ?DrawDetailedPic@OpenGLDrv@@YAXHHHHPBD@Z 004442e1 f   gl_main.obj
 0001:00043388       ?DrawPic@OpenGLDrv@@YAXHHPBDHH@Z 00444388 f   gl_main.obj
 0001:0004340d       ?BeginRegistration@OpenGLDrv@@YAXPBD@Z 0044440d f   gl_main.obj
 0001:00043431       ?RegisterPic@OpenGLDrv@@YAPAVCBasicImage@@PBD@Z 00444431 f   gl_main.obj
 0001:0004343f       ?RegisterSkin@OpenGLDrv@@YAPAVCBasicImage@@PBD@Z 0044443f f   gl_main.obj
 0001:0004344a       ?RegisterModel@OpenGLDrv@@YAPAVCRenderModel@@PBD@Z 0044444a f   gl_main.obj
 0001:00043455       ?SetSky@OpenGLDrv@@YAXPBDMABUCVec3@@@Z 00444455 f   gl_main.obj
 0001:000434fb       ?Screenshot@OpenGLDrv@@YAXHPBD@Z 004444fb f   gl_main.obj
 0001:0004351e       ?GetClientLight@OpenGLDrv@@YAMXZ 0044451e f   gl_main.obj
 0001:00043525       ?GetCaps@OpenGLDrv@@YAIXZ  00444525 f   gl_main.obj
 0001:0004352b       ?InitFuncTables@OpenGLDrv@@YAXXZ 0044452b f   gl_math.obj
 0001:000436dc       ?BuildRotationAxis@OpenGLDrv@@YAXAAUCAxis@@ABUCVec3@@M@Z 004446dc f   gl_math.obj
 0001:000437d3       ?GetBoxRect@OpenGLDrv@@YA_NPBUrefEntity_t@1@ABUCVec3@@QAM2_N@Z 004447d3 f   gl_math.obj
 0001:00043add       ?ProjectToScreen@OpenGLDrv@@YA_NABUCVec3@@QAH@Z 00444add f   gl_math.obj
 0001:00043c20       ?SaturateColor3f@OpenGLDrv@@YAXAAUCVec3@@@Z 00444c20 f   gl_math.obj
 0001:00043d10       ?SaturateColor4b@OpenGLDrv@@YAXPATcolor_t@@@Z 00444d10 f   gl_math.obj
 0001:00043e1e       ?SubdividePlane@OpenGLDrv@@YAHPAPAUCVec3@@HM@Z 00444e1e f   gl_poly.obj
 0001:0004426d       ?FreeSubdividedPlane@OpenGLDrv@@YAXXZ 0044526d f   gl_poly.obj
 0001:00044285       ?GetSubdivideIndexes@OpenGLDrv@@YAXPAH@Z 00445285 f   gl_poly.obj
 0001:000442d8       ?RemoveCollinearPoints@OpenGLDrv@@YAHPAPAUCVec3@@H@Z 004452d8 f   gl_poly.obj
 0001:000443ce       ?GetPolyArea@OpenGLDrv@@YAMPAPAUCVec3@@H@Z 004453ce f   gl_poly.obj
 0001:00044462       ?InitShaders@OpenGLDrv@@YAXXZ 00445462 f   gl_shader.obj
 0001:000445b9       ?ShutdownShaders@OpenGLDrv@@YAXXZ 004455b9 f   gl_shader.obj
 0001:000445f3       ?GetLightmapImage@OpenGLDrv@@YAPAVimage_t@1@H@Z 004455f3 f   gl_shader.obj
 0001:0004461b       ?SetShaderLightmap@OpenGLDrv@@YAPAVshader_t@1@PAV21@H@Z 0044561b f   gl_shader.obj
 0001:00044940       ??4shader_t@OpenGLDrv@@QAEAAV01@ABV01@@Z 00445940 f i gl_shader.obj
 0001:00044a72       ??4CBasicImage@@QAEAAV0@ABV0@@Z 00445a72 f i gl_shader.obj
 0001:00044b7a       ?SetShaderLightstyles@OpenGLDrv@@YAPAVshader_t@1@PAV21@I@Z 00445b7a f   gl_shader.obj
 0001:00044c18       ?GetAlphaShader@OpenGLDrv@@YAPAVshader_t@1@PAV21@@Z 00445c18 f   gl_shader.obj
 0001:00044edb       ?FindShader@OpenGLDrv@@YAPAVshader_t@1@PBDI@Z 00445edb f   gl_shader.obj
 0001:000454f4       ?GetShaderByNum@OpenGLDrv@@YAPAVshader_t@1@H@Z 004464f4 f   gl_shader.obj
 0001:00045512       ?ResetShaders@OpenGLDrv@@YAXXZ 00446512 f   gl_shader.obj
 0001:000459e4       ?Reload@shader_t@OpenGLDrv@@UAEXXZ 004469e4 f   gl_shader.obj
 0001:00045a0f       ?ClearSkyBox@OpenGLDrv@@YAXXZ 00446a0f f   gl_sky.obj
 0001:00045a26       ?SetSkyRotate@OpenGLDrv@@YAXMABUCVec3@@@Z 00446a26 f   gl_sky.obj
 0001:00045a5e       ?SkyVisible@OpenGLDrv@@YA_NXZ 00446a5e f   gl_sky.obj
 0001:00045a77       ?AddSkySurface@OpenGLDrv@@YAXPAVsurfacePlanar_t@1@ABUCVec3@@E@Z 00446a77 f   gl_sky.obj
 0001:00046012       ?TesselateSkySide@OpenGLDrv@@YAHHPAUbufVertex_t@1@PAUbufTexCoord_t@1@M@Z 00447012 f   gl_sky.obj
 0001:000462d7       ?DrawChar@OpenGLDrv@@YAXHHHH@Z 004472d7 f   gl_text.obj
 0001:00046304       ?DrawConChar@OpenGLDrv@@YAXHHHH@Z 00447304 f   gl_text.obj
 0001:00046339       ?ClearTexts@OpenGLDrv@@YAXXZ 00447339 f   gl_text.obj
 0001:0004634e       ?FlushTexts@OpenGLDrv@@YAXXZ 0044734e f   gl_text.obj
 0001:000463e0       ?DrawTextPos@OpenGLDrv@@YAXHHPBDI@Z 004473e0 f   gl_text.obj
 0001:000464c7       ?DrawTextLeft@OpenGLDrv@@YAXPBDI@Z 004474c7 f   gl_text.obj
 0001:0004654e       ?DrawTextRight@OpenGLDrv@@YAXPBDI@Z 0044754e f   gl_text.obj
 0001:00046598       ?DrawText3D@OpenGLDrv@@YAXABUCVec3@@PBDI@Z 00447598 f   gl_text.obj
 0001:000465c5       ?InitTexts@OpenGLDrv@@YAXXZ 004475c5 f   gl_text.obj
 0001:000465df       ?FindModel@OpenGLDrv@@YAPAVmodel_t@1@PBD@Z 004475df f   gl_model.obj
 0001:0004672d       ?FreeModels@OpenGLDrv@@YAXXZ 0044772d f   gl_model.obj
 0001:0004679f       ?InitModels@OpenGLDrv@@YAXXZ 0044779f f   gl_model.obj
 0001:00046895       ?ShutdownModels@OpenGLDrv@@YAXXZ 00447895 f   gl_model.obj
 0001:000468a6       ?LoadWorldMap@OpenGLDrv@@YAXPBD@Z 004478a6 f   gl_bspmodel.obj
 0001:0004796c       ?Negate@CVec3@@QAEXXZ      0044896c f i gl_bspmodel.obj
 0001:000483c4       ?PointInLeaf@OpenGLDrv@@YAPAUnode_t@1@ABUCVec3@@@Z 004493c4 f   gl_bspmodel.obj
 0001:0004840f       ?CALL_CONSTRUCTOR@@YAXPAVinlineModel_t@OpenGLDrv@@@Z 0044940f f i gl_bspmodel.obj
 0001:00048425       ?LerpTag@model_t@OpenGLDrv@@UBE_NHHMPBDAAUCCoords@@@Z 00449425 f   gl_trimodel.obj
 0001:00048433       ?LerpTag@md3Model_t@OpenGLDrv@@UBE_NHHMPBDAAUCCoords@@@Z 00449433 f   gl_trimodel.obj
 0001:00048562       ?LoadMd2@OpenGLDrv@@YAPAVmd3Model_t@1@PBDPAEI@Z 00449562 f   gl_trimodel.obj
 0001:0004909b       ?ATAN2_FUNC@OpenGLDrv@@YAMMM@Z 0044a09b f i gl_trimodel.obj
 0001:0004923f       ?LoadMd3@OpenGLDrv@@YAPAVmd3Model_t@1@PBDPAEI@Z 0044a23f f   gl_trimodel.obj
 0001:000496d1       ?FindSkin@OpenGLDrv@@YAPAVshader_t@1@PBD@Z 0044a6d1 f   gl_trimodel.obj
 0001:000496e2       ?LoadSp2@OpenGLDrv@@YAPAVsp2Model_t@1@PBDPAEI@Z 0044a6e2 f   gl_trimodel.obj
 0001:00049837       ?CALL_CONSTRUCTOR@@YAXPAVmd3Model_t@OpenGLDrv@@@Z 0044a837 f i gl_trimodel.obj
 0001:0004984d       ?CALL_CONSTRUCTOR@@YAXPAVsp2Model_t@OpenGLDrv@@@Z 0044a84d f i gl_trimodel.obj
 0001:0004ae58       ?QGL_Init@OpenGLDrv@@YA_NPBD@Z 0044be58 f   qgl_win.obj
 0001:0004af3a       ?QGL_Shutdown@OpenGLDrv@@YAXXZ 0044bf3a f   qgl_win.obj
 0001:0004af78       ?QGL_InitExtensions@OpenGLDrv@@YAXXZ 0044bf78 f   qgl_win.obj
 0001:0004b464       ?QGL_PrintExtensionsString@OpenGLDrv@@YAXPBD00@Z 0044c464 f   qgl_win.obj
 0001:0004b5b1       ?QGL_EnableLogging@OpenGLDrv@@YAX_N@Z 0044c5b1 f   qgl_win.obj
 0001:0004b66b       ?QGL_LogMessage@OpenGLDrv@@YAXPBD@Z 0044c66b f   qgl_win.obj
 0001:0004b682       ?QGL_SwapBuffers@OpenGLDrv@@YAXXZ 0044c682 f   qgl_win.obj
 0001:0004b6d9       ?GLimp_HasGamma@OpenGLDrv@@YA_NXZ 0044c6d9 f   gl_win.obj
 0001:0004b6ed       ?GLimp_SetGamma@OpenGLDrv@@YAXM@Z 0044c6ed f   gl_win.obj
 0001:0004b895       ?GLimp_SetMode@OpenGLDrv@@YA_NPAI0H_N@Z 0044c895 f   gl_win.obj
 0001:0004bc8b       ?GLimp_Shutdown@OpenGLDrv@@YAX_N@Z 0044cc8b f   gl_win.obj
 0001:0004bd38       ?AppActivate@OpenGLDrv@@YAX_N@Z 0044cd38 f   gl_win.obj
 0001:0004bda8       _jpeg_CreateDecompress     0044cda8 f   lib:jdapimin.obj
 0001:0004be68       _jpeg_destroy_decompress   0044ce68 f   lib:jdapimin.obj
 0001:0004be68       _jpeg_destroy_compress     0044ce68 f   lib:jdapimin.obj
 0001:0004be73       _jpeg_read_header          0044ce73 f   lib:jdapimin.obj
 0001:0004bed5       _jpeg_consume_input        0044ced5 f   lib:jdapimin.obj
 0001:0004c124       _jpeg_finish_decompress    0044d124 f   lib:jdapimin.obj
 0001:0004c1bb       _jpeg_start_decompress     0044d1bb f   lib:jdapistd.obj
 0001:0004c328       _jpeg_read_scanlines       0044d328 f   lib:jdapistd.obj
 0001:0004c3ac       _jpeg_resync_to_restart    0044d3ac f   lib:jdmarker.obj
 0001:0004c571       _jinit_marker_reader       0044d571 f   lib:jdmarker.obj
 0001:0004da3c       _jpeg_CreateCompress       0044ea3c f   lib:jcapimin.obj
 0001:0004daf0       _jpeg_suppress_tables      0044eaf0 f   lib:jcapimin.obj
 0001:0004db3a       _jpeg_finish_compress      0044eb3a f   lib:jcapimin.obj
 0001:0004dc24       _jpeg_start_compress       0044ec24 f   lib:jcapistd.obj
 0001:0004dc90       _jpeg_write_scanlines      0044ec90 f   lib:jcapistd.obj
 0001:0004dd3b       _jpeg_add_quant_table      0044ed3b f   lib:jcparam.obj
 0001:0004dded       _jpeg_quality_scaling      0044eded f   lib:jcparam.obj
 0001:0004de14       _jpeg_set_quality          0044ee14 f   lib:jcparam.obj
 0001:0004de4e       _jpeg_set_defaults         0044ee4e f   lib:jcparam.obj
 0001:0004e014       _jpeg_default_colorspace   0044f014 f   lib:jcparam.obj
 0001:0004e064       _jpeg_set_colorspace       0044f064 f   lib:jcparam.obj
 0001:0004e37f       _jpeg_stdio_dest           0044f37f f   lib:jdatadst.obj
 0001:0004e59f       _crc32                     0044f59f f   lib:crc32.obj
 0001:0004e839       _inflateReset              0044f839 f   lib:inflate.obj
 0001:0004e887       _inflateInit2_             0044f887 f   lib:inflate.obj
 0001:0004e940       _inflate                   0044f940 f   lib:inflate.obj
 0001:0004fc15       _inflateEnd                00450c15 f   lib:inflate.obj
 0001:0004fc53       _jinit_input_controller    00450c53 f   lib:jdinput.obj
 0001:00050136       _jinit_memory_mgr          00451136 f   lib:jmemmgr.obj
 0001:00050c72       _jpeg_abort                00451c72 f   lib:jcomapi.obj
 0001:00050ca5       _jpeg_destroy              00451ca5 f   lib:jcomapi.obj
 0001:00050cc0       _jpeg_alloc_quant_table    00451cc0 f   lib:jcomapi.obj
 0001:00050cdc       _jpeg_alloc_huff_table     00451cdc f   lib:jcomapi.obj
 0001:00050cf8       _jpeg_calc_output_dimensions 00451cf8 f   lib:jdmaster.obj
 0001:00050df8       _jinit_master_decompress   00451df8 f   lib:jdmaster.obj
 0001:0005114e       _jdiv_round_up             0045214e f   lib:jutils.obj
 0001:0005115e       _jround_up                 0045215e f   lib:jutils.obj
 0001:00051176       _jcopy_sample_rows         00452176 f   lib:jutils.obj
 0001:000511b4       _jcopy_block_row           004521b4 f   lib:jutils.obj
 0001:000511cd       _jzero_far                 004521cd f   lib:jutils.obj
 0001:000511e0       _jinit_marker_writer       004521e0 f   lib:jcmarker.obj
 0001:00051abc       _jinit_compress_master     00452abc f   lib:jcinit.obj
 0001:00051b15       _inflate_fast              00452b15 f   lib:inffast.obj
 0001:00051eca       _inflate_table             00452eca f   lib:inftrees.obj
 0001:0005227e       _adler32                   0045327e f   lib:adler32.obj
 0001:00052397       _jinit_c_codec             00453397 f   lib:jcodec.obj
 0001:000523b3       _jinit_d_codec             004533b3 f   lib:jcodec.obj
 0001:000523cf       _jpeg_get_small            004533cf f   lib:jmemnobs.obj
 0001:000523cf       _jpeg_get_large            004533cf f   lib:jmemnobs.obj
 0001:000523db       _jpeg_free_large           004533db f   lib:jmemnobs.obj
 0001:000523db       _jpeg_free_small           004533db f   lib:jmemnobs.obj
 0001:000523e7       _jpeg_mem_available        004533e7 f   lib:jmemnobs.obj
 0001:000523ec       _jpeg_open_backing_store   004533ec f   lib:jmemnobs.obj
 0001:00052400       __matherr                  00453400 f   lib:jmemnobs.obj
 0001:00052400       _jpeg_mem_init             00453400 f   lib:jmemnobs.obj
 0001:00052403       _jinit_d_main_controller   00453403 f   lib:jdmainct.obj
 0001:00052a4e       _jinit_d_post_controller   00453a4e f   lib:jdpostct.obj
 0001:00052cf9       _jinit_upsampler           00453cf9 f   lib:jdsample.obj
 0001:00053337       _jinit_color_deconverter   00454337 f   lib:jdcolor.obj
 0001:0005384d       _jinit_merged_upsampler    0045484d f   lib:jdmerge.obj
 0001:00053d9d       _jinit_2pass_quantizer     00454d9d f   lib:jquant2.obj
 0001:00054e60       _jinit_1pass_quantizer     00455e60 f   lib:jquant1.obj
 0001:00055886       _jinit_c_main_controller   00456886 f   lib:jcmainct.obj
 0001:000559f3       _jinit_c_prep_controller   004569f3 f   lib:jcprepct.obj
 0001:00055f3e       _jinit_downsampler         00456f3e f   lib:jcsample.obj
 0001:000567be       _jinit_color_converter     004577be f   lib:jccolor.obj
 0001:00056da8       _jinit_c_master_control    00457da8 f   lib:jcmaster.obj
 0001:00057897       _jinit_lossy_c_codec       00458897 f   lib:jclossy.obj
 0001:00057932       _jinit_lossless_c_codec    00458932 f   lib:jclossls.obj
 0001:000579ca       _jinit_lossy_d_codec       004589ca f   lib:jdlossy.obj
 0001:00057c9d       _jinit_lossless_d_codec    00458c9d f   lib:jdlossls.obj
 0001:00057d4d       _jinit_c_coef_controller   00458d4d f   lib:jccoefct.obj
 0001:000583ec       _jinit_shuff_encoder       004593ec f   lib:jcshuff.obj
 0001:00058c57       _jinit_phuff_encoder       00459c57 f   lib:jcphuff.obj
 0001:000596fc       _jinit_forward_dct         0045a6fc f   lib:jcdctmgr.obj
 0001:000599cb       _jinit_c_diff_controller   0045a9cb f   lib:jcdiffct.obj
 0001:00059f31       _jinit_lhuff_encoder       0045af31 f   lib:jclhuff.obj
 0001:0005a65b       _jinit_differencer         0045b65b f   lib:jcpred.obj
 0001:0005ab75       _jinit_c_scaler            0045bb75 f   lib:jcscale.obj
 0001:0005abeb       _jinit_d_coef_controller   0045bbeb f   lib:jdcoefct.obj
 0001:0005b8c7       _jinit_shuff_decoder       0045c8c7 f   lib:jdshuff.obj
 0001:0005be5c       _jinit_phuff_decoder       0045ce5c f   lib:jdphuff.obj
 0001:0005c9f9       _jinit_inverse_dct         0045d9f9 f   lib:jddctmgr.obj
 0001:0005cbdd       _jinit_d_diff_controller   0045dbdd f   lib:jddiffct.obj
 0001:0005d10b       _jinit_d_scaler            0045e10b f   lib:jdscale.obj
 0001:0005d20a       _jinit_undifferencer       0045e20a f   lib:jdpred.obj
 0001:0005d5c4       _jinit_lhuff_decoder       0045e5c4 f   lib:jdlhuff.obj
 0001:0005d9b9       _jpeg_make_c_derived_tbl   0045e9b9 f   lib:jchuff.obj
 0001:0005dbbb       _jpeg_gen_optimal_table    0045ebbb f   lib:jchuff.obj
 0001:0005dd7a       _jpeg_fdct_float           0045ed7a f   lib:jfdctflt.obj
 0001:0005df7f       _jpeg_make_d_derived_tbl   0045ef7f f   lib:jdhuff.obj
 0001:0005e21c       _jpeg_fill_bit_buffer      0045f21c f   lib:jdhuff.obj
 0001:0005e32b       _jpeg_huff_decode          0045f32b f   lib:jdhuff.obj
 0001:0005e40b       _jpeg_idct_4x4             0045f40b f   lib:jidctred.obj
 0001:0005e6f9       _jpeg_idct_2x2             0045f6f9 f   lib:jidctred.obj
 0001:0005e8bb       _jpeg_idct_1x1             0045f8bb f   lib:jidctred.obj
 0001:0005e8f7       _jpeg_idct_float           0045f8f7 f   lib:jidctflt.obj
 0001:0005ecd0       __except_handler3          0045fcd0 f   MSVCRT:MSVCRT.dll
 0001:0005ece0       __alloca_probe             0045fce0 f   MSVCRT:chkstk.obj
 0001:0005ece0       __chkstk                   0045fce0 f   MSVCRT:chkstk.obj
 0001:0005ed0f       ??_Etype_info@@UAEPAXI@Z   0045fd0f f i MSVCRT:ti_inst.obj
 0001:0005ed0f       ??_Gtype_info@@UAEPAXI@Z   0045fd0f f i MSVCRT:ti_inst.obj
 0001:0005ed2c       __CxxThrowException@8      0045fd2c f   MSVCRT:MSVCRT.dll
 0001:0005ed32       _strcpy                    0045fd32 f   MSVCRT:MSVCRT.dll
 0001:0005ed38       _strlen                    0045fd38 f   MSVCRT:MSVCRT.dll
 0001:0005ed3e       _strcmp                    0045fd3e f   MSVCRT:MSVCRT.dll
 0001:0005ed44       _sin                       0045fd44 f   MSVCRT:MSVCRT.dll
 0001:0005ed4a       _tan                       0045fd4a f   MSVCRT:MSVCRT.dll
 0001:0005ed50       _cos                       0045fd50 f   MSVCRT:MSVCRT.dll
 0001:0005ed56       _strcat                    0045fd56 f   MSVCRT:MSVCRT.dll
 0001:0005ed5c       _fmod                      0045fd5c f   MSVCRT:MSVCRT.dll
 0001:0005ed62       _atan2                     0045fd62 f   MSVCRT:MSVCRT.dll
[...]
 0001:0005cd7b       _start_iMCU_row            0045dd7b f   lib:jddiffct.obj
 0001:0005cdc0       _start_output_pass         0045ddc0 f   lib:jddiffct.obj
 0001:0005cdcc       _decompress_data           0045ddcc f   lib:jddiffct.obj
 0001:0005cf3c       _process_restart           0045df3c f   lib:jddiffct.obj
 0001:0005af5c       _dummy_consume_data        0045bf5c f   lib:jdcoefct.obj
 0001:0005cf71       _consume_data              0045df71 f   lib:jddiffct.obj
 0001:0005cfe8       _output_data               0045dfe8 f   lib:jddiffct.obj
 0001:0005ca6f       _start_pass                0045da6f f   lib:jddctmgr.obj
 0001:0005bec1       _start_pass_phuff_decoder  0045cec1 f   lib:jdphuff.obj
 0001:0005c10a       _decode_mcu_DC_first       0045d10a f   lib:jdphuff.obj
 0001:0005c302       _process_restart           0045d302 f   lib:jdphuff.obj
 0001:0005c371       _decode_mcu_AC_first       0045d371 f   lib:jdphuff.obj
 0001:0005c591       _decode_mcu_DC_refine      0045d591 f   lib:jdphuff.obj
 0001:0005c666       _decode_mcu_AC_refine      0045d666 f   lib:jdphuff.obj
 0001:0005b908       _start_pass_huff_decoder   0045c908 f   lib:jdshuff.obj
 0001:0005ba40       _decode_mcu                0045ca40 f   lib:jdshuff.obj
 0001:0005bdf0       _process_restart           0045cdf0 f   lib:jdshuff.obj
 0001:0005acee       _start_input_pass          0045bcee f   lib:jdcoefct.obj
 0001:0005ad01       _start_iMCU_row            0045bd01 f   lib:jdcoefct.obj
 0001:0005ad46       _start_output_pass         0045bd46 f   lib:jdcoefct.obj
 0001:0005ad83       _decompress_onepass        0045bd83 f   lib:jdcoefct.obj
 0001:0005af5c       _dummy_consume_data        0045bf5c f   lib:jdcoefct.obj
 0001:0005af5f       _consume_data              0045bf5f f   lib:jdcoefct.obj
 0001:0005b118       _decompress_data           0045c118 f   lib:jdcoefct.obj
 0001:0005b284       _smoothing_ok              0045c284 f   lib:jdcoefct.obj
 0001:0005b36f       _decompress_smooth_data    0045c36f f   lib:jdcoefct.obj
 0001:0005ab87       _scaler_start_pass         0045bb87 f   lib:jcscale.obj
 0001:0005abaa       _simple_downscale          0045bbaa f   lib:jcscale.obj
 0001:0005abd6       _noscale                   0045bbd6 f   lib:jcscale.obj
 0001:0005a67f       _start_pass                0045b67f f   lib:jcpred.obj
 0001:0005a6d7       _reset_predictor           0045b6d7 f   lib:jcpred.obj
 0001:0005a704       _jpeg_difference_first_row 0045b704 f   lib:jcpred.obj
 0001:0005a7ee       _jpeg_difference1          0045b7ee f   lib:jcpred.obj
 0001:0005a85c       _jpeg_difference2          0045b85c f   lib:jcpred.obj
 0001:0005a8cd       _jpeg_difference3          0045b8cd f   lib:jcpred.obj
 0001:0005a945       _jpeg_difference4          0045b945 f   lib:jcpred.obj
 0001:0005a9d0       _jpeg_difference5          0045b9d0 f   lib:jcpred.obj
 0001:0005aa63       _jpeg_difference6          0045ba63 f   lib:jcpred.obj
 0001:0005aaf2       _jpeg_difference7          0045baf2 f   lib:jcpred.obj
 0001:00059f71       _start_pass_huff           0045af71 f   lib:jclhuff.obj
 0001:0005a10e       _encode_mcus_huff          0045b10e f   lib:jclhuff.obj
 0001:0005a2f9       _emit_bits                 0045b2f9 f   lib:jclhuff.obj
 0001:0005a39c       _dump_buffer               0045b39c f   lib:jclhuff.obj
 0001:0005a3c0       _emit_restart              0045b3c0 f   lib:jclhuff.obj
 0001:0005a40b       _flush_bits                0045b40b f   lib:jclhuff.obj
 0001:0005a42f       _finish_pass_huff          0045b42f f   lib:jclhuff.obj
 0001:0005a49c       _encode_mcus_gather        0045b49c f   lib:jclhuff.obj
 0001:0005a5c5       _finish_pass_gather        0045b5c5 f   lib:jclhuff.obj
 0001:00058c54       _need_optimization_pass    00459c54 f   lib:jcshuff.obj
 0001:00059b4f       _start_pass_diff           0045ab4f f   lib:jcdiffct.obj
 0001:00059bed       _start_iMCU_row            0045abed f   lib:jcdiffct.obj
 0001:00059c2f       _compress_data             0045ac2f f   lib:jcdiffct.obj
 0001:00059dc5       _compress_first_pass       0045adc5 f   lib:jcdiffct.obj
 0001:00059eba       _compress_output           0045aeba f   lib:jcdiffct.obj
 0001:00059762       _start_pass_fdctmgr        0045a762 f   lib:jcdctmgr.obj
 0001:00059864       _forward_DCT_float         0045a864 f   lib:jcdctmgr.obj
 0001:00058c97       _start_pass_phuff          00459c97 f   lib:jcphuff.obj
 0001:00058e04       _encode_mcu_DC_first       00459e04 f   lib:jcphuff.obj
 0001:00058f36       _emit_bits                 00459f36 f   lib:jcphuff.obj
 0001:00058fe1       _dump_buffer               00459fe1 f   lib:jcphuff.obj
 0001:00059019       _emit_symbol               0045a019 f   lib:jcphuff.obj
 0001:00059059       _emit_restart              0045a059 f   lib:jcphuff.obj
 0001:000590e2       _emit_eobrun               0045a0e2 f   lib:jcphuff.obj
 0001:00059168       _encode_mcu_AC_first       0045a168 f   lib:jcphuff.obj
 0001:000592fc       _encode_mcu_DC_refine      0045a2fc f   lib:jcphuff.obj
 0001:000593b6       _encode_mcu_AC_refine      0045a3b6 f   lib:jcphuff.obj
 0001:000595cd       _finish_pass_phuff         0045a5cd f   lib:jcphuff.obj
 0001:0005961c       _finish_pass_gather_phuff  0045a61c f   lib:jcphuff.obj
 0001:000596df       _need_optimization_pass    0045a6df f   lib:jcphuff.obj
 0001:0005842f       _start_pass_huff           0045942f f   lib:jcshuff.obj
 0001:000585a4       _encode_mcu_huff           004595a4 f   lib:jcshuff.obj
 0001:000586af       _encode_one_block          004596af f   lib:jcshuff.obj
 0001:00058826       _emit_bits                 00459826 f   lib:jcshuff.obj
 0001:000588c9       _dump_buffer               004598c9 f   lib:jcshuff.obj
 0001:000588ed       _emit_restart              004598ed f   lib:jcshuff.obj
 0001:0005895a       _flush_bits                0045995a f   lib:jcshuff.obj
 0001:0005897e       _finish_pass_huff          0045997e f   lib:jcshuff.obj
 0001:000589ed       _encode_mcu_gather         004599ed f   lib:jcshuff.obj
 0001:00058aa3       _htest_one_block           00459aa3 f   lib:jcshuff.obj
 0001:00058b6a       _finish_pass_gather        00459b6a f   lib:jcshuff.obj
 0001:00058c54       _need_optimization_pass    00459c54 f   lib:jcshuff.obj
 0001:00057e02       _start_pass_coef           00458e02 f   lib:jccoefct.obj
 0001:00059bed       _start_iMCU_row            0045abed f   lib:jcdiffct.obj
 0001:00057e97       _compress_data             00458e97 f   lib:jccoefct.obj
 0001:0005807e       _compress_first_pass       0045907e f   lib:jccoefct.obj
 0001:00058264       _compress_output           00459264 f   lib:jccoefct.obj
 0001:00057d1a       _calc_output_dimensions    00458d1a f   lib:jdlossls.obj
 0001:00057d2b       _start_input_pass          00458d2b f   lib:jdlossls.obj
 0001:00057a59       _calc_output_dimensions    00458a59 f   lib:jdlossy.obj
 0001:00057bcc       _start_input_pass          00458bcc f   lib:jdlossy.obj
 0001:00057bec       _latch_quant_tables        00458bec f   lib:jdlossy.obj
 0001:00057c84       _start_output_pass         00458c84 f   lib:jdlossy.obj
 0001:000579a8       _start_pass                004589a8 f   lib:jclossls.obj
 0001:00057914       _start_pass                00458914 f   lib:jclossy.obj
 0001:00056e69       _initial_setup             00457e69 f   lib:jcmaster.obj
 0001:0005701c       _validate_script           0045801c f   lib:jcmaster.obj
 0001:000573f4       _prepare_for_pass          004583f4 f   lib:jcmaster.obj
 0001:0005756c       _select_scan_parameters    0045856c f   lib:jcmaster.obj
 0001:0005766d       _per_scan_setup            0045866d f   lib:jcmaster.obj
 0001:00057818       _pass_startup              00458818 f   lib:jcmaster.obj
 0001:0005783f       _finish_pass_master        0045883f f   lib:jcmaster.obj
 0001:00056955       _rgb_ycc_start             00457955 f   lib:jccolor.obj
 0001:00056a19       _rgb_ycc_convert           00457a19 f   lib:jccolor.obj
 0001:00056b18       _rgb_gray_convert          00457b18 f   lib:jccolor.obj
 0001:00056b9d       _cmyk_ycck_convert         00457b9d f   lib:jccolor.obj
 0001:00056cd5       _grayscale_convert         00457cd5 f   lib:jccolor.obj
 0001:00056d2f       _null_convert              00457d2f f   lib:jccolor.obj
 0001:0001f170       _null_method               00420170 f   sv_game.obj
 0001:0001f170       _start_pass_downsample     00420170 f   sv_game.obj
 0001:000560a1       _sep_downsample            004570a1 f   lib:jcsample.obj
 0001:00056116       _int_downsample            00457116 f   lib:jcsample.obj
 0001:0005620e       _expand_right_edge         0045720e f   lib:jcsample.obj
 0001:00056263       _fullsize_downsample       00457263 f   lib:jcsample.obj
 0001:000562a7       _h2v1_downsample           004572a7 f   lib:jcsample.obj
 0001:0005633b       _h2v2_downsample           0045733b f   lib:jcsample.obj
 0001:000563e8       _h2v2_smooth_downsample    004573e8 f   lib:jcsample.obj
 0001:00056660       _fullsize_smooth_downsample 00457660 f   lib:jcsample.obj
 0001:00055a9d       _start_pass_prep           00456a9d f   lib:jcprepct.obj
 0001:00055adb       _pre_process_data          00456adb f   lib:jcprepct.obj
 0001:00055c89       _pre_process_context       00456c89 f   lib:jcprepct.obj
 0001:00055e42       _create_context_buffer     00456e42 f   lib:jcprepct.obj
 0001:00055915       _start_pass_main           00456915 f   lib:jcmainct.obj
 0001:00055957       _process_data_simple_main  00456957 f   lib:jcmainct.obj
 0001:00054eeb       _create_colormap           00455eeb f   lib:jquant1.obj
 0001:0005501d       _select_ncolors            0045601d f   lib:jquant1.obj
 0001:000550f4       _create_colorindex         004560f4 f   lib:jquant1.obj
 0001:00055220       _alloc_fs_workspace        00456220 f   lib:jquant1.obj
 0001:0005525c       _start_pass_1_quant        0045625c f   lib:jquant1.obj
 0001:00055328       _create_odither_tables     00456328 f   lib:jquant1.obj
 0001:00055387       _make_odither_array        00456387 f   lib:jquant1.obj
 0001:000553ea       _color_quantize            004563ea f   lib:jquant1.obj
 0001:00055475       _color_quantize3           00456475 f   lib:jquant1.obj
 0001:00055503       _quantize_ord_dither       00456503 f   lib:jquant1.obj
 0001:000555ee       _quantize3_ord_dither      004565ee f   lib:jquant1.obj
 0001:000556ee       _quantize_fs_dither        004566ee f   lib:jquant1.obj
 0001:0001f170       _finish_pass_1_quant       00420170 f   sv_game.obj
 0001:00055872       _new_color_map_1_quant     00456872 f   lib:jquant1.obj
 0001:00053eac       _init_error_limit          00454eac f   lib:jquant2.obj
 0001:00053f4b       _start_pass_2_quant        00454f4b f   lib:jquant2.obj
 0001:0005404d       _prescan_quantize          0045504d f   lib:jquant2.obj
 0001:000540bc       _pass2_no_dither           004550bc f   lib:jquant2.obj
 0001:00054169       _fill_inverse_cmap         00455169 f   lib:jquant2.obj
 0001:00054234       _find_nearby_colors        00455234 f   lib:jquant2.obj
 0001:000543d8       _find_best_colors          004553d8 f   lib:jquant2.obj
 0001:000544f2       _pass2_fs_dither           004554f2 f   lib:jquant2.obj
 0001:00054761       _finish_pass1              00455761 f   lib:jquant2.obj
 0001:00054783       _select_colors             00455783 f   lib:jquant2.obj
 0001:0005480f       _update_box                0045580f f   lib:jquant2.obj
 0001:00054ba9       _median_cut                00455ba9 f   lib:jquant2.obj
 0001:00054cbd       _find_biggest_color_pop    00455cbd f   lib:jquant2.obj
 0001:00054cec       _find_biggest_volume       00455cec f   lib:jquant2.obj
 0001:00054d15       _compute_color             00455d15 f   lib:jquant2.obj
 0001:0001f170       _finish_pass2              00420170 f   sv_game.obj
 0001:00054e51       _new_color_map_2_quant     00455e51 f   lib:jquant2.obj
 0001:000538c3       _build_ycc_rgb_table       004548c3 f   lib:jdmerge.obj
 0001:00053973       _start_pass_merged_upsample 00454973 f   lib:jdmerge.obj
 0001:00053988       _merged_2v_upsample        00454988 f   lib:jdmerge.obj
 0001:00053a2f       _merged_1v_upsample        00454a2f f   lib:jdmerge.obj
 0001:00053a60       _h2v1_merged_upsample      00454a60 f   lib:jdmerge.obj
 0001:00053bb6       _h2v2_merged_upsample      00454bb6 f   lib:jdmerge.obj
 0001:00053467       _build_ycc_rgb_table       00454467 f   lib:jdcolor.obj
 0001:00053517       _ycc_rgb_convert           00454517 f   lib:jdcolor.obj
 0001:00053625       _null_convert              00454625 f   lib:jdcolor.obj
 0001:0005369d       _grayscale_convert         0045469d f   lib:jdcolor.obj
 0001:000536c0       _gray_rgb_convert          004546c0 f   lib:jdcolor.obj
 0001:00053719       _ycck_cmyk_convert         00454719 f   lib:jdcolor.obj
 0001:0001f170       _start_pass_dcolor         00420170 f   sv_game.obj
 0001:00052ec8       _start_pass_upsample       00453ec8 f   lib:jdsample.obj
 0001:00052ee2       _sep_upsample              00453ee2 f   lib:jdsample.obj
 0001:00052faf       _fullsize_upsample         00453faf f   lib:jdsample.obj
 0001:00052fba       _noop_upsample             00453fba f   lib:jdsample.obj
 0001:00052fc2       _int_upsample              00453fc2 f   lib:jdsample.obj
 0001:000530ac       _h2v1_upsample             004540ac f   lib:jdsample.obj
 0001:00053103       _h2v2_upsample             00454103 f   lib:jdsample.obj
 0001:00053175       _h2v1_fancy_upsample       00454175 f   lib:jdsample.obj
 0001:00053218       _h2v2_fancy_upsample       00454218 f   lib:jdsample.obj
 0001:00052ad1       _start_pass_dpost          00453ad1 f   lib:jdpostct.obj
 0001:00052b77       _post_process_1pass        00453b77 f   lib:jdpostct.obj
 0001:00052bdc       _post_process_prepass      00453bdc f   lib:jdpostct.obj
 0001:00052c6d       _post_process_2pass        00453c6d f   lib:jdpostct.obj
 0001:000524d8       _alloc_funny_pointers      004534d8 f   lib:jdmainct.obj
 0001:00052585       _start_pass_main           00453585 f   lib:jdmainct.obj
 0001:000525ed       _make_funny_pointers       004535ed f   lib:jdmainct.obj
 0001:0005272d       _process_data_simple_main  0045372d f   lib:jdmainct.obj
 0001:00052795       _process_data_context_main 00453795 f   lib:jdmainct.obj
 0001:000528a7       _set_wraparound_pointers   004538a7 f   lib:jdmainct.obj
 0001:00052991       _set_bottom_pointers       00453991 f   lib:jdmainct.obj
 0001:00052a2b       _process_data_crank_post   00453a2b f   lib:jdmainct.obj
 0001:0005122e       _write_marker_header       0045222e f   lib:jcmarker.obj
 0001:00051284       _emit_byte                 00452284 f   lib:jcmarker.obj
 0001:000512b5       _write_marker_byte         004522b5 f   lib:jcmarker.obj
 0001:000512c5       _write_file_header         004522c5 f   lib:jcmarker.obj
 0001:00051311       _emit_jfif_app0            00452311 f   lib:jcmarker.obj
 0001:000513e4       _emit_adobe_app14          004523e4 f   lib:jcmarker.obj
 0001:0005148a       _write_frame_header        0045248a f   lib:jcmarker.obj
 0001:00051569       _emit_dqt                  00452569 f   lib:jcmarker.obj
 0001:00051658       _emit_sof                  00452658 f   lib:jcmarker.obj
 0001:00051734       _write_scan_header         00452734 f   lib:jcmarker.obj
 0001:000517f4       _emit_dht                  004527f4 f   lib:jcmarker.obj
 0001:000518cd       _emit_dri                  004528cd f   lib:jcmarker.obj
 0001:0005191c       _emit_sos                  0045291c f   lib:jcmarker.obj
 0001:00051a0a       _write_file_trailer        00452a0a f   lib:jcmarker.obj
 0001:00051a2a       _write_tables_only         00452a2a f   lib:jcmarker.obj
 0001:00050d83       _use_merged_upsample       00451d83 f   lib:jdmaster.obj
 0001:00050e29       _master_selection          00451e29 f   lib:jdmaster.obj
 0001:00050f86       _prepare_range_limit_table 00451f86 f   lib:jdmaster.obj
 0001:0005100c       _prepare_for_output_pass   0045200c f   lib:jdmaster.obj
 0001:0005112d       _finish_output_pass        0045212d f   lib:jdmaster.obj
 0001:000501fa       _alloc_small               004511fa f   lib:jmemmgr.obj
 0001:00050318       _alloc_large               00451318 f   lib:jmemmgr.obj
 0001:000503c9       _alloc_sarray              004513c9 f   lib:jmemmgr.obj
 0001:00050461       _alloc_barray              00451461 f   lib:jmemmgr.obj
 0001:00050505       _alloc_darray              00451505 f   lib:jmemmgr.obj
 0001:000505b0       _request_virt_sarray       004515b0 f   lib:jmemmgr.obj
 0001:00050611       _request_virt_barray       00451611 f   lib:jmemmgr.obj
 0001:00050672       _realize_virt_arrays       00451672 f   lib:jmemmgr.obj
 0001:000507f5       _access_virt_sarray        004517f5 f   lib:jmemmgr.obj
 0001:00050915       _do_sarray_io              00451915 f   lib:jmemmgr.obj
 0001:000509a5       _access_virt_barray        004519a5 f   lib:jmemmgr.obj
 0001:00050aca       _do_barray_io              00451aca f   lib:jmemmgr.obj
 0001:00050b5b       _free_pool                 00451b5b f   lib:jmemmgr.obj
 0001:00050c42       _self_destruct             00451c42 f   lib:jmemmgr.obj
 0001:0004fc94       _start_input_pass          00450c94 f   lib:jdinput.obj
 0001:0004fcc2       _per_scan_setup            00450cc2 f   lib:jdinput.obj
 0001:0004fe48       _finish_input_pass         00450e48 f   lib:jdinput.obj
 0001:0004fe59       _consume_markers           00450e59 f   lib:jdinput.obj
 0001:0004fef5       _initial_setup             00450ef5 f   lib:jdinput.obj
 0001:000500ff       _reset_input_controller    004510ff f   lib:jdinput.obj
 0001:0004fa4d       _fixedtables               00450a4d f   lib:inflate.obj
 0001:0004fb37       _updatewindow              00450b37 f   lib:inflate.obj
 0001:0004e47f       _make_crc_table            0044f47f f   lib:crc32.obj
 0001:0004e5cc       _crc32_little              0044f5cc f   lib:crc32.obj
 0001:0004e3bb       _init_destination          0044f3bb f   lib:jdatadst.obj
 0001:0004e3e1       _empty_output_buffer       0044f3e1 f   lib:jdatadst.obj
 0001:0004e423       _term_destination          0044f423 f   lib:jdatadst.obj
 0001:0004df42       _std_huff_tables           0044ef42 f   lib:jcparam.obj
 0001:0004df9c       _add_huff_table            0044ef9c f   lib:jcparam.obj
 0001:0004c49a       _next_marker               0044d49a f   lib:jdmarker.obj
 0001:0004c5d4       _get_interesting_appn      0044d5d4 f   lib:jdmarker.obj
 0001:0004c6ff       _examine_app0              0044d6ff f   lib:jdmarker.obj
 0001:0004c90d       _examine_app14             0044d90d f   lib:jdmarker.obj
 0001:0004c9ce       _skip_variable             0044d9ce f   lib:jdmarker.obj
 0001:0004ca71       _read_markers              0044da71 f   lib:jdmarker.obj
 0001:0004cc79       _get_soi                   0044dc79 f   lib:jdmarker.obj
 0001:0004cd24       _get_sof                   0044dd24 f   lib:jdmarker.obj
 0001:0004d02d       _get_sos                   0044e02d f   lib:jdmarker.obj
 0001:0004d31b       _get_dht                   0044e31b f   lib:jdmarker.obj
 0001:0004d5bc       _get_dqt                   0044e5bc f   lib:jdmarker.obj
 0001:0004d818       _get_dri                   0044e818 f   lib:jdmarker.obj
 0001:0004d8f7       _first_marker              0044e8f7 f   lib:jdmarker.obj
 0001:0004d993       _read_restart_marker       0044e993 f   lib:jdmarker.obj
 0001:0004da11       _reset_marker_reader       0044ea11 f   lib:jdmarker.obj
 0001:0004c27e       _output_pass_setup         0044d27e f   lib:jdapistd.obj
 0001:0004bf71       _default_decompress_parms  0044cf71 f   lib:jdapimin.obj

 128 bytes saved through ICF

