 quake2

 Timestamp is 42161f0c (Fri Feb 18 19:59:56 2005)

 Preferred load address is 00400000

 Start         Length     Name                   Class
 0001:00000000 0005ef70H .text                   CODE
 0002:00000000 00000284H .idata$5                DATA
 0002:00000288 00004074H .rdata                  DATA
 0002:00004300 00000044H .rdata$r                DATA
 0002:00004348 00000038H .xdata$x                DATA
 0002:00004380 00000078H .idata$2                DATA
 0002:000043f8 00000014H .idata$3                DATA
 0002:0000440c 00000284H .idata$4                DATA
 0002:00004690 00000824H .idata$6                DATA
 0002:00004eb4 00000000H .edata                  DATA
 0003:00000000 00000004H .CRT$XCA                DATA
 0003:00000004 00000004H .CRT$XCZ                DATA
 0003:00000008 00000004H .CRT$XIA                DATA
 0003:0000000c 00000004H .CRT$XIZ                DATA
 0003:00000010 0000e80cH .data                   DATA
 0003:0000e820 009fb2e4H .bss                    DATA
 0004:00000000 00000130H .rsrc$01                DATA
 0004:00000130 00003f20H .rsrc$02                DATA

  Address         Publics by Value              Rva+Base     Lib:Object

 0001:00000000       ??3@YAXPAX@Z               00401000 f i cl_cin.obj
 0001:0000000b       ?SCR_StopCinematic@@YAXXZ  0040100b f   cl_cin.obj
 0001:0000009f       ?SCR_DrawCinematic@@YA_NXZ 0040109f f   cl_cin.obj
 0001:00000502       ?SCR_PlayCinematic@@YAXPAD@Z 00401502 f   cl_cin.obj
 0001:0000085c       ?CL_Download_f@@YAX_NHPAPAD@Z 0040185c f   cl_download.obj
 0001:00000c0d       ?CL_ParseDownload@@YAXXZ   00401c0d f   cl_download.obj
 0001:00001415       ?CL_Precache_f@@YAXHPAPAD@Z 00402415 f   cl_download.obj
 0001:00001473       ?CL_ParseEntityBits@@YAHPAI@Z 00402473 f   cl_ents.obj
 0001:000014d5       ?CL_ParseDelta@@YAXPAUentityState_t@@0HH_N@Z 004024d5 f   cl_ents.obj
 0001:00001871       ?CL_DeltaEntity@@YAXPAUframe_t@@HPAUentityState_t@@H@Z 00402871 f   cl_ents.obj
 0001:000019c8       ?CL_ParsePacketEntities@@YAXPAUframe_t@@0@Z 004029c8 f   cl_ents.obj
 0001:00001bd0       ?CL_ParsePlayerstate@@YAXPAUframe_t@@0@Z 00402bd0 f   cl_ents.obj
 0001:00001ed8       ?CL_FireEntityEvents@@YAXPAUframe_t@@@Z 00402ed8 f   cl_ents.obj
 0001:00001f2a       ?CL_ParseFrame@@YAXXZ      00402f2a f   cl_ents.obj
 0001:000021f8       ?CL_AddEntityBox@@YAXPAUentityState_t@@I@Z 004031f8 f   cl_ents.obj
 0001:000022df       ?CL_OffsetThirdPersonView@@YAXXZ 004032df f   cl_ents.obj
 0001:00002399       ?CL_CalcViewValues@@YAXXZ  00403399 f   cl_ents.obj
 0001:000026a0       ?CL_AddEntities@@YAXXZ     004036a0 f   cl_ents.obj
 0001:0000343f       ?CL_GetEntitySoundOrigin@@YAXHQAM@Z 0040443f f   cl_ents.obj
 0001:00003471       ?CL_ClearLightStyles@@YAXXZ 00404471 f   cl_fx.obj
 0001:000034f3       ?CL_RunLightStyles@@YAXXZ  004044f3 f   cl_fx.obj
 0001:00003592       ?CL_SetLightstyle@@YAXHPBD@Z 00404592 f   cl_fx.obj
 0001:000035f3       ?CL_ClearDlights@@YAXXZ    004045f3 f   cl_fx.obj
 0001:00003604       ?CL_AllocDlight@@YAPAUcdlight_t@@HQAM@Z 00404604 f   cl_fx.obj
 0001:0000366d       ?CL_AddDLights@@YAXXZ      0040466d f   cl_fx.obj
 0001:000036cd       ?CL_ClearParticles@@YAXXZ  004046cd f   cl_fx.obj
 0001:00003734       ?CL_AllocParticleTrace@@YAPAUparticleTrace_t@@QAM0MM@Z 00404734 f   cl_fx.obj
 0001:000037d4       ?CL_AllocParticleBeam@@YAPAUbeam_s@@QAM0MM@Z 004047d4 f   cl_fx.obj
 0001:00003847       ?CL_AllocParticle@@YAPAUparticle_s@@XZ 00404847 f   cl_fx.obj
 0001:00003895       ?CL_UpdateParticles@@YAXXZ 00404895 f   cl_fx.obj
 0001:00003e87       ?CL_MetalSparks@@YAXQAM0H@Z 00404e87 f   cl_fx.obj
 0001:00003f74       ?CL_ParseMuzzleFlash@@YAXXZ 00404f74 f   cl_fx.obj
 0001:0000430a       ?CL_ParseMuzzleFlash2@@YAXXZ 0040530a f   cl_fx.obj
 0001:00004945       ?CL_ParticleEffect@@YAXQAM0HH@Z 00405945 f   cl_fx.obj
 0001:00004a14       ?CL_ParticleEffect2@@YAXQAM0HH@Z 00405a14 f   cl_fx.obj
 0001:00004adf       ?CL_ParticleEffect3@@YAXQAM0HH@Z 00405adf f   cl_fx.obj
 0001:00004baf       ?CL_TeleporterParticles@@YAXPAUentityState_t@@@Z 00405baf f   cl_fx.obj
 0001:00004c66       ?CL_LogoutEffect@@YAXQAMH@Z 00405c66 f   cl_fx.obj
 0001:00004d51       ?CL_ItemRespawnParticles@@YAXQAM@Z 00405d51 f   cl_fx.obj
 0001:00004e00       ?CL_ExplosionParticles@@YAXQAM@Z 00405e00 f   cl_fx.obj
 0001:00004eaa       ?CL_BigTeleportParticles@@YAXQAM@Z 00405eaa f   cl_fx.obj
 0001:00005001       ?CL_BlasterParticles@@YAXQAM0@Z 00406001 f   cl_fx.obj
 0001:000050cd       ?CL_BlasterTrail@@YAXQAM0@Z 004060cd f   cl_fx.obj
 0001:000051c0       ?CL_FlagTrail@@YAXQAM0M@Z  004061c0 f   cl_fx.obj
 0001:000052c0       ?CL_DiminishingTrail@@YAXQAM0PAUcentity_t@@H@Z 004062c0 f   cl_fx.obj
 0001:00005524       ?CL_RocketTrail@@YAXQAM0PAUcentity_t@@@Z 00406524 f   cl_fx.obj
 0001:00005651       ?CL_RailTrail@@YAXQAM0@Z   00406651 f   cl_fx.obj
 0001:00005877       ?CL_RailTrailExt@@YAXQAM0EE@Z 00406877 f   cl_fx.obj
 0001:0000597b       ?CL_IonripperTrail@@YAXQAM0@Z 0040697b f   cl_fx.obj
 0001:00005a8e       ?CL_BubbleTrail@@YAXQAM0@Z 00406a8e f   cl_fx.obj
 0001:00005bac       ?CL_FlyParticles@@YAXQAMH@Z 00406bac f   cl_fx.obj
 0001:00005d4b       ?CL_FlyEffect@@YAXPAUcentity_t@@QAM@Z 00406d4b f   cl_fx.obj
 0001:00005dce       ?CL_BfgParticles@@YAXPAUentity_t@@@Z 00406dce f   cl_fx.obj
 0001:00005fa8       ?CL_TrapParticles@@YAXPAUentity_t@@@Z 00406fa8 f   cl_fx.obj
 0001:0000622b       ?CL_BFGExplosionParticles@@YAXQAM@Z 0040722b f   cl_fx.obj
 0001:000062d5       ?CL_TeleportParticles@@YAXQAM@Z 004072d5 f   cl_fx.obj
 0001:0000640e       ?CL_EntityEvent@@YAXPAUentityState_t@@@Z 0040740e f   cl_fx.obj
 0001:000065e9       ?CL_ClearEffects@@YAXXZ    004075e9 f   cl_fx.obj
 0001:000065f8       ?IN_CenterView@@YAXXZ      004075f8 f   cl_input.obj
 0001:00006619       ?CL_InitInput@@YAXXZ       00407619 f   cl_input.obj
 0001:00006bb5       ?CL_SendCmd@@YAXXZ         00407bb5 f   cl_input.obj
 0001:000072b0       ?CL_WriteDemoMessage@@YAXXZ 004082b0 f   cl_main.obj
 0001:000072f2       ?Cmd_ForwardToServer@@YAXHPAPAD@Z 004082f2 f   cl_main.obj
 0001:00007385       ?CL_ForwardToServer_f@@YAXHPAPAD@Z 00408385 f   cl_main.obj
 0001:000073cd       ?CL_Pause@@YAX_N@Z         004083cd f   cl_main.obj
 0001:0000740f       ?CL_Quit_f@@YAXXZ          0040840f f   cl_main.obj
 0001:00007419       ?CL_Drop@@YAX_N@Z          00408419 f   cl_main.obj
 0001:0000743c       ?CL_SendConnectPacket@@YAXXZ 0040843c f   cl_main.obj
 0001:00007513       ?CL_CheckForResend@@YAXXZ  00408513 f   cl_main.obj
 0001:00007618       ?CL_Connect_f@@YAX_NHPAPAD@Z 00408618 f   cl_main.obj
 0001:0000769b       ?CL_Rcon_f@@YAXHPAPAD@Z    0040869b f   cl_main.obj
 0001:000077a3       ?CL_ClearState@@YAXXZ      004087a3 f   cl_main.obj
 0001:000077da       ?CL_Disconnect@@YAXXZ      004087da f   cl_main.obj
 0001:0000798a       ?CL_Disconnect_f@@YAXXZ    0040898a f   cl_main.obj
 0001:00007994       ?CL_Changing_f@@YAXXZ      00408994 f   cl_main.obj
 0001:000079b8       ?CL_Reconnect_f@@YAXXZ     004089b8 f   cl_main.obj
 0001:00007a54       ?CL_PingServers_f@@YAXXZ   00408a54 f   cl_main.obj
 0001:00007bbf       ?CL_Skins_f@@YAXXZ         00408bbf f   cl_main.obj
 0001:00007e92       ?CL_ConnectionlessPacket@@YAXXZ 00408e92 f   cl_main.obj
 0001:00007f91       ?CL_ReadPackets@@YAXXZ     00408f91 f   cl_main.obj
 0001:000080d6       ?CL_FixUpGender@@YAXXZ     004090d6 f   cl_main.obj
 0001:00008188       ?CL_Userinfo_f@@YAXXZ      00409188 f   cl_main.obj
 0001:000081a0       ?CL_RegisterSounds@@YAXXZ  004091a0 f   cl_main.obj
 0001:000081df       ?CL_Snd_Restart_f@@YAXXZ   004091df f   cl_main.obj
 0001:000081ee       ?CL_WriteConfiguration@@YAXPAD@Z 004091ee f   cl_main.obj
 0001:000082a9       ?CL_WriteConfig_f@@YAX_NHPAPAD@Z 004092a9 f   cl_main.obj
 0001:00008308       ?CL_FixCvarCheats@@YAXXZ   00409308 f   cl_main.obj
 0001:00008362       ?CL_Frame@@YAXMH@Z         00409362 f   cl_main.obj
 0001:00008546       ?CL_Init@@YAXXZ            00409546 f   cl_main.obj
 0001:00008a07       ?CL_Shutdown@@YAX_N@Z      00409a07 f   cl_main.obj
 0001:00008a50       ?CL_Flashlight@@YAXHQAM@Z  00409a50 f   cl_newfx.obj
 0001:00008a8a       ?CL_ColorFlash@@YAXQAMHHMMM@Z 00409a8a f   cl_newfx.obj
 0001:00008ac6       ?CL_DebugTrail@@YAXQAM0@Z  00409ac6 f   cl_newfx.obj
 0001:00008ba6       ?CL_ForceWall@@YAXQAM0H@Z  00409ba6 f   cl_newfx.obj
 0001:00008ccd       ?CL_BubbleTrail2@@YAXQAM0H@Z 00409ccd f   cl_newfx.obj
 0001:00008df7       ?CL_Heatbeam@@YAXQAM0@Z    00409df7 f   cl_newfx.obj
 0001:000090a8       ?CL_ParticleSteamEffect@@YAXQAM0HHH@Z 0040a0a8 f   cl_newfx.obj
 0001:000091d2       ?CL_ParticleSteamEffect2@@YAXPAUcl_sustain_s@@@Z 0040a1d2 f   cl_newfx.obj
 0001:00009309       ?CL_TrackerTrail@@YAXQAM0H@Z 0040a309 f   cl_newfx.obj
 0001:00009459       ?CL_Tracker_Shell@@YAXQAM@Z 0040a459 f   cl_newfx.obj
 0001:000094e2       ?CL_MonsterPlasma_Shell@@YAXQAM@Z 0040a4e2 f   cl_newfx.obj
 0001:00009568       ?CL_Widowbeamout@@YAXPAUcl_sustain_s@@@Z 0040a568 f   cl_newfx.obj
 0001:00009624       ?CL_Nukeblast@@YAXPAUcl_sustain_s@@@Z 0040a624 f   cl_newfx.obj
 0001:000096e0       ?CL_WidowSplash@@YAXQAM@Z  0040a6e0 f   cl_newfx.obj
 0001:000097a8       ?CL_TagTrail@@YAXQAM0M@Z   0040a7a8 f   cl_newfx.obj
 0001:000098a8       ?CL_ColorExplosionParticles@@YAXQAMHH@Z 0040a8a8 f   cl_newfx.obj
 0001:00009955       ?CL_ParticleSmokeEffect@@YAXQAM0HHH@Z 0040a955 f   cl_newfx.obj
 0001:00009a7d       ?CL_BlasterParticles2@@YAXQAM0I@Z 0040aa7d f   cl_newfx.obj
 0001:00009b4a       ?CL_BlasterTrail2@@YAXQAM0@Z 0040ab4a f   cl_newfx.obj
 0001:00009c3d       ?CL_LoadClientinfo@@YAXPAUclientinfo_t@@PAD@Z 0040ac3d f   cl_parse.obj
 0001:00009f24       ?CL_ParseClientinfo@@YAXH@Z 0040af24 f   cl_parse.obj
 0001:00009f48       ?CL_ParseServerMessage@@YAXXZ 0040af48 f   cl_parse.obj
 0001:0000a708       ?CL_CheckPredictionError@@YAXXZ 0040b708 f   cl_pred.obj
 0001:0000a8a8       ?CL_EntityTrace@@YAXPAUtrace_t@@QAM111H@Z 0040b8a8 f   cl_pred.obj
 0001:0000ac62       ?CL_Trace@@YAXPAUtrace_t@@QAM111H@Z 0040bc62 f   cl_pred.obj
 0001:0000ace4       ?CL_PMpointcontents@@YAHQAM@Z 0040bce4 f   cl_pred.obj
 0001:0000ae6e       ?CL_PredictMovement@@YAXXZ 0040be6e f   cl_pred.obj
 0001:0000b210       ?DrawString@@YAXHHPBD@Z    0040c210 f   cl_scrn.obj
 0001:0000b255       ?SCR_DebugGraph@@YAXMH@Z   0040c255 f   cl_scrn.obj
 0001:0000b27d       ?SCR_CenterPrint@@YAXPAD@Z 0040c27d f   cl_scrn.obj
 0001:0000b381       ?Key_Message@@YAXH@Z       0040c381 f   cl_scrn.obj
 0001:0000b41d       ?SCR_SetLevelshot@@YAXPAD@Z 0040c41d f   cl_scrn.obj
 0001:0000b501       ?SCR_BeginLoadingPlaque@@YAXXZ 0040c501 f   cl_scrn.obj
 0001:0000b586       ?SCR_EndLoadingPlaque@@YAX_N@Z 0040c586 f   cl_scrn.obj
 0001:0000b60b       ?SCR_ShowConsole@@YAX_N0@Z 0040c60b f   cl_scrn.obj
 0001:0000b6e4       ?SCR_ToggleConsole@@YAXXZ  0040c6e4 f   cl_scrn.obj
 0001:0000b70c       ?SCR_TouchPics@@YAXXZ      0040c70c f   cl_scrn.obj
 0001:0000b77c       ?SCR_UpdateScreen@@YAXXZ   0040c77c f   cl_scrn.obj
 0001:0000cad0       ?SCR_Init@@YAXXZ           0040dad0 f   cl_scrn.obj
 0001:0000cdb0       ?CL_RegisterTEntSounds@@YAXXZ 0040ddb0 f   cl_tent.obj
 0001:0000cff5       ?CL_RegisterTEntModels@@YAXXZ 0040dff5 f   cl_tent.obj
 0001:0000d12d       ?CL_ClearTEnts@@YAXXZ      0040e12d f   cl_tent.obj
 0001:0000d161       ?CL_AllocExplosion@@YAPAUexplosion_t@@QAMW4exptype_t@@@Z 0040e161 f   cl_tent.obj
 0001:0000d1fd       ?CL_AddExplosions@@YAXXZ   0040e1fd f   cl_tent.obj
 0001:0000d397       ?CL_SmokeAndFlash@@YAXQAM@Z 0040e397 f   cl_tent.obj
 0001:0000d3df       ?CL_ParseBeam@@YAHPAUmodel_s@@@Z 0040e3df f   cl_tent.obj
 0001:0000d4be       ?CL_ParseBeam2@@YAHPAUmodel_s@@@Z 0040e4be f   cl_tent.obj
 0001:0000d595       ?CL_ParsePlayerBeam@@YAHPAUmodel_s@@@Z 0040e595 f   cl_tent.obj
 0001:0000d6a3       ?CL_ParseLightning@@YAHPAUmodel_s@@@Z 0040e6a3 f   cl_tent.obj
 0001:0000d76f       ?CL_ParseLaser@@YAXI@Z     0040e76f f   cl_tent.obj
 0001:0000d7eb       ?CL_ParseSteam@@YAXXZ      0040e7eb f   cl_tent.obj
 0001:0000d8fc       ?CL_ParseWidow@@YAXXZ      0040e8fc f   cl_tent.obj
 0001:0000d968       ?CL_ParseNuke@@YAXXZ       0040e968 f   cl_tent.obj
 0001:0000d9d2       ?CL_ParseTEnt@@YAXXZ       0040e9d2 f   cl_tent.obj
 0001:0000e7ed       ?CL_AddBeams@@YAXXZ        0040f7ed f   cl_tent.obj
 0001:0000eb29       ?CL_AddPlayerBeams@@YAXXZ  0040fb29 f   cl_tent.obj
 0001:0000f219       ?CL_ProcessSustain@@YAXXZ  00410219 f   cl_tent.obj
 0001:0000f25a       ?CL_AddTEnts@@YAXXZ        0041025a f   cl_tent.obj
 0001:0000f26e       ?V_AddEntity@@YAXPAUentity_t@@@Z 0041026e f   cl_view.obj
 0001:0000f29d       ?V_AddLight@@YAXQAMMMMM@Z  0041029d f   cl_view.obj
 0001:0000f2e2       ?V_TestParticles@@YAXXZ    004102e2 f   cl_view.obj
 0001:0000f3a0       ?V_TestEntities@@YAXXZ     004103a0 f   cl_view.obj
 0001:0000f436       ?V_TestLights@@YAXXZ       00410436 f   cl_view.obj
 0001:0000f504       ?CL_PrepRefresh@@YAXXZ     00410504 f   cl_view.obj
 0001:0000f7c9       ?CalcFov@@YAMMMM@Z         004107c9 f   cl_view.obj
 0001:0000f83d       ?V_RenderView@@YA_NM@Z     0041083d f   cl_view.obj
 0001:000104f2       ?V_Init@@YAXXZ             004114f2 f   cl_view.obj
 0001:000105a2       ?Con_ClearNotify@@YAXXZ    004115a2 f   console.obj
 0001:000105b1       ?Con_CheckResize@@YAXXZ    004115b1 f   console.obj
 0001:000106d8       ?Con_Print@@YAXPBD@Z       004116d8 f   console.obj
 0001:000109d0       ?Con_DrawNotify@@YAX_N@Z   004119d0 f   console.obj
 0001:00010aea       ?Con_DrawConsole@@YAXM@Z   00411aea f   console.obj
 0001:00010ec4       ?Con_ClearTyping@@YAXXZ    00411ec4 f   console.obj
 0001:00010edd       ?Key_Console@@YAXHH@Z      00411edd f   console.obj
 0001:00011325       ?Con_Init@@YAXXZ           00412325 f   console.obj
 0001:000114a1       ?Key_KeynumToString@@YAPBDH@Z 004124a1 f   keys.obj
 0001:00011551       ?CompleteCommand@@YAXXZ    00412551 f   keys.obj
 0001:00011e9e       ?Key_SetBinding@@YAXHPBD@Z 00412e9e f   keys.obj
 0001:00011edc       ?Key_FindBinding@@YAHPBDPAHH@Z 00412edc f   keys.obj
 0001:00011f2a       ?Key_WriteBindings@@YAXPAU_iobuf@@@Z 00412f2a f   keys.obj
 0001:00011f72       ?Key_Init@@YAXXZ           00412f72 f   keys.obj
 0001:00012256       ?Key_Event@@YAXH_NI@Z      00413256 f   keys.obj
 0001:000125a4       ?Key_ClearStates@@YAXXZ    004135a4 f   keys.obj
 0001:000125db       ?M_PushMenu@@YAXP6AXXZP6APBDH@Z@Z 004135db f   menu.obj
 0001:0001266a       ?M_ForceMenuOff@@YAXXZ     0041366a f   menu.obj
 0001:00012693       ?M_ForceMenuOn@@YAXXZ      00413693 f   menu.obj
 0001:000126ac       ?M_PopMenu@@YAXXZ          004136ac f   menu.obj
 0001:000126f8       ?Default_MenuKey@@YAPBDPAUmenuFramework_s@@H@Z 004136f8 f   menu.obj
 0001:00012818       ?M_DrawCharacter@@YAXHHH@Z 00413818 f   menu.obj
 0001:0001284a       ?M_Print@@YAXHHPAD@Z       0041384a f   menu.obj
 0001:00012890       ?M_DrawCursor@@YAXHHH@Z    00413890 f   menu.obj
 0001:000128b5       ?M_DrawTextBox@@YAXHHHH@Z  004138b5 f   menu.obj
 0001:00012987       ?M_Main_Draw@@YAXXZ        00413987 f   menu.obj
 0001:00012afb       ?M_Main_Key@@YAPBDH@Z      00413afb f   menu.obj
 0001:00012bd9       ?M_Menu_Main_f@@YAXXZ      00413bd9 f   menu.obj
 0001:00012bfa       ?M_Menu_Multiplayer_f@@YAXXZ 00413bfa f   menu.obj
 0001:00012dd2       ?M_Menu_Keys_f@@YAXXZ      00413dd2 f   menu.obj
 0001:0001322e       ?M_Menu_Options_f@@YAXXZ   0041422e f   menu.obj
 0001:00013b43       ?M_Menu_Video_f@@YAXXZ     00414b43 f   menu.obj
 0001:00013b64       ?M_Menu_Credits_f@@YAXXZ   00414b64 f   menu.obj
 0001:00013d11       ?M_Menu_Game_f@@YAXXZ      00414d11 f   menu.obj
 0001:00013f84       ?M_Menu_LoadGame_f@@YAXXZ  00414f84 f   menu.obj
 0001:00014252       ?M_Menu_SaveGame_f@@YAXXZ  00415252 f   menu.obj
 0001:000143b2       ?M_AddToServerList@@YAXUnetadr_t@@PAD@Z 004153b2 f   menu.obj
 0001:00014425       ?M_Menu_JoinServer_f@@YAXXZ 00415425 f   menu.obj
 0001:00014689       ?M_Menu_StartServer_f@@YAXXZ 00415689 f   menu.obj
 0001:00014eb1       ?M_Menu_DMOptions_f@@YAXXZ 00415eb1 f   menu.obj
 0001:00015652       ?M_Menu_DownloadOptions_f@@YAXXZ 00416652 f   menu.obj
 0001:000158d4       ?M_Menu_AddressBook_f@@YAXXZ 004168d4 f   menu.obj
 0001:00016ca6       ?M_Init@@YAXXZ             00417ca6 f   menu.obj
 0001:00016dc4       ?M_Draw@@YAXXZ             00417dc4 f   menu.obj
 0001:00016e15       ?M_Keydown@@YAXH@Z         00417e15 f   menu.obj
 0001:00016e31       ?Menu_ItemAtCursor@@YAPAUmenuCommon_s@@PAUmenuFramework_s@@@Z 00417e31 f   qmenu.obj
 0001:00016e81       ?Field_Key@@YA_NPAUmenuField_t@@H@Z 00417e81 f   qmenu.obj
 0001:0001702e       ?Menu_AddItem@@YAXPAUmenuFramework_s@@PAX@Z 0041802e f   qmenu.obj
 0001:000170e9       ?Menu_AdjustCursor@@YAXPAUmenuFramework_s@@H@Z 004180e9 f   qmenu.obj
 0001:00017234       ?Menu_Center@@YAXPAUmenuFramework_s@@@Z 00418234 f   qmenu.obj
 0001:00017274       ?Menu_Draw@@YAXPAUmenuFramework_s@@@Z 00418274 f   qmenu.obj
 0001:000177c3       ?Menu_SelectItem@@YA_NPAUmenuFramework_s@@@Z 004187c3 f   qmenu.obj
 0001:00017816       ?Menu_SetStatusBar@@YAXPAUmenuFramework_s@@PBD@Z 00418816 f   qmenu.obj
 0001:00017822       ?Menu_SlideItem@@YAXPAUmenuFramework_s@@H@Z 00418822 f   qmenu.obj
 0001:00017d1d       ?InitRendererVars@@YAXXZ   00418d1d f   ref_vars.obj
 0001:00017d3c       ?S_SoundInfo_f@@YAXXZ      00418d3c f   snd_dma.obj
 0001:00017dc6       ?S_ReadModelsSex@@YAXXZ    00418dc6 f   snd_dma.obj
 0001:00017eab       ?S_IsFemale@@YA_NPAD@Z     00418eab f   snd_dma.obj
 0001:00017eff       ?S_Init@@YAXXZ             00418eff f   snd_dma.obj
 0001:00017fd5       ?S_Shutdown@@YAXXZ         00418fd5 f   snd_dma.obj
 0001:00018068       ?S_AliasName@@YAPAUsfx_s@@PAD0@Z 00419068 f   snd_dma.obj
 0001:0001812e       ?S_BeginRegistration@@YAXXZ 0041912e f   snd_dma.obj
 0001:0001813c       ?S_RegisterSound@@YAPAUsfx_s@@PBD@Z 0041913c f   snd_dma.obj
 0001:000182d5       ?S_EndRegistration@@YAXXZ  004192d5 f   snd_dma.obj
 0001:0001836d       ?S_PickChannel@@YAPAUchannel_t@@HH@Z 0041936d f   snd_dma.obj
 0001:000183fa       ?S_SpatializeOrigin@@YAXQAMMMPAH1@Z 004193fa f   snd_dma.obj
 0001:00018521       ?S_Spatialize@@YAXPAUchannel_t@@@Z 00419521 f   snd_dma.obj
 0001:00018592       ?S_AllocPlaysound@@YAPAUplaysound_s@@XZ 00419592 f   snd_dma.obj
 0001:000185b4       ?S_FreePlaysound@@YAXPAUplaysound_s@@@Z 004195b4 f   snd_dma.obj
 0001:000185e4       ?S_IssuePlaysound@@YAXPAUplaysound_s@@@Z 004195e4 f   snd_dma.obj
 0001:000186b1       ?S_StartSound@@YAXQAMHHPAUsfx_s@@MMM@Z 004196b1 f   snd_dma.obj
 0001:0001895a       ?S_StartLocalSound@@YAXPBD@Z 0041995a f   snd_dma.obj
 0001:000189a9       ?S_ClearBuffer@@YAXXZ      004199a9 f   snd_dma.obj
 0001:00018a12       ?S_StopAllSounds_f@@YAXXZ  00419a12 f   snd_dma.obj
 0001:00018a82       ?S_AddLoopSounds@@YAXXZ    00419a82 f   snd_dma.obj
 0001:00018c58       ?S_RawSamples@@YAXHHHHPAE@Z 00419c58 f   snd_dma.obj
 0001:00018e5c       ?S_Update@@YAXQAM000@Z     00419e5c f   snd_dma.obj
 0001:00018f56       ?GetSoundtime@@YAXXZ       00419f56 f   snd_dma.obj
 0001:00018fbd       ?S_Update_@@YAXXZ          00419fbd f   snd_dma.obj
 0001:00019270       ?ResampleSfx@@YAXPAUsfx_s@@HHPAE@Z 0041a270 f   snd_mem.obj
 0001:0001938b       ?S_LoadSound@@YAPAUsfxcache_t@@PAUsfx_s@@@Z 0041a38b f   snd_mem.obj
 0001:000194c0       ?GetWavinfo@@YA?AUwavinfo_t@@PADPAEH@Z 0041a4c0 f   snd_mem.obj
 0001:00019702       ?S_WriteLinearBlastStereo16@@YAXXZ 0041a702 f   snd_mix.obj
 0001:00019776       ?S_TransferStereo16@@YAXPAKH@Z 0041a776 f   snd_mix.obj
 0001:000197df       ?S_TransferPaintBuffer@@YAXH@Z 0041a7df f   snd_mix.obj
 0001:0001993b       ?S_PaintChannels@@YAXH@Z   0041a93b f   snd_mix.obj
 0001:00019bd7       ?S_InitScaletable@@YAXXZ   0041abd7 f   snd_mix.obj
 0001:00019d98       ?SV_WipeSavegame@@YAXPAD@Z 0041ad98 f   sv_ccmds.obj
 0001:00019dc6       ?SV_CopySaveGame@@YAXPAD0@Z 0041adc6 f   sv_ccmds.obj
 0001:00019e1b       ?SV_WriteLevelFile@@YAXXZ  0041ae1b f   sv_ccmds.obj
 0001:00019ec9       ?SV_ReadLevelFile@@YAXXZ   0041aec9 f   sv_ccmds.obj
 0001:00019f77       ?SV_WriteServerFile@@YAX_NPAD@Z 0041af77 f   sv_ccmds.obj
 0001:0001a1b4       ?SV_ReadServerFile@@YAXXZ  0041b1b4 f   sv_ccmds.obj
 0001:0001a2d9       ?SV_AddressBanned@@YA_NPAUnetadr_t@@@Z 0041b2d9 f   sv_ccmds.obj
 0001:0001a31a       ?SV_InitOperatorCommands@@YAXXZ 0041b31a f   sv_ccmds.obj
 0001:0001b329       ?SV_WritePlayerstateToClient@@YAXPAUclient_frame_t@@0PAUsizebuf_s@@@Z 0041c329 f   sv_ents.obj
 0001:0001b845       ?SV_WriteFrameToClient@@YAXPAUclient_s@@PAUsizebuf_s@@@Z 0041c845 f   sv_ents.obj
 0001:0001ba6d       ?SV_FatPVS@@YAXQAM@Z       0041ca6d f   sv_ents.obj
 0001:0001bb8b       ?SV_BuildClientFrame@@YAXPAUclient_s@@@Z 0041cb8b f   sv_ents.obj
 0001:0001bea0       ?SV_RecordDemoMessage@@YAXXZ 0041cea0 f   sv_ents.obj
 0001:0001ca19       ?SV_InitGameLibrary@@YAX_N@Z 0041da19 f   sv_game.obj
 0001:0001cb5f       ?SV_ShutdownGameLibrary@@YAXXZ 0041db5f f   sv_game.obj
 0001:0001ccbc       ?SV_FindIndex@@YAHPADHH_N@Z 0041dcbc f   sv_init.obj
 0001:0001cdc1       ?SV_ModelIndex@@YAHPAD@Z   0041ddc1 f   sv_init.obj
 0001:0001cdd7       ?SV_SoundIndex@@YAHPAD@Z   0041ddd7 f   sv_init.obj
 0001:0001cdf0       ?SV_ImageIndex@@YAHPAD@Z   0041ddf0 f   sv_init.obj
 0001:0001ce09       ?SV_CreateBaseline@@YAXXZ  0041de09 f   sv_init.obj
 0001:0001ce67       ?SV_CheckForSavegame@@YAXXZ 0041de67 f   sv_init.obj
 0001:0001ceef       ?SV_SpawnServer@@YAXPAD0W4server_state_t@@_N2@Z 0041deef f   sv_init.obj
 0001:0001d1be       ?SV_InitGame@@YAXXZ        0041e1be f   sv_init.obj
 0001:0001d3f9       ?SV_Map@@YAX_NPAD0@Z       0041e3f9 f   sv_init.obj
 0001:0001d5c2       ?SV_DropClient@@YAXPAUclient_s@@PAD@Z 0041e5c2 f   sv_main.obj
 0001:0001d673       ?SV_StatusString@@YAPADXZ  0041e673 f   sv_main.obj
 0001:0001deaa       ?SV_ConnectionlessPacket@@YAXXZ 0041eeaa f   sv_main.obj
 0001:0001df75       ?SV_CalcPings@@YAXXZ       0041ef75 f   sv_main.obj
 0001:0001dffc       ?SV_GiveMsec@@YAXXZ        0041effc f   sv_main.obj
 0001:0001e03b       ?SV_ReadPackets@@YAXXZ     0041f03b f   sv_main.obj
 0001:0001e185       ?SV_CheckTimeouts@@YAXXZ   0041f185 f   sv_main.obj
 0001:0001e296       ?SV_PostprocessFrame@@YAXXZ 0041f296 f   sv_main.obj
 0001:0001e76d       ?SV_MulticastHook@@YAPAUsizebuf_s@@PAU1@0@Z 0041f76d f   sv_main.obj
 0001:0001eb61       ?SV_TraceHook@@YA?AUtrace_t@@QAM000PAUedict_s@@H@Z 0041fb61 f   sv_main.obj
 0001:0001ecdc       ?SV_Frame@@YAXM@Z          0041fcdc f   sv_main.obj
 0001:0001ef96       ?SV_UserinfoChanged@@YAXPAUclient_s@@@Z 0041ff96 f   sv_main.obj
 0001:0001f05a       ?SV_Init@@YAXXZ            0042005a f   sv_main.obj
 0001:0001f0d1       ?SV_Shutdown@@YAXPAD_N@Z   004200d1 f   sv_main.obj
 0001:0001f2ce       ?SV_BeginRedirect@@YAXXZ   004202ce f   sv_send.obj
 0001:0001f378       ?SV_ClientPrintf@@YAXPAUclient_s@@HPADZZ 00420378 f   sv_send.obj
 0001:0001f3d3       ?SV_BroadcastPrintf@@YAXHPADZZ 004203d3 f   sv_send.obj
 0001:0001f4a9       ?SV_BroadcastCommand@@YAXPADZZ 004204a9 f   sv_send.obj
 0001:0001f4fe       ?SV_Multicast@@YAXQAMW4multicast_t@@_N@Z 004204fe f   sv_send.obj
 0001:0001f741       ?SV_MulticastOld@@YAXQAMW4multicast_t@@@Z 00420741 f   sv_send.obj
 0001:0001f754       ?SV_MulticastNew@@YAXQAMW4multicast_t@@@Z 00420754 f   sv_send.obj
 0001:0001f767       ?SV_StartSound@@YAXQAMPAUedict_s@@HHMMM_N@Z 00420767 f   sv_send.obj
 0001:0001fa2f       ?SV_StartSoundOld@@YAXQAMPAUedict_s@@HHMMM@Z 00420a2f f   sv_send.obj
 0001:0001fa5f       ?SV_StartSoundNew@@YAXQAMPAUedict_s@@HHMMM@Z 00420a5f f   sv_send.obj
 0001:0001fa8f       ?SV_SendClientDatagram@@YA_NPAUclient_s@@@Z 00420a8f f   sv_send.obj
 0001:0001fb62       ?SV_DemoCompleted@@YAXXZ   00420b62 f   sv_send.obj
 0001:0001fb7e       ?SV_RateDrop@@YA_NPAUclient_s@@@Z 00420b7e f   sv_send.obj
 0001:0001fbc8       ?SV_SendClientMessages@@YAXXZ 00420bc8 f   sv_send.obj
 0001:0001fd16       ?SV_TokenizeString@@YAXPBD@Z 00420d16 f   sv_tokenize.obj
 0001:0001fded       ?SV_Argc@@YAHXZ            00420ded f   sv_tokenize.obj
 0001:0001fdf3       ?SV_Argv@@YAPADH@Z         00420df3 f   sv_tokenize.obj
 0001:0001fe0d       ?SV_Args@@YAPADXZ          00420e0d f   sv_tokenize.obj
 0001:0002065e       ?SV_Nextserver@@YAXXZ      0042165e f   sv_user.obj
 0001:000206ed       ?SV_ExecuteUserCommand@@YAXPAD@Z 004216ed f   sv_user.obj
 0001:000207af       ?SV_ClientThink@@YAXPAUclient_s@@PAUusercmd_t@@@Z 004217af f   sv_user.obj
 0001:000207f2       ?SV_ExecuteClientMessage@@YAXPAUclient_s@@@Z 004217f2 f   sv_user.obj
 0001:00020a10       ?SV_ClearWorld@@YAXXZ      00421a10 f   sv_world.obj
 0001:00020b68       ?SV_UnlinkEdict@@YAXPAUedict_s@@@Z 00421b68 f   sv_world.obj
 0001:00020c2b       ?SV_LinkEdict@@YAXPAUedict_s@@@Z 00421c2b f   sv_world.obj
 0001:00021283       ?SV_AreaEdicts@@YAHQAM0PAPAUedict_s@@HH@Z 00422283 f   sv_world.obj
 0001:00021434       ?SV_PointContents@@YAHQAM@Z 00422434 f   sv_world.obj
 0001:0002155a       ?SV_ClipMoveToEntities@@YAXPAUtrace_t@@QAM111PAUedict_s@@H@Z 0042255a f   sv_world.obj
 0001:00021939       ?SV_Trace@@YAXPAUtrace_t@@QAM111PAUedict_s@@H@Z 00422939 f   sv_world.obj
 0001:000219f3       ?Cbuf_Init@@YAXXZ          004229f3 f   cmd.obj
 0001:00021a0b       ?Cbuf_AddText@@YAXPAD@Z    00422a0b f   cmd.obj
 0001:00021a70       ?Cbuf_InsertText@@YAXPAD@Z 00422a70 f   cmd.obj
 0001:00021ad7       ?Cbuf_CopyToDefer@@YAXXZ   00422ad7 f   cmd.obj
 0001:00021b1f       ?Cbuf_InsertFromDefer@@YAXXZ 00422b1f f   cmd.obj
 0001:00021b48       ?Cbuf_Execute@@YAXXZ       00422b48 f   cmd.obj
 0001:00021c4a       ?Cmd_Unalias_f@@YAX_NHPAPAD@Z 00422c4a f   cmd.obj
 0001:00021cd3       ?Cmd_WriteAliases@@YAXPAU_iobuf@@@Z 00422cd3 f   cmd.obj
 0001:00021d04       ?RegisterCommand@@YA_NPBDP6AXXZH@Z 00422d04 f   cmd.obj
 0001:00021d65       ?UnregisterCommand@@YAXPBD@Z 00422d65 f   cmd.obj
 0001:00021da7       ?Cmd_ExecuteString@@YA_NPBD@Z 00422da7 f   cmd.obj
 0001:0002222d       ?ExecuteCommand@@YA_NPBDPBUCSimpleCommand@@H@Z 0042322d f   cmd.obj
 0001:000222f4       ?Cmd_Init@@YAXXZ           004232f4 f   cmd.obj
 0001:0002261b       ?CMod_GetSurfMaterial@@YA?AW4material_t@@PAD@Z 0042361b f   cmodel.obj
 0001:00022678       ?CM_LoadMap@@YAPAUcmodel_t@@PAD_NPAI@Z 00423678 f   cmodel.obj
 0001:00022cd0       ?PlaneTypeForNormal@@YAHQBM@Z 00423cd0 f i cmodel.obj
 0001:00022e74       ?CM_InlineModel@@YAPAUcmodel_t@@PAD@Z 00423e74 f   cmodel.obj
 0001:00022eb5       ?CM_NumClusters@@YAHXZ     00423eb5 f   cmodel.obj
 0001:00022ebb       ?CM_NumInlineModels@@YAHXZ 00423ebb f   cmodel.obj
 0001:00022ec1       ?CM_EntityString@@YAPADXZ  00423ec1 f   cmodel.obj
 0001:00022ec7       ?CM_LeafContents@@YAHH@Z   00423ec7 f   cmodel.obj
 0001:00022eeb       ?CM_LeafCluster@@YAHH@Z    00423eeb f   cmodel.obj
 0001:00022f5d       ?CM_LeafArea@@YAHH@Z       00423f5d f   cmodel.obj
 0001:00022f82       ?CM_InitBoxHull@@YAXXZ     00423f82 f   cmodel.obj
 0001:00023112       ?CM_HeadnodeForBox@@YAHQAM0@Z 00424112 f   cmodel.obj
 0001:000231c7       ?CM_PointLeafnum@@YAHQAMH@Z 004241c7 f   cmodel.obj
 0001:00023267       ?DISTANCE_TO_PLANE@@YAMQBMPBUcplane_t@@@Z 00424267 f i cmodel.obj
 0001:000232af       ?CM_PointContents@@YAHQAMH@Z 004242af f   cmodel.obj
 0001:00023321       ?CM_TransformedPointContents@@YAHQAMH00@Z 00424321 f   cmodel.obj
 0001:00023457       ?CM_TransformedPointContents2@@YAHQAMH0PAY02M@Z 00424457 f   cmodel.obj
 0001:00023545       ?CM_BoxLeafnums@@YAHQAM0PAHH1H@Z 00424545 f   cmodel.obj
 0001:00023657       ?BOX_ON_PLANE_SIDE@@YAHQBM0PBUcplane_t@@@Z 00424657 f i cmodel.obj
 0001:000236dc       ?CM_BoxTrace@@YAXPAUtrace_t@@QBM111HH@Z 004246dc f   cmodel.obj
 0001:000240f5       ?CM_TransformedBoxTrace@@YAXPAUtrace_t@@QBM111HH11@Z 004250f5 f   cmodel.obj
 0001:000243c5       ?CM_TransformedBoxTrace2@@YAXPAUtrace_t@@QBM111HH1PAY02$$CBM@Z 004253c5 f   cmodel.obj
 0001:000245da       ?CM_BrushTrace@@YAHQBM0PAHH@Z 004255da f   cmodel.obj
 0001:000249f8       ?CM_RefineBrushTrace@@YAHQBM0PAHH@Z 004259f8 f   cmodel.obj
 0001:00024a9d       ?CM_ClusterPVS@@YAPAEH@Z   00425a9d f   cmodel.obj
 0001:00024be1       ?CM_ClusterPHS@@YAPAEH@Z   00425be1 f   cmodel.obj
 0001:00024c84       ?FloodAreaConnections@@YAXXZ 00425c84 f   cmodel.obj
 0001:00024d3d       ?CM_SetAreaPortalState@@YAXH_N@Z 00425d3d f   cmodel.obj
 0001:00024d62       ?CM_AreasConnected@@YA_NHH@Z 00425d62 f   cmodel.obj
 0001:00024da6       ?CM_WriteAreaBits@@YAHPAEH@Z 00425da6 f   cmodel.obj
 0001:00024e40       ?CM_WritePortalState@@YAXPAU_iobuf@@@Z 00425e40 f   cmodel.obj
 0001:00024e5a       ?CM_ReadPortalState@@YAXPAU_iobuf@@@Z 00425e5a f   cmodel.obj
 0001:00024e78       ?CM_HeadnodeVisible@@YA_NHPAE@Z 00425e78 f   cmodel.obj
 0001:00024f4d       ?Com_BeginRedirect@@YAXPADHP6AX0@Z@Z 00425f4d f   common.obj
 0001:00024f7a       ?Com_EndRedirect@@YAXXZ    00425f7a f   common.obj
 0001:00024f99       ?Com_Printf@@YAXPBDZZ      00425f99 f   common.obj
 0001:000251a6       ?Com_DPrintf@@YAXPBDZZ     004261a6 f   common.obj
 0001:0002521f       ?DebugPrintf@@YAXPBDZZ     0042621f f   common.obj
 0001:000252c9       ?Com_WPrintf@@YAXPBDZZ     004262c9 f   common.obj
 0001:00025323       ?Com_FatalError@@YAXPBDZZ  00426323 f   common.obj
 0001:000253c7       ?Com_DropError@@YAXPBDZZ   004263c7 f   common.obj
 0001:00025465       ?appUnwindPrefix@@YAXPBD@Z 00426465 f   common.obj
 0001:000254bd       ?appUnwindThrow@@YAXPBDZZ  004264bd f   common.obj
 0001:00025545       ?Com_ResetErrorState@@YAXXZ 00426545 f   common.obj
 0001:00025556       ?Com_Quit@@YAXXZ           00426556 f   common.obj
 0001:00025576       ?MatchWildcard@@YA_NPBD0_N@Z 00426576 f   common.obj
 0001:00025704       ?va@@YAPADPBDZZ            00426704 f   common.obj
 0001:00025751       ?appSprintf@@YAHPADHPBDZZ  00426751 f   common.obj
 0001:00025797       ?IPWildcard@@YA_NPAUnetadr_t@@PAD@Z 00426797 f   common.obj
 0001:00025871       ?Com_ServerState@@YA?AW4server_state_t@@XZ 00426871 f   common.obj
 0001:00025877       ?Com_SetServerState@@YAXW4server_state_t@@@Z 00426877 f   common.obj
 0001:00025881       ?frand@@YAMXZ              00426881 f   common.obj
 0001:00025899       ?crand@@YAMXZ              00426899 f   common.obj
 0001:000258b7       ?MSG_WriteByte@@YAXPAUsizebuf_s@@H@Z 004268b7 f   common.obj
 0001:000258b7       ?MSG_WriteChar@@YAXPAUsizebuf_s@@H@Z 004268b7 f   common.obj
 0001:000258cb       ?MSG_WriteShort@@YAXPAUsizebuf_s@@H@Z 004268cb f   common.obj
 0001:000258e5       ?MSG_WriteLong@@YAXPAUsizebuf_s@@H@Z 004268e5 f   common.obj
 0001:0002590f       ?MSG_WriteFloat@@YAXPAUsizebuf_s@@M@Z 0042690f f   common.obj
 0001:0002592b       ?MSG_WriteString@@YAXPAUsizebuf_s@@PAD@Z 0042692b f   common.obj
 0001:00025962       ?MSG_WriteCoord@@YAXPAUsizebuf_s@@M@Z 00426962 f   common.obj
 0001:00025987       ?MSG_WritePos@@YAXPAUsizebuf_s@@QAM@Z 00426987 f   common.obj
 0001:000259eb       ?MSG_WriteAngle@@YAXPAUsizebuf_s@@M@Z 004269eb f   common.obj
 0001:00025a16       ?MSG_WriteAngle16@@YAXPAUsizebuf_s@@M@Z 00426a16 f   common.obj
 0001:00025a41       ?MSG_WriteDeltaUsercmd@@YAXPAUsizebuf_s@@PAUusercmd_t@@1@Z 00426a41 f   common.obj
 0001:00025b6b       ?MSG_WriteDir@@YAXPAUsizebuf_s@@QAM@Z 00426b6b f   common.obj
 0001:00025bd2       ?MSG_ReadDir@@YAXPAUsizebuf_s@@QAM@Z 00426bd2 f   common.obj
 0001:00025c03       ?MSG_WriteDeltaEntity@@YAXPAUentity_state_t@@0PAUsizebuf_s@@_N2@Z 00426c03 f   common.obj
 0001:0002604b       ?MSG_BeginReading@@YAXPAUsizebuf_s@@@Z 0042704b f   common.obj
 0001:00026054       ?MSG_ReadChar@@YAHPAUsizebuf_s@@@Z 00427054 f   common.obj
 0001:00026075       ?MSG_ReadByte@@YAHPAUsizebuf_s@@@Z 00427075 f   common.obj
 0001:00026096       ?MSG_ReadShort@@YAHPAUsizebuf_s@@@Z 00427096 f   common.obj
 0001:000260c6       ?MSG_ReadLong@@YAHPAUsizebuf_s@@@Z 004270c6 f   common.obj
 0001:00026105       ?MSG_ReadString@@YAPADPAUsizebuf_s@@@Z 00427105 f   common.obj
 0001:00026138       ?MSG_ReadCoord@@YAMPAUsizebuf_s@@@Z 00427138 f   common.obj
 0001:00026152       ?MSG_ReadPos@@YAXPAUsizebuf_s@@QAM@Z 00427152 f   common.obj
 0001:000261a4       ?MSG_ReadAngle@@YAMPAUsizebuf_s@@@Z 004271a4 f   common.obj
 0001:000261be       ?MSG_ReadAngle16@@YAMPAUsizebuf_s@@@Z 004271be f   common.obj
 0001:000261d8       ?MSG_ReadDeltaUsercmd@@YAXPAUsizebuf_s@@PAUusercmd_t@@1@Z 004271d8 f   common.obj
 0001:00026293       ?MSG_ReadData@@YAXPAUsizebuf_s@@PAXH@Z 00427293 f   common.obj
 0001:000262b6       ?SZ_Init@@YAXPAUsizebuf_s@@PAXH@Z 004272b6 f   common.obj
 0001:000262d4       ?SZ_Clear@@YAXPAUsizebuf_s@@@Z 004272d4 f   common.obj
 0001:000262e1       ?SZ_GetSpace@@YAPAXPAUsizebuf_s@@H@Z 004272e1 f   common.obj
 0001:0002633e       ?SZ_Write@@YAXPAUsizebuf_s@@PAXH@Z 0042733e f   common.obj
 0001:0002636a       ?SZ_Insert@@YAXPAUsizebuf_s@@PAXHH@Z 0042736a f   common.obj
 0001:000263c3       ?SZ_Print@@YAXPAUsizebuf_s@@PAD@Z 004273c3 f   common.obj
 0001:00026419       ?Info_ValueForKey@@YAPADPAD0@Z 00427419 f   common.obj
 0001:000264a4       ?Info_RemoveKey@@YAXPAD0@Z 004274a4 f   common.obj
 0001:0002652a       ?Info_SetValueForKey@@YAXPAD00@Z 0042752a f   common.obj
 0001:00026662       ?Info_Print@@YAXPAD@Z      00427662 f   common.obj
 0001:00026727       ?COM_BlockSequenceCRCByte@@YAEPAEHH@Z 00427727 f   common.obj
 0001:000267b8       ?COM_CheckCmdlineVar@@YA_NPBD@Z 004277b8 f   common.obj
 0001:0002680e       ?QCommon_Init@@YAXPAD@Z    0042780e f   common.obj
 0001:00026c3e       ?QCommon_Frame@@YAXH@Z     00427c3e f   common.obj
 0001:00026f15       ?QCommon_Shutdown@@YAXXZ   00427f15 f   common.obj
 0001:00026f2e       ?CRC_Init@@YAXPAG@Z        00427f2e f   crc.obj
 0001:00026f38       ?CRC_Block@@YAGPAEH@Z      00427f38 f   crc.obj
 0001:00026f81       ?Cvar_VariableValue@@YAMPBD@Z 00427f81 f   cvar.obj
 0001:00026fef       ?Cvar_VariableInt@@YAHPBD@Z 00427fef f   cvar.obj
 0001:00027002       ?Cvar_VariableString@@YAPADPBD@Z 00428002 f   cvar.obj
 0001:0002701a       ?Cvar_Get@@YAPAUcvar_s@@PBD0H@Z 0042801a f   cvar.obj
 0001:000272cd       ?Cvar_GetVars@@YAXPBUcvarInfo_t@@H@Z 004282cd f   cvar.obj
 0001:00027377       ?Cvar_FullSet@@YAPAUcvar_s@@PBD0H@Z 00428377 f   cvar.obj
 0001:000273d1       ?Cvar_SetValue@@YAPAUcvar_s@@PBDM@Z 004283d1 f   cvar.obj
 0001:000275f7       ?Cvar_SetInteger@@YAPAUcvar_s@@PBDH@Z 004285f7 f   cvar.obj
 0001:00027619       ?Cvar_Set@@YAPAUcvar_s@@PBD0@Z 00428619 f   cvar.obj
 0001:0002762e       ?Cvar_ForceSet@@YAPAUcvar_s@@PBD0@Z 0042862e f   cvar.obj
 0001:00027643       ?Cvar_Clamp@@YAMPAUcvar_s@@MM@Z 00428643 f   cvar.obj
 0001:000276a1       ?Cvar_ClampName@@YAMPBDMM@Z 004286a1 f   cvar.obj
 0001:000276e0       ?Cvar_GetLatchedVars@@YAXXZ 004286e0 f   cvar.obj
 0001:0002770f       ?Cvar_Command@@YA_NHPAPAD@Z 0042870f f   cvar.obj
 0001:000277b0       ?Cvar_WriteVariables@@YAXPAU_iobuf@@HHPBD@Z 004287b0 f   cvar.obj
 0001:00027843       ?Cvar_BitInfo@@YAPADH@Z    00428843 f   cvar.obj
 0001:0002787c       ?Cvar_Userinfo@@YAPADXZ    0042887c f   cvar.obj
 0001:00027885       ?Cvar_Serverinfo@@YAPADXZ  00428885 f   cvar.obj
 0001:0002788e       ?Cvar_Cheats@@YAX_N@Z      0042888e f   cvar.obj
 0001:000278e4       ?Cvar_Init@@YAXXZ          004288e4 f   cvar.obj
 0001:00027f9c       ?FS_CreatePath@@YAXPAD@Z   00428f9c f   files.obj
 0001:00027fe6       ?FS_CopyFile@@YAXPAD0@Z    00428fe6 f   files.obj
 0001:000280e9       ?FS_CopyFiles@@YAXPAD0@Z   004290e9 f   files.obj
 0001:000281c2       ?FS_RemoveFiles@@YAXPAD@Z  004291c2 f   files.obj
 0001:00028236       ?FS_FCloseFile@@YAXPAU_iobuf@@@Z 00429236 f   files.obj
 0001:000282ca       ?FS_FOpenFile@@YAHPBDPAPAU_iobuf@@@Z 004292ca f   files.obj
 0001:00028800       ?FS_FileExists@@YA_NPAD@Z  00429800 f   files.obj
 0001:00028a1d       ?FS_Read@@YAXPAXHPAU_iobuf@@@Z 00429a1d f   files.obj
 0001:00028cb6       ?FS_LoadFile@@YAPAXPBDPAI@Z 00429cb6 f   files.obj
 0001:00028d0b       ?FS_FreeFile@@YAXPAX@Z     00429d0b f   files.obj
 0001:00028d16       ?FS_Gamedir@@YAPADXZ       00429d16 f   files.obj
 0001:00028d2a       ?FS_LoadGameConfig@@YAXXZ  00429d2a f   files.obj
 0001:00028def       ?FS_SetGamedir@@YA_NPBD@Z  00429def f   files.obj
 0001:00029496       ?FS_ListFiles@@YAPAUbasenamed_s@@PADPAHH@Z 0042a496 f   files.obj
 0001:000297a9       ?FS_NextPath@@YAPADPBD@Z   0042a7a9 f   files.obj
 0001:000297cd       ?FS_InitFilesystem@@YAXXZ  0042a7cd f   files.obj
 0001:0002a178       ?LoadPCX@@YAXPBDPAPAE1PAH2@Z 0042b178 f   images.obj
 0001:0002a2bc       ?LoadTGA@@YAXPBDPAPAEPAH2@Z 0042b2bc f   images.obj
 0001:0002a4b4       ?LoadJPG@@YAXPBDPAPAEPAH2@Z 0042b4b4 f   images.obj
 0001:0002a743       ?ImageExists@@YAHPBDH@Z    0042b743 f   images.obj
 0001:0002a83d       ?WriteTGA@@YA_NPBDPAEHH@Z  0042b83d f   images.obj
 0001:0002aa24       ?WriteJPG@@YA_NPBDPAEHH_N@Z 0042ba24 f   images.obj
 0001:0002ab4b       ?MD4Init@@YAXPAUMD4_CTX@@@Z 0042bb4b f   md4.obj
 0001:0002ab73       ?MD4Update@@YAXPAUMD4_CTX@@PAEI@Z 0042bb73 f   md4.obj
 0001:0002ac11       ?MD4Final@@YAXQAEPAUMD4_CTX@@@Z 0042bc11 f   md4.obj
 0001:0002b302       ?Com_BlockChecksum@@YAIPAXH@Z 0042c302 f   md4.obj
 0001:0002b33e       ?appFree@@YAXPAX@Z         0042c33e f   memory.obj
 0001:0002b392       ?appMalloc@@YAPAXH@Z       0042c392 f   memory.obj
 0001:0002b400       ?CreateMemoryChain@@YAPAXXZ 0042c400 f   memory.obj
 0001:0002b46a       ?FreeMemoryChain@@YAXPAX@Z 0042c46a f   memory.obj
 0001:0002b494       ?AllocChainBlock@@YAPAXPAXH@Z 0042c494 f   memory.obj
 0001:0002b4df       ?CopyString@@YAPADPBD@Z    0042c4df f   memory.obj
 0001:0002b50e       ?ChainCopyString@@YAPADPBDPAX@Z 0042c50e f   memory.obj
 0001:0002b542       ?AllocNamedStruc@@YAPAUbasenamed_s@@HPAD@Z 0042c542 f   memory.obj
 0001:0002b57d       ?ChainAllocNamedStruc@@YAPAUbasenamed_s@@HPADPAX@Z 0042c57d f   memory.obj
 0001:0002b5bc       ?FindNamedStruc@@YAPAUbasenamed_s@@PADPAU1@PAPAU1@@Z 0042c5bc f   memory.obj
 0001:0002b600       ?FindNamedStrucByIndex@@YAPAUbasenamed_s@@PAU1@H@Z 0042c600 f   memory.obj
 0001:0002b617       ?IndexOfNamedStruc@@YAHPADPAUbasenamed_s@@@Z 0042c617 f   memory.obj
 0001:0002b645       ?AddToNamedList@@YAPAUbasenamed_s@@PADPAU1@@Z 0042c645 f   memory.obj
 0001:0002b68f       ?ChainAddToNamedList@@YAPAUbasenamed_s@@PADPAU1@PAX@Z 0042c68f f   memory.obj
 0001:0002b6d9       ?FreeNamedList@@YAXPAUbasenamed_s@@@Z 0042c6d9 f   memory.obj
 0001:0002b6f4       ?Mem_Init@@YAXXZ           0042c6f4 f   memory.obj
 0001:0002b723       ?LoadQ2BspFile@@YAXXZ      0042c723 f   model.obj
 0001:0002bafc       ?LoadBspFile@@YAPAUbspfile_t@@PBD_NPAI@Z 0042cafc f   model.obj
 0001:0002bc9b       ?ProcessEntstring@@YAPADPAD@Z 0042cc9b f   model.obj
 0001:0002cafd       ?Netchan_Init@@YAXXZ       0042dafd f   net_chan.obj
 0001:0002cb5d       ?Netchan_OutOfBand@@YAXW4netsrc_t@@Unetadr_t@@HPAX@Z 0042db5d f   net_chan.obj
 0001:0002cbbd       ?Netchan_OutOfBandPrint@@YAXW4netsrc_t@@Unetadr_t@@PBDZZ 0042dbbd f   net_chan.obj
 0001:0002cc02       ?Netchan_Setup@@YAXW4netsrc_t@@PAUnetchan_t@@Unetadr_t@@H@Z 0042dc02 f   net_chan.obj
 0001:0002cc5b       ?Netchan_NeedReliable@@YA_NPAUnetchan_t@@@Z 0042dc5b f   net_chan.obj
 0001:0002cc85       ?Netchan_Transmit@@YAXPAUnetchan_t@@HPAX@Z 0042dc85 f   net_chan.obj
 0001:0002ce2b       ?Netchan_Process@@YA_NPAUnetchan_t@@PAUsizebuf_s@@@Z 0042de2b f   net_chan.obj
 0001:0002cf51       ?Pmove@@YAXPAUpmove_t@@@Z  0042df51 f   pmove.obj
 0001:0002eceb       ?NormalizeColor@@YAMQBMQAM@Z 0042fceb f   q_shared2.obj
 0001:0002ed4c       ?NormalizeColor255@@YAMQBMQAM@Z 0042fd4c f   q_shared2.obj
 0001:0002edb1       ?Q_rsqrt@@YAMM@Z           0042fdb1 f   q_shared2.obj
 0001:0002ede1       ?AngleVectors@@YAXQBMQAM11@Z 0042fde1 f   q_shared2.obj
 0001:0002ef42       ?MakeNormalVectors@@YAXQAM00@Z 0042ff42 f   q_shared2.obj
 0001:0002efa9       ?SetPlaneSignbits@@YAXPAUcplane_t@@@Z 0042ffa9 f   q_shared2.obj
 0001:0002efcc       ?LerpAngle@@YAMMMM@Z       0042ffcc f   q_shared2.obj
 0001:0002f00f       ?anglemod@@YAMM@Z          0043000f f   q_shared2.obj
 0001:0002f03b       ?BoxOnPlaneSide@@YAHQBM0PBUcplane_t@@@Z 0043003b f   q_shared2.obj
 0001:0002f15e       ?ClearBounds@@YAXQAM0@Z    0043015e f   q_shared2.obj
 0001:0002f187       ?AddPointToBounds@@YAXQBMQAM1@Z 00430187 f   q_shared2.obj
 0001:0002f1c0       ?VectorCompare@@YA_NQBM0@Z 004301c0 f   q_shared2.obj
 0001:0002f1ed       ?VectorNormalize@@YAMQAM@Z 004301ed f   q_shared2.obj
 0001:0002f246       ?VectorNormalize2@@YAMQBMQAM@Z 00430246 f   q_shared2.obj
 0001:0002f2a1       ?VectorNormalizeFast@@YAMQAM@Z 004302a1 f   q_shared2.obj
 0001:0002f2f4       ?CrossProduct@@YAXQBM0QAM@Z 004302f4 f   q_shared2.obj
 0001:0002f32f       ?VectorLength@@YAMQBM@Z    0043032f f   q_shared2.obj
 0001:0002f35e       ?VectorDistance@@YAMQBM0@Z 0043035e f   q_shared2.obj
 0001:0002f38f       ?VectorScale@@YAXQBMMQAM@Z 0043038f f   q_shared2.obj
 0001:0002f3b3       ?AnglesToAxis@@YAXQBMQAY02M@Z 004303b3 f   q_shared2.obj
 0001:0002f3f1       ?COM_FilePath@@YAXPAD0@Z   004303f1 f   q_shared2.obj
 0001:0002f427       ?ShortSwap@@YAFF@Z         00430427 f   q_shared2.obj
 0001:0002f43c       ?COM_Parse@@YAPADAAPBD_N@Z 0043043c f   q_shared2.obj
 0001:0002f560       ?COM_QuoteString@@YAPBDPBD_N@Z 00430560 f   q_shared2.obj
 0001:0002f5bb       ?Com_PageInMemory@@YAXPAXH@Z 004305bb f   q_shared2.obj
 0001:0002f5da       ?appStrncpyz@@YAXPADPBDH@Z 004305da f   q_shared2.obj
 0001:0002f5fe       ?Q_strncpylower@@YAXPADPBDH@Z 004305fe f   q_shared2.obj
 0001:0002f638       ?Q_CopyFilename@@YAXPADPBDH@Z 00430638 f   q_shared2.obj
 0001:0002f6d4       ?Zip_OpenArchive@@YAPAU_iobuf@@PAD@Z 004306d4 f   zip.obj
 0001:0002f73f       ?Zip_CloseArchive@@YAXPAU_iobuf@@@Z 0043073f f   zip.obj
 0001:0002f74b       ?Zip_EnumArchive@@YA_NPAU_iobuf@@P6A_NPAUzipFile_t@@@Z@Z 0043074b f   zip.obj
 0001:0002f928       ?Zip_OpenFile@@YAPAUZFILE@@PAU_iobuf@@PAUzipFile_t@@@Z 00430928 f   zip.obj
 0001:0002fa07       ?Zip_ReadFile@@YAHPAUZFILE@@PAXH@Z 00430a07 f   zip.obj
 0001:0002fafd       ?Zip_CloseFile@@YA_NPAUZFILE@@@Z 00430afd f   zip.obj
 0001:0002fb41       ?Zip_OpenBuf@@YAPAUZBUF@@PAXH@Z 00430b41 f   zip.obj
 0001:0002fb7d       ?Zip_ReadBuf@@YAHPAUZBUF@@PAXH@Z 00430b7d f   zip.obj
 0001:0002fbc5       ?Zip_CloseBuf@@YAXPAUZBUF@@@Z 00430bc5 f   zip.obj
 0001:0002fbda       ?CDAudio_Play2@@YAXH_N@Z   00430bda f   cd_win.obj
 0001:0002fdb9       ?CDAudio_Play@@YAXH_N@Z    00430db9 f   cd_win.obj
 0001:0002fdd0       ?CDAudio_Stop@@YAXXZ       00430dd0 f   cd_win.obj
 0001:0002fe15       ?CDAudio_Pause@@YAXXZ      00430e15 f   cd_win.obj
 0001:0002fe6e       ?CDAudio_Resume@@YAXXZ     00430e6e f   cd_win.obj
 0001:0002fedd       ?CDAudio_MessageHandler@@YAJPAUHWND__@@IIJ@Z 00430edd f   cd_win.obj
 0001:0002ff74       ?CDAudio_Update@@YAXXZ     00430f74 f   cd_win.obj
 0001:0002ffa8       ?CDAudio_Init@@YAHXZ       00430fa8 f   cd_win.obj
 0001:0003035a       ?CDAudio_Shutdown@@YAXXZ   0043135a f   cd_win.obj
 0001:0003038d       ?CDAudio_Activate@@YAX_N@Z 0043138d f   cd_win.obj
 0001:0003039e       ?IN_MouseEvent@@YAXH@Z     0043139e f   in_win.obj
 0001:00030408       ?IN_Commands@@YAXXZ        00431408 f   in_win.obj
 0001:00030539       ?IN_Init@@YAXXZ            00431539 f   in_win.obj
 0001:0003087f       ?IN_Shutdown@@YAXXZ        0043187f f   in_win.obj
 0001:00030963       ?IN_Move@@YAXPAUusercmd_t@@@Z 00431963 f   in_win.obj
 0001:00030e65       ?IN_Activate@@YAX_N@Z      00431e65 f   in_win.obj
 0001:00030e6f       ?IN_Frame@@YAXXZ           00431e6f f   in_win.obj
 0001:00031279       ?NetadrToSockadr@@YAXPAUnetadr_t@@PAUsockaddr@@@Z 00432279 f   net_wins.obj
 0001:000312fe       ?SockadrToNetadr@@YAXPAUsockaddr@@PAUnetadr_t@@@Z 004322fe f   net_wins.obj
 0001:0003134e       ?NET_CompareAdr@@YA_NPAUnetadr_t@@0@Z 0043234e f   net_wins.obj
 0001:000313ae       ?NET_CompareBaseAdr@@YA_NPAUnetadr_t@@0@Z 004323ae f   net_wins.obj
 0001:00031404       ?NET_AdrToString@@YAPADPAUnetadr_t@@@Z 00432404 f   net_wins.obj
 0001:000314bd       ?NET_StringToAdr@@YA_NPBDPAUnetadr_t@@@Z 004324bd f   net_wins.obj
 0001:00031747       ?NET_IsLocalAddress@@YA_NPAUnetadr_t@@@Z 00432747 f   net_wins.obj
 0001:00031753       ?NET_GetLoopPacket@@YA_NW4netsrc_t@@PAUnetadr_t@@PAUsizebuf_s@@@Z 00432753 f   net_wins.obj
 0001:000317df       ?NET_SendLoopPacket@@YAXW4netsrc_t@@HPAXUnetadr_t@@@Z 004327df f   net_wins.obj
 0001:00031834       ?NET_GetPacket@@YA_NW4netsrc_t@@PAUnetadr_t@@PAUsizebuf_s@@@Z 00432834 f   net_wins.obj
 0001:00031952       ?NET_SendPacket@@YAXW4netsrc_t@@HPAXUnetadr_t@@@Z 00432952 f   net_wins.obj
 0001:00031a23       ?NET_IPSocket@@YAHPADH@Z   00432a23 f   net_wins.obj
 0001:00031b38       ?NET_OpenIP@@YAXXZ         00432b38 f   net_wins.obj
 0001:00031bb4       ?NET_OpenIPX@@YAXXZ        00432bb4 f   net_wins.obj
 0001:00031cf4       ?NET_Config@@YAX_N@Z       00432cf4 f   net_wins.obj
 0001:00031d98       ?NET_Init@@YAXXZ           00432d98 f   net_wins.obj
 0001:00031e04       ?Hunk_Begin@@YAPAXH@Z      00432e04 f   q_shwin.obj
 0001:00031e38       ?Hunk_Alloc@@YAPAXH@Z      00432e38 f   q_shwin.obj
 0001:00031e97       ?Hunk_End@@YAHXZ           00432e97 f   q_shwin.obj
 0001:00031e9d       ?Hunk_Free@@YAXPAX@Z       00432e9d f   q_shwin.obj
 0001:00031eb6       ?Sys_Milliseconds@@YAHXZ   00432eb6 f   q_shwin.obj
 0001:00031ee7       ?Sys_Mkdir@@YAXPAD@Z       00432ee7 f   q_shwin.obj
 0001:00031ef3       ?Sys_FindFirst@@YAPADPADH@Z 00432ef3 f   q_shwin.obj
 0001:00031f8d       ?Sys_FindNext@@YAPADXZ     00432f8d f   q_shwin.obj
 0001:00031ff7       ?Sys_FindClose@@YAXXZ      00432ff7 f   q_shwin.obj
 0001:00032011       ?SNDDMA_Init@@YA_NXZ       00433011 f   snd_win.obj
 0001:00032650       ?SNDDMA_GetDMAPos@@YAHXZ   00433650 f   snd_win.obj
 0001:0003269a       ?SNDDMA_BeginPainting@@YAXXZ 0043369a f   snd_win.obj
 0001:000327b2       ?SNDDMA_Submit@@YAXXZ      004337b2 f   snd_win.obj
 0001:000327d7       ?SNDDMA_Shutdown@@YAXXZ    004337d7 f   snd_win.obj
 0001:000327dc       ?S_Activate@@YAX_N@Z       004337dc f   snd_win.obj
 0001:00032807       ?Sys_Quit@@YAXXZ           00433807 f   sys_win.obj
 0001:000328c2       ?Sys_Error@@YAXPBDZZ       004338c2 f   sys_win.obj
 0001:00032922       ?osAddressInfo@@YA_NIPADHPAH@Z 00433922 f   sys_win.obj
 0001:000329b6       ?osModuleInfo@@YA_NIPADHPAH@Z 004339b6 f   sys_win.obj
 0001:00032b5e       ?appSymbolName@@YA_NIPADH@Z 00433b5e f   sys_win.obj
 0001:00032bde       ?appSymbolName@@YAPADI@Z   00433bde f   sys_win.obj
 0001:00032c10       ?win32ExceptFilter@@YAHPAU_EXCEPTION_POINTERS@@@Z 00433c10 f   sys_win.obj
 0001:000331c8       ?win32ExceptFilter2@@YAHXZ 004341c8 f   sys_win.obj
 0001:000331d4       ?Sys_Init@@YAXXZ           004341d4 f   sys_win.obj
 0001:0003351d       ?Sys_ConsoleInput@@YAPADXZ 0043451d f   sys_win.obj
 0001:000337d4       ?Sys_ConsoleOutput@@YAXPAD@Z 004347d4 f   sys_win.obj
 0001:00033862       ?Sys_SendKeyEvents@@YAXXZ  00434862 f   sys_win.obj
 0001:0003394e       ?Sys_UnloadGame@@YAXXZ     0043494e f   sys_win.obj
 0001:000339c9       ?Sys_GetGameAPI@@YAPAXPAX@Z 004349c9 f   sys_win.obj
 0001:00033b20       _WinMain@16                00434b20 f   sys_win.obj
 0001:00033db1       ?Vid_CreateWindow@@YAPAXHH_N@Z 00434db1 f   vid_dll.obj
 0001:000345da       ?Vid_DestroyWindow@@YAX_N@Z 004355da f   vid_dll.obj
 0001:00034615       ?Vid_GetModeInfo@@YA_NPAH0H@Z 00435615 f   vid_dll.obj
 0001:00034643       ?Vid_UpdateWindowPosAndSize@@YAXHH@Z 00435643 f   vid_dll.obj
 0001:000346aa       ?Vid_FreeReflib@@YAXXZ     004356aa f   vid_dll.obj
 0001:000346e4       ?Vid_CheckChanges@@YAXXZ   004356e4 f   vid_dll.obj
 0001:00034a7a       ?Vid_Init@@YAXXZ           00435a7a f   vid_dll.obj
 0001:00034b6b       ?Vid_Shutdown@@YAXXZ       00435b6b f   vid_dll.obj
 0001:00034b99       ?Vid_MenuInit@@YAXXZ       00435b99 f   vid_menu.obj
 0001:000353ef       ?Vid_MenuDraw@@YAXXZ       004363ef f   vid_menu.obj
 0001:00035472       ?Vid_MenuKey@@YAPBDH@Z     00436472 f   vid_menu.obj
 0001:000357dd       ?GL_BackEnd@@YAXXZ         004367dd f   gl_backend.obj
 0001:00038de6       ?GL_InitBackend@@YAXXZ     00439de6 f   gl_backend.obj
 0001:00038e29       ?GL_ShutdownBackend@@YAXXZ 00439e29 f   gl_backend.obj
 0001:00038e3d       ?GL_AllocDynamicMemory@@YAPAXH@Z 00439e3d f   gl_buffers.obj
 0001:00038ea6       ?GL_ResizeDynamicMemory@@YAXPAXH@Z 00439ea6 f   gl_buffers.obj
 0001:00038ee8       ?GL_AddSurfaceToPortal@@YAXPAUsurfaceCommon_s@@PAUshader_s@@HH@Z 00439ee8 f   gl_buffers.obj
 0001:00038f51       ?GL_AddDynamicSurface@@YAPAUsurfaceCommon_s@@PAUshader_s@@H@Z 00439f51 f   gl_buffers.obj
 0001:00038f79       ?GL_InsertShaderIndex@@YAXH@Z 00439f79 f   gl_buffers.obj
 0001:00038fac       ?GL_ClearPortal@@YAXXZ     00439fac f   gl_buffers.obj
 0001:00038fc8       ?GL_FinishPortal@@YAXXZ    00439fc8 f   gl_buffers.obj
 0001:00039019       ?GL_SortSurfaces@@YAXPAUviewPortal_s@@PAPAUsurfaceInfo_s@@@Z 0043a019 f   gl_buffers.obj
 0001:000391ab       ?GL_ClearBuffers@@YAXXZ    0043a1ab f   gl_buffers.obj
 0001:000391c2       ?GL_AddEntity@@YAXPAUentity_t@@@Z 0043a1c2 f   gl_frontend.obj
 0001:00039636       ?GL_AddDlight@@YAXPAUdlight_t@@@Z 0043a636 f   gl_frontend.obj
 0001:000397ee       ?GL_DrawPortal@@YAXXZ      0043a7ee f   gl_frontend.obj
 0001:0003c2d7       ?GL_TextureMode@@YAXPAD@Z  0043d2d7 f   gl_image.obj
 0001:0003c37f       ?GL_CreateImage@@YAPAUimage_s@@PBDPAXHHH@Z 0043d37f f   gl_image.obj
 0001:0003d164       ?GL_DrawStretchRaw8@@YAXHHHHHHPAEPAI@Z 0043e164 f   gl_image.obj
 0001:0003d519       ?GL_SetupGamma@@YAXXZ      0043e519 f   gl_image.obj
 0001:0003d65e       ?GL_PerformScreenshot@@YAXXZ 0043e65e f   gl_image.obj
 0001:0003d8e6       ?GL_InitImages@@YAXXZ      0043e8e6 f   gl_image.obj
 0001:0003e0b6       ?GL_ShutdownImages@@YAXXZ  0043f0b6 f   gl_image.obj
 0001:0003e11d       ?GL_LoadDelayedImages@@YAXXZ 0043f11d f   gl_image.obj
 0001:0003e19a       ?GL_ShowImages@@YAXXZ      0043f19a f   gl_image.obj
 0001:0003e422       ?GL_FindImage@@YAPAUimage_s@@PBDH@Z 0043f422 f   gl_image.obj
 0001:0003e7af       ?GL_Lock@@YAXXZ            0043f7af f   gl_interface.obj
 0001:0003e827       ?GL_Unlock@@YAXXZ          0043f827 f   gl_interface.obj
 0001:0003e9e9       ?GL_Bind@@YAXPAUimage_s@@@Z 0043f9e9 f   gl_interface.obj
 0001:0003eb13       ?GL_BindForce@@YAXPAUimage_s@@@Z 0043fb13 f   gl_interface.obj
 0001:0003eb91       ?GL_TexEnv@@YAXI@Z         0043fb91 f   gl_interface.obj
 0001:0003ed10       ?GL_TexMipBias@@YAXM@Z     0043fd10 f   gl_interface.obj
 0001:0003ed6b       ?GL_TexEnvColor@@YAXPATcolor_t@@@Z 0043fd6b f   gl_interface.obj
 0001:0003ee1b       ?GL_SelectTexture@@YAXH@Z  0043fe1b f   gl_interface.obj
 0001:0003ee7c       ?GL_TexCoordPointer@@YAXPAX@Z 0043fe7c f   gl_interface.obj
 0001:0003eeac       ?GL_SetMultitexture@@YAXH@Z 0043feac f   gl_interface.obj
 0001:0003ef92       ?GL_DisableTexCoordArrays@@YAXXZ 0043ff92 f   gl_interface.obj
 0001:0003efe6       ?GL_CullFace@@YAXW4gl_cullMode_t@@@Z 0043ffe6 f   gl_interface.obj
 0001:0003f037       ?GL_DepthRange@@YAXW4gl_depthMode_t@@@Z 00440037 f   gl_interface.obj
 0001:0003f06a       ?GL_State@@YAXI@Z          0044006a f   gl_interface.obj
 0001:0003f1c3       ?GL_EnableFog@@YAX_N@Z     004401c3 f   gl_interface.obj
 0001:0003f2bb       ?GL_SetDefaultState@@YAXXZ 004402bb f   gl_interface.obj
 0001:0003f409       ?GL_Set2DMode@@YAXXZ       00440409 f   gl_interface.obj
 0001:0003f504       ?GL_Setup@@YAXPAUviewPortal_s@@@Z 00440504 f   gl_interface.obj
 0001:0003f5ec       ?GL_ShowLights@@YAXXZ      004405ec f   gl_light.obj
 0001:0003fa11       ?GL_LightForEntity@@YAXPAUrefEntity_s@@@Z 00440a11 f   gl_light.obj
 0001:00040c78       ?GL_DiffuseLight@@YAXPATcolor_t@@M@Z 00441c78 f   gl_light.obj
 0001:00040df0       ?GL_InitLightGrid@@YAXXZ   00441df0 f   gl_light.obj
 0001:00040e8c       ?GL_PostLoadLights@@YAXXZ  00441e8c f   gl_light.obj
 0001:0004112a       ?LM_Init@@YAXXZ            0044212a f   gl_lightmap.obj
 0001:00041140       ?LM_Flush@@YAXPAUlightmapBlock_t@@@Z 00442140 f   gl_lightmap.obj
 0001:0004119d       ?LM_Done@@YAXXZ            0044219d f   gl_lightmap.obj
 0001:000411c4       ?LM_Save@@YAXPAUlightmapBlock_t@@@Z 004421c4 f   gl_lightmap.obj
 0001:000411dc       ?LM_Restore@@YAXPAUlightmapBlock_t@@@Z 004421dc f   gl_lightmap.obj
 0001:000411f4       ?LM_NewBlock@@YAPAUlightmapBlock_t@@XZ 004421f4 f   gl_lightmap.obj
 0001:00041260       ?LM_Rewind@@YAXXZ          00442260 f   gl_lightmap.obj
 0001:00041268       ?LM_NextBlock@@YAPAUlightmapBlock_t@@XZ 00442268 f   gl_lightmap.obj
 0001:00041295       ?LM_CheckMinlight@@YAXPAUdynamicLightmap_s@@@Z 00442295 f   gl_lightmap.obj
 0001:0004132b       ?LM_AllocBlock@@YA_NPAUlightmapBlock_t@@PAUdynamicLightmap_s@@@Z 0044232b f   gl_lightmap.obj
 0001:000413e2       ?LM_PutBlock@@YAXPAUdynamicLightmap_s@@@Z 004423e2 f   gl_lightmap.obj
 0001:0004180f       ?LM_SortLightStyles@@YAXPAUdynamicLightmap_s@@@Z 0044280f f   gl_lightmap.obj
 0001:000418a0       ?GL_UpdateDynamicLightmap@@YAXPAUshader_s@@PAUsurfacePlanar_s@@_NI@Z 004428a0 f   gl_lightmap.obj
 0001:00041d9c       ?LM_IsMonotone@@YA_NPAUdynamicLightmap_s@@PATcolor_t@@@Z 00442d9c f   gl_lightmap.obj
 0001:00041ea3       ?GL_EnableRendering@@YAX_N@Z 00442ea3 f   gl_main.obj
 0001:00041ebe       ?GL_DrawStretchPic@@YAXPAUshader_s@@HHHHMMMMIE@Z 00442ebe f   gl_main.obj
 0001:00041f8a       ?DrawTextLeft@@YAXPBDI@Z   00442f8a f   gl_main.obj
 0001:000420f8       ?DrawTextRight@@YAXPBDI@Z  004430f8 f   gl_main.obj
 0001:00042142       ?DrawText3D@@YAXQAMPBDI@Z  00443142 f   gl_main.obj
 0001:0004216f       _GL_GetRefAPI              0044316f f   gl_main.obj
 0001:00043a71       ?GL_InitFuncTables@@YAXXZ  00444a71 f   gl_math.obj
 0001:00043c22       ?ModelToWorldCoord@@YAXQAMPAUrefEntity_s@@0@Z 00444c22 f   gl_math.obj
 0001:00043c93       ?WorldToModelCoord@@YAXQAMPAUrefEntity_s@@0@Z 00444c93 f   gl_math.obj
 0001:00043cda       ?BuildRotationMatrix@@YAXQAY02MQAMM@Z 00444cda f   gl_math.obj
 0001:00043dd4       ?GetBoxRect@@YA_NPAUrefEntity_s@@QAM11_N@Z 00444dd4 f   gl_math.obj
 0001:00044145       ?ProjectToScreen@@YA_NQAMPAH@Z 00445145 f   gl_math.obj
 0001:00044288       ?SaturateColor3f@@YAXQAM@Z 00445288 f   gl_math.obj
 0001:00044378       ?SaturateColor4b@@YAXPATcolor_t@@@Z 00445378 f   gl_math.obj
 0001:00044486       ?GL_FindModel@@YAPAUmodel_s@@PBD@Z 00445486 f   gl_model.obj
 0001:00044600       ?GL_LoadWorldMap@@YAXPBD@Z 00445600 f   gl_model.obj
 0001:000461b2       ?GL_PointInLeaf@@YAPAUnode_s@@QAM@Z 004471b2 f   gl_model.obj
 0001:00046e34       ?ATAN2_FUNC@@YAMMM@Z       00447e34 f i gl_model.obj
 0001:00046fdf       ?GL_FindSkin@@YAPAUshader_s@@PBD@Z 00447fdf f   gl_model.obj
 0001:0004713e       ?GL_ResetModels@@YAXXZ     0044813e f   gl_model.obj
 0001:00047207       ?GL_InitModels@@YAXXZ      00448207 f   gl_model.obj
 0001:000472ef       ?GL_ShutdownModels@@YAXXZ  004482ef f   gl_model.obj
 0001:00047305       ?SubdividePlane@@YAHPAPAY02MHM@Z 00448305 f   gl_poly.obj
 0001:0004774f       ?FreeSubdividedPlane@@YAXXZ 0044874f f   gl_poly.obj
 0001:00047767       ?GetSubdivideIndexes@@YAXPAH@Z 00448767 f   gl_poly.obj
 0001:000477ba       ?RemoveCollinearPoints@@YAHPAPAY02MH@Z 004487ba f   gl_poly.obj
 0001:000478b5       ?GetPolyArea@@YAMPAPAY02MH@Z 004488b5 f   gl_poly.obj
 0001:00047949       ?GL_InitShaders@@YAXXZ     00448949 f   gl_shader.obj
 0001:00047a9a       ?GL_ShutdownShaders@@YAXXZ 00448a9a f   gl_shader.obj
 0001:00047ac4       ?GetLightmapImage@@YAPAUimage_s@@H@Z 00448ac4 f   gl_shader.obj
 0001:00047aec       ?GL_SetShaderLightmap@@YAPAUshader_s@@PAU1@H@Z 00448aec f   gl_shader.obj
 0001:00047ec1       ?GL_SetShaderLightstyles@@YAPAUshader_s@@PAU1@H@Z 00448ec1 f   gl_shader.obj
 0001:00047f5d       ?GL_GetAlphaShader@@YAPAUshader_s@@PAU1@@Z 00448f5d f   gl_shader.obj
 0001:00048223       ?GL_FindShader@@YAPAUshader_s@@PBDH@Z 00449223 f   gl_shader.obj
 0001:00048841       ?GL_GetShaderByNum@@YAPAUshader_s@@H@Z 00449841 f   gl_shader.obj
 0001:0004885f       ?GL_ResetShaders@@YAXXZ    0044985f f   gl_shader.obj
 0001:00048d25       ?GL_ClearSkyBox@@YAXXZ     00449d25 f   gl_sky.obj
 0001:00048d3c       ?GL_SetSkyRotate@@YAXMQAM@Z 00449d3c f   gl_sky.obj
 0001:00048d74       ?GL_SkyVisible@@YA_NXZ     00449d74 f   gl_sky.obj
 0001:00048d8d       ?GL_AddSkySurface@@YAXPAUsurfacePlanar_s@@QAME@Z 00449d8d f   gl_sky.obj
 0001:0004939c       ?GL_TesselateSkySide@@YAHHPAUbufVertex_t@@PAUbufTexCoord_t@@M@Z 0044a39c f   gl_sky.obj
 0001:0004acb7       ?QGL_Shutdown@@YAXXZ       0044bcb7 f   qgl_win.obj
 0001:0004acf5       ?QGL_Init@@YA_NPBD@Z       0044bcf5 f   qgl_win.obj
 0001:0004ad78       ?QGL_InitExtensions@@YAXXZ 0044bd78 f   qgl_win.obj
 0001:0004b264       ?QGL_PrintExtensionsString@@YAXPBD00@Z 0044c264 f   qgl_win.obj
 0001:0004b3b4       ?QGL_EnableLogging@@YAX_N@Z 0044c3b4 f   qgl_win.obj
 0001:0004b46b       ?QGL_LogMessage@@YAXPBD@Z  0044c46b f   qgl_win.obj
 0001:0004b482       ?GLimp_SetMode@@YA?AW4rserr_t@@PAI0H_N@Z 0044c482 f   glw_imp.obj
 0001:0004b715       ?GLimp_HasGamma@@YA_NXZ    0044c715 f   glw_imp.obj
 0001:0004b729       ?GLimp_SetGamma@@YAXM@Z    0044c729 f   glw_imp.obj
 0001:0004b8d1       ?GLimp_Init@@YAHXZ         0044c8d1 f   glw_imp.obj
 0001:0004bc19       ?GLimp_Shutdown@@YAXXZ     0044cc19 f   glw_imp.obj
 0001:0004bcc1       ?GLimp_EndFrame@@YAXXZ     0044ccc1 f   glw_imp.obj
 0001:0004bd42       ?GLimp_AppActivate@@YAX_N@Z 0044cd42 f   glw_imp.obj
 0001:0004be30       _jpeg_CreateDecompress     0044ce30 f   lib:jdapimin.obj
 0001:0004bef0       _jpeg_read_header          0044cef0 f   lib:jdapimin.obj
 0001:0004bf52       _jpeg_consume_input        0044cf52 f   lib:jdapimin.obj
 0001:0004c1a1       _jpeg_finish_decompress    0044d1a1 f   lib:jdapimin.obj
 0001:0004c238       _jpeg_start_decompress     0044d238 f   lib:jdapistd.obj
 0001:0004c3a5       _jpeg_read_scanlines       0044d3a5 f   lib:jdapistd.obj
 0001:0004c429       _jpeg_resync_to_restart    0044d429 f   lib:jdmarker.obj
 0001:0004c5ee       _jinit_marker_reader       0044d5ee f   lib:jdmarker.obj
 0001:0004dab9       _jpeg_CreateCompress       0044eab9 f   lib:jcapimin.obj
 0001:0004db6d       _jpeg_destroy_compress     0044eb6d f   lib:jcapimin.obj
 0001:0004db6d       _jpeg_destroy_decompress   0044eb6d f   lib:jcapimin.obj
 0001:0004db78       _jpeg_suppress_tables      0044eb78 f   lib:jcapimin.obj
 0001:0004dbc2       _jpeg_finish_compress      0044ebc2 f   lib:jcapimin.obj
 0001:0004dcac       _jpeg_start_compress       0044ecac f   lib:jcapistd.obj
 0001:0004dd18       _jpeg_write_scanlines      0044ed18 f   lib:jcapistd.obj
 0001:0004ddc3       _jpeg_add_quant_table      0044edc3 f   lib:jcparam.obj
 0001:0004de75       _jpeg_quality_scaling      0044ee75 f   lib:jcparam.obj
 0001:0004de9c       _jpeg_set_quality          0044ee9c f   lib:jcparam.obj
 0001:0004ded6       _jpeg_set_defaults         0044eed6 f   lib:jcparam.obj
 0001:0004e09c       _jpeg_default_colorspace   0044f09c f   lib:jcparam.obj
 0001:0004e0ec       _jpeg_set_colorspace       0044f0ec f   lib:jcparam.obj
 0001:0004e407       _jpeg_stdio_dest           0044f407 f   lib:jdatadst.obj
 0001:0004e606       _crc32                     0044f606 f   lib:crc32.obj
 0001:0004e8a0       _inflateReset              0044f8a0 f   lib:inflate.obj
 0001:0004e8e7       _inflateInit2_             0044f8e7 f   lib:inflate.obj
 0001:0004e9a0       _inflate                   0044f9a0 f   lib:inflate.obj
 0001:0004fc6f       _inflateEnd                00450c6f f   lib:inflate.obj
 0001:0004fcad       _jinit_input_controller    00450cad f   lib:jdinput.obj
 0001:00050190       _jinit_memory_mgr          00451190 f   lib:jmemmgr.obj
 0001:00050ccc       _jpeg_abort                00451ccc f   lib:jcomapi.obj
 0001:00050cff       _jpeg_destroy              00451cff f   lib:jcomapi.obj
 0001:00050d1a       _jpeg_alloc_quant_table    00451d1a f   lib:jcomapi.obj
 0001:00050d36       _jpeg_alloc_huff_table     00451d36 f   lib:jcomapi.obj
 0001:00050d52       _jpeg_calc_output_dimensions 00451d52 f   lib:jdmaster.obj
 0001:00050e52       _jinit_master_decompress   00451e52 f   lib:jdmaster.obj
 0001:000511a8       _jdiv_round_up             004521a8 f   lib:jutils.obj
 0001:000511b8       _jround_up                 004521b8 f   lib:jutils.obj
 0001:000511d0       _jcopy_sample_rows         004521d0 f   lib:jutils.obj
 0001:0005120e       _jcopy_block_row           0045220e f   lib:jutils.obj
 0001:00051227       _jzero_far                 00452227 f   lib:jutils.obj
 0001:0005123a       _jinit_marker_writer       0045223a f   lib:jcmarker.obj
 0001:00051b16       _jinit_compress_master     00452b16 f   lib:jcinit.obj
 0001:00051b6f       _zcalloc                   00452b6f f   lib:zutil.obj
 0001:00051b81       _inflate_fast              00452b81 f   lib:inffast.obj
 0001:00051f36       _inflate_table             00452f36 f   lib:inftrees.obj
 0001:000522bf       _adler32                   004532bf f   lib:adler32.obj
 0001:000523d8       _jinit_c_codec             004533d8 f   lib:jcodec.obj
 0001:000523f4       _jinit_d_codec             004533f4 f   lib:jcodec.obj
 0001:00052410       _jpeg_free_small           00453410 f   lib:jmemnobs.obj
 0001:00052410       _jpeg_free_large           00453410 f   lib:jmemnobs.obj
 0001:00052410       _zcfree                    00453410 f   lib:jmemnobs.obj
 0001:0005241c       _jpeg_get_large            0045341c f   lib:jmemnobs.obj
 0001:0005241c       _jpeg_get_small            0045341c f   lib:jmemnobs.obj
 0001:00052428       _jpeg_mem_available        00453428 f   lib:jmemnobs.obj
 0001:0005242d       _jpeg_open_backing_store   0045342d f   lib:jmemnobs.obj
 0001:00052441       _jinit_d_main_controller   00453441 f   lib:jdmainct.obj
 0001:00052a8c       _jinit_d_post_controller   00453a8c f   lib:jdpostct.obj
 0001:00052d37       _jinit_upsampler           00453d37 f   lib:jdsample.obj
 0001:00053375       _jinit_color_deconverter   00454375 f   lib:jdcolor.obj
 0001:0005388b       _jinit_merged_upsampler    0045488b f   lib:jdmerge.obj
 0001:00053ddb       _jinit_2pass_quantizer     00454ddb f   lib:jquant2.obj
 0001:00054e9e       _jinit_1pass_quantizer     00455e9e f   lib:jquant1.obj
 0001:000558c4       _jinit_c_main_controller   004568c4 f   lib:jcmainct.obj
 0001:00055a31       _jinit_c_prep_controller   00456a31 f   lib:jcprepct.obj
 0001:00055f7c       _jinit_downsampler         00456f7c f   lib:jcsample.obj
 0001:000567fc       _jinit_color_converter     004577fc f   lib:jccolor.obj
 0001:00056de6       _jinit_c_master_control    00457de6 f   lib:jcmaster.obj
 0001:000578d5       _jinit_lossy_c_codec       004588d5 f   lib:jclossy.obj
 0001:00057970       _jinit_lossless_c_codec    00458970 f   lib:jclossls.obj
 0001:00057a08       _jinit_lossy_d_codec       00458a08 f   lib:jdlossy.obj
 0001:00057cdb       _jinit_lossless_d_codec    00458cdb f   lib:jdlossls.obj
 0001:00057d8b       _jinit_c_coef_controller   00458d8b f   lib:jccoefct.obj
 0001:0005846c       _jinit_shuff_encoder       0045946c f   lib:jcshuff.obj
 0001:00058cd4       _jinit_phuff_encoder       00459cd4 f   lib:jcphuff.obj
 0001:00059779       _jinit_forward_dct         0045a779 f   lib:jcdctmgr.obj
 0001:00059a48       _jinit_c_diff_controller   0045aa48 f   lib:jcdiffct.obj
 0001:00059f6c       _jinit_lhuff_encoder       0045af6c f   lib:jclhuff.obj
 0001:0005a699       _jinit_differencer         0045b699 f   lib:jcpred.obj
 0001:0005abb3       _jinit_c_scaler            0045bbb3 f   lib:jcscale.obj
 0001:0005ac29       _jinit_d_coef_controller   0045bc29 f   lib:jdcoefct.obj
 0001:0005b902       _jinit_shuff_decoder       0045c902 f   lib:jdshuff.obj
 0001:0005be97       _jinit_phuff_decoder       0045ce97 f   lib:jdphuff.obj
 0001:0005ca34       _jinit_inverse_dct         0045da34 f   lib:jddctmgr.obj
 0001:0005cc18       _jinit_d_diff_controller   0045dc18 f   lib:jddiffct.obj
 0001:0005d149       _jinit_d_scaler            0045e149 f   lib:jdscale.obj
 0001:0005d248       _jinit_undifferencer       0045e248 f   lib:jdpred.obj
 0001:0005d602       _jinit_lhuff_decoder       0045e602 f   lib:jdlhuff.obj
 0001:0005d9f7       _jpeg_make_c_derived_tbl   0045e9f7 f   lib:jchuff.obj
 0001:0005dbf9       _jpeg_gen_optimal_table    0045ebf9 f   lib:jchuff.obj
 0001:0005ddb8       _jpeg_fdct_float           0045edb8 f   lib:jfdctflt.obj
 0001:0005dfbd       _jpeg_make_d_derived_tbl   0045efbd f   lib:jdhuff.obj
 0001:0005e25a       _jpeg_fill_bit_buffer      0045f25a f   lib:jdhuff.obj
 0001:0005e369       _jpeg_huff_decode          0045f369 f   lib:jdhuff.obj
 0001:0005e449       _jpeg_idct_4x4             0045f449 f   lib:jidctred.obj
 0001:0005e737       _jpeg_idct_2x2             0045f737 f   lib:jidctred.obj
 0001:0005e8f9       _jpeg_idct_1x1             0045f8f9 f   lib:jidctred.obj
 0001:0005e935       _jpeg_idct_float           0045f935 f   lib:jidctflt.obj
 0001:0005ed10       __except_handler3          0045fd10 f   MSVCRT:MSVCRT.dll
 0001:0005ed20       __alloca_probe             0045fd20 f   MSVCRT:chkstk.obj
 0001:0005ed20       __chkstk                   0045fd20 f   MSVCRT:chkstk.obj
 0001:0005ed50       _strcmp                    0045fd50 f   MSVCRT:MSVCRT.dll
 0001:0005ed56       _strlen                    0045fd56 f   MSVCRT:MSVCRT.dll
 0001:0005ed5c       _strcpy                    0045fd5c f   MSVCRT:MSVCRT.dll
 0001:0005ed62       _sin                       0045fd62 f   MSVCRT:MSVCRT.dll
 0001:0005ed68       _tan                       0045fd68 f   MSVCRT:MSVCRT.dll
 0001:0005ed6e       _cos                       0045fd6e f   MSVCRT:MSVCRT.dll
 0001:0005ed74       __ftol                     0045fd74 f   MSVCRT:MSVCRT.dll
 0001:0005ed7a       _strcat                    0045fd7a f   MSVCRT:MSVCRT.dll
 0001:0005ed80       _fmod                      0045fd80 f   MSVCRT:MSVCRT.dll
 0001:0005ed86       _atan2                     0045fd86 f   MSVCRT:MSVCRT.dll
 0001:0005ed8c       _acos                      0045fd8c f   MSVCRT:MSVCRT.dll
 0001:0005ed92       _sqrt                      0045fd92 f   MSVCRT:MSVCRT.dll
 0001:0005ed98       _atan                      0045fd98 f   MSVCRT:MSVCRT.dll
 0001:0005ed9e       ??_Etype_info@@UAEPAXI@Z   0045fd9e f i MSVCRT:ti_inst.obj
 0001:0005ed9e       ??_Gtype_info@@UAEPAXI@Z   0045fd9e f i MSVCRT:ti_inst.obj
 0001:0005edba       __CxxThrowException@8      0045fdba f   MSVCRT:MSVCRT.dll
 0001:0005edc0       _memcpy                    0045fdc0 f   MSVCRT:MSVCRT.dll
 0001:0005edc6       _memset                    0045fdc6 f   MSVCRT:MSVCRT.dll
 0001:0005edcc       _pow                       0045fdcc f   MSVCRT:MSVCRT.dll
 0001:0005edd2       _asin                      0045fdd2 f   MSVCRT:MSVCRT.dll
 0001:0005edd8       _WinMainCRTStartup         0045fdd8 f   MSVCRT:crtexew.obj
 0001:0005ef36       ??1type_info@@UAE@XZ       0045ff36 f   MSVCRT:MSVCRT.dll
 0001:0005ef3c       __XcptFilter               0045ff3c f   MSVCRT:MSVCRT.dll
 0001:0005ef42       __initterm                 0045ff42 f   MSVCRT:MSVCRT.dll
 0001:0005ef48       __setdefaultprecision      0045ff48 f   MSVCRT:fp8.obj
 0001:0005ef5a       _jpeg_mem_init             0045ff5a f   MSVCRT:merr.obj
 0001:0005ef5a       __matherr                  0045ff5a f   MSVCRT:merr.obj
 0001:0005ef5d       __setargv                  0045ff5d f   MSVCRT:dllargv.obj
 0001:0005ef5d       _jpeg_mem_term             0045ff5d f   MSVCRT:dllargv.obj
 0001:0005ef5e       __controlfp                0045ff5e f   MSVCRT:MSVCRT.dll
 0002:00000000       __imp__SetDeviceGammaRamp@8 00460000     gdi32:GDI32.dll
 0002:00000004       __imp__GetDeviceGammaRamp@8 00460004     gdi32:GDI32.dll
 0002:00000008       __imp__DescribePixelFormat@16 00460008     gdi32:GDI32.dll
 0002:0000000c       __imp__SetPixelFormat@12   0046000c     gdi32:GDI32.dll
 0002:00000010       __imp__ChoosePixelFormat@8 00460010     gdi32:GDI32.dll
 0002:00000014       __imp__SwapBuffers@4       00460014     gdi32:GDI32.dll
 0002:00000018       __imp__GetDeviceCaps@8     00460018     gdi32:GDI32.dll
 0002:0000001c       \177GDI32_NULL_THUNK_DATA  0046001c     gdi32:GDI32.dll
 0002:00000020       __imp__SetErrorMode@4      00460020     kernel32:KERNEL32.dll
 0002:00000024       __imp__GetModuleFileNameA@12 00460024     kernel32:KERNEL32.dll
 0002:00000028       __imp__VirtualQuery@12     00460028     kernel32:KERNEL32.dll
 0002:0000002c       __imp__IsBadReadPtr@8      0046002c     kernel32:KERNEL32.dll
 0002:00000030       __imp__GetStdHandle@4      00460030     kernel32:KERNEL32.dll
 0002:00000034       __imp__AllocConsole@0      00460034     kernel32:KERNEL32.dll
 0002:00000038       __imp__ReadConsoleInputA@16 00460038     kernel32:KERNEL32.dll
 0002:0000003c       __imp__GetDriveTypeA@4     0046003c     kernel32:KERNEL32.dll
 0002:00000040       __imp__WriteFile@20        00460040     kernel32:KERNEL32.dll
 0002:00000044       __imp__SetConsoleTextAttribute@8 00460044     kernel32:KERNEL32.dll
 0002:00000048       __imp__SetPriorityClass@8  00460048     kernel32:KERNEL32.dll
 0002:0000004c       __imp__GetCurrentProcess@0 0046004c     kernel32:KERNEL32.dll
 0002:00000050       __imp__GetVersionExA@4     00460050     kernel32:KERNEL32.dll
 0002:00000054       __imp__FreeConsole@0       00460054     kernel32:KERNEL32.dll
 0002:00000058       __imp__Sleep@4             00460058     kernel32:KERNEL32.dll
 0002:0000005c       __imp__GetStartupInfoA@4   0046005c     kernel32:KERNEL32.dll
 0002:00000060       __imp__GetModuleHandleA@4  00460060     kernel32:KERNEL32.dll
 0002:00000064       __imp__VirtualFree@12      00460064     kernel32:KERNEL32.dll
 0002:00000068       __imp__VirtualAlloc@16     00460068     kernel32:KERNEL32.dll
 0002:0000006c       __imp__LoadLibraryA@4      0046006c     kernel32:KERNEL32.dll
 0002:00000070       __imp__GetProcAddress@8    00460070     kernel32:KERNEL32.dll
 0002:00000074       __imp__GetNumberOfConsoleInputEvents@8 00460074     kernel32:KERNEL32.dll
 0002:00000078       __imp__FreeLibrary@4       00460078     kernel32:KERNEL32.dll
 0002:0000007c       \177KERNEL32_NULL_THUNK_DATA 0046007c     kernel32:KERNEL32.dll
 0002:00000080       __imp____p__commode        00460080     MSVCRT:MSVCRT.dll
 0002:00000084       __imp___adjust_fdiv        00460084     MSVCRT:MSVCRT.dll
 0002:00000088       __imp____p__fmode          00460088     MSVCRT:MSVCRT.dll
 0002:0000008c       __imp___initterm           0046008c     MSVCRT:MSVCRT.dll
 0002:00000090       __imp____getmainargs       00460090     MSVCRT:MSVCRT.dll
 0002:00000094       __imp___acmdln             00460094     MSVCRT:MSVCRT.dll
 0002:00000098       __imp___XcptFilter         00460098     MSVCRT:MSVCRT.dll
 0002:0000009c       __imp___exit               0046009c     MSVCRT:MSVCRT.dll
 0002:000000a0       __imp_??1type_info@@UAE@XZ 004600a0     MSVCRT:MSVCRT.dll
 0002:000000a4       __imp__fflush              004600a4     MSVCRT:MSVCRT.dll
 0002:000000a8       __imp___winmajor           004600a8     MSVCRT:MSVCRT.dll
 0002:000000ac       __imp__asin                004600ac     MSVCRT:MSVCRT.dll
 0002:000000b0       __imp__pow                 004600b0     MSVCRT:MSVCRT.dll
 0002:000000b4       __imp__exit                004600b4     MSVCRT:MSVCRT.dll
 0002:000000b8       __imp___findclose          004600b8     MSVCRT:MSVCRT.dll
 0002:000000bc       __imp___findnext           004600bc     MSVCRT:MSVCRT.dll
 0002:000000c0       __imp___findfirst          004600c0     MSVCRT:MSVCRT.dll
 0002:000000c4       __imp___mkdir              004600c4     MSVCRT:MSVCRT.dll
 0002:000000c8       __imp__malloc              004600c8     MSVCRT:MSVCRT.dll
 0002:000000cc       __imp__free                004600cc     MSVCRT:MSVCRT.dll
 0002:000000d0       __imp__memset              004600d0     MSVCRT:MSVCRT.dll
 0002:000000d4       __imp__memcpy              004600d4     MSVCRT:MSVCRT.dll
 0002:000000d8       __imp__remove              004600d8     MSVCRT:MSVCRT.dll
 0002:000000dc       __imp__srand               004600dc     MSVCRT:MSVCRT.dll
 0002:000000e0       __imp___CxxThrowException@8 004600e0     MSVCRT:MSVCRT.dll
 0002:000000e4       __imp__strftime            004600e4     MSVCRT:MSVCRT.dll
 0002:000000e8       __imp__strstr              004600e8     MSVCRT:MSVCRT.dll
 0002:000000ec       __imp__time                004600ec     MSVCRT:MSVCRT.dll
 0002:000000f0       __imp____set_app_type      004600f0     MSVCRT:MSVCRT.dll
 0002:000000f4       __imp___controlfp          004600f4     MSVCRT:MSVCRT.dll
 0002:000000f8       __imp___stricmp            004600f8     MSVCRT:MSVCRT.dll
 0002:000000f8       __imp__stricmp             004600f8     MSVCRT:MSVCRT.dll
 0002:000000fc       __imp__strnicmp            004600fc     MSVCRT:MSVCRT.dll
 0002:000000fc       __imp___strnicmp           004600fc     MSVCRT:MSVCRT.dll
 0002:00000100       __imp____setusermatherr    00460100     MSVCRT:MSVCRT.dll
 0002:00000104       __imp__localtime           00460104     MSVCRT:MSVCRT.dll
 0002:00000108       __imp__memmove             00460108     MSVCRT:MSVCRT.dll
 0002:0000010c       __imp__fread               0046010c     MSVCRT:MSVCRT.dll
 0002:00000110       __imp__strncat             00460110     MSVCRT:MSVCRT.dll
 0002:00000114       __imp__qsort               00460114     MSVCRT:MSVCRT.dll
 0002:00000118       __imp__atan                00460118     MSVCRT:MSVCRT.dll
 0002:0000011c       __imp__strncpy             0046011c     MSVCRT:MSVCRT.dll
 0002:00000120       __imp__sscanf              00460120     MSVCRT:MSVCRT.dll
 0002:00000124       __imp__sqrt                00460124     MSVCRT:MSVCRT.dll
 0002:00000128       __imp__acos                00460128     MSVCRT:MSVCRT.dll
 0002:0000012c       __imp__atan2               0046012c     MSVCRT:MSVCRT.dll
 0002:00000130       __imp__fmod                00460130     MSVCRT:MSVCRT.dll
 0002:00000134       __imp__fprintf             00460134     MSVCRT:MSVCRT.dll
 0002:00000138       __imp__strcat              00460138     MSVCRT:MSVCRT.dll
 0002:0000013c       __imp___putenv             0046013c     MSVCRT:MSVCRT.dll
 0002:0000013c       __imp__putenv              0046013c     MSVCRT:MSVCRT.dll
 0002:00000140       __imp__atof                00460140     MSVCRT:MSVCRT.dll
 0002:00000144       __imp___ftol               00460144     MSVCRT:MSVCRT.dll
 0002:00000148       __imp__cos                 00460148     MSVCRT:MSVCRT.dll
 0002:0000014c       __imp__tan                 0046014c     MSVCRT:MSVCRT.dll
 0002:00000150       __imp__rand                00460150     MSVCRT:MSVCRT.dll
 0002:00000154       __imp__sin                 00460154     MSVCRT:MSVCRT.dll
 0002:00000158       __imp__atoi                00460158     MSVCRT:MSVCRT.dll
 0002:0000015c       __imp__fclose              0046015c     MSVCRT:MSVCRT.dll
 0002:00000160       __imp___except_handler3    00460160     MSVCRT:MSVCRT.dll
 0002:00000164       __imp__strcmp              00460164     MSVCRT:MSVCRT.dll
 0002:00000168       __imp__strchr              00460168     MSVCRT:MSVCRT.dll
 0002:0000016c       __imp__ftell               0046016c     MSVCRT:MSVCRT.dll
 0002:00000170       __imp__fseek               00460170     MSVCRT:MSVCRT.dll
 0002:00000174       __imp__fopen               00460174     MSVCRT:MSVCRT.dll
 0002:00000178       __imp__strlen              00460178     MSVCRT:MSVCRT.dll
 0002:0000017c       __imp__strrchr             0046017c     MSVCRT:MSVCRT.dll
 0002:00000180       __imp__strcpy              00460180     MSVCRT:MSVCRT.dll
 0002:00000184       __imp___vsnprintf          00460184     MSVCRT:MSVCRT.dll
 0002:00000188       __imp__rename              00460188     MSVCRT:MSVCRT.dll
 0002:0000018c       __imp__fwrite              0046018c     MSVCRT:MSVCRT.dll
 0002:00000190       \177MSVCRT_NULL_THUNK_DATA 00460190     MSVCRT:MSVCRT.dll
 0002:00000194       __imp__DefWindowProcA@16   00460194     user32:USER32.dll
 0002:00000198       __imp__ShowCursor@4        00460198     user32:USER32.dll
 0002:0000019c       __imp__ReleaseCapture@0    0046019c     user32:USER32.dll
 0002:000001a0       __imp__ClipCursor@4        004601a0     user32:USER32.dll
 0002:000001a4       __imp__SetCursorPos@8      004601a4     user32:USER32.dll
 0002:000001a8       __imp__GetCursorPos@4      004601a8     user32:USER32.dll
 0002:000001ac       __imp__SetCursor@4         004601ac     user32:USER32.dll
 0002:000001b0       __imp__SetCapture@4        004601b0     user32:USER32.dll
 0002:000001b4       __imp__GetWindowRect@8     004601b4     user32:USER32.dll
 0002:000001b8       __imp__GetSystemMetrics@4  004601b8     user32:USER32.dll
 0002:000001bc       __imp__DispatchMessageA@4  004601bc     user32:USER32.dll
 0002:000001c0       __imp__TranslateMessage@4  004601c0     user32:USER32.dll
 0002:000001c4       __imp__PeekMessageA@20     004601c4     user32:USER32.dll
 0002:000001c8       __imp__MessageBoxA@16      004601c8     user32:USER32.dll
 0002:000001cc       __imp__CreateWindowExA@48  004601cc     user32:USER32.dll
 0002:000001d0       __imp__RegisterClassA@4    004601d0     user32:USER32.dll
 0002:000001d4       __imp__LoadCursorA@8       004601d4     user32:USER32.dll
 0002:000001d8       __imp__LoadIconA@8         004601d8     user32:USER32.dll
 0002:000001dc       __imp__SetFocus@4          004601dc     user32:USER32.dll
 0002:000001e0       __imp__SetForegroundWindow@4 004601e0     user32:USER32.dll
 0002:000001e4       __imp__UpdateWindow@4      004601e4     user32:USER32.dll
 0002:000001e8       __imp__SetWindowPos@28     004601e8     user32:USER32.dll
 0002:000001ec       __imp__GetDesktopWindow@0  004601ec     user32:USER32.dll
 0002:000001f0       __imp__ReleaseDC@8         004601f0     user32:USER32.dll
 0002:000001f4       __imp__MoveWindow@24       004601f4     user32:USER32.dll
 0002:000001f8       __imp__DestroyWindow@4     004601f8     user32:USER32.dll
 0002:000001fc       __imp__UnregisterClassA@8  004601fc     user32:USER32.dll
 0002:00000200       __imp__UnregisterHotKey@8  00460200     user32:USER32.dll
 0002:00000204       __imp__RegisterHotKey@16   00460204     user32:USER32.dll
 0002:00000208       __imp__SystemParametersInfoA@16 00460208     user32:USER32.dll
 0002:0000020c       __imp__GetDC@4             0046020c     user32:USER32.dll
 0002:00000210       __imp__ChangeDisplaySettingsA@8 00460210     user32:USER32.dll
 0002:00000214       __imp__GetWindowLongA@8    00460214     user32:USER32.dll
 0002:00000218       __imp__RegisterWindowMessageA@4 00460218     user32:USER32.dll
 0002:0000021c       __imp__AdjustWindowRect@12 0046021c     user32:USER32.dll
 0002:00000220       __imp__SetWindowLongA@12   00460220     user32:USER32.dll
[...]
 0001:0005cdb6       _start_iMCU_row            0045ddb6 f   lib:jddiffct.obj
 0001:0005cdfb       _start_output_pass         0045ddfb f   lib:jddiffct.obj
 0001:0005ce07       _decompress_data           0045de07 f   lib:jddiffct.obj
 0001:0005cf77       _process_restart           0045df77 f   lib:jddiffct.obj
 0001:0005cfac       _dummy_consume_data        0045dfac f   lib:jddiffct.obj
 0001:0005cfaf       _consume_data              0045dfaf f   lib:jddiffct.obj
 0001:0005d026       _output_data               0045e026 f   lib:jddiffct.obj
 0001:0005caaa       _start_pass                0045daaa f   lib:jddctmgr.obj
 0001:0005befc       _start_pass_phuff_decoder  0045cefc f   lib:jdphuff.obj
 0001:0005c145       _decode_mcu_DC_first       0045d145 f   lib:jdphuff.obj
 0001:0005c33d       _process_restart           0045d33d f   lib:jdphuff.obj
 0001:0005c3ac       _decode_mcu_AC_first       0045d3ac f   lib:jdphuff.obj
 0001:0005c5cc       _decode_mcu_DC_refine      0045d5cc f   lib:jdphuff.obj
 0001:0005c6a1       _decode_mcu_AC_refine      0045d6a1 f   lib:jdphuff.obj
 0001:0005b943       _start_pass_huff_decoder   0045c943 f   lib:jdshuff.obj
 0001:0005ba7b       _decode_mcu                0045ca7b f   lib:jdshuff.obj
 0001:0005be2b       _process_restart           0045ce2b f   lib:jdshuff.obj
 0001:0005ad2c       _start_input_pass          0045bd2c f   lib:jdcoefct.obj
 0001:0005ad3f       _start_iMCU_row            0045bd3f f   lib:jdcoefct.obj
 0001:0005ad84       _start_output_pass         0045bd84 f   lib:jdcoefct.obj
 0001:0005adc1       _decompress_onepass        0045bdc1 f   lib:jdcoefct.obj
 0001:0005cfac       _dummy_consume_data        0045dfac f   lib:jddiffct.obj
 0001:0005af9a       _consume_data              0045bf9a f   lib:jdcoefct.obj
 0001:0005b153       _decompress_data           0045c153 f   lib:jdcoefct.obj
 0001:0005b2bf       _smoothing_ok              0045c2bf f   lib:jdcoefct.obj
 0001:0005b3aa       _decompress_smooth_data    0045c3aa f   lib:jdcoefct.obj
 0001:0005abc5       _scaler_start_pass         0045bbc5 f   lib:jcscale.obj
 0001:0005abe8       _simple_downscale          0045bbe8 f   lib:jcscale.obj
 0001:0005ac14       _noscale                   0045bc14 f   lib:jcscale.obj
 0001:0005a6bd       _start_pass                0045b6bd f   lib:jcpred.obj
 0001:0005a715       _reset_predictor           0045b715 f   lib:jcpred.obj
 0001:0005a742       _jpeg_difference_first_row 0045b742 f   lib:jcpred.obj
 0001:0005a82c       _jpeg_difference1          0045b82c f   lib:jcpred.obj
 0001:0005a89a       _jpeg_difference2          0045b89a f   lib:jcpred.obj
 0001:0005a90b       _jpeg_difference3          0045b90b f   lib:jcpred.obj
 0001:0005a983       _jpeg_difference4          0045b983 f   lib:jcpred.obj
 0001:0005aa0e       _jpeg_difference5          0045ba0e f   lib:jcpred.obj
 0001:0005aaa1       _jpeg_difference6          0045baa1 f   lib:jcpred.obj
 0001:0005ab30       _jpeg_difference7          0045bb30 f   lib:jcpred.obj
 0001:00059fac       _start_pass_huff           0045afac f   lib:jclhuff.obj
 0001:0005a149       _encode_mcus_huff          0045b149 f   lib:jclhuff.obj
 0001:0005a334       _emit_bits                 0045b334 f   lib:jclhuff.obj
 0001:0005a3d7       _dump_buffer               0045b3d7 f   lib:jclhuff.obj
 0001:0005a3fb       _emit_restart              0045b3fb f   lib:jclhuff.obj
 0001:0005a446       _flush_bits                0045b446 f   lib:jclhuff.obj
 0001:0005a46a       _finish_pass_huff          0045b46a f   lib:jclhuff.obj
 0001:0005a4d7       _encode_mcus_gather        0045b4d7 f   lib:jclhuff.obj
 0001:0005a600       _finish_pass_gather        0045b600 f   lib:jclhuff.obj
 0001:0005a696       _need_optimization_pass    0045b696 f   lib:jclhuff.obj
 0001:00059bcc       _start_pass_diff           0045abcc f   lib:jcdiffct.obj
 0001:00057ed5       _start_iMCU_row            00458ed5 f   lib:jccoefct.obj
 0001:00059c6a       _compress_data             0045ac6a f   lib:jcdiffct.obj
 0001:00059e00       _compress_first_pass       0045ae00 f   lib:jcdiffct.obj
 0001:00059ef5       _compress_output           0045aef5 f   lib:jcdiffct.obj
 0001:000597df       _start_pass_fdctmgr        0045a7df f   lib:jcdctmgr.obj
 0001:000598e1       _forward_DCT_float         0045a8e1 f   lib:jcdctmgr.obj
 0001:00058d14       _start_pass_phuff          00459d14 f   lib:jcphuff.obj
 0001:00058e81       _encode_mcu_DC_first       00459e81 f   lib:jcphuff.obj
 0001:00058fb3       _emit_bits                 00459fb3 f   lib:jcphuff.obj
 0001:0005905e       _dump_buffer               0045a05e f   lib:jcphuff.obj
 0001:00059096       _emit_symbol               0045a096 f   lib:jcphuff.obj
 0001:000590d6       _emit_restart              0045a0d6 f   lib:jcphuff.obj
 0001:0005915f       _emit_eobrun               0045a15f f   lib:jcphuff.obj
 0001:000591e5       _encode_mcu_AC_first       0045a1e5 f   lib:jcphuff.obj
 0001:00059379       _encode_mcu_DC_refine      0045a379 f   lib:jcphuff.obj
 0001:00059433       _encode_mcu_AC_refine      0045a433 f   lib:jcphuff.obj
 0001:0005964a       _finish_pass_phuff         0045a64a f   lib:jcphuff.obj
 0001:00059699       _finish_pass_gather_phuff  0045a699 f   lib:jcphuff.obj
 0001:0005975c       _need_optimization_pass    0045a75c f   lib:jcphuff.obj
 0001:000584af       _start_pass_huff           004594af f   lib:jcshuff.obj
 0001:00058624       _encode_mcu_huff           00459624 f   lib:jcshuff.obj
 0001:0005872f       _encode_one_block          0045972f f   lib:jcshuff.obj
 0001:000588a6       _emit_bits                 004598a6 f   lib:jcshuff.obj
 0001:00058949       _dump_buffer               00459949 f   lib:jcshuff.obj
 0001:0005896d       _emit_restart              0045996d f   lib:jcshuff.obj
 0001:000589da       _flush_bits                004599da f   lib:jcshuff.obj
 0001:000589fe       _finish_pass_huff          004599fe f   lib:jcshuff.obj
 0001:00058a6d       _encode_mcu_gather         00459a6d f   lib:jcshuff.obj
 0001:00058b23       _htest_one_block           00459b23 f   lib:jcshuff.obj
 0001:00058bea       _finish_pass_gather        00459bea f   lib:jcshuff.obj
 0001:0005a696       _need_optimization_pass    0045b696 f   lib:jclhuff.obj
 0001:00057e40       _start_pass_coef           00458e40 f   lib:jccoefct.obj
 0001:00057ed5       _start_iMCU_row            00458ed5 f   lib:jccoefct.obj
 0001:00057f17       _compress_data             00458f17 f   lib:jccoefct.obj
 0001:000580fe       _compress_first_pass       004590fe f   lib:jccoefct.obj
 0001:000582e4       _compress_output           004592e4 f   lib:jccoefct.obj
 0001:00057d58       _calc_output_dimensions    00458d58 f   lib:jdlossls.obj
 0001:00057d69       _start_input_pass          00458d69 f   lib:jdlossls.obj
 0001:00057a97       _calc_output_dimensions    00458a97 f   lib:jdlossy.obj
 0001:00057c0a       _start_input_pass          00458c0a f   lib:jdlossy.obj
 0001:00057c2a       _latch_quant_tables        00458c2a f   lib:jdlossy.obj
 0001:00057cc2       _start_output_pass         00458cc2 f   lib:jdlossy.obj
 0001:000579e6       _start_pass                004589e6 f   lib:jclossls.obj
 0001:00057952       _start_pass                00458952 f   lib:jclossy.obj
 0001:00056ea7       _initial_setup             00457ea7 f   lib:jcmaster.obj
 0001:0005705a       _validate_script           0045805a f   lib:jcmaster.obj
 0001:00057432       _prepare_for_pass          00458432 f   lib:jcmaster.obj
 0001:000575aa       _select_scan_parameters    004585aa f   lib:jcmaster.obj
 0001:000576ab       _per_scan_setup            004586ab f   lib:jcmaster.obj
 0001:00057856       _pass_startup              00458856 f   lib:jcmaster.obj
 0001:0005787d       _finish_pass_master        0045887d f   lib:jcmaster.obj
 0001:00056993       _rgb_ycc_start             00457993 f   lib:jccolor.obj
 0001:00056a57       _rgb_ycc_convert           00457a57 f   lib:jccolor.obj
 0001:00056b56       _rgb_gray_convert          00457b56 f   lib:jccolor.obj
 0001:00056bdb       _cmyk_ycck_convert         00457bdb f   lib:jccolor.obj
 0001:00056d13       _grayscale_convert         00457d13 f   lib:jccolor.obj
 0001:00056d6d       _null_convert              00457d6d f   lib:jccolor.obj
 0001:00034a72       _null_method               00435a72 f   vid_dll.obj
 0001:00034a72       _start_pass_downsample     00435a72 f   vid_dll.obj
 0001:000560df       _sep_downsample            004570df f   lib:jcsample.obj
 0001:00056154       _int_downsample            00457154 f   lib:jcsample.obj
 0001:0005624c       _expand_right_edge         0045724c f   lib:jcsample.obj
 0001:000562a1       _fullsize_downsample       004572a1 f   lib:jcsample.obj
 0001:000562e5       _h2v1_downsample           004572e5 f   lib:jcsample.obj
 0001:00056379       _h2v2_downsample           00457379 f   lib:jcsample.obj
 0001:00056426       _h2v2_smooth_downsample    00457426 f   lib:jcsample.obj
 0001:0005669e       _fullsize_smooth_downsample 0045769e f   lib:jcsample.obj
 0001:00055adb       _start_pass_prep           00456adb f   lib:jcprepct.obj
 0001:00055b19       _pre_process_data          00456b19 f   lib:jcprepct.obj
 0001:00055cc7       _pre_process_context       00456cc7 f   lib:jcprepct.obj
 0001:00055e80       _create_context_buffer     00456e80 f   lib:jcprepct.obj
 0001:00055953       _start_pass_main           00456953 f   lib:jcmainct.obj
 0001:00055995       _process_data_simple_main  00456995 f   lib:jcmainct.obj
 0001:00054f29       _create_colormap           00455f29 f   lib:jquant1.obj
 0001:0005505b       _select_ncolors            0045605b f   lib:jquant1.obj
 0001:00055132       _create_colorindex         00456132 f   lib:jquant1.obj
 0001:0005525e       _alloc_fs_workspace        0045625e f   lib:jquant1.obj
 0001:0005529a       _start_pass_1_quant        0045629a f   lib:jquant1.obj
 0001:00055366       _create_odither_tables     00456366 f   lib:jquant1.obj
 0001:000553c5       _make_odither_array        004563c5 f   lib:jquant1.obj
 0001:00055428       _color_quantize            00456428 f   lib:jquant1.obj
 0001:000554b3       _color_quantize3           004564b3 f   lib:jquant1.obj
 0001:00055541       _quantize_ord_dither       00456541 f   lib:jquant1.obj
 0001:0005562c       _quantize3_ord_dither      0045662c f   lib:jquant1.obj
 0001:0005572c       _quantize_fs_dither        0045672c f   lib:jquant1.obj
 0001:00034a72       _finish_pass_1_quant       00435a72 f   vid_dll.obj
 0001:000558b0       _new_color_map_1_quant     004568b0 f   lib:jquant1.obj
 0001:00053eea       _init_error_limit          00454eea f   lib:jquant2.obj
 0001:00053f89       _start_pass_2_quant        00454f89 f   lib:jquant2.obj
 0001:0005408b       _prescan_quantize          0045508b f   lib:jquant2.obj
 0001:000540fa       _pass2_no_dither           004550fa f   lib:jquant2.obj
 0001:000541a7       _fill_inverse_cmap         004551a7 f   lib:jquant2.obj
 0001:00054272       _find_nearby_colors        00455272 f   lib:jquant2.obj
 0001:00054416       _find_best_colors          00455416 f   lib:jquant2.obj
 0001:00054530       _pass2_fs_dither           00455530 f   lib:jquant2.obj
 0001:0005479f       _finish_pass1              0045579f f   lib:jquant2.obj
 0001:000547c1       _select_colors             004557c1 f   lib:jquant2.obj
 0001:0005484d       _update_box                0045584d f   lib:jquant2.obj
 0001:00054be7       _median_cut                00455be7 f   lib:jquant2.obj
 0001:00054cfb       _find_biggest_color_pop    00455cfb f   lib:jquant2.obj
 0001:00054d2a       _find_biggest_volume       00455d2a f   lib:jquant2.obj
 0001:00054d53       _compute_color             00455d53 f   lib:jquant2.obj
 0001:00034a72       _finish_pass2              00435a72 f   vid_dll.obj
 0001:00054e8f       _new_color_map_2_quant     00455e8f f   lib:jquant2.obj
 0001:00053901       _build_ycc_rgb_table       00454901 f   lib:jdmerge.obj
 0001:000539b1       _start_pass_merged_upsample 004549b1 f   lib:jdmerge.obj
 0001:000539c6       _merged_2v_upsample        004549c6 f   lib:jdmerge.obj
 0001:00053a6d       _merged_1v_upsample        00454a6d f   lib:jdmerge.obj
 0001:00053a9e       _h2v1_merged_upsample      00454a9e f   lib:jdmerge.obj
 0001:00053bf4       _h2v2_merged_upsample      00454bf4 f   lib:jdmerge.obj
 0001:000534a5       _build_ycc_rgb_table       004544a5 f   lib:jdcolor.obj
 0001:00053555       _ycc_rgb_convert           00454555 f   lib:jdcolor.obj
 0001:00053663       _null_convert              00454663 f   lib:jdcolor.obj
 0001:000536db       _grayscale_convert         004546db f   lib:jdcolor.obj
 0001:000536fe       _gray_rgb_convert          004546fe f   lib:jdcolor.obj
 0001:00053757       _ycck_cmyk_convert         00454757 f   lib:jdcolor.obj
 0001:00034a72       _start_pass_dcolor         00435a72 f   vid_dll.obj
 0001:00052f06       _start_pass_upsample       00453f06 f   lib:jdsample.obj
 0001:00052f20       _sep_upsample              00453f20 f   lib:jdsample.obj
 0001:00052fed       _fullsize_upsample         00453fed f   lib:jdsample.obj
 0001:00052ff8       _noop_upsample             00453ff8 f   lib:jdsample.obj
 0001:00053000       _int_upsample              00454000 f   lib:jdsample.obj
 0001:000530ea       _h2v1_upsample             004540ea f   lib:jdsample.obj
 0001:00053141       _h2v2_upsample             00454141 f   lib:jdsample.obj
 0001:000531b3       _h2v1_fancy_upsample       004541b3 f   lib:jdsample.obj
 0001:00053256       _h2v2_fancy_upsample       00454256 f   lib:jdsample.obj
 0001:00052b0f       _start_pass_dpost          00453b0f f   lib:jdpostct.obj
 0001:00052bb5       _post_process_1pass        00453bb5 f   lib:jdpostct.obj
 0001:00052c1a       _post_process_prepass      00453c1a f   lib:jdpostct.obj
 0001:00052cab       _post_process_2pass        00453cab f   lib:jdpostct.obj
 0001:00052516       _alloc_funny_pointers      00453516 f   lib:jdmainct.obj
 0001:000525c3       _start_pass_main           004535c3 f   lib:jdmainct.obj
 0001:0005262b       _make_funny_pointers       0045362b f   lib:jdmainct.obj
 0001:0005276b       _process_data_simple_main  0045376b f   lib:jdmainct.obj
 0001:000527d3       _process_data_context_main 004537d3 f   lib:jdmainct.obj
 0001:000528e5       _set_wraparound_pointers   004538e5 f   lib:jdmainct.obj
 0001:000529cf       _set_bottom_pointers       004539cf f   lib:jdmainct.obj
 0001:00052a69       _process_data_crank_post   00453a69 f   lib:jdmainct.obj
 0001:00051288       _write_marker_header       00452288 f   lib:jcmarker.obj
 0001:000512de       _emit_byte                 004522de f   lib:jcmarker.obj
 0001:0005130f       _write_marker_byte         0045230f f   lib:jcmarker.obj
 0001:0005131f       _write_file_header         0045231f f   lib:jcmarker.obj
 0001:0005136b       _emit_jfif_app0            0045236b f   lib:jcmarker.obj
 0001:0005143e       _emit_adobe_app14          0045243e f   lib:jcmarker.obj
 0001:000514e4       _write_frame_header        004524e4 f   lib:jcmarker.obj
 0001:000515c3       _emit_dqt                  004525c3 f   lib:jcmarker.obj
 0001:000516b2       _emit_sof                  004526b2 f   lib:jcmarker.obj
 0001:0005178e       _write_scan_header         0045278e f   lib:jcmarker.obj
 0001:0005184e       _emit_dht                  0045284e f   lib:jcmarker.obj
 0001:00051927       _emit_dri                  00452927 f   lib:jcmarker.obj
 0001:00051976       _emit_sos                  00452976 f   lib:jcmarker.obj
 0001:00051a64       _write_file_trailer        00452a64 f   lib:jcmarker.obj
 0001:00051a84       _write_tables_only         00452a84 f   lib:jcmarker.obj
 0001:00050ddd       _use_merged_upsample       00451ddd f   lib:jdmaster.obj
 0001:00050e83       _master_selection          00451e83 f   lib:jdmaster.obj
 0001:00050fe0       _prepare_range_limit_table 00451fe0 f   lib:jdmaster.obj
 0001:00051066       _prepare_for_output_pass   00452066 f   lib:jdmaster.obj
 0001:00051187       _finish_output_pass        00452187 f   lib:jdmaster.obj
 0001:00050254       _alloc_small               00451254 f   lib:jmemmgr.obj
 0001:00050372       _alloc_large               00451372 f   lib:jmemmgr.obj
 0001:00050423       _alloc_sarray              00451423 f   lib:jmemmgr.obj
 0001:000504bb       _alloc_barray              004514bb f   lib:jmemmgr.obj
 0001:0005055f       _alloc_darray              0045155f f   lib:jmemmgr.obj
 0001:0005060a       _request_virt_sarray       0045160a f   lib:jmemmgr.obj
 0001:0005066b       _request_virt_barray       0045166b f   lib:jmemmgr.obj
 0001:000506cc       _realize_virt_arrays       004516cc f   lib:jmemmgr.obj
 0001:0005084f       _access_virt_sarray        0045184f f   lib:jmemmgr.obj
 0001:0005096f       _do_sarray_io              0045196f f   lib:jmemmgr.obj
 0001:000509ff       _access_virt_barray        004519ff f   lib:jmemmgr.obj
 0001:00050b24       _do_barray_io              00451b24 f   lib:jmemmgr.obj
 0001:00050bb5       _free_pool                 00451bb5 f   lib:jmemmgr.obj
 0001:00050c9c       _self_destruct             00451c9c f   lib:jmemmgr.obj
 0001:0004fcee       _start_input_pass          00450cee f   lib:jdinput.obj
 0001:0004fd1c       _per_scan_setup            00450d1c f   lib:jdinput.obj
 0001:0004fea2       _finish_input_pass         00450ea2 f   lib:jdinput.obj
 0001:0004feb3       _consume_markers           00450eb3 f   lib:jdinput.obj
 0001:0004ff4f       _initial_setup             00450f4f f   lib:jdinput.obj
 0001:00050159       _reset_input_controller    00451159 f   lib:jdinput.obj
 0001:0004faa7       _fixedtables               00450aa7 f   lib:inflate.obj
 0001:0004fb91       _updatewindow              00450b91 f   lib:inflate.obj
 0001:0004e507       _make_crc_table            0044f507 f   lib:crc32.obj
 0001:0004e633       _crc32_little              0044f633 f   lib:crc32.obj
 0001:0004e443       _init_destination          0044f443 f   lib:jdatadst.obj
 0001:0004e469       _empty_output_buffer       0044f469 f   lib:jdatadst.obj
 0001:0004e4ab       _term_destination          0044f4ab f   lib:jdatadst.obj
 0001:0004dfca       _std_huff_tables           0044efca f   lib:jcparam.obj
 0001:0004e024       _add_huff_table            0044f024 f   lib:jcparam.obj
 0001:0004c517       _next_marker               0044d517 f   lib:jdmarker.obj
 0001:0004c651       _get_interesting_appn      0044d651 f   lib:jdmarker.obj
 0001:0004c77c       _examine_app0              0044d77c f   lib:jdmarker.obj
 0001:0004c98a       _examine_app14             0044d98a f   lib:jdmarker.obj
 0001:0004ca4b       _skip_variable             0044da4b f   lib:jdmarker.obj
 0001:0004caee       _read_markers              0044daee f   lib:jdmarker.obj
 0001:0004ccf6       _get_soi                   0044dcf6 f   lib:jdmarker.obj
 0001:0004cda1       _get_sof                   0044dda1 f   lib:jdmarker.obj
 0001:0004d0aa       _get_sos                   0044e0aa f   lib:jdmarker.obj
 0001:0004d398       _get_dht                   0044e398 f   lib:jdmarker.obj
 0001:0004d639       _get_dqt                   0044e639 f   lib:jdmarker.obj
 0001:0004d895       _get_dri                   0044e895 f   lib:jdmarker.obj
 0001:0004d974       _first_marker              0044e974 f   lib:jdmarker.obj
 0001:0004da10       _read_restart_marker       0044ea10 f   lib:jdmarker.obj
 0001:0004da8e       _reset_marker_reader       0044ea8e f   lib:jdmarker.obj
 0001:0004c2fb       _output_pass_setup         0044d2fb f   lib:jdapistd.obj
 0001:0004bfee       _default_decompress_parms  0044cfee f   lib:jdapimin.obj

 71 bytes saved through ICF

