 quake2

 Timestamp is 3dd51886 (Fri Nov 15 18:53:42 2002)

 Preferred load address is 00400000

 Start         Length     Name                   Class
 0001:00000000 000622e0H .text                   CODE
 0002:00000000 00000358H .idata$5                DATA
 0002:00000358 000019b4H .rdata                  DATA
 0002:00001d0c 00000078H .idata$2                DATA
 0002:00001d84 00000014H .idata$3                DATA
 0002:00001d98 00000358H .idata$4                DATA
 0002:000020f0 00000b46H .idata$6                DATA
 0002:00002c36 00000000H .edata                  DATA
 0003:00000000 00000004H .CRT$XCA                DATA
 0003:00000004 00000004H .CRT$XCZ                DATA
 0003:00000008 00000004H .CRT$XIA                DATA
 0003:0000000c 00000004H .CRT$XIZ                DATA
 0003:00000010 00013ad4H .data                   DATA
 0003:00013ae8 0099459cH .bss                    DATA
 0004:00000000 000000a0H .rsrc$01                DATA
 0004:000000a0 00000300H .rsrc$02                DATA

  Address         Publics by Value              Rva+Base     Lib:Object

 0001:00000000       _CDAudio_Play2             00401000 f   cd_win.obj
 0001:000001e5       _CDAudio_Play              004011e5 f   cd_win.obj
 0001:000001fc       _CDAudio_Stop              004011fc f   cd_win.obj
 0001:00000241       _CDAudio_Pause             00401241 f   cd_win.obj
 0001:0000029a       _CDAudio_Resume            0040129a f   cd_win.obj
 0001:0000030c       _CDAudio_MessageHandler    0040130c f   cd_win.obj
 0001:000003a3       _CDAudio_Update            004013a3 f   cd_win.obj
 0001:000003da       _CDAudio_Init              004013da f   cd_win.obj
 0001:000007d1       _CDAudio_Shutdown          004017d1 f   cd_win.obj
 0001:00000804       _CDAudio_Activate          00401804 f   cd_win.obj
 0001:00000815       _SCR_StopCinematic         00401815 f   cl_cin.obj
 0001:000008a1       _SCR_FinishCinematic       004018a1 f   cl_cin.obj
 0001:000008cb       _SCR_ReadNextFrame         004018cb f   cl_cin.obj
 0001:00000bec       _SCR_RunCinematic          00401bec f   cl_cin.obj
 0001:00000ce5       _SCR_DrawCinematic         00401ce5 f   cl_cin.obj
 0001:00000d84       _SCR_PlayCinematic         00401d84 f   cl_cin.obj
 0001:00001099       _CL_ParseEntityBits        00402099 f   cl_ents.obj
 0001:00001118       _CL_ParseDelta             00402118 f   cl_ents.obj
 0001:000012f6       _CL_DeltaEntity            004022f6 f   cl_ents.obj
 0001:0000148f       _CL_ParsePacketEntities    0040248f f   cl_ents.obj
 0001:000016b2       _CL_ParsePlayerstate       004026b2 f   cl_ents.obj
 0001:000019c0       _CL_FireEntityEvents       004029c0 f   cl_ents.obj
 0001:00001a0f       _CL_ParseFrame             00402a0f f   cl_ents.obj
 0001:00001c7c       _CL_AddPacketEntities      00402c7c f   cl_ents.obj
 0001:00002726       _CL_AddViewWeapon          00403726 f   cl_ents.obj
 0001:00002860       _CL_CalcViewValues         00403860 f   cl_ents.obj
 0001:00002afe       _CL_AddEntities            00403afe f   cl_ents.obj
 0001:00002bcb       _CL_GetEntitySoundOrigin   00403bcb f   cl_ents.obj
 0001:00002c18       _CL_RunLightStyles         00403c18 f   cl_fx.obj
 0001:00002c88       _CL_SetLightstyle          00403c88 f   cl_fx.obj
 0001:00002cf3       _CL_AddLightStyles         00403cf3 f   cl_fx.obj
 0001:00002d2b       _CL_AllocDlight            00403d2b f   cl_fx.obj
 0001:00002d96       _CL_RunDLights             00403d96 f   cl_fx.obj
 0001:00002de8       _CL_ParseMuzzleFlash       00403de8 f   cl_fx.obj
 0001:00003601       _CL_ParseMuzzleFlash2      00404601 f   cl_fx.obj
 0001:00003d0b       _CL_AddDLights             00404d0b f   cl_fx.obj
 0001:00003dd9       _CL_ClearParticles         00404dd9 f   cl_fx.obj
 0001:00003e19       _CL_ParticleEffect         00404e19 f   cl_fx.obj
 0001:00003ee8       _CL_ParticleEffect2        00404ee8 f   cl_fx.obj
 0001:00003fb3       _CL_ParticleEffect3        00404fb3 f   cl_fx.obj
 0001:00004083       _CL_TeleporterParticles    00405083 f   cl_fx.obj
 0001:0000413a       _CL_LogoutEffect           0040513a f   cl_fx.obj
 0001:00004225       _CL_ItemRespawnParticles   00405225 f   cl_fx.obj
 0001:000042d4       _CL_ExplosionParticles     004052d4 f   cl_fx.obj
 0001:0000437e       _CL_BigTeleportParticles   0040537e f   cl_fx.obj
 0001:000044d5       _CL_BlasterParticles       004054d5 f   cl_fx.obj
 0001:000045a1       _CL_BlasterTrail           004055a1 f   cl_fx.obj
 0001:0000469d       _CL_FlagTrail              0040569d f   cl_fx.obj
 0001:000047a6       _CL_DiminishingTrail       004057a6 f   cl_fx.obj
 0001:00004a13       _MakeNormalVectors         00405a13 f   cl_fx.obj
 0001:00004a6a       _CL_RocketTrail            00405a6a f   cl_fx.obj
 0001:00004b9e       _CL_RailTrail              00405b9e f   cl_fx.obj
 0001:00004dd8       _CL_IonripperTrail         00405dd8 f   cl_fx.obj
 0001:00004ef1       _CL_BubbleTrail            00405ef1 f   cl_fx.obj
 0001:00005018       _CL_FlyParticles           00406018 f   cl_fx.obj
 0001:000051be       _CL_FlyEffect              004061be f   cl_fx.obj
 0001:00005241       _CL_BfgParticles           00406241 f   cl_fx.obj
 0001:00005420       _CL_TrapParticles          00406420 f   cl_fx.obj
 0001:000056b5       _CL_BFGExplosionParticles  004066b5 f   cl_fx.obj
 0001:0000575f       _CL_TeleportParticles      0040675f f   cl_fx.obj
 0001:00005898       _CL_AllocParticleTrace     00406898 f   cl_fx.obj
 0001:00005941       _CL_MetalSparks            00406941 f   cl_fx.obj
 0001:00005a20       _CL_AllocParticle          00406a20 f   cl_fx.obj
 0001:00005a61       _CL_UpdateParticles        00406a61 f   cl_fx.obj
 0001:00005f44       _CL_EntityEvent            00406f44 f   cl_fx.obj
 0001:00006121       _CL_ClearEffects           00407121 f   cl_fx.obj
 0001:00006153       _KeyDown                   00407153 f   cl_input.obj
 0001:000061c9       _KeyUp                     004071c9 f   cl_input.obj
 0001:00006243       _IN_KLookDown              00407243 f   cl_input.obj
 0001:0000624f       _IN_KLookUp                0040724f f   cl_input.obj
 0001:0000625b       _IN_UpDown                 0040725b f   cl_input.obj
 0001:00006267       _IN_UpUp                   00407267 f   cl_input.obj
 0001:00006273       _IN_DownDown               00407273 f   cl_input.obj
 0001:0000627f       _IN_DownUp                 0040727f f   cl_input.obj
 0001:0000628b       _IN_LeftDown               0040728b f   cl_input.obj
 0001:00006297       _IN_LeftUp                 00407297 f   cl_input.obj
 0001:000062a3       _IN_RightDown              004072a3 f   cl_input.obj
 0001:000062af       _IN_RightUp                004072af f   cl_input.obj
 0001:000062bb       _IN_ForwardDown            004072bb f   cl_input.obj
 0001:000062c7       _IN_ForwardUp              004072c7 f   cl_input.obj
 0001:000062d3       _IN_BackDown               004072d3 f   cl_input.obj
 0001:000062df       _IN_BackUp                 004072df f   cl_input.obj
 0001:000062eb       _IN_LookupDown             004072eb f   cl_input.obj
 0001:000062f7       _IN_LookupUp               004072f7 f   cl_input.obj
 0001:00006303       _IN_LookdownDown           00407303 f   cl_input.obj
 0001:0000630f       _IN_LookdownUp             0040730f f   cl_input.obj
 0001:0000631b       _IN_MoveleftDown           0040731b f   cl_input.obj
 0001:00006327       _IN_MoveleftUp             00407327 f   cl_input.obj
 0001:00006333       _IN_MoverightDown          00407333 f   cl_input.obj
 0001:0000633f       _IN_MoverightUp            0040733f f   cl_input.obj
 0001:0000634b       _IN_SpeedDown              0040734b f   cl_input.obj
 0001:00006357       _IN_SpeedUp                00407357 f   cl_input.obj
 0001:00006363       _IN_StrafeDown             00407363 f   cl_input.obj
 0001:0000636f       _IN_StrafeUp               0040736f f   cl_input.obj
 0001:0000637b       _IN_AttackDown             0040737b f   cl_input.obj
 0001:00006387       _IN_AttackUp               00407387 f   cl_input.obj
 0001:00006393       _IN_UseDown                00407393 f   cl_input.obj
 0001:0000639f       _IN_UseUp                  0040739f f   cl_input.obj
 0001:000063ab       _IN_Impulse                004073ab f   cl_input.obj
 0001:000063c1       _CL_KeyState               004073c1 f   cl_input.obj
 0001:0000641f       _CL_AdjustAngles           0040741f f   cl_input.obj
 0001:0000652e       _CL_BaseMove               0040752e f   cl_input.obj
 0001:00006708       _CL_ClampPitch             00407708 f   cl_input.obj
 0001:000067b6       _CL_FinishMove             004077b6 f   cl_input.obj
 0001:00006865       _CL_CreateCmd              00407865 f   cl_input.obj
 0001:000068d1       _IN_CenterView             004078d1 f   cl_input.obj
 0001:000068f2       _CL_InitInput              004078f2 f   cl_input.obj
 0001:00006af8       _CL_SendCmd                00407af8 f   cl_input.obj
 0001:00006cf2       _CL_ParseInventory         00407cf2 f   cl_inv.obj
 0001:00006d12       _CL_DrawInventory          00407d12 f   cl_inv.obj
 0001:00006f73       _CL_WriteDemoMessage       00407f73 f   cl_main.obj
 0001:00006fb5       _CL_Stop_f                 00407fb5 f   cl_main.obj
 0001:00007010       _CL_Record_f               00408010 f   cl_main.obj
 0001:00007289       _Cmd_ForwardToServer       00408289 f   cl_main.obj
 0001:000072f5       _CL_Setenv_f               004082f5 f   cl_main.obj
 0001:000073b9       _CL_ForwardToServer_f      004083b9 f   cl_main.obj
 0001:00007407       _CL_Pause_f                00408407 f   cl_main.obj
 0001:00007440       _CL_Quit_f                 00408440 f   cl_main.obj
 0001:0000744a       _CL_Drop                   0040844a f   cl_main.obj
 0001:0000746c       _CL_SendConnectPacket      0040846c f   cl_main.obj
 0001:00007540       _CL_CheckForResend         00408540 f   cl_main.obj
 0001:00007620       _CL_Connect_f              00408620 f   cl_main.obj
 0001:0000769f       _CL_Rcon_f                 0040869f f   cl_main.obj
 0001:000077ec       _CL_ClearState             004087ec f   cl_main.obj
 0001:0000782b       _CL_Disconnect             0040882b f   cl_main.obj
 0001:00007960       _CL_Disconnect_f           00408960 f   cl_main.obj
 0001:0000796f       _CL_Changing_f             0040896f f   cl_main.obj
 0001:00007993       _CL_Reconnect_f            00408993 f   cl_main.obj
 0001:00007a2f       _CL_ParseStatusMessage     00408a2f f   cl_main.obj
 0001:00007a66       _CL_PingServers_f          00408a66 f   cl_main.obj
 0001:00007bc0       _CL_Skins_f                00408bc0 f   cl_main.obj
 0001:00007bfc       _CL_ConnectionlessPacket   00408bfc f   cl_main.obj
 0001:00007e3e       _CL_ReadPackets            00408e3e f   cl_main.obj
 0001:00007f7c       _CL_FixUpGender            00408f7c f   cl_main.obj
 0001:0000804f       _CL_Userinfo_f             0040904f f   cl_main.obj
 0001:00008067       _CL_Snd_Restart_f          00409067 f   cl_main.obj
 0001:00008076       _CL_RequestNextDownload    00409076 f   cl_main.obj
 0001:000086a6       _CL_Precache_f             004096a6 f   cl_main.obj
 0001:0000870f       _CL_WriteConfiguration     0040970f f   cl_main.obj
 0001:000087a0       _CL_WriteConfig_f          004097a0 f   cl_main.obj
 0001:000087ff       _CL_InitLocal              004097ff f   cl_main.obj
 0001:00008a1f       _CL_FixCvarCheats          00409a1f f   cl_main.obj
 0001:00008adc       _CL_SendCommand            00409adc f   cl_main.obj
 0001:00008afa       _CL_Frame                  00409afa f   cl_main.obj
 0001:00008caf       _CL_Init                   00409caf f   cl_main.obj
 0001:00008d04       _CL_Shutdown               00409d04 f   cl_main.obj
 0001:00008d4a       _vectoangles2              00409d4a f   cl_newfx.obj
 0001:00008e4c       _CL_Flashlight             00409e4c f   cl_newfx.obj
 0001:00008e9d       _CL_ColorFlash             00409e9d f   cl_newfx.obj
 0001:00008f43       _CL_DebugTrail             00409f43 f   cl_newfx.obj
 0001:00009037       _CL_ForceWall              0040a037 f   cl_newfx.obj
 0001:00009174       _CL_BubbleTrail2           0040a174 f   cl_newfx.obj
 0001:000092a7       _CL_Heatbeam               0040a2a7 f   cl_newfx.obj
 0001:0000953f       _CL_ParticleSteamEffect    0040a53f f   cl_newfx.obj
 0001:0000964b       _CL_ParticleSteamEffect2   0040a64b f   cl_newfx.obj
 0001:0000976d       _CL_TrackerTrail           0040a76d f   cl_newfx.obj
 0001:000098ba       _CL_Tracker_Shell          0040a8ba f   cl_newfx.obj
 0001:00009931       _CL_MonsterPlasma_Shell    0040a931 f   cl_newfx.obj
 0001:000099a5       _CL_Widowbeamout           0040a9a5 f   cl_newfx.obj
 0001:00009a4c       _CL_Nukeblast              0040aa4c f   cl_newfx.obj
 0001:00009af3       _CL_WidowSplash            0040aaf3 f   cl_newfx.obj
 0001:00009bae       _CL_TagTrail               0040abae f   cl_newfx.obj
 0001:00009cb7       _CL_ColorExplosionParticles 0040acb7 f   cl_newfx.obj
 0001:00009d64       _CL_ParticleSmokeEffect    0040ad64 f   cl_newfx.obj
 0001:00009e6e       _CL_BlasterParticles2      0040ae6e f   cl_newfx.obj
 0001:00009f3b       _CL_BlasterTrail2          0040af3b f   cl_newfx.obj
 0001:0000a037       _CL_DownloadFileName       0040b037 f   cl_parse.obj
 0001:0000a076       _CL_CheckOrDownloadFile    0040b076 f   cl_parse.obj
 0001:0000a1da       _CL_Download_f             0040b1da f   cl_parse.obj
 0001:0000a2a6       _CL_RegisterSounds         0040b2a6 f   cl_parse.obj
 0001:0000a2e5       _CL_ParseDownload          0040b2e5 f   cl_parse.obj
 0001:0000a452       _CL_ParseServerData        0040b452 f   cl_parse.obj
 0001:0000a561       _CL_ParseBaseline          0040b561 f   cl_parse.obj
 0001:0000a59b       _CL_LoadClientinfo         0040b59b f   cl_parse.obj
 0001:0000a866       _CL_ParseClientinfo        0040b866 f   cl_parse.obj
 0001:0000a88a       _CL_ParseConfigString      0040b88a f   cl_parse.obj
 0001:0000aa0f       _CL_ParseStartSoundPacket  0040ba0f f   cl_parse.obj
 0001:0000ab11       _SHOWNET                   0040bb11 f   cl_parse.obj
 0001:0000ab35       _CL_ParseServerMessage     0040bb35 f   cl_parse.obj
 0001:0000add5       _CL_CheckPredictionError   0040bdd5 f   cl_pred.obj
 0001:0000aefb       _CL_ClipMoveToEntities     0040befb f   cl_pred.obj
 0001:0000b052       _CL_PMTrace                0040c052 f   cl_pred.obj
 0001:0000b0c1       _CL_PMpointcontents        0040c0c1 f   cl_pred.obj
 0001:0000b12b       _CL_PredictMovement        0040c12b f   cl_pred.obj
 0001:0000b339       _CL_AddNetgraph            0040c339 f   cl_scrn.obj
 0001:0000b413       _SCR_DebugGraph            0040c413 f   cl_scrn.obj
 0001:0000b43b       _SCR_DrawDebugGraph        0040c43b f   cl_scrn.obj
 0001:0000b51a       _SCR_CenterPrint           0040c51a f   cl_scrn.obj
 0001:0000b62b       _SCR_DrawCenterString      0040c62b f   cl_scrn.obj
 0001:0000b780       _SCR_SizeUp_f              0040c780 f   cl_scrn.obj
 0001:0000b799       _SCR_SizeDown_f            0040c799 f   cl_scrn.obj
 0001:0000b7ba       _SCR_Sky_f                 0040c7ba f   cl_scrn.obj
 0001:0000b865       _SCR_Init                  0040c865 f   cl_scrn.obj
 0001:0000b8ca       _SCR_DrawNet               0040c8ca f   cl_scrn.obj
 0001:0000b905       _SCR_DrawPause             0040c905 f   cl_scrn.obj
 0001:0000b96e       _SCR_RunConsole            0040c96e f   cl_scrn.obj
 0001:0000ba0b       _SCR_DrawConsole           0040ca0b f   cl_scrn.obj
 0001:0000ba9e       _SCR_SetLevelshot          0040ca9e f   cl_scrn.obj
 0001:0000bb30       _SCR_DrawLoading           0040cb30 f   cl_scrn.obj
 0001:0000bbd4       _SCR_BeginLoadingPlaque    0040cbd4 f   cl_scrn.obj
 0001:0000bc2a       _SCR_EndLoadingPlaque      0040cc2a f   cl_scrn.obj
 0001:0000bc45       _SCR_Loading_f             0040cc45 f   cl_scrn.obj
 0001:0000bc4a       _SCR_TimeRefresh_f         0040cc4a f   cl_scrn.obj
 0001:0000bd21       _SCR_AddDirtyPoint         0040cd21 f   cl_scrn.obj
 0001:0000bd5e       _SCR_DirtyScreen           0040cd5e f   cl_scrn.obj
 0001:0000bdd9       _SCR_TileClear             0040cdd9 f   cl_scrn.obj
 0001:0000bfb4       _DrawHUDString             0040cfb4 f   cl_scrn.obj
 0001:0000c066       _SCR_DrawField             0040d066 f   cl_scrn.obj
 0001:0000c18a       _SCR_TouchPics             0040d18a f   cl_scrn.obj
 0001:0000c21c       _SCR_ExecuteLayoutString   0040d21c f   cl_scrn.obj
 0001:0000cbce       _SCR_UpdateScreen          0040dbce f   cl_scrn.obj
 0001:0000ceb9       _CL_RegisterTEntSounds     0040deb9 f   cl_tent.obj
 0001:0000d0f1       _CL_RegisterTEntModels     0040e0f1 f   cl_tent.obj
 0001:0000d277       _CL_ClearTEnts             0040e277 f   cl_tent.obj
 0001:0000d2ce       _CL_AllocExplosion         0040e2ce f   cl_tent.obj
 0001:0000d348       _CL_SmokeAndFlash          0040e348 f   cl_tent.obj
 0001:0000d3d9       _CL_ParseBeam              0040e3d9 f   cl_tent.obj
 0001:0000d4dd       _CL_ParseBeam2             0040e4dd f   cl_tent.obj
 0001:0000d5f1       _CL_ParsePlayerBeam        0040e5f1 f   cl_tent.obj
 0001:0000d73c       _CL_ParseLightning         0040e73c f   cl_tent.obj
 0001:0000d81a       _CL_ParseLaser             0040e81a f   cl_tent.obj
 0001:0000d8c2       _CL_ParseSteam             0040e8c2 f   cl_tent.obj
 0001:0000d9d3       _CL_ParseWidow             0040e9d3 f   cl_tent.obj
 0001:0000da3f       _CL_ParseNuke              0040ea3f f   cl_tent.obj
 0001:0000daa9       _CL_ParseTEnt              0040eaa9 f   cl_tent.obj
 0001:0000e91f       _CL_AddBeams               0040f91f f   cl_tent.obj
 0001:0000ec46       _CL_AddPlayerBeams         0040fc46 f   cl_tent.obj
 0001:0000f36a       _CL_AddExplosions          0041036a f   cl_tent.obj
 0001:0000f555       _CL_AddLasers              00410555 f   cl_tent.obj
 0001:0000f57a       _CL_ProcessSustain         0041057a f   cl_tent.obj
 0001:0000f5bb       _CL_AddTEnts               004105bb f   cl_tent.obj
 0001:0000f5d4       _V_AddEntity               004105d4 f   cl_view.obj
 0001:0000f5fe       _V_AddLight                004105fe f   cl_view.obj
 0001:0000f64a       _V_AddLightStyle           0041064a f   cl_view.obj
 0001:0000f695       _V_TestParticles           00410695 f   cl_view.obj
 0001:0000f753       _V_TestEntities            00410753 f   cl_view.obj
 0001:0000f7f5       _V_TestLights              004107f5 f   cl_view.obj
 0001:0000f8d3       _CL_PrepRefresh            004108d3 f   cl_view.obj
 0001:0000fba1       _CalcFov                   00410ba1 f   cl_view.obj
 0001:0000fc1a       _V_Gun_Next_f              00410c1a f   cl_view.obj
 0001:0000fc33       _V_Gun_Prev_f              00410c33 f   cl_view.obj
 0001:0000fc55       _V_Gun_Model_f             00410c55 f   cl_view.obj
 0001:0000fc89       _SCR_DrawCrosshair         00410c89 f   cl_view.obj
 0001:0000fcf5       _V_RenderView              00410cf5 f   cl_view.obj
 0001:000108ad       _V_Viewpos_f               004118ad f   cl_view.obj
 0001:000108eb       _V_Init                    004118eb f   cl_view.obj
 0001:00010937       _Cbuf_Init                 00411937 f   cmd.obj
 0001:0001094f       _Cbuf_AddText              0041194f f   cmd.obj
 0001:000109ab       _Cbuf_InsertText           004119ab f   cmd.obj
 0001:00010a03       _Cbuf_CopyToDefer          00411a03 f   cmd.obj
 0001:00010a2f       _Cbuf_InsertFromDefer      00411a2f f   cmd.obj
 0001:00010a42       _Cbuf_ExecuteText          00411a42 f   cmd.obj
 0001:00010a81       _Cbuf_Execute              00411a81 f   cmd.obj
 0001:00010b35       _Cbuf_AddEarlyCommands     00411b35 f   cmd.obj
 0001:00010bb7       _Cbuf_AddLateCommands      00411bb7 f   cmd.obj
 0001:00010ccc       _Cmd_Exec_f                00411ccc f   cmd.obj
 0001:00010d51       _Cmd_Echo_f                00411d51 f   cmd.obj
 0001:00010d93       _Cmd_Alias_f               00411d93 f   cmd.obj
 0001:00010eba       _Cmd_Unalias_f             00411eba f   cmd.obj
 0001:00010f43       _Cmd_WriteAliases          00411f43 f   cmd.obj
 0001:00010f6c       _Cmd_Argc                  00411f6c f   cmd.obj
 0001:00010f72       _Cmd_Argv                  00411f72 f   cmd.obj
 0001:00010f8c       _Cmd_Args                  00411f8c f   cmd.obj
 0001:00010f92       _Cmd_TokenizeString        00411f92 f   cmd.obj
 0001:000111c4       _Cmd_AddCommand            004121c4 f   cmd.obj
 0001:0001122f       _Cmd_RemoveCommand         0041222f f   cmd.obj
 0001:00011271       _Cmd_CompleteCommand       00412271 f   cmd.obj
 0001:00011770       _Cmd_ExecuteString         00412770 f   cmd.obj
 0001:00011848       _Cmd_Init                  00412848 f   cmd.obj
 0001:00011921       _CMod_GetSurfMaterial      00412921 f   cmodel.obj
 0001:0001197b       _CM_LoadMap                0041297b f   cmodel.obj
 0001:000121a1       _CM_InlineModel            004131a1 f   cmodel.obj
 0001:000121ef       _CM_NumClusters            004131ef f   cmodel.obj
 0001:000121f5       _CM_NumInlineModels        004131f5 f   cmodel.obj
 0001:000121fb       _CM_EntityString           004131fb f   cmodel.obj
 0001:00012201       _CM_LeafContents           00413201 f   cmodel.obj
 0001:0001222b       _CM_LeafCluster            0041322b f   cmodel.obj
 0001:00012256       _CM_LeafArea               00413256 f   cmodel.obj
 0001:00012281       _CM_InitBoxHull            00413281 f   cmodel.obj
 0001:0001245c       _CM_HeadnodeForBox         0041345c f   cmodel.obj
 0001:00012511       _CM_PointLeafnum           00413511 f   cmodel.obj
 0001:00012594       _CM_BoxLeafnums            00413594 f   cmodel.obj
 0001:0001269d       _CM_PointContents          0041369d f   cmodel.obj
 0001:000126c2       _CM_TransformedPointContents 004136c2 f   cmodel.obj
 0001:000127a4       _CM_BoxTrace               004137a4 f   cmodel.obj
 0001:00013e9e       _CM_TransformedBoxTrace    00414e9e f   cmodel.obj
 0001:000140fa       _CM_DecompressVis          004150fa f   cmodel.obj
 0001:000141a3       _CM_ClusterPVS             004151a3 f   cmodel.obj
 0001:000141f0       _CM_ClusterPHS             004151f0 f   cmodel.obj
 0001:0001423d       _FloodAreaConnections      0041523d f   cmodel.obj
 0001:000142f8       _CM_SetAreaPortalState     004152f8 f   cmodel.obj
 0001:00014325       _CM_AreasConnected         00415325 f   cmodel.obj
 0001:00014373       _CM_WriteAreaBits          00415373 f   cmodel.obj
 0001:00014403       _CM_WritePortalState       00415403 f   cmodel.obj
 0001:0001441d       _CM_ReadPortalState        0041541d f   cmodel.obj
 0001:0001443b       _CM_HeadnodeVisible        0041543b f   cmodel.obj
 0001:000144a3       _Com_BeginRedirect         004154a3 f   common.obj
 0001:000144e0       _Com_EndRedirect           004154e0 f   common.obj
 0001:0001450b       _Com_Printf                0041550b f   common.obj
 0001:0001466a       _Com_DPrintf               0041566a f   common.obj
 0001:000146e4       _DebugPrintf               004156e4 f   common.obj
 0001:0001478c       _Com_WPrintf               0041578c f   common.obj
 0001:000147e5       _Com_Error                 004157e5 f   common.obj
 0001:000148c3       _Com_Quit                  004158c3 f   common.obj
 0001:000148f3       _MatchWildcard             004158f3 f   common.obj
 0001:00014a30       _Com_ServerState           00415a30 f   common.obj
 0001:00014a36       _Com_SetServerState        00415a36 f   common.obj
 0001:00014a40       _MSG_WriteChar             00415a40 f   common.obj
 0001:00014a40       _MSG_WriteByte             00415a40 f   common.obj
 0001:00014a54       _MSG_WriteShort            00415a54 f   common.obj
 0001:00014a6e       _MSG_WriteLong             00415a6e f   common.obj
 0001:00014a98       _MSG_WriteFloat            00415a98 f   common.obj
 0001:00014abe       _MSG_WriteString           00415abe f   common.obj
 0001:00014af6       _MSG_WriteCoord            00415af6 f   common.obj
 0001:00014b1f       _MSG_WritePos              00415b1f f   common.obj
 0001:00014b93       _MSG_WriteAngle            00415b93 f   common.obj
 0001:00014bb6       _MSG_WriteAngle16          00415bb6 f   common.obj
 0001:00014be5       _MSG_WriteDeltaUsercmd     00415be5 f   common.obj
 0001:00014d6d       _MSG_WriteDir              00415d6d f   common.obj
 0001:00014dda       _MSG_ReadDir               00415dda f   common.obj
 0001:00014e23       _MSG_WriteDeltaEntity      00415e23 f   common.obj
 0001:0001531c       _MSG_BeginReading          0041631c f   common.obj
 0001:00015325       _MSG_ReadChar              00416325 f   common.obj
 0001:00015346       _MSG_ReadByte              00416346 f   common.obj
 0001:00015367       _MSG_ReadShort             00416367 f   common.obj
 0001:00015397       _MSG_ReadLong              00416397 f   common.obj
 0001:000153d6       _MSG_ReadString            004163d6 f   common.obj
 0001:00015409       _MSG_ReadStringLine        00416409 f   common.obj
 0001:00015441       _MSG_ReadCoord             00416441 f   common.obj
 0001:0001545b       _MSG_ReadPos               0041645b f   common.obj
 0001:000154ad       _MSG_ReadAngle             004164ad f   common.obj
 0001:000154c7       _MSG_ReadAngle16           004164c7 f   common.obj
 0001:000154e1       _MSG_ReadDeltaUsercmd      004164e1 f   common.obj
 0001:00015598       _MSG_ReadData              00416598 f   common.obj
 0001:000155bb       _SZ_Init                   004165bb f   common.obj
 0001:000155dd       _SZ_Clear                  004165dd f   common.obj
 0001:000155ea       _SZ_GetSpace               004165ea f   common.obj
 0001:0001564c       _SZ_Write                  0041664c f   common.obj
 0001:0001566d       _SZ_Print                  0041666d f   common.obj
 0001:000156b6       _COM_Argc                  004166b6 f   common.obj
 0001:000156bc       _COM_Argv                  004166bc f   common.obj
 0001:000156dd       _COM_ClearArgv             004166dd f   common.obj
 0001:00015705       _COM_InitArgv              00416705 f   common.obj
 0001:00015760       _Info_Print                00416760 f   common.obj
 0001:0001581d       _COM_BlockSequenceCRCByte  0041681d f   common.obj
 0001:000158a9       _frand                     004168a9 f   common.obj
 0001:000158c6       _crand                     004168c6 f   common.obj
 0001:000158e9       _Com_Error_f               004168e9 f   common.obj
 0001:00015901       _Qcommon_Init              00416901 f   common.obj
 0001:00015a30       _Qcommon_Frame             00416a30 f   common.obj
 0001:00015c13       __setargv                  00416c13 f   common.obj
 0001:00015c13       _Qcommon_Shutdown          00416c13 f   common.obj
 0001:00015c13       _jpeg_mem_term             00416c13 f   common.obj
 0001:00015c13       _R_SurfacePatch            00416c13 f   common.obj
 0001:00015c14       _CCheckParm                00416c14 f   conproc.obj
 0001:00015c4d       _InitConProc               00416c4d f   conproc.obj
 0001:00015d9f       _DeinitConProc             00416d9f f   conproc.obj
 0001:00015db0       _RequestProc@4             00416db0 f   conproc.obj
 0001:00015ec1       _WriteText                 00416ec1 f   conproc.obj
 0001:00015f88       _CharToCode                00416f88 f   conproc.obj
 0001:00016010       _SetConsoleCXCY            00417010 f   conproc.obj
 0001:00016147       _DrawStringCommon          00417147 f   console.obj
 0001:000161a4       _DrawString                004171a4 f   console.obj
 0001:000161c6       _DrawAltString             004171c6 f   console.obj
 0001:000161eb       _Key_ClearTyping           004171eb f   console.obj
 0001:00016205       _Con_ToggleConsole_f       00417205 f   console.obj
 0001:00016296       _Con_ClearNotify           00417296 f   console.obj
 0001:000162a4       _Con_CheckResize           004172a4 f   console.obj
 0001:000163c4       _Con_Init                  004173c4 f   console.obj
 0001:00016670       _Con_Print                 00417670 f   console.obj
 0001:00016953       _Con_DrawNotify            00417953 f   console.obj
 0001:00016b5f       _Con_DrawConsole           00417b5f f   console.obj
 0001:000170a0       _CRC_Block                 004180a0 f   crc.obj
 0001:000170dc       _Cvar_VariableValue        004180dc f   cvar.obj
 0001:0001714a       _Cvar_VariableInt          0041814a f   cvar.obj
 0001:0001715d       _Cvar_VariableString       0041815d f   cvar.obj
 0001:00017175       _Cvar_Get                  00418175 f   cvar.obj
 0001:000173d1       _Cvar_GetVars              004183d1 f   cvar.obj
 0001:00017412       _Cvar_FullSet              00418412 f   cvar.obj
 0001:0001746f       _Cvar_SetValue             0041846f f   cvar.obj
 0001:0001765a       _Cvar_SetInteger           0041865a f   cvar.obj
 0001:0001767c       _Cvar_Set                  0041867c f   cvar.obj
 0001:00017691       _Cvar_ForceSet             00418691 f   cvar.obj
 0001:000176a6       _Cvar_Clamp                004186a6 f   cvar.obj
 0001:00017730       _Cvar_ClampName            00418730 f   cvar.obj
 0001:00017781       _Cvar_GetLatchedVars       00418781 f   cvar.obj
 0001:000177b0       _Cvar_Command              004187b0 f   cvar.obj
 0001:0001781e       _Cvar_WriteVariables       0041881e f   cvar.obj
 0001:00017883       _Cvar_BitInfo              00418883 f   cvar.obj
 0001:000178bc       _Cvar_Userinfo             004188bc f   cvar.obj
 0001:000178c5       _Cvar_Serverinfo           004188c5 f   cvar.obj
 0001:000178ce       _Cvar_Init                 004188ce f   cvar.obj
 0001:00017ee3       _FS_CreatePath             00418ee3 f   files.obj
 0001:00017f09       _Developer_searchpath      00418f09 f   files.obj
 0001:00017f4e       _FS_FCloseFile             00418f4e f   files.obj
 0001:00017fe4       _FS_FOpenFile              00418fe4 f   files.obj
 0001:0001841c       _FS_FileExists             0041941c f   files.obj
 0001:000185d0       _FS_Read                   004195d0 f   files.obj
 0001:0001887d       _FS_LoadFile               0041987d f   files.obj
 0001:000188df       _FS_FreeFile               004198df f   files.obj
 0001:000188ea       _FS_LoadPackFile           004198ea f   files.obj
 0001:00018c22       _FS_UnloadPackFile         00419c22 f   files.obj
 0001:00018c6f       _FS_AddGameDirectory       00419c6f f   files.obj
 0001:00018e0b       _FS_Gamedir                00419e0b f   files.obj
 0001:00018e1f       _FS_LoadGameConfig         00419e1f f   files.obj
 0001:00018ee4       _FS_SetGamedir             00419ee4 f   files.obj
 0001:0001907d       _FS_ListFiles              0041a07d f   files.obj
 0001:00019321       _FS_NextPath               0041a321 f   files.obj
 0001:00019345       _FS_InitFilesystem         0041a345 f   files.obj
 0001:00019cfa       _LoadPCX                   0041acfa f   images.obj
 0001:00019ede       _LoadTGA                   0041aede f   images.obj
 0001:0001a274       _LoadJPG                   0041b274 f   images.obj
 0001:0001a507       _ImageExists               0041b507 f   images.obj
 0001:0001a60d       _WriteTGA                  0041b60d f   images.obj
 0001:0001a6b9       _WriteJPG                  0041b6b9 f   images.obj
 0001:0001a7e1       _IN_MLookDown              0041b7e1 f   in_win.obj
 0001:0001a7ec       _IN_MLookUp                0041b7ec f   in_win.obj
 0001:0001a80f       _IN_StartupMouse           0041b80f f   in_win.obj
 0001:0001a869       _IN_MouseEvent             0041b869 f   in_win.obj
 0001:0001a8e6       _IN_Init                   0041b8e6 f   in_win.obj
 0001:0001a92c       _IN_Shutdown               0041b92c f   in_win.obj
 0001:0001aa11       _IN_Activate               0041ba11 f   in_win.obj
 0001:0001aa28       _IN_Frame                  0041ba28 f   in_win.obj
 0001:0001adf5       _IN_Move                   0041bdf5 f   in_win.obj
 0001:0001afc0       _IN_StartupJoystick        0041bfc0 f   in_win.obj
 0001:0001b0e1       _Joy_AdvancedUpdate_f      0041c0e1 f   in_win.obj
 0001:0001b278       _IN_Commands               0041c278 f   in_win.obj
 0001:0001b3a7       _IN_ReadJoystick           0041c3a7 f   in_win.obj
 0001:0001b3e2       _IN_JoyMove                0041c3e2 f   in_win.obj
 0001:0001b732       _CompleteCommand           0041c732 f   keys.obj
 0001:0001b799       _Key_Console               0041c799 f   keys.obj
 0001:0001bd8f       _Key_Message               0041cd8f f   keys.obj
 0001:0001be20       _Key_StringToKeynum        0041ce20 f   keys.obj
 0001:0001be6a       _Key_KeynumToString        0041ce6a f   keys.obj
 0001:0001bebd       _Key_SetBinding            0041cebd f   keys.obj
 0001:0001bf17       _Key_Bindlist_f            0041cf17 f   keys.obj
 0001:0001bfa8       _Key_WriteBindings         0041cfa8 f   keys.obj
 0001:0001bfe6       _Key_Init                  0041cfe6 f   keys.obj
 0001:0001c2bc       _Key_Event                 0041d2bc f   keys.obj
 0001:0001c59b       _Key_ClearStates           0041d59b f   keys.obj
 0001:0001c5e2       _MD4Init                   0041d5e2 f   md4.obj
 0001:0001c60a       _MD4Update                 0041d60a f   md4.obj
 0001:0001c6a8       _MD4Final                  0041d6a8 f   md4.obj
 0001:0001cd99       _Com_BlockChecksum         0041dd99 f   md4.obj
 0001:0001cdd5       _Z_Free                    0041ddd5 f   memory.obj
 0001:0001ce2b       _Z_FreeTags                0041de2b f   memory.obj
 0001:0001ce5b       _Z_TagMalloc               0041de5b f   memory.obj
 0001:0001cecc       _Z_Malloc                  0041decc f   memory.obj
 0001:0001ceee       _Z_BlockMalloc             0041deee f   memory.obj
 0001:0001cf09       _CreateMemoryChain         0041df09 f   memory.obj
 0001:0001cf6a       _FreeMemoryChain           0041df6a f   memory.obj
 0001:0001cf94       _AllocChainBlock           0041df94 f   memory.obj
 0001:0001cfdf       _CopyString                0041dfdf f   memory.obj
 0001:0001d003       _ChainCopyString           0041e003 f   memory.obj
 0001:0001d02b       _AllocNamedStruc           0041e02b f   memory.obj
 0001:0001d066       _ChainAllocNamedStruc      0041e066 f   memory.obj
 0001:0001d0a5       _FindNamedStruc            0041e0a5 f   memory.obj
 0001:0001d0e9       _FindNamedStrucByIndex     0041e0e9 f   memory.obj
 0001:0001d100       _IndexOfNamedStruc         0041e100 f   memory.obj
 0001:0001d12e       _AddToNamedList            0041e12e f   memory.obj
 0001:0001d178       _ChainAddToNamedList       0041e178 f   memory.obj
 0001:0001d1c2       _FreeNamedList             0041e1c2 f   memory.obj
 0001:0001d1dd       _Z_Init                    0041e1dd f   memory.obj
 0001:0001d218       _M_PushMenu                0041e218 f   menu.obj
 0001:0001d2d5       _M_ForceMenuOff            0041e2d5 f   menu.obj
 0001:0001d302       _M_PopMenu                 0041e302 f   menu.obj
 0001:0001d356       _Default_MenuKey           0041e356 f   menu.obj
 0001:0001d480       _M_Print                   0041e480 f   menu.obj
 0001:0001d4cb       _M_DrawTextBox             0041e4cb f   menu.obj
 0001:0001d6b7       _M_Main_Draw               0041e6b7 f   menu.obj
 0001:0001d828       _M_Main_Key                0041e828 f   menu.obj
 0001:0001d90b       _M_Menu_Main_f             0041e90b f   menu.obj
 0001:0001d926       _M_Menu_Multiplayer_f      0041e926 f   menu.obj
 0001:0001daaa       _M_Menu_Keys_f             0041eaaa f   menu.obj
 0001:0001df8a       _M_Menu_Options_f          0041ef8a f   menu.obj
 0001:0001e87a       _M_Menu_Video_f            0041f87a f   menu.obj
 0001:0001e89a       _M_Menu_Credits_f          0041f89a f   menu.obj
 0001:0001ea67       _M_Menu_Game_f             0041fa67 f   menu.obj
 0001:0001ecf9       _M_Menu_LoadGame_f         0041fcf9 f   menu.obj
 0001:0001eea5       _M_Menu_SaveGame_f         0041fea5 f   menu.obj
 0001:0001efdf       _M_AddToServerList         0041ffdf f   menu.obj
 0001:0001f05d       _M_Menu_JoinServer_f       0042005d f   menu.obj
 0001:0001f2cb       _M_Menu_StartServer_f      004202cb f   menu.obj
 0001:0001faf5       _M_Menu_DMOptions_f        00420af5 f   menu.obj
 0001:000202ad       _M_Menu_DownloadOptions_f  004212ad f   menu.obj
 0001:00020534       _M_Menu_AddressBook_f      00421534 f   menu.obj
 0001:00021712       _M_Init                    00422712 f   menu.obj
 0001:00021835       _M_Draw                    00422835 f   menu.obj
 0001:00021890       _M_Keydown                 00422890 f   menu.obj
 0001:000218ac       _SwapQ2BspFile             004228ac f   model.obj
 0001:00021af5       _ProcessQ2BspFile          00422af5 f   model.obj
 0001:00021bce       _CheckLump                 00422bce f   model.obj
 0001:00021c13       _LoadQ2BspFile             00422c13 f   model.obj
 0001:00021dba       _LoadBspFile               00422dba f   model.obj
 0001:00021eb4       _Netchan_Init              00422eb4 f   net_chan.obj
 0001:00021f14       _Netchan_OutOfBand         00422f14 f   net_chan.obj
 0001:00021f70       _Netchan_OutOfBandPrint    00422f70 f   net_chan.obj
 0001:00021fb0       _Netchan_Setup             00422fb0 f   net_chan.obj
 0001:0002200b       _Netchan_NeedReliable      0042300b f   net_chan.obj
 0001:00022037       _Netchan_Transmit          00423037 f   net_chan.obj
 0001:000221e0       _Netchan_Process           004231e0 f   net_chan.obj
 0001:0002232b       _NetadrToSockadr           0042332b f   net_wins.obj
 0001:000223d2       _SockadrToNetadr           004233d2 f   net_wins.obj
 0001:00022435       _NET_CompareAdr            00423435 f   net_wins.obj
 0001:00022497       _NET_CompareBaseAdr        00423497 f   net_wins.obj
 0001:000224ef       _NET_AdrToString           004234ef f   net_wins.obj
 0001:000225a3       _NET_StringToSockaddr      004235a3 f   net_wins.obj
 0001:000227d8       _NET_StringToAdr           004237d8 f   net_wins.obj
 0001:00022831       _NET_IsLocalAddress        00423831 f   net_wins.obj
 0001:0002283b       _NET_GetLoopPacket         0042383b f   net_wins.obj
 0001:000228c2       _NET_SendLoopPacket        004238c2 f   net_wins.obj
 0001:0002290e       _NET_GetPacket             0042390e f   net_wins.obj
 0001:00022a43       _NET_SendPacket            00423a43 f   net_wins.obj
 0001:00022ba4       _NET_IPSocket              00423ba4 f   net_wins.obj
 0001:00022cb3       _NET_OpenIP                00423cb3 f   net_wins.obj
 0001:00022dd4       _NET_IPXSocket             00423dd4 f   net_wins.obj
 0001:00022ecf       _NET_OpenIPX               00423ecf f   net_wins.obj
 0001:00022fb7       _NET_Config                00423fb7 f   net_wins.obj
 0001:0002302d       _NET_Sleep                 0042402d f   net_wins.obj
 0001:000230d7       _NET_Init                  004240d7 f   net_wins.obj
 0001:0002334e       _Pmove                     0042434e f   pmove.obj
 0001:00024f3a       _RotatePointAroundVector   00425f3a f   q_shared2.obj
 0001:000250aa       _AngleVectors              004260aa f   q_shared2.obj
 0001:000251ae       _ProjectPointOnPlane       004261ae f   q_shared2.obj
 0001:0002522d       _PerpendicularVector       0042622d f   q_shared2.obj
 0001:000252ac       _MatrixMultiply            004262ac f   q_shared2.obj
 0001:00025393       _R_ConcatTransforms        00426393 f   q_shared2.obj
 0001:000254cd       _SetPlaneSignbits          004264cd f   q_shared2.obj
 0001:000254ff       _LerpAngle                 004264ff f   q_shared2.obj
 0001:00025542       _anglemod                  00426542 f   q_shared2.obj
 0001:00025566       _BoxOnPlaneSide            00426566 f   q_shared2.obj
 0001:00025682       _ClearBounds               00426682 f   q_shared2.obj
 0001:000256ab       _AddPointToBounds          004266ab f   q_shared2.obj
 0001:000256e4       _VectorCompare             004266e4 f   q_shared2.obj
 0001:00025712       _VectorNormalize           00426712 f   q_shared2.obj
 0001:00025766       _VectorNormalize2          00426766 f   q_shared2.obj
 0001:000257be       _VectorMA                  004267be f   q_shared2.obj
 0001:000257ed       _CrossProduct              004267ed f   q_shared2.obj
 0001:00025828       _VectorLength              00426828 f   q_shared2.obj
 0001:00025850       _VectorDistance            00426850 f   q_shared2.obj
 0001:00025881       _VectorInverse             00426881 f   q_shared2.obj
 0001:0002589c       _VectorScale               0042689c f   q_shared2.obj
 0001:000258c0       _AnglesToAxis              004268c0 f   q_shared2.obj
 0001:00025905       _AxisCopy                  00426905 f   q_shared2.obj
 0001:00025942       _COM_StripExtension        00426942 f   q_shared2.obj
 0001:00025963       _COM_FilePath              00426963 f   q_shared2.obj
 0001:00025999       _ShortSwap                 00426999 f   q_shared2.obj
 0001:000259ae       _va                        004269ae f   q_shared2.obj
 0001:000259fb       _COM_ParseExt              004269fb f   q_shared2.obj
 0001:00025af6       _Com_PageInMemory          00426af6 f   q_shared2.obj
 0001:00025b15       _Q_stricmp                 00426b15 f   q_shared2.obj
 0001:00025b26       _Q_strncasecmp             00426b26 f   q_shared2.obj
 0001:00025b7e       _Q_strcasecmp              00426b7e f   q_shared2.obj
 0001:00025b94       _Q_strncpyz                00426b94 f   q_shared2.obj
 0001:00025bf1       _Q_strncpylower            00426bf1 f   q_shared2.obj
 0001:00025c2b       _Q_CopyFilename            00426c2b f   q_shared2.obj
 0001:00025c6d       _Com_sprintf               00426c6d f   q_shared2.obj
 0001:00025ca9       _Info_ValueForKey          00426ca9 f   q_shared2.obj
 0001:00025d34       _Info_RemoveKey            00426d34 f   q_shared2.obj
 0001:00025dba       _Info_SetValueForKey       00426dba f   q_shared2.obj
 0001:00025ef8       _Field_Draw                00426ef8 f   qmenu.obj
 0001:0002610c       _Field_Key                 0042710c f   qmenu.obj
 0001:00026375       _Menu_AddItem              00427375 f   qmenu.obj
 0001:000263aa       _Menu_AdjustCursor         004273aa f   qmenu.obj
 0001:000264e9       _Menu_Center               004274e9 f   qmenu.obj
 0001:00026521       _Menu_DrawDotsItem         00427521 f   qmenu.obj
 0001:00026586       _Menu_Draw                 00427586 f   qmenu.obj
 0001:00026857       _Menu_ItemAtCursor         00427857 f   qmenu.obj
 0001:0002686f       _Menu_SelectItem           0042786f f   qmenu.obj
 0001:000268b1       _Menu_SetStatusBar         004278b1 f   qmenu.obj
 0001:000268c0       _Menu_SlideItem            004278c0 f   qmenu.obj
 0001:00026910       _Menu_TallySlots           00427910 f   qmenu.obj
 0001:00026dc0       _S_SoundInfo_f             00427dc0 f   snd_dma.obj
 0001:00026e4a       _S_ReadModelsSex           00427e4a f   snd_dma.obj
 0001:00026f33       _S_IsFemale                00427f33 f   snd_dma.obj
 0001:00026f8e       _S_Init                    00427f8e f   snd_dma.obj
 0001:00027061       _S_Shutdown                00428061 f   snd_dma.obj
 0001:000270eb       _S_FindName                004280eb f   snd_dma.obj
 0001:000271d7       _S_AliasName               004281d7 f   snd_dma.obj
 0001:00027263       _S_BeginRegistration       00428263 f   snd_dma.obj
 0001:00027274       _S_RegisterSound           00428274 f   snd_dma.obj
 0001:000272da       _S_EndRegistration         004282da f   snd_dma.obj
 0001:0002736d       _S_PickChannel             0042836d f   snd_dma.obj
 0001:00027404       _S_SpatializeOrigin        00428404 f   snd_dma.obj
 0001:0002750c       _S_Spatialize              0042850c f   snd_dma.obj
 0001:0002757a       _S_AllocPlaysound          0042857a f   snd_dma.obj
 0001:00027599       _S_FreePlaysound           00428599 f   snd_dma.obj
 0001:000275c9       _S_IssuePlaysound          004285c9 f   snd_dma.obj
 0001:0002768a       _S_RegisterSexedSound      0042868a f   snd_dma.obj
 0001:0002776e       _S_StartSound              0042876e f   snd_dma.obj
 0001:00027904       _S_StartLocalSound         00428904 f   snd_dma.obj
 0001:00027953       _S_ClearBuffer             00428953 f   snd_dma.obj
 0001:000279ab       _S_StopAllSounds           004289ab f   snd_dma.obj
 0001:00027a26       _S_AddLoopSounds           00428a26 f   snd_dma.obj
 0001:00027bf2       _S_RawSamples              00428bf2 f   snd_dma.obj
 0001:00027df6       _S_Update                  00428df6 f   snd_dma.obj
 0001:00027f4e       _GetSoundtime              00428f4e f   snd_dma.obj
 0001:00027fb5       _S_Update_                 00428fb5 f   snd_dma.obj
 0001:0002804b       _S_Play                    0042904b f   snd_dma.obj
 0001:000280fb       _S_SoundList               004290fb f   snd_dma.obj
 0001:000281bc       _ResampleSfx               004291bc f   snd_mem.obj
 0001:000282c0       _S_LoadSound               004292c0 f   snd_mem.obj
 0001:000283e6       _GetLittleShort            004293e6 f   snd_mem.obj
 0001:00028403       _GetLittleLong             00429403 f   snd_mem.obj
 0001:00028431       _FindNextChunk             00429431 f   snd_mem.obj
 0001:0002848d       _GetWavinfo                0042948d f   snd_mem.obj
 0001:00028660       _S_WriteLinearBlastStereo16 00429660 f   snd_mix.obj
 0001:000286d4       _S_TransferStereo16        004296d4 f   snd_mix.obj
 0001:0002873d       _S_TransferPaintBuffer     0042973d f   snd_mix.obj
 0001:00028899       _S_PaintChannels           00429899 f   snd_mix.obj
 0001:00028abe       _S_InitScaletable          00429abe f   snd_mix.obj
 0001:00028b11       _S_PaintChannelFrom8       00429b11 f   snd_mix.obj
 0001:00028c13       _S_PaintChannelFrom16      00429c13 f   snd_mix.obj
 0001:00028c7e       _FreeSound                 00429c7e f   snd_win.obj
 0001:00028d8e       _SNDDMA_InitDirect         00429d8e f   snd_win.obj
 0001:0002925d       _SNDDMA_Init               0042a25d f   snd_win.obj
 0001:000292d9       _SNDDMA_GetDMAPos          0042a2d9 f   snd_win.obj
 0001:00029323       _SNDDMA_BeginPainting      0042a323 f   snd_win.obj
 0001:00029425       _SNDDMA_Submit             0042a425 f   snd_win.obj
 0001:0002944a       _SNDDMA_Shutdown           0042a44a f   snd_win.obj
 0001:0002944f       _S_Activate                0042a44f f   snd_win.obj
 0001:0002947a       _SV_SetMaster_f            0042a47a f   sv_ccmds.obj
 0001:00029597       _SV_SetPlayer              0042a597 f   sv_ccmds.obj
 0001:00029683       _SV_WipeSavegame           0042a683 f   sv_ccmds.obj
 0001:00029739       _CopyFile                  0042a739 f   sv_ccmds.obj
 0001:000297d2       _SV_CopySaveGame           0042a7d2 f   sv_ccmds.obj
 0001:0002999f       _SV_WriteLevelFile         0042a99f f   sv_ccmds.obj
 0001:00029a4d       _SV_ReadLevelFile          0042aa4d f   sv_ccmds.obj
 0001:00029afb       _SV_WriteServerFile        0042aafb f   sv_ccmds.obj
 0001:00029d0f       _SV_ReadServerFile         0042ad0f f   sv_ccmds.obj
 0001:00029e1d       _SV_DemoMap_f              0042ae1d f   sv_ccmds.obj
 0001:00029e55       _SV_GameMap_f              0042ae55 f   sv_ccmds.obj
 0001:00029fce       _SV_Map_f                  0042afce f   sv_ccmds.obj
 0001:0002a03b       _SV_Loadgame_f             0042b03b f   sv_ccmds.obj
 0001:0002a133       _SV_Savegame_f             0042b133 f   sv_ccmds.obj
 0001:0002a232       _SV_Kick_f                 0042b232 f   sv_ccmds.obj
 0001:0002a2af       _SV_Status_f               0042b2af f   sv_ccmds.obj
 0001:0002a451       _SV_ConSay_f               0042b451 f   sv_ccmds.obj
 0001:0002a4e4       _SV_Heartbeat_f            0042b4e4 f   sv_ccmds.obj
 0001:0002a4ef       _SV_Serverinfo_f           0042b4ef f   sv_ccmds.obj
 0001:0002a507       _SV_DumpUser_f             0042b507 f   sv_ccmds.obj
 0001:0002a54d       _SV_ServerRecord_f         0042b54d f   sv_ccmds.obj
 0001:0002a704       _SV_ServerStop_f           0042b704 f   sv_ccmds.obj
 0001:0002a730       _SV_KillServer_f           0042b730 f   sv_ccmds.obj
 0001:0002a750       _SV_ServerCommand_f        0042b750 f   sv_ccmds.obj
 0001:0002a768       _SV_InitOperatorCommands   0042b768 f   sv_ccmds.obj
 0001:0002a86e       _SV_EmitPacketEntities     0042b86e f   sv_ents.obj
 0001:0002a9dc       _SV_WritePlayerstateToClient 0042b9dc f   sv_ents.obj
 0001:0002ae9a       _SV_WriteFrameToClient     0042be9a f   sv_ents.obj
 0001:0002af56       _SV_FatPVS                 0042bf56 f   sv_ents.obj
 0001:0002b083       _SV_BuildClientFrame       0042c083 f   sv_ents.obj
 0001:0002b34e       _SV_RecordDemoMessage      0042c34e f   sv_ents.obj
 0001:0002b473       _SV_ShutdownGameProgs      0042c473 f   sv_game.obj
 0001:0002b48c       _SV_InitGameProgs          0042c48c f   sv_game.obj
 0001:0002baeb       _SV_FindIndex              0042caeb f   sv_init.obj
 0001:0002bbb2       _SV_ModelIndex             0042cbb2 f   sv_init.obj
 0001:0002bbc8       _SV_SoundIndex             0042cbc8 f   sv_init.obj
 0001:0002bbe1       _SV_ImageIndex             0042cbe1 f   sv_init.obj
 0001:0002bbfa       _SV_CreateBaseline         0042cbfa f   sv_init.obj
 0001:0002bc5d       _SV_CheckForSavegame       0042cc5d f   sv_init.obj
 0001:0002bce5       _SV_SpawnServer            0042cce5 f   sv_init.obj
 0001:0002bf62       _SV_InitGame               0042cf62 f   sv_init.obj
 0001:0002c14d       _SV_Map                    0042d14d f   sv_init.obj
 0001:0002c344       _SV_DropClient             0042d344 f   sv_main.obj
 0001:0002c398       _SV_StatusString           0042d398 f   sv_main.obj
 0001:0002c47f       _SVC_Status                0042d47f f   sv_main.obj
 0001:0002c4a8       _SVC_Info                  0042d4a8 f   sv_main.obj
 0001:0002c55e       _SVC_GetChallenge          0042d55e f   sv_main.obj
 0001:0002c629       _SVC_DirectConnect         0042d629 f   sv_main.obj
 0001:0002cb06       _Rcon_Validate             0042db06 f   sv_main.obj
 0001:0002cb37       _SVC_RemoteCommand         0042db37 f   sv_main.obj
 0001:0002cc23       _SV_ConnectionlessPacket   0042dc23 f   sv_main.obj
 0001:0002cd7f       _SV_CalcPings              0042dd7f f   sv_main.obj
 0001:0002ce06       _SV_GiveMsec               0042de06 f   sv_main.obj
 0001:0002ce45       _SV_ReadPackets            0042de45 f   sv_main.obj
 0001:0002cf76       _SV_CheckTimeouts          0042df76 f   sv_main.obj
 0001:0002d032       _SV_PrepWorldFrame         0042e032 f   sv_main.obj
 0001:0002d058       _SV_RunGameFrame           0042e058 f   sv_main.obj
 0001:0002d0e1       _SV_PostprocessFrame       0042e0e1 f   sv_main.obj
 0001:0002d501       _SV_Frame                  0042e501 f   sv_main.obj
 0001:0002d5bb       _Master_Heartbeat          0042e5bb f   sv_main.obj
 0001:0002d672       _Master_Shutdown           0042e672 f   sv_main.obj
 0001:0002d6f0       _SV_UserinfoChanged        0042e6f0 f   sv_main.obj
 0001:0002d7b8       _SV_Init                   0042e7b8 f   sv_main.obj
 0001:0002d81b       _SV_FinalMessage           0042e81b f   sv_main.obj
 0001:0002d8e2       _SV_Shutdown               0042e8e2 f   sv_main.obj
 0001:0002d979       _SV_FlushRedirect          0042e979 f   sv_send.obj
 0001:0002d9eb       _SV_ClientPrintf           0042e9eb f   sv_send.obj
 0001:0002da41       _SV_BroadcastPrintf        0042ea41 f   sv_send.obj
 0001:0002db12       _SV_BroadcastCommand       0042eb12 f   sv_send.obj
 0001:0002db64       _SV_Multicast              0042eb64 f   sv_send.obj
 0001:0002dd0f       _SV_MulticastOld           0042ed0f f   sv_send.obj
 0001:0002dd22       _SV_StartSound             0042ed22 f   sv_send.obj
 0001:0002df7c       _SV_StartSoundOld          0042ef7c f   sv_send.obj
 0001:0002dfac       _SV_StartSoundNew          0042efac f   sv_send.obj
 0001:0002dfdc       _SV_SendClientDatagram     0042efdc f   sv_send.obj
 0001:0002e0b0       _SV_DemoCompleted          0042f0b0 f   sv_send.obj
 0001:0002e0cc       _SV_RateDrop               0042f0cc f   sv_send.obj
 0001:0002e117       _SV_SendClientMessages     0042f117 f   sv_send.obj
 0001:0002e274       _SV_BeginDemoserver        0042f274 f   sv_user.obj
 0001:0002e2c4       _SV_New_f                  0042f2c4 f   sv_user.obj
 0001:0002e439       _SV_Configstrings_f        0042f439 f   sv_user.obj
 0001:0002e586       _SV_Baselines_f            0042f586 f   sv_user.obj
 0001:0002e6ee       _SV_Begin_f                0042f6ee f   sv_user.obj
 0001:0002e74b       _SV_NextDownload_f         0042f74b f   sv_user.obj
 0001:0002e81f       _SV_BeginDownload_f        0042f81f f   sv_user.obj
 0001:0002ea56       _SV_Disconnect_f           0042fa56 f   sv_user.obj
 0001:0002ea63       _SV_ShowServerinfo_f       0042fa63 f   sv_user.obj
 0001:0002ea70       _SV_Nextserver             0042fa70 f   sv_user.obj
 0001:0002eacf       _SV_Nextserver_f           0042facf f   sv_user.obj
 0001:0002eb16       _SV_ExecuteUserCommand     0042fb16 f   sv_user.obj
 0001:0002eb83       _SV_ClientThink            0042fb83 f   sv_user.obj
 0001:0002ebc6       _SV_ExecuteClientMessage   0042fbc6 f   sv_user.obj
 0001:0002edf4       _SV_CreateAreaNode         0042fdf4 f   sv_world.obj
 0001:0002eefb       _SV_ClearWorld             0042fefb f   sv_world.obj
 0001:0002ef28       _SV_UnlinkEdict            0042ff28 f   sv_world.obj
 0001:0002ef4d       _SV_LinkEdict              0042ff4d f   sv_world.obj
 0001:0002f389       _SV_AreaEdicts_r           00430389 f   sv_world.obj
 0001:0002f496       _SV_AreaEdicts             00430496 f   sv_world.obj
 0001:0002f4da       _SV_PointContents          004304da f   sv_world.obj
 0001:0002f57c       _SV_HullForEntity          0043057c f   sv_world.obj
 0001:0002f5bf       _SV_ClipMoveToEntities     004305bf f   sv_world.obj
 0001:0002f73e       _SV_TraceBounds            0043073e f   sv_world.obj
 0001:0002f7b6       _SV_Trace                  004307b6 f   sv_world.obj
 0001:0002f8a1       _Sys_Error                 004308a1 f   sys_win.obj
 0001:0002f8fe       _Sys_Quit                  004308fe f   sys_win.obj
 0001:0002f93e       _Sys_ScanForCD             0043093e f   sys_win.obj
 0001:0002f9df       _Sys_Init                  004309df f   sys_win.obj
 0001:0002fdfe       _Sys_ConsoleInput          00430dfe f   sys_win.obj
 0001:0002ff5e       _Sys_ConsoleOutput         00430f5e f   sys_win.obj
 0001:0003000f       _Sys_SendKeyEvents         0043100f f   sys_win.obj
 0001:00030078       _Sys_GetClipboardData      00431078 f   sys_win.obj
 0001:000300d1       _Sys_AppActivate           004310d1 f   sys_win.obj
 0001:000300ec       _Sys_UnloadGame            004310ec f   sys_win.obj
 0001:00030111       _Sys_GetGameAPI            00431111 f   sys_win.obj
 0001:000301fe       _ParseCommandLine          004311fe f   sys_win.obj
 0001:00030273       _WinMain@16                00431273 f   sys_win.obj
 0001:000303a3       _AppActivate               004313a3 f   vid_dll.obj
 0001:000304d8       _MainWndProc@16            004314d8 f   vid_dll.obj
 0001:000308c2       _Vid_GetModeInfo           004318c2 f   vid_dll.obj
 0001:000308f1       _Vid_UpdateWindowPosAndSize 004318f1 f   vid_dll.obj
 0001:00030958       _Vid_NewWindow             00431958 f   vid_dll.obj
 0001:00030975       _Vid_FreeReflib            00431975 f   vid_dll.obj
 0001:000309b6       _Vid_LoadRefresh           004319b6 f   vid_dll.obj
 0001:00030c2f       _Vid_CheckChanges          00431c2f f   vid_dll.obj
 0001:00030d7c       _Vid_Init                  00431d7c f   vid_dll.obj
 0001:00030de3       _Vid_Shutdown              00431de3 f   vid_dll.obj
 0001:00030e09       _Vid_MenuInit              00431e09 f   vid_menu.obj
 0001:00031544       _Vid_MenuDraw              00432544 f   vid_menu.obj
 0001:000315d8       _Vid_MenuKey               004325d8 f   vid_menu.obj
 0001:00031985       _GL_ClearBuffers           00432985 f   gl_backend.obj
 0001:00031997       _GL_ClearPortal            00432997 f   gl_backend.obj
 0001:000319b3       _GL_AddSurfaceToPortal     004329b3 f   gl_backend.obj
 0001:00031a04       _GL_AddDynamicSurface      00432a04 f   gl_backend.obj
 0001:00031a39       _GL_InsertShaderIndex      00432a39 f   gl_backend.obj
 0001:00031a89       _GL_FinishPortal           00432a89 f   gl_backend.obj
 0001:00031ade       _GL_BackEnd                00432ade f   gl_backend.obj
 0001:0003438a       _GL_InitBackend            0043538a f   gl_backend.obj
 0001:0003459c       _GL_ShutdownBackend        0043559c f   gl_backend.obj
 0001:000345e9       _GL_Bind                   004355e9 f   gl_image.obj
 0001:00034680       _GL_SelectTexture          00435680 f   gl_image.obj
 0001:000346d1       _GL_CullFace               004356d1 f   gl_image.obj
 0001:00034714       _GL_TexEnv                 00435714 f   gl_image.obj
 0001:00034777       _GL_State                  00435777 f   gl_image.obj
 0001:000348e4       _GL_TextureMode            004358e4 f   gl_image.obj
 0001:00034998       _GL_CreateImage            00435998 f   gl_image.obj
 0001:00035477       _GL_SetRawPalette          00436477 f   gl_image.obj
 0001:000354a8       _GL_DrawStretchRaw         004364a8 f   gl_image.obj
 0001:0003575b       _GL_SetupGamma             0043675b f   gl_image.obj
 0001:000358f9       _GL_InitImages             004368f9 f   gl_image.obj
 0001:0003616b       _GL_ShutdownImages         0043716b f   gl_image.obj
 0001:000361f2       _GL_ShowImages             004371f2 f   gl_image.obj
 0001:000363b0       _GL_FindImage              004373b0 f   gl_image.obj
 0001:00036677       _GL_SetMode                00437677 f   gl_main.obj
 0001:00036754       _GL_SetDefaultState        00437754 f   gl_main.obj
 0001:0003685e       _GL_Set2DMode              0043785e f   gl_main.obj
 0001:0003692e       _GL_SetColorB              0043792e f   gl_main.obj
 0001:0003697a       _GL_DrawStretchPic         0043797a f   gl_main.obj
 0001:00036a41       _DrawTextPos               00437a41 f   gl_main.obj
 0001:00036b10       _DrawTextLeft              00437b10 f   gl_main.obj
 0001:00036b4c       _DrawTextRight             00437b4c f   gl_main.obj
 0001:00036b9d       _GL_GetRefAPI              00437b9d f   gl_main.obj
 0001:00037f2b       _GL_FindModel              00438f2b f   gl_model.obj
 0001:0003802d       _GL_UpdateDynamicLightmap  0043902d f   gl_model.obj
 0001:00038465       _GL_LoadWorldMap           00439465 f   gl_model.obj
 0001:0003a0e1       _GL_PointInLeaf            0043b0e1 f   gl_model.obj
 0001:0003a728       _GL_FindSkin               0043b728 f   gl_model.obj
 0001:0003a739       _GL_ResetModels            0043b739 f   gl_model.obj
 0001:0003a7f5       _GL_InitModels             0043b7f5 f   gl_model.obj
 0001:0003a862       _GL_ShutdownModels         0043b862 f   gl_model.obj
 0001:0003a87e       _GL_InitShaders            0043b87e f   gl_shader.obj
 0001:0003a999       _GL_ShutdownShaders        0043b999 f   gl_shader.obj
 0001:0003a9c3       _GL_ResetShaders           0043b9c3 f   gl_shader.obj
 0001:0003aaa4       _GL_SetShaderLightmap      0043baa4 f   gl_shader.obj
 0001:0003ad70       _GL_GetAlphaShader         0043bd70 f   gl_shader.obj
 0001:0003afe7       _GL_FindShader             0043bfe7 f   gl_shader.obj
 0001:0003b491       _GL_GetShaderByNum         0043c491 f   gl_shader.obj
 0001:0003b4af       _GL_AddEntity              0043c4af f   gl_world.obj
 0001:0003b653       _GL_DrawPortal             0043c653 f   gl_world.obj
 0001:0003c310       _GL_CreateWindow           0043d310 f   glw_imp.obj
 0001:0003c455       _GLimp_SetMode             0043d455 f   glw_imp.obj
 0001:0003c6cc       _GLimp_HasGamma            0043d6cc f   glw_imp.obj
 0001:0003c6e1       _GLimp_SetGamma            0043d6e1 f   glw_imp.obj
 0001:0003c7d0       _GLimp_Shutdown            0043d7d0 f   glw_imp.obj
 0001:0003c8f2       _GLimp_Init                0043d8f2 f   glw_imp.obj
 0001:0003c9b9       _GLimp_InitGL              0043d9b9 f   glw_imp.obj
 0001:0003cc3f       _GLimp_EndFrame            0043dc3f f   glw_imp.obj
 0001:0003ccdb       _GLimp_AppActivate         0043dcdb f   glw_imp.obj
 0001:0003e3cd       _QGL_Shutdown              0043f3cd f   qgl_win.obj
 0001:0003e3f3       _QGL_Init                  0043f3f3 f   qgl_win.obj
 0001:0003e477       _QGL_InitExtensions        0043f477 f   qgl_win.obj
 0001:0003e672       _GLimp_EnableLogging       0043f672 f   qgl_win.obj
 0001:0003e73d       _GLimp_LogMessage          0043f73d f   qgl_win.obj
 0001:0003e754       _Hunk_Begin                0043f754 f   q_shwin.obj
 0001:0003e78e       _Hunk_Alloc                0043f78e f   q_shwin.obj
 0001:0003e815       _Hunk_End                  0043f815 f   q_shwin.obj
 0001:0003e81b       _Hunk_Free                 0043f81b f   q_shwin.obj
 0001:0003e834       _Sys_Milliseconds          0043f834 f   q_shwin.obj
 0001:0003e868       _Sys_Mkdir                 0043f868 f   q_shwin.obj
 0001:0003e874       _Sys_FindFirst             0043f874 f   q_shwin.obj
 0001:0003e995       _Sys_FindNext              0043f995 f   q_shwin.obj
 0001:0003ea07       _Sys_FindClose             0043fa07 f   q_shwin.obj
 0001:0003ea21       _R_Alias_clip_z            0043fa21 f   r_aclip.obj
 0001:0003eace       _R_Alias_clip_left         0043face f   r_aclip.obj
 0001:0003ec9c       _R_Alias_clip_right        0043fc9c f   r_aclip.obj
 0001:0003ee6a       _R_Alias_clip_top          0043fe6a f   r_aclip.obj
 0001:0003f03a       _R_Alias_clip_bottom       0044003a f   r_aclip.obj
 0001:0003f20a       _R_AliasClip               0044020a f   r_aclip.obj
 0001:0003f2da       _R_AliasClipTriangle       004402da f   r_aclip.obj
 0001:0003f4cc       _R_AliasCheckFrameBBox     004404cc f   r_alias.obj
 0001:0003f5ff       _R_AliasCheckBBox          004405ff f   r_alias.obj
 0001:0003f663       _R_AliasTransformVector    00440663 f   r_alias.obj
 0001:0003f6bf       _R_AliasPreparePoints      004406bf f   r_alias.obj
 0001:0003f957       _R_AliasSetUpTransform     00440957 f   r_alias.obj
 0001:0003fb13       _R_AliasTransformFinalVerts 00440b13 f   r_alias.obj
 0001:0003fce4       _R_AliasProjectAndClipTestFinalVert 00440ce4 f   r_alias.obj
 0001:0003fd6c       _R_AliasSetupLighting      00440d6c f   r_alias.obj
 0001:0003fede       _R_AliasSetupFrames        00440ede f   r_alias.obj
 0001:0003ff52       _R_AliasSetUpLerpData      00440f52 f   r_alias.obj
 0001:0004007a       _R_AliasDrawModel          0044107a f   r_alias.obj
 0001:00040301       _R_EntityRotate            00441301 f   r_bsp.obj
 0001:00040370       _R_RotateBmodel            00441370 f   r_bsp.obj
 0001:000404cb       _R_RecursiveClipBPoly      004414cb f   r_bsp.obj
 0001:000407fb       _R_DrawSolidClippedSubmodelPolygons 004417fb f   r_bsp.obj
 0001:00040982       _R_DrawSubmodelPolygons    00441982 f   r_bsp.obj
 0001:00040a12       _R_RecursiveWorldNode      00441a12 f   r_bsp.obj
 0001:00040c6d       _R_RenderWorld             00441c6d f   r_bsp.obj
 0001:00040ce8       _Draw_FindPic              00441ce8 f   r_draw.obj
 0001:00040d2b       _Draw_InitLocal            00441d2b f   r_draw.obj
 0001:00040d3c       _Draw_Char                 00441d3c f   r_draw.obj
 0001:00040e1d       _Draw_CharColor            00441e1d f   r_draw.obj
 0001:00040f2c       _R_DrawTexts               00441f2c f   r_draw.obj
 0001:00040fa2       _DrawText_Pos              00441fa2 f   r_draw.obj
 0001:000410ae       _DrawText_Left             004420ae f   r_draw.obj
 0001:000410ea       _DrawText_Right            004420ea f   r_draw.obj
 0001:00041139       _Draw_GetPicSize           00442139 f   r_draw.obj
 0001:00041179       _Draw_StretchPicImplementation 00442179 f   r_draw.obj
 0001:000412a3       _Draw_StretchPic           004422a3 f   r_draw.obj
 0001:000412db       _Draw_StretchRaw           004422db f   r_draw.obj
 0001:0004130d       _Draw_Pic                  0044230d f   r_draw.obj
 0001:000414c6       _Draw_PicColor             004424c6 f   r_draw.obj
 0001:0004167f       _Draw_TileClear            0044267f f   r_draw.obj
 0001:0004174f       _Draw_Fill                 0044274f f   r_draw.obj
 0001:000417eb       _Draw_FadeScreen           004427eb f   r_draw.obj
 0001:00041838       _R_BeginEdgeFrame          00442838 f   r_edge.obj
 0001:000418f4       _R_InsertNewEdges          004428f4 f   r_edge.obj
 0001:0004193a       _R_RemoveEdges             0044293a f   r_edge.obj
 0001:00041958       _R_StepActiveU             00442958 f   r_edge.obj
 0001:000419ec       _R_CleanupSpan             004429ec f   r_edge.obj
 0001:00041a3c       _R_LeadingEdgeBackwards    00442a3c f   r_edge.obj
 0001:00041ad1       _R_TrailingEdge            00442ad1 f   r_edge.obj
 0001:00041b35       _R_LeadingEdge             00442b35 f   r_edge.obj
 0001:00041cd8       _R_GenerateSpans           00442cd8 f   r_edge.obj
 0001:00041d46       _R_GenerateSpansBackward   00442d46 f   r_edge.obj
 0001:00041db4       _R_ScanEdges               00442db4 f   r_edge.obj
 0001:00041f8b       _D_FlatFillSurface         00442f8b f   r_edge.obj
 0001:00041fe5       _D_CalcGradients           00442fe5 f   r_edge.obj
 0001:000421fc       _D_BackgroundSurf          004431fc f   r_edge.obj
 0001:0004223c       _D_TurbulentSurf           0044323c f   r_edge.obj
 0001:00042395       _D_SkySurf                 00443395 f   r_edge.obj
 0001:00042416       _D_SolidSurf               00443416 f   r_edge.obj
 0001:000425b8       _D_DrawflatSurfaces        004435b8 f   r_edge.obj
 0001:00042608       _D_DrawSurfaces            00443608 f   r_edge.obj
 0001:00042715       _R_ImageList_f             00443715 f   r_image.obj
 0001:000427d6       _R_FindFreeImage           004437d6 f   r_image.obj
 0001:00042824       _R_LoadPic                 00443824 f   r_image.obj
 0001:000428b4       _R_LoadTex                 004438b4 f   r_image.obj
 0001:00042940       _R_LoadWal                 00443940 f   r_image.obj
 0001:00042996       _R_MipMap                  00443996 f   r_image.obj
 0001:00042ac4       _R_DownsampleImage         00443ac4 f   r_image.obj
 0001:00042bc9       _R_FindImage               00443bc9 f   r_image.obj
 0001:00042f6e       _R_RegisterSkin            00443f6e f   r_image.obj
 0001:00042f7c       _R_FreeUnusedImages        00443f7c f   r_image.obj
 0001:00042fdc       _R_InitImages              00443fdc f   r_image.obj
 0001:00043042       _R_ShutdownImages          00444042 f   r_image.obj
 0001:0004307f       _R_MarkLights              0044407f f   r_light.obj
 0001:0004314e       _R_PushDlights             0044414e f   r_light.obj
 0001:000431a3       _RecursiveLightPoint       004441a3 f   r_light.obj
 0001:0004344c       _R_LightPoint              0044444c f   r_light.obj
 0001:00043581       _R_AddDynamicLights        00444581 f   r_light.obj
 0001:00043807       _R_BuildLightMap           00444807 f   r_light.obj
 0001:000438fd       _R_InitTextures            004448fd f   r_main.obj
 0001:000439be       _R_InitTurb                004449be f   r_main.obj
 0001:00043a3b       _R_Register                00444a3b f   r_main.obj
 0001:00043ab2       _R_UnRegister              00444ab2 f   r_main.obj
 0001:00043ad6       _R_Init                    00444ad6 f   r_main.obj
 0001:00043b71       _R_Shutdown                00444b71 f   r_main.obj
 0001:00043bd4       _R_NewMap                  00444bd4 f   r_main.obj
 0001:00043c7e       _R_MarkLeaves              00444c7e f   r_main.obj
 0001:00043da5       _R_DrawEntitiesOnList      00444da5 f   r_main.obj
 0001:00043fcd       _R_BmodelCheckBBox         00444fcd f   r_main.obj
 0001:0004407f       _R_FindTopnode             0044507f f   r_main.obj
 0001:00044107       _RotatedBBox               00445107 f   r_main.obj
 0001:00044275       _R_DrawBEntitiesOnList     00445275 f   r_main.obj
 0001:000444c2       _R_EdgeDrawing             004454c2 f   r_main.obj
 0001:00044597       _R_CalcPalette             00445597 f   r_main.obj
 0001:0004469c       _R_SetLightLevel           0044569c f   r_main.obj
 0001:000446ea       _R_RenderFrame             004456ea f   r_main.obj
 0001:000448d2       _R_InitGraphics            004458d2 f   r_main.obj
 0001:00044948       _R_BeginFrame              00445948 f   r_main.obj
 0001:00044a6b       _R_GammaCorrectAndSetPalette 00445a6b f   r_main.obj
 0001:00044aca       _R_CinematicSetPalette     00445aca f   r_main.obj
 0001:00044b61       _Draw_BuildGammaTable      00445b61 f   r_main.obj
 0001:00044c0c       _R_DrawBeam                00445c0c f   r_main.obj
 0001:00044d72       _R_SetSky                  00445d72 f   r_main.obj
 0001:00044dfa       _Draw_GetPalette           00445dfa f   r_main.obj
 0001:00044f42       _Draw_ConCharColor         00445f42 f   r_main.obj
 0001:00044f63       _GetRefAPI                 00445f63 f   r_main.obj
 0001:000450aa       _D_ViewChanged             004460aa f   r_misc.obj
 0001:00045206       _R_PrintTimes              00446206 f   r_misc.obj
 0001:00045280       _R_PrintDSpeeds            00446280 f   r_misc.obj
 0001:00045347       _R_PrintAliasStats         00446347 f   r_misc.obj
 0001:0004535a       _R_TransformFrustum        0044635a f   r_misc.obj
 0001:00045419       _TransformVector           00446419 f   r_misc.obj
 0001:00045484       _R_SetUpFrustumIndexes     00446484 f   r_misc.obj
 0001:000454e9       _R_ViewChanged             004464e9 f   r_misc.obj
 0001:000457f8       _R_SetupFrame              004467f8 f   r_misc.obj
 0001:00045a27       _WritePCXfile              00446a27 f   r_misc.obj
 0001:00045b49       _R_ScreenShot_f            00446b49 f   r_misc.obj
 0001:00045c69       _Mod_Modellist_f           00446c69 f   r_model.obj
 0001:00045cc7       _Mod_Init                  00446cc7 f   r_model.obj
 0001:00045cdf       _Mod_ForName               00446cdf f   r_model.obj
 0001:00045f17       _Mod_PointInLeaf           00446f17 f   r_model.obj
 0001:00045f79       _Mod_DecompressVis         00446f79 f   r_model.obj
 0001:00045ff9       _Mod_ClusterPVS            00446ff9 f   r_model.obj
 0001:00046026       _Mod_LoadLighting          00447026 f   r_model.obj
 0001:000460a5       _R_NumberLeafs             004470a5 f   r_model.obj
 0001:000460f3       _Mod_LoadVertexes          004470f3 f   r_model.obj
 0001:00046135       _Mod_LoadEdges             00447135 f   r_model.obj
 0001:00046183       _Mod_LoadTexinfo           00447183 f   r_model.obj
 0001:000462eb       _CalcSurfaceExtents        004472eb f   r_model.obj
 0001:00046456       _Mod_LoadFaces             00447456 f   r_model.obj
 0001:000465bd       _Mod_SetParent             004475bd f   r_model.obj
 0001:000465e2       _Mod_LoadNodes             004475e2 f   r_model.obj
 0001:000466d8       _Mod_LoadLeafs             004476d8 f   r_model.obj
 0001:00046781       _Mod_LoadMarksurfaces      00447781 f   r_model.obj
 0001:000467fd       _Mod_LoadSurfedges         004477fd f   r_model.obj
 0001:0004683c       _Mod_LoadPlanes            0044783c f   r_model.obj
 0001:000468a4       _Mod_LoadBrushModel        004478a4 f   r_model.obj
 0001:00046ab7       _Mod_LoadAliasModel        00447ab7 f   r_model.obj
 0001:00046d37       _Mod_LoadSpriteModel       00447d37 f   r_model.obj
 0001:00046e1e       _R_BeginRegistration       00447e1e f   r_model.obj
 0001:00046eae       _R_RegisterModel           00447eae f   r_model.obj
 0001:00046fa6       _R_EndRegistration         00447fa6 f   r_model.obj
 0001:00047011       _Mod_FreeAll               00448011 f   r_model.obj
 0001:00047056       _R_DrawParticle            00448056 f   r_part.obj
 0001:000472df       _R_DrawParticles           004482df f   r_part.obj
 0001:00047396       _R_DrawSpanletOpaque       00448396 f   r_poly.obj
 0001:00047426       _R_DrawSpanletTurbulentStipple33 00448426 f   r_poly.obj
 0001:00047551       _R_DrawSpanletTurbulentStipple66 00448551 f   r_poly.obj
 0001:00047732       _R_DrawSpanletTurbulentBlended66 00448732 f   r_poly.obj
 0001:000477e7       _R_DrawSpanletTurbulentBlended33 004487e7 f   r_poly.obj
 0001:0004789c       _R_DrawSpanlet33           0044889c f   r_poly.obj
 0001:00047936       _R_DrawSpanletConstant33   00448936 f   r_poly.obj
 0001:0004798f       _R_DrawSpanlet66           0044898f f   r_poly.obj
 0001:00047a2d       _R_DrawSpanlet33Stipple    00448a2d f   r_poly.obj
 0001:00047b48       _R_DrawSpanlet66Stipple    00448b48 f   r_poly.obj
 0001:00047cd9       _R_ClipPolyFace            00448cd9 f   r_poly.obj
 0001:00047e4a       _R_PolygonDrawSpans        00448e4a f   r_poly.obj
 0001:000481d2       _R_PolygonScanLeftEdge     004491d2 f   r_poly.obj
 0001:00048306       _R_PolygonScanRightEdge    00449306 f   r_poly.obj
 0001:000484f6       _R_ClipAndDrawPoly         004494f6 f   r_poly.obj
 0001:000486f8       _R_BuildPolygonFromSurface 004496f8 f   r_poly.obj
 0001:0004893a       _R_PolygonCalculateGradients 0044993a f   r_poly.obj
 0001:00048bf3       _R_DrawAlphaSurfaces       00449bf3 f   r_poly.obj
 0001:00048c89       _R_IMFlatShadedQuad        00449c89 f   r_poly.obj
 0001:00048e04       _R_InitAdivtab             00449e04 f   r_polyse.obj
 0001:00048e6f       _R_PolysetUpdateTables     00449e6f f   r_polyse.obj
 0001:00048eaa       _R_DrawTriangle            00449eaa f   r_polyse.obj
 0001:00048fbb       _R_PolysetScanLeftEdge_C   00449fbb f   r_polyse.obj
 0001:00049185       _FloorDivMod               0044a185 f   r_polyse.obj
 0001:00049221       _R_PolysetSetUpForLineScan 0044a221 f   r_polyse.obj
 0001:000492af       _R_PolysetCalcGradients    0044a2af f   r_polyse.obj
 0001:000494ba       _R_PolysetDrawSpans8_33    0044a4ba f   r_polyse.obj
 0001:000495ea       _R_PolysetDrawSpansConstant8_33 0044a5ea f   r_polyse.obj
 0001:00049684       _R_PolysetDrawSpans8_66    0044a684 f   r_polyse.obj
 0001:000497c0       _R_PolysetDrawSpansConstant8_66 0044a7c0 f   r_polyse.obj
 0001:00049868       _R_PolysetDrawSpans8_Opaque 0044a868 f   r_polyse.obj
 0001:000499b3       _R_RasterizeAliasPolySmooth 0044a9b3 f   r_polyse.obj
 0001:00049f93       _R_PolysetSetEdgeTable     0044af93 f   r_polyse.obj
 0001:0004a02e       _R_InitSkyBox              0044b02e f   r_rast.obj
 0001:0004a2b5       _R_EmitSkyBox              0044b2b5 f   r_rast.obj
 0001:0004a3c8       _R_EmitEdge                0044b3c8 f   r_rast.obj
 0001:0004a79c       _R_ClipEdge                0044b79c f   r_rast.obj
 0001:0004a94a       _R_EmitCachedEdge          0044b94a f   r_rast.obj
 0001:0004a9a1       _R_RenderFace              0044b9a1 f   r_rast.obj
 0001:0004ad68       _R_RenderBmodelFace        0044bd68 f   r_rast.obj
 0001:0004afd1       _D_WarpScreen              0044bfd1 f   r_scan.obj
 0001:0004b179       _D_DrawTurbulent8Span      0044c179 f   r_scan.obj
 0001:0004b1fd       _Turbulent8                0044c1fd f   r_scan.obj
 0001:0004b4d1       _NonTurbulent8             0044c4d1 f   r_scan.obj
 0001:0004b78f       _D_DrawSpans16             0044c78f f   r_scan.obj
 0001:0004ba29       _D_DrawZSpans              0044ca29 f   r_scan.obj
 0001:0004bae6       _R_DrawSprite              0044cae6 f   r_sprite.obj
 0001:0004bdb4       _R_TextureAnimation        0044cdb4 f   r_surf.obj
 0001:0004bdd8       _R_DrawSurface             0044cdd8 f   r_surf.obj
 0001:0004bf3d       _R_DrawSurfaceBlock8_mip0  0044cf3d f   r_surf.obj
 0001:0004c03c       _R_DrawSurfaceBlock8_mip1  0044d03c f   r_surf.obj
 0001:0004c13b       _R_DrawSurfaceBlock8_mip2  0044d13b f   r_surf.obj
 0001:0004c23a       _R_DrawSurfaceBlock8_mip3  0044d23a f   r_surf.obj
 0001:0004c336       _R_InitCaches              0044d336 f   r_surf.obj
 0001:0004c3b7       _D_FlushCaches             0044d3b7 f   r_surf.obj
 0001:0004c3fc       _D_SCAlloc                 0044d3fc f   r_surf.obj
 0001:0004c590       _D_CacheSurface            0044d590 f   r_surf.obj
 0001:0004c727       _DDRAW_Init                0044d727 f   rw_ddraw.obj
 0001:0004cb37       _DDRAW_SetPalette          0044db37 f   rw_ddraw.obj
 0001:0004cba0       _DDRAW_Shutdown            0044dba0 f   rw_ddraw.obj
 0001:0004d1eb       _DIB_Init                  0044e1eb f   rw_dib.obj
 0001:0004d3d0       _DIB_SetPalette            0044e3d0 f   rw_dib.obj
 0001:0004d594       _DIB_Shutdown              0044e594 f   rw_dib.obj
 0001:0004d68d       _Vid_CreateWindow          0044e68d f   rw_imp.obj
 0001:0004d7c2       _SWimp_Init                0044e7c2 f   rw_imp.obj
 0001:0004d7d8       _SWimp_EndFrame            0044e7d8 f   rw_imp.obj
 0001:0004d944       _SWimp_SetMode             0044e944 f   rw_imp.obj
 0001:0004da62       _SWimp_SetPalette          0044ea62 f   rw_imp.obj
 0001:0004da87       _SWimp_Shutdown            0044ea87 f   rw_imp.obj
 0001:0004dae3       _SWimp_AppActivate         0044eae3 f   rw_imp.obj
 0001:0004db26       _adler32                   0044eb26 f   adler32.obj
 0001:0004dc3f       _crc32                     0044ec3f f   crc32.obj
 0001:0004dd55       _inflate_blocks_reset      0044ed55 f   infblock.obj
 0001:0004ddc0       _inflate_blocks_new        0044edc0 f   infblock.obj
 0001:0004de4b       _inflate_blocks            0044ee4b f   infblock.obj
 0001:0004e662       _inflate_blocks_free       0044f662 f   infblock.obj
 0001:0004e696       _inflate_codes_new         0044f696 f   infcodes.obj
 0001:0004e6ca       _inflate_codes             0044f6ca f   infcodes.obj
 0001:0004ec88       _inflate_codes_free        0044fc88 f   infcodes.obj
 0001:0004ec99       _inflate_fast              0044fc99 f   inffast.obj
 0001:0004ef64       _inflateReset              0044ff64 f   inflate.obj
 0001:0004efa3       _inflateEnd                0044ffa3 f   inflate.obj
 0001:0004efe1       _inflateInit2_             0044ffe1 f   inflate.obj
 0001:0004f0cb       _inflate                   004500cb f   inflate.obj
 0001:0004f42e       _inflate_trees_bits        0045042e f   inftrees.obj
 0001:0004f83c       _inflate_trees_dynamic     0045083c f   inftrees.obj
 0001:0004f93f       _inflate_trees_fixed       0045093f f   inftrees.obj
 0001:0004f96e       _inflate_flush             0045096e f   infutil.obj
 0001:0004fa5a       _ZipOpen                   00450a5a f   zip.obj
 0001:0004fac5       _ZipClose                  00450ac5 f   zip.obj
 0001:0004fad1       _ZipEnum                   00450ad1 f   zip.obj
 0001:0004fcb2       _ZipOpenFile               00450cb2 f   zip.obj
 0001:0004fdc1       _ZipReadFile               00450dc1 f   zip.obj
 0001:0004feb8       _ZipCloseFile              00450eb8 f   zip.obj
 0001:0004ff00       _ZipOpenBuf                00450f00 f   zip.obj
 0001:0004ff53       _ZipReadBuf                00450f53 f   zip.obj
 0001:0004ff9b       _ZipCloseBuf               00450f9b f   zip.obj
 0001:0004ffb1       _zcalloc                   00450fb1 f   zutil.obj
 0001:0004ffc2       _jpeg_CreateCompress       00450fc2 f   jcapimin.obj
 0001:00050076       _jpeg_suppress_tables      00451076 f   jcapimin.obj
 0001:000500c0       _jpeg_finish_compress      004510c0 f   jcapimin.obj
 0001:000501aa       _jpeg_start_compress       004511aa f   jcapistd.obj
 0001:00050216       _jpeg_write_scanlines      00451216 f   jcapistd.obj
[...]
 0001:00030c2e       _D_Draw_Fill               00431c2e f   vid_dll.obj
 0001:00030c2e       _D_Draw_FadeScreen         00431c2e f   vid_dll.obj
 0001:00030c2e       _D_DrawTextPos             00431c2e f   vid_dll.obj
 0001:00030c2e       _D_DrawTextSide            00431c2e f   vid_dll.obj
 0001:00030c2e       _D_Draw_StretchRaw         00431c2e f   vid_dll.obj
 0001:00030c2e       _D_SetPalette              00431c2e f   vid_dll.obj
 0001:00030db9       _Vid_Restart_f             00431db9 f   vid_dll.obj
 0001:00030dc6       _Vid_Front_f               00431dc6 f   vid_dll.obj
 0001:0002faa9       _ExceptionFilter@4         00430aa9 f   sys_win.obj
 0001:0002fd1b       _DumpReg4                  00430d1b f   sys_win.obj
 0001:0002fdb3       _DumpMem                   00430db3 f   sys_win.obj
 0001:0002b647       _PF_Unicast                0042c647 f   sv_game.obj
 0001:0002b6b3       _PF_dprintf                0042c6b3 f   sv_game.obj
 0001:0002b6e6       _PF_cprintf                0042c6e6 f   sv_game.obj
 0001:0002b77d       _PF_centerprintf           0042c77d f   sv_game.obj
 0001:0002b7e5       _PF_error                  0042c7e5 f   sv_game.obj
 0001:0002b81a       _PF_setmodel               0042c81a f   sv_game.obj
 0001:0002b88b       _PF_Configstring           0042c88b f   sv_game.obj
 0001:0002b90b       _PF_WriteChar              0042c90b f   sv_game.obj
 0001:0002b90b       _PF_WriteByte              0042c90b f   sv_game.obj
 0001:0002b91c       _PF_WriteShort             0042c91c f   sv_game.obj
 0001:0002b92d       _PF_WriteLong              0042c92d f   sv_game.obj
 0001:0002b93e       _PF_WriteFloat             0042c93e f   sv_game.obj
 0001:0002b953       _PF_WriteString            0042c953 f   sv_game.obj
 0001:0002b964       _PF_WritePos               0042c964 f   sv_game.obj
 0001:0002b975       _PF_WriteDir               0042c975 f   sv_game.obj
 0001:0002b986       _PF_WriteAngle             0042c986 f   sv_game.obj
 0001:0002b99b       _PF_inPVS                  0042c99b f   sv_game.obj
 0001:0002ba13       _PF_inPHS                  0042ca13 f   sv_game.obj
 0001:0002ba8b       _PF_StartSound             0042ca8b f   sv_game.obj
 0001:0002babe       _PF_TagMalloc              0042cabe f   sv_game.obj
 0001:0002bad0       _PF_Cvar_Get               0042cad0 f   sv_game.obj
 0001:00028cf6       _DS_DestroyBuffers         00429cf6 f   snd_win.obj
 0001:00028edf       _DS_CreateBuffers          00429edf f   snd_win.obj
 0001:0002642e       _Menu_MakeVisible          0042742e f   qmenu.obj
 0001:000264b8       _Menu_CompletelyVisible    004274b8 f   qmenu.obj
 0001:00026560       _strlen_color              00427560 f   qmenu.obj
 0001:0002670e       _Action_Draw               0042770e f   qmenu.obj
 0001:00026789       _Menu_ItemVisible          00427789 f   qmenu.obj
 0001:000267d2       _Menu_DrawStatusBar        004277d2 f   qmenu.obj
 0001:00026947       _MenuList_Draw             00427947 f   qmenu.obj
 0001:000269cf       _DrawCaption               004279cf f   qmenu.obj
 0001:00026a0e       _Separator_Draw            00427a0e f   qmenu.obj
 0001:00026a5f       _Slider_DoSlide            00427a5f f   qmenu.obj
 0001:00026a96       _Slider_Draw               00427a96 f   qmenu.obj
 0001:00026b89       _SpinControl_DoSlide       00427b89 f   qmenu.obj
 0001:00026bb8       _SpinControl_Draw          00427bb8 f   qmenu.obj
 0001:00026c93       _SpinControl2_DoSlide      00427c93 f   qmenu.obj
 0001:00026cd4       _SpinControl2_Draw         00427cd4 f   qmenu.obj
 0001:00023609       _StepSlideMove             00424609 f   pmove.obj
 0001:000237f8       _StepSlideMove_            004247f8 f   pmove.obj
 0001:00023a7a       _ClipVelocity              00424a7a f   pmove.obj
 0001:00023ae3       _Friction                  00424ae3 f   pmove.obj
 0001:00023bee       _WaterMove                 00424bee f   pmove.obj
 0001:00023cd6       _Accelerate                00424cd6 f   pmove.obj
 0001:00023d42       _AddCurrents               00424d42 f   pmove.obj
 0001:00023fd1       _AirMove                   00424fd1 f   pmove.obj
 0001:0002422c       _AirAccelerate             0042522c f   pmove.obj
 0001:000242b2       _CatagorizePosition        004252b2 f   pmove.obj
 0001:00024508       _CheckJump                 00425508 f   pmove.obj
 0001:000245cf       _CheckSpecialMovement      004255cf f   pmove.obj
 0001:00024732       _FlyMove                   00425732 f   pmove.obj
 0001:00024998       _CheckDuck                 00425998 f   pmove.obj
 0001:00024acd       _DeadMove                  00425acd f   pmove.obj
 0001:00024b39       _SnapPosition              00425b39 f   pmove.obj
 0001:00024caf       _GoodPosition              00425caf f   pmove.obj
 0001:00024d25       _InitialSnapPosition       00425d25 f   pmove.obj
 0001:00024e3e       _ClampAngles               00425e3e f   pmove.obj
 0001:00023112       _NET_ErrorString           00424112 f   net_wins.obj
 0001:0001d946       _Multiplayer_MenuDraw      0041e946 f   menu.obj
 0001:0001d969       _M_Banner                  0041e969 f   menu.obj
 0001:0001d9ab       _Multiplayer_MenuInit      0041e9ab f   menu.obj
 0001:0001da99       _Multiplayer_MenuKey       0041ea99 f   menu.obj
 0001:0001daca       _Keys_MenuInit             0041eaca f   menu.obj
 0001:0001dc64       _KeyCursorDrawFunc         0041ec64 f   menu.obj
 0001:0001dca5       _DrawKeyBindingFunc        0041eca5 f   menu.obj
 0001:0001dd7d       _M_FindKeysForCommand      0041ed7d f   menu.obj
 0001:0001ddcd       _SeekLine                  0041edcd f   menu.obj
 0001:0001ddf4       _AppendToken               0041edf4 f   menu.obj
 0001:0001de1e       _Keys_MenuDraw             0041ee1e f   menu.obj
 0001:0001de37       _Keys_MenuKey              0041ee37 f   menu.obj
 0001:0001deec       _M_UnbindCommand           0041eeec f   menu.obj
 0001:0001df38       _KeyBindingFunc            0041ef38 f   menu.obj
 0001:0001dfaa       _Options_MenuInit          0041efaa f   menu.obj
 0001:0001e408       _CrosshairFunc             0041f408 f   menu.obj
 0001:0001e42c       _JoystickFunc              0041f42c f   menu.obj
 0001:0001e43f       _CustomizeControlsFunc     0041f43f f   menu.obj
 0001:0001e444       _AlwaysRunFunc             0041f444 f   menu.obj
 0001:0001e457       _FreeLookFunc              0041f457 f   menu.obj
 0001:0001e46a       _MouseSpeedFunc            0041f46a f   menu.obj
 0001:0001e487       _ControlsSetMenuItemValues 0041f487 f   menu.obj
 0001:0001e621       _ControlsResetDefaultsFunc 0041f621 f   menu.obj
 0001:0001e636       _InvertMouseFunc           0041f636 f   menu.obj
 0001:0001e651       _LookspringFunc            0041f651 f   menu.obj
 0001:0001e66d       _LookstrafeFunc            0041f66d f   menu.obj
 0001:0001e689       _UpdateVolumeFunc          0041f689 f   menu.obj
 0001:0001e6a6       _UpdateCDVolumeFunc        0041f6a6 f   menu.obj
 0001:0001e6bf       _ConsoleFunc               0041f6bf f   menu.obj
 0001:0001e6ee       _UpdateSoundQualityFunc    0041f6ee f   menu.obj
 0001:0001e777       _Options_ScanCrosshairs    0041f777 f   menu.obj
 0001:0001e7ca       _Options_MenuDraw          0041f7ca f   menu.obj
 0001:0001e7f2       _Options_CrosshairDraw     0041f7f2 f   menu.obj
 0001:0001e869       _Options_MenuKey           0041f869 f   menu.obj
 0001:0001e94d       _M_Credits_MenuDraw        0041f94d f   menu.obj
 0001:0001ea35       _M_Credits_Key             0041fa35 f   menu.obj
 0001:0001ea91       _Game_MenuInit             0041fa91 f   menu.obj
 0001:0001ec3e       _EasyGameFunc              0041fc3e f   menu.obj
 0001:0001ec54       _StartGame                 0041fc54 f   menu.obj
 0001:0001ec99       _MediumGameFunc            0041fc99 f   menu.obj
 0001:0001ecaf       _HardGameFunc              0041fcaf f   menu.obj
 0001:0001ecc5       _Game_MenuDraw             0041fcc5 f   menu.obj
 0001:0001ece8       _Game_MenuKey              0041fce8 f   menu.obj
 0001:0001ed19       _LoadGame_MenuInit         0041fd19 f   menu.obj
 0001:0001edaf       _Create_Savestrings        0041fdaf f   menu.obj
 0001:0001ee31       _LoadGameCallback          0041fe31 f   menu.obj
 0001:0001ee5b       _LoadGame_MenuDraw         0041fe5b f   menu.obj
 0001:0001ee73       _LoadGame_MenuKey          0041fe73 f   menu.obj
 0001:0001eed3       _SaveGame_MenuDraw         0041fed3 f   menu.obj
 0001:0001eef6       _SaveGame_MenuInit         0041fef6 f   menu.obj
 0001:0001ef7e       _SaveGameCallback          0041ff7e f   menu.obj
 0001:0001ef9d       _SaveGame_MenuKey          0041ff9d f   menu.obj
 0001:0001f07d       _JoinServer_MenuInit       0042007d f   menu.obj
 0001:0001f1ce       _JoinServerFunc            004201ce f   menu.obj
 0001:0001f236       _SearchLocalGames          00420236 f   menu.obj
 0001:0001f2a2       _JoinServer_MenuDraw       004202a2 f   menu.obj
 0001:0001f2ba       _JoinServer_MenuKey        004202ba f   menu.obj
 0001:0001f2eb       _StartServer_MenuInit      004202eb f   menu.obj
 0001:0001f79b       _DMOptionsFunc             0042079b f   menu.obj
 0001:0001f7aa       _RulesChangeFunc           004207aa f   menu.obj
 0001:0001f813       _StartServerActionFunc     00420813 f   menu.obj
 0001:0001f83f       _StartServerFunc           0042083f f   menu.obj
 0001:0001faaa       _StartServer_MenuDraw      00420aaa f   menu.obj
 0001:0001fab6       _StartServer_MenuKey       00420ab6 f   menu.obj
 0001:0001fb15       _DMOptions_MenuInit        00420b15 f   menu.obj
 0001:000200a5       _DMFlagCallback            004210a5 f   menu.obj
 0001:00020290       _DMOptions_MenuDraw        00421290 f   menu.obj
 0001:0002029c       _DMOptions_MenuKey         0042129c f   menu.obj
 0001:000202cd       _DownloadOptions_MenuInit  004212cd f   menu.obj
 0001:000204b8       _DownloadCallback          004214b8 f   menu.obj
 0001:00020517       _DownloadOptions_MenuDraw  00421517 f   menu.obj
 0001:00020523       _DownloadOptions_MenuKey   00421523 f   menu.obj
 0001:00020554       _AddressBook_MenuInit      00421554 f   menu.obj
 0001:0002060a       _AddressBook_MenuKey       0042160a f   menu.obj
 0001:0002065b       _AddressBook_MenuDraw      0042165b f   menu.obj
 0001:00020673       _M_Menu_PlayerConfig_f     00421673 f   menu.obj
 0001:000206cd       _PlayerConfig_MenuInit     004216cd f   menu.obj
 0001:00020af6       _HandednessCallback        00421af6 f   menu.obj
 0001:00020b09       _RateCallback              00421b09 f   menu.obj
 0001:00020b27       _ModelCallback             00421b27 f   menu.obj
 0001:00020b5e       _PlayerConfig_ScanDirectories 00421b5e f   menu.obj
 0001:00020d26       _IconOfSkinExists          00421d26 f   menu.obj
 0001:00020dc8       _PlayerConfig_MenuDraw     00421dc8 f   menu.obj
 0001:0002103d       _PlayerConfig_MenuKey      0042203d f   menu.obj
 0001:00021111       _M_Menu_DMBrowse_f         00422111 f   menu.obj
 0001:00021154       _DMBrowse_MenuInit         00422154 f   menu.obj
 0001:000212fe       _DMBrowse_MenuKey          004222fe f   menu.obj
 0001:000214a1       _DMBrowse_MenuDraw         004224a1 f   menu.obj
 0001:000215c6       _DrawThumbnail             004225c6 f   menu.obj
 0001:0002168d       _M_Quit_Key                0042268d f   menu.obj
 0001:000216cd       _M_Quit_Draw               004226cd f   menu.obj
 0001:0002181a       _M_Menu_Quit_f             0042281a f   menu.obj
 0001:0001cf15       _AllocChain                0041df15 f   memory.obj
 0001:0001d1fe       _Z_Stats_f                 0041e1fe f   memory.obj
 0001:0001c70c       _MD4Transform              0041d70c f   md4.obj
 0001:0001cd0e       _Encode                    0041dd0e f   md4.obj
 0001:0001cd53       _Decode                    0041dd53 f   md4.obj
 0001:0001bd68       _iswordsym                 0041cd68 f   keys.obj
 0001:0001c0cf       _Key_Unbind_f              0041d0cf f   keys.obj
 0001:0001c1b2       _Key_Unbindall_f           0041d1b2 f   keys.obj
 0001:0001c1dc       _Key_Bind_f                0041d1dc f   keys.obj
 0001:0001a931       _IN_DeactivateMouse        0041b931 f   in_win.obj
 0001:0001a95d       _IN_FreeDirect             0041b95d f   in_win.obj
 0001:0001a9be       _IN_FreeWin32              0041b9be f   in_win.obj
 0001:0001ab3f       _IN_ActivateMouse          0041bb3f f   in_win.obj
 0001:0001abb7       _IN_InitDirect             0041bbb7 f   in_win.obj
 0001:0001acf3       _IN_InitWin32              0041bcf3 f   in_win.obj
 0001:0001ae13       _IN_MouseMove              0041be13 f   in_win.obj
 0001:00030c2e       _J_InitSource              00431c2e f   vid_dll.obj
 0001:0001a44d       _J_FillInputBuffer         0041b44d f   images.obj
 0001:0001a475       _J_SkipInputData           0041b475 f   images.obj
 0001:00030c2e       _J_TermSource              00431c2e f   vid_dll.obj
 0001:0001a48d       _InitJpegError             0041b48d f   images.obj
 0001:0001a4ca       _J_ErrorExit               0041b4ca f   images.obj
 0001:0001a4d9       _J_EmitMessage             0041b4d9 f   images.obj
 0001:0001a4f6       _J_ResetErrorMgr           0041b4f6 f   images.obj
 0001:000182e8       _FindPakFile               004192e8 f   files.obj
 0001:00018357       _FindPakDirectory          00419357 f   files.obj
 0001:000183e7       _FileLength                004193e7 f   files.obj
 0001:00018818       _FOpenCached               00419818 f   files.obj
 0001:00018a58       _AddPakFile                00419a58 f   files.obj
 0001:00018af7       _AddPakDirectory           00419af7 f   files.obj
 0001:00018bd5       _EnumZippedPak             00419bd5 f   files.obj
 0001:00018c48       _ClearFileCache            00419c48 f   files.obj
 0001:00018d42       _AddDirFilesToList         00419d42 f   files.obj
 0001:00019267       _ListPakDirectory          0041a267 f   files.obj
 0001:0001941c       _InitResFiles              0041a41c f   files.obj
 0001:000194ff       _FS_LoadPak_f              0041a4ff f   files.obj
 0001:000195ce       _TryLoadPak                0041a5ce f   files.obj
 0001:0001963c       _FindPakStruc              0041a63c f   files.obj
 0001:00019691       _FS_UnloadPak_f            0041a691 f   files.obj
 0001:00019835       _FS_Link_f                 0041a835 f   files.obj
 0001:00019901       _FS_Dir_f                  0041a901 f   files.obj
 0001:00019b12       _FS_Path_f                 0041ab12 f   files.obj
 0001:00019baa       _FS_Cat_f                  0041abaa f   files.obj
 0001:00019c70       _FS_Type_f                 0041ac70 f   files.obj
 0001:000170f5       _Cvar_FindVar              004180f5 f   cvar.obj
 0001:0001712a       _ComputeHash               0041812a f   cvar.obj
 0001:00017304       _Cvar_SetString            00418304 f   cvar.obj
 0001:0001739a       _Cvar_InfoValidate         0041839a f   cvar.obj
 0001:00017497       _Cvar_Set2                 00418497 f   cvar.obj
 0001:000175f3       _Cvar_SetHardcoded         004185f3 f   cvar.obj
 0001:00017975       _Cvar_Set_f                00418975 f   cvar.obj
 0001:000179f2       _Cvar_SetWithFlags         004189f2 f   cvar.obj
 0001:00017a37       _Cvar_Seta_f               00418a37 f   cvar.obj
 0001:00017a59       _Cvar_Setu_f               00418a59 f   cvar.obj
 0001:00017a7b       _Cvar_Sets_f               00418a7b f   cvar.obj
 0001:00017a9d       _Cvar_Reset_f              00418a9d f   cvar.obj
 0001:00017aff       _Cvar_List_f               00418aff f   cvar.obj
 0001:00017bea       _Cvar_Add_f                00418bea f   cvar.obj
 0001:00017d61       _Cvar_Scale_f              00418d61 f   cvar.obj
 0001:00017dd4       _Cvar_Toggle_f             00418dd4 f   cvar.obj
 0001:00017e37       _Cvar_Cycle_f              00418e37 f   cvar.obj
 0001:000164a0       _Con_ToggleChat_f          004174a0 f   console.obj
 0001:000164e0       _Con_Clear_f               004174e0 f   console.obj
 0001:00016536       _Con_Dump_f                00417536 f   console.obj
 0001:00016649       _Con_MessageMode_f         00417649 f   console.obj
 0001:0001665b       _Con_MessageMode2_f        0041765b f   console.obj
 0001:000166f4       _PlaceChar                 004176f4 f   console.obj
 0001:00016898       _FindLine                  00417898 f   console.obj
 0001:00016fc8       _Con_DrawInput             00417fc8 f   console.obj
 0001:00011b99       _CMod_LoadSubmodels        00412b99 f   cmodel.obj
 0001:00011c21       _CMod_LoadSurfaces         00412c21 f   cmodel.obj
 0001:00011d3b       _CMod_ReadSurfMaterials    00412d3b f   cmodel.obj
 0001:00011e76       _CMod_LoadNodes            00412e76 f   cmodel.obj
 0001:00011ed8       _CMod_LoadBrushes          00412ed8 f   cmodel.obj
 0001:00011f24       _CMod_LoadLeafs            00412f24 f   cmodel.obj
 0001:00011ff3       _CMod_LoadPlanes           00412ff3 f   cmodel.obj
 0001:00012092       _CMod_LoadLeafBrushes      00413092 f   cmodel.obj
 0001:000120dd       _CMod_LoadBrushSides       004130dd f   cmodel.obj
 0001:00012156       _CMod_LoadAreas            00413156 f   cmodel.obj
 0001:0001252b       _CM_PointLeafnum_r         0041352b f   cmodel.obj
 0001:000125e7       _CM_BoxLeafnums_r          004135e7 f   cmodel.obj
 0001:00012d1e       _TraceBuf_Init             00413d1e f   cmodel.obj
 0001:00012dc6       _CM_FinishHLTrace          00413dc6 f   cmodel.obj
 0001:00012e52       _TraceBuf_Dump             00413e52 f   cmodel.obj
 0001:00012f0e       _TraceBuf_FindPart         00413f0e f   cmodel.obj
 0001:00012f49       _CM_ClipBoxToHLLeaf        00413f49 f   cmodel.obj
 0001:000131ea       _CM_RecursiveHLHullCheck   004141ea f   cmodel.obj
 0001:000134d2       _CM_TraceToHLLeaf          004144d2 f   cmodel.obj
 0001:000135a5       _TraceBuf_LimitFrac        004145a5 f   cmodel.obj
 0001:000135fc       _TraceBuf_AddLeaf          004145fc f   cmodel.obj
 0001:00013784       _CM_TestInLeaf             00414784 f   cmodel.obj
 0001:0001380c       _CM_TestBoxInBrush         0041480c f   cmodel.obj
 0001:000138ed       _CM_RecursiveHullCheck     004148ed f   cmodel.obj
 0001:00013bc5       _CM_TraceToLeaf            00414bc5 f   cmodel.obj
 0001:00013ca2       _CM_ClipBoxToBrush         00414ca2 f   cmodel.obj
 0001:0001427c       _FloodArea_r               0041527c f   cmodel.obj
 0001:00011089       _Cmd_MacroExpandString     00412089 f   cmd.obj
 0001:000116f6       _TryComplete               004126f6 f   cmd.obj
 0001:000118a6       _Cmd_Wait_f                004128a6 f   cmd.obj
 0001:000118b1       _Cmd_List_f                004128b1 f   cmd.obj
 0001:000100a7       _DrawSurfInfo              004110a7 f   cl_view.obj
 0001:00010406       _DecodeContents            00411406 f   cl_view.obj
 0001:000104d6       _DrawOriginInfo            004114d6 f   cl_view.obj
 0001:00010667       _DrawFpsInfo               00411667 f   cl_view.obj
 0001:00010790       _FixWaterVis               00411790 f   cl_view.obj
 0001:00010890       _entitycmpfnc              00411890 f   cl_view.obj
 0001:0000ce35       _SCR_CalcVrect             0040de35 f   cl_scrn.obj
 0001:00005bd6       _CL_AddParticleTraces      00406bd6 f   cl_fx.obj
 0001:000009ea       _Huff1Decompress           004019ea f   cl_cin.obj
 0001:00000f4f       _Huff1TableInit            00401f4f f   cl_cin.obj
 0001:00001049       _SmallestNode1             00402049 f   cl_cin.obj
 0001:0000014c       _CDAudio_GetAudioDiskInfo  0040114c f   cd_win.obj
 0001:000004c4       _CD_f                      004014c4 f   cd_win.obj
 0001:0000077d       _CDAudio_Eject             0040177d f   cd_win.obj
 0001:000007a7       _CDAudio_CloseDoor         004017a7 f   cd_win.obj

 70 bytes saved through ICF

