 quake2

 Timestamp is 4284967e (Fri May 13 15:58:54 2005)

 Preferred load address is 00400000

 Start         Length     Name                   Class
 0001:00000000 0005e2f0H .text                   CODE
 0002:00000000 0000027cH .idata$5                DATA
 0002:00000280 00005a54H .rdata                  DATA
 0002:00005cd8 00000044H .rdata$r                DATA
 0002:00005d20 00000038H .xdata$x                DATA
 0002:00005d58 00000078H .idata$2                DATA
 0002:00005dd0 00000014H .idata$3                DATA
 0002:00005de4 0000027cH .idata$4                DATA
 0002:00006060 00000808H .idata$6                DATA
 0002:00006868 00000000H .edata                  DATA
 0003:00000000 00000004H .CRT$XCA                DATA
 0003:00000004 0000006cH .CRT$XCU                DATA
 0003:00000070 00000004H .CRT$XCZ                DATA
 0003:00000074 00000004H .CRT$XIA                DATA
 0003:00000078 00000004H .CRT$XIZ                DATA
 0003:00000080 0000c93cH .data                   DATA
 0003:0000c9c0 00305350H .bss                    DATA
 0004:00000000 00000130H .rsrc$01                DATA
 0004:00000130 00003f20H .rsrc$02                DATA

  Address         Publics by Value              Rva+Base     Lib:Object

 0001:00000000       ??3@YAXPAX@Z               00401000 f i CoreMain.obj
 0001:0000000b       ?appInit@@YAXXZ            0040100b f   CoreMain.obj
 0001:0000006e       ?appExit@@YAXXZ            0040106e f   CoreMain.obj
 0001:00000073       ?appLoadDebugSymbols@@YAXXZ 00401073 f   DbgSymbols.obj
 0001:00000276       ?appSymbolName@@YA_NIPADH@Z 00401276 f   DbgSymbols.obj
 0001:00000362       ?appSymbolName@@YAPBDI@Z   00401362 f   DbgSymbols.obj
 0001:00000394       ?appMalloc@@YAPAXIH@Z      00401394 f   Memory.obj
 0001:00000442       ?appFree@@YAXPAX@Z         00401442 f   Memory.obj
 0001:00000470       ?Unlink@FMemHeader@@QAEXXZ 00401470 f i Memory.obj
 0001:0000049b       ?Link@CMemoryChain@@AAEXXZ 0040149b f   Memory.obj
 0001:000004ba       ?Unlink@CMemoryChain@@AAEXXZ 004014ba f   Memory.obj
 0001:000004e5       ??2CMemoryChain@@SAPAXIH@Z 004014e5 f   Memory.obj
 0001:00000557       ??3CMemoryChain@@SAXPAX@Z  00401557 f   Memory.obj
 0001:0000058a       ?Alloc@CMemoryChain@@QAEPAXIH@Z 0040158a f   Memory.obj
 0001:000005f4       ?appInitMemory@@YAXXZ      004015f4 f   Memory.obj
 0001:00000b2d       ?Write@COutputDeviceNull@@UAEXPBD@Z 00401b2d f i OutputDevice.obj
 0001:00000b30       ?appWPrintf@@YAXPBDZZ      00401b30 f   OutputDevice.obj
 0001:00000b81       ?appFatalError@@YAXPBDZZ   00401b81 f   ErrorMgr.obj
 0001:00000bbb       ?appNonFatalError@@YAXPBDZZ 00401bbb f   ErrorMgr.obj
 0001:00000c19       ?appUnwindPrefix@@YAXPBD@Z 00401c19 f   ErrorMgr.obj
 0001:00000c70       ?appUnwindThrow@@YAXPBDZZ  00401c70 f   ErrorMgr.obj
 0001:00000cf7       ?Reset@CErrorHandler@@QAEXXZ 00401cf7 f   ErrorMgr.obj
 0001:00000d21       ?appInitError@@YAXXZ       00401d21 f   ErrorMgr.obj
 0001:00000ddf       ?appStricmp@@YAHPBD0@Z     00401ddf f   Strings.obj
 0001:00000e14       ?toLower@@YADD@Z           00401e14 f i Strings.obj
 0001:00000e2b       ?appStrcpy@@YAXPADPBD@Z    00401e2b f   Strings.obj
 0001:00000e3e       ?appStrncpylwr@@YAXPADPBDH@Z 00401e3e f   Strings.obj
 0001:00000e76       ?appStrncpyz@@YAXPADPBDH@Z 00401e76 f   Strings.obj
 0001:00000ea3       ?appStrcatn@@YAXPADHPBD@Z  00401ea3 f   Strings.obj
 0001:00000ece       ?appCopyFilename@@YAXPADPBDH@Z 00401ece f   Strings.obj
 0001:00000f6a       ?appCStrlen@@YAHPBD@Z      00401f6a f   Strings.obj
 0001:00000f8f       ?appUncolorizeString@@YAXPADPBD@Z 00401f8f f   Strings.obj
 0001:00000fbf       ?va@@YAPBDPBDZZ            00401fbf f   Strings.obj
 0001:0000105b       ?appSprintf@@YAHPADHPBDZZ  0040205b f   Strings.obj
 0001:000010a6       ?appMatchWildcard@@YA_NPBD0_N@Z 004020a6 f   Strings.obj
 0001:00001226       ?CopyString@@YAPADPBD@Z    00402226 f   Strings.obj
 0001:00001266       ?CopyString@@YAPADPBDPAVCMemoryChain@@@Z 00402266 f   Strings.obj
 0001:0000129a       ??2CStringItem@@SAPAXIPBD@Z 0040229a f   Strings.obj
 0001:000012e3       ??2CStringItem@@SAPAXIPBDPAVCMemoryChain@@@Z 004022e3 f   Strings.obj
 0001:00001320       ?Find@CStringList@@IAEPAVCStringItem@@PBDPAPAV2@@Z 00402320 f   Strings.obj
 0001:00001363       ?Find@CStringList@@IAEPAVCStringItem@@H@Z 00402363 f   Strings.obj
 0001:0000137c       ?IndexOf@CStringList@@QAEHPBD@Z 0040237c f   Strings.obj
 0001:000013a9       ?Remove@CStringList@@QAE_NPAVCStringItem@@@Z 004023a9 f   Strings.obj
 0001:000013d5       ?Free@CStringList@@QAEXXZ  004023d5 f   Strings.obj
 0001:000013ee       ?appMillisecondsf@@YANXZ   004023ee f   CoreWin32.obj
 0001:00001427       ?appMilliseconds@@YAIXZ    00402427 f   CoreWin32.obj
 0001:0000145c       ?cpuid@@YAXI@Z             0040245c f   CoreWin32.obj
 0001:0000147f       ?appInitPlatform@@YAXXZ    0040247f f   CoreWin32.obj
 0001:00001712       ?appShutdownPlatform@@YAXXZ 00402712 f   CoreWin32.obj
 0001:0000171b       ?osAddressInfo@@YA_NIPADHPAH@Z 0040271b f   DbgSymbolsWin32.obj
 0001:000017af       ?osModuleInfo@@YA_NIPADHPAH@Z 004027af f   DbgSymbolsWin32.obj
 0001:00001957       ?win32ExceptFilter@@YAHPAU_EXCEPTION_POINTERS@@@Z 00402957 f   ExceptFilterWin32.obj
 0001:00001e8d       ?win32ExceptFilter2@@YAHXZ 00402e8d f   ExceptFilterWin32.obj
 0001:00001e99       ?SCR_StopCinematic@@YAXXZ  00402e99 f   cl_cin.obj
 0001:00001f2d       ?SCR_DrawCinematic@@YA_NXZ 00402f2d f   cl_cin.obj
 0001:0000238e       ?SCR_PlayCinematic@@YAXPAD@Z 0040338e f   cl_cin.obj
 0001:000026fe       ?CL_Download_f@@YAX_NHPAPAD@Z 004036fe f   cl_download.obj
 0001:00002aaf       ?CL_ParseDownload@@YAXXZ   00403aaf f   cl_download.obj
 0001:000032bc       ?CL_Precache_f@@YAXHPAPAD@Z 004042bc f   cl_download.obj
 0001:0000331a       ?CL_ParseDelta@@YAXPAUentityState_t@@0HI_N@Z 0040431a f   cl_ents.obj
 0001:00003533       ?CL_ParsePacketEntities@@YAXPAUframe_t@@0@Z 00404533 f   cl_ents.obj
 0001:0000389e       ?CL_FireEntityEvents@@YAXPAUframe_t@@@Z 0040489e f   cl_ents.obj
 0001:000038f0       ?CL_ParseFrame@@YAXXZ      004048f0 f   cl_ents.obj
 0001:00003be2       ?CL_AddEntityBox@@YAXPAUentityState_t@@I@Z 00404be2 f   cl_ents.obj
 0001:00003cc7       ?CL_OffsetThirdPersonView@@YAXXZ 00404cc7 f   cl_ents.obj
 0001:00003d81       ?CL_CalcViewValues@@YAXXZ  00404d81 f   cl_ents.obj
 0001:0000408a       ?CL_AddEntities@@YAXXZ     0040508a f   cl_ents.obj
 0001:00004e0f       ?CL_GetEntitySoundOrigin@@YAXHQAM@Z 00405e0f f   cl_ents.obj
 0001:00004e47       ?CL_ClearLightStyles@@YAXXZ 00405e47 f   cl_fx.obj
 0001:00004ec9       ?CL_RunLightStyles@@YAXXZ  00405ec9 f   cl_fx.obj
 0001:00004f68       ?CL_SetLightstyle@@YAXHPBD@Z 00405f68 f   cl_fx.obj
 0001:00004fc9       ?CL_ClearDlights@@YAXXZ    00405fc9 f   cl_fx.obj
 0001:00004fda       ?CL_AllocDlight@@YAPAUcdlight_t@@HQAM@Z 00405fda f   cl_fx.obj
 0001:00005043       ?CL_AddDLights@@YAXXZ      00406043 f   cl_fx.obj
 0001:000050a3       ?CL_ClearParticles@@YAXXZ  004060a3 f   cl_fx.obj
 0001:0000510a       ?CL_AllocParticleTrace@@YAPAUparticleTrace_t@@QAM0MM@Z 0040610a f   cl_fx.obj
 0001:000051aa       ?CL_AllocParticleBeam@@YAPAUbeam_t@@QAM0MM@Z 004061aa f   cl_fx.obj
 0001:0000521d       ?CL_AllocParticle@@YAPAUparticle_t@@XZ 0040621d f   cl_fx.obj
 0001:0000526b       ?CL_UpdateParticles@@YAXXZ 0040626b f   cl_fx.obj
 0001:0000585d       ?CL_MetalSparks@@YAXQAM0H@Z 0040685d f   cl_fx.obj
 0001:0000594a       ?CL_ParseMuzzleFlash@@YAXXZ 0040694a f   cl_fx.obj
 0001:00005cdf       ?CL_ParseMuzzleFlash2@@YAXXZ 00406cdf f   cl_fx.obj
 0001:00006321       ?CL_ParticleEffect@@YAXQAM0HH@Z 00407321 f   cl_fx.obj
 0001:000063f0       ?CL_ParticleEffect2@@YAXQAM0HH@Z 004073f0 f   cl_fx.obj
 0001:000064bb       ?CL_ParticleEffect3@@YAXQAM0HH@Z 004074bb f   cl_fx.obj
 0001:0000658b       ?CL_TeleporterParticles@@YAXPAUentityState_t@@@Z 0040758b f   cl_fx.obj
 0001:00006642       ?CL_LogoutEffect@@YAXQAMH@Z 00407642 f   cl_fx.obj
 0001:0000672d       ?CL_ItemRespawnParticles@@YAXQAM@Z 0040772d f   cl_fx.obj
 0001:000067dc       ?CL_ExplosionParticles@@YAXQAM@Z 004077dc f   cl_fx.obj
 0001:00006886       ?CL_BigTeleportParticles@@YAXQAM@Z 00407886 f   cl_fx.obj
 0001:000069dd       ?CL_BlasterParticles@@YAXQAM0@Z 004079dd f   cl_fx.obj
 0001:00006aa9       ?CL_BlasterTrail@@YAXQAM0@Z 00407aa9 f   cl_fx.obj
 0001:00006b9c       ?CL_FlagTrail@@YAXQAM0H@Z  00407b9c f   cl_fx.obj
 0001:00006c97       ?CL_DiminishingTrail@@YAXQAM0PAUcentity_t@@H@Z 00407c97 f   cl_fx.obj
 0001:00006efb       ?CL_RocketTrail@@YAXQAM0PAUcentity_t@@@Z 00407efb f   cl_fx.obj
 0001:00007028       ?CL_RailTrail@@YAXQAM0@Z   00408028 f   cl_fx.obj
 0001:0000724e       ?CL_RailTrailExt@@YAXQAM0EE@Z 0040824e f   cl_fx.obj
 0001:00007352       ?CL_IonripperTrail@@YAXQAM0@Z 00408352 f   cl_fx.obj
 0001:00007465       ?CL_BubbleTrail@@YAXQAM0@Z 00408465 f   cl_fx.obj
 0001:00007576       ?CL_FlyParticles@@YAXQAMH@Z 00408576 f   cl_fx.obj
 0001:00007716       ?CL_FlyEffect@@YAXPAUcentity_t@@QAM@Z 00408716 f   cl_fx.obj
 0001:0000777e       ?CL_BfgParticles@@YAXPAUentity_t@@@Z 0040877e f   cl_fx.obj
 0001:00007959       ?CL_TrapParticles@@YAXPAUentity_t@@@Z 00408959 f   cl_fx.obj
 0001:00007bdc       ?CL_BFGExplosionParticles@@YAXQAM@Z 00408bdc f   cl_fx.obj
 0001:00007c86       ?CL_TeleportParticles@@YAXQAM@Z 00408c86 f   cl_fx.obj
 0001:00007dbf       ?CL_EntityEvent@@YAXPAUentityState_t@@@Z 00408dbf f   cl_fx.obj
 0001:00007f99       ?CL_ClearEffects@@YAXXZ    00408f99 f   cl_fx.obj
 0001:00007fa8       ?IN_CenterView@@YAXXZ      00408fa8 f   cl_input.obj
 0001:00007fc9       ?CL_InitInput@@YAXXZ       00408fc9 f   cl_input.obj
 0001:00008565       ?CL_SendCmd@@YAXXZ         00409565 f   cl_input.obj
 0001:00008c58       ?CL_WriteDemoMessage@@YAXXZ 00409c58 f   cl_main.obj
 0001:00008c9a       ?Cmd_ForwardToServer@@YAXHPAPAD@Z 00409c9a f   cl_main.obj
 0001:00008d5d       ?CL_ForwardToServer_f@@YAXHPAPAD@Z 00409d5d f   cl_main.obj
 0001:00008da5       ?CL_Pause@@YAX_N@Z         00409da5 f   cl_main.obj
 0001:00008de7       ?CL_Quit_f@@YAXXZ          00409de7 f   cl_main.obj
 0001:00008df1       ?CL_Drop@@YAX_N@Z          00409df1 f   cl_main.obj
 0001:00008e14       ?CL_SendConnectPacket@@YAXXZ 00409e14 f   cl_main.obj
 0001:00008eeb       ?CL_CheckForResend@@YAXXZ  00409eeb f   cl_main.obj
 0001:00008ff0       ?CL_Connect_f@@YAX_NHPAPAD@Z 00409ff0 f   cl_main.obj
 0001:00009073       ?CL_Rcon_f@@YAXHPAPAD@Z    0040a073 f   cl_main.obj
 0001:0000917b       ?CL_Disconnect@@YAXXZ      0040a17b f   cl_main.obj
 0001:0000932d       ?CL_Disconnect_f@@YAXXZ    0040a32d f   cl_main.obj
 0001:00009337       ?CL_Changing_f@@YAXXZ      0040a337 f   cl_main.obj
 0001:0000935b       ?CL_Reconnect_f@@YAXXZ     0040a35b f   cl_main.obj
 0001:000093f7       ?CL_PingServers_f@@YAXXZ   0040a3f7 f   cl_main.obj
 0001:00009562       ?CL_Skins_f@@YAXXZ         0040a562 f   cl_main.obj
 0001:00009835       ?CL_ConnectionlessPacket@@YAXXZ 0040a835 f   cl_main.obj
 0001:00009935       ?CL_ReadPackets@@YAXXZ     0040a935 f   cl_main.obj
 0001:00009a78       ?CL_FixUpGender@@YAXXZ     0040aa78 f   cl_main.obj
 0001:00009b2a       ?CL_Userinfo_f@@YAXXZ      0040ab2a f   cl_main.obj
 0001:00009b42       ?CL_RegisterSounds@@YAXXZ  0040ab42 f   cl_main.obj
 0001:00009b81       ?CL_Snd_Restart_f@@YAXXZ   0040ab81 f   cl_main.obj
 0001:00009b90       ?CL_WriteConfiguration@@YAXPBD@Z 0040ab90 f   cl_main.obj
 0001:00009c4b       ?CL_WriteConfig_f@@YAX_NHPAPAD@Z 0040ac4b f   cl_main.obj
 0001:00009caa       ?CL_FixCvarCheats@@YAXXZ   0040acaa f   cl_main.obj
 0001:00009d04       ?CL_Frame@@YAXMM@Z         0040ad04 f   cl_main.obj
 0001:00009f0a       ?CL_ClearState@@YAXXZ      0040af0a f   cl_main.obj
 0001:00009f43       ?CL_Init@@YAXXZ            0040af43 f   cl_main.obj
 0001:0000a41a       ?CL_Shutdown@@YAX_N@Z      0040b41a f   cl_main.obj
 0001:0000a46f       ?CL_Flashlight@@YAXHQAM@Z  0040b46f f   cl_newfx.obj
 0001:0000a4a9       ?CL_ColorFlash@@YAXQAMHHMMM@Z 0040b4a9 f   cl_newfx.obj
 0001:0000a4e5       ?CL_DebugTrail@@YAXQAM0@Z  0040b4e5 f   cl_newfx.obj
 0001:0000a5c5       ?CL_ForceWall@@YAXQAM0H@Z  0040b5c5 f   cl_newfx.obj
 0001:0000a6ec       ?CL_BubbleTrail2@@YAXQAM0H@Z 0040b6ec f   cl_newfx.obj
 0001:0000a814       ?CL_Heatbeam@@YAXQAM0@Z    0040b814 f   cl_newfx.obj
 0001:0000aaa7       ?CL_ParticleSteamEffect@@YAXQAM0HHH@Z 0040baa7 f   cl_newfx.obj
 0001:0000abd1       ?CL_ParticleSteamEffect2@@YAXPAUcl_sustain_t@@@Z 0040bbd1 f   cl_newfx.obj
 0001:0000ad08       ?CL_TrackerTrail@@YAXQAM0H@Z 0040bd08 f   cl_newfx.obj
 0001:0000ae58       ?CL_Tracker_Shell@@YAXQAM@Z 0040be58 f   cl_newfx.obj
 0001:0000aee1       ?CL_MonsterPlasma_Shell@@YAXQAM@Z 0040bee1 f   cl_newfx.obj
 0001:0000af67       ?CL_Widowbeamout@@YAXPAUcl_sustain_t@@@Z 0040bf67 f   cl_newfx.obj
 0001:0000b023       ?CL_Nukeblast@@YAXPAUcl_sustain_t@@@Z 0040c023 f   cl_newfx.obj
 0001:0000b0df       ?CL_WidowSplash@@YAXQAM@Z  0040c0df f   cl_newfx.obj
 0001:0000b1a7       ?CL_TagTrail@@YAXQAM0H@Z   0040c1a7 f   cl_newfx.obj
 0001:0000b2a2       ?CL_ColorExplosionParticles@@YAXQAMHH@Z 0040c2a2 f   cl_newfx.obj
 0001:0000b34f       ?CL_ParticleSmokeEffect@@YAXQAM0HHH@Z 0040c34f f   cl_newfx.obj
 0001:0000b477       ?CL_BlasterParticles2@@YAXQAM0I@Z 0040c477 f   cl_newfx.obj
 0001:0000b544       ?CL_BlasterTrail2@@YAXQAM0@Z 0040c544 f   cl_newfx.obj
 0001:0000b637       ?CL_LoadClientinfo@@YAXPAUclientinfo_t@@PAD@Z 0040c637 f   cl_parse.obj
 0001:0000b911       ?CL_ParseClientinfo@@YAXH@Z 0040c911 f   cl_parse.obj
 0001:0000b935       ?CL_ParseServerMessage@@YAXXZ 0040c935 f   cl_parse.obj
 0001:0000c0ec       ?CL_CheckPredictionError@@YAXXZ 0040d0ec f   cl_pred.obj
 0001:0000c28c       ?CL_EntityTrace@@YAXPAUtrace_t@@QBM111H@Z 0040d28c f   cl_pred.obj
 0001:0000c64d       ?CL_Trace@@YAXPAUtrace_t@@QBM111H@Z 0040d64d f   cl_pred.obj
 0001:0000c6cf       ?CL_PMpointcontents@@YAHQAM@Z 0040d6cf f   cl_pred.obj
 0001:0000c85a       ?CL_PredictMovement@@YAXXZ 0040d85a f   cl_pred.obj
 0001:0000cbfc       ?DrawString@@YAXHHPBD@Z    0040dbfc f   cl_scrn.obj
 0001:0000cc40       ?SCR_DebugGraph@@YAXMH@Z   0040dc40 f   cl_scrn.obj
 0001:0000cc68       ?SCR_CenterPrint@@YAXPAD@Z 0040dc68 f   cl_scrn.obj
 0001:0000cd6c       ?Key_Message@@YAXH@Z       0040dd6c f   cl_scrn.obj
 0001:0000ce08       ?SCR_SetLevelshot@@YAXPBD@Z 0040de08 f   cl_scrn.obj
 0001:0000cefb       ?SCR_BeginLoadingPlaque@@YAXXZ 0040defb f   cl_scrn.obj
 0001:0000cf80       ?SCR_EndLoadingPlaque@@YAX_N@Z 0040df80 f   cl_scrn.obj
 0001:0000d005       ?SCR_ShowConsole@@YAX_N0@Z 0040e005 f   cl_scrn.obj
 0001:0000d0dc       ?SCR_ToggleConsole@@YAXXZ  0040e0dc f   cl_scrn.obj
 0001:0000d104       ?SCR_TouchPics@@YAXXZ      0040e104 f   cl_scrn.obj
 0001:0000d163       ?SCR_UpdateScreen@@YAXXZ   0040e163 f   cl_scrn.obj
 0001:0000e3de       ?SCR_Init@@YAXXZ           0040f3de f   cl_scrn.obj
 0001:0000e728       ?CL_RegisterTEntSounds@@YAXXZ 0040f728 f   cl_tent.obj
 0001:0000e96d       ?CL_RegisterTEntModels@@YAXXZ 0040f96d f   cl_tent.obj
 0001:0000eaab       ?CL_ClearTEnts@@YAXXZ      0040faab f   cl_tent.obj
 0001:0000eadf       ?CL_AllocExplosion@@YAPAUexplosion_t@@QAMW4exptype_t@@@Z 0040fadf f   cl_tent.obj
 0001:0000eb7b       ?CL_AddExplosions@@YAXXZ   0040fb7b f   cl_tent.obj
 0001:0000ed15       ?CL_SmokeAndFlash@@YAXQAM@Z 0040fd15 f   cl_tent.obj
 0001:0000ed5d       ?CL_ParseBeam@@YAHPAVCRenderModel@@@Z 0040fd5d f   cl_tent.obj
 0001:0000ee3c       ?CL_ParseBeam2@@YAHPAVCRenderModel@@@Z 0040fe3c f   cl_tent.obj
 0001:0000ef13       ?CL_ParsePlayerBeam@@YAHPAVCRenderModel@@@Z 0040ff13 f   cl_tent.obj
 0001:0000f021       ?CL_ParseLightning@@YAHPAVCRenderModel@@@Z 00410021 f   cl_tent.obj
 0001:0000f0ed       ?CL_ParseLaser@@YAXI@Z     004100ed f   cl_tent.obj
 0001:0000f169       ?CL_ParseSteam@@YAXXZ      00410169 f   cl_tent.obj
 0001:0000f27a       ?CL_ParseWidow@@YAXXZ      0041027a f   cl_tent.obj
 0001:0000f2e6       ?CL_ParseNuke@@YAXXZ       004102e6 f   cl_tent.obj
 0001:0000f350       ?CL_ParseTEnt@@YAXXZ       00410350 f   cl_tent.obj
 0001:0001017c       ?CL_AddBeams@@YAXXZ        0041117c f   cl_tent.obj
 0001:000104b8       ?CL_AddPlayerBeams@@YAXXZ  004114b8 f   cl_tent.obj
 0001:00010ba8       ?CL_ProcessSustain@@YAXXZ  00411ba8 f   cl_tent.obj
 0001:00010be9       ?CL_AddTEnts@@YAXXZ        00411be9 f   cl_tent.obj
 0001:00010bfd       ?V_AddEntity@@YAXPAUentity_t@@@Z 00411bfd f   cl_view.obj
 0001:00010c2c       ?V_AddLight@@YAXQAMMMMM@Z  00411c2c f   cl_view.obj
 0001:00010c71       ?V_TestParticles@@YAXXZ    00411c71 f   cl_view.obj
 0001:00010d2f       ?V_TestEntities@@YAXXZ     00411d2f f   cl_view.obj
 0001:00010dc5       ?V_TestLights@@YAXXZ       00411dc5 f   cl_view.obj
 0001:00010e93       ?CL_PrepRefresh@@YAXXZ     00411e93 f   cl_view.obj
 0001:00011153       ?CalcFov@@YAMMMM@Z         00412153 f   cl_view.obj
 0001:000111c7       ?V_RenderView@@YA_NXZ      004121c7 f   cl_view.obj
 0001:00011ec5       ?V_Init@@YAXXZ             00412ec5 f   cl_view.obj
 0001:00011f74       ?Con_ClearNotify@@YAXXZ    00412f74 f   console.obj
 0001:00011f83       ?Con_CheckResize@@YAXXZ    00412f83 f   console.obj
 0001:000120aa       ?Con_Print@@YAXPBD@Z       004130aa f   console.obj
 0001:000123a2       ?Con_DrawNotify@@YAX_N@Z   004133a2 f   console.obj
 0001:000124ba       ?Con_DrawConsole@@YAXM@Z   004134ba f   console.obj
 0001:0001288d       ?Con_ClearTyping@@YAXXZ    0041388d f   console.obj
 0001:000128a6       ?Key_Console@@YAXHH@Z      004138a6 f   console.obj
 0001:00012cee       ?Con_Init@@YAXXZ           00413cee f   console.obj
 0001:00012e6a       ?Key_KeynumToString@@YAPBDH@Z 00413e6a f   keys.obj
 0001:00012f2a       ?Draw@completeMenu_t@@UAEXXZ 00413f2a f i keys.obj
 0001:00012f5b       ?KeyDown@completeMenu_t@@UAEPBDH@Z 00413f5b f i keys.obj
 0001:00012f84       ?Init@completeMenu_t@@UAE_NXZ 00413f84 f i keys.obj
 0001:000130ab       ?CompleteMenuCallback@completeMenu_t@@SAXPAX@Z 004140ab f i keys.obj
 0001:00013139       ?CompleteCommand@@YAXXZ    00414139 f   keys.obj
 0001:0001386e       ?Key_SetBinding@@YAXHPBD@Z 0041486e f   keys.obj
 0001:000138ac       ?Key_FindBinding@@YAHPBDPAHH@Z 004148ac f   keys.obj
 0001:000138fa       ?Key_WriteBindings@@YAXPAU_iobuf@@@Z 004148fa f   keys.obj
 0001:00013942       ?Key_Init@@YAXXZ           00414942 f   keys.obj
 0001:00013c26       ?Key_Event@@YAXH_N@Z       00414c26 f   keys.obj
 0001:00013f7f       ?Key_ClearStates@@YAXXZ    00414f7f f   keys.obj
 0001:00013fb4       ?M_ForceMenuOn@@YAXXZ      00414fb4 f   menu.obj
 0001:00013fd3       ?Draw@menuMain_t@@UAEXXZ   00414fd3 f i menu.obj
 0001:00014136       ?KeyDown@menuMain_t@@UAEPBDH@Z 00415136 f i menu.obj
 0001:000141f2       ?Init@menuMain_t@@UAE_NXZ  004151f2 f i menu.obj
 0001:000141fa       ?M_Menu_Main_f@@YAXXZ      004151fa f   menu.obj
 0001:00014214       ?Init@multiplayerMenu_t@@UAE_NXZ 00415214 f i menu.obj
 0001:00014338       ?Init@keysMenu_t@@UAE_NXZ  00415338 f i menu.obj
 0001:0001451d       ?KeyCursorDrawFunc@keysMenu_t@@SAXPAUmenuFramework_t@@@Z 0041551d f i menu.obj
 0001:0001455d       ?DrawKeyBindingFunc@keysMenu_t@@SAXPAX@Z 0041555d f i menu.obj
 0001:00014624       ?KeyDown@keysMenu_t@@UAEPBDH@Z 00415624 f i menu.obj
 0001:000146d1       ?UnbindCommand@keysMenu_t@@QAEXPAD@Z 004156d1 f i menu.obj
 0001:00014716       ?KeyBindingFunc@keysMenu_t@@QAEXPAX@Z 00415716 f i menu.obj
 0001:00014775       ?Init@optionsMenu_t@@UAE_NXZ 00415775 f i menu.obj
 0001:00014bd3       ?CrosshairFunc@optionsMenu_t@@SAXPAX@Z 00415bd3 f i menu.obj
 0001:00014bfb       ?JoystickFunc@optionsMenu_t@@SAXPAX@Z 00415bfb f i menu.obj
 0001:00014c10       ?AlwaysRunFunc@optionsMenu_t@@SAXPAX@Z 00415c10 f i menu.obj
 0001:00014c25       ?FreeLookFunc@optionsMenu_t@@SAXPAX@Z 00415c25 f i menu.obj
 0001:00014c3a       ?MouseSpeedFunc@optionsMenu_t@@SAXPAX@Z 00415c3a f i menu.obj
 0001:00014c57       ?InvertMouseFunc@optionsMenu_t@@SAXPAX@Z 00415c57 f i menu.obj
 0001:00014c72       ?LookspringFunc@optionsMenu_t@@SAXPAX@Z 00415c72 f i menu.obj
 0001:00014c8e       ?LookstrafeFunc@optionsMenu_t@@SAXPAX@Z 00415c8e f i menu.obj
 0001:00014caa       ?UpdateVolumeFunc@optionsMenu_t@@SAXPAX@Z 00415caa f i menu.obj
 0001:00014cc7       ?UpdateCDVolumeFunc@optionsMenu_t@@SAXPAX@Z 00415cc7 f i menu.obj
 0001:00014ce1       ?SetMenuItemValues@optionsMenu_t@@SAXXZ 00415ce1 f i menu.obj
 0001:00014ebf       ?ResetDefaultsFunc@optionsMenu_t@@SAXPAX@Z 00415ebf f i menu.obj
 0001:00014ed4       ?UpdateSoundFunc@optionsMenu_t@@SAXPAX@Z 00415ed4 f i menu.obj
 0001:000150d7       ?ScanCrosshairs@optionsMenu_t@@SAXXZ 004160d7 f i menu.obj
 0001:00015134       ?Draw@optionsMenu_t@@UAEXXZ 00416134 f i menu.obj
 0001:00015199       ?Draw@creditsMenu_t@@UAEXXZ 00416199 f i menu.obj
 0001:00015240       ?KeyDown@creditsMenu_t@@UAEPBDH@Z 00416240 f i menu.obj
 0001:0001527b       ?Init@creditsMenu_t@@UAE_NXZ 0041627b f i menu.obj
 0001:00015343       ?Init@gameMenu_t@@UAE_NXZ  00416343 f i menu.obj
 0001:000154ce       ?EasyGameFunc@gameMenu_t@@SAXPAX@Z 004164ce f i menu.obj
 0001:000154da       ?StartGame@gameMenu_t@@SAXPBD@Z 004164da f i menu.obj
 0001:0001552d       ?MediumGameFunc@gameMenu_t@@SAXPAX@Z 0041652d f i menu.obj
 0001:00015539       ?HardGameFunc@gameMenu_t@@SAXPAX@Z 00416539 f i menu.obj
 0001:00015555       ?Init@savegameMenu_t@@UAE_NXZ 00416555 f i menu.obj
 0001:00015665       ?Create_Savestrings@savegameMenu_t@@QAEXXZ 00416665 f i menu.obj
 0001:00015720       ?LoadGameCallback@savegameMenu_t@@SAXPAX@Z 00416720 f i menu.obj
 0001:00015749       ?SaveGameCallback@savegameMenu_t@@SAXPAX@Z 00416749 f i menu.obj
 0001:00015768       ?Draw@savegameMenu_t@@UAEXXZ 00416768 f i menu.obj
 0001:00015783       ?DrawSavegameShot@savegameMenu_t@@QAEXHH@Z 00416783 f i menu.obj
 0001:00015868       ?Init@joinserverMenu_t@@UAE_NXZ 00416868 f i menu.obj
 0001:00015991       ?JoinServerFunc@joinserverMenu_t@@SAXPAX@Z 00416991 f i menu.obj
 0001:000159f3       ?SearchLocalGames@joinserverMenu_t@@SAXXZ 004169f3 f i menu.obj
 0001:00015a5e       ?M_AddToServerList@@YAXUnetadr_t@@PAD@Z 00416a5e f   menu.obj
 0001:00015ae1       ?Init@startserverMenu_t@@UAE_NXZ 00416ae1 f i menu.obj
 0001:00015f83       ?DMOptionsFunc@startserverMenu_t@@SAXPAX@Z 00416f83 f i menu.obj
 0001:00015f93       ?RulesChangeFunc@startserverMenu_t@@SAXPAX@Z 00416f93 f i menu.obj
 0001:0001600d       ?StartServerActionFunc@startserverMenu_t@@SAXPAX@Z 0041700d f i menu.obj
 0001:00016038       ?StartServerFunc@startserverMenu_t@@SAXPAD@Z 00417038 f i menu.obj
 0001:0001626f       ?KeyDown@startserverMenu_t@@UAEPBDH@Z 0041726f f i menu.obj
 0001:000162cc       ?Init@dmoptionsMenu_t@@UAE_NXZ 004172cc f i menu.obj
 0001:000168ab       ?DMFlagCallback@dmoptionsMenu_t@@SAXPAX@Z 004178ab f i menu.obj
 0001:00016a86       ?Init@downloadOptionsMenu_t@@UAE_NXZ 00417a86 f i menu.obj
 0001:00016c51       ?DownloadCallback@downloadOptionsMenu_t@@SAXPAX@Z 00417c51 f i menu.obj
 0001:00016cbc       ?Init@addressBookMenu_t@@UAE_NXZ 00417cbc f i menu.obj
 0001:00016d64       ?KeyDown@addressBookMenu_t@@UAEPBDH@Z 00417d64 f i menu.obj
 0001:00016dc1       ?Init@playerConfigMenu_t@@UAE_NXZ 00417dc1 f i menu.obj
 0001:00017318       ?HandednessCallback@playerConfigMenu_t@@SAXPAX@Z 00418318 f i menu.obj
 0001:0001732d       ?RTypeCallback@playerConfigMenu_t@@SAXPAX@Z 0041832d f i menu.obj
 0001:00017342       ?RColorCallback@playerConfigMenu_t@@SAXPAX@Z 00418342 f i menu.obj
 0001:00017357       ?RateCallback@playerConfigMenu_t@@SAXPAX@Z 00418357 f i menu.obj
 0001:0001737a       ?ModelCallback@playerConfigMenu_t@@SAXPAX@Z 0041837a f i menu.obj
 0001:000173a7       ?ScanDirectories@playerConfigMenu_t@@SA_NXZ 004183a7 f i menu.obj
 0001:00017521       ?IsValidSkin@playerConfigMenu_t@@SA_NPADPAVCStringItem@@@Z 00418521 f i menu.obj
 0001:000175dc       ?Draw@playerConfigMenu_t@@UAEXXZ 004185dc f i menu.obj
 0001:00017888       ?KeyDown@playerConfigMenu_t@@UAEPBDH@Z 00418888 f i menu.obj
 0001:0001797a       ?Init@dmbrowseMenu_t@@UAE_NXZ 0041897a f i menu.obj
 0001:00017b80       ?KeyDown@dmbrowseMenu_t@@UAEPBDH@Z 00418b80 f i menu.obj
 0001:00017d44       ?Draw@dmbrowseMenu_t@@UAEXXZ 00418d44 f i menu.obj
 0001:00017e89       ?DrawThumbnail@dmbrowseMenu_t@@SAXHHHHPAD_N@Z 00418e89 f i menu.obj
 0001:00017f70       ?Init@videoMenu_t@@UAE_NXZ 00418f70 f i menu.obj
 0001:00018529       ?ScreenSizeCallback@videoMenu_t@@SAXPAX@Z 00419529 f i menu.obj
 0001:00018547       ?BrightnessCallback@videoMenu_t@@SAXPAX@Z 00419547 f i menu.obj
 0001:00018565       ?ContrastCallback@videoMenu_t@@SAXPAX@Z 00419565 f i menu.obj
 0001:0001859e       ?CancelChanges@videoMenu_t@@SAXPAX@Z 0041959e f i menu.obj
 0001:000185bf       ?KeyDown@videoMenu_t@@UAEPBDH@Z 004195bf f i menu.obj
 0001:00018606       ?ApplyChanges@videoMenu_t@@SAXPAX@Z 00419606 f i menu.obj
 0001:000187bd       ?KeyDown@quitMenu_t@@UAEPBDH@Z 004197bd f i menu.obj
 0001:000187f5       ?Draw@quitMenu_t@@UAEXXZ   004197f5 f i menu.obj
 0001:00018865       ?M_Init@@YAXXZ             00419865 f   menu.obj
 0001:00018a47       ?Insert@?$TList@VCStringItem@@@@QAE_NPAVCStringItem@@@Z 00419a47 f i menu.obj
 0001:00018a47       ?Insert@?$TList@VplayerModelInfo_t@@@@QAE_NPAVplayerModelInfo_t@@@Z 00419a47 f i menu.obj
 0001:00018a7d       ?ItemAtCursor@menuFramework_t@@QAEPAUmenuCommon_t@@XZ 00419a7d f   qmenu.obj
 0001:00018ad1       ?AddItem@menuFramework_t@@QAEXPAUmenuCommon_t@@@Z 00419ad1 f   qmenu.obj
 0001:00018b8d       ?AdjustCursor@menuFramework_t@@QAEXH@Z 00419b8d f   qmenu.obj
 0001:00018cfc       ?Center@menuFramework_t@@QAEXXZ 00419cfc f   qmenu.obj
 0001:00018d3d       ?Draw@menuFramework_t@@UAEXXZ 00419d3d f   qmenu.obj
 0001:000192f5       ?SelectItem@menuFramework_t@@QAE_NXZ 0041a2f5 f   qmenu.obj
 0001:00019353       ?SetStatusBar@menuFramework_t@@QAEXPBD@Z 0041a353 f   qmenu.obj
 0001:0001935d       ?SlideItem@menuFramework_t@@QAEXH@Z 0041a35d f   qmenu.obj
 0001:000198da       ?Push@menuFramework_t@@QAEXXZ 0041a8da f   qmenu.obj
 0001:00019962       ?M_ForceMenuOff@@YAXXZ     0041a962 f   qmenu.obj
 0001:00019985       ?Pop@menuFramework_t@@QAEXXZ 0041a985 f   qmenu.obj
 0001:000199bf       ?KeyDown@menuFramework_t@@UAEPBDH@Z 0041a9bf f   qmenu.obj
 0001:00019c33       ?Init@menuFramework_t@@UAE_NXZ 0041ac33 f   qmenu.obj
 0001:00019c36       ?M_Draw@@YAXXZ             0041ac36 f   qmenu.obj
 0001:00019c71       ?M_Keydown@@YAXH@Z         0041ac71 f   qmenu.obj
 0001:00019c90       ?InitRendererVars@@YAXXZ   0041ac90 f   ref_vars.obj
 0001:00019caf       ?S_SoundInfo_f@@YAXXZ      0041acaf f   snd_dma.obj
 0001:00019d39       ?S_ReadModelsSex@@YAXXZ    0041ad39 f   snd_dma.obj
 0001:00019e1e       ?S_IsFemale@@YA_NPBD@Z     0041ae1e f   snd_dma.obj
 0001:00019e72       ?S_Init@@YAXXZ             0041ae72 f   snd_dma.obj
 0001:00019f48       ?S_Shutdown@@YAXXZ         0041af48 f   snd_dma.obj
 0001:00019fdb       ?S_BeginRegistration@@YAXXZ 0041afdb f   snd_dma.obj
 0001:00019fe9       ?S_RegisterSound@@YAPAUsfx_t@@PBD@Z 0041afe9 f   snd_dma.obj
 0001:0001a182       ?S_EndRegistration@@YAXXZ  0041b182 f   snd_dma.obj
 0001:0001a21a       ?S_PickChannel@@YAPAUchannel_t@@HH@Z 0041b21a f   snd_dma.obj
 0001:0001a2a7       ?S_Spatialize@@YAXPAUchannel_t@@@Z 0041b2a7 f   snd_dma.obj
 0001:0001a43f       ?S_AllocPlaysound@@YAPAUplaysound_t@@XZ 0041b43f f   snd_dma.obj
 0001:0001a461       ?S_FreePlaysound@@YAXPAUplaysound_t@@@Z 0041b461 f   snd_dma.obj
 0001:0001a491       ?S_IssuePlaysound@@YAXPAUplaysound_t@@@Z 0041b491 f   snd_dma.obj
 0001:0001a55e       ?S_StartSound@@YAXQBMHHPAUsfx_t@@MMM@Z 0041b55e f   snd_dma.obj
 0001:0001a8d4       ?S_StartLocalSound@@YAXPBD@Z 0041b8d4 f   snd_dma.obj
 0001:0001a923       ?S_ClearBuffer@@YAXXZ      0041b923 f   snd_dma.obj
 0001:0001a98c       ?S_StopAllSounds_f@@YAXXZ  0041b98c f   snd_dma.obj
 0001:0001a9fc       ?S_AddLoopSounds@@YAXXZ    0041b9fc f   snd_dma.obj
 0001:0001abd2       ?S_RawSamples@@YAXHHHHPAE@Z 0041bbd2 f   snd_dma.obj
 0001:0001add6       ?S_Update@@YAXQBM000@Z     0041bdd6 f   snd_dma.obj
 0001:0001aecf       ?GetSoundtime@@YAXXZ       0041becf f   snd_dma.obj
 0001:0001af36       ?S_Update_@@YAXXZ          0041bf36 f   snd_dma.obj
 0001:0001b1e9       ?ResampleSfx@@YAXPAUsfx_t@@HHPAE@Z 0041c1e9 f   snd_mem.obj
 0001:0001b304       ?S_LoadSound@@YAPAUsfxcache_t@@PAUsfx_t@@@Z 0041c304 f   snd_mem.obj
 0001:0001b43c       ?GetWavinfo@@YA?AUwavinfo_t@@PADPAEH@Z 0041c43c f   snd_mem.obj
 0001:0001b67e       ?S_WriteLinearBlastStereo16@@YAXXZ 0041c67e f   snd_mix.obj
 0001:0001b6f2       ?S_TransferStereo16@@YAXPAKH@Z 0041c6f2 f   snd_mix.obj
 0001:0001b75b       ?S_TransferPaintBuffer@@YAXH@Z 0041c75b f   snd_mix.obj
 0001:0001b8bf       ?S_PaintChannels@@YAXH@Z   0041c8bf f   snd_mix.obj
 0001:0001bb5b       ?S_InitScaletable@@YAXXZ   0041cb5b f   snd_mix.obj
 0001:0001bd1c       ?SV_WipeSavegame@@YAXPAD@Z 0041cd1c f   sv_ccmds.obj
 0001:0001bd4a       ?SV_CopySaveGame@@YAXPAD0@Z 0041cd4a f   sv_ccmds.obj
 0001:0001bd9f       ?SV_WriteLevelFile@@YAXXZ  0041cd9f f   sv_ccmds.obj
 0001:0001be4d       ?SV_ReadLevelFile@@YAXXZ   0041ce4d f   sv_ccmds.obj
 0001:0001befb       ?SV_WriteServerFile@@YAX_NPAD@Z 0041cefb f   sv_ccmds.obj
 0001:0001c137       ?SV_ReadServerFile@@YAXXZ  0041d137 f   sv_ccmds.obj
 0001:0001c25c       ?SV_AddressBanned@@YA_NPAUnetadr_t@@@Z 0041d25c f   sv_ccmds.obj
 0001:0001c29d       ?SV_InitOperatorCommands@@YAXXZ 0041d29d f   sv_ccmds.obj
 0001:0001d29b       ?SV_WriteFrameToClient@@YAXPAUclient_t@@PAVsizebuf_t@@@Z 0041e29b f   sv_ents.obj
 0001:0001d487       ?SV_FatPVS@@YAXQAM@Z       0041e487 f   sv_ents.obj
 0001:0001d5a5       ?SV_BuildClientFrame@@YAXPAUclient_t@@@Z 0041e5a5 f   sv_ents.obj
 0001:0001d8ba       ?SV_RecordDemoMessage@@YAXXZ 0041e8ba f   sv_ents.obj
 0001:0001e3ea       ?SV_InitGameLibrary@@YAX_N@Z 0041f3ea f   sv_game.obj
 0001:0001e530       ?SV_ShutdownGameLibrary@@YAXXZ 0041f530 f   sv_game.obj
 0001:0001e68d       ?SV_FindIndex@@YAHPADHH_N@Z 0041f68d f   sv_init.obj
 0001:0001e79a       ?SV_ModelIndex@@YAHPAD@Z   0041f79a f   sv_init.obj
 0001:0001e7b0       ?SV_SoundIndex@@YAHPAD@Z   0041f7b0 f   sv_init.obj
 0001:0001e7c9       ?SV_ImageIndex@@YAHPAD@Z   0041f7c9 f   sv_init.obj
 0001:0001e7e2       ?SV_CreateBaseline@@YAXXZ  0041f7e2 f   sv_init.obj
 0001:0001e840       ?SV_CheckForSavegame@@YAXXZ 0041f840 f   sv_init.obj
 0001:0001e8c8       ?SV_SpawnServer@@YAXPAD0W4server_state_t@@_N2@Z 0041f8c8 f   sv_init.obj
 0001:0001eb96       ?SV_InitGame@@YAXXZ        0041fb96 f   sv_init.obj
 0001:0001ede0       ?SV_Map@@YAX_NPBD0@Z       0041fde0 f   sv_init.obj
 0001:0001efa9       ?SV_DropClient@@YAXPAUclient_t@@PAD@Z 0041ffa9 f   sv_main.obj
 0001:0001f05a       ?SV_StatusString@@YAPADXZ  0042005a f   sv_main.obj
 0001:0001f88d       ?SV_ConnectionlessPacket@@YAXXZ 0042088d f   sv_main.obj
 0001:0001f958       ?SV_CalcPings@@YAXXZ       00420958 f   sv_main.obj
 0001:0001f9df       ?SV_GiveMsec@@YAXXZ        004209df f   sv_main.obj
 0001:0001fa1e       ?SV_ReadPackets@@YAXXZ     00420a1e f   sv_main.obj
 0001:0001fb66       ?SV_CheckTimeouts@@YAXXZ   00420b66 f   sv_main.obj
 0001:0001fc77       ?SV_PostprocessFrame@@YAXXZ 00420c77 f   sv_main.obj
 0001:0002014e       ?SV_MulticastHook@@YAPAVsizebuf_t@@PAV1@0@Z 0042114e f   sv_main.obj
 0001:0002053f       ?SV_TraceHook@@YA?AUtrace_t@@QAM000PAUedict_s@@H@Z 0042153f f   sv_main.obj
 0001:000206ba       ?SV_Frame@@YAXM@Z          004216ba f   sv_main.obj
 0001:0002096e       ?SV_UserinfoChanged@@YAXPAUclient_t@@@Z 0042196e f   sv_main.obj
 0001:00020a32       ?SV_Init@@YAXXZ            00421a32 f   sv_main.obj
 0001:00020a94       ?SV_Shutdown@@YAXPBD_N@Z   00421a94 f   sv_main.obj
 0001:00020c9b       ?SV_BeginRedirect@@YAXXZ   00421c9b f   sv_send.obj
 0001:00020d45       ?SV_ClientPrintf@@YAXPAUclient_t@@HPBDZZ 00421d45 f   sv_send.obj
 0001:00020da0       ?SV_BroadcastPrintf@@YAXHPBDZZ 00421da0 f   sv_send.obj
 0001:00020e76       ?SV_BroadcastCommand@@YAXPBDZZ 00421e76 f   sv_send.obj
 0001:00020ecb       ?SV_Multicast@@YAXQAMW4multicast_t@@_N@Z 00421ecb f   sv_send.obj
 0001:00021109       ?SV_MulticastOld@@YAXQAMW4multicast_t@@@Z 00422109 f   sv_send.obj
 0001:0002111c       ?SV_MulticastNew@@YAXQAMW4multicast_t@@@Z 0042211c f   sv_send.obj
 0001:0002112f       ?SV_StartSound@@YAXQAMPAUedict_s@@HHMMM_N@Z 0042212f f   sv_send.obj
 0001:000213f7       ?SV_StartSoundOld@@YAXQAMPAUedict_s@@HHMMM@Z 004223f7 f   sv_send.obj
 0001:00021427       ?SV_StartSoundNew@@YAXQAMPAUedict_s@@HHMMM@Z 00422427 f   sv_send.obj
 0001:00021457       ?SV_SendClientDatagram@@YA_NPAUclient_t@@@Z 00422457 f   sv_send.obj
 0001:00021520       ?SV_DemoCompleted@@YAXXZ   00422520 f   sv_send.obj
 0001:0002153c       ?SV_RateDrop@@YA_NPAUclient_t@@@Z 0042253c f   sv_send.obj
 0001:00021586       ?SV_SendClientMessages@@YAXXZ 00422586 f   sv_send.obj
 0001:000216c9       ?SV_TokenizeString@@YAXPBD@Z 004226c9 f   sv_tokenize.obj
 0001:000217a0       ?SV_Argc@@YAHXZ            004227a0 f   sv_tokenize.obj
 0001:000217a6       ?SV_Argv@@YAPADH@Z         004227a6 f   sv_tokenize.obj
 0001:000217c0       ?SV_Args@@YAPADXZ          004227c0 f   sv_tokenize.obj
 0001:0002200d       ?SV_Nextserver@@YAXXZ      0042300d f   sv_user.obj
 0001:0002209c       ?SV_ExecuteUserCommand@@YAXPAD@Z 0042309c f   sv_user.obj
 0001:0002215e       ?SV_ClientThink@@YAXPAUclient_t@@PAUusercmd_t@@@Z 0042315e f   sv_user.obj
 0001:000221a1       ?SV_ExecuteClientMessage@@YAXPAUclient_t@@@Z 004231a1 f   sv_user.obj
 0001:000223bf       ?SV_ClearWorld@@YAXXZ      004233bf f   sv_world.obj
 0001:00022517       ?SV_UnlinkEdict@@YAXPAUedict_s@@@Z 00423517 f   sv_world.obj
 0001:000225da       ?SV_LinkEdict@@YAXPAUedict_s@@@Z 004235da f   sv_world.obj
 0001:00022c32       ?SV_AreaEdicts@@YAHQBM0PAPAUedict_s@@HH@Z 00423c32 f   sv_world.obj
 0001:00022de3       ?SV_PointContents@@YAHQBM@Z 00423de3 f   sv_world.obj
 0001:00022f09       ?SV_ClipMoveToEntities@@YAXPAUtrace_t@@QBM111PAUedict_s@@H@Z 00423f09 f   sv_world.obj
 0001:000232fd       ?SV_Trace@@YAXPAUtrace_t@@QBM111PAUedict_s@@H@Z 004242fd f   sv_world.obj
 0001:000233b7       ?InitByteDirs@@YAXXZ       004243b7 f   anorms.obj
 0001:000233f6       ?Cbuf_AddText@@YAXPBD@Z    004243f6 f   cmd.obj
 0001:00023458       ?Cbuf_CopyToDefer@@YAXXZ   00424458 f   cmd.obj
 0001:000234a0       ?Cbuf_InsertFromDefer@@YAXXZ 004244a0 f   cmd.obj
 0001:00023559       ?Cbuf_Execute@@YAXXZ       00424559 f   cmd.obj
 0001:0002365f       ?Cmd_Unalias_f@@YAX_NHPAPAD@Z 0042465f f   cmd.obj
 0001:000236d5       ?Cmd_WriteAliases@@YAXPAU_iobuf@@@Z 004246d5 f   cmd.obj
 0001:00023706       ?RegisterCommand@@YA_NPBDP6AXXZH@Z 00424706 f   cmd.obj
 0001:000237bf       ?UnregisterCommand@@YA_NPBD@Z 004247bf f   cmd.obj
 0001:00023850       ?Cmd_ExecuteString@@YA_NPBD@Z 00424850 f   cmd.obj
 0001:00023ca3       ?ExecuteCommand@@YA_NPBDPBUCSimpleCommand@@H@Z 00424ca3 f   cmd.obj
 0001:00023d6a       ?Cmd_Init@@YAXXZ           00424d6a f   cmd.obj
 0001:000240bc       ?CM_LoadMap@@YAPAUcmodel_t@@PBD_NPAI@Z 004250bc f   cmodel.obj
 0001:000247f0       ?PlaneTypeForNormal@@YAHQBM@Z 004257f0 f i cmodel.obj
 0001:000249a8       ?CM_InlineModel@@YAPAUcmodel_t@@PBD@Z 004259a8 f   cmodel.obj
 0001:000249e9       ?CM_NumClusters@@YAHXZ     004259e9 f   cmodel.obj
 0001:000249ef       ?CM_NumInlineModels@@YAHXZ 004259ef f   cmodel.obj
 0001:000249f5       ?CM_EntityString@@YAPBDXZ  004259f5 f   cmodel.obj
 0001:000249fb       ?CM_LeafContents@@YAHH@Z   004259fb f   cmodel.obj
 0001:00024a22       ?CM_LeafCluster@@YAHH@Z    00425a22 f   cmodel.obj
 0001:00024a98       ?CM_LeafArea@@YAHH@Z       00425a98 f   cmodel.obj
 0001:00024c5f       ?CM_HeadnodeForBox@@YAHQAM0@Z 00425c5f f   cmodel.obj
 0001:00024d14       ?CM_PointLeafnum@@YAHQBMH@Z 00425d14 f   cmodel.obj
 0001:00024db6       ?DISTANCE_TO_PLANE@@YAMQBMPBUcplane_t@@@Z 00425db6 f i cmodel.obj
 0001:00024dfe       ?CM_PointContents@@YAHQBMH@Z 00425dfe f   cmodel.obj
 0001:00024e73       ?CM_TransformedPointContents@@YAHQBMHQAM1@Z 00425e73 f   cmodel.obj
 0001:00024fac       ?CM_TransformedPointContents2@@YAHQBMHQAMPAY02M@Z 00425fac f   cmodel.obj
 0001:0002509d       ?CM_BoxLeafnums@@YAHQBM0PAHH1H@Z 0042609d f   cmodel.obj
 0001:000251b1       ?BOX_ON_PLANE_SIDE@@YAHQBM0PBUcplane_t@@@Z 004261b1 f i cmodel.obj
 0001:00025236       ?CM_BoxTrace@@YAXPAUtrace_t@@QBM111HH@Z 00426236 f   cmodel.obj
 0001:00025cda       ?CM_TransformedBoxTrace@@YAXPAUtrace_t@@QBM111HH11@Z 00426cda f   cmodel.obj
 0001:00025faa       ?CM_TransformedBoxTrace2@@YAXPAUtrace_t@@QBM111HH1PAY02$$CBM@Z 00426faa f   cmodel.obj
 0001:000261bf       ?CM_BrushTrace@@YAHQBM0PAHH@Z 004271bf f   cmodel.obj
 0001:000265e5       ?CM_RefineBrushTrace@@YAHQBM0PAHH@Z 004275e5 f   cmodel.obj
 0001:0002668b       ?CM_ClusterPVS@@YAPAEH@Z   0042768b f   cmodel.obj
 0001:000267cf       ?CM_ClusterPHS@@YAPAEH@Z   004277cf f   cmodel.obj
 0001:00026932       ?CM_SetAreaPortalState@@YAXH_N@Z 00427932 f   cmodel.obj
 0001:00026957       ?CM_AreasConnected@@YA_NHH@Z 00427957 f   cmodel.obj
 0001:0002699b       ?CM_WriteAreaBits@@YAHPAEH@Z 0042799b f   cmodel.obj
 0001:00026a3d       ?CM_WritePortalState@@YAXPAU_iobuf@@@Z 00427a3d f   cmodel.obj
 0001:00026a57       ?CM_ReadPortalState@@YAXPAU_iobuf@@@Z 00427a57 f   cmodel.obj
 0001:00026a75       ?CM_HeadnodeVisible@@YA_NHPAE@Z 00427a75 f   cmodel.obj
 0001:00026b50       ?Com_BeginRedirect@@YAXPADHP6AX0@Z@Z 00427b50 f   common.obj
 0001:00026b7d       ?Com_EndRedirect@@YAXXZ    00427b7d f   common.obj
 0001:00026b9c       ?Com_Printf@@YAXPBDZZ      00427b9c f   common.obj
 0001:00026d94       ?Com_DPrintf@@YAXPBDZZ     00427d94 f   common.obj
 0001:00026e0d       ?DebugPrintf@@YAXPBDZZ     00427e0d f   common.obj
 0001:00026eb7       ?Com_WPrintf@@YAXPBDZZ     00427eb7 f   common.obj
 0001:00026f11       ?Com_Quit@@YAXXZ           00427f11 f   common.obj
 0001:00026f31       ?IPWildcard@@YA_NPAUnetadr_t@@PAD@Z 00427f31 f   common.obj
 0001:0002700b       ?Com_ServerState@@YA?AW4server_state_t@@XZ 0042800b f   common.obj
 0001:00027011       ?Com_SetServerState@@YAXW4server_state_t@@@Z 00428011 f   common.obj
 0001:0002701b       ?frand@@YAMXZ              0042801b f   common.obj
 0001:00027033       ?crand@@YAMXZ              00428033 f   common.obj
 0001:00027051       ?Info_ValueForKey@@YAPBDPBD0@Z 00428051 f   common.obj
 0001:000270d0       ?Info_SetValueForKey@@YAXPADPBD1@Z 004280d0 f   common.obj
 0001:00027233       ?Info_Print@@YAXPBD@Z      00428233 f   common.obj
 0001:000272b9       ?Com_CheckCmdlineVar@@YA_NPBD@Z 004282b9 f   common.obj
 0001:0002730f       ?Com_Init@@YAXPBD@Z        0042830f f   common.obj
 0001:000276dd       ?Com_Frame@@YAXM@Z         004286dd f   common.obj
 0001:00027a1b       ?Com_Shutdown@@YAXXZ       00428a1b f   common.obj
 0001:00027a34       ?Com_BlockSequenceCRCByte@@YAEPAEHH@Z 00428a34 f   crc.obj
 0001:00027aea       ?Cvar_VariableValue@@YAMPBD@Z 00428aea f   cvar.obj
 0001:00027b58       ?Cvar_VariableInt@@YAHPBD@Z 00428b58 f   cvar.obj
 0001:00027b6b       ?Cvar_VariableString@@YAPBDPBD@Z 00428b6b f   cvar.obj
 0001:00027b83       ?Cvar_Get@@YAPAUcvar_t@@PBD0H@Z 00428b83 f   cvar.obj
 0001:00027e3a       ?Cvar_GetVars@@YAXPBUcvarInfo_t@@H@Z 00428e3a f   cvar.obj
 0001:00027ee4       ?Cvar_FullSet@@YAPAUcvar_t@@PBD0I@Z 00428ee4 f   cvar.obj
 0001:00027f3e       ?Cvar_SetValue@@YAPAUcvar_t@@PBDM@Z 00428f3e f   cvar.obj
 0001:00028164       ?Cvar_SetInteger@@YAPAUcvar_t@@PBDH@Z 00429164 f   cvar.obj
 0001:00028186       ?Cvar_Set@@YAPAUcvar_t@@PBD0@Z 00429186 f   cvar.obj
 0001:0002819b       ?Cvar_ForceSet@@YAPAUcvar_t@@PBD0@Z 0042919b f   cvar.obj
 0001:000281b0       ?Cvar_Clamp@@YAMPAUcvar_t@@MM@Z 004291b0 f   cvar.obj
 0001:0002820e       ?Cvar_GetLatchedVars@@YAXXZ 0042920e f   cvar.obj
 0001:0002823d       ?Cvar_Command@@YA_NHPAPAD@Z 0042923d f   cvar.obj
 0001:000282d6       ?IsDefault@cvar_t@@QAE_NXZ 004292d6 f i cvar.obj
 0001:000282f3       ?Cvar_WriteVariables@@YAXPAU_iobuf@@HHPBD@Z 004292f3 f   cvar.obj
 0001:0002837b       ?Cvar_Userinfo@@YAPBDXZ    0042937b f   cvar.obj
 0001:000283d6       ?Cvar_Serverinfo@@YAPBDXZ  004293d6 f   cvar.obj
 0001:000283df       ?Cvar_Cheats@@YAX_N@Z      004293df f   cvar.obj
 0001:00028430       ?Cvar_Init@@YAXXZ          00429430 f   cvar.obj
 0001:00028aef       ?MSG_WriteDeltaEntity@@YAXPAVsizebuf_t@@PBUentity_state_t@@PAU2@_N3@Z 00429aef f   entdelta.obj
 0001:00029092       ?MSG_WriteRemoveEntity@@YAXPAVsizebuf_t@@H@Z 0042a092 f   entdelta.obj
 0001:000290d2       ?MSG_ReadEntityBits@@YAHPAVsizebuf_t@@PAIPA_N@Z 0042a0d2 f   entdelta.obj
 0001:00029143       ?MSG_ReadDeltaEntity@@YAXPAVsizebuf_t@@PBUentity_state_t@@PAU2@I@Z 0042a143 f   entdelta.obj
 0001:000291c6       ?MSG_WriteDeltaUsercmd@@YAXPAVsizebuf_t@@PBUusercmd_t@@PAU2@@Z 0042a1c6 f   entdelta.obj
 0001:00029255       ?MSG_ReadDeltaUsercmd@@YAXPAVsizebuf_t@@PBUusercmd_t@@PAU2@@Z 0042a255 f   entdelta.obj
 0001:000292d8       ?MSG_WriteDeltaPlayerstate@@YAXPAVsizebuf_t@@PBUplayer_state_t@@PAU2@@Z 0042a2d8 f   entdelta.obj
 0001:000293e1       ?MSG_ReadDeltaPlayerstate@@YAXPAVsizebuf_t@@PBUplayer_state_t@@PAU2@@Z 0042a3e1 f   entdelta.obj
 0001:000294b5       ?FS_CreatePath@@YAXPBD@Z   0042a4b5 f   files.obj
 0001:0002951b       ?FS_CopyFile@@YAXPBD0@Z    0042a51b f   files.obj
 0001:0002961e       ?FS_CopyFiles@@YAXPBD0@Z   0042a61e f   files.obj
 0001:000296f7       ?FS_RemoveFiles@@YAXPBD@Z  0042a6f7 f   files.obj
 0001:0002976b       ?FS_FCloseFile@@YAXPAVQFILE@@@Z 0042a76b f   files.obj
 0001:00029806       ?FS_FOpenFile@@YAPAVQFILE@@PBDPAH@Z 0042a806 f   files.obj
 0001:00029d12       ?FS_FileExists@@YA_NPBD@Z  0042ad12 f   files.obj
 0001:00029f2b       ?FS_Read@@YAXPAXHPAVQFILE@@@Z 0042af2b f   files.obj
 0001:0002a18d       ?FS_LoadFile@@YAPAXPBDPAI@Z 0042b18d f   files.obj
 0001:0002a1e3       ?FS_FreeFile@@YAXPAX@Z     0042b1e3 f   files.obj
 0001:0002a1ee       ?FS_Gamedir@@YAPADXZ       0042b1ee f   files.obj
 0001:0002a202       ?FS_LoadGameConfig@@YAXXZ  0042b202 f   files.obj
 0001:0002a2c7       ?FS_SetGamedir@@YA_NPBD@Z  0042b2c7 f   files.obj
 0001:0002a9b2       ?FS_ListFiles@@YA?AV?$TList@VCStringItem@@@@PBDH@Z 0042b9b2 f   files.obj
 0001:0002acba       ?FS_NextPath@@YAPADPBD@Z   0042bcba f   files.obj
 0001:0002acde       ?FS_InitFilesystem@@YAXXZ  0042bcde f   files.obj
 0001:0002b68a       ?LoadPCX@@YAXPBDPAPAE1PAH2@Z 0042c68a f   images.obj
 0001:0002b7d4       ?LoadTGA@@YAXPBDPAPAEPAH2@Z 0042c7d4 f   images.obj
 0001:0002b9cf       ?LoadJPG@@YAXPBDPAPAEPAH2@Z 0042c9cf f   images.obj
 0001:0002bc5b       ?ImageExists@@YAHPBDH@Z    0042cc5b f   images.obj
 0001:0002bd59       ?WriteTGA@@YA_NPBDPAEHH@Z  0042cd59 f   images.obj
 0001:0002bf43       ?WriteJPG@@YA_NPBDPAEHH_N@Z 0042cf43 f   images.obj
 0001:0002c06a       ?MD4Init@@YAXPAUMD4_CTX@@@Z 0042d06a f   md4.obj
 0001:0002c092       ?MD4Update@@YAXPAUMD4_CTX@@PAEI@Z 0042d092 f   md4.obj
 0001:0002c130       ?MD4Final@@YAXQAEPAUMD4_CTX@@@Z 0042d130 f   md4.obj
 0001:0002c821       ?Com_BlockChecksum@@YAIPAXH@Z 0042d821 f   md4.obj
 0001:0002c85d       ?LoadQ2BspFile@@YAXXZ      0042d85d f   model.obj
 0001:0002cc35       ?LoadBspFile@@YAPAUbspfile_t@@PBD_NPAI@Z 0042dc35 f   model.obj
 0001:0002cde3       ?ProcessEntstring@@YAPADPAD@Z 0042dde3 f   model.obj
 0001:0002dc8c       ?Init@sizebuf_t@@QAEXPAXH@Z 0042ec8c f   msg.obj
 0001:0002dca7       ?Write@sizebuf_t@@QAEXPBXH@Z 0042eca7 f   msg.obj
 0001:0002dd17       ?MSG_WriteByte@@YAXPAVsizebuf_t@@H@Z 0042ed17 f   msg.obj
 0001:0002dd17       ?MSG_WriteChar@@YAXPAVsizebuf_t@@H@Z 0042ed17 f   msg.obj
 0001:0002dd28       ?MSG_WriteShort@@YAXPAVsizebuf_t@@H@Z 0042ed28 f   msg.obj
 0001:0002dd39       ?MSG_WriteLong@@YAXPAVsizebuf_t@@H@Z 0042ed39 f   msg.obj
 0001:0002dd39       ?MSG_WriteFloat@@YAXPAVsizebuf_t@@M@Z 0042ed39 f   msg.obj
 0001:0002dd4a       ?MSG_WriteString@@YAXPAVsizebuf_t@@PBD@Z 0042ed4a f   msg.obj
 0001:0002dd74       ?MSG_WritePos@@YAXPAVsizebuf_t@@QAM@Z 0042ed74 f   msg.obj
 0001:0002ddd8       ?MSG_WriteAngle@@YAXPAVsizebuf_t@@M@Z 0042edd8 f   msg.obj
 0001:0002de03       ?MSG_WriteAngle16@@YAXPAVsizebuf_t@@M@Z 0042ee03 f   msg.obj
 0001:0002de2e       ?MSG_WriteDir@@YAXPAVsizebuf_t@@QAM@Z 0042ee2e f   msg.obj
 0001:0002de95       ?MSG_ReadDir@@YAXPAVsizebuf_t@@QAM@Z 0042ee95 f   msg.obj
 0001:0002dec6       ?MSG_ReadChar@@YAHPAVsizebuf_t@@@Z 0042eec6 f   msg.obj
 0001:0002dee6       ?MSG_ReadByte@@YAHPAVsizebuf_t@@@Z 0042eee6 f   msg.obj
 0001:0002df06       ?MSG_ReadShort@@YAHPAVsizebuf_t@@@Z 0042ef06 f   msg.obj
 0001:0002df26       ?MSG_ReadLong@@YAHPAVsizebuf_t@@@Z 0042ef26 f   msg.obj
 0001:0002df45       ?MSG_ReadString@@YAPADPAVsizebuf_t@@@Z 0042ef45 f   msg.obj
 0001:0002df78       ?MSG_ReadPos@@YAXPAVsizebuf_t@@QAM@Z 0042ef78 f   msg.obj
 0001:0002dfca       ?MSG_ReadAngle@@YAMPAVsizebuf_t@@@Z 0042efca f   msg.obj
 0001:0002dfe4       ?MSG_ReadAngle16@@YAMPAVsizebuf_t@@@Z 0042efe4 f   msg.obj
 0001:0002dffe       ?MSG_ReadData@@YAXPAVsizebuf_t@@PAXH@Z 0042effe f   msg.obj
 0001:0002e021       ?Netchan_Init@@YAXXZ       0042f021 f   net_chan.obj
 0001:0002e095       ?Netchan_OutOfBandPrint@@YAXW4netsrc_t@@Unetadr_t@@PBDZZ 0042f095 f   net_chan.obj
 0001:0002e11c       ?Setup@netchan_t@@QAEXW4netsrc_t@@Unetadr_t@@H@Z 0042f11c f   net_chan.obj
 0001:0002e174       ?NeedReliable@netchan_t@@QAE_NXZ 0042f174 f   net_chan.obj
 0001:0002e199       ?Transmit@netchan_t@@QAEXPAXH@Z 0042f199 f   net_chan.obj
 0001:0002e336       ?Process@netchan_t@@QAE_NPAVsizebuf_t@@@Z 0042f336 f   net_chan.obj
 0001:0002e464       ?Pmove@@YAXPAUpmove_t@@@Z  0042f464 f   pmove.obj
 0001:000301fe       ?NormalizeColor@@YAMQBMQAM@Z 004311fe f   q_shared2.obj
 0001:0003025f       ?NormalizeColor255@@YAMQBMQAM@Z 0043125f f   q_shared2.obj
 0001:000302c4       ?Q_rsqrt@@YAMM@Z           004312c4 f   q_shared2.obj
 0001:000302f4       ?AngleVectors@@YAXQBMQAM11@Z 004312f4 f   q_shared2.obj
 0001:00030455       ?MakeNormalVectors@@YAXQAM00@Z 00431455 f   q_shared2.obj
 0001:000304bc       ?SetPlaneSignbits@@YAXPAUcplane_t@@@Z 004314bc f   q_shared2.obj
 0001:000304df       ?LerpAngle@@YAMMMM@Z       004314df f   q_shared2.obj
 0001:00030522       ?anglemod@@YAMM@Z          00431522 f   q_shared2.obj
 0001:0003054e       ?BoxOnPlaneSide@@YAHQBM0PBUcplane_t@@@Z 0043154e f   q_shared2.obj
 0001:00030671       ?ClearBounds@@YAXQAM0@Z    00431671 f   q_shared2.obj
 0001:0003069a       ?AddPointToBounds@@YAXQBMQAM1@Z 0043169a f   q_shared2.obj
 0001:000306d3       ?VectorCompare@@YA_NQBM0@Z 004316d3 f   q_shared2.obj
 0001:00030700       ?VectorNormalize@@YAMQAM@Z 00431700 f   q_shared2.obj
 0001:00030759       ?VectorNormalize2@@YAMQBMQAM@Z 00431759 f   q_shared2.obj
 0001:000307b4       ?VectorNormalizeFast@@YAMQAM@Z 004317b4 f   q_shared2.obj
 0001:00030807       ?CrossProduct@@YAXQBM0QAM@Z 00431807 f   q_shared2.obj
 0001:00030842       ?VectorLength@@YAMQBM@Z    00431842 f   q_shared2.obj
 0001:00030871       ?VectorDistance@@YAMQBM0@Z 00431871 f   q_shared2.obj
 0001:000308a2       ?VectorScale@@YAXQBMMQAM@Z 004318a2 f   q_shared2.obj
 0001:000308c6       ?AnglesToAxis@@YAXQBMQAY02M@Z 004318c6 f   q_shared2.obj
 0001:00030904       ?ShortSwap@@YAFF@Z         00431904 f   q_shared2.obj
 0001:00030919       ?COM_Parse@@YAPADAAPBD_N@Z 00431919 f   q_shared2.obj
 0001:00030a3d       ?COM_QuoteString@@YAPBDPBD_N@Z 00431a3d f   q_shared2.obj
 0001:00030a98       ?Com_PageInMemory@@YAXPAXH@Z 00431a98 f   q_shared2.obj
 0001:00030ab7       ?Zip_OpenArchive@@YAPAU_iobuf@@PBD@Z 00431ab7 f   zip.obj
 0001:00030b22       ?Zip_CloseArchive@@YAXPAU_iobuf@@@Z 00431b22 f   zip.obj
 0001:00030b2e       ?Zip_EnumArchive@@YA_NPAU_iobuf@@P6A_NPAUzipFile_t@@@Z@Z 00431b2e f   zip.obj
 0001:00030d0b       ?Zip_OpenFile@@YAPAUZFILE@@PAU_iobuf@@PAUzipFile_t@@@Z 00431d0b f   zip.obj
 0001:00030def       ?Zip_ReadFile@@YAHPAUZFILE@@PAXH@Z 00431def f   zip.obj
 0001:00030ee5       ?Zip_CloseFile@@YA_NPAUZFILE@@@Z 00431ee5 f   zip.obj
 0001:00030f29       ?Zip_OpenBuf@@YAPAUZBUF@@PAXH@Z 00431f29 f   zip.obj
 0001:00030f67       ?Zip_ReadBuf@@YAHPAUZBUF@@PAXH@Z 00431f67 f   zip.obj
 0001:00030faf       ?Zip_CloseBuf@@YAXPAUZBUF@@@Z 00431faf f   zip.obj
 0001:00030fc4       _zcalloc                   00431fc4 f   zip.obj
 0001:00030fd8       _zcfree                    00431fd8 f   zip.obj
 0001:00030fe3       ?CDAudio_Play2@@YAXH_N@Z   00431fe3 f   cd_win.obj
 0001:000311c2       ?CDAudio_Play@@YAXH_N@Z    004321c2 f   cd_win.obj
 0001:000311d9       ?CDAudio_Stop@@YAXXZ       004321d9 f   cd_win.obj
 0001:0003121e       ?CDAudio_Pause@@YAXXZ      0043221e f   cd_win.obj
 0001:00031277       ?CDAudio_Resume@@YAXXZ     00432277 f   cd_win.obj
 0001:000312e6       ?CDAudio_MessageHandler@@YAJPAUHWND__@@IIJ@Z 004322e6 f   cd_win.obj
 0001:0003137d       ?CDAudio_Update@@YAXXZ     0043237d f   cd_win.obj
 0001:000313b1       ?CDAudio_Init@@YAHXZ       004323b1 f   cd_win.obj
 0001:00031763       ?CDAudio_Shutdown@@YAXXZ   00432763 f   cd_win.obj
 0001:00031796       ?CDAudio_Activate@@YAX_N@Z 00432796 f   cd_win.obj
 0001:000317a7       ?IN_MouseEvent@@YAXI@Z     004327a7 f   in_win.obj
 0001:000317e7       ?IN_Commands@@YAXXZ        004327e7 f   in_win.obj
 0001:0003190f       ?IN_Init@@YAXXZ            0043290f f   in_win.obj
 0001:00031c06       ?IN_Shutdown@@YAXXZ        00432c06 f   in_win.obj
 0001:00031d0e       ?IN_Move@@YAXPAUusercmd_t@@@Z 00432d0e f   in_win.obj
 0001:000321fd       ?IN_Activate@@YAX_N@Z      004331fd f   in_win.obj
 0001:00032207       ?IN_Frame@@YAXXZ           00433207 f   in_win.obj
 0001:00032677       ?NetadrToSockadr@@YAXPAUnetadr_t@@PAUsockaddr@@@Z 00433677 f   net_wins.obj
 0001:000326fc       ?SockadrToNetadr@@YAXPAUsockaddr@@PAUnetadr_t@@@Z 004336fc f   net_wins.obj
 0001:0003274c       ?NET_CompareAdr@@YA_NPAUnetadr_t@@0@Z 0043374c f   net_wins.obj
 0001:000327a2       ?NET_CompareBaseAdr@@YA_NPAUnetadr_t@@0@Z 004337a2 f   net_wins.obj
 0001:000327ed       ?NET_AdrToString@@YAPADPAUnetadr_t@@@Z 004337ed f   net_wins.obj
 0001:000328a6       ?NET_StringToAdr@@YA_NPBDPAUnetadr_t@@@Z 004338a6 f   net_wins.obj
 0001:00032b30       ?NET_IsLocalAddress@@YA_NPAUnetadr_t@@@Z 00433b30 f   net_wins.obj
 0001:00032b3c       ?NET_GetLoopPacket@@YA_NW4netsrc_t@@PAUnetadr_t@@PAVsizebuf_t@@@Z 00433b3c f   net_wins.obj
 0001:00032bc7       ?NET_SendLoopPacket@@YAXW4netsrc_t@@HPAXUnetadr_t@@@Z 00433bc7 f   net_wins.obj
 0001:00032c1c       ?NET_GetPacket@@YA_NW4netsrc_t@@PAUnetadr_t@@PAVsizebuf_t@@@Z 00433c1c f   net_wins.obj
 0001:00032d39       ?NET_SendPacket@@YAXW4netsrc_t@@HPAXUnetadr_t@@@Z 00433d39 f   net_wins.obj
 0001:00032e0a       ?NET_Config@@YAX_N@Z       00433e0a f   net_wins.obj
 0001:0003317f       ?NET_Init@@YAXXZ           0043417f f   net_wins.obj
 0001:00033239       ?Sys_Mkdir@@YAXPAD@Z       00434239 f   fs_win.obj
 0001:00033245       ?Sys_FindFirst@@YAPBDPBDH@Z 00434245 f   fs_win.obj
 0001:000332ff       ?Sys_FindNext@@YAPBDXZ     004342ff f   fs_win.obj
 0001:00033369       ?Sys_FindClose@@YAXXZ      00434369 f   fs_win.obj
 0001:00033383       ?Sys_FileExists@@YA_NPBDH@Z 00434383 f   fs_win.obj
 0001:000333a1       ?SNDDMA_Init@@YA_NXZ       004343a1 f   snd_win.obj
 0001:000339e0       ?SNDDMA_GetDMAPos@@YAHXZ   004349e0 f   snd_win.obj
 0001:00033a2a       ?SNDDMA_BeginPainting@@YAXXZ 00434a2a f   snd_win.obj
 0001:00033b42       ?SNDDMA_Submit@@YAXXZ      00434b42 f   snd_win.obj
 0001:00033b67       ?SNDDMA_Shutdown@@YAXXZ    00434b67 f   snd_win.obj
 0001:00033b6c       ?S_Activate@@YAX_N@Z       00434b6c f   snd_win.obj
 0001:00033b97       ?Sys_Quit@@YAXXZ           00434b97 f   sys_win.obj
 0001:00033c4f       ?Sys_Init@@YAXXZ           00434c4f f   sys_win.obj
 0001:00033cc7       ?Sys_ConsoleInput@@YAPADXZ 00434cc7 f   sys_win.obj
 0001:00033f82       ?Sys_ConsoleOutput@@YAXPBD@Z 00434f82 f   sys_win.obj
 0001:0003400f       ?Sys_SendKeyEvents@@YAXXZ  0043500f f   sys_win.obj
 0001:000340c7       ?Sys_UnloadGame@@YAXXZ     004350c7 f   sys_win.obj
 0001:00034142       ?Sys_GetGameAPI@@YAPAXPAX@Z 00435142 f   sys_win.obj
 0001:00034299       _WinMain@16                00435299 f   sys_win.obj
 0001:0003451f       ?Vid_CreateWindow@@YAPAXHH_N@Z 0043551f f   vid_dll.obj
 0001:00034c9c       ?Vid_DestroyWindow@@YAX_N@Z 00435c9c f   vid_dll.obj
 0001:00034cd7       ?Vid_Restart@@YAXXZ        00435cd7 f   vid_dll.obj
 0001:00034cdf       ?Vid_GetModeInfo@@YA_NPAH0H@Z 00435cdf f   vid_dll.obj
 0001:00034d0f       ?Vid_Tick@@YAXXZ           00435d0f f   vid_dll.obj
 0001:00034ebf       ?Vid_Init@@YAXXZ           00435ebf f   vid_dll.obj
 0001:00034f90       ?Vid_Shutdown@@YAXXZ       00435f90 f   vid_dll.obj
 0001:00034faf       ?Tesselate@surfacePlanar_t@OpenGLDrv@@UAEXXZ 00435faf f   gl_backend.obj
 0001:00036ba0       ?Tesselate@surfacePoly_t@OpenGLDrv@@UAEXXZ 00437ba0 f   gl_backend.obj
 0001:00036c9b       ?Tesselate@surfaceMd3_t@OpenGLDrv@@UAEXXZ 00437c9b f   gl_backend.obj
 0001:00037250       ?Tesselate@surfaceEntity_t@OpenGLDrv@@UAEXXZ 00438250 f   gl_backend.obj
 0001:0003738c       ?Tesselate@surfaceParticle_t@OpenGLDrv@@UAEXXZ 0043838c f   gl_backend.obj
 0001:000375ba       ?BackEnd@OpenGLDrv@@YAXXZ  004385ba f   gl_backend.obj
 0001:0003858d       ?DrawStretchPic@OpenGLDrv@@YAXPAVshader_t@1@HHHHMMMMIE@Z 0043958d f   gl_backend.obj
 0001:00038659       ?InitBackend@OpenGLDrv@@YAXXZ 00439659 f   gl_backend.obj
 0001:0003868d       ?ShutdownBackend@OpenGLDrv@@YAXXZ 0043968d f   gl_backend.obj
 0001:000386a5       ?AllocDynamicMemory@OpenGLDrv@@YAPAXH@Z 004396a5 f   gl_buffers.obj
 0001:00038710       ?ResizeDynamicMemory@OpenGLDrv@@YAXPAXH@Z 00439710 f   gl_buffers.obj
 0001:00038752       ?AddSurfaceToPortal@OpenGLDrv@@YAXPAVsurfaceCommon_t@1@PAVshader_t@1@HH@Z 00439752 f   gl_buffers.obj
 0001:000387bb       ?InsertShaderIndex@OpenGLDrv@@YAXH@Z 004397bb f   gl_buffers.obj
 0001:000387f4       ?ClearPortal@OpenGLDrv@@YAXXZ 004397f4 f   gl_buffers.obj
 0001:00038812       ?FinishPortal@OpenGLDrv@@YAXXZ 00439812 f   gl_buffers.obj
 0001:00038863       ?SortSurfaces@OpenGLDrv@@YAXPAUviewPortal_t@1@PAPAUsurfaceInfo_t@1@@Z 00439863 f   gl_buffers.obj
 0001:000389f5       ?ClearBuffers@OpenGLDrv@@YAXXZ 004399f5 f   gl_buffers.obj
 0001:00038a0c       ?CreateBuffers@OpenGLDrv@@YAXXZ 00439a0c f   gl_buffers.obj
 0001:00038a32       ?FreeBuffers@OpenGLDrv@@YAXXZ 00439a32 f   gl_buffers.obj
 0001:00038a56       ?InitEntity@model_t@OpenGLDrv@@UAEXPAUentity_t@@PAUrefEntity_t@2@@Z 00439a56 f   gl_frontend.obj
 0001:00038a6e       ?AddSurfaces@model_t@OpenGLDrv@@UAEXPAUrefEntity_t@2@@Z 00439a6e f   gl_frontend.obj
 0001:00038a9c       ?GetLeaf@model_t@OpenGLDrv@@UAEPAUnode_t@2@PAUrefEntity_t@2@@Z 00439a9c f   gl_frontend.obj
 0001:00038aad       ?DrawLabel@model_t@OpenGLDrv@@UAEXPAUrefEntity_t@2@@Z 00439aad f   gl_frontend.obj
 0001:00038ab0       ?InitEntity@inlineModel_t@OpenGLDrv@@UAEXPAUentity_t@@PAUrefEntity_t@2@@Z 00439ab0 f   gl_frontend.obj
 0001:00038b27       ?AddSurfaces@inlineModel_t@OpenGLDrv@@UAEXPAUrefEntity_t@2@@Z 00439b27 f   gl_frontend.obj
 0001:00039060       ?GetLeaf@inlineModel_t@OpenGLDrv@@UAEPAUnode_t@2@PAUrefEntity_t@2@@Z 0043a060 f   gl_frontend.obj
 0001:0003920c       ?DrawLabel@inlineModel_t@OpenGLDrv@@UAEXPAUrefEntity_t@2@@Z 0043a20c f   gl_frontend.obj
 0001:00039252       ?InitEntity@md3Model_t@OpenGLDrv@@UAEXPAUentity_t@@PAUrefEntity_t@2@@Z 0043a252 f   gl_frontend.obj
 0001:00039449       ?AddSurfaces@md3Model_t@OpenGLDrv@@UAEXPAUrefEntity_t@2@@Z 0043a449 f   gl_frontend.obj
 0001:000394af       ?GetLeaf@md3Model_t@OpenGLDrv@@UAEPAUnode_t@2@PAUrefEntity_t@2@@Z 0043a4af f   gl_frontend.obj
 0001:000394e7       ?DrawLabel@md3Model_t@OpenGLDrv@@UAEXPAUrefEntity_t@2@@Z 0043a4e7 f   gl_frontend.obj
 0001:00039542       ?InitEntity@sp2Model_t@OpenGLDrv@@UAEXPAUentity_t@@PAUrefEntity_t@2@@Z 0043a542 f   gl_frontend.obj
 0001:0003955c       ?AddSurfaces@sp2Model_t@OpenGLDrv@@UAEXPAUrefEntity_t@2@@Z 0043a55c f   gl_frontend.obj
 0001:000396e1       ?GetLeaf@sp2Model_t@OpenGLDrv@@UAEPAUnode_t@2@PAUrefEntity_t@2@@Z 0043a6e1 f   gl_frontend.obj
 0001:000397c2       ?AddEntity@OpenGLDrv@@YAXPAUentity_t@@@Z 0043a7c2 f   gl_frontend.obj
 0001:000399af       ?AddDlight@OpenGLDrv@@YAXPAUdlight_t@@@Z 0043a9af f   gl_frontend.obj
 0001:00039b67       ?DrawPortal@OpenGLDrv@@YAXXZ 0043ab67 f   gl_frontend.obj
 0001:0003bb7c       ?GL_TextureMode@OpenGLDrv@@YAXPBD@Z 0043cb7c f   gl_image.obj
 0001:0003bc24       ?CreateImage@OpenGLDrv@@YAPAVimage_t@1@PBDPAXHHI@Z 0043cc24 f   gl_image.obj
 0001:0003c995       ?LoadDelayedImages@OpenGLDrv@@YAXXZ 0043d995 f   gl_image.obj
 0001:0003ca28       ?DrawStretchRaw8@OpenGLDrv@@YAXHHHHHHPAEPAI@Z 0043da28 f   gl_image.obj
 0001:0003cde9       ?SetupGamma@OpenGLDrv@@YAXXZ 0043dde9 f   gl_image.obj
 0001:0003cf2f       ?PerformScreenshot@OpenGLDrv@@YAXXZ 0043df2f f   gl_image.obj
 0001:0003d1bc       ?InitImages@OpenGLDrv@@YAXXZ 0043e1bc f   gl_image.obj
 0001:0003d98d       ?ShutdownImages@OpenGLDrv@@YAXXZ 0043e98d f   gl_image.obj
 0001:0003d9f4       ?ShowImages@OpenGLDrv@@YAXXZ 0043e9f4 f   gl_image.obj
 0001:0003dc7c       ?FindImage@OpenGLDrv@@YAPAVimage_t@1@PBDI@Z 0043ec7c f   gl_image.obj
 0001:0003df1c       ?GL_Lock@OpenGLDrv@@YAXXZ  0043ef1c f   gl_interface.obj
 0001:0003df94       ?GL_Unlock@OpenGLDrv@@YAXXZ 0043ef94 f   gl_interface.obj
 0001:0003e156       ?GL_Bind@OpenGLDrv@@YAXPAVimage_t@1@@Z 0043f156 f   gl_interface.obj
 0001:0003e280       ?GL_BindForce@OpenGLDrv@@YAXPAVimage_t@1@@Z 0043f280 f   gl_interface.obj
 0001:0003e2fe       ?GL_TexEnv@OpenGLDrv@@YAXI@Z 0043f2fe f   gl_interface.obj
 0001:0003e47d       ?GL_TexMipBias@OpenGLDrv@@YAXM@Z 0043f47d f   gl_interface.obj
 0001:0003e4d8       ?GL_TexEnvColor@OpenGLDrv@@YAXPATcolor_t@@@Z 0043f4d8 f   gl_interface.obj
 0001:0003e588       ?GL_SelectTexture@OpenGLDrv@@YAXH@Z 0043f588 f   gl_interface.obj
 0001:0003e5e9       ?GL_TexCoordPointer@OpenGLDrv@@YAXPAX@Z 0043f5e9 f   gl_interface.obj
 0001:0003e619       ?GL_SetMultitexture@OpenGLDrv@@YAXH@Z 0043f619 f   gl_interface.obj
 0001:0003e6ff       ?GL_DisableTexCoordArrays@OpenGLDrv@@YAXXZ 0043f6ff f   gl_interface.obj
 0001:0003e753       ?GL_CullFace@OpenGLDrv@@YAXW4gl_cullMode_t@1@@Z 0043f753 f   gl_interface.obj
 0001:0003e7a4       ?GL_DepthRange@OpenGLDrv@@YAXW4gl_depthMode_t@1@@Z 0043f7a4 f   gl_interface.obj
 0001:0003e7d7       ?GL_State@OpenGLDrv@@YAXI@Z 0043f7d7 f   gl_interface.obj
 0001:0003e930       ?GL_EnableFog@OpenGLDrv@@YAX_N@Z 0043f930 f   gl_interface.obj
 0001:0003ea28       ?GL_SetDefaultState@OpenGLDrv@@YAXXZ 0043fa28 f   gl_interface.obj
 0001:0003eb76       ?GL_Set2DMode@OpenGLDrv@@YAXXZ 0043fb76 f   gl_interface.obj
 0001:0003ec71       ?GL_Setup@OpenGLDrv@@YAXPAUviewPortal_t@1@@Z 0043fc71 f   gl_interface.obj
 0001:0003ed59       ?ShowLights@OpenGLDrv@@YAXXZ 0043fd59 f   gl_light.obj
 0001:0003f17e       ?LightForEntity@OpenGLDrv@@YAXPAUrefEntity_t@1@@Z 0044017e f   gl_light.obj
 0001:000403df       ?DiffuseLight@OpenGLDrv@@YAXPATcolor_t@@M@Z 004413df f   gl_light.obj
 0001:00040557       ?InitLightGrid@OpenGLDrv@@YAXXZ 00441557 f   gl_light.obj
 0001:000405fd       ?PostLoadLights@OpenGLDrv@@YAXXZ 004415fd f   gl_light.obj
 0001:0004089c       ?LM_Init@OpenGLDrv@@YAXXZ  0044189c f   gl_lightmap.obj
 0001:000408b2       ?LM_Flush@OpenGLDrv@@YAXPAUlightmapBlock_t@1@@Z 004418b2 f   gl_lightmap.obj
 0001:0004090f       ?LM_Done@OpenGLDrv@@YAXXZ  0044190f f   gl_lightmap.obj
 0001:00040936       ?LM_Save@OpenGLDrv@@YAXPAUlightmapBlock_t@1@@Z 00441936 f   gl_lightmap.obj
 0001:0004094e       ?LM_Restore@OpenGLDrv@@YAXPAUlightmapBlock_t@1@@Z 0044194e f   gl_lightmap.obj
 0001:00040966       ?LM_NewBlock@OpenGLDrv@@YAPAUlightmapBlock_t@1@XZ 00441966 f   gl_lightmap.obj
 0001:000409d6       ?LM_Rewind@OpenGLDrv@@YAXXZ 004419d6 f   gl_lightmap.obj
 0001:000409de       ?LM_NextBlock@OpenGLDrv@@YAPAUlightmapBlock_t@1@XZ 004419de f   gl_lightmap.obj
 0001:00040a0b       ?LM_CheckMinlight@OpenGLDrv@@YAXPAUdynamicLightmap_t@1@@Z 00441a0b f   gl_lightmap.obj
 0001:00040aa1       ?LM_AllocBlock@OpenGLDrv@@YA_NPAUlightmapBlock_t@1@PAUdynamicLightmap_t@1@@Z 00441aa1 f   gl_lightmap.obj
 0001:00040b58       ?LM_PutBlock@OpenGLDrv@@YAXPAUdynamicLightmap_t@1@@Z 00441b58 f   gl_lightmap.obj
 0001:00040f85       ?LM_SortLightStyles@OpenGLDrv@@YAXPAUdynamicLightmap_t@1@@Z 00441f85 f   gl_lightmap.obj
 0001:00041016       ?UpdateDynamicLightmap@OpenGLDrv@@YAXPAVsurfacePlanar_t@1@_NI@Z 00442016 f   gl_lightmap.obj
 0001:00041518       ?LM_IsMonotone@OpenGLDrv@@YA_NPAUdynamicLightmap_t@1@PATcolor_t@@@Z 00442518 f   gl_lightmap.obj
 0001:0004161f       ?Init@OpenGLDrv@@YA_NXZ    0044261f f   gl_main.obj
 0001:00041c85       ?Shutdown@OpenGLDrv@@YAX_N@Z 00442c85 f   gl_main.obj
 0001:00041d0e       ?GL_EnableRendering@OpenGLDrv@@YAX_N@Z 00442d0e f   gl_main.obj
 0001:00041d29       ?BeginFrame@OpenGLDrv@@YAXXZ 00442d29 f   gl_main.obj
 0001:00041e97       ?EndFrame@OpenGLDrv@@YAXXZ 00442e97 f   gl_main.obj
 0001:00041fd4       ?RenderFrame@OpenGLDrv@@YAXPAUrefdef_t@@@Z 00442fd4 f   gl_main.obj
 0001:00042773       ?Fill8@OpenGLDrv@@YAXHHHHH@Z 00443773 f   gl_main.obj
 0001:000427b6       ?Fill@OpenGLDrv@@YAXHHHHI@Z 004437b6 f   gl_main.obj
 0001:000427f2       ?TileClear@OpenGLDrv@@YAXHHHHPBD@Z 004437f2 f   gl_main.obj
 0001:000428a9       ?DrawStretchPic@OpenGLDrv@@YAXHHHHPBD@Z 004438a9 f   gl_main.obj
 0001:00042926       ?DrawDetailedPic@OpenGLDrv@@YAXHHHHPBD@Z 00443926 f   gl_main.obj
 0001:000429cd       ?DrawPic@OpenGLDrv@@YAXHHPBDHH@Z 004439cd f   gl_main.obj
 0001:00042a52       ?BeginRegistration@OpenGLDrv@@YAXPBD@Z 00443a52 f   gl_main.obj
 0001:00042a76       ?EndRegistration@OpenGLDrv@@YAXXZ 00443a76 f   gl_main.obj
 0001:00042a76       __setargv                  00443a76 f   gl_main.obj
 0001:00042a76       _jpeg_mem_term             00443a76 f   gl_main.obj
 0001:00042a77       ?RegisterPic@OpenGLDrv@@YAPAVCBasicImage@@PBD@Z 00443a77 f   gl_main.obj
 0001:00042a85       ?RegisterSkin@OpenGLDrv@@YAPAVCBasicImage@@PBD@Z 00443a85 f   gl_main.obj
 0001:00042a90       ?RegisterModel@OpenGLDrv@@YAPAVCRenderModel@@PBD@Z 00443a90 f   gl_main.obj
 0001:00042aa4       ?SetSky@OpenGLDrv@@YAXPBDMQAM@Z 00443aa4 f   gl_main.obj
 0001:00042b4a       ?Screenshot@OpenGLDrv@@YAXHPBD@Z 00443b4a f   gl_main.obj
 0001:00042b6d       ?GetClientLight@OpenGLDrv@@YAMXZ 00443b6d f   gl_main.obj
 0001:00042b74       ?GetCaps@OpenGLDrv@@YAIXZ  00443b74 f   gl_main.obj
 0001:00042b7a       ?InitFuncTables@OpenGLDrv@@YAXXZ 00443b7a f   gl_math.obj
 0001:00042d2b       ?ModelToWorldCoord@OpenGLDrv@@YAXQAMPAUrefEntity_t@1@0@Z 00443d2b f   gl_math.obj
 0001:00042d9c       ?WorldToModelCoord@OpenGLDrv@@YAXQAMPAUrefEntity_t@1@0@Z 00443d9c f   gl_math.obj
 0001:00042de3       ?BuildRotationMatrix@OpenGLDrv@@YAXQAY02MQAMM@Z 00443de3 f   gl_math.obj
 0001:00042edd       ?GetBoxRect@OpenGLDrv@@YA_NPAUrefEntity_t@1@QAM11_N@Z 00443edd f   gl_math.obj
 0001:0004324e       ?ProjectToScreen@OpenGLDrv@@YA_NQAMPAH@Z 0044424e f   gl_math.obj
 0001:00043391       ?SaturateColor3f@OpenGLDrv@@YAXQAM@Z 00444391 f   gl_math.obj
 0001:00043481       ?SaturateColor4b@OpenGLDrv@@YAXPATcolor_t@@@Z 00444481 f   gl_math.obj
 0001:0004358f       ?FindModel@OpenGLDrv@@YAPAVmodel_t@1@PBD@Z 0044458f f   gl_model.obj
 0001:000436cc       ?LoadWorldMap@OpenGLDrv@@YAXPBD@Z 004446cc f   gl_model.obj
 0001:000451f0       ?PointInLeaf@OpenGLDrv@@YAPAUnode_t@1@QAM@Z 004461f0 f   gl_model.obj
 0001:00045d93       ?ATAN2_FUNC@OpenGLDrv@@YAMMM@Z 00446d93 f i gl_model.obj
 0001:00045f3e       ?FindSkin@OpenGLDrv@@YAPAVshader_t@1@PBD@Z 00446f3e f   gl_model.obj
 0001:00046122       ?InitModels@OpenGLDrv@@YAXXZ 00447122 f   gl_model.obj
 0001:00046218       ?ShutdownModels@OpenGLDrv@@YAXXZ 00447218 f   gl_model.obj
 0001:00046229       ?SubdividePlane@OpenGLDrv@@YAHPAPAY02MHM@Z 00447229 f   gl_poly.obj
 0001:0004667c       ?FreeSubdividedPlane@OpenGLDrv@@YAXXZ 0044767c f   gl_poly.obj
 0001:00046694       ?GetSubdivideIndexes@OpenGLDrv@@YAXPAH@Z 00447694 f   gl_poly.obj
 0001:000466e7       ?RemoveCollinearPoints@OpenGLDrv@@YAHPAPAY02MH@Z 004476e7 f   gl_poly.obj
 0001:000467e2       ?GetPolyArea@OpenGLDrv@@YAMPAPAY02MH@Z 004477e2 f   gl_poly.obj
 0001:00046876       ?InitShaders@OpenGLDrv@@YAXXZ 00447876 f   gl_shader.obj
 0001:000469cd       ?ShutdownShaders@OpenGLDrv@@YAXXZ 004479cd f   gl_shader.obj
 0001:00046a07       ?GetLightmapImage@OpenGLDrv@@YAPAVimage_t@1@H@Z 00447a07 f   gl_shader.obj
 0001:00046a2f       ?SetShaderLightmap@OpenGLDrv@@YAPAVshader_t@1@PAV21@H@Z 00447a2f f   gl_shader.obj
 0001:00046d65       ??4shader_t@OpenGLDrv@@QAEAAV01@ABV01@@Z 00447d65 f i gl_shader.obj
 0001:00046e9c       ??4CBasicImage@@QAEAAV0@ABV0@@Z 00447e9c f i gl_shader.obj
 0001:00046f92       ?SetShaderLightstyles@OpenGLDrv@@YAPAVshader_t@1@PAV21@I@Z 00447f92 f   gl_shader.obj
 0001:00047031       ?GetAlphaShader@OpenGLDrv@@YAPAVshader_t@1@PAV21@@Z 00448031 f   gl_shader.obj
 0001:000472fa       ?FindShader@OpenGLDrv@@YAPAVshader_t@1@PBDI@Z 004482fa f   gl_shader.obj
 0001:00047913       ?GetShaderByNum@OpenGLDrv@@YAPAVshader_t@1@H@Z 00448913 f   gl_shader.obj
 0001:00047931       ?ResetShaders@OpenGLDrv@@YAXXZ 00448931 f   gl_shader.obj
 0001:00047e03       ?Reload@shader_t@OpenGLDrv@@UAEXXZ 00448e03 f   gl_shader.obj
 0001:00047e2e       ?ClearSkyBox@OpenGLDrv@@YAXXZ 00448e2e f   gl_sky.obj
 0001:00047e45       ?SetSkyRotate@OpenGLDrv@@YAXMQAM@Z 00448e45 f   gl_sky.obj
 0001:00047e7d       ?SkyVisible@OpenGLDrv@@YA_NXZ 00448e7d f   gl_sky.obj
 0001:00047e96       ?AddSkySurface@OpenGLDrv@@YAXPAVsurfacePlanar_t@1@QAME@Z 00448e96 f   gl_sky.obj
 0001:000484a5       ?TesselateSkySide@OpenGLDrv@@YAHHPAUbufVertex_t@1@PAUbufTexCoord_t@1@M@Z 004494a5 f   gl_sky.obj
 0001:0004876a       ?DrawChar@OpenGLDrv@@YAXHHHH@Z 0044976a f   gl_text.obj
 0001:00048845       ?DrawConChar@OpenGLDrv@@YAXHHHH@Z 00449845 f   gl_text.obj
 0001:0004886c       ?ClearTexts@OpenGLDrv@@YAXXZ 0044986c f   gl_text.obj
 0001:00048881       ?FlushTexts@OpenGLDrv@@YAXXZ 00449881 f   gl_text.obj
 0001:0004897d       ?DrawTextLeft@OpenGLDrv@@YAXPBDI@Z 0044997d f   gl_text.obj
 0001:00048aeb       ?DrawTextRight@OpenGLDrv@@YAXPBDI@Z 00449aeb f   gl_text.obj
 0001:00048b35       ?DrawText3D@OpenGLDrv@@YAXQAMPBDI@Z 00449b35 f   gl_text.obj
 0001:00048b62       ?InitTexts@OpenGLDrv@@YAXXZ 00449b62 f   gl_text.obj
 0001:0004a171       ?QGL_Init@OpenGLDrv@@YA_NPBD@Z 0044b171 f   qgl_win.obj
 0001:0004a253       ?QGL_Shutdown@OpenGLDrv@@YAXXZ 0044b253 f   qgl_win.obj
 0001:0004a291       ?QGL_InitExtensions@OpenGLDrv@@YAXXZ 0044b291 f   qgl_win.obj
 0001:0004a77d       ?QGL_PrintExtensionsString@OpenGLDrv@@YAXPBD00@Z 0044b77d f   qgl_win.obj
 0001:0004a8ca       ?QGL_EnableLogging@OpenGLDrv@@YAX_N@Z 0044b8ca f   qgl_win.obj
 0001:0004a984       ?QGL_LogMessage@OpenGLDrv@@YAXPBD@Z 0044b984 f   qgl_win.obj
 0001:0004a99b       ?QGL_SwapBuffers@OpenGLDrv@@YAXXZ 0044b99b f   qgl_win.obj
 0001:0004a9f2       ?GLimp_HasGamma@OpenGLDrv@@YA_NXZ 0044b9f2 f   gl_win.obj
 0001:0004aa06       ?GLimp_SetGamma@OpenGLDrv@@YAXM@Z 0044ba06 f   gl_win.obj
 0001:0004abae       ?GLimp_SetMode@OpenGLDrv@@YA_NPAI0H_N@Z 0044bbae f   gl_win.obj
 0001:0004afa4       ?GLimp_Shutdown@OpenGLDrv@@YAX_N@Z 0044bfa4 f   gl_win.obj
 0001:0004b051       ?AppActivate@OpenGLDrv@@YAX_N@Z 0044c051 f   gl_win.obj
 0001:0004b0c1       _jpeg_CreateDecompress     0044c0c1 f   lib:jdapimin.obj
 0001:0004b181       _jpeg_destroy_compress     0044c181 f   lib:jdapimin.obj
 0001:0004b181       _jpeg_destroy_decompress   0044c181 f   lib:jdapimin.obj
 0001:0004b18c       _jpeg_read_header          0044c18c f   lib:jdapimin.obj
 0001:0004b1ee       _jpeg_consume_input        0044c1ee f   lib:jdapimin.obj
 0001:0004b43d       _jpeg_finish_decompress    0044c43d f   lib:jdapimin.obj
 0001:0004b4d4       _jpeg_start_decompress     0044c4d4 f   lib:jdapistd.obj
 0001:0004b641       _jpeg_read_scanlines       0044c641 f   lib:jdapistd.obj
 0001:0004b6c5       _jpeg_resync_to_restart    0044c6c5 f   lib:jdmarker.obj
 0001:0004b88a       _jinit_marker_reader       0044c88a f   lib:jdmarker.obj
 0001:0004cd55       _jpeg_CreateCompress       0044dd55 f   lib:jcapimin.obj
 0001:0004ce09       _jpeg_suppress_tables      0044de09 f   lib:jcapimin.obj
 0001:0004ce53       _jpeg_finish_compress      0044de53 f   lib:jcapimin.obj
 0001:0004cf3d       _jpeg_start_compress       0044df3d f   lib:jcapistd.obj
 0001:0004cfa9       _jpeg_write_scanlines      0044dfa9 f   lib:jcapistd.obj
 0001:0004d054       _jpeg_add_quant_table      0044e054 f   lib:jcparam.obj
 0001:0004d106       _jpeg_quality_scaling      0044e106 f   lib:jcparam.obj
 0001:0004d12d       _jpeg_set_quality          0044e12d f   lib:jcparam.obj
 0001:0004d167       _jpeg_set_defaults         0044e167 f   lib:jcparam.obj
 0001:0004d32d       _jpeg_default_colorspace   0044e32d f   lib:jcparam.obj
 0001:0004d37d       _jpeg_set_colorspace       0044e37d f   lib:jcparam.obj
 0001:0004d698       _jpeg_stdio_dest           0044e698 f   lib:jdatadst.obj
 0001:0004d8b8       _crc32                     0044e8b8 f   lib:crc32.obj
 0001:0004db52       _inflateReset              0044eb52 f   lib:inflate.obj
 0001:0004dba0       _inflateInit2_             0044eba0 f   lib:inflate.obj
 0001:0004dc59       _inflate                   0044ec59 f   lib:inflate.obj
 0001:0004ef2e       _inflateEnd                0044ff2e f   lib:inflate.obj
 0001:0004ef6c       _jinit_input_controller    0044ff6c f   lib:jdinput.obj
 0001:0004f44f       _jinit_memory_mgr          0045044f f   lib:jmemmgr.obj
 0001:0004ff8b       _jpeg_abort                00450f8b f   lib:jcomapi.obj
 0001:0004ffbe       _jpeg_destroy              00450fbe f   lib:jcomapi.obj
 0001:0004ffd9       _jpeg_alloc_quant_table    00450fd9 f   lib:jcomapi.obj
 0001:0004fff5       _jpeg_alloc_huff_table     00450ff5 f   lib:jcomapi.obj
 0001:00050011       _jpeg_calc_output_dimensions 00451011 f   lib:jdmaster.obj
 0001:00050111       _jinit_master_decompress   00451111 f   lib:jdmaster.obj
 0001:00050467       _jdiv_round_up             00451467 f   lib:jutils.obj
 0001:00050477       _jround_up                 00451477 f   lib:jutils.obj
 0001:0005048f       _jcopy_sample_rows         0045148f f   lib:jutils.obj
 0001:000504cd       _jcopy_block_row           004514cd f   lib:jutils.obj
 0001:000504e6       _jzero_far                 004514e6 f   lib:jutils.obj
 0001:000504f9       _jinit_marker_writer       004514f9 f   lib:jcmarker.obj
 0001:00050dd5       _jinit_compress_master     00451dd5 f   lib:jcinit.obj
 0001:00050e2e       _inflate_fast              00451e2e f   lib:inffast.obj
 0001:000511e3       _inflate_table             004521e3 f   lib:inftrees.obj
 0001:00051597       _adler32                   00452597 f   lib:adler32.obj
 0001:000516b0       _jinit_c_codec             004526b0 f   lib:jcodec.obj
 0001:000516cc       _jinit_d_codec             004526cc f   lib:jcodec.obj
 0001:000516e8       _jpeg_get_large            004526e8 f   lib:jmemnobs.obj
 0001:000516e8       _jpeg_get_small            004526e8 f   lib:jmemnobs.obj
 0001:000516f4       _jpeg_free_small           004526f4 f   lib:jmemnobs.obj
 0001:000516f4       _jpeg_free_large           004526f4 f   lib:jmemnobs.obj
 0001:00051700       _jpeg_mem_available        00452700 f   lib:jmemnobs.obj
 0001:00051705       _jpeg_open_backing_store   00452705 f   lib:jmemnobs.obj
 0001:00051719       _jinit_d_main_controller   00452719 f   lib:jdmainct.obj
 0001:00051d64       _jinit_d_post_controller   00452d64 f   lib:jdpostct.obj
 0001:0005200f       _jinit_upsampler           0045300f f   lib:jdsample.obj
 0001:0005264d       _jinit_color_deconverter   0045364d f   lib:jdcolor.obj
 0001:00052b63       _jinit_merged_upsampler    00453b63 f   lib:jdmerge.obj
 0001:000530b3       _jinit_2pass_quantizer     004540b3 f   lib:jquant2.obj
 0001:00054176       _jinit_1pass_quantizer     00455176 f   lib:jquant1.obj
 0001:00054b9c       _jinit_c_main_controller   00455b9c f   lib:jcmainct.obj
 0001:00054d09       _jinit_c_prep_controller   00455d09 f   lib:jcprepct.obj
 0001:00055254       _jinit_downsampler         00456254 f   lib:jcsample.obj
 0001:00055ad4       _jinit_color_converter     00456ad4 f   lib:jccolor.obj
 0001:000560be       _jinit_c_master_control    004570be f   lib:jcmaster.obj
 0001:00056bad       _jinit_lossy_c_codec       00457bad f   lib:jclossy.obj
 0001:00056c48       _jinit_lossless_c_codec    00457c48 f   lib:jclossls.obj
 0001:00056ce0       _jinit_lossy_d_codec       00457ce0 f   lib:jdlossy.obj
 0001:00056fb3       _jinit_lossless_d_codec    00457fb3 f   lib:jdlossls.obj
 0001:00057063       _jinit_c_coef_controller   00458063 f   lib:jccoefct.obj
 0001:00057744       _jinit_shuff_encoder       00458744 f   lib:jcshuff.obj
 0001:00057faf       _jinit_phuff_encoder       00458faf f   lib:jcphuff.obj
 0001:00058a54       _jinit_forward_dct         00459a54 f   lib:jcdctmgr.obj
 0001:00058d23       _jinit_c_diff_controller   00459d23 f   lib:jcdiffct.obj
 0001:00059247       _jinit_lhuff_encoder       0045a247 f   lib:jclhuff.obj
 0001:00059971       _jinit_differencer         0045a971 f   lib:jcpred.obj
 0001:00059e8b       _jinit_c_scaler            0045ae8b f   lib:jcscale.obj
 0001:00059f01       _jinit_d_coef_controller   0045af01 f   lib:jdcoefct.obj
 0001:0005abda       _jinit_shuff_decoder       0045bbda f   lib:jdshuff.obj
 0001:0005b16f       _jinit_phuff_decoder       0045c16f f   lib:jdphuff.obj
 0001:0005bd0c       _jinit_inverse_dct         0045cd0c f   lib:jddctmgr.obj
 0001:0005bef0       _jinit_d_diff_controller   0045cef0 f   lib:jddiffct.obj
 0001:0005c421       _jinit_d_scaler            0045d421 f   lib:jdscale.obj
 0001:0005c520       _jinit_undifferencer       0045d520 f   lib:jdpred.obj
 0001:0005c8da       _jinit_lhuff_decoder       0045d8da f   lib:jdlhuff.obj
 0001:0005cccf       _jpeg_make_c_derived_tbl   0045dccf f   lib:jchuff.obj
 0001:0005ced1       _jpeg_gen_optimal_table    0045ded1 f   lib:jchuff.obj
 0001:0005d090       _jpeg_fdct_float           0045e090 f   lib:jfdctflt.obj
 0001:0005d295       _jpeg_make_d_derived_tbl   0045e295 f   lib:jdhuff.obj
 0001:0005d532       _jpeg_fill_bit_buffer      0045e532 f   lib:jdhuff.obj
 0001:0005d641       _jpeg_huff_decode          0045e641 f   lib:jdhuff.obj
 0001:0005d721       _jpeg_idct_4x4             0045e721 f   lib:jidctred.obj
 0001:0005da0f       _jpeg_idct_2x2             0045ea0f f   lib:jidctred.obj
 0001:0005dbd1       _jpeg_idct_1x1             0045ebd1 f   lib:jidctred.obj
 0001:0005dc0d       _jpeg_idct_float           0045ec0d f   lib:jidctflt.obj
 0001:0005dfe0       __except_handler3          0045efe0 f   MSVCRT:MSVCRT.dll
 0001:0005dff0       __alloca_probe             0045eff0 f   MSVCRT:chkstk.obj
 0001:0005dff0       __chkstk                   0045eff0 f   MSVCRT:chkstk.obj
 0001:0005e01f       ??_Etype_info@@UAEPAXI@Z   0045f01f f i MSVCRT:ti_inst.obj
 0001:0005e01f       ??_Gtype_info@@UAEPAXI@Z   0045f01f f i MSVCRT:ti_inst.obj
 0001:0005e03c       __CxxThrowException@8      0045f03c f   MSVCRT:MSVCRT.dll
 0001:0005e042       _strcpy                    0045f042 f   MSVCRT:MSVCRT.dll
 0001:0005e048       _strlen                    0045f048 f   MSVCRT:MSVCRT.dll
 0001:0005e04e       _strcmp                    0045f04e f   MSVCRT:MSVCRT.dll
 0001:0005e054       _sin                       0045f054 f   MSVCRT:MSVCRT.dll
 0001:0005e05a       _tan                       0045f05a f   MSVCRT:MSVCRT.dll
 0001:0005e060       _cos                       0045f060 f   MSVCRT:MSVCRT.dll
 0001:0005e066       _strcat                    0045f066 f   MSVCRT:MSVCRT.dll
 0001:0005e06c       _fmod                      0045f06c f   MSVCRT:MSVCRT.dll
 0001:0005e072       _atan2                     0045f072 f   MSVCRT:MSVCRT.dll
 0001:0005e078       _acos                      0045f078 f   MSVCRT:MSVCRT.dll
 0001:0005e07e       _sqrt                      0045f07e f   MSVCRT:MSVCRT.dll
 0001:0005e084       _atan                      0045f084 f   MSVCRT:MSVCRT.dll
 0001:0005e08a       _memcpy                    0045f08a f   MSVCRT:MSVCRT.dll
 0001:0005e090       _memset                    0045f090 f   MSVCRT:MSVCRT.dll
 0001:0005e096       _pow                       0045f096 f   MSVCRT:MSVCRT.dll
 0001:0005e09c       _asin                      0045f09c f   MSVCRT:MSVCRT.dll
 0001:0005e0a2       __purecall                 0045f0a2 f   MSVCRT:MSVCRT.dll
 0001:0005e0a8       _WinMainCRTStartup         0045f0a8 f   MSVCRT:crtexew.obj
 0001:0005e206       __ftol                     0045f206 f   MSVCRT:MSVCRT.dll
 0001:0005e20c       ??1type_info@@UAE@XZ       0045f20c f   MSVCRT:MSVCRT.dll
 0001:0005e212       __XcptFilter               0045f212 f   MSVCRT:MSVCRT.dll
 0001:0005e218       __initterm                 0045f218 f   MSVCRT:MSVCRT.dll
 0001:0005e21e       __setdefaultprecision      0045f21e f   MSVCRT:fp8.obj
 0001:0005e230       __matherr                  0045f230 f   MSVCRT:merr.obj
 0001:0005e230       _jpeg_mem_init             0045f230 f   MSVCRT:merr.obj
 0001:0005e234       __controlfp                0045f234 f   MSVCRT:MSVCRT.dll
 0002:00000000       __imp__SwapBuffers@4       00460000     gdi32:GDI32.dll
 0002:00000004       __imp__SetPixelFormat@12   00460004     gdi32:GDI32.dll
 0002:00000008       __imp__DescribePixelFormat@16 00460008     gdi32:GDI32.dll
 0002:0000000c       __imp__ChoosePixelFormat@8 0046000c     gdi32:GDI32.dll
 0002:00000010       __imp__SetDeviceGammaRamp@8 00460010     gdi32:GDI32.dll
 0002:00000014       __imp__GetDeviceGammaRamp@8 00460014     gdi32:GDI32.dll
 0002:00000018       __imp__GetDeviceCaps@8     00460018     gdi32:GDI32.dll
 0002:0000001c       \177GDI32_NULL_THUNK_DATA  0046001c     gdi32:GDI32.dll
 0002:00000020       __imp__GetDriveTypeA@4     00460020     kernel32:KERNEL32.dll
 0002:00000024       __imp__SetErrorMode@4      00460024     kernel32:KERNEL32.dll
 0002:00000028       __imp__GetStdHandle@4      00460028     kernel32:KERNEL32.dll
 0002:0000002c       __imp__AllocConsole@0      0046002c     kernel32:KERNEL32.dll
 0002:00000030       __imp__ReadConsoleInputA@16 00460030     kernel32:KERNEL32.dll
 0002:00000034       __imp__GetNumberOfConsoleInputEvents@8 00460034     kernel32:KERNEL32.dll
 0002:00000038       __imp__FreeConsole@0       00460038     kernel32:KERNEL32.dll
 0002:0000003c       __imp__SetConsoleTextAttribute@8 0046003c     kernel32:KERNEL32.dll
 0002:00000040       __imp__SetPriorityClass@8  00460040     kernel32:KERNEL32.dll
 0002:00000044       __imp__GetCurrentProcess@0 00460044     kernel32:KERNEL32.dll
[...]
 0001:0005c08e       _start_iMCU_row            0045d08e f   lib:jddiffct.obj
 0001:0005c0d3       _start_output_pass         0045d0d3 f   lib:jddiffct.obj
 0001:0005c0df       _decompress_data           0045d0df f   lib:jddiffct.obj
 0001:0005c24f       _process_restart           0045d24f f   lib:jddiffct.obj
 0001:0005c284       _dummy_consume_data        0045d284 f   lib:jddiffct.obj
 0001:0005c287       _consume_data              0045d287 f   lib:jddiffct.obj
 0001:0005c2fe       _output_data               0045d2fe f   lib:jddiffct.obj
 0001:0005bd82       _start_pass                0045cd82 f   lib:jddctmgr.obj
 0001:0005b1d4       _start_pass_phuff_decoder  0045c1d4 f   lib:jdphuff.obj
 0001:0005b41d       _decode_mcu_DC_first       0045c41d f   lib:jdphuff.obj
 0001:0005b615       _process_restart           0045c615 f   lib:jdphuff.obj
 0001:0005b684       _decode_mcu_AC_first       0045c684 f   lib:jdphuff.obj
 0001:0005b8a4       _decode_mcu_DC_refine      0045c8a4 f   lib:jdphuff.obj
 0001:0005b979       _decode_mcu_AC_refine      0045c979 f   lib:jdphuff.obj
 0001:0005ac1b       _start_pass_huff_decoder   0045bc1b f   lib:jdshuff.obj
 0001:0005ad53       _decode_mcu                0045bd53 f   lib:jdshuff.obj
 0001:0005b103       _process_restart           0045c103 f   lib:jdshuff.obj
 0001:0005a004       _start_input_pass          0045b004 f   lib:jdcoefct.obj
 0001:0005a017       _start_iMCU_row            0045b017 f   lib:jdcoefct.obj
 0001:0005a05c       _start_output_pass         0045b05c f   lib:jdcoefct.obj
 0001:0005a099       _decompress_onepass        0045b099 f   lib:jdcoefct.obj
 0001:0005c284       _dummy_consume_data        0045d284 f   lib:jddiffct.obj
 0001:0005a272       _consume_data              0045b272 f   lib:jdcoefct.obj
 0001:0005a42b       _decompress_data           0045b42b f   lib:jdcoefct.obj
 0001:0005a597       _smoothing_ok              0045b597 f   lib:jdcoefct.obj
 0001:0005a682       _decompress_smooth_data    0045b682 f   lib:jdcoefct.obj
 0001:00059e9d       _scaler_start_pass         0045ae9d f   lib:jcscale.obj
 0001:00059ec0       _simple_downscale          0045aec0 f   lib:jcscale.obj
 0001:00059eec       _noscale                   0045aeec f   lib:jcscale.obj
 0001:00059995       _start_pass                0045a995 f   lib:jcpred.obj
 0001:000599ed       _reset_predictor           0045a9ed f   lib:jcpred.obj
 0001:00059a1a       _jpeg_difference_first_row 0045aa1a f   lib:jcpred.obj
 0001:00059b04       _jpeg_difference1          0045ab04 f   lib:jcpred.obj
 0001:00059b72       _jpeg_difference2          0045ab72 f   lib:jcpred.obj
 0001:00059be3       _jpeg_difference3          0045abe3 f   lib:jcpred.obj
 0001:00059c5b       _jpeg_difference4          0045ac5b f   lib:jcpred.obj
 0001:00059ce6       _jpeg_difference5          0045ace6 f   lib:jcpred.obj
 0001:00059d79       _jpeg_difference6          0045ad79 f   lib:jcpred.obj
 0001:00059e08       _jpeg_difference7          0045ae08 f   lib:jcpred.obj
 0001:00059287       _start_pass_huff           0045a287 f   lib:jclhuff.obj
 0001:00059424       _encode_mcus_huff          0045a424 f   lib:jclhuff.obj
 0001:0005960f       _emit_bits                 0045a60f f   lib:jclhuff.obj
 0001:000596b2       _dump_buffer               0045a6b2 f   lib:jclhuff.obj
 0001:000596d6       _emit_restart              0045a6d6 f   lib:jclhuff.obj
 0001:00059721       _flush_bits                0045a721 f   lib:jclhuff.obj
 0001:00059745       _finish_pass_huff          0045a745 f   lib:jclhuff.obj
 0001:000597b2       _encode_mcus_gather        0045a7b2 f   lib:jclhuff.obj
 0001:000598db       _finish_pass_gather        0045a8db f   lib:jclhuff.obj
 0001:00057fac       _need_optimization_pass    00458fac f   lib:jcshuff.obj
 0001:00058ea7       _start_pass_diff           00459ea7 f   lib:jcdiffct.obj
 0001:000571ad       _start_iMCU_row            004581ad f   lib:jccoefct.obj
 0001:00058f45       _compress_data             00459f45 f   lib:jcdiffct.obj
 0001:000590db       _compress_first_pass       0045a0db f   lib:jcdiffct.obj
 0001:000591d0       _compress_output           0045a1d0 f   lib:jcdiffct.obj
 0001:00058aba       _start_pass_fdctmgr        00459aba f   lib:jcdctmgr.obj
 0001:00058bbc       _forward_DCT_float         00459bbc f   lib:jcdctmgr.obj
 0001:00057fef       _start_pass_phuff          00458fef f   lib:jcphuff.obj
 0001:0005815c       _encode_mcu_DC_first       0045915c f   lib:jcphuff.obj
 0001:0005828e       _emit_bits                 0045928e f   lib:jcphuff.obj
 0001:00058339       _dump_buffer               00459339 f   lib:jcphuff.obj
 0001:00058371       _emit_symbol               00459371 f   lib:jcphuff.obj
 0001:000583b1       _emit_restart              004593b1 f   lib:jcphuff.obj
 0001:0005843a       _emit_eobrun               0045943a f   lib:jcphuff.obj
 0001:000584c0       _encode_mcu_AC_first       004594c0 f   lib:jcphuff.obj
 0001:00058654       _encode_mcu_DC_refine      00459654 f   lib:jcphuff.obj
 0001:0005870e       _encode_mcu_AC_refine      0045970e f   lib:jcphuff.obj
 0001:00058925       _finish_pass_phuff         00459925 f   lib:jcphuff.obj
 0001:00058974       _finish_pass_gather_phuff  00459974 f   lib:jcphuff.obj
 0001:00058a37       _need_optimization_pass    00459a37 f   lib:jcphuff.obj
 0001:00057787       _start_pass_huff           00458787 f   lib:jcshuff.obj
 0001:000578fc       _encode_mcu_huff           004588fc f   lib:jcshuff.obj
 0001:00057a07       _encode_one_block          00458a07 f   lib:jcshuff.obj
 0001:00057b7e       _emit_bits                 00458b7e f   lib:jcshuff.obj
 0001:00057c21       _dump_buffer               00458c21 f   lib:jcshuff.obj
 0001:00057c45       _emit_restart              00458c45 f   lib:jcshuff.obj
 0001:00057cb2       _flush_bits                00458cb2 f   lib:jcshuff.obj
 0001:00057cd6       _finish_pass_huff          00458cd6 f   lib:jcshuff.obj
 0001:00057d45       _encode_mcu_gather         00458d45 f   lib:jcshuff.obj
 0001:00057dfb       _htest_one_block           00458dfb f   lib:jcshuff.obj
 0001:00057ec2       _finish_pass_gather        00458ec2 f   lib:jcshuff.obj
 0001:00057fac       _need_optimization_pass    00458fac f   lib:jcshuff.obj
 0001:00057118       _start_pass_coef           00458118 f   lib:jccoefct.obj
 0001:000571ad       _start_iMCU_row            004581ad f   lib:jccoefct.obj
 0001:000571ef       _compress_data             004581ef f   lib:jccoefct.obj
 0001:000573d6       _compress_first_pass       004583d6 f   lib:jccoefct.obj
 0001:000575bc       _compress_output           004585bc f   lib:jccoefct.obj
 0001:00057030       _calc_output_dimensions    00458030 f   lib:jdlossls.obj
 0001:00057041       _start_input_pass          00458041 f   lib:jdlossls.obj
 0001:00056d6f       _calc_output_dimensions    00457d6f f   lib:jdlossy.obj
 0001:00056ee2       _start_input_pass          00457ee2 f   lib:jdlossy.obj
 0001:00056f02       _latch_quant_tables        00457f02 f   lib:jdlossy.obj
 0001:00056f9a       _start_output_pass         00457f9a f   lib:jdlossy.obj
 0001:00056cbe       _start_pass                00457cbe f   lib:jclossls.obj
 0001:00056c2a       _start_pass                00457c2a f   lib:jclossy.obj
 0001:0005617f       _initial_setup             0045717f f   lib:jcmaster.obj
 0001:00056332       _validate_script           00457332 f   lib:jcmaster.obj
 0001:0005670a       _prepare_for_pass          0045770a f   lib:jcmaster.obj
 0001:00056882       _select_scan_parameters    00457882 f   lib:jcmaster.obj
 0001:00056983       _per_scan_setup            00457983 f   lib:jcmaster.obj
 0001:00056b2e       _pass_startup              00457b2e f   lib:jcmaster.obj
 0001:00056b55       _finish_pass_master        00457b55 f   lib:jcmaster.obj
 0001:00055c6b       _rgb_ycc_start             00456c6b f   lib:jccolor.obj
 0001:00055d2f       _rgb_ycc_convert           00456d2f f   lib:jccolor.obj
 0001:00055e2e       _rgb_gray_convert          00456e2e f   lib:jccolor.obj
 0001:00055eb3       _cmyk_ycck_convert         00456eb3 f   lib:jccolor.obj
 0001:00055feb       _grayscale_convert         00456feb f   lib:jccolor.obj
 0001:00056045       _null_convert              00457045 f   lib:jccolor.obj
 0001:0001e3e5       _null_method               0041f3e5 f   sv_game.obj
 0001:0001e3e5       _start_pass_downsample     0041f3e5 f   sv_game.obj
 0001:000553b7       _sep_downsample            004563b7 f   lib:jcsample.obj
 0001:0005542c       _int_downsample            0045642c f   lib:jcsample.obj
 0001:00055524       _expand_right_edge         00456524 f   lib:jcsample.obj
 0001:00055579       _fullsize_downsample       00456579 f   lib:jcsample.obj
 0001:000555bd       _h2v1_downsample           004565bd f   lib:jcsample.obj
 0001:00055651       _h2v2_downsample           00456651 f   lib:jcsample.obj
 0001:000556fe       _h2v2_smooth_downsample    004566fe f   lib:jcsample.obj
 0001:00055976       _fullsize_smooth_downsample 00456976 f   lib:jcsample.obj
 0001:00054db3       _start_pass_prep           00455db3 f   lib:jcprepct.obj
 0001:00054df1       _pre_process_data          00455df1 f   lib:jcprepct.obj
 0001:00054f9f       _pre_process_context       00455f9f f   lib:jcprepct.obj
 0001:00055158       _create_context_buffer     00456158 f   lib:jcprepct.obj
 0001:00054c2b       _start_pass_main           00455c2b f   lib:jcmainct.obj
 0001:00054c6d       _process_data_simple_main  00455c6d f   lib:jcmainct.obj
 0001:00054201       _create_colormap           00455201 f   lib:jquant1.obj
 0001:00054333       _select_ncolors            00455333 f   lib:jquant1.obj
 0001:0005440a       _create_colorindex         0045540a f   lib:jquant1.obj
 0001:00054536       _alloc_fs_workspace        00455536 f   lib:jquant1.obj
 0001:00054572       _start_pass_1_quant        00455572 f   lib:jquant1.obj
 0001:0005463e       _create_odither_tables     0045563e f   lib:jquant1.obj
 0001:0005469d       _make_odither_array        0045569d f   lib:jquant1.obj
 0001:00054700       _color_quantize            00455700 f   lib:jquant1.obj
 0001:0005478b       _color_quantize3           0045578b f   lib:jquant1.obj
 0001:00054819       _quantize_ord_dither       00455819 f   lib:jquant1.obj
 0001:00054904       _quantize3_ord_dither      00455904 f   lib:jquant1.obj
 0001:00054a04       _quantize_fs_dither        00455a04 f   lib:jquant1.obj
 0001:0001e3e5       _finish_pass_1_quant       0041f3e5 f   sv_game.obj
 0001:00054b88       _new_color_map_1_quant     00455b88 f   lib:jquant1.obj
 0001:000531c2       _init_error_limit          004541c2 f   lib:jquant2.obj
 0001:00053261       _start_pass_2_quant        00454261 f   lib:jquant2.obj
 0001:00053363       _prescan_quantize          00454363 f   lib:jquant2.obj
 0001:000533d2       _pass2_no_dither           004543d2 f   lib:jquant2.obj
 0001:0005347f       _fill_inverse_cmap         0045447f f   lib:jquant2.obj
 0001:0005354a       _find_nearby_colors        0045454a f   lib:jquant2.obj
 0001:000536ee       _find_best_colors          004546ee f   lib:jquant2.obj
 0001:00053808       _pass2_fs_dither           00454808 f   lib:jquant2.obj
 0001:00053a77       _finish_pass1              00454a77 f   lib:jquant2.obj
 0001:00053a99       _select_colors             00454a99 f   lib:jquant2.obj
 0001:00053b25       _update_box                00454b25 f   lib:jquant2.obj
 0001:00053ebf       _median_cut                00454ebf f   lib:jquant2.obj
 0001:00053fd3       _find_biggest_color_pop    00454fd3 f   lib:jquant2.obj
 0001:00054002       _find_biggest_volume       00455002 f   lib:jquant2.obj
 0001:0005402b       _compute_color             0045502b f   lib:jquant2.obj
 0001:0001e3e5       _finish_pass2              0041f3e5 f   sv_game.obj
 0001:00054167       _new_color_map_2_quant     00455167 f   lib:jquant2.obj
 0001:00052bd9       _build_ycc_rgb_table       00453bd9 f   lib:jdmerge.obj
 0001:00052c89       _start_pass_merged_upsample 00453c89 f   lib:jdmerge.obj
 0001:00052c9e       _merged_2v_upsample        00453c9e f   lib:jdmerge.obj
 0001:00052d45       _merged_1v_upsample        00453d45 f   lib:jdmerge.obj
 0001:00052d76       _h2v1_merged_upsample      00453d76 f   lib:jdmerge.obj
 0001:00052ecc       _h2v2_merged_upsample      00453ecc f   lib:jdmerge.obj
 0001:0005277d       _build_ycc_rgb_table       0045377d f   lib:jdcolor.obj
 0001:0005282d       _ycc_rgb_convert           0045382d f   lib:jdcolor.obj
 0001:0005293b       _null_convert              0045393b f   lib:jdcolor.obj
 0001:000529b3       _grayscale_convert         004539b3 f   lib:jdcolor.obj
 0001:000529d6       _gray_rgb_convert          004539d6 f   lib:jdcolor.obj
 0001:00052a2f       _ycck_cmyk_convert         00453a2f f   lib:jdcolor.obj
 0001:0001e3e5       _start_pass_dcolor         0041f3e5 f   sv_game.obj
 0001:000521de       _start_pass_upsample       004531de f   lib:jdsample.obj
 0001:000521f8       _sep_upsample              004531f8 f   lib:jdsample.obj
 0001:000522c5       _fullsize_upsample         004532c5 f   lib:jdsample.obj
 0001:000522d0       _noop_upsample             004532d0 f   lib:jdsample.obj
 0001:000522d8       _int_upsample              004532d8 f   lib:jdsample.obj
 0001:000523c2       _h2v1_upsample             004533c2 f   lib:jdsample.obj
 0001:00052419       _h2v2_upsample             00453419 f   lib:jdsample.obj
 0001:0005248b       _h2v1_fancy_upsample       0045348b f   lib:jdsample.obj
 0001:0005252e       _h2v2_fancy_upsample       0045352e f   lib:jdsample.obj
 0001:00051de7       _start_pass_dpost          00452de7 f   lib:jdpostct.obj
 0001:00051e8d       _post_process_1pass        00452e8d f   lib:jdpostct.obj
 0001:00051ef2       _post_process_prepass      00452ef2 f   lib:jdpostct.obj
 0001:00051f83       _post_process_2pass        00452f83 f   lib:jdpostct.obj
 0001:000517ee       _alloc_funny_pointers      004527ee f   lib:jdmainct.obj
 0001:0005189b       _start_pass_main           0045289b f   lib:jdmainct.obj
 0001:00051903       _make_funny_pointers       00452903 f   lib:jdmainct.obj
 0001:00051a43       _process_data_simple_main  00452a43 f   lib:jdmainct.obj
 0001:00051aab       _process_data_context_main 00452aab f   lib:jdmainct.obj
 0001:00051bbd       _set_wraparound_pointers   00452bbd f   lib:jdmainct.obj
 0001:00051ca7       _set_bottom_pointers       00452ca7 f   lib:jdmainct.obj
 0001:00051d41       _process_data_crank_post   00452d41 f   lib:jdmainct.obj
 0001:00050547       _write_marker_header       00451547 f   lib:jcmarker.obj
 0001:0005059d       _emit_byte                 0045159d f   lib:jcmarker.obj
 0001:000505ce       _write_marker_byte         004515ce f   lib:jcmarker.obj
 0001:000505de       _write_file_header         004515de f   lib:jcmarker.obj
 0001:0005062a       _emit_jfif_app0            0045162a f   lib:jcmarker.obj
 0001:000506fd       _emit_adobe_app14          004516fd f   lib:jcmarker.obj
 0001:000507a3       _write_frame_header        004517a3 f   lib:jcmarker.obj
 0001:00050882       _emit_dqt                  00451882 f   lib:jcmarker.obj
 0001:00050971       _emit_sof                  00451971 f   lib:jcmarker.obj
 0001:00050a4d       _write_scan_header         00451a4d f   lib:jcmarker.obj
 0001:00050b0d       _emit_dht                  00451b0d f   lib:jcmarker.obj
 0001:00050be6       _emit_dri                  00451be6 f   lib:jcmarker.obj
 0001:00050c35       _emit_sos                  00451c35 f   lib:jcmarker.obj
 0001:00050d23       _write_file_trailer        00451d23 f   lib:jcmarker.obj
 0001:00050d43       _write_tables_only         00451d43 f   lib:jcmarker.obj
 0001:0005009c       _use_merged_upsample       0045109c f   lib:jdmaster.obj
 0001:00050142       _master_selection          00451142 f   lib:jdmaster.obj
 0001:0005029f       _prepare_range_limit_table 0045129f f   lib:jdmaster.obj
 0001:00050325       _prepare_for_output_pass   00451325 f   lib:jdmaster.obj
 0001:00050446       _finish_output_pass        00451446 f   lib:jdmaster.obj
 0001:0004f513       _alloc_small               00450513 f   lib:jmemmgr.obj
 0001:0004f631       _alloc_large               00450631 f   lib:jmemmgr.obj
 0001:0004f6e2       _alloc_sarray              004506e2 f   lib:jmemmgr.obj
 0001:0004f77a       _alloc_barray              0045077a f   lib:jmemmgr.obj
 0001:0004f81e       _alloc_darray              0045081e f   lib:jmemmgr.obj
 0001:0004f8c9       _request_virt_sarray       004508c9 f   lib:jmemmgr.obj
 0001:0004f92a       _request_virt_barray       0045092a f   lib:jmemmgr.obj
 0001:0004f98b       _realize_virt_arrays       0045098b f   lib:jmemmgr.obj
 0001:0004fb0e       _access_virt_sarray        00450b0e f   lib:jmemmgr.obj
 0001:0004fc2e       _do_sarray_io              00450c2e f   lib:jmemmgr.obj
 0001:0004fcbe       _access_virt_barray        00450cbe f   lib:jmemmgr.obj
 0001:0004fde3       _do_barray_io              00450de3 f   lib:jmemmgr.obj
 0001:0004fe74       _free_pool                 00450e74 f   lib:jmemmgr.obj
 0001:0004ff5b       _self_destruct             00450f5b f   lib:jmemmgr.obj
 0001:0004efad       _start_input_pass          0044ffad f   lib:jdinput.obj
 0001:0004efdb       _per_scan_setup            0044ffdb f   lib:jdinput.obj
 0001:0004f161       _finish_input_pass         00450161 f   lib:jdinput.obj
 0001:0004f172       _consume_markers           00450172 f   lib:jdinput.obj
 0001:0004f20e       _initial_setup             0045020e f   lib:jdinput.obj
 0001:0004f418       _reset_input_controller    00450418 f   lib:jdinput.obj
 0001:0004ed66       _fixedtables               0044fd66 f   lib:inflate.obj
 0001:0004ee50       _updatewindow              0044fe50 f   lib:inflate.obj
 0001:0004d798       _make_crc_table            0044e798 f   lib:crc32.obj
 0001:0004d8e5       _crc32_little              0044e8e5 f   lib:crc32.obj
 0001:0004d6d4       _init_destination          0044e6d4 f   lib:jdatadst.obj
 0001:0004d6fa       _empty_output_buffer       0044e6fa f   lib:jdatadst.obj
 0001:0004d73c       _term_destination          0044e73c f   lib:jdatadst.obj
 0001:0004d25b       _std_huff_tables           0044e25b f   lib:jcparam.obj
 0001:0004d2b5       _add_huff_table            0044e2b5 f   lib:jcparam.obj
 0001:0004b7b3       _next_marker               0044c7b3 f   lib:jdmarker.obj
 0001:0004b8ed       _get_interesting_appn      0044c8ed f   lib:jdmarker.obj
 0001:0004ba18       _examine_app0              0044ca18 f   lib:jdmarker.obj
 0001:0004bc26       _examine_app14             0044cc26 f   lib:jdmarker.obj
 0001:0004bce7       _skip_variable             0044cce7 f   lib:jdmarker.obj
 0001:0004bd8a       _read_markers              0044cd8a f   lib:jdmarker.obj
 0001:0004bf92       _get_soi                   0044cf92 f   lib:jdmarker.obj
 0001:0004c03d       _get_sof                   0044d03d f   lib:jdmarker.obj
 0001:0004c346       _get_sos                   0044d346 f   lib:jdmarker.obj
 0001:0004c634       _get_dht                   0044d634 f   lib:jdmarker.obj
 0001:0004c8d5       _get_dqt                   0044d8d5 f   lib:jdmarker.obj
 0001:0004cb31       _get_dri                   0044db31 f   lib:jdmarker.obj
 0001:0004cc10       _first_marker              0044dc10 f   lib:jdmarker.obj
 0001:0004ccac       _read_restart_marker       0044dcac f   lib:jdmarker.obj
 0001:0004cd2a       _reset_marker_reader       0044dd2a f   lib:jdmarker.obj
 0001:0004b597       _output_pass_setup         0044c597 f   lib:jdapistd.obj
 0001:0004b28a       _default_decompress_parms  0044c28a f   lib:jdapimin.obj

 128 bytes saved through ICF

