 quake2

 Timestamp is 3e061b15 (Sun Dec 22 23:05:41 2002)

 Preferred load address is 00400000

 Start         Length     Name                   Class
 0001:00000000 000621d0H .text                   CODE
 0002:00000000 00000358H .idata$5                DATA
 0002:00000358 0000193cH .rdata                  DATA
 0002:00001c94 00000078H .idata$2                DATA
 0002:00001d0c 00000014H .idata$3                DATA
 0002:00001d20 00000358H .idata$4                DATA
 0002:00002078 00000b46H .idata$6                DATA
 0002:00002bbe 00000000H .edata                  DATA
 0003:00000000 00000004H .CRT$XCA                DATA
 0003:00000004 00000004H .CRT$XCZ                DATA
 0003:00000008 00000004H .CRT$XIA                DATA
 0003:0000000c 00000004H .CRT$XIZ                DATA
 0003:00000010 00013a94H .data                   DATA
 0003:00013aa8 0096bb48H .bss                    DATA
 0004:00000000 000000a0H .rsrc$01                DATA
 0004:000000a0 00000300H .rsrc$02                DATA

  Address         Publics by Value              Rva+Base     Lib:Object

 0001:00000000       _CDAudio_Play2             00401000 f   cd_win.obj
 0001:000001e5       _CDAudio_Play              004011e5 f   cd_win.obj
 0001:000001fc       _CDAudio_Stop              004011fc f   cd_win.obj
 0001:00000241       _CDAudio_Pause             00401241 f   cd_win.obj
 0001:0000029a       _CDAudio_Resume            0040129a f   cd_win.obj
 0001:0000030c       _CDAudio_MessageHandler    0040130c f   cd_win.obj
 0001:000003a3       _CDAudio_Update            004013a3 f   cd_win.obj
 0001:000003da       _CDAudio_Init              004013da f   cd_win.obj
 0001:000007d1       _CDAudio_Shutdown          004017d1 f   cd_win.obj
 0001:00000804       _CDAudio_Activate          00401804 f   cd_win.obj
 0001:00000815       _SCR_StopCinematic         00401815 f   cl_cin.obj
 0001:000008a1       _SCR_FinishCinematic       004018a1 f   cl_cin.obj
 0001:000008cb       _SCR_ReadNextFrame         004018cb f   cl_cin.obj
 0001:00000bec       _SCR_RunCinematic          00401bec f   cl_cin.obj
 0001:00000ce5       _SCR_DrawCinematic         00401ce5 f   cl_cin.obj
 0001:00000d84       _SCR_PlayCinematic         00401d84 f   cl_cin.obj
 0001:000010bb       _CL_ParseEntityBits        004020bb f   cl_ents.obj
 0001:0000113a       _CL_ParseDelta             0040213a f   cl_ents.obj
 0001:00001318       _CL_DeltaEntity            00402318 f   cl_ents.obj
 0001:0000146e       _CL_ParsePacketEntities    0040246e f   cl_ents.obj
 0001:00001691       _CL_ParsePlayerstate       00402691 f   cl_ents.obj
 0001:0000199f       _CL_FireEntityEvents       0040299f f   cl_ents.obj
 0001:000019ee       _CL_ParseFrame             004029ee f   cl_ents.obj
 0001:00001c51       _CL_AddPacketEntities      00402c51 f   cl_ents.obj
 0001:000026ee       _CL_AddViewWeapon          004036ee f   cl_ents.obj
 0001:00002827       _CL_CalcViewValues         00403827 f   cl_ents.obj
 0001:00002ac5       _CL_AddEntities            00403ac5 f   cl_ents.obj
 0001:00002b92       _CL_GetEntitySoundOrigin   00403b92 f   cl_ents.obj
 0001:00002bce       _CL_RunLightStyles         00403bce f   cl_fx.obj
 0001:00002c20       _CL_SetLightstyle          00403c20 f   cl_fx.obj
 0001:00002c8a       _CL_AllocDlight            00403c8a f   cl_fx.obj
 0001:00002cf5       _CL_RunDLights             00403cf5 f   cl_fx.obj
 0001:00002d47       _CL_AddDLights             00403d47 f   cl_fx.obj
 0001:00002e15       _CL_ClearParticles         00403e15 f   cl_fx.obj
 0001:00002e55       _CL_AllocParticleTrace     00403e55 f   cl_fx.obj
 0001:00002efa       _CL_AllocParticle          00403efa f   cl_fx.obj
 0001:00002f49       _CL_UpdateParticles        00403f49 f   cl_fx.obj
 0001:0000342c       _CL_MetalSparks            0040442c f   cl_fx.obj
 0001:0000350b       _CL_ParseMuzzleFlash       0040450b f   cl_fx.obj
 0001:00003d1f       _CL_ParseMuzzleFlash2      00404d1f f   cl_fx.obj
 0001:00004426       _CL_ParticleEffect         00405426 f   cl_fx.obj
 0001:000044f5       _CL_ParticleEffect2        004054f5 f   cl_fx.obj
 0001:000045c0       _CL_ParticleEffect3        004055c0 f   cl_fx.obj
 0001:00004690       _CL_TeleporterParticles    00405690 f   cl_fx.obj
 0001:00004747       _CL_LogoutEffect           00405747 f   cl_fx.obj
 0001:00004832       _CL_ItemRespawnParticles   00405832 f   cl_fx.obj
 0001:000048e1       _CL_ExplosionParticles     004058e1 f   cl_fx.obj
 0001:0000498b       _CL_BigTeleportParticles   0040598b f   cl_fx.obj
 0001:00004ae2       _CL_BlasterParticles       00405ae2 f   cl_fx.obj
 0001:00004bae       _CL_BlasterTrail           00405bae f   cl_fx.obj
 0001:00004ca7       _CL_FlagTrail              00405ca7 f   cl_fx.obj
 0001:00004dad       _CL_DiminishingTrail       00405dad f   cl_fx.obj
 0001:00005017       _CL_RocketTrail            00406017 f   cl_fx.obj
 0001:00005146       _CL_RailTrail              00406146 f   cl_fx.obj
 0001:00005376       _CL_IonripperTrail         00406376 f   cl_fx.obj
 0001:0000548a       _CL_BubbleTrail            0040648a f   cl_fx.obj
 0001:000055ae       _CL_FlyParticles           004065ae f   cl_fx.obj
 0001:00005753       _CL_FlyEffect              00406753 f   cl_fx.obj
 0001:000057d6       _CL_BfgParticles           004067d6 f   cl_fx.obj
 0001:000059b3       _CL_TrapParticles          004069b3 f   cl_fx.obj
 0001:00005c55       _CL_BFGExplosionParticles  00406c55 f   cl_fx.obj
 0001:00005cff       _CL_TeleportParticles      00406cff f   cl_fx.obj
 0001:00005e38       _CL_EntityEvent            00406e38 f   cl_fx.obj
 0001:00006015       _CL_ClearEffects           00407015 f   cl_fx.obj
 0001:00006040       _KeyDown                   00407040 f   cl_input.obj
 0001:000060b6       _KeyUp                     004070b6 f   cl_input.obj
 0001:00006130       _IN_KLookDown              00407130 f   cl_input.obj
 0001:0000613c       _IN_KLookUp                0040713c f   cl_input.obj
 0001:00006148       _IN_UpDown                 00407148 f   cl_input.obj
 0001:00006154       _IN_UpUp                   00407154 f   cl_input.obj
 0001:00006160       _IN_DownDown               00407160 f   cl_input.obj
 0001:0000616c       _IN_DownUp                 0040716c f   cl_input.obj
 0001:00006178       _IN_LeftDown               00407178 f   cl_input.obj
 0001:00006184       _IN_LeftUp                 00407184 f   cl_input.obj
 0001:00006190       _IN_RightDown              00407190 f   cl_input.obj
 0001:0000619c       _IN_RightUp                0040719c f   cl_input.obj
 0001:000061a8       _IN_ForwardDown            004071a8 f   cl_input.obj
 0001:000061b4       _IN_ForwardUp              004071b4 f   cl_input.obj
 0001:000061c0       _IN_BackDown               004071c0 f   cl_input.obj
 0001:000061cc       _IN_BackUp                 004071cc f   cl_input.obj
 0001:000061d8       _IN_LookupDown             004071d8 f   cl_input.obj
 0001:000061e4       _IN_LookupUp               004071e4 f   cl_input.obj
 0001:000061f0       _IN_LookdownDown           004071f0 f   cl_input.obj
 0001:000061fc       _IN_LookdownUp             004071fc f   cl_input.obj
 0001:00006208       _IN_MoveleftDown           00407208 f   cl_input.obj
 0001:00006214       _IN_MoveleftUp             00407214 f   cl_input.obj
 0001:00006220       _IN_MoverightDown          00407220 f   cl_input.obj
 0001:0000622c       _IN_MoverightUp            0040722c f   cl_input.obj
 0001:00006238       _IN_SpeedDown              00407238 f   cl_input.obj
 0001:00006244       _IN_SpeedUp                00407244 f   cl_input.obj
 0001:00006250       _IN_StrafeDown             00407250 f   cl_input.obj
 0001:0000625c       _IN_StrafeUp               0040725c f   cl_input.obj
 0001:00006268       _IN_AttackDown             00407268 f   cl_input.obj
 0001:00006274       _IN_AttackUp               00407274 f   cl_input.obj
 0001:00006280       _IN_UseDown                00407280 f   cl_input.obj
 0001:0000628c       _IN_UseUp                  0040728c f   cl_input.obj
 0001:00006298       _IN_Impulse                00407298 f   cl_input.obj
 0001:000062ae       _CL_KeyState               004072ae f   cl_input.obj
 0001:0000630c       _CL_AdjustAngles           0040730c f   cl_input.obj
 0001:0000641b       _CL_BaseMove               0040741b f   cl_input.obj
 0001:000065f5       _CL_ClampPitch             004075f5 f   cl_input.obj
 0001:000066a3       _CL_FinishMove             004076a3 f   cl_input.obj
 0001:0000675f       _CL_CreateCmd              0040775f f   cl_input.obj
 0001:000067cb       _IN_CenterView             004077cb f   cl_input.obj
 0001:000067ec       _CL_InitInput              004077ec f   cl_input.obj
 0001:000069f2       _CL_SendCmd                004079f2 f   cl_input.obj
 0001:00006bec       _CL_ParseInventory         00407bec f   cl_inv.obj
 0001:00006c0c       _CL_DrawInventory          00407c0c f   cl_inv.obj
 0001:00006e6d       _CL_WriteDemoMessage       00407e6d f   cl_main.obj
 0001:00006eaf       _CL_Stop_f                 00407eaf f   cl_main.obj
 0001:00006f0a       _CL_Record_f               00407f0a f   cl_main.obj
 0001:00007183       _Cmd_ForwardToServer       00408183 f   cl_main.obj
 0001:000071ef       _CL_Setenv_f               004081ef f   cl_main.obj
 0001:000072b3       _CL_ForwardToServer_f      004082b3 f   cl_main.obj
 0001:00007301       _CL_Pause_f                00408301 f   cl_main.obj
 0001:0000733a       _CL_Quit_f                 0040833a f   cl_main.obj
 0001:00007344       _CL_Drop                   00408344 f   cl_main.obj
 0001:00007366       _CL_SendConnectPacket      00408366 f   cl_main.obj
 0001:0000743a       _CL_CheckForResend         0040843a f   cl_main.obj
 0001:0000751a       _CL_Connect_f              0040851a f   cl_main.obj
 0001:00007599       _CL_Rcon_f                 00408599 f   cl_main.obj
 0001:000076e6       _CL_ClearState             004086e6 f   cl_main.obj
 0001:00007725       _CL_Disconnect             00408725 f   cl_main.obj
 0001:00007851       _CL_Disconnect_f           00408851 f   cl_main.obj
 0001:00007860       _CL_Changing_f             00408860 f   cl_main.obj
 0001:00007884       _CL_Reconnect_f            00408884 f   cl_main.obj
 0001:00007920       _CL_ParseStatusMessage     00408920 f   cl_main.obj
 0001:00007957       _CL_PingServers_f          00408957 f   cl_main.obj
 0001:00007ab1       _CL_Skins_f                00408ab1 f   cl_main.obj
 0001:00007aed       _CL_ConnectionlessPacket   00408aed f   cl_main.obj
 0001:00007d2f       _CL_ReadPackets            00408d2f f   cl_main.obj
 0001:00007e6d       _CL_FixUpGender            00408e6d f   cl_main.obj
 0001:00007f40       _CL_Userinfo_f             00408f40 f   cl_main.obj
 0001:00007f58       _CL_Snd_Restart_f          00408f58 f   cl_main.obj
 0001:00007f67       _CL_RequestNextDownload    00408f67 f   cl_main.obj
 0001:00008597       _CL_Precache_f             00409597 f   cl_main.obj
 0001:00008600       _CL_WriteConfiguration     00409600 f   cl_main.obj
 0001:00008691       _CL_WriteConfig_f          00409691 f   cl_main.obj
 0001:000086f0       _CL_InitLocal              004096f0 f   cl_main.obj
 0001:00008910       _CL_FixCvarCheats          00409910 f   cl_main.obj
 0001:000089cd       _CL_SendCommand            004099cd f   cl_main.obj
 0001:000089eb       _CL_Frame                  004099eb f   cl_main.obj
 0001:00008bbe       _CL_Init                   00409bbe f   cl_main.obj
 0001:00008c0b       _CL_Shutdown               00409c0b f   cl_main.obj
 0001:00008c51       _vectoangles2              00409c51 f   cl_newfx.obj
 0001:00008d53       _CL_Flashlight             00409d53 f   cl_newfx.obj
 0001:00008da3       _CL_ColorFlash             00409da3 f   cl_newfx.obj
 0001:00008e48       _CL_DebugTrail             00409e48 f   cl_newfx.obj
 0001:00008f3f       _CL_ForceWall              00409f3f f   cl_newfx.obj
 0001:00009079       _CL_BubbleTrail2           0040a079 f   cl_newfx.obj
 0001:000091a9       _CL_Heatbeam               0040a1a9 f   cl_newfx.obj
 0001:0000942c       _CL_ParticleSteamEffect    0040a42c f   cl_newfx.obj
 0001:00009538       _CL_ParticleSteamEffect2   0040a538 f   cl_newfx.obj
 0001:00009657       _CL_TrackerTrail           0040a657 f   cl_newfx.obj
 0001:0000979c       _CL_Tracker_Shell          0040a79c f   cl_newfx.obj
 0001:00009813       _CL_MonsterPlasma_Shell    0040a813 f   cl_newfx.obj
 0001:00009887       _CL_Widowbeamout           0040a887 f   cl_newfx.obj
 0001:0000992e       _CL_Nukeblast              0040a92e f   cl_newfx.obj
 0001:000099d5       _CL_WidowSplash            0040a9d5 f   cl_newfx.obj
 0001:00009a90       _CL_TagTrail               0040aa90 f   cl_newfx.obj
 0001:00009b96       _CL_ColorExplosionParticles 0040ab96 f   cl_newfx.obj
 0001:00009c43       _CL_ParticleSmokeEffect    0040ac43 f   cl_newfx.obj
 0001:00009d4d       _CL_BlasterParticles2      0040ad4d f   cl_newfx.obj
 0001:00009e1a       _CL_BlasterTrail2          0040ae1a f   cl_newfx.obj
 0001:00009f13       _CL_DownloadFileName       0040af13 f   cl_parse.obj
 0001:00009f52       _CL_CheckOrDownloadFile    0040af52 f   cl_parse.obj
 0001:0000a0d8       _CL_Download_f             0040b0d8 f   cl_parse.obj
 0001:0000a1a0       _CL_RegisterSounds         0040b1a0 f   cl_parse.obj
 0001:0000a1df       _CL_ParseDownload          0040b1df f   cl_parse.obj
 0001:0000a34c       _CL_ParseServerData        0040b34c f   cl_parse.obj
 0001:0000a45b       _CL_ParseBaseline          0040b45b f   cl_parse.obj
 0001:0000a495       _CL_LoadClientinfo         0040b495 f   cl_parse.obj
 0001:0000a760       _CL_ParseClientinfo        0040b760 f   cl_parse.obj
 0001:0000a784       _CL_ParseConfigString      0040b784 f   cl_parse.obj
 0001:0000a907       _CL_ParseStartSoundPacket  0040b907 f   cl_parse.obj
 0001:0000aa09       _SHOWNET                   0040ba09 f   cl_parse.obj
 0001:0000aa2d       _CL_ParseServerMessage     0040ba2d f   cl_parse.obj
 0001:0000accd       _CL_CheckPredictionError   0040bccd f   cl_pred.obj
 0001:0000adec       _CL_ClipMoveToEntities     0040bdec f   cl_pred.obj
 0001:0000b115       _CL_PMTrace                0040c115 f   cl_pred.obj
 0001:0000b184       _CL_PMpointcontents        0040c184 f   cl_pred.obj
 0001:0000b1ee       _CL_PredictMovement        0040c1ee f   cl_pred.obj
 0001:0000b3f7       _CL_AddNetgraph            0040c3f7 f   cl_scrn.obj
 0001:0000b4d1       _SCR_DebugGraph            0040c4d1 f   cl_scrn.obj
 0001:0000b4f9       _SCR_DrawDebugGraph        0040c4f9 f   cl_scrn.obj
 0001:0000b5d8       _SCR_CenterPrint           0040c5d8 f   cl_scrn.obj
 0001:0000b6e9       _SCR_DrawCenterString      0040c6e9 f   cl_scrn.obj
 0001:0000b83e       _SCR_SizeUp_f              0040c83e f   cl_scrn.obj
 0001:0000b857       _SCR_SizeDown_f            0040c857 f   cl_scrn.obj
 0001:0000b878       _SCR_Sky_f                 0040c878 f   cl_scrn.obj
 0001:0000b923       _SCR_Init                  0040c923 f   cl_scrn.obj
 0001:0000b988       _SCR_DrawNet               0040c988 f   cl_scrn.obj
 0001:0000b9c3       _SCR_DrawPause             0040c9c3 f   cl_scrn.obj
 0001:0000ba2c       _SCR_RunConsole            0040ca2c f   cl_scrn.obj
 0001:0000bac9       _SCR_DrawConsole           0040cac9 f   cl_scrn.obj
 0001:0000bb5c       _SCR_SetLevelshot          0040cb5c f   cl_scrn.obj
 0001:0000bbee       _SCR_DrawLoading           0040cbee f   cl_scrn.obj
 0001:0000bc92       _SCR_BeginLoadingPlaque    0040cc92 f   cl_scrn.obj
 0001:0000bce8       _SCR_EndLoadingPlaque      0040cce8 f   cl_scrn.obj
 0001:0000bd03       _SCR_Loading_f             0040cd03 f   cl_scrn.obj
 0001:0000bd08       _SCR_TimeRefresh_f         0040cd08 f   cl_scrn.obj
 0001:0000bddf       _SCR_AddDirtyPoint         0040cddf f   cl_scrn.obj
 0001:0000be1c       _SCR_DirtyScreen           0040ce1c f   cl_scrn.obj
 0001:0000be97       _SCR_TileClear             0040ce97 f   cl_scrn.obj
 0001:0000c072       _DrawHUDString             0040d072 f   cl_scrn.obj
 0001:0000c124       _SCR_DrawField             0040d124 f   cl_scrn.obj
 0001:0000c248       _SCR_TouchPics             0040d248 f   cl_scrn.obj
 0001:0000c2da       _SCR_ExecuteLayoutString   0040d2da f   cl_scrn.obj
 0001:0000cc8c       _SCR_UpdateScreen          0040dc8c f   cl_scrn.obj
 0001:0000cf77       _CL_RegisterTEntSounds     0040df77 f   cl_tent.obj
 0001:0000d1af       _CL_RegisterTEntModels     0040e1af f   cl_tent.obj
 0001:0000d335       _CL_ClearTEnts             0040e335 f   cl_tent.obj
 0001:0000d38c       _CL_AllocExplosion         0040e38c f   cl_tent.obj
 0001:0000d3de       _CL_AddExplosions          0040e3de f   cl_tent.obj
 0001:0000d62d       _CL_SmokeAndFlash          0040e62d f   cl_tent.obj
 0001:0000d694       _CL_ParseBeam              0040e694 f   cl_tent.obj
 0001:0000d783       _CL_ParseBeam2             0040e783 f   cl_tent.obj
 0001:0000d883       _CL_ParsePlayerBeam        0040e883 f   cl_tent.obj
 0001:0000d9bf       _CL_ParseLightning         0040e9bf f   cl_tent.obj
 0001:0000da95       _CL_ParseLaser             0040ea95 f   cl_tent.obj
 0001:0000db3a       _CL_ParseSteam             0040eb3a f   cl_tent.obj
 0001:0000dc4b       _CL_ParseWidow             0040ec4b f   cl_tent.obj
 0001:0000dcb7       _CL_ParseNuke              0040ecb7 f   cl_tent.obj
 0001:0000dd21       _CL_ParseTEnt              0040ed21 f   cl_tent.obj
 0001:0000eb3b       _CL_AddBeams               0040fb3b f   cl_tent.obj
 0001:0000ee64       _CL_AddPlayerBeams         0040fe64 f   cl_tent.obj
 0001:0000f56b       _CL_AddLasers              0041056b f   cl_tent.obj
 0001:0000f590       _CL_ProcessSustain         00410590 f   cl_tent.obj
 0001:0000f5d1       _CL_AddTEnts               004105d1 f   cl_tent.obj
 0001:0000f5ea       _V_AddEntity               004105ea f   cl_view.obj
 0001:0000f614       _V_AddLight                00410614 f   cl_view.obj
 0001:0000f65f       _V_TestParticles           0041065f f   cl_view.obj
 0001:0000f71d       _V_TestEntities            0041071d f   cl_view.obj
 0001:0000f7bf       _V_TestLights              004107bf f   cl_view.obj
 0001:0000f89d       _CL_PrepRefresh            0041089d f   cl_view.obj
 0001:0000fb70       _CalcFov                   00410b70 f   cl_view.obj
 0001:0000fbe9       _V_Gun_Next_f              00410be9 f   cl_view.obj
 0001:0000fc02       _V_Gun_Prev_f              00410c02 f   cl_view.obj
 0001:0000fc24       _V_Gun_Model_f             00410c24 f   cl_view.obj
 0001:0000fc58       _SCR_DrawCrosshair         00410c58 f   cl_view.obj
 0001:0000fcc4       _V_RenderView              00410cc4 f   cl_view.obj
 0001:00010881       _V_Viewpos_f               00411881 f   cl_view.obj
 0001:000108bf       _V_Init                    004118bf f   cl_view.obj
 0001:0001090b       _Cbuf_Init                 0041190b f   cmd.obj
 0001:00010923       _Cbuf_AddText              00411923 f   cmd.obj
 0001:0001097f       _Cbuf_InsertText           0041197f f   cmd.obj
 0001:000109d7       _Cbuf_CopyToDefer          004119d7 f   cmd.obj
 0001:00010a03       _Cbuf_InsertFromDefer      00411a03 f   cmd.obj
 0001:00010a16       _Cbuf_ExecuteText          00411a16 f   cmd.obj
 0001:00010a55       _Cbuf_Execute              00411a55 f   cmd.obj
 0001:00010b09       _Cbuf_AddEarlyCommands     00411b09 f   cmd.obj
 0001:00010b8b       _Cbuf_AddLateCommands      00411b8b f   cmd.obj
 0001:00010ca0       _Cmd_Exec_f                00411ca0 f   cmd.obj
 0001:00010d25       _Cmd_Echo_f                00411d25 f   cmd.obj
 0001:00010d67       _Cmd_Alias_f               00411d67 f   cmd.obj
 0001:00010e8e       _Cmd_Unalias_f             00411e8e f   cmd.obj
 0001:00010f17       _Cmd_WriteAliases          00411f17 f   cmd.obj
 0001:00010f40       _Cmd_Argc                  00411f40 f   cmd.obj
 0001:00010f46       _Cmd_Argv                  00411f46 f   cmd.obj
 0001:00010f60       _Cmd_Args                  00411f60 f   cmd.obj
 0001:00010f66       _Cmd_TokenizeString        00411f66 f   cmd.obj
 0001:00011198       _Cmd_AddCommand            00412198 f   cmd.obj
 0001:00011203       _Cmd_RemoveCommand         00412203 f   cmd.obj
 0001:00011245       _Cmd_CompleteCommand       00412245 f   cmd.obj
 0001:00011744       _Cmd_ExecuteString         00412744 f   cmd.obj
 0001:0001181c       _Cmd_Init                  0041281c f   cmd.obj
 0001:000118f5       _CMod_GetSurfMaterial      004128f5 f   cmodel.obj
 0001:0001194f       _CM_LoadMap                0041294f f   cmodel.obj
 0001:00012177       _CM_InlineModel            00413177 f   cmodel.obj
 0001:000121c5       _CM_NumClusters            004131c5 f   cmodel.obj
 0001:000121cb       _CM_NumInlineModels        004131cb f   cmodel.obj
 0001:000121d1       _CM_EntityString           004131d1 f   cmodel.obj
 0001:000121d7       _CM_LeafContents           004131d7 f   cmodel.obj
 0001:00012201       _CM_LeafCluster            00413201 f   cmodel.obj
 0001:0001222c       _CM_LeafArea               0041322c f   cmodel.obj
 0001:00012257       _CM_InitBoxHull            00413257 f   cmodel.obj
 0001:00012436       _CM_HeadnodeForBox         00413436 f   cmodel.obj
 0001:000124eb       _CM_PointLeafnum           004134eb f   cmodel.obj
 0001:0001256e       _CM_BoxLeafnums            0041356e f   cmodel.obj
 0001:00012677       _CM_PointContents          00413677 f   cmodel.obj
 0001:0001269c       _CM_TransformedPointContents 0041369c f   cmodel.obj
 0001:00012786       _CM_BoxTrace               00413786 f   cmodel.obj
 0001:0001317f       _CM_TransformedBoxTrace    0041417f f   cmodel.obj
 0001:00013408       _CM_DecompressVis          00414408 f   cmodel.obj
 0001:000134b1       _CM_ClusterPVS             004144b1 f   cmodel.obj
 0001:000134fe       _CM_ClusterPHS             004144fe f   cmodel.obj
 0001:0001354b       _FloodAreaConnections      0041454b f   cmodel.obj
 0001:00013606       _CM_SetAreaPortalState     00414606 f   cmodel.obj
 0001:00013633       _CM_AreasConnected         00414633 f   cmodel.obj
 0001:00013681       _CM_WriteAreaBits          00414681 f   cmodel.obj
 0001:00013711       _CM_WritePortalState       00414711 f   cmodel.obj
 0001:0001372b       _CM_ReadPortalState        0041472b f   cmodel.obj
 0001:00013749       _CM_HeadnodeVisible        00414749 f   cmodel.obj
 0001:000137b1       _Com_BeginRedirect         004147b1 f   common.obj
 0001:000137ee       _Com_EndRedirect           004147ee f   common.obj
 0001:00013819       _Com_Printf                00414819 f   common.obj
 0001:00013978       _Com_DPrintf               00414978 f   common.obj
 0001:000139f2       _DebugPrintf               004149f2 f   common.obj
 0001:00013a9a       _Com_WPrintf               00414a9a f   common.obj
 0001:00013af3       _Com_Error                 00414af3 f   common.obj
 0001:00013bd1       _Com_Quit                  00414bd1 f   common.obj
 0001:00013c01       _MatchWildcard             00414c01 f   common.obj
 0001:00013d3e       _Com_ServerState           00414d3e f   common.obj
 0001:00013d44       _Com_SetServerState        00414d44 f   common.obj
 0001:00013d4e       _MSG_WriteChar             00414d4e f   common.obj
 0001:00013d4e       _MSG_WriteByte             00414d4e f   common.obj
 0001:00013d62       _MSG_WriteShort            00414d62 f   common.obj
 0001:00013d7c       _MSG_WriteLong             00414d7c f   common.obj
 0001:00013da6       _MSG_WriteFloat            00414da6 f   common.obj
 0001:00013dcc       _MSG_WriteString           00414dcc f   common.obj
 0001:00013e04       _MSG_WriteCoord            00414e04 f   common.obj
 0001:00013e2d       _MSG_WritePos              00414e2d f   common.obj
 0001:00013ea1       _MSG_WriteAngle            00414ea1 f   common.obj
 0001:00013ec4       _MSG_WriteAngle16          00414ec4 f   common.obj
 0001:00013ef3       _MSG_WriteDeltaUsercmd     00414ef3 f   common.obj
 0001:0001407b       _MSG_WriteDir              0041507b f   common.obj
 0001:000140e8       _MSG_ReadDir               004150e8 f   common.obj
 0001:00014126       _MSG_WriteDeltaEntity      00415126 f   common.obj
 0001:0001461f       _MSG_BeginReading          0041561f f   common.obj
 0001:00014628       _MSG_ReadChar              00415628 f   common.obj
 0001:00014649       _MSG_ReadByte              00415649 f   common.obj
 0001:0001466a       _MSG_ReadShort             0041566a f   common.obj
 0001:0001469a       _MSG_ReadLong              0041569a f   common.obj
 0001:000146d9       _MSG_ReadString            004156d9 f   common.obj
 0001:0001470c       _MSG_ReadStringLine        0041570c f   common.obj
 0001:00014744       _MSG_ReadCoord             00415744 f   common.obj
 0001:0001475e       _MSG_ReadPos               0041575e f   common.obj
 0001:000147b0       _MSG_ReadAngle             004157b0 f   common.obj
 0001:000147ca       _MSG_ReadAngle16           004157ca f   common.obj
 0001:000147e4       _MSG_ReadDeltaUsercmd      004157e4 f   common.obj
 0001:0001489b       _MSG_ReadData              0041589b f   common.obj
 0001:000148be       _SZ_Init                   004158be f   common.obj
 0001:000148e0       _SZ_Clear                  004158e0 f   common.obj
 0001:000148ed       _SZ_GetSpace               004158ed f   common.obj
 0001:0001494f       _SZ_Write                  0041594f f   common.obj
 0001:00014970       _SZ_Print                  00415970 f   common.obj
 0001:000149b9       _COM_Argc                  004159b9 f   common.obj
 0001:000149bf       _COM_Argv                  004159bf f   common.obj
 0001:000149e0       _COM_ClearArgv             004159e0 f   common.obj
 0001:00014a08       _COM_InitArgv              00415a08 f   common.obj
 0001:00014a63       _Info_Print                00415a63 f   common.obj
 0001:00014b20       _COM_BlockSequenceCRCByte  00415b20 f   common.obj
 0001:00014bac       _frand                     00415bac f   common.obj
 0001:00014bc9       _crand                     00415bc9 f   common.obj
 0001:00014bec       _Qcommon_Init              00415bec f   common.obj
 0001:00014d40       _Qcommon_Frame             00415d40 f   common.obj
 0001:00014f23       _CCheckParm                00415f23 f   conproc.obj
 0001:00014f5c       _InitConProc               00415f5c f   conproc.obj
 0001:000150ae       _DeinitConProc             004160ae f   conproc.obj
 0001:000150bf       _RequestProc@4             004160bf f   conproc.obj
 0001:000151d0       _WriteText                 004161d0 f   conproc.obj
 0001:00015297       _CharToCode                00416297 f   conproc.obj
 0001:0001531f       _SetConsoleCXCY            0041631f f   conproc.obj
 0001:00015456       _DrawStringCommon          00416456 f   console.obj
 0001:000154b3       _DrawString                004164b3 f   console.obj
 0001:000154d5       _DrawAltString             004164d5 f   console.obj
 0001:000154fa       _Con_ToggleConsole_f       004164fa f   console.obj
 0001:0001557b       _Con_ClearNotify           0041657b f   console.obj
 0001:00015589       _Con_CheckResize           00416589 f   console.obj
 0001:000156a9       _Con_Init                  004166a9 f   console.obj
 0001:00015946       _Con_Print                 00416946 f   console.obj
 0001:00015c16       _Con_DrawNotify            00416c16 f   console.obj
 0001:00015e19       _Con_DrawConsole           00416e19 f   console.obj
 0001:00016387       _CRC_Block                 00417387 f   crc.obj
 0001:000163c3       _Cvar_VariableValue        004173c3 f   cvar.obj
 0001:00016431       _Cvar_VariableInt          00417431 f   cvar.obj
 0001:00016444       _Cvar_VariableString       00417444 f   cvar.obj
 0001:0001645c       _Cvar_Get                  0041745c f   cvar.obj
 0001:000166b8       _Cvar_GetVars              004176b8 f   cvar.obj
 0001:0001670c       _Cvar_FullSet              0041770c f   cvar.obj
 0001:00016769       _Cvar_SetValue             00417769 f   cvar.obj
 0001:00016954       _Cvar_SetInteger           00417954 f   cvar.obj
 0001:00016976       _Cvar_Set                  00417976 f   cvar.obj
 0001:0001698b       _Cvar_ForceSet             0041798b f   cvar.obj
 0001:000169a0       _Cvar_Clamp                004179a0 f   cvar.obj
 0001:00016a2a       _Cvar_ClampName            00417a2a f   cvar.obj
 0001:00016a7b       _Cvar_GetLatchedVars       00417a7b f   cvar.obj
 0001:00016aaa       _Cvar_Command              00417aaa f   cvar.obj
 0001:00016b18       _Cvar_WriteVariables       00417b18 f   cvar.obj
 0001:00016b7d       _Cvar_BitInfo              00417b7d f   cvar.obj
 0001:00016bb6       _Cvar_Userinfo             00417bb6 f   cvar.obj
 0001:00016bbf       _Cvar_Serverinfo           00417bbf f   cvar.obj
 0001:00016bc8       _Cvar_Init                 00417bc8 f   cvar.obj
 0001:000171f6       _FS_CreatePath             004181f6 f   files.obj
 0001:0001721c       _Developer_searchpath      0041821c f   files.obj
 0001:00017261       _FS_FCloseFile             00418261 f   files.obj
 0001:000172f7       _FS_FOpenFile              004182f7 f   files.obj
 0001:0001772f       _FS_FileExists             0041872f f   files.obj
 0001:000178e3       _FS_Read                   004188e3 f   files.obj
 0001:00017b90       _FS_LoadFile               00418b90 f   files.obj
 0001:00017bf2       _FS_FreeFile               00418bf2 f   files.obj
 0001:00017bfd       _FS_LoadPackFile           00418bfd f   files.obj
 0001:00017f35       _FS_UnloadPackFile         00418f35 f   files.obj
 0001:00017f82       _FS_AddGameDirectory       00418f82 f   files.obj
 0001:00018115       _FS_Gamedir                00419115 f   files.obj
 0001:00018129       _FS_LoadGameConfig         00419129 f   files.obj
 0001:000181ee       _FS_SetGamedir             004191ee f   files.obj
 0001:00018387       _FS_ListFiles              00419387 f   files.obj
 0001:0001862b       _FS_NextPath               0041962b f   files.obj
 0001:0001864f       _FS_InitFilesystem         0041964f f   files.obj
 0001:00019017       _LoadPCX                   0041a017 f   images.obj
 0001:000191fb       _LoadTGA                   0041a1fb f   images.obj
 0001:00019591       _LoadJPG                   0041a591 f   images.obj
 0001:00019824       _ImageExists               0041a824 f   images.obj
 0001:0001992a       _WriteTGA                  0041a92a f   images.obj
 0001:000199d6       _WriteJPG                  0041a9d6 f   images.obj
 0001:00019afe       _IN_MLookDown              0041aafe f   in_win.obj
 0001:00019b09       _IN_MLookUp                0041ab09 f   in_win.obj
 0001:00019b2c       _IN_StartupMouse           0041ab2c f   in_win.obj
 0001:00019b86       _IN_MouseEvent             0041ab86 f   in_win.obj
 0001:00019c03       _IN_Init                   0041ac03 f   in_win.obj
 0001:00019c49       _IN_Shutdown               0041ac49 f   in_win.obj
 0001:00019d2e       _IN_Activate               0041ad2e f   in_win.obj
 0001:00019d45       _IN_Frame                  0041ad45 f   in_win.obj
 0001:0001a119       _IN_Move                   0041b119 f   in_win.obj
 0001:0001a2e4       _IN_StartupJoystick        0041b2e4 f   in_win.obj
 0001:0001a405       _Joy_AdvancedUpdate_f      0041b405 f   in_win.obj
 0001:0001a59c       _IN_Commands               0041b59c f   in_win.obj
 0001:0001a6cb       _IN_ReadJoystick           0041b6cb f   in_win.obj
 0001:0001a706       _IN_JoyMove                0041b706 f   in_win.obj
 0001:0001aa56       _CompleteCommand           0041ba56 f   keys.obj
 0001:0001aabd       _Key_Console               0041babd f   keys.obj
 0001:0001b0b3       _Key_Message               0041c0b3 f   keys.obj
 0001:0001b144       _Key_StringToKeynum        0041c144 f   keys.obj
 0001:0001b18e       _Key_KeynumToString        0041c18e f   keys.obj
 0001:0001b1e1       _Key_SetBinding            0041c1e1 f   keys.obj
 0001:0001b23b       _Key_Bindlist_f            0041c23b f   keys.obj
 0001:0001b2cc       _Key_WriteBindings         0041c2cc f   keys.obj
 0001:0001b30a       _Key_Init                  0041c30a f   keys.obj
 0001:0001b5e0       _Key_Event                 0041c5e0 f   keys.obj
 0001:0001b8bf       _Key_ClearStates           0041c8bf f   keys.obj
 0001:0001b906       _Key_ClearTyping           0041c906 f   keys.obj
 0001:0001b920       _MD4Init                   0041c920 f   md4.obj
 0001:0001b948       _MD4Update                 0041c948 f   md4.obj
 0001:0001b9e6       _MD4Final                  0041c9e6 f   md4.obj
 0001:0001c0d7       _Com_BlockChecksum         0041d0d7 f   md4.obj
 0001:0001c113       _Z_Free                    0041d113 f   memory.obj
 0001:0001c169       _Z_FreeTags                0041d169 f   memory.obj
 0001:0001c199       _Z_TagMalloc               0041d199 f   memory.obj
 0001:0001c20a       _Z_Malloc                  0041d20a f   memory.obj
 0001:0001c22c       _Z_BlockMalloc             0041d22c f   memory.obj
 0001:0001c247       _CreateMemoryChain         0041d247 f   memory.obj
 0001:0001c2b0       _FreeMemoryChain           0041d2b0 f   memory.obj
 0001:0001c2da       _AllocChainBlock           0041d2da f   memory.obj
 0001:0001c325       _CopyString                0041d325 f   memory.obj
 0001:0001c349       _ChainCopyString           0041d349 f   memory.obj
 0001:0001c371       _AllocNamedStruc           0041d371 f   memory.obj
 0001:0001c3ac       _ChainAllocNamedStruc      0041d3ac f   memory.obj
 0001:0001c3eb       _FindNamedStruc            0041d3eb f   memory.obj
 0001:0001c42f       _FindNamedStrucByIndex     0041d42f f   memory.obj
 0001:0001c446       _IndexOfNamedStruc         0041d446 f   memory.obj
 0001:0001c474       _AddToNamedList            0041d474 f   memory.obj
 0001:0001c4be       _ChainAddToNamedList       0041d4be f   memory.obj
 0001:0001c508       _FreeNamedList             0041d508 f   memory.obj
 0001:0001c523       _Z_Init                    0041d523 f   memory.obj
 0001:0001c55e       _M_PushMenu                0041d55e f   menu.obj
 0001:0001c61b       _M_ForceMenuOff            0041d61b f   menu.obj
 0001:0001c648       _M_PopMenu                 0041d648 f   menu.obj
 0001:0001c69c       _Default_MenuKey           0041d69c f   menu.obj
 0001:0001c7c6       _M_Print                   0041d7c6 f   menu.obj
 0001:0001c811       _M_DrawTextBox             0041d811 f   menu.obj
 0001:0001c9fd       _M_Main_Draw               0041d9fd f   menu.obj
 0001:0001cb6e       _M_Main_Key                0041db6e f   menu.obj
 0001:0001cc51       _M_Menu_Main_f             0041dc51 f   menu.obj
 0001:0001cc6c       _M_Menu_Multiplayer_f      0041dc6c f   menu.obj
 0001:0001cdf0       _M_Menu_Keys_f             0041ddf0 f   menu.obj
 0001:0001d2d0       _M_Menu_Options_f          0041e2d0 f   menu.obj
 0001:0001dbc0       _M_Menu_Video_f            0041ebc0 f   menu.obj
 0001:0001dbe0       _M_Menu_Credits_f          0041ebe0 f   menu.obj
 0001:0001ddad       _M_Menu_Game_f             0041edad f   menu.obj
 0001:0001e03f       _M_Menu_LoadGame_f         0041f03f f   menu.obj
 0001:0001e1eb       _M_Menu_SaveGame_f         0041f1eb f   menu.obj
 0001:0001e325       _M_AddToServerList         0041f325 f   menu.obj
 0001:0001e3a3       _M_Menu_JoinServer_f       0041f3a3 f   menu.obj
 0001:0001e611       _M_Menu_StartServer_f      0041f611 f   menu.obj
 0001:0001ee3b       _M_Menu_DMOptions_f        0041fe3b f   menu.obj
 0001:0001f5f3       _M_Menu_DownloadOptions_f  004205f3 f   menu.obj
 0001:0001f87a       _M_Menu_AddressBook_f      0042087a f   menu.obj
 0001:00020a55       _M_Init                    00421a55 f   menu.obj
 0001:00020b78       _M_Draw                    00421b78 f   menu.obj
 0001:00020bd3       _M_Keydown                 00421bd3 f   menu.obj
 0001:00020bef       _SwapQ2BspFile             00421bef f   model.obj
 0001:00020e38       _ProcessQ2BspFile          00421e38 f   model.obj
 0001:00020f11       _CheckLump                 00421f11 f   model.obj
 0001:00020f56       _LoadQ2BspFile             00421f56 f   model.obj
 0001:000210fd       _LoadBspFile               004220fd f   model.obj
 0001:000211f7       _Netchan_Init              004221f7 f   net_chan.obj
 0001:00021257       _Netchan_OutOfBand         00422257 f   net_chan.obj
 0001:000212b3       _Netchan_OutOfBandPrint    004222b3 f   net_chan.obj
 0001:000212f3       _Netchan_Setup             004222f3 f   net_chan.obj
 0001:0002134e       _Netchan_NeedReliable      0042234e f   net_chan.obj
 0001:0002137a       _Netchan_Transmit          0042237a f   net_chan.obj
 0001:00021523       _Netchan_Process           00422523 f   net_chan.obj
 0001:0002166e       _NetadrToSockadr           0042266e f   net_wins.obj
 0001:00021715       _SockadrToNetadr           00422715 f   net_wins.obj
 0001:00021778       _NET_CompareAdr            00422778 f   net_wins.obj
 0001:000217da       _NET_CompareBaseAdr        004227da f   net_wins.obj
 0001:00021832       _NET_AdrToString           00422832 f   net_wins.obj
 0001:000218e6       _NET_StringToSockaddr      004228e6 f   net_wins.obj
 0001:00021b1b       _NET_StringToAdr           00422b1b f   net_wins.obj
 0001:00021b74       _NET_IsLocalAddress        00422b74 f   net_wins.obj
 0001:00021b7e       _NET_GetLoopPacket         00422b7e f   net_wins.obj
 0001:00021c05       _NET_SendLoopPacket        00422c05 f   net_wins.obj
 0001:00021c51       _NET_GetPacket             00422c51 f   net_wins.obj
 0001:00021d86       _NET_SendPacket            00422d86 f   net_wins.obj
 0001:00021ee7       _NET_IPSocket              00422ee7 f   net_wins.obj
 0001:00021ff6       _NET_OpenIP                00422ff6 f   net_wins.obj
 0001:00022117       _NET_IPXSocket             00423117 f   net_wins.obj
 0001:00022212       _NET_OpenIPX               00423212 f   net_wins.obj
 0001:000222fa       _NET_Config                004232fa f   net_wins.obj
 0001:00022370       _NET_Sleep                 00423370 f   net_wins.obj
 0001:0002241a       _NET_Init                  0042341a f   net_wins.obj
 0001:00022691       _Pmove                     00423691 f   pmove.obj
 0001:000241d2       _Q_rsqrt                   004251d2 f   q_shared2.obj
 0001:00024202       _RotatePointAroundVector   00425202 f   q_shared2.obj
 0001:00024372       _AngleVectors              00425372 f   q_shared2.obj
 0001:00024476       _ProjectPointOnPlane       00425476 f   q_shared2.obj
 0001:000244f5       _PerpendicularVector       004254f5 f   q_shared2.obj
 0001:00024574       _MakeNormalVectors         00425574 f   q_shared2.obj
 0001:000245db       _MatrixMultiply            004255db f   q_shared2.obj
 0001:000246c2       _R_ConcatTransforms        004256c2 f   q_shared2.obj
 0001:000247fc       _SetPlaneSignbits          004257fc f   q_shared2.obj
 0001:0002482c       _LerpAngle                 0042582c f   q_shared2.obj
 0001:0002486f       _anglemod                  0042586f f   q_shared2.obj
 0001:00024893       _BoxOnPlaneSide            00425893 f   q_shared2.obj
 0001:000249af       _ClearBounds               004259af f   q_shared2.obj
 0001:000249d8       _AddPointToBounds          004259d8 f   q_shared2.obj
 0001:00024a11       _VectorCompare             00425a11 f   q_shared2.obj
 0001:00024a3f       _VectorNormalize           00425a3f f   q_shared2.obj
 0001:00024a93       _VectorNormalize2          00425a93 f   q_shared2.obj
 0001:00024aeb       _VectorNormalizeFast       00425aeb f   q_shared2.obj
 0001:00024b2e       _VectorMA                  00425b2e f   q_shared2.obj
 0001:00024b5d       _CrossProduct              00425b5d f   q_shared2.obj
 0001:00024b98       _VectorLength              00425b98 f   q_shared2.obj
 0001:00024bc7       _VectorDistance            00425bc7 f   q_shared2.obj
 0001:00024bf8       _VectorInverse             00425bf8 f   q_shared2.obj
 0001:00024c13       _VectorScale               00425c13 f   q_shared2.obj
 0001:00024c37       _AnglesToAxis              00425c37 f   q_shared2.obj
 0001:00024c7c       _COM_StripExtension        00425c7c f   q_shared2.obj
 0001:00024c9d       _COM_FilePath              00425c9d f   q_shared2.obj
 0001:00024cd3       _ShortSwap                 00425cd3 f   q_shared2.obj
 0001:00024ce8       _va                        00425ce8 f   q_shared2.obj
 0001:00024d35       _COM_ParseExt              00425d35 f   q_shared2.obj
 0001:00024e30       _Com_PageInMemory          00425e30 f   q_shared2.obj
 0001:00024e4f       _Q_stricmp                 00425e4f f   q_shared2.obj
 0001:00024e60       _Q_strncasecmp             00425e60 f   q_shared2.obj
 0001:00024eb8       _Q_strcasecmp              00425eb8 f   q_shared2.obj
 0001:00024ece       _Q_strncpyz                00425ece f   q_shared2.obj
 0001:00024f2b       _Q_strncpylower            00425f2b f   q_shared2.obj
 0001:00024f65       _Q_CopyFilename            00425f65 f   q_shared2.obj
 0001:00024ffc       _Com_sprintf               00425ffc f   q_shared2.obj
 0001:00025041       _Info_ValueForKey          00426041 f   q_shared2.obj
 0001:000250cc       _Info_RemoveKey            004260cc f   q_shared2.obj
 0001:00025152       _Info_SetValueForKey       00426152 f   q_shared2.obj
 0001:00025290       _Field_Draw                00426290 f   qmenu.obj
 0001:000254a4       _Field_Key                 004264a4 f   qmenu.obj
 0001:0002570d       _Menu_AddItem              0042670d f   qmenu.obj
 0001:00025742       _Menu_AdjustCursor         00426742 f   qmenu.obj
 0001:00025881       _Menu_Center               00426881 f   qmenu.obj
 0001:000258b9       _Menu_DrawDotsItem         004268b9 f   qmenu.obj
 0001:0002591e       _Menu_Draw                 0042691e f   qmenu.obj
 0001:00025bef       _Menu_ItemAtCursor         00426bef f   qmenu.obj
 0001:00025c07       _Menu_SelectItem           00426c07 f   qmenu.obj
 0001:00025c49       _Menu_SetStatusBar         00426c49 f   qmenu.obj
 0001:00025c58       _Menu_SlideItem            00426c58 f   qmenu.obj
 0001:00025ca8       _Menu_TallySlots           00426ca8 f   qmenu.obj
 0001:00026158       _S_SoundInfo_f             00427158 f   snd_dma.obj
 0001:000261e2       _S_ReadModelsSex           004271e2 f   snd_dma.obj
 0001:000262cb       _S_IsFemale                004272cb f   snd_dma.obj
 0001:00026326       _S_Init                    00427326 f   snd_dma.obj
 0001:000263f9       _S_Shutdown                004273f9 f   snd_dma.obj
 0001:00026483       _S_FindName                00427483 f   snd_dma.obj
 0001:0002656f       _S_AliasName               0042756f f   snd_dma.obj
 0001:000265fb       _S_BeginRegistration       004275fb f   snd_dma.obj
 0001:0002660c       _S_RegisterSound           0042760c f   snd_dma.obj
 0001:00026672       _S_EndRegistration         00427672 f   snd_dma.obj
 0001:00026705       _S_PickChannel             00427705 f   snd_dma.obj
 0001:0002679c       _S_SpatializeOrigin        0042779c f   snd_dma.obj
 0001:000268a4       _S_Spatialize              004278a4 f   snd_dma.obj
 0001:00026912       _S_AllocPlaysound          00427912 f   snd_dma.obj
 0001:00026931       _S_FreePlaysound           00427931 f   snd_dma.obj
 0001:00026961       _S_IssuePlaysound          00427961 f   snd_dma.obj
 0001:00026a1f       _S_RegisterSexedSound      00427a1f f   snd_dma.obj
 0001:00026b03       _S_StartSound              00427b03 f   snd_dma.obj
 0001:00026c98       _S_StartLocalSound         00427c98 f   snd_dma.obj
 0001:00026ce7       _S_ClearBuffer             00427ce7 f   snd_dma.obj
 0001:00026d3f       _S_StopAllSounds           00427d3f f   snd_dma.obj
 0001:00026dba       _S_AddLoopSounds           00427dba f   snd_dma.obj
 0001:00026f86       _S_RawSamples              00427f86 f   snd_dma.obj
 0001:0002718a       _S_Update                  0042818a f   snd_dma.obj
 0001:000272b0       _GetSoundtime              004282b0 f   snd_dma.obj
 0001:00027317       _S_Update_                 00428317 f   snd_dma.obj
 0001:000273ad       _S_Play                    004283ad f   snd_dma.obj
 0001:0002745d       _S_SoundList               0042845d f   snd_dma.obj
 0001:0002751e       _ResampleSfx               0042851e f   snd_mem.obj
 0001:00027622       _S_LoadSound               00428622 f   snd_mem.obj
 0001:00027748       _GetLittleShort            00428748 f   snd_mem.obj
 0001:00027765       _GetLittleLong             00428765 f   snd_mem.obj
 0001:00027793       _FindNextChunk             00428793 f   snd_mem.obj
 0001:000277ef       _GetWavinfo                004287ef f   snd_mem.obj
 0001:000279c2       _S_WriteLinearBlastStereo16 004289c2 f   snd_mix.obj
 0001:00027a36       _S_TransferStereo16        00428a36 f   snd_mix.obj
 0001:00027a9f       _S_TransferPaintBuffer     00428a9f f   snd_mix.obj
 0001:00027bfb       _S_PaintChannels           00428bfb f   snd_mix.obj
 0001:00027e20       _S_InitScaletable          00428e20 f   snd_mix.obj
 0001:00027e73       _S_PaintChannelFrom8       00428e73 f   snd_mix.obj
 0001:00027f75       _S_PaintChannelFrom16      00428f75 f   snd_mix.obj
 0001:00027fe0       _FreeSound                 00428fe0 f   snd_win.obj
 0001:000280f0       _SNDDMA_InitDirect         004290f0 f   snd_win.obj
 0001:000285bf       _SNDDMA_Init               004295bf f   snd_win.obj
 0001:0002863b       _SNDDMA_GetDMAPos          0042963b f   snd_win.obj
 0001:00028685       _SNDDMA_BeginPainting      00429685 f   snd_win.obj
 0001:00028787       _SNDDMA_Submit             00429787 f   snd_win.obj
 0001:000287ac       _SNDDMA_Shutdown           004297ac f   snd_win.obj
 0001:000287b1       _S_Activate                004297b1 f   snd_win.obj
 0001:000287dc       _SV_SetMaster_f            004297dc f   sv_ccmds.obj
 0001:000288f9       _SV_SetPlayer              004298f9 f   sv_ccmds.obj
 0001:000289e5       _SV_WipeSavegame           004299e5 f   sv_ccmds.obj
 0001:00028a9b       _CopyFile                  00429a9b f   sv_ccmds.obj
 0001:00028b34       _SV_CopySaveGame           00429b34 f   sv_ccmds.obj
 0001:00028d01       _SV_WriteLevelFile         00429d01 f   sv_ccmds.obj
 0001:00028daf       _SV_ReadLevelFile          00429daf f   sv_ccmds.obj
 0001:00028e5d       _SV_WriteServerFile        00429e5d f   sv_ccmds.obj
 0001:00029071       _SV_ReadServerFile         0042a071 f   sv_ccmds.obj
 0001:0002917f       _SV_DemoMap_f              0042a17f f   sv_ccmds.obj
 0001:000291b7       _SV_GameMap_f              0042a1b7 f   sv_ccmds.obj
 0001:00029330       _SV_Map_f                  0042a330 f   sv_ccmds.obj
 0001:0002939d       _SV_Loadgame_f             0042a39d f   sv_ccmds.obj
 0001:00029495       _SV_Savegame_f             0042a495 f   sv_ccmds.obj
 0001:00029594       _SV_Kick_f                 0042a594 f   sv_ccmds.obj
 0001:00029611       _SV_Status_f               0042a611 f   sv_ccmds.obj
 0001:000297b3       _SV_ConSay_f               0042a7b3 f   sv_ccmds.obj
 0001:00029846       _SV_Heartbeat_f            0042a846 f   sv_ccmds.obj
 0001:00029851       _SV_Serverinfo_f           0042a851 f   sv_ccmds.obj
 0001:00029869       _SV_DumpUser_f             0042a869 f   sv_ccmds.obj
 0001:000298af       _SV_ServerRecord_f         0042a8af f   sv_ccmds.obj
 0001:00029a66       _SV_ServerStop_f           0042aa66 f   sv_ccmds.obj
 0001:00029a92       _SV_KillServer_f           0042aa92 f   sv_ccmds.obj
 0001:00029ab2       _SV_ServerCommand_f        0042aab2 f   sv_ccmds.obj
 0001:00029aca       _SV_InitOperatorCommands   0042aaca f   sv_ccmds.obj
 0001:00029bd0       _SV_EmitPacketEntities     0042abd0 f   sv_ents.obj
 0001:00029d3e       _SV_WritePlayerstateToClient 0042ad3e f   sv_ents.obj
 0001:0002a1fc       _SV_WriteFrameToClient     0042b1fc f   sv_ents.obj
 0001:0002a2b8       _SV_FatPVS                 0042b2b8 f   sv_ents.obj
 0001:0002a3e5       _SV_BuildClientFrame       0042b3e5 f   sv_ents.obj
 0001:0002a6b0       _SV_RecordDemoMessage      0042b6b0 f   sv_ents.obj
 0001:0002a7d5       _SV_ShutdownGameProgs      0042b7d5 f   sv_game.obj
 0001:0002a7ee       _SV_InitGameProgs          0042b7ee f   sv_game.obj
 0001:0002ae3c       _SV_FindIndex              0042be3c f   sv_init.obj
 0001:0002af03       _SV_ModelIndex             0042bf03 f   sv_init.obj
 0001:0002af19       _SV_SoundIndex             0042bf19 f   sv_init.obj
 0001:0002af32       _SV_ImageIndex             0042bf32 f   sv_init.obj
 0001:0002af4b       _SV_CreateBaseline         0042bf4b f   sv_init.obj
 0001:0002afae       _SV_CheckForSavegame       0042bfae f   sv_init.obj
 0001:0002b036       _SV_SpawnServer            0042c036 f   sv_init.obj
 0001:0002b2b3       _SV_InitGame               0042c2b3 f   sv_init.obj
 0001:0002b49e       _SV_Map                    0042c49e f   sv_init.obj
 0001:0002b695       _SV_DropClient             0042c695 f   sv_main.obj
 0001:0002b6e9       _SV_StatusString           0042c6e9 f   sv_main.obj
 0001:0002b7d0       _SVC_Status                0042c7d0 f   sv_main.obj
 0001:0002b7f9       _SVC_Info                  0042c7f9 f   sv_main.obj
 0001:0002b8af       _SVC_GetChallenge          0042c8af f   sv_main.obj
 0001:0002b97a       _SVC_DirectConnect         0042c97a f   sv_main.obj
 0001:0002be57       _Rcon_Validate             0042ce57 f   sv_main.obj
 0001:0002be88       _SVC_RemoteCommand         0042ce88 f   sv_main.obj
 0001:0002bf74       _SV_ConnectionlessPacket   0042cf74 f   sv_main.obj
 0001:0002c0d0       _SV_CalcPings              0042d0d0 f   sv_main.obj
 0001:0002c157       _SV_GiveMsec               0042d157 f   sv_main.obj
 0001:0002c196       _SV_ReadPackets            0042d196 f   sv_main.obj
 0001:0002c2c7       _SV_CheckTimeouts          0042d2c7 f   sv_main.obj
 0001:0002c383       _SV_PrepWorldFrame         0042d383 f   sv_main.obj
 0001:0002c3a9       _SV_RunGameFrame           0042d3a9 f   sv_main.obj
 0001:0002c432       _SV_PostprocessFrame       0042d432 f   sv_main.obj
 0001:0002c852       _SV_Frame                  0042d852 f   sv_main.obj
 0001:0002c90c       _Master_Heartbeat          0042d90c f   sv_main.obj
 0001:0002c9c3       _Master_Shutdown           0042d9c3 f   sv_main.obj
 0001:0002ca41       _SV_UserinfoChanged        0042da41 f   sv_main.obj
 0001:0002cb09       _SV_Init                   0042db09 f   sv_main.obj
 0001:0002cb6c       _SV_FinalMessage           0042db6c f   sv_main.obj
 0001:0002cc33       _SV_Shutdown               0042dc33 f   sv_main.obj
 0001:0002ccca       _SV_FlushRedirect          0042dcca f   sv_send.obj
 0001:0002cd3c       _SV_ClientPrintf           0042dd3c f   sv_send.obj
 0001:0002cd92       _SV_BroadcastPrintf        0042dd92 f   sv_send.obj
 0001:0002ce63       _SV_BroadcastCommand       0042de63 f   sv_send.obj
 0001:0002ceb5       _SV_Multicast              0042deb5 f   sv_send.obj
 0001:0002d060       _SV_MulticastOld           0042e060 f   sv_send.obj
 0001:0002d073       _SV_StartSound             0042e073 f   sv_send.obj
 0001:0002d2cd       _SV_StartSoundOld          0042e2cd f   sv_send.obj
 0001:0002d2fd       _SV_StartSoundNew          0042e2fd f   sv_send.obj
 0001:0002d32d       _SV_SendClientDatagram     0042e32d f   sv_send.obj
 0001:0002d401       _SV_DemoCompleted          0042e401 f   sv_send.obj
 0001:0002d41d       _SV_RateDrop               0042e41d f   sv_send.obj
 0001:0002d468       _SV_SendClientMessages     0042e468 f   sv_send.obj
 0001:0002d5c5       _SV_BeginDemoserver        0042e5c5 f   sv_user.obj
 0001:0002d615       _SV_New_f                  0042e615 f   sv_user.obj
 0001:0002d78a       _SV_Configstrings_f        0042e78a f   sv_user.obj
 0001:0002d8d7       _SV_Baselines_f            0042e8d7 f   sv_user.obj
 0001:0002da3f       _SV_Begin_f                0042ea3f f   sv_user.obj
 0001:0002da9c       _SV_NextDownload_f         0042ea9c f   sv_user.obj
 0001:0002db70       _SV_BeginDownload_f        0042eb70 f   sv_user.obj
 0001:0002dda7       _SV_Disconnect_f           0042eda7 f   sv_user.obj
 0001:0002ddb4       _SV_ShowServerinfo_f       0042edb4 f   sv_user.obj
 0001:0002ddc1       _SV_Nextserver             0042edc1 f   sv_user.obj
 0001:0002de20       _SV_Nextserver_f           0042ee20 f   sv_user.obj
 0001:0002de67       _SV_ExecuteUserCommand     0042ee67 f   sv_user.obj
 0001:0002ded4       _SV_ClientThink            0042eed4 f   sv_user.obj
 0001:0002df17       _SV_ExecuteClientMessage   0042ef17 f   sv_user.obj
 0001:0002e145       _SV_ClearWorld             0042f145 f   sv_world.obj
 0001:0002e26c       _SV_UnlinkEdict            0042f26c f   sv_world.obj
 0001:0002e291       _SV_LinkEdict              0042f291 f   sv_world.obj
 0001:0002e6d5       _SV_AreaEdicts             0042f6d5 f   sv_world.obj
 0001:0002e826       _SV_PointContents          0042f826 f   sv_world.obj
 0001:0002e90c       _SV_ClipMoveToEntities     0042f90c f   sv_world.obj
 0001:0002ebaa       _SV_Trace                  0042fbaa f   sv_world.obj
 0001:0002ec36       _Sys_Error                 0042fc36 f   sys_win.obj
 0001:0002ec93       _Sys_Quit                  0042fc93 f   sys_win.obj
 0001:0002ecd3       _Sys_ScanForCD             0042fcd3 f   sys_win.obj
 0001:0002ed6f       _Sys_Init                  0042fd6f f   sys_win.obj
 0001:0002f18e       _Sys_ConsoleInput          0043018e f   sys_win.obj
 0001:0002f2ee       _Sys_ConsoleOutput         004302ee f   sys_win.obj
 0001:0002f39f       _Sys_SendKeyEvents         0043039f f   sys_win.obj
 0001:0002f408       _Sys_GetClipboardData      00430408 f   sys_win.obj
 0001:0002f461       _Sys_AppActivate           00430461 f   sys_win.obj
 0001:0002f47c       _Sys_UnloadGame            0043047c f   sys_win.obj
 0001:0002f4a1       _Sys_GetGameAPI            004304a1 f   sys_win.obj
 0001:0002f58e       _ParseCommandLine          0043058e f   sys_win.obj
 0001:0002f603       _WinMain@16                00430603 f   sys_win.obj
 0001:0002f740       _AppActivate               00430740 f   vid_dll.obj
 0001:0002f875       _MainWndProc@16            00430875 f   vid_dll.obj
 0001:0002fc5f       _Vid_GetModeInfo           00430c5f f   vid_dll.obj
 0001:0002fc8e       _Vid_UpdateWindowPosAndSize 00430c8e f   vid_dll.obj
 0001:0002fcf5       _Vid_NewWindow             00430cf5 f   vid_dll.obj
 0001:0002fd12       _Vid_FreeReflib            00430d12 f   vid_dll.obj
 0001:0002fd53       _Vid_LoadRefresh           00430d53 f   vid_dll.obj
 0001:0002fff5       _Vid_CheckChanges          00430ff5 f   vid_dll.obj
 0001:00030142       _Vid_Init                  00431142 f   vid_dll.obj
 0001:000301a9       _Vid_Shutdown              004311a9 f   vid_dll.obj
 0001:000301cf       _Vid_MenuInit              004311cf f   vid_menu.obj
 0001:0003090a       _Vid_MenuDraw              0043190a f   vid_menu.obj
 0001:0003099e       _Vid_MenuKey               0043199e f   vid_menu.obj
 0001:00030d4b       _GL_AllocDynamicMemory     00431d4b f   gl_backend.obj
 0001:00030d7c       _GL_ClearBuffers           00431d7c f   gl_backend.obj
 0001:00030d8e       _GL_ClearPortal            00431d8e f   gl_backend.obj
 0001:00030daa       _GL_AddSurfaceToPortal     00431daa f   gl_backend.obj
 0001:00030dfb       _GL_AddDynamicSurface      00431dfb f   gl_backend.obj
 0001:00030e1a       _GL_InsertShaderIndex      00431e1a f   gl_backend.obj
 0001:00030e6a       _GL_FinishPortal           00431e6a f   gl_backend.obj
 0001:00030ec0       _TesselateText             00431ec0 f   gl_backend.obj
 0001:00031d82       _GL_BackEnd                00432d82 f   gl_backend.obj
 0001:00033ca1       _GL_InitBackend            00434ca1 f   gl_backend.obj
 0001:00033ee2       _GL_ShutdownBackend        00434ee2 f   gl_backend.obj
 0001:00033f2f       _GL_Bind                   00434f2f f   gl_image.obj
 0001:00033fc6       _GL_TexEnv                 00434fc6 f   gl_image.obj
 0001:00034029       _GL_SelectTexture          00435029 f   gl_image.obj
 0001:0003407a       _GL_SetMultitexture        0043507a f   gl_image.obj
 0001:000340d8       _GL_CullFace               004350d8 f   gl_image.obj
 0001:00034118       _GL_State                  00435118 f   gl_image.obj
 0001:0003425d       _GL_TextureMode            0043525d f   gl_image.obj
 0001:0003430c       _GL_CreateImage            0043530c f   gl_image.obj
 0001:00034e32       _GL_SetRawPalette          00435e32 f   gl_image.obj
 0001:00034e63       _GL_DrawStretchRaw         00435e63 f   gl_image.obj
 0001:0003511e       _GL_SetupGamma             0043611e f   gl_image.obj
 0001:000352bc       _GL_InitImages             004362bc f   gl_image.obj
 0001:00035a02       _GL_ShutdownImages         00436a02 f   gl_image.obj
 0001:00035a89       _GL_ShowImages             00436a89 f   gl_image.obj
 0001:00035cb9       _GL_FindImage              00436cb9 f   gl_image.obj
 0001:00035f80       _GL_SetMode                00436f80 f   gl_main.obj
 0001:0003605d       _GL_SetDefaultState        0043705d f   gl_main.obj
 0001:00036164       _GL_Set2DMode              00437164 f   gl_main.obj
 0001:00036234       _GL_DrawStretchPic         00437234 f   gl_main.obj
 0001:000362f0       _DrawTextPos               004372f0 f   gl_main.obj
 0001:000363bf       _DrawTextLeft              004373bf f   gl_main.obj
 0001:000363fb       _DrawTextRight             004373fb f   gl_main.obj
 0001:0003644c       _GL_GetRefAPI              0043744c f   gl_main.obj
 0001:000377b3       _GL_FindModel              004387b3 f   gl_model.obj
 0001:000378bf       _GL_UpdateDynamicLightmap  004388bf f   gl_model.obj
 0001:00037c97       _GL_LoadWorldMap           00438c97 f   gl_model.obj
 0001:00039948       _GL_PointInLeaf            0043a948 f   gl_model.obj
 0001:00039f8f       _GL_FindSkin               0043af8f f   gl_model.obj
 0001:0003a0d9       _GL_ResetModels            0043b0d9 f   gl_model.obj
 0001:0003a197       _GL_InitModels             0043b197 f   gl_model.obj
 0001:0003a201       _GL_ShutdownModels         0043b201 f   gl_model.obj
 0001:0003a21d       _GL_InitShaders            0043b21d f   gl_shader.obj
 0001:0003a33b       _GL_ShutdownShaders        0043b33b f   gl_shader.obj
 0001:0003a365       _GL_SetShaderLightmap      0043b365 f   gl_shader.obj
 0001:0003a72b       _GL_GetAlphaShader         0043b72b f   gl_shader.obj
 0001:0003a9be       _GL_FindShader             0043b9be f   gl_shader.obj
 0001:0003ae1a       _GL_GetShaderByNum         0043be1a f   gl_shader.obj
 0001:0003ae38       _GL_ResetShaders           0043be38 f   gl_shader.obj
 0001:0003af65       _GL_AddEntity              0043bf65 f   gl_world.obj
 0001:0003b166       _GL_DrawPortal             0043c166 f   gl_world.obj
 0001:0003c482       _GL_CreateWindow           0043d482 f   glw_imp.obj
 0001:0003c5d5       _GLimp_SetMode             0043d5d5 f   glw_imp.obj
 0001:0003c84c       _GLimp_HasGamma            0043d84c f   glw_imp.obj
 0001:0003c861       _GLimp_SetGamma            0043d861 f   glw_imp.obj
 0001:0003c950       _GLimp_Shutdown            0043d950 f   glw_imp.obj
 0001:0003ca72       _GLimp_Init                0043da72 f   glw_imp.obj
 0001:0003cb39       _GLimp_InitGL              0043db39 f   glw_imp.obj
 0001:0003cdbf       _GLimp_EndFrame            0043ddbf f   glw_imp.obj
 0001:0003ce5b       _GLimp_AppActivate         0043de5b f   glw_imp.obj
 0001:0003e55f       _QGL_Shutdown              0043f55f f   qgl_win.obj
 0001:0003e585       _QGL_Init                  0043f585 f   qgl_win.obj
 0001:0003e609       _QGL_InitExtensions        0043f609 f   qgl_win.obj
 0001:0003e804       _GLimp_EnableLogging       0043f804 f   qgl_win.obj
 0001:0003e8cf       _GLimp_LogMessage          0043f8cf f   qgl_win.obj
 0001:0003e8e6       _Hunk_Begin                0043f8e6 f   q_shwin.obj
 0001:0003e920       _Hunk_Alloc                0043f920 f   q_shwin.obj
 0001:0003e9a7       _Hunk_End                  0043f9a7 f   q_shwin.obj
 0001:0003e9ad       _Hunk_Free                 0043f9ad f   q_shwin.obj
 0001:0003e9c6       _Sys_Milliseconds          0043f9c6 f   q_shwin.obj
 0001:0003e9fa       _Sys_Mkdir                 0043f9fa f   q_shwin.obj
 0001:0003ea06       _Sys_FindFirst             0043fa06 f   q_shwin.obj
 0001:0003eb27       _Sys_FindNext              0043fb27 f   q_shwin.obj
 0001:0003eb99       _Sys_FindClose             0043fb99 f   q_shwin.obj
 0001:0003ebb3       _R_Alias_clip_z            0043fbb3 f   r_aclip.obj
 0001:0003ec60       _R_Alias_clip_left         0043fc60 f   r_aclip.obj
 0001:0003ee2e       _R_Alias_clip_right        0043fe2e f   r_aclip.obj
 0001:0003effc       _R_Alias_clip_top          0043fffc f   r_aclip.obj
 0001:0003f1cc       _R_Alias_clip_bottom       004401cc f   r_aclip.obj
 0001:0003f39c       _R_AliasClip               0044039c f   r_aclip.obj
 0001:0003f46c       _R_AliasClipTriangle       0044046c f   r_aclip.obj
 0001:0003f65e       _R_AliasCheckFrameBBox     0044065e f   r_alias.obj
 0001:0003f791       _R_AliasCheckBBox          00440791 f   r_alias.obj
 0001:0003f7f5       _R_AliasTransformVector    004407f5 f   r_alias.obj
 0001:0003f851       _R_AliasPreparePoints      00440851 f   r_alias.obj
 0001:0003fae9       _R_AliasSetUpTransform     00440ae9 f   r_alias.obj
 0001:0003fc78       _R_AliasTransformFinalVerts 00440c78 f   r_alias.obj
 0001:0003fe49       _R_AliasProjectAndClipTestFinalVert 00440e49 f   r_alias.obj
 0001:0003fed1       _R_AliasSetupLighting      00440ed1 f   r_alias.obj
 0001:0004003b       _R_AliasSetupFrames        0044103b f   r_alias.obj
 0001:000400af       _R_AliasSetUpLerpData      004410af f   r_alias.obj
 0001:000401d7       _R_AliasDrawModel          004411d7 f   r_alias.obj
 0001:0004045e       _R_EntityRotate            0044145e f   r_bsp.obj
 0001:000404df       _R_RotateBmodel            004414df f   r_bsp.obj
 0001:0004063a       _R_RecursiveClipBPoly      0044163a f   r_bsp.obj
 0001:0004096a       _R_DrawSolidClippedSubmodelPolygons 0044196a f   r_bsp.obj
 0001:00040af1       _R_DrawSubmodelPolygons    00441af1 f   r_bsp.obj
 0001:00040b81       _R_RecursiveWorldNode      00441b81 f   r_bsp.obj
 0001:00040ddc       _R_RenderWorld             00441ddc f   r_bsp.obj
 0001:00040e4b       _Draw_FindPic              00441e4b f   r_draw.obj
 0001:00040e8e       _Draw_InitLocal            00441e8e f   r_draw.obj
 0001:00040e9f       _Draw_Char                 00441e9f f   r_draw.obj
 0001:00040f80       _Draw_CharColor            00441f80 f   r_draw.obj
 0001:0004108f       _R_DrawTexts               0044208f f   r_draw.obj
 0001:00041105       _DrawText_Pos              00442105 f   r_draw.obj
 0001:00041211       _DrawText_Left             00442211 f   r_draw.obj
 0001:0004124d       _DrawText_Right            0044224d f   r_draw.obj
 0001:0004129c       _Draw_GetPicSize           0044229c f   r_draw.obj
 0001:000412dc       _Draw_StretchPicImplementation 004422dc f   r_draw.obj
 0001:00041406       _Draw_StretchPic           00442406 f   r_draw.obj
 0001:0004143e       _Draw_StretchRaw           0044243e f   r_draw.obj
 0001:00041470       _Draw_Pic                  00442470 f   r_draw.obj
 0001:00041629       _Draw_PicColor             00442629 f   r_draw.obj
 0001:000417e2       _Draw_TileClear            004427e2 f   r_draw.obj
 0001:000418b2       _Draw_Fill                 004428b2 f   r_draw.obj
 0001:0004194e       _Draw_FadeScreen           0044294e f   r_draw.obj
 0001:0004199b       _R_BeginEdgeFrame          0044299b f   r_edge.obj
 0001:00041a57       _R_InsertNewEdges          00442a57 f   r_edge.obj
 0001:00041a9d       _R_RemoveEdges             00442a9d f   r_edge.obj
 0001:00041abb       _R_StepActiveU             00442abb f   r_edge.obj
 0001:00041b4f       _R_CleanupSpan             00442b4f f   r_edge.obj
 0001:00041b9f       _R_LeadingEdgeBackwards    00442b9f f   r_edge.obj
 0001:00041c34       _R_TrailingEdge            00442c34 f   r_edge.obj
 0001:00041c98       _R_LeadingEdge             00442c98 f   r_edge.obj
 0001:00041e3b       _R_GenerateSpans           00442e3b f   r_edge.obj
 0001:00041ea9       _R_GenerateSpansBackward   00442ea9 f   r_edge.obj
 0001:00041f17       _R_ScanEdges               00442f17 f   r_edge.obj
 0001:000420ee       _D_FlatFillSurface         004430ee f   r_edge.obj
 0001:00042148       _D_CalcGradients           00443148 f   r_edge.obj
 0001:0004235f       _D_BackgroundSurf          0044335f f   r_edge.obj
 0001:0004239f       _D_TurbulentSurf           0044339f f   r_edge.obj
 0001:000424c1       _D_SkySurf                 004434c1 f   r_edge.obj
 0001:00042542       _D_SolidSurf               00443542 f   r_edge.obj
 0001:000426ad       _D_DrawflatSurfaces        004436ad f   r_edge.obj
 0001:000426fd       _D_DrawSurfaces            004436fd f   r_edge.obj
 0001:000427fb       _R_ImageList_f             004437fb f   r_image.obj
 0001:000428bc       _R_FindFreeImage           004438bc f   r_image.obj
 0001:0004290a       _R_LoadPic                 0044390a f   r_image.obj
 0001:0004299a       _R_LoadTex                 0044399a f   r_image.obj
 0001:00042a26       _R_LoadWal                 00443a26 f   r_image.obj
 0001:00042a7c       _R_MipMap                  00443a7c f   r_image.obj
 0001:00042baa       _R_DownsampleImage         00443baa f   r_image.obj
 0001:00042caf       _R_FindImage               00443caf f   r_image.obj
 0001:00043054       _R_RegisterSkin            00444054 f   r_image.obj
 0001:00043062       _R_FreeUnusedImages        00444062 f   r_image.obj
 0001:000430c2       _R_InitImages              004440c2 f   r_image.obj
 0001:00043128       _R_ShutdownImages          00444128 f   r_image.obj
 0001:00043165       _R_MarkLights              00444165 f   r_light.obj
 0001:00043234       _R_PushDlights             00444234 f   r_light.obj
 0001:00043289       _RecursiveLightPoint       00444289 f   r_light.obj
 0001:00043538       _R_LightPoint              00444538 f   r_light.obj
 0001:0004364f       _R_AddDynamicLights        0044464f f   r_light.obj
 0001:000438d5       _R_BuildLightMap           004448d5 f   r_light.obj
 0001:000439cb       _R_InitTextures            004449cb f   r_main.obj
 0001:00043a8c       _R_InitTurb                00444a8c f   r_main.obj
 0001:00043b09       _R_Register                00444b09 f   r_main.obj
 0001:00043b80       _R_UnRegister              00444b80 f   r_main.obj
 0001:00043ba4       _R_Init                    00444ba4 f   r_main.obj
 0001:00043c3f       _R_Shutdown                00444c3f f   r_main.obj
 0001:00043ca2       _R_NewMap                  00444ca2 f   r_main.obj
 0001:00043d4c       _R_MarkLeaves              00444d4c f   r_main.obj
 0001:00043e73       _R_DrawEntitiesOnList      00444e73 f   r_main.obj
 0001:00044082       _R_BmodelCheckBBox         00445082 f   r_main.obj
 0001:00044134       _R_FindTopnode             00445134 f   r_main.obj
 0001:000441bc       _RotatedBBox               004451bc f   r_main.obj
 0001:0004431b       _R_DrawBEntitiesOnList     0044531b f   r_main.obj
 0001:00044533       _R_EdgeDrawing             00445533 f   r_main.obj
 0001:00044608       _R_CalcPalette             00445608 f   r_main.obj
 0001:0004470d       _R_SetLightLevel           0044570d f   r_main.obj
 0001:0004475d       _R_RenderFrame             0044575d f   r_main.obj
 0001:00044938       _R_InitGraphics            00445938 f   r_main.obj
 0001:000449ae       _R_BeginFrame              004459ae f   r_main.obj
 0001:00044ad1       _R_GammaCorrectAndSetPalette 00445ad1 f   r_main.obj
 0001:00044b30       _R_CinematicSetPalette     00445b30 f   r_main.obj
 0001:00044bc7       _Draw_BuildGammaTable      00445bc7 f   r_main.obj
 0001:00044c72       _R_DrawBeam                00445c72 f   r_main.obj
 0001:00044dd8       _R_SetSky                  00445dd8 f   r_main.obj
 0001:00044e53       _Draw_GetPalette           00445e53 f   r_main.obj
 0001:00044f9b       _Draw_ConCharColor         00445f9b f   r_main.obj
 0001:00044fbc       _GetRefAPI                 00445fbc f   r_main.obj
 0001:00045111       _D_ViewChanged             00446111 f   r_misc.obj
 0001:0004526d       _R_PrintTimes              0044626d f   r_misc.obj
 0001:000452e7       _R_PrintDSpeeds            004462e7 f   r_misc.obj
 0001:000453ae       _R_PrintAliasStats         004463ae f   r_misc.obj
 0001:000453c1       _R_TransformFrustum        004463c1 f   r_misc.obj
 0001:00045489       _TransformVector           00446489 f   r_misc.obj
 0001:000454f4       _R_SetUpFrustumIndexes     004464f4 f   r_misc.obj
 0001:00045559       _R_ViewChanged             00446559 f   r_misc.obj
 0001:00045868       _R_SetupFrame              00446868 f   r_misc.obj
 0001:00045a54       _WritePCXfile              00446a54 f   r_misc.obj
 0001:00045b76       _R_ScreenShot_f            00446b76 f   r_misc.obj
 0001:00045c4c       _Mod_Modellist_f           00446c4c f   r_model.obj
 0001:00045caa       _Mod_Init                  00446caa f   r_model.obj
 0001:00045cc2       _Mod_ForName               00446cc2 f   r_model.obj
 0001:00045efa       _Mod_PointInLeaf           00446efa f   r_model.obj
 0001:00045f5c       _Mod_DecompressVis         00446f5c f   r_model.obj
 0001:00045fdc       _Mod_ClusterPVS            00446fdc f   r_model.obj
 0001:00046009       _Mod_LoadLighting          00447009 f   r_model.obj
 0001:00046088       _R_NumberLeafs             00447088 f   r_model.obj
 0001:000460d6       _Mod_LoadVertexes          004470d6 f   r_model.obj
 0001:00046118       _Mod_LoadEdges             00447118 f   r_model.obj
 0001:00046166       _Mod_LoadTexinfo           00447166 f   r_model.obj
 0001:000462ce       _CalcSurfaceExtents        004472ce f   r_model.obj
 0001:00046439       _Mod_LoadFaces             00447439 f   r_model.obj
 0001:000465a0       _Mod_SetParent             004475a0 f   r_model.obj
 0001:000465c5       _Mod_LoadNodes             004475c5 f   r_model.obj
 0001:000466bb       _Mod_LoadLeafs             004476bb f   r_model.obj
 0001:00046764       _Mod_LoadMarksurfaces      00447764 f   r_model.obj
 0001:000467e0       _Mod_LoadSurfedges         004477e0 f   r_model.obj
 0001:0004681f       _Mod_LoadPlanes            0044781f f   r_model.obj
 0001:00046884       _Mod_LoadBrushModel        00447884 f   r_model.obj
 0001:00046a94       _Mod_LoadAliasModel        00447a94 f   r_model.obj
 0001:00046d0f       _Mod_LoadSpriteModel       00447d0f f   r_model.obj
 0001:00046df6       _R_BeginRegistration       00447df6 f   r_model.obj
 0001:00046e86       _R_RegisterModel           00447e86 f   r_model.obj
 0001:00046f7e       _R_EndRegistration         00447f7e f   r_model.obj
 0001:00046fe9       _Mod_FreeAll               00447fe9 f   r_model.obj
 0001:0004702e       _R_DrawParticle            0044802e f   r_part.obj
 0001:000472b7       _R_DrawParticles           004482b7 f   r_part.obj
 0001:00047361       _R_DrawSpanletOpaque       00448361 f   r_poly.obj
 0001:000473f1       _R_DrawSpanletTurbulentStipple33 004483f1 f   r_poly.obj
 0001:0004751c       _R_DrawSpanletTurbulentStipple66 0044851c f   r_poly.obj
 0001:000476fd       _R_DrawSpanletTurbulentBlended66 004486fd f   r_poly.obj
 0001:000477b2       _R_DrawSpanletTurbulentBlended33 004487b2 f   r_poly.obj
 0001:00047867       _R_DrawSpanlet33           00448867 f   r_poly.obj
 0001:00047901       _R_DrawSpanletConstant33   00448901 f   r_poly.obj
 0001:0004795a       _R_DrawSpanlet66           0044895a f   r_poly.obj
 0001:000479f8       _R_DrawSpanlet33Stipple    004489f8 f   r_poly.obj
 0001:00047b13       _R_DrawSpanlet66Stipple    00448b13 f   r_poly.obj
 0001:00047ca4       _R_ClipPolyFace            00448ca4 f   r_poly.obj
 0001:00047e15       _R_PolygonDrawSpans        00448e15 f   r_poly.obj
 0001:0004819d       _R_PolygonScanLeftEdge     0044919d f   r_poly.obj
 0001:000482d1       _R_PolygonScanRightEdge    004492d1 f   r_poly.obj
 0001:000484c1       _R_ClipAndDrawPoly         004494c1 f   r_poly.obj
 0001:000486c3       _R_BuildPolygonFromSurface 004496c3 f   r_poly.obj
 0001:000488cf       _R_PolygonCalculateGradients 004498cf f   r_poly.obj
 0001:00048b88       _R_DrawAlphaSurfaces       00449b88 f   r_poly.obj
 0001:00048c1e       _R_IMFlatShadedQuad        00449c1e f   r_poly.obj
 0001:00048d60       _R_InitAdivtab             00449d60 f   r_polyse.obj
 0001:00048dcb       _R_PolysetUpdateTables     00449dcb f   r_polyse.obj
 0001:00048e06       _R_DrawTriangle            00449e06 f   r_polyse.obj
 0001:00048f17       _R_PolysetScanLeftEdge_C   00449f17 f   r_polyse.obj
 0001:000490e1       _FloorDivMod               0044a0e1 f   r_polyse.obj
 0001:0004917d       _R_PolysetSetUpForLineScan 0044a17d f   r_polyse.obj
 0001:0004920b       _R_PolysetCalcGradients    0044a20b f   r_polyse.obj
 0001:00049416       _R_PolysetDrawSpans8_33    0044a416 f   r_polyse.obj
 0001:00049546       _R_PolysetDrawSpansConstant8_33 0044a546 f   r_polyse.obj
 0001:000495e0       _R_PolysetDrawSpans8_66    0044a5e0 f   r_polyse.obj
 0001:0004971c       _R_PolysetDrawSpansConstant8_66 0044a71c f   r_polyse.obj
 0001:000497c4       _R_PolysetDrawSpans8_Opaque 0044a7c4 f   r_polyse.obj
 0001:0004990f       _R_RasterizeAliasPolySmooth 0044a90f f   r_polyse.obj
 0001:00049eef       _R_PolysetSetEdgeTable     0044aeef f   r_polyse.obj
 0001:00049f8a       _R_InitSkyBox              0044af8a f   r_rast.obj
 0001:0004a204       _R_EmitSkyBox              0044b204 f   r_rast.obj
 0001:0004a317       _R_EmitEdge                0044b317 f   r_rast.obj
 0001:0004a6eb       _R_ClipEdge                0044b6eb f   r_rast.obj
 0001:0004a899       _R_EmitCachedEdge          0044b899 f   r_rast.obj
 0001:0004a8f0       _R_RenderFace              0044b8f0 f   r_rast.obj
 0001:0004acb7       _R_RenderBmodelFace        0044bcb7 f   r_rast.obj
 0001:0004af20       _D_WarpScreen              0044bf20 f   r_scan.obj
 0001:0004b0c8       _D_DrawTurbulent8Span      0044c0c8 f   r_scan.obj
 0001:0004b14c       _Turbulent8                0044c14c f   r_scan.obj
 0001:0004b420       _NonTurbulent8             0044c420 f   r_scan.obj
 0001:0004b6de       _D_DrawSpans16             0044c6de f   r_scan.obj
 0001:0004b978       _D_DrawZSpans              0044c978 f   r_scan.obj
 0001:0004ba35       _R_DrawSprite              0044ca35 f   r_sprite.obj
 0001:0004bcca       _R_TextureAnimation        0044ccca f   r_surf.obj
 0001:0004bcee       _R_DrawSurface             0044ccee f   r_surf.obj
 0001:0004be53       _R_DrawSurfaceBlock8_mip0  0044ce53 f   r_surf.obj
 0001:0004bf52       _R_DrawSurfaceBlock8_mip1  0044cf52 f   r_surf.obj
 0001:0004c051       _R_DrawSurfaceBlock8_mip2  0044d051 f   r_surf.obj
 0001:0004c150       _R_DrawSurfaceBlock8_mip3  0044d150 f   r_surf.obj
 0001:0004c24c       _R_InitCaches              0044d24c f   r_surf.obj
 0001:0004c2cd       _D_FlushCaches             0044d2cd f   r_surf.obj
 0001:0004c312       _D_SCAlloc                 0044d312 f   r_surf.obj
 0001:0004c4a6       _D_CacheSurface            0044d4a6 f   r_surf.obj
 0001:0004c61b       _DDRAW_Init                0044d61b f   rw_ddraw.obj
 0001:0004ca2b       _DDRAW_SetPalette          0044da2b f   rw_ddraw.obj
 0001:0004ca94       _DDRAW_Shutdown            0044da94 f   rw_ddraw.obj
 0001:0004d0df       _DIB_Init                  0044e0df f   rw_dib.obj
 0001:0004d2c4       _DIB_SetPalette            0044e2c4 f   rw_dib.obj
 0001:0004d488       _DIB_Shutdown              0044e488 f   rw_dib.obj
 0001:0004d581       _Vid_CreateWindow          0044e581 f   rw_imp.obj
 0001:0004d6c3       _SWimp_Init                0044e6c3 f   rw_imp.obj
 0001:0004d6d9       _SWimp_EndFrame            0044e6d9 f   rw_imp.obj
 0001:0004d845       _SWimp_SetMode             0044e845 f   rw_imp.obj
 0001:0004d962       _SWimp_SetPalette          0044e962 f   rw_imp.obj
 0001:0004d987       _SWimp_Shutdown            0044e987 f   rw_imp.obj
 0001:0004d9e3       _SWimp_AppActivate         0044e9e3 f   rw_imp.obj
 0001:0004da1d       _adler32                   0044ea1d f   adler32.obj
 0001:0004db36       _crc32                     0044eb36 f   crc32.obj
 0001:0004dc4c       _inflate_blocks_reset      0044ec4c f   infblock.obj
 0001:0004dcb7       _inflate_blocks_new        0044ecb7 f   infblock.obj
 0001:0004dd42       _inflate_blocks            0044ed42 f   infblock.obj
 0001:0004e559       _inflate_blocks_free       0044f559 f   infblock.obj
 0001:0004e58d       _inflate_codes_new         0044f58d f   infcodes.obj
 0001:0004e5c1       _inflate_codes             0044f5c1 f   infcodes.obj
 0001:0004eb7f       _inflate_codes_free        0044fb7f f   infcodes.obj
 0001:0004eb90       _inflate_fast              0044fb90 f   inffast.obj
 0001:0004ee5b       _inflateReset              0044fe5b f   inflate.obj
 0001:0004ee9a       _inflateEnd                0044fe9a f   inflate.obj
 0001:0004eed8       _inflateInit2_             0044fed8 f   inflate.obj
 0001:0004efc2       _inflate                   0044ffc2 f   inflate.obj
 0001:0004f325       _inflate_trees_bits        00450325 f   inftrees.obj
 0001:0004f733       _inflate_trees_dynamic     00450733 f   inftrees.obj
 0001:0004f836       _inflate_trees_fixed       00450836 f   inftrees.obj
 0001:0004f865       _inflate_flush             00450865 f   infutil.obj
 0001:0004f951       _ZipOpen                   00450951 f   zip.obj
 0001:0004f9bc       _ZipClose                  004509bc f   zip.obj
 0001:0004f9c8       _ZipEnum                   004509c8 f   zip.obj
 0001:0004fba9       _ZipOpenFile               00450ba9 f   zip.obj
 0001:0004fcb8       _ZipReadFile               00450cb8 f   zip.obj
 0001:0004fdaf       _ZipCloseFile              00450daf f   zip.obj
 0001:0004fdf7       _ZipOpenBuf                00450df7 f   zip.obj
 0001:0004fe4a       _ZipReadBuf                00450e4a f   zip.obj
 0001:0004fe92       _ZipCloseBuf               00450e92 f   zip.obj
 0001:0004fea8       _zcalloc                   00450ea8 f   zutil.obj
 0001:0004feb9       _jpeg_CreateCompress       00450eb9 f   jcapimin.obj
 0001:0004ff6d       _jpeg_destroy_compress     00450f6d f   jcapimin.obj
 0001:0004ff6d       _jpeg_destroy_decompress   00450f6d f   jcapimin.obj
 0001:0004ff78       _jpeg_suppress_tables      00450f78 f   jcapimin.obj
 0001:0004ffc2       _jpeg_finish_compress      00450fc2 f   jcapimin.obj
 0001:000500ac       _jpeg_start_compress       004510ac f   jcapistd.obj
 0001:00050118       _jpeg_write_scanlines      00451118 f   jcapistd.obj
 0001:000501c3       _jinit_c_coef_controller   004511c3 f   jccoefct.obj
 0001:00050862       _jinit_color_converter     00451862 f   jccolor.obj
 0001:00050e4c       _jinit_forward_dct         00451e4c f   jcdctmgr.obj
 0001:00051328       _jinit_c_diff_controller   00452328 f   jcdiffct.obj
 0001:0005188e       _jpeg_make_c_derived_tbl   0045288e f   jchuff.obj
 0001:00051a90       _jpeg_gen_optimal_table    00452a90 f   jchuff.obj
[...]
 0001:0002ffd6       _D_Draw_GetPicSize         00430fd6 f   vid_dll.obj
 0001:0002ffed       _D_Draw_PicColor           00430fed f   vid_dll.obj
 0001:0002ffed       _D_Draw_StretchPic         00430fed f   vid_dll.obj
 0001:0002ffed       _D_Draw_CharColor          00430fed f   vid_dll.obj
 0001:0002ffed       _D_Draw_TileClear          00430fed f   vid_dll.obj
 0001:0002ffed       _D_Draw_Fill               00430fed f   vid_dll.obj
 0001:0002ffed       _D_Draw_FadeScreen         00430fed f   vid_dll.obj
 0001:0002ffed       _D_DrawTextPos             00430fed f   vid_dll.obj
 0001:0002ffed       _D_DrawTextSide            00430fed f   vid_dll.obj
 0001:0002ffed       _D_Draw_StretchRaw         00430fed f   vid_dll.obj
 0001:0002ffed       _D_SetPalette              00430fed f   vid_dll.obj
 0001:0002ffee       _D_GetClientLight          00430fee f   vid_dll.obj
 0001:0003017f       _Vid_Restart_f             0043117f f   vid_dll.obj
 0001:0003018c       _Vid_Front_f               0043118c f   vid_dll.obj
 0001:0002ee39       _ExceptionFilter@4         0042fe39 f   sys_win.obj
 0001:0002f0ab       _DumpReg4                  004300ab f   sys_win.obj
 0001:0002f143       _DumpMem                   00430143 f   sys_win.obj
 0001:0002e172       _SV_CreateAreaNode         0042f172 f   sv_world.obj
 0001:0002e719       _SV_AreaEdicts_r           0042f719 f   sv_world.obj
 0001:0002a9a9       _PF_Unicast                0042b9a9 f   sv_game.obj
 0001:0002aa15       _PF_dprintf                0042ba15 f   sv_game.obj
 0001:0002aa48       _PF_cprintf                0042ba48 f   sv_game.obj
 0001:0002aadf       _PF_centerprintf           0042badf f   sv_game.obj
 0001:0002ab47       _PF_error                  0042bb47 f   sv_game.obj
 0001:0002ab7c       _PF_setmodel               0042bb7c f   sv_game.obj
 0001:0002abdc       _PF_Configstring           0042bbdc f   sv_game.obj
 0001:0002ac5c       _PF_WriteChar              0042bc5c f   sv_game.obj
 0001:0002ac5c       _PF_WriteByte              0042bc5c f   sv_game.obj
 0001:0002ac6d       _PF_WriteShort             0042bc6d f   sv_game.obj
 0001:0002ac7e       _PF_WriteLong              0042bc7e f   sv_game.obj
 0001:0002ac8f       _PF_WriteFloat             0042bc8f f   sv_game.obj
 0001:0002aca4       _PF_WriteString            0042bca4 f   sv_game.obj
 0001:0002acb5       _PF_WritePos               0042bcb5 f   sv_game.obj
 0001:0002acc6       _PF_WriteDir               0042bcc6 f   sv_game.obj
 0001:0002acd7       _PF_WriteAngle             0042bcd7 f   sv_game.obj
 0001:0002acec       _PF_inPVS                  0042bcec f   sv_game.obj
 0001:0002ad64       _PF_inPHS                  0042bd64 f   sv_game.obj
 0001:0002addc       _PF_StartSound             0042bddc f   sv_game.obj
 0001:0002ae0f       _PF_TagMalloc              0042be0f f   sv_game.obj
 0001:0002ae21       _PF_Cvar_Get               0042be21 f   sv_game.obj
 0001:00028058       _DS_DestroyBuffers         00429058 f   snd_win.obj
 0001:00028241       _DS_CreateBuffers          00429241 f   snd_win.obj
 0001:000257c6       _Menu_MakeVisible          004267c6 f   qmenu.obj
 0001:00025850       _Menu_CompletelyVisible    00426850 f   qmenu.obj
 0001:000258f8       _strlen_color              004268f8 f   qmenu.obj
 0001:00025aa6       _Action_Draw               00426aa6 f   qmenu.obj
 0001:00025b21       _Menu_ItemVisible          00426b21 f   qmenu.obj
 0001:00025b6a       _Menu_DrawStatusBar        00426b6a f   qmenu.obj
 0001:00025cdf       _MenuList_Draw             00426cdf f   qmenu.obj
 0001:00025d67       _DrawCaption               00426d67 f   qmenu.obj
 0001:00025da6       _Separator_Draw            00426da6 f   qmenu.obj
 0001:00025df7       _Slider_DoSlide            00426df7 f   qmenu.obj
 0001:00025e2e       _Slider_Draw               00426e2e f   qmenu.obj
 0001:00025f21       _SpinControl_DoSlide       00426f21 f   qmenu.obj
 0001:00025f50       _SpinControl_Draw          00426f50 f   qmenu.obj
 0001:0002602b       _SpinControl2_DoSlide      0042702b f   qmenu.obj
 0001:0002606c       _SpinControl2_Draw         0042706c f   qmenu.obj
 0001:00022934       _StepSlideMove             00423934 f   pmove.obj
 0001:00022add       _StepSlideMove_            00423add f   pmove.obj
 0001:00022d30       _ClipVelocity              00423d30 f   pmove.obj
 0001:00022d99       _Friction                  00423d99 f   pmove.obj
 0001:00022ea8       _WaterMove                 00423ea8 f   pmove.obj
 0001:00022f8e       _Accelerate                00423f8e f   pmove.obj
 0001:00022ffa       _AddCurrents               00423ffa f   pmove.obj
 0001:00023299       _AirMove                   00424299 f   pmove.obj
 0001:000234f2       _AirAccelerate             004244f2 f   pmove.obj
 0001:00023578       _CatagorizePosition        00424578 f   pmove.obj
 0001:000237ce       _CheckJump                 004247ce f   pmove.obj
 0001:00023895       _CheckSpecialMovement      00424895 f   pmove.obj
 0001:000239f8       _FlyMove                   004249f8 f   pmove.obj
 0001:00023c4b       _CheckDuck                 00424c4b f   pmove.obj
 0001:00023d80       _DeadMove                  00424d80 f   pmove.obj
 0001:00023dde       _SnapPosition              00424dde f   pmove.obj
 0001:00023f47       _GoodPosition              00424f47 f   pmove.obj
 0001:00023fbd       _InitialSnapPosition       00424fbd f   pmove.obj
 0001:000240d6       _ClampAngles               004250d6 f   pmove.obj
 0001:00022455       _NET_ErrorString           00423455 f   net_wins.obj
 0001:0001cc8c       _Multiplayer_MenuDraw      0041dc8c f   menu.obj
 0001:0001ccaf       _M_Banner                  0041dcaf f   menu.obj
 0001:0001ccf1       _Multiplayer_MenuInit      0041dcf1 f   menu.obj
 0001:0001cddf       _Multiplayer_MenuKey       0041dddf f   menu.obj
 0001:0001ce10       _Keys_MenuInit             0041de10 f   menu.obj
 0001:0001cfaa       _KeyCursorDrawFunc         0041dfaa f   menu.obj
 0001:0001cfeb       _DrawKeyBindingFunc        0041dfeb f   menu.obj
 0001:0001d0c3       _M_FindKeysForCommand      0041e0c3 f   menu.obj
 0001:0001d113       _SeekLine                  0041e113 f   menu.obj
 0001:0001d13a       _AppendToken               0041e13a f   menu.obj
 0001:0001d164       _Keys_MenuDraw             0041e164 f   menu.obj
 0001:0001d17d       _Keys_MenuKey              0041e17d f   menu.obj
 0001:0001d232       _M_UnbindCommand           0041e232 f   menu.obj
 0001:0001d27e       _KeyBindingFunc            0041e27e f   menu.obj
 0001:0001d2f0       _Options_MenuInit          0041e2f0 f   menu.obj
 0001:0001d74e       _CrosshairFunc             0041e74e f   menu.obj
 0001:0001d772       _JoystickFunc              0041e772 f   menu.obj
 0001:0001d785       _CustomizeControlsFunc     0041e785 f   menu.obj
 0001:0001d78a       _AlwaysRunFunc             0041e78a f   menu.obj
 0001:0001d79d       _FreeLookFunc              0041e79d f   menu.obj
 0001:0001d7b0       _MouseSpeedFunc            0041e7b0 f   menu.obj
 0001:0001d7cd       _ControlsSetMenuItemValues 0041e7cd f   menu.obj
 0001:0001d967       _ControlsResetDefaultsFunc 0041e967 f   menu.obj
 0001:0001d97c       _InvertMouseFunc           0041e97c f   menu.obj
 0001:0001d997       _LookspringFunc            0041e997 f   menu.obj
 0001:0001d9b3       _LookstrafeFunc            0041e9b3 f   menu.obj
 0001:0001d9cf       _UpdateVolumeFunc          0041e9cf f   menu.obj
 0001:0001d9ec       _UpdateCDVolumeFunc        0041e9ec f   menu.obj
 0001:0001da05       _ConsoleFunc               0041ea05 f   menu.obj
 0001:0001da34       _UpdateSoundQualityFunc    0041ea34 f   menu.obj
 0001:0001dabd       _Options_ScanCrosshairs    0041eabd f   menu.obj
 0001:0001db10       _Options_MenuDraw          0041eb10 f   menu.obj
 0001:0001db38       _Options_CrosshairDraw     0041eb38 f   menu.obj
 0001:0001dbaf       _Options_MenuKey           0041ebaf f   menu.obj
 0001:0001dc93       _M_Credits_MenuDraw        0041ec93 f   menu.obj
 0001:0001dd7b       _M_Credits_Key             0041ed7b f   menu.obj
 0001:0001ddd7       _Game_MenuInit             0041edd7 f   menu.obj
 0001:0001df84       _EasyGameFunc              0041ef84 f   menu.obj
 0001:0001df9a       _StartGame                 0041ef9a f   menu.obj
 0001:0001dfdf       _MediumGameFunc            0041efdf f   menu.obj
 0001:0001dff5       _HardGameFunc              0041eff5 f   menu.obj
 0001:0001e00b       _Game_MenuDraw             0041f00b f   menu.obj
 0001:0001e02e       _Game_MenuKey              0041f02e f   menu.obj
 0001:0001e05f       _LoadGame_MenuInit         0041f05f f   menu.obj
 0001:0001e0f5       _Create_Savestrings        0041f0f5 f   menu.obj
 0001:0001e177       _LoadGameCallback          0041f177 f   menu.obj
 0001:0001e1a1       _LoadGame_MenuDraw         0041f1a1 f   menu.obj
 0001:0001e1b9       _LoadGame_MenuKey          0041f1b9 f   menu.obj
 0001:0001e219       _SaveGame_MenuDraw         0041f219 f   menu.obj
 0001:0001e23c       _SaveGame_MenuInit         0041f23c f   menu.obj
 0001:0001e2c4       _SaveGameCallback          0041f2c4 f   menu.obj
 0001:0001e2e3       _SaveGame_MenuKey          0041f2e3 f   menu.obj
 0001:0001e3c3       _JoinServer_MenuInit       0041f3c3 f   menu.obj
 0001:0001e514       _JoinServerFunc            0041f514 f   menu.obj
 0001:0001e57c       _SearchLocalGames          0041f57c f   menu.obj
 0001:0001e5e8       _JoinServer_MenuDraw       0041f5e8 f   menu.obj
 0001:0001e600       _JoinServer_MenuKey        0041f600 f   menu.obj
 0001:0001e631       _StartServer_MenuInit      0041f631 f   menu.obj
 0001:0001eae1       _DMOptionsFunc             0041fae1 f   menu.obj
 0001:0001eaf0       _RulesChangeFunc           0041faf0 f   menu.obj
 0001:0001eb59       _StartServerActionFunc     0041fb59 f   menu.obj
 0001:0001eb85       _StartServerFunc           0041fb85 f   menu.obj
 0001:0001edf0       _StartServer_MenuDraw      0041fdf0 f   menu.obj
 0001:0001edfc       _StartServer_MenuKey       0041fdfc f   menu.obj
 0001:0001ee5b       _DMOptions_MenuInit        0041fe5b f   menu.obj
 0001:0001f3eb       _DMFlagCallback            004203eb f   menu.obj
 0001:0001f5d6       _DMOptions_MenuDraw        004205d6 f   menu.obj
 0001:0001f5e2       _DMOptions_MenuKey         004205e2 f   menu.obj
 0001:0001f613       _DownloadOptions_MenuInit  00420613 f   menu.obj
 0001:0001f7fe       _DownloadCallback          004207fe f   menu.obj
 0001:0001f85d       _DownloadOptions_MenuDraw  0042085d f   menu.obj
 0001:0001f869       _DownloadOptions_MenuKey   00420869 f   menu.obj
 0001:0001f89a       _AddressBook_MenuInit      0042089a f   menu.obj
 0001:0001f950       _AddressBook_MenuKey       00420950 f   menu.obj
 0001:0001f9a1       _AddressBook_MenuDraw      004209a1 f   menu.obj
 0001:0001f9b9       _M_Menu_PlayerConfig_f     004209b9 f   menu.obj
 0001:0001fa13       _PlayerConfig_MenuInit     00420a13 f   menu.obj
 0001:0001fe3c       _HandednessCallback        00420e3c f   menu.obj
 0001:0001fe4f       _RateCallback              00420e4f f   menu.obj
 0001:0001fe6d       _ModelCallback             00420e6d f   menu.obj
 0001:0001fea4       _PlayerConfig_ScanDirectories 00420ea4 f   menu.obj
 0001:0002006c       _IconOfSkinExists          0042106c f   menu.obj
 0001:0002010e       _PlayerConfig_MenuDraw     0042110e f   menu.obj
 0001:00020380       _PlayerConfig_MenuKey      00421380 f   menu.obj
 0001:00020454       _M_Menu_DMBrowse_f         00421454 f   menu.obj
 0001:00020497       _DMBrowse_MenuInit         00421497 f   menu.obj
 0001:00020641       _DMBrowse_MenuKey          00421641 f   menu.obj
 0001:000207e4       _DMBrowse_MenuDraw         004217e4 f   menu.obj
 0001:00020909       _DrawThumbnail             00421909 f   menu.obj
 0001:000209d0       _M_Quit_Key                004219d0 f   menu.obj
 0001:00020a10       _M_Quit_Draw               00421a10 f   menu.obj
 0001:00020b5d       _M_Menu_Quit_f             00421b5d f   menu.obj
 0001:0001c253       _AllocChain                0041d253 f   memory.obj
 0001:0001c544       _Z_Stats_f                 0041d544 f   memory.obj
 0001:0001ba4a       _MD4Transform              0041ca4a f   md4.obj
 0001:0001c04c       _Encode                    0041d04c f   md4.obj
 0001:0001c091       _Decode                    0041d091 f   md4.obj
 0001:0001b08c       _iswordsym                 0041c08c f   keys.obj
 0001:0001b3f3       _Key_Unbind_f              0041c3f3 f   keys.obj
 0001:0001b4d6       _Key_Unbindall_f           0041c4d6 f   keys.obj
 0001:0001b500       _Key_Bind_f                0041c500 f   keys.obj
 0001:00019c4e       _IN_DeactivateMouse        0041ac4e f   in_win.obj
 0001:00019c7a       _IN_FreeDirect             0041ac7a f   in_win.obj
 0001:00019cdb       _IN_FreeWin32              0041acdb f   in_win.obj
 0001:00019e5c       _IN_ActivateMouse          0041ae5c f   in_win.obj
 0001:00019ed4       _IN_InitDirect             0041aed4 f   in_win.obj
 0001:0001a017       _IN_InitWin32              0041b017 f   in_win.obj
 0001:0001a137       _IN_MouseMove              0041b137 f   in_win.obj
 0001:0002ffed       _J_InitSource              00430fed f   vid_dll.obj
 0001:0001976a       _J_FillInputBuffer         0041a76a f   images.obj
 0001:00019792       _J_SkipInputData           0041a792 f   images.obj
 0001:0002ffed       _J_TermSource              00430fed f   vid_dll.obj
 0001:000197aa       _InitJpegError             0041a7aa f   images.obj
 0001:000197e7       _J_ErrorExit               0041a7e7 f   images.obj
 0001:000197f6       _J_EmitMessage             0041a7f6 f   images.obj
 0001:00019813       _J_ResetErrorMgr           0041a813 f   images.obj
 0001:000175fb       _FindPakFile               004185fb f   files.obj
 0001:0001766a       _FindPakDirectory          0041866a f   files.obj
 0001:000176fa       _FileLength                004186fa f   files.obj
 0001:00017b2b       _FOpenCached               00418b2b f   files.obj
 0001:00017d6b       _AddPakFile                00418d6b f   files.obj
 0001:00017e0a       _AddPakDirectory           00418e0a f   files.obj
 0001:00017ee8       _EnumZippedPak             00418ee8 f   files.obj
 0001:00017f5b       _ClearFileCache            00418f5b f   files.obj
 0001:0001804c       _AddDirFilesToList         0041904c f   files.obj
 0001:00018571       _ListPakDirectory          00419571 f   files.obj
 0001:00018726       _InitResFiles              00419726 f   files.obj
 0001:00018809       _FS_LoadPak_f              00419809 f   files.obj
 0001:000188d8       _TryLoadPak                004198d8 f   files.obj
 0001:00018946       _FindPakStruc              00419946 f   files.obj
 0001:0001899b       _FS_UnloadPak_f            0041999b f   files.obj
 0001:00018b3f       _FS_Link_f                 00419b3f f   files.obj
 0001:00018c0b       _FS_Dir_f                  00419c0b f   files.obj
 0001:00018e1c       _FS_Path_f                 00419e1c f   files.obj
 0001:00018eb4       _FS_Cat_f                  00419eb4 f   files.obj
 0001:00018f8d       _FS_Type_f                 00419f8d f   files.obj
 0001:000163dc       _Cvar_FindVar              004173dc f   cvar.obj
 0001:00016411       _ComputeHash               00417411 f   cvar.obj
 0001:000165eb       _Cvar_SetString            004175eb f   cvar.obj
 0001:00016681       _Cvar_InfoValidate         00417681 f   cvar.obj
 0001:00016791       _Cvar_Set2                 00417791 f   cvar.obj
 0001:000168ed       _Cvar_SetHardcoded         004178ed f   cvar.obj
 0001:00016c6f       _Cvar_Set_f                00417c6f f   cvar.obj
 0001:00016cec       _Cvar_SetWithFlags         00417cec f   cvar.obj
 0001:00016d31       _Cvar_Seta_f               00417d31 f   cvar.obj
 0001:00016d53       _Cvar_Setu_f               00417d53 f   cvar.obj
 0001:00016d75       _Cvar_Sets_f               00417d75 f   cvar.obj
 0001:00016d97       _Cvar_Reset_f              00417d97 f   cvar.obj
 0001:00016df9       _Cvar_List_f               00417df9 f   cvar.obj
 0001:00016efd       _Cvar_Add_f                00417efd f   cvar.obj
 0001:00017074       _Cvar_Scale_f              00418074 f   cvar.obj
 0001:000170e7       _Cvar_Toggle_f             004180e7 f   cvar.obj
 0001:0001714a       _Cvar_Cycle_f              0041814a f   cvar.obj
 0001:00015785       _Con_ToggleChat_f          00416785 f   console.obj
 0001:000157b6       _Con_Clear_f               004167b6 f   console.obj
 0001:0001580c       _Con_Dump_f                0041680c f   console.obj
 0001:0001591f       _Con_MessageMode_f         0041691f f   console.obj
 0001:00015931       _Con_MessageMode2_f        00416931 f   console.obj
 0001:000159d1       _PlaceChar                 004169d1 f   console.obj
 0001:00015b5b       _FindLine                  00416b5b f   console.obj
 0001:00016299       _Con_DrawInput             00417299 f   console.obj
 0001:00014d28       _Com_Error_f               00415d28 f   common.obj
 0001:00011b6d       _CMod_LoadSubmodels        00412b6d f   cmodel.obj
 0001:00011c13       _CMod_LoadSurfaces         00412c13 f   cmodel.obj
 0001:00011d2d       _CMod_ReadSurfMaterials    00412d2d f   cmodel.obj
 0001:00011e68       _CMod_LoadNodes            00412e68 f   cmodel.obj
 0001:00011eca       _CMod_LoadBrushes          00412eca f   cmodel.obj
 0001:00011f16       _CMod_LoadLeafs            00412f16 f   cmodel.obj
 0001:00011fe5       _CMod_LoadPlanes           00412fe5 f   cmodel.obj
 0001:00012068       _CMod_LoadLeafBrushes      00413068 f   cmodel.obj
 0001:000120b3       _CMod_LoadBrushSides       004130b3 f   cmodel.obj
 0001:0001212c       _CMod_LoadAreas            0041312c f   cmodel.obj
 0001:00012505       _CM_PointLeafnum_r         00413505 f   cmodel.obj
 0001:000125c1       _CM_BoxLeafnums_r          004135c1 f   cmodel.obj
 0001:00012a6b       _CM_TestInLeaf             00413a6b f   cmodel.obj
 0001:00012af3       _CM_TestBoxInBrush         00413af3 f   cmodel.obj
 0001:00012bd4       _CM_RecursiveHullCheck     00413bd4 f   cmodel.obj
 0001:00012ea6       _CM_TraceToLeaf            00413ea6 f   cmodel.obj
 0001:00012f83       _CM_ClipBoxToBrush         00413f83 f   cmodel.obj
 0001:0001358a       _FloodArea_r               0041458a f   cmodel.obj
 0001:0001105d       _Cmd_MacroExpandString     0041205d f   cmd.obj
 0001:000116ca       _TryComplete               004126ca f   cmd.obj
 0001:0001187a       _Cmd_Wait_f                0041287a f   cmd.obj
 0001:00011885       _Cmd_List_f                00412885 f   cmd.obj
 0001:0001006e       _DrawSurfInfo              0041106e f   cl_view.obj
 0001:000103da       _DecodeContents            004113da f   cl_view.obj
 0001:000104aa       _DrawOriginInfo            004114aa f   cl_view.obj
 0001:0001063b       _DrawFpsInfo               0041163b f   cl_view.obj
 0001:00010764       _FixWaterVis               00411764 f   cl_view.obj
 0001:00010864       _entitycmpfnc              00411864 f   cl_view.obj
 0001:0000cef3       _SCR_CalcVrect             0040def3 f   cl_scrn.obj
 0001:000030be       _CL_AddParticleTraces      004040be f   cl_fx.obj
 0001:000009ea       _Huff1Decompress           004019ea f   cl_cin.obj
 0001:00000f71       _Huff1TableInit            00401f71 f   cl_cin.obj
 0001:0000106b       _SmallestNode1             0040206b f   cl_cin.obj
 0001:0000014c       _CDAudio_GetAudioDiskInfo  0040114c f   cd_win.obj
 0001:000004c4       _CD_f                      004014c4 f   cd_win.obj
 0001:0000077d       _CDAudio_Eject             0040177d f   cd_win.obj
 0001:000007a7       _CDAudio_CloseDoor         004017a7 f   cd_win.obj

 70 bytes saved through ICF

