 quake2

 Timestamp is 4220d33c (Sat Feb 26 22:51:24 2005)

 Preferred load address is 00400000

 Start         Length     Name                   Class
 0001:00000000 0005f5a0H .text                   CODE
 0002:00000000 00000278H .idata$5                DATA
 0002:00000278 00004d0cH .rdata                  DATA
 0002:00004f88 00000044H .rdata$r                DATA
 0002:00004fd0 00000038H .xdata$x                DATA
 0002:00005008 00000078H .idata$2                DATA
 0002:00005080 00000014H .idata$3                DATA
 0002:00005094 00000278H .idata$4                DATA
 0002:0000530c 000007fcH .idata$6                DATA
 0002:00005b08 00000000H .edata                  DATA
 0003:00000000 00000004H .CRT$XCA                DATA
 0003:00000004 00000024H .CRT$XCU                DATA
 0003:00000028 00000004H .CRT$XCZ                DATA
 0003:0000002c 00000004H .CRT$XIA                DATA
 0003:00000030 00000004H .CRT$XIZ                DATA
 0003:00000040 0000df5cH .data                   DATA
 0003:0000dfa0 0031c894H .bss                    DATA
 0004:00000000 00000130H .rsrc$01                DATA
 0004:00000130 00003f20H .rsrc$02                DATA

  Address         Publics by Value              Rva+Base     Lib:Object

 0001:00000000       ??3@YAXPAX@Z               00401000 f i CoreMain.obj
 0001:0000000b       ?appInit@@YAXXZ            0040100b f   CoreMain.obj
 0001:00000069       ?appLoadDebugSymbols@@YAXXZ 00401069 f   DbgSymbols.obj
 0001:0000026c       ?appSymbolName@@YA_NIPADH@Z 0040126c f   DbgSymbols.obj
 0001:00000358       ?appSymbolName@@YAPBDI@Z   00401358 f   DbgSymbols.obj
 0001:0000038a       ?appMalloc@@YAPAXIH@Z      0040138a f   Memory.obj
 0001:00000438       ?appFree@@YAXPAX@Z         00401438 f   Memory.obj
 0001:00000466       ?Unlink@FMemHeader@@QAEXXZ 00401466 f i Memory.obj
 0001:00000491       ?Link@CMemoryChain@@AAEXXZ 00401491 f   Memory.obj
 0001:000004b0       ?Unlink@CMemoryChain@@AAEXXZ 004014b0 f   Memory.obj
 0001:000004db       ??2CMemoryChain@@SAPAXIH@Z 004014db f   Memory.obj
 0001:0000054d       ??3CMemoryChain@@SAXPAX@Z  0040154d f   Memory.obj
 0001:00000580       ?Alloc@CMemoryChain@@QAEPAXIH@Z 00401580 f   Memory.obj
 0001:000005ea       ?appInitMemory@@YAXXZ      004015ea f   Memory.obj
 0001:00000b23       ?Write@COutputDeviceNull@@UAEXPBD@Z 00401b23 f i OutputDevice.obj
 0001:00000b26       ?appWPrintf@@YAXPBDZZ      00401b26 f   OutputDevice.obj
 0001:00000b77       ?appFatalError@@YAXPBDZZ   00401b77 f   ErrorMgr.obj
 0001:00000bb1       ?appNonFatalError@@YAXPBDZZ 00401bb1 f   ErrorMgr.obj
 0001:00000c0f       ?appUnwindPrefix@@YAXPBD@Z 00401c0f f   ErrorMgr.obj
 0001:00000c66       ?appUnwindThrow@@YAXPBDZZ  00401c66 f   ErrorMgr.obj
 0001:00000ced       ?Reset@CErrorHandler@@QAEXXZ 00401ced f   ErrorMgr.obj
 0001:00000d17       ?appInitError@@YAXXZ       00401d17 f   ErrorMgr.obj
 0001:00000dd5       ?appStricmp@@YAHPBD0@Z     00401dd5 f   Strings.obj
 0001:00000e0a       ?toLower@@YADD@Z           00401e0a f i Strings.obj
 0001:00000e21       ?appStrcpy@@YAXPADPBD@Z    00401e21 f   Strings.obj
 0001:00000e34       ?appStrncpylwr@@YAXPADPBDH@Z 00401e34 f   Strings.obj
 0001:00000e6c       ?appStrncpyz@@YAXPADPBDH@Z 00401e6c f   Strings.obj
 0001:00000e99       ?appStrcatn@@YAXPADHPBD@Z  00401e99 f   Strings.obj
 0001:00000ec4       ?appCopyFilename@@YAXPADPBDH@Z 00401ec4 f   Strings.obj
 0001:00000f60       ?appCStrlen@@YAHPBD@Z      00401f60 f   Strings.obj
 0001:00000f85       ?appUncolorizeString@@YAXPADPBD@Z 00401f85 f   Strings.obj
 0001:00000fb5       ?va@@YAPBDPBDZZ            00401fb5 f   Strings.obj
 0001:00001051       ?appSprintf@@YAHPADHPBDZZ  00402051 f   Strings.obj
 0001:0000109c       ?appMatchWildcard@@YA_NPBD0_N@Z 0040209c f   Strings.obj
 0001:0000121c       ?CopyString@@YAPADPBD@Z    0040221c f   Strings.obj
 0001:0000125c       ?CopyString@@YAPADPBDPAVCMemoryChain@@@Z 0040225c f   Strings.obj
 0001:00001290       ??2CStringItem@@SAPAXIPBD@Z 00402290 f   Strings.obj
 0001:000012d9       ??2CStringItem@@SAPAXIPBDPAVCMemoryChain@@@Z 004022d9 f   Strings.obj
 0001:00001316       ?Find@CStringList@@IAEPAVCStringItem@@PBDPAPAV2@@Z 00402316 f   Strings.obj
 0001:00001359       ?Find@CStringList@@IAEPAVCStringItem@@H@Z 00402359 f   Strings.obj
 0001:00001372       ?IndexOf@CStringList@@QAEHPBD@Z 00402372 f   Strings.obj
 0001:0000139f       ?Remove@CStringList@@QAE_NPAVCStringItem@@@Z 0040239f f   Strings.obj
 0001:000013cb       ?Free@CStringList@@QAEXXZ  004023cb f   Strings.obj
 0001:000013e4       ?osAddressInfo@@YA_NIPADHPAH@Z 004023e4 f   DbgSymbolsWin32.obj
 0001:00001478       ?osModuleInfo@@YA_NIPADHPAH@Z 00402478 f   DbgSymbolsWin32.obj
 0001:00001620       ?win32ExceptFilter@@YAHPAU_EXCEPTION_POINTERS@@@Z 00402620 f   ExceptFilterWin32.obj
 0001:00001bc2       ?win32ExceptFilter2@@YAHXZ 00402bc2 f   ExceptFilterWin32.obj
 0001:00001bce       ?SCR_StopCinematic@@YAXXZ  00402bce f   cl_cin.obj
 0001:00001c62       ?SCR_DrawCinematic@@YA_NXZ 00402c62 f   cl_cin.obj
 0001:000020c5       ?SCR_PlayCinematic@@YAXPAD@Z 004030c5 f   cl_cin.obj
 0001:00002426       ?CL_Download_f@@YAX_NHPAPAD@Z 00403426 f   cl_download.obj
 0001:000027d7       ?CL_ParseDownload@@YAXXZ   004037d7 f   cl_download.obj
 0001:00002fe4       ?CL_Precache_f@@YAXHPAPAD@Z 00403fe4 f   cl_download.obj
 0001:00003042       ?CL_ParseDelta@@YAXPAUentityState_t@@0HI_N@Z 00404042 f   cl_ents.obj
 0001:0000325b       ?CL_ParsePacketEntities@@YAXPAUframe_t@@0@Z 0040425b f   cl_ents.obj
 0001:000035c6       ?CL_FireEntityEvents@@YAXPAUframe_t@@@Z 004045c6 f   cl_ents.obj
 0001:00003618       ?CL_ParseFrame@@YAXXZ      00404618 f   cl_ents.obj
 0001:0000390a       ?CL_AddEntityBox@@YAXPAUentityState_t@@I@Z 0040490a f   cl_ents.obj
 0001:000039ef       ?CL_OffsetThirdPersonView@@YAXXZ 004049ef f   cl_ents.obj
 0001:00003aa9       ?CL_CalcViewValues@@YAXXZ  00404aa9 f   cl_ents.obj
 0001:00003db2       ?CL_AddEntities@@YAXXZ     00404db2 f   cl_ents.obj
 0001:00004b4d       ?CL_GetEntitySoundOrigin@@YAXHQAM@Z 00405b4d f   cl_ents.obj
 0001:00004b85       ?CL_ClearLightStyles@@YAXXZ 00405b85 f   cl_fx.obj
 0001:00004c07       ?CL_RunLightStyles@@YAXXZ  00405c07 f   cl_fx.obj
 0001:00004ca6       ?CL_SetLightstyle@@YAXHPBD@Z 00405ca6 f   cl_fx.obj
 0001:00004d07       ?CL_ClearDlights@@YAXXZ    00405d07 f   cl_fx.obj
 0001:00004d18       ?CL_AllocDlight@@YAPAUcdlight_t@@HQAM@Z 00405d18 f   cl_fx.obj
 0001:00004d81       ?CL_AddDLights@@YAXXZ      00405d81 f   cl_fx.obj
 0001:00004de1       ?CL_ClearParticles@@YAXXZ  00405de1 f   cl_fx.obj
 0001:00004e48       ?CL_AllocParticleTrace@@YAPAUparticleTrace_t@@QAM0MM@Z 00405e48 f   cl_fx.obj
 0001:00004ee8       ?CL_AllocParticleBeam@@YAPAUbeam_s@@QAM0MM@Z 00405ee8 f   cl_fx.obj
 0001:00004f5b       ?CL_AllocParticle@@YAPAUparticle_s@@XZ 00405f5b f   cl_fx.obj
 0001:00004fa9       ?CL_UpdateParticles@@YAXXZ 00405fa9 f   cl_fx.obj
 0001:0000559b       ?CL_MetalSparks@@YAXQAM0H@Z 0040659b f   cl_fx.obj
 0001:00005688       ?CL_ParseMuzzleFlash@@YAXXZ 00406688 f   cl_fx.obj
 0001:00005a1e       ?CL_ParseMuzzleFlash2@@YAXXZ 00406a1e f   cl_fx.obj
 0001:00006061       ?CL_ParticleEffect@@YAXQAM0HH@Z 00407061 f   cl_fx.obj
 0001:00006130       ?CL_ParticleEffect2@@YAXQAM0HH@Z 00407130 f   cl_fx.obj
 0001:000061fb       ?CL_ParticleEffect3@@YAXQAM0HH@Z 004071fb f   cl_fx.obj
 0001:000062cb       ?CL_TeleporterParticles@@YAXPAUentityState_t@@@Z 004072cb f   cl_fx.obj
 0001:00006382       ?CL_LogoutEffect@@YAXQAMH@Z 00407382 f   cl_fx.obj
 0001:0000646d       ?CL_ItemRespawnParticles@@YAXQAM@Z 0040746d f   cl_fx.obj
 0001:0000651c       ?CL_ExplosionParticles@@YAXQAM@Z 0040751c f   cl_fx.obj
 0001:000065c6       ?CL_BigTeleportParticles@@YAXQAM@Z 004075c6 f   cl_fx.obj
 0001:0000671d       ?CL_BlasterParticles@@YAXQAM0@Z 0040771d f   cl_fx.obj
 0001:000067e9       ?CL_BlasterTrail@@YAXQAM0@Z 004077e9 f   cl_fx.obj
 0001:000068dc       ?CL_FlagTrail@@YAXQAM0M@Z  004078dc f   cl_fx.obj
 0001:000069dc       ?CL_DiminishingTrail@@YAXQAM0PAUcentity_t@@H@Z 004079dc f   cl_fx.obj
 0001:00006c40       ?CL_RocketTrail@@YAXQAM0PAUcentity_t@@@Z 00407c40 f   cl_fx.obj
 0001:00006d6d       ?CL_RailTrail@@YAXQAM0@Z   00407d6d f   cl_fx.obj
 0001:00006f93       ?CL_RailTrailExt@@YAXQAM0EE@Z 00407f93 f   cl_fx.obj
 0001:00007097       ?CL_IonripperTrail@@YAXQAM0@Z 00408097 f   cl_fx.obj
 0001:000071aa       ?CL_BubbleTrail@@YAXQAM0@Z 004081aa f   cl_fx.obj
 0001:000072c8       ?CL_FlyParticles@@YAXQAMH@Z 004082c8 f   cl_fx.obj
 0001:00007467       ?CL_FlyEffect@@YAXPAUcentity_t@@QAM@Z 00408467 f   cl_fx.obj
 0001:000074ea       ?CL_BfgParticles@@YAXPAUentity_t@@@Z 004084ea f   cl_fx.obj
 0001:000076c4       ?CL_TrapParticles@@YAXPAUentity_t@@@Z 004086c4 f   cl_fx.obj
 0001:00007947       ?CL_BFGExplosionParticles@@YAXQAM@Z 00408947 f   cl_fx.obj
 0001:000079f1       ?CL_TeleportParticles@@YAXQAM@Z 004089f1 f   cl_fx.obj
 0001:00007b2a       ?CL_EntityEvent@@YAXPAUentityState_t@@@Z 00408b2a f   cl_fx.obj
 0001:00007d05       ?CL_ClearEffects@@YAXXZ    00408d05 f   cl_fx.obj
 0001:00007d14       ?IN_CenterView@@YAXXZ      00408d14 f   cl_input.obj
 0001:00007d35       ?CL_InitInput@@YAXXZ       00408d35 f   cl_input.obj
 0001:000082d1       ?CL_SendCmd@@YAXXZ         004092d1 f   cl_input.obj
 0001:000089cc       ?CL_WriteDemoMessage@@YAXXZ 004099cc f   cl_main.obj
 0001:00008a0e       ?Cmd_ForwardToServer@@YAXHPAPAD@Z 00409a0e f   cl_main.obj
 0001:00008aa1       ?CL_ForwardToServer_f@@YAXHPAPAD@Z 00409aa1 f   cl_main.obj
 0001:00008ae9       ?CL_Pause@@YAX_N@Z         00409ae9 f   cl_main.obj
 0001:00008b2b       ?CL_Quit_f@@YAXXZ          00409b2b f   cl_main.obj
 0001:00008b35       ?CL_Drop@@YAX_N@Z          00409b35 f   cl_main.obj
 0001:00008b58       ?CL_SendConnectPacket@@YAXXZ 00409b58 f   cl_main.obj
 0001:00008c2f       ?CL_CheckForResend@@YAXXZ  00409c2f f   cl_main.obj
 0001:00008d34       ?CL_Connect_f@@YAX_NHPAPAD@Z 00409d34 f   cl_main.obj
 0001:00008db7       ?CL_Rcon_f@@YAXHPAPAD@Z    00409db7 f   cl_main.obj
 0001:00008ebf       ?CL_Disconnect@@YAXXZ      00409ebf f   cl_main.obj
 0001:0000906f       ?CL_Disconnect_f@@YAXXZ    0040a06f f   cl_main.obj
 0001:00009079       ?CL_Changing_f@@YAXXZ      0040a079 f   cl_main.obj
 0001:0000909d       ?CL_Reconnect_f@@YAXXZ     0040a09d f   cl_main.obj
 0001:00009139       ?CL_PingServers_f@@YAXXZ   0040a139 f   cl_main.obj
 0001:000092a4       ?CL_Skins_f@@YAXXZ         0040a2a4 f   cl_main.obj
 0001:00009577       ?CL_ConnectionlessPacket@@YAXXZ 0040a577 f   cl_main.obj
 0001:00009676       ?CL_ReadPackets@@YAXXZ     0040a676 f   cl_main.obj
 0001:000097bb       ?CL_FixUpGender@@YAXXZ     0040a7bb f   cl_main.obj
 0001:0000986d       ?CL_Userinfo_f@@YAXXZ      0040a86d f   cl_main.obj
 0001:00009885       ?CL_RegisterSounds@@YAXXZ  0040a885 f   cl_main.obj
 0001:000098c4       ?CL_Snd_Restart_f@@YAXXZ   0040a8c4 f   cl_main.obj
 0001:000098d3       ?CL_WriteConfiguration@@YAXPAD@Z 0040a8d3 f   cl_main.obj
 0001:0000998e       ?CL_WriteConfig_f@@YAX_NHPAPAD@Z 0040a98e f   cl_main.obj
 0001:000099ed       ?CL_FixCvarCheats@@YAXXZ   0040a9ed f   cl_main.obj
 0001:00009a47       ?CL_Frame@@YAXMH@Z         0040aa47 f   cl_main.obj
 0001:00009c2b       ?CL_ClearState@@YAXXZ      0040ac2b f   cl_main.obj
 0001:00009c63       ?CL_Init@@YAXXZ            0040ac63 f   cl_main.obj
 0001:0000a150       ?CL_Shutdown@@YAX_N@Z      0040b150 f   cl_main.obj
 0001:0000a1a5       ?CL_Flashlight@@YAXHQAM@Z  0040b1a5 f   cl_newfx.obj
 0001:0000a1df       ?CL_ColorFlash@@YAXQAMHHMMM@Z 0040b1df f   cl_newfx.obj
 0001:0000a21b       ?CL_DebugTrail@@YAXQAM0@Z  0040b21b f   cl_newfx.obj
 0001:0000a2fb       ?CL_ForceWall@@YAXQAM0H@Z  0040b2fb f   cl_newfx.obj
 0001:0000a422       ?CL_BubbleTrail2@@YAXQAM0H@Z 0040b422 f   cl_newfx.obj
 0001:0000a54c       ?CL_Heatbeam@@YAXQAM0@Z    0040b54c f   cl_newfx.obj
 0001:0000a7fd       ?CL_ParticleSteamEffect@@YAXQAM0HHH@Z 0040b7fd f   cl_newfx.obj
 0001:0000a927       ?CL_ParticleSteamEffect2@@YAXPAUcl_sustain_s@@@Z 0040b927 f   cl_newfx.obj
 0001:0000aa5e       ?CL_TrackerTrail@@YAXQAM0H@Z 0040ba5e f   cl_newfx.obj
 0001:0000abae       ?CL_Tracker_Shell@@YAXQAM@Z 0040bbae f   cl_newfx.obj
 0001:0000ac37       ?CL_MonsterPlasma_Shell@@YAXQAM@Z 0040bc37 f   cl_newfx.obj
 0001:0000acbd       ?CL_Widowbeamout@@YAXPAUcl_sustain_s@@@Z 0040bcbd f   cl_newfx.obj
 0001:0000ad79       ?CL_Nukeblast@@YAXPAUcl_sustain_s@@@Z 0040bd79 f   cl_newfx.obj
 0001:0000ae35       ?CL_WidowSplash@@YAXQAM@Z  0040be35 f   cl_newfx.obj
 0001:0000aefd       ?CL_TagTrail@@YAXQAM0M@Z   0040befd f   cl_newfx.obj
 0001:0000affd       ?CL_ColorExplosionParticles@@YAXQAMHH@Z 0040bffd f   cl_newfx.obj
 0001:0000b0aa       ?CL_ParticleSmokeEffect@@YAXQAM0HHH@Z 0040c0aa f   cl_newfx.obj
 0001:0000b1d2       ?CL_BlasterParticles2@@YAXQAM0I@Z 0040c1d2 f   cl_newfx.obj
 0001:0000b29f       ?CL_BlasterTrail2@@YAXQAM0@Z 0040c29f f   cl_newfx.obj
 0001:0000b392       ?CL_LoadClientinfo@@YAXPAUclientinfo_t@@PAD@Z 0040c392 f   cl_parse.obj
 0001:0000b679       ?CL_ParseClientinfo@@YAXH@Z 0040c679 f   cl_parse.obj
 0001:0000b69d       ?CL_ParseServerMessage@@YAXXZ 0040c69d f   cl_parse.obj
 0001:0000be64       ?CL_CheckPredictionError@@YAXXZ 0040ce64 f   cl_pred.obj
 0001:0000c004       ?CL_EntityTrace@@YAXPAUtrace_t@@QAM111H@Z 0040d004 f   cl_pred.obj
 0001:0000c3bf       ?CL_Trace@@YAXPAUtrace_t@@QAM111H@Z 0040d3bf f   cl_pred.obj
 0001:0000c441       ?CL_PMpointcontents@@YAHQAM@Z 0040d441 f   cl_pred.obj
 0001:0000c5cc       ?CL_PredictMovement@@YAXXZ 0040d5cc f   cl_pred.obj
 0001:0000c96e       ?DrawString@@YAXHHPBD@Z    0040d96e f   cl_scrn.obj
 0001:0000c9b3       ?SCR_DebugGraph@@YAXMH@Z   0040d9b3 f   cl_scrn.obj
 0001:0000c9db       ?SCR_CenterPrint@@YAXPAD@Z 0040d9db f   cl_scrn.obj
 0001:0000cadf       ?Key_Message@@YAXH@Z       0040dadf f   cl_scrn.obj
 0001:0000cb7b       ?SCR_SetLevelshot@@YAXPBD@Z 0040db7b f   cl_scrn.obj
 0001:0000cc5f       ?SCR_BeginLoadingPlaque@@YAXXZ 0040dc5f f   cl_scrn.obj
 0001:0000cce4       ?SCR_EndLoadingPlaque@@YAX_N@Z 0040dce4 f   cl_scrn.obj
 0001:0000cd69       ?SCR_ShowConsole@@YAX_N0@Z 0040dd69 f   cl_scrn.obj
 0001:0000ce42       ?SCR_ToggleConsole@@YAXXZ  0040de42 f   cl_scrn.obj
 0001:0000ce6a       ?SCR_TouchPics@@YAXXZ      0040de6a f   cl_scrn.obj
 0001:0000ceda       ?SCR_UpdateScreen@@YAXXZ   0040deda f   cl_scrn.obj
 0001:0000e22e       ?SCR_Init@@YAXXZ           0040f22e f   cl_scrn.obj
 0001:0000e50e       ?CL_RegisterTEntSounds@@YAXXZ 0040f50e f   cl_tent.obj
 0001:0000e753       ?CL_RegisterTEntModels@@YAXXZ 0040f753 f   cl_tent.obj
 0001:0000e88b       ?CL_ClearTEnts@@YAXXZ      0040f88b f   cl_tent.obj
 0001:0000e8bf       ?CL_AllocExplosion@@YAPAUexplosion_t@@QAMW4exptype_t@@@Z 0040f8bf f   cl_tent.obj
 0001:0000e95b       ?CL_AddExplosions@@YAXXZ   0040f95b f   cl_tent.obj
 0001:0000eaf5       ?CL_SmokeAndFlash@@YAXQAM@Z 0040faf5 f   cl_tent.obj
 0001:0000eb3d       ?CL_ParseBeam@@YAHPAUmodel_s@@@Z 0040fb3d f   cl_tent.obj
 0001:0000ec1c       ?CL_ParseBeam2@@YAHPAUmodel_s@@@Z 0040fc1c f   cl_tent.obj
 0001:0000ecf3       ?CL_ParsePlayerBeam@@YAHPAUmodel_s@@@Z 0040fcf3 f   cl_tent.obj
 0001:0000ee01       ?CL_ParseLightning@@YAHPAUmodel_s@@@Z 0040fe01 f   cl_tent.obj
 0001:0000eecd       ?CL_ParseLaser@@YAXI@Z     0040fecd f   cl_tent.obj
 0001:0000ef49       ?CL_ParseSteam@@YAXXZ      0040ff49 f   cl_tent.obj
 0001:0000f05a       ?CL_ParseWidow@@YAXXZ      0041005a f   cl_tent.obj
 0001:0000f0c6       ?CL_ParseNuke@@YAXXZ       004100c6 f   cl_tent.obj
 0001:0000f130       ?CL_ParseTEnt@@YAXXZ       00410130 f   cl_tent.obj
 0001:0000ff4b       ?CL_AddBeams@@YAXXZ        00410f4b f   cl_tent.obj
 0001:00010287       ?CL_AddPlayerBeams@@YAXXZ  00411287 f   cl_tent.obj
 0001:00010977       ?CL_ProcessSustain@@YAXXZ  00411977 f   cl_tent.obj
 0001:000109b8       ?CL_AddTEnts@@YAXXZ        004119b8 f   cl_tent.obj
 0001:000109cc       ?V_AddEntity@@YAXPAUentity_t@@@Z 004119cc f   cl_view.obj
 0001:000109fb       ?V_AddLight@@YAXQAMMMMM@Z  004119fb f   cl_view.obj
 0001:00010a40       ?V_TestParticles@@YAXXZ    00411a40 f   cl_view.obj
 0001:00010afe       ?V_TestEntities@@YAXXZ     00411afe f   cl_view.obj
 0001:00010b94       ?V_TestLights@@YAXXZ       00411b94 f   cl_view.obj
 0001:00010c62       ?CL_PrepRefresh@@YAXXZ     00411c62 f   cl_view.obj
 0001:00010f27       ?CalcFov@@YAMMMM@Z         00411f27 f   cl_view.obj
 0001:00010f9b       ?V_RenderView@@YA_NM@Z     00411f9b f   cl_view.obj
 0001:00011c42       ?V_Init@@YAXXZ             00412c42 f   cl_view.obj
 0001:00011cf2       ?Con_ClearNotify@@YAXXZ    00412cf2 f   console.obj
 0001:00011d01       ?Con_CheckResize@@YAXXZ    00412d01 f   console.obj
 0001:00011e28       ?Con_Print@@YAXPBD@Z       00412e28 f   console.obj
 0001:00012120       ?Con_DrawNotify@@YAX_N@Z   00413120 f   console.obj
 0001:0001223a       ?Con_DrawConsole@@YAXM@Z   0041323a f   console.obj
 0001:00012614       ?Con_ClearTyping@@YAXXZ    00413614 f   console.obj
 0001:0001262d       ?Key_Console@@YAXHH@Z      0041362d f   console.obj
 0001:00012a75       ?Con_Init@@YAXXZ           00413a75 f   console.obj
 0001:00012bf1       ?Key_KeynumToString@@YAPBDH@Z 00413bf1 f   keys.obj
 0001:00012ca1       ?CompleteCommand@@YAXXZ    00413ca1 f   keys.obj
 0001:000135fc       ?Key_SetBinding@@YAXHPBD@Z 004145fc f   keys.obj
 0001:0001363a       ?Key_FindBinding@@YAHPBDPAHH@Z 0041463a f   keys.obj
 0001:00013688       ?Key_WriteBindings@@YAXPAU_iobuf@@@Z 00414688 f   keys.obj
 0001:000136d0       ?Key_Init@@YAXXZ           004146d0 f   keys.obj
 0001:000139b4       ?Key_Event@@YAXH_NI@Z      004149b4 f   keys.obj
 0001:00013d02       ?Key_ClearStates@@YAXXZ    00414d02 f   keys.obj
 0001:00013d39       ?M_PushMenu@@YAXP6AXXZP6APBDH@Z@Z 00414d39 f   menu.obj
 0001:00013dc8       ?M_ForceMenuOff@@YAXXZ     00414dc8 f   menu.obj
 0001:00013df1       ?M_ForceMenuOn@@YAXXZ      00414df1 f   menu.obj
 0001:00013e0a       ?M_PopMenu@@YAXXZ          00414e0a f   menu.obj
 0001:00013e56       ?Default_MenuKey@@YAPBDPAUmenuFramework_s@@H@Z 00414e56 f   menu.obj
 0001:00013f76       ?M_DrawCharacter@@YAXHHH@Z 00414f76 f   menu.obj
 0001:00013fa8       ?M_Print@@YAXHHPAD@Z       00414fa8 f   menu.obj
 0001:00013fee       ?M_DrawCursor@@YAXHHH@Z    00414fee f   menu.obj
 0001:00014013       ?M_DrawTextBox@@YAXHHHH@Z  00415013 f   menu.obj
 0001:000140e5       ?M_Main_Draw@@YAXXZ        004150e5 f   menu.obj
 0001:00014259       ?M_Main_Key@@YAPBDH@Z      00415259 f   menu.obj
 0001:00014337       ?M_Menu_Main_f@@YAXXZ      00415337 f   menu.obj
 0001:00014358       ?M_Menu_Multiplayer_f@@YAXXZ 00415358 f   menu.obj
 0001:00014530       ?M_Menu_Keys_f@@YAXXZ      00415530 f   menu.obj
 0001:0001498c       ?M_Menu_Options_f@@YAXXZ   0041598c f   menu.obj
 0001:000152a1       ?M_Menu_Video_f@@YAXXZ     004162a1 f   menu.obj
 0001:000152c2       ?M_Menu_Credits_f@@YAXXZ   004162c2 f   menu.obj
 0001:0001546f       ?M_Menu_Game_f@@YAXXZ      0041646f f   menu.obj
 0001:000156e2       ?M_Menu_LoadGame_f@@YAXXZ  004166e2 f   menu.obj
 0001:000159b0       ?M_Menu_SaveGame_f@@YAXXZ  004169b0 f   menu.obj
 0001:00015b10       ?M_AddToServerList@@YAXUnetadr_t@@PAD@Z 00416b10 f   menu.obj
 0001:00015b83       ?M_Menu_JoinServer_f@@YAXXZ 00416b83 f   menu.obj
 0001:00015df4       ?M_Menu_StartServer_f@@YAXXZ 00416df4 f   menu.obj
 0001:000165fa       ?M_Menu_DMOptions_f@@YAXXZ 004175fa f   menu.obj
 0001:00016da1       ?M_Menu_DownloadOptions_f@@YAXXZ 00417da1 f   menu.obj
 0001:00017023       ?M_Menu_AddressBook_f@@YAXXZ 00418023 f   menu.obj
 0001:000183d7       ?M_Init@@YAXXZ             004193d7 f   menu.obj
 0001:000184f5       ?M_Draw@@YAXXZ             004194f5 f   menu.obj
 0001:00018546       ?M_Keydown@@YAXH@Z         00419546 f   menu.obj
 0001:00018562       ?Insert@?$TList@VplayerModelInfo_t@@@@QAE_NPAVplayerModelInfo_t@@@Z 00419562 f i menu.obj
 0001:00018562       ?Insert@?$TList@VCStringItem@@@@QAE_NPAVCStringItem@@@Z 00419562 f i menu.obj
 0001:00018598       ?Menu_ItemAtCursor@@YAPAUmenuCommon_s@@PAUmenuFramework_s@@@Z 00419598 f   qmenu.obj
 0001:000185e8       ?Field_Key@@YA_NPAUmenuField_t@@H@Z 004195e8 f   qmenu.obj
 0001:00018795       ?Menu_AddItem@@YAXPAUmenuFramework_s@@PAX@Z 00419795 f   qmenu.obj
 0001:00018850       ?Menu_AdjustCursor@@YAXPAUmenuFramework_s@@H@Z 00419850 f   qmenu.obj
 0001:0001899b       ?Menu_Center@@YAXPAUmenuFramework_s@@@Z 0041999b f   qmenu.obj
 0001:000189db       ?Menu_Draw@@YAXPAUmenuFramework_s@@@Z 004199db f   qmenu.obj
 0001:00018f05       ?Menu_SelectItem@@YA_NPAUmenuFramework_s@@@Z 00419f05 f   qmenu.obj
 0001:00018f58       ?Menu_SetStatusBar@@YAXPAUmenuFramework_s@@PBD@Z 00419f58 f   qmenu.obj
 0001:00018f64       ?Menu_SlideItem@@YAXPAUmenuFramework_s@@H@Z 00419f64 f   qmenu.obj
 0001:0001945f       ?InitRendererVars@@YAXXZ   0041a45f f   ref_vars.obj
 0001:0001947e       ?S_SoundInfo_f@@YAXXZ      0041a47e f   snd_dma.obj
 0001:00019508       ?S_ReadModelsSex@@YAXXZ    0041a508 f   snd_dma.obj
 0001:000195ed       ?S_IsFemale@@YA_NPAD@Z     0041a5ed f   snd_dma.obj
 0001:00019641       ?S_Init@@YAXXZ             0041a641 f   snd_dma.obj
 0001:00019717       ?S_Shutdown@@YAXXZ         0041a717 f   snd_dma.obj
 0001:000197aa       ?S_BeginRegistration@@YAXXZ 0041a7aa f   snd_dma.obj
 0001:000197b8       ?S_RegisterSound@@YAPAUsfx_s@@PBD@Z 0041a7b8 f   snd_dma.obj
 0001:00019951       ?S_EndRegistration@@YAXXZ  0041a951 f   snd_dma.obj
 0001:000199e9       ?S_PickChannel@@YAPAUchannel_t@@HH@Z 0041a9e9 f   snd_dma.obj
 0001:00019a76       ?S_SpatializeOrigin@@YAXQAMMMPAH1@Z 0041aa76 f   snd_dma.obj
 0001:00019b9d       ?S_Spatialize@@YAXPAUchannel_t@@@Z 0041ab9d f   snd_dma.obj
 0001:00019c0e       ?S_AllocPlaysound@@YAPAUplaysound_s@@XZ 0041ac0e f   snd_dma.obj
 0001:00019c30       ?S_FreePlaysound@@YAXPAUplaysound_s@@@Z 0041ac30 f   snd_dma.obj
 0001:00019c60       ?S_IssuePlaysound@@YAXPAUplaysound_s@@@Z 0041ac60 f   snd_dma.obj
 0001:00019d2d       ?S_StartSound@@YAXQAMHHPAUsfx_s@@MMM@Z 0041ad2d f   snd_dma.obj
 0001:0001a0a4       ?S_StartLocalSound@@YAXPBD@Z 0041b0a4 f   snd_dma.obj
 0001:0001a0f3       ?S_ClearBuffer@@YAXXZ      0041b0f3 f   snd_dma.obj
 0001:0001a15c       ?S_StopAllSounds_f@@YAXXZ  0041b15c f   snd_dma.obj
 0001:0001a1cc       ?S_AddLoopSounds@@YAXXZ    0041b1cc f   snd_dma.obj
 0001:0001a3a2       ?S_RawSamples@@YAXHHHHPAE@Z 0041b3a2 f   snd_dma.obj
 0001:0001a5a6       ?S_Update@@YAXQAM000@Z     0041b5a6 f   snd_dma.obj
 0001:0001a6a0       ?GetSoundtime@@YAXXZ       0041b6a0 f   snd_dma.obj
 0001:0001a707       ?S_Update_@@YAXXZ          0041b707 f   snd_dma.obj
 0001:0001a9ba       ?ResampleSfx@@YAXPAUsfx_s@@HHPAE@Z 0041b9ba f   snd_mem.obj
 0001:0001aad5       ?S_LoadSound@@YAPAUsfxcache_t@@PAUsfx_s@@@Z 0041bad5 f   snd_mem.obj
 0001:0001ac0d       ?GetWavinfo@@YA?AUwavinfo_t@@PADPAEH@Z 0041bc0d f   snd_mem.obj
 0001:0001ae4f       ?S_WriteLinearBlastStereo16@@YAXXZ 0041be4f f   snd_mix.obj
 0001:0001aec3       ?S_TransferStereo16@@YAXPAKH@Z 0041bec3 f   snd_mix.obj
 0001:0001af2c       ?S_TransferPaintBuffer@@YAXH@Z 0041bf2c f   snd_mix.obj
 0001:0001b088       ?S_PaintChannels@@YAXH@Z   0041c088 f   snd_mix.obj
 0001:0001b324       ?S_InitScaletable@@YAXXZ   0041c324 f   snd_mix.obj
 0001:0001b4e5       ?SV_WipeSavegame@@YAXPAD@Z 0041c4e5 f   sv_ccmds.obj
 0001:0001b513       ?SV_CopySaveGame@@YAXPAD0@Z 0041c513 f   sv_ccmds.obj
 0001:0001b568       ?SV_WriteLevelFile@@YAXXZ  0041c568 f   sv_ccmds.obj
 0001:0001b616       ?SV_ReadLevelFile@@YAXXZ   0041c616 f   sv_ccmds.obj
 0001:0001b6c4       ?SV_WriteServerFile@@YAX_NPAD@Z 0041c6c4 f   sv_ccmds.obj
 0001:0001b901       ?SV_ReadServerFile@@YAXXZ  0041c901 f   sv_ccmds.obj
 0001:0001ba26       ?SV_AddressBanned@@YA_NPAUnetadr_t@@@Z 0041ca26 f   sv_ccmds.obj
 0001:0001ba67       ?SV_InitOperatorCommands@@YAXXZ 0041ca67 f   sv_ccmds.obj
 0001:0001ca69       ?SV_WriteFrameToClient@@YAXPAUclient_s@@PAUsizebuf_s@@@Z 0041da69 f   sv_ents.obj
 0001:0001cc54       ?SV_FatPVS@@YAXQAM@Z       0041dc54 f   sv_ents.obj
 0001:0001cd72       ?SV_BuildClientFrame@@YAXPAUclient_s@@@Z 0041dd72 f   sv_ents.obj
 0001:0001d087       ?SV_RecordDemoMessage@@YAXXZ 0041e087 f   sv_ents.obj
 0001:0001dc10       ?SV_InitGameLibrary@@YAX_N@Z 0041ec10 f   sv_game.obj
 0001:0001dd56       ?SV_ShutdownGameLibrary@@YAXXZ 0041ed56 f   sv_game.obj
 0001:0001deb3       ?SV_FindIndex@@YAHPADHH_N@Z 0041eeb3 f   sv_init.obj
 0001:0001dfb8       ?SV_ModelIndex@@YAHPAD@Z   0041efb8 f   sv_init.obj
 0001:0001dfce       ?SV_SoundIndex@@YAHPAD@Z   0041efce f   sv_init.obj
 0001:0001dfe7       ?SV_ImageIndex@@YAHPAD@Z   0041efe7 f   sv_init.obj
 0001:0001e000       ?SV_CreateBaseline@@YAXXZ  0041f000 f   sv_init.obj
 0001:0001e05e       ?SV_CheckForSavegame@@YAXXZ 0041f05e f   sv_init.obj
 0001:0001e0e6       ?SV_SpawnServer@@YAXPAD0W4server_state_t@@_N2@Z 0041f0e6 f   sv_init.obj
 0001:0001e3b5       ?SV_InitGame@@YAXXZ        0041f3b5 f   sv_init.obj
 0001:0001e5ff       ?SV_Map@@YAX_NPBD0@Z       0041f5ff f   sv_init.obj
 0001:0001e7c8       ?SV_DropClient@@YAXPAUclient_s@@PAD@Z 0041f7c8 f   sv_main.obj
 0001:0001e879       ?SV_StatusString@@YAPADXZ  0041f879 f   sv_main.obj
 0001:0001f0b0       ?SV_ConnectionlessPacket@@YAXXZ 004200b0 f   sv_main.obj
 0001:0001f17b       ?SV_CalcPings@@YAXXZ       0042017b f   sv_main.obj
 0001:0001f202       ?SV_GiveMsec@@YAXXZ        00420202 f   sv_main.obj
 0001:0001f241       ?SV_ReadPackets@@YAXXZ     00420241 f   sv_main.obj
 0001:0001f38b       ?SV_CheckTimeouts@@YAXXZ   0042038b f   sv_main.obj
 0001:0001f49c       ?SV_PostprocessFrame@@YAXXZ 0042049c f   sv_main.obj
 0001:0001f973       ?SV_MulticastHook@@YAPAUsizebuf_s@@PAU1@0@Z 00420973 f   sv_main.obj
 0001:0001fd67       ?SV_TraceHook@@YA?AUtrace_t@@QAM000PAUedict_s@@H@Z 00420d67 f   sv_main.obj
 0001:0001fee2       ?SV_Frame@@YAXM@Z          00420ee2 f   sv_main.obj
 0001:0002019c       ?SV_UserinfoChanged@@YAXPAUclient_s@@@Z 0042119c f   sv_main.obj
 0001:00020260       ?SV_Init@@YAXXZ            00421260 f   sv_main.obj
 0001:000202d7       ?SV_Shutdown@@YAXPBD_N@Z   004212d7 f   sv_main.obj
 0001:000204da       ?SV_BeginRedirect@@YAXXZ   004214da f   sv_send.obj
 0001:00020584       ?SV_ClientPrintf@@YAXPAUclient_s@@HPBDZZ 00421584 f   sv_send.obj
 0001:000205df       ?SV_BroadcastPrintf@@YAXHPBDZZ 004215df f   sv_send.obj
 0001:000206b5       ?SV_BroadcastCommand@@YAXPBDZZ 004216b5 f   sv_send.obj
 0001:0002070a       ?SV_Multicast@@YAXQAMW4multicast_t@@_N@Z 0042170a f   sv_send.obj
 0001:0002094d       ?SV_MulticastOld@@YAXQAMW4multicast_t@@@Z 0042194d f   sv_send.obj
 0001:00020960       ?SV_MulticastNew@@YAXQAMW4multicast_t@@@Z 00421960 f   sv_send.obj
 0001:00020973       ?SV_StartSound@@YAXQAMPAUedict_s@@HHMMM_N@Z 00421973 f   sv_send.obj
 0001:00020c3b       ?SV_StartSoundOld@@YAXQAMPAUedict_s@@HHMMM@Z 00421c3b f   sv_send.obj
 0001:00020c6b       ?SV_StartSoundNew@@YAXQAMPAUedict_s@@HHMMM@Z 00421c6b f   sv_send.obj
 0001:00020c9b       ?SV_SendClientDatagram@@YA_NPAUclient_s@@@Z 00421c9b f   sv_send.obj
 0001:00020d6e       ?SV_DemoCompleted@@YAXXZ   00421d6e f   sv_send.obj
 0001:00020d8a       ?SV_RateDrop@@YA_NPAUclient_s@@@Z 00421d8a f   sv_send.obj
 0001:00020dd4       ?SV_SendClientMessages@@YAXXZ 00421dd4 f   sv_send.obj
 0001:00020f22       ?SV_TokenizeString@@YAXPBD@Z 00421f22 f   sv_tokenize.obj
 0001:00020ff9       ?SV_Argc@@YAHXZ            00421ff9 f   sv_tokenize.obj
 0001:00020fff       ?SV_Argv@@YAPADH@Z         00421fff f   sv_tokenize.obj
 0001:00021019       ?SV_Args@@YAPADXZ          00422019 f   sv_tokenize.obj
 0001:0002186a       ?SV_Nextserver@@YAXXZ      0042286a f   sv_user.obj
 0001:000218f9       ?SV_ExecuteUserCommand@@YAXPAD@Z 004228f9 f   sv_user.obj
 0001:000219bb       ?SV_ClientThink@@YAXPAUclient_s@@PAUusercmd_t@@@Z 004229bb f   sv_user.obj
 0001:000219fe       ?SV_ExecuteClientMessage@@YAXPAUclient_s@@@Z 004229fe f   sv_user.obj
 0001:00021c1c       ?SV_ClearWorld@@YAXXZ      00422c1c f   sv_world.obj
 0001:00021d74       ?SV_UnlinkEdict@@YAXPAUedict_s@@@Z 00422d74 f   sv_world.obj
 0001:00021e37       ?SV_LinkEdict@@YAXPAUedict_s@@@Z 00422e37 f   sv_world.obj
 0001:0002248f       ?SV_AreaEdicts@@YAHQAM0PAPAUedict_s@@HH@Z 0042348f f   sv_world.obj
 0001:00022640       ?SV_PointContents@@YAHQAM@Z 00423640 f   sv_world.obj
 0001:00022766       ?SV_ClipMoveToEntities@@YAXPAUtrace_t@@QAM111PAUedict_s@@H@Z 00423766 f   sv_world.obj
 0001:00022b45       ?SV_Trace@@YAXPAUtrace_t@@QAM111PAUedict_s@@H@Z 00423b45 f   sv_world.obj
 0001:00022c19       ?Cbuf_Init@@YAXXZ          00423c19 f   cmd.obj
 0001:00022c31       ?Cbuf_AddText@@YAXPBD@Z    00423c31 f   cmd.obj
 0001:00022c96       ?Cbuf_InsertText@@YAXPBD@Z 00423c96 f   cmd.obj
 0001:00022cfd       ?Cbuf_CopyToDefer@@YAXXZ   00423cfd f   cmd.obj
 0001:00022d45       ?Cbuf_InsertFromDefer@@YAXXZ 00423d45 f   cmd.obj
 0001:00022d6e       ?Cbuf_Execute@@YAXXZ       00423d6e f   cmd.obj
 0001:00022e70       ?Cmd_Unalias_f@@YAX_NHPAPAD@Z 00423e70 f   cmd.obj
 0001:00022ee6       ?Cmd_WriteAliases@@YAXPAU_iobuf@@@Z 00423ee6 f   cmd.obj
 0001:00022f17       ?RegisterCommand@@YA_NPBDP6AXXZH@Z 00423f17 f   cmd.obj
 0001:00022fd0       ?UnregisterCommand@@YA_NPBD@Z 00423fd0 f   cmd.obj
 0001:00023061       ?Cmd_ExecuteString@@YA_NPBD@Z 00424061 f   cmd.obj
 0001:0002349a       ?ExecuteCommand@@YA_NPBDPBUCSimpleCommand@@H@Z 0042449a f   cmd.obj
 0001:00023561       ?Cmd_Init@@YAXXZ           00424561 f   cmd.obj
 0001:0002389f       ?CMod_GetSurfMaterial@@YA?AW4material_t@@PAD@Z 0042489f f   cmodel.obj
 0001:000238fc       ?CM_LoadMap@@YAPAUcmodel_t@@PAD_NPAI@Z 004248fc f   cmodel.obj
 0001:00023fd3       ?PlaneTypeForNormal@@YAHQBM@Z 00424fd3 f i cmodel.obj
 0001:0002418b       ?CM_InlineModel@@YAPAUcmodel_t@@PAD@Z 0042518b f   cmodel.obj
 0001:000241cc       ?CM_NumClusters@@YAHXZ     004251cc f   cmodel.obj
 0001:000241d2       ?CM_NumInlineModels@@YAHXZ 004251d2 f   cmodel.obj
 0001:000241d8       ?CM_EntityString@@YAPADXZ  004251d8 f   cmodel.obj
 0001:000241de       ?CM_LeafContents@@YAHH@Z   004251de f   cmodel.obj
 0001:00024205       ?CM_LeafCluster@@YAHH@Z    00425205 f   cmodel.obj
 0001:0002427b       ?CM_LeafArea@@YAHH@Z       0042527b f   cmodel.obj
 0001:00024442       ?CM_HeadnodeForBox@@YAHQAM0@Z 00425442 f   cmodel.obj
 0001:000244f7       ?CM_PointLeafnum@@YAHQAMH@Z 004254f7 f   cmodel.obj
 0001:00024599       ?DISTANCE_TO_PLANE@@YAMQBMPBUcplane_t@@@Z 00425599 f i cmodel.obj
 0001:000245e1       ?CM_PointContents@@YAHQAMH@Z 004255e1 f   cmodel.obj
 0001:00024656       ?CM_TransformedPointContents@@YAHQAMH00@Z 00425656 f   cmodel.obj
 0001:0002478f       ?CM_TransformedPointContents2@@YAHQAMH0PAY02M@Z 0042578f f   cmodel.obj
 0001:00024880       ?CM_BoxLeafnums@@YAHQAM0PAHH1H@Z 00425880 f   cmodel.obj
 0001:00024994       ?BOX_ON_PLANE_SIDE@@YAHQBM0PBUcplane_t@@@Z 00425994 f i cmodel.obj
 0001:00024a19       ?CM_BoxTrace@@YAXPAUtrace_t@@QBM111HH@Z 00425a19 f   cmodel.obj
 0001:0002543e       ?CM_TransformedBoxTrace@@YAXPAUtrace_t@@QBM111HH11@Z 0042643e f   cmodel.obj
 0001:0002570e       ?CM_TransformedBoxTrace2@@YAXPAUtrace_t@@QBM111HH1PAY02$$CBM@Z 0042670e f   cmodel.obj
 0001:00025923       ?CM_BrushTrace@@YAHQBM0PAHH@Z 00426923 f   cmodel.obj
 0001:00025d49       ?CM_RefineBrushTrace@@YAHQBM0PAHH@Z 00426d49 f   cmodel.obj
 0001:00025def       ?CM_ClusterPVS@@YAPAEH@Z   00426def f   cmodel.obj
 0001:00025f33       ?CM_ClusterPHS@@YAPAEH@Z   00426f33 f   cmodel.obj
 0001:00026096       ?CM_SetAreaPortalState@@YAXH_N@Z 00427096 f   cmodel.obj
 0001:000260bb       ?CM_AreasConnected@@YA_NHH@Z 004270bb f   cmodel.obj
 0001:000260ff       ?CM_WriteAreaBits@@YAHPAEH@Z 004270ff f   cmodel.obj
 0001:000261a1       ?CM_WritePortalState@@YAXPAU_iobuf@@@Z 004271a1 f   cmodel.obj
 0001:000261bb       ?CM_ReadPortalState@@YAXPAU_iobuf@@@Z 004271bb f   cmodel.obj
 0001:000261d9       ?CM_HeadnodeVisible@@YA_NHPAE@Z 004271d9 f   cmodel.obj
 0001:000262b1       ?Com_BeginRedirect@@YAXPADHP6AX0@Z@Z 004272b1 f   common.obj
 0001:000262de       ?Com_EndRedirect@@YAXXZ    004272de f   common.obj
 0001:000262fd       ?Com_Printf@@YAXPBDZZ      004272fd f   common.obj
 0001:000264da       ?Com_DPrintf@@YAXPBDZZ     004274da f   common.obj
 0001:00026553       ?DebugPrintf@@YAXPBDZZ     00427553 f   common.obj
 0001:000265fd       ?Com_WPrintf@@YAXPBDZZ     004275fd f   common.obj
 0001:00026657       ?Com_Quit@@YAXXZ           00427657 f   common.obj
 0001:00026677       ?IPWildcard@@YA_NPAUnetadr_t@@PAD@Z 00427677 f   common.obj
 0001:00026751       ?Com_ServerState@@YA?AW4server_state_t@@XZ 00427751 f   common.obj
 0001:00026757       ?Com_SetServerState@@YAXW4server_state_t@@@Z 00427757 f   common.obj
 0001:00026761       ?frand@@YAMXZ              00427761 f   common.obj
 0001:00026779       ?crand@@YAMXZ              00427779 f   common.obj
 0001:00026797       ?MSG_WriteByte@@YAXPAUsizebuf_s@@H@Z 00427797 f   common.obj
 0001:00026797       ?MSG_WriteChar@@YAXPAUsizebuf_s@@H@Z 00427797 f   common.obj
 0001:000267ab       ?MSG_WriteShort@@YAXPAUsizebuf_s@@H@Z 004277ab f   common.obj
 0001:000267c5       ?MSG_WriteLong@@YAXPAUsizebuf_s@@H@Z 004277c5 f   common.obj
 0001:000267ef       ?MSG_WriteFloat@@YAXPAUsizebuf_s@@M@Z 004277ef f   common.obj
 0001:0002680b       ?MSG_WriteString@@YAXPAUsizebuf_s@@PBD@Z 0042780b f   common.obj
 0001:00026842       ?MSG_WritePos@@YAXPAUsizebuf_s@@QAM@Z 00427842 f   common.obj
 0001:000268a6       ?MSG_WriteAngle@@YAXPAUsizebuf_s@@M@Z 004278a6 f   common.obj
 0001:000268d1       ?MSG_WriteAngle16@@YAXPAUsizebuf_s@@M@Z 004278d1 f   common.obj
 0001:000268fc       ?MSG_WriteDir@@YAXPAUsizebuf_s@@QAM@Z 004278fc f   common.obj
 0001:00026963       ?MSG_ReadDir@@YAXPAUsizebuf_s@@QAM@Z 00427963 f   common.obj
 0001:00026994       ?MSG_BeginReading@@YAXPAUsizebuf_s@@@Z 00427994 f   common.obj
 0001:0002699d       ?MSG_ReadChar@@YAHPAUsizebuf_s@@@Z 0042799d f   common.obj
 0001:000269be       ?MSG_ReadByte@@YAHPAUsizebuf_s@@@Z 004279be f   common.obj
 0001:000269df       ?MSG_ReadShort@@YAHPAUsizebuf_s@@@Z 004279df f   common.obj
 0001:00026a0f       ?MSG_ReadLong@@YAHPAUsizebuf_s@@@Z 00427a0f f   common.obj
 0001:00026a4e       ?MSG_ReadString@@YAPADPAUsizebuf_s@@@Z 00427a4e f   common.obj
 0001:00026a81       ?MSG_ReadPos@@YAXPAUsizebuf_s@@QAM@Z 00427a81 f   common.obj
 0001:00026ad3       ?MSG_ReadAngle@@YAMPAUsizebuf_s@@@Z 00427ad3 f   common.obj
 0001:00026aed       ?MSG_ReadAngle16@@YAMPAUsizebuf_s@@@Z 00427aed f   common.obj
 0001:00026b07       ?MSG_ReadData@@YAXPAUsizebuf_s@@PAXH@Z 00427b07 f   common.obj
 0001:00026b2a       ?SZ_Init@@YAXPAUsizebuf_s@@PAXH@Z 00427b2a f   common.obj
 0001:00026b48       ?SZ_Clear@@YAXPAUsizebuf_s@@@Z 00427b48 f   common.obj
 0001:00026b55       ?SZ_GetSpace@@YAPAXPAUsizebuf_s@@H@Z 00427b55 f   common.obj
 0001:00026bb2       ?SZ_Write@@YAXPAUsizebuf_s@@PBXH@Z 00427bb2 f   common.obj
 0001:00026bde       ?SZ_Insert@@YAXPAUsizebuf_s@@PBXHH@Z 00427bde f   common.obj
 0001:00026c37       ?SZ_Print@@YAXPAUsizebuf_s@@PBD@Z 00427c37 f   common.obj
 0001:00026c8d       ?Info_ValueForKey@@YAPADPAD0@Z 00427c8d f   common.obj
 0001:00026d18       ?Info_RemoveKey@@YAXPAD0@Z 00427d18 f   common.obj
 0001:00026d9e       ?Info_SetValueForKey@@YAXPAD00@Z 00427d9e f   common.obj
 0001:00026ed6       ?Info_Print@@YAXPAD@Z      00427ed6 f   common.obj
 0001:00026f9b       ?COM_BlockSequenceCRCByte@@YAEPAEHH@Z 00427f9b f   common.obj
 0001:0002702c       ?COM_CheckCmdlineVar@@YA_NPBD@Z 0042802c f   common.obj
 0001:00027082       ?QCommon_Init@@YAXPAD@Z    00428082 f   common.obj
 0001:00027450       ?QCommon_Frame@@YAXH@Z     00428450 f   common.obj
 0001:00027727       ?QCommon_Shutdown@@YAXXZ   00428727 f   common.obj
 0001:00027740       ?CRC_Init@@YAXPAG@Z        00428740 f   crc.obj
 0001:0002774a       ?CRC_Block@@YAGPAEH@Z      0042874a f   crc.obj
 0001:00027793       ?Cvar_VariableValue@@YAMPBD@Z 00428793 f   cvar.obj
 0001:00027801       ?Cvar_VariableInt@@YAHPBD@Z 00428801 f   cvar.obj
 0001:00027814       ?Cvar_VariableString@@YAPADPBD@Z 00428814 f   cvar.obj
 0001:0002782c       ?Cvar_Get@@YAPAUcvar_s@@PBD0H@Z 0042882c f   cvar.obj
 0001:00027ae3       ?Cvar_GetVars@@YAXPBUcvarInfo_t@@H@Z 00428ae3 f   cvar.obj
 0001:00027b8d       ?Cvar_FullSet@@YAPAUcvar_s@@PBD0H@Z 00428b8d f   cvar.obj
 0001:00027be7       ?Cvar_SetValue@@YAPAUcvar_s@@PBDM@Z 00428be7 f   cvar.obj
 0001:00027e0d       ?Cvar_SetInteger@@YAPAUcvar_s@@PBDH@Z 00428e0d f   cvar.obj
 0001:00027e2f       ?Cvar_Set@@YAPAUcvar_s@@PBD0@Z 00428e2f f   cvar.obj
 0001:00027e44       ?Cvar_ForceSet@@YAPAUcvar_s@@PBD0@Z 00428e44 f   cvar.obj
 0001:00027e59       ?Cvar_Clamp@@YAMPAUcvar_s@@MM@Z 00428e59 f   cvar.obj
 0001:00027eb7       ?Cvar_ClampName@@YAMPBDMM@Z 00428eb7 f   cvar.obj
 0001:00027ef6       ?Cvar_GetLatchedVars@@YAXXZ 00428ef6 f   cvar.obj
 0001:00027f25       ?Cvar_Command@@YA_NHPAPAD@Z 00428f25 f   cvar.obj
 0001:00027fc6       ?Cvar_WriteVariables@@YAXPAU_iobuf@@HHPBD@Z 00428fc6 f   cvar.obj
 0001:00028059       ?Cvar_BitInfo@@YAPADH@Z    00429059 f   cvar.obj
 0001:00028092       ?Cvar_Userinfo@@YAPADXZ    00429092 f   cvar.obj
 0001:0002809b       ?Cvar_Serverinfo@@YAPADXZ  0042909b f   cvar.obj
 0001:000280a4       ?Cvar_Cheats@@YAX_N@Z      004290a4 f   cvar.obj
 0001:000280fa       ?Cvar_Init@@YAXXZ          004290fa f   cvar.obj
 0001:000287b9       ?MSG_WriteDeltaEntity@@YAXPAUsizebuf_s@@PBUentity_state_t@@PAU2@_N3@Z 004297b9 f   entdelta.obj
 0001:00028d5c       ?MSG_WriteRemoveEntity@@YAXPAUsizebuf_s@@H@Z 00429d5c f   entdelta.obj
 0001:00028d9c       ?MSG_ReadEntityBits@@YAHPAUsizebuf_s@@PAIPA_N@Z 00429d9c f   entdelta.obj
 0001:00028e0d       ?MSG_ReadDeltaEntity@@YAXPAUsizebuf_s@@PBUentity_state_t@@PAU2@I@Z 00429e0d f   entdelta.obj
 0001:00028e90       ?MSG_WriteDeltaUsercmd@@YAXPAUsizebuf_s@@PBUusercmd_t@@PAU2@@Z 00429e90 f   entdelta.obj
 0001:00028f1f       ?MSG_ReadDeltaUsercmd@@YAXPAUsizebuf_s@@PBUusercmd_t@@PAU2@@Z 00429f1f f   entdelta.obj
 0001:00028fa2       ?MSG_WriteDeltaPlayerstate@@YAXPAUsizebuf_s@@PBUplayer_state_t@@PAU2@@Z 00429fa2 f   entdelta.obj
 0001:000290ab       ?MSG_ReadDeltaPlayerstate@@YAXPAUsizebuf_s@@PBUplayer_state_t@@PAU2@@Z 0042a0ab f   entdelta.obj
 0001:0002917f       ?FS_CreatePath@@YAXPBD@Z   0042a17f f   files.obj
 0001:000291e5       ?FS_CopyFile@@YAXPBD0@Z    0042a1e5 f   files.obj
 0001:000292e8       ?FS_CopyFiles@@YAXPBD0@Z   0042a2e8 f   files.obj
 0001:000293c1       ?FS_RemoveFiles@@YAXPBD@Z  0042a3c1 f   files.obj
 0001:00029435       ?FS_FCloseFile@@YAXPAU_iobuf@@@Z 0042a435 f   files.obj
 0001:000294d0       ?FS_FOpenFile@@YAHPBDPAPAU_iobuf@@@Z 0042a4d0 f   files.obj
 0001:000299f5       ?FS_FileExists@@YA_NPBD@Z  0042a9f5 f   files.obj
 0001:00029c12       ?FS_Read@@YAXPAXHPAU_iobuf@@@Z 0042ac12 f   files.obj
 0001:00029eb2       ?FS_LoadFile@@YAPAXPBDPAI@Z 0042aeb2 f   files.obj
 0001:00029f09       ?FS_FreeFile@@YAXPAX@Z     0042af09 f   files.obj
 0001:00029f14       ?FS_Gamedir@@YAPADXZ       0042af14 f   files.obj
 0001:00029f28       ?FS_LoadGameConfig@@YAXXZ  0042af28 f   files.obj
 0001:00029fed       ?FS_SetGamedir@@YA_NPBD@Z  0042afed f   files.obj
 0001:0002a711       ?FS_ListFiles@@YA?AV?$TList@VCStringItem@@@@PBDPAHH@Z 0042b711 f   files.obj
 0001:0002aa36       ?FS_NextPath@@YAPADPBD@Z   0042ba36 f   files.obj
 0001:0002aa5a       ?FS_InitFilesystem@@YAXXZ  0042ba5a f   files.obj
 0001:0002b40a       ?LoadPCX@@YAXPBDPAPAE1PAH2@Z 0042c40a f   images.obj
 0001:0002b554       ?LoadTGA@@YAXPBDPAPAEPAH2@Z 0042c554 f   images.obj
 0001:0002b74f       ?LoadJPG@@YAXPBDPAPAEPAH2@Z 0042c74f f   images.obj
 0001:0002b9e1       ?ImageExists@@YAHPBDH@Z    0042c9e1 f   images.obj
 0001:0002bae2       ?WriteTGA@@YA_NPBDPAEHH@Z  0042cae2 f   images.obj
 0001:0002bccc       ?WriteJPG@@YA_NPBDPAEHH_N@Z 0042cccc f   images.obj
 0001:0002bdf3       ?MD4Init@@YAXPAUMD4_CTX@@@Z 0042cdf3 f   md4.obj
 0001:0002be1b       ?MD4Update@@YAXPAUMD4_CTX@@PAEI@Z 0042ce1b f   md4.obj
 0001:0002beb9       ?MD4Final@@YAXQAEPAUMD4_CTX@@@Z 0042ceb9 f   md4.obj
 0001:0002c5aa       ?Com_BlockChecksum@@YAIPAXH@Z 0042d5aa f   md4.obj
 0001:0002c5e6       ?LoadQ2BspFile@@YAXXZ      0042d5e6 f   model.obj
 0001:0002c9be       ?LoadBspFile@@YAPAUbspfile_t@@PBD_NPAI@Z 0042d9be f   model.obj
 0001:0002cb6c       ?ProcessEntstring@@YAPADPAD@Z 0042db6c f   model.obj
 0001:0002da1c       ?Netchan_Init@@YAXXZ       0042ea1c f   net_chan.obj
 0001:0002da7c       ?Netchan_OutOfBand@@YAXW4netsrc_t@@Unetadr_t@@HPAX@Z 0042ea7c f   net_chan.obj
 0001:0002dadc       ?Netchan_OutOfBandPrint@@YAXW4netsrc_t@@Unetadr_t@@PBDZZ 0042eadc f   net_chan.obj
 0001:0002db21       ?Netchan_Setup@@YAXW4netsrc_t@@PAUnetchan_t@@Unetadr_t@@H@Z 0042eb21 f   net_chan.obj
 0001:0002db7a       ?Netchan_NeedReliable@@YA_NPAUnetchan_t@@@Z 0042eb7a f   net_chan.obj
 0001:0002dba4       ?Netchan_Transmit@@YAXPAUnetchan_t@@HPAX@Z 0042eba4 f   net_chan.obj
 0001:0002dd4a       ?Netchan_Process@@YA_NPAUnetchan_t@@PAUsizebuf_s@@@Z 0042ed4a f   net_chan.obj
 0001:0002de70       ?Pmove@@YAXPAUpmove_t@@@Z  0042ee70 f   pmove.obj
 0001:0002fc0a       ?NormalizeColor@@YAMQBMQAM@Z 00430c0a f   q_shared2.obj
 0001:0002fc6b       ?NormalizeColor255@@YAMQBMQAM@Z 00430c6b f   q_shared2.obj
 0001:0002fcd0       ?Q_rsqrt@@YAMM@Z           00430cd0 f   q_shared2.obj
 0001:0002fd00       ?AngleVectors@@YAXQBMQAM11@Z 00430d00 f   q_shared2.obj
 0001:0002fe61       ?MakeNormalVectors@@YAXQAM00@Z 00430e61 f   q_shared2.obj
 0001:0002fec8       ?SetPlaneSignbits@@YAXPAUcplane_t@@@Z 00430ec8 f   q_shared2.obj
 0001:0002feeb       ?LerpAngle@@YAMMMM@Z       00430eeb f   q_shared2.obj
 0001:0002ff2e       ?anglemod@@YAMM@Z          00430f2e f   q_shared2.obj
 0001:0002ff5a       ?BoxOnPlaneSide@@YAHQBM0PBUcplane_t@@@Z 00430f5a f   q_shared2.obj
 0001:0003007d       ?ClearBounds@@YAXQAM0@Z    0043107d f   q_shared2.obj
 0001:000300a6       ?AddPointToBounds@@YAXQBMQAM1@Z 004310a6 f   q_shared2.obj
 0001:000300df       ?VectorCompare@@YA_NQBM0@Z 004310df f   q_shared2.obj
 0001:0003010c       ?VectorNormalize@@YAMQAM@Z 0043110c f   q_shared2.obj
 0001:00030165       ?VectorNormalize2@@YAMQBMQAM@Z 00431165 f   q_shared2.obj
 0001:000301c0       ?VectorNormalizeFast@@YAMQAM@Z 004311c0 f   q_shared2.obj
 0001:00030213       ?CrossProduct@@YAXQBM0QAM@Z 00431213 f   q_shared2.obj
 0001:0003024e       ?VectorLength@@YAMQBM@Z    0043124e f   q_shared2.obj
 0001:0003027d       ?VectorDistance@@YAMQBM0@Z 0043127d f   q_shared2.obj
 0001:000302ae       ?VectorScale@@YAXQBMMQAM@Z 004312ae f   q_shared2.obj
 0001:000302d2       ?AnglesToAxis@@YAXQBMQAY02M@Z 004312d2 f   q_shared2.obj
 0001:00030310       ?ShortSwap@@YAFF@Z         00431310 f   q_shared2.obj
 0001:00030325       ?COM_Parse@@YAPADAAPBD_N@Z 00431325 f   q_shared2.obj
 0001:00030449       ?COM_QuoteString@@YAPBDPBD_N@Z 00431449 f   q_shared2.obj
 0001:000304a4       ?Com_PageInMemory@@YAXPAXH@Z 004314a4 f   q_shared2.obj
 0001:000304c3       ?Zip_OpenArchive@@YAPAU_iobuf@@PAD@Z 004314c3 f   zip.obj
 0001:0003052e       ?Zip_CloseArchive@@YAXPAU_iobuf@@@Z 0043152e f   zip.obj
 0001:0003053a       ?Zip_EnumArchive@@YA_NPAU_iobuf@@P6A_NPAUzipFile_t@@@Z@Z 0043153a f   zip.obj
 0001:00030717       ?Zip_OpenFile@@YAPAUZFILE@@PAU_iobuf@@PAUzipFile_t@@@Z 00431717 f   zip.obj
 0001:000307fb       ?Zip_ReadFile@@YAHPAUZFILE@@PAXH@Z 004317fb f   zip.obj
 0001:000308f1       ?Zip_CloseFile@@YA_NPAUZFILE@@@Z 004318f1 f   zip.obj
 0001:00030935       ?Zip_OpenBuf@@YAPAUZBUF@@PAXH@Z 00431935 f   zip.obj
 0001:00030973       ?Zip_ReadBuf@@YAHPAUZBUF@@PAXH@Z 00431973 f   zip.obj
 0001:000309bb       ?Zip_CloseBuf@@YAXPAUZBUF@@@Z 004319bb f   zip.obj
 0001:000309d0       ?CDAudio_Play2@@YAXH_N@Z   004319d0 f   cd_win.obj
 0001:00030baf       ?CDAudio_Play@@YAXH_N@Z    00431baf f   cd_win.obj
 0001:00030bc6       ?CDAudio_Stop@@YAXXZ       00431bc6 f   cd_win.obj
 0001:00030c0b       ?CDAudio_Pause@@YAXXZ      00431c0b f   cd_win.obj
 0001:00030c64       ?CDAudio_Resume@@YAXXZ     00431c64 f   cd_win.obj
 0001:00030cd3       ?CDAudio_MessageHandler@@YAJPAUHWND__@@IIJ@Z 00431cd3 f   cd_win.obj
 0001:00030d6a       ?CDAudio_Update@@YAXXZ     00431d6a f   cd_win.obj
 0001:00030d9e       ?CDAudio_Init@@YAHXZ       00431d9e f   cd_win.obj
 0001:00031150       ?CDAudio_Shutdown@@YAXXZ   00432150 f   cd_win.obj
 0001:00031183       ?CDAudio_Activate@@YAX_N@Z 00432183 f   cd_win.obj
 0001:00031194       ?IN_MouseEvent@@YAXH@Z     00432194 f   in_win.obj
 0001:000311fe       ?IN_Commands@@YAXXZ        004321fe f   in_win.obj
 0001:0003132f       ?IN_Init@@YAXXZ            0043232f f   in_win.obj
 0001:00031675       ?IN_Shutdown@@YAXXZ        00432675 f   in_win.obj
 0001:00031759       ?IN_Move@@YAXPAUusercmd_t@@@Z 00432759 f   in_win.obj
 0001:00031c5b       ?IN_Activate@@YAX_N@Z      00432c5b f   in_win.obj
 0001:00031c65       ?IN_Frame@@YAXXZ           00432c65 f   in_win.obj
 0001:0003206f       ?NetadrToSockadr@@YAXPAUnetadr_t@@PAUsockaddr@@@Z 0043306f f   net_wins.obj
 0001:000320f4       ?SockadrToNetadr@@YAXPAUsockaddr@@PAUnetadr_t@@@Z 004330f4 f   net_wins.obj
 0001:00032144       ?NET_CompareAdr@@YA_NPAUnetadr_t@@0@Z 00433144 f   net_wins.obj
 0001:000321a4       ?NET_CompareBaseAdr@@YA_NPAUnetadr_t@@0@Z 004331a4 f   net_wins.obj
 0001:000321fa       ?NET_AdrToString@@YAPADPAUnetadr_t@@@Z 004331fa f   net_wins.obj
 0001:000322b3       ?NET_StringToAdr@@YA_NPBDPAUnetadr_t@@@Z 004332b3 f   net_wins.obj
 0001:0003253d       ?NET_IsLocalAddress@@YA_NPAUnetadr_t@@@Z 0043353d f   net_wins.obj
 0001:00032549       ?NET_GetLoopPacket@@YA_NW4netsrc_t@@PAUnetadr_t@@PAUsizebuf_s@@@Z 00433549 f   net_wins.obj
 0001:000325d5       ?NET_SendLoopPacket@@YAXW4netsrc_t@@HPAXUnetadr_t@@@Z 004335d5 f   net_wins.obj
 0001:0003262a       ?NET_GetPacket@@YA_NW4netsrc_t@@PAUnetadr_t@@PAUsizebuf_s@@@Z 0043362a f   net_wins.obj
 0001:00032748       ?NET_SendPacket@@YAXW4netsrc_t@@HPAXUnetadr_t@@@Z 00433748 f   net_wins.obj
 0001:00032819       ?NET_IPSocket@@YAHPADH@Z   00433819 f   net_wins.obj
 0001:0003292e       ?NET_OpenIP@@YAXXZ         0043392e f   net_wins.obj
 0001:000329aa       ?NET_OpenIPX@@YAXXZ        004339aa f   net_wins.obj
 0001:00032aea       ?NET_Config@@YAX_N@Z       00433aea f   net_wins.obj
 0001:00032b8e       ?NET_Init@@YAXXZ           00433b8e f   net_wins.obj
 0001:00032bfa       ?Sys_Milliseconds@@YAHXZ   00433bfa f   q_shwin.obj
 0001:00032c2b       ?Sys_Mkdir@@YAXPAD@Z       00433c2b f   q_shwin.obj
 0001:00032c37       ?Sys_FindFirst@@YAPBDPBDH@Z 00433c37 f   q_shwin.obj
 0001:00032cf1       ?Sys_FindNext@@YAPBDXZ     00433cf1 f   q_shwin.obj
 0001:00032d5b       ?Sys_FindClose@@YAXXZ      00433d5b f   q_shwin.obj
 0001:00032d75       ?SNDDMA_Init@@YA_NXZ       00433d75 f   snd_win.obj
 0001:000333b4       ?SNDDMA_GetDMAPos@@YAHXZ   004343b4 f   snd_win.obj
 0001:000333fe       ?SNDDMA_BeginPainting@@YAXXZ 004343fe f   snd_win.obj
 0001:00033516       ?SNDDMA_Submit@@YAXXZ      00434516 f   snd_win.obj
 0001:0003353b       ?SNDDMA_Shutdown@@YAXXZ    0043453b f   snd_win.obj
 0001:00033540       ?S_Activate@@YAX_N@Z       00434540 f   snd_win.obj
 0001:0003356b       ?Sys_Quit@@YAXXZ           0043456b f   sys_win.obj
 0001:00033626       ?Sys_Init@@YAXXZ           00434626 f   sys_win.obj
 0001:0003396f       ?Sys_ConsoleInput@@YAPADXZ 0043496f f   sys_win.obj
 0001:00033c26       ?Sys_ConsoleOutput@@YAXPBD@Z 00434c26 f   sys_win.obj
 0001:00033cb4       ?Sys_SendKeyEvents@@YAXXZ  00434cb4 f   sys_win.obj
 0001:00033da0       ?Sys_UnloadGame@@YAXXZ     00434da0 f   sys_win.obj
 0001:00033e1b       ?Sys_GetGameAPI@@YAPAXPAX@Z 00434e1b f   sys_win.obj
 0001:00033f72       _WinMain@16                00434f72 f   sys_win.obj
 0001:00034256       ?Vid_CreateWindow@@YAPAXHH_N@Z 00435256 f   vid_dll.obj
 0001:00034a7f       ?Vid_DestroyWindow@@YAX_N@Z 00435a7f f   vid_dll.obj
 0001:00034aba       ?Vid_GetModeInfo@@YA_NPAH0H@Z 00435aba f   vid_dll.obj
 0001:00034ae8       ?Vid_UpdateWindowPosAndSize@@YAXHH@Z 00435ae8 f   vid_dll.obj
 0001:00034b4f       ?Vid_FreeReflib@@YAXXZ     00435b4f f   vid_dll.obj
 0001:00034b89       ?Vid_CheckChanges@@YAXXZ   00435b89 f   vid_dll.obj
 0001:00034f1f       ?Vid_Init@@YAXXZ           00435f1f f   vid_dll.obj
 0001:00035010       ?Vid_Shutdown@@YAXXZ       00436010 f   vid_dll.obj
 0001:0003503e       ?Vid_MenuInit@@YAXXZ       0043603e f   vid_menu.obj
 0001:00035894       ?Vid_MenuDraw@@YAXXZ       00436894 f   vid_menu.obj
 0001:00035917       ?Vid_MenuKey@@YAPBDH@Z     00436917 f   vid_menu.obj
 0001:00035c82       ?GL_BackEnd@@YAXXZ         00436c82 f   gl_backend.obj
 0001:0003928b       ?GL_InitBackend@@YAXXZ     0043a28b f   gl_backend.obj
 0001:000392bf       ?GL_ShutdownBackend@@YAXXZ 0043a2bf f   gl_backend.obj
 0001:000392d3       ?GL_AllocDynamicMemory@@YAPAXH@Z 0043a2d3 f   gl_buffers.obj
 0001:0003933e       ?GL_ResizeDynamicMemory@@YAXPAXH@Z 0043a33e f   gl_buffers.obj
 0001:00039380       ?GL_AddSurfaceToPortal@@YAXPAUsurfaceCommon_s@@PAUshader_s@@HH@Z 0043a380 f   gl_buffers.obj
 0001:000393e9       ?GL_AddDynamicSurface@@YAPAUsurfaceCommon_s@@PAUshader_s@@H@Z 0043a3e9 f   gl_buffers.obj
 0001:00039411       ?GL_InsertShaderIndex@@YAXH@Z 0043a411 f   gl_buffers.obj
 0001:0003944a       ?GL_ClearPortal@@YAXXZ     0043a44a f   gl_buffers.obj
 0001:00039468       ?GL_FinishPortal@@YAXXZ    0043a468 f   gl_buffers.obj
 0001:000394b9       ?GL_SortSurfaces@@YAXPAUviewPortal_s@@PAPAUsurfaceInfo_s@@@Z 0043a4b9 f   gl_buffers.obj
 0001:0003964b       ?GL_ClearBuffers@@YAXXZ    0043a64b f   gl_buffers.obj
 0001:00039662       ?GL_CreateBuffers@@YAXXZ   0043a662 f   gl_buffers.obj
 0001:00039688       ?GL_FreeBuffers@@YAXXZ     0043a688 f   gl_buffers.obj
 0001:000396ac       ?GL_AddEntity@@YAXPAUentity_t@@@Z 0043a6ac f   gl_frontend.obj
 0001:00039b20       ?GL_AddDlight@@YAXPAUdlight_t@@@Z 0043ab20 f   gl_frontend.obj
 0001:00039cd8       ?GL_DrawPortal@@YAXXZ      0043acd8 f   gl_frontend.obj
 0001:0003c7c1       ?GL_TextureMode@@YAXPAD@Z  0043d7c1 f   gl_image.obj
 0001:0003c869       ?GL_CreateImage@@YAPAUimage_s@@PBDPAXHHI@Z 0043d869 f   gl_image.obj
 0001:0003d6b2       ?GL_LoadDelayedImages@@YAXXZ 0043e6b2 f   gl_image.obj
 0001:0003d742       ?GL_DrawStretchRaw8@@YAXHHHHHHPAEPAI@Z 0043e742 f   gl_image.obj
 0001:0003dafc       ?GL_SetupGamma@@YAXXZ      0043eafc f   gl_image.obj
 0001:0003dc41       ?GL_PerformScreenshot@@YAXXZ 0043ec41 f   gl_image.obj
 0001:0003dece       ?GL_InitImages@@YAXXZ      0043eece f   gl_image.obj
 0001:0003e69e       ?GL_ShutdownImages@@YAXXZ  0043f69e f   gl_image.obj
 0001:0003e705       ?GL_ShowImages@@YAXXZ      0043f705 f   gl_image.obj
 0001:0003e98d       ?GL_FindImage@@YAPAUimage_s@@PBDI@Z 0043f98d f   gl_image.obj
 0001:0003ed1a       ?GL_Lock@@YAXXZ            0043fd1a f   gl_interface.obj
 0001:0003ed92       ?GL_Unlock@@YAXXZ          0043fd92 f   gl_interface.obj
 0001:0003ef54       ?GL_Bind@@YAXPAUimage_s@@@Z 0043ff54 f   gl_interface.obj
 0001:0003f07e       ?GL_BindForce@@YAXPAUimage_s@@@Z 0044007e f   gl_interface.obj
 0001:0003f0fc       ?GL_TexEnv@@YAXI@Z         004400fc f   gl_interface.obj
 0001:0003f27b       ?GL_TexMipBias@@YAXM@Z     0044027b f   gl_interface.obj
 0001:0003f2d6       ?GL_TexEnvColor@@YAXPATcolor_t@@@Z 004402d6 f   gl_interface.obj
 0001:0003f386       ?GL_SelectTexture@@YAXH@Z  00440386 f   gl_interface.obj
 0001:0003f3e7       ?GL_TexCoordPointer@@YAXPAX@Z 004403e7 f   gl_interface.obj
 0001:0003f417       ?GL_SetMultitexture@@YAXH@Z 00440417 f   gl_interface.obj
 0001:0003f4fd       ?GL_DisableTexCoordArrays@@YAXXZ 004404fd f   gl_interface.obj
 0001:0003f551       ?GL_CullFace@@YAXW4gl_cullMode_t@@@Z 00440551 f   gl_interface.obj
 0001:0003f5a2       ?GL_DepthRange@@YAXW4gl_depthMode_t@@@Z 004405a2 f   gl_interface.obj
 0001:0003f5d5       ?GL_State@@YAXI@Z          004405d5 f   gl_interface.obj
 0001:0003f72e       ?GL_EnableFog@@YAX_N@Z     0044072e f   gl_interface.obj
 0001:0003f826       ?GL_SetDefaultState@@YAXXZ 00440826 f   gl_interface.obj
 0001:0003f974       ?GL_Set2DMode@@YAXXZ       00440974 f   gl_interface.obj
 0001:0003fa6f       ?GL_Setup@@YAXPAUviewPortal_s@@@Z 00440a6f f   gl_interface.obj
 0001:0003fb57       ?GL_ShowLights@@YAXXZ      00440b57 f   gl_light.obj
 0001:0003ff7c       ?GL_LightForEntity@@YAXPAUrefEntity_s@@@Z 00440f7c f   gl_light.obj
 0001:000411e2       ?GL_DiffuseLight@@YAXPATcolor_t@@M@Z 004421e2 f   gl_light.obj
 0001:0004135a       ?GL_InitLightGrid@@YAXXZ   0044235a f   gl_light.obj
 0001:00041400       ?GL_PostLoadLights@@YAXXZ  00442400 f   gl_light.obj
 0001:0004169e       ?LM_Init@@YAXXZ            0044269e f   gl_lightmap.obj
 0001:000416b4       ?LM_Flush@@YAXPAUlightmapBlock_t@@@Z 004426b4 f   gl_lightmap.obj
 0001:00041711       ?LM_Done@@YAXXZ            00442711 f   gl_lightmap.obj
 0001:00041738       ?LM_Save@@YAXPAUlightmapBlock_t@@@Z 00442738 f   gl_lightmap.obj
 0001:00041750       ?LM_Restore@@YAXPAUlightmapBlock_t@@@Z 00442750 f   gl_lightmap.obj
 0001:00041768       ?LM_NewBlock@@YAPAUlightmapBlock_t@@XZ 00442768 f   gl_lightmap.obj
 0001:000417d8       ?LM_Rewind@@YAXXZ          004427d8 f   gl_lightmap.obj
 0001:000417e0       ?LM_NextBlock@@YAPAUlightmapBlock_t@@XZ 004427e0 f   gl_lightmap.obj
 0001:0004180d       ?LM_CheckMinlight@@YAXPAUdynamicLightmap_s@@@Z 0044280d f   gl_lightmap.obj
 0001:000418a3       ?LM_AllocBlock@@YA_NPAUlightmapBlock_t@@PAUdynamicLightmap_s@@@Z 004428a3 f   gl_lightmap.obj
 0001:0004195a       ?LM_PutBlock@@YAXPAUdynamicLightmap_s@@@Z 0044295a f   gl_lightmap.obj
 0001:00041d87       ?LM_SortLightStyles@@YAXPAUdynamicLightmap_s@@@Z 00442d87 f   gl_lightmap.obj
 0001:00041e18       ?GL_UpdateDynamicLightmap@@YAXPAUshader_s@@PAUsurfacePlanar_s@@_NI@Z 00442e18 f   gl_lightmap.obj
 0001:00042314       ?LM_IsMonotone@@YA_NPAUdynamicLightmap_s@@PATcolor_t@@@Z 00443314 f   gl_lightmap.obj
 0001:0004241b       ?GL_EnableRendering@@YAX_N@Z 0044341b f   gl_main.obj
 0001:00042436       ?GL_DrawStretchPic@@YAXPAUshader_s@@HHHHMMMMIE@Z 00443436 f   gl_main.obj
 0001:00042502       ?DrawTextLeft@@YAXPBDI@Z   00443502 f   gl_main.obj
 0001:00042670       ?DrawTextRight@@YAXPBDI@Z  00443670 f   gl_main.obj
 0001:000426ba       ?DrawText3D@@YAXQAMPBDI@Z  004436ba f   gl_main.obj
 0001:000426e7       _GL_GetRefAPI              004436e7 f   gl_main.obj
 0001:00043ff3       ?GL_InitFuncTables@@YAXXZ  00444ff3 f   gl_math.obj
 0001:000441a4       ?ModelToWorldCoord@@YAXQAMPAUrefEntity_s@@0@Z 004451a4 f   gl_math.obj
 0001:00044215       ?WorldToModelCoord@@YAXQAMPAUrefEntity_s@@0@Z 00445215 f   gl_math.obj
 0001:0004425c       ?BuildRotationMatrix@@YAXQAY02MQAMM@Z 0044525c f   gl_math.obj
 0001:00044356       ?GetBoxRect@@YA_NPAUrefEntity_s@@QAM11_N@Z 00445356 f   gl_math.obj
 0001:000446c7       ?ProjectToScreen@@YA_NQAMPAH@Z 004456c7 f   gl_math.obj
 0001:0004480a       ?SaturateColor3f@@YAXQAM@Z 0044580a f   gl_math.obj
 0001:000448fa       ?SaturateColor4b@@YAXPATcolor_t@@@Z 004458fa f   gl_math.obj
 0001:00044a08       ?GL_FindModel@@YAPAUmodel_s@@PBD@Z 00445a08 f   gl_model.obj
 0001:00044b82       ?GL_LoadWorldMap@@YAXPBD@Z 00445b82 f   gl_model.obj
 0001:0004678d       ?GL_PointInLeaf@@YAPAUnode_s@@QAM@Z 0044778d f   gl_model.obj
 0001:00047411       ?ATAN2_FUNC@@YAMMM@Z       00448411 f i gl_model.obj
 0001:000475bc       ?GL_FindSkin@@YAPAUshader_s@@PBD@Z 004485bc f   gl_model.obj
 0001:0004771e       ?GL_ResetModels@@YAXXZ     0044871e f   gl_model.obj
 0001:000477e7       ?GL_InitModels@@YAXXZ      004487e7 f   gl_model.obj
 0001:000478cf       ?GL_ShutdownModels@@YAXXZ  004488cf f   gl_model.obj
 0001:000478e5       ?SubdividePlane@@YAHPAPAY02MHM@Z 004488e5 f   gl_poly.obj
 0001:00047d38       ?FreeSubdividedPlane@@YAXXZ 00448d38 f   gl_poly.obj
 0001:00047d50       ?GetSubdivideIndexes@@YAXPAH@Z 00448d50 f   gl_poly.obj
 0001:00047da3       ?RemoveCollinearPoints@@YAHPAPAY02MH@Z 00448da3 f   gl_poly.obj
 0001:00047e9e       ?GetPolyArea@@YAMPAPAY02MH@Z 00448e9e f   gl_poly.obj
 0001:00047f32       ?GL_InitShaders@@YAXXZ     00448f32 f   gl_shader.obj
 0001:00048083       ?GL_ShutdownShaders@@YAXXZ 00449083 f   gl_shader.obj
 0001:000480ad       ?GetLightmapImage@@YAPAUimage_s@@H@Z 004490ad f   gl_shader.obj
 0001:000480d5       ?GL_SetShaderLightmap@@YAPAUshader_s@@PAU1@H@Z 004490d5 f   gl_shader.obj
 0001:000484aa       ?GL_SetShaderLightstyles@@YAPAUshader_s@@PAU1@I@Z 004494aa f   gl_shader.obj
 0001:00048546       ?GL_GetAlphaShader@@YAPAUshader_s@@PAU1@@Z 00449546 f   gl_shader.obj
 0001:0004880c       ?GL_FindShader@@YAPAUshader_s@@PBDI@Z 0044980c f   gl_shader.obj
 0001:00048e2d       ?GL_GetShaderByNum@@YAPAUshader_s@@H@Z 00449e2d f   gl_shader.obj
 0001:00048e4b       ?GL_ResetShaders@@YAXXZ    00449e4b f   gl_shader.obj
 0001:0004931d       ?GL_ClearSkyBox@@YAXXZ     0044a31d f   gl_sky.obj
 0001:00049334       ?GL_SetSkyRotate@@YAXMQAM@Z 0044a334 f   gl_sky.obj
 0001:0004936c       ?GL_SkyVisible@@YA_NXZ     0044a36c f   gl_sky.obj
 0001:00049385       ?GL_AddSkySurface@@YAXPAUsurfacePlanar_s@@QAME@Z 0044a385 f   gl_sky.obj
 0001:00049994       ?GL_TesselateSkySide@@YAHHPAUbufVertex_t@@PAUbufTexCoord_t@@M@Z 0044a994 f   gl_sky.obj
 0001:0004b2ec       ?QGL_Shutdown@@YAXXZ       0044c2ec f   qgl_win.obj
 0001:0004b32a       ?QGL_Init@@YA_NPBD@Z       0044c32a f   qgl_win.obj
 0001:0004b3ad       ?QGL_InitExtensions@@YAXXZ 0044c3ad f   qgl_win.obj
 0001:0004b899       ?QGL_PrintExtensionsString@@YAXPBD00@Z 0044c899 f   qgl_win.obj
 0001:0004b9e9       ?QGL_EnableLogging@@YAX_N@Z 0044c9e9 f   qgl_win.obj
 0001:0004baa0       ?QGL_LogMessage@@YAXPBD@Z  0044caa0 f   qgl_win.obj
 0001:0004bab7       ?GLimp_SetMode@@YA?AW4rserr_t@@PAI0H_N@Z 0044cab7 f   glw_imp.obj
 0001:0004bd4a       ?GLimp_HasGamma@@YA_NXZ    0044cd4a f   glw_imp.obj
 0001:0004bd5e       ?GLimp_SetGamma@@YAXM@Z    0044cd5e f   glw_imp.obj
 0001:0004bf06       ?GLimp_Init@@YAHXZ         0044cf06 f   glw_imp.obj
 0001:0004c24e       ?GLimp_Shutdown@@YAXXZ     0044d24e f   glw_imp.obj
 0001:0004c2f6       ?GLimp_EndFrame@@YAXXZ     0044d2f6 f   glw_imp.obj
 0001:0004c377       ?GLimp_AppActivate@@YAX_N@Z 0044d377 f   glw_imp.obj
 0001:0004c460       _jpeg_CreateDecompress     0044d460 f   lib:jdapimin.obj
 0001:0004c520       _jpeg_destroy_decompress   0044d520 f   lib:jdapimin.obj
 0001:0004c520       _jpeg_destroy_compress     0044d520 f   lib:jdapimin.obj
 0001:0004c52b       _jpeg_read_header          0044d52b f   lib:jdapimin.obj
 0001:0004c58d       _jpeg_consume_input        0044d58d f   lib:jdapimin.obj
 0001:0004c7dc       _jpeg_finish_decompress    0044d7dc f   lib:jdapimin.obj
 0001:0004c873       _jpeg_start_decompress     0044d873 f   lib:jdapistd.obj
 0001:0004c9e0       _jpeg_read_scanlines       0044d9e0 f   lib:jdapistd.obj
 0001:0004ca64       _jpeg_resync_to_restart    0044da64 f   lib:jdmarker.obj
 0001:0004cc29       _jinit_marker_reader       0044dc29 f   lib:jdmarker.obj
 0001:0004e0f4       _jpeg_CreateCompress       0044f0f4 f   lib:jcapimin.obj
 0001:0004e1a8       _jpeg_suppress_tables      0044f1a8 f   lib:jcapimin.obj
 0001:0004e1f2       _jpeg_finish_compress      0044f1f2 f   lib:jcapimin.obj
 0001:0004e2dc       _jpeg_start_compress       0044f2dc f   lib:jcapistd.obj
 0001:0004e348       _jpeg_write_scanlines      0044f348 f   lib:jcapistd.obj
 0001:0004e3f3       _jpeg_add_quant_table      0044f3f3 f   lib:jcparam.obj
 0001:0004e4a5       _jpeg_quality_scaling      0044f4a5 f   lib:jcparam.obj
 0001:0004e4cc       _jpeg_set_quality          0044f4cc f   lib:jcparam.obj
 0001:0004e506       _jpeg_set_defaults         0044f506 f   lib:jcparam.obj
 0001:0004e6cc       _jpeg_default_colorspace   0044f6cc f   lib:jcparam.obj
 0001:0004e71c       _jpeg_set_colorspace       0044f71c f   lib:jcparam.obj
 0001:0004ea37       _jpeg_stdio_dest           0044fa37 f   lib:jdatadst.obj
 0001:0004ec36       _crc32                     0044fc36 f   lib:crc32.obj
 0001:0004eed0       _inflateReset              0044fed0 f   lib:inflate.obj
 0001:0004ef17       _inflateInit2_             0044ff17 f   lib:inflate.obj
 0001:0004efd0       _inflate                   0044ffd0 f   lib:inflate.obj
 0001:0005029f       _inflateEnd                0045129f f   lib:inflate.obj
 0001:000502dd       _jinit_input_controller    004512dd f   lib:jdinput.obj
 0001:000507c0       _jinit_memory_mgr          004517c0 f   lib:jmemmgr.obj
 0001:000512fc       _jpeg_abort                004522fc f   lib:jcomapi.obj
 0001:0005132f       _jpeg_destroy              0045232f f   lib:jcomapi.obj
 0001:0005134a       _jpeg_alloc_quant_table    0045234a f   lib:jcomapi.obj
 0001:00051366       _jpeg_alloc_huff_table     00452366 f   lib:jcomapi.obj
 0001:00051382       _jpeg_calc_output_dimensions 00452382 f   lib:jdmaster.obj
 0001:00051482       _jinit_master_decompress   00452482 f   lib:jdmaster.obj
 0001:000517d8       _jdiv_round_up             004527d8 f   lib:jutils.obj
 0001:000517e8       _jround_up                 004527e8 f   lib:jutils.obj
 0001:00051800       _jcopy_sample_rows         00452800 f   lib:jutils.obj
 0001:0005183e       _jcopy_block_row           0045283e f   lib:jutils.obj
 0001:00051857       _jzero_far                 00452857 f   lib:jutils.obj
 0001:0005186a       _jinit_marker_writer       0045286a f   lib:jcmarker.obj
 0001:00052146       _jinit_compress_master     00453146 f   lib:jcinit.obj
 0001:0005219f       _zcalloc                   0045319f f   lib:zutil.obj
 0001:000521b1       _zcfree                    004531b1 f   lib:zutil.obj
 0001:000521b1       _jpeg_free_large           004531b1 f   lib:zutil.obj
 0001:000521b1       _jpeg_free_small           004531b1 f   lib:zutil.obj
 0001:000521bd       _inflate_fast              004531bd f   lib:inffast.obj
 0001:00052572       _inflate_table             00453572 f   lib:inftrees.obj
 0001:000528fb       _adler32                   004538fb f   lib:adler32.obj
 0001:00052a14       _jinit_c_codec             00453a14 f   lib:jcodec.obj
 0001:00052a30       _jinit_d_codec             00453a30 f   lib:jcodec.obj
 0001:00052a4c       _jpeg_get_large            00453a4c f   lib:jmemnobs.obj
 0001:00052a4c       _jpeg_get_small            00453a4c f   lib:jmemnobs.obj
 0001:00052a58       _jpeg_mem_available        00453a58 f   lib:jmemnobs.obj
 0001:00052a5d       _jpeg_open_backing_store   00453a5d f   lib:jmemnobs.obj
 0001:00052a71       __matherr                  00453a71 f   lib:jmemnobs.obj
 0001:00052a71       _jpeg_mem_init             00453a71 f   lib:jmemnobs.obj
 0001:00052a74       _jinit_d_main_controller   00453a74 f   lib:jdmainct.obj
 0001:000530bf       _jinit_d_post_controller   004540bf f   lib:jdpostct.obj
 0001:0005336a       _jinit_upsampler           0045436a f   lib:jdsample.obj
 0001:000539a8       _jinit_color_deconverter   004549a8 f   lib:jdcolor.obj
 0001:00053ebe       _jinit_merged_upsampler    00454ebe f   lib:jdmerge.obj
 0001:0005440e       _jinit_2pass_quantizer     0045540e f   lib:jquant2.obj
 0001:000554d1       _jinit_1pass_quantizer     004564d1 f   lib:jquant1.obj
 0001:00055ef7       _jinit_c_main_controller   00456ef7 f   lib:jcmainct.obj
 0001:00056064       _jinit_c_prep_controller   00457064 f   lib:jcprepct.obj
 0001:000565af       _jinit_downsampler         004575af f   lib:jcsample.obj
 0001:00056e2f       _jinit_color_converter     00457e2f f   lib:jccolor.obj
 0001:00057419       _jinit_c_master_control    00458419 f   lib:jcmaster.obj
 0001:00057f08       _jinit_lossy_c_codec       00458f08 f   lib:jclossy.obj
 0001:00057fa3       _jinit_lossless_c_codec    00458fa3 f   lib:jclossls.obj
 0001:0005803b       _jinit_lossy_d_codec       0045903b f   lib:jdlossy.obj
 0001:0005830e       _jinit_lossless_d_codec    0045930e f   lib:jdlossls.obj
 0001:000583be       _jinit_c_coef_controller   004593be f   lib:jccoefct.obj
 0001:00058a5d       _jinit_shuff_encoder       00459a5d f   lib:jcshuff.obj
 0001:000592c8       _jinit_phuff_encoder       0045a2c8 f   lib:jcphuff.obj
 0001:00059d6d       _jinit_forward_dct         0045ad6d f   lib:jcdctmgr.obj
 0001:0005a03c       _jinit_c_diff_controller   0045b03c f   lib:jcdiffct.obj
 0001:0005a5a2       _jinit_lhuff_encoder       0045b5a2 f   lib:jclhuff.obj
 0001:0005accc       _jinit_differencer         0045bccc f   lib:jcpred.obj
 0001:0005b1e6       _jinit_c_scaler            0045c1e6 f   lib:jcscale.obj
 0001:0005b25c       _jinit_d_coef_controller   0045c25c f   lib:jdcoefct.obj
 0001:0005bf38       _jinit_shuff_decoder       0045cf38 f   lib:jdshuff.obj
 0001:0005c4cd       _jinit_phuff_decoder       0045d4cd f   lib:jdphuff.obj
 0001:0005d06a       _jinit_inverse_dct         0045e06a f   lib:jddctmgr.obj
 0001:0005d24e       _jinit_d_diff_controller   0045e24e f   lib:jddiffct.obj
 0001:0005d77c       _jinit_d_scaler            0045e77c f   lib:jdscale.obj
 0001:0005d87b       _jinit_undifferencer       0045e87b f   lib:jdpred.obj
 0001:0005dc35       _jinit_lhuff_decoder       0045ec35 f   lib:jdlhuff.obj
 0001:0005e02a       _jpeg_make_c_derived_tbl   0045f02a f   lib:jchuff.obj
 0001:0005e22c       _jpeg_gen_optimal_table    0045f22c f   lib:jchuff.obj
 0001:0005e3eb       _jpeg_fdct_float           0045f3eb f   lib:jfdctflt.obj
 0001:0005e5f0       _jpeg_make_d_derived_tbl   0045f5f0 f   lib:jdhuff.obj
 0001:0005e88d       _jpeg_fill_bit_buffer      0045f88d f   lib:jdhuff.obj
 0001:0005e99c       _jpeg_huff_decode          0045f99c f   lib:jdhuff.obj
 0001:0005ea7c       _jpeg_idct_4x4             0045fa7c f   lib:jidctred.obj
 0001:0005ed6a       _jpeg_idct_2x2             0045fd6a f   lib:jidctred.obj
 0001:0005ef2c       _jpeg_idct_1x1             0045ff2c f   lib:jidctred.obj
 0001:0005ef68       _jpeg_idct_float           0045ff68 f   lib:jidctflt.obj
 0001:0005f340       __except_handler3          00460340 f   MSVCRT:MSVCRT.dll
 0001:0005f350       __alloca_probe             00460350 f   MSVCRT:chkstk.obj
 0001:0005f350       __chkstk                   00460350 f   MSVCRT:chkstk.obj
 0001:0005f37f       ??_Etype_info@@UAEPAXI@Z   0046037f f i MSVCRT:ti_inst.obj
 0001:0005f37f       ??_Gtype_info@@UAEPAXI@Z   0046037f f i MSVCRT:ti_inst.obj
 0001:0005f39c       __CxxThrowException@8      0046039c f   MSVCRT:MSVCRT.dll
 0001:0005f3a2       _strcpy                    004603a2 f   MSVCRT:MSVCRT.dll
 0001:0005f3a8       _strlen                    004603a8 f   MSVCRT:MSVCRT.dll
 0001:0005f3ae       _strcmp                    004603ae f   MSVCRT:MSVCRT.dll
 0001:0005f3b4       _sin                       004603b4 f   MSVCRT:MSVCRT.dll
 0001:0005f3ba       _tan                       004603ba f   MSVCRT:MSVCRT.dll
 0001:0005f3c0       _cos                       004603c0 f   MSVCRT:MSVCRT.dll
 0001:0005f3c6       __ftol                     004603c6 f   MSVCRT:MSVCRT.dll
 0001:0005f3cc       _strcat                    004603cc f   MSVCRT:MSVCRT.dll
 0001:0005f3d2       _fmod                      004603d2 f   MSVCRT:MSVCRT.dll
 0001:0005f3d8       _atan2                     004603d8 f   MSVCRT:MSVCRT.dll
 0001:0005f3de       _acos                      004603de f   MSVCRT:MSVCRT.dll
 0001:0005f3e4       _sqrt                      004603e4 f   MSVCRT:MSVCRT.dll
 0001:0005f3ea       _atan                      004603ea f   MSVCRT:MSVCRT.dll
 0001:0005f3f0       _memcpy                    004603f0 f   MSVCRT:MSVCRT.dll
 0001:0005f3f6       _memset                    004603f6 f   MSVCRT:MSVCRT.dll
 0001:0005f3fc       _pow                       004603fc f   MSVCRT:MSVCRT.dll
 0001:0005f402       _asin                      00460402 f   MSVCRT:MSVCRT.dll
 0001:0005f408       _WinMainCRTStartup         00460408 f   MSVCRT:crtexew.obj
 0001:0005f566       ??1type_info@@UAE@XZ       00460566 f   MSVCRT:MSVCRT.dll
 0001:0005f56c       __XcptFilter               0046056c f   MSVCRT:MSVCRT.dll
 0001:0005f572       __initterm                 00460572 f   MSVCRT:MSVCRT.dll
 0001:0005f578       __setdefaultprecision      00460578 f   MSVCRT:fp8.obj
 0001:0005f58a       _jpeg_mem_term             0046058a f   MSVCRT:dllargv.obj
 0001:0005f58a       __setargv                  0046058a f   MSVCRT:dllargv.obj
 0001:0005f58c       __controlfp                0046058c f   MSVCRT:MSVCRT.dll
 0002:00000000       __imp__SetDeviceGammaRamp@8 00461000     gdi32:GDI32.dll
 0002:00000004       __imp__GetDeviceGammaRamp@8 00461004     gdi32:GDI32.dll
 0002:00000008       __imp__DescribePixelFormat@16 00461008     gdi32:GDI32.dll
 0002:0000000c       __imp__SetPixelFormat@12   0046100c     gdi32:GDI32.dll
 0002:00000010       __imp__ChoosePixelFormat@8 00461010     gdi32:GDI32.dll
 0002:00000014       __imp__SwapBuffers@4       00461014     gdi32:GDI32.dll
 0002:00000018       __imp__GetDeviceCaps@8     00461018     gdi32:GDI32.dll
 0002:0000001c       \177GDI32_NULL_THUNK_DATA  0046101c     gdi32:GDI32.dll
 0002:00000020       __imp__GetDriveTypeA@4     00461020     kernel32:KERNEL32.dll
 0002:00000024       __imp__SetErrorMode@4      00461024     kernel32:KERNEL32.dll
 0002:00000028       __imp__GetStdHandle@4      00461028     kernel32:KERNEL32.dll
 0002:0000002c       __imp__AllocConsole@0      0046102c     kernel32:KERNEL32.dll
 0002:00000030       __imp__ReadConsoleInputA@16 00461030     kernel32:KERNEL32.dll
 0002:00000034       __imp__GetNumberOfConsoleInputEvents@8 00461034     kernel32:KERNEL32.dll
 0002:00000038       __imp__FreeConsole@0       00461038     kernel32:KERNEL32.dll
 0002:0000003c       __imp__SetConsoleTextAttribute@8 0046103c     kernel32:KERNEL32.dll
 0002:00000040       __imp__SetPriorityClass@8  00461040     kernel32:KERNEL32.dll
 0002:00000044       __imp__GetCurrentProcess@0 00461044     kernel32:KERNEL32.dll
 0002:00000048       __imp__GetVersionExA@4     00461048     kernel32:KERNEL32.dll
 0002:0000004c       __imp__Sleep@4             0046104c     kernel32:KERNEL32.dll
 0002:00000050       __imp__LoadLibraryA@4      00461050     kernel32:KERNEL32.dll
 0002:00000054       __imp__GetStartupInfoA@4   00461054     kernel32:KERNEL32.dll
 0002:00000058       __imp__GetModuleHandleA@4  00461058     kernel32:KERNEL32.dll
 0002:0000005c       __imp__GetProcAddress@8    0046105c     kernel32:KERNEL32.dll
 0002:00000060       __imp__FreeLibrary@4       00461060     kernel32:KERNEL32.dll
 0002:00000064       __imp__IsBadReadPtr@8      00461064     kernel32:KERNEL32.dll
 0002:00000068       __imp__VirtualQuery@12     00461068     kernel32:KERNEL32.dll
 0002:0000006c       __imp__WriteFile@20        0046106c     kernel32:KERNEL32.dll
 0002:00000070       __imp__GetModuleFileNameA@12 00461070     kernel32:KERNEL32.dll
 0002:00000074       \177KERNEL32_NULL_THUNK_DATA 00461074     kernel32:KERNEL32.dll
 0002:00000078       __imp____p__commode        00461078     MSVCRT:MSVCRT.dll
 0002:0000007c       __imp___adjust_fdiv        0046107c     MSVCRT:MSVCRT.dll
 0002:00000080       __imp____setusermatherr    00461080     MSVCRT:MSVCRT.dll
 0002:00000084       __imp____p__fmode          00461084     MSVCRT:MSVCRT.dll
 0002:00000088       __imp____getmainargs       00461088     MSVCRT:MSVCRT.dll
 0002:0000008c       __imp___acmdln             0046108c     MSVCRT:MSVCRT.dll
 0002:00000090       __imp___XcptFilter         00461090     MSVCRT:MSVCRT.dll
 0002:00000094       __imp___exit               00461094     MSVCRT:MSVCRT.dll
 0002:00000098       __imp_??1type_info@@UAE@XZ 00461098     MSVCRT:MSVCRT.dll
 0002:0000009c       __imp__fflush              0046109c     MSVCRT:MSVCRT.dll
 0002:000000a0       __imp___winmajor           004610a0     MSVCRT:MSVCRT.dll
 0002:000000a4       __imp__asin                004610a4     MSVCRT:MSVCRT.dll
 0002:000000a8       __imp__pow                 004610a8     MSVCRT:MSVCRT.dll
 0002:000000ac       __imp__exit                004610ac     MSVCRT:MSVCRT.dll
 0002:000000b0       __imp___findclose          004610b0     MSVCRT:MSVCRT.dll
 0002:000000b4       __imp___findnext           004610b4     MSVCRT:MSVCRT.dll
 0002:000000b8       __imp___findfirst          004610b8     MSVCRT:MSVCRT.dll
 0002:000000bc       __imp___mkdir              004610bc     MSVCRT:MSVCRT.dll
 0002:000000c0       __imp__memset              004610c0     MSVCRT:MSVCRT.dll
 0002:000000c4       __imp__memcpy              004610c4     MSVCRT:MSVCRT.dll
 0002:000000c8       __imp__remove              004610c8     MSVCRT:MSVCRT.dll
 0002:000000cc       __imp__srand               004610cc     MSVCRT:MSVCRT.dll
 0002:000000d0       __imp__strstr              004610d0     MSVCRT:MSVCRT.dll
 0002:000000d4       __imp__memmove             004610d4     MSVCRT:MSVCRT.dll
 0002:000000d8       __imp__atan                004610d8     MSVCRT:MSVCRT.dll
 0002:000000dc       __imp__strncpy             004610dc     MSVCRT:MSVCRT.dll
 0002:000000e0       __imp__sscanf              004610e0     MSVCRT:MSVCRT.dll
 0002:000000e4       __imp__sqrt                004610e4     MSVCRT:MSVCRT.dll
 0002:000000e8       __imp____set_app_type      004610e8     MSVCRT:MSVCRT.dll
 0002:000000ec       __imp___controlfp          004610ec     MSVCRT:MSVCRT.dll
 0002:000000f0       __imp___stricmp            004610f0     MSVCRT:MSVCRT.dll
 0002:000000f0       __imp__stricmp             004610f0     MSVCRT:MSVCRT.dll
 0002:000000f4       __imp___strnicmp           004610f4     MSVCRT:MSVCRT.dll
 0002:000000f4       __imp__strnicmp            004610f4     MSVCRT:MSVCRT.dll
 0002:000000f8       __imp___initterm           004610f8     MSVCRT:MSVCRT.dll
 0002:000000fc       __imp__acos                004610fc     MSVCRT:MSVCRT.dll
 0002:00000100       __imp__atan2               00461100     MSVCRT:MSVCRT.dll
 0002:00000104       __imp__fmod                00461104     MSVCRT:MSVCRT.dll
 0002:00000108       __imp__strcat              00461108     MSVCRT:MSVCRT.dll
 0002:0000010c       __imp__atof                0046110c     MSVCRT:MSVCRT.dll
 0002:00000110       __imp___ftol               00461110     MSVCRT:MSVCRT.dll
 0002:00000114       __imp__cos                 00461114     MSVCRT:MSVCRT.dll
 0002:00000118       __imp__tan                 00461118     MSVCRT:MSVCRT.dll
 0002:0000011c       __imp__rand                0046111c     MSVCRT:MSVCRT.dll
 0002:00000120       __imp__sin                 00461120     MSVCRT:MSVCRT.dll
 0002:00000124       __imp__atoi                00461124     MSVCRT:MSVCRT.dll
 0002:00000128       __imp__fwrite              00461128     MSVCRT:MSVCRT.dll
 0002:0000012c       __imp__rename              0046112c     MSVCRT:MSVCRT.dll
 0002:00000130       __imp__fseek               00461130     MSVCRT:MSVCRT.dll
 0002:00000134       __imp___putenv             00461134     MSVCRT:MSVCRT.dll
 0002:00000134       __imp__putenv              00461134     MSVCRT:MSVCRT.dll
 0002:00000138       __imp__ftell               00461138     MSVCRT:MSVCRT.dll
 0002:0000013c       __imp__strcmp              0046113c     MSVCRT:MSVCRT.dll
 0002:00000140       __imp__time                00461140     MSVCRT:MSVCRT.dll
 0002:00000144       __imp__localtime           00461144     MSVCRT:MSVCRT.dll
 0002:00000148       __imp__strftime            00461148     MSVCRT:MSVCRT.dll
 0002:0000014c       __imp__fprintf             0046114c     MSVCRT:MSVCRT.dll
 0002:00000150       __imp__strrchr             00461150     MSVCRT:MSVCRT.dll
 0002:00000154       __imp__strlen              00461154     MSVCRT:MSVCRT.dll
 0002:00000158       __imp___except_handler3    00461158     MSVCRT:MSVCRT.dll
 0002:0000015c       __imp__fclose              0046115c     MSVCRT:MSVCRT.dll
 0002:00000160       __imp__fread               00461160     MSVCRT:MSVCRT.dll
 0002:00000164       __imp__fopen               00461164     MSVCRT:MSVCRT.dll
 0002:00000168       __imp__malloc              00461168     MSVCRT:MSVCRT.dll
 0002:0000016c       __imp__free                0046116c     MSVCRT:MSVCRT.dll
 0002:00000170       __imp__qsort               00461170     MSVCRT:MSVCRT.dll
 0002:00000174       __imp___vsnprintf          00461174     MSVCRT:MSVCRT.dll
 0002:00000178       __imp___CxxThrowException@8 00461178     MSVCRT:MSVCRT.dll
 0002:0000017c       __imp__strcpy              0046117c     MSVCRT:MSVCRT.dll
 0002:00000180       __imp__strchr              00461180     MSVCRT:MSVCRT.dll
 0002:00000184       \177MSVCRT_NULL_THUNK_DATA 00461184     MSVCRT:MSVCRT.dll
 0002:00000188       __imp__DefWindowProcA@16   00461188     user32:USER32.dll
 0002:0000018c       __imp__ShowCursor@4        0046118c     user32:USER32.dll
 0002:00000190       __imp__ReleaseCapture@0    00461190     user32:USER32.dll
 0002:00000194       __imp__ClipCursor@4        00461194     user32:USER32.dll
 0002:00000198       __imp__SetCursorPos@8      00461198     user32:USER32.dll
 0002:0000019c       __imp__GetCursorPos@4      0046119c     user32:USER32.dll
 0002:000001a0       __imp__SetCursor@4         004611a0     user32:USER32.dll
 0002:000001a4       __imp__SetCapture@4        004611a4     user32:USER32.dll
 0002:000001a8       __imp__GetWindowRect@8     004611a8     user32:USER32.dll
 0002:000001ac       __imp__GetSystemMetrics@4  004611ac     user32:USER32.dll
 0002:000001b0       __imp__DispatchMessageA@4  004611b0     user32:USER32.dll
 0002:000001b4       __imp__TranslateMessage@4  004611b4     user32:USER32.dll
 0002:000001b8       __imp__PeekMessageA@20     004611b8     user32:USER32.dll
 0002:000001bc       __imp__MessageBoxA@16      004611bc     user32:USER32.dll
 0002:000001c0       __imp__CreateWindowExA@48  004611c0     user32:USER32.dll
 0002:000001c4       __imp__RegisterClassA@4    004611c4     user32:USER32.dll
 0002:000001c8       __imp__LoadCursorA@8       004611c8     user32:USER32.dll
 0002:000001cc       __imp__LoadIconA@8         004611cc     user32:USER32.dll
 0002:000001d0       __imp__SetFocus@4          004611d0     user32:USER32.dll
 0002:000001d4       __imp__SetForegroundWindow@4 004611d4     user32:USER32.dll
 0002:000001d8       __imp__UpdateWindow@4      004611d8     user32:USER32.dll
 0002:000001dc       __imp__SetWindowPos@28     004611dc     user32:USER32.dll
 0002:000001e0       __imp__GetDesktopWindow@0  004611e0     user32:USER32.dll
 0002:000001e4       __imp__ReleaseDC@8         004611e4     user32:USER32.dll
 0002:000001e8       __imp__MoveWindow@24       004611e8     user32:USER32.dll
 0002:000001ec       __imp__DestroyWindow@4     004611ec     user32:USER32.dll
 0002:000001f0       __imp__UnregisterClassA@8  004611f0     user32:USER32.dll
 0002:000001f4       __imp__UnregisterHotKey@8  004611f4     user32:USER32.dll
 0002:000001f8       __imp__RegisterHotKey@16   004611f8     user32:USER32.dll
 0002:000001fc       __imp__SystemParametersInfoA@16 004611fc     user32:USER32.dll
[...]
 0001:0005d3ec       _start_iMCU_row            0045e3ec f   lib:jddiffct.obj
 0001:0005d431       _start_output_pass         0045e431 f   lib:jddiffct.obj
 0001:0005d43d       _decompress_data           0045e43d f   lib:jddiffct.obj
 0001:0005d5ad       _process_restart           0045e5ad f   lib:jddiffct.obj
 0001:0005b5cd       _dummy_consume_data        0045c5cd f   lib:jdcoefct.obj
 0001:0005d5e2       _consume_data              0045e5e2 f   lib:jddiffct.obj
 0001:0005d659       _output_data               0045e659 f   lib:jddiffct.obj
 0001:0005d0e0       _start_pass                0045e0e0 f   lib:jddctmgr.obj
 0001:0005c532       _start_pass_phuff_decoder  0045d532 f   lib:jdphuff.obj
 0001:0005c77b       _decode_mcu_DC_first       0045d77b f   lib:jdphuff.obj
 0001:0005c973       _process_restart           0045d973 f   lib:jdphuff.obj
 0001:0005c9e2       _decode_mcu_AC_first       0045d9e2 f   lib:jdphuff.obj
 0001:0005cc02       _decode_mcu_DC_refine      0045dc02 f   lib:jdphuff.obj
 0001:0005ccd7       _decode_mcu_AC_refine      0045dcd7 f   lib:jdphuff.obj
 0001:0005bf79       _start_pass_huff_decoder   0045cf79 f   lib:jdshuff.obj
 0001:0005c0b1       _decode_mcu                0045d0b1 f   lib:jdshuff.obj
 0001:0005c461       _process_restart           0045d461 f   lib:jdshuff.obj
 0001:0005b35f       _start_input_pass          0045c35f f   lib:jdcoefct.obj
 0001:0005b372       _start_iMCU_row            0045c372 f   lib:jdcoefct.obj
 0001:0005b3b7       _start_output_pass         0045c3b7 f   lib:jdcoefct.obj
 0001:0005b3f4       _decompress_onepass        0045c3f4 f   lib:jdcoefct.obj
 0001:0005b5cd       _dummy_consume_data        0045c5cd f   lib:jdcoefct.obj
 0001:0005b5d0       _consume_data              0045c5d0 f   lib:jdcoefct.obj
 0001:0005b789       _decompress_data           0045c789 f   lib:jdcoefct.obj
 0001:0005b8f5       _smoothing_ok              0045c8f5 f   lib:jdcoefct.obj
 0001:0005b9e0       _decompress_smooth_data    0045c9e0 f   lib:jdcoefct.obj
 0001:0005b1f8       _scaler_start_pass         0045c1f8 f   lib:jcscale.obj
 0001:0005b21b       _simple_downscale          0045c21b f   lib:jcscale.obj
 0001:0005b247       _noscale                   0045c247 f   lib:jcscale.obj
 0001:0005acf0       _start_pass                0045bcf0 f   lib:jcpred.obj
 0001:0005ad48       _reset_predictor           0045bd48 f   lib:jcpred.obj
 0001:0005ad75       _jpeg_difference_first_row 0045bd75 f   lib:jcpred.obj
 0001:0005ae5f       _jpeg_difference1          0045be5f f   lib:jcpred.obj
 0001:0005aecd       _jpeg_difference2          0045becd f   lib:jcpred.obj
 0001:0005af3e       _jpeg_difference3          0045bf3e f   lib:jcpred.obj
 0001:0005afb6       _jpeg_difference4          0045bfb6 f   lib:jcpred.obj
 0001:0005b041       _jpeg_difference5          0045c041 f   lib:jcpred.obj
 0001:0005b0d4       _jpeg_difference6          0045c0d4 f   lib:jcpred.obj
 0001:0005b163       _jpeg_difference7          0045c163 f   lib:jcpred.obj
 0001:0005a5e2       _start_pass_huff           0045b5e2 f   lib:jclhuff.obj
 0001:0005a77f       _encode_mcus_huff          0045b77f f   lib:jclhuff.obj
 0001:0005a96a       _emit_bits                 0045b96a f   lib:jclhuff.obj
 0001:0005aa0d       _dump_buffer               0045ba0d f   lib:jclhuff.obj
 0001:0005aa31       _emit_restart              0045ba31 f   lib:jclhuff.obj
 0001:0005aa7c       _flush_bits                0045ba7c f   lib:jclhuff.obj
 0001:0005aaa0       _finish_pass_huff          0045baa0 f   lib:jclhuff.obj
 0001:0005ab0d       _encode_mcus_gather        0045bb0d f   lib:jclhuff.obj
 0001:0005ac36       _finish_pass_gather        0045bc36 f   lib:jclhuff.obj
 0001:000592c5       _need_optimization_pass    0045a2c5 f   lib:jcshuff.obj
 0001:0005a1c0       _start_pass_diff           0045b1c0 f   lib:jcdiffct.obj
 0001:0005a25e       _start_iMCU_row            0045b25e f   lib:jcdiffct.obj
 0001:0005a2a0       _compress_data             0045b2a0 f   lib:jcdiffct.obj
 0001:0005a436       _compress_first_pass       0045b436 f   lib:jcdiffct.obj
 0001:0005a52b       _compress_output           0045b52b f   lib:jcdiffct.obj
 0001:00059dd3       _start_pass_fdctmgr        0045add3 f   lib:jcdctmgr.obj
 0001:00059ed5       _forward_DCT_float         0045aed5 f   lib:jcdctmgr.obj
 0001:00059308       _start_pass_phuff          0045a308 f   lib:jcphuff.obj
 0001:00059475       _encode_mcu_DC_first       0045a475 f   lib:jcphuff.obj
 0001:000595a7       _emit_bits                 0045a5a7 f   lib:jcphuff.obj
 0001:00059652       _dump_buffer               0045a652 f   lib:jcphuff.obj
 0001:0005968a       _emit_symbol               0045a68a f   lib:jcphuff.obj
 0001:000596ca       _emit_restart              0045a6ca f   lib:jcphuff.obj
 0001:00059753       _emit_eobrun               0045a753 f   lib:jcphuff.obj
 0001:000597d9       _encode_mcu_AC_first       0045a7d9 f   lib:jcphuff.obj
 0001:0005996d       _encode_mcu_DC_refine      0045a96d f   lib:jcphuff.obj
 0001:00059a27       _encode_mcu_AC_refine      0045aa27 f   lib:jcphuff.obj
 0001:00059c3e       _finish_pass_phuff         0045ac3e f   lib:jcphuff.obj
 0001:00059c8d       _finish_pass_gather_phuff  0045ac8d f   lib:jcphuff.obj
 0001:00059d50       _need_optimization_pass    0045ad50 f   lib:jcphuff.obj
 0001:00058aa0       _start_pass_huff           00459aa0 f   lib:jcshuff.obj
 0001:00058c15       _encode_mcu_huff           00459c15 f   lib:jcshuff.obj
 0001:00058d20       _encode_one_block          00459d20 f   lib:jcshuff.obj
 0001:00058e97       _emit_bits                 00459e97 f   lib:jcshuff.obj
 0001:00058f3a       _dump_buffer               00459f3a f   lib:jcshuff.obj
 0001:00058f5e       _emit_restart              00459f5e f   lib:jcshuff.obj
 0001:00058fcb       _flush_bits                00459fcb f   lib:jcshuff.obj
 0001:00058fef       _finish_pass_huff          00459fef f   lib:jcshuff.obj
 0001:0005905e       _encode_mcu_gather         0045a05e f   lib:jcshuff.obj
 0001:00059114       _htest_one_block           0045a114 f   lib:jcshuff.obj
 0001:000591db       _finish_pass_gather        0045a1db f   lib:jcshuff.obj
 0001:000592c5       _need_optimization_pass    0045a2c5 f   lib:jcshuff.obj
 0001:00058473       _start_pass_coef           00459473 f   lib:jccoefct.obj
 0001:0005a25e       _start_iMCU_row            0045b25e f   lib:jcdiffct.obj
 0001:00058508       _compress_data             00459508 f   lib:jccoefct.obj
 0001:000586ef       _compress_first_pass       004596ef f   lib:jccoefct.obj
 0001:000588d5       _compress_output           004598d5 f   lib:jccoefct.obj
 0001:0005838b       _calc_output_dimensions    0045938b f   lib:jdlossls.obj
 0001:0005839c       _start_input_pass          0045939c f   lib:jdlossls.obj
 0001:000580ca       _calc_output_dimensions    004590ca f   lib:jdlossy.obj
 0001:0005823d       _start_input_pass          0045923d f   lib:jdlossy.obj
 0001:0005825d       _latch_quant_tables        0045925d f   lib:jdlossy.obj
 0001:000582f5       _start_output_pass         004592f5 f   lib:jdlossy.obj
 0001:00058019       _start_pass                00459019 f   lib:jclossls.obj
 0001:00057f85       _start_pass                00458f85 f   lib:jclossy.obj
 0001:000574da       _initial_setup             004584da f   lib:jcmaster.obj
 0001:0005768d       _validate_script           0045868d f   lib:jcmaster.obj
 0001:00057a65       _prepare_for_pass          00458a65 f   lib:jcmaster.obj
 0001:00057bdd       _select_scan_parameters    00458bdd f   lib:jcmaster.obj
 0001:00057cde       _per_scan_setup            00458cde f   lib:jcmaster.obj
 0001:00057e89       _pass_startup              00458e89 f   lib:jcmaster.obj
 0001:00057eb0       _finish_pass_master        00458eb0 f   lib:jcmaster.obj
 0001:00056fc6       _rgb_ycc_start             00457fc6 f   lib:jccolor.obj
 0001:0005708a       _rgb_ycc_convert           0045808a f   lib:jccolor.obj
 0001:00057189       _rgb_gray_convert          00458189 f   lib:jccolor.obj
 0001:0005720e       _cmyk_ycck_convert         0045820e f   lib:jccolor.obj
 0001:00057346       _grayscale_convert         00458346 f   lib:jccolor.obj
 0001:000573a0       _null_convert              004583a0 f   lib:jccolor.obj
 0001:00034f17       _null_method               00435f17 f   vid_dll.obj
 0001:00034f17       _start_pass_downsample     00435f17 f   vid_dll.obj
 0001:00056712       _sep_downsample            00457712 f   lib:jcsample.obj
 0001:00056787       _int_downsample            00457787 f   lib:jcsample.obj
 0001:0005687f       _expand_right_edge         0045787f f   lib:jcsample.obj
 0001:000568d4       _fullsize_downsample       004578d4 f   lib:jcsample.obj
 0001:00056918       _h2v1_downsample           00457918 f   lib:jcsample.obj
 0001:000569ac       _h2v2_downsample           004579ac f   lib:jcsample.obj
 0001:00056a59       _h2v2_smooth_downsample    00457a59 f   lib:jcsample.obj
 0001:00056cd1       _fullsize_smooth_downsample 00457cd1 f   lib:jcsample.obj
 0001:0005610e       _start_pass_prep           0045710e f   lib:jcprepct.obj
 0001:0005614c       _pre_process_data          0045714c f   lib:jcprepct.obj
 0001:000562fa       _pre_process_context       004572fa f   lib:jcprepct.obj
 0001:000564b3       _create_context_buffer     004574b3 f   lib:jcprepct.obj
 0001:00055f86       _start_pass_main           00456f86 f   lib:jcmainct.obj
 0001:00055fc8       _process_data_simple_main  00456fc8 f   lib:jcmainct.obj
 0001:0005555c       _create_colormap           0045655c f   lib:jquant1.obj
 0001:0005568e       _select_ncolors            0045668e f   lib:jquant1.obj
 0001:00055765       _create_colorindex         00456765 f   lib:jquant1.obj
 0001:00055891       _alloc_fs_workspace        00456891 f   lib:jquant1.obj
 0001:000558cd       _start_pass_1_quant        004568cd f   lib:jquant1.obj
 0001:00055999       _create_odither_tables     00456999 f   lib:jquant1.obj
 0001:000559f8       _make_odither_array        004569f8 f   lib:jquant1.obj
 0001:00055a5b       _color_quantize            00456a5b f   lib:jquant1.obj
 0001:00055ae6       _color_quantize3           00456ae6 f   lib:jquant1.obj
 0001:00055b74       _quantize_ord_dither       00456b74 f   lib:jquant1.obj
 0001:00055c5f       _quantize3_ord_dither      00456c5f f   lib:jquant1.obj
 0001:00055d5f       _quantize_fs_dither        00456d5f f   lib:jquant1.obj
 0001:00034f17       _finish_pass_1_quant       00435f17 f   vid_dll.obj
 0001:00055ee3       _new_color_map_1_quant     00456ee3 f   lib:jquant1.obj
 0001:0005451d       _init_error_limit          0045551d f   lib:jquant2.obj
 0001:000545bc       _start_pass_2_quant        004555bc f   lib:jquant2.obj
 0001:000546be       _prescan_quantize          004556be f   lib:jquant2.obj
 0001:0005472d       _pass2_no_dither           0045572d f   lib:jquant2.obj
 0001:000547da       _fill_inverse_cmap         004557da f   lib:jquant2.obj
 0001:000548a5       _find_nearby_colors        004558a5 f   lib:jquant2.obj
 0001:00054a49       _find_best_colors          00455a49 f   lib:jquant2.obj
 0001:00054b63       _pass2_fs_dither           00455b63 f   lib:jquant2.obj
 0001:00054dd2       _finish_pass1              00455dd2 f   lib:jquant2.obj
 0001:00054df4       _select_colors             00455df4 f   lib:jquant2.obj
 0001:00054e80       _update_box                00455e80 f   lib:jquant2.obj
 0001:0005521a       _median_cut                0045621a f   lib:jquant2.obj
 0001:0005532e       _find_biggest_color_pop    0045632e f   lib:jquant2.obj
 0001:0005535d       _find_biggest_volume       0045635d f   lib:jquant2.obj
 0001:00055386       _compute_color             00456386 f   lib:jquant2.obj
 0001:00034f17       _finish_pass2              00435f17 f   vid_dll.obj
 0001:000554c2       _new_color_map_2_quant     004564c2 f   lib:jquant2.obj
 0001:00053f34       _build_ycc_rgb_table       00454f34 f   lib:jdmerge.obj
 0001:00053fe4       _start_pass_merged_upsample 00454fe4 f   lib:jdmerge.obj
 0001:00053ff9       _merged_2v_upsample        00454ff9 f   lib:jdmerge.obj
 0001:000540a0       _merged_1v_upsample        004550a0 f   lib:jdmerge.obj
 0001:000540d1       _h2v1_merged_upsample      004550d1 f   lib:jdmerge.obj
 0001:00054227       _h2v2_merged_upsample      00455227 f   lib:jdmerge.obj
 0001:00053ad8       _build_ycc_rgb_table       00454ad8 f   lib:jdcolor.obj
 0001:00053b88       _ycc_rgb_convert           00454b88 f   lib:jdcolor.obj
 0001:00053c96       _null_convert              00454c96 f   lib:jdcolor.obj
 0001:00053d0e       _grayscale_convert         00454d0e f   lib:jdcolor.obj
 0001:00053d31       _gray_rgb_convert          00454d31 f   lib:jdcolor.obj
 0001:00053d8a       _ycck_cmyk_convert         00454d8a f   lib:jdcolor.obj
 0001:00034f17       _start_pass_dcolor         00435f17 f   vid_dll.obj
 0001:00053539       _start_pass_upsample       00454539 f   lib:jdsample.obj
 0001:00053553       _sep_upsample              00454553 f   lib:jdsample.obj
 0001:00053620       _fullsize_upsample         00454620 f   lib:jdsample.obj
 0001:0005362b       _noop_upsample             0045462b f   lib:jdsample.obj
 0001:00053633       _int_upsample              00454633 f   lib:jdsample.obj
 0001:0005371d       _h2v1_upsample             0045471d f   lib:jdsample.obj
 0001:00053774       _h2v2_upsample             00454774 f   lib:jdsample.obj
 0001:000537e6       _h2v1_fancy_upsample       004547e6 f   lib:jdsample.obj
 0001:00053889       _h2v2_fancy_upsample       00454889 f   lib:jdsample.obj
 0001:00053142       _start_pass_dpost          00454142 f   lib:jdpostct.obj
 0001:000531e8       _post_process_1pass        004541e8 f   lib:jdpostct.obj
 0001:0005324d       _post_process_prepass      0045424d f   lib:jdpostct.obj
 0001:000532de       _post_process_2pass        004542de f   lib:jdpostct.obj
 0001:00052b49       _alloc_funny_pointers      00453b49 f   lib:jdmainct.obj
 0001:00052bf6       _start_pass_main           00453bf6 f   lib:jdmainct.obj
 0001:00052c5e       _make_funny_pointers       00453c5e f   lib:jdmainct.obj
 0001:00052d9e       _process_data_simple_main  00453d9e f   lib:jdmainct.obj
 0001:00052e06       _process_data_context_main 00453e06 f   lib:jdmainct.obj
 0001:00052f18       _set_wraparound_pointers   00453f18 f   lib:jdmainct.obj
 0001:00053002       _set_bottom_pointers       00454002 f   lib:jdmainct.obj
 0001:0005309c       _process_data_crank_post   0045409c f   lib:jdmainct.obj
 0001:000518b8       _write_marker_header       004528b8 f   lib:jcmarker.obj
 0001:0005190e       _emit_byte                 0045290e f   lib:jcmarker.obj
 0001:0005193f       _write_marker_byte         0045293f f   lib:jcmarker.obj
 0001:0005194f       _write_file_header         0045294f f   lib:jcmarker.obj
 0001:0005199b       _emit_jfif_app0            0045299b f   lib:jcmarker.obj
 0001:00051a6e       _emit_adobe_app14          00452a6e f   lib:jcmarker.obj
 0001:00051b14       _write_frame_header        00452b14 f   lib:jcmarker.obj
 0001:00051bf3       _emit_dqt                  00452bf3 f   lib:jcmarker.obj
 0001:00051ce2       _emit_sof                  00452ce2 f   lib:jcmarker.obj
 0001:00051dbe       _write_scan_header         00452dbe f   lib:jcmarker.obj
 0001:00051e7e       _emit_dht                  00452e7e f   lib:jcmarker.obj
 0001:00051f57       _emit_dri                  00452f57 f   lib:jcmarker.obj
 0001:00051fa6       _emit_sos                  00452fa6 f   lib:jcmarker.obj
 0001:00052094       _write_file_trailer        00453094 f   lib:jcmarker.obj
 0001:000520b4       _write_tables_only         004530b4 f   lib:jcmarker.obj
 0001:0005140d       _use_merged_upsample       0045240d f   lib:jdmaster.obj
 0001:000514b3       _master_selection          004524b3 f   lib:jdmaster.obj
 0001:00051610       _prepare_range_limit_table 00452610 f   lib:jdmaster.obj
 0001:00051696       _prepare_for_output_pass   00452696 f   lib:jdmaster.obj
 0001:000517b7       _finish_output_pass        004527b7 f   lib:jdmaster.obj
 0001:00050884       _alloc_small               00451884 f   lib:jmemmgr.obj
 0001:000509a2       _alloc_large               004519a2 f   lib:jmemmgr.obj
 0001:00050a53       _alloc_sarray              00451a53 f   lib:jmemmgr.obj
 0001:00050aeb       _alloc_barray              00451aeb f   lib:jmemmgr.obj
 0001:00050b8f       _alloc_darray              00451b8f f   lib:jmemmgr.obj
 0001:00050c3a       _request_virt_sarray       00451c3a f   lib:jmemmgr.obj
 0001:00050c9b       _request_virt_barray       00451c9b f   lib:jmemmgr.obj
 0001:00050cfc       _realize_virt_arrays       00451cfc f   lib:jmemmgr.obj
 0001:00050e7f       _access_virt_sarray        00451e7f f   lib:jmemmgr.obj
 0001:00050f9f       _do_sarray_io              00451f9f f   lib:jmemmgr.obj
 0001:0005102f       _access_virt_barray        0045202f f   lib:jmemmgr.obj
 0001:00051154       _do_barray_io              00452154 f   lib:jmemmgr.obj
 0001:000511e5       _free_pool                 004521e5 f   lib:jmemmgr.obj
 0001:000512cc       _self_destruct             004522cc f   lib:jmemmgr.obj
 0001:0005031e       _start_input_pass          0045131e f   lib:jdinput.obj
 0001:0005034c       _per_scan_setup            0045134c f   lib:jdinput.obj
 0001:000504d2       _finish_input_pass         004514d2 f   lib:jdinput.obj
 0001:000504e3       _consume_markers           004514e3 f   lib:jdinput.obj
 0001:0005057f       _initial_setup             0045157f f   lib:jdinput.obj
 0001:00050789       _reset_input_controller    00451789 f   lib:jdinput.obj
 0001:000500d7       _fixedtables               004510d7 f   lib:inflate.obj
 0001:000501c1       _updatewindow              004511c1 f   lib:inflate.obj
 0001:0004eb37       _make_crc_table            0044fb37 f   lib:crc32.obj
 0001:0004ec63       _crc32_little              0044fc63 f   lib:crc32.obj
 0001:0004ea73       _init_destination          0044fa73 f   lib:jdatadst.obj
 0001:0004ea99       _empty_output_buffer       0044fa99 f   lib:jdatadst.obj
 0001:0004eadb       _term_destination          0044fadb f   lib:jdatadst.obj
 0001:0004e5fa       _std_huff_tables           0044f5fa f   lib:jcparam.obj
 0001:0004e654       _add_huff_table            0044f654 f   lib:jcparam.obj
 0001:0004cb52       _next_marker               0044db52 f   lib:jdmarker.obj
 0001:0004cc8c       _get_interesting_appn      0044dc8c f   lib:jdmarker.obj
 0001:0004cdb7       _examine_app0              0044ddb7 f   lib:jdmarker.obj
 0001:0004cfc5       _examine_app14             0044dfc5 f   lib:jdmarker.obj
 0001:0004d086       _skip_variable             0044e086 f   lib:jdmarker.obj
 0001:0004d129       _read_markers              0044e129 f   lib:jdmarker.obj
 0001:0004d331       _get_soi                   0044e331 f   lib:jdmarker.obj
 0001:0004d3dc       _get_sof                   0044e3dc f   lib:jdmarker.obj
 0001:0004d6e5       _get_sos                   0044e6e5 f   lib:jdmarker.obj
 0001:0004d9d3       _get_dht                   0044e9d3 f   lib:jdmarker.obj
 0001:0004dc74       _get_dqt                   0044ec74 f   lib:jdmarker.obj
 0001:0004ded0       _get_dri                   0044eed0 f   lib:jdmarker.obj
 0001:0004dfaf       _first_marker              0044efaf f   lib:jdmarker.obj
 0001:0004e04b       _read_restart_marker       0044f04b f   lib:jdmarker.obj
 0001:0004e0c9       _reset_marker_reader       0044f0c9 f   lib:jdmarker.obj
 0001:0004c936       _output_pass_setup         0044d936 f   lib:jdapistd.obj
 0001:0004c629       _default_decompress_parms  0044d629 f   lib:jdapimin.obj

 125 bytes saved through ICF

