 Quake2

 Timestamp is 44db95bb (Fri Aug 11 00:23:23 2006)

 Preferred load address is 00400000

 Start         Length     Name                   Class
 0001:00000000 00067750H .text                   CODE
 0002:00000000 00000294H .idata$5                DATA
 0002:00000298 000075bcH .rdata                  DATA
 0002:00007858 00000044H .rdata$r                DATA
 0002:000078a0 00000038H .xdata$x                DATA
 0002:000078d8 00000078H .idata$2                DATA
 0002:00007950 00000014H .idata$3                DATA
 0002:00007964 00000294H .idata$4                DATA
 0002:00007bf8 0000086aH .idata$6                DATA
 0002:00008462 00000000H .edata                  DATA
 0003:00000000 00000004H .CRT$XCA                DATA
 0003:00000004 00000088H .CRT$XCU                DATA
 0003:0000008c 00000004H .CRT$XCZ                DATA
 0003:00000090 00000004H .CRT$XIA                DATA
 0003:00000094 00000004H .CRT$XIZ                DATA
 0003:000000a0 0000e64cH .data                   DATA
 0003:0000e6f0 0045b900H .bss                    DATA
 0004:00000000 00000130H .rsrc$01                DATA
 0004:00000130 00003f20H .rsrc$02                DATA

  Address         Publics by Value              Rva+Base     Lib:Object

 0001:00000000       ??3@YAXPAX@Z               00401000 f i CoreMain.obj
 0001:0000000e       ?appTimestamp@@YAPBDXZ     0040100e f   CoreMain.obj
 0001:00000043       ?appInit@@YAXXZ            00401043 f   CoreMain.obj
 0001:000000c3       ?appExit@@YAXXZ            004010c3 f   CoreMain.obj
 0001:000000cd       ?appMilliseconds@@YAIXZ    004010cd f   CoreWin32.obj
 0001:000000d3       ?appPackage@@YAPBDXZ       004010d3 f   CoreWin32.obj
 0001:0000012b       ?appGetSystemErrorMessage@@YAPBDI@Z 0040112b f   CoreWin32.obj
 0001:0000018f       ?appDisplayError@@YAXXZ    0040118f f   CoreWin32.obj
 0001:000001e0       ?appInitPlatform@@YAXXZ    004011e0 f   CoreWin32.obj
 0001:00000373       ?appShutdownPlatform@@YAXXZ 00401373 f   CoreWin32.obj
 0001:0000037c       ?sprintf@?$TString@$0BAA@@@QAAHPBDZZ 0040137c f i CoreWin32.obj
 0001:00000399       ?appDetectCPU@@YAXXZ       00401399 f   CoreCpuid.obj
 0001:0000064d       ?appLoadDebugSymbols@@YAXXZ 0040164d f   DbgSymbols.obj
 0001:0000080b       ?appSymbolName@@YA_NIPADH@Z 0040180b f   DbgSymbols.obj
 0001:00000901       ?appSymbolName@@YAPBDI@Z   00401901 f   DbgSymbols.obj
 0001:00000939       ?osGetAddressPackage@@YA_NIPADHAAH@Z 00401939 f   DbgSymbolsWin32.obj
 0001:000009cd       ?osGetAddressSymbol@@YA_NIPADHAAH@Z 004019cd f   DbgSymbolsWin32.obj
 0001:00000b74       ?appMalloc@@YAPAXIH@Z      00401b74 f   Memory.obj
 0001:00000c79       ?appFree@@YAXPAX@Z         00401c79 f   Memory.obj
 0001:00000cf8       ?Unlink@FMemHeader@@QAEXXZ 00401cf8 f i Memory.obj
 0001:00000d23       ?Link@CMemoryChain@@AAEXXZ 00401d23 f   Memory.obj
 0001:00000d42       ?Unlink@CMemoryChain@@AAEXXZ 00401d42 f   Memory.obj
 0001:00000d6d       ??2CMemoryChain@@SAPAXIH@Z 00401d6d f   Memory.obj
 0001:00000e36       ??3CMemoryChain@@SAXPAX@Z  00401e36 f   Memory.obj
 0001:00000eb7       ?Alloc@CMemoryChain@@QAEPAXIH@Z 00401eb7 f   Memory.obj
 0001:00000f83       ?GetSize@CMemoryChain@@QAEHXZ 00401f83 f   Memory.obj
 0001:00000f91       ?BuildAllocatorsTable@@YAHPAXH@Z 00401f91 f   Memory.obj
 0001:00001102       ?appInitMemory@@YAXXZ      00402102 f   Memory.obj
 0001:000014ea       ?Write@COutputDeviceNull@@UAEXPBD@Z 004024ea f i OutputDevice.obj
 0001:00001504       ??_GCOutputDeviceNull@@UAEPAXI@Z 00402504 f i OutputDevice.obj
 0001:00001504       ??_ECOutputDeviceNull@@UAEPAXI@Z 00402504 f i OutputDevice.obj
 0001:00001504       ??_GCOutputDevice@@UAEPAXI@Z 00402504 f i OutputDevice.obj
 0001:00001504       ??_ECOutputDevice@@UAEPAXI@Z 00402504 f i OutputDevice.obj
 0001:00001547       ?Write@COutputDeviceLog@@UAEXPBD@Z 00402547 f i OutputDevice.obj
 0001:00001592       ??_GCOutputDeviceLog@@UAEPAXI@Z 00402592 f i OutputDevice.obj
 0001:00001592       ??_ECOutputDeviceLog@@UAEPAXI@Z 00402592 f i OutputDevice.obj
 0001:000015b2       ?Printf@COutputDevice@@QAAXPBDZZ 004025b2 f   OutputDevice.obj
 0001:00001623       ?Register@COutputDevice@@QAEXXZ 00402623 f   OutputDevice.obj
 0001:0000167f       ?Unregister@COutputDevice@@QAEXXZ 0040267f f   OutputDevice.obj
 0001:000016d2       ?appPrintf@@YAXPBDZZ       004026d2 f   OutputDevice.obj
 0001:00001809       ?appWPrintf@@YAXPBDZZ      00402809 f   OutputDevice.obj
 0001:0000186c       ??0COutputDeviceMemTail@@QAE@H@Z 0040286c f i ErrorMgr.obj
 0001:0000189d       ?Write@COutputDeviceMemTail@@UAEXPBD@Z 0040289d f i ErrorMgr.obj
 0001:000019b9       ??_GCOutputDeviceMemTail@@UAEPAXI@Z 004029b9 f i ErrorMgr.obj
 0001:000019b9       ??_ECOutputDeviceMemTail@@UAEPAXI@Z 004029b9 f i ErrorMgr.obj
 0001:000019d8       ??1COutputDeviceMemTail@@UAE@XZ 004029d8 f i ErrorMgr.obj
 0001:00001a21       ??0COutputDeviceFile@@QAE@XZ 00402a21 f i ErrorMgr.obj
 0001:00001a36       ?Write@COutputDeviceFile@@UAEXPBD@Z 00402a36 f i ErrorMgr.obj
 0001:00001a8d       ?Flush@COutputDeviceFile@@UAEXXZ 00402a8d f i ErrorMgr.obj
 0001:00001a9d       ?Close@COutputDeviceFile@@UAEXXZ 00402a9d f i ErrorMgr.obj
 0001:00001ab5       ??_GCOutputDeviceFile@@UAEPAXI@Z 00402ab5 f i ErrorMgr.obj
 0001:00001ab5       ??_ECOutputDeviceFile@@UAEPAXI@Z 00402ab5 f i ErrorMgr.obj
 0001:00001ad4       ??1COutputDeviceFile@@UAE@XZ 00402ad4 f i ErrorMgr.obj
 0001:00001b13       ?appBeginError@@YAPAVCOutputDevice@@PBD@Z 00402b13 f   ErrorMgr.obj
 0001:00001bde       ?appGetErrorLog@@YAPAVCOutputDevice@@XZ 00402bde f   ErrorMgr.obj
 0001:00001c49       ?Open@COutputDeviceFile@@QAEXPBD_N@Z 00402c49 f i ErrorMgr.obj
 0001:00001c8f       ?appFatalError@@YAXPBDZZ   00402c8f f   ErrorMgr.obj
 0001:00001ce5       ?appNonFatalError@@YAXPBDZZ 00402ce5 f   ErrorMgr.obj
 0001:00001d47       ?appUnwindPrefix@@YAXPBD@Z 00402d47 f   ErrorMgr.obj
 0001:00001df9       ?appUnwindThrow@@YAXPBDZZ  00402df9 f   ErrorMgr.obj
 0001:00001e6f       ?Reset@CErrorHandler@@QAEXXZ 00402e6f f   ErrorMgr.obj
 0001:00001ea0       ?appInitError@@YAXXZ       00402ea0 f   ErrorMgr.obj
 0001:00001f95       ?appShutdownError@@YAXXZ   00402f95 f   ErrorMgr.obj
 0001:0000201f       ?GetTail@COutputDeviceMemTail@@QAEPBDH@Z 0040301f f i ErrorMgr.obj
 0001:00002045       ?sprintf@?$TString@$0CAA@@@QAAHPBDZZ 00403045 f i ErrorMgr.obj
 0001:00002062       ?win32ExceptFilter@@YGJPAU_EXCEPTION_POINTERS@@@Z 00403062 f   ExceptHandlerWin32.obj
 0001:00002205       ?win32ExceptFilter2@@YAIXZ 00403205 f   ExceptHandlerWin32.obj
 0001:0000220e       ?sprintf@?$TString@$0EAA@@@QAAHPBDZZ 0040320e f i ExceptHandlerWin32.obj
 0001:0000222b       ?DumpRegs@@YAXPAVCOutputDevice@@PAU_CONTEXT@@@Z 0040322b f   ExceptDumpers.obj
 0001:0000233c       ?DumpMem@@YAXPAVCOutputDevice@@PBIPAU_CONTEXT@@@Z 0040333c f   ExceptDumpers.obj
 0001:0000257b       ?UnwindEbpFrame@@YAXPAVCOutputDevice@@PBI@Z 0040357b f   ExceptDumpers.obj
 0001:0000260c       ?GetLine@CSimpleParser@@QAEPBDXZ 0040360c f   ScriptParser.obj
 0001:00002723       ?SkipBraces@CSimpleParser@@QAEPBDXZ 00403723 f   ScriptParser.obj
 0001:00002759       ?appStricmp@@YAHPBD0@Z     00403759 f   Strings.obj
 0001:00002790       ?toLower@@YADD@Z           00403790 f i Strings.obj
 0001:000027ab       ?appStrncpylwr@@YAXPADPBDH@Z 004037ab f   Strings.obj
 0001:000027e3       ?appStrncpyz@@YAXPADPBDH@Z 004037e3 f   Strings.obj
 0001:00002810       ?appStrcatn@@YAXPADHPBD@Z  00403810 f   Strings.obj
 0001:0000283c       ?appCopyFilename@@YAXPADPBDH@Z 0040383c f   Strings.obj
 0001:00002964       ?appCStrlen@@YAHPBD@Z      00403964 f   Strings.obj
 0001:0000298c       ?appUncolorizeString@@YAXPADPBD@Z 0040398c f   Strings.obj
 0001:000029be       ?va@@YAPBDPBDZZ            004039be f   Strings.obj
 0001:00002ab2       ?appSprintf@@YAHPADHPBDZZ  00403ab2 f   Strings.obj
 0001:00002b51       ?appMatchWildcard@@YA_NPBD0_N@Z 00403b51 f   Strings.obj
 0001:00002d96       ?appIsWildcard@@YA_NPBD@Z  00403d96 f   Strings.obj
 0001:00002dc2       ?appStrdup@@YAPADPBD@Z     00403dc2 f   Strings.obj
 0001:00002e03       ?appStrdup@@YAPADPBDPAVCMemoryChain@@@Z 00403e03 f   Strings.obj
 0001:00002e38       ??0CStringItem@@QAE@XZ     00403e38 f   Strings.obj
 0001:00002e43       ??2CStringItem@@SAPAXIPBD@Z 00403e43 f   Strings.obj
 0001:00002edd       ??2CStringItem@@SAPAXIPBDPAVCMemoryChain@@@Z 00403edd f   Strings.obj
 0001:00002f52       ?Find@CStringList@@IAEPAVCStringItem@@PBDPAPAV2@@Z 00403f52 f   Strings.obj
 0001:00002fdd       ?Find@CStringList@@IAEPAVCStringItem@@H@Z 00403fdd f   Strings.obj
 0001:00003049       ?IndexOf@CStringList@@QAEHPBD@Z 00404049 f   Strings.obj
 0001:000030cb       ?Remove@CStringList@@QAE_NPAVCStringItem@@@Z 004040cb f   Strings.obj
 0001:0000314f       ?Add@CTextContainer@@QAEPAUCTextRec@@PBD@Z 0040414f f   TextContainer.obj
 0001:000031fb       ?Enumerate@CTextContainer@@QAEXP6AXPBUCTextRec@@@Z@Z 004041fb f   TextContainer.obj
 0001:00003267       ?SubtractPath@@YAPBDPBD0@Z 00404267 f   FileSystem.obj
 0001:000032ff       ?appMakeDirectoryForFile@@YAXPBD@Z 004042ff f   FileSystem.obj
 0001:00003335       ?appOpenFile@@YAPAVCFile@@PBD@Z 00404335 f   FileSystem.obj
 0001:00003372       ?Read@CFileOS@@UAEHPAXH@Z  00404372 f i FileSystem.obj
 0001:00003399       ?GetSize@CFileOS@@UAEHXZ   00404399 f i FileSystem.obj
 0001:000033e4       ?Eof@CFileOS@@UAE_NXZ      004043e4 f i FileSystem.obj
 0001:000033f8       ??_GCFileOS@@UAEPAXI@Z     004043f8 f i FileSystem.obj
 0001:000033f8       ??_ECFileOS@@UAEPAXI@Z     004043f8 f i FileSystem.obj
 0001:0000342d       ??_GCFile@@UAEPAXI@Z       0040442d f i FileSystem.obj
 0001:0000342d       ??_ECFile@@UAEPAXI@Z       0040442d f i FileSystem.obj
 0001:0000344d       ?ReadByte@CFile@@QAEEXZ    0040444d f   FileSystem.obj
 0001:00003465       ?ReadInt@CFile@@QAEHXZ     00404465 f   FileSystem.obj
 0001:0000347d       ?ReadString@CFile@@QAEXPADH@Z 0040447d f   FileSystem.obj
 0001:000034ba       ?GetType@CFileContainer@@MAEPBDXZ 004044ba f   FileSystem.obj
 0001:000034c0       ?Mount@CFileSystem@@QAEXAAVCFileContainer@@PBD@Z 004044c0 f   FileSystem.obj
 0001:00003516       ?Umount@CFileSystem@@QAEXAAVCFileContainer@@@Z 00404516 f   FileSystem.obj
 0001:00003550       ?MountDirectory@CFileSystem@@QAEPAVCFileContainer@@PBD0@Z 00404550 f   FileSystem.obj
 0001:00003595       ?GetType@CFileContainerOS@@MAEPBDXZ 00404595 f i FileSystem.obj
 0001:0000359b       ?FileExists@CFileContainerOS@@UAE_NPBD@Z 0040459b f i FileSystem.obj
 0001:000035c5       ?OpenFile@CFileContainerOS@@UAEPAVCFile@@PBD@Z 004045c5 f i FileSystem.obj
 0001:000035e5       ?List@CFileContainerOS@@UAEXAAVCFileList@@PBDI@Z 004045e5 f i FileSystem.obj
 0001:0000360e       ??_ECFileContainerOS@@UAEPAXI@Z 0040460e f i FileSystem.obj
 0001:0000360e       ??_GCFileContainerOS@@UAEPAXI@Z 0040460e f i FileSystem.obj
 0001:0000362e       ??_GCFileContainer@@UAEPAXI@Z 0040462e f i FileSystem.obj
 0001:0000362e       ??_ECFileContainer@@UAEPAXI@Z 0040462e f i FileSystem.obj
 0001:0000364e       ?MountArchive@CFileSystem@@QAEPAVCFileContainer@@PBD0@Z 0040464e f   FileSystem.obj
 0001:00003765       ?Mount@CFileSystem@@QAEXPBD0@Z 00404765 f   FileSystem.obj
 0001:00003997       ?Umount@CFileSystem@@QAEXPBD@Z 00404997 f   FileSystem.obj
 0001:00003a33       ?List@CFileSystem@@UAEPAVCFileList@@PBDIPAV2@@Z 00404a33 f   FileSystem.obj
 0001:00003bee       ?RegisterFormat@CFileSystem@@SAXP6APAVCFileContainer@@PBDPAU_iobuf@@@Z@Z 00404bee f   FileSystem.obj
 0001:00003c32       ?FileExists@CFileSystem@@UAE_NPBDI@Z 00404c32 f   FileSystem.obj
 0001:00003cb1       ?OpenFile@CFileSystem@@UAEPAVCFile@@PBDI@Z 00404cb1 f   FileSystem.obj
 0001:00003d56       ?LoadFile@CFileSystem@@QAEPAXPBDPAI@Z 00404d56 f   FileSystem.obj
 0001:00003e26       ?cMount@@YAX_NHPAPAD@Z     00404e26 f   FileSystem.obj
 0001:00003f64       ?cUmount@@YAX_NHPAPAD@Z    00404f64 f   FileSystem.obj
 0001:00003f93       ?appInitFileSystem@@YAXAAVCFileSystem@@@Z 00404f93 f   FileSystem.obj
 0001:0000438a       ?appListDirectory@@YAXPBDAAVCFileList@@I@Z 0040538a f   FileSystemWin32.obj
 0001:000045d1       ?appMakeDirectory@@YAXPBD@Z 004055d1 f   FileSystemWin32.obj
 0001:0000463b       ?appFileType@@YAIPBD@Z     0040563b f   FileSystemWin32.obj
 0001:0000467b       ?FindDir@CFileContainerArc@@IAEPAVFDirInfo@1@PBD_N@Z 0040567b f   FileContainerArc.obj
 0001:00004734       ?FindFile@CFileContainerArc@@IAEPAVCStringItem@@PBD@Z 00405734 f   FileContainerArc.obj
 0001:0000479f       ?FileExists@CFileContainerArc@@UAE_NPBD@Z 0040579f f   FileContainerArc.obj
 0001:000047b4       ?OpenFile@CFileContainerArc@@UAEPAVCFile@@PBD@Z 004057b4 f   FileContainerArc.obj
 0001:000047d3       ?List@CFileContainerArc@@UAEXAAVCFileList@@PBDI@Z 004057d3 f   FileContainerArc.obj
 0001:00004940       ??E?$TStringSplitter@$0BAA@$0CP@@@QAEXXZ 00405940 f i FileContainerArc.obj
 0001:000049c2       ?GetLength@CVec3@@QAEMXZ   004059c2 f   Math3D.obj
 0001:000049ed       ?Normalize@CVec3@@QAEMXZ   004059ed f   Math3D.obj
 0001:00004a3f       ?VectorNormalize@@YAMABUCVec3@@AAU1@@Z 00405a3f f   Math3D.obj
 0001:00004aa9       ?NormalizeFast@CVec3@@QAEMXZ 00405aa9 f   Math3D.obj
 0001:00004afa       ?FindAxisVectors@CVec3@@QBEXAAU1@0@Z 00405afa f   Math3D.obj
 0001:00004b6a       ?cross@@YAXABUCVec3@@0AAU1@@Z 00405b6a f   Math3D.obj
 0001:00004ba6       ?VectorDistance@@YAMABUCVec3@@0@Z 00405ba6 f   Math3D.obj
 0001:00004bd5       ?Setup@CPlane@@QAEXXZ      00405bd5 f   Math3D.obj
 0001:00004c83       ?Clear@CBox@@QAEXXZ        00405c83 f   Math3D.obj
 0001:00004ca1       ?Expand@CBox@@QAEXABUCVec3@@@Z 00405ca1 f   Math3D.obj
 0001:00004cd3       ?Expand@CBox@@QAEXABU1@@Z  00405cd3 f   Math3D.obj
 0001:00004d12       ?GetCenter@CBox@@QBEXAAUCVec3@@@Z 00405d12 f   Math3D.obj
 0001:00004d35       ?Contains@CBox@@QBE_NABUCVec3@@@Z 00405d35 f   Math3D.obj
 0001:00004d69       ?Intersects@CBox@@QBE_NABU1@@Z 00405d69 f   Math3D.obj
 0001:00004da8       ?OnPlaneSide@CBox@@QBEHABUCPlane@@@Z 00405da8 f   Math3D.obj
 0001:00004ed7       ?FromEuler@CAxis@@QAEXABUCVec3@@@Z 00405ed7 f   Math3D.obj
 0001:00004f16       ?TransformVector@CAxis@@QBEXABUCVec3@@AAU2@@Z 00405f16 f   Math3D.obj
 0001:00004f69       ?UnTransformVector@CAxis@@QBEXABUCVec3@@AAU2@@Z 00405f69 f   Math3D.obj
 0001:00004fcd       ?TransformAxis@CAxis@@QBEXABU1@AAU1@@Z 00405fcd f   Math3D.obj
 0001:00005013       ?UnTransformAxis@CAxis@@QBEXABU1@AAU1@@Z 00406013 f   Math3D.obj
 0001:00005059       ?TransformPoint@CCoords@@QBEXABUCVec3@@AAU2@@Z 00406059 f   Math3D.obj
 0001:000050b9       ?UnTransformPoint@CCoords@@QBEXABUCVec3@@AAU2@@Z 004060b9 f   Math3D.obj
 0001:00005126       ?UnTransformCoords@CCoords@@QBEXABU1@AAU1@@Z 00406126 f   Math3D.obj
 0001:00005152       ?TransformPlane@CCoords@@QBEXABUCPlane@@AAU2@@Z 00406152 f   Math3D.obj
 0001:0000518c       ?TransformPoint@@YAXABUCVec3@@ABUCAxis@@0AAU1@@Z 0040618c f   Math3D.obj
 0001:000051ef       ?UnTransformPoint@@YAXABUCVec3@@ABUCAxis@@0AAU1@@Z 004061ef f   Math3D.obj
 0001:0000525f       ?Euler2Vecs@@YAXABUCVec3@@PAU1@11@Z 0040625f f   Math3D.obj
 0001:000053bf       ?Vec2Euler@@YAXABUCVec3@@AAU1@@Z 004063bf f   Math3D.obj
 0001:000054c2       ?Vec2Yaw@@YAMABUCVec3@@@Z  004064c2 f   Math3D.obj
 0001:00005535       ?appRsqrt@@YAMM@Z          00406535 f   MathMisc.obj
 0001:00005561       ?NormalizeColor@@YAMABUCVec3@@AAU1@@Z 00406561 f   MathMisc.obj
 0001:000055bf       ?NormalizeColor255@@YAMABUCVec3@@AAU1@@Z 004065bf f   MathMisc.obj
 0001:00005621       ?SCR_StopCinematic@@YAXXZ  00406621 f   cl_cin.obj
 0001:000056b5       ?SCR_DrawCinematic@@YA_NXZ 004066b5 f   cl_cin.obj
 0001:00005aac       ?SCR_PlayCinematic@@YAXPBD@Z 00406aac f   cl_cin.obj
 0001:00005e03       ?sprintf@?$TString@$0EA@@@QAAHPBDZZ 00406e03 f i cl_cin.obj
 0001:00005e1d       ?CL_Download_f@@YAX_NHPAPAD@Z 00406e1d f   cl_download.obj
 0001:000061ca       ?CL_ParseDownload@@YAXXZ   004071ca f   cl_download.obj
 0001:000069ec       ?CL_Precache_f@@YAXHPAPAD@Z 004079ec f   cl_download.obj
 0001:00006a4a       ?sprintf@?$TString@$0IA@@@QAAHPBDZZ 00407a4a f i cl_download.obj
 0001:00006a67       ?CL_ParseDelta@@YAXPAUclEntityState_t@@0HI_N@Z 00407a67 f   cl_ents.obj
 0001:00006be7       ?CL_ParseFrame@@YAXXZ      00407be7 f   cl_ents.obj
 0001:0000729c       ?CL_AddEntityBox@@YAXPAUclEntityState_t@@I@Z 0040829c f   cl_ents.obj
 0001:000073a0       ?Lerp@@YAXABUCVec3@@0MAAU1@@Z 004083a0 f i cl_ents.obj
 0001:000073d7       ?CL_OffsetThirdPersonView@@YAXXZ 004083d7 f   cl_ents.obj
 0001:000074bf       ?CL_AddEntities@@YAXXZ     004084bf f   cl_ents.obj
 0001:00008400       ?CL_ClearLightStyles@@YAXXZ 00409400 f   cl_fx.obj
 0001:00008482       ?CL_SetLightstyle@@YAXHPBD@Z 00409482 f   cl_fx.obj
 0001:000084e3       ?CL_AllocDlight@@YAPAUcdlight_t@@HABUCVec3@@@Z 004094e3 f   cl_fx.obj
 0001:0000854e       ?CL_AllocParticleTrace@@YAPAUparticleTrace_t@@ABUCVec3@@0MM@Z 0040954e f   cl_fx.obj
 0001:000085dd       ?CL_AllocParticleBeam@@YAPAUbeam_t@@ABUCVec3@@0MM@Z 004095dd f   cl_fx.obj
 0001:00008652       ?CL_AllocParticle@@YAPAUparticle_t@@XZ 00409652 f   cl_fx.obj
 0001:000086a5       ?CL_MetalSparks@@YAXABUCVec3@@0H@Z 004096a5 f   cl_fx.obj
 0001:000087a3       ?CL_AddEffects@@YAXXZ      004097a3 f   cl_fx.obj
 0001:00008ea6       ?CL_ClearEffects@@YAXXZ    00409ea6 f   cl_fx.obj
 0001:00008f28       ?CL_EntityEvent@@YAXPAUclEntityState_t@@@Z 00409f28 f   cl_fx.obj
 0001:000090df       ?CL_ParseMuzzleFlash@@YAXXZ 0040a0df f   cl_fx.obj
 0001:0000944f       ?CL_ParseMuzzleFlash2@@YAXXZ 0040a44f f   cl_fx.obj
 0001:000098c5       ?CL_ParticleEffect@@YAXABUCVec3@@0HH@Z 0040a8c5 f   cl_fx.obj
 0001:00009aae       ?CL_ParticleEffect2@@YAXABUCVec3@@0HH@Z 0040aaae f   cl_fx.obj
 0001:00009ad6       ?CL_ParticleEffect3@@YAXABUCVec3@@0HH@Z 0040aad6 f   cl_fx.obj
 0001:00009afe       ?CL_TeleporterParticles@@YAXPAUclEntityState_t@@@Z 0040aafe f   cl_fx.obj
 0001:00009b20       ?CL_LogoutEffect@@YAXABUCVec3@@H@Z 0040ab20 f   cl_fx.obj
 0001:00009b58       ?CL_ItemRespawnParticles@@YAXABUCVec3@@@Z 0040ab58 f   cl_fx.obj
 0001:00009b76       ?CL_ExplosionParticles@@YAXABUCVec3@@@Z 0040ab76 f   cl_fx.obj
 0001:00009b97       ?CL_BFGExplosionParticles@@YAXABUCVec3@@@Z 0040ab97 f   cl_fx.obj
 0001:00009bb8       ?CL_TrackerExplosionParticles@@YAXABUCVec3@@@Z 0040abb8 f   cl_fx.obj
 0001:00009bd9       ?CL_BlasterParticles@@YAXABUCVec3@@0I@Z 0040abd9 f   cl_fx.obj
 0001:00009c00       ?CL_BlasterTrail@@YAXAAUcentity_t@@@Z 0040ac00 f   cl_fx.obj
 0001:00009d07       ?CL_BlasterTrail2@@YAXAAUcentity_t@@@Z 0040ad07 f   cl_fx.obj
 0001:00009d1e       ?CL_FlagTrail@@YAXAAUcentity_t@@H@Z 0040ad1e f   cl_fx.obj
 0001:00009d3d       ?CL_RocketTrail@@YAXAAUcentity_t@@@Z 0040ad3d f   cl_fx.obj
 0001:00009d7c       ?CL_BubbleTrail@@YAXABUCVec3@@0@Z 0040ad7c f   cl_fx.obj
 0001:00009e18       ?CL_BubbleTrail2@@YAXABUCVec3@@0@Z 0040ae18 f   cl_fx.obj
 0001:00009e32       ?CL_TagTrail@@YAXAAUcentity_t@@@Z 0040ae32 f   cl_fx.obj
 0001:00009e49       ?CL_DebugTrail@@YAXABUCVec3@@0@Z 0040ae49 f   cl_fx.obj
 0001:00009e63       ?CL_ForceWall@@YAXABUCVec3@@0H@Z 0040ae63 f   cl_fx.obj
 0001:00009e85       ?CL_BigTeleportParticles@@YAXABUCVec3@@@Z 0040ae85 f   cl_fx.obj
 0001:00009fc0       ?CL_BfgParticles@@YAXABUCVec3@@@Z 0040afc0 f   cl_fx.obj
 0001:0000a13a       ?CL_FlyEffect@@YAXAAUcentity_t@@@Z 0040b13a f   cl_fx.obj
 0001:0000a2c6       ?CL_DiminishingTrail@@YAXAAUcentity_t@@H@Z 0040b2c6 f   cl_fx.obj
 0001:0000a420       ?CL_RailTrail@@YAXABUCVec3@@0@Z 0040b420 f   cl_fx.obj
 0001:0000a592       ?CL_RailTrailExt@@YAXABUCVec3@@0EE@Z 0040b592 f   cl_fx.obj
 0001:0000a6d7       ?CL_IonripperTrail@@YAXAAUcentity_t@@@Z 0040b6d7 f   cl_fx.obj
 0001:0000a831       ?CL_TrapParticles@@YAXABUCVec3@@@Z 0040b831 f   cl_fx.obj
 0001:0000a9a4       ?CL_TeleportParticles@@YAXABUCVec3@@@Z 0040b9a4 f   cl_fx.obj
 0001:0000aada       ?CL_Heatbeam@@YAXABUCVec3@@0@Z 0040bada f   cl_fx.obj
 0001:0000ad80       ?CL_ParticleSteamEffect@@YAXABUCVec3@@0HHH@Z 0040bd80 f   cl_fx.obj
 0001:0000aeb6       ?CL_ParticleSmokeEffect@@YAXABUCVec3@@0@Z 0040beb6 f   cl_fx.obj
 0001:0000afcf       ?CL_TrackerTrail@@YAXAAUcentity_t@@@Z 0040bfcf f   cl_fx.obj
 0001:0000b149       ?CL_TrackerShell@@YAXABUCVec3@@@Z 0040c149 f   cl_fx.obj
 0001:0000b1d5       ?CL_MonsterPlasmaShell@@YAXABUCVec3@@@Z 0040c1d5 f   cl_fx.obj
 0001:0000b25e       ?CL_WidowSplash@@YAXABUCVec3@@@Z 0040c25e f   cl_fx.obj
 0001:0000b33f       ?CL_InitInput@@YAXXZ       0040c33f f   cl_input.obj
 0001:0000b8ed       ?CL_SendCmd@@YAXXZ         0040c8ed f   cl_input.obj
 0001:0000bed0       ?CL_WriteDemoMessage@@YAXXZ 0040ced0 f   cl_main.obj
 0001:0000bf12       ?Cmd_ForwardToServer@@YAXHPAPAD@Z 0040cf12 f   cl_main.obj
 0001:0000bfd7       ?CL_ForwardToServer_f@@YAXHPAPAD@Z 0040cfd7 f   cl_main.obj
 0001:0000c020       ?CL_Pause@@YAX_N@Z         0040d020 f   cl_main.obj
 0001:0000c065       ?CL_Drop@@YAX_N@Z          0040d065 f   cl_main.obj
 0001:0000c090       ?CL_SendConnectPacket@@YAXXZ 0040d090 f   cl_main.obj
 0001:0000c0f6       ?CL_Connect_f@@YAX_NHPAPAD@Z 0040d0f6 f   cl_main.obj
 0001:0000c163       ?CL_Rcon_f@@YAXHPAPAD@Z    0040d163 f   cl_main.obj
 0001:0000c24f       ?CL_Disconnect@@YAXXZ      0040d24f f   cl_main.obj
 0001:0000c3fa       ?CL_Disconnect_f@@YAXXZ    0040d3fa f   cl_main.obj
 0001:0000c404       ?CL_Changing_f@@YAXXZ      0040d404 f   cl_main.obj
 0001:0000c42c       ?CL_Reconnect_f@@YAXXZ     0040d42c f   cl_main.obj
 0001:0000c4c8       ?CL_PingServers_f@@YAXXZ   0040d4c8 f   cl_main.obj
 0001:0000c884       ?CL_ConnectionlessPacket@@YAXXZ 0040d884 f   cl_main.obj
 0001:0000c981       ?CL_Userinfo_f@@YAXXZ      0040d981 f   cl_main.obj
 0001:0000c99c       ?CL_RegisterSounds@@YAXXZ  0040d99c f   cl_main.obj
 0001:0000c9db       ?CL_Snd_Restart_f@@YAXXZ   0040d9db f   cl_main.obj
 0001:0000c9ea       ?CL_WriteConfiguration@@YAXPBD@Z 0040d9ea f   cl_main.obj
 0001:0000cad1       ?CL_WriteConfig_f@@YAX_NHPAPAD@Z 0040dad1 f   cl_main.obj
 0001:0000cb3c       ?CL_FixCvarCheats@@YAXXZ   0040db3c f   cl_main.obj
 0001:0000cb8d       ?CL_Frame@@YAXMM@Z         0040db8d f   cl_main.obj
 0001:0000d00a       ?CL_ClearState@@YAXXZ      0040e00a f   cl_main.obj
 0001:0000d048       ?CL_Init@@YAXXZ            0040e048 f   cl_main.obj
 0001:0000d4f7       ?CL_Shutdown@@YAXXZ        0040e4f7 f   cl_main.obj
 0001:0000d553       ?CL_ParseClientinfo@@YAXH@Z 0040e553 f   cl_parse.obj
 0001:0000d60b       ?CL_UpdatePlayerClientInfo@@YAXXZ 0040e60b f   cl_parse.obj
 0001:0000d64c       ?CL_ParseServerMessage@@YAXXZ 0040e64c f   cl_parse.obj
 0001:0000de32       ?FreePlayerModelsInfo@@YAXXZ 0040ee32 f   cl_playermodel.obj
 0001:0000de58       ?ScanPlayerModels@@YA_NXZ  0040ee58 f   cl_playermodel.obj
 0001:0000e252       ?RunAnimation@@YAXAAUclientInfo_t@@AAUanimState_t@@H@Z 0040f252 f   cl_playermodel.obj
 0001:0000e440       ?CL_LoadClientinfo@@YAXAAUclientInfo_t@@PBD_N@Z 0040f440 f   cl_playermodel.obj
 0001:0000f0d1       ?ParsePlayerEntity@@YAHAAUcentity_t@@AAUclientInfo_t@@PAUclEntityState_t@@ABUentity_t@@PAU4@HH@Z 004100d1 f   cl_playermodel.obj
 0001:0000fc2a       ?CreateAndInsert@?$TList@VCStringItem@@@@QAEPAVCStringItem@@PBDPAVCMemoryChain@@@Z 00410c2a f i cl_playermodel.obj
 0001:0000fc62       ?Insert@?$TList@VCStringItem@@@@QAE_NPAVCStringItem@@@Z 00410c62 f i cl_playermodel.obj
 0001:0000fc62       ?Insert@?$TList@VplayerModelInfo_t@@@@QAE_NPAVplayerModelInfo_t@@@Z 00410c62 f i cl_playermodel.obj
 0001:0000fc62       ?Insert@?$TList@VshaderScript_t@OpenGLDrv@@@@QAE_NPAVshaderScript_t@OpenGLDrv@@@Z 00410c62 f i cl_playermodel.obj
 0001:0000fc98       ?CL_CheckPredictionError@@YAXXZ 00410c98 f   cl_pred.obj
 0001:0000fe2b       ?CL_EntityTrace@@YAXAAUtrace_t@@ABUCVec3@@1ABUCBox@@H@Z 00410e2b f   cl_pred.obj
 0001:00010185       ?CL_Trace@@YAXAAUtrace_t@@ABUCVec3@@1ABUCBox@@H@Z 00411185 f   cl_pred.obj
 0001:00010236       ?CL_PMpointcontents@@YAHABUCVec3@@@Z 00411236 f   cl_pred.obj
 0001:000103cc       ?CL_PredictMovement@@YAXXZ 004113cc f   cl_pred.obj
 0001:00010793       ?DrawString@@YAXHHPBD@Z    00411793 f   cl_scrn.obj
 0001:000107d8       ?SCR_DebugGraph@@YAXMH@Z   004117d8 f   cl_scrn.obj
 0001:00010802       ?SCR_CenterPrint@@YAXPBD@Z 00411802 f   cl_scrn.obj
 0001:00010908       ?Key_Message@@YAXH@Z       00411908 f   cl_scrn.obj
 0001:000109a8       ?SCR_SetLevelshot@@YAXPBD@Z 004119a8 f   cl_scrn.obj
 0001:00010aa8       ?SCR_BeginLoadingPlaque@@YAX_N@Z 00411aa8 f   cl_scrn.obj
 0001:00010b3e       ?SCR_EndLoadingPlaque@@YAX_N@Z 00411b3e f   cl_scrn.obj
 0001:00010bc3       ?SCR_LoadingNotify@@YAXPBDM@Z 00411bc3 f   cl_scrn.obj
 0001:00010bed       ?SCR_ShowConsole@@YAX_N0@Z 00411bed f   cl_scrn.obj
 0001:00010cb2       ?SCR_ToggleConsole@@YAXXZ  00411cb2 f   cl_scrn.obj
 0001:00010cda       ?SCR_TouchPics@@YAXXZ      00411cda f   cl_scrn.obj
 0001:00010d30       ?SCR_UpdateScreen@@YAXXZ   00411d30 f   cl_scrn.obj
 0001:000120bf       ?SCR_Init@@YAXXZ           004130bf f   cl_scrn.obj
 0001:000123f0       ?sprintf@?$TString@$0BA@@@QAAHPBDZZ 004133f0 f i cl_scrn.obj
 0001:0001240a       ?CL_RegisterTEntSounds@@YAXXZ 0041340a f   cl_tent.obj
 0001:0001265f       ?CL_RegisterTEntModels@@YAXXZ 0041365f f   cl_tent.obj
 0001:000127b0       ?CL_ClearTEnts@@YAXXZ      004137b0 f   cl_tent.obj
 0001:000127e1       ?CL_SmokeAndFlash@@YAXABUCVec3@@@Z 004137e1 f   cl_tent.obj
 0001:00012979       ?CL_ParseTEnt@@YAXXZ       00413979 f   cl_tent.obj
 0001:00013c9f       ?CL_AddTEnts@@YAXXZ        00414c9f f   cl_tent.obj
 0001:000146a4       ?V_AddEntity@@YAXPAUentity_t@@@Z 004156a4 f   cl_view.obj
 0001:000146e2       ?V_AddEntity2@@YAXPAUentity_t@@@Z 004156e2 f   cl_view.obj
 0001:00014714       ?AddEntityWithEffects2@@YAXPAUentity_t@@I@Z 00415714 f   cl_view.obj
 0001:000147b5       ?AddEntityWithEffects@@YAXPAUentity_t@@I@Z 004157b5 f   cl_view.obj
 0001:000147d6       ?V_AddLight@@YAXABUCVec3@@MMMM@Z 004157d6 f   cl_view.obj
 0001:0001481b       ?V_TestEntities@@YAXXZ     0041581b f   cl_view.obj
 0001:00014948       ?V_TestLights@@YAXXZ       00415948 f   cl_view.obj
 0001:00014a1e       ?V_InitRenderer@@YAXXZ     00415a1e f   cl_view.obj
 0001:00014e55       ?CalcFov@@YAMMMM@Z         00415e55 f   cl_view.obj
 0001:00014ec3       ?V_RenderView@@YA_NXZ      00415ec3 f   cl_view.obj
 0001:00015c53       ?V_Init@@YAXXZ             00416c53 f   cl_view.obj
 0001:00015d02       ?Con_ClearNotify@@YAXXZ    00416d02 f   console.obj
 0001:00015d11       ?Con_CheckResize@@YAXXZ    00416d11 f   console.obj
 0001:00015e38       ?Write@COutputDeviceCon@@UAEXPBD@Z 00416e38 f   console.obj
 0001:0001603e       ?Con_DrawNotify@@YAX_N@Z   0041703e f   console.obj
 0001:00016214       ?Con_DrawConsole@@YAXM@Z   00417214 f   console.obj
 0001:000164c8       ?Con_ClearTyping@@YAXXZ    004174c8 f   console.obj
 0001:000164e1       ?Key_Console@@YAXHH@Z      004174e1 f   console.obj
 0001:0001692e       ?Con_Init@@YAXXZ           0041792e f   console.obj
 0001:00016a9c       ?Key_KeynumToString@@YAPBDH@Z 00417a9c f   keys.obj
 0001:00016b62       ?Draw@completeMenu_t@@UAEXXZ 00417b62 f i keys.obj
 0001:00016b93       ?KeyDown@completeMenu_t@@UAEPBDH@Z 00417b93 f i keys.obj
 0001:00016bbf       ?Init@completeMenu_t@@UAE_NXZ 00417bbf f i keys.obj
 0001:00016ce6       ?CompleteMenuCallback@completeMenu_t@@SAXPAX@Z 00417ce6 f i keys.obj
 0001:00016d77       ?CompleteCommand@@YAXXZ    00417d77 f   keys.obj
 0001:00017488       ?Key_SetBinding@@YAXHPBD@Z 00418488 f   keys.obj
 0001:000174c8       ?Key_FindBinding@@YAHPBDPAHH@Z 004184c8 f   keys.obj
 0001:00017516       ?Key_WriteBindings@@YAXPAVCOutputDevice@@@Z 00418516 f   keys.obj
 0001:00017560       ?Key_Init@@YAXXZ           00418560 f   keys.obj
 0001:00017844       ?Key_Event@@YAXH_N@Z       00418844 f   keys.obj
 0001:00017ba3       ?Key_ClearStates@@YAXXZ    00418ba3 f   keys.obj
 0001:00017bd8       ?M_ForceMenuOn@@YAXXZ      00418bd8 f   menu.obj
 0001:00017bf7       ?Draw@menuMain_t@@UAEXXZ   00418bf7 f i menu.obj
 0001:00017d33       ?KeyDown@menuMain_t@@UAEPBDH@Z 00418d33 f i menu.obj
 0001:00017df4       ?Init@menuMain_t@@UAE_NXZ  00418df4 f i menu.obj
 0001:00017dfc       ?M_Menu_Main_f@@YAXXZ      00418dfc f   menu.obj
 0001:00017e16       ?Init@multiplayerMenu_t@@UAE_NXZ 00418e16 f i menu.obj
 0001:00017f3a       ?Init@keysMenu_t@@UAE_NXZ  00418f3a f i menu.obj
 0001:00018128       ?KeyCursorDrawFunc@keysMenu_t@@SAXPAUmenuFramework_t@@@Z 00419128 f i menu.obj
 0001:0001816b       ?DrawKeyBindingFunc@keysMenu_t@@SAXPAX@Z 0041916b f i menu.obj
 0001:00018232       ?KeyDown@keysMenu_t@@UAEPBDH@Z 00419232 f i menu.obj
 0001:000182df       ?UnbindCommand@keysMenu_t@@QAEXPAD@Z 004192df f i menu.obj
 0001:00018324       ?KeyBindingFunc@keysMenu_t@@QAEXPAX@Z 00419324 f i menu.obj
 0001:00018386       ?Init@optionsMenu_t@@UAE_NXZ 00419386 f i menu.obj
 0001:00018739       ?CrosshairFunc@optionsMenu_t@@SAXPAX@Z 00419739 f i menu.obj
 0001:00018761       ?JoystickFunc@optionsMenu_t@@SAXPAX@Z 00419761 f i menu.obj
 0001:00018776       ?AlwaysRunFunc@optionsMenu_t@@SAXPAX@Z 00419776 f i menu.obj
 0001:0001878b       ?MouseSpeedFunc@optionsMenu_t@@SAXPAX@Z 0041978b f i menu.obj
 0001:000187a8       ?InvertMouseFunc@optionsMenu_t@@SAXPAX@Z 004197a8 f i menu.obj
 0001:000187e1       ?UpdateVolumeFunc@optionsMenu_t@@SAXPAX@Z 004197e1 f i menu.obj
 0001:000187fe       ?UpdateCDVolumeFunc@optionsMenu_t@@SAXPAX@Z 004197fe f i menu.obj
 0001:00018818       ?SetMenuItemValues@optionsMenu_t@@SAXXZ 00419818 f i menu.obj
 0001:00018960       ?ResetDefaultsFunc@optionsMenu_t@@SAXPAX@Z 00419960 f i menu.obj
 0001:00018975       ?UpdateSoundFunc@optionsMenu_t@@SAXPAX@Z 00419975 f i menu.obj
 0001:00018b79       ?ScanCrosshairs@optionsMenu_t@@SAXXZ 00419b79 f i menu.obj
 0001:00018bd6       ?Draw@optionsMenu_t@@UAEXXZ 00419bd6 f i menu.obj
 0001:00018c3b       ?Draw@creditsMenu_t@@UAEXXZ 00419c3b f i menu.obj
 0001:00018ce2       ?KeyDown@creditsMenu_t@@UAEPBDH@Z 00419ce2 f i menu.obj
 0001:00018d22       ?Init@creditsMenu_t@@UAE_NXZ 00419d22 f i menu.obj
 0001:00018da3       ?Init@gameMenu_t@@UAE_NXZ  00419da3 f i menu.obj
 0001:00018f2e       ?EasyGameFunc@gameMenu_t@@SAXPAX@Z 00419f2e f i menu.obj
 0001:00018f3a       ?StartGame@gameMenu_t@@SAXPBD@Z 00419f3a f i menu.obj
 0001:00018f95       ?MediumGameFunc@gameMenu_t@@SAXPAX@Z 00419f95 f i menu.obj
 0001:00018fa1       ?HardGameFunc@gameMenu_t@@SAXPAX@Z 00419fa1 f i menu.obj
 0001:00018fbd       ?Init@savegameMenu_t@@UAE_NXZ 00419fbd f i menu.obj
 0001:000190cd       ?Create_Savestrings@savegameMenu_t@@QAEXXZ 0041a0cd f i menu.obj
 0001:0001918d       ?LoadGameCallback@savegameMenu_t@@SAXPAX@Z 0041a18d f i menu.obj
 0001:000191ba       ?SaveGameCallback@savegameMenu_t@@SAXPAX@Z 0041a1ba f i menu.obj
 0001:000191dd       ?Draw@savegameMenu_t@@UAEXXZ 0041a1dd f i menu.obj
 0001:000191f8       ?DrawSavegameShot@savegameMenu_t@@QAEXHH@Z 0041a1f8 f i menu.obj
 0001:000192d3       ?Init@joinserverMenu_t@@UAE_NXZ 0041a2d3 f i menu.obj
 0001:0001940a       ?JoinServerFunc@joinserverMenu_t@@SAXPAX@Z 0041a40a f i menu.obj
 0001:0001946f       ?SearchLocalGames@joinserverMenu_t@@SAXXZ 0041a46f f i menu.obj
 0001:000194da       ?M_AddToServerList@@YAXUnetadr_t@@PAD@Z 0041a4da f   menu.obj
 0001:00019565       ?Init@startserverMenu_t@@UAE_NXZ 0041a565 f i menu.obj
 0001:000199f3       ?DMOptionsFunc@startserverMenu_t@@SAXPAX@Z 0041a9f3 f i menu.obj
 0001:00019a03       ?RulesChangeFunc@startserverMenu_t@@SAXPAX@Z 0041aa03 f i menu.obj
 0001:00019a7b       ?StartServerActionFunc@startserverMenu_t@@SAXPAX@Z 0041aa7b f i menu.obj
 0001:00019aa6       ?StartServerFunc@startserverMenu_t@@SAXPBD@Z 0041aaa6 f i menu.obj
 0001:00019c82       ?KeyDown@startserverMenu_t@@UAEPBDH@Z 0041ac82 f i menu.obj
 0001:00019ce1       ?Init@dmoptionsMenu_t@@UAE_NXZ 0041ace1 f i menu.obj
 0001:0001a2be       ?DMFlagCallback@dmoptionsMenu_t@@SAXPAX@Z 0041b2be f i menu.obj
 0001:0001a49c       ?Init@downloadOptionsMenu_t@@UAE_NXZ 0041b49c f i menu.obj
 0001:0001a676       ?DownloadCallback@downloadOptionsMenu_t@@SAXPAX@Z 0041b676 f i menu.obj
 0001:0001a6e4       ?Init@addressBookMenu_t@@UAE_NXZ 0041b6e4 f i menu.obj
 0001:0001a78a       ?KeyDown@addressBookMenu_t@@UAEPBDH@Z 0041b78a f i menu.obj
 0001:0001a7e9       ?Init@playerConfigMenu_t@@UAE_NXZ 0041b7e9 f i menu.obj
 0001:0001ad30       ?HandednessCallback@playerConfigMenu_t@@SAXPAX@Z 0041bd30 f i menu.obj
 0001:0001ad45       ?RTypeCallback@playerConfigMenu_t@@SAXPAX@Z 0041bd45 f i menu.obj
 0001:0001ad5a       ?RColorCallback@playerConfigMenu_t@@SAXPAX@Z 0041bd5a f i menu.obj
 0001:0001ad6f       ?RateCallback@playerConfigMenu_t@@SAXPAX@Z 0041bd6f f i menu.obj
 0001:0001ad92       ?ModelCallback@playerConfigMenu_t@@SAXPAX@Z 0041bd92 f i menu.obj
 0001:0001adc6       ?SkinCallback@playerConfigMenu_t@@SAXPAX@Z 0041bdc6 f i menu.obj
 0001:0001adce       ?Draw@playerConfigMenu_t@@UAEXXZ 0041bdce f i menu.obj
 0001:0001b0b0       ?KeyDown@playerConfigMenu_t@@UAEPBDH@Z 0041c0b0 f i menu.obj
 0001:0001b190       ?Init@dmbrowseMenu_t@@UAE_NXZ 0041c190 f i menu.obj
 0001:0001b399       ?KeyDown@dmbrowseMenu_t@@UAEPBDH@Z 0041c399 f i menu.obj
 0001:0001b571       ?Draw@dmbrowseMenu_t@@UAEXXZ 0041c571 f i menu.obj
 0001:0001b6be       ?DrawThumbnail@dmbrowseMenu_t@@SAXHHHHPAD_N@Z 0041c6be f i menu.obj
 0001:0001b798       ?Init@videoMenu_t@@UAE_NXZ 0041c798 f i menu.obj
 0001:0001bd71       ?ScreenSizeCallback@videoMenu_t@@SAXPAX@Z 0041cd71 f i menu.obj
 0001:0001bd92       ?BrightnessCallback@videoMenu_t@@SAXPAX@Z 0041cd92 f i menu.obj
 0001:0001bdb3       ?ContrastCallback@videoMenu_t@@SAXPAX@Z 0041cdb3 f i menu.obj
 0001:0001bdef       ?CancelChanges@videoMenu_t@@SAXPAX@Z 0041cdef f i menu.obj
 0001:0001be3c       ?KeyDown@videoMenu_t@@UAEPBDH@Z 0041ce3c f i menu.obj
 0001:0001be85       ?ApplyChanges@videoMenu_t@@SAXPAX@Z 0041ce85 f i menu.obj
 0001:0001c03c       ?KeyDown@quitMenu_t@@UAEPBDH@Z 0041d03c f i menu.obj
 0001:0001c079       ?Draw@quitMenu_t@@UAEXXZ   0041d079 f i menu.obj
 0001:0001c0e9       ?M_Init@@YAXXZ             0041d0e9 f   menu.obj
 0001:0001c2cb       ?ItemAtCursor@menuFramework_t@@QAEPAUmenuCommon_t@@XZ 0041d2cb f   qmenu.obj
 0001:0001c31f       ?AddItem@menuFramework_t@@QAEXPAUmenuCommon_t@@@Z 0041d31f f   qmenu.obj
 0001:0001c3db       ?AdjustCursor@menuFramework_t@@QAEXH@Z 0041d3db f   qmenu.obj
 0001:0001c553       ?Center@menuFramework_t@@QAEXXZ 0041d553 f   qmenu.obj
 0001:0001c594       ?Draw@menuFramework_t@@UAEXXZ 0041d594 f   qmenu.obj
 0001:0001cb4d       ?SelectItem@menuFramework_t@@QAE_NXZ 0041db4d f   qmenu.obj
 0001:0001cbb2       ?SetStatusBar@menuFramework_t@@QAEXPBD@Z 0041dbb2 f   qmenu.obj
 0001:0001cbbf       ?SlideItem@menuFramework_t@@QAEXH@Z 0041dbbf f   qmenu.obj
 0001:0001d15d       ?Push@menuFramework_t@@QAEXXZ 0041e15d f   qmenu.obj
 0001:0001d1dc       ?M_ForceMenuOff@@YAXXZ     0041e1dc f   qmenu.obj
 0001:0001d209       ?Pop@menuFramework_t@@QAEXXZ 0041e209 f   qmenu.obj
 0001:0001d243       ?KeyDown@menuFramework_t@@UAEPBDH@Z 0041e243 f   qmenu.obj
 0001:0001d4bb       ?Init@menuFramework_t@@UAE_NXZ 0041e4bb f   qmenu.obj
 0001:0001d4be       ?M_Draw@@YAXXZ             0041e4be f   qmenu.obj
 0001:0001d4f9       ?M_Keydown@@YAXH@Z         0041e4f9 f   qmenu.obj
 0001:0001d51b       ?InitRendererVars@@YAXXZ   0041e51b f   ref_vars.obj
 0001:0001d53a       ?S_SoundInfo_f@@YAXXZ      0041e53a f   snd_dma.obj
 0001:0001d5b4       ?S_Init@@YAXXZ             0041e5b4 f   snd_dma.obj
 0001:0001d686       ?S_Shutdown@@YAXXZ         0041e686 f   snd_dma.obj
 0001:0001d719       ?S_BeginRegistration@@YAXXZ 0041e719 f   snd_dma.obj
 0001:0001d727       ?S_RegisterSound@@YAPAUsfx_t@@PBD@Z 0041e727 f   snd_dma.obj
 0001:0001d8d2       ?S_EndRegistration@@YAXXZ  0041e8d2 f   snd_dma.obj
 0001:0001d95b       ?S_PickChannel@@YAPAUchannel_t@@HH@Z 0041e95b f   snd_dma.obj
 0001:0001d9e9       ?S_Spatialize@@YAXPAUchannel_t@@@Z 0041e9e9 f   snd_dma.obj
 0001:0001dbcb       ?S_AllocPlaysound@@YAPAUplaysound_t@@XZ 0041ebcb f   snd_dma.obj
 0001:0001dbed       ?S_FreePlaysound@@YAXPAUplaysound_t@@@Z 0041ebed f   snd_dma.obj
 0001:0001dc20       ?S_IssuePlaysound@@YAXPAUplaysound_t@@@Z 0041ec20 f   snd_dma.obj
 0001:0001dcf1       ?S_StartSound@@YAXPBUCVec3@@HHPAUsfx_t@@MMM@Z 0041ecf1 f   snd_dma.obj
 0001:0001e0b2       ?S_StartLocalSound@@YAXPBD@Z 0041f0b2 f   snd_dma.obj
 0001:0001e104       ?S_ClearBuffer@@YAXXZ      0041f104 f   snd_dma.obj
 0001:0001e16d       ?S_StopAllSounds_f@@YAXXZ  0041f16d f   snd_dma.obj
 0001:0001e1dd       ?S_AddLoopSounds@@YAXXZ    0041f1dd f   snd_dma.obj
 0001:0001e3b3       ?S_RawSamples@@YAXHHHHPAE@Z 0041f3b3 f   snd_dma.obj
 0001:0001e5b7       ?S_Update@@YAXABUCVec3@@0@Z 0041f5b7 f   snd_dma.obj
 0001:0001e68d       ?GetSoundtime@@YAXXZ       0041f68d f   snd_dma.obj
 0001:0001e6f4       ?S_Update_@@YAXXZ          0041f6f4 f   snd_dma.obj
 0001:0001e9a7       ?S_LoadSound@@YAPAUsfxcache_t@@PAUsfx_t@@@Z 0041f9a7 f   snd_mem.obj
 0001:0001ef38       ?S_WriteLinearBlastStereo16@@YAXXZ 0041ff38 f   snd_mix.obj
 0001:0001efa2       ?S_TransferStereo16@@YAXPAKH@Z 0041ffa2 f   snd_mix.obj
 0001:0001f00d       ?S_TransferPaintBuffer@@YAXH@Z 0042000d f   snd_mix.obj
 0001:0001f171       ?S_PaintChannels@@YAXH@Z   00420171 f   snd_mix.obj
 0001:0001f3ed       ?S_InitScaletable@@YAXXZ   004203ed f   snd_mix.obj
 0001:0001f532       ?SV_ComputeAnimation@@YAXPAUplayer_state_t@@AAUentityStateEx_t@@PAU2@PAUedict_s@@@Z 00420532 f   sv_anim.obj
 0001:0001f9ef       ?SV_ReadLevelFile@@YAXXZ   004209ef f   sv_ccmds.obj
 0001:0001fa94       ?SV_AddressBanned@@YA_NPAUnetadr_t@@@Z 00420a94 f   sv_ccmds.obj
 0001:0001fad8       ?SV_InitCommands@@YAXXZ    00420ad8 f   sv_ccmds.obj
 0001:00020f64       ?sprintf@?$TString@$0CI@@@QAAHPBDZZ 00421f64 f i sv_ccmds.obj
 0001:00020f7e       ?SV_WriteFrameToClient@@YAXPAUclient_t@@PAVsizebuf_t@@@Z 00421f7e f   sv_ents.obj
 0001:0002169f       ?SV_RecordDemoMessage@@YAXXZ 0042269f f   sv_ents.obj
 0001:0002186d       ?SV_MulticastOld@@YAXABUCVec3@@W4multicast_t@@@Z 0042286d f i sv_game.obj
 0001:00021882       ?SV_StartSoundOld@@YAXPBUCVec3@@PAUedict_s@@HHMMM@Z 00422882 f i sv_game.obj
 0001:000222da       ?SV_InitGameLibrary@@YAX_N@Z 004232da f   sv_game.obj
 0001:000225cf       ?SV_ShutdownGameLibrary@@YAXXZ 004235cf f   sv_game.obj
 0001:0002272c       ?SV_FindIndex@@YAHPBDHH_N@Z 0042372c f   sv_init.obj
 0001:00022843       ?SV_ModelIndex@@YAHPBD@Z   00423843 f   sv_init.obj
 0001:0002285c       ?SV_SoundIndex@@YAHPBD@Z   0042385c f   sv_init.obj
 0001:00022878       ?SV_ImageIndex@@YAHPBD@Z   00423878 f   sv_init.obj
 0001:00022894       ?SV_CreateBaseline@@YAXXZ  00423894 f   sv_init.obj
 0001:00022911       ?SV_SpawnServer@@YAXPAD0W4server_state_t@@_N2@Z 00423911 f   sv_init.obj
 0001:00022c7f       ?SV_InitGame@@YAXXZ        00423c7f f   sv_init.obj
 0001:00022ea8       ?SV_Map@@YAX_NPBD0@Z       00423ea8 f   sv_init.obj
 0001:0002306d       ?SV_DropClient@@YAXPAUclient_t@@PAD@Z 0042406d f   sv_main.obj
 0001:00023aa2       ??0COutputDeviceMem@@QAE@H@Z 00424aa2 f i sv_main.obj
 0001:00023ad3       ?Write@COutputDeviceMem@@UAEXPBD@Z 00424ad3 f i sv_main.obj
 0001:00023b5a       ??_ECOutputDeviceMem@@UAEPAXI@Z 00424b5a f i sv_main.obj
 0001:00023b5a       ??_GCOutputDeviceMem@@UAEPAXI@Z 00424b5a f i sv_main.obj
 0001:00023b79       ??1COutputDeviceMem@@UAE@XZ 00424b79 f i sv_main.obj
 0001:00023b98       ?SV_CalcPings@@YAXXZ       00424b98 f   sv_main.obj
 0001:00023c1f       ?SV_GiveMsec@@YAXXZ        00424c1f f   sv_main.obj
 0001:00023c5e       ?SV_ReadPackets@@YAXXZ     00424c5e f   sv_main.obj
 0001:00023e71       ?SV_CheckTimeouts@@YAXXZ   00424e71 f   sv_main.obj
 0001:00023f82       ?SV_PostprocessFrame@@YAXXZ 00424f82 f   sv_main.obj
 0001:00024447       ?SV_MulticastHook@@YAPAVsizebuf_t@@PAV1@0@Z 00425447 f   sv_main.obj
 0001:00024823       ?SV_TraceHook@@YAXAAUtrace0_t@@ABUCVec3@@PBU2@21PAUedict_s@@H@Z 00425823 f   sv_main.obj
 0001:000249b1       ?SV_Frame@@YAXM@Z          004259b1 f   sv_main.obj
 0001:00024c6e       ?SV_UserinfoChanged@@YAXPAUclient_t@@@Z 00425c6e f   sv_main.obj
 0001:00024d30       ?SV_InitVars@@YAXXZ        00425d30 f   sv_main.obj
 0001:00024d3f       ?SV_Init@@YAXXZ            00425d3f f   sv_main.obj
 0001:00024d98       ?SV_Shutdown@@YAXPBD_N@Z   00425d98 f   sv_main.obj
 0001:00024fa5       ?SV_ClientPrintf@@YAXPAUclient_t@@HPBDZZ 00425fa5 f   sv_send.obj
 0001:00025000       ?SV_BroadcastPrintf@@YAXHPBDZZ 00426000 f   sv_send.obj
 0001:000250d6       ?SV_BroadcastCommand@@YAXPBDZZ 004260d6 f   sv_send.obj
 0001:00025130       ?SV_Multicast@@YAXABUCVec3@@W4multicast_t@@_N@Z 00426130 f   sv_send.obj
 0001:00025331       ?SV_StartSound@@YAXPBUCVec3@@PAUedict_s@@HHMMM_N@Z 00426331 f   sv_send.obj
 0001:000255ca       ?SV_SendClientDatagram@@YA_NPAUclient_t@@@Z 004265ca f   sv_send.obj
 0001:0002568c       ?SV_DemoCompleted@@YAXXZ   0042668c f   sv_send.obj
 0001:000256a8       ?SV_SendClientMessages@@YAXXZ 004266a8 f   sv_send.obj
 0001:0002585b       ?SV_DrawText3D@@YAXABUCVec3@@PBDI@Z 0042685b f   sv_text.obj
 0001:00025893       ?SV_ClearTexts@@YAXXZ      00426893 f   sv_text.obj
 0001:0002589b       ?SV_DrawTexts@@YAXXZ       0042689b f   sv_text.obj
 0001:000258f0       ??0?$TTextContainer@UCSVText@@$0BAAAA@@@QAE@XZ 004268f0 f i sv_text.obj
 0001:00025915       ?SV_TokenizeString@@YAXPBD@Z 00426915 f   sv_tokenize.obj
 0001:000259ec       ?SV_Argc@@YAHXZ            004269ec f   sv_tokenize.obj
 0001:000259f2       ?SV_Argv@@YAPADH@Z         004269f2 f   sv_tokenize.obj
 0001:00025a10       ?SV_Args@@YAPADXZ          00426a10 f   sv_tokenize.obj
 0001:000262db       ?SV_Nextserver@@YAXXZ      004272db f   sv_user.obj
 0001:0002636f       ?SV_ClientThink@@YAXPAUclient_t@@PAUusercmd_t@@@Z 0042736f f   sv_user.obj
 0001:00026400       ?SV_ExecuteClientMessage@@YAXPAUclient_t@@@Z 00427400 f   sv_user.obj
 0001:00026750       ?SV_ClearWorld@@YAXXZ      00427750 f   sv_world.obj
 0001:0002688e       ?SV_UnlinkEdict@@YAXPAUedict_s@@@Z 0042788e f   sv_world.obj
 0001:00026954       ?SV_LinkEdict@@YAXPAUedict_s@@@Z 00427954 f   sv_world.obj
 0001:00026f6e       ?SV_AreaEdicts@@YAHABUCVec3@@0PAPAUedict_s@@HH@Z 00427f6e f   sv_world.obj
 0001:0002710c       ?SV_PointContents@@YAHABUCVec3@@@Z 0042810c f   sv_world.obj
 0001:00027232       ?SV_Trace@@YAXAAUtrace_t@@ABUCVec3@@1ABUCBox@@PAUedict_s@@H@Z 00428232 f   sv_world.obj
 0001:000276af       ?InitByteDirs@@YAXXZ       004286af f   anorms.obj
 0001:000276ee       ?Cbuf_AddText@@YAXPBD@Z    004286ee f   cmd.obj
 0001:00027754       ?Cbuf_CopyToDefer@@YAXXZ   00428754 f   cmd.obj
 0001:0002779c       ?Cbuf_InsertFromDefer@@YAXXZ 0042879c f   cmd.obj
 0001:00027858       ?Cbuf_Execute@@YAXXZ       00428858 f   cmd.obj
 0001:00027968       ?Cmd_Unalias_f@@YAX_NHPAPAD@Z 00428968 f   cmd.obj
 0001:000279e0       ?Cmd_WriteAliases@@YAXPAVCOutputDevice@@@Z 004289e0 f   cmd.obj
 0001:00027a13       ?RegisterCommand@@YA_NPBDP6AXXZI@Z 00428a13 f   cmd.obj
 0001:00027af4       ?UnregisterCommand@@YA_NPBD@Z 00428af4 f   cmd.obj
 0001:00027b85       ?ExecuteCommand@@YA_NPBD@Z 00428b85 f   cmd.obj
 0001:00027fc8       ?ExecuteCommand@@YA_NPBDPBUCSimpleCommand@@H@Z 00428fc8 f   cmd.obj
 0001:0002840a       ?CM_LoadMap@@YAPAUCBspModel@@PBD_NPAI@Z 0042940a f   cmodel.obj
 0001:00028a8e       ?LoadLeafBrushes@@YAXPAGH@Z 00429a8e f i cmodel.obj
 0001:000298ea       ?CM_BuildBrush@@YAPAUCBrush@@HPAVCMemoryChain@@@Z 0042a8ea f   cmodel.obj
 0001:000299bc       ?CM_InlineModel@@YAPAUCBspModel@@PBD@Z 0042a9bc f   cmodel.obj
 0001:000299e7       ?CM_InlineModel@@YAPAUCBspModel@@H@Z 0042a9e7 f   cmodel.obj
 0001:00029a0f       ?CM_NumClusters@@YAHXZ     0042aa0f f   cmodel.obj
 0001:00029a1f       ?CM_NumInlineModels@@YAHXZ 0042aa1f f   cmodel.obj
 0001:00029b42       ?CM_HeadnodeForBox@@YAHABUCBox@@@Z 0042ab42 f   cmodel.obj
 0001:00029bc5       ?CM_FindLeaf@@YAPBUCBspLeaf@@ABUCVec3@@H@Z 0042abc5 f   cmodel.obj
 0001:00029c74       ?DistanceTo@CPlane@@QBEMABUCVec3@@@Z 0042ac74 f i cmodel.obj
 0001:00029cb9       ?CM_PointContents@@YAHABUCVec3@@H@Z 0042acb9 f   cmodel.obj
 0001:00029d23       ?CM_TransformedPointContents@@YAHABUCVec3@@H00@Z 0042ad23 f   cmodel.obj
 0001:00029dfb       ?CM_TransformedPointContents@@YAHABUCVec3@@H0ABUCAxis@@@Z 0042adfb f   cmodel.obj
 0001:00029e9d       ?CM_BoxLeafs@@YAHABUCBox@@PAPAUCBspLeaf@@HPAHH@Z 0042ae9d f   cmodel.obj
 0001:00029faf       ?BOX_ON_PLANE_SIDE@@YAHABUCBox@@ABUCPlane@@@Z 0042afaf f i cmodel.obj
 0001:0002a01a       ?CM_BoxTrace@@YAXAAUtrace_t@@ABUCVec3@@1ABUCBox@@HI@Z 0042b01a f   cmodel.obj
 0001:0002a77d       ?SplitTrace@@YAMABUCVec3@@0ABUCPlane@@AAM2_N@Z 0042b77d f i cmodel.obj
 0001:0002ac33       ?CM_TransformedBoxTrace@@YAXAAUtrace_t@@ABUCVec3@@1ABUCBox@@HI11@Z 0042bc33 f   cmodel.obj
 0001:0002ada6       ?CM_TransformedBoxTrace@@YAXAAUtrace_t@@ABUCVec3@@1ABUCBox@@HI1ABUCAxis@@@Z 0042bda6 f   cmodel.obj
 0001:0002ae63       ?CM_CombineTrace@@YA_NAAUtrace_t@@ABU1@@Z 0042be63 f   cmodel.obj
 0001:0002aeb0       ?CM_ClipTraceToModels@@YAXAAUtrace_t@@ABUCVec3@@1ABUCBox@@I@Z 0042beb0 f   cmodel.obj
 0001:0002afb2       ?CM_PointModelContents@@YAHABUCVec3@@@Z 0042bfb2 f   cmodel.obj
 0001:0002b001       ?CM_BrushTrace@@YAHABUCVec3@@0PAHH@Z 0042c001 f   cmodel.obj
 0001:0002b310       ?CM_RefineBrushTrace@@YAHABUCVec3@@0PAHH@Z 0042c310 f   cmodel.obj
 0001:0002b3b6       ?CM_ClusterPVS@@YAPBEH@Z   0042c3b6 f   cmodel.obj
 0001:0002b4ee       ?CM_SetAreaPortalState@@YAXH_N@Z 0042c4ee f   cmodel.obj
 0001:0002b516       ?CM_AreasConnected@@YA_NHH@Z 0042c516 f   cmodel.obj
 0001:0002b55d       ?CM_WriteAreaBits@@YAHPAEH@Z 0042c55d f   cmodel.obj
 0001:0002b5ff       ?CM_WritePortalState@@YAXPAU_iobuf@@@Z 0042c5ff f   cmodel.obj
 0001:0002b61c       ?CM_ReadPortalState@@YAXPAU_iobuf@@@Z 0042c61c f   cmodel.obj
 0001:0002b63e       ?CM_HeadnodeVisible@@YA_NHPBE@Z 0042c63e f   cmodel.obj
 0001:0002b71b       ??E?$TStringSplitter@$0EA@$0DL@@@QAEXXZ 0042c71b f i cmodel.obj
 0001:0002b77d       ?LoadNodes@@YAXPAUdBsp2Node_t@@H@Z 0042c77d f i cmodel.obj
 0001:0002b895       ?LoadNodes@@YAXPAUdBsp1Node_t@@H@Z 0042c895 f i cmodel.obj
 0001:0002b959       ?Com_DPrintf@@YAXPBDZZ     0042c959 f   common.obj
 0001:0002b9d2       ?DebugPrintf@@YAXPBDZZ     0042c9d2 f   common.obj
 0001:0002ba81       ?IPWildcard@@YA_NPAUnetadr_t@@PBD@Z 0042ca81 f   common.obj
 0001:0002bb5b       ?Com_ServerState@@YA?AW4server_state_t@@XZ 0042cb5b f   common.obj
 0001:0002bb61       ?Com_SetServerState@@YAXW4server_state_t@@@Z 0042cb61 f   common.obj
 0001:0002bb6e       ?crand@@YAMXZ              0042cb6e f   common.obj
 0001:0002bb8c       ?Info_ValueForKey@@YAPBDPBD0@Z 0042cb8c f   common.obj
 0001:0002bc0b       ?Info_SetValueForKey@@YAXPADPBD1@Z 0042cc0b f   common.obj
 0001:0002bd42       ?Info_Print@@YAXPBD@Z      0042cd42 f   common.obj
 0001:0002bdc8       ?LerpAngle@@YAMMMM@Z       0042cdc8 f   common.obj
 0001:0002be0c       ?ReduceAngle@@YAMM@Z       0042ce0c f   common.obj
 0001:0002be38       ?AngleSubtract@@YAMMM@Z    0042ce38 f   common.obj
 0001:0002be71       ?AnglesSubtract@@YAXABUCVec3@@0AAU1@@Z 0042ce71 f   common.obj
 0001:0002beca       ?COM_Parse@@YAPADAAPBD_N@Z 0042ceca f   common.obj
 0001:0002bfec       ?COM_QuoteString@@YAPBDPBD_N@Z 0042cfec f   common.obj
 0001:0002c049       ?Com_CheckCmdlineVar@@YA_NPBD@Z 0042d049 f   common.obj
 0001:0002c0a2       ?Com_Init@@YAXPBD@Z        0042d0a2 f   common.obj
 0001:0002c449       ?Com_Frame@@YAXM@Z         0042d449 f   common.obj
 0001:0002c85d       ?Com_BlockSequenceCRCByte@@YAEPAEHH@Z 0042d85d f   crc.obj
 0001:0002c915       ?Cvar_VariableValue@@YAMPBD@Z 0042d915 f   cvar.obj
 0001:0002c98c       ?Cvar_VariableInt@@YAHPBD@Z 0042d98c f   cvar.obj
 0001:0002c9a3       ?Cvar_VariableString@@YAPBDPBD@Z 0042d9a3 f   cvar.obj
 0001:0002c9bf       ?Cvar_Get@@YAPAUcvar_t@@PBD0H@Z 0042d9bf f   cvar.obj
 0001:0002cc8c       ?Cvar_GetVars@@YAXPBUcvarInfo_t@@H@Z 0042dc8c f   cvar.obj
 0001:0002cd36       ?Cvar_FullSet@@YAXPAUcvar_t@@PBDI@Z 0042dd36 f   cvar.obj
 0001:0002cd56       ?Cvar_FullSet@@YAPAUcvar_t@@PBD0I@Z 0042dd56 f   cvar.obj
 0001:0002cd96       ?Cvar_SetValue@@YAPAUcvar_t@@PBDM@Z 0042dd96 f   cvar.obj
 0001:0002cf2f       ?Cvar_SetInteger@@YAPAUcvar_t@@PBDH@Z 0042df2f f   cvar.obj
 0001:0002cf53       ?Cvar_Set@@YAPAUcvar_t@@PBD0@Z 0042df53 f   cvar.obj
 0001:0002cf6a       ?Cvar_ForceSet@@YAPAUcvar_t@@PBD0@Z 0042df6a f   cvar.obj
 0001:0002cf81       ?Cvar_Clamp@@YAMPAUcvar_t@@MM@Z 0042df81 f   cvar.obj
 0001:0002cfdf       ?Cvar_Command@@YA_NHPAPAD@Z 0042dfdf f   cvar.obj
 0001:0002d07a       ?IsDefault@cvar_t@@QAE_NXZ 0042e07a f i cvar.obj
 0001:0002d097       ?Cvar_WriteVariables@@YAXPAVCOutputDevice@@HHPBD@Z 0042e097 f   cvar.obj
 0001:0002d11d       ?Cvar_BitInfo@@YAPBDI@Z    0042e11d f   cvar.obj
 0001:0002d16f       ?Cvar_Cheats@@YAX_N@Z      0042e16f f   cvar.obj
 0001:0002d9e6       ?MSG_WriteDeltaEntity@@YAXPAVsizebuf_t@@PBUentityStateEx_t@@PAU2@_N33@Z 0042e9e6 f   entdelta.obj
 0001:0002dfa2       ?MSG_WriteRemoveEntity@@YAXPAVsizebuf_t@@H@Z 0042efa2 f   entdelta.obj
 0001:0002dfe2       ?MSG_ReadEntityBits@@YAHPAVsizebuf_t@@PAIPA_N@Z 0042efe2 f   entdelta.obj
 0001:0002e054       ?MSG_ReadDeltaEntity@@YAXPAVsizebuf_t@@PBUentityStateEx_t@@PAU2@I@Z 0042f054 f   entdelta.obj
 0001:0002e0d7       ?MSG_WriteDeltaUsercmd@@YAXPAVsizebuf_t@@PBUusercmd_t@@PAU2@@Z 0042f0d7 f   entdelta.obj
 0001:0002e166       ?MSG_ReadDeltaUsercmd@@YAXPAVsizebuf_t@@PBUusercmd_t@@PAU2@@Z 0042f166 f   entdelta.obj
 0001:0002e469       ?MSG_WriteDeltaPlayerstate@@YAXPAVsizebuf_t@@PBUplayer_state_t@@PAU2@@Z 0042f469 f   entdelta.obj
 0001:0002e572       ?MSG_ReadDeltaPlayerstate@@YAXPAVsizebuf_t@@PBUplayer_state_t@@PAU2@@Z 0042f572 f   entdelta.obj
 0001:0002e62c       ?ProcessEntstring@@YAPBDPBD@Z 0042f62c f   EntityParser.obj
 0001:000304ec       ?LoadPCX@@YAPAEPBDAAH1AAPAE@Z 004314ec f   images.obj
 0001:00030627       ?LoadTGA@@YAPAEPBDAAH1@Z   00431627 f   images.obj
 0001:000308bb       ?LoadJPG@@YAPAEPBDAAH1@Z   004318bb f   images.obj
 0001:00030b6f       ?ImageExists@@YAHPBDH@Z    00431b6f f   images.obj
 0001:00030c93       ?WriteTGA@@YA_NPBDPAEHH@Z  00431c93 f   images.obj
 0001:00030e87       ?WriteJPG@@YA_NPBDPAEHH_N@Z 00431e87 f   images.obj
 0001:00030fb8       ??0CBrush@@QAE@ABUCBox@@@Z 00431fb8 f   MapBrush.obj
 0001:00031109       ?Split@CBrush@@QAEPAU1@PAUCPlane@@@Z 00432109 f   MapBrush.obj
 0001:00031b5b       ?GetVec@CAllocVertexPool@@QAEPAUCVec3@@ABU2@@Z 00432b5b f i MapBrush.obj
 0001:00031bef       ?GetBounds@CBrush@@QAEXAAUCBox@@@Z 00432bef f   MapBrush.obj
 0001:00031c71       ?AddBevels@CBrush@@QAEXP6APAUCPlane@@ABUCVec3@@M@Z@Z 00432c71 f   MapBrush.obj
 0001:00031f65       ?Negate@CVec3@@QAEXXZ      00432f65 f i MapBrush.obj
 0001:00031f73       ?MD4Init@@YAXPAUMD4_CTX@@@Z 00432f73 f   md4.obj
 0001:00031f9b       ?MD4Update@@YAXPAUMD4_CTX@@PAEI@Z 00432f9b f   md4.obj
 0001:00032039       ?MD4Final@@YAXQAEPAUMD4_CTX@@@Z 00433039 f   md4.obj
 0001:0003272a       ?Com_BlockChecksum@@YAIPAXH@Z 0043372a f   md4.obj
 0001:00032766       ?LoadQ2BspFile@@YAXXZ      00433766 f   model.obj
 0001:00032ce4       ?LoadQ1BspFile@@YAXXZ      00433ce4 f   model.obj
 0001:0003306b       ?LoadQ3BspFile@@YAXXZ      0043406b f   model.obj
 0001:000332dc       ?LoadBspFile@@YAPAUbspfile_t@@PBD_NPAI@Z 004342dc f   model.obj
 0001:000334dd       ?Init@sizebuf_t@@QAEXPAXH@Z 004344dd f   msg.obj
 0001:000334fa       ?Write@sizebuf_t@@QAEXPBXH@Z 004344fa f   msg.obj
 0001:0003356c       ?MSG_WriteChar@@YAXPAVsizebuf_t@@H@Z 0043456c f   msg.obj
 0001:0003356c       ?MSG_WriteByte@@YAXPAVsizebuf_t@@H@Z 0043456c f   msg.obj
 0001:0003357f       ?MSG_WriteShort@@YAXPAVsizebuf_t@@H@Z 0043457f f   msg.obj
 0001:00033592       ?MSG_WriteLong@@YAXPAVsizebuf_t@@H@Z 00434592 f   msg.obj
 0001:000335a5       ?MSG_WriteFloat@@YAXPAVsizebuf_t@@M@Z 004345a5 f   msg.obj
 0001:000335b8       ?MSG_WriteString@@YAXPAVsizebuf_t@@PBD@Z 004345b8 f   msg.obj
 0001:000335e2       ?MSG_WritePos@@YAXPAVsizebuf_t@@ABUCVec3@@@Z 004345e2 f   msg.obj
 0001:00033646       ?MSG_WriteAngle@@YAXPAVsizebuf_t@@M@Z 00434646 f   msg.obj
 0001:00033671       ?MSG_WriteAngle16@@YAXPAVsizebuf_t@@M@Z 00434671 f   msg.obj
 0001:0003369c       ?MSG_WriteDir@@YAXPAVsizebuf_t@@ABUCVec3@@@Z 0043469c f   msg.obj
 0001:00033704       ?MSG_ReadDir@@YAXPAVsizebuf_t@@AAUCVec3@@@Z 00434704 f   msg.obj
 0001:00033737       ?MSG_ReadChar@@YAHPAVsizebuf_t@@@Z 00434737 f   msg.obj
 0001:0003375a       ?MSG_ReadByte@@YAHPAVsizebuf_t@@@Z 0043475a f   msg.obj
 0001:00033782       ?MSG_ReadShort@@YAHPAVsizebuf_t@@@Z 00434782 f   msg.obj
 0001:000337ab       ?MSG_ReadLong@@YAHPAVsizebuf_t@@@Z 004347ab f   msg.obj
 0001:000337cd       ?MSG_ReadString@@YAPADPAVsizebuf_t@@@Z 004347cd f   msg.obj
 0001:00033803       ?MSG_ReadPos@@YAXPAVsizebuf_t@@AAUCVec3@@@Z 00434803 f   msg.obj
 0001:00033855       ?MSG_ReadAngle@@YAMPAVsizebuf_t@@@Z 00434855 f   msg.obj
 0001:0003386f       ?MSG_ReadAngle16@@YAMPAVsizebuf_t@@@Z 0043486f f   msg.obj
 0001:00033889       ?MSG_ReadData@@YAXPAVsizebuf_t@@PAXH@Z 00434889 f   msg.obj
 0001:000338ac       ?Netchan_Init@@YAXXZ       004348ac f   net_chan.obj
 0001:0003391b       ?Netchan_OutOfBandPrint@@YAXW4netsrc_t@@Unetadr_t@@PBDZZ 0043491b f   net_chan.obj
 0001:000339a0       ?Setup@netchan_t@@QAEXW4netsrc_t@@Unetadr_t@@H@Z 004349a0 f   net_chan.obj
 0001:000339f6       ?NeedReliable@netchan_t@@QAE_NXZ 004349f6 f   net_chan.obj
 0001:00033a1b       ?Transmit@netchan_t@@QAEXPAXH@Z 00434a1b f   net_chan.obj
 0001:00033bb1       ?Process@netchan_t@@QAE_NPAVsizebuf_t@@@Z 00434bb1 f   net_chan.obj
 0001:00033cde       ?Pmove@@YAXPAUpmove_t@@@Z  00434cde f   pmove.obj
 0001:00035954       ?FileExists@CQuakeFileSystem@@UAE_NPBDI@Z 00436954 f i QuakeFileSystem.obj
 0001:000359bb       ?CheckFilename@CQuakeFileSystem@@AAEXPBD@Z 004369bb f i QuakeFileSystem.obj
 0001:00035a5a       ?OpenFile@CQuakeFileSystem@@UAEPAVCFile@@PBDI@Z 00436a5a f i QuakeFileSystem.obj
 0001:00035aea       ?List@CQuakeFileSystem@@UAEPAVCFileList@@PBDIPAV2@@Z 00436aea f i QuakeFileSystem.obj
 0001:00035b7c       ??_ECQuakeFileSystem@@UAEPAXI@Z 00436b7c f i QuakeFileSystem.obj
 0001:00035b7c       ??_ECFileSystem@@UAEPAXI@Z 00436b7c f i QuakeFileSystem.obj
 0001:00035b7c       ??_GCQuakeFileSystem@@UAEPAXI@Z 00436b7c f i QuakeFileSystem.obj
 0001:00035b7c       ??_GCFileSystem@@UAEPAXI@Z 00436b7c f i QuakeFileSystem.obj
 0001:00035b9c       ?FS_Gamedir@@YAPBDXZ       00436b9c f   QuakeFileSystem.obj
 0001:00035ba2       ?FS_NextPath@@YAPBDPBD@Z   00436ba2 f   QuakeFileSystem.obj
 0001:00035be6       ?FS_CopyFile@@YAXPBD0@Z    00436be6 f   QuakeFileSystem.obj
 0001:00035cbc       ?FS_CopyFiles@@YAXPBD0@Z   00436cbc f   QuakeFileSystem.obj
 0001:00035dd6       ?FS_RemoveFiles@@YAXPBD@Z  00436dd6 f   QuakeFileSystem.obj
 0001:00035e91       ?InitFileSystem@@YAXXZ     00436e91 f   QuakeFileSystem.obj
 0001:00035fc5       ?Create@CFileContainerPak@@SAPAVCFileContainer@@PBDPAU_iobuf@@@Z 00436fc5 f i QuakeFileSystem.obj
 0001:0003612e       ??0CFileContainerArc@@QAE@XZ 0043712e f i QuakeFileSystem.obj
 0001:00036175       ??_ECFileContainerArc@@UAEPAXI@Z 00437175 f i QuakeFileSystem.obj
 0001:00036175       ??_GCFileContainerArc@@UAEPAXI@Z 00437175 f i QuakeFileSystem.obj
 0001:000361a4       ?GetType@CFileContainerPak@@MAEPBDXZ 004371a4 f i QuakeFileSystem.obj
 0001:000361aa       ?OpenLocalFile@CFileContainerPak@@MAEPAVCFile@@ABVCStringItem@@@Z 004371aa f i QuakeFileSystem.obj
 0001:000361fa       ?Read@CFilePak@CFileContainerPak@@UAEHPAXH@Z 004371fa f i QuakeFileSystem.obj
 0001:00036234       ?GetSize@CFilePak@CFileContainerPak@@UAEHXZ 00437234 f i QuakeFileSystem.obj
 0001:0003623b       ?Eof@CFilePak@CFileContainerPak@@UAE_NXZ 0043723b f i QuakeFileSystem.obj
 0001:00036248       ??_GCFilePak@CFileContainerPak@@UAEPAXI@Z 00437248 f i QuakeFileSystem.obj
 0001:00036248       ??_ECFilePak@CFileContainerPak@@UAEPAXI@Z 00437248 f i QuakeFileSystem.obj
 0001:0003627d       ??_ECFileContainerPak@@UAEPAXI@Z 0043727d f i QuakeFileSystem.obj
 0001:0003627d       ??_GCFileContainerPak@@UAEPAXI@Z 0043727d f i QuakeFileSystem.obj
 0001:000362ac       ?Create@CFileContainerZip@@SAPAVCFileContainer@@PBDPAU_iobuf@@@Z 004372ac f i QuakeFileSystem.obj
 0001:000365ab       ?GetType@CFileContainerZip@@MAEPBDXZ 004375ab f i QuakeFileSystem.obj
 0001:000365b1       ?OpenLocalFile@CFileContainerZip@@MAEPAVCFile@@ABVCStringItem@@@Z 004375b1 f i QuakeFileSystem.obj
 0001:0003664d       ??0CFilePak@CFileContainerZip@@QAE@ABVCFileInfo@1@PAU_iobuf@@@Z 0043764d f i QuakeFileSystem.obj
 0001:0003669f       ?Read@CFilePak@CFileContainerZip@@UAEHPAXH@Z 0043769f f i QuakeFileSystem.obj
 0001:000367e8       ?GetSize@CFilePak@CFileContainerZip@@UAEHXZ 004377e8 f i QuakeFileSystem.obj
 0001:000367f2       ?Eof@CFilePak@CFileContainerZip@@UAE_NXZ 004377f2 f i QuakeFileSystem.obj
 0001:00036805       ??_GCFilePak@CFileContainerZip@@UAEPAXI@Z 00437805 f i QuakeFileSystem.obj
 0001:00036805       ??_ECFilePak@CFileContainerZip@@UAEPAXI@Z 00437805 f i QuakeFileSystem.obj
 0001:00036824       ??1CFilePak@CFileContainerZip@@UAE@XZ 00437824 f i QuakeFileSystem.obj
 0001:00036893       ??_ECFileContainerZip@@UAEPAXI@Z 00437893 f i QuakeFileSystem.obj
 0001:00036893       ??_GCFileContainerZip@@UAEPAXI@Z 00437893 f i QuakeFileSystem.obj
 0001:000368c2       ?Mount@CZResource@@SAPAVCFileContainer@@PBDPBE0PAVCFileSystem@@@Z 004378c2 f i QuakeFileSystem.obj
 0001:00036a6e       ?GetType@CZResource@@MAEPBDXZ 00437a6e f i QuakeFileSystem.obj
 0001:00036a74       ?OpenLocalFile@CZResource@@MAEPAVCFile@@ABVCStringItem@@@Z 00437a74 f i QuakeFileSystem.obj
 0001:00036aa5       ??0CFileRes@CZResource@@QAE@ABVCFileInfo@1@PBXH@Z 00437aa5 f i QuakeFileSystem.obj
 0001:00036b58       ?Read@CFileRes@CZResource@@UAEHPAXH@Z 00437b58 f i QuakeFileSystem.obj
 0001:00036bab       ?GetSize@CFileRes@CZResource@@UAEHXZ 00437bab f i QuakeFileSystem.obj
 0001:00036bb2       ?Eof@CFileRes@CZResource@@UAE_NXZ 00437bb2 f i QuakeFileSystem.obj
 0001:00036bbf       ??_GCFileRes@CZResource@@UAEPAXI@Z 00437bbf f i QuakeFileSystem.obj
 0001:00036bbf       ??_ECFileRes@CZResource@@UAEPAXI@Z 00437bbf f i QuakeFileSystem.obj
 0001:00036bf1       ??_ECZResource@@UAEPAXI@Z  00437bf1 f i QuakeFileSystem.obj
 0001:00036bf1       ??_GCZResource@@UAEPAXI@Z  00437bf1 f i QuakeFileSystem.obj
 0001:00036c20       ?MountGame@CQuakeFileSystem@@QAEXPBD@Z 00437c20 f i QuakeFileSystem.obj
 0001:00036c6b       ?SetGameDir@CQuakeFileSystem@@QAE_NPBD@Z 00437c6b f i QuakeFileSystem.obj
 0001:00036e6d       ?FS_Tick@@YAXXZ            00437e6d f   QuakeFileSystem.obj
 0001:00036fba       ?CDAudio_Play@@YAXH_N@Z    00437fba f   cd_win.obj
 0001:000371ad       ?CDAudio_Stop@@YAXXZ       004381ad f   cd_win.obj
 0001:0003726e       ?CDAudio_Update@@YAXXZ     0043826e f   cd_win.obj
 0001:00037311       ?CDAudio_Init@@YA_NXZ      00438311 f   cd_win.obj
 0001:00037732       ?CDAudio_Shutdown@@YAXXZ   00438732 f   cd_win.obj
 0001:00037755       ?CDAudio_Activate@@YAX_N@Z 00438755 f   cd_win.obj
 0001:0003776c       ?IN_Init@@YAXXZ            0043876c f   in_win.obj
 0001:000379f9       ?IN_Shutdown@@YAXXZ        004389f9 f   in_win.obj
 0001:00037c5a       ?IN_Activate@@YAX_N@Z      00438c5a f   in_win.obj
 0001:00037c67       ?IN_Frame@@YAXXZ           00438c67 f   in_win.obj
 0001:00037fc9       ?IN_Move@@YAXPAUusercmd_t@@@Z 00438fc9 f   in_win.obj
 0001:00038474       ?NET_CompareAdr@@YA_NPAUnetadr_t@@0@Z 00439474 f   net_wins.obj
 0001:000384af       ?NET_CompareBaseAdr@@YA_NPAUnetadr_t@@0@Z 004394af f   net_wins.obj
 0001:000384dc       ?NET_AdrToString@@YAPBDPAUnetadr_t@@@Z 004394dc f   net_wins.obj
 0001:00038522       ?NET_StringToAdr@@YA_NPBDPAUnetadr_t@@F@Z 00439522 f   net_wins.obj
 0001:00038638       ?NET_IsLocalAddress@@YA_NPAUnetadr_t@@@Z 00439638 f   net_wins.obj
 0001:00038647       ?NET_GetPacket@@YA_NW4netsrc_t@@PAUnetadr_t@@PAVsizebuf_t@@@Z 00439647 f   net_wins.obj
 0001:000387c6       ?NET_SendPacket@@YAXW4netsrc_t@@HPAXUnetadr_t@@@Z 004397c6 f   net_wins.obj
 0001:000388e4       ?NET_Config@@YAX_N@Z       004398e4 f   net_wins.obj
 0001:00038abf       ?NET_Init@@YAXXZ           00439abf f   net_wins.obj
 0001:00038b72       ?SNDDMA_Init@@YA_NXZ       00439b72 f   snd_win.obj
 0001:000391bd       ?SNDDMA_GetDMAPos@@YAHXZ   0043a1bd f   snd_win.obj
 0001:00039207       ?SNDDMA_BeginPainting@@YAXXZ 0043a207 f   snd_win.obj
 0001:00039326       ?SNDDMA_Submit@@YAXXZ      0043a326 f   snd_win.obj
 0001:0003934b       ?SNDDMA_Shutdown@@YAXXZ    0043a34b f   snd_win.obj
 0001:00039350       ?S_Activate@@YAX_N@Z       0043a350 f   snd_win.obj
 0001:000393a3       ?Write@COutputDeviceWin32Console@@UAEXPBD@Z 0043a3a3 f i sys_win.obj
 0001:0003941b       ?EraseInput@COutputDeviceWin32Console@@QAEXXZ 0043a41b f i sys_win.obj
 0001:000394a1       ??_GCOutputDeviceWin32Console@@UAEPAXI@Z 0043a4a1 f i sys_win.obj
 0001:000394a1       ??_ECOutputDeviceWin32Console@@UAEPAXI@Z 0043a4a1 f i sys_win.obj
 0001:000394c1       ?Sys_ConsoleInput@@YAPADXZ 0043a4c1 f   sys_win.obj
 0001:0003974a       ?Sys_ProcessMessages@@YAXXZ 0043a74a f   sys_win.obj
 0001:00039803       _WinMain@16                0043a803 f   sys_win.obj
 0001:00039b00       ??_ECOutputDeviceCon@@UAEPAXI@Z 0043ab00 f i sys_win.obj
 0001:00039b00       ??_GCOutputDeviceCon@@UAEPAXI@Z 0043ab00 f i sys_win.obj
 0001:00039ba8       ?Init@COutputDeviceWin32Console@@QAEXXZ 0043aba8 f i sys_win.obj
 0001:00039bd2       ?AddMsgHook@@YAXP6A_NIIJ@Z@Z 0043abd2 f   vid_dll.obj
 0001:00039c19       ?RemoveMsgHook@@YAXP6A_NIIJ@Z@Z 0043ac19 f   vid_dll.obj
 0001:00039c4c       ?Vid_CreateWindow@@YAPAXHH_N@Z 0043ac4c f   vid_dll.obj
 0001:0003a36e       ?Vid_DestroyWindow@@YAX_N@Z 0043b36e f   vid_dll.obj
 0001:0003a3ad       ?Vid_Restart@@YAXXZ        0043b3ad f   vid_dll.obj
 0001:0003a3b9       ?Vid_GetModeInfo@@YA_NPAH0H@Z 0043b3b9 f   vid_dll.obj
 0001:0003a3eb       ?Vid_Tick@@YAXXZ           0043b3eb f   vid_dll.obj
 0001:0003a59c       ?Vid_Init@@YAXXZ           0043b59c f   vid_dll.obj
 0001:0003a63f       ?Vid_Shutdown@@YAXXZ       0043b63f f   vid_dll.obj
 0001:0003a65e       ?BK_FlushShader@OpenGLDrv@@YAXXZ 0043b65e f   gl_backend.obj
 0001:0003ce3a       ?Tesselate@surfacePlanar_t@OpenGLDrv@@UAEXAAUrefEntity_t@2@@Z 0043de3a f   gl_backend.obj
 0001:0003cfa0       ?Tesselate@surfacePoly_t@OpenGLDrv@@UAEXAAUrefEntity_t@2@@Z 0043dfa0 f   gl_backend.obj
 0001:0003d0a7       ?Tesselate@surfaceMd3_t@OpenGLDrv@@UAEXAAUrefEntity_t@2@@Z 0043e0a7 f   gl_backend.obj
 0001:0003d655       ?DrawBrush@OpenGLDrv@@YAXPBUCBrush@@PBDH@Z 0043e655 f   gl_backend.obj
 0001:0003d6b8       ?Tesselate@surfaceEntity_t@OpenGLDrv@@UAEXAAUrefEntity_t@2@@Z 0043e6b8 f   gl_backend.obj
 0001:0003d79c       ?Tesselate@surfaceParticle_t@OpenGLDrv@@UAEXAAUrefEntity_t@2@@Z 0043e79c f   gl_backend.obj
 0001:0003d9ec       ?BK_DrawScene@OpenGLDrv@@YAXXZ 0043e9ec f   gl_backend.obj
 0001:0003e1f9       ?BK_DrawPic@OpenGLDrv@@YAXPAVshader_t@1@HHHHMMMMIE@Z 0043f1f9 f   gl_backend.obj
 0001:0003e3da       ?BK_DrawText@OpenGLDrv@@YAXPBDHHHHHI@Z 0043f3da f   gl_backend.obj
 0001:0003e5cf       ?BK_BeginFrame@OpenGLDrv@@YAXXZ 0043f5cf f   gl_backend.obj
 0001:0003e633       ?BK_EndFrame@OpenGLDrv@@YAXXZ 0043f633 f   gl_backend.obj
 0001:0003e672       ?BK_Init@OpenGLDrv@@YAXXZ  0043f672 f   gl_backend.obj
 0001:0003e6a1       ?BK_Shutdown@OpenGLDrv@@YAXXZ 0043f6a1 f   gl_backend.obj
 0001:0003e6b9       ?AllocDynamicMemory@OpenGLDrv@@YAPAXH@Z 0043f6b9 f   gl_buffers.obj
 0001:0003e727       ?ResizeDynamicMemory@OpenGLDrv@@YAXPAXH@Z 0043f727 f   gl_buffers.obj
 0001:0003e76b       ?AddSurfaceToPortal@OpenGLDrv@@YAXPAVsurfaceBase_t@1@PAVshader_t@1@HH@Z 0043f76b f   gl_buffers.obj
 0001:0003e7dc       ?InsertShaderIndex@OpenGLDrv@@YAXH@Z 0043f7dc f   gl_buffers.obj
 0001:0003e818       ?ClearPortal@OpenGLDrv@@YAXXZ 0043f818 f   gl_buffers.obj
 0001:0003e836       ?SortSurfaces@OpenGLDrv@@YAXPAUviewPortal_t@1@PAPAUsurfaceInfo_t@1@@Z 0043f836 f   gl_buffers.obj
 0001:0003e9c8       ?ClearBuffers@OpenGLDrv@@YAXXZ 0043f9c8 f   gl_buffers.obj
 0001:0003e9df       ?CreateBuffers@OpenGLDrv@@YAXXZ 0043f9df f   gl_buffers.obj
 0001:0003ea05       ?FreeBuffers@OpenGLDrv@@YAXXZ 0043fa05 f   gl_buffers.obj
 0001:0003ea29       ?InitEntity@model_t@OpenGLDrv@@UAE_NPAUentity_t@@PAUrefEntity_t@2@@Z 0043fa29 f   gl_frontend.obj
 0001:0003ea2e       ?AddSurfaces@model_t@OpenGLDrv@@UAEXPAUrefEntity_t@2@@Z 0043fa2e f   gl_frontend.obj
 0001:0003ea5f       ?GetLeaf@model_t@OpenGLDrv@@UAEPBUCBspLeaf@@PAUrefEntity_t@2@@Z 0043fa5f f   gl_frontend.obj
 0001:0003ea76       ?DrawLabel@model_t@OpenGLDrv@@UAEXPAUrefEntity_t@2@@Z 0043fa76 f   gl_frontend.obj
 0001:0003ea79       ?InitEntity@inlineModel_t@OpenGLDrv@@UAE_NPAUentity_t@@PAUrefEntity_t@2@@Z 0043fa79 f   gl_frontend.obj
 0001:0003eae6       ?AddSurfaces@inlineModel_t@OpenGLDrv@@UAEXPAUrefEntity_t@2@@Z 0043fae6 f   gl_frontend.obj
 0001:0003efef       ?GetLeaf@inlineModel_t@OpenGLDrv@@UAEPBUCBspLeaf@@PAUrefEntity_t@2@@Z 0043ffef f   gl_frontend.obj
 0001:0003f19a       ?DrawLabel@inlineModel_t@OpenGLDrv@@UAEXPAUrefEntity_t@2@@Z 0044019a f   gl_frontend.obj
 0001:0003f1e3       ?InitEntity@md3Model_t@OpenGLDrv@@UAE_NPAUentity_t@@PAUrefEntity_t@2@@Z 004401e3 f   gl_frontend.obj
 0001:0003f3c1       ?AddSurfaces@md3Model_t@OpenGLDrv@@UAEXPAUrefEntity_t@2@@Z 004403c1 f   gl_frontend.obj
 0001:0003f4fb       ?GetLeaf@md3Model_t@OpenGLDrv@@UAEPBUCBspLeaf@@PAUrefEntity_t@2@@Z 004404fb f   gl_frontend.obj
 0001:0003f536       ?DrawLabel@md3Model_t@OpenGLDrv@@UAEXPAUrefEntity_t@2@@Z 00440536 f   gl_frontend.obj
 0001:0003f59f       ?InitEntity@sprModel_t@OpenGLDrv@@UAE_NPAUentity_t@@PAUrefEntity_t@2@@Z 0044059f f   gl_frontend.obj
 0001:0003f5c2       ?AddSurfaces@sprModel_t@OpenGLDrv@@UAEXPAUrefEntity_t@2@@Z 004405c2 f   gl_frontend.obj
 0001:0003f745       ?GetLeaf@sprModel_t@OpenGLDrv@@UAEPBUCBspLeaf@@PAUrefEntity_t@2@@Z 00440745 f   gl_frontend.obj
 0001:0003f82d       ?AddEntity@OpenGLDrv@@YAXPAUentity_t@@@Z 0044082d f   gl_frontend.obj
 0001:0003f9e6       ?AddDlight@OpenGLDrv@@YAXPAUdlight_t@@@Z 004409e6 f   gl_frontend.obj
 0001:0003fb9e       ?DrawPortal@OpenGLDrv@@YAXXZ 00440b9e f   gl_frontend.obj
 0001:00041dcc       ?GL_TextureMode@OpenGLDrv@@YAXPBD@Z 00442dcc f   gl_image.obj
 0001:00041e77       ?CreateImage@OpenGLDrv@@YAPAVimage_t@1@PBDPAXHHI@Z 00442e77 f   gl_image.obj
 0001:00042c1f       ?CreateImage8@OpenGLDrv@@YAPAVimage_t@1@PBDPAXHHIPAI@Z 00443c1f f   gl_image.obj
 0001:00042cfe       ?LoadDelayedImages@OpenGLDrv@@YAXXZ 00443cfe f   gl_image.obj
 0001:00042d91       ?DrawStretchRaw8@OpenGLDrv@@YAXHHHHHHPAEPAI@Z 00443d91 f   gl_image.obj
 0001:000430c4       ?SetupGamma@OpenGLDrv@@YAXXZ 004440c4 f   gl_image.obj
 0001:0004320a       ?PerformScreenshot@OpenGLDrv@@YAXXZ 0044420a f   gl_image.obj
 0001:0004347b       ?InitImages@OpenGLDrv@@YAXXZ 0044447b f   gl_image.obj
 0001:00043c54       ?ShutdownImages@OpenGLDrv@@YAXXZ 00444c54 f   gl_image.obj
 0001:00043cbb       ?ShowImages@OpenGLDrv@@YAXXZ 00444cbb f   gl_image.obj
 0001:00043f47       ?FindImage@OpenGLDrv@@YAPAVimage_t@1@PBDI@Z 00444f47 f   gl_image.obj
 0001:000442b4       ?GL_Lock@OpenGLDrv@@YAXXZ  004452b4 f   gl_interface.obj
 0001:0004432c       ?GL_Unlock@OpenGLDrv@@YAXXZ 0044532c f   gl_interface.obj
 0001:000444ee       ?GL_Bind@OpenGLDrv@@YAXPBVimage_t@1@@Z 004454ee f   gl_interface.obj
 0001:00044683       ?GL_BindForce@OpenGLDrv@@YAXPBVimage_t@1@@Z 00445683 f   gl_interface.obj
 0001:0004471b       ?GL_TexEnv@OpenGLDrv@@YAXI@Z 0044571b f   gl_interface.obj
 0001:0004489a       ?GL_TexMipBias@OpenGLDrv@@YAXM@Z 0044589a f   gl_interface.obj
 0001:000448f6       ?GL_TexEnvColor@OpenGLDrv@@YAXPBTcolor_t@@@Z 004458f6 f   gl_interface.obj
 0001:000449a6       ?GL_SelectTexture@OpenGLDrv@@YAXH@Z 004459a6 f   gl_interface.obj
 0001:00044a09       ?GL_TexCoordPointer@OpenGLDrv@@YAXPAX@Z 00445a09 f   gl_interface.obj
 0001:00044a3c       ?GL_SetMultitexture@OpenGLDrv@@YAXH@Z 00445a3c f   gl_interface.obj
 0001:00044b2d       ?GL_DisableTexCoordArrays@OpenGLDrv@@YAXXZ 00445b2d f   gl_interface.obj
 0001:00044b81       ?GL_CullFace@OpenGLDrv@@YAXW4gl_cullMode_t@1@@Z 00445b81 f   gl_interface.obj
 0001:00044bd5       ?GL_DepthRange@OpenGLDrv@@YAXW4gl_depthMode_t@1@@Z 00445bd5 f   gl_interface.obj
 0001:00044c0b       ?GL_State@OpenGLDrv@@YAXI@Z 00445c0b f   gl_interface.obj
 0001:00044d5b       ?GL_EnableFog@OpenGLDrv@@YAX_N@Z 00445d5b f   gl_interface.obj
 0001:00044e35       ?GL_SetDefaultState@OpenGLDrv@@YAXXZ 00445e35 f   gl_interface.obj
 0001:00044f8c       ?GL_Set2DMode@OpenGLDrv@@YAXXZ 00445f8c f   gl_interface.obj
 0001:00045087       ?GL_Set3DMode@OpenGLDrv@@YAXPAUviewPortal_t@1@@Z 00446087 f   gl_interface.obj
 0001:00045172       ?Show@CPointLight@OpenGLDrv@@UBEXXZ 00446172 f   gl_light.obj
 0001:0004537b       ?Show@CSurfLight@OpenGLDrv@@UBEXXZ 0044637b f   gl_light.obj
 0001:000454d5       ?ShowLights@OpenGLDrv@@YAXXZ 004464d5 f   gl_light.obj
 0001:00045544       ?Init@CPointLight@OpenGLDrv@@UAEXXZ 00446544 f   gl_light.obj
 0001:0004555c       ?Init@CLightLinear@OpenGLDrv@@EAEXXZ 0044655c f   gl_light.obj
 0001:00045590       ?GetScale@CLightLinear@OpenGLDrv@@EBEMM@Z 00446590 f   gl_light.obj
 0001:000455a0       ?Init@CLightInv@OpenGLDrv@@EAEXXZ 004465a0 f   gl_light.obj
 0001:000455bc       ?GetScale@CLightInv@OpenGLDrv@@EBEMM@Z 004465bc f   gl_light.obj
 0001:000455d8       ?Init@CLightInv2@OpenGLDrv@@EAEXXZ 004465d8 f   gl_light.obj
 0001:0004563f       ?GetScale@CLightInv2@OpenGLDrv@@EBEMM@Z 0044663f f   gl_light.obj
 0001:00045661       ?Init@CLightNofade@OpenGLDrv@@EAEXXZ 00446661 f   gl_light.obj
 0001:00045672       ?GetScale@CLightNofade@OpenGLDrv@@EBEMM@Z 00446672 f   gl_light.obj
 0001:00045678       ?Add@CPointLight@OpenGLDrv@@UBEXABUCVec3@@ABUCAxis@@@Z 00446678 f   gl_light.obj
 0001:00045ac4       ?Init@CSurfLight@OpenGLDrv@@UAEXXZ 00446ac4 f   gl_light.obj
 0001:00045b9d       ?Add@CSurfLight@OpenGLDrv@@UBEXABUCVec3@@ABUCAxis@@@Z 00446b9d f   gl_light.obj
 0001:00045fbe       ?Init@CSunLight@OpenGLDrv@@UAEXXZ 00446fbe f   gl_light.obj
 0001:0004606b       ?Add@CSunLight@OpenGLDrv@@UBEXABUCVec3@@ABUCAxis@@@Z 0044706b f   gl_light.obj
 0001:00046131       ?LightForEntity@OpenGLDrv@@YAXPAUrefEntity_t@1@@Z 00447131 f   gl_light.obj
 0001:00046a0c       ?DiffuseLight@OpenGLDrv@@YAXPATcolor_t@@M@Z 00447a0c f   gl_light.obj
 0001:00046c58       ?InitLightGrid@OpenGLDrv@@YAXXZ 00447c58 f   gl_light.obj
 0001:00046cfe       ?PostLoadLights@OpenGLDrv@@YAXXZ 00447cfe f   gl_light.obj
 0001:00046de7       ?LM_Init@OpenGLDrv@@YAXXZ  00447de7 f   gl_lightmap.obj
 0001:00046dfd       ?LM_Flush@OpenGLDrv@@YAXPAUlightmapBlock_t@1@@Z 00447dfd f   gl_lightmap.obj
 0001:00046e5d       ?LM_Done@OpenGLDrv@@YAXXZ  00447e5d f   gl_lightmap.obj
 0001:00046e84       ?LM_Save@OpenGLDrv@@YAXPAUlightmapBlock_t@1@@Z 00447e84 f   gl_lightmap.obj
 0001:00046e9f       ?LM_Restore@OpenGLDrv@@YAXPAUlightmapBlock_t@1@@Z 00447e9f f   gl_lightmap.obj
 0001:00046eba       ?LM_NewBlock@OpenGLDrv@@YAPAUlightmapBlock_t@1@XZ 00447eba f   gl_lightmap.obj
 0001:00046f19       ?LM_Rewind@OpenGLDrv@@YAXXZ 00447f19 f   gl_lightmap.obj
 0001:00046f21       ?LM_NextBlock@OpenGLDrv@@YAPAUlightmapBlock_t@1@XZ 00447f21 f   gl_lightmap.obj
 0001:00046f4e       ?LM_CheckMinlight@OpenGLDrv@@YAXPAUdynamicLightmap_t@1@@Z 00447f4e f   gl_lightmap.obj
 0001:00046fe4       ?LM_AllocBlock@OpenGLDrv@@YA_NPAUlightmapBlock_t@1@PAUdynamicLightmap_t@1@@Z 00447fe4 f   gl_lightmap.obj
 0001:0004710a       ?LM_PutBlock@OpenGLDrv@@YAXPAUdynamicLightmap_t@1@@Z 0044810a f   gl_lightmap.obj
 0001:0004757e       ?LM_PutBlock1@OpenGLDrv@@YAXPAUdynamicLightmap_t@1@@Z 0044857e f   gl_lightmap.obj
 0001:000476cf       ?LM_SortLightStyles@OpenGLDrv@@YAXPAUdynamicLightmap_t@1@@Z 004486cf f   gl_lightmap.obj
 0001:00047761       ?UpdateDynamicLightmap@OpenGLDrv@@YAXPAVsurfacePlanar_t@1@_NI@Z 00448761 f   gl_lightmap.obj
 0001:00047fa7       ?LM_IsMonotone@OpenGLDrv@@YA_NPAUdynamicLightmap_t@1@PATcolor_t@@@Z 00448fa7 f   gl_lightmap.obj
 0001:000480ae       ?Init@OpenGLDrv@@YA_NXZ    004490ae f   gl_main.obj
 0001:000487a1       ?Shutdown@OpenGLDrv@@YAX_N@Z 004497a1 f   gl_main.obj
 0001:0004882a       ?GL_EnableRendering@OpenGLDrv@@YAX_N@Z 0044982a f   gl_main.obj
 0001:00048848       ?BeginFrame@OpenGLDrv@@YAXN@Z 00449848 f   gl_main.obj
 0001:00048975       ?EndFrame@OpenGLDrv@@YAXXZ 00449975 f   gl_main.obj
 0001:0004898d       ?RenderFrame@OpenGLDrv@@YAXPAUrefdef_t@@@Z 0044998d f   gl_main.obj
 0001:000492db       ?Fill8@OpenGLDrv@@YAXHHHHH@Z 0044a2db f   gl_main.obj
 0001:0004931e       ?Fill@OpenGLDrv@@YAXHHHHI@Z 0044a31e f   gl_main.obj
 0001:0004935a       ?TileClear@OpenGLDrv@@YAXHHHHPBD@Z 0044a35a f   gl_main.obj
 0001:000493fb       ?DrawStretchPic@OpenGLDrv@@YAXHHHHPBD@Z 0044a3fb f   gl_main.obj
 0001:00049440       ?DrawDetailedPic@OpenGLDrv@@YAXHHHHPBD@Z 0044a440 f   gl_main.obj
 0001:000494ea       ?DrawPic@OpenGLDrv@@YAXHHPBDHH@Z 0044a4ea f   gl_main.obj
 0001:00049572       ?LoadNewWorld@OpenGLDrv@@YAXPBD@Z 0044a572 f   gl_main.obj
 0001:000495a7       ?DumpLoadStats@OpenGLDrv@@YAXXZ 0044a5a7 f   gl_main.obj
 0001:0004962d       ?FinishLoadingWorld@OpenGLDrv@@YAXXZ 0044a62d f   gl_main.obj
 0001:00049632       ?RegisterPic@OpenGLDrv@@YAPAVCBasicImage@@PBD@Z 0044a632 f   gl_main.obj
 0001:00049646       ?RegisterSkin@OpenGLDrv@@YAPAVCBasicImage@@PBD_N@Z 0044a646 f   gl_main.obj
 0001:00049666       ?RegisterModel@OpenGLDrv@@YAPAVCRenderModel@@PBD@Z 0044a666 f   gl_main.obj
 0001:00049674       ?SetSky@OpenGLDrv@@YAXPBDMABUCVec3@@@Z 0044a674 f   gl_main.obj
 0001:00049753       ?Screenshot@OpenGLDrv@@YAXHPBD@Z 0044a753 f   gl_main.obj
 0001:0004977c       ?GetClientLight@OpenGLDrv@@YAMXZ 0044a77c f   gl_main.obj
 0001:00049783       ?InitFuncTables@OpenGLDrv@@YAXXZ 0044a783 f   gl_math.obj
 0001:00049929       ?BuildRotationAxis@OpenGLDrv@@YAXAAUCAxis@@ABUCVec3@@M@Z 0044a929 f   gl_math.obj
 0001:00049a20       ?GetBoxRect@OpenGLDrv@@YA_NPBUrefEntity_t@1@ABUCVec3@@QAM2_N@Z 0044aa20 f   gl_math.obj
 0001:00049d2a       ?ProjectToScreen@OpenGLDrv@@YA_NABUCVec3@@QAH@Z 0044ad2a f   gl_math.obj
 0001:00049e6d       ?SaturateColor3f@OpenGLDrv@@YAXAAUCVec3@@@Z 0044ae6d f   gl_math.obj
 0001:00049f5d       ?SaturateColor4b@OpenGLDrv@@YAXPATcolor_t@@@Z 0044af5d f   gl_math.obj
 0001:0004a06b       ?SubdividePlane@OpenGLDrv@@YAHPAPAUCVec3@@HM@Z 0044b06b f   gl_poly.obj
 0001:0004a54a       ?FreeSubdividedPlane@OpenGLDrv@@YAXXZ 0044b54a f   gl_poly.obj
 0001:0004a562       ?GetSubdivideIndexes@OpenGLDrv@@YAXPAH@Z 0044b562 f   gl_poly.obj
 0001:0004a5b8       ?RemoveCollinearPoints@OpenGLDrv@@YAHPAPAUCVec3@@H@Z 0044b5b8 f   gl_poly.obj
 0001:0004a6ae       ?GetPolyArea@OpenGLDrv@@YAMPAPAUCVec3@@H@Z 0044b6ae f   gl_poly.obj
 0001:0004a741       ?InitShaders@OpenGLDrv@@YAXXZ 0044b741 f   gl_shader.obj
 0001:0004a8df       ?ShutdownShaders@OpenGLDrv@@YAXXZ 0044b8df f   gl_shader.obj
 0001:0004a91d       ?GetLightmapImage@OpenGLDrv@@YAPAVimage_t@1@H@Z 0044b91d f   gl_shader.obj
 0001:0004a948       ?SetShaderLightmap@OpenGLDrv@@YAPAVshader_t@1@PAV21@H@Z 0044b948 f   gl_shader.obj
 0001:0004ac62       ??4shader_t@OpenGLDrv@@QAEAAV01@ABV01@@Z 0044bc62 f i gl_shader.obj
 0001:0004aeb6       ?SetShaderLightstyles@OpenGLDrv@@YAPAVshader_t@1@PAV21@I_N@Z 0044beb6 f   gl_shader.obj
 0001:0004af68       ?GetAlphaShader@OpenGLDrv@@YAPAVshader_t@1@PAV21@@Z 0044bf68 f   gl_shader.obj
 0001:0004b3c9       ?SetShaderAnimFreq@OpenGLDrv@@YAXPAVshader_t@1@H@Z 0044c3c9 f   gl_shader.obj
 0001:0004b41f       ?FindShader@OpenGLDrv@@YAPAVshader_t@1@PBDI@Z 0044c41f f   gl_shader.obj
 0001:0004cf31       ?GetShaderByNum@OpenGLDrv@@YAPAVshader_t@1@H@Z 0044df31 f   gl_shader.obj
 0001:0004cf53       ?ResetShaders@OpenGLDrv@@YAXXZ 0044df53 f   gl_shader.obj
 0001:0004d18b       ?Reload@shader_t@OpenGLDrv@@UAEXXZ 0044e18b f   gl_shader.obj
 0001:0004d1ba       ?ClearSky@OpenGLDrv@@YAXXZ 0044e1ba f   gl_sky.obj
 0001:0004d217       ?AddSkySurface@OpenGLDrv@@YAXPAVsurfacePlanar_t@1@E@Z 0044e217 f   gl_sky.obj
 0001:0004d7df       ?DrawSky@OpenGLDrv@@YAXXZ  0044e7df f   gl_sky.obj
 0001:0004dfdd       ?DrawChar@OpenGLDrv@@YAXHHHH@Z 0044efdd f   gl_text.obj
 0001:0004e037       ?ClearTexts@OpenGLDrv@@YAXXZ 0044f037 f   gl_text.obj
 0001:0004e04c       ?FlushTexts@OpenGLDrv@@YAXXZ 0044f04c f   gl_text.obj
 0001:0004e0f8       ?DrawTextPos@OpenGLDrv@@YAXHHPBDI@Z 0044f0f8 f   gl_text.obj
 0001:0004e124       ?DrawTextLeft@OpenGLDrv@@YAXPBDI@Z 0044f124 f   gl_text.obj
 0001:0004e1ac       ?DrawTextRight@OpenGLDrv@@YAXPBDI@Z 0044f1ac f   gl_text.obj
 0001:0004e1f6       ?DrawText3D@OpenGLDrv@@YAXABUCVec3@@PBDI@Z 0044f1f6 f   gl_text.obj
 0001:0004e223       ?InitTexts@OpenGLDrv@@YAXXZ 0044f223 f   gl_text.obj
 0001:0004e23d       ??0?$TTextContainer@UCRText@OpenGLDrv@@$0BAAAA@@@QAE@XZ 0044f23d f i gl_text.obj
 0001:0004e262       ?FindModel@OpenGLDrv@@YAPAVmodel_t@1@PBD@Z 0044f262 f   gl_model.obj
 0001:0004e43e       ?FreeModels@OpenGLDrv@@YAXXZ 0044f43e f   gl_model.obj
 0001:0004e4b0       ?InitModels@OpenGLDrv@@YAXXZ 0044f4b0 f   gl_model.obj
 0001:0004e5a6       ?ShutdownModels@OpenGLDrv@@YAXXZ 0044f5a6 f   gl_model.obj
 0001:0004e5b7       ?LoadWorldMap@OpenGLDrv@@YAXPBD@Z 0044f5b7 f   gl_bspmodel.obj
 0001:0004ea47       ?GetName@CLightLinear@OpenGLDrv@@EBEPBDXZ 0044fa47 f i gl_bspmodel.obj
 0001:0004ea4d       ?GetName@CLightInv@OpenGLDrv@@EBEPBDXZ 0044fa4d f i gl_bspmodel.obj
 0001:0004ea53       ?GetName@CLightInv2@OpenGLDrv@@EBEPBDXZ 0044fa53 f i gl_bspmodel.obj
 0001:0004ea59       ?GetName@CLightNofade@OpenGLDrv@@EBEPBDXZ 0044fa59 f i gl_bspmodel.obj
 0001:0004ea5f       ?Close@COutputDevice@@UAEXXZ 0044fa5f f i gl_bspmodel.obj
 0001:0004ea5f       ?Flush@COutputDevice@@UAEXXZ 0044fa5f f i gl_bspmodel.obj
 0001:0004ea5f       ?Show@CSunLight@OpenGLDrv@@UBEXXZ 0044fa5f f i gl_bspmodel.obj
 0001:00050863       ?LerpTag@model_t@OpenGLDrv@@UBE_NHHMPBDAAUCCoords@@@Z 00451863 f   gl_trimodel.obj
 0001:00050871       ?LerpTag@md3Model_t@OpenGLDrv@@UBE_NHHMPBDAAUCCoords@@@Z 00451871 f   gl_trimodel.obj
 0001:00050981       ?LoadMd2@OpenGLDrv@@YAPAVmd3Model_t@1@PBDPAEI@Z 00451981 f   gl_trimodel.obj
 0001:00051516       ?ATAN2_FUNC@OpenGLDrv@@YAMMM@Z 00452516 f i gl_trimodel.obj
 0001:000516cc       ?LoadMd3@OpenGLDrv@@YAPAVmd3Model_t@1@PBDPAEI@Z 004526cc f   gl_trimodel.obj
 0001:00051bad       ?LoadSp2@OpenGLDrv@@YAPAVsprModel_t@1@PBDPAEI@Z 00452bad f   gl_trimodel.obj
 0001:00051dd8       ?LoadSpr@OpenGLDrv@@YAPAVsprModel_t@1@PBDPAEI@Z 00452dd8 f   gl_trimodel.obj
 0001:00053551       ?QGL_Init@OpenGLDrv@@YA_NPBD@Z 00454551 f   GLBind.obj
[...]
 0001:00063301       _noscale                   00464301 f   libs-vc-win32:jcscale.obj
 0001:00062daa       _start_pass                00463daa f   libs-vc-win32:jcpred.obj
 0001:00062e02       _reset_predictor           00463e02 f   libs-vc-win32:jcpred.obj
 0001:00062e2f       _jpeg_difference_first_row 00463e2f f   libs-vc-win32:jcpred.obj
 0001:00062f19       _jpeg_difference1          00463f19 f   libs-vc-win32:jcpred.obj
 0001:00062f87       _jpeg_difference2          00463f87 f   libs-vc-win32:jcpred.obj
 0001:00062ff8       _jpeg_difference3          00463ff8 f   libs-vc-win32:jcpred.obj
 0001:00063070       _jpeg_difference4          00464070 f   libs-vc-win32:jcpred.obj
 0001:000630fb       _jpeg_difference5          004640fb f   libs-vc-win32:jcpred.obj
 0001:0006318e       _jpeg_difference6          0046418e f   libs-vc-win32:jcpred.obj
 0001:0006321d       _jpeg_difference7          0046421d f   libs-vc-win32:jcpred.obj
 0001:00062699       _start_pass_huff           00463699 f   libs-vc-win32:jclhuff.obj
 0001:00062836       _encode_mcus_huff          00463836 f   libs-vc-win32:jclhuff.obj
 0001:00062a21       _emit_bits                 00463a21 f   libs-vc-win32:jclhuff.obj
 0001:00062ac4       _dump_buffer               00463ac4 f   libs-vc-win32:jclhuff.obj
 0001:00062ae8       _emit_restart              00463ae8 f   libs-vc-win32:jclhuff.obj
 0001:00062b33       _flush_bits                00463b33 f   libs-vc-win32:jclhuff.obj
 0001:00062b57       _finish_pass_huff          00463b57 f   libs-vc-win32:jclhuff.obj
 0001:00062bc4       _encode_mcus_gather        00463bc4 f   libs-vc-win32:jclhuff.obj
 0001:00062ced       _finish_pass_gather        00463ced f   libs-vc-win32:jclhuff.obj
 0001:00062d83       _need_optimization_pass    00463d83 f   libs-vc-win32:jclhuff.obj
 0001:000622b9       _start_pass_diff           004632b9 f   libs-vc-win32:jcdiffct.obj
 0001:000605c2       _start_iMCU_row            004615c2 f   libs-vc-win32:jccoefct.obj
 0001:00062357       _compress_data             00463357 f   libs-vc-win32:jcdiffct.obj
 0001:000624ed       _compress_first_pass       004634ed f   libs-vc-win32:jcdiffct.obj
 0001:000625e2       _compress_output           004635e2 f   libs-vc-win32:jcdiffct.obj
 0001:00061ecc       _start_pass_fdctmgr        00462ecc f   libs-vc-win32:jcdctmgr.obj
 0001:00061fce       _forward_DCT_float         00462fce f   libs-vc-win32:jcdctmgr.obj
 0001:00061401       _start_pass_phuff          00462401 f   libs-vc-win32:jcphuff.obj
 0001:0006156e       _encode_mcu_DC_first       0046256e f   libs-vc-win32:jcphuff.obj
 0001:000616a0       _emit_bits                 004626a0 f   libs-vc-win32:jcphuff.obj
 0001:0006174b       _dump_buffer               0046274b f   libs-vc-win32:jcphuff.obj
 0001:00061783       _emit_symbol               00462783 f   libs-vc-win32:jcphuff.obj
 0001:000617c3       _emit_restart              004627c3 f   libs-vc-win32:jcphuff.obj
 0001:0006184c       _emit_eobrun               0046284c f   libs-vc-win32:jcphuff.obj
 0001:000618d2       _encode_mcu_AC_first       004628d2 f   libs-vc-win32:jcphuff.obj
 0001:00061a66       _encode_mcu_DC_refine      00462a66 f   libs-vc-win32:jcphuff.obj
 0001:00061b20       _encode_mcu_AC_refine      00462b20 f   libs-vc-win32:jcphuff.obj
 0001:00061d37       _finish_pass_phuff         00462d37 f   libs-vc-win32:jcphuff.obj
 0001:00061d86       _finish_pass_gather_phuff  00462d86 f   libs-vc-win32:jcphuff.obj
 0001:00061e49       _need_optimization_pass    00462e49 f   libs-vc-win32:jcphuff.obj
 0001:00060b9c       _start_pass_huff           00461b9c f   libs-vc-win32:jcshuff.obj
 0001:00060d11       _encode_mcu_huff           00461d11 f   libs-vc-win32:jcshuff.obj
 0001:00060e1c       _encode_one_block          00461e1c f   libs-vc-win32:jcshuff.obj
 0001:00060f93       _emit_bits                 00461f93 f   libs-vc-win32:jcshuff.obj
 0001:00061036       _dump_buffer               00462036 f   libs-vc-win32:jcshuff.obj
 0001:0006105a       _emit_restart              0046205a f   libs-vc-win32:jcshuff.obj
 0001:000610c7       _flush_bits                004620c7 f   libs-vc-win32:jcshuff.obj
 0001:000610eb       _finish_pass_huff          004620eb f   libs-vc-win32:jcshuff.obj
 0001:0006115a       _encode_mcu_gather         0046215a f   libs-vc-win32:jcshuff.obj
 0001:00061210       _htest_one_block           00462210 f   libs-vc-win32:jcshuff.obj
 0001:000612d7       _finish_pass_gather        004622d7 f   libs-vc-win32:jcshuff.obj
 0001:00062d83       _need_optimization_pass    00463d83 f   libs-vc-win32:jclhuff.obj
 0001:0006052d       _start_pass_coef           0046152d f   libs-vc-win32:jccoefct.obj
 0001:000605c2       _start_iMCU_row            004615c2 f   libs-vc-win32:jccoefct.obj
 0001:00060604       _compress_data             00461604 f   libs-vc-win32:jccoefct.obj
 0001:000607eb       _compress_first_pass       004617eb f   libs-vc-win32:jccoefct.obj
 0001:000609d1       _compress_output           004619d1 f   libs-vc-win32:jccoefct.obj
 0001:00060445       _calc_output_dimensions    00461445 f   libs-vc-win32:jdlossls.obj
 0001:00060456       _start_input_pass          00461456 f   libs-vc-win32:jdlossls.obj
 0001:00060184       _calc_output_dimensions    00461184 f   libs-vc-win32:jdlossy.obj
 0001:000602f7       _start_input_pass          004612f7 f   libs-vc-win32:jdlossy.obj
 0001:00060317       _latch_quant_tables        00461317 f   libs-vc-win32:jdlossy.obj
 0001:000603af       _start_output_pass         004613af f   libs-vc-win32:jdlossy.obj
 0001:000600d3       _start_pass                004610d3 f   libs-vc-win32:jclossls.obj
 0001:0006003f       _start_pass                0046103f f   libs-vc-win32:jclossy.obj
 0001:0005f594       _initial_setup             00460594 f   libs-vc-win32:jcmaster.obj
 0001:0005f747       _validate_script           00460747 f   libs-vc-win32:jcmaster.obj
 0001:0005fb1f       _prepare_for_pass          00460b1f f   libs-vc-win32:jcmaster.obj
 0001:0005fc97       _select_scan_parameters    00460c97 f   libs-vc-win32:jcmaster.obj
 0001:0005fd98       _per_scan_setup            00460d98 f   libs-vc-win32:jcmaster.obj
 0001:0005ff43       _pass_startup              00460f43 f   libs-vc-win32:jcmaster.obj
 0001:0005ff6a       _finish_pass_master        00460f6a f   libs-vc-win32:jcmaster.obj
 0001:0005f080       _rgb_ycc_start             00460080 f   libs-vc-win32:jccolor.obj
 0001:0005f144       _rgb_ycc_convert           00460144 f   libs-vc-win32:jccolor.obj
 0001:0005f243       _rgb_gray_convert          00460243 f   libs-vc-win32:jccolor.obj
 0001:0005f2c8       _cmyk_ycck_convert         004602c8 f   libs-vc-win32:jccolor.obj
 0001:0005f400       _grayscale_convert         00460400 f   libs-vc-win32:jccolor.obj
 0001:0005f45a       _null_convert              0046045a f   libs-vc-win32:jccolor.obj
 0001:00030af9       _null_method               00431af9 f   images.obj
 0001:00030af9       _start_pass_downsample     00431af9 f   images.obj
 0001:0005e7cc       _sep_downsample            0045f7cc f   libs-vc-win32:jcsample.obj
 0001:0005e841       _int_downsample            0045f841 f   libs-vc-win32:jcsample.obj
 0001:0005e939       _expand_right_edge         0045f939 f   libs-vc-win32:jcsample.obj
 0001:0005e98e       _fullsize_downsample       0045f98e f   libs-vc-win32:jcsample.obj
 0001:0005e9d2       _h2v1_downsample           0045f9d2 f   libs-vc-win32:jcsample.obj
 0001:0005ea66       _h2v2_downsample           0045fa66 f   libs-vc-win32:jcsample.obj
 0001:0005eb13       _h2v2_smooth_downsample    0045fb13 f   libs-vc-win32:jcsample.obj
 0001:0005ed8b       _fullsize_smooth_downsample 0045fd8b f   libs-vc-win32:jcsample.obj
 0001:0005e1c8       _start_pass_prep           0045f1c8 f   libs-vc-win32:jcprepct.obj
 0001:0005e206       _pre_process_data          0045f206 f   libs-vc-win32:jcprepct.obj
 0001:0005e3b4       _pre_process_context       0045f3b4 f   libs-vc-win32:jcprepct.obj
 0001:0005e56d       _create_context_buffer     0045f56d f   libs-vc-win32:jcprepct.obj
 0001:0005e040       _start_pass_main           0045f040 f   libs-vc-win32:jcmainct.obj
 0001:0005e082       _process_data_simple_main  0045f082 f   libs-vc-win32:jcmainct.obj
 0001:0005d616       _create_colormap           0045e616 f   libs-vc-win32:jquant1.obj
 0001:0005d748       _select_ncolors            0045e748 f   libs-vc-win32:jquant1.obj
 0001:0005d81f       _create_colorindex         0045e81f f   libs-vc-win32:jquant1.obj
 0001:0005d94b       _alloc_fs_workspace        0045e94b f   libs-vc-win32:jquant1.obj
 0001:0005d987       _start_pass_1_quant        0045e987 f   libs-vc-win32:jquant1.obj
 0001:0005da53       _create_odither_tables     0045ea53 f   libs-vc-win32:jquant1.obj
 0001:0005dab2       _make_odither_array        0045eab2 f   libs-vc-win32:jquant1.obj
 0001:0005db15       _color_quantize            0045eb15 f   libs-vc-win32:jquant1.obj
 0001:0005dba0       _color_quantize3           0045eba0 f   libs-vc-win32:jquant1.obj
 0001:0005dc2e       _quantize_ord_dither       0045ec2e f   libs-vc-win32:jquant1.obj
 0001:0005dd19       _quantize3_ord_dither      0045ed19 f   libs-vc-win32:jquant1.obj
 0001:0005de19       _quantize_fs_dither        0045ee19 f   libs-vc-win32:jquant1.obj
 0001:00030af9       _finish_pass_1_quant       00431af9 f   images.obj
 0001:0005df9d       _new_color_map_1_quant     0045ef9d f   libs-vc-win32:jquant1.obj
 0001:0005c5d7       _init_error_limit          0045d5d7 f   libs-vc-win32:jquant2.obj
 0001:0005c676       _start_pass_2_quant        0045d676 f   libs-vc-win32:jquant2.obj
 0001:0005c778       _prescan_quantize          0045d778 f   libs-vc-win32:jquant2.obj
 0001:0005c7e7       _pass2_no_dither           0045d7e7 f   libs-vc-win32:jquant2.obj
 0001:0005c894       _fill_inverse_cmap         0045d894 f   libs-vc-win32:jquant2.obj
 0001:0005c95f       _find_nearby_colors        0045d95f f   libs-vc-win32:jquant2.obj
 0001:0005cb03       _find_best_colors          0045db03 f   libs-vc-win32:jquant2.obj
 0001:0005cc1d       _pass2_fs_dither           0045dc1d f   libs-vc-win32:jquant2.obj
 0001:0005ce8c       _finish_pass1              0045de8c f   libs-vc-win32:jquant2.obj
 0001:0005ceae       _select_colors             0045deae f   libs-vc-win32:jquant2.obj
 0001:0005cf3a       _update_box                0045df3a f   libs-vc-win32:jquant2.obj
 0001:0005d2d4       _median_cut                0045e2d4 f   libs-vc-win32:jquant2.obj
 0001:0005d3e8       _find_biggest_color_pop    0045e3e8 f   libs-vc-win32:jquant2.obj
 0001:0005d417       _find_biggest_volume       0045e417 f   libs-vc-win32:jquant2.obj
 0001:0005d440       _compute_color             0045e440 f   libs-vc-win32:jquant2.obj
 0001:00030af9       _finish_pass2              00431af9 f   images.obj
 0001:0005d57c       _new_color_map_2_quant     0045e57c f   libs-vc-win32:jquant2.obj
 0001:0005bfee       _build_ycc_rgb_table       0045cfee f   libs-vc-win32:jdmerge.obj
 0001:0005c09e       _start_pass_merged_upsample 0045d09e f   libs-vc-win32:jdmerge.obj
 0001:0005c0b3       _merged_2v_upsample        0045d0b3 f   libs-vc-win32:jdmerge.obj
 0001:0005c15a       _merged_1v_upsample        0045d15a f   libs-vc-win32:jdmerge.obj
 0001:0005c18b       _h2v1_merged_upsample      0045d18b f   libs-vc-win32:jdmerge.obj
 0001:0005c2e1       _h2v2_merged_upsample      0045d2e1 f   libs-vc-win32:jdmerge.obj
 0001:0005bb92       _build_ycc_rgb_table       0045cb92 f   libs-vc-win32:jdcolor.obj
 0001:0005bc42       _ycc_rgb_convert           0045cc42 f   libs-vc-win32:jdcolor.obj
 0001:0005bd50       _null_convert              0045cd50 f   libs-vc-win32:jdcolor.obj
 0001:0005bdc8       _grayscale_convert         0045cdc8 f   libs-vc-win32:jdcolor.obj
 0001:0005bdeb       _gray_rgb_convert          0045cdeb f   libs-vc-win32:jdcolor.obj
 0001:0005be44       _ycck_cmyk_convert         0045ce44 f   libs-vc-win32:jdcolor.obj
 0001:00030af9       _start_pass_dcolor         00431af9 f   images.obj
 0001:0005b5f3       _start_pass_upsample       0045c5f3 f   libs-vc-win32:jdsample.obj
 0001:0005b60d       _sep_upsample              0045c60d f   libs-vc-win32:jdsample.obj
 0001:0005b6da       _fullsize_upsample         0045c6da f   libs-vc-win32:jdsample.obj
 0001:0005b6e5       _noop_upsample             0045c6e5 f   libs-vc-win32:jdsample.obj
 0001:0005b6ed       _int_upsample              0045c6ed f   libs-vc-win32:jdsample.obj
 0001:0005b7d7       _h2v1_upsample             0045c7d7 f   libs-vc-win32:jdsample.obj
 0001:0005b82e       _h2v2_upsample             0045c82e f   libs-vc-win32:jdsample.obj
 0001:0005b8a0       _h2v1_fancy_upsample       0045c8a0 f   libs-vc-win32:jdsample.obj
 0001:0005b943       _h2v2_fancy_upsample       0045c943 f   libs-vc-win32:jdsample.obj
 0001:0005b1fc       _start_pass_dpost          0045c1fc f   libs-vc-win32:jdpostct.obj
 0001:0005b2a2       _post_process_1pass        0045c2a2 f   libs-vc-win32:jdpostct.obj
 0001:0005b307       _post_process_prepass      0045c307 f   libs-vc-win32:jdpostct.obj
 0001:0005b398       _post_process_2pass        0045c398 f   libs-vc-win32:jdpostct.obj
 0001:0005ac03       _alloc_funny_pointers      0045bc03 f   libs-vc-win32:jdmainct.obj
 0001:0005acb0       _start_pass_main           0045bcb0 f   libs-vc-win32:jdmainct.obj
 0001:0005ad18       _make_funny_pointers       0045bd18 f   libs-vc-win32:jdmainct.obj
 0001:0005ae58       _process_data_simple_main  0045be58 f   libs-vc-win32:jdmainct.obj
 0001:0005aec0       _process_data_context_main 0045bec0 f   libs-vc-win32:jdmainct.obj
 0001:0005afd2       _set_wraparound_pointers   0045bfd2 f   libs-vc-win32:jdmainct.obj
 0001:0005b0bc       _set_bottom_pointers       0045c0bc f   libs-vc-win32:jdmainct.obj
 0001:0005b156       _process_data_crank_post   0045c156 f   libs-vc-win32:jdmainct.obj
 0001:0005992f       _write_marker_header       0045a92f f   libs-vc-win32:jcmarker.obj
 0001:00059985       _emit_byte                 0045a985 f   libs-vc-win32:jcmarker.obj
 0001:000599b6       _write_marker_byte         0045a9b6 f   libs-vc-win32:jcmarker.obj
 0001:000599c6       _write_file_header         0045a9c6 f   libs-vc-win32:jcmarker.obj
 0001:00059a12       _emit_jfif_app0            0045aa12 f   libs-vc-win32:jcmarker.obj
 0001:00059ae5       _emit_adobe_app14          0045aae5 f   libs-vc-win32:jcmarker.obj
 0001:00059b8b       _write_frame_header        0045ab8b f   libs-vc-win32:jcmarker.obj
 0001:00059c6a       _emit_dqt                  0045ac6a f   libs-vc-win32:jcmarker.obj
 0001:00059d59       _emit_sof                  0045ad59 f   libs-vc-win32:jcmarker.obj
 0001:00059e35       _write_scan_header         0045ae35 f   libs-vc-win32:jcmarker.obj
 0001:00059ef5       _emit_dht                  0045aef5 f   libs-vc-win32:jcmarker.obj
 0001:00059fce       _emit_dri                  0045afce f   libs-vc-win32:jcmarker.obj
 0001:0005a01d       _emit_sos                  0045b01d f   libs-vc-win32:jcmarker.obj
 0001:0005a10b       _write_file_trailer        0045b10b f   libs-vc-win32:jcmarker.obj
 0001:0005a12b       _write_tables_only         0045b12b f   libs-vc-win32:jcmarker.obj
 0001:00059484       _use_merged_upsample       0045a484 f   libs-vc-win32:jdmaster.obj
 0001:0005952a       _master_selection          0045a52a f   libs-vc-win32:jdmaster.obj
 0001:00059687       _prepare_range_limit_table 0045a687 f   libs-vc-win32:jdmaster.obj
 0001:0005970d       _prepare_for_output_pass   0045a70d f   libs-vc-win32:jdmaster.obj
 0001:0005982e       _finish_output_pass        0045a82e f   libs-vc-win32:jdmaster.obj
 0001:000588fb       _alloc_small               004598fb f   libs-vc-win32:jmemmgr.obj
 0001:00058a19       _alloc_large               00459a19 f   libs-vc-win32:jmemmgr.obj
 0001:00058aca       _alloc_sarray              00459aca f   libs-vc-win32:jmemmgr.obj
 0001:00058b62       _alloc_barray              00459b62 f   libs-vc-win32:jmemmgr.obj
 0001:00058c06       _alloc_darray              00459c06 f   libs-vc-win32:jmemmgr.obj
 0001:00058cb1       _request_virt_sarray       00459cb1 f   libs-vc-win32:jmemmgr.obj
 0001:00058d12       _request_virt_barray       00459d12 f   libs-vc-win32:jmemmgr.obj
 0001:00058d73       _realize_virt_arrays       00459d73 f   libs-vc-win32:jmemmgr.obj
 0001:00058ef6       _access_virt_sarray        00459ef6 f   libs-vc-win32:jmemmgr.obj
 0001:00059016       _do_sarray_io              0045a016 f   libs-vc-win32:jmemmgr.obj
 0001:000590a6       _access_virt_barray        0045a0a6 f   libs-vc-win32:jmemmgr.obj
 0001:000591cb       _do_barray_io              0045a1cb f   libs-vc-win32:jmemmgr.obj
 0001:0005925c       _free_pool                 0045a25c f   libs-vc-win32:jmemmgr.obj
 0001:00059343       _self_destruct             0045a343 f   libs-vc-win32:jmemmgr.obj
 0001:00058395       _start_input_pass          00459395 f   libs-vc-win32:jdinput.obj
 0001:000583c3       _per_scan_setup            004593c3 f   libs-vc-win32:jdinput.obj
 0001:00058549       _finish_input_pass         00459549 f   libs-vc-win32:jdinput.obj
 0001:0005855a       _consume_markers           0045955a f   libs-vc-win32:jdinput.obj
 0001:000585f6       _initial_setup             004595f6 f   libs-vc-win32:jdinput.obj
 0001:00058800       _reset_input_controller    00459800 f   libs-vc-win32:jdinput.obj
 0001:00057f9a       _make_crc_table            00458f9a f   libs-vc-win32:crc32.obj
 0001:000580e7       _crc32_little              004590e7 f   libs-vc-win32:crc32.obj
 0001:00057d94       _fixedtables               00458d94 f   libs-vc-win32:inflate.obj
 0001:00057e7e       _updatewindow              00458e7e f   libs-vc-win32:inflate.obj
 0001:00056abc       _init_destination          00457abc f   libs-vc-win32:jdatadst.obj
 0001:00056ae2       _empty_output_buffer       00457ae2 f   libs-vc-win32:jdatadst.obj
 0001:00056b24       _term_destination          00457b24 f   libs-vc-win32:jdatadst.obj
 0001:00056643       _std_huff_tables           00457643 f   libs-vc-win32:jcparam.obj
 0001:0005669d       _add_huff_table            0045769d f   libs-vc-win32:jcparam.obj
 0001:00054b9b       _next_marker               00455b9b f   libs-vc-win32:jdmarker.obj
 0001:00054cd5       _get_interesting_appn      00455cd5 f   libs-vc-win32:jdmarker.obj
 0001:00054e00       _examine_app0              00455e00 f   libs-vc-win32:jdmarker.obj
 0001:0005500e       _examine_app14             0045600e f   libs-vc-win32:jdmarker.obj
 0001:000550cf       _skip_variable             004560cf f   libs-vc-win32:jdmarker.obj
 0001:00055172       _read_markers              00456172 f   libs-vc-win32:jdmarker.obj
 0001:0005537a       _get_soi                   0045637a f   libs-vc-win32:jdmarker.obj
 0001:00055425       _get_sof                   00456425 f   libs-vc-win32:jdmarker.obj
 0001:0005572e       _get_sos                   0045672e f   libs-vc-win32:jdmarker.obj
 0001:00055a1c       _get_dht                   00456a1c f   libs-vc-win32:jdmarker.obj
 0001:00055cbd       _get_dqt                   00456cbd f   libs-vc-win32:jdmarker.obj
 0001:00055f19       _get_dri                   00456f19 f   libs-vc-win32:jdmarker.obj
 0001:00055ff8       _first_marker              00456ff8 f   libs-vc-win32:jdmarker.obj
 0001:00056094       _read_restart_marker       00457094 f   libs-vc-win32:jdmarker.obj
 0001:00056112       _reset_marker_reader       00457112 f   libs-vc-win32:jdmarker.obj
 0001:0005497f       _output_pass_setup         0045597f f   libs-vc-win32:jdapistd.obj
 0001:00054672       _default_decompress_parms  00455672 f   libs-vc-win32:jdapimin.obj

 296 bytes saved through ICF

