 quake2

 Timestamp is 414477c3 (Sun Sep 12 20:22:27 2004)

 Preferred load address is 00400000

 Start         Length     Name                   Class
 0001:00000000 0006e860H .text                   CODE
 0002:00000000 00000300H .idata$5                DATA
 0002:00000300 0000561cH .rdata                  DATA
 0002:0000591c 00000078H .idata$2                DATA
 0002:00005994 00000014H .idata$3                DATA
 0002:000059a8 00000300H .idata$4                DATA
 0002:00005ca8 000009beH .idata$6                DATA
 0002:00006666 00000000H .edata                  DATA
 0003:00000000 00000004H .CRT$XCA                DATA
 0003:00000004 00000004H .CRT$XCZ                DATA
 0003:00000008 00000004H .CRT$XIA                DATA
 0003:0000000c 00000004H .CRT$XIZ                DATA
 0003:00000010 00013414H .data                   DATA
 0003:00013428 00abc330H .bss                    DATA
 0004:00000000 00000130H .rsrc$01                DATA
 0004:00000130 00003f20H .rsrc$02                DATA

  Address         Publics by Value              Rva+Base     Lib:Object

 0001:00000000       _CDAudio_Play2             00401000 f   cd_win.obj
 0001:000001e5       _CDAudio_Play              004011e5 f   cd_win.obj
 0001:000001fc       _CDAudio_Stop              004011fc f   cd_win.obj
 0001:00000241       _CDAudio_Pause             00401241 f   cd_win.obj
 0001:0000029a       _CDAudio_Resume            0040129a f   cd_win.obj
 0001:0000030c       _CDAudio_MessageHandler    0040130c f   cd_win.obj
 0001:000003a3       _CDAudio_Update            004013a3 f   cd_win.obj
 0001:000003da       _CDAudio_Init              004013da f   cd_win.obj
 0001:000007d1       _CDAudio_Shutdown          004017d1 f   cd_win.obj
 0001:00000804       _CDAudio_Activate          00401804 f   cd_win.obj
 0001:00000815       _SCR_StopCinematic         00401815 f   cl_cin.obj
 0001:000008b1       _SCR_FinishCinematic       004018b1 f   cl_cin.obj
 0001:000008f3       _SCR_RunCinematic          004018f3 f   cl_cin.obj
 0001:00000d0d       _SCR_DrawCinematic         00401d0d f   cl_cin.obj
 0001:00000d93       _SCR_PlayCinematic         00401d93 f   cl_cin.obj
 0001:000010e3       _CL_ParseEntityBits        004020e3 f   cl_ents.obj
 0001:00001145       _CL_ParseDelta             00402145 f   cl_ents.obj
 0001:000014e4       _CL_DeltaEntity            004024e4 f   cl_ents.obj
 0001:00001661       _CL_ParsePacketEntities    00402661 f   cl_ents.obj
 0001:00001860       _CL_ParsePlayerstate       00402860 f   cl_ents.obj
 0001:00001b6e       _CL_FireEntityEvents       00402b6e f   cl_ents.obj
 0001:00001bc0       _CL_ParseFrame             00402bc0 f   cl_ents.obj
 0001:00001ea8       _CL_AddEntityBox           00402ea8 f   cl_ents.obj
 0001:00001f98       _CL_OffsetThirdPersonView  00402f98 f   cl_ents.obj
 0001:00002052       _CL_CalcViewValues         00403052 f   cl_ents.obj
 0001:0000235f       _CL_AddEntities            0040335f f   cl_ents.obj
 0001:00003147       _CL_GetEntitySoundOrigin   00404147 f   cl_ents.obj
 0001:0000317a       _CL_ClearLightStyles       0040417a f   cl_fx.obj
 0001:000031fe       _CL_RunLightStyles         004041fe f   cl_fx.obj
 0001:0000329b       _CL_SetLightstyle          0040429b f   cl_fx.obj
 0001:00003302       _CL_AllocDlight            00404302 f   cl_fx.obj
 0001:0000336f       _CL_AddDLights             0040436f f   cl_fx.obj
 0001:000033cf       _CL_ClearParticles         004043cf f   cl_fx.obj
 0001:00003439       _CL_AllocParticleTrace     00404439 f   cl_fx.obj
 0001:000034dc       _CL_AllocParticleBeam      004044dc f   cl_fx.obj
 0001:0000354f       _CL_AllocParticle          0040454f f   cl_fx.obj
 0001:0000359d       _CL_UpdateParticles        0040459d f   cl_fx.obj
 0001:00003b90       _CL_MetalSparks            00404b90 f   cl_fx.obj
 0001:00003c7d       _CL_ParseMuzzleFlash       00404c7d f   cl_fx.obj
 0001:000044b4       _CL_ParseMuzzleFlash2      004054b4 f   cl_fx.obj
 0001:00004b98       _CL_ParticleEffect         00405b98 f   cl_fx.obj
 0001:00004c67       _CL_ParticleEffect2        00405c67 f   cl_fx.obj
 0001:00004d32       _CL_ParticleEffect3        00405d32 f   cl_fx.obj
 0001:00004e02       _CL_TeleporterParticles    00405e02 f   cl_fx.obj
 0001:00004eb9       _CL_LogoutEffect           00405eb9 f   cl_fx.obj
 0001:00004fa4       _CL_ItemRespawnParticles   00405fa4 f   cl_fx.obj
 0001:00005053       _CL_ExplosionParticles     00406053 f   cl_fx.obj
 0001:000050fd       _CL_BigTeleportParticles   004060fd f   cl_fx.obj
 0001:00005254       _CL_BlasterParticles       00406254 f   cl_fx.obj
 0001:00005320       _CL_BlasterTrail           00406320 f   cl_fx.obj
 0001:00005413       _CL_FlagTrail              00406413 f   cl_fx.obj
 0001:00005513       _CL_DiminishingTrail       00406513 f   cl_fx.obj
 0001:00005777       _CL_RocketTrail            00406777 f   cl_fx.obj
 0001:000058a4       _CL_RailTrail              004068a4 f   cl_fx.obj
 0001:00005aca       _CL_RailTrailExt           00406aca f   cl_fx.obj
 0001:00005bcc       _CL_IonripperTrail         00406bcc f   cl_fx.obj
 0001:00005cdf       _CL_BubbleTrail            00406cdf f   cl_fx.obj
 0001:00005dfd       _CL_FlyParticles           00406dfd f   cl_fx.obj
 0001:00005f9c       _CL_FlyEffect              00406f9c f   cl_fx.obj
 0001:0000601f       _CL_BfgParticles           0040701f f   cl_fx.obj
 0001:000061f9       _CL_TrapParticles          004071f9 f   cl_fx.obj
 0001:0000647c       _CL_BFGExplosionParticles  0040747c f   cl_fx.obj
 0001:00006526       _CL_TeleportParticles      00407526 f   cl_fx.obj
 0001:0000665f       _CL_EntityEvent            0040765f f   cl_fx.obj
 0001:0000683d       _CL_ClearEffects           0040783d f   cl_fx.obj
 0001:0000685b       _IN_CenterView             0040785b f   cl_input.obj
 0001:0000687c       _CL_InitInput              0040787c f   cl_input.obj
 0001:00006d5c       _CL_SendCmd                00407d5c f   cl_input.obj
 0001:00007457       _CL_ParseInventory         00408457 f   cl_inv.obj
 0001:00007477       _CL_DrawInventory          00408477 f   cl_inv.obj
 0001:000076cd       _CL_WriteDemoMessage       004086cd f   cl_main.obj
 0001:0000770f       _CL_Stop_f                 0040870f f   cl_main.obj
 0001:0000776a       _CL_Record_f               0040876a f   cl_main.obj
 0001:00007a0d       _Cmd_ForwardToServer       00408a0d f   cl_main.obj
 0001:00007a79       _CL_Setenv_f               00408a79 f   cl_main.obj
 0001:00007b3d       _CL_ForwardToServer_f      00408b3d f   cl_main.obj
 0001:00007b8b       _CL_Pause_f                00408b8b f   cl_main.obj
 0001:00007bcd       _CL_Quit_f                 00408bcd f   cl_main.obj
 0001:00007bd7       _CL_Drop                   00408bd7 f   cl_main.obj
 0001:00007bf3       _CL_SendConnectPacket      00408bf3 f   cl_main.obj
 0001:00007cca       _CL_CheckForResend         00408cca f   cl_main.obj
 0001:00007dcf       _CL_Connect_f              00408dcf f   cl_main.obj
 0001:00007e50       _CL_Rcon_f                 00408e50 f   cl_main.obj
 0001:00007f5b       _CL_ClearState             00408f5b f   cl_main.obj
 0001:00007f9a       _CL_Disconnect             00408f9a f   cl_main.obj
 0001:00008120       _CL_Disconnect_f           00409120 f   cl_main.obj
 0001:0000812c       _CL_Changing_f             0040912c f   cl_main.obj
 0001:00008150       _CL_Reconnect_f            00409150 f   cl_main.obj
 0001:000081ec       _CL_PingServers_f          004091ec f   cl_main.obj
 0001:00008354       _CL_Skins_f                00409354 f   cl_main.obj
 0001:00008390       _CL_ConnectionlessPacket   00409390 f   cl_main.obj
 0001:000086ef       _CL_ReadPackets            004096ef f   cl_main.obj
 0001:00008834       _CL_FixUpGender            00409834 f   cl_main.obj
 0001:000088e4       _CL_Userinfo_f             004098e4 f   cl_main.obj
 0001:000088fc       _CL_Snd_Restart_f          004098fc f   cl_main.obj
 0001:0000890b       _CL_RequestNextDownload    0040990b f   cl_main.obj
 0001:00008f4c       _CL_Precache_f             00409f4c f   cl_main.obj
 0001:00008fb0       _CL_WriteConfiguration     00409fb0 f   cl_main.obj
 0001:0000906b       _CL_WriteConfig_f          0040a06b f   cl_main.obj
 0001:000090ca       _CL_InitLocal              0040a0ca f   cl_main.obj
 0001:000092ea       _CL_FixCvarCheats          0040a2ea f   cl_main.obj
 0001:0000933b       _CL_Frame                  0040a33b f   cl_main.obj
 0001:000095c9       _CL_Init                   0040a5c9 f   cl_main.obj
 0001:00009666       _CL_Shutdown               0040a666 f   cl_main.obj
 0001:000096a4       _vectoangles2              0040a6a4 f   cl_newfx.obj
 0001:000097a6       _CL_Flashlight             0040a7a6 f   cl_newfx.obj
 0001:000097e0       _CL_ColorFlash             0040a7e0 f   cl_newfx.obj
 0001:0000981c       _CL_DebugTrail             0040a81c f   cl_newfx.obj
 0001:000098fc       _CL_ForceWall              0040a8fc f   cl_newfx.obj
 0001:00009a23       _CL_BubbleTrail2           0040aa23 f   cl_newfx.obj
 0001:00009b4d       _CL_Heatbeam               0040ab4d f   cl_newfx.obj
 0001:00009dfe       _CL_ParticleSteamEffect    0040adfe f   cl_newfx.obj
 0001:00009f28       _CL_ParticleSteamEffect2   0040af28 f   cl_newfx.obj
 0001:0000a05f       _CL_TrackerTrail           0040b05f f   cl_newfx.obj
 0001:0000a1c0       _CL_Tracker_Shell          0040b1c0 f   cl_newfx.obj
 0001:0000a249       _CL_MonsterPlasma_Shell    0040b249 f   cl_newfx.obj
 0001:0000a2cf       _CL_Widowbeamout           0040b2cf f   cl_newfx.obj
 0001:0000a38b       _CL_Nukeblast              0040b38b f   cl_newfx.obj
 0001:0000a447       _CL_WidowSplash            0040b447 f   cl_newfx.obj
 0001:0000a50f       _CL_TagTrail               0040b50f f   cl_newfx.obj
 0001:0000a60f       _CL_ColorExplosionParticles 0040b60f f   cl_newfx.obj
 0001:0000a6bc       _CL_ParticleSmokeEffect    0040b6bc f   cl_newfx.obj
 0001:0000a7e4       _CL_BlasterParticles2      0040b7e4 f   cl_newfx.obj
 0001:0000a8b1       _CL_BlasterTrail2          0040b8b1 f   cl_newfx.obj
 0001:0000a9a4       _CL_DownloadFileName       0040b9a4 f   cl_parse.obj
 0001:0000a9e3       _CL_CheckOrDownloadFile    0040b9e3 f   cl_parse.obj
 0001:0000ac1e       _CL_Download_f             0040bc1e f   cl_parse.obj
 0001:0000ace9       _CL_RegisterSounds         0040bce9 f   cl_parse.obj
 0001:0000ad28       _CL_ParseDownload          0040bd28 f   cl_parse.obj
 0001:0000ae95       _CL_ParseServerData        0040be95 f   cl_parse.obj
 0001:0000af96       _CL_ParseBaseline          0040bf96 f   cl_parse.obj
 0001:0000afde       _CL_LoadClientinfo         0040bfde f   cl_parse.obj
 0001:0000b2c8       _CL_ParseClientinfo        0040c2c8 f   cl_parse.obj
 0001:0000b2ec       _CL_ParseConfigString      0040c2ec f   cl_parse.obj
 0001:0000b486       _CL_ParseStartSoundPacket  0040c486 f   cl_parse.obj
 0001:0000b585       _CL_ParseServerMessage     0040c585 f   cl_parse.obj
 0001:0000b8db       _CL_CheckPredictionError   0040c8db f   cl_pred.obj
 0001:0000ba81       _CL_EntityTrace            0040ca81 f   cl_pred.obj
 0001:0000be3d       _CL_Trace                  0040ce3d f   cl_pred.obj
 0001:0000bebf       _CL_PMpointcontents        0040cebf f   cl_pred.obj
 0001:0000c049       _CL_PredictMovement        0040d049 f   cl_pred.obj
 0001:0000c3ed       _CL_AddNetgraph            0040d3ed f   cl_scrn.obj
 0001:0000c4c7       _SCR_DebugGraph            0040d4c7 f   cl_scrn.obj
 0001:0000c4ef       _SCR_CenterPrint           0040d4ef f   cl_scrn.obj
 0001:0000c5f3       _SCR_DrawCenterString      0040d5f3 f   cl_scrn.obj
 0001:0000c6c1       _SCR_Sky_f                 0040d6c1 f   cl_scrn.obj
 0001:0000c76c       _SCR_Init                  0040d76c f   cl_scrn.obj
 0001:0000c7b3       _SCR_RunConsole            0040d7b3 f   cl_scrn.obj
 0001:0000c8b6       _SCR_SetLevelshot          0040d8b6 f   cl_scrn.obj
 0001:0000c93f       _SCR_SetLevelshot2         0040d93f f   cl_scrn.obj
 0001:0000c999       _SCR_BeginLoadingPlaque    0040d999 f   cl_scrn.obj
 0001:0000c9cf       _SCR_EndLoadingPlaque      0040d9cf f   cl_scrn.obj
 0001:0000ca02       _SCR_Loading_f             0040da02 f   cl_scrn.obj
 0001:0000ca07       _SCR_TimeRefresh_f         0040da07 f   cl_scrn.obj
 0001:0000cade       _SCR_TileClear             0040dade f   cl_scrn.obj
 0001:0000cb87       _DrawHUDString             0040db87 f   cl_scrn.obj
 0001:0000cc39       _SCR_DrawField             0040dc39 f   cl_scrn.obj
 0001:0000cce0       _SCR_TouchPics             0040dce0 f   cl_scrn.obj
 0001:0000cd73       _SCR_ExecuteLayoutString   0040dd73 f   cl_scrn.obj
 0001:0000d535       _SCR_UpdateScreen          0040e535 f   cl_scrn.obj
 0001:0000dbf5       _CL_RegisterTEntSounds     0040ebf5 f   cl_tent.obj
 0001:0000de2d       _CL_RegisterTEntModels     0040ee2d f   cl_tent.obj
 0001:0000dfb3       _CL_ClearTEnts             0040efb3 f   cl_tent.obj
 0001:0000dffa       _CL_AllocExplosion         0040effa f   cl_tent.obj
 0001:0000e098       _CL_AddExplosions          0040f098 f   cl_tent.obj
 0001:0000e26d       _CL_SmokeAndFlash          0040f26d f   cl_tent.obj
 0001:0000e2b5       _CL_ParseBeam              0040f2b5 f   cl_tent.obj
 0001:0000e394       _CL_ParseBeam2             0040f394 f   cl_tent.obj
 0001:0000e46b       _CL_ParsePlayerBeam        0040f46b f   cl_tent.obj
 0001:0000e579       _CL_ParseLightning         0040f579 f   cl_tent.obj
 0001:0000e645       _CL_ParseLaser             0040f645 f   cl_tent.obj
 0001:0000e6c1       _CL_ParseSteam             0040f6c1 f   cl_tent.obj
 0001:0000e7d2       _CL_ParseWidow             0040f7d2 f   cl_tent.obj
 0001:0000e83e       _CL_ParseNuke              0040f83e f   cl_tent.obj
 0001:0000e8a8       _CL_ParseTEnt              0040f8a8 f   cl_tent.obj
 0001:0000f6ca       _CL_AddBeams               004106ca f   cl_tent.obj
 0001:0000fa0b       _CL_AddPlayerBeams         00410a0b f   cl_tent.obj
 0001:00010100       _CL_ProcessSustain         00411100 f   cl_tent.obj
 0001:00010141       _CL_AddTEnts               00411141 f   cl_tent.obj
 0001:00010155       _V_AddEntity               00411155 f   cl_view.obj
 0001:00010184       _V_AddLight                00411184 f   cl_view.obj
 0001:000101c9       _V_TestParticles           004111c9 f   cl_view.obj
 0001:00010287       _V_TestEntities            00411287 f   cl_view.obj
 0001:00010329       _V_TestLights              00411329 f   cl_view.obj
 0001:000103fc       _CL_PrepRefresh            004113fc f   cl_view.obj
 0001:000106bd       _CalcFov                   004116bd f   cl_view.obj
 0001:00010734       _V_Gun_Next_f              00411734 f   cl_view.obj
 0001:0001074d       _V_Gun_Prev_f              0041174d f   cl_view.obj
 0001:0001076f       _V_Gun_Model_f             0041176f f   cl_view.obj
 0001:000107a3       _SCR_DrawCrosshair         004117a3 f   cl_view.obj
 0001:00010818       _V_RenderView              00411818 f   cl_view.obj
 0001:000113f5       _V_Init                    004123f5 f   cl_view.obj
 0001:0001160a       _Cbuf_Init                 0041260a f   cmd.obj
 0001:00011622       _Cbuf_AddText              00412622 f   cmd.obj
 0001:00011687       _Cbuf_InsertText           00412687 f   cmd.obj
 0001:000116ee       _Cbuf_CopyToDefer          004126ee f   cmd.obj
 0001:0001171a       _Cbuf_InsertFromDefer      0041271a f   cmd.obj
 0001:0001172d       _Cbuf_Execute              0041272d f   cmd.obj
 0001:00011813       _Cmd_Exec_f                00412813 f   cmd.obj
 0001:00011898       _Cmd_Echo_f                00412898 f   cmd.obj
 0001:000118da       _Cmd_Alias_f               004128da f   cmd.obj
 0001:00011a01       _Cmd_Unalias_f             00412a01 f   cmd.obj
 0001:00011a8d       _Cmd_WriteAliases          00412a8d f   cmd.obj
 0001:00011abe       _Cmd_Argc                  00412abe f   cmd.obj
 0001:00011ac4       _Cmd_Argv                  00412ac4 f   cmd.obj
 0001:00011ade       _Cmd_Args                  00412ade f   cmd.obj
 0001:00011ae4       _Cmd_TokenizeString        00412ae4 f   cmd.obj
 0001:00011dc1       _Cmd_AddCommand            00412dc1 f   cmd.obj
 0001:00011e29       _Cmd_RemoveCommand         00412e29 f   cmd.obj
 0001:00011e6b       _Cmd_ExecuteString         00412e6b f   cmd.obj
 0001:00011fd3       _Cmd_Init                  00412fd3 f   cmd.obj
 0001:000120f3       _CMod_GetSurfMaterial      004130f3 f   cmodel.obj
 0001:00012150       _CM_LoadMap                00413150 f   cmodel.obj
 0001:000127a2       _PlaneTypeForNormal        004137a2 f i cmodel.obj
 0001:00012913       _CM_InlineModel            00413913 f   cmodel.obj
 0001:0001295c       _CM_NumClusters            0041395c f   cmodel.obj
 0001:00012962       _CM_NumInlineModels        00413962 f   cmodel.obj
 0001:00012968       _CM_EntityString           00413968 f   cmodel.obj
 0001:0001296e       _CM_LeafContents           0041396e f   cmodel.obj
 0001:00012995       _CM_LeafCluster            00413995 f   cmodel.obj
 0001:00012a08       _CM_LeafArea               00413a08 f   cmodel.obj
 0001:00012a30       _CM_InitBoxHull            00413a30 f   cmodel.obj
 0001:00012bc0       _CM_HeadnodeForBox         00413bc0 f   cmodel.obj
 0001:00012c75       _CM_PointLeafnum           00413c75 f   cmodel.obj
 0001:00012d20       _DISTANCE_TO_PLANE         00413d20 f i cmodel.obj
 0001:00012d68       _CM_PointContents          00413d68 f   cmodel.obj
 0001:00012dde       _CM_TransformedPointContents 00413dde f   cmodel.obj
 0001:00012f17       _CM_TransformedPointContents2 00413f17 f   cmodel.obj
 0001:00013008       _CM_BoxLeafnums            00414008 f   cmodel.obj
 0001:00013127       _BOX_ON_PLANE_SIDE         00414127 f i cmodel.obj
 0001:000131ac       _CM_BoxTrace               004141ac f   cmodel.obj
 0001:00013bfc       _CM_TransformedBoxTrace    00414bfc f   cmodel.obj
 0001:00013ecf       _CM_TransformedBoxTrace2   00414ecf f   cmodel.obj
 0001:000140e4       _CM_BrushTrace             004150e4 f   cmodel.obj
 0001:00014503       _CM_RefineBrushTrace       00415503 f   cmodel.obj
 0001:000145a8       _CM_DecompressVis          004155a8 f   cmodel.obj
 0001:00014631       _CM_ClusterPVS             00415631 f   cmodel.obj
 0001:000146cd       _CM_ClusterPHS             004156cd f   cmodel.obj
 0001:00014769       _FloodAreaConnections      00415769 f   cmodel.obj
 0001:00014820       _CM_SetAreaPortalState     00415820 f   cmodel.obj
 0001:00014849       _CM_AreasConnected         00415849 f   cmodel.obj
 0001:00014894       _CM_WriteAreaBits          00415894 f   cmodel.obj
 0001:00014924       _CM_WritePortalState       00415924 f   cmodel.obj
 0001:0001493e       _CM_ReadPortalState        0041593e f   cmodel.obj
 0001:0001495c       _CM_HeadnodeVisible        0041595c f   cmodel.obj
 0001:00014a31       _Com_BeginRedirect         00415a31 f   common.obj
 0001:00014a6e       _Com_EndRedirect           00415a6e f   common.obj
 0001:00014a99       _Com_Printf                00415a99 f   common.obj
 0001:00014bfd       _Com_DPrintf               00415bfd f   common.obj
 0001:00014c66       _DebugPrintf               00415c66 f   common.obj
 0001:00014d13       _Com_WPrintf               00415d13 f   common.obj
 0001:00014d71       _Com_FatalError            00415d71 f   common.obj
 0001:00014e16       _Com_DropError             00415e16 f   common.obj
 0001:00014e90       _appUnwindPrefix           00415e90 f   common.obj
 0001:00014ee8       _appUnwindThrow            00415ee8 f   common.obj
 0001:00014f70       _Com_ResetErrorState       00415f70 f   common.obj
 0001:00014f85       _Com_Quit                  00415f85 f   common.obj
 0001:00014fb8       _MatchWildcard             00415fb8 f   common.obj
 0001:0001510e       _MatchWildcard2            0041610e f   common.obj
 0001:00015163       _IPWildcard                00416163 f   common.obj
 0001:0001523e       _Com_ServerState           0041623e f   common.obj
 0001:00015244       _Com_SetServerState        00416244 f   common.obj
 0001:0001524e       _MSG_WriteByte             0041624e f   common.obj
 0001:0001524e       _MSG_WriteChar             0041624e f   common.obj
 0001:00015262       _MSG_WriteShort            00416262 f   common.obj
 0001:0001527c       _MSG_WriteLong             0041627c f   common.obj
 0001:000152a6       _MSG_WriteFloat            004162a6 f   common.obj
 0001:000152cc       _MSG_WriteString           004162cc f   common.obj
 0001:00015304       _MSG_WriteCoord            00416304 f   common.obj
 0001:00015333       _MSG_WritePos              00416333 f   common.obj
 0001:000153b5       _MSG_WriteAngle            004163b5 f   common.obj
 0001:000153de       _MSG_WriteAngle16          004163de f   common.obj
 0001:00015415       _MSG_WriteDeltaUsercmd     00416415 f   common.obj
 0001:0001559d       _MSG_WriteDir              0041659d f   common.obj
 0001:0001560a       _MSG_ReadDir               0041660a f   common.obj
 0001:0001563f       _MSG_WriteDeltaEntity      0041663f f   common.obj
 0001:00015b45       _MSG_BeginReading          00416b45 f   common.obj
 0001:00015b4e       _MSG_ReadChar              00416b4e f   common.obj
 0001:00015b6f       _MSG_ReadByte              00416b6f f   common.obj
 0001:00015b90       _MSG_ReadShort             00416b90 f   common.obj
 0001:00015bc0       _MSG_ReadLong              00416bc0 f   common.obj
 0001:00015bff       _MSG_ReadString            00416bff f   common.obj
 0001:00015c32       _MSG_ReadCoord             00416c32 f   common.obj
 0001:00015c4c       _MSG_ReadPos               00416c4c f   common.obj
 0001:00015c9e       _MSG_ReadAngle             00416c9e f   common.obj
 0001:00015cb8       _MSG_ReadAngle16           00416cb8 f   common.obj
 0001:00015cd2       _MSG_ReadDeltaUsercmd      00416cd2 f   common.obj
 0001:00015d89       _MSG_ReadData              00416d89 f   common.obj
 0001:00015dac       _SZ_Init                   00416dac f   common.obj
 0001:00015dce       _SZ_Clear                  00416dce f   common.obj
 0001:00015ddb       _SZ_GetSpace               00416ddb f   common.obj
 0001:00015e38       _SZ_Write                  00416e38 f   common.obj
 0001:00015e59       _SZ_Insert                 00416e59 f   common.obj
 0001:00015eac       _SZ_Print                  00416eac f   common.obj
 0001:00015ef5       _Info_Print                00416ef5 f   common.obj
 0001:00015fb2       _COM_BlockSequenceCRCByte  00416fb2 f   common.obj
 0001:0001603e       _frand                     0041703e f   common.obj
 0001:0001605b       _crand                     0041705b f   common.obj
 0001:0001607e       _COM_CheckCmdlineVar       0041707e f   common.obj
 0001:000160d4       _QCommon_Init              004170d4 f   common.obj
 0001:000164c9       _QCommon_Frame             004174c9 f   common.obj
 0001:000167ed       _DrawStringCommon          004177ed f   console.obj
 0001:00016847       _DrawString                00417847 f   console.obj
 0001:00016867       _Con_ToggleConsole_f       00417867 f   console.obj
 0001:000168ff       _Con_ClearNotify           004178ff f   console.obj
 0001:00016911       _Con_CheckResize           00417911 f   console.obj
 0001:00016a37       _Con_Print                 00417a37 f   console.obj
 0001:00016d3b       _Con_DrawNotify            00417d3b f   console.obj
 0001:00016f74       _Con_DrawConsole           00417f74 f   console.obj
 0001:000174e9       _Key_Console               004184e9 f   console.obj
 0001:00017a73       _Key_Message               00418a73 f   console.obj
 0001:00017b0f       _Con_Init                  00418b0f f   console.obj
 0001:00017ce9       _CRC_Block                 00418ce9 f   crc.obj
 0001:00017d25       _Cvar_VariableValue        00418d25 f   cvar.obj
 0001:00017d93       _Cvar_VariableInt          00418d93 f   cvar.obj
 0001:00017da6       _Cvar_VariableString       00418da6 f   cvar.obj
 0001:00017dbe       _Cvar_Get                  00418dbe f   cvar.obj
 0001:0001805a       _Cvar_GetVars              0041905a f   cvar.obj
 0001:000180ae       _Cvar_FullSet              004190ae f   cvar.obj
 0001:0001810b       _Cvar_SetValue             0041910b f   cvar.obj
 0001:0001836c       _Cvar_SetInteger           0041936c f   cvar.obj
 0001:0001838e       _Cvar_Set                  0041938e f   cvar.obj
 0001:000183a3       _Cvar_ForceSet             004193a3 f   cvar.obj
 0001:000183b8       _Cvar_Clamp                004193b8 f   cvar.obj
 0001:00018442       _Cvar_ClampName            00419442 f   cvar.obj
 0001:00018493       _Cvar_GetLatchedVars       00419493 f   cvar.obj
 0001:000184c2       _Cvar_Command              004194c2 f   cvar.obj
 0001:0001856e       _Cvar_WriteVariables       0041956e f   cvar.obj
 0001:00018601       _Cvar_BitInfo              00419601 f   cvar.obj
 0001:0001863a       _Cvar_Userinfo             0041963a f   cvar.obj
 0001:00018643       _Cvar_Serverinfo           00419643 f   cvar.obj
 0001:0001864c       _Cvar_Cheats               0041964c f   cvar.obj
 0001:000186a5       _Cvar_Init                 004196a5 f   cvar.obj
 0001:00018d4c       _FS_CreatePath             00419d4c f   files.obj
 0001:00018d96       _FS_CopyFile               00419d96 f   files.obj
 0001:00018e99       _FS_CopyFiles              00419e99 f   files.obj
 0001:00018f72       _FS_RemoveFiles            00419f72 f   files.obj
 0001:00018fe6       _Developer_searchpath      00419fe6 f   files.obj
 0001:0001902b       _FS_FCloseFile             0041a02b f   files.obj
 0001:000190bd       _FS_FOpenFile              0041a0bd f   files.obj
 0001:000195e5       _FS_FileExists             0041a5e5 f   files.obj
 0001:00019821       _FS_Read                   0041a821 f   files.obj
 0001:00019a5e       _FS_LoadFile               0041aa5e f   files.obj
 0001:00019ac0       _FS_FreeFile               0041aac0 f   files.obj
 0001:00019acb       _FS_Gamedir                0041aacb f   files.obj
 0001:00019adf       _FS_LoadGameConfig         0041aadf f   files.obj
 0001:00019ba4       _FS_SetGamedir             0041aba4 f   files.obj
 0001:0001a24d       _FS_ListFiles              0041b24d f   files.obj
 0001:0001a55b       _FS_NextPath               0041b55b f   files.obj
 0001:0001a57f       _FS_InitFilesystem         0041b57f f   files.obj
 0001:0001af48       _LoadPCX                   0041bf48 f   images.obj
 0001:0001b07d       _LoadTGA                   0041c07d f   images.obj
 0001:0001b26c       _LoadJPG                   0041c26c f   images.obj
 0001:0001b4fa       _ImageExists               0041c4fa f   images.obj
 0001:0001b5f4       _WriteTGA                  0041c5f4 f   images.obj
 0001:0001b7e5       _WriteJPG                  0041c7e5 f   images.obj
 0001:0001b90d       _IN_MLookDown              0041c90d f   in_win.obj
 0001:0001b918       _IN_MLookUp                0041c918 f   in_win.obj
 0001:0001b93b       _IN_MouseEvent             0041c93b f   in_win.obj
 0001:0001b9a5       _IN_Commands               0041c9a5 f   in_win.obj
 0001:0001bad4       _IN_Init                   0041cad4 f   in_win.obj
 0001:0001bdfe       _IN_Shutdown               0041cdfe f   in_win.obj
 0001:0001bee2       _IN_Move                   0041cee2 f   in_win.obj
 0001:0001c43c       _IN_Activate               0041d43c f   in_win.obj
 0001:0001c453       _IN_Frame                  0041d453 f   in_win.obj
 0001:0001c840       _Key_KeynumToString        0041d840 f   keys.obj
 0001:0001c8da       _CompleteCommand           0041d8da f   keys.obj
 0001:0001d22f       _Key_SetBinding            0041e22f f   keys.obj
 0001:0001d26d       _Key_FindBinding           0041e26d f   keys.obj
 0001:0001d2bb       _Key_WriteBindings         0041e2bb f   keys.obj
 0001:0001d303       _Key_Init                  0041e303 f   keys.obj
 0001:0001d62f       _Key_Event                 0041e62f f   keys.obj
 0001:0001d988       _Key_ClearStates           0041e988 f   keys.obj
 0001:0001d9bf       _Key_ClearTyping           0041e9bf f   keys.obj
 0001:0001d9d8       _MD4Init                   0041e9d8 f   md4.obj
 0001:0001da00       _MD4Update                 0041ea00 f   md4.obj
 0001:0001da9e       _MD4Final                  0041ea9e f   md4.obj
 0001:0001e18f       _Com_BlockChecksum         0041f18f f   md4.obj
 0001:0001e1cb       _Z_Free                    0041f1cb f   memory.obj
 0001:0001e223       _Z_FreeTags                0041f223 f   memory.obj
 0001:0001e253       _Z_TagMalloc               0041f253 f   memory.obj
 0001:0001e2c2       _Z_Malloc                  0041f2c2 f   memory.obj
 0001:0001e2e4       _Z_BlockMalloc             0041f2e4 f   memory.obj
 0001:0001e2ff       _CreateMemoryChain         0041f2ff f   memory.obj
 0001:0001e365       _FreeMemoryChain           0041f365 f   memory.obj
 0001:0001e38f       _AllocChainBlock           0041f38f f   memory.obj
 0001:0001e3da       _CopyString                0041f3da f   memory.obj
 0001:0001e401       _ChainCopyString           0041f401 f   memory.obj
 0001:0001e429       _AllocNamedStruc           0041f429 f   memory.obj
 0001:0001e467       _ChainAllocNamedStruc      0041f467 f   memory.obj
 0001:0001e4a6       _FindNamedStruc            0041f4a6 f   memory.obj
 0001:0001e4ea       _FindNamedStrucByIndex     0041f4ea f   memory.obj
 0001:0001e501       _IndexOfNamedStruc         0041f501 f   memory.obj
 0001:0001e52f       _AddToNamedList            0041f52f f   memory.obj
 0001:0001e579       _ChainAddToNamedList       0041f579 f   memory.obj
 0001:0001e5c3       _FreeNamedList             0041f5c3 f   memory.obj
 0001:0001e5de       _Z_Init                    0041f5de f   memory.obj
 0001:0001e619       _M_PushMenu                0041f619 f   menu.obj
 0001:0001e6d3       _M_ForceMenuOff            0041f6d3 f   menu.obj
 0001:0001e700       _M_ForceMenuOn             0041f700 f   menu.obj
 0001:0001e719       _M_PopMenu                 0041f719 f   menu.obj
 0001:0001e76a       _Default_MenuKey           0041f76a f   menu.obj
 0001:0001e88a       _M_Print                   0041f88a f   menu.obj
 0001:0001e8d5       _M_DrawTextBox             0041f8d5 f   menu.obj
 0001:0001eac1       _M_Main_Draw               0041fac1 f   menu.obj
 0001:0001ec45       _M_Main_Key                0041fc45 f   menu.obj
 0001:0001ed40       _M_Menu_Main_f             0041fd40 f   menu.obj
 0001:0001ed61       _M_Menu_Multiplayer_f      0041fd61 f   menu.obj
 0001:0001ef39       _M_Menu_Keys_f             0041ff39 f   menu.obj
 0001:0001f3b8       _M_Menu_Options_f          004203b8 f   menu.obj
 0001:0001fcc3       _M_Menu_Video_f            00420cc3 f   menu.obj
 0001:0001fce4       _M_Menu_Credits_f          00420ce4 f   menu.obj
 0001:0001fea9       _M_Menu_Game_f             00420ea9 f   menu.obj
 0001:0002011c       _M_Menu_LoadGame_f         0042111c f   menu.obj
 0001:000203ec       _M_Menu_SaveGame_f         004213ec f   menu.obj
 0001:0002054c       _M_AddToServerList         0042154c f   menu.obj
 0001:000205bf       _M_Menu_JoinServer_f       004215bf f   menu.obj
 0001:00020827       _M_Menu_StartServer_f      00421827 f   menu.obj
 0001:00021052       _M_Menu_DMOptions_f        00422052 f   menu.obj
 0001:000217ce       _M_Menu_DownloadOptions_f  004227ce f   menu.obj
 0001:00021a50       _M_Menu_AddressBook_f      00422a50 f   menu.obj
 0001:00022e41       _M_Init                    00423e41 f   menu.obj
 0001:00022f65       _M_Draw                    00423f65 f   menu.obj
 0001:00022fef       _M_Keydown                 00423fef f   menu.obj
 0001:0002300b       _LoadQ2BspFile             0042400b f   model.obj
 0001:000235d3       _LoadBspFile               004245d3 f   model.obj
 0001:0002378b       _ProcessEntstring          0042478b f   model.obj
 0001:000245fb       _Netchan_Init              004255fb f   net_chan.obj
 0001:0002465b       _Netchan_OutOfBand         0042565b f   net_chan.obj
 0001:000246bb       _Netchan_OutOfBandPrint    004256bb f   net_chan.obj
 0001:00024700       _Netchan_Setup             00425700 f   net_chan.obj
 0001:0002475d       _Netchan_NeedReliable      0042575d f   net_chan.obj
 0001:00024789       _Netchan_Transmit          00425789 f   net_chan.obj
 0001:0002492e       _Netchan_Process           0042592e f   net_chan.obj
 0001:00024a55       _NetadrToSockadr           00425a55 f   net_wins.obj
 0001:00024af7       _SockadrToNetadr           00425af7 f   net_wins.obj
 0001:00024b5a       _NET_CompareAdr            00425b5a f   net_wins.obj
 0001:00024bc0       _NET_CompareBaseAdr        00425bc0 f   net_wins.obj
 0001:00024c19       _NET_AdrToString           00425c19 f   net_wins.obj
 0001:00024cd2       _NET_StringToSockaddr      00425cd2 f   net_wins.obj
 0001:00024f0b       _NET_StringToAdr           00425f0b f   net_wins.obj
 0001:00024f64       _NET_IsLocalAddress        00425f64 f   net_wins.obj
 0001:00024f70       _NET_GetLoopPacket         00425f70 f   net_wins.obj
 0001:00024ff7       _NET_SendLoopPacket        00425ff7 f   net_wins.obj
 0001:00025043       _NET_GetPacket             00426043 f   net_wins.obj
 0001:00025161       _NET_SendPacket            00426161 f   net_wins.obj
 0001:00025239       _NET_IPSocket              00426239 f   net_wins.obj
 0001:0002534f       _NET_OpenIP                0042634f f   net_wins.obj
 0001:000253cb       _NET_OpenIPX               004263cb f   net_wins.obj
 0001:00025523       _NET_Config                00426523 f   net_wins.obj
 0001:000255b6       _NET_Init                  004265b6 f   net_wins.obj
 0001:0002561d       _Pmove                     0042661d f   pmove.obj
 0001:000273b3       _NormalizeColor            004283b3 f   q_shared2.obj
 0001:00027414       _NormalizeColor255         00428414 f   q_shared2.obj
 0001:00027479       _Q_rsqrt                   00428479 f   q_shared2.obj
 0001:000274a9       _RotatePointAroundVector   004284a9 f   q_shared2.obj
 0001:00027619       _AngleVectors              00428619 f   q_shared2.obj
 0001:0002777a       _ProjectPointOnPlane       0042877a f   q_shared2.obj
 0001:000277f9       _PerpendicularVector       004287f9 f   q_shared2.obj
 0001:00027878       _MakeNormalVectors         00428878 f   q_shared2.obj
 0001:000278df       _MatrixMultiply            004288df f   q_shared2.obj
 0001:000279c6       _SetPlaneSignbits          004289c6 f   q_shared2.obj
 0001:000279e9       _LerpAngle                 004289e9 f   q_shared2.obj
 0001:00027a2c       _anglemod                  00428a2c f   q_shared2.obj
 0001:00027a58       _BoxOnPlaneSide            00428a58 f   q_shared2.obj
 0001:00027b7b       _ClearBounds               00428b7b f   q_shared2.obj
 0001:00027ba4       _AddPointToBounds          00428ba4 f   q_shared2.obj
 0001:00027bdd       _VectorCompare             00428bdd f   q_shared2.obj
 0001:00027c0b       _VectorNormalize           00428c0b f   q_shared2.obj
 0001:00027c5f       _VectorNormalize2          00428c5f f   q_shared2.obj
 0001:00027cb7       _VectorNormalizeFast       00428cb7 f   q_shared2.obj
 0001:00027d08       _CrossProduct              00428d08 f   q_shared2.obj
 0001:00027d43       _VectorLength              00428d43 f   q_shared2.obj
 0001:00027d72       _VectorDistance            00428d72 f   q_shared2.obj
 0001:00027da3       _VectorInverse             00428da3 f   q_shared2.obj
 0001:00027dbe       _VectorScale               00428dbe f   q_shared2.obj
 0001:00027de2       _AnglesToAxis              00428de2 f   q_shared2.obj
 0001:00027e20       _COM_FilePath              00428e20 f   q_shared2.obj
 0001:00027e56       _ShortSwap                 00428e56 f   q_shared2.obj
 0001:00027e6b       _va                        00428e6b f   q_shared2.obj
 0001:00027eb8       _COM_ParseExt              00428eb8 f   q_shared2.obj
 0001:00027fc1       _COM_QuoteString           00428fc1 f   q_shared2.obj
 0001:0002801c       _Com_PageInMemory          0042901c f   q_shared2.obj
 0001:0002803b       _Q_stricmp                 0042903b f   q_shared2.obj
 0001:0002804c       _Q_strncasecmp             0042904c f   q_shared2.obj
 0001:000280a4       _Q_strcasecmp              004290a4 f   q_shared2.obj
 0001:000280ba       _Q_strncpyz                004290ba f   q_shared2.obj
 0001:000280de       _Q_strncpylower            004290de f   q_shared2.obj
 0001:00028118       _Q_CopyFilename            00429118 f   q_shared2.obj
 0001:000281b4       _Com_sprintf               004291b4 f   q_shared2.obj
 0001:000281fa       _Info_ValueForKey          004291fa f   q_shared2.obj
 0001:00028285       _Info_RemoveKey            00429285 f   q_shared2.obj
 0001:0002830b       _Info_SetValueForKey       0042930b f   q_shared2.obj
 0001:00028449       _Menu_ItemAtCursor         00429449 f   qmenu.obj
 0001:000284a0       _Field_Key                 004294a0 f   qmenu.obj
 0001:00028710       _Menu_AddItem              00429710 f   qmenu.obj
 0001:0002878b       _Menu_AdjustCursor         0042978b f   qmenu.obj
 0001:000288d6       _Menu_Center               004298d6 f   qmenu.obj
 0001:00028916       _Menu_DrawDotsItem         00429916 f   qmenu.obj
 0001:00028955       _Menu_Draw                 00429955 f   qmenu.obj
 0001:00028e70       _Menu_SelectItem           00429e70 f   qmenu.obj
 0001:00028ea4       _Menu_SetStatusBar         00429ea4 f   qmenu.obj
 0001:00028eb0       _Menu_SlideItem            00429eb0 f   qmenu.obj
 0001:000293c7       _S_SoundInfo_f             0042a3c7 f   snd_dma.obj
 0001:00029451       _S_ReadModelsSex           0042a451 f   snd_dma.obj
 0001:00029539       _S_IsFemale                0042a539 f   snd_dma.obj
 0001:000295c7       _S_Init                    0042a5c7 f   snd_dma.obj
 0001:0002969a       _S_Shutdown                0042a69a f   snd_dma.obj
 0001:00029724       _S_FindName                0042a724 f   snd_dma.obj
 0001:00029806       _S_AliasName               0042a806 f   snd_dma.obj
 0001:0002988f       _S_BeginRegistration       0042a88f f   snd_dma.obj
 0001:000298a0       _S_RegisterSound           0042a8a0 f   snd_dma.obj
 0001:00029906       _S_EndRegistration         0042a906 f   snd_dma.obj
 0001:00029999       _S_PickChannel             0042a999 f   snd_dma.obj
 0001:00029a2d       _S_SpatializeOrigin        0042aa2d f   snd_dma.obj
 0001:00029b54       _S_Spatialize              0042ab54 f   snd_dma.obj
 0001:00029bc5       _S_AllocPlaysound          0042abc5 f   snd_dma.obj
 0001:00029be4       _S_FreePlaysound           0042abe4 f   snd_dma.obj
 0001:00029c14       _S_IssuePlaysound          0042ac14 f   snd_dma.obj
 0001:00029ce1       _S_RegisterSexedSound      0042ace1 f   snd_dma.obj
 0001:00029dc5       _S_StartSound              0042adc5 f   snd_dma.obj
 0001:00029f94       _S_StartLocalSound         0042af94 f   snd_dma.obj
 0001:00029fe3       _S_ClearBuffer             0042afe3 f   snd_dma.obj
 0001:0002a03b       _S_StopAllSounds           0042b03b f   snd_dma.obj
 0001:0002a0b6       _S_AddLoopSounds           0042b0b6 f   snd_dma.obj
 0001:0002a288       _S_RawSamples              0042b288 f   snd_dma.obj
 0001:0002a48c       _S_Update                  0042b48c f   snd_dma.obj
 0001:0002a587       _GetSoundtime              0042b587 f   snd_dma.obj
 0001:0002a5ee       _S_Update_                 0042b5ee f   snd_dma.obj
 0001:0002a694       _S_Play                    0042b694 f   snd_dma.obj
 0001:0002a805       _ResampleSfx               0042b805 f   snd_mem.obj
 0001:0002a91d       _S_LoadSound               0042b91d f   snd_mem.obj
 0001:0002aa46       _FindNextChunk             0042ba46 f   snd_mem.obj
 0001:0002aad0       _GetWavinfo                0042bad0 f   snd_mem.obj
 0001:0002acbd       _S_WriteLinearBlastStereo16 0042bcbd f   snd_mix.obj
 0001:0002ad31       _S_TransferStereo16        0042bd31 f   snd_mix.obj
 0001:0002ad9a       _S_TransferPaintBuffer     0042bd9a f   snd_mix.obj
 0001:0002aef6       _S_PaintChannels           0042bef6 f   snd_mix.obj
 0001:0002b123       _S_InitScaletable          0042c123 f   snd_mix.obj
 0001:0002b177       _S_PaintChannelFrom8       0042c177 f   snd_mix.obj
 0001:0002b279       _S_PaintChannelFrom16      0042c279 f   snd_mix.obj
 0001:0002b2e4       _FreeSound                 0042c2e4 f   snd_win.obj
 0001:0002b3f4       _SNDDMA_InitDirect         0042c3f4 f   snd_win.obj
 0001:0002b8c7       _SNDDMA_Init               0042c8c7 f   snd_win.obj
 0001:0002b943       _SNDDMA_GetDMAPos          0042c943 f   snd_win.obj
 0001:0002b98d       _SNDDMA_BeginPainting      0042c98d f   snd_win.obj
 0001:0002ba8f       _SNDDMA_Submit             0042ca8f f   snd_win.obj
 0001:0002bab4       _SNDDMA_Shutdown           0042cab4 f   snd_win.obj
 0001:0002bab9       _S_Activate                0042cab9 f   snd_win.obj
 0001:0002bae4       _SV_SetMaster_f            0042cae4 f   sv_ccmds.obj
 0001:0002bbf6       _SV_WipeSavegame           0042cbf6 f   sv_ccmds.obj
 0001:0002bc24       _SV_CopySaveGame           0042cc24 f   sv_ccmds.obj
 0001:0002bc79       _SV_WriteLevelFile         0042cc79 f   sv_ccmds.obj
 0001:0002bd27       _SV_ReadLevelFile          0042cd27 f   sv_ccmds.obj
 0001:0002bdd5       _SV_WriteServerFile        0042cdd5 f   sv_ccmds.obj
 0001:0002c011       _SV_ReadServerFile         0042d011 f   sv_ccmds.obj
 0001:0002c12b       _SV_DemoMap_f              0042d12b f   sv_ccmds.obj
 0001:0002c1b5       _SV_GameMap_f              0042d1b5 f   sv_ccmds.obj
 0001:0002c327       _SV_Map_f                  0042d327 f   sv_ccmds.obj
 0001:0002c394       _SV_Loadgame_f             0042d394 f   sv_ccmds.obj
 0001:0002c499       _SV_Savegame_f             0042d499 f   sv_ccmds.obj
 0001:0002c59e       _SV_AddressBanned          0042d59e f   sv_ccmds.obj
 0001:0002c5e0       _SV_InitOperatorCommands   0042d5e0 f   sv_ccmds.obj
 0001:0002cf7f       _SV_WritePlayerstateToClient 0042df7f f   sv_ents.obj
 0001:0002d4a3       _SV_WriteFrameToClient     0042e4a3 f   sv_ents.obj
 0001:0002d6cd       _SV_FatPVS                 0042e6cd f   sv_ents.obj
 0001:0002d7f7       _SV_BuildClientFrame       0042e7f7 f   sv_ents.obj
 0001:0002db07       _SV_RecordDemoMessage      0042eb07 f   sv_ents.obj
 0001:0002dc26       _SV_InitGameProgs          0042ec26 f   sv_game.obj
 0001:0002e6ad       _SV_ShutdownGameProgs      0042f6ad f   sv_game.obj
 0001:0002e716       _SV_FindIndex              0042f716 f   sv_init.obj
 0001:0002e819       _SV_ModelIndex             0042f819 f   sv_init.obj
 0001:0002e82f       _SV_SoundIndex             0042f82f f   sv_init.obj
 0001:0002e848       _SV_ImageIndex             0042f848 f   sv_init.obj
 0001:0002e861       _SV_CreateBaseline         0042f861 f   sv_init.obj
 0001:0002e8bf       _SV_CheckForSavegame       0042f8bf f   sv_init.obj
 0001:0002e947       _SV_SpawnServer            0042f947 f   sv_init.obj
 0001:0002ec19       _SV_InitGame               0042fc19 f   sv_init.obj
 0001:0002ee4c       _SV_Map                    0042fe4c f   sv_init.obj
 0001:0002f00a       _SV_DropClient             0043000a f   sv_main.obj
 0001:0002f07f       _SV_StatusString           0043007f f   sv_main.obj
 0001:0002f15e       _SVC_Info                  0043015e f   sv_main.obj
 0001:0002f234       _SVC_GetChallenge          00430234 f   sv_main.obj
 0001:0002f2dc       _SVC_DirectConnect         004302dc f   sv_main.obj
 0001:0002f748       _Rcon_Validate             00430748 f   sv_main.obj
 0001:0002f779       _SVC_RemoteCommand         00430779 f   sv_main.obj
 0001:0002f84b       _SV_ConnectionlessPacket   0043084b f   sv_main.obj
 0001:0002f9ad       _SV_CalcPings              004309ad f   sv_main.obj
 0001:0002fa34       _SV_GiveMsec               00430a34 f   sv_main.obj
 0001:0002fa73       _SV_ReadPackets            00430a73 f   sv_main.obj
 0001:0002fbbd       _SV_CheckTimeouts          00430bbd f   sv_main.obj
 0001:0002fc7d       _SV_PostprocessFrame       00430c7d f   sv_main.obj
 0001:00030153       _SV_MulticastHook          00431153 f   sv_main.obj
 0001:0003056c       _SV_TraceHook              0043156c f   sv_main.obj
 0001:000306e7       _SV_Frame                  004316e7 f   sv_main.obj
 0001:0003098c       _SV_UserinfoChanged        0043198c f   sv_main.obj
 0001:00030a50       _SV_Init                   00431a50 f   sv_main.obj
 0001:00030ac7       _SV_Shutdown               00431ac7 f   sv_main.obj
 0001:00030cd3       _SV_FlushRedirect          00431cd3 f   sv_send.obj
 0001:00030d45       _SV_ClientPrintf           00431d45 f   sv_send.obj
 0001:00030da0       _SV_BroadcastPrintf        00431da0 f   sv_send.obj
 0001:00030e76       _SV_BroadcastCommand       00431e76 f   sv_send.obj
 0001:00030ecd       _SV_Multicast              00431ecd f   sv_send.obj
 0001:00031112       _SV_MulticastOld           00432112 f   sv_send.obj
 0001:00031125       _SV_StartSound             00432125 f   sv_send.obj
 0001:000313ea       _SV_StartSoundOld          004323ea f   sv_send.obj
 0001:0003141a       _SV_StartSoundNew          0043241a f   sv_send.obj
 0001:0003144a       _SV_SendClientDatagram     0043244a f   sv_send.obj
 0001:0003151e       _SV_DemoCompleted          0043251e f   sv_send.obj
 0001:0003153a       _SV_RateDrop               0043253a f   sv_send.obj
 0001:00031585       _SV_SendClientMessages     00432585 f   sv_send.obj
 0001:000316d4       _SV_BeginDemoserver        004326d4 f   sv_user.obj
 0001:00031721       _SV_New_f                  00432721 f   sv_user.obj
 0001:00031896       _SV_Configstrings_f        00432896 f   sv_user.obj
 0001:000319f0       _SV_Baselines_f            004329f0 f   sv_user.obj
 0001:00031b64       _SV_Begin_f                00432b64 f   sv_user.obj
 0001:00031bc1       _SV_NextDownload_f         00432bc1 f   sv_user.obj
 0001:00031c95       _SV_BeginDownload_f        00432c95 f   sv_user.obj
 0001:00031ead       _SV_Disconnect_f           00432ead f   sv_user.obj
 0001:00031ebd       _SV_ShowServerinfo_f       00432ebd f   sv_user.obj
 0001:00031eca       _SV_Nextserver             00432eca f   sv_user.obj
 0001:00031f29       _SV_Nextserver_f           00432f29 f   sv_user.obj
 0001:00031f70       _SV_ExecuteUserCommand     00432f70 f   sv_user.obj
 0001:00031fdd       _SV_ClientThink            00432fdd f   sv_user.obj
 0001:00032020       _SV_ExecuteClientMessage   00433020 f   sv_user.obj
 0001:0003224d       _SV_ClearWorld             0043324d f   sv_world.obj
 0001:000323a1       _SV_UnlinkEdict            004333a1 f   sv_world.obj
 0001:0003245d       _SV_LinkEdict              0043345d f   sv_world.obj
 0001:00032abb       _SV_AreaEdicts             00433abb f   sv_world.obj
 0001:00032c6c       _SV_PointContents          00433c6c f   sv_world.obj
 0001:00032d92       _SV_ClipMoveToEntities     00433d92 f   sv_world.obj
 0001:00033172       _SV_Trace                  00434172 f   sv_world.obj
 0001:0003322e       _Sys_Quit                  0043422e f   sys_win.obj
 0001:00033302       _Sys_Error                 00434302 f   sys_win.obj
 0001:00033356       _osAddressInfo             00434356 f   sys_win.obj
 0001:000333ea       _osModuleInfo              004343ea f   sys_win.obj
 0001:00033585       _appSymbolName2            00434585 f   sys_win.obj
 0001:00033605       _appSymbolName             00434605 f   sys_win.obj
 0001:00033637       _win32ExceptFilter         00434637 f   sys_win.obj
 0001:00033c19       _win32ExceptFilter2        00434c19 f   sys_win.obj
 0001:00033c25       _Sys_Init                  00434c25 f   sys_win.obj
 0001:00033f1d       _Sys_ConsoleInput          00434f1d f   sys_win.obj
 0001:0003407d       _Sys_ConsoleOutput         0043507d f   sys_win.obj
 0001:0003412e       _Sys_SendKeyEvents         0043512e f   sys_win.obj
 0001:00034197       _Sys_GetClipboardData      00435197 f   sys_win.obj
 0001:000341f0       _Sys_AppActivate           004351f0 f   sys_win.obj
 0001:0003420b       _Sys_UnloadGame            0043520b f   sys_win.obj
 0001:0003422e       _Sys_GetGameAPI            0043522e f   sys_win.obj
 0001:00034318       _WinMain@16                00435318 f   sys_win.obj
 0001:000344d8       _Vid_CreateWindow          004354d8 f   vid_dll.obj
 0001:00034c71       _Vid_DestroyWindow         00435c71 f   vid_dll.obj
 0001:00034cac       _Vid_GetModeInfo           00435cac f   vid_dll.obj
 0001:00034cdb       _Vid_UpdateWindowPosAndSize 00435cdb f   vid_dll.obj
 0001:00034d42       _Vid_FreeReflib            00435d42 f   vid_dll.obj
 0001:00034d81       _Vid_CheckChanges          00435d81 f   vid_dll.obj
 0001:00035132       _Vid_Init                  00436132 f   vid_dll.obj
 0001:000351a3       _Vid_Shutdown              004361a3 f   vid_dll.obj
 0001:000351d1       _Vid_MenuInit              004361d1 f   vid_menu.obj
 0001:00035a31       _Vid_MenuDraw              00436a31 f   vid_menu.obj
 0001:00035ac5       _Vid_MenuKey               00436ac5 f   vid_menu.obj
 0001:00035e1f       _Zip_OpenArchive           00436e1f f   zip.obj
 0001:00035e8a       _Zip_CloseArchive          00436e8a f   zip.obj
 0001:00035e96       _Zip_EnumArchive           00436e96 f   zip.obj
 0001:00036077       _Zip_OpenFile              00437077 f   zip.obj
 0001:00036186       _Zip_ReadFile              00437186 f   zip.obj
 0001:0003627d       _Zip_CloseFile             0043727d f   zip.obj
 0001:000362c5       _Zip_OpenBuf               004372c5 f   zip.obj
 0001:00036318       _Zip_ReadBuf               00437318 f   zip.obj
 0001:00036360       _Zip_CloseBuf              00437360 f   zip.obj
 0001:00036376       _GL_BackEnd                00437376 f   gl_backend.obj
 0001:00039757       _GL_InitBackend            0043a757 f   gl_backend.obj
 0001:0003979a       _GL_ShutdownBackend        0043a79a f   gl_backend.obj
 0001:000397ae       _GL_AllocDynamicMemory     0043a7ae f   gl_buffers.obj
 0001:0003980e       _GL_ResizeDynamicMemory    0043a80e f   gl_buffers.obj
 0001:00039859       _GL_AddSurfaceToPortal     0043a859 f   gl_buffers.obj
 0001:000398bc       _GL_AddDynamicSurface      0043a8bc f   gl_buffers.obj
 0001:000398e4       _GL_InsertShaderIndex      0043a8e4 f   gl_buffers.obj
 0001:00039917       _GL_ClearPortal            0043a917 f   gl_buffers.obj
 0001:00039933       _GL_FinishPortal           0043a933 f   gl_buffers.obj
 0001:00039984       _GL_SortSurfaces           0043a984 f   gl_buffers.obj
 0001:00039b1f       _GL_ClearBuffers           0043ab1f f   gl_buffers.obj
 0001:00039b36       _GL_AddEntity              0043ab36 f   gl_frontend.obj
 0001:00039f8c       _GL_AddDlight              0043af8c f   gl_frontend.obj
 0001:0003a144       _GL_DrawPortal             0043b144 f   gl_frontend.obj
 0001:0003cc34       _GL_TextureMode            0043dc34 f   gl_image.obj
 0001:0003ccd4       _GL_CreateImage            0043dcd4 f   gl_image.obj
 0001:0003d9c5       _GL_SetRawPalette          0043e9c5 f   gl_image.obj
 0001:0003d9f6       _GL_DrawStretchRaw8        0043e9f6 f   gl_image.obj
 0001:0003dca6       _GL_SetupGamma             0043eca6 f   gl_image.obj
 0001:0003dde9       _GL_PerformScreenshot      0043ede9 f   gl_image.obj
 0001:0003e072       _GL_InitImages             0043f072 f   gl_image.obj
 0001:0003e638       _GL_ShutdownImages         0043f638 f   gl_image.obj
 0001:0003e6c3       _GL_LoadDelayedImages      0043f6c3 f   gl_image.obj
 0001:0003e740       _GL_ShowImages             0043f740 f   gl_image.obj
 0001:0003e97f       _GL_FindImage              0043f97f f   gl_image.obj
 0001:0003ed7c       _GL_Lock                   0043fd7c f   gl_interface.obj
 0001:0003ee0d       _GL_Unlock                 0043fe0d f   gl_interface.obj
 0001:0003efbc       _GL_Bind                   0043ffbc f   gl_interface.obj
 0001:0003f0de       _GL_BindForce              004400de f   gl_interface.obj
 0001:0003f12b       _GL_TexEnv                 0044012b f   gl_interface.obj
 0001:0003f2aa       _GL_TexMipBias             004402aa f   gl_interface.obj
 0001:0003f305       _GL_TexEnvColor            00440305 f   gl_interface.obj
 0001:0003f3b5       _GL_SelectTexture          004403b5 f   gl_interface.obj
 0001:0003f416       _GL_TexCoordPointer        00440416 f   gl_interface.obj
 0001:0003f446       _GL_SetMultitexture        00440446 f   gl_interface.obj
 0001:0003f51d       _GL_DisableTexCoordArrays  0044051d f   gl_interface.obj
 0001:0003f576       _GL_CullFace               00440576 f   gl_interface.obj
 0001:0003f5c7       _GL_DepthRange             004405c7 f   gl_interface.obj
 0001:0003f5fa       _GL_State                  004405fa f   gl_interface.obj
 0001:0003f753       _GL_EnableFog              00440753 f   gl_interface.obj
 0001:0003f857       _GL_SetDefaultState        00440857 f   gl_interface.obj
 0001:0003f976       _GL_Set2DMode              00440976 f   gl_interface.obj
 0001:0003fa71       _GL_Setup                  00440a71 f   gl_interface.obj
 0001:0003fb7d       _GL_ShowLights             00440b7d f   gl_light.obj
 0001:0003ffa2       _GL_LightForEntity         00440fa2 f   gl_light.obj
 0001:0004121b       _GL_DiffuseLight           0044221b f   gl_light.obj
 0001:00041393       _GL_InitLightGrid          00442393 f   gl_light.obj
 0001:0004142f       _GL_PostLoadLights         0044242f f   gl_light.obj
 0001:000416cd       _LM_Init                   004426cd f   gl_lightmap.obj
 0001:000416e3       _LM_Flush                  004426e3 f   gl_lightmap.obj
 0001:00041740       _LM_Done                   00442740 f   gl_lightmap.obj
 0001:00041767       _LM_Save                   00442767 f   gl_lightmap.obj
 0001:00041781       _LM_Restore                00442781 f   gl_lightmap.obj
 0001:0004179b       _LM_NewBlock               0044279b f   gl_lightmap.obj
 0001:00041815       _LM_Rewind                 00442815 f   gl_lightmap.obj
 0001:0004181d       _LM_NextBlock              0044281d f   gl_lightmap.obj
 0001:0004184a       _LM_CheckMinlight          0044284a f   gl_lightmap.obj
 0001:000418e0       _LM_AllocBlock             004428e0 f   gl_lightmap.obj
 0001:00041997       _LM_PutBlock               00442997 f   gl_lightmap.obj
 0001:00041dd1       _LM_SortLightStyles        00442dd1 f   gl_lightmap.obj
 0001:00041e62       _GL_UpdateDynamicLightmap  00442e62 f   gl_lightmap.obj
 0001:00042350       _LM_IsMonotone             00443350 f   gl_lightmap.obj
 0001:00042457       _GL_EnableRendering        00443457 f   gl_main.obj
 0001:00042472       _DrawTextLeft              00443472 f   gl_main.obj
 0001:0004253c       _DrawTextRight             0044353c f   gl_main.obj
 0001:0004257a       _DrawText3D                0044357a f   gl_main.obj
 0001:000425f2       _GL_GetRefAPI              004435f2 f   gl_main.obj
 0001:00043e14       _GL_InitFuncTables         00444e14 f   gl_math.obj
 0001:00043fc5       _ModelToWorldCoord         00444fc5 f   gl_math.obj
 0001:00044036       _WorldToModelCoord         00445036 f   gl_math.obj
 0001:0004407d       _BuildRotationMatrix       0044507d f   gl_math.obj
 0001:00044177       _GetBoxRect                00445177 f   gl_math.obj
 0001:000444e8       _ProjectToScreen           004454e8 f   gl_math.obj
 0001:0004462b       _GL_FindModel              0044562b f   gl_model.obj
 0001:000447ab       _GL_LoadWorldMap           004457ab f   gl_model.obj
 0001:000462e7       _GL_PointInLeaf            004472e7 f   gl_model.obj
 0001:00046c2e       _ATAN2_FUNC                00447c2e f i gl_model.obj
 0001:00046dcd       _GL_FindSkin               00447dcd f   gl_model.obj
 0001:00046f26       _GL_ResetModels            00447f26 f   gl_model.obj
 0001:00046fed       _GL_InitModels             00447fed f   gl_model.obj
 0001:0004705a       _GL_ShutdownModels         0044805a f   gl_model.obj
 0001:00047070       _SubdividePlane            00448070 f   gl_poly.obj
 0001:000474c3       _FreeSubdividedPlane       004484c3 f   gl_poly.obj
 0001:000474db       _GetSubdivideIndexes       004484db f   gl_poly.obj
 0001:0004752e       _RemoveCollinearPoints     0044852e f   gl_poly.obj
 0001:00047642       _GetPolyArea               00448642 f   gl_poly.obj
 0001:000476d6       _GL_InitShaders            004486d6 f   gl_shader.obj
 0001:00047813       _GL_ShutdownShaders        00448813 f   gl_shader.obj
 0001:0004783d       _GL_SetShaderLightmap      0044883d f   gl_shader.obj
 0001:00047c3f       _GL_SetShaderLightstyles   00448c3f f   gl_shader.obj
 0001:00047cdb       _GL_GetAlphaShader         00448cdb f   gl_shader.obj
 0001:00047feb       _GL_FindShader             00448feb f   gl_shader.obj
 0001:0004854a       _GL_GetShaderByNum         0044954a f   gl_shader.obj
 0001:00048568       _GL_ResetShaders           00449568 f   gl_shader.obj
 0001:00048978       _GL_ClearSkyBox            00449978 f   gl_sky.obj
 0001:0004899b       _GL_SetSkyRotate           0044999b f   gl_sky.obj
 0001:000489d3       _GL_SkyVisible             004499d3 f   gl_sky.obj
 0001:000489ec       _GL_AddSkySurface          004499ec f   gl_sky.obj
 0001:00049019       _GL_TesselateSkySide       0044a019 f   gl_sky.obj
 0001:000492eb       _GLimp_SetMode             0044a2eb f   glw_imp.obj
 0001:0004958d       _GLimp_HasGamma            0044a58d f   glw_imp.obj
 0001:000495a1       _GLimp_SetGamma            0044a5a1 f   glw_imp.obj
 0001:0004973a       _GLimp_Init                0044a73a f   glw_imp.obj
 0001:00049a98       _GLimp_Shutdown            0044aa98 f   glw_imp.obj
 0001:00049b46       _GLimp_EndFrame            0044ab46 f   glw_imp.obj
 0001:00049be0       _GLimp_AppActivate         0044abe0 f   glw_imp.obj
 0001:0004b2c7       _QGL_Shutdown              0044c2c7 f   qgl_win.obj
 0001:0004b305       _QGL_Init                  0044c305 f   qgl_win.obj
 0001:0004b388       _QGL_InitExtensions        0044c388 f   qgl_win.obj
 0001:0004b6f2       _QGL_EnableLogging         0044c6f2 f   qgl_win.obj
 0001:0004b7bd       _QGL_LogMessage            0044c7bd f   qgl_win.obj
 0001:0004b7d4       _Hunk_Begin                0044c7d4 f   q_shwin.obj
 0001:0004b80e       _Hunk_Alloc                0044c80e f   q_shwin.obj
 0001:0004b895       _Hunk_End                  0044c895 f   q_shwin.obj
 0001:0004b89b       _Hunk_Free                 0044c89b f   q_shwin.obj
 0001:0004b8b4       _Sys_Milliseconds          0044c8b4 f   q_shwin.obj
 0001:0004b8e8       _Sys_Mkdir                 0044c8e8 f   q_shwin.obj
 0001:0004b8f4       _Sys_FindFirst             0044c8f4 f   q_shwin.obj
 0001:0004b972       _Sys_FindNext              0044c972 f   q_shwin.obj
 0001:0004b9e7       _Sys_FindClose             0044c9e7 f   q_shwin.obj
 0001:0004ba01       _R_Alias_clip_z            0044ca01 f   r_aclip.obj
 0001:0004bac3       _R_Alias_clip_left         0044cac3 f   r_aclip.obj
 0001:0004bccf       _R_Alias_clip_right        0044cccf f   r_aclip.obj
 0001:0004bedb       _R_Alias_clip_top          0044cedb f   r_aclip.obj
 0001:0004c0ef       _R_Alias_clip_bottom       0044d0ef f   r_aclip.obj
 0001:0004c303       _R_AliasClip               0044d303 f   r_aclip.obj
 0001:0004c3d3       _R_AliasClipTriangle       0044d3d3 f   r_aclip.obj
 0001:0004c5c5       _R_AliasCheckFrameBBox     0044d5c5 f   r_alias.obj
 0001:0004c6f8       _R_AliasCheckBBox          0044d6f8 f   r_alias.obj
 0001:0004c75c       _R_AliasTransformVector    0044d75c f   r_alias.obj
 0001:0004c7b8       _R_AliasPreparePoints      0044d7b8 f   r_alias.obj
 0001:0004ca50       _R_AliasSetUpTransform     0044da50 f   r_alias.obj
 0001:0004cd13       _R_AliasTransformFinalVerts 0044dd13 f   r_alias.obj
 0001:0004cee2       _R_AliasProjectAndClipTestFinalVert 0044dee2 f   r_alias.obj
 0001:0004cf91       _R_AliasSetupLighting      0044df91 f   r_alias.obj
 0001:0004d0fb       _R_AliasSetupFrames        0044e0fb f   r_alias.obj
 0001:0004d16f       _R_AliasSetUpLerpData      0044e16f f   r_alias.obj
 0001:0004d297       _R_AliasDrawModel          0044e297 f   r_alias.obj
 0001:0004d52b       _R_EntityRotate            0044e52b f   r_bsp.obj
 0001:0004d5a7       _R_RotateBmodel            0044e5a7 f   r_bsp.obj
 0001:0004d702       _R_RecursiveClipBPoly      0044e702 f   r_bsp.obj
 0001:0004da32       _R_DrawSolidClippedSubmodelPolygons 0044ea32 f   r_bsp.obj
 0001:0004dbb9       _R_DrawSubmodelPolygons    0044ebb9 f   r_bsp.obj
 0001:0004dc49       _R_RecursiveWorldNode      0044ec49 f   r_bsp.obj
 0001:0004de7b       _R_RenderWorld             0044ee7b f   r_bsp.obj
 0001:0004def6       _Draw_FindPic              0044eef6 f   r_draw.obj
 0001:0004df39       _Draw_InitLocal            0044ef39 f   r_draw.obj
 0001:0004df4a       _Draw_Char                 0044ef4a f   r_draw.obj
 0001:0004e02b       _Draw_CharColor            0044f02b f   r_draw.obj
 0001:0004e13a       _R_DrawTexts               0044f13a f   r_draw.obj
 0001:0004e1b0       _DrawText_Pos              0044f1b0 f   r_draw.obj
 0001:0004e288       _DrawText_Left             0044f288 f   r_draw.obj
 0001:0004e2b0       _DrawText_Right            0044f2b0 f   r_draw.obj
 0001:0004e2ec       _Draw_GetPicSize           0044f2ec f   r_draw.obj
 0001:0004e32c       _Draw_StretchPicImplementation 0044f32c f   r_draw.obj
 0001:0004e453       _Draw_StretchPic           0044f453 f   r_draw.obj
 0001:0004e48b       _Draw_StretchRaw8          0044f48b f   r_draw.obj
 0001:0004e4bd       _Draw_Pic                  0044f4bd f   r_draw.obj
 0001:0004e676       _Draw_PicColor             0044f676 f   r_draw.obj
 0001:0004e82f       _Draw_TileClear            0044f82f f   r_draw.obj
 0001:0004e8ff       _Draw_Fill                 0044f8ff f   r_draw.obj
 0001:0004e99b       _Draw_Fade                 0044f99b f   r_draw.obj
 0001:0004e9fd       _R_BeginEdgeFrame          0044f9fd f   r_edge.obj
 0001:0004eab9       _R_InsertNewEdges          0044fab9 f   r_edge.obj
 0001:0004eaff       _R_RemoveEdges             0044faff f   r_edge.obj
 0001:0004eb1d       _R_StepActiveU             0044fb1d f   r_edge.obj
 0001:0004ebb1       _R_CleanupSpan             0044fbb1 f   r_edge.obj
 0001:0004ec01       _R_LeadingEdgeBackwards    0044fc01 f   r_edge.obj
 0001:0004ec96       _R_TrailingEdge            0044fc96 f   r_edge.obj
 0001:0004ecfa       _R_LeadingEdge             0044fcfa f   r_edge.obj
 0001:0004ee9d       _R_GenerateSpans           0044fe9d f   r_edge.obj
 0001:0004ef0b       _R_GenerateSpansBackward   0044ff0b f   r_edge.obj
 0001:0004ef79       _R_ScanEdges               0044ff79 f   r_edge.obj
 0001:0004f150       _D_FlatFillSurface         00450150 f   r_edge.obj
 0001:0004f1aa       _D_CalcGradients           004501aa f   r_edge.obj
 0001:0004f40a       _D_BackgroundSurf          0045040a f   r_edge.obj
 0001:0004f44a       _D_TurbulentSurf           0045044a f   r_edge.obj
 0001:0004f559       _D_SkySurf                 00450559 f   r_edge.obj
 0001:0004f5da       _D_SolidSurf               004505da f   r_edge.obj
 0001:0004f732       _D_DrawflatSurfaces        00450732 f   r_edge.obj
 0001:0004f782       _D_DrawSurfaces            00450782 f   r_edge.obj
 0001:0004f87b       _R_ImageList_f             0045087b f   r_image.obj
 0001:0004f93c       _R_FindFreeImage           0045093c f   r_image.obj
 0001:0004f987       _R_LoadPic                 00450987 f   r_image.obj
 0001:0004fa14       _R_LoadTex                 00450a14 f   r_image.obj
 0001:0004faa0       _R_LoadWal                 00450aa0 f   r_image.obj
 0001:0004faf6       _R_MipMap                  00450af6 f   r_image.obj
 0001:0004fc24       _R_DownsampleImage         00450c24 f   r_image.obj
 0001:0004fd29       _R_FindImage               00450d29 f   r_image.obj
 0001:000500ce       _R_RegisterSkin            004510ce f   r_image.obj
 0001:000500dc       _R_FreeUnusedImages        004510dc f   r_image.obj
 0001:0005013c       _R_InitImages              0045113c f   r_image.obj
 0001:0005019f       _R_ShutdownImages          0045119f f   r_image.obj
 0001:000501dc       _R_MarkLights              004511dc f   r_light.obj
 0001:000502a2       _R_PushDlights             004512a2 f   r_light.obj
 0001:00050300       _R_LightPoint              00451300 f   r_light.obj
 0001:000506cb       _R_AddDynamicLights        004516cb f   r_light.obj
 0001:00050969       _R_BuildLightMap           00451969 f   r_light.obj
 0001:00050a5f       _R_InitTextures            00451a5f f   r_main.obj
 0001:00050b20       _R_InitTurb                00451b20 f   r_main.obj
 0001:00050b9d       _R_Register                00451b9d f   r_main.obj
 0001:00050c05       _R_Init                    00451c05 f   r_main.obj
 0001:00050c96       _R_Shutdown                00451c96 f   r_main.obj
 0001:00050d0b       _R_NewMap                  00451d0b f   r_main.obj
 0001:00050db5       _R_MarkLeaves              00451db5 f   r_main.obj
 0001:00050edc       _R_DrawEntitiesOnList      00451edc f   r_main.obj
 0001:00051084       _R_BmodelCheckBBox         00452084 f   r_main.obj
 0001:00051136       _R_FindTopnode             00452136 f   r_main.obj
 0001:0005118b       _RotatedBBox               0045218b f   r_main.obj
 0001:000512ed       _R_DrawBEntitiesOnList     004522ed f   r_main.obj
 0001:000514ee       _R_EdgeDrawing             004524ee f   r_main.obj
 0001:000515c3       _R_CalcPalette             004525c3 f   r_main.obj
 0001:000516c8       _R_SetLightLevel           004526c8 f   r_main.obj
 0001:00051718       _R_RenderFrame             00452718 f   r_main.obj
 0001:000518fd       _R_InitGraphics            004528fd f   r_main.obj
 0001:00051973       _R_BeginFrame              00452973 f   r_main.obj
 0001:00051ab8       _R_GammaCorrectAndSetPalette 00452ab8 f   r_main.obj
 0001:00051b17       _R_CinematicSetPalette     00452b17 f   r_main.obj
 0001:00051bae       _Draw_BuildGammaTable      00452bae f   r_main.obj
 0001:00051cbf       _R_DrawBeam                00452cbf f   r_main.obj
 0001:00051e14       _R_SetSky                  00452e14 f   r_main.obj
 0001:00051e8b       _Draw_GetPalette           00452e8b f   r_main.obj
 0001:00051fd1       _Draw_ConCharColor         00452fd1 f   r_main.obj
 0001:00051ff2       _GetRefAPI                 00452ff2 f   r_main.obj
 0001:00052243       _D_ViewChanged             00453243 f   r_misc.obj
 0001:000523b6       _R_PrintTimes              004533b6 f   r_misc.obj
 0001:0005241e       _R_PrintDSpeeds            0045341e f   r_misc.obj
 0001:000524d3       _R_PrintAliasStats         004534d3 f   r_misc.obj
 0001:000524e6       _R_TransformFrustum        004534e6 f   r_misc.obj
 0001:000525a4       _TransformVector           004535a4 f   r_misc.obj
 0001:0005260f       _R_SetUpFrustumIndexes     0045360f f   r_misc.obj
 0001:00052674       _R_ViewChanged             00453674 f   r_misc.obj
 0001:000529bd       _R_SetupFrame              004539bd f   r_misc.obj
 0001:00052b98       _jpeg_mem_term             00453b98 f   r_misc.obj
 0001:00052b98       __setargv                  00453b98 f   r_misc.obj
 0001:00052b98       _QCommon_Shutdown          00453b98 f   r_misc.obj
 0001:00052b98       _R_SurfacePatch            00453b98 f   r_misc.obj
 0001:00052b99       _WritePCXfile              00453b99 f   r_misc.obj
 0001:00052cbb       _R_ScreenShot              00453cbb f   r_misc.obj
 0001:00052dca       _Mod_Modellist_f           00453dca f   r_model.obj
 0001:00052e28       _Mod_Init                  00453e28 f   r_model.obj
 0001:00052e40       _Mod_ForName               00453e40 f   r_model.obj
 0001:0005306e       _Mod_PointInLeaf           0045406e f   r_model.obj
 0001:000530cd       _Mod_DecompressVis         004540cd f   r_model.obj
 0001:0005314d       _Mod_ClusterPVS            0045414d f   r_model.obj
 0001:0005317a       _Mod_LoadLighting          0045417a f   r_model.obj
 0001:000531f9       _R_NumberLeafs             004541f9 f   r_model.obj
 0001:00053247       _Mod_LoadVertexes          00454247 f   r_model.obj
 0001:00053289       _Mod_LoadEdges             00454289 f   r_model.obj
 0001:000532d7       _Mod_LoadTexinfo           004542d7 f   r_model.obj
 0001:0005343f       _CalcSurfaceExtents        0045443f f   r_model.obj
 0001:000535bd       _Mod_LoadFaces             004545bd f   r_model.obj
 0001:0005371e       _Mod_SetParent             0045471e f   r_model.obj
 0001:00053743       _Mod_LoadNodes             00454743 f   r_model.obj
 0001:00053839       _Mod_LoadLeafs             00454839 f   r_model.obj
 0001:000538e2       _Mod_LoadMarksurfaces      004548e2 f   r_model.obj
 0001:0005395b       _Mod_LoadSurfedges         0045495b f   r_model.obj
 0001:0005399a       _Mod_LoadPlanes            0045499a f   r_model.obj
 0001:00053a09       _Mod_LoadBrushModel        00454a09 f   r_model.obj
 0001:00053be8       _Mod_LoadAliasModel        00454be8 f   r_model.obj
 0001:00053e50       _Mod_LoadSpriteModel       00454e50 f   r_model.obj
 0001:00053f33       _R_BeginRegistration       00454f33 f   r_model.obj
 0001:00053fc3       _R_RegisterModel           00454fc3 f   r_model.obj
 0001:000540bb       _R_EndRegistration         004550bb f   r_model.obj
 0001:00054126       _Mod_FreeAll               00455126 f   r_model.obj
 0001:0005416b       _R_DrawParticle            0045516b f   r_part.obj
 0001:00054405       _R_DrawParticles           00455405 f   r_part.obj
 0001:000544ad       _R_DrawSpanletOpaque       004554ad f   r_poly.obj
 0001:0005453d       _R_DrawSpanletTurbulentStipple33 0045553d f   r_poly.obj
 0001:00054668       _R_DrawSpanletTurbulentStipple66 00455668 f   r_poly.obj
 0001:00054849       _R_DrawSpanletTurbulentBlended66 00455849 f   r_poly.obj
 0001:000548fe       _R_DrawSpanletTurbulentBlended33 004558fe f   r_poly.obj
 0001:000549b3       _R_DrawSpanlet33           004559b3 f   r_poly.obj
 0001:00054a4d       _R_DrawSpanletConstant33   00455a4d f   r_poly.obj
 0001:00054aa6       _R_DrawSpanlet66           00455aa6 f   r_poly.obj
 0001:00054b44       _R_DrawSpanlet33Stipple    00455b44 f   r_poly.obj
 0001:00054c5f       _R_DrawSpanlet66Stipple    00455c5f f   r_poly.obj
 0001:00054df0       _R_ClipPolyFace            00455df0 f   r_poly.obj
 0001:00054f61       _R_PolygonDrawSpans        00455f61 f   r_poly.obj
 0001:00055360       _R_PolygonScanLeftEdge     00456360 f   r_poly.obj
 0001:000554c4       _R_PolygonScanRightEdge    004564c4 f   r_poly.obj
 0001:000556ce       _R_ClipAndDrawPoly         004566ce f   r_poly.obj
 0001:000558cd       _R_BuildPolygonFromSurface 004568cd f   r_poly.obj
 0001:00055ac3       _R_PolygonCalculateGradients 00456ac3 f   r_poly.obj
 0001:00055d96       _R_DrawAlphaSurfaces       00456d96 f   r_poly.obj
 0001:00055e2c       _R_IMFlatShadedQuad        00456e2c f   r_poly.obj
 0001:00055f5a       _R_InitAdivtab             00456f5a f   r_polyse.obj
 0001:00055fc6       _R_PolysetUpdateTables     00456fc6 f   r_polyse.obj
 0001:00056001       _R_DrawTriangle            00457001 f   r_polyse.obj
 0001:00056112       _R_PolysetScanLeftEdge_C   00457112 f   r_polyse.obj
 0001:000562dc       _FloorDivMod               004572dc f   r_polyse.obj
 0001:00056376       _R_PolysetSetUpForLineScan 00457376 f   r_polyse.obj
 0001:00056404       _R_PolysetCalcGradients    00457404 f   r_polyse.obj
 0001:00056677       _R_PolysetDrawSpans8_33    00457677 f   r_polyse.obj
 0001:000567a7       _R_PolysetDrawSpansConstant8_33 004577a7 f   r_polyse.obj
 0001:00056841       _R_PolysetDrawSpans8_66    00457841 f   r_polyse.obj
 0001:0005697d       _R_PolysetDrawSpansConstant8_66 0045797d f   r_polyse.obj
 0001:00056a25       _R_PolysetDrawSpans8_Opaque 00457a25 f   r_polyse.obj
 0001:00056b70       _R_RasterizeAliasPolySmooth 00457b70 f   r_polyse.obj
 0001:00057150       _R_PolysetSetEdgeTable     00458150 f   r_polyse.obj
 0001:000571eb       _R_InitSkyBox              004581eb f   r_rast.obj
 0001:00057454       _R_EmitSkyBox              00458454 f   r_rast.obj
 0001:00057567       _R_EmitEdge                00458567 f   r_rast.obj
 0001:00057939       _R_ClipEdge                00458939 f   r_rast.obj
 0001:00057ae7       _R_EmitCachedEdge          00458ae7 f   r_rast.obj
 0001:00057b3e       _R_RenderFace              00458b3e f   r_rast.obj
 0001:00057f05       _R_RenderBmodelFace        00458f05 f   r_rast.obj
 0001:0005816e       _D_WarpScreen              0045916e f   r_scan.obj
 0001:00058330       _D_DrawTurbulent8Span      00459330 f   r_scan.obj
 0001:000583b4       _Turbulent8                004593b4 f   r_scan.obj
 0001:00058710       _NonTurbulent8             00459710 f   r_scan.obj
 0001:00058a4a       _D_DrawSpans16             00459a4a f   r_scan.obj
 0001:00058d67       _D_DrawZSpans              00459d67 f   r_scan.obj
 0001:00058e37       _R_DrawSprite              00459e37 f   r_sprite.obj
 0001:000590c1       _R_TextureAnimation        0045a0c1 f   r_surf.obj
 0001:000590e5       _R_DrawSurface             0045a0e5 f   r_surf.obj
 0001:0005924a       _R_DrawSurfaceBlock8_mip0  0045a24a f   r_surf.obj
 0001:00059349       _R_DrawSurfaceBlock8_mip1  0045a349 f   r_surf.obj
 0001:00059448       _R_DrawSurfaceBlock8_mip2  0045a448 f   r_surf.obj
 0001:00059547       _R_DrawSurfaceBlock8_mip3  0045a547 f   r_surf.obj
 0001:00059643       _R_InitCaches              0045a643 f   r_surf.obj
 0001:000596c4       _D_FlushCaches             0045a6c4 f   r_surf.obj
 0001:00059709       _D_SCAlloc                 0045a709 f   r_surf.obj
 0001:00059896       _D_CacheSurface            0045a896 f   r_surf.obj
 0001:00059a0b       _DDRAW_Init                0045aa0b f   rw_ddraw.obj
 0001:00059e1b       _DDRAW_SetPalette          0045ae1b f   rw_ddraw.obj
 0001:00059e84       _DDRAW_Shutdown            0045ae84 f   rw_ddraw.obj
 0001:00059fef       _DIB_Init                  0045afef f   rw_dib.obj
 0001:0005a1d4       _DIB_SetPalette            0045b1d4 f   rw_dib.obj
 0001:0005a390       _DIB_Shutdown              0045b390 f   rw_dib.obj
 0001:0005a489       _SWimp_Init                0045b489 f   rw_imp.obj
 0001:0005a48d       _SWimp_EndFrame            0045b48d f   rw_imp.obj
 0001:0005a5f9       _SWimp_SetMode             0045b5f9 f   rw_imp.obj
 0001:0005a71b       _SWimp_SetPalette          0045b71b f   rw_imp.obj
 0001:0005a740       _SWimp_Shutdown            0045b740 f   rw_imp.obj
 0001:0005a787       _SWimp_AppActivate         0045b787 f   rw_imp.obj
 0001:0005a840       _jpeg_CreateDecompress     0045b840 f   lib:jdapimin.obj
 0001:0005a900       _jpeg_read_header          0045b900 f   lib:jdapimin.obj
 0001:0005a962       _jpeg_consume_input        0045b962 f   lib:jdapimin.obj
 0001:0005abb0       _jpeg_finish_decompress    0045bbb0 f   lib:jdapimin.obj
 0001:0005ac47       _jpeg_start_decompress     0045bc47 f   lib:jdapistd.obj
 0001:0005adb4       _jpeg_read_scanlines       0045bdb4 f   lib:jdapistd.obj
 0001:0005ae38       _jpeg_resync_to_restart    0045be38 f   lib:jdmarker.obj
 0001:0005affd       _jinit_marker_reader       0045bffd f   lib:jdmarker.obj
 0001:0005c4c8       _jpeg_CreateCompress       0045d4c8 f   lib:jcapimin.obj
 0001:0005c57c       _jpeg_destroy_compress     0045d57c f   lib:jcapimin.obj
 0001:0005c57c       _jpeg_destroy_decompress   0045d57c f   lib:jcapimin.obj
 0001:0005c587       _jpeg_suppress_tables      0045d587 f   lib:jcapimin.obj
 0001:0005c5d1       _jpeg_finish_compress      0045d5d1 f   lib:jcapimin.obj
 0001:0005c6bb       _jpeg_start_compress       0045d6bb f   lib:jcapistd.obj
 0001:0005c727       _jpeg_write_scanlines      0045d727 f   lib:jcapistd.obj
 0001:0005c7d2       _jpeg_add_quant_table      0045d7d2 f   lib:jcparam.obj
 0001:0005c884       _jpeg_quality_scaling      0045d884 f   lib:jcparam.obj
 0001:0005c8ab       _jpeg_set_quality          0045d8ab f   lib:jcparam.obj
 0001:0005c8e5       _jpeg_set_defaults         0045d8e5 f   lib:jcparam.obj
 0001:0005caa7       _jpeg_default_colorspace   0045daa7 f   lib:jcparam.obj
 0001:0005caf7       _jpeg_set_colorspace       0045daf7 f   lib:jcparam.obj
 0001:0005ce12       _jpeg_stdio_dest           0045de12 f   lib:jdatadst.obj
 0001:0005cf12       _crc32                     0045df12 f   lib:crc32.obj
 0001:0005d19e       _inflateReset              0045e19e f   lib:inflate.obj
 0001:0005d1e5       _inflateInit2_             0045e1e5 f   lib:inflate.obj
 0001:0005d29e       _inflate                   0045e29e f   lib:inflate.obj
 0001:0005e42c       _inflateEnd                0045f42c f   lib:inflate.obj
 0001:0005e46a       _jinit_input_controller    0045f46a f   lib:jdinput.obj
 0001:0005e94d       _jinit_memory_mgr          0045f94d f   lib:jmemmgr.obj
 0001:0005f4e1       _jpeg_abort                004604e1 f   lib:jcomapi.obj
 0001:0005f514       _jpeg_destroy              00460514 f   lib:jcomapi.obj
 0001:0005f52f       _jpeg_alloc_quant_table    0046052f f   lib:jcomapi.obj
 0001:0005f54b       _jpeg_alloc_huff_table     0046054b f   lib:jcomapi.obj
 0001:0005f567       _jpeg_calc_output_dimensions 00460567 f   lib:jdmaster.obj
 0001:0005f667       _jinit_master_decompress   00460667 f   lib:jdmaster.obj
 0001:0005f9bd       _jdiv_round_up             004609bd f   lib:jutils.obj
 0001:0005f9cd       _jround_up                 004609cd f   lib:jutils.obj
 0001:0005f9e5       _jcopy_sample_rows         004609e5 f   lib:jutils.obj
 0001:0005fa23       _jcopy_block_row           00460a23 f   lib:jutils.obj
 0001:0005fa3c       _jzero_far                 00460a3c f   lib:jutils.obj
 0001:0005fa4f       _jinit_marker_writer       00460a4f f   lib:jcmarker.obj
 0001:0006032b       _jinit_compress_master     0046132b f   lib:jcinit.obj
 0001:00060384       _zcalloc                   00461384 f   lib:zutil.obj
 0001:00060396       _zcfree                    00461396 f   lib:zutil.obj
 0001:00060396       _jpeg_free_small           00461396 f   lib:zutil.obj
 0001:00060396       _jpeg_free_large           00461396 f   lib:zutil.obj
 0001:000603a2       _inflate_fast              004613a2 f   lib:inffast.obj
 0001:00060757       _inflate_table             00461757 f   lib:inftrees.obj
 0001:00060ae0       _adler32                   00461ae0 f   lib:adler32.obj
 0001:00060bf9       _jinit_c_codec             00461bf9 f   lib:jcodec.obj
 0001:00060c15       _jinit_d_codec             00461c15 f   lib:jcodec.obj
 0001:00060c31       _jpeg_get_large            00461c31 f   lib:jmemansi.obj
 0001:00060c31       _jpeg_get_small            00461c31 f   lib:jmemansi.obj
 0001:00060c3d       _jpeg_mem_available        00461c3d f   lib:jmemansi.obj
 0001:00060c4c       _jpeg_open_backing_store   00461c4c f   lib:jmemansi.obj
 0001:00060d63       _jpeg_mem_init             00461d63 f   lib:jmemansi.obj
 0001:00060d69       _jinit_d_main_controller   00461d69 f   lib:jdmainct.obj
 0001:000613b4       _jinit_d_post_controller   004623b4 f   lib:jdpostct.obj
 0001:0006165f       _jinit_upsampler           0046265f f   lib:jdsample.obj
[...]
 0001:0006b998       _decompress_data           0046c998 f   lib:jddiffct.obj
 0001:0006bb08       _process_restart           0046cb08 f   lib:jddiffct.obj
 0001:00035105       _dummy_consume_data        00436105 f   vid_dll.obj
 0001:0006bb3d       _consume_data              0046cb3d f   lib:jddiffct.obj
 0001:0006bbb4       _output_data               0046cbb4 f   lib:jddiffct.obj
 0001:0006b5e0       _start_pass                0046c5e0 f   lib:jddctmgr.obj
 0001:0006aa32       _start_pass_phuff_decoder  0046ba32 f   lib:jdphuff.obj
 0001:0006ac7b       _decode_mcu_DC_first       0046bc7b f   lib:jdphuff.obj
 0001:0006ae73       _process_restart           0046be73 f   lib:jdphuff.obj
 0001:0006aee2       _decode_mcu_AC_first       0046bee2 f   lib:jdphuff.obj
 0001:0006b102       _decode_mcu_DC_refine      0046c102 f   lib:jdphuff.obj
 0001:0006b1d7       _decode_mcu_AC_refine      0046c1d7 f   lib:jdphuff.obj
 0001:0006a479       _start_pass_huff_decoder   0046b479 f   lib:jdshuff.obj
 0001:0006a5b1       _decode_mcu                0046b5b1 f   lib:jdshuff.obj
 0001:0006a961       _process_restart           0046b961 f   lib:jdshuff.obj
 0001:00069862       _start_input_pass          0046a862 f   lib:jdcoefct.obj
 0001:00069875       _start_iMCU_row            0046a875 f   lib:jdcoefct.obj
 0001:000698ba       _start_output_pass         0046a8ba f   lib:jdcoefct.obj
 0001:000698f7       _decompress_onepass        0046a8f7 f   lib:jdcoefct.obj
 0001:00035105       _dummy_consume_data        00436105 f   vid_dll.obj
 0001:00069ad0       _consume_data              0046aad0 f   lib:jdcoefct.obj
 0001:00069c89       _decompress_data           0046ac89 f   lib:jdcoefct.obj
 0001:00069df5       _smoothing_ok              0046adf5 f   lib:jdcoefct.obj
 0001:00069ee0       _decompress_smooth_data    0046aee0 f   lib:jdcoefct.obj
 0001:000696fb       _scaler_start_pass         0046a6fb f   lib:jcscale.obj
 0001:0006971e       _simple_downscale          0046a71e f   lib:jcscale.obj
 0001:0006974a       _noscale                   0046a74a f   lib:jcscale.obj
 0001:000691f3       _start_pass                0046a1f3 f   lib:jcpred.obj
 0001:0006924b       _reset_predictor           0046a24b f   lib:jcpred.obj
 0001:00069278       _jpeg_difference_first_row 0046a278 f   lib:jcpred.obj
 0001:00069362       _jpeg_difference1          0046a362 f   lib:jcpred.obj
 0001:000693d0       _jpeg_difference2          0046a3d0 f   lib:jcpred.obj
 0001:00069441       _jpeg_difference3          0046a441 f   lib:jcpred.obj
 0001:000694b9       _jpeg_difference4          0046a4b9 f   lib:jcpred.obj
 0001:00069544       _jpeg_difference5          0046a544 f   lib:jcpred.obj
 0001:000695d7       _jpeg_difference6          0046a5d7 f   lib:jcpred.obj
 0001:00069666       _jpeg_difference7          0046a666 f   lib:jcpred.obj
 0001:00068ae5       _start_pass_huff           00469ae5 f   lib:jclhuff.obj
 0001:00068c82       _encode_mcus_huff          00469c82 f   lib:jclhuff.obj
 0001:00068e6d       _emit_bits                 00469e6d f   lib:jclhuff.obj
 0001:00068f10       _dump_buffer               00469f10 f   lib:jclhuff.obj
 0001:00068f34       _emit_restart              00469f34 f   lib:jclhuff.obj
 0001:00068f7f       _flush_bits                00469f7f f   lib:jclhuff.obj
 0001:00068fa3       _finish_pass_huff          00469fa3 f   lib:jclhuff.obj
 0001:00069010       _encode_mcus_gather        0046a010 f   lib:jclhuff.obj
 0001:00069139       _finish_pass_gather        0046a139 f   lib:jclhuff.obj
 0001:000675fd       _need_optimization_pass    004685fd f   lib:jcshuff.obj
 0001:00068705       _start_pass_diff           00469705 f   lib:jcdiffct.obj
 0001:000667fe       _start_iMCU_row            004677fe f   lib:jccoefct.obj
 0001:000687a3       _compress_data             004697a3 f   lib:jcdiffct.obj
 0001:00068939       _compress_first_pass       00469939 f   lib:jcdiffct.obj
 0001:00068a2e       _compress_output           00469a2e f   lib:jcdiffct.obj
 0001:00068130       _start_pass_fdctmgr        00469130 f   lib:jcdctmgr.obj
 0001:000682ce       _forward_DCT               004692ce f   lib:jcdctmgr.obj
 0001:0006841a       _forward_DCT_float         0046941a f   lib:jcdctmgr.obj
 0001:00067640       _start_pass_phuff          00468640 f   lib:jcphuff.obj
 0001:000677ad       _encode_mcu_DC_first       004687ad f   lib:jcphuff.obj
 0001:000678df       _emit_bits                 004688df f   lib:jcphuff.obj
 0001:0006798a       _dump_buffer               0046898a f   lib:jcphuff.obj
 0001:000679c2       _emit_symbol               004689c2 f   lib:jcphuff.obj
 0001:00067a02       _emit_restart              00468a02 f   lib:jcphuff.obj
 0001:00067a8b       _emit_eobrun               00468a8b f   lib:jcphuff.obj
 0001:00067b11       _encode_mcu_AC_first       00468b11 f   lib:jcphuff.obj
 0001:00067ca5       _encode_mcu_DC_refine      00468ca5 f   lib:jcphuff.obj
 0001:00067d5f       _encode_mcu_AC_refine      00468d5f f   lib:jcphuff.obj
 0001:00067f76       _finish_pass_phuff         00468f76 f   lib:jcphuff.obj
 0001:00067fc5       _finish_pass_gather_phuff  00468fc5 f   lib:jcphuff.obj
 0001:00068088       _need_optimization_pass    00469088 f   lib:jcphuff.obj
 0001:00066dd8       _start_pass_huff           00467dd8 f   lib:jcshuff.obj
 0001:00066f4d       _encode_mcu_huff           00467f4d f   lib:jcshuff.obj
 0001:00067058       _encode_one_block          00468058 f   lib:jcshuff.obj
 0001:000671cf       _emit_bits                 004681cf f   lib:jcshuff.obj
 0001:00067272       _dump_buffer               00468272 f   lib:jcshuff.obj
 0001:00067296       _emit_restart              00468296 f   lib:jcshuff.obj
 0001:00067303       _flush_bits                00468303 f   lib:jcshuff.obj
 0001:00067327       _finish_pass_huff          00468327 f   lib:jcshuff.obj
 0001:00067396       _encode_mcu_gather         00468396 f   lib:jcshuff.obj
 0001:0006744c       _htest_one_block           0046844c f   lib:jcshuff.obj
 0001:00067513       _finish_pass_gather        00468513 f   lib:jcshuff.obj
 0001:000675fd       _need_optimization_pass    004685fd f   lib:jcshuff.obj
 0001:00066769       _start_pass_coef           00467769 f   lib:jccoefct.obj
 0001:000667fe       _start_iMCU_row            004677fe f   lib:jccoefct.obj
 0001:00066840       _compress_data             00467840 f   lib:jccoefct.obj
 0001:00066a27       _compress_first_pass       00467a27 f   lib:jccoefct.obj
 0001:00066c0d       _compress_output           00467c0d f   lib:jccoefct.obj
 0001:00066681       _calc_output_dimensions    00467681 f   lib:jdlossls.obj
 0001:00066692       _start_input_pass          00467692 f   lib:jdlossls.obj
 0001:000663c0       _calc_output_dimensions    004673c0 f   lib:jdlossy.obj
 0001:00066533       _start_input_pass          00467533 f   lib:jdlossy.obj
 0001:00066553       _latch_quant_tables        00467553 f   lib:jdlossy.obj
 0001:000665eb       _start_output_pass         004675eb f   lib:jdlossy.obj
 0001:0006630f       _start_pass                0046730f f   lib:jclossls.obj
 0001:0006627b       _start_pass                0046727b f   lib:jclossy.obj
 0001:000657d0       _initial_setup             004667d0 f   lib:jcmaster.obj
 0001:00065983       _validate_script           00466983 f   lib:jcmaster.obj
 0001:00065d5b       _prepare_for_pass          00466d5b f   lib:jcmaster.obj
 0001:00065ed3       _select_scan_parameters    00466ed3 f   lib:jcmaster.obj
 0001:00065fd4       _per_scan_setup            00466fd4 f   lib:jcmaster.obj
 0001:0006617f       _pass_startup              0046717f f   lib:jcmaster.obj
 0001:000661a6       _finish_pass_master        004671a6 f   lib:jcmaster.obj
 0001:000652bc       _rgb_ycc_start             004662bc f   lib:jccolor.obj
 0001:00065380       _rgb_ycc_convert           00466380 f   lib:jccolor.obj
 0001:0006547f       _rgb_gray_convert          0046647f f   lib:jccolor.obj
 0001:00065504       _cmyk_ycck_convert         00466504 f   lib:jccolor.obj
 0001:0006563c       _grayscale_convert         0046663c f   lib:jccolor.obj
 0001:00065696       _null_convert              00466696 f   lib:jccolor.obj
 0001:000641d8       _null_method               004651d8 f   lib:jquant1.obj
 0001:000641d8       _start_pass_downsample     004651d8 f   lib:jquant1.obj
 0001:00064a08       _sep_downsample            00465a08 f   lib:jcsample.obj
 0001:00064a7d       _int_downsample            00465a7d f   lib:jcsample.obj
 0001:00064b75       _expand_right_edge         00465b75 f   lib:jcsample.obj
 0001:00064bca       _fullsize_downsample       00465bca f   lib:jcsample.obj
 0001:00064c0e       _h2v1_downsample           00465c0e f   lib:jcsample.obj
 0001:00064ca2       _h2v2_downsample           00465ca2 f   lib:jcsample.obj
 0001:00064d4f       _h2v2_smooth_downsample    00465d4f f   lib:jcsample.obj
 0001:00064fc7       _fullsize_smooth_downsample 00465fc7 f   lib:jcsample.obj
 0001:00064404       _start_pass_prep           00465404 f   lib:jcprepct.obj
 0001:00064442       _pre_process_data          00465442 f   lib:jcprepct.obj
 0001:000645f0       _pre_process_context       004655f0 f   lib:jcprepct.obj
 0001:000647a9       _create_context_buffer     004657a9 f   lib:jcprepct.obj
 0001:0006427c       _start_pass_main           0046527c f   lib:jcmainct.obj
 0001:000642be       _process_data_simple_main  004652be f   lib:jcmainct.obj
 0001:00063851       _create_colormap           00464851 f   lib:jquant1.obj
 0001:00063983       _select_ncolors            00464983 f   lib:jquant1.obj
 0001:00063a5a       _create_colorindex         00464a5a f   lib:jquant1.obj
 0001:00063b86       _alloc_fs_workspace        00464b86 f   lib:jquant1.obj
 0001:00063bc2       _start_pass_1_quant        00464bc2 f   lib:jquant1.obj
 0001:00063c8e       _create_odither_tables     00464c8e f   lib:jquant1.obj
 0001:00063ced       _make_odither_array        00464ced f   lib:jquant1.obj
 0001:00063d50       _color_quantize            00464d50 f   lib:jquant1.obj
 0001:00063ddb       _color_quantize3           00464ddb f   lib:jquant1.obj
 0001:00063e69       _quantize_ord_dither       00464e69 f   lib:jquant1.obj
 0001:00063f54       _quantize3_ord_dither      00464f54 f   lib:jquant1.obj
 0001:00064054       _quantize_fs_dither        00465054 f   lib:jquant1.obj
 0001:000641d8       _finish_pass_1_quant       004651d8 f   lib:jquant1.obj
 0001:000641d9       _new_color_map_1_quant     004651d9 f   lib:jquant1.obj
 0001:00062812       _init_error_limit          00463812 f   lib:jquant2.obj
 0001:000628b1       _start_pass_2_quant        004638b1 f   lib:jquant2.obj
 0001:000629b3       _prescan_quantize          004639b3 f   lib:jquant2.obj
 0001:00062a22       _pass2_no_dither           00463a22 f   lib:jquant2.obj
 0001:00062acf       _fill_inverse_cmap         00463acf f   lib:jquant2.obj
 0001:00062b9a       _find_nearby_colors        00463b9a f   lib:jquant2.obj
 0001:00062d3e       _find_best_colors          00463d3e f   lib:jquant2.obj
 0001:00062e58       _pass2_fs_dither           00463e58 f   lib:jquant2.obj
 0001:000630c7       _finish_pass1              004640c7 f   lib:jquant2.obj
 0001:000630e9       _select_colors             004640e9 f   lib:jquant2.obj
 0001:00063175       _update_box                00464175 f   lib:jquant2.obj
 0001:0006350f       _median_cut                0046450f f   lib:jquant2.obj
 0001:00063623       _find_biggest_color_pop    00464623 f   lib:jquant2.obj
 0001:00063652       _find_biggest_volume       00464652 f   lib:jquant2.obj
 0001:0006367b       _compute_color             0046467b f   lib:jquant2.obj
 0001:000641d8       _finish_pass2              004651d8 f   lib:jquant1.obj
 0001:000637b7       _new_color_map_2_quant     004647b7 f   lib:jquant2.obj
 0001:00062229       _build_ycc_rgb_table       00463229 f   lib:jdmerge.obj
 0001:000622d9       _start_pass_merged_upsample 004632d9 f   lib:jdmerge.obj
 0001:000622ee       _merged_2v_upsample        004632ee f   lib:jdmerge.obj
 0001:00062395       _merged_1v_upsample        00463395 f   lib:jdmerge.obj
 0001:000623c6       _h2v1_merged_upsample      004633c6 f   lib:jdmerge.obj
 0001:0006251c       _h2v2_merged_upsample      0046351c f   lib:jdmerge.obj
 0001:00061dcd       _build_ycc_rgb_table       00462dcd f   lib:jdcolor.obj
 0001:00061e7d       _ycc_rgb_convert           00462e7d f   lib:jdcolor.obj
 0001:00061f8b       _null_convert              00462f8b f   lib:jdcolor.obj
 0001:00062003       _grayscale_convert         00463003 f   lib:jdcolor.obj
 0001:00062026       _gray_rgb_convert          00463026 f   lib:jdcolor.obj
 0001:0006207f       _ycck_cmyk_convert         0046307f f   lib:jdcolor.obj
 0001:000641d8       _start_pass_dcolor         004651d8 f   lib:jquant1.obj
 0001:0006182e       _start_pass_upsample       0046282e f   lib:jdsample.obj
 0001:00061848       _sep_upsample              00462848 f   lib:jdsample.obj
 0001:00061915       _fullsize_upsample         00462915 f   lib:jdsample.obj
 0001:00061920       _noop_upsample             00462920 f   lib:jdsample.obj
 0001:00061928       _int_upsample              00462928 f   lib:jdsample.obj
 0001:00061a12       _h2v1_upsample             00462a12 f   lib:jdsample.obj
 0001:00061a69       _h2v2_upsample             00462a69 f   lib:jdsample.obj
 0001:00061adb       _h2v1_fancy_upsample       00462adb f   lib:jdsample.obj
 0001:00061b7e       _h2v2_fancy_upsample       00462b7e f   lib:jdsample.obj
 0001:00061437       _start_pass_dpost          00462437 f   lib:jdpostct.obj
 0001:000614dd       _post_process_1pass        004624dd f   lib:jdpostct.obj
 0001:00061542       _post_process_prepass      00462542 f   lib:jdpostct.obj
 0001:000615d3       _post_process_2pass        004625d3 f   lib:jdpostct.obj
 0001:00060e3e       _alloc_funny_pointers      00461e3e f   lib:jdmainct.obj
 0001:00060eeb       _start_pass_main           00461eeb f   lib:jdmainct.obj
 0001:00060f53       _make_funny_pointers       00461f53 f   lib:jdmainct.obj
 0001:00061093       _process_data_simple_main  00462093 f   lib:jdmainct.obj
 0001:000610fb       _process_data_context_main 004620fb f   lib:jdmainct.obj
 0001:0006120d       _set_wraparound_pointers   0046220d f   lib:jdmainct.obj
 0001:000612f7       _set_bottom_pointers       004622f7 f   lib:jdmainct.obj
 0001:00061391       _process_data_crank_post   00462391 f   lib:jdmainct.obj
 0001:00060c9e       _read_backing_store        00461c9e f   lib:jmemansi.obj
 0001:00060cf9       _write_backing_store       00461cf9 f   lib:jmemansi.obj
 0001:00060d54       _close_backing_store       00461d54 f   lib:jmemansi.obj
 0001:0005fa9d       _write_marker_header       00460a9d f   lib:jcmarker.obj
 0001:0005faf3       _emit_byte                 00460af3 f   lib:jcmarker.obj
 0001:0005fb24       _write_marker_byte         00460b24 f   lib:jcmarker.obj
 0001:0005fb34       _write_file_header         00460b34 f   lib:jcmarker.obj
 0001:0005fb80       _emit_jfif_app0            00460b80 f   lib:jcmarker.obj
 0001:0005fc53       _emit_adobe_app14          00460c53 f   lib:jcmarker.obj
 0001:0005fcf9       _write_frame_header        00460cf9 f   lib:jcmarker.obj
 0001:0005fdd8       _emit_dqt                  00460dd8 f   lib:jcmarker.obj
 0001:0005fec7       _emit_sof                  00460ec7 f   lib:jcmarker.obj
 0001:0005ffa3       _write_scan_header         00460fa3 f   lib:jcmarker.obj
 0001:00060063       _emit_dht                  00461063 f   lib:jcmarker.obj
 0001:0006013c       _emit_dri                  0046113c f   lib:jcmarker.obj
 0001:0006018b       _emit_sos                  0046118b f   lib:jcmarker.obj
 0001:00060279       _write_file_trailer        00461279 f   lib:jcmarker.obj
 0001:00060299       _write_tables_only         00461299 f   lib:jcmarker.obj
 0001:0005f5f2       _use_merged_upsample       004605f2 f   lib:jdmaster.obj
 0001:0005f698       _master_selection          00460698 f   lib:jdmaster.obj
 0001:0005f7f5       _prepare_range_limit_table 004607f5 f   lib:jdmaster.obj
 0001:0005f87b       _prepare_for_output_pass   0046087b f   lib:jdmaster.obj
 0001:0005f99c       _finish_output_pass        0046099c f   lib:jdmaster.obj
 0001:0005ea69       _alloc_small               0045fa69 f   lib:jmemmgr.obj
 0001:0005eb87       _alloc_large               0045fb87 f   lib:jmemmgr.obj
 0001:0005ec38       _alloc_sarray              0045fc38 f   lib:jmemmgr.obj
 0001:0005ecd0       _alloc_barray              0045fcd0 f   lib:jmemmgr.obj
 0001:0005ed74       _alloc_darray              0045fd74 f   lib:jmemmgr.obj
 0001:0005ee1f       _request_virt_sarray       0045fe1f f   lib:jmemmgr.obj
 0001:0005ee80       _request_virt_barray       0045fe80 f   lib:jmemmgr.obj
 0001:0005eee1       _realize_virt_arrays       0045fee1 f   lib:jmemmgr.obj
 0001:0005f064       _access_virt_sarray        00460064 f   lib:jmemmgr.obj
 0001:0005f184       _do_sarray_io              00460184 f   lib:jmemmgr.obj
 0001:0005f214       _access_virt_barray        00460214 f   lib:jmemmgr.obj
 0001:0005f339       _do_barray_io              00460339 f   lib:jmemmgr.obj
 0001:0005f3ca       _free_pool                 004603ca f   lib:jmemmgr.obj
 0001:0005f4b1       _self_destruct             004604b1 f   lib:jmemmgr.obj
 0001:0005e4ab       _start_input_pass          0045f4ab f   lib:jdinput.obj
 0001:0005e4d9       _per_scan_setup            0045f4d9 f   lib:jdinput.obj
 0001:0005e65f       _finish_input_pass         0045f65f f   lib:jdinput.obj
 0001:0005e670       _consume_markers           0045f670 f   lib:jdinput.obj
 0001:0005e70c       _initial_setup             0045f70c f   lib:jdinput.obj
 0001:0005e916       _reset_input_controller    0045f916 f   lib:jdinput.obj
 0001:0005e34e       _updatewindow              0045f34e f   lib:inflate.obj
 0001:0005cf31       _crc32_little              0045df31 f   lib:crc32.obj
 0001:0005ce4e       _init_destination          0045de4e f   lib:jdatadst.obj
 0001:0005ce74       _empty_output_buffer       0045de74 f   lib:jdatadst.obj
 0001:0005ceb6       _term_destination          0045deb6 f   lib:jdatadst.obj
 0001:0005c9d5       _std_huff_tables           0045d9d5 f   lib:jcparam.obj
 0001:0005ca2f       _add_huff_table            0045da2f f   lib:jcparam.obj
 0001:0005af26       _next_marker               0045bf26 f   lib:jdmarker.obj
 0001:0005b060       _get_interesting_appn      0045c060 f   lib:jdmarker.obj
 0001:0005b18b       _examine_app0              0045c18b f   lib:jdmarker.obj
 0001:0005b399       _examine_app14             0045c399 f   lib:jdmarker.obj
 0001:0005b45a       _skip_variable             0045c45a f   lib:jdmarker.obj
 0001:0005b4fd       _read_markers              0045c4fd f   lib:jdmarker.obj
 0001:0005b705       _get_soi                   0045c705 f   lib:jdmarker.obj
 0001:0005b7b0       _get_sof                   0045c7b0 f   lib:jdmarker.obj
 0001:0005bab9       _get_sos                   0045cab9 f   lib:jdmarker.obj
 0001:0005bda7       _get_dht                   0045cda7 f   lib:jdmarker.obj
 0001:0005c048       _get_dqt                   0045d048 f   lib:jdmarker.obj
 0001:0005c2a4       _get_dri                   0045d2a4 f   lib:jdmarker.obj
 0001:0005c383       _first_marker              0045d383 f   lib:jdmarker.obj
 0001:0005c41f       _read_restart_marker       0045d41f f   lib:jdmarker.obj
 0001:0005c49d       _reset_marker_reader       0045d49d f   lib:jdmarker.obj
 0001:0005ad0a       _output_pass_setup         0045bd0a f   lib:jdapistd.obj
 0001:0005a9fe       _default_decompress_parms  0045b9fe f   lib:jdapimin.obj

 70 bytes saved through ICF

