 quake2

 Timestamp is 4225bd46 (Wed Mar 02 16:19:02 2005)

 Preferred load address is 00400000

 Start         Length     Name                   Class
 0001:00000000 0005f490H .text                   CODE
 0002:00000000 00000278H .idata$5                DATA
 0002:00000278 0000544cH .rdata                  DATA
 0002:000056c8 00000044H .rdata$r                DATA
 0002:00005710 00000038H .xdata$x                DATA
 0002:00005748 00000078H .idata$2                DATA
 0002:000057c0 00000014H .idata$3                DATA
 0002:000057d4 00000278H .idata$4                DATA
 0002:00005a4c 000007fcH .idata$6                DATA
 0002:00006248 00000000H .edata                  DATA
 0003:00000000 00000004H .CRT$XCA                DATA
 0003:00000004 00000024H .CRT$XCU                DATA
 0003:00000028 00000004H .CRT$XCZ                DATA
 0003:0000002c 00000004H .CRT$XIA                DATA
 0003:00000030 00000004H .CRT$XIZ                DATA
 0003:00000040 0000d6ecH .data                   DATA
 0003:0000d730 0031c294H .bss                    DATA
 0004:00000000 00000130H .rsrc$01                DATA
 0004:00000130 00003f20H .rsrc$02                DATA

  Address         Publics by Value              Rva+Base     Lib:Object

 0001:00000000       ??3@YAXPAX@Z               00401000 f i CoreMain.obj
 0001:0000000b       ?appInit@@YAXXZ            0040100b f   CoreMain.obj
 0001:00000069       ?appLoadDebugSymbols@@YAXXZ 00401069 f   DbgSymbols.obj
 0001:0000026c       ?appSymbolName@@YA_NIPADH@Z 0040126c f   DbgSymbols.obj
 0001:00000358       ?appSymbolName@@YAPBDI@Z   00401358 f   DbgSymbols.obj
 0001:0000038a       ?appMalloc@@YAPAXIH@Z      0040138a f   Memory.obj
 0001:00000438       ?appFree@@YAXPAX@Z         00401438 f   Memory.obj
 0001:00000466       ?Unlink@FMemHeader@@QAEXXZ 00401466 f i Memory.obj
 0001:00000491       ?Link@CMemoryChain@@AAEXXZ 00401491 f   Memory.obj
 0001:000004b0       ?Unlink@CMemoryChain@@AAEXXZ 004014b0 f   Memory.obj
 0001:000004db       ??2CMemoryChain@@SAPAXIH@Z 004014db f   Memory.obj
 0001:0000054d       ??3CMemoryChain@@SAXPAX@Z  0040154d f   Memory.obj
 0001:00000580       ?Alloc@CMemoryChain@@QAEPAXIH@Z 00401580 f   Memory.obj
 0001:000005ea       ?appInitMemory@@YAXXZ      004015ea f   Memory.obj
 0001:00000b23       ?Write@COutputDeviceNull@@UAEXPBD@Z 00401b23 f i OutputDevice.obj
 0001:00000b26       ?appWPrintf@@YAXPBDZZ      00401b26 f   OutputDevice.obj
 0001:00000b77       ?appFatalError@@YAXPBDZZ   00401b77 f   ErrorMgr.obj
 0001:00000bb1       ?appNonFatalError@@YAXPBDZZ 00401bb1 f   ErrorMgr.obj
 0001:00000c0f       ?appUnwindPrefix@@YAXPBD@Z 00401c0f f   ErrorMgr.obj
 0001:00000c66       ?appUnwindThrow@@YAXPBDZZ  00401c66 f   ErrorMgr.obj
 0001:00000ced       ?Reset@CErrorHandler@@QAEXXZ 00401ced f   ErrorMgr.obj
 0001:00000d17       ?appInitError@@YAXXZ       00401d17 f   ErrorMgr.obj
 0001:00000dd5       ?appStricmp@@YAHPBD0@Z     00401dd5 f   Strings.obj
 0001:00000e0a       ?toLower@@YADD@Z           00401e0a f i Strings.obj
 0001:00000e21       ?appStrcpy@@YAXPADPBD@Z    00401e21 f   Strings.obj
 0001:00000e34       ?appStrncpylwr@@YAXPADPBDH@Z 00401e34 f   Strings.obj
 0001:00000e6c       ?appStrncpyz@@YAXPADPBDH@Z 00401e6c f   Strings.obj
 0001:00000e99       ?appStrcatn@@YAXPADHPBD@Z  00401e99 f   Strings.obj
 0001:00000ec4       ?appCopyFilename@@YAXPADPBDH@Z 00401ec4 f   Strings.obj
 0001:00000f60       ?appCStrlen@@YAHPBD@Z      00401f60 f   Strings.obj
 0001:00000f85       ?appUncolorizeString@@YAXPADPBD@Z 00401f85 f   Strings.obj
 0001:00000fb5       ?va@@YAPBDPBDZZ            00401fb5 f   Strings.obj
 0001:00001051       ?appSprintf@@YAHPADHPBDZZ  00402051 f   Strings.obj
 0001:0000109c       ?appMatchWildcard@@YA_NPBD0_N@Z 0040209c f   Strings.obj
 0001:0000121c       ?CopyString@@YAPADPBD@Z    0040221c f   Strings.obj
 0001:0000125c       ?CopyString@@YAPADPBDPAVCMemoryChain@@@Z 0040225c f   Strings.obj
 0001:00001290       ??2CStringItem@@SAPAXIPBD@Z 00402290 f   Strings.obj
 0001:000012d9       ??2CStringItem@@SAPAXIPBDPAVCMemoryChain@@@Z 004022d9 f   Strings.obj
 0001:00001316       ?Find@CStringList@@IAEPAVCStringItem@@PBDPAPAV2@@Z 00402316 f   Strings.obj
 0001:00001359       ?Find@CStringList@@IAEPAVCStringItem@@H@Z 00402359 f   Strings.obj
 0001:00001372       ?IndexOf@CStringList@@QAEHPBD@Z 00402372 f   Strings.obj
 0001:0000139f       ?Remove@CStringList@@QAE_NPAVCStringItem@@@Z 0040239f f   Strings.obj
 0001:000013cb       ?Free@CStringList@@QAEXXZ  004023cb f   Strings.obj
 0001:000013e4       ?osAddressInfo@@YA_NIPADHPAH@Z 004023e4 f   DbgSymbolsWin32.obj
 0001:00001478       ?osModuleInfo@@YA_NIPADHPAH@Z 00402478 f   DbgSymbolsWin32.obj
 0001:00001620       ?win32ExceptFilter@@YAHPAU_EXCEPTION_POINTERS@@@Z 00402620 f   ExceptFilterWin32.obj
 0001:00001bc2       ?win32ExceptFilter2@@YAHXZ 00402bc2 f   ExceptFilterWin32.obj
 0001:00001bce       ?SCR_StopCinematic@@YAXXZ  00402bce f   cl_cin.obj
 0001:00001c62       ?SCR_DrawCinematic@@YA_NXZ 00402c62 f   cl_cin.obj
 0001:000020c5       ?SCR_PlayCinematic@@YAXPAD@Z 004030c5 f   cl_cin.obj
 0001:00002426       ?CL_Download_f@@YAX_NHPAPAD@Z 00403426 f   cl_download.obj
 0001:000027d7       ?CL_ParseDownload@@YAXXZ   004037d7 f   cl_download.obj
 0001:00002fe4       ?CL_Precache_f@@YAXHPAPAD@Z 00403fe4 f   cl_download.obj
 0001:00003042       ?CL_ParseDelta@@YAXPAUentityState_t@@0HI_N@Z 00404042 f   cl_ents.obj
 0001:0000325b       ?CL_ParsePacketEntities@@YAXPAUframe_t@@0@Z 0040425b f   cl_ents.obj
 0001:000035c6       ?CL_FireEntityEvents@@YAXPAUframe_t@@@Z 004045c6 f   cl_ents.obj
 0001:00003618       ?CL_ParseFrame@@YAXXZ      00404618 f   cl_ents.obj
 0001:0000390a       ?CL_AddEntityBox@@YAXPAUentityState_t@@I@Z 0040490a f   cl_ents.obj
 0001:000039ef       ?CL_OffsetThirdPersonView@@YAXXZ 004049ef f   cl_ents.obj
 0001:00003aa9       ?CL_CalcViewValues@@YAXXZ  00404aa9 f   cl_ents.obj
 0001:00003db2       ?CL_AddEntities@@YAXXZ     00404db2 f   cl_ents.obj
 0001:00004b3b       ?CL_GetEntitySoundOrigin@@YAXHQAM@Z 00405b3b f   cl_ents.obj
 0001:00004b73       ?CL_ClearLightStyles@@YAXXZ 00405b73 f   cl_fx.obj
 0001:00004bf5       ?CL_RunLightStyles@@YAXXZ  00405bf5 f   cl_fx.obj
 0001:00004c94       ?CL_SetLightstyle@@YAXHPBD@Z 00405c94 f   cl_fx.obj
 0001:00004cf5       ?CL_ClearDlights@@YAXXZ    00405cf5 f   cl_fx.obj
 0001:00004d06       ?CL_AllocDlight@@YAPAUcdlight_t@@HQAM@Z 00405d06 f   cl_fx.obj
 0001:00004d6f       ?CL_AddDLights@@YAXXZ      00405d6f f   cl_fx.obj
 0001:00004dcf       ?CL_ClearParticles@@YAXXZ  00405dcf f   cl_fx.obj
 0001:00004e36       ?CL_AllocParticleTrace@@YAPAUparticleTrace_t@@QAM0MM@Z 00405e36 f   cl_fx.obj
 0001:00004ed6       ?CL_AllocParticleBeam@@YAPAUbeam_s@@QAM0MM@Z 00405ed6 f   cl_fx.obj
 0001:00004f49       ?CL_AllocParticle@@YAPAUparticle_s@@XZ 00405f49 f   cl_fx.obj
 0001:00004f97       ?CL_UpdateParticles@@YAXXZ 00405f97 f   cl_fx.obj
 0001:00005589       ?CL_MetalSparks@@YAXQAM0H@Z 00406589 f   cl_fx.obj
 0001:00005676       ?CL_ParseMuzzleFlash@@YAXXZ 00406676 f   cl_fx.obj
 0001:00005a0c       ?CL_ParseMuzzleFlash2@@YAXXZ 00406a0c f   cl_fx.obj
 0001:0000604f       ?CL_ParticleEffect@@YAXQAM0HH@Z 0040704f f   cl_fx.obj
 0001:0000611e       ?CL_ParticleEffect2@@YAXQAM0HH@Z 0040711e f   cl_fx.obj
 0001:000061e9       ?CL_ParticleEffect3@@YAXQAM0HH@Z 004071e9 f   cl_fx.obj
 0001:000062b9       ?CL_TeleporterParticles@@YAXPAUentityState_t@@@Z 004072b9 f   cl_fx.obj
 0001:00006370       ?CL_LogoutEffect@@YAXQAMH@Z 00407370 f   cl_fx.obj
 0001:0000645b       ?CL_ItemRespawnParticles@@YAXQAM@Z 0040745b f   cl_fx.obj
 0001:0000650a       ?CL_ExplosionParticles@@YAXQAM@Z 0040750a f   cl_fx.obj
 0001:000065b4       ?CL_BigTeleportParticles@@YAXQAM@Z 004075b4 f   cl_fx.obj
 0001:0000670b       ?CL_BlasterParticles@@YAXQAM0@Z 0040770b f   cl_fx.obj
 0001:000067d7       ?CL_BlasterTrail@@YAXQAM0@Z 004077d7 f   cl_fx.obj
 0001:000068ca       ?CL_FlagTrail@@YAXQAM0H@Z  004078ca f   cl_fx.obj
 0001:000069c5       ?CL_DiminishingTrail@@YAXQAM0PAUcentity_t@@H@Z 004079c5 f   cl_fx.obj
 0001:00006c29       ?CL_RocketTrail@@YAXQAM0PAUcentity_t@@@Z 00407c29 f   cl_fx.obj
 0001:00006d56       ?CL_RailTrail@@YAXQAM0@Z   00407d56 f   cl_fx.obj
 0001:00006f7c       ?CL_RailTrailExt@@YAXQAM0EE@Z 00407f7c f   cl_fx.obj
 0001:00007080       ?CL_IonripperTrail@@YAXQAM0@Z 00408080 f   cl_fx.obj
 0001:00007193       ?CL_BubbleTrail@@YAXQAM0@Z 00408193 f   cl_fx.obj
 0001:000072a4       ?CL_FlyParticles@@YAXQAMH@Z 004082a4 f   cl_fx.obj
 0001:00007443       ?CL_FlyEffect@@YAXPAUcentity_t@@QAM@Z 00408443 f   cl_fx.obj
 0001:000074ab       ?CL_BfgParticles@@YAXPAUentity_t@@@Z 004084ab f   cl_fx.obj
 0001:00007685       ?CL_TrapParticles@@YAXPAUentity_t@@@Z 00408685 f   cl_fx.obj
 0001:00007908       ?CL_BFGExplosionParticles@@YAXQAM@Z 00408908 f   cl_fx.obj
 0001:000079b2       ?CL_TeleportParticles@@YAXQAM@Z 004089b2 f   cl_fx.obj
 0001:00007aeb       ?CL_EntityEvent@@YAXPAUentityState_t@@@Z 00408aeb f   cl_fx.obj
 0001:00007cc6       ?CL_ClearEffects@@YAXXZ    00408cc6 f   cl_fx.obj
 0001:00007cd5       ?IN_CenterView@@YAXXZ      00408cd5 f   cl_input.obj
 0001:00007cf6       ?CL_InitInput@@YAXXZ       00408cf6 f   cl_input.obj
 0001:00008292       ?CL_SendCmd@@YAXXZ         00409292 f   cl_input.obj
 0001:0000898d       ?CL_WriteDemoMessage@@YAXXZ 0040998d f   cl_main.obj
 0001:000089cf       ?Cmd_ForwardToServer@@YAXHPAPAD@Z 004099cf f   cl_main.obj
 0001:00008a62       ?CL_ForwardToServer_f@@YAXHPAPAD@Z 00409a62 f   cl_main.obj
 0001:00008aaa       ?CL_Pause@@YAX_N@Z         00409aaa f   cl_main.obj
 0001:00008aec       ?CL_Quit_f@@YAXXZ          00409aec f   cl_main.obj
 0001:00008af6       ?CL_Drop@@YAX_N@Z          00409af6 f   cl_main.obj
 0001:00008b19       ?CL_SendConnectPacket@@YAXXZ 00409b19 f   cl_main.obj
 0001:00008bf0       ?CL_CheckForResend@@YAXXZ  00409bf0 f   cl_main.obj
 0001:00008cf5       ?CL_Connect_f@@YAX_NHPAPAD@Z 00409cf5 f   cl_main.obj
 0001:00008d78       ?CL_Rcon_f@@YAXHPAPAD@Z    00409d78 f   cl_main.obj
 0001:00008e80       ?CL_Disconnect@@YAXXZ      00409e80 f   cl_main.obj
 0001:00009030       ?CL_Disconnect_f@@YAXXZ    0040a030 f   cl_main.obj
 0001:0000903a       ?CL_Changing_f@@YAXXZ      0040a03a f   cl_main.obj
 0001:0000905e       ?CL_Reconnect_f@@YAXXZ     0040a05e f   cl_main.obj
 0001:000090fa       ?CL_PingServers_f@@YAXXZ   0040a0fa f   cl_main.obj
 0001:00009265       ?CL_Skins_f@@YAXXZ         0040a265 f   cl_main.obj
 0001:00009538       ?CL_ConnectionlessPacket@@YAXXZ 0040a538 f   cl_main.obj
 0001:00009637       ?CL_ReadPackets@@YAXXZ     0040a637 f   cl_main.obj
 0001:0000977c       ?CL_FixUpGender@@YAXXZ     0040a77c f   cl_main.obj
 0001:0000982e       ?CL_Userinfo_f@@YAXXZ      0040a82e f   cl_main.obj
 0001:00009846       ?CL_RegisterSounds@@YAXXZ  0040a846 f   cl_main.obj
 0001:00009885       ?CL_Snd_Restart_f@@YAXXZ   0040a885 f   cl_main.obj
 0001:00009894       ?CL_WriteConfiguration@@YAXPAD@Z 0040a894 f   cl_main.obj
 0001:0000994f       ?CL_WriteConfig_f@@YAX_NHPAPAD@Z 0040a94f f   cl_main.obj
 0001:000099ae       ?CL_FixCvarCheats@@YAXXZ   0040a9ae f   cl_main.obj
 0001:00009a08       ?CL_Frame@@YAXMH@Z         0040aa08 f   cl_main.obj
 0001:00009bec       ?CL_ClearState@@YAXXZ      0040abec f   cl_main.obj
 0001:00009c24       ?CL_Init@@YAXXZ            0040ac24 f   cl_main.obj
 0001:0000a111       ?CL_Shutdown@@YAX_N@Z      0040b111 f   cl_main.obj
 0001:0000a166       ?CL_Flashlight@@YAXHQAM@Z  0040b166 f   cl_newfx.obj
 0001:0000a1a0       ?CL_ColorFlash@@YAXQAMHHMMM@Z 0040b1a0 f   cl_newfx.obj
 0001:0000a1dc       ?CL_DebugTrail@@YAXQAM0@Z  0040b1dc f   cl_newfx.obj
 0001:0000a2bc       ?CL_ForceWall@@YAXQAM0H@Z  0040b2bc f   cl_newfx.obj
 0001:0000a3e3       ?CL_BubbleTrail2@@YAXQAM0H@Z 0040b3e3 f   cl_newfx.obj
 0001:0000a50b       ?CL_Heatbeam@@YAXQAM0@Z    0040b50b f   cl_newfx.obj
 0001:0000a79e       ?CL_ParticleSteamEffect@@YAXQAM0HHH@Z 0040b79e f   cl_newfx.obj
 0001:0000a8c8       ?CL_ParticleSteamEffect2@@YAXPAUcl_sustain_s@@@Z 0040b8c8 f   cl_newfx.obj
 0001:0000a9ff       ?CL_TrackerTrail@@YAXQAM0H@Z 0040b9ff f   cl_newfx.obj
 0001:0000ab4f       ?CL_Tracker_Shell@@YAXQAM@Z 0040bb4f f   cl_newfx.obj
 0001:0000abd8       ?CL_MonsterPlasma_Shell@@YAXQAM@Z 0040bbd8 f   cl_newfx.obj
 0001:0000ac5e       ?CL_Widowbeamout@@YAXPAUcl_sustain_s@@@Z 0040bc5e f   cl_newfx.obj
 0001:0000ad1a       ?CL_Nukeblast@@YAXPAUcl_sustain_s@@@Z 0040bd1a f   cl_newfx.obj
 0001:0000add6       ?CL_WidowSplash@@YAXQAM@Z  0040bdd6 f   cl_newfx.obj
 0001:0000ae9e       ?CL_TagTrail@@YAXQAM0H@Z   0040be9e f   cl_newfx.obj
 0001:0000af99       ?CL_ColorExplosionParticles@@YAXQAMHH@Z 0040bf99 f   cl_newfx.obj
 0001:0000b046       ?CL_ParticleSmokeEffect@@YAXQAM0HHH@Z 0040c046 f   cl_newfx.obj
 0001:0000b16e       ?CL_BlasterParticles2@@YAXQAM0I@Z 0040c16e f   cl_newfx.obj
 0001:0000b23b       ?CL_BlasterTrail2@@YAXQAM0@Z 0040c23b f   cl_newfx.obj
 0001:0000b32e       ?CL_LoadClientinfo@@YAXPAUclientinfo_t@@PAD@Z 0040c32e f   cl_parse.obj
 0001:0000b615       ?CL_ParseClientinfo@@YAXH@Z 0040c615 f   cl_parse.obj
 0001:0000b639       ?CL_ParseServerMessage@@YAXXZ 0040c639 f   cl_parse.obj
 0001:0000be00       ?CL_CheckPredictionError@@YAXXZ 0040ce00 f   cl_pred.obj
 0001:0000bfa0       ?CL_EntityTrace@@YAXPAUtrace_t@@QAM111H@Z 0040cfa0 f   cl_pred.obj
 0001:0000c35b       ?CL_Trace@@YAXPAUtrace_t@@QAM111H@Z 0040d35b f   cl_pred.obj
 0001:0000c3dd       ?CL_PMpointcontents@@YAHQAM@Z 0040d3dd f   cl_pred.obj
 0001:0000c568       ?CL_PredictMovement@@YAXXZ 0040d568 f   cl_pred.obj
 0001:0000c90a       ?DrawString@@YAXHHPBD@Z    0040d90a f   cl_scrn.obj
 0001:0000c94f       ?SCR_DebugGraph@@YAXMH@Z   0040d94f f   cl_scrn.obj
 0001:0000c977       ?SCR_CenterPrint@@YAXPAD@Z 0040d977 f   cl_scrn.obj
 0001:0000ca7b       ?Key_Message@@YAXH@Z       0040da7b f   cl_scrn.obj
 0001:0000cb17       ?SCR_SetLevelshot@@YAXPBD@Z 0040db17 f   cl_scrn.obj
 0001:0000cbfb       ?SCR_BeginLoadingPlaque@@YAXXZ 0040dbfb f   cl_scrn.obj
 0001:0000cc80       ?SCR_EndLoadingPlaque@@YAX_N@Z 0040dc80 f   cl_scrn.obj
 0001:0000cd05       ?SCR_ShowConsole@@YAX_N0@Z 0040dd05 f   cl_scrn.obj
 0001:0000cdde       ?SCR_ToggleConsole@@YAXXZ  0040ddde f   cl_scrn.obj
 0001:0000ce06       ?SCR_TouchPics@@YAXXZ      0040de06 f   cl_scrn.obj
 0001:0000ce76       ?SCR_UpdateScreen@@YAXXZ   0040de76 f   cl_scrn.obj
 0001:0000e1cd       ?SCR_Init@@YAXXZ           0040f1cd f   cl_scrn.obj
 0001:0000e4ad       ?CL_RegisterTEntSounds@@YAXXZ 0040f4ad f   cl_tent.obj
 0001:0000e6f2       ?CL_RegisterTEntModels@@YAXXZ 0040f6f2 f   cl_tent.obj
 0001:0000e82a       ?CL_ClearTEnts@@YAXXZ      0040f82a f   cl_tent.obj
 0001:0000e85e       ?CL_AllocExplosion@@YAPAUexplosion_t@@QAMW4exptype_t@@@Z 0040f85e f   cl_tent.obj
 0001:0000e8fa       ?CL_AddExplosions@@YAXXZ   0040f8fa f   cl_tent.obj
 0001:0000ea94       ?CL_SmokeAndFlash@@YAXQAM@Z 0040fa94 f   cl_tent.obj
 0001:0000eadc       ?CL_ParseBeam@@YAHPAUmodel_s@@@Z 0040fadc f   cl_tent.obj
 0001:0000ebbb       ?CL_ParseBeam2@@YAHPAUmodel_s@@@Z 0040fbbb f   cl_tent.obj
 0001:0000ec92       ?CL_ParsePlayerBeam@@YAHPAUmodel_s@@@Z 0040fc92 f   cl_tent.obj
 0001:0000eda0       ?CL_ParseLightning@@YAHPAUmodel_s@@@Z 0040fda0 f   cl_tent.obj
 0001:0000ee6c       ?CL_ParseLaser@@YAXI@Z     0040fe6c f   cl_tent.obj
 0001:0000eee8       ?CL_ParseSteam@@YAXXZ      0040fee8 f   cl_tent.obj
 0001:0000eff9       ?CL_ParseWidow@@YAXXZ      0040fff9 f   cl_tent.obj
 0001:0000f065       ?CL_ParseNuke@@YAXXZ       00410065 f   cl_tent.obj
 0001:0000f0cf       ?CL_ParseTEnt@@YAXXZ       004100cf f   cl_tent.obj
 0001:0000feea       ?CL_AddBeams@@YAXXZ        00410eea f   cl_tent.obj
 0001:00010226       ?CL_AddPlayerBeams@@YAXXZ  00411226 f   cl_tent.obj
 0001:00010916       ?CL_ProcessSustain@@YAXXZ  00411916 f   cl_tent.obj
 0001:00010957       ?CL_AddTEnts@@YAXXZ        00411957 f   cl_tent.obj
 0001:0001096b       ?V_AddEntity@@YAXPAUentity_t@@@Z 0041196b f   cl_view.obj
 0001:0001099a       ?V_AddLight@@YAXQAMMMMM@Z  0041199a f   cl_view.obj
 0001:000109df       ?V_TestParticles@@YAXXZ    004119df f   cl_view.obj
 0001:00010a9d       ?V_TestEntities@@YAXXZ     00411a9d f   cl_view.obj
 0001:00010b33       ?V_TestLights@@YAXXZ       00411b33 f   cl_view.obj
 0001:00010c01       ?CL_PrepRefresh@@YAXXZ     00411c01 f   cl_view.obj
 0001:00010ec6       ?CalcFov@@YAMMMM@Z         00411ec6 f   cl_view.obj
 0001:00010f3a       ?V_RenderView@@YA_NM@Z     00411f3a f   cl_view.obj
 0001:00011be1       ?V_Init@@YAXXZ             00412be1 f   cl_view.obj
 0001:00011c91       ?Con_ClearNotify@@YAXXZ    00412c91 f   console.obj
 0001:00011ca0       ?Con_CheckResize@@YAXXZ    00412ca0 f   console.obj
 0001:00011dc7       ?Con_Print@@YAXPBD@Z       00412dc7 f   console.obj
 0001:000120bf       ?Con_DrawNotify@@YAX_N@Z   004130bf f   console.obj
 0001:000121d9       ?Con_DrawConsole@@YAXM@Z   004131d9 f   console.obj
 0001:000125b3       ?Con_ClearTyping@@YAXXZ    004135b3 f   console.obj
 0001:000125cc       ?Key_Console@@YAXHH@Z      004135cc f   console.obj
 0001:00012a14       ?Con_Init@@YAXXZ           00413a14 f   console.obj
 0001:00012b90       ?Key_KeynumToString@@YAPBDH@Z 00413b90 f   keys.obj
 0001:00012c40       ?CompleteCommand@@YAXXZ    00413c40 f   keys.obj
 0001:0001359b       ?Key_SetBinding@@YAXHPBD@Z 0041459b f   keys.obj
 0001:000135d9       ?Key_FindBinding@@YAHPBDPAHH@Z 004145d9 f   keys.obj
 0001:00013627       ?Key_WriteBindings@@YAXPAU_iobuf@@@Z 00414627 f   keys.obj
 0001:0001366f       ?Key_Init@@YAXXZ           0041466f f   keys.obj
 0001:00013953       ?Key_Event@@YAXH_NI@Z      00414953 f   keys.obj
 0001:00013ca1       ?Key_ClearStates@@YAXXZ    00414ca1 f   keys.obj
 0001:00013cd8       ?M_PushMenu@@YAXP6AXXZP6APBDH@Z@Z 00414cd8 f   menu.obj
 0001:00013d67       ?M_ForceMenuOff@@YAXXZ     00414d67 f   menu.obj
 0001:00013d90       ?M_ForceMenuOn@@YAXXZ      00414d90 f   menu.obj
 0001:00013da9       ?M_PopMenu@@YAXXZ          00414da9 f   menu.obj
 0001:00013df5       ?Default_MenuKey@@YAPBDPAUmenuFramework_s@@H@Z 00414df5 f   menu.obj
 0001:00013f15       ?M_DrawCharacter@@YAXHHH@Z 00414f15 f   menu.obj
 0001:00013f47       ?M_Print@@YAXHHPAD@Z       00414f47 f   menu.obj
 0001:00013f8d       ?M_DrawCursor@@YAXHHH@Z    00414f8d f   menu.obj
 0001:00013fb2       ?M_DrawTextBox@@YAXHHHH@Z  00414fb2 f   menu.obj
 0001:00014084       ?M_Main_Draw@@YAXXZ        00415084 f   menu.obj
 0001:000141f8       ?M_Main_Key@@YAPBDH@Z      004151f8 f   menu.obj
 0001:000142d6       ?M_Menu_Main_f@@YAXXZ      004152d6 f   menu.obj
 0001:000142f7       ?M_Menu_Multiplayer_f@@YAXXZ 004152f7 f   menu.obj
 0001:000144c5       ?M_Menu_Keys_f@@YAXXZ      004154c5 f   menu.obj
 0001:00014921       ?M_Menu_Options_f@@YAXXZ   00415921 f   menu.obj
 0001:00015236       ?M_Menu_Video_f@@YAXXZ     00416236 f   menu.obj
 0001:00015257       ?M_Menu_Credits_f@@YAXXZ   00416257 f   menu.obj
 0001:00015404       ?M_Menu_Game_f@@YAXXZ      00416404 f   menu.obj
 0001:00015670       ?M_Menu_LoadGame_f@@YAXXZ  00416670 f   menu.obj
 0001:0001593e       ?M_Menu_SaveGame_f@@YAXXZ  0041693e f   menu.obj
 0001:00015a9e       ?M_AddToServerList@@YAXUnetadr_t@@PAD@Z 00416a9e f   menu.obj
 0001:00015b11       ?M_Menu_JoinServer_f@@YAXXZ 00416b11 f   menu.obj
 0001:00015d78       ?M_Menu_StartServer_f@@YAXXZ 00416d78 f   menu.obj
 0001:00016577       ?M_Menu_DMOptions_f@@YAXXZ 00417577 f   menu.obj
 0001:00016d17       ?M_Menu_DownloadOptions_f@@YAXXZ 00417d17 f   menu.obj
 0001:00016f92       ?M_Menu_AddressBook_f@@YAXXZ 00417f92 f   menu.obj
 0001:00018346       ?M_Init@@YAXXZ             00419346 f   menu.obj
 0001:00018464       ?M_Draw@@YAXXZ             00419464 f   menu.obj
 0001:000184b5       ?M_Keydown@@YAXH@Z         004194b5 f   menu.obj
 0001:000184d1       ?Insert@?$TList@VplayerModelInfo_t@@@@QAE_NPAVplayerModelInfo_t@@@Z 004194d1 f i menu.obj
 0001:000184d1       ?Insert@?$TList@VCStringItem@@@@QAE_NPAVCStringItem@@@Z 004194d1 f i menu.obj
 0001:00018507       ?Menu_ItemAtCursor@@YAPAUmenuCommon_s@@PAUmenuFramework_s@@@Z 00419507 f   qmenu.obj
 0001:00018557       ?Field_Key@@YA_NPAUmenuField_t@@H@Z 00419557 f   qmenu.obj
 0001:00018704       ?Menu_AddItem@@YAXPAUmenuFramework_s@@PAX@Z 00419704 f   qmenu.obj
 0001:000187bf       ?Menu_AdjustCursor@@YAXPAUmenuFramework_s@@H@Z 004197bf f   qmenu.obj
 0001:0001890a       ?Menu_Center@@YAXPAUmenuFramework_s@@@Z 0041990a f   qmenu.obj
 0001:0001894a       ?Menu_Draw@@YAXPAUmenuFramework_s@@@Z 0041994a f   qmenu.obj
 0001:00018e74       ?Menu_SelectItem@@YA_NPAUmenuFramework_s@@@Z 00419e74 f   qmenu.obj
 0001:00018ec7       ?Menu_SetStatusBar@@YAXPAUmenuFramework_s@@PBD@Z 00419ec7 f   qmenu.obj
 0001:00018ed3       ?Menu_SlideItem@@YAXPAUmenuFramework_s@@H@Z 00419ed3 f   qmenu.obj
 0001:000193ce       ?InitRendererVars@@YAXXZ   0041a3ce f   ref_vars.obj
 0001:000193ed       ?S_SoundInfo_f@@YAXXZ      0041a3ed f   snd_dma.obj
 0001:00019477       ?S_ReadModelsSex@@YAXXZ    0041a477 f   snd_dma.obj
 0001:0001955c       ?S_IsFemale@@YA_NPAD@Z     0041a55c f   snd_dma.obj
 0001:000195b0       ?S_Init@@YAXXZ             0041a5b0 f   snd_dma.obj
 0001:00019686       ?S_Shutdown@@YAXXZ         0041a686 f   snd_dma.obj
 0001:00019719       ?S_BeginRegistration@@YAXXZ 0041a719 f   snd_dma.obj
 0001:00019727       ?S_RegisterSound@@YAPAUsfx_s@@PBD@Z 0041a727 f   snd_dma.obj
 0001:000198c0       ?S_EndRegistration@@YAXXZ  0041a8c0 f   snd_dma.obj
 0001:00019958       ?S_PickChannel@@YAPAUchannel_t@@HH@Z 0041a958 f   snd_dma.obj
 0001:000199e5       ?S_SpatializeOrigin@@YAXQAMMMPAH1@Z 0041a9e5 f   snd_dma.obj
 0001:00019b0c       ?S_Spatialize@@YAXPAUchannel_t@@@Z 0041ab0c f   snd_dma.obj
 0001:00019b7d       ?S_AllocPlaysound@@YAPAUplaysound_s@@XZ 0041ab7d f   snd_dma.obj
 0001:00019b9f       ?S_FreePlaysound@@YAXPAUplaysound_s@@@Z 0041ab9f f   snd_dma.obj
 0001:00019bcf       ?S_IssuePlaysound@@YAXPAUplaysound_s@@@Z 0041abcf f   snd_dma.obj
 0001:00019c9c       ?S_StartSound@@YAXQAMHHPAUsfx_s@@MMM@Z 0041ac9c f   snd_dma.obj
 0001:0001a013       ?S_StartLocalSound@@YAXPBD@Z 0041b013 f   snd_dma.obj
 0001:0001a062       ?S_ClearBuffer@@YAXXZ      0041b062 f   snd_dma.obj
 0001:0001a0cb       ?S_StopAllSounds_f@@YAXXZ  0041b0cb f   snd_dma.obj
 0001:0001a13b       ?S_AddLoopSounds@@YAXXZ    0041b13b f   snd_dma.obj
 0001:0001a311       ?S_RawSamples@@YAXHHHHPAE@Z 0041b311 f   snd_dma.obj
 0001:0001a515       ?S_Update@@YAXQAM000@Z     0041b515 f   snd_dma.obj
 0001:0001a60f       ?GetSoundtime@@YAXXZ       0041b60f f   snd_dma.obj
 0001:0001a676       ?S_Update_@@YAXXZ          0041b676 f   snd_dma.obj
 0001:0001a929       ?ResampleSfx@@YAXPAUsfx_s@@HHPAE@Z 0041b929 f   snd_mem.obj
 0001:0001aa44       ?S_LoadSound@@YAPAUsfxcache_t@@PAUsfx_s@@@Z 0041ba44 f   snd_mem.obj
 0001:0001ab7c       ?GetWavinfo@@YA?AUwavinfo_t@@PADPAEH@Z 0041bb7c f   snd_mem.obj
 0001:0001adbe       ?S_WriteLinearBlastStereo16@@YAXXZ 0041bdbe f   snd_mix.obj
 0001:0001ae32       ?S_TransferStereo16@@YAXPAKH@Z 0041be32 f   snd_mix.obj
 0001:0001ae9b       ?S_TransferPaintBuffer@@YAXH@Z 0041be9b f   snd_mix.obj
 0001:0001afff       ?S_PaintChannels@@YAXH@Z   0041bfff f   snd_mix.obj
 0001:0001b29b       ?S_InitScaletable@@YAXXZ   0041c29b f   snd_mix.obj
 0001:0001b45c       ?SV_WipeSavegame@@YAXPAD@Z 0041c45c f   sv_ccmds.obj
 0001:0001b48a       ?SV_CopySaveGame@@YAXPAD0@Z 0041c48a f   sv_ccmds.obj
 0001:0001b4df       ?SV_WriteLevelFile@@YAXXZ  0041c4df f   sv_ccmds.obj
 0001:0001b58d       ?SV_ReadLevelFile@@YAXXZ   0041c58d f   sv_ccmds.obj
 0001:0001b63b       ?SV_WriteServerFile@@YAX_NPAD@Z 0041c63b f   sv_ccmds.obj
 0001:0001b878       ?SV_ReadServerFile@@YAXXZ  0041c878 f   sv_ccmds.obj
 0001:0001b99d       ?SV_AddressBanned@@YA_NPAUnetadr_t@@@Z 0041c99d f   sv_ccmds.obj
 0001:0001b9de       ?SV_InitOperatorCommands@@YAXXZ 0041c9de f   sv_ccmds.obj
 0001:0001c9e0       ?SV_WriteFrameToClient@@YAXPAUclient_s@@PAUsizebuf_s@@@Z 0041d9e0 f   sv_ents.obj
 0001:0001cbcb       ?SV_FatPVS@@YAXQAM@Z       0041dbcb f   sv_ents.obj
 0001:0001cce9       ?SV_BuildClientFrame@@YAXPAUclient_s@@@Z 0041dce9 f   sv_ents.obj
 0001:0001cffe       ?SV_RecordDemoMessage@@YAXXZ 0041dffe f   sv_ents.obj
 0001:0001db87       ?SV_InitGameLibrary@@YAX_N@Z 0041eb87 f   sv_game.obj
 0001:0001dccd       ?SV_ShutdownGameLibrary@@YAXXZ 0041eccd f   sv_game.obj
 0001:0001de2a       ?SV_FindIndex@@YAHPADHH_N@Z 0041ee2a f   sv_init.obj
 0001:0001df2f       ?SV_ModelIndex@@YAHPAD@Z   0041ef2f f   sv_init.obj
 0001:0001df45       ?SV_SoundIndex@@YAHPAD@Z   0041ef45 f   sv_init.obj
 0001:0001df5e       ?SV_ImageIndex@@YAHPAD@Z   0041ef5e f   sv_init.obj
 0001:0001df77       ?SV_CreateBaseline@@YAXXZ  0041ef77 f   sv_init.obj
 0001:0001dfd5       ?SV_CheckForSavegame@@YAXXZ 0041efd5 f   sv_init.obj
 0001:0001e05d       ?SV_SpawnServer@@YAXPAD0W4server_state_t@@_N2@Z 0041f05d f   sv_init.obj
 0001:0001e32c       ?SV_InitGame@@YAXXZ        0041f32c f   sv_init.obj
 0001:0001e576       ?SV_Map@@YAX_NPBD0@Z       0041f576 f   sv_init.obj
 0001:0001e73f       ?SV_DropClient@@YAXPAUclient_s@@PAD@Z 0041f73f f   sv_main.obj
 0001:0001e7f0       ?SV_StatusString@@YAPADXZ  0041f7f0 f   sv_main.obj
 0001:0001f027       ?SV_ConnectionlessPacket@@YAXXZ 00420027 f   sv_main.obj
 0001:0001f0f2       ?SV_CalcPings@@YAXXZ       004200f2 f   sv_main.obj
 0001:0001f179       ?SV_GiveMsec@@YAXXZ        00420179 f   sv_main.obj
 0001:0001f1b8       ?SV_ReadPackets@@YAXXZ     004201b8 f   sv_main.obj
 0001:0001f302       ?SV_CheckTimeouts@@YAXXZ   00420302 f   sv_main.obj
 0001:0001f413       ?SV_PostprocessFrame@@YAXXZ 00420413 f   sv_main.obj
 0001:0001f8ea       ?SV_MulticastHook@@YAPAUsizebuf_s@@PAU1@0@Z 004208ea f   sv_main.obj
 0001:0001fcde       ?SV_TraceHook@@YA?AUtrace_t@@QAM000PAUedict_s@@H@Z 00420cde f   sv_main.obj
 0001:0001fe59       ?SV_Frame@@YAXM@Z          00420e59 f   sv_main.obj
 0001:00020113       ?SV_UserinfoChanged@@YAXPAUclient_s@@@Z 00421113 f   sv_main.obj
 0001:000201d7       ?SV_Init@@YAXXZ            004211d7 f   sv_main.obj
 0001:0002024e       ?SV_Shutdown@@YAXPBD_N@Z   0042124e f   sv_main.obj
 0001:00020451       ?SV_BeginRedirect@@YAXXZ   00421451 f   sv_send.obj
 0001:000204fb       ?SV_ClientPrintf@@YAXPAUclient_s@@HPBDZZ 004214fb f   sv_send.obj
 0001:00020556       ?SV_BroadcastPrintf@@YAXHPBDZZ 00421556 f   sv_send.obj
 0001:0002062c       ?SV_BroadcastCommand@@YAXPBDZZ 0042162c f   sv_send.obj
 0001:00020681       ?SV_Multicast@@YAXQAMW4multicast_t@@_N@Z 00421681 f   sv_send.obj
 0001:000208c4       ?SV_MulticastOld@@YAXQAMW4multicast_t@@@Z 004218c4 f   sv_send.obj
 0001:000208d7       ?SV_MulticastNew@@YAXQAMW4multicast_t@@@Z 004218d7 f   sv_send.obj
 0001:000208ea       ?SV_StartSound@@YAXQAMPAUedict_s@@HHMMM_N@Z 004218ea f   sv_send.obj
 0001:00020bb2       ?SV_StartSoundOld@@YAXQAMPAUedict_s@@HHMMM@Z 00421bb2 f   sv_send.obj
 0001:00020be2       ?SV_StartSoundNew@@YAXQAMPAUedict_s@@HHMMM@Z 00421be2 f   sv_send.obj
 0001:00020c12       ?SV_SendClientDatagram@@YA_NPAUclient_s@@@Z 00421c12 f   sv_send.obj
 0001:00020ce5       ?SV_DemoCompleted@@YAXXZ   00421ce5 f   sv_send.obj
 0001:00020d01       ?SV_RateDrop@@YA_NPAUclient_s@@@Z 00421d01 f   sv_send.obj
 0001:00020d4b       ?SV_SendClientMessages@@YAXXZ 00421d4b f   sv_send.obj
 0001:00020e99       ?SV_TokenizeString@@YAXPBD@Z 00421e99 f   sv_tokenize.obj
 0001:00020f70       ?SV_Argc@@YAHXZ            00421f70 f   sv_tokenize.obj
 0001:00020f76       ?SV_Argv@@YAPADH@Z         00421f76 f   sv_tokenize.obj
 0001:00020f90       ?SV_Args@@YAPADXZ          00421f90 f   sv_tokenize.obj
 0001:000217e1       ?SV_Nextserver@@YAXXZ      004227e1 f   sv_user.obj
 0001:00021870       ?SV_ExecuteUserCommand@@YAXPAD@Z 00422870 f   sv_user.obj
 0001:00021932       ?SV_ClientThink@@YAXPAUclient_s@@PAUusercmd_t@@@Z 00422932 f   sv_user.obj
 0001:00021975       ?SV_ExecuteClientMessage@@YAXPAUclient_s@@@Z 00422975 f   sv_user.obj
 0001:00021b93       ?SV_ClearWorld@@YAXXZ      00422b93 f   sv_world.obj
 0001:00021ceb       ?SV_UnlinkEdict@@YAXPAUedict_s@@@Z 00422ceb f   sv_world.obj
 0001:00021dae       ?SV_LinkEdict@@YAXPAUedict_s@@@Z 00422dae f   sv_world.obj
 0001:00022406       ?SV_AreaEdicts@@YAHQAM0PAPAUedict_s@@HH@Z 00423406 f   sv_world.obj
 0001:000225b7       ?SV_PointContents@@YAHQAM@Z 004235b7 f   sv_world.obj
 0001:000226dd       ?SV_ClipMoveToEntities@@YAXPAUtrace_t@@QAM111PAUedict_s@@H@Z 004236dd f   sv_world.obj
 0001:00022abc       ?SV_Trace@@YAXPAUtrace_t@@QAM111PAUedict_s@@H@Z 00423abc f   sv_world.obj
 0001:00022b90       ?Cbuf_Init@@YAXXZ          00423b90 f   cmd.obj
 0001:00022ba8       ?Cbuf_AddText@@YAXPBD@Z    00423ba8 f   cmd.obj
 0001:00022c0d       ?Cbuf_InsertText@@YAXPBD@Z 00423c0d f   cmd.obj
 0001:00022c74       ?Cbuf_CopyToDefer@@YAXXZ   00423c74 f   cmd.obj
 0001:00022cbc       ?Cbuf_InsertFromDefer@@YAXXZ 00423cbc f   cmd.obj
 0001:00022ce5       ?Cbuf_Execute@@YAXXZ       00423ce5 f   cmd.obj
 0001:00022de7       ?Cmd_Unalias_f@@YAX_NHPAPAD@Z 00423de7 f   cmd.obj
 0001:00022e5d       ?Cmd_WriteAliases@@YAXPAU_iobuf@@@Z 00423e5d f   cmd.obj
 0001:00022e8e       ?RegisterCommand@@YA_NPBDP6AXXZH@Z 00423e8e f   cmd.obj
 0001:00022f47       ?UnregisterCommand@@YA_NPBD@Z 00423f47 f   cmd.obj
 0001:00022fd8       ?Cmd_ExecuteString@@YA_NPBD@Z 00423fd8 f   cmd.obj
 0001:00023411       ?ExecuteCommand@@YA_NPBDPBUCSimpleCommand@@H@Z 00424411 f   cmd.obj
 0001:000234d8       ?Cmd_Init@@YAXXZ           004244d8 f   cmd.obj
 0001:00023816       ?CMod_GetSurfMaterial@@YA?AW4material_t@@PAD@Z 00424816 f   cmodel.obj
 0001:00023873       ?CM_LoadMap@@YAPAUcmodel_t@@PAD_NPAI@Z 00424873 f   cmodel.obj
 0001:00023f4a       ?PlaneTypeForNormal@@YAHQBM@Z 00424f4a f i cmodel.obj
 0001:00024102       ?CM_InlineModel@@YAPAUcmodel_t@@PAD@Z 00425102 f   cmodel.obj
 0001:00024143       ?CM_NumClusters@@YAHXZ     00425143 f   cmodel.obj
 0001:00024149       ?CM_NumInlineModels@@YAHXZ 00425149 f   cmodel.obj
 0001:0002414f       ?CM_EntityString@@YAPADXZ  0042514f f   cmodel.obj
 0001:00024155       ?CM_LeafContents@@YAHH@Z   00425155 f   cmodel.obj
 0001:0002417c       ?CM_LeafCluster@@YAHH@Z    0042517c f   cmodel.obj
 0001:000241f2       ?CM_LeafArea@@YAHH@Z       004251f2 f   cmodel.obj
 0001:000243b9       ?CM_HeadnodeForBox@@YAHQAM0@Z 004253b9 f   cmodel.obj
 0001:0002446e       ?CM_PointLeafnum@@YAHQAMH@Z 0042546e f   cmodel.obj
 0001:00024510       ?DISTANCE_TO_PLANE@@YAMQBMPBUcplane_t@@@Z 00425510 f i cmodel.obj
 0001:00024558       ?CM_PointContents@@YAHQAMH@Z 00425558 f   cmodel.obj
 0001:000245cd       ?CM_TransformedPointContents@@YAHQAMH00@Z 004255cd f   cmodel.obj
 0001:00024706       ?CM_TransformedPointContents2@@YAHQAMH0PAY02M@Z 00425706 f   cmodel.obj
 0001:000247f7       ?CM_BoxLeafnums@@YAHQAM0PAHH1H@Z 004257f7 f   cmodel.obj
 0001:0002490b       ?BOX_ON_PLANE_SIDE@@YAHQBM0PBUcplane_t@@@Z 0042590b f i cmodel.obj
 0001:00024990       ?CM_BoxTrace@@YAXPAUtrace_t@@QBM111HH@Z 00425990 f   cmodel.obj
 0001:000253b5       ?CM_TransformedBoxTrace@@YAXPAUtrace_t@@QBM111HH11@Z 004263b5 f   cmodel.obj
 0001:00025685       ?CM_TransformedBoxTrace2@@YAXPAUtrace_t@@QBM111HH1PAY02$$CBM@Z 00426685 f   cmodel.obj
 0001:0002589a       ?CM_BrushTrace@@YAHQBM0PAHH@Z 0042689a f   cmodel.obj
 0001:00025cc0       ?CM_RefineBrushTrace@@YAHQBM0PAHH@Z 00426cc0 f   cmodel.obj
 0001:00025d66       ?CM_ClusterPVS@@YAPAEH@Z   00426d66 f   cmodel.obj
 0001:00025eaa       ?CM_ClusterPHS@@YAPAEH@Z   00426eaa f   cmodel.obj
 0001:0002600d       ?CM_SetAreaPortalState@@YAXH_N@Z 0042700d f   cmodel.obj
 0001:00026032       ?CM_AreasConnected@@YA_NHH@Z 00427032 f   cmodel.obj
 0001:00026076       ?CM_WriteAreaBits@@YAHPAEH@Z 00427076 f   cmodel.obj
 0001:00026118       ?CM_WritePortalState@@YAXPAU_iobuf@@@Z 00427118 f   cmodel.obj
 0001:00026132       ?CM_ReadPortalState@@YAXPAU_iobuf@@@Z 00427132 f   cmodel.obj
 0001:00026150       ?CM_HeadnodeVisible@@YA_NHPAE@Z 00427150 f   cmodel.obj
 0001:00026228       ?Com_BeginRedirect@@YAXPADHP6AX0@Z@Z 00427228 f   common.obj
 0001:00026255       ?Com_EndRedirect@@YAXXZ    00427255 f   common.obj
 0001:00026274       ?Com_Printf@@YAXPBDZZ      00427274 f   common.obj
 0001:00026451       ?Com_DPrintf@@YAXPBDZZ     00427451 f   common.obj
 0001:000264ca       ?DebugPrintf@@YAXPBDZZ     004274ca f   common.obj
 0001:00026574       ?Com_WPrintf@@YAXPBDZZ     00427574 f   common.obj
 0001:000265ce       ?Com_Quit@@YAXXZ           004275ce f   common.obj
 0001:000265ee       ?IPWildcard@@YA_NPAUnetadr_t@@PAD@Z 004275ee f   common.obj
 0001:000266c8       ?Com_ServerState@@YA?AW4server_state_t@@XZ 004276c8 f   common.obj
 0001:000266ce       ?Com_SetServerState@@YAXW4server_state_t@@@Z 004276ce f   common.obj
 0001:000266d8       ?frand@@YAMXZ              004276d8 f   common.obj
 0001:000266f0       ?crand@@YAMXZ              004276f0 f   common.obj
 0001:0002670e       ?MSG_WriteByte@@YAXPAUsizebuf_s@@H@Z 0042770e f   common.obj
 0001:0002670e       ?MSG_WriteChar@@YAXPAUsizebuf_s@@H@Z 0042770e f   common.obj
 0001:00026722       ?MSG_WriteShort@@YAXPAUsizebuf_s@@H@Z 00427722 f   common.obj
 0001:0002673c       ?MSG_WriteLong@@YAXPAUsizebuf_s@@H@Z 0042773c f   common.obj
 0001:00026766       ?MSG_WriteFloat@@YAXPAUsizebuf_s@@M@Z 00427766 f   common.obj
 0001:00026782       ?MSG_WriteString@@YAXPAUsizebuf_s@@PBD@Z 00427782 f   common.obj
 0001:000267b9       ?MSG_WritePos@@YAXPAUsizebuf_s@@QAM@Z 004277b9 f   common.obj
 0001:0002681d       ?MSG_WriteAngle@@YAXPAUsizebuf_s@@M@Z 0042781d f   common.obj
 0001:00026848       ?MSG_WriteAngle16@@YAXPAUsizebuf_s@@M@Z 00427848 f   common.obj
 0001:00026873       ?MSG_WriteDir@@YAXPAUsizebuf_s@@QAM@Z 00427873 f   common.obj
 0001:000268da       ?MSG_ReadDir@@YAXPAUsizebuf_s@@QAM@Z 004278da f   common.obj
 0001:0002690b       ?MSG_BeginReading@@YAXPAUsizebuf_s@@@Z 0042790b f   common.obj
 0001:00026914       ?MSG_ReadChar@@YAHPAUsizebuf_s@@@Z 00427914 f   common.obj
 0001:00026935       ?MSG_ReadByte@@YAHPAUsizebuf_s@@@Z 00427935 f   common.obj
 0001:00026956       ?MSG_ReadShort@@YAHPAUsizebuf_s@@@Z 00427956 f   common.obj
 0001:00026986       ?MSG_ReadLong@@YAHPAUsizebuf_s@@@Z 00427986 f   common.obj
 0001:000269c5       ?MSG_ReadString@@YAPADPAUsizebuf_s@@@Z 004279c5 f   common.obj
 0001:000269f8       ?MSG_ReadPos@@YAXPAUsizebuf_s@@QAM@Z 004279f8 f   common.obj
 0001:00026a4a       ?MSG_ReadAngle@@YAMPAUsizebuf_s@@@Z 00427a4a f   common.obj
 0001:00026a64       ?MSG_ReadAngle16@@YAMPAUsizebuf_s@@@Z 00427a64 f   common.obj
 0001:00026a7e       ?MSG_ReadData@@YAXPAUsizebuf_s@@PAXH@Z 00427a7e f   common.obj
 0001:00026aa1       ?SZ_Init@@YAXPAUsizebuf_s@@PAXH@Z 00427aa1 f   common.obj
 0001:00026abf       ?SZ_Clear@@YAXPAUsizebuf_s@@@Z 00427abf f   common.obj
 0001:00026acc       ?SZ_GetSpace@@YAPAXPAUsizebuf_s@@H@Z 00427acc f   common.obj
 0001:00026b29       ?SZ_Write@@YAXPAUsizebuf_s@@PBXH@Z 00427b29 f   common.obj
 0001:00026b55       ?SZ_Insert@@YAXPAUsizebuf_s@@PBXHH@Z 00427b55 f   common.obj
 0001:00026bae       ?SZ_Print@@YAXPAUsizebuf_s@@PBD@Z 00427bae f   common.obj
 0001:00026c04       ?Info_ValueForKey@@YAPBDPBD0@Z 00427c04 f   common.obj
 0001:00026c83       ?Info_SetValueForKey@@YAXPADPBD1@Z 00427c83 f   common.obj
 0001:00026de6       ?Info_Print@@YAXPBD@Z      00427de6 f   common.obj
 0001:00026e6c       ?COM_BlockSequenceCRCByte@@YAEPAEHH@Z 00427e6c f   common.obj
 0001:00026efd       ?COM_CheckCmdlineVar@@YA_NPBD@Z 00427efd f   common.obj
 0001:00026f53       ?QCommon_Init@@YAXPAD@Z    00427f53 f   common.obj
 0001:00027321       ?QCommon_Frame@@YAXH@Z     00428321 f   common.obj
 0001:000275f8       ?QCommon_Shutdown@@YAXXZ   004285f8 f   common.obj
 0001:00027611       ?CRC_Init@@YAXPAG@Z        00428611 f   crc.obj
 0001:0002761b       ?CRC_Block@@YAGPAEH@Z      0042861b f   crc.obj
 0001:00027664       ?Cvar_VariableValue@@YAMPBD@Z 00428664 f   cvar.obj
 0001:000276d2       ?Cvar_VariableInt@@YAHPBD@Z 004286d2 f   cvar.obj
 0001:000276e5       ?Cvar_VariableString@@YAPADPBD@Z 004286e5 f   cvar.obj
 0001:000276fd       ?Cvar_Get@@YAPAUcvar_t@@PBD0H@Z 004286fd f   cvar.obj
 0001:000279b4       ?Cvar_GetVars@@YAXPBUcvarInfo_t@@H@Z 004289b4 f   cvar.obj
 0001:00027a5e       ?Cvar_FullSet@@YAPAUcvar_t@@PBD0I@Z 00428a5e f   cvar.obj
 0001:00027ab8       ?Cvar_SetValue@@YAPAUcvar_t@@PBDM@Z 00428ab8 f   cvar.obj
 0001:00027cde       ?Cvar_SetInteger@@YAPAUcvar_t@@PBDH@Z 00428cde f   cvar.obj
 0001:00027d00       ?Cvar_Set@@YAPAUcvar_t@@PBD0@Z 00428d00 f   cvar.obj
 0001:00027d15       ?Cvar_ForceSet@@YAPAUcvar_t@@PBD0@Z 00428d15 f   cvar.obj
 0001:00027d2a       ?Cvar_Clamp@@YAMPAUcvar_t@@MM@Z 00428d2a f   cvar.obj
 0001:00027d88       ?Cvar_ClampName@@YAMPBDMM@Z 00428d88 f   cvar.obj
 0001:00027dc7       ?Cvar_GetLatchedVars@@YAXXZ 00428dc7 f   cvar.obj
 0001:00027df6       ?Cvar_Command@@YA_NHPAPAD@Z 00428df6 f   cvar.obj
 0001:00027e8f       ?IsDefault@cvar_t@@QAE_NXZ 00428e8f f i cvar.obj
 0001:00027eac       ?Cvar_WriteVariables@@YAXPAU_iobuf@@HHPBD@Z 00428eac f   cvar.obj
 0001:00027f34       ?Cvar_Userinfo@@YAPBDXZ    00428f34 f   cvar.obj
 0001:00027f8f       ?Cvar_Serverinfo@@YAPBDXZ  00428f8f f   cvar.obj
 0001:00027f98       ?Cvar_Cheats@@YAX_N@Z      00428f98 f   cvar.obj
 0001:00027fe9       ?Cvar_Init@@YAXXZ          00428fe9 f   cvar.obj
 0001:000286a8       ?MSG_WriteDeltaEntity@@YAXPAUsizebuf_s@@PBUentity_state_t@@PAU2@_N3@Z 004296a8 f   entdelta.obj
 0001:00028c4b       ?MSG_WriteRemoveEntity@@YAXPAUsizebuf_s@@H@Z 00429c4b f   entdelta.obj
 0001:00028c8b       ?MSG_ReadEntityBits@@YAHPAUsizebuf_s@@PAIPA_N@Z 00429c8b f   entdelta.obj
 0001:00028cfc       ?MSG_ReadDeltaEntity@@YAXPAUsizebuf_s@@PBUentity_state_t@@PAU2@I@Z 00429cfc f   entdelta.obj
 0001:00028d7f       ?MSG_WriteDeltaUsercmd@@YAXPAUsizebuf_s@@PBUusercmd_t@@PAU2@@Z 00429d7f f   entdelta.obj
 0001:00028e0e       ?MSG_ReadDeltaUsercmd@@YAXPAUsizebuf_s@@PBUusercmd_t@@PAU2@@Z 00429e0e f   entdelta.obj
 0001:00028e91       ?MSG_WriteDeltaPlayerstate@@YAXPAUsizebuf_s@@PBUplayer_state_t@@PAU2@@Z 00429e91 f   entdelta.obj
 0001:00028f9a       ?MSG_ReadDeltaPlayerstate@@YAXPAUsizebuf_s@@PBUplayer_state_t@@PAU2@@Z 00429f9a f   entdelta.obj
 0001:0002906e       ?FS_CreatePath@@YAXPBD@Z   0042a06e f   files.obj
 0001:000290d4       ?FS_CopyFile@@YAXPBD0@Z    0042a0d4 f   files.obj
 0001:000291d7       ?FS_CopyFiles@@YAXPBD0@Z   0042a1d7 f   files.obj
 0001:000292b0       ?FS_RemoveFiles@@YAXPBD@Z  0042a2b0 f   files.obj
 0001:00029324       ?FS_FCloseFile@@YAXPAU_iobuf@@@Z 0042a324 f   files.obj
 0001:000293bf       ?FS_FOpenFile@@YAHPBDPAPAU_iobuf@@@Z 0042a3bf f   files.obj
 0001:000298e4       ?FS_FileExists@@YA_NPBD@Z  0042a8e4 f   files.obj
 0001:00029b01       ?FS_Read@@YAXPAXHPAU_iobuf@@@Z 0042ab01 f   files.obj
 0001:00029da1       ?FS_LoadFile@@YAPAXPBDPAI@Z 0042ada1 f   files.obj
 0001:00029df8       ?FS_FreeFile@@YAXPAX@Z     0042adf8 f   files.obj
 0001:00029e03       ?FS_Gamedir@@YAPADXZ       0042ae03 f   files.obj
 0001:00029e17       ?FS_LoadGameConfig@@YAXXZ  0042ae17 f   files.obj
 0001:00029edc       ?FS_SetGamedir@@YA_NPBD@Z  0042aedc f   files.obj
 0001:0002a600       ?FS_ListFiles@@YA?AV?$TList@VCStringItem@@@@PBDPAHH@Z 0042b600 f   files.obj
 0001:0002a925       ?FS_NextPath@@YAPADPBD@Z   0042b925 f   files.obj
 0001:0002a949       ?FS_InitFilesystem@@YAXXZ  0042b949 f   files.obj
 0001:0002b2f9       ?LoadPCX@@YAXPBDPAPAE1PAH2@Z 0042c2f9 f   images.obj
 0001:0002b443       ?LoadTGA@@YAXPBDPAPAEPAH2@Z 0042c443 f   images.obj
 0001:0002b63e       ?LoadJPG@@YAXPBDPAPAEPAH2@Z 0042c63e f   images.obj
 0001:0002b8d0       ?ImageExists@@YAHPBDH@Z    0042c8d0 f   images.obj
 0001:0002b9d1       ?WriteTGA@@YA_NPBDPAEHH@Z  0042c9d1 f   images.obj
 0001:0002bbbb       ?WriteJPG@@YA_NPBDPAEHH_N@Z 0042cbbb f   images.obj
 0001:0002bce2       ?MD4Init@@YAXPAUMD4_CTX@@@Z 0042cce2 f   md4.obj
 0001:0002bd0a       ?MD4Update@@YAXPAUMD4_CTX@@PAEI@Z 0042cd0a f   md4.obj
 0001:0002bda8       ?MD4Final@@YAXQAEPAUMD4_CTX@@@Z 0042cda8 f   md4.obj
 0001:0002c499       ?Com_BlockChecksum@@YAIPAXH@Z 0042d499 f   md4.obj
 0001:0002c4d5       ?LoadQ2BspFile@@YAXXZ      0042d4d5 f   model.obj
 0001:0002c8ad       ?LoadBspFile@@YAPAUbspfile_t@@PBD_NPAI@Z 0042d8ad f   model.obj
 0001:0002ca5b       ?ProcessEntstring@@YAPADPAD@Z 0042da5b f   model.obj
 0001:0002d90b       ?Netchan_Init@@YAXXZ       0042e90b f   net_chan.obj
 0001:0002d96b       ?Netchan_OutOfBand@@YAXW4netsrc_t@@Unetadr_t@@HPAX@Z 0042e96b f   net_chan.obj
 0001:0002d9cb       ?Netchan_OutOfBandPrint@@YAXW4netsrc_t@@Unetadr_t@@PBDZZ 0042e9cb f   net_chan.obj
 0001:0002da10       ?Netchan_Setup@@YAXW4netsrc_t@@PAUnetchan_t@@Unetadr_t@@H@Z 0042ea10 f   net_chan.obj
 0001:0002da69       ?Netchan_NeedReliable@@YA_NPAUnetchan_t@@@Z 0042ea69 f   net_chan.obj
 0001:0002da93       ?Netchan_Transmit@@YAXPAUnetchan_t@@HPAX@Z 0042ea93 f   net_chan.obj
 0001:0002dc39       ?Netchan_Process@@YA_NPAUnetchan_t@@PAUsizebuf_s@@@Z 0042ec39 f   net_chan.obj
 0001:0002dd5f       ?Pmove@@YAXPAUpmove_t@@@Z  0042ed5f f   pmove.obj
 0001:0002faf9       ?NormalizeColor@@YAMQBMQAM@Z 00430af9 f   q_shared2.obj
 0001:0002fb5a       ?NormalizeColor255@@YAMQBMQAM@Z 00430b5a f   q_shared2.obj
 0001:0002fbbf       ?Q_rsqrt@@YAMM@Z           00430bbf f   q_shared2.obj
 0001:0002fbef       ?AngleVectors@@YAXQBMQAM11@Z 00430bef f   q_shared2.obj
 0001:0002fd50       ?MakeNormalVectors@@YAXQAM00@Z 00430d50 f   q_shared2.obj
 0001:0002fdb7       ?SetPlaneSignbits@@YAXPAUcplane_t@@@Z 00430db7 f   q_shared2.obj
 0001:0002fdda       ?LerpAngle@@YAMMMM@Z       00430dda f   q_shared2.obj
 0001:0002fe1d       ?anglemod@@YAMM@Z          00430e1d f   q_shared2.obj
 0001:0002fe49       ?BoxOnPlaneSide@@YAHQBM0PBUcplane_t@@@Z 00430e49 f   q_shared2.obj
 0001:0002ff6c       ?ClearBounds@@YAXQAM0@Z    00430f6c f   q_shared2.obj
 0001:0002ff95       ?AddPointToBounds@@YAXQBMQAM1@Z 00430f95 f   q_shared2.obj
 0001:0002ffce       ?VectorCompare@@YA_NQBM0@Z 00430fce f   q_shared2.obj
 0001:0002fffb       ?VectorNormalize@@YAMQAM@Z 00430ffb f   q_shared2.obj
 0001:00030054       ?VectorNormalize2@@YAMQBMQAM@Z 00431054 f   q_shared2.obj
 0001:000300af       ?VectorNormalizeFast@@YAMQAM@Z 004310af f   q_shared2.obj
 0001:00030102       ?CrossProduct@@YAXQBM0QAM@Z 00431102 f   q_shared2.obj
 0001:0003013d       ?VectorLength@@YAMQBM@Z    0043113d f   q_shared2.obj
 0001:0003016c       ?VectorDistance@@YAMQBM0@Z 0043116c f   q_shared2.obj
 0001:0003019d       ?VectorScale@@YAXQBMMQAM@Z 0043119d f   q_shared2.obj
 0001:000301c1       ?AnglesToAxis@@YAXQBMQAY02M@Z 004311c1 f   q_shared2.obj
 0001:000301ff       ?ShortSwap@@YAFF@Z         004311ff f   q_shared2.obj
 0001:00030214       ?COM_Parse@@YAPADAAPBD_N@Z 00431214 f   q_shared2.obj
 0001:00030338       ?COM_QuoteString@@YAPBDPBD_N@Z 00431338 f   q_shared2.obj
 0001:00030393       ?Com_PageInMemory@@YAXPAXH@Z 00431393 f   q_shared2.obj
 0001:000303b2       ?Zip_OpenArchive@@YAPAU_iobuf@@PAD@Z 004313b2 f   zip.obj
 0001:0003041d       ?Zip_CloseArchive@@YAXPAU_iobuf@@@Z 0043141d f   zip.obj
 0001:00030429       ?Zip_EnumArchive@@YA_NPAU_iobuf@@P6A_NPAUzipFile_t@@@Z@Z 00431429 f   zip.obj
 0001:00030606       ?Zip_OpenFile@@YAPAUZFILE@@PAU_iobuf@@PAUzipFile_t@@@Z 00431606 f   zip.obj
 0001:000306ea       ?Zip_ReadFile@@YAHPAUZFILE@@PAXH@Z 004316ea f   zip.obj
 0001:000307e0       ?Zip_CloseFile@@YA_NPAUZFILE@@@Z 004317e0 f   zip.obj
 0001:00030824       ?Zip_OpenBuf@@YAPAUZBUF@@PAXH@Z 00431824 f   zip.obj
 0001:00030862       ?Zip_ReadBuf@@YAHPAUZBUF@@PAXH@Z 00431862 f   zip.obj
 0001:000308aa       ?Zip_CloseBuf@@YAXPAUZBUF@@@Z 004318aa f   zip.obj
 0001:000308bf       _zcalloc                   004318bf f   zip.obj
 0001:000308d3       _zcfree                    004318d3 f   zip.obj
 0001:000308de       ?CDAudio_Play2@@YAXH_N@Z   004318de f   cd_win.obj
 0001:00030abd       ?CDAudio_Play@@YAXH_N@Z    00431abd f   cd_win.obj
 0001:00030ad4       ?CDAudio_Stop@@YAXXZ       00431ad4 f   cd_win.obj
 0001:00030b19       ?CDAudio_Pause@@YAXXZ      00431b19 f   cd_win.obj
 0001:00030b72       ?CDAudio_Resume@@YAXXZ     00431b72 f   cd_win.obj
 0001:00030be1       ?CDAudio_MessageHandler@@YAJPAUHWND__@@IIJ@Z 00431be1 f   cd_win.obj
 0001:00030c78       ?CDAudio_Update@@YAXXZ     00431c78 f   cd_win.obj
 0001:00030cac       ?CDAudio_Init@@YAHXZ       00431cac f   cd_win.obj
 0001:0003105e       ?CDAudio_Shutdown@@YAXXZ   0043205e f   cd_win.obj
 0001:00031091       ?CDAudio_Activate@@YAX_N@Z 00432091 f   cd_win.obj
 0001:000310a2       ?IN_MouseEvent@@YAXH@Z     004320a2 f   in_win.obj
 0001:0003110c       ?IN_Commands@@YAXXZ        0043210c f   in_win.obj
 0001:0003123d       ?IN_Init@@YAXXZ            0043223d f   in_win.obj
 0001:00031583       ?IN_Shutdown@@YAXXZ        00432583 f   in_win.obj
 0001:00031667       ?IN_Move@@YAXPAUusercmd_t@@@Z 00432667 f   in_win.obj
 0001:00031b69       ?IN_Activate@@YAX_N@Z      00432b69 f   in_win.obj
 0001:00031b73       ?IN_Frame@@YAXXZ           00432b73 f   in_win.obj
 0001:00031f7d       ?NetadrToSockadr@@YAXPAUnetadr_t@@PAUsockaddr@@@Z 00432f7d f   net_wins.obj
 0001:00032002       ?SockadrToNetadr@@YAXPAUsockaddr@@PAUnetadr_t@@@Z 00433002 f   net_wins.obj
 0001:00032052       ?NET_CompareAdr@@YA_NPAUnetadr_t@@0@Z 00433052 f   net_wins.obj
 0001:000320b2       ?NET_CompareBaseAdr@@YA_NPAUnetadr_t@@0@Z 004330b2 f   net_wins.obj
 0001:00032108       ?NET_AdrToString@@YAPADPAUnetadr_t@@@Z 00433108 f   net_wins.obj
 0001:000321c1       ?NET_StringToAdr@@YA_NPBDPAUnetadr_t@@@Z 004331c1 f   net_wins.obj
 0001:0003244b       ?NET_IsLocalAddress@@YA_NPAUnetadr_t@@@Z 0043344b f   net_wins.obj
 0001:00032457       ?NET_GetLoopPacket@@YA_NW4netsrc_t@@PAUnetadr_t@@PAUsizebuf_s@@@Z 00433457 f   net_wins.obj
 0001:000324e3       ?NET_SendLoopPacket@@YAXW4netsrc_t@@HPAXUnetadr_t@@@Z 004334e3 f   net_wins.obj
 0001:00032538       ?NET_GetPacket@@YA_NW4netsrc_t@@PAUnetadr_t@@PAUsizebuf_s@@@Z 00433538 f   net_wins.obj
 0001:00032656       ?NET_SendPacket@@YAXW4netsrc_t@@HPAXUnetadr_t@@@Z 00433656 f   net_wins.obj
 0001:00032727       ?NET_IPSocket@@YAHPADH@Z   00433727 f   net_wins.obj
 0001:0003283c       ?NET_OpenIP@@YAXXZ         0043383c f   net_wins.obj
 0001:000328b8       ?NET_OpenIPX@@YAXXZ        004338b8 f   net_wins.obj
 0001:000329f8       ?NET_Config@@YAX_N@Z       004339f8 f   net_wins.obj
 0001:00032a9c       ?NET_Init@@YAXXZ           00433a9c f   net_wins.obj
 0001:00032b08       ?Sys_Milliseconds@@YAHXZ   00433b08 f   q_shwin.obj
 0001:00032b39       ?Sys_Mkdir@@YAXPAD@Z       00433b39 f   q_shwin.obj
 0001:00032b45       ?Sys_FindFirst@@YAPBDPBDH@Z 00433b45 f   q_shwin.obj
 0001:00032bff       ?Sys_FindNext@@YAPBDXZ     00433bff f   q_shwin.obj
 0001:00032c69       ?Sys_FindClose@@YAXXZ      00433c69 f   q_shwin.obj
 0001:00032c83       ?SNDDMA_Init@@YA_NXZ       00433c83 f   snd_win.obj
 0001:000332c2       ?SNDDMA_GetDMAPos@@YAHXZ   004342c2 f   snd_win.obj
 0001:0003330c       ?SNDDMA_BeginPainting@@YAXXZ 0043430c f   snd_win.obj
 0001:00033424       ?SNDDMA_Submit@@YAXXZ      00434424 f   snd_win.obj
 0001:00033449       ?SNDDMA_Shutdown@@YAXXZ    00434449 f   snd_win.obj
 0001:0003344e       ?S_Activate@@YAX_N@Z       0043444e f   snd_win.obj
 0001:00033479       ?Sys_Quit@@YAXXZ           00434479 f   sys_win.obj
 0001:00033534       ?Sys_Init@@YAXXZ           00434534 f   sys_win.obj
 0001:0003387d       ?Sys_ConsoleInput@@YAPADXZ 0043487d f   sys_win.obj
 0001:00033b34       ?Sys_ConsoleOutput@@YAXPBD@Z 00434b34 f   sys_win.obj
 0001:00033bc2       ?Sys_SendKeyEvents@@YAXXZ  00434bc2 f   sys_win.obj
 0001:00033cae       ?Sys_UnloadGame@@YAXXZ     00434cae f   sys_win.obj
 0001:00033d29       ?Sys_GetGameAPI@@YAPAXPAX@Z 00434d29 f   sys_win.obj
 0001:00033e80       _WinMain@16                00434e80 f   sys_win.obj
 0001:00034164       ?Vid_CreateWindow@@YAPAXHH_N@Z 00435164 f   vid_dll.obj
 0001:0003498d       ?Vid_DestroyWindow@@YAX_N@Z 0043598d f   vid_dll.obj
 0001:000349c8       ?Vid_GetModeInfo@@YA_NPAH0H@Z 004359c8 f   vid_dll.obj
 0001:000349f6       ?Vid_UpdateWindowPosAndSize@@YAXHH@Z 004359f6 f   vid_dll.obj
 0001:00034a5d       ?Vid_FreeReflib@@YAXXZ     00435a5d f   vid_dll.obj
 0001:00034a97       ?Vid_CheckChanges@@YAXXZ   00435a97 f   vid_dll.obj
 0001:00034e2d       ?Vid_Init@@YAXXZ           00435e2d f   vid_dll.obj
 0001:00034f1e       ?Vid_Shutdown@@YAXXZ       00435f1e f   vid_dll.obj
 0001:00034f4c       ?Vid_MenuInit@@YAXXZ       00435f4c f   vid_menu.obj
 0001:000357a2       ?Vid_MenuDraw@@YAXXZ       004367a2 f   vid_menu.obj
 0001:00035825       ?Vid_MenuKey@@YAPBDH@Z     00436825 f   vid_menu.obj
 0001:00035b90       ?GL_BackEnd@@YAXXZ         00436b90 f   gl_backend.obj
 0001:00039199       ?GL_InitBackend@@YAXXZ     0043a199 f   gl_backend.obj
 0001:000391cd       ?GL_ShutdownBackend@@YAXXZ 0043a1cd f   gl_backend.obj
 0001:000391e1       ?GL_AllocDynamicMemory@@YAPAXH@Z 0043a1e1 f   gl_buffers.obj
 0001:0003924c       ?GL_ResizeDynamicMemory@@YAXPAXH@Z 0043a24c f   gl_buffers.obj
 0001:0003928e       ?GL_AddSurfaceToPortal@@YAXPAUsurfaceCommon_s@@PAUshader_s@@HH@Z 0043a28e f   gl_buffers.obj
 0001:000392f7       ?GL_AddDynamicSurface@@YAPAUsurfaceCommon_s@@PAUshader_s@@H@Z 0043a2f7 f   gl_buffers.obj
 0001:0003931f       ?GL_InsertShaderIndex@@YAXH@Z 0043a31f f   gl_buffers.obj
 0001:00039358       ?GL_ClearPortal@@YAXXZ     0043a358 f   gl_buffers.obj
 0001:00039376       ?GL_FinishPortal@@YAXXZ    0043a376 f   gl_buffers.obj
 0001:000393c7       ?GL_SortSurfaces@@YAXPAUviewPortal_s@@PAPAUsurfaceInfo_s@@@Z 0043a3c7 f   gl_buffers.obj
 0001:00039559       ?GL_ClearBuffers@@YAXXZ    0043a559 f   gl_buffers.obj
 0001:00039570       ?GL_CreateBuffers@@YAXXZ   0043a570 f   gl_buffers.obj
 0001:00039596       ?GL_FreeBuffers@@YAXXZ     0043a596 f   gl_buffers.obj
 0001:000395ba       ?GL_AddEntity@@YAXPAUentity_t@@@Z 0043a5ba f   gl_frontend.obj
 0001:00039a2e       ?GL_AddDlight@@YAXPAUdlight_t@@@Z 0043aa2e f   gl_frontend.obj
 0001:00039be6       ?GL_DrawPortal@@YAXXZ      0043abe6 f   gl_frontend.obj
 0001:0003c6cf       ?GL_TextureMode@@YAXPAD@Z  0043d6cf f   gl_image.obj
 0001:0003c777       ?GL_CreateImage@@YAPAUimage_s@@PBDPAXHHI@Z 0043d777 f   gl_image.obj
 0001:0003d5c0       ?GL_LoadDelayedImages@@YAXXZ 0043e5c0 f   gl_image.obj
 0001:0003d650       ?GL_DrawStretchRaw8@@YAXHHHHHHPAEPAI@Z 0043e650 f   gl_image.obj
 0001:0003da0a       ?GL_SetupGamma@@YAXXZ      0043ea0a f   gl_image.obj
 0001:0003db4f       ?GL_PerformScreenshot@@YAXXZ 0043eb4f f   gl_image.obj
 0001:0003dddc       ?GL_InitImages@@YAXXZ      0043eddc f   gl_image.obj
 0001:0003e5ac       ?GL_ShutdownImages@@YAXXZ  0043f5ac f   gl_image.obj
 0001:0003e613       ?GL_ShowImages@@YAXXZ      0043f613 f   gl_image.obj
 0001:0003e89b       ?GL_FindImage@@YAPAUimage_s@@PBDI@Z 0043f89b f   gl_image.obj
 0001:0003ec28       ?GL_Lock@@YAXXZ            0043fc28 f   gl_interface.obj
 0001:0003eca0       ?GL_Unlock@@YAXXZ          0043fca0 f   gl_interface.obj
 0001:0003ee62       ?GL_Bind@@YAXPAUimage_s@@@Z 0043fe62 f   gl_interface.obj
 0001:0003ef8c       ?GL_BindForce@@YAXPAUimage_s@@@Z 0043ff8c f   gl_interface.obj
 0001:0003f00a       ?GL_TexEnv@@YAXI@Z         0044000a f   gl_interface.obj
 0001:0003f189       ?GL_TexMipBias@@YAXM@Z     00440189 f   gl_interface.obj
 0001:0003f1e4       ?GL_TexEnvColor@@YAXPATcolor_t@@@Z 004401e4 f   gl_interface.obj
 0001:0003f294       ?GL_SelectTexture@@YAXH@Z  00440294 f   gl_interface.obj
 0001:0003f2f5       ?GL_TexCoordPointer@@YAXPAX@Z 004402f5 f   gl_interface.obj
 0001:0003f325       ?GL_SetMultitexture@@YAXH@Z 00440325 f   gl_interface.obj
 0001:0003f40b       ?GL_DisableTexCoordArrays@@YAXXZ 0044040b f   gl_interface.obj
 0001:0003f45f       ?GL_CullFace@@YAXW4gl_cullMode_t@@@Z 0044045f f   gl_interface.obj
 0001:0003f4b0       ?GL_DepthRange@@YAXW4gl_depthMode_t@@@Z 004404b0 f   gl_interface.obj
 0001:0003f4e3       ?GL_State@@YAXI@Z          004404e3 f   gl_interface.obj
 0001:0003f63c       ?GL_EnableFog@@YAX_N@Z     0044063c f   gl_interface.obj
 0001:0003f734       ?GL_SetDefaultState@@YAXXZ 00440734 f   gl_interface.obj
 0001:0003f882       ?GL_Set2DMode@@YAXXZ       00440882 f   gl_interface.obj
 0001:0003f97d       ?GL_Setup@@YAXPAUviewPortal_s@@@Z 0044097d f   gl_interface.obj
 0001:0003fa65       ?GL_ShowLights@@YAXXZ      00440a65 f   gl_light.obj
 0001:0003fe8a       ?GL_LightForEntity@@YAXPAUrefEntity_s@@@Z 00440e8a f   gl_light.obj
 0001:000410f0       ?GL_DiffuseLight@@YAXPATcolor_t@@M@Z 004420f0 f   gl_light.obj
 0001:00041268       ?GL_InitLightGrid@@YAXXZ   00442268 f   gl_light.obj
 0001:0004130e       ?GL_PostLoadLights@@YAXXZ  0044230e f   gl_light.obj
 0001:000415ac       ?LM_Init@@YAXXZ            004425ac f   gl_lightmap.obj
 0001:000415c2       ?LM_Flush@@YAXPAUlightmapBlock_t@@@Z 004425c2 f   gl_lightmap.obj
 0001:0004161f       ?LM_Done@@YAXXZ            0044261f f   gl_lightmap.obj
 0001:00041646       ?LM_Save@@YAXPAUlightmapBlock_t@@@Z 00442646 f   gl_lightmap.obj
 0001:0004165e       ?LM_Restore@@YAXPAUlightmapBlock_t@@@Z 0044265e f   gl_lightmap.obj
 0001:00041676       ?LM_NewBlock@@YAPAUlightmapBlock_t@@XZ 00442676 f   gl_lightmap.obj
 0001:000416e6       ?LM_Rewind@@YAXXZ          004426e6 f   gl_lightmap.obj
 0001:000416ee       ?LM_NextBlock@@YAPAUlightmapBlock_t@@XZ 004426ee f   gl_lightmap.obj
 0001:0004171b       ?LM_CheckMinlight@@YAXPAUdynamicLightmap_s@@@Z 0044271b f   gl_lightmap.obj
 0001:000417b1       ?LM_AllocBlock@@YA_NPAUlightmapBlock_t@@PAUdynamicLightmap_s@@@Z 004427b1 f   gl_lightmap.obj
 0001:00041868       ?LM_PutBlock@@YAXPAUdynamicLightmap_s@@@Z 00442868 f   gl_lightmap.obj
 0001:00041c95       ?LM_SortLightStyles@@YAXPAUdynamicLightmap_s@@@Z 00442c95 f   gl_lightmap.obj
 0001:00041d26       ?GL_UpdateDynamicLightmap@@YAXPAUshader_s@@PAUsurfacePlanar_s@@_NI@Z 00442d26 f   gl_lightmap.obj
 0001:00042222       ?LM_IsMonotone@@YA_NPAUdynamicLightmap_s@@PATcolor_t@@@Z 00443222 f   gl_lightmap.obj
 0001:00042329       ?GL_EnableRendering@@YAX_N@Z 00443329 f   gl_main.obj
 0001:00042344       ?GL_DrawStretchPic@@YAXPAUshader_s@@HHHHMMMMIE@Z 00443344 f   gl_main.obj
 0001:00042410       ?DrawTextLeft@@YAXPBDI@Z   00443410 f   gl_main.obj
 0001:0004257e       ?DrawTextRight@@YAXPBDI@Z  0044357e f   gl_main.obj
 0001:000425c8       ?DrawText3D@@YAXQAMPBDI@Z  004435c8 f   gl_main.obj
 0001:000425f5       _GL_GetRefAPI              004435f5 f   gl_main.obj
 0001:00043efb       ?GL_InitFuncTables@@YAXXZ  00444efb f   gl_math.obj
 0001:000440ac       ?ModelToWorldCoord@@YAXQAMPAUrefEntity_s@@0@Z 004450ac f   gl_math.obj
 0001:0004411d       ?WorldToModelCoord@@YAXQAMPAUrefEntity_s@@0@Z 0044511d f   gl_math.obj
 0001:00044164       ?BuildRotationMatrix@@YAXQAY02MQAMM@Z 00445164 f   gl_math.obj
 0001:0004425e       ?GetBoxRect@@YA_NPAUrefEntity_s@@QAM11_N@Z 0044525e f   gl_math.obj
 0001:000445cf       ?ProjectToScreen@@YA_NQAMPAH@Z 004455cf f   gl_math.obj
 0001:00044712       ?SaturateColor3f@@YAXQAM@Z 00445712 f   gl_math.obj
 0001:00044802       ?SaturateColor4b@@YAXPATcolor_t@@@Z 00445802 f   gl_math.obj
 0001:00044910       ?GL_FindModel@@YAPAUmodel_s@@PBD@Z 00445910 f   gl_model.obj
 0001:00044a8a       ?GL_LoadWorldMap@@YAXPBD@Z 00445a8a f   gl_model.obj
 0001:00046695       ?GL_PointInLeaf@@YAPAUnode_s@@QAM@Z 00447695 f   gl_model.obj
 0001:00047319       ?ATAN2_FUNC@@YAMMM@Z       00448319 f i gl_model.obj
 0001:000474c4       ?GL_FindSkin@@YAPAUshader_s@@PBD@Z 004484c4 f   gl_model.obj
 0001:00047626       ?GL_ResetModels@@YAXXZ     00448626 f   gl_model.obj
 0001:000476ef       ?GL_InitModels@@YAXXZ      004486ef f   gl_model.obj
 0001:000477d7       ?GL_ShutdownModels@@YAXXZ  004487d7 f   gl_model.obj
 0001:000477ed       ?SubdividePlane@@YAHPAPAY02MHM@Z 004487ed f   gl_poly.obj
 0001:00047c40       ?FreeSubdividedPlane@@YAXXZ 00448c40 f   gl_poly.obj
 0001:00047c58       ?GetSubdivideIndexes@@YAXPAH@Z 00448c58 f   gl_poly.obj
 0001:00047cab       ?RemoveCollinearPoints@@YAHPAPAY02MH@Z 00448cab f   gl_poly.obj
 0001:00047da6       ?GetPolyArea@@YAMPAPAY02MH@Z 00448da6 f   gl_poly.obj
 0001:00047e3a       ?GL_InitShaders@@YAXXZ     00448e3a f   gl_shader.obj
 0001:00047f8b       ?GL_ShutdownShaders@@YAXXZ 00448f8b f   gl_shader.obj
 0001:00047fb5       ?GetLightmapImage@@YAPAUimage_s@@H@Z 00448fb5 f   gl_shader.obj
 0001:00047fdd       ?GL_SetShaderLightmap@@YAPAUshader_s@@PAU1@H@Z 00448fdd f   gl_shader.obj
 0001:000483b2       ?GL_SetShaderLightstyles@@YAPAUshader_s@@PAU1@I@Z 004493b2 f   gl_shader.obj
 0001:0004844e       ?GL_GetAlphaShader@@YAPAUshader_s@@PAU1@@Z 0044944e f   gl_shader.obj
 0001:00048714       ?GL_FindShader@@YAPAUshader_s@@PBDI@Z 00449714 f   gl_shader.obj
 0001:00048d35       ?GL_GetShaderByNum@@YAPAUshader_s@@H@Z 00449d35 f   gl_shader.obj
 0001:00048d53       ?GL_ResetShaders@@YAXXZ    00449d53 f   gl_shader.obj
 0001:00049225       ?GL_ClearSkyBox@@YAXXZ     0044a225 f   gl_sky.obj
 0001:0004923c       ?GL_SetSkyRotate@@YAXMQAM@Z 0044a23c f   gl_sky.obj
 0001:00049274       ?GL_SkyVisible@@YA_NXZ     0044a274 f   gl_sky.obj
 0001:0004928d       ?GL_AddSkySurface@@YAXPAUsurfacePlanar_s@@QAME@Z 0044a28d f   gl_sky.obj
 0001:0004989c       ?GL_TesselateSkySide@@YAHHPAUbufVertex_t@@PAUbufTexCoord_t@@M@Z 0044a89c f   gl_sky.obj
 0001:0004b1f4       ?QGL_Shutdown@@YAXXZ       0044c1f4 f   qgl_win.obj
 0001:0004b232       ?QGL_Init@@YA_NPBD@Z       0044c232 f   qgl_win.obj
 0001:0004b2b5       ?QGL_InitExtensions@@YAXXZ 0044c2b5 f   qgl_win.obj
 0001:0004b7a1       ?QGL_PrintExtensionsString@@YAXPBD00@Z 0044c7a1 f   qgl_win.obj
 0001:0004b8f1       ?QGL_EnableLogging@@YAX_N@Z 0044c8f1 f   qgl_win.obj
 0001:0004b9a8       ?QGL_LogMessage@@YAXPBD@Z  0044c9a8 f   qgl_win.obj
 0001:0004b9bf       ?GLimp_SetMode@@YA?AW4rserr_t@@PAI0H_N@Z 0044c9bf f   glw_imp.obj
 0001:0004bc52       ?GLimp_HasGamma@@YA_NXZ    0044cc52 f   glw_imp.obj
 0001:0004bc66       ?GLimp_SetGamma@@YAXM@Z    0044cc66 f   glw_imp.obj
 0001:0004be0e       ?GLimp_Init@@YAHXZ         0044ce0e f   glw_imp.obj
 0001:0004c14f       ?GLimp_Shutdown@@YAXXZ     0044d14f f   glw_imp.obj
 0001:0004c1f7       ?GLimp_EndFrame@@YAXXZ     0044d1f7 f   glw_imp.obj
 0001:0004c278       ?GLimp_AppActivate@@YAX_N@Z 0044d278 f   glw_imp.obj
 0001:0004c360       _jpeg_CreateDecompress     0044d360 f   lib:jdapimin.obj
 0001:0004c420       _jpeg_destroy_compress     0044d420 f   lib:jdapimin.obj
 0001:0004c420       _jpeg_destroy_decompress   0044d420 f   lib:jdapimin.obj
 0001:0004c42b       _jpeg_read_header          0044d42b f   lib:jdapimin.obj
 0001:0004c48d       _jpeg_consume_input        0044d48d f   lib:jdapimin.obj
 0001:0004c6dc       _jpeg_finish_decompress    0044d6dc f   lib:jdapimin.obj
 0001:0004c773       _jpeg_start_decompress     0044d773 f   lib:jdapistd.obj
 0001:0004c8e0       _jpeg_read_scanlines       0044d8e0 f   lib:jdapistd.obj
 0001:0004c964       _jpeg_resync_to_restart    0044d964 f   lib:jdmarker.obj
 0001:0004cb29       _jinit_marker_reader       0044db29 f   lib:jdmarker.obj
 0001:0004dff4       _jpeg_CreateCompress       0044eff4 f   lib:jcapimin.obj
 0001:0004e0a8       _jpeg_suppress_tables      0044f0a8 f   lib:jcapimin.obj
 0001:0004e0f2       _jpeg_finish_compress      0044f0f2 f   lib:jcapimin.obj
 0001:0004e1dc       _jpeg_start_compress       0044f1dc f   lib:jcapistd.obj
 0001:0004e248       _jpeg_write_scanlines      0044f248 f   lib:jcapistd.obj
 0001:0004e2f3       _jpeg_add_quant_table      0044f2f3 f   lib:jcparam.obj
 0001:0004e3a5       _jpeg_quality_scaling      0044f3a5 f   lib:jcparam.obj
 0001:0004e3cc       _jpeg_set_quality          0044f3cc f   lib:jcparam.obj
 0001:0004e406       _jpeg_set_defaults         0044f406 f   lib:jcparam.obj
 0001:0004e5cc       _jpeg_default_colorspace   0044f5cc f   lib:jcparam.obj
 0001:0004e61c       _jpeg_set_colorspace       0044f61c f   lib:jcparam.obj
 0001:0004e937       _jpeg_stdio_dest           0044f937 f   lib:jdatadst.obj
 0001:0004eb36       _crc32                     0044fb36 f   lib:crc32.obj
 0001:0004edd0       _inflateReset              0044fdd0 f   lib:inflate.obj
 0001:0004ee17       _inflateInit2_             0044fe17 f   lib:inflate.obj
 0001:0004eed0       _inflate                   0044fed0 f   lib:inflate.obj
 0001:0005019f       _inflateEnd                0045119f f   lib:inflate.obj
 0001:000501dd       _jinit_input_controller    004511dd f   lib:jdinput.obj
 0001:000506c0       _jinit_memory_mgr          004516c0 f   lib:jmemmgr.obj
 0001:000511fc       _jpeg_abort                004521fc f   lib:jcomapi.obj
 0001:0005122f       _jpeg_destroy              0045222f f   lib:jcomapi.obj
 0001:0005124a       _jpeg_alloc_quant_table    0045224a f   lib:jcomapi.obj
 0001:00051266       _jpeg_alloc_huff_table     00452266 f   lib:jcomapi.obj
 0001:00051282       _jpeg_calc_output_dimensions 00452282 f   lib:jdmaster.obj
 0001:00051382       _jinit_master_decompress   00452382 f   lib:jdmaster.obj
 0001:000516d8       _jdiv_round_up             004526d8 f   lib:jutils.obj
 0001:000516e8       _jround_up                 004526e8 f   lib:jutils.obj
 0001:00051700       _jcopy_sample_rows         00452700 f   lib:jutils.obj
 0001:0005173e       _jcopy_block_row           0045273e f   lib:jutils.obj
 0001:00051757       _jzero_far                 00452757 f   lib:jutils.obj
 0001:0005176a       _jinit_marker_writer       0045276a f   lib:jcmarker.obj
 0001:00052046       _jinit_compress_master     00453046 f   lib:jcinit.obj
 0001:0005209f       _inflate_fast              0045309f f   lib:inffast.obj
 0001:00052454       _inflate_table             00453454 f   lib:inftrees.obj
 0001:000527dd       _adler32                   004537dd f   lib:adler32.obj
 0001:000528f6       _jinit_c_codec             004538f6 f   lib:jcodec.obj
 0001:00052912       _jinit_d_codec             00453912 f   lib:jcodec.obj
 0001:0005292e       _jpeg_free_small           0045392e f   lib:jmemnobs.obj
 0001:0005292e       _jpeg_free_large           0045392e f   lib:jmemnobs.obj
 0001:0005293a       _jpeg_get_small            0045393a f   lib:jmemnobs.obj
 0001:0005293a       _jpeg_get_large            0045393a f   lib:jmemnobs.obj
 0001:00052946       _jpeg_mem_available        00453946 f   lib:jmemnobs.obj
 0001:0005294b       _jpeg_open_backing_store   0045394b f   lib:jmemnobs.obj
 0001:0005295f       _jinit_d_main_controller   0045395f f   lib:jdmainct.obj
 0001:00052faa       _jinit_d_post_controller   00453faa f   lib:jdpostct.obj
 0001:00053255       _jinit_upsampler           00454255 f   lib:jdsample.obj
 0001:00053893       _jinit_color_deconverter   00454893 f   lib:jdcolor.obj
 0001:00053da9       _jinit_merged_upsampler    00454da9 f   lib:jdmerge.obj
 0001:000542f9       _jinit_2pass_quantizer     004552f9 f   lib:jquant2.obj
 0001:000553bc       _jinit_1pass_quantizer     004563bc f   lib:jquant1.obj
 0001:00055de2       _jinit_c_main_controller   00456de2 f   lib:jcmainct.obj
 0001:00055f4f       _jinit_c_prep_controller   00456f4f f   lib:jcprepct.obj
 0001:0005649a       _jinit_downsampler         0045749a f   lib:jcsample.obj
 0001:00056d1a       _jinit_color_converter     00457d1a f   lib:jccolor.obj
 0001:00057304       _jinit_c_master_control    00458304 f   lib:jcmaster.obj
 0001:00057df3       _jinit_lossy_c_codec       00458df3 f   lib:jclossy.obj
 0001:00057e8e       _jinit_lossless_c_codec    00458e8e f   lib:jclossls.obj
 0001:00057f26       _jinit_lossy_d_codec       00458f26 f   lib:jdlossy.obj
 0001:000581f9       _jinit_lossless_d_codec    004591f9 f   lib:jdlossls.obj
 0001:000582a9       _jinit_c_coef_controller   004592a9 f   lib:jccoefct.obj
 0001:00058948       _jinit_shuff_encoder       00459948 f   lib:jcshuff.obj
 0001:000591b0       _jinit_phuff_encoder       0045a1b0 f   lib:jcphuff.obj
 0001:00059c55       _jinit_forward_dct         0045ac55 f   lib:jcdctmgr.obj
 0001:00059f24       _jinit_c_diff_controller   0045af24 f   lib:jcdiffct.obj
 0001:0005a48a       _jinit_lhuff_encoder       0045b48a f   lib:jclhuff.obj
 0001:0005abb7       _jinit_differencer         0045bbb7 f   lib:jcpred.obj
 0001:0005b0d1       _jinit_c_scaler            0045c0d1 f   lib:jcscale.obj
 0001:0005b147       _jinit_d_coef_controller   0045c147 f   lib:jdcoefct.obj
 0001:0005be20       _jinit_shuff_decoder       0045ce20 f   lib:jdshuff.obj
 0001:0005c3b5       _jinit_phuff_decoder       0045d3b5 f   lib:jdphuff.obj
 0001:0005cf52       _jinit_inverse_dct         0045df52 f   lib:jddctmgr.obj
 0001:0005d136       _jinit_d_diff_controller   0045e136 f   lib:jddiffct.obj
 0001:0005d667       _jinit_d_scaler            0045e667 f   lib:jdscale.obj
 0001:0005d766       _jinit_undifferencer       0045e766 f   lib:jdpred.obj
 0001:0005db20       _jinit_lhuff_decoder       0045eb20 f   lib:jdlhuff.obj
 0001:0005df15       _jpeg_make_c_derived_tbl   0045ef15 f   lib:jchuff.obj
 0001:0005e117       _jpeg_gen_optimal_table    0045f117 f   lib:jchuff.obj
 0001:0005e2d6       _jpeg_fdct_float           0045f2d6 f   lib:jfdctflt.obj
 0001:0005e4db       _jpeg_make_d_derived_tbl   0045f4db f   lib:jdhuff.obj
 0001:0005e778       _jpeg_fill_bit_buffer      0045f778 f   lib:jdhuff.obj
 0001:0005e887       _jpeg_huff_decode          0045f887 f   lib:jdhuff.obj
 0001:0005e967       _jpeg_idct_4x4             0045f967 f   lib:jidctred.obj
 0001:0005ec55       _jpeg_idct_2x2             0045fc55 f   lib:jidctred.obj
 0001:0005ee17       _jpeg_idct_1x1             0045fe17 f   lib:jidctred.obj
 0001:0005ee53       _jpeg_idct_float           0045fe53 f   lib:jidctflt.obj
 0001:0005f230       __except_handler3          00460230 f   MSVCRT:MSVCRT.dll
 0001:0005f240       __alloca_probe             00460240 f   MSVCRT:chkstk.obj
 0001:0005f240       __chkstk                   00460240 f   MSVCRT:chkstk.obj
 0001:0005f26f       ??_Gtype_info@@UAEPAXI@Z   0046026f f i MSVCRT:ti_inst.obj
 0001:0005f26f       ??_Etype_info@@UAEPAXI@Z   0046026f f i MSVCRT:ti_inst.obj
 0001:0005f28c       __CxxThrowException@8      0046028c f   MSVCRT:MSVCRT.dll
 0001:0005f292       _strcpy                    00460292 f   MSVCRT:MSVCRT.dll
 0001:0005f298       _strlen                    00460298 f   MSVCRT:MSVCRT.dll
 0001:0005f29e       _strcmp                    0046029e f   MSVCRT:MSVCRT.dll
 0001:0005f2a4       _sin                       004602a4 f   MSVCRT:MSVCRT.dll
 0001:0005f2aa       _tan                       004602aa f   MSVCRT:MSVCRT.dll
 0001:0005f2b0       _cos                       004602b0 f   MSVCRT:MSVCRT.dll
 0001:0005f2b6       _strcat                    004602b6 f   MSVCRT:MSVCRT.dll
 0001:0005f2bc       _fmod                      004602bc f   MSVCRT:MSVCRT.dll
 0001:0005f2c2       _atan2                     004602c2 f   MSVCRT:MSVCRT.dll
 0001:0005f2c8       _acos                      004602c8 f   MSVCRT:MSVCRT.dll
 0001:0005f2ce       _sqrt                      004602ce f   MSVCRT:MSVCRT.dll
 0001:0005f2d4       _atan                      004602d4 f   MSVCRT:MSVCRT.dll
 0001:0005f2da       _memcpy                    004602da f   MSVCRT:MSVCRT.dll
 0001:0005f2e0       _memset                    004602e0 f   MSVCRT:MSVCRT.dll
 0001:0005f2e6       _pow                       004602e6 f   MSVCRT:MSVCRT.dll
 0001:0005f2ec       _asin                      004602ec f   MSVCRT:MSVCRT.dll
 0001:0005f2f2       _WinMainCRTStartup         004602f2 f   MSVCRT:crtexew.obj
 0001:0005f450       __ftol                     00460450 f   MSVCRT:MSVCRT.dll
 0001:0005f456       ??1type_info@@UAE@XZ       00460456 f   MSVCRT:MSVCRT.dll
 0001:0005f45c       __XcptFilter               0046045c f   MSVCRT:MSVCRT.dll
 0001:0005f462       __initterm                 00460462 f   MSVCRT:MSVCRT.dll
 0001:0005f468       __setdefaultprecision      00460468 f   MSVCRT:fp8.obj
 0001:0005f47a       _jpeg_mem_init             0046047a f   MSVCRT:merr.obj
 0001:0005f47a       __matherr                  0046047a f   MSVCRT:merr.obj
 0001:0005f47d       __setargv                  0046047d f   MSVCRT:dllargv.obj
 0001:0005f47d       _jpeg_mem_term             0046047d f   MSVCRT:dllargv.obj
 0001:0005f47e       __controlfp                0046047e f   MSVCRT:MSVCRT.dll
 0002:00000000       __imp__SetDeviceGammaRamp@8 00461000     gdi32:GDI32.dll
 0002:00000004       __imp__GetDeviceGammaRamp@8 00461004     gdi32:GDI32.dll
 0002:00000008       __imp__DescribePixelFormat@16 00461008     gdi32:GDI32.dll
 0002:0000000c       __imp__SetPixelFormat@12   0046100c     gdi32:GDI32.dll
 0002:00000010       __imp__ChoosePixelFormat@8 00461010     gdi32:GDI32.dll
 0002:00000014       __imp__SwapBuffers@4       00461014     gdi32:GDI32.dll
 0002:00000018       __imp__GetDeviceCaps@8     00461018     gdi32:GDI32.dll
 0002:0000001c       \177GDI32_NULL_THUNK_DATA  0046101c     gdi32:GDI32.dll
 0002:00000020       __imp__GetDriveTypeA@4     00461020     kernel32:KERNEL32.dll
 0002:00000024       __imp__SetErrorMode@4      00461024     kernel32:KERNEL32.dll
 0002:00000028       __imp__GetStdHandle@4      00461028     kernel32:KERNEL32.dll
 0002:0000002c       __imp__AllocConsole@0      0046102c     kernel32:KERNEL32.dll
 0002:00000030       __imp__ReadConsoleInputA@16 00461030     kernel32:KERNEL32.dll
 0002:00000034       __imp__GetNumberOfConsoleInputEvents@8 00461034     kernel32:KERNEL32.dll
 0002:00000038       __imp__FreeConsole@0       00461038     kernel32:KERNEL32.dll
 0002:0000003c       __imp__SetConsoleTextAttribute@8 0046103c     kernel32:KERNEL32.dll
 0002:00000040       __imp__SetPriorityClass@8  00461040     kernel32:KERNEL32.dll
 0002:00000044       __imp__GetCurrentProcess@0 00461044     kernel32:KERNEL32.dll
 0002:00000048       __imp__GetVersionExA@4     00461048     kernel32:KERNEL32.dll
 0002:0000004c       __imp__Sleep@4             0046104c     kernel32:KERNEL32.dll
 0002:00000050       __imp__LoadLibraryA@4      00461050     kernel32:KERNEL32.dll
 0002:00000054       __imp__GetStartupInfoA@4   00461054     kernel32:KERNEL32.dll
 0002:00000058       __imp__GetModuleHandleA@4  00461058     kernel32:KERNEL32.dll
 0002:0000005c       __imp__GetProcAddress@8    0046105c     kernel32:KERNEL32.dll
 0002:00000060       __imp__FreeLibrary@4       00461060     kernel32:KERNEL32.dll
 0002:00000064       __imp__IsBadReadPtr@8      00461064     kernel32:KERNEL32.dll
 0002:00000068       __imp__VirtualQuery@12     00461068     kernel32:KERNEL32.dll
 0002:0000006c       __imp__WriteFile@20        0046106c     kernel32:KERNEL32.dll
 0002:00000070       __imp__GetModuleFileNameA@12 00461070     kernel32:KERNEL32.dll
 0002:00000074       \177KERNEL32_NULL_THUNK_DATA 00461074     kernel32:KERNEL32.dll
 0002:00000078       __imp____p__commode        00461078     MSVCRT:MSVCRT.dll
 0002:0000007c       __imp___adjust_fdiv        0046107c     MSVCRT:MSVCRT.dll
 0002:00000080       __imp____setusermatherr    00461080     MSVCRT:MSVCRT.dll
 0002:00000084       __imp____p__fmode          00461084     MSVCRT:MSVCRT.dll
 0002:00000088       __imp____getmainargs       00461088     MSVCRT:MSVCRT.dll
 0002:0000008c       __imp___acmdln             0046108c     MSVCRT:MSVCRT.dll
 0002:00000090       __imp___XcptFilter         00461090     MSVCRT:MSVCRT.dll
 0002:00000094       __imp___exit               00461094     MSVCRT:MSVCRT.dll
 0002:00000098       __imp_??1type_info@@UAE@XZ 00461098     MSVCRT:MSVCRT.dll
 0002:0000009c       __imp___ftol               0046109c     MSVCRT:MSVCRT.dll
 0002:000000a0       __imp__fflush              004610a0     MSVCRT:MSVCRT.dll
 0002:000000a4       __imp___winmajor           004610a4     MSVCRT:MSVCRT.dll
 0002:000000a8       __imp__asin                004610a8     MSVCRT:MSVCRT.dll
 0002:000000ac       __imp__pow                 004610ac     MSVCRT:MSVCRT.dll
 0002:000000b0       __imp__exit                004610b0     MSVCRT:MSVCRT.dll
 0002:000000b4       __imp___findclose          004610b4     MSVCRT:MSVCRT.dll
 0002:000000b8       __imp___findnext           004610b8     MSVCRT:MSVCRT.dll
 0002:000000bc       __imp___findfirst          004610bc     MSVCRT:MSVCRT.dll
 0002:000000c0       __imp___mkdir              004610c0     MSVCRT:MSVCRT.dll
 0002:000000c4       __imp__memset              004610c4     MSVCRT:MSVCRT.dll
 0002:000000c8       __imp__memcpy              004610c8     MSVCRT:MSVCRT.dll
 0002:000000cc       __imp__remove              004610cc     MSVCRT:MSVCRT.dll
 0002:000000d0       __imp__srand               004610d0     MSVCRT:MSVCRT.dll
 0002:000000d4       __imp__strstr              004610d4     MSVCRT:MSVCRT.dll
 0002:000000d8       __imp__memmove             004610d8     MSVCRT:MSVCRT.dll
 0002:000000dc       __imp__atan                004610dc     MSVCRT:MSVCRT.dll
 0002:000000e0       __imp__strncpy             004610e0     MSVCRT:MSVCRT.dll
 0002:000000e4       __imp__sscanf              004610e4     MSVCRT:MSVCRT.dll
 0002:000000e8       __imp____set_app_type      004610e8     MSVCRT:MSVCRT.dll
 0002:000000ec       __imp___controlfp          004610ec     MSVCRT:MSVCRT.dll
 0002:000000f0       __imp__stricmp             004610f0     MSVCRT:MSVCRT.dll
 0002:000000f0       __imp___stricmp            004610f0     MSVCRT:MSVCRT.dll
 0002:000000f4       __imp__strnicmp            004610f4     MSVCRT:MSVCRT.dll
 0002:000000f4       __imp___strnicmp           004610f4     MSVCRT:MSVCRT.dll
 0002:000000f8       __imp___initterm           004610f8     MSVCRT:MSVCRT.dll
 0002:000000fc       __imp__sqrt                004610fc     MSVCRT:MSVCRT.dll
 0002:00000100       __imp__acos                00461100     MSVCRT:MSVCRT.dll
 0002:00000104       __imp__atan2               00461104     MSVCRT:MSVCRT.dll
 0002:00000108       __imp__fmod                00461108     MSVCRT:MSVCRT.dll
 0002:0000010c       __imp__strcat              0046110c     MSVCRT:MSVCRT.dll
 0002:00000110       __imp__atof                00461110     MSVCRT:MSVCRT.dll
 0002:00000114       __imp__cos                 00461114     MSVCRT:MSVCRT.dll
 0002:00000118       __imp__tan                 00461118     MSVCRT:MSVCRT.dll
 0002:0000011c       __imp__rand                0046111c     MSVCRT:MSVCRT.dll
 0002:00000120       __imp__sin                 00461120     MSVCRT:MSVCRT.dll
 0002:00000124       __imp__atoi                00461124     MSVCRT:MSVCRT.dll
 0002:00000128       __imp__fwrite              00461128     MSVCRT:MSVCRT.dll
 0002:0000012c       __imp__rename              0046112c     MSVCRT:MSVCRT.dll
 0002:00000130       __imp__fseek               00461130     MSVCRT:MSVCRT.dll
 0002:00000134       __imp__putenv              00461134     MSVCRT:MSVCRT.dll
 0002:00000134       __imp___putenv             00461134     MSVCRT:MSVCRT.dll
 0002:00000138       __imp__ftell               00461138     MSVCRT:MSVCRT.dll
 0002:0000013c       __imp__strcmp              0046113c     MSVCRT:MSVCRT.dll
 0002:00000140       __imp__time                00461140     MSVCRT:MSVCRT.dll
 0002:00000144       __imp__localtime           00461144     MSVCRT:MSVCRT.dll
 0002:00000148       __imp__strftime            00461148     MSVCRT:MSVCRT.dll
 0002:0000014c       __imp__fprintf             0046114c     MSVCRT:MSVCRT.dll
 0002:00000150       __imp__strrchr             00461150     MSVCRT:MSVCRT.dll
 0002:00000154       __imp__strlen              00461154     MSVCRT:MSVCRT.dll
 0002:00000158       __imp___except_handler3    00461158     MSVCRT:MSVCRT.dll
 0002:0000015c       __imp__fclose              0046115c     MSVCRT:MSVCRT.dll
 0002:00000160       __imp__fread               00461160     MSVCRT:MSVCRT.dll
 0002:00000164       __imp__fopen               00461164     MSVCRT:MSVCRT.dll
 0002:00000168       __imp__malloc              00461168     MSVCRT:MSVCRT.dll
 0002:0000016c       __imp__free                0046116c     MSVCRT:MSVCRT.dll
 0002:00000170       __imp__qsort               00461170     MSVCRT:MSVCRT.dll
 0002:00000174       __imp___vsnprintf          00461174     MSVCRT:MSVCRT.dll
 0002:00000178       __imp___CxxThrowException@8 00461178     MSVCRT:MSVCRT.dll
 0002:0000017c       __imp__strcpy              0046117c     MSVCRT:MSVCRT.dll
 0002:00000180       __imp__strchr              00461180     MSVCRT:MSVCRT.dll
 0002:00000184       \177MSVCRT_NULL_THUNK_DATA 00461184     MSVCRT:MSVCRT.dll
 0002:00000188       __imp__DefWindowProcA@16   00461188     user32:USER32.dll
 0002:0000018c       __imp__ShowCursor@4        0046118c     user32:USER32.dll
 0002:00000190       __imp__ReleaseCapture@0    00461190     user32:USER32.dll
 0002:00000194       __imp__ClipCursor@4        00461194     user32:USER32.dll
 0002:00000198       __imp__SetCursorPos@8      00461198     user32:USER32.dll
 0002:0000019c       __imp__GetCursorPos@4      0046119c     user32:USER32.dll
 0002:000001a0       __imp__SetCursor@4         004611a0     user32:USER32.dll
 0002:000001a4       __imp__SetCapture@4        004611a4     user32:USER32.dll
 0002:000001a8       __imp__GetWindowRect@8     004611a8     user32:USER32.dll
 0002:000001ac       __imp__GetSystemMetrics@4  004611ac     user32:USER32.dll
 0002:000001b0       __imp__DispatchMessageA@4  004611b0     user32:USER32.dll
 0002:000001b4       __imp__TranslateMessage@4  004611b4     user32:USER32.dll
 0002:000001b8       __imp__PeekMessageA@20     004611b8     user32:USER32.dll
 0002:000001bc       __imp__MessageBoxA@16      004611bc     user32:USER32.dll
 0002:000001c0       __imp__CreateWindowExA@48  004611c0     user32:USER32.dll
 0002:000001c4       __imp__RegisterClassA@4    004611c4     user32:USER32.dll
 0002:000001c8       __imp__LoadCursorA@8       004611c8     user32:USER32.dll
 0002:000001cc       __imp__LoadIconA@8         004611cc     user32:USER32.dll
 0002:000001d0       __imp__SetFocus@4          004611d0     user32:USER32.dll
 0002:000001d4       __imp__SetForegroundWindow@4 004611d4     user32:USER32.dll
 0002:000001d8       __imp__UpdateWindow@4      004611d8     user32:USER32.dll
 0002:000001dc       __imp__SetWindowPos@28     004611dc     user32:USER32.dll
 0002:000001e0       __imp__GetDesktopWindow@0  004611e0     user32:USER32.dll
 0002:000001e4       __imp__ReleaseDC@8         004611e4     user32:USER32.dll
 0002:000001e8       __imp__MoveWindow@24       004611e8     user32:USER32.dll
 0002:000001ec       __imp__DestroyWindow@4     004611ec     user32:USER32.dll
 0002:000001f0       __imp__UnregisterClassA@8  004611f0     user32:USER32.dll
 0002:000001f4       __imp__UnregisterHotKey@8  004611f4     user32:USER32.dll
 0002:000001f8       __imp__RegisterHotKey@16   004611f8     user32:USER32.dll
 0002:000001fc       __imp__SystemParametersInfoA@16 004611fc     user32:USER32.dll
 0002:00000200       __imp__GetDC@4             00461200     user32:USER32.dll
[...]
 0001:0005d2d4       _start_iMCU_row            0045e2d4 f   lib:jddiffct.obj
 0001:0005d319       _start_output_pass         0045e319 f   lib:jddiffct.obj
 0001:0005d325       _decompress_data           0045e325 f   lib:jddiffct.obj
 0001:0005d495       _process_restart           0045e495 f   lib:jddiffct.obj
 0001:0005d4ca       _dummy_consume_data        0045e4ca f   lib:jddiffct.obj
 0001:0005d4cd       _consume_data              0045e4cd f   lib:jddiffct.obj
 0001:0005d544       _output_data               0045e544 f   lib:jddiffct.obj
 0001:0005cfc8       _start_pass                0045dfc8 f   lib:jddctmgr.obj
 0001:0005c41a       _start_pass_phuff_decoder  0045d41a f   lib:jdphuff.obj
 0001:0005c663       _decode_mcu_DC_first       0045d663 f   lib:jdphuff.obj
 0001:0005c85b       _process_restart           0045d85b f   lib:jdphuff.obj
 0001:0005c8ca       _decode_mcu_AC_first       0045d8ca f   lib:jdphuff.obj
 0001:0005caea       _decode_mcu_DC_refine      0045daea f   lib:jdphuff.obj
 0001:0005cbbf       _decode_mcu_AC_refine      0045dbbf f   lib:jdphuff.obj
 0001:0005be61       _start_pass_huff_decoder   0045ce61 f   lib:jdshuff.obj
 0001:0005bf99       _decode_mcu                0045cf99 f   lib:jdshuff.obj
 0001:0005c349       _process_restart           0045d349 f   lib:jdshuff.obj
 0001:0005b24a       _start_input_pass          0045c24a f   lib:jdcoefct.obj
 0001:0005b25d       _start_iMCU_row            0045c25d f   lib:jdcoefct.obj
 0001:0005b2a2       _start_output_pass         0045c2a2 f   lib:jdcoefct.obj
 0001:0005b2df       _decompress_onepass        0045c2df f   lib:jdcoefct.obj
 0001:0005d4ca       _dummy_consume_data        0045e4ca f   lib:jddiffct.obj
 0001:0005b4b8       _consume_data              0045c4b8 f   lib:jdcoefct.obj
 0001:0005b671       _decompress_data           0045c671 f   lib:jdcoefct.obj
 0001:0005b7dd       _smoothing_ok              0045c7dd f   lib:jdcoefct.obj
 0001:0005b8c8       _decompress_smooth_data    0045c8c8 f   lib:jdcoefct.obj
 0001:0005b0e3       _scaler_start_pass         0045c0e3 f   lib:jcscale.obj
 0001:0005b106       _simple_downscale          0045c106 f   lib:jcscale.obj
 0001:0005b132       _noscale                   0045c132 f   lib:jcscale.obj
 0001:0005abdb       _start_pass                0045bbdb f   lib:jcpred.obj
 0001:0005ac33       _reset_predictor           0045bc33 f   lib:jcpred.obj
 0001:0005ac60       _jpeg_difference_first_row 0045bc60 f   lib:jcpred.obj
 0001:0005ad4a       _jpeg_difference1          0045bd4a f   lib:jcpred.obj
 0001:0005adb8       _jpeg_difference2          0045bdb8 f   lib:jcpred.obj
 0001:0005ae29       _jpeg_difference3          0045be29 f   lib:jcpred.obj
 0001:0005aea1       _jpeg_difference4          0045bea1 f   lib:jcpred.obj
 0001:0005af2c       _jpeg_difference5          0045bf2c f   lib:jcpred.obj
 0001:0005afbf       _jpeg_difference6          0045bfbf f   lib:jcpred.obj
 0001:0005b04e       _jpeg_difference7          0045c04e f   lib:jcpred.obj
 0001:0005a4ca       _start_pass_huff           0045b4ca f   lib:jclhuff.obj
 0001:0005a667       _encode_mcus_huff          0045b667 f   lib:jclhuff.obj
 0001:0005a852       _emit_bits                 0045b852 f   lib:jclhuff.obj
 0001:0005a8f5       _dump_buffer               0045b8f5 f   lib:jclhuff.obj
 0001:0005a919       _emit_restart              0045b919 f   lib:jclhuff.obj
 0001:0005a964       _flush_bits                0045b964 f   lib:jclhuff.obj
 0001:0005a988       _finish_pass_huff          0045b988 f   lib:jclhuff.obj
 0001:0005a9f5       _encode_mcus_gather        0045b9f5 f   lib:jclhuff.obj
 0001:0005ab1e       _finish_pass_gather        0045bb1e f   lib:jclhuff.obj
 0001:0005abb4       _need_optimization_pass    0045bbb4 f   lib:jclhuff.obj
 0001:0005a0a8       _start_pass_diff           0045b0a8 f   lib:jcdiffct.obj
 0001:0005a146       _start_iMCU_row            0045b146 f   lib:jcdiffct.obj
 0001:0005a188       _compress_data             0045b188 f   lib:jcdiffct.obj
 0001:0005a31e       _compress_first_pass       0045b31e f   lib:jcdiffct.obj
 0001:0005a413       _compress_output           0045b413 f   lib:jcdiffct.obj
 0001:00059cbb       _start_pass_fdctmgr        0045acbb f   lib:jcdctmgr.obj
 0001:00059dbd       _forward_DCT_float         0045adbd f   lib:jcdctmgr.obj
 0001:000591f0       _start_pass_phuff          0045a1f0 f   lib:jcphuff.obj
 0001:0005935d       _encode_mcu_DC_first       0045a35d f   lib:jcphuff.obj
 0001:0005948f       _emit_bits                 0045a48f f   lib:jcphuff.obj
 0001:0005953a       _dump_buffer               0045a53a f   lib:jcphuff.obj
 0001:00059572       _emit_symbol               0045a572 f   lib:jcphuff.obj
 0001:000595b2       _emit_restart              0045a5b2 f   lib:jcphuff.obj
 0001:0005963b       _emit_eobrun               0045a63b f   lib:jcphuff.obj
 0001:000596c1       _encode_mcu_AC_first       0045a6c1 f   lib:jcphuff.obj
 0001:00059855       _encode_mcu_DC_refine      0045a855 f   lib:jcphuff.obj
 0001:0005990f       _encode_mcu_AC_refine      0045a90f f   lib:jcphuff.obj
 0001:00059b26       _finish_pass_phuff         0045ab26 f   lib:jcphuff.obj
 0001:00059b75       _finish_pass_gather_phuff  0045ab75 f   lib:jcphuff.obj
 0001:00059c38       _need_optimization_pass    0045ac38 f   lib:jcphuff.obj
 0001:0005898b       _start_pass_huff           0045998b f   lib:jcshuff.obj
 0001:00058b00       _encode_mcu_huff           00459b00 f   lib:jcshuff.obj
 0001:00058c0b       _encode_one_block          00459c0b f   lib:jcshuff.obj
 0001:00058d82       _emit_bits                 00459d82 f   lib:jcshuff.obj
 0001:00058e25       _dump_buffer               00459e25 f   lib:jcshuff.obj
 0001:00058e49       _emit_restart              00459e49 f   lib:jcshuff.obj
 0001:00058eb6       _flush_bits                00459eb6 f   lib:jcshuff.obj
 0001:00058eda       _finish_pass_huff          00459eda f   lib:jcshuff.obj
 0001:00058f49       _encode_mcu_gather         00459f49 f   lib:jcshuff.obj
 0001:00058fff       _htest_one_block           00459fff f   lib:jcshuff.obj
 0001:000590c6       _finish_pass_gather        0045a0c6 f   lib:jcshuff.obj
 0001:0005abb4       _need_optimization_pass    0045bbb4 f   lib:jclhuff.obj
 0001:0005835e       _start_pass_coef           0045935e f   lib:jccoefct.obj
 0001:0005a146       _start_iMCU_row            0045b146 f   lib:jcdiffct.obj
 0001:000583f3       _compress_data             004593f3 f   lib:jccoefct.obj
 0001:000585da       _compress_first_pass       004595da f   lib:jccoefct.obj
 0001:000587c0       _compress_output           004597c0 f   lib:jccoefct.obj
 0001:00058276       _calc_output_dimensions    00459276 f   lib:jdlossls.obj
 0001:00058287       _start_input_pass          00459287 f   lib:jdlossls.obj
 0001:00057fb5       _calc_output_dimensions    00458fb5 f   lib:jdlossy.obj
 0001:00058128       _start_input_pass          00459128 f   lib:jdlossy.obj
 0001:00058148       _latch_quant_tables        00459148 f   lib:jdlossy.obj
 0001:000581e0       _start_output_pass         004591e0 f   lib:jdlossy.obj
 0001:00057f04       _start_pass                00458f04 f   lib:jclossls.obj
 0001:00057e70       _start_pass                00458e70 f   lib:jclossy.obj
 0001:000573c5       _initial_setup             004583c5 f   lib:jcmaster.obj
 0001:00057578       _validate_script           00458578 f   lib:jcmaster.obj
 0001:00057950       _prepare_for_pass          00458950 f   lib:jcmaster.obj
 0001:00057ac8       _select_scan_parameters    00458ac8 f   lib:jcmaster.obj
 0001:00057bc9       _per_scan_setup            00458bc9 f   lib:jcmaster.obj
 0001:00057d74       _pass_startup              00458d74 f   lib:jcmaster.obj
 0001:00057d9b       _finish_pass_master        00458d9b f   lib:jcmaster.obj
 0001:00056eb1       _rgb_ycc_start             00457eb1 f   lib:jccolor.obj
 0001:00056f75       _rgb_ycc_convert           00457f75 f   lib:jccolor.obj
 0001:00057074       _rgb_gray_convert          00458074 f   lib:jccolor.obj
 0001:000570f9       _cmyk_ycck_convert         004580f9 f   lib:jccolor.obj
 0001:00057231       _grayscale_convert         00458231 f   lib:jccolor.obj
 0001:0005728b       _null_convert              0045828b f   lib:jccolor.obj
 0001:00034e25       _null_method               00435e25 f   vid_dll.obj
 0001:00034e25       _start_pass_downsample     00435e25 f   vid_dll.obj
 0001:000565fd       _sep_downsample            004575fd f   lib:jcsample.obj
 0001:00056672       _int_downsample            00457672 f   lib:jcsample.obj
 0001:0005676a       _expand_right_edge         0045776a f   lib:jcsample.obj
 0001:000567bf       _fullsize_downsample       004577bf f   lib:jcsample.obj
 0001:00056803       _h2v1_downsample           00457803 f   lib:jcsample.obj
 0001:00056897       _h2v2_downsample           00457897 f   lib:jcsample.obj
 0001:00056944       _h2v2_smooth_downsample    00457944 f   lib:jcsample.obj
 0001:00056bbc       _fullsize_smooth_downsample 00457bbc f   lib:jcsample.obj
 0001:00055ff9       _start_pass_prep           00456ff9 f   lib:jcprepct.obj
 0001:00056037       _pre_process_data          00457037 f   lib:jcprepct.obj
 0001:000561e5       _pre_process_context       004571e5 f   lib:jcprepct.obj
 0001:0005639e       _create_context_buffer     0045739e f   lib:jcprepct.obj
 0001:00055e71       _start_pass_main           00456e71 f   lib:jcmainct.obj
 0001:00055eb3       _process_data_simple_main  00456eb3 f   lib:jcmainct.obj
 0001:00055447       _create_colormap           00456447 f   lib:jquant1.obj
 0001:00055579       _select_ncolors            00456579 f   lib:jquant1.obj
 0001:00055650       _create_colorindex         00456650 f   lib:jquant1.obj
 0001:0005577c       _alloc_fs_workspace        0045677c f   lib:jquant1.obj
 0001:000557b8       _start_pass_1_quant        004567b8 f   lib:jquant1.obj
 0001:00055884       _create_odither_tables     00456884 f   lib:jquant1.obj
 0001:000558e3       _make_odither_array        004568e3 f   lib:jquant1.obj
 0001:00055946       _color_quantize            00456946 f   lib:jquant1.obj
 0001:000559d1       _color_quantize3           004569d1 f   lib:jquant1.obj
 0001:00055a5f       _quantize_ord_dither       00456a5f f   lib:jquant1.obj
 0001:00055b4a       _quantize3_ord_dither      00456b4a f   lib:jquant1.obj
 0001:00055c4a       _quantize_fs_dither        00456c4a f   lib:jquant1.obj
 0001:00034e25       _finish_pass_1_quant       00435e25 f   vid_dll.obj
 0001:00055dce       _new_color_map_1_quant     00456dce f   lib:jquant1.obj
 0001:00054408       _init_error_limit          00455408 f   lib:jquant2.obj
 0001:000544a7       _start_pass_2_quant        004554a7 f   lib:jquant2.obj
 0001:000545a9       _prescan_quantize          004555a9 f   lib:jquant2.obj
 0001:00054618       _pass2_no_dither           00455618 f   lib:jquant2.obj
 0001:000546c5       _fill_inverse_cmap         004556c5 f   lib:jquant2.obj
 0001:00054790       _find_nearby_colors        00455790 f   lib:jquant2.obj
 0001:00054934       _find_best_colors          00455934 f   lib:jquant2.obj
 0001:00054a4e       _pass2_fs_dither           00455a4e f   lib:jquant2.obj
 0001:00054cbd       _finish_pass1              00455cbd f   lib:jquant2.obj
 0001:00054cdf       _select_colors             00455cdf f   lib:jquant2.obj
 0001:00054d6b       _update_box                00455d6b f   lib:jquant2.obj
 0001:00055105       _median_cut                00456105 f   lib:jquant2.obj
 0001:00055219       _find_biggest_color_pop    00456219 f   lib:jquant2.obj
 0001:00055248       _find_biggest_volume       00456248 f   lib:jquant2.obj
 0001:00055271       _compute_color             00456271 f   lib:jquant2.obj
 0001:00034e25       _finish_pass2              00435e25 f   vid_dll.obj
 0001:000553ad       _new_color_map_2_quant     004563ad f   lib:jquant2.obj
 0001:00053e1f       _build_ycc_rgb_table       00454e1f f   lib:jdmerge.obj
 0001:00053ecf       _start_pass_merged_upsample 00454ecf f   lib:jdmerge.obj
 0001:00053ee4       _merged_2v_upsample        00454ee4 f   lib:jdmerge.obj
 0001:00053f8b       _merged_1v_upsample        00454f8b f   lib:jdmerge.obj
 0001:00053fbc       _h2v1_merged_upsample      00454fbc f   lib:jdmerge.obj
 0001:00054112       _h2v2_merged_upsample      00455112 f   lib:jdmerge.obj
 0001:000539c3       _build_ycc_rgb_table       004549c3 f   lib:jdcolor.obj
 0001:00053a73       _ycc_rgb_convert           00454a73 f   lib:jdcolor.obj
 0001:00053b81       _null_convert              00454b81 f   lib:jdcolor.obj
 0001:00053bf9       _grayscale_convert         00454bf9 f   lib:jdcolor.obj
 0001:00053c1c       _gray_rgb_convert          00454c1c f   lib:jdcolor.obj
 0001:00053c75       _ycck_cmyk_convert         00454c75 f   lib:jdcolor.obj
 0001:00034e25       _start_pass_dcolor         00435e25 f   vid_dll.obj
 0001:00053424       _start_pass_upsample       00454424 f   lib:jdsample.obj
 0001:0005343e       _sep_upsample              0045443e f   lib:jdsample.obj
 0001:0005350b       _fullsize_upsample         0045450b f   lib:jdsample.obj
 0001:00053516       _noop_upsample             00454516 f   lib:jdsample.obj
 0001:0005351e       _int_upsample              0045451e f   lib:jdsample.obj
 0001:00053608       _h2v1_upsample             00454608 f   lib:jdsample.obj
 0001:0005365f       _h2v2_upsample             0045465f f   lib:jdsample.obj
 0001:000536d1       _h2v1_fancy_upsample       004546d1 f   lib:jdsample.obj
 0001:00053774       _h2v2_fancy_upsample       00454774 f   lib:jdsample.obj
 0001:0005302d       _start_pass_dpost          0045402d f   lib:jdpostct.obj
 0001:000530d3       _post_process_1pass        004540d3 f   lib:jdpostct.obj
 0001:00053138       _post_process_prepass      00454138 f   lib:jdpostct.obj
 0001:000531c9       _post_process_2pass        004541c9 f   lib:jdpostct.obj
 0001:00052a34       _alloc_funny_pointers      00453a34 f   lib:jdmainct.obj
 0001:00052ae1       _start_pass_main           00453ae1 f   lib:jdmainct.obj
 0001:00052b49       _make_funny_pointers       00453b49 f   lib:jdmainct.obj
 0001:00052c89       _process_data_simple_main  00453c89 f   lib:jdmainct.obj
 0001:00052cf1       _process_data_context_main 00453cf1 f   lib:jdmainct.obj
 0001:00052e03       _set_wraparound_pointers   00453e03 f   lib:jdmainct.obj
 0001:00052eed       _set_bottom_pointers       00453eed f   lib:jdmainct.obj
 0001:00052f87       _process_data_crank_post   00453f87 f   lib:jdmainct.obj
 0001:000517b8       _write_marker_header       004527b8 f   lib:jcmarker.obj
 0001:0005180e       _emit_byte                 0045280e f   lib:jcmarker.obj
 0001:0005183f       _write_marker_byte         0045283f f   lib:jcmarker.obj
 0001:0005184f       _write_file_header         0045284f f   lib:jcmarker.obj
 0001:0005189b       _emit_jfif_app0            0045289b f   lib:jcmarker.obj
 0001:0005196e       _emit_adobe_app14          0045296e f   lib:jcmarker.obj
 0001:00051a14       _write_frame_header        00452a14 f   lib:jcmarker.obj
 0001:00051af3       _emit_dqt                  00452af3 f   lib:jcmarker.obj
 0001:00051be2       _emit_sof                  00452be2 f   lib:jcmarker.obj
 0001:00051cbe       _write_scan_header         00452cbe f   lib:jcmarker.obj
 0001:00051d7e       _emit_dht                  00452d7e f   lib:jcmarker.obj
 0001:00051e57       _emit_dri                  00452e57 f   lib:jcmarker.obj
 0001:00051ea6       _emit_sos                  00452ea6 f   lib:jcmarker.obj
 0001:00051f94       _write_file_trailer        00452f94 f   lib:jcmarker.obj
 0001:00051fb4       _write_tables_only         00452fb4 f   lib:jcmarker.obj
 0001:0005130d       _use_merged_upsample       0045230d f   lib:jdmaster.obj
 0001:000513b3       _master_selection          004523b3 f   lib:jdmaster.obj
 0001:00051510       _prepare_range_limit_table 00452510 f   lib:jdmaster.obj
 0001:00051596       _prepare_for_output_pass   00452596 f   lib:jdmaster.obj
 0001:000516b7       _finish_output_pass        004526b7 f   lib:jdmaster.obj
 0001:00050784       _alloc_small               00451784 f   lib:jmemmgr.obj
 0001:000508a2       _alloc_large               004518a2 f   lib:jmemmgr.obj
 0001:00050953       _alloc_sarray              00451953 f   lib:jmemmgr.obj
 0001:000509eb       _alloc_barray              004519eb f   lib:jmemmgr.obj
 0001:00050a8f       _alloc_darray              00451a8f f   lib:jmemmgr.obj
 0001:00050b3a       _request_virt_sarray       00451b3a f   lib:jmemmgr.obj
 0001:00050b9b       _request_virt_barray       00451b9b f   lib:jmemmgr.obj
 0001:00050bfc       _realize_virt_arrays       00451bfc f   lib:jmemmgr.obj
 0001:00050d7f       _access_virt_sarray        00451d7f f   lib:jmemmgr.obj
 0001:00050e9f       _do_sarray_io              00451e9f f   lib:jmemmgr.obj
 0001:00050f2f       _access_virt_barray        00451f2f f   lib:jmemmgr.obj
 0001:00051054       _do_barray_io              00452054 f   lib:jmemmgr.obj
 0001:000510e5       _free_pool                 004520e5 f   lib:jmemmgr.obj
 0001:000511cc       _self_destruct             004521cc f   lib:jmemmgr.obj
 0001:0005021e       _start_input_pass          0045121e f   lib:jdinput.obj
 0001:0005024c       _per_scan_setup            0045124c f   lib:jdinput.obj
 0001:000503d2       _finish_input_pass         004513d2 f   lib:jdinput.obj
 0001:000503e3       _consume_markers           004513e3 f   lib:jdinput.obj
 0001:0005047f       _initial_setup             0045147f f   lib:jdinput.obj
 0001:00050689       _reset_input_controller    00451689 f   lib:jdinput.obj
 0001:0004ffd7       _fixedtables               00450fd7 f   lib:inflate.obj
 0001:000500c1       _updatewindow              004510c1 f   lib:inflate.obj
 0001:0004ea37       _make_crc_table            0044fa37 f   lib:crc32.obj
 0001:0004eb63       _crc32_little              0044fb63 f   lib:crc32.obj
 0001:0004e973       _init_destination          0044f973 f   lib:jdatadst.obj
 0001:0004e999       _empty_output_buffer       0044f999 f   lib:jdatadst.obj
 0001:0004e9db       _term_destination          0044f9db f   lib:jdatadst.obj
 0001:0004e4fa       _std_huff_tables           0044f4fa f   lib:jcparam.obj
 0001:0004e554       _add_huff_table            0044f554 f   lib:jcparam.obj
 0001:0004ca52       _next_marker               0044da52 f   lib:jdmarker.obj
 0001:0004cb8c       _get_interesting_appn      0044db8c f   lib:jdmarker.obj
 0001:0004ccb7       _examine_app0              0044dcb7 f   lib:jdmarker.obj
 0001:0004cec5       _examine_app14             0044dec5 f   lib:jdmarker.obj
 0001:0004cf86       _skip_variable             0044df86 f   lib:jdmarker.obj
 0001:0004d029       _read_markers              0044e029 f   lib:jdmarker.obj
 0001:0004d231       _get_soi                   0044e231 f   lib:jdmarker.obj
 0001:0004d2dc       _get_sof                   0044e2dc f   lib:jdmarker.obj
 0001:0004d5e5       _get_sos                   0044e5e5 f   lib:jdmarker.obj
 0001:0004d8d3       _get_dht                   0044e8d3 f   lib:jdmarker.obj
 0001:0004db74       _get_dqt                   0044eb74 f   lib:jdmarker.obj
 0001:0004ddd0       _get_dri                   0044edd0 f   lib:jdmarker.obj
 0001:0004deaf       _first_marker              0044eeaf f   lib:jdmarker.obj
 0001:0004df4b       _read_restart_marker       0044ef4b f   lib:jdmarker.obj
 0001:0004dfc9       _reset_marker_reader       0044efc9 f   lib:jdmarker.obj
 0001:0004c836       _output_pass_setup         0044d836 f   lib:jdapistd.obj
 0001:0004c529       _default_decompress_parms  0044d529 f   lib:jdapimin.obj

 113 bytes saved through ICF

