 quake2

 Timestamp is 425243a9 (Tue Apr 05 11:52:09 2005)

 Preferred load address is 00400000

 Start         Length     Name                   Class
 0001:00000000 0005e980H .text                   CODE
 0002:00000000 00000278H .idata$5                DATA
 0002:00000278 0000546cH .rdata                  DATA
 0002:000056e8 00000044H .rdata$r                DATA
 0002:00005730 00000038H .xdata$x                DATA
 0002:00005768 00000078H .idata$2                DATA
 0002:000057e0 00000014H .idata$3                DATA
 0002:000057f4 00000278H .idata$4                DATA
 0002:00005a6c 000007fcH .idata$6                DATA
 0002:00006268 00000000H .edata                  DATA
 0003:00000000 00000004H .CRT$XCA                DATA
 0003:00000004 00000068H .CRT$XCU                DATA
 0003:0000006c 00000004H .CRT$XCZ                DATA
 0003:00000070 00000004H .CRT$XIA                DATA
 0003:00000074 00000004H .CRT$XIZ                DATA
 0003:00000080 0000ceecH .data                   DATA
 0003:0000cf70 0031b4c4H .bss                    DATA
 0004:00000000 00000130H .rsrc$01                DATA
 0004:00000130 00003f20H .rsrc$02                DATA

  Address         Publics by Value              Rva+Base     Lib:Object

 0001:00000000       ??3@YAXPAX@Z               00401000 f i CoreMain.obj
 0001:0000000b       ?appInit@@YAXXZ            0040100b f   CoreMain.obj
 0001:0000006e       ?appExit@@YAXXZ            0040106e f   CoreMain.obj
 0001:00000073       ?appLoadDebugSymbols@@YAXXZ 00401073 f   DbgSymbols.obj
 0001:00000276       ?appSymbolName@@YA_NIPADH@Z 00401276 f   DbgSymbols.obj
 0001:00000362       ?appSymbolName@@YAPBDI@Z   00401362 f   DbgSymbols.obj
 0001:00000394       ?appMalloc@@YAPAXIH@Z      00401394 f   Memory.obj
 0001:00000442       ?appFree@@YAXPAX@Z         00401442 f   Memory.obj
 0001:00000470       ?Unlink@FMemHeader@@QAEXXZ 00401470 f i Memory.obj
 0001:0000049b       ?Link@CMemoryChain@@AAEXXZ 0040149b f   Memory.obj
 0001:000004ba       ?Unlink@CMemoryChain@@AAEXXZ 004014ba f   Memory.obj
 0001:000004e5       ??2CMemoryChain@@SAPAXIH@Z 004014e5 f   Memory.obj
 0001:00000557       ??3CMemoryChain@@SAXPAX@Z  00401557 f   Memory.obj
 0001:0000058a       ?Alloc@CMemoryChain@@QAEPAXIH@Z 0040158a f   Memory.obj
 0001:000005f4       ?appInitMemory@@YAXXZ      004015f4 f   Memory.obj
 0001:00000b2d       ?Write@COutputDeviceNull@@UAEXPBD@Z 00401b2d f i OutputDevice.obj
 0001:00000b30       ?appWPrintf@@YAXPBDZZ      00401b30 f   OutputDevice.obj
 0001:00000b81       ?appFatalError@@YAXPBDZZ   00401b81 f   ErrorMgr.obj
 0001:00000bbb       ?appNonFatalError@@YAXPBDZZ 00401bbb f   ErrorMgr.obj
 0001:00000c19       ?appUnwindPrefix@@YAXPBD@Z 00401c19 f   ErrorMgr.obj
 0001:00000c70       ?appUnwindThrow@@YAXPBDZZ  00401c70 f   ErrorMgr.obj
 0001:00000cf7       ?Reset@CErrorHandler@@QAEXXZ 00401cf7 f   ErrorMgr.obj
 0001:00000d21       ?appInitError@@YAXXZ       00401d21 f   ErrorMgr.obj
 0001:00000ddf       ?appStricmp@@YAHPBD0@Z     00401ddf f   Strings.obj
 0001:00000e14       ?toLower@@YADD@Z           00401e14 f i Strings.obj
 0001:00000e2b       ?appStrcpy@@YAXPADPBD@Z    00401e2b f   Strings.obj
 0001:00000e3e       ?appStrncpylwr@@YAXPADPBDH@Z 00401e3e f   Strings.obj
 0001:00000e76       ?appStrncpyz@@YAXPADPBDH@Z 00401e76 f   Strings.obj
 0001:00000ea3       ?appStrcatn@@YAXPADHPBD@Z  00401ea3 f   Strings.obj
 0001:00000ece       ?appCopyFilename@@YAXPADPBDH@Z 00401ece f   Strings.obj
 0001:00000f6a       ?appCStrlen@@YAHPBD@Z      00401f6a f   Strings.obj
 0001:00000f8f       ?appUncolorizeString@@YAXPADPBD@Z 00401f8f f   Strings.obj
 0001:00000fbf       ?va@@YAPBDPBDZZ            00401fbf f   Strings.obj
 0001:0000105b       ?appSprintf@@YAHPADHPBDZZ  0040205b f   Strings.obj
 0001:000010a6       ?appMatchWildcard@@YA_NPBD0_N@Z 004020a6 f   Strings.obj
 0001:00001226       ?CopyString@@YAPADPBD@Z    00402226 f   Strings.obj
 0001:00001266       ?CopyString@@YAPADPBDPAVCMemoryChain@@@Z 00402266 f   Strings.obj
 0001:0000129a       ??2CStringItem@@SAPAXIPBD@Z 0040229a f   Strings.obj
 0001:000012e3       ??2CStringItem@@SAPAXIPBDPAVCMemoryChain@@@Z 004022e3 f   Strings.obj
 0001:00001320       ?Find@CStringList@@IAEPAVCStringItem@@PBDPAPAV2@@Z 00402320 f   Strings.obj
 0001:00001363       ?Find@CStringList@@IAEPAVCStringItem@@H@Z 00402363 f   Strings.obj
 0001:0000137c       ?IndexOf@CStringList@@QAEHPBD@Z 0040237c f   Strings.obj
 0001:000013a9       ?Remove@CStringList@@QAE_NPAVCStringItem@@@Z 004023a9 f   Strings.obj
 0001:000013d5       ?Free@CStringList@@QAEXXZ  004023d5 f   Strings.obj
 0001:000013ee       ?appMillisecondsf@@YANXZ   004023ee f   CoreWin32.obj
 0001:00001427       ?appMilliseconds@@YAIXZ    00402427 f   CoreWin32.obj
 0001:0000145c       ?appInitPlatform@@YAXXZ    0040245c f   CoreWin32.obj
 0001:0000175a       ?appShutdownPlatform@@YAXXZ 0040275a f   CoreWin32.obj
 0001:00001763       ?osAddressInfo@@YA_NIPADHPAH@Z 00402763 f   DbgSymbolsWin32.obj
 0001:000017f7       ?osModuleInfo@@YA_NIPADHPAH@Z 004027f7 f   DbgSymbolsWin32.obj
 0001:0000199f       ?win32ExceptFilter@@YAHPAU_EXCEPTION_POINTERS@@@Z 0040299f f   ExceptFilterWin32.obj
 0001:00001ed8       ?win32ExceptFilter2@@YAHXZ 00402ed8 f   ExceptFilterWin32.obj
 0001:00001ee4       ?SCR_StopCinematic@@YAXXZ  00402ee4 f   cl_cin.obj
 0001:00001f78       ?SCR_DrawCinematic@@YA_NXZ 00402f78 f   cl_cin.obj
 0001:000023db       ?SCR_PlayCinematic@@YAXPAD@Z 004033db f   cl_cin.obj
 0001:0000273c       ?CL_Download_f@@YAX_NHPAPAD@Z 0040373c f   cl_download.obj
 0001:00002aed       ?CL_ParseDownload@@YAXXZ   00403aed f   cl_download.obj
 0001:000032fa       ?CL_Precache_f@@YAXHPAPAD@Z 004042fa f   cl_download.obj
 0001:00003358       ?CL_ParseDelta@@YAXPAUentityState_t@@0HI_N@Z 00404358 f   cl_ents.obj
 0001:00003571       ?CL_ParsePacketEntities@@YAXPAUframe_t@@0@Z 00404571 f   cl_ents.obj
 0001:000038dc       ?CL_FireEntityEvents@@YAXPAUframe_t@@@Z 004048dc f   cl_ents.obj
 0001:0000392e       ?CL_ParseFrame@@YAXXZ      0040492e f   cl_ents.obj
 0001:00003c20       ?CL_AddEntityBox@@YAXPAUentityState_t@@I@Z 00404c20 f   cl_ents.obj
 0001:00003d05       ?CL_OffsetThirdPersonView@@YAXXZ 00404d05 f   cl_ents.obj
 0001:00003dbf       ?CL_CalcViewValues@@YAXXZ  00404dbf f   cl_ents.obj
 0001:000040c8       ?CL_AddEntities@@YAXXZ     004050c8 f   cl_ents.obj
 0001:00004e51       ?CL_GetEntitySoundOrigin@@YAXHQAM@Z 00405e51 f   cl_ents.obj
 0001:00004e89       ?CL_ClearLightStyles@@YAXXZ 00405e89 f   cl_fx.obj
 0001:00004f0b       ?CL_RunLightStyles@@YAXXZ  00405f0b f   cl_fx.obj
 0001:00004faa       ?CL_SetLightstyle@@YAXHPBD@Z 00405faa f   cl_fx.obj
 0001:0000500b       ?CL_ClearDlights@@YAXXZ    0040600b f   cl_fx.obj
 0001:0000501c       ?CL_AllocDlight@@YAPAUcdlight_t@@HQAM@Z 0040601c f   cl_fx.obj
 0001:00005085       ?CL_AddDLights@@YAXXZ      00406085 f   cl_fx.obj
 0001:000050e5       ?CL_ClearParticles@@YAXXZ  004060e5 f   cl_fx.obj
 0001:0000514c       ?CL_AllocParticleTrace@@YAPAUparticleTrace_t@@QAM0MM@Z 0040614c f   cl_fx.obj
 0001:000051ec       ?CL_AllocParticleBeam@@YAPAUbeam_s@@QAM0MM@Z 004061ec f   cl_fx.obj
 0001:0000525f       ?CL_AllocParticle@@YAPAUparticle_s@@XZ 0040625f f   cl_fx.obj
 0001:000052ad       ?CL_UpdateParticles@@YAXXZ 004062ad f   cl_fx.obj
 0001:0000589f       ?CL_MetalSparks@@YAXQAM0H@Z 0040689f f   cl_fx.obj
 0001:0000598c       ?CL_ParseMuzzleFlash@@YAXXZ 0040698c f   cl_fx.obj
 0001:00005d22       ?CL_ParseMuzzleFlash2@@YAXXZ 00406d22 f   cl_fx.obj
 0001:00006365       ?CL_ParticleEffect@@YAXQAM0HH@Z 00407365 f   cl_fx.obj
 0001:00006434       ?CL_ParticleEffect2@@YAXQAM0HH@Z 00407434 f   cl_fx.obj
 0001:000064ff       ?CL_ParticleEffect3@@YAXQAM0HH@Z 004074ff f   cl_fx.obj
 0001:000065cf       ?CL_TeleporterParticles@@YAXPAUentityState_t@@@Z 004075cf f   cl_fx.obj
 0001:00006686       ?CL_LogoutEffect@@YAXQAMH@Z 00407686 f   cl_fx.obj
 0001:00006771       ?CL_ItemRespawnParticles@@YAXQAM@Z 00407771 f   cl_fx.obj
 0001:00006820       ?CL_ExplosionParticles@@YAXQAM@Z 00407820 f   cl_fx.obj
 0001:000068ca       ?CL_BigTeleportParticles@@YAXQAM@Z 004078ca f   cl_fx.obj
 0001:00006a21       ?CL_BlasterParticles@@YAXQAM0@Z 00407a21 f   cl_fx.obj
 0001:00006aed       ?CL_BlasterTrail@@YAXQAM0@Z 00407aed f   cl_fx.obj
 0001:00006be0       ?CL_FlagTrail@@YAXQAM0H@Z  00407be0 f   cl_fx.obj
 0001:00006cdb       ?CL_DiminishingTrail@@YAXQAM0PAUcentity_t@@H@Z 00407cdb f   cl_fx.obj
 0001:00006f3f       ?CL_RocketTrail@@YAXQAM0PAUcentity_t@@@Z 00407f3f f   cl_fx.obj
 0001:0000706c       ?CL_RailTrail@@YAXQAM0@Z   0040806c f   cl_fx.obj
 0001:00007292       ?CL_RailTrailExt@@YAXQAM0EE@Z 00408292 f   cl_fx.obj
 0001:00007396       ?CL_IonripperTrail@@YAXQAM0@Z 00408396 f   cl_fx.obj
 0001:000074a9       ?CL_BubbleTrail@@YAXQAM0@Z 004084a9 f   cl_fx.obj
 0001:000075ba       ?CL_FlyParticles@@YAXQAMH@Z 004085ba f   cl_fx.obj
 0001:0000775a       ?CL_FlyEffect@@YAXPAUcentity_t@@QAM@Z 0040875a f   cl_fx.obj
 0001:000077c2       ?CL_BfgParticles@@YAXPAUentity_t@@@Z 004087c2 f   cl_fx.obj
 0001:0000799d       ?CL_TrapParticles@@YAXPAUentity_t@@@Z 0040899d f   cl_fx.obj
 0001:00007c20       ?CL_BFGExplosionParticles@@YAXQAM@Z 00408c20 f   cl_fx.obj
 0001:00007cca       ?CL_TeleportParticles@@YAXQAM@Z 00408cca f   cl_fx.obj
 0001:00007e03       ?CL_EntityEvent@@YAXPAUentityState_t@@@Z 00408e03 f   cl_fx.obj
 0001:00007fde       ?CL_ClearEffects@@YAXXZ    00408fde f   cl_fx.obj
 0001:00007fed       ?IN_CenterView@@YAXXZ      00408fed f   cl_input.obj
 0001:0000800e       ?CL_InitInput@@YAXXZ       0040900e f   cl_input.obj
 0001:000085aa       ?CL_SendCmd@@YAXXZ         004095aa f   cl_input.obj
 0001:00008ca1       ?CL_WriteDemoMessage@@YAXXZ 00409ca1 f   cl_main.obj
 0001:00008ce3       ?Cmd_ForwardToServer@@YAXHPAPAD@Z 00409ce3 f   cl_main.obj
 0001:00008da6       ?CL_ForwardToServer_f@@YAXHPAPAD@Z 00409da6 f   cl_main.obj
 0001:00008dee       ?CL_Pause@@YAX_N@Z         00409dee f   cl_main.obj
 0001:00008e30       ?CL_Quit_f@@YAXXZ          00409e30 f   cl_main.obj
 0001:00008e3a       ?CL_Drop@@YAX_N@Z          00409e3a f   cl_main.obj
 0001:00008e5d       ?CL_SendConnectPacket@@YAXXZ 00409e5d f   cl_main.obj
 0001:00008f34       ?CL_CheckForResend@@YAXXZ  00409f34 f   cl_main.obj
 0001:00009039       ?CL_Connect_f@@YAX_NHPAPAD@Z 0040a039 f   cl_main.obj
 0001:000090bc       ?CL_Rcon_f@@YAXHPAPAD@Z    0040a0bc f   cl_main.obj
 0001:000091c4       ?CL_Disconnect@@YAXXZ      0040a1c4 f   cl_main.obj
 0001:00009374       ?CL_Disconnect_f@@YAXXZ    0040a374 f   cl_main.obj
 0001:0000937e       ?CL_Changing_f@@YAXXZ      0040a37e f   cl_main.obj
 0001:000093a2       ?CL_Reconnect_f@@YAXXZ     0040a3a2 f   cl_main.obj
 0001:0000943e       ?CL_PingServers_f@@YAXXZ   0040a43e f   cl_main.obj
 0001:000095a9       ?CL_Skins_f@@YAXXZ         0040a5a9 f   cl_main.obj
 0001:0000987c       ?CL_ConnectionlessPacket@@YAXXZ 0040a87c f   cl_main.obj
 0001:0000997c       ?CL_ReadPackets@@YAXXZ     0040a97c f   cl_main.obj
 0001:00009ac1       ?CL_FixUpGender@@YAXXZ     0040aac1 f   cl_main.obj
 0001:00009b73       ?CL_Userinfo_f@@YAXXZ      0040ab73 f   cl_main.obj
 0001:00009b8b       ?CL_RegisterSounds@@YAXXZ  0040ab8b f   cl_main.obj
 0001:00009bca       ?CL_Snd_Restart_f@@YAXXZ   0040abca f   cl_main.obj
 0001:00009bd9       ?CL_WriteConfiguration@@YAXPAD@Z 0040abd9 f   cl_main.obj
 0001:00009c94       ?CL_WriteConfig_f@@YAX_NHPAPAD@Z 0040ac94 f   cl_main.obj
 0001:00009cf3       ?CL_FixCvarCheats@@YAXXZ   0040acf3 f   cl_main.obj
 0001:00009d4d       ?CL_Frame@@YAXMM@Z         0040ad4d f   cl_main.obj
 0001:00009f35       ?CL_ClearState@@YAXXZ      0040af35 f   cl_main.obj
 0001:00009f6e       ?CL_Init@@YAXXZ            0040af6e f   cl_main.obj
 0001:0000a459       ?CL_Shutdown@@YAX_N@Z      0040b459 f   cl_main.obj
 0001:0000a4ae       ?CL_Flashlight@@YAXHQAM@Z  0040b4ae f   cl_newfx.obj
 0001:0000a4e8       ?CL_ColorFlash@@YAXQAMHHMMM@Z 0040b4e8 f   cl_newfx.obj
 0001:0000a524       ?CL_DebugTrail@@YAXQAM0@Z  0040b524 f   cl_newfx.obj
 0001:0000a604       ?CL_ForceWall@@YAXQAM0H@Z  0040b604 f   cl_newfx.obj
 0001:0000a72b       ?CL_BubbleTrail2@@YAXQAM0H@Z 0040b72b f   cl_newfx.obj
 0001:0000a853       ?CL_Heatbeam@@YAXQAM0@Z    0040b853 f   cl_newfx.obj
 0001:0000aae6       ?CL_ParticleSteamEffect@@YAXQAM0HHH@Z 0040bae6 f   cl_newfx.obj
 0001:0000ac10       ?CL_ParticleSteamEffect2@@YAXPAUcl_sustain_s@@@Z 0040bc10 f   cl_newfx.obj
 0001:0000ad47       ?CL_TrackerTrail@@YAXQAM0H@Z 0040bd47 f   cl_newfx.obj
 0001:0000ae97       ?CL_Tracker_Shell@@YAXQAM@Z 0040be97 f   cl_newfx.obj
 0001:0000af20       ?CL_MonsterPlasma_Shell@@YAXQAM@Z 0040bf20 f   cl_newfx.obj
 0001:0000afa6       ?CL_Widowbeamout@@YAXPAUcl_sustain_s@@@Z 0040bfa6 f   cl_newfx.obj
 0001:0000b062       ?CL_Nukeblast@@YAXPAUcl_sustain_s@@@Z 0040c062 f   cl_newfx.obj
 0001:0000b11e       ?CL_WidowSplash@@YAXQAM@Z  0040c11e f   cl_newfx.obj
 0001:0000b1e6       ?CL_TagTrail@@YAXQAM0H@Z   0040c1e6 f   cl_newfx.obj
 0001:0000b2e1       ?CL_ColorExplosionParticles@@YAXQAMHH@Z 0040c2e1 f   cl_newfx.obj
 0001:0000b38e       ?CL_ParticleSmokeEffect@@YAXQAM0HHH@Z 0040c38e f   cl_newfx.obj
 0001:0000b4b6       ?CL_BlasterParticles2@@YAXQAM0I@Z 0040c4b6 f   cl_newfx.obj
 0001:0000b583       ?CL_BlasterTrail2@@YAXQAM0@Z 0040c583 f   cl_newfx.obj
 0001:0000b676       ?CL_LoadClientinfo@@YAXPAUclientinfo_t@@PAD@Z 0040c676 f   cl_parse.obj
 0001:0000b95d       ?CL_ParseClientinfo@@YAXH@Z 0040c95d f   cl_parse.obj
 0001:0000b981       ?CL_ParseServerMessage@@YAXXZ 0040c981 f   cl_parse.obj
 0001:0000c148       ?CL_CheckPredictionError@@YAXXZ 0040d148 f   cl_pred.obj
 0001:0000c2e8       ?CL_EntityTrace@@YAXPAUtrace_t@@QAM111H@Z 0040d2e8 f   cl_pred.obj
 0001:0000c6a3       ?CL_Trace@@YAXPAUtrace_t@@QAM111H@Z 0040d6a3 f   cl_pred.obj
 0001:0000c725       ?CL_PMpointcontents@@YAHQAM@Z 0040d725 f   cl_pred.obj
 0001:0000c8b0       ?CL_PredictMovement@@YAXXZ 0040d8b0 f   cl_pred.obj
 0001:0000cc52       ?DrawString@@YAXHHPBD@Z    0040dc52 f   cl_scrn.obj
 0001:0000cc97       ?SCR_DebugGraph@@YAXMH@Z   0040dc97 f   cl_scrn.obj
 0001:0000ccbf       ?SCR_CenterPrint@@YAXPAD@Z 0040dcbf f   cl_scrn.obj
 0001:0000cdc3       ?Key_Message@@YAXH@Z       0040ddc3 f   cl_scrn.obj
 0001:0000ce5f       ?SCR_SetLevelshot@@YAXPBD@Z 0040de5f f   cl_scrn.obj
 0001:0000cf43       ?SCR_BeginLoadingPlaque@@YAXXZ 0040df43 f   cl_scrn.obj
 0001:0000cfc8       ?SCR_EndLoadingPlaque@@YAX_N@Z 0040dfc8 f   cl_scrn.obj
 0001:0000d04d       ?SCR_ShowConsole@@YAX_N0@Z 0040e04d f   cl_scrn.obj
 0001:0000d124       ?SCR_ToggleConsole@@YAXXZ  0040e124 f   cl_scrn.obj
 0001:0000d14c       ?SCR_TouchPics@@YAXXZ      0040e14c f   cl_scrn.obj
 0001:0000d1bc       ?SCR_UpdateScreen@@YAXXZ   0040e1bc f   cl_scrn.obj
 0001:0000e513       ?SCR_Init@@YAXXZ           0040f513 f   cl_scrn.obj
 0001:0000e7f7       ?CL_RegisterTEntSounds@@YAXXZ 0040f7f7 f   cl_tent.obj
 0001:0000ea3c       ?CL_RegisterTEntModels@@YAXXZ 0040fa3c f   cl_tent.obj
 0001:0000eb80       ?CL_ClearTEnts@@YAXXZ      0040fb80 f   cl_tent.obj
 0001:0000ebb4       ?CL_AllocExplosion@@YAPAUexplosion_t@@QAMW4exptype_t@@@Z 0040fbb4 f   cl_tent.obj
 0001:0000ec50       ?CL_AddExplosions@@YAXXZ   0040fc50 f   cl_tent.obj
 0001:0000edea       ?CL_SmokeAndFlash@@YAXQAM@Z 0040fdea f   cl_tent.obj
 0001:0000ee32       ?CL_ParseBeam@@YAHPAUmodel_t@@@Z 0040fe32 f   cl_tent.obj
 0001:0000ef11       ?CL_ParseBeam2@@YAHPAUmodel_t@@@Z 0040ff11 f   cl_tent.obj
 0001:0000efe8       ?CL_ParsePlayerBeam@@YAHPAUmodel_t@@@Z 0040ffe8 f   cl_tent.obj
 0001:0000f0f6       ?CL_ParseLightning@@YAHPAUmodel_t@@@Z 004100f6 f   cl_tent.obj
 0001:0000f1c2       ?CL_ParseLaser@@YAXI@Z     004101c2 f   cl_tent.obj
 0001:0000f23e       ?CL_ParseSteam@@YAXXZ      0041023e f   cl_tent.obj
 0001:0000f34f       ?CL_ParseWidow@@YAXXZ      0041034f f   cl_tent.obj
 0001:0000f3bb       ?CL_ParseNuke@@YAXXZ       004103bb f   cl_tent.obj
 0001:0000f425       ?CL_ParseTEnt@@YAXXZ       00410425 f   cl_tent.obj
 0001:00010251       ?CL_AddBeams@@YAXXZ        00411251 f   cl_tent.obj
 0001:0001058d       ?CL_AddPlayerBeams@@YAXXZ  0041158d f   cl_tent.obj
 0001:00010c7d       ?CL_ProcessSustain@@YAXXZ  00411c7d f   cl_tent.obj
 0001:00010cbe       ?CL_AddTEnts@@YAXXZ        00411cbe f   cl_tent.obj
 0001:00010cd2       ?V_AddEntity@@YAXPAUentity_t@@@Z 00411cd2 f   cl_view.obj
 0001:00010d01       ?V_AddLight@@YAXQAMMMMM@Z  00411d01 f   cl_view.obj
 0001:00010d46       ?V_TestParticles@@YAXXZ    00411d46 f   cl_view.obj
 0001:00010e04       ?V_TestEntities@@YAXXZ     00411e04 f   cl_view.obj
 0001:00010e9a       ?V_TestLights@@YAXXZ       00411e9a f   cl_view.obj
 0001:00010f68       ?CL_PrepRefresh@@YAXXZ     00411f68 f   cl_view.obj
 0001:0001122d       ?CalcFov@@YAMMMM@Z         0041222d f   cl_view.obj
 0001:000112a1       ?V_RenderView@@YA_NM@Z     004122a1 f   cl_view.obj
 0001:00011f67       ?V_Init@@YAXXZ             00412f67 f   cl_view.obj
 0001:00012017       ?Con_ClearNotify@@YAXXZ    00413017 f   console.obj
 0001:00012026       ?Con_CheckResize@@YAXXZ    00413026 f   console.obj
 0001:0001214d       ?Con_Print@@YAXPBD@Z       0041314d f   console.obj
 0001:00012445       ?Con_DrawNotify@@YAX_N@Z   00413445 f   console.obj
 0001:0001255f       ?Con_DrawConsole@@YAXM@Z   0041355f f   console.obj
 0001:00012939       ?Con_ClearTyping@@YAXXZ    00413939 f   console.obj
 0001:00012952       ?Key_Console@@YAXHH@Z      00413952 f   console.obj
 0001:00012d9a       ?Con_Init@@YAXXZ           00413d9a f   console.obj
 0001:00012f16       ?Key_KeynumToString@@YAPBDH@Z 00413f16 f   keys.obj
 0001:00012fd6       ?Draw@completeMenu_t@@UAEXXZ 00413fd6 f i keys.obj
 0001:00013008       ?KeyDown@completeMenu_t@@UAEPBDH@Z 00414008 f i keys.obj
 0001:00013031       ?Init@completeMenu_t@@UAE_NXZ 00414031 f i keys.obj
 0001:00013158       ?CompleteMenuCallback@completeMenu_t@@SAXPAX@Z 00414158 f i keys.obj
 0001:000131e6       ?CompleteCommand@@YAXXZ    004141e6 f   keys.obj
 0001:0001391d       ?Key_SetBinding@@YAXHPBD@Z 0041491d f   keys.obj
 0001:0001395b       ?Key_FindBinding@@YAHPBDPAHH@Z 0041495b f   keys.obj
 0001:000139a9       ?Key_WriteBindings@@YAXPAU_iobuf@@@Z 004149a9 f   keys.obj
 0001:000139f1       ?Key_Init@@YAXXZ           004149f1 f   keys.obj
 0001:00013cd5       ?Key_Event@@YAXH_NI@Z      00414cd5 f   keys.obj
 0001:00014023       ?Key_ClearStates@@YAXXZ    00415023 f   keys.obj
 0001:0001405a       ?M_ForceMenuOn@@YAXXZ      0041505a f   menu.obj
 0001:00014079       ?Draw@menuMain_t@@UAEXXZ   00415079 f i menu.obj
 0001:000141d1       ?KeyDown@menuMain_t@@UAEPBDH@Z 004151d1 f i menu.obj
 0001:0001428d       ?Init@menuMain_t@@UAE_NXZ  0041528d f i menu.obj
 0001:00014295       ?M_Menu_Main_f@@YAXXZ      00415295 f   menu.obj
 0001:000142af       ?Init@multiplayerMenu_t@@UAE_NXZ 004152af f i menu.obj
 0001:000143d3       ?Init@keysMenu_t@@UAE_NXZ  004153d3 f i menu.obj
 0001:000145b8       ?KeyCursorDrawFunc@keysMenu_t@@SAXPAUmenuFramework_t@@@Z 004155b8 f i menu.obj
 0001:000145f9       ?DrawKeyBindingFunc@keysMenu_t@@SAXPAX@Z 004155f9 f i menu.obj
 0001:000146c0       ?KeyDown@keysMenu_t@@UAEPBDH@Z 004156c0 f i menu.obj
 0001:0001476d       ?UnbindCommand@keysMenu_t@@QAEXPAD@Z 0041576d f i menu.obj
 0001:000147b2       ?KeyBindingFunc@keysMenu_t@@QAEXPAX@Z 004157b2 f i menu.obj
 0001:00014811       ?Init@optionsMenu_t@@UAE_NXZ 00415811 f i menu.obj
 0001:00014c6f       ?CrosshairFunc@optionsMenu_t@@SAXPAX@Z 00415c6f f i menu.obj
 0001:00014c97       ?JoystickFunc@optionsMenu_t@@SAXPAX@Z 00415c97 f i menu.obj
 0001:00014cac       ?AlwaysRunFunc@optionsMenu_t@@SAXPAX@Z 00415cac f i menu.obj
 0001:00014cc1       ?FreeLookFunc@optionsMenu_t@@SAXPAX@Z 00415cc1 f i menu.obj
 0001:00014cd6       ?MouseSpeedFunc@optionsMenu_t@@SAXPAX@Z 00415cd6 f i menu.obj
 0001:00014cf3       ?InvertMouseFunc@optionsMenu_t@@SAXPAX@Z 00415cf3 f i menu.obj
 0001:00014d0e       ?LookspringFunc@optionsMenu_t@@SAXPAX@Z 00415d0e f i menu.obj
 0001:00014d2a       ?LookstrafeFunc@optionsMenu_t@@SAXPAX@Z 00415d2a f i menu.obj
 0001:00014d46       ?UpdateVolumeFunc@optionsMenu_t@@SAXPAX@Z 00415d46 f i menu.obj
 0001:00014d63       ?UpdateCDVolumeFunc@optionsMenu_t@@SAXPAX@Z 00415d63 f i menu.obj
 0001:00014d7d       ?SetMenuItemValues@optionsMenu_t@@SAXXZ 00415d7d f i menu.obj
 0001:00014f5b       ?ResetDefaultsFunc@optionsMenu_t@@SAXPAX@Z 00415f5b f i menu.obj
 0001:00014f70       ?UpdateSoundFunc@optionsMenu_t@@SAXPAX@Z 00415f70 f i menu.obj
 0001:00015176       ?ScanCrosshairs@optionsMenu_t@@SAXXZ 00416176 f i menu.obj
 0001:000151d3       ?Draw@optionsMenu_t@@UAEXXZ 004161d3 f i menu.obj
 0001:00015263       ?Draw@creditsMenu_t@@UAEXXZ 00416263 f i menu.obj
 0001:0001530b       ?KeyDown@creditsMenu_t@@UAEPBDH@Z 0041630b f i menu.obj
 0001:00015346       ?Init@creditsMenu_t@@UAE_NXZ 00416346 f i menu.obj
 0001:0001540e       ?Init@gameMenu_t@@UAE_NXZ  0041640e f i menu.obj
 0001:00015599       ?EasyGameFunc@gameMenu_t@@SAXPAX@Z 00416599 f i menu.obj
 0001:000155a5       ?StartGame@gameMenu_t@@SAXPBD@Z 004165a5 f i menu.obj
 0001:000155f8       ?MediumGameFunc@gameMenu_t@@SAXPAX@Z 004165f8 f i menu.obj
 0001:00015604       ?HardGameFunc@gameMenu_t@@SAXPAX@Z 00416604 f i menu.obj
 0001:00015620       ?Init@savegameMenu_t@@UAE_NXZ 00416620 f i menu.obj
 0001:00015718       ?Create_Savestrings@savegameMenu_t@@QAEXXZ 00416718 f i menu.obj
 0001:000157d6       ?LoadGameCallback@savegameMenu_t@@SAXPAX@Z 004167d6 f i menu.obj
 0001:000157ff       ?SaveGameCallback@savegameMenu_t@@SAXPAX@Z 004167ff f i menu.obj
 0001:0001581e       ?Draw@savegameMenu_t@@UAEXXZ 0041681e f i menu.obj
 0001:00015839       ?DrawSavegameShot@savegameMenu_t@@QAEXHH@Z 00416839 f i menu.obj
 0001:00015914       ?Init@joinserverMenu_t@@UAE_NXZ 00416914 f i menu.obj
 0001:00015a3d       ?JoinServerFunc@joinserverMenu_t@@SAXPAX@Z 00416a3d f i menu.obj
 0001:00015a9f       ?SearchLocalGames@joinserverMenu_t@@SAXXZ 00416a9f f i menu.obj
 0001:00015b0b       ?M_AddToServerList@@YAXUnetadr_t@@PAD@Z 00416b0b f   menu.obj
 0001:00015b8e       ?Init@startserverMenu_t@@UAE_NXZ 00416b8e f i menu.obj
 0001:00016030       ?DMOptionsFunc@startserverMenu_t@@SAXPAX@Z 00417030 f i menu.obj
 0001:00016040       ?RulesChangeFunc@startserverMenu_t@@SAXPAX@Z 00417040 f i menu.obj
 0001:000160ba       ?StartServerActionFunc@startserverMenu_t@@SAXPAX@Z 004170ba f i menu.obj
 0001:000160e5       ?StartServerFunc@startserverMenu_t@@SAXPAD@Z 004170e5 f i menu.obj
 0001:00016349       ?KeyDown@startserverMenu_t@@UAEPBDH@Z 00417349 f i menu.obj
 0001:000163a6       ?Init@dmoptionsMenu_t@@UAE_NXZ 004173a6 f i menu.obj
 0001:00016985       ?DMFlagCallback@dmoptionsMenu_t@@SAXPAX@Z 00417985 f i menu.obj
 0001:00016b60       ?Init@downloadOptionsMenu_t@@UAE_NXZ 00417b60 f i menu.obj
 0001:00016d2b       ?DownloadCallback@downloadOptionsMenu_t@@SAXPAX@Z 00417d2b f i menu.obj
 0001:00016d96       ?Init@addressBookMenu_t@@UAE_NXZ 00417d96 f i menu.obj
 0001:00016e3e       ?KeyDown@addressBookMenu_t@@UAEPBDH@Z 00417e3e f i menu.obj
 0001:00016e9b       ?Init@playerConfigMenu_t@@UAE_NXZ 00417e9b f i menu.obj
 0001:000173f2       ?HandednessCallback@playerConfigMenu_t@@SAXPAX@Z 004183f2 f i menu.obj
 0001:00017407       ?RTypeCallback@playerConfigMenu_t@@SAXPAX@Z 00418407 f i menu.obj
 0001:0001741c       ?RColorCallback@playerConfigMenu_t@@SAXPAX@Z 0041841c f i menu.obj
 0001:00017431       ?RateCallback@playerConfigMenu_t@@SAXPAX@Z 00418431 f i menu.obj
 0001:00017454       ?ModelCallback@playerConfigMenu_t@@SAXPAX@Z 00418454 f i menu.obj
 0001:00017481       ?PlayerConfig_ScanDirectories@playerConfigMenu_t@@SA_NXZ 00418481 f i menu.obj
 0001:00017600       ?IsValidSkin@playerConfigMenu_t@@SA_NPADPAVCStringItem@@@Z 00418600 f i menu.obj
 0001:000176be       ?Draw@playerConfigMenu_t@@UAEXXZ 004186be f i menu.obj
 0001:00017970       ?KeyDown@playerConfigMenu_t@@UAEPBDH@Z 00418970 f i menu.obj
 0001:00017a62       ?Init@dmbrowseMenu_t@@UAE_NXZ 00418a62 f i menu.obj
 0001:00017c6a       ?KeyDown@dmbrowseMenu_t@@UAEPBDH@Z 00418c6a f i menu.obj
 0001:00017e29       ?Draw@dmbrowseMenu_t@@UAEXXZ 00418e29 f i menu.obj
 0001:00017f70       ?DrawThumbnail@dmbrowseMenu_t@@SAXHHHHPAD_N@Z 00418f70 f i menu.obj
 0001:00018059       ?Init@videoMenu_t@@UAE_NXZ 00419059 f i menu.obj
 0001:00018612       ?ScreenSizeCallback@videoMenu_t@@SAXPAX@Z 00419612 f i menu.obj
 0001:00018630       ?BrightnessCallback@videoMenu_t@@SAXPAX@Z 00419630 f i menu.obj
 0001:0001864e       ?ContrastCallback@videoMenu_t@@SAXPAX@Z 0041964e f i menu.obj
 0001:00018687       ?CancelChanges@videoMenu_t@@SAXPAX@Z 00419687 f i menu.obj
 0001:000186a8       ?KeyDown@videoMenu_t@@UAEPBDH@Z 004196a8 f i menu.obj
 0001:000186ef       ?ApplyChanges@videoMenu_t@@SAXPAX@Z 004196ef f i menu.obj
 0001:000188aa       ?KeyDown@quitMenu_t@@UAEPBDH@Z 004198aa f i menu.obj
 0001:000188e2       ?Draw@quitMenu_t@@UAEXXZ   004198e2 f i menu.obj
 0001:00018960       ?M_Init@@YAXXZ             00419960 f   menu.obj
 0001:00018b22       ?Insert@?$TList@VCStringItem@@@@QAE_NPAVCStringItem@@@Z 00419b22 f i menu.obj
 0001:00018b22       ?Insert@?$TList@VplayerModelInfo_t@@@@QAE_NPAVplayerModelInfo_t@@@Z 00419b22 f i menu.obj
 0001:00018b58       ?ItemAtCursor@menuFramework_t@@QAEPAUmenuCommon_t@@XZ 00419b58 f   qmenu.obj
 0001:00018bac       ?AddItem@menuFramework_t@@QAEXPAUmenuCommon_t@@@Z 00419bac f   qmenu.obj
 0001:00018c68       ?AdjustCursor@menuFramework_t@@QAEXH@Z 00419c68 f   qmenu.obj
 0001:00018dd7       ?Center@menuFramework_t@@QAEXXZ 00419dd7 f   qmenu.obj
 0001:00018e18       ?Draw@menuFramework_t@@UAEXXZ 00419e18 f   qmenu.obj
 0001:000193f6       ?SelectItem@menuFramework_t@@QAE_NXZ 0041a3f6 f   qmenu.obj
 0001:00019454       ?SetStatusBar@menuFramework_t@@QAEXPBD@Z 0041a454 f   qmenu.obj
 0001:0001945e       ?SlideItem@menuFramework_t@@QAEXH@Z 0041a45e f   qmenu.obj
 0001:000199e0       ?Push@menuFramework_t@@QAEXXZ 0041a9e0 f   qmenu.obj
 0001:00019a6e       ?M_ForceMenuOff@@YAXXZ     0041aa6e f   qmenu.obj
 0001:00019a91       ?Pop@menuFramework_t@@QAEXXZ 0041aa91 f   qmenu.obj
 0001:00019acb       ?KeyDown@menuFramework_t@@UAEPBDH@Z 0041aacb f   qmenu.obj
 0001:00019d3a       ?Init@menuFramework_t@@UAE_NXZ 0041ad3a f   qmenu.obj
 0001:00019d3d       ?M_Draw@@YAXXZ             0041ad3d f   qmenu.obj
 0001:00019d79       ?M_Keydown@@YAXH@Z         0041ad79 f   qmenu.obj
 0001:00019d98       ?InitRendererVars@@YAXXZ   0041ad98 f   ref_vars.obj
 0001:00019db7       ?S_SoundInfo_f@@YAXXZ      0041adb7 f   snd_dma.obj
 0001:00019e41       ?S_ReadModelsSex@@YAXXZ    0041ae41 f   snd_dma.obj
 0001:00019f26       ?S_IsFemale@@YA_NPAD@Z     0041af26 f   snd_dma.obj
 0001:00019f7a       ?S_Init@@YAXXZ             0041af7a f   snd_dma.obj
 0001:0001a050       ?S_Shutdown@@YAXXZ         0041b050 f   snd_dma.obj
 0001:0001a0e3       ?S_BeginRegistration@@YAXXZ 0041b0e3 f   snd_dma.obj
 0001:0001a0f1       ?S_RegisterSound@@YAPAUsfx_s@@PBD@Z 0041b0f1 f   snd_dma.obj
 0001:0001a28a       ?S_EndRegistration@@YAXXZ  0041b28a f   snd_dma.obj
 0001:0001a322       ?S_PickChannel@@YAPAUchannel_t@@HH@Z 0041b322 f   snd_dma.obj
 0001:0001a3af       ?S_SpatializeOrigin@@YAXQAMMMPAH1@Z 0041b3af f   snd_dma.obj
 0001:0001a4d6       ?S_Spatialize@@YAXPAUchannel_t@@@Z 0041b4d6 f   snd_dma.obj
 0001:0001a547       ?S_AllocPlaysound@@YAPAUplaysound_s@@XZ 0041b547 f   snd_dma.obj
 0001:0001a569       ?S_FreePlaysound@@YAXPAUplaysound_s@@@Z 0041b569 f   snd_dma.obj
 0001:0001a599       ?S_IssuePlaysound@@YAXPAUplaysound_s@@@Z 0041b599 f   snd_dma.obj
 0001:0001a666       ?S_StartSound@@YAXQAMHHPAUsfx_s@@MMM@Z 0041b666 f   snd_dma.obj
 0001:0001a9dd       ?S_StartLocalSound@@YAXPBD@Z 0041b9dd f   snd_dma.obj
 0001:0001aa2c       ?S_ClearBuffer@@YAXXZ      0041ba2c f   snd_dma.obj
 0001:0001aa95       ?S_StopAllSounds_f@@YAXXZ  0041ba95 f   snd_dma.obj
 0001:0001ab05       ?S_AddLoopSounds@@YAXXZ    0041bb05 f   snd_dma.obj
 0001:0001acdb       ?S_RawSamples@@YAXHHHHPAE@Z 0041bcdb f   snd_dma.obj
 0001:0001aedf       ?S_Update@@YAXQAM000@Z     0041bedf f   snd_dma.obj
 0001:0001afd9       ?GetSoundtime@@YAXXZ       0041bfd9 f   snd_dma.obj
 0001:0001b040       ?S_Update_@@YAXXZ          0041c040 f   snd_dma.obj
 0001:0001b2f3       ?ResampleSfx@@YAXPAUsfx_s@@HHPAE@Z 0041c2f3 f   snd_mem.obj
 0001:0001b40e       ?S_LoadSound@@YAPAUsfxcache_t@@PAUsfx_s@@@Z 0041c40e f   snd_mem.obj
 0001:0001b546       ?GetWavinfo@@YA?AUwavinfo_t@@PADPAEH@Z 0041c546 f   snd_mem.obj
 0001:0001b788       ?S_WriteLinearBlastStereo16@@YAXXZ 0041c788 f   snd_mix.obj
 0001:0001b7fc       ?S_TransferStereo16@@YAXPAKH@Z 0041c7fc f   snd_mix.obj
 0001:0001b865       ?S_TransferPaintBuffer@@YAXH@Z 0041c865 f   snd_mix.obj
 0001:0001b9c9       ?S_PaintChannels@@YAXH@Z   0041c9c9 f   snd_mix.obj
 0001:0001bc65       ?S_InitScaletable@@YAXXZ   0041cc65 f   snd_mix.obj
 0001:0001be26       ?SV_WipeSavegame@@YAXPAD@Z 0041ce26 f   sv_ccmds.obj
 0001:0001be54       ?SV_CopySaveGame@@YAXPAD0@Z 0041ce54 f   sv_ccmds.obj
 0001:0001bea9       ?SV_WriteLevelFile@@YAXXZ  0041cea9 f   sv_ccmds.obj
 0001:0001bf57       ?SV_ReadLevelFile@@YAXXZ   0041cf57 f   sv_ccmds.obj
 0001:0001c005       ?SV_WriteServerFile@@YAX_NPAD@Z 0041d005 f   sv_ccmds.obj
 0001:0001c242       ?SV_ReadServerFile@@YAXXZ  0041d242 f   sv_ccmds.obj
 0001:0001c367       ?SV_AddressBanned@@YA_NPAUnetadr_t@@@Z 0041d367 f   sv_ccmds.obj
 0001:0001c3a8       ?SV_InitOperatorCommands@@YAXXZ 0041d3a8 f   sv_ccmds.obj
 0001:0001d3a6       ?SV_WriteFrameToClient@@YAXPAUclient_s@@PAVsizebuf_t@@@Z 0041e3a6 f   sv_ents.obj
 0001:0001d592       ?SV_FatPVS@@YAXQAM@Z       0041e592 f   sv_ents.obj
 0001:0001d6b0       ?SV_BuildClientFrame@@YAXPAUclient_s@@@Z 0041e6b0 f   sv_ents.obj
 0001:0001d9c5       ?SV_RecordDemoMessage@@YAXXZ 0041e9c5 f   sv_ents.obj
 0001:0001e4f4       ?SV_InitGameLibrary@@YAX_N@Z 0041f4f4 f   sv_game.obj
 0001:0001e63a       ?SV_ShutdownGameLibrary@@YAXXZ 0041f63a f   sv_game.obj
 0001:0001e797       ?SV_FindIndex@@YAHPADHH_N@Z 0041f797 f   sv_init.obj
 0001:0001e8a4       ?SV_ModelIndex@@YAHPAD@Z   0041f8a4 f   sv_init.obj
 0001:0001e8ba       ?SV_SoundIndex@@YAHPAD@Z   0041f8ba f   sv_init.obj
 0001:0001e8d3       ?SV_ImageIndex@@YAHPAD@Z   0041f8d3 f   sv_init.obj
 0001:0001e8ec       ?SV_CreateBaseline@@YAXXZ  0041f8ec f   sv_init.obj
 0001:0001e94a       ?SV_CheckForSavegame@@YAXXZ 0041f94a f   sv_init.obj
 0001:0001e9d2       ?SV_SpawnServer@@YAXPAD0W4server_state_t@@_N2@Z 0041f9d2 f   sv_init.obj
 0001:0001eca0       ?SV_InitGame@@YAXXZ        0041fca0 f   sv_init.obj
 0001:0001eeea       ?SV_Map@@YAX_NPBD0@Z       0041feea f   sv_init.obj
 0001:0001f0b3       ?SV_DropClient@@YAXPAUclient_s@@PAD@Z 004200b3 f   sv_main.obj
 0001:0001f164       ?SV_StatusString@@YAPADXZ  00420164 f   sv_main.obj
 0001:0001f99b       ?SV_ConnectionlessPacket@@YAXXZ 0042099b f   sv_main.obj
 0001:0001fa66       ?SV_CalcPings@@YAXXZ       00420a66 f   sv_main.obj
 0001:0001faed       ?SV_GiveMsec@@YAXXZ        00420aed f   sv_main.obj
 0001:0001fb2c       ?SV_ReadPackets@@YAXXZ     00420b2c f   sv_main.obj
 0001:0001fc77       ?SV_CheckTimeouts@@YAXXZ   00420c77 f   sv_main.obj
 0001:0001fd88       ?SV_PostprocessFrame@@YAXXZ 00420d88 f   sv_main.obj
 0001:0002025f       ?SV_MulticastHook@@YAPAVsizebuf_t@@PAV1@0@Z 0042125f f   sv_main.obj
 0001:00020650       ?SV_TraceHook@@YA?AUtrace_t@@QAM000PAUedict_s@@H@Z 00421650 f   sv_main.obj
 0001:000207cb       ?SV_Frame@@YAXM@Z          004217cb f   sv_main.obj
 0001:00020a7f       ?SV_UserinfoChanged@@YAXPAUclient_s@@@Z 00421a7f f   sv_main.obj
 0001:00020b43       ?SV_Init@@YAXXZ            00421b43 f   sv_main.obj
 0001:00020bb9       ?SV_Shutdown@@YAXPBD_N@Z   00421bb9 f   sv_main.obj
 0001:00020dc2       ?SV_BeginRedirect@@YAXXZ   00421dc2 f   sv_send.obj
 0001:00020e6c       ?SV_ClientPrintf@@YAXPAUclient_s@@HPBDZZ 00421e6c f   sv_send.obj
 0001:00020ec7       ?SV_BroadcastPrintf@@YAXHPBDZZ 00421ec7 f   sv_send.obj
 0001:00020f9d       ?SV_BroadcastCommand@@YAXPBDZZ 00421f9d f   sv_send.obj
 0001:00020ff2       ?SV_Multicast@@YAXQAMW4multicast_t@@_N@Z 00421ff2 f   sv_send.obj
 0001:00021230       ?SV_MulticastOld@@YAXQAMW4multicast_t@@@Z 00422230 f   sv_send.obj
 0001:00021243       ?SV_MulticastNew@@YAXQAMW4multicast_t@@@Z 00422243 f   sv_send.obj
 0001:00021256       ?SV_StartSound@@YAXQAMPAUedict_s@@HHMMM_N@Z 00422256 f   sv_send.obj
 0001:0002151e       ?SV_StartSoundOld@@YAXQAMPAUedict_s@@HHMMM@Z 0042251e f   sv_send.obj
 0001:0002154e       ?SV_StartSoundNew@@YAXQAMPAUedict_s@@HHMMM@Z 0042254e f   sv_send.obj
 0001:0002157e       ?SV_SendClientDatagram@@YA_NPAUclient_s@@@Z 0042257e f   sv_send.obj
 0001:0002164b       ?SV_DemoCompleted@@YAXXZ   0042264b f   sv_send.obj
 0001:00021667       ?SV_RateDrop@@YA_NPAUclient_s@@@Z 00422667 f   sv_send.obj
 0001:000216b1       ?SV_SendClientMessages@@YAXXZ 004226b1 f   sv_send.obj
 0001:000217f8       ?SV_TokenizeString@@YAXPBD@Z 004227f8 f   sv_tokenize.obj
 0001:000218cf       ?SV_Argc@@YAHXZ            004228cf f   sv_tokenize.obj
 0001:000218d5       ?SV_Argv@@YAPADH@Z         004228d5 f   sv_tokenize.obj
 0001:000218ef       ?SV_Args@@YAPADXZ          004228ef f   sv_tokenize.obj
 0001:0002213f       ?SV_Nextserver@@YAXXZ      0042313f f   sv_user.obj
 0001:000221ce       ?SV_ExecuteUserCommand@@YAXPAD@Z 004231ce f   sv_user.obj
 0001:00022290       ?SV_ClientThink@@YAXPAUclient_s@@PAUusercmd_t@@@Z 00423290 f   sv_user.obj
 0001:000222d3       ?SV_ExecuteClientMessage@@YAXPAUclient_s@@@Z 004232d3 f   sv_user.obj
 0001:000224f1       ?SV_ClearWorld@@YAXXZ      004234f1 f   sv_world.obj
 0001:00022649       ?SV_UnlinkEdict@@YAXPAUedict_s@@@Z 00423649 f   sv_world.obj
 0001:0002270c       ?SV_LinkEdict@@YAXPAUedict_s@@@Z 0042370c f   sv_world.obj
 0001:00022d64       ?SV_AreaEdicts@@YAHQAM0PAPAUedict_s@@HH@Z 00423d64 f   sv_world.obj
 0001:00022f15       ?SV_PointContents@@YAHQAM@Z 00423f15 f   sv_world.obj
 0001:0002303b       ?SV_ClipMoveToEntities@@YAXPAUtrace_t@@QAM111PAUedict_s@@H@Z 0042403b f   sv_world.obj
 0001:0002341a       ?SV_Trace@@YAXPAUtrace_t@@QAM111PAUedict_s@@H@Z 0042441a f   sv_world.obj
 0001:000234d4       ?InitByteDirs@@YAXXZ       004244d4 f   anorms.obj
 0001:00023513       ?Cbuf_AddText@@YAXPBD@Z    00424513 f   cmd.obj
 0001:00023575       ?Cbuf_CopyToDefer@@YAXXZ   00424575 f   cmd.obj
 0001:000235bd       ?Cbuf_InsertFromDefer@@YAXXZ 004245bd f   cmd.obj
 0001:00023676       ?Cbuf_Execute@@YAXXZ       00424676 f   cmd.obj
 0001:0002377c       ?Cmd_Unalias_f@@YAX_NHPAPAD@Z 0042477c f   cmd.obj
 0001:000237f2       ?Cmd_WriteAliases@@YAXPAU_iobuf@@@Z 004247f2 f   cmd.obj
 0001:00023823       ?RegisterCommand@@YA_NPBDP6AXXZH@Z 00424823 f   cmd.obj
 0001:000238dc       ?UnregisterCommand@@YA_NPBD@Z 004248dc f   cmd.obj
 0001:0002396d       ?Cmd_ExecuteString@@YA_NPBD@Z 0042496d f   cmd.obj
 0001:00023da6       ?ExecuteCommand@@YA_NPBDPBUCSimpleCommand@@H@Z 00424da6 f   cmd.obj
 0001:00023e6d       ?Cmd_Init@@YAXXZ           00424e6d f   cmd.obj
 0001:000241bf       ?CMod_GetSurfMaterial@@YA?AW4material_t@@PAD@Z 004251bf f   cmodel.obj
 0001:0002421c       ?CM_LoadMap@@YAPAUcmodel_t@@PAD_NPAI@Z 0042521c f   cmodel.obj
 0001:000248f3       ?PlaneTypeForNormal@@YAHQBM@Z 004258f3 f i cmodel.obj
 0001:00024aab       ?CM_InlineModel@@YAPAUcmodel_t@@PAD@Z 00425aab f   cmodel.obj
 0001:00024aec       ?CM_NumClusters@@YAHXZ     00425aec f   cmodel.obj
 0001:00024af2       ?CM_NumInlineModels@@YAHXZ 00425af2 f   cmodel.obj
 0001:00024af8       ?CM_EntityString@@YAPADXZ  00425af8 f   cmodel.obj
 0001:00024afe       ?CM_LeafContents@@YAHH@Z   00425afe f   cmodel.obj
 0001:00024b25       ?CM_LeafCluster@@YAHH@Z    00425b25 f   cmodel.obj
 0001:00024b9b       ?CM_LeafArea@@YAHH@Z       00425b9b f   cmodel.obj
 0001:00024d62       ?CM_HeadnodeForBox@@YAHQAM0@Z 00425d62 f   cmodel.obj
 0001:00024e17       ?CM_PointLeafnum@@YAHQAMH@Z 00425e17 f   cmodel.obj
 0001:00024eb9       ?DISTANCE_TO_PLANE@@YAMQBMPBUcplane_t@@@Z 00425eb9 f i cmodel.obj
 0001:00024f01       ?CM_PointContents@@YAHQAMH@Z 00425f01 f   cmodel.obj
 0001:00024f76       ?CM_TransformedPointContents@@YAHQAMH00@Z 00425f76 f   cmodel.obj
 0001:000250af       ?CM_TransformedPointContents2@@YAHQAMH0PAY02M@Z 004260af f   cmodel.obj
 0001:000251a0       ?CM_BoxLeafnums@@YAHQAM0PAHH1H@Z 004261a0 f   cmodel.obj
 0001:000252b4       ?BOX_ON_PLANE_SIDE@@YAHQBM0PBUcplane_t@@@Z 004262b4 f i cmodel.obj
 0001:00025339       ?CM_BoxTrace@@YAXPAUtrace_t@@QBM111HH@Z 00426339 f   cmodel.obj
 0001:00025d5e       ?CM_TransformedBoxTrace@@YAXPAUtrace_t@@QBM111HH11@Z 00426d5e f   cmodel.obj
 0001:0002602e       ?CM_TransformedBoxTrace2@@YAXPAUtrace_t@@QBM111HH1PAY02$$CBM@Z 0042702e f   cmodel.obj
 0001:00026243       ?CM_BrushTrace@@YAHQBM0PAHH@Z 00427243 f   cmodel.obj
 0001:00026669       ?CM_RefineBrushTrace@@YAHQBM0PAHH@Z 00427669 f   cmodel.obj
 0001:0002670f       ?CM_ClusterPVS@@YAPAEH@Z   0042770f f   cmodel.obj
 0001:00026853       ?CM_ClusterPHS@@YAPAEH@Z   00427853 f   cmodel.obj
 0001:000269b6       ?CM_SetAreaPortalState@@YAXH_N@Z 004279b6 f   cmodel.obj
 0001:000269db       ?CM_AreasConnected@@YA_NHH@Z 004279db f   cmodel.obj
 0001:00026a1f       ?CM_WriteAreaBits@@YAHPAEH@Z 00427a1f f   cmodel.obj
 0001:00026ac1       ?CM_WritePortalState@@YAXPAU_iobuf@@@Z 00427ac1 f   cmodel.obj
 0001:00026adb       ?CM_ReadPortalState@@YAXPAU_iobuf@@@Z 00427adb f   cmodel.obj
 0001:00026af9       ?CM_HeadnodeVisible@@YA_NHPAE@Z 00427af9 f   cmodel.obj
 0001:00026bd4       ?Com_BeginRedirect@@YAXPADHP6AX0@Z@Z 00427bd4 f   common.obj
 0001:00026c01       ?Com_EndRedirect@@YAXXZ    00427c01 f   common.obj
 0001:00026c20       ?Com_Printf@@YAXPBDZZ      00427c20 f   common.obj
 0001:00026df9       ?Com_DPrintf@@YAXPBDZZ     00427df9 f   common.obj
 0001:00026e72       ?DebugPrintf@@YAXPBDZZ     00427e72 f   common.obj
 0001:00026f1c       ?Com_WPrintf@@YAXPBDZZ     00427f1c f   common.obj
 0001:00026f76       ?Com_Quit@@YAXXZ           00427f76 f   common.obj
 0001:00026f96       ?IPWildcard@@YA_NPAUnetadr_t@@PAD@Z 00427f96 f   common.obj
 0001:00027070       ?Com_ServerState@@YA?AW4server_state_t@@XZ 00428070 f   common.obj
 0001:00027076       ?Com_SetServerState@@YAXW4server_state_t@@@Z 00428076 f   common.obj
 0001:00027080       ?frand@@YAMXZ              00428080 f   common.obj
 0001:00027098       ?crand@@YAMXZ              00428098 f   common.obj
 0001:000270b6       ?Info_ValueForKey@@YAPBDPBD0@Z 004280b6 f   common.obj
 0001:00027135       ?Info_SetValueForKey@@YAXPADPBD1@Z 00428135 f   common.obj
 0001:00027298       ?Info_Print@@YAXPBD@Z      00428298 f   common.obj
 0001:0002731e       ?Com_CheckCmdlineVar@@YA_NPBD@Z 0042831e f   common.obj
 0001:00027374       ?Com_Init@@YAXPBD@Z        00428374 f   common.obj
 0001:00027742       ?Com_Frame@@YAXM@Z         00428742 f   common.obj
 0001:00027a86       ?Com_Shutdown@@YAXXZ       00428a86 f   common.obj
 0001:00027a9f       ?Com_BlockSequenceCRCByte@@YAEPAEHH@Z 00428a9f f   crc.obj
 0001:00027b55       ?Cvar_VariableValue@@YAMPBD@Z 00428b55 f   cvar.obj
 0001:00027bc3       ?Cvar_VariableInt@@YAHPBD@Z 00428bc3 f   cvar.obj
 0001:00027bd6       ?Cvar_VariableString@@YAPADPBD@Z 00428bd6 f   cvar.obj
 0001:00027bee       ?Cvar_Get@@YAPAUcvar_t@@PBD0H@Z 00428bee f   cvar.obj
 0001:00027ea5       ?Cvar_GetVars@@YAXPBUcvarInfo_t@@H@Z 00428ea5 f   cvar.obj
 0001:00027f4f       ?Cvar_FullSet@@YAPAUcvar_t@@PBD0I@Z 00428f4f f   cvar.obj
 0001:00027fa9       ?Cvar_SetValue@@YAPAUcvar_t@@PBDM@Z 00428fa9 f   cvar.obj
 0001:000281cf       ?Cvar_SetInteger@@YAPAUcvar_t@@PBDH@Z 004291cf f   cvar.obj
 0001:000281f1       ?Cvar_Set@@YAPAUcvar_t@@PBD0@Z 004291f1 f   cvar.obj
 0001:00028206       ?Cvar_ForceSet@@YAPAUcvar_t@@PBD0@Z 00429206 f   cvar.obj
 0001:0002821b       ?Cvar_Clamp@@YAMPAUcvar_t@@MM@Z 0042921b f   cvar.obj
 0001:00028279       ?Cvar_ClampName@@YAMPBDMM@Z 00429279 f   cvar.obj
 0001:000282b8       ?Cvar_GetLatchedVars@@YAXXZ 004292b8 f   cvar.obj
 0001:000282e7       ?Cvar_Command@@YA_NHPAPAD@Z 004292e7 f   cvar.obj
 0001:00028380       ?IsDefault@cvar_t@@QAE_NXZ 00429380 f i cvar.obj
 0001:0002839d       ?Cvar_WriteVariables@@YAXPAU_iobuf@@HHPBD@Z 0042939d f   cvar.obj
 0001:00028425       ?Cvar_Userinfo@@YAPBDXZ    00429425 f   cvar.obj
 0001:00028480       ?Cvar_Serverinfo@@YAPBDXZ  00429480 f   cvar.obj
 0001:00028489       ?Cvar_Cheats@@YAX_N@Z      00429489 f   cvar.obj
 0001:000284da       ?Cvar_Init@@YAXXZ          004294da f   cvar.obj
 0001:00028b99       ?MSG_WriteDeltaEntity@@YAXPAVsizebuf_t@@PBUentity_state_t@@PAU2@_N3@Z 00429b99 f   entdelta.obj
 0001:0002913c       ?MSG_WriteRemoveEntity@@YAXPAVsizebuf_t@@H@Z 0042a13c f   entdelta.obj
 0001:0002917c       ?MSG_ReadEntityBits@@YAHPAVsizebuf_t@@PAIPA_N@Z 0042a17c f   entdelta.obj
 0001:000291ed       ?MSG_ReadDeltaEntity@@YAXPAVsizebuf_t@@PBUentity_state_t@@PAU2@I@Z 0042a1ed f   entdelta.obj
 0001:00029270       ?MSG_WriteDeltaUsercmd@@YAXPAVsizebuf_t@@PBUusercmd_t@@PAU2@@Z 0042a270 f   entdelta.obj
 0001:000292ff       ?MSG_ReadDeltaUsercmd@@YAXPAVsizebuf_t@@PBUusercmd_t@@PAU2@@Z 0042a2ff f   entdelta.obj
 0001:00029382       ?MSG_WriteDeltaPlayerstate@@YAXPAVsizebuf_t@@PBUplayer_state_t@@PAU2@@Z 0042a382 f   entdelta.obj
 0001:0002948b       ?MSG_ReadDeltaPlayerstate@@YAXPAVsizebuf_t@@PBUplayer_state_t@@PAU2@@Z 0042a48b f   entdelta.obj
 0001:0002955f       ?FS_CreatePath@@YAXPBD@Z   0042a55f f   files.obj
 0001:000295c5       ?FS_CopyFile@@YAXPBD0@Z    0042a5c5 f   files.obj
 0001:000296c8       ?FS_CopyFiles@@YAXPBD0@Z   0042a6c8 f   files.obj
 0001:000297a1       ?FS_RemoveFiles@@YAXPBD@Z  0042a7a1 f   files.obj
 0001:00029815       ?FS_FCloseFile@@YAXPAU_iobuf@@@Z 0042a815 f   files.obj
 0001:000298b0       ?FS_FOpenFile@@YAHPBDPAPAU_iobuf@@@Z 0042a8b0 f   files.obj
 0001:00029dd5       ?FS_FileExists@@YA_NPBD@Z  0042add5 f   files.obj
 0001:00029ff2       ?FS_Read@@YAXPAXHPAU_iobuf@@@Z 0042aff2 f   files.obj
 0001:0002a292       ?FS_LoadFile@@YAPAXPBDPAI@Z 0042b292 f   files.obj
 0001:0002a2e9       ?FS_FreeFile@@YAXPAX@Z     0042b2e9 f   files.obj
 0001:0002a2f4       ?FS_Gamedir@@YAPADXZ       0042b2f4 f   files.obj
 0001:0002a308       ?FS_LoadGameConfig@@YAXXZ  0042b308 f   files.obj
 0001:0002a3cd       ?FS_SetGamedir@@YA_NPBD@Z  0042b3cd f   files.obj
 0001:0002aaf1       ?FS_ListFiles@@YA?AV?$TList@VCStringItem@@@@PBDPAHH@Z 0042baf1 f   files.obj
 0001:0002ae16       ?FS_NextPath@@YAPADPBD@Z   0042be16 f   files.obj
 0001:0002ae3a       ?FS_InitFilesystem@@YAXXZ  0042be3a f   files.obj
 0001:0002b7ea       ?LoadPCX@@YAXPBDPAPAE1PAH2@Z 0042c7ea f   images.obj
 0001:0002b934       ?LoadTGA@@YAXPBDPAPAEPAH2@Z 0042c934 f   images.obj
 0001:0002bb2f       ?LoadJPG@@YAXPBDPAPAEPAH2@Z 0042cb2f f   images.obj
 0001:0002bdc2       ?ImageExists@@YAHPBDH@Z    0042cdc2 f   images.obj
 0001:0002bec3       ?WriteTGA@@YA_NPBDPAEHH@Z  0042cec3 f   images.obj
 0001:0002c0ad       ?WriteJPG@@YA_NPBDPAEHH_N@Z 0042d0ad f   images.obj
 0001:0002c1d4       ?MD4Init@@YAXPAUMD4_CTX@@@Z 0042d1d4 f   md4.obj
 0001:0002c1fc       ?MD4Update@@YAXPAUMD4_CTX@@PAEI@Z 0042d1fc f   md4.obj
 0001:0002c29a       ?MD4Final@@YAXQAEPAUMD4_CTX@@@Z 0042d29a f   md4.obj
 0001:0002c98b       ?Com_BlockChecksum@@YAIPAXH@Z 0042d98b f   md4.obj
 0001:0002c9c7       ?LoadQ2BspFile@@YAXXZ      0042d9c7 f   model.obj
 0001:0002cd9f       ?LoadBspFile@@YAPAUbspfile_t@@PBD_NPAI@Z 0042dd9f f   model.obj
 0001:0002cf4d       ?ProcessEntstring@@YAPADPAD@Z 0042df4d f   model.obj
 0001:0002ddfd       ?Init@sizebuf_t@@QAEXPAXH@Z 0042edfd f   msg.obj
 0001:0002de18       ?Write@sizebuf_t@@QAEXPBXH@Z 0042ee18 f   msg.obj
 0001:0002de88       ?MSG_WriteChar@@YAXPAVsizebuf_t@@H@Z 0042ee88 f   msg.obj
 0001:0002de88       ?MSG_WriteByte@@YAXPAVsizebuf_t@@H@Z 0042ee88 f   msg.obj
 0001:0002de99       ?MSG_WriteShort@@YAXPAVsizebuf_t@@H@Z 0042ee99 f   msg.obj
 0001:0002deaa       ?MSG_WriteFloat@@YAXPAVsizebuf_t@@M@Z 0042eeaa f   msg.obj
 0001:0002deaa       ?MSG_WriteLong@@YAXPAVsizebuf_t@@H@Z 0042eeaa f   msg.obj
 0001:0002debb       ?MSG_WriteString@@YAXPAVsizebuf_t@@PBD@Z 0042eebb f   msg.obj
 0001:0002dee5       ?MSG_WritePos@@YAXPAVsizebuf_t@@QAM@Z 0042eee5 f   msg.obj
 0001:0002df49       ?MSG_WriteAngle@@YAXPAVsizebuf_t@@M@Z 0042ef49 f   msg.obj
 0001:0002df74       ?MSG_WriteAngle16@@YAXPAVsizebuf_t@@M@Z 0042ef74 f   msg.obj
 0001:0002df9f       ?MSG_WriteDir@@YAXPAVsizebuf_t@@QAM@Z 0042ef9f f   msg.obj
 0001:0002e006       ?MSG_ReadDir@@YAXPAVsizebuf_t@@QAM@Z 0042f006 f   msg.obj
 0001:0002e037       ?MSG_ReadChar@@YAHPAVsizebuf_t@@@Z 0042f037 f   msg.obj
 0001:0002e057       ?MSG_ReadByte@@YAHPAVsizebuf_t@@@Z 0042f057 f   msg.obj
 0001:0002e077       ?MSG_ReadShort@@YAHPAVsizebuf_t@@@Z 0042f077 f   msg.obj
 0001:0002e097       ?MSG_ReadLong@@YAHPAVsizebuf_t@@@Z 0042f097 f   msg.obj
 0001:0002e0b6       ?MSG_ReadString@@YAPADPAVsizebuf_t@@@Z 0042f0b6 f   msg.obj
 0001:0002e0e9       ?MSG_ReadPos@@YAXPAVsizebuf_t@@QAM@Z 0042f0e9 f   msg.obj
 0001:0002e13b       ?MSG_ReadAngle@@YAMPAVsizebuf_t@@@Z 0042f13b f   msg.obj
 0001:0002e155       ?MSG_ReadAngle16@@YAMPAVsizebuf_t@@@Z 0042f155 f   msg.obj
 0001:0002e16f       ?MSG_ReadData@@YAXPAVsizebuf_t@@PAXH@Z 0042f16f f   msg.obj
 0001:0002e192       ?Netchan_Init@@YAXXZ       0042f192 f   net_chan.obj
 0001:0002e1f2       ?Netchan_OutOfBand@@YAXW4netsrc_t@@Unetadr_t@@HPAX@Z 0042f1f2 f   net_chan.obj
 0001:0002e252       ?Netchan_OutOfBandPrint@@YAXW4netsrc_t@@Unetadr_t@@PBDZZ 0042f252 f   net_chan.obj
 0001:0002e297       ?Netchan_Setup@@YAXW4netsrc_t@@PAUnetchan_t@@Unetadr_t@@H@Z 0042f297 f   net_chan.obj
 0001:0002e2ef       ?Netchan_NeedReliable@@YA_NPAUnetchan_t@@@Z 0042f2ef f   net_chan.obj
 0001:0002e319       ?Netchan_Transmit@@YAXPAUnetchan_t@@HPAX@Z 0042f319 f   net_chan.obj
 0001:0002e4b5       ?Netchan_Process@@YA_NPAUnetchan_t@@PAVsizebuf_t@@@Z 0042f4b5 f   net_chan.obj
 0001:0002e5de       ?Pmove@@YAXPAUpmove_t@@@Z  0042f5de f   pmove.obj
 0001:00030378       ?NormalizeColor@@YAMQBMQAM@Z 00431378 f   q_shared2.obj
 0001:000303d9       ?NormalizeColor255@@YAMQBMQAM@Z 004313d9 f   q_shared2.obj
 0001:0003043e       ?Q_rsqrt@@YAMM@Z           0043143e f   q_shared2.obj
 0001:0003046e       ?AngleVectors@@YAXQBMQAM11@Z 0043146e f   q_shared2.obj
 0001:000305cf       ?MakeNormalVectors@@YAXQAM00@Z 004315cf f   q_shared2.obj
 0001:00030636       ?SetPlaneSignbits@@YAXPAUcplane_t@@@Z 00431636 f   q_shared2.obj
 0001:00030659       ?LerpAngle@@YAMMMM@Z       00431659 f   q_shared2.obj
 0001:0003069c       ?anglemod@@YAMM@Z          0043169c f   q_shared2.obj
 0001:000306c8       ?BoxOnPlaneSide@@YAHQBM0PBUcplane_t@@@Z 004316c8 f   q_shared2.obj
 0001:000307eb       ?ClearBounds@@YAXQAM0@Z    004317eb f   q_shared2.obj
 0001:00030814       ?AddPointToBounds@@YAXQBMQAM1@Z 00431814 f   q_shared2.obj
 0001:0003084d       ?VectorCompare@@YA_NQBM0@Z 0043184d f   q_shared2.obj
 0001:0003087a       ?VectorNormalize@@YAMQAM@Z 0043187a f   q_shared2.obj
 0001:000308d3       ?VectorNormalize2@@YAMQBMQAM@Z 004318d3 f   q_shared2.obj
 0001:0003092e       ?VectorNormalizeFast@@YAMQAM@Z 0043192e f   q_shared2.obj
 0001:00030981       ?CrossProduct@@YAXQBM0QAM@Z 00431981 f   q_shared2.obj
 0001:000309bc       ?VectorLength@@YAMQBM@Z    004319bc f   q_shared2.obj
 0001:000309eb       ?VectorDistance@@YAMQBM0@Z 004319eb f   q_shared2.obj
 0001:00030a1c       ?VectorScale@@YAXQBMMQAM@Z 00431a1c f   q_shared2.obj
 0001:00030a40       ?AnglesToAxis@@YAXQBMQAY02M@Z 00431a40 f   q_shared2.obj
 0001:00030a7e       ?ShortSwap@@YAFF@Z         00431a7e f   q_shared2.obj
 0001:00030a93       ?COM_Parse@@YAPADAAPBD_N@Z 00431a93 f   q_shared2.obj
 0001:00030bb7       ?COM_QuoteString@@YAPBDPBD_N@Z 00431bb7 f   q_shared2.obj
 0001:00030c12       ?Com_PageInMemory@@YAXPAXH@Z 00431c12 f   q_shared2.obj
 0001:00030c31       ?Zip_OpenArchive@@YAPAU_iobuf@@PAD@Z 00431c31 f   zip.obj
 0001:00030c9c       ?Zip_CloseArchive@@YAXPAU_iobuf@@@Z 00431c9c f   zip.obj
 0001:00030ca8       ?Zip_EnumArchive@@YA_NPAU_iobuf@@P6A_NPAUzipFile_t@@@Z@Z 00431ca8 f   zip.obj
 0001:00030e85       ?Zip_OpenFile@@YAPAUZFILE@@PAU_iobuf@@PAUzipFile_t@@@Z 00431e85 f   zip.obj
 0001:00030f69       ?Zip_ReadFile@@YAHPAUZFILE@@PAXH@Z 00431f69 f   zip.obj
 0001:0003105f       ?Zip_CloseFile@@YA_NPAUZFILE@@@Z 0043205f f   zip.obj
 0001:000310a3       ?Zip_OpenBuf@@YAPAUZBUF@@PAXH@Z 004320a3 f   zip.obj
 0001:000310e1       ?Zip_ReadBuf@@YAHPAUZBUF@@PAXH@Z 004320e1 f   zip.obj
 0001:00031129       ?Zip_CloseBuf@@YAXPAUZBUF@@@Z 00432129 f   zip.obj
 0001:0003113e       _zcalloc                   0043213e f   zip.obj
 0001:00031152       _zcfree                    00432152 f   zip.obj
 0001:0003115d       ?CDAudio_Play2@@YAXH_N@Z   0043215d f   cd_win.obj
 0001:0003133c       ?CDAudio_Play@@YAXH_N@Z    0043233c f   cd_win.obj
 0001:00031353       ?CDAudio_Stop@@YAXXZ       00432353 f   cd_win.obj
 0001:00031398       ?CDAudio_Pause@@YAXXZ      00432398 f   cd_win.obj
 0001:000313f1       ?CDAudio_Resume@@YAXXZ     004323f1 f   cd_win.obj
 0001:00031460       ?CDAudio_MessageHandler@@YAJPAUHWND__@@IIJ@Z 00432460 f   cd_win.obj
 0001:000314f7       ?CDAudio_Update@@YAXXZ     004324f7 f   cd_win.obj
 0001:0003152b       ?CDAudio_Init@@YAHXZ       0043252b f   cd_win.obj
 0001:000318dd       ?CDAudio_Shutdown@@YAXXZ   004328dd f   cd_win.obj
 0001:00031910       ?CDAudio_Activate@@YAX_N@Z 00432910 f   cd_win.obj
 0001:00031921       ?IN_MouseEvent@@YAXH@Z     00432921 f   in_win.obj
 0001:0003198b       ?IN_Commands@@YAXXZ        0043298b f   in_win.obj
 0001:00031abc       ?IN_Init@@YAXXZ            00432abc f   in_win.obj
 0001:00031e02       ?IN_Shutdown@@YAXXZ        00432e02 f   in_win.obj
 0001:00031ee6       ?IN_Move@@YAXPAUusercmd_t@@@Z 00432ee6 f   in_win.obj
 0001:000323e8       ?IN_Activate@@YAX_N@Z      004333e8 f   in_win.obj
 0001:000323f2       ?IN_Frame@@YAXXZ           004333f2 f   in_win.obj
 0001:000327fc       ?NetadrToSockadr@@YAXPAUnetadr_t@@PAUsockaddr@@@Z 004337fc f   net_wins.obj
 0001:00032881       ?SockadrToNetadr@@YAXPAUsockaddr@@PAUnetadr_t@@@Z 00433881 f   net_wins.obj
 0001:000328d1       ?NET_CompareAdr@@YA_NPAUnetadr_t@@0@Z 004338d1 f   net_wins.obj
 0001:00032931       ?NET_CompareBaseAdr@@YA_NPAUnetadr_t@@0@Z 00433931 f   net_wins.obj
 0001:00032987       ?NET_AdrToString@@YAPADPAUnetadr_t@@@Z 00433987 f   net_wins.obj
 0001:00032a40       ?NET_StringToAdr@@YA_NPBDPAUnetadr_t@@@Z 00433a40 f   net_wins.obj
 0001:00032cca       ?NET_IsLocalAddress@@YA_NPAUnetadr_t@@@Z 00433cca f   net_wins.obj
 0001:00032cd6       ?NET_GetLoopPacket@@YA_NW4netsrc_t@@PAUnetadr_t@@PAVsizebuf_t@@@Z 00433cd6 f   net_wins.obj
 0001:00032d61       ?NET_SendLoopPacket@@YAXW4netsrc_t@@HPAXUnetadr_t@@@Z 00433d61 f   net_wins.obj
 0001:00032db6       ?NET_GetPacket@@YA_NW4netsrc_t@@PAUnetadr_t@@PAVsizebuf_t@@@Z 00433db6 f   net_wins.obj
 0001:00032ed3       ?NET_SendPacket@@YAXW4netsrc_t@@HPAXUnetadr_t@@@Z 00433ed3 f   net_wins.obj
 0001:00032fa4       ?NET_IPSocket@@YAHPADH@Z   00433fa4 f   net_wins.obj
 0001:000330b9       ?NET_OpenIP@@YAXXZ         004340b9 f   net_wins.obj
 0001:00033135       ?NET_OpenIPX@@YAXXZ        00434135 f   net_wins.obj
 0001:00033275       ?NET_Config@@YAX_N@Z       00434275 f   net_wins.obj
 0001:00033319       ?NET_Init@@YAXXZ           00434319 f   net_wins.obj
 0001:00033385       ?Sys_Mkdir@@YAXPAD@Z       00434385 f   fs_win.obj
 0001:00033391       ?Sys_FindFirst@@YAPBDPBDH@Z 00434391 f   fs_win.obj
 0001:0003344b       ?Sys_FindNext@@YAPBDXZ     0043444b f   fs_win.obj
 0001:000334b5       ?Sys_FindClose@@YAXXZ      004344b5 f   fs_win.obj
 0001:000334cf       ?SNDDMA_Init@@YA_NXZ       004344cf f   snd_win.obj
 0001:00033b0e       ?SNDDMA_GetDMAPos@@YAHXZ   00434b0e f   snd_win.obj
 0001:00033b58       ?SNDDMA_BeginPainting@@YAXXZ 00434b58 f   snd_win.obj
 0001:00033c70       ?SNDDMA_Submit@@YAXXZ      00434c70 f   snd_win.obj
 0001:00033c95       ?SNDDMA_Shutdown@@YAXXZ    00434c95 f   snd_win.obj
 0001:00033c9a       ?S_Activate@@YAX_N@Z       00434c9a f   snd_win.obj
 0001:00033cc5       ?Sys_Quit@@YAXXZ           00434cc5 f   sys_win.obj
 0001:00033d7d       ?Sys_Init@@YAXXZ           00434d7d f   sys_win.obj
 0001:00033df5       ?Sys_ConsoleInput@@YAPADXZ 00434df5 f   sys_win.obj
 0001:000340ac       ?Sys_ConsoleOutput@@YAXPBD@Z 004350ac f   sys_win.obj
 0001:0003413a       ?Sys_SendKeyEvents@@YAXXZ  0043513a f   sys_win.obj
 0001:00034227       ?Sys_UnloadGame@@YAXXZ     00435227 f   sys_win.obj
 0001:000342a2       ?Sys_GetGameAPI@@YAPAXPAX@Z 004352a2 f   sys_win.obj
 0001:000343f9       _WinMain@16                004353f9 f   sys_win.obj
 0001:00034727       ?Vid_CreateWindow@@YAPAXHH_N@Z 00435727 f   vid_dll.obj
 0001:00034ecc       ?Vid_DestroyWindow@@YAX_N@Z 00435ecc f   vid_dll.obj
 0001:00034f07       ?Vid_GetModeInfo@@YA_NPAH0H@Z 00435f07 f   vid_dll.obj
 0001:00034f37       ?Vid_CheckChanges@@YAXXZ   00435f37 f   vid_dll.obj
 0001:0003539d       ?Vid_Init@@YAXXZ           0043639d f   vid_dll.obj
 0001:0003549e       ?Vid_Shutdown@@YAXXZ       0043649e f   vid_dll.obj
 0001:000354be       ?GL_BackEnd@@YAXXZ         004364be f   gl_backend.obj
 0001:00038abe       ?GL_InitBackend@@YAXXZ     00439abe f   gl_backend.obj
 0001:00038af2       ?GL_ShutdownBackend@@YAXXZ 00439af2 f   gl_backend.obj
 0001:00038b06       ?GL_AllocDynamicMemory@@YAPAXH@Z 00439b06 f   gl_buffers.obj
 0001:00038b71       ?GL_ResizeDynamicMemory@@YAXPAXH@Z 00439b71 f   gl_buffers.obj
 0001:00038bb3       ?GL_AddSurfaceToPortal@@YAXPAUsurfaceCommon_t@@PAUshader_t@@HH@Z 00439bb3 f   gl_buffers.obj
 0001:00038c1c       ?GL_AddDynamicSurface@@YAPAUsurfaceCommon_t@@PAUshader_t@@H@Z 00439c1c f   gl_buffers.obj
 0001:00038c44       ?GL_InsertShaderIndex@@YAXH@Z 00439c44 f   gl_buffers.obj
 0001:00038c7d       ?GL_ClearPortal@@YAXXZ     00439c7d f   gl_buffers.obj
 0001:00038c9b       ?GL_FinishPortal@@YAXXZ    00439c9b f   gl_buffers.obj
 0001:00038cec       ?GL_SortSurfaces@@YAXPAUviewPortal_t@@PAPAUsurfaceInfo_t@@@Z 00439cec f   gl_buffers.obj
 0001:00038e7e       ?GL_ClearBuffers@@YAXXZ    00439e7e f   gl_buffers.obj
 0001:00038e95       ?GL_CreateBuffers@@YAXXZ   00439e95 f   gl_buffers.obj
 0001:00038ebb       ?GL_FreeBuffers@@YAXXZ     00439ebb f   gl_buffers.obj
 0001:00038edf       ?GL_AddEntity@@YAXPAUentity_t@@@Z 00439edf f   gl_frontend.obj
 0001:00039353       ?GL_AddDlight@@YAXPAUdlight_t@@@Z 0043a353 f   gl_frontend.obj
 0001:0003950b       ?GL_DrawPortal@@YAXXZ      0043a50b f   gl_frontend.obj
 0001:0003bff4       ?GL_TextureMode@@YAXPAD@Z  0043cff4 f   gl_image.obj
 0001:0003c09c       ?GL_CreateImage@@YAPAUimage_t@@PBDPAXHHI@Z 0043d09c f   gl_image.obj
 0001:0003ce0b       ?GL_LoadDelayedImages@@YAXXZ 0043de0b f   gl_image.obj
 0001:0003ce9e       ?GL_DrawStretchRaw8@@YAXHHHHHHPAEPAI@Z 0043de9e f   gl_image.obj
 0001:0003d25f       ?GL_SetupGamma@@YAXXZ      0043e25f f   gl_image.obj
 0001:0003d3a4       ?GL_PerformScreenshot@@YAXXZ 0043e3a4 f   gl_image.obj
 0001:0003d631       ?GL_InitImages@@YAXXZ      0043e631 f   gl_image.obj
 0001:0003de05       ?GL_ShutdownImages@@YAXXZ  0043ee05 f   gl_image.obj
 0001:0003de6c       ?GL_ShowImages@@YAXXZ      0043ee6c f   gl_image.obj
 0001:0003e0f4       ?GL_FindImage@@YAPAUimage_t@@PBDI@Z 0043f0f4 f   gl_image.obj
 0001:0003e396       ?GL_Lock@@YAXXZ            0043f396 f   gl_interface.obj
 0001:0003e40e       ?GL_Unlock@@YAXXZ          0043f40e f   gl_interface.obj
 0001:0003e5d0       ?GL_Bind@@YAXPAUimage_t@@@Z 0043f5d0 f   gl_interface.obj
 0001:0003e6fa       ?GL_BindForce@@YAXPAUimage_t@@@Z 0043f6fa f   gl_interface.obj
 0001:0003e778       ?GL_TexEnv@@YAXI@Z         0043f778 f   gl_interface.obj
 0001:0003e8f7       ?GL_TexMipBias@@YAXM@Z     0043f8f7 f   gl_interface.obj
 0001:0003e952       ?GL_TexEnvColor@@YAXPATcolor_t@@@Z 0043f952 f   gl_interface.obj
 0001:0003ea02       ?GL_SelectTexture@@YAXH@Z  0043fa02 f   gl_interface.obj
 0001:0003ea63       ?GL_TexCoordPointer@@YAXPAX@Z 0043fa63 f   gl_interface.obj
 0001:0003ea93       ?GL_SetMultitexture@@YAXH@Z 0043fa93 f   gl_interface.obj
 0001:0003eb79       ?GL_DisableTexCoordArrays@@YAXXZ 0043fb79 f   gl_interface.obj
 0001:0003ebcd       ?GL_CullFace@@YAXW4gl_cullMode_t@@@Z 0043fbcd f   gl_interface.obj
 0001:0003ec1e       ?GL_DepthRange@@YAXW4gl_depthMode_t@@@Z 0043fc1e f   gl_interface.obj
 0001:0003ec51       ?GL_State@@YAXI@Z          0043fc51 f   gl_interface.obj
 0001:0003edaa       ?GL_EnableFog@@YAX_N@Z     0043fdaa f   gl_interface.obj
 0001:0003eea2       ?GL_SetDefaultState@@YAXXZ 0043fea2 f   gl_interface.obj
 0001:0003eff0       ?GL_Set2DMode@@YAXXZ       0043fff0 f   gl_interface.obj
 0001:0003f0eb       ?GL_Setup@@YAXPAUviewPortal_t@@@Z 004400eb f   gl_interface.obj
 0001:0003f1d3       ?GL_ShowLights@@YAXXZ      004401d3 f   gl_light.obj
 0001:0003f5f8       ?GL_LightForEntity@@YAXPAUrefEntity_t@@@Z 004405f8 f   gl_light.obj
 0001:0004085e       ?GL_DiffuseLight@@YAXPATcolor_t@@M@Z 0044185e f   gl_light.obj
 0001:000409d6       ?GL_InitLightGrid@@YAXXZ   004419d6 f   gl_light.obj
 0001:00040a7c       ?GL_PostLoadLights@@YAXXZ  00441a7c f   gl_light.obj
 0001:00040d1a       ?LM_Init@@YAXXZ            00441d1a f   gl_lightmap.obj
 0001:00040d30       ?LM_Flush@@YAXPAUlightmapBlock_t@@@Z 00441d30 f   gl_lightmap.obj
 0001:00040d8d       ?LM_Done@@YAXXZ            00441d8d f   gl_lightmap.obj
 0001:00040db4       ?LM_Save@@YAXPAUlightmapBlock_t@@@Z 00441db4 f   gl_lightmap.obj
 0001:00040dcc       ?LM_Restore@@YAXPAUlightmapBlock_t@@@Z 00441dcc f   gl_lightmap.obj
 0001:00040de4       ?LM_NewBlock@@YAPAUlightmapBlock_t@@XZ 00441de4 f   gl_lightmap.obj
 0001:00040e54       ?LM_Rewind@@YAXXZ          00441e54 f   gl_lightmap.obj
 0001:00040e5c       ?LM_NextBlock@@YAPAUlightmapBlock_t@@XZ 00441e5c f   gl_lightmap.obj
 0001:00040e89       ?LM_CheckMinlight@@YAXPAUdynamicLightmap_t@@@Z 00441e89 f   gl_lightmap.obj
 0001:00040f1f       ?LM_AllocBlock@@YA_NPAUlightmapBlock_t@@PAUdynamicLightmap_t@@@Z 00441f1f f   gl_lightmap.obj
 0001:00040fd6       ?LM_PutBlock@@YAXPAUdynamicLightmap_t@@@Z 00441fd6 f   gl_lightmap.obj
 0001:00041403       ?LM_SortLightStyles@@YAXPAUdynamicLightmap_t@@@Z 00442403 f   gl_lightmap.obj
 0001:00041494       ?GL_UpdateDynamicLightmap@@YAXPAUshader_t@@PAUsurfacePlanar_t@@_NI@Z 00442494 f   gl_lightmap.obj
 0001:00041990       ?LM_IsMonotone@@YA_NPAUdynamicLightmap_t@@PATcolor_t@@@Z 00442990 f   gl_lightmap.obj
 0001:00041a97       ?GL_EnableRendering@@YAX_N@Z 00442a97 f   gl_main.obj
 0001:00041ab2       ?GL_DrawStretchPic@@YAXPAUshader_t@@HHHHMMMMIE@Z 00442ab2 f   gl_main.obj
 0001:00041b7e       ?DrawTextLeft@@YAXPBDI@Z   00442b7e f   gl_main.obj
 0001:00041cec       ?DrawTextRight@@YAXPBDI@Z  00442cec f   gl_main.obj
 0001:00041d36       ?DrawText3D@@YAXQAMPBDI@Z  00442d36 f   gl_main.obj
 0001:00041d63       _GL_GetRefAPI              00442d63 f   gl_main.obj
 0001:000436df       ?GL_InitFuncTables@@YAXXZ  004446df f   gl_math.obj
 0001:00043890       ?ModelToWorldCoord@@YAXQAMPAUrefEntity_t@@0@Z 00444890 f   gl_math.obj
 0001:00043901       ?WorldToModelCoord@@YAXQAMPAUrefEntity_t@@0@Z 00444901 f   gl_math.obj
 0001:00043948       ?BuildRotationMatrix@@YAXQAY02MQAMM@Z 00444948 f   gl_math.obj
 0001:00043a42       ?GetBoxRect@@YA_NPAUrefEntity_t@@QAM11_N@Z 00444a42 f   gl_math.obj
 0001:00043db3       ?ProjectToScreen@@YA_NQAMPAH@Z 00444db3 f   gl_math.obj
 0001:00043ef6       ?SaturateColor3f@@YAXQAM@Z 00444ef6 f   gl_math.obj
 0001:00043fe6       ?SaturateColor4b@@YAXPATcolor_t@@@Z 00444fe6 f   gl_math.obj
 0001:000440f4       ?GL_FindModel@@YAPAUmodel_t@@PBD@Z 004450f4 f   gl_model.obj
 0001:000441f8       ?GL_LoadWorldMap@@YAXPBD@Z 004451f8 f   gl_model.obj
 0001:00045cf6       ?GL_PointInLeaf@@YAPAUnode_t@@QAM@Z 00446cf6 f   gl_model.obj
 0001:00046834       ?ATAN2_FUNC@@YAMMM@Z       00447834 f i gl_model.obj
 0001:000469df       ?GL_FindSkin@@YAPAUshader_t@@PBD@Z 004479df f   gl_model.obj
 0001:00046b41       ?GL_ResetModels@@YAXXZ     00447b41 f   gl_model.obj
 0001:00046c0a       ?GL_InitModels@@YAXXZ      00447c0a f   gl_model.obj
 0001:00046cf2       ?GL_ShutdownModels@@YAXXZ  00447cf2 f   gl_model.obj
 0001:00046d08       ?SubdividePlane@@YAHPAPAY02MHM@Z 00447d08 f   gl_poly.obj
 0001:0004715b       ?FreeSubdividedPlane@@YAXXZ 0044815b f   gl_poly.obj
 0001:00047173       ?GetSubdivideIndexes@@YAXPAH@Z 00448173 f   gl_poly.obj
 0001:000471c6       ?RemoveCollinearPoints@@YAHPAPAY02MH@Z 004481c6 f   gl_poly.obj
 0001:000472c1       ?GetPolyArea@@YAMPAPAY02MH@Z 004482c1 f   gl_poly.obj
 0001:00047355       ?GL_InitShaders@@YAXXZ     00448355 f   gl_shader.obj
 0001:000474a6       ?GL_ShutdownShaders@@YAXXZ 004484a6 f   gl_shader.obj
 0001:000474d0       ?GetLightmapImage@@YAPAUimage_t@@H@Z 004484d0 f   gl_shader.obj
 0001:000474f8       ?GL_SetShaderLightmap@@YAPAUshader_t@@PAU1@H@Z 004484f8 f   gl_shader.obj
 0001:000478cd       ?GL_SetShaderLightstyles@@YAPAUshader_t@@PAU1@I@Z 004488cd f   gl_shader.obj
 0001:00047969       ?GL_GetAlphaShader@@YAPAUshader_t@@PAU1@@Z 00448969 f   gl_shader.obj
 0001:00047c2f       ?GL_FindShader@@YAPAUshader_t@@PBDI@Z 00448c2f f   gl_shader.obj
 0001:00048250       ?GL_GetShaderByNum@@YAPAUshader_t@@H@Z 00449250 f   gl_shader.obj
 0001:0004826e       ?GL_ResetShaders@@YAXXZ    0044926e f   gl_shader.obj
 0001:00048740       ?GL_ClearSkyBox@@YAXXZ     00449740 f   gl_sky.obj
 0001:00048757       ?GL_SetSkyRotate@@YAXMQAM@Z 00449757 f   gl_sky.obj
 0001:0004878f       ?GL_SkyVisible@@YA_NXZ     0044978f f   gl_sky.obj
 0001:000487a8       ?GL_AddSkySurface@@YAXPAUsurfacePlanar_t@@QAME@Z 004497a8 f   gl_sky.obj
 0001:00048db7       ?GL_TesselateSkySide@@YAHHPAUbufVertex_t@@PAUbufTexCoord_t@@M@Z 00449db7 f   gl_sky.obj
 0001:0004a70f       ?QGL_Shutdown@@YAXXZ       0044b70f f   qgl_win.obj
 0001:0004a74d       ?QGL_Init@@YA_NPBD@Z       0044b74d f   qgl_win.obj
 0001:0004a7d0       ?QGL_InitExtensions@@YAXXZ 0044b7d0 f   qgl_win.obj
 0001:0004acbc       ?QGL_PrintExtensionsString@@YAXPBD00@Z 0044bcbc f   qgl_win.obj
 0001:0004ae0c       ?QGL_EnableLogging@@YAX_N@Z 0044be0c f   qgl_win.obj
 0001:0004aec3       ?QGL_LogMessage@@YAXPBD@Z  0044bec3 f   qgl_win.obj
 0001:0004aeda       ?GLimp_SetMode@@YA?AW4rserr_t@@PAI0H_N@Z 0044beda f   glw_imp.obj
 0001:0004b140       ?GLimp_HasGamma@@YA_NXZ    0044c140 f   glw_imp.obj
 0001:0004b154       ?GLimp_SetGamma@@YAXM@Z    0044c154 f   glw_imp.obj
 0001:0004b2fc       ?GLimp_Init@@YAHXZ         0044c2fc f   glw_imp.obj
 0001:0004b63d       ?GLimp_Shutdown@@YAX_N@Z   0044c63d f   glw_imp.obj
 0001:0004b6ea       ?GLimp_EndFrame@@YAXXZ     0044c6ea f   glw_imp.obj
 0001:0004b76b       ?GLimp_AppActivate@@YAX_N@Z 0044c76b f   glw_imp.obj
 0001:0004b850       _jpeg_CreateDecompress     0044c850 f   lib:jdapimin.obj
 0001:0004b910       _jpeg_read_header          0044c910 f   lib:jdapimin.obj
 0001:0004b972       _jpeg_consume_input        0044c972 f   lib:jdapimin.obj
 0001:0004bbc1       _jpeg_finish_decompress    0044cbc1 f   lib:jdapimin.obj
 0001:0004bc58       _jpeg_start_decompress     0044cc58 f   lib:jdapistd.obj
 0001:0004bdc5       _jpeg_read_scanlines       0044cdc5 f   lib:jdapistd.obj
 0001:0004be49       _jpeg_resync_to_restart    0044ce49 f   lib:jdmarker.obj
 0001:0004c00e       _jinit_marker_reader       0044d00e f   lib:jdmarker.obj
 0001:0004d4d9       _jpeg_CreateCompress       0044e4d9 f   lib:jcapimin.obj
 0001:0004d58d       _jpeg_destroy_compress     0044e58d f   lib:jcapimin.obj
 0001:0004d58d       _jpeg_destroy_decompress   0044e58d f   lib:jcapimin.obj
 0001:0004d598       _jpeg_suppress_tables      0044e598 f   lib:jcapimin.obj
 0001:0004d5e2       _jpeg_finish_compress      0044e5e2 f   lib:jcapimin.obj
 0001:0004d6cc       _jpeg_start_compress       0044e6cc f   lib:jcapistd.obj
 0001:0004d738       _jpeg_write_scanlines      0044e738 f   lib:jcapistd.obj
 0001:0004d7e3       _jpeg_add_quant_table      0044e7e3 f   lib:jcparam.obj
 0001:0004d895       _jpeg_quality_scaling      0044e895 f   lib:jcparam.obj
 0001:0004d8bc       _jpeg_set_quality          0044e8bc f   lib:jcparam.obj
 0001:0004d8f6       _jpeg_set_defaults         0044e8f6 f   lib:jcparam.obj
 0001:0004dabc       _jpeg_default_colorspace   0044eabc f   lib:jcparam.obj
 0001:0004db0c       _jpeg_set_colorspace       0044eb0c f   lib:jcparam.obj
 0001:0004de27       _jpeg_stdio_dest           0044ee27 f   lib:jdatadst.obj
 0001:0004e026       _crc32                     0044f026 f   lib:crc32.obj
 0001:0004e2c0       _inflateReset              0044f2c0 f   lib:inflate.obj
 0001:0004e307       _inflateInit2_             0044f307 f   lib:inflate.obj
 0001:0004e3c0       _inflate                   0044f3c0 f   lib:inflate.obj
 0001:0004f68f       _inflateEnd                0045068f f   lib:inflate.obj
 0001:0004f6cd       _jinit_input_controller    004506cd f   lib:jdinput.obj
 0001:0004fbb0       _jinit_memory_mgr          00450bb0 f   lib:jmemmgr.obj
 0001:000506ec       _jpeg_abort                004516ec f   lib:jcomapi.obj
 0001:0005071f       _jpeg_destroy              0045171f f   lib:jcomapi.obj
 0001:0005073a       _jpeg_alloc_quant_table    0045173a f   lib:jcomapi.obj
 0001:00050756       _jpeg_alloc_huff_table     00451756 f   lib:jcomapi.obj
 0001:00050772       _jpeg_calc_output_dimensions 00451772 f   lib:jdmaster.obj
 0001:00050872       _jinit_master_decompress   00451872 f   lib:jdmaster.obj
 0001:00050bc8       _jdiv_round_up             00451bc8 f   lib:jutils.obj
 0001:00050bd8       _jround_up                 00451bd8 f   lib:jutils.obj
 0001:00050bf0       _jcopy_sample_rows         00451bf0 f   lib:jutils.obj
 0001:00050c2e       _jcopy_block_row           00451c2e f   lib:jutils.obj
 0001:00050c47       _jzero_far                 00451c47 f   lib:jutils.obj
 0001:00050c5a       _jinit_marker_writer       00451c5a f   lib:jcmarker.obj
 0001:00051536       _jinit_compress_master     00452536 f   lib:jcinit.obj
 0001:0005158f       _inflate_fast              0045258f f   lib:inffast.obj
 0001:00051944       _inflate_table             00452944 f   lib:inftrees.obj
 0001:00051ccd       _adler32                   00452ccd f   lib:adler32.obj
 0001:00051de6       _jinit_c_codec             00452de6 f   lib:jcodec.obj
 0001:00051e02       _jinit_d_codec             00452e02 f   lib:jcodec.obj
 0001:00051e1e       _jpeg_free_large           00452e1e f   lib:jmemnobs.obj
 0001:00051e1e       _jpeg_free_small           00452e1e f   lib:jmemnobs.obj
 0001:00051e2a       _jpeg_get_large            00452e2a f   lib:jmemnobs.obj
 0001:00051e2a       _jpeg_get_small            00452e2a f   lib:jmemnobs.obj
 0001:00051e36       _jpeg_mem_available        00452e36 f   lib:jmemnobs.obj
 0001:00051e3b       _jpeg_open_backing_store   00452e3b f   lib:jmemnobs.obj
 0001:00051e4f       _jinit_d_main_controller   00452e4f f   lib:jdmainct.obj
 0001:0005249a       _jinit_d_post_controller   0045349a f   lib:jdpostct.obj
 0001:00052745       _jinit_upsampler           00453745 f   lib:jdsample.obj
 0001:00052d83       _jinit_color_deconverter   00453d83 f   lib:jdcolor.obj
 0001:00053299       _jinit_merged_upsampler    00454299 f   lib:jdmerge.obj
 0001:000537e9       _jinit_2pass_quantizer     004547e9 f   lib:jquant2.obj
 0001:000548ac       _jinit_1pass_quantizer     004558ac f   lib:jquant1.obj
 0001:000552d2       _jinit_c_main_controller   004562d2 f   lib:jcmainct.obj
 0001:0005543f       _jinit_c_prep_controller   0045643f f   lib:jcprepct.obj
 0001:0005598a       _jinit_downsampler         0045698a f   lib:jcsample.obj
 0001:0005620a       _jinit_color_converter     0045720a f   lib:jccolor.obj
 0001:000567f4       _jinit_c_master_control    004577f4 f   lib:jcmaster.obj
 0001:000572e3       _jinit_lossy_c_codec       004582e3 f   lib:jclossy.obj
 0001:0005737e       _jinit_lossless_c_codec    0045837e f   lib:jclossls.obj
 0001:00057416       _jinit_lossy_d_codec       00458416 f   lib:jdlossy.obj
 0001:000576e9       _jinit_lossless_d_codec    004586e9 f   lib:jdlossls.obj
 0001:00057799       _jinit_c_coef_controller   00458799 f   lib:jccoefct.obj
 0001:00057e7a       _jinit_shuff_encoder       00458e7a f   lib:jcshuff.obj
 0001:000586e5       _jinit_phuff_encoder       004596e5 f   lib:jcphuff.obj
 0001:0005918a       _jinit_forward_dct         0045a18a f   lib:jcdctmgr.obj
 0001:00059459       _jinit_c_diff_controller   0045a459 f   lib:jcdiffct.obj
 0001:0005997d       _jinit_lhuff_encoder       0045a97d f   lib:jclhuff.obj
 0001:0005a0a7       _jinit_differencer         0045b0a7 f   lib:jcpred.obj
 0001:0005a5c1       _jinit_c_scaler            0045b5c1 f   lib:jcscale.obj
 0001:0005a637       _jinit_d_coef_controller   0045b637 f   lib:jdcoefct.obj
 0001:0005b310       _jinit_shuff_decoder       0045c310 f   lib:jdshuff.obj
 0001:0005b8a5       _jinit_phuff_decoder       0045c8a5 f   lib:jdphuff.obj
 0001:0005c442       _jinit_inverse_dct         0045d442 f   lib:jddctmgr.obj
 0001:0005c626       _jinit_d_diff_controller   0045d626 f   lib:jddiffct.obj
 0001:0005cb54       _jinit_d_scaler            0045db54 f   lib:jdscale.obj
 0001:0005cc53       _jinit_undifferencer       0045dc53 f   lib:jdpred.obj
 0001:0005d00d       _jinit_lhuff_decoder       0045e00d f   lib:jdlhuff.obj
 0001:0005d402       _jpeg_make_c_derived_tbl   0045e402 f   lib:jchuff.obj
 0001:0005d604       _jpeg_gen_optimal_table    0045e604 f   lib:jchuff.obj
 0001:0005d7c3       _jpeg_fdct_float           0045e7c3 f   lib:jfdctflt.obj
 0001:0005d9c8       _jpeg_make_d_derived_tbl   0045e9c8 f   lib:jdhuff.obj
 0001:0005dc65       _jpeg_fill_bit_buffer      0045ec65 f   lib:jdhuff.obj
 0001:0005dd74       _jpeg_huff_decode          0045ed74 f   lib:jdhuff.obj
 0001:0005de54       _jpeg_idct_4x4             0045ee54 f   lib:jidctred.obj
 0001:0005e142       _jpeg_idct_2x2             0045f142 f   lib:jidctred.obj
 0001:0005e304       _jpeg_idct_1x1             0045f304 f   lib:jidctred.obj
 0001:0005e340       _jpeg_idct_float           0045f340 f   lib:jidctflt.obj
 0001:0005e720       __except_handler3          0045f720 f   MSVCRT:MSVCRT.dll
 0001:0005e730       __chkstk                   0045f730 f   MSVCRT:chkstk.obj
 0001:0005e730       __alloca_probe             0045f730 f   MSVCRT:chkstk.obj
 0001:0005e75f       ??_Etype_info@@UAEPAXI@Z   0045f75f f i MSVCRT:ti_inst.obj
 0001:0005e75f       ??_Gtype_info@@UAEPAXI@Z   0045f75f f i MSVCRT:ti_inst.obj
 0001:0005e77c       __CxxThrowException@8      0045f77c f   MSVCRT:MSVCRT.dll
 0001:0005e782       _strcpy                    0045f782 f   MSVCRT:MSVCRT.dll
 0001:0005e788       _strlen                    0045f788 f   MSVCRT:MSVCRT.dll
 0001:0005e78e       _strcmp                    0045f78e f   MSVCRT:MSVCRT.dll
 0001:0005e794       _sin                       0045f794 f   MSVCRT:MSVCRT.dll
 0001:0005e79a       _tan                       0045f79a f   MSVCRT:MSVCRT.dll
 0001:0005e7a0       _cos                       0045f7a0 f   MSVCRT:MSVCRT.dll
 0001:0005e7a6       _strcat                    0045f7a6 f   MSVCRT:MSVCRT.dll
 0001:0005e7ac       _fmod                      0045f7ac f   MSVCRT:MSVCRT.dll
 0001:0005e7b2       _atan2                     0045f7b2 f   MSVCRT:MSVCRT.dll
 0001:0005e7b8       _acos                      0045f7b8 f   MSVCRT:MSVCRT.dll
 0001:0005e7be       _sqrt                      0045f7be f   MSVCRT:MSVCRT.dll
 0001:0005e7c4       _atan                      0045f7c4 f   MSVCRT:MSVCRT.dll
 0001:0005e7ca       _memcpy                    0045f7ca f   MSVCRT:MSVCRT.dll
 0001:0005e7d0       _memset                    0045f7d0 f   MSVCRT:MSVCRT.dll
 0001:0005e7d6       _pow                       0045f7d6 f   MSVCRT:MSVCRT.dll
 0001:0005e7dc       _asin                      0045f7dc f   MSVCRT:MSVCRT.dll
 0001:0005e7e2       _WinMainCRTStartup         0045f7e2 f   MSVCRT:crtexew.obj
 0001:0005e940       __ftol                     0045f940 f   MSVCRT:MSVCRT.dll
 0001:0005e946       ??1type_info@@UAE@XZ       0045f946 f   MSVCRT:MSVCRT.dll
 0001:0005e94c       __XcptFilter               0045f94c f   MSVCRT:MSVCRT.dll
 0001:0005e952       __initterm                 0045f952 f   MSVCRT:MSVCRT.dll
 0001:0005e958       __setdefaultprecision      0045f958 f   MSVCRT:fp8.obj
 0001:0005e96a       __matherr                  0045f96a f   MSVCRT:merr.obj
 0001:0005e96a       _jpeg_mem_init             0045f96a f   MSVCRT:merr.obj
 0001:0005e96d       _jpeg_mem_term             0045f96d f   MSVCRT:dllargv.obj
 0001:0005e96d       __setargv                  0045f96d f   MSVCRT:dllargv.obj
 0001:0005e96e       __controlfp                0045f96e f   MSVCRT:MSVCRT.dll
 0002:00000000       __imp__SetDeviceGammaRamp@8 00460000     gdi32:GDI32.dll
 0002:00000004       __imp__GetDeviceGammaRamp@8 00460004     gdi32:GDI32.dll
 0002:00000008       __imp__DescribePixelFormat@16 00460008     gdi32:GDI32.dll
 0002:0000000c       __imp__SetPixelFormat@12   0046000c     gdi32:GDI32.dll
 0002:00000010       __imp__ChoosePixelFormat@8 00460010     gdi32:GDI32.dll
 0002:00000014       __imp__SwapBuffers@4       00460014     gdi32:GDI32.dll
 0002:00000018       __imp__GetDeviceCaps@8     00460018     gdi32:GDI32.dll
 0002:0000001c       \177GDI32_NULL_THUNK_DATA  0046001c     gdi32:GDI32.dll
 0002:00000020       __imp__GetDriveTypeA@4     00460020     kernel32:KERNEL32.dll
 0002:00000024       __imp__SetErrorMode@4      00460024     kernel32:KERNEL32.dll
 0002:00000028       __imp__GetStdHandle@4      00460028     kernel32:KERNEL32.dll
 0002:0000002c       __imp__AllocConsole@0      0046002c     kernel32:KERNEL32.dll
 0002:00000030       __imp__ReadConsoleInputA@16 00460030     kernel32:KERNEL32.dll
 0002:00000034       __imp__GetNumberOfConsoleInputEvents@8 00460034     kernel32:KERNEL32.dll
 0002:00000038       __imp__FreeConsole@0       00460038     kernel32:KERNEL32.dll
 0002:0000003c       __imp__SetConsoleTextAttribute@8 0046003c     kernel32:KERNEL32.dll
 0002:00000040       __imp__SetPriorityClass@8  00460040     kernel32:KERNEL32.dll
 0002:00000044       __imp__GetCurrentProcess@0 00460044     kernel32:KERNEL32.dll
 0002:00000048       __imp__GetVersionExA@4     00460048     kernel32:KERNEL32.dll
 0002:0000004c       __imp__Sleep@4             0046004c     kernel32:KERNEL32.dll
 0002:00000050       __imp__LoadLibraryA@4      00460050     kernel32:KERNEL32.dll
 0002:00000054       __imp__GetStartupInfoA@4   00460054     kernel32:KERNEL32.dll
 0002:00000058       __imp__GetModuleHandleA@4  00460058     kernel32:KERNEL32.dll
 0002:0000005c       __imp__GetProcAddress@8    0046005c     kernel32:KERNEL32.dll
 0002:00000060       __imp__FreeLibrary@4       00460060     kernel32:KERNEL32.dll
 0002:00000064       __imp__IsBadReadPtr@8      00460064     kernel32:KERNEL32.dll
 0002:00000068       __imp__VirtualQuery@12     00460068     kernel32:KERNEL32.dll
 0002:0000006c       __imp__WriteFile@20        0046006c     kernel32:KERNEL32.dll
 0002:00000070       __imp__GetModuleFileNameA@12 00460070     kernel32:KERNEL32.dll
 0002:00000074       \177KERNEL32_NULL_THUNK_DATA 00460074     kernel32:KERNEL32.dll
 0002:00000078       __imp____p__commode        00460078     MSVCRT:MSVCRT.dll
 0002:0000007c       __imp___adjust_fdiv        0046007c     MSVCRT:MSVCRT.dll
 0002:00000080       __imp____setusermatherr    00460080     MSVCRT:MSVCRT.dll
 0002:00000084       __imp____p__fmode          00460084     MSVCRT:MSVCRT.dll
 0002:00000088       __imp____getmainargs       00460088     MSVCRT:MSVCRT.dll
 0002:0000008c       __imp___acmdln             0046008c     MSVCRT:MSVCRT.dll
 0002:00000090       __imp___XcptFilter         00460090     MSVCRT:MSVCRT.dll
 0002:00000094       __imp___exit               00460094     MSVCRT:MSVCRT.dll
 0002:00000098       __imp_??1type_info@@UAE@XZ 00460098     MSVCRT:MSVCRT.dll
 0002:0000009c       __imp___ftol               0046009c     MSVCRT:MSVCRT.dll
 0002:000000a0       __imp__fflush              004600a0     MSVCRT:MSVCRT.dll
 0002:000000a4       __imp___winmajor           004600a4     MSVCRT:MSVCRT.dll
 0002:000000a8       __imp__asin                004600a8     MSVCRT:MSVCRT.dll
 0002:000000ac       __imp__pow                 004600ac     MSVCRT:MSVCRT.dll
 0002:000000b0       __imp__exit                004600b0     MSVCRT:MSVCRT.dll
 0002:000000b4       __imp___findclose          004600b4     MSVCRT:MSVCRT.dll
 0002:000000b8       __imp___findnext           004600b8     MSVCRT:MSVCRT.dll
 0002:000000bc       __imp___findfirst          004600bc     MSVCRT:MSVCRT.dll
 0002:000000c0       __imp___mkdir              004600c0     MSVCRT:MSVCRT.dll
 0002:000000c4       __imp__memset              004600c4     MSVCRT:MSVCRT.dll
 0002:000000c8       __imp__memcpy              004600c8     MSVCRT:MSVCRT.dll
 0002:000000cc       __imp__remove              004600cc     MSVCRT:MSVCRT.dll
 0002:000000d0       __imp__srand               004600d0     MSVCRT:MSVCRT.dll
 0002:000000d4       __imp__memmove             004600d4     MSVCRT:MSVCRT.dll
 0002:000000d8       __imp__strstr              004600d8     MSVCRT:MSVCRT.dll
 0002:000000dc       __imp__atan                004600dc     MSVCRT:MSVCRT.dll
 0002:000000e0       __imp__strncpy             004600e0     MSVCRT:MSVCRT.dll
 0002:000000e4       __imp__sscanf              004600e4     MSVCRT:MSVCRT.dll
 0002:000000e8       __imp____set_app_type      004600e8     MSVCRT:MSVCRT.dll
 0002:000000ec       __imp___controlfp          004600ec     MSVCRT:MSVCRT.dll
 0002:000000f0       __imp___stricmp            004600f0     MSVCRT:MSVCRT.dll
 0002:000000f0       __imp__stricmp             004600f0     MSVCRT:MSVCRT.dll
 0002:000000f4       __imp__strnicmp            004600f4     MSVCRT:MSVCRT.dll
 0002:000000f4       __imp___strnicmp           004600f4     MSVCRT:MSVCRT.dll
 0002:000000f8       __imp___initterm           004600f8     MSVCRT:MSVCRT.dll
 0002:000000fc       __imp__sqrt                004600fc     MSVCRT:MSVCRT.dll
 0002:00000100       __imp__acos                00460100     MSVCRT:MSVCRT.dll
 0002:00000104       __imp__atan2               00460104     MSVCRT:MSVCRT.dll
 0002:00000108       __imp__fmod                00460108     MSVCRT:MSVCRT.dll
 0002:0000010c       __imp__strcat              0046010c     MSVCRT:MSVCRT.dll
 0002:00000110       __imp__atof                00460110     MSVCRT:MSVCRT.dll
 0002:00000114       __imp__cos                 00460114     MSVCRT:MSVCRT.dll
 0002:00000118       __imp__tan                 00460118     MSVCRT:MSVCRT.dll
 0002:0000011c       __imp__rand                0046011c     MSVCRT:MSVCRT.dll
 0002:00000120       __imp__sin                 00460120     MSVCRT:MSVCRT.dll
[...]
 0001:0005c75c       _start_input_pass          0045d75c f   lib:jddiffct.obj
 0001:0005c7c4       _start_iMCU_row            0045d7c4 f   lib:jddiffct.obj
 0001:0005c809       _start_output_pass         0045d809 f   lib:jddiffct.obj
 0001:0005c815       _decompress_data           0045d815 f   lib:jddiffct.obj
 0001:0005c985       _process_restart           0045d985 f   lib:jddiffct.obj
 0001:00035370       _dummy_consume_data        00436370 f   vid_dll.obj
 0001:0005c9ba       _consume_data              0045d9ba f   lib:jddiffct.obj
 0001:0005ca31       _output_data               0045da31 f   lib:jddiffct.obj
 0001:0005c4b8       _start_pass                0045d4b8 f   lib:jddctmgr.obj
 0001:0005b90a       _start_pass_phuff_decoder  0045c90a f   lib:jdphuff.obj
 0001:0005bb53       _decode_mcu_DC_first       0045cb53 f   lib:jdphuff.obj
 0001:0005bd4b       _process_restart           0045cd4b f   lib:jdphuff.obj
 0001:0005bdba       _decode_mcu_AC_first       0045cdba f   lib:jdphuff.obj
 0001:0005bfda       _decode_mcu_DC_refine      0045cfda f   lib:jdphuff.obj
 0001:0005c0af       _decode_mcu_AC_refine      0045d0af f   lib:jdphuff.obj
 0001:0005b351       _start_pass_huff_decoder   0045c351 f   lib:jdshuff.obj
 0001:0005b489       _decode_mcu                0045c489 f   lib:jdshuff.obj
 0001:0005b839       _process_restart           0045c839 f   lib:jdshuff.obj
 0001:0005a73a       _start_input_pass          0045b73a f   lib:jdcoefct.obj
 0001:0005a74d       _start_iMCU_row            0045b74d f   lib:jdcoefct.obj
 0001:0005a792       _start_output_pass         0045b792 f   lib:jdcoefct.obj
 0001:0005a7cf       _decompress_onepass        0045b7cf f   lib:jdcoefct.obj
 0001:00035370       _dummy_consume_data        00436370 f   vid_dll.obj
 0001:0005a9a8       _consume_data              0045b9a8 f   lib:jdcoefct.obj
 0001:0005ab61       _decompress_data           0045bb61 f   lib:jdcoefct.obj
 0001:0005accd       _smoothing_ok              0045bccd f   lib:jdcoefct.obj
 0001:0005adb8       _decompress_smooth_data    0045bdb8 f   lib:jdcoefct.obj
 0001:0005a5d3       _scaler_start_pass         0045b5d3 f   lib:jcscale.obj
 0001:0005a5f6       _simple_downscale          0045b5f6 f   lib:jcscale.obj
 0001:0005a622       _noscale                   0045b622 f   lib:jcscale.obj
 0001:0005a0cb       _start_pass                0045b0cb f   lib:jcpred.obj
 0001:0005a123       _reset_predictor           0045b123 f   lib:jcpred.obj
 0001:0005a150       _jpeg_difference_first_row 0045b150 f   lib:jcpred.obj
 0001:0005a23a       _jpeg_difference1          0045b23a f   lib:jcpred.obj
 0001:0005a2a8       _jpeg_difference2          0045b2a8 f   lib:jcpred.obj
 0001:0005a319       _jpeg_difference3          0045b319 f   lib:jcpred.obj
 0001:0005a391       _jpeg_difference4          0045b391 f   lib:jcpred.obj
 0001:0005a41c       _jpeg_difference5          0045b41c f   lib:jcpred.obj
 0001:0005a4af       _jpeg_difference6          0045b4af f   lib:jcpred.obj
 0001:0005a53e       _jpeg_difference7          0045b53e f   lib:jcpred.obj
 0001:000599bd       _start_pass_huff           0045a9bd f   lib:jclhuff.obj
 0001:00059b5a       _encode_mcus_huff          0045ab5a f   lib:jclhuff.obj
 0001:00059d45       _emit_bits                 0045ad45 f   lib:jclhuff.obj
 0001:00059de8       _dump_buffer               0045ade8 f   lib:jclhuff.obj
 0001:00059e0c       _emit_restart              0045ae0c f   lib:jclhuff.obj
 0001:00059e57       _flush_bits                0045ae57 f   lib:jclhuff.obj
 0001:00059e7b       _finish_pass_huff          0045ae7b f   lib:jclhuff.obj
 0001:00059ee8       _encode_mcus_gather        0045aee8 f   lib:jclhuff.obj
 0001:0005a011       _finish_pass_gather        0045b011 f   lib:jclhuff.obj
 0001:000586e2       _need_optimization_pass    004596e2 f   lib:jcshuff.obj
 0001:000595dd       _start_pass_diff           0045a5dd f   lib:jcdiffct.obj
 0001:000578e3       _start_iMCU_row            004588e3 f   lib:jccoefct.obj
 0001:0005967b       _compress_data             0045a67b f   lib:jcdiffct.obj
 0001:00059811       _compress_first_pass       0045a811 f   lib:jcdiffct.obj
 0001:00059906       _compress_output           0045a906 f   lib:jcdiffct.obj
 0001:000591f0       _start_pass_fdctmgr        0045a1f0 f   lib:jcdctmgr.obj
 0001:000592f2       _forward_DCT_float         0045a2f2 f   lib:jcdctmgr.obj
 0001:00058725       _start_pass_phuff          00459725 f   lib:jcphuff.obj
 0001:00058892       _encode_mcu_DC_first       00459892 f   lib:jcphuff.obj
 0001:000589c4       _emit_bits                 004599c4 f   lib:jcphuff.obj
 0001:00058a6f       _dump_buffer               00459a6f f   lib:jcphuff.obj
 0001:00058aa7       _emit_symbol               00459aa7 f   lib:jcphuff.obj
 0001:00058ae7       _emit_restart              00459ae7 f   lib:jcphuff.obj
 0001:00058b70       _emit_eobrun               00459b70 f   lib:jcphuff.obj
 0001:00058bf6       _encode_mcu_AC_first       00459bf6 f   lib:jcphuff.obj
 0001:00058d8a       _encode_mcu_DC_refine      00459d8a f   lib:jcphuff.obj
 0001:00058e44       _encode_mcu_AC_refine      00459e44 f   lib:jcphuff.obj
 0001:0005905b       _finish_pass_phuff         0045a05b f   lib:jcphuff.obj
 0001:000590aa       _finish_pass_gather_phuff  0045a0aa f   lib:jcphuff.obj
 0001:0005916d       _need_optimization_pass    0045a16d f   lib:jcphuff.obj
 0001:00057ebd       _start_pass_huff           00458ebd f   lib:jcshuff.obj
 0001:00058032       _encode_mcu_huff           00459032 f   lib:jcshuff.obj
 0001:0005813d       _encode_one_block          0045913d f   lib:jcshuff.obj
 0001:000582b4       _emit_bits                 004592b4 f   lib:jcshuff.obj
 0001:00058357       _dump_buffer               00459357 f   lib:jcshuff.obj
 0001:0005837b       _emit_restart              0045937b f   lib:jcshuff.obj
 0001:000583e8       _flush_bits                004593e8 f   lib:jcshuff.obj
 0001:0005840c       _finish_pass_huff          0045940c f   lib:jcshuff.obj
 0001:0005847b       _encode_mcu_gather         0045947b f   lib:jcshuff.obj
 0001:00058531       _htest_one_block           00459531 f   lib:jcshuff.obj
 0001:000585f8       _finish_pass_gather        004595f8 f   lib:jcshuff.obj
 0001:000586e2       _need_optimization_pass    004596e2 f   lib:jcshuff.obj
 0001:0005784e       _start_pass_coef           0045884e f   lib:jccoefct.obj
 0001:000578e3       _start_iMCU_row            004588e3 f   lib:jccoefct.obj
 0001:00057925       _compress_data             00458925 f   lib:jccoefct.obj
 0001:00057b0c       _compress_first_pass       00458b0c f   lib:jccoefct.obj
 0001:00057cf2       _compress_output           00458cf2 f   lib:jccoefct.obj
 0001:00057766       _calc_output_dimensions    00458766 f   lib:jdlossls.obj
 0001:00057777       _start_input_pass          00458777 f   lib:jdlossls.obj
 0001:000574a5       _calc_output_dimensions    004584a5 f   lib:jdlossy.obj
 0001:00057618       _start_input_pass          00458618 f   lib:jdlossy.obj
 0001:00057638       _latch_quant_tables        00458638 f   lib:jdlossy.obj
 0001:000576d0       _start_output_pass         004586d0 f   lib:jdlossy.obj
 0001:000573f4       _start_pass                004583f4 f   lib:jclossls.obj
 0001:00057360       _start_pass                00458360 f   lib:jclossy.obj
 0001:000568b5       _initial_setup             004578b5 f   lib:jcmaster.obj
 0001:00056a68       _validate_script           00457a68 f   lib:jcmaster.obj
 0001:00056e40       _prepare_for_pass          00457e40 f   lib:jcmaster.obj
 0001:00056fb8       _select_scan_parameters    00457fb8 f   lib:jcmaster.obj
 0001:000570b9       _per_scan_setup            004580b9 f   lib:jcmaster.obj
 0001:00057264       _pass_startup              00458264 f   lib:jcmaster.obj
 0001:0005728b       _finish_pass_master        0045828b f   lib:jcmaster.obj
 0001:000563a1       _rgb_ycc_start             004573a1 f   lib:jccolor.obj
 0001:00056465       _rgb_ycc_convert           00457465 f   lib:jccolor.obj
 0001:00056564       _rgb_gray_convert          00457564 f   lib:jccolor.obj
 0001:000565e9       _cmyk_ycck_convert         004575e9 f   lib:jccolor.obj
 0001:00056721       _grayscale_convert         00457721 f   lib:jccolor.obj
 0001:0005677b       _null_convert              0045777b f   lib:jccolor.obj
 0001:0002bd1c       _null_method               0042cd1c f   images.obj
 0001:0002bd1c       _start_pass_downsample     0042cd1c f   images.obj
 0001:00055aed       _sep_downsample            00456aed f   lib:jcsample.obj
 0001:00055b62       _int_downsample            00456b62 f   lib:jcsample.obj
 0001:00055c5a       _expand_right_edge         00456c5a f   lib:jcsample.obj
 0001:00055caf       _fullsize_downsample       00456caf f   lib:jcsample.obj
 0001:00055cf3       _h2v1_downsample           00456cf3 f   lib:jcsample.obj
 0001:00055d87       _h2v2_downsample           00456d87 f   lib:jcsample.obj
 0001:00055e34       _h2v2_smooth_downsample    00456e34 f   lib:jcsample.obj
 0001:000560ac       _fullsize_smooth_downsample 004570ac f   lib:jcsample.obj
 0001:000554e9       _start_pass_prep           004564e9 f   lib:jcprepct.obj
 0001:00055527       _pre_process_data          00456527 f   lib:jcprepct.obj
 0001:000556d5       _pre_process_context       004566d5 f   lib:jcprepct.obj
 0001:0005588e       _create_context_buffer     0045688e f   lib:jcprepct.obj
 0001:00055361       _start_pass_main           00456361 f   lib:jcmainct.obj
 0001:000553a3       _process_data_simple_main  004563a3 f   lib:jcmainct.obj
 0001:00054937       _create_colormap           00455937 f   lib:jquant1.obj
 0001:00054a69       _select_ncolors            00455a69 f   lib:jquant1.obj
 0001:00054b40       _create_colorindex         00455b40 f   lib:jquant1.obj
 0001:00054c6c       _alloc_fs_workspace        00455c6c f   lib:jquant1.obj
 0001:00054ca8       _start_pass_1_quant        00455ca8 f   lib:jquant1.obj
 0001:00054d74       _create_odither_tables     00455d74 f   lib:jquant1.obj
 0001:00054dd3       _make_odither_array        00455dd3 f   lib:jquant1.obj
 0001:00054e36       _color_quantize            00455e36 f   lib:jquant1.obj
 0001:00054ec1       _color_quantize3           00455ec1 f   lib:jquant1.obj
 0001:00054f4f       _quantize_ord_dither       00455f4f f   lib:jquant1.obj
 0001:0005503a       _quantize3_ord_dither      0045603a f   lib:jquant1.obj
 0001:0005513a       _quantize_fs_dither        0045613a f   lib:jquant1.obj
 0001:0002bd1c       _finish_pass_1_quant       0042cd1c f   images.obj
 0001:000552be       _new_color_map_1_quant     004562be f   lib:jquant1.obj
 0001:000538f8       _init_error_limit          004548f8 f   lib:jquant2.obj
 0001:00053997       _start_pass_2_quant        00454997 f   lib:jquant2.obj
 0001:00053a99       _prescan_quantize          00454a99 f   lib:jquant2.obj
 0001:00053b08       _pass2_no_dither           00454b08 f   lib:jquant2.obj
 0001:00053bb5       _fill_inverse_cmap         00454bb5 f   lib:jquant2.obj
 0001:00053c80       _find_nearby_colors        00454c80 f   lib:jquant2.obj
 0001:00053e24       _find_best_colors          00454e24 f   lib:jquant2.obj
 0001:00053f3e       _pass2_fs_dither           00454f3e f   lib:jquant2.obj
 0001:000541ad       _finish_pass1              004551ad f   lib:jquant2.obj
 0001:000541cf       _select_colors             004551cf f   lib:jquant2.obj
 0001:0005425b       _update_box                0045525b f   lib:jquant2.obj
 0001:000545f5       _median_cut                004555f5 f   lib:jquant2.obj
 0001:00054709       _find_biggest_color_pop    00455709 f   lib:jquant2.obj
 0001:00054738       _find_biggest_volume       00455738 f   lib:jquant2.obj
 0001:00054761       _compute_color             00455761 f   lib:jquant2.obj
 0001:0002bd1c       _finish_pass2              0042cd1c f   images.obj
 0001:0005489d       _new_color_map_2_quant     0045589d f   lib:jquant2.obj
 0001:0005330f       _build_ycc_rgb_table       0045430f f   lib:jdmerge.obj
 0001:000533bf       _start_pass_merged_upsample 004543bf f   lib:jdmerge.obj
 0001:000533d4       _merged_2v_upsample        004543d4 f   lib:jdmerge.obj
 0001:0005347b       _merged_1v_upsample        0045447b f   lib:jdmerge.obj
 0001:000534ac       _h2v1_merged_upsample      004544ac f   lib:jdmerge.obj
 0001:00053602       _h2v2_merged_upsample      00454602 f   lib:jdmerge.obj
 0001:00052eb3       _build_ycc_rgb_table       00453eb3 f   lib:jdcolor.obj
 0001:00052f63       _ycc_rgb_convert           00453f63 f   lib:jdcolor.obj
 0001:00053071       _null_convert              00454071 f   lib:jdcolor.obj
 0001:000530e9       _grayscale_convert         004540e9 f   lib:jdcolor.obj
 0001:0005310c       _gray_rgb_convert          0045410c f   lib:jdcolor.obj
 0001:00053165       _ycck_cmyk_convert         00454165 f   lib:jdcolor.obj
 0001:0002bd1c       _start_pass_dcolor         0042cd1c f   images.obj
 0001:00052914       _start_pass_upsample       00453914 f   lib:jdsample.obj
 0001:0005292e       _sep_upsample              0045392e f   lib:jdsample.obj
 0001:000529fb       _fullsize_upsample         004539fb f   lib:jdsample.obj
 0001:00052a06       _noop_upsample             00453a06 f   lib:jdsample.obj
 0001:00052a0e       _int_upsample              00453a0e f   lib:jdsample.obj
 0001:00052af8       _h2v1_upsample             00453af8 f   lib:jdsample.obj
 0001:00052b4f       _h2v2_upsample             00453b4f f   lib:jdsample.obj
 0001:00052bc1       _h2v1_fancy_upsample       00453bc1 f   lib:jdsample.obj
 0001:00052c64       _h2v2_fancy_upsample       00453c64 f   lib:jdsample.obj
 0001:0005251d       _start_pass_dpost          0045351d f   lib:jdpostct.obj
 0001:000525c3       _post_process_1pass        004535c3 f   lib:jdpostct.obj
 0001:00052628       _post_process_prepass      00453628 f   lib:jdpostct.obj
 0001:000526b9       _post_process_2pass        004536b9 f   lib:jdpostct.obj
 0001:00051f24       _alloc_funny_pointers      00452f24 f   lib:jdmainct.obj
 0001:00051fd1       _start_pass_main           00452fd1 f   lib:jdmainct.obj
 0001:00052039       _make_funny_pointers       00453039 f   lib:jdmainct.obj
 0001:00052179       _process_data_simple_main  00453179 f   lib:jdmainct.obj
 0001:000521e1       _process_data_context_main 004531e1 f   lib:jdmainct.obj
 0001:000522f3       _set_wraparound_pointers   004532f3 f   lib:jdmainct.obj
 0001:000523dd       _set_bottom_pointers       004533dd f   lib:jdmainct.obj
 0001:00052477       _process_data_crank_post   00453477 f   lib:jdmainct.obj
 0001:00050ca8       _write_marker_header       00451ca8 f   lib:jcmarker.obj
 0001:00050cfe       _emit_byte                 00451cfe f   lib:jcmarker.obj
 0001:00050d2f       _write_marker_byte         00451d2f f   lib:jcmarker.obj
 0001:00050d3f       _write_file_header         00451d3f f   lib:jcmarker.obj
 0001:00050d8b       _emit_jfif_app0            00451d8b f   lib:jcmarker.obj
 0001:00050e5e       _emit_adobe_app14          00451e5e f   lib:jcmarker.obj
 0001:00050f04       _write_frame_header        00451f04 f   lib:jcmarker.obj
 0001:00050fe3       _emit_dqt                  00451fe3 f   lib:jcmarker.obj
 0001:000510d2       _emit_sof                  004520d2 f   lib:jcmarker.obj
 0001:000511ae       _write_scan_header         004521ae f   lib:jcmarker.obj
 0001:0005126e       _emit_dht                  0045226e f   lib:jcmarker.obj
 0001:00051347       _emit_dri                  00452347 f   lib:jcmarker.obj
 0001:00051396       _emit_sos                  00452396 f   lib:jcmarker.obj
 0001:00051484       _write_file_trailer        00452484 f   lib:jcmarker.obj
 0001:000514a4       _write_tables_only         004524a4 f   lib:jcmarker.obj
 0001:000507fd       _use_merged_upsample       004517fd f   lib:jdmaster.obj
 0001:000508a3       _master_selection          004518a3 f   lib:jdmaster.obj
 0001:00050a00       _prepare_range_limit_table 00451a00 f   lib:jdmaster.obj
 0001:00050a86       _prepare_for_output_pass   00451a86 f   lib:jdmaster.obj
 0001:00050ba7       _finish_output_pass        00451ba7 f   lib:jdmaster.obj
 0001:0004fc74       _alloc_small               00450c74 f   lib:jmemmgr.obj
 0001:0004fd92       _alloc_large               00450d92 f   lib:jmemmgr.obj
 0001:0004fe43       _alloc_sarray              00450e43 f   lib:jmemmgr.obj
 0001:0004fedb       _alloc_barray              00450edb f   lib:jmemmgr.obj
 0001:0004ff7f       _alloc_darray              00450f7f f   lib:jmemmgr.obj
 0001:0005002a       _request_virt_sarray       0045102a f   lib:jmemmgr.obj
 0001:0005008b       _request_virt_barray       0045108b f   lib:jmemmgr.obj
 0001:000500ec       _realize_virt_arrays       004510ec f   lib:jmemmgr.obj
 0001:0005026f       _access_virt_sarray        0045126f f   lib:jmemmgr.obj
 0001:0005038f       _do_sarray_io              0045138f f   lib:jmemmgr.obj
 0001:0005041f       _access_virt_barray        0045141f f   lib:jmemmgr.obj
 0001:00050544       _do_barray_io              00451544 f   lib:jmemmgr.obj
 0001:000505d5       _free_pool                 004515d5 f   lib:jmemmgr.obj
 0001:000506bc       _self_destruct             004516bc f   lib:jmemmgr.obj
 0001:0004f70e       _start_input_pass          0045070e f   lib:jdinput.obj
 0001:0004f73c       _per_scan_setup            0045073c f   lib:jdinput.obj
 0001:0004f8c2       _finish_input_pass         004508c2 f   lib:jdinput.obj
 0001:0004f8d3       _consume_markers           004508d3 f   lib:jdinput.obj
 0001:0004f96f       _initial_setup             0045096f f   lib:jdinput.obj
 0001:0004fb79       _reset_input_controller    00450b79 f   lib:jdinput.obj
 0001:0004f4c7       _fixedtables               004504c7 f   lib:inflate.obj
 0001:0004f5b1       _updatewindow              004505b1 f   lib:inflate.obj
 0001:0004df27       _make_crc_table            0044ef27 f   lib:crc32.obj
 0001:0004e053       _crc32_little              0044f053 f   lib:crc32.obj
 0001:0004de63       _init_destination          0044ee63 f   lib:jdatadst.obj
 0001:0004de89       _empty_output_buffer       0044ee89 f   lib:jdatadst.obj
 0001:0004decb       _term_destination          0044eecb f   lib:jdatadst.obj
 0001:0004d9ea       _std_huff_tables           0044e9ea f   lib:jcparam.obj
 0001:0004da44       _add_huff_table            0044ea44 f   lib:jcparam.obj
 0001:0004bf37       _next_marker               0044cf37 f   lib:jdmarker.obj
 0001:0004c071       _get_interesting_appn      0044d071 f   lib:jdmarker.obj
 0001:0004c19c       _examine_app0              0044d19c f   lib:jdmarker.obj
 0001:0004c3aa       _examine_app14             0044d3aa f   lib:jdmarker.obj
 0001:0004c46b       _skip_variable             0044d46b f   lib:jdmarker.obj
 0001:0004c50e       _read_markers              0044d50e f   lib:jdmarker.obj
 0001:0004c716       _get_soi                   0044d716 f   lib:jdmarker.obj
 0001:0004c7c1       _get_sof                   0044d7c1 f   lib:jdmarker.obj
 0001:0004caca       _get_sos                   0044daca f   lib:jdmarker.obj
 0001:0004cdb8       _get_dht                   0044ddb8 f   lib:jdmarker.obj
 0001:0004d059       _get_dqt                   0044e059 f   lib:jdmarker.obj
 0001:0004d2b5       _get_dri                   0044e2b5 f   lib:jdmarker.obj
 0001:0004d394       _first_marker              0044e394 f   lib:jdmarker.obj
 0001:0004d430       _read_restart_marker       0044e430 f   lib:jdmarker.obj
 0001:0004d4ae       _reset_marker_reader       0044e4ae f   lib:jdmarker.obj
 0001:0004bd1b       _output_pass_setup         0044cd1b f   lib:jdapistd.obj
 0001:0004ba0e       _default_decompress_parms  0044ca0e f   lib:jdapimin.obj

 127 bytes saved through ICF

