 Quake2

 Timestamp is 473c0858 (Thu Nov 15 11:50:32 2007)

 Preferred load address is 00400000

 Start         Length     Name                   Class
 0001:00000000 0006ad90H .text                   CODE
 0002:00000000 00000290H .idata$5                DATA
 0002:00000290 0000785cH .rdata                  DATA
 0002:00007af0 00000044H .rdata$r                DATA
 0002:00007b38 00000038H .xdata$x                DATA
 0002:00007b70 00000078H .idata$2                DATA
 0002:00007be8 00000014H .idata$3                DATA
 0002:00007bfc 00000290H .idata$4                DATA
 0002:00007e8c 00000858H .idata$6                DATA
 0002:000086e4 00000000H .edata                  DATA
 0003:00000000 00000004H .CRT$XCA                DATA
 0003:00000004 0000008cH .CRT$XCU                DATA
 0003:00000090 00000004H .CRT$XCZ                DATA
 0003:00000094 00000004H .CRT$XIA                DATA
 0003:00000098 00000004H .CRT$XIZ                DATA
 0003:000000a0 0000ee7cH .data                   DATA
 0003:0000ef20 004629d4H .bss                    DATA
 0004:00000000 00000130H .rsrc$01                DATA
 0004:00000130 00003f20H .rsrc$02                DATA

  Address         Publics by Value              Rva+Base     Lib:Object

 0001:00000000       ??3@YAXPAX@Z               00401000 f i CoreMain.obj
 0001:0000000e       ?appTimestamp@@YAPBDXZ     0040100e f   CoreMain.obj
 0001:00000043       ?appInit@@YAXXZ            00401043 f   CoreMain.obj
 0001:000000c3       ?appExit@@YAXXZ            004010c3 f   CoreMain.obj
 0001:000000cd       ?appMilliseconds@@YAIXZ    004010cd f   CoreWin32.obj
 0001:000000d3       ?appPackage@@YAPBDXZ       004010d3 f   CoreWin32.obj
 0001:0000012a       ?appGetSystemErrorMessage@@YAPBDI@Z 0040112a f   CoreWin32.obj
 0001:0000018e       ?appDisplayError@@YAXXZ    0040118e f   CoreWin32.obj
 0001:000001df       ?appInitPlatform@@YAXXZ    004011df f   CoreWin32.obj
 0001:00000372       ?appShutdownPlatform@@YAXXZ 00401372 f   CoreWin32.obj
 0001:0000037b       ?sprintf@?$TString@$0BAA@@@QAAHPBDZZ 0040137b f i CoreWin32.obj
 0001:000003a2       ?appDetectCPU@@YAXXZ       004013a2 f   CoreCpuid.obj
 0001:00000656       ?appLoadDebugSymbols@@YAXXZ 00401656 f   DbgSymbols.obj
 0001:00000813       ?appSymbolName@@YA_NIPADH@Z 00401813 f   DbgSymbols.obj
 0001:00000909       ?appSymbolName@@YAPBDI@Z   00401909 f   DbgSymbols.obj
 0001:00000941       ?osGetAddressPackage@@YA_NIPADHAAH@Z 00401941 f   DbgSymbolsWin32.obj
 0001:000009d5       ?osGetAddressSymbol@@YA_NIPADHAAH@Z 004019d5 f   DbgSymbolsWin32.obj
 0001:00000b7b       ?appMalloc@@YAPAXIH@Z      00401b7b f   Memory.obj
 0001:00000c80       ?appFree@@YAXPAX@Z         00401c80 f   Memory.obj
 0001:00000cff       ?Unlink@FMemHeader@@QAEXXZ 00401cff f i Memory.obj
 0001:00000d2a       ?Link@CMemoryChain@@AAEXXZ 00401d2a f   Memory.obj
 0001:00000d49       ?Unlink@CMemoryChain@@AAEXXZ 00401d49 f   Memory.obj
 0001:00000d74       ??2CMemoryChain@@SAPAXIH@Z 00401d74 f   Memory.obj
 0001:00000e3d       ??3CMemoryChain@@SAXPAX@Z  00401e3d f   Memory.obj
 0001:00000ebe       ?Alloc@CMemoryChain@@QAEPAXIH@Z 00401ebe f   Memory.obj
 0001:00000f8a       ?GetSize@CMemoryChain@@QAEHXZ 00401f8a f   Memory.obj
 0001:00000f98       ?BuildAllocatorsTable@@YAHPAXH@Z 00401f98 f   Memory.obj
 0001:00001105       ?appInitMemory@@YAXXZ      00402105 f   Memory.obj
 0001:000014ed       ?Write@COutputDeviceNull@@UAEXPBD@Z 004024ed f i OutputDevice.obj
 0001:000014ed       ?Tesselate@surfaceNull_t@OpenGLDrv@@UAEXAAUrefEntity_t@2@@Z 004024ed f i OutputDevice.obj
 0001:00001507       ??_GCOutputDevice@@UAEPAXI@Z 00402507 f i OutputDevice.obj
 0001:00001507       ??_GCOutputDeviceNull@@UAEPAXI@Z 00402507 f i OutputDevice.obj
 0001:00001507       ??_ECOutputDevice@@UAEPAXI@Z 00402507 f i OutputDevice.obj
 0001:00001507       ??_ECOutputDeviceNull@@UAEPAXI@Z 00402507 f i OutputDevice.obj
 0001:0000154a       ?Write@COutputDeviceLog@@UAEXPBD@Z 0040254a f i OutputDevice.obj
 0001:00001595       ??_GCOutputDeviceLog@@UAEPAXI@Z 00402595 f i OutputDevice.obj
 0001:00001595       ??_ECOutputDeviceLog@@UAEPAXI@Z 00402595 f i OutputDevice.obj
 0001:000015b5       ?Printf@COutputDevice@@QAAXPBDZZ 004025b5 f   OutputDevice.obj
 0001:00001626       ?Register@COutputDevice@@QAEXXZ 00402626 f   OutputDevice.obj
 0001:00001682       ?Unregister@COutputDevice@@QAEXXZ 00402682 f   OutputDevice.obj
 0001:000016d5       ?appPrintf@@YAXPBDZZ       004026d5 f   OutputDevice.obj
 0001:0000180c       ?appWPrintf@@YAXPBDZZ      0040280c f   OutputDevice.obj
 0001:0000186f       ??0COutputDeviceMemTail@@QAE@H@Z 0040286f f i ErrorMgr.obj
 0001:000018a0       ?Write@COutputDeviceMemTail@@UAEXPBD@Z 004028a0 f i ErrorMgr.obj
 0001:000019bc       ??_GCOutputDeviceMemTail@@UAEPAXI@Z 004029bc f i ErrorMgr.obj
 0001:000019bc       ??_ECOutputDeviceMemTail@@UAEPAXI@Z 004029bc f i ErrorMgr.obj
 0001:000019db       ??1COutputDeviceMemTail@@UAE@XZ 004029db f i ErrorMgr.obj
 0001:00001a24       ??0COutputDeviceFile@@QAE@XZ 00402a24 f i ErrorMgr.obj
 0001:00001a39       ?Write@COutputDeviceFile@@UAEXPBD@Z 00402a39 f i ErrorMgr.obj
 0001:00001a90       ?Flush@COutputDeviceFile@@UAEXXZ 00402a90 f i ErrorMgr.obj
 0001:00001aa0       ?Close@COutputDeviceFile@@UAEXXZ 00402aa0 f i ErrorMgr.obj
 0001:00001ab8       ??_ECOutputDeviceFile@@UAEPAXI@Z 00402ab8 f i ErrorMgr.obj
 0001:00001ab8       ??_GCOutputDeviceFile@@UAEPAXI@Z 00402ab8 f i ErrorMgr.obj
 0001:00001ad7       ??1COutputDeviceFile@@UAE@XZ 00402ad7 f i ErrorMgr.obj
 0001:00001b16       ?appBeginError@@YAPAVCOutputDevice@@PBD@Z 00402b16 f   ErrorMgr.obj
 0001:00001be0       ?appGetErrorLog@@YAPAVCOutputDevice@@XZ 00402be0 f   ErrorMgr.obj
 0001:00001c4b       ?Open@COutputDeviceFile@@QAEXPBD_N@Z 00402c4b f i ErrorMgr.obj
 0001:00001c91       ?appFatalError@@YAXPBDZZ   00402c91 f   ErrorMgr.obj
 0001:00001ce7       ?appNonFatalError@@YAXPBDZZ 00402ce7 f   ErrorMgr.obj
 0001:00001d49       ?appUnwindPrefix@@YAXPBD@Z 00402d49 f   ErrorMgr.obj
 0001:00001dfb       ?appUnwindThrow@@YAXPBDZZ  00402dfb f   ErrorMgr.obj
 0001:00001e71       ?Reset@CErrorHandler@@QAEXXZ 00402e71 f   ErrorMgr.obj
 0001:00001ea1       ?appInitError@@YAXXZ       00402ea1 f   ErrorMgr.obj
 0001:00001f96       ?appShutdownError@@YAXXZ   00402f96 f   ErrorMgr.obj
 0001:00002020       ?GetTail@COutputDeviceMemTail@@QAEPBDH@Z 00403020 f i ErrorMgr.obj
 0001:00002046       ?sprintf@?$TString@$0CAA@@@QAAHPBDZZ 00403046 f i ErrorMgr.obj
 0001:0000206d       ?win32ExceptFilter@@YGJPAU_EXCEPTION_POINTERS@@@Z 0040306d f   ExceptHandlerWin32.obj
 0001:00002236       ?win32ExceptFilter2@@YAIXZ 00403236 f   ExceptHandlerWin32.obj
 0001:0000223f       ?sprintf@?$TString@$0EAA@@@QAAHPBDZZ 0040323f f i ExceptHandlerWin32.obj
 0001:00002266       ?DumpRegs@@YAXPAVCOutputDevice@@PAU_CONTEXT@@@Z 00403266 f   ExceptDumpers.obj
 0001:00002377       ?DumpMem@@YAXPAVCOutputDevice@@PBIPAU_CONTEXT@@@Z 00403377 f   ExceptDumpers.obj
 0001:000025b6       ?UnwindEbpFrame@@YAXPAVCOutputDevice@@PBI@Z 004035b6 f   ExceptDumpers.obj
 0001:00002647       ?GetLine@CSimpleParser@@QAEPBDXZ 00403647 f   ScriptParser.obj
 0001:0000275e       ?SkipBraces@CSimpleParser@@QAEPBDXZ 0040375e f   ScriptParser.obj
 0001:00002794       ?appStricmp@@YAHPBD0@Z     00403794 f   Strings.obj
 0001:000027cb       ?toLower@@YADD@Z           004037cb f i Strings.obj
 0001:000027e6       ?appStrncpylwr@@YAXPADPBDH@Z 004037e6 f   Strings.obj
 0001:0000281e       ?appStrncpyz@@YAXPADPBDH@Z 0040381e f   Strings.obj
 0001:0000284b       ?appStrcatn@@YAXPADHPBD@Z  0040384b f   Strings.obj
 0001:00002877       ?appCopyFilename@@YAXPADPBDH@Z 00403877 f   Strings.obj
 0001:0000299f       ?appCStrlen@@YAHPBD@Z      0040399f f   Strings.obj
 0001:000029c7       ?appUncolorizeString@@YAXPADPBD@Z 004039c7 f   Strings.obj
 0001:000029f9       ?va@@YAPBDPBDZZ            004039f9 f   Strings.obj
 0001:00002aed       ?appSprintf@@YAHPADHPBDZZ  00403aed f   Strings.obj
 0001:00002b8c       ?appMatchWildcard@@YA_NPBD0_N@Z 00403b8c f   Strings.obj
 0001:00002dd0       ?appIsWildcard@@YA_NPBD@Z  00403dd0 f   Strings.obj
 0001:00002dfc       ?appStrdup@@YAPADPBD@Z     00403dfc f   Strings.obj
 0001:00002e3d       ?appStrdup@@YAPADPBDPAVCMemoryChain@@@Z 00403e3d f   Strings.obj
 0001:00002e72       ??0CStringItem@@QAE@XZ     00403e72 f   Strings.obj
 0001:00002e7d       ??2CStringItem@@SAPAXIPBD@Z 00403e7d f   Strings.obj
 0001:00002f17       ??2CStringItem@@SAPAXIPBDPAVCMemoryChain@@@Z 00403f17 f   Strings.obj
 0001:00002f8c       ?Find@CStringList@@IAEPAVCStringItem@@PBDPAPAV2@@Z 00403f8c f   Strings.obj
 0001:00003017       ?Find@CStringList@@IAEPAVCStringItem@@H@Z 00404017 f   Strings.obj
 0001:00003083       ?IndexOf@CStringList@@QAEHPBD@Z 00404083 f   Strings.obj
 0001:00003105       ?Remove@CStringList@@QAE_NPAVCStringItem@@@Z 00404105 f   Strings.obj
 0001:00003189       ?Add@CTextContainer@@QAEPAUCTextRec@@PBD@Z 00404189 f   TextContainer.obj
 0001:00003235       ?Enumerate@CTextContainer@@QAEXP6AXPBUCTextRec@@@Z@Z 00404235 f   TextContainer.obj
 0001:000032a1       ?SubtractPath@@YAPBDPBD0@Z 004042a1 f   FileSystem.obj
 0001:00003339       ?appMakeDirectoryForFile@@YAXPBD@Z 00404339 f   FileSystem.obj
 0001:0000336f       ?appOpenFile@@YAPAVCFile@@PBD@Z 0040436f f   FileSystem.obj
 0001:000033ac       ?Read@CFileOS@@UAEHPAXH@Z  004043ac f i FileSystem.obj
 0001:000033d3       ?GetSize@CFileOS@@UAEHXZ   004043d3 f i FileSystem.obj
 0001:0000341e       ?Eof@CFileOS@@UAE_NXZ      0040441e f i FileSystem.obj
 0001:00003432       ??_GCFileOS@@UAEPAXI@Z     00404432 f i FileSystem.obj
 0001:00003432       ??_ECFileOS@@UAEPAXI@Z     00404432 f i FileSystem.obj
 0001:00003467       ??_GCFile@@UAEPAXI@Z       00404467 f i FileSystem.obj
 0001:00003467       ??_ECFile@@UAEPAXI@Z       00404467 f i FileSystem.obj
 0001:00003487       ?ReadByte@CFile@@QAEEXZ    00404487 f   FileSystem.obj
 0001:0000349f       ?ReadInt@CFile@@QAEHXZ     0040449f f   FileSystem.obj
 0001:000034b7       ?ReadString@CFile@@QAEXPADH@Z 004044b7 f   FileSystem.obj
 0001:000034f4       ?GetType@CFileContainer@@MAEPBDXZ 004044f4 f   FileSystem.obj
 0001:000034fa       ?Mount@CFileSystem@@QAEXAAVCFileContainer@@PBD@Z 004044fa f   FileSystem.obj
 0001:00003550       ?Umount@CFileSystem@@QAEXAAVCFileContainer@@@Z 00404550 f   FileSystem.obj
 0001:0000358a       ?MountDirectory@CFileSystem@@QAEPAVCFileContainer@@PBD0@Z 0040458a f   FileSystem.obj
 0001:000035cf       ?GetType@CFileContainerOS@@MAEPBDXZ 004045cf f i FileSystem.obj
 0001:000035d5       ?FileExists@CFileContainerOS@@UAE_NPBD@Z 004045d5 f i FileSystem.obj
 0001:000035ff       ?OpenFile@CFileContainerOS@@UAEPAVCFile@@PBD@Z 004045ff f i FileSystem.obj
 0001:0000361f       ?List@CFileContainerOS@@UAEXAAVCFileList@@PBDI@Z 0040461f f i FileSystem.obj
 0001:00003648       ??_ECFileContainerOS@@UAEPAXI@Z 00404648 f i FileSystem.obj
 0001:00003648       ??_GCFileContainerOS@@UAEPAXI@Z 00404648 f i FileSystem.obj
 0001:00003668       ??_GCFileContainer@@UAEPAXI@Z 00404668 f i FileSystem.obj
 0001:00003668       ??_ECFileContainer@@UAEPAXI@Z 00404668 f i FileSystem.obj
 0001:00003688       ?MountArchive@CFileSystem@@QAEPAVCFileContainer@@PBD0@Z 00404688 f   FileSystem.obj
 0001:0000379f       ?Mount@CFileSystem@@QAEXPBD0@Z 0040479f f   FileSystem.obj
 0001:000039d0       ?Umount@CFileSystem@@QAEXPBD@Z 004049d0 f   FileSystem.obj
 0001:00003a6c       ?List@CFileSystem@@UAEPAVCFileList@@PBDIPAV2@@Z 00404a6c f   FileSystem.obj
 0001:00003c26       ?RegisterFormat@CFileSystem@@SAXP6APAVCFileContainer@@PBDPAU_iobuf@@@Z@Z 00404c26 f   FileSystem.obj
 0001:00003c6a       ?FileExists@CFileSystem@@UAE_NPBDI@Z 00404c6a f   FileSystem.obj
 0001:00003ce9       ?OpenFile@CFileSystem@@UAEPAVCFile@@PBDI@Z 00404ce9 f   FileSystem.obj
 0001:00003d8d       ?LoadFile@CFileSystem@@QAEPAXPBDPAI@Z 00404d8d f   FileSystem.obj
 0001:00003e5d       ?cMount@@YAX_NHPAPAD@Z     00404e5d f   FileSystem.obj
 0001:00003f9b       ?cUmount@@YAX_NHPAPAD@Z    00404f9b f   FileSystem.obj
 0001:00003fca       ?appInitFileSystem@@YAXAAVCFileSystem@@@Z 00404fca f   FileSystem.obj
 0001:000043be       ?appListDirectory@@YAXPBDAAVCFileList@@I@Z 004053be f   FileSystemWin32.obj
 0001:00004604       ?appMakeDirectory@@YAXPBD@Z 00405604 f   FileSystemWin32.obj
 0001:0000466e       ?appFileType@@YAIPBD@Z     0040566e f   FileSystemWin32.obj
 0001:000046ae       ?FindDir@CFileContainerArc@@IAEPAVFDirInfo@1@PBD_N@Z 004056ae f   FileContainerArc.obj
 0001:00004767       ?FindFile@CFileContainerArc@@IAEPAVCStringItem@@PBD@Z 00405767 f   FileContainerArc.obj
 0001:000047d1       ?FileExists@CFileContainerArc@@UAE_NPBD@Z 004057d1 f   FileContainerArc.obj
 0001:000047e6       ?OpenFile@CFileContainerArc@@UAEPAVCFile@@PBD@Z 004057e6 f   FileContainerArc.obj
 0001:00004805       ?List@CFileContainerArc@@UAEXAAVCFileList@@PBDI@Z 00405805 f   FileContainerArc.obj
 0001:00004970       ??E?$TStringSplitter@$0BAA@$0CP@@@QAEXXZ 00405970 f i FileContainerArc.obj
 0001:000049f2       ?GetLength@CVec3@@QBEMXZ   004059f2 f   Math3D.obj
 0001:00004a1d       ?Normalize@CVec3@@QAEMXZ   00405a1d f   Math3D.obj
 0001:00004a6f       ?VectorNormalize@@YAMABUCVec3@@AAU1@@Z 00405a6f f   Math3D.obj
 0001:00004ad9       ?NormalizeFast@CVec3@@QAEMXZ 00405ad9 f   Math3D.obj
 0001:00004b2a       ?FindAxisVectors@CVec3@@QBEXAAU1@0@Z 00405b2a f   Math3D.obj
 0001:00004b9a       ?cross@@YAXABUCVec3@@0AAU1@@Z 00405b9a f   Math3D.obj
 0001:00004bd6       ?VectorDistance@@YAMABUCVec3@@0@Z 00405bd6 f   Math3D.obj
 0001:00004c05       ?Setup@CPlane@@QAEXXZ      00405c05 f   Math3D.obj
 0001:00004cb3       ?Clear@CBox@@QAEXXZ        00405cb3 f   Math3D.obj
 0001:00004cd1       ?Expand@CBox@@QAEXABUCVec3@@@Z 00405cd1 f   Math3D.obj
 0001:00004d03       ?Expand@CBox@@QAEXABU1@@Z  00405d03 f   Math3D.obj
 0001:00004d42       ?GetCenter@CBox@@QBEXAAUCVec3@@@Z 00405d42 f   Math3D.obj
 0001:00004d65       ?Contains@CBox@@QBE_NABUCVec3@@@Z 00405d65 f   Math3D.obj
 0001:00004d99       ?Intersects@CBox@@QBE_NABU1@@Z 00405d99 f   Math3D.obj
 0001:00004dd8       ?OnPlaneSide@CBox@@QBEHABUCPlane@@@Z 00405dd8 f   Math3D.obj
 0001:00004f07       ?FromEuler@CAxis@@QAEXABUCVec3@@@Z 00405f07 f   Math3D.obj
 0001:00004f46       ?TransformVector@CAxis@@QBEXABUCVec3@@AAU2@@Z 00405f46 f   Math3D.obj
 0001:00004f99       ?UnTransformVector@CAxis@@QBEXABUCVec3@@AAU2@@Z 00405f99 f   Math3D.obj
 0001:00004ffd       ?UnTransformAxis@CAxis@@QBEXABU1@AAU1@@Z 00405ffd f   Math3D.obj
 0001:00005043       ?TransformPoint@CCoords@@QBEXABUCVec3@@AAU2@@Z 00406043 f   Math3D.obj
 0001:000050a3       ?UnTransformPoint@CCoords@@QBEXABUCVec3@@AAU2@@Z 004060a3 f   Math3D.obj
 0001:00005110       ?UnTransformCoords@CCoords@@QBEXABU1@AAU1@@Z 00406110 f   Math3D.obj
 0001:0000513c       ?TransformPlane@CCoords@@QBEXABUCPlane@@AAU2@@Z 0040613c f   Math3D.obj
 0001:00005176       ?TransformPoint@@YAXABUCVec3@@ABUCAxis@@0AAU1@@Z 00406176 f   Math3D.obj
 0001:000051d9       ?UnTransformPoint@@YAXABUCVec3@@ABUCAxis@@0AAU1@@Z 004061d9 f   Math3D.obj
 0001:00005249       ?Euler2Vecs@@YAXABUCVec3@@PAU1@11@Z 00406249 f   Math3D.obj
 0001:000053a9       ?Vec2Euler@@YAXABUCVec3@@AAU1@@Z 004063a9 f   Math3D.obj
 0001:000054ab       ?Vec2Yaw@@YAMABUCVec3@@@Z  004064ab f   Math3D.obj
 0001:0000551e       ?appRsqrt@@YAMM@Z          0040651e f   MathMisc.obj
 0001:0000554a       ?NormalizeColor@@YAMABUCVec3@@AAU1@@Z 0040654a f   MathMisc.obj
 0001:000055a8       ?NormalizeColor255@@YAMABUCVec3@@AAU1@@Z 004065a8 f   MathMisc.obj
 0001:0000560a       ?SCR_StopCinematic@@YAXXZ  0040660a f   cl_cin.obj
 0001:0000569e       ?SCR_DrawCinematic@@YA_NXZ 0040669e f   cl_cin.obj
 0001:00005a95       ?SCR_PlayCinematic@@YAXPBD@Z 00406a95 f   cl_cin.obj
 0001:00005dec       ?sprintf@?$TString@$0EA@@@QAAHPBDZZ 00406dec f i cl_cin.obj
 0001:00005e0d       ?CL_Download_f@@YAX_NHPAPAD@Z 00406e0d f   cl_download.obj
 0001:000061ba       ?CL_ParseDownload@@YAXXZ   004071ba f   cl_download.obj
 0001:000069e9       ?CL_Precache_f@@YAXHPAPAD@Z 004079e9 f   cl_download.obj
 0001:00006a44       ?sprintf@?$TString@$0IA@@@QAAHPBDZZ 00407a44 f i cl_download.obj
 0001:00006a68       ?CL_ParseDelta@@YAXPAUclEntityState_t@@0HI_N@Z 00407a68 f   cl_ents.obj
 0001:00006be8       ?CL_ParseFrame@@YAXXZ      00407be8 f   cl_ents.obj
 0001:0000729d       ?CL_AddEntityBox@@YAXPAUclEntityState_t@@I@Z 0040829d f   cl_ents.obj
 0001:000073a1       ?Lerp@@YAXABUCVec3@@0MAAU1@@Z 004083a1 f i cl_ents.obj
 0001:000073d8       ?OffsetThirdPersonView@@YAXXZ 004083d8 f   cl_ents.obj
 0001:000074c0       ?CL_AddEntities@@YAXXZ     004084c0 f   cl_ents.obj
 0001:00008401       ?CL_ClearLightStyles@@YAXXZ 00409401 f   cl_fx.obj
 0001:00008483       ?CL_SetLightstyle@@YAXHPBD@Z 00409483 f   cl_fx.obj
 0001:000084e4       ?CL_AllocDlight@@YAPAUcdlight_t@@HABUCVec3@@@Z 004094e4 f   cl_fx.obj
 0001:0000854f       ?CL_AllocParticleTrace@@YAPAUparticleTrace_t@@ABUCVec3@@0MM@Z 0040954f f   cl_fx.obj
 0001:000085de       ?CL_AllocParticleBeam@@YAPAUbeam_t@@ABUCVec3@@0MM@Z 004095de f   cl_fx.obj
 0001:00008653       ?CL_AllocParticle@@YAPAUparticle_t@@XZ 00409653 f   cl_fx.obj
 0001:000086a6       ?CL_MetalSparks@@YAXABUCVec3@@0H@Z 004096a6 f   cl_fx.obj
 0001:000087a4       ?CL_AddEffects@@YAXXZ      004097a4 f   cl_fx.obj
 0001:00008e98       ?CL_ClearEffects@@YAXXZ    00409e98 f   cl_fx.obj
 0001:00008f1a       ?CL_EntityEvent@@YAXPAUclEntityState_t@@@Z 00409f1a f   cl_fx.obj
 0001:000090d1       ?CL_ParseMuzzleFlash@@YAXXZ 0040a0d1 f   cl_fx.obj
 0001:00009441       ?CL_ParseMuzzleFlash2@@YAXXZ 0040a441 f   cl_fx.obj
 0001:000098b7       ?CL_ParticleEffect@@YAXABUCVec3@@0HH@Z 0040a8b7 f   cl_fx.obj
 0001:00009aa0       ?CL_ParticleEffect2@@YAXABUCVec3@@0HH@Z 0040aaa0 f   cl_fx.obj
 0001:00009ac8       ?CL_ParticleEffect3@@YAXABUCVec3@@0HH@Z 0040aac8 f   cl_fx.obj
 0001:00009af0       ?CL_TeleporterParticles@@YAXPAUclEntityState_t@@@Z 0040aaf0 f   cl_fx.obj
 0001:00009b12       ?CL_LogoutEffect@@YAXABUCVec3@@H@Z 0040ab12 f   cl_fx.obj
 0001:00009b4a       ?CL_ItemRespawnParticles@@YAXABUCVec3@@@Z 0040ab4a f   cl_fx.obj
 0001:00009b68       ?CL_ExplosionParticles@@YAXABUCVec3@@@Z 0040ab68 f   cl_fx.obj
 0001:00009b89       ?CL_BFGExplosionParticles@@YAXABUCVec3@@@Z 0040ab89 f   cl_fx.obj
 0001:00009baa       ?CL_TrackerExplosionParticles@@YAXABUCVec3@@@Z 0040abaa f   cl_fx.obj
 0001:00009bcb       ?CL_BlasterParticles@@YAXABUCVec3@@0I@Z 0040abcb f   cl_fx.obj
 0001:00009bf2       ?CL_BlasterTrail@@YAXAAUcentity_t@@@Z 0040abf2 f   cl_fx.obj
 0001:00009cf9       ?CL_BlasterTrail2@@YAXAAUcentity_t@@@Z 0040acf9 f   cl_fx.obj
 0001:00009d10       ?CL_FlagTrail@@YAXAAUcentity_t@@H@Z 0040ad10 f   cl_fx.obj
 0001:00009d2f       ?CL_RocketTrail@@YAXAAUcentity_t@@@Z 0040ad2f f   cl_fx.obj
 0001:00009d6e       ?CL_BubbleTrail@@YAXABUCVec3@@0@Z 0040ad6e f   cl_fx.obj
 0001:00009e0a       ?CL_BubbleTrail2@@YAXABUCVec3@@0@Z 0040ae0a f   cl_fx.obj
 0001:00009e24       ?CL_TagTrail@@YAXAAUcentity_t@@@Z 0040ae24 f   cl_fx.obj
 0001:00009e3b       ?CL_DebugTrail@@YAXABUCVec3@@0@Z 0040ae3b f   cl_fx.obj
 0001:00009e55       ?CL_ForceWall@@YAXABUCVec3@@0H@Z 0040ae55 f   cl_fx.obj
 0001:00009e77       ?CL_BigTeleportParticles@@YAXABUCVec3@@@Z 0040ae77 f   cl_fx.obj
 0001:00009fb2       ?CL_BfgParticles@@YAXABUCVec3@@@Z 0040afb2 f   cl_fx.obj
 0001:0000a12c       ?CL_FlyEffect@@YAXAAUcentity_t@@@Z 0040b12c f   cl_fx.obj
 0001:0000a2b8       ?CL_DiminishingTrail@@YAXAAUcentity_t@@H@Z 0040b2b8 f   cl_fx.obj
 0001:0000a412       ?CL_RailTrail@@YAXABUCVec3@@0@Z 0040b412 f   cl_fx.obj
 0001:0000a584       ?CL_RailTrailExt@@YAXABUCVec3@@0EE@Z 0040b584 f   cl_fx.obj
 0001:0000a6c9       ?CL_IonripperTrail@@YAXAAUcentity_t@@@Z 0040b6c9 f   cl_fx.obj
 0001:0000a823       ?CL_TrapParticles@@YAXABUCVec3@@@Z 0040b823 f   cl_fx.obj
 0001:0000a996       ?CL_TeleportParticles@@YAXABUCVec3@@@Z 0040b996 f   cl_fx.obj
 0001:0000aacc       ?CL_Heatbeam@@YAXABUCVec3@@0@Z 0040bacc f   cl_fx.obj
 0001:0000ad72       ?CL_ParticleSteamEffect@@YAXABUCVec3@@0HHH@Z 0040bd72 f   cl_fx.obj
 0001:0000aea8       ?CL_ParticleSmokeEffect@@YAXABUCVec3@@0@Z 0040bea8 f   cl_fx.obj
 0001:0000afc1       ?CL_TrackerTrail@@YAXAAUcentity_t@@@Z 0040bfc1 f   cl_fx.obj
 0001:0000b13b       ?CL_TrackerShell@@YAXABUCVec3@@@Z 0040c13b f   cl_fx.obj
 0001:0000b1c7       ?CL_MonsterPlasmaShell@@YAXABUCVec3@@@Z 0040c1c7 f   cl_fx.obj
 0001:0000b250       ?CL_WidowSplash@@YAXABUCVec3@@@Z 0040c250 f   cl_fx.obj
 0001:0000b331       ?CL_InitInput@@YAXXZ       0040c331 f   cl_input.obj
 0001:0000b8df       ?CL_SendCmd@@YAXXZ         0040c8df f   cl_input.obj
 0001:0000befe       ?CL_WriteDemoMessage@@YAXXZ 0040cefe f   cl_main.obj
 0001:0000bf40       ?Cmd_ForwardToServer@@YAXHPAPAD@Z 0040cf40 f   cl_main.obj
 0001:0000c005       ?CL_ForwardToServer_f@@YAXHPAPAD@Z 0040d005 f   cl_main.obj
 0001:0000c04e       ?CL_Pause@@YAX_N@Z         0040d04e f   cl_main.obj
 0001:0000c093       ?CL_Drop@@YAX_N@Z          0040d093 f   cl_main.obj
 0001:0000c0be       ?CL_SendConnectPacket@@YAXXZ 0040d0be f   cl_main.obj
 0001:0000c124       ?CL_Connect_f@@YAX_NHPAPAD@Z 0040d124 f   cl_main.obj
 0001:0000c191       ?CL_Rcon_f@@YAXHPAPAD@Z    0040d191 f   cl_main.obj
 0001:0000c27d       ?CL_Disconnect@@YAXXZ      0040d27d f   cl_main.obj
 0001:0000c428       ?CL_Disconnect_f@@YAXXZ    0040d428 f   cl_main.obj
 0001:0000c432       ?CL_Changing_f@@YAXXZ      0040d432 f   cl_main.obj
 0001:0000c45a       ?CL_Reconnect_f@@YAXXZ     0040d45a f   cl_main.obj
 0001:0000c4f6       ?CL_PingServers_f@@YAXXZ   0040d4f6 f   cl_main.obj
 0001:0000c8b1       ?CL_ConnectionlessPacket@@YAXXZ 0040d8b1 f   cl_main.obj
 0001:0000c9ae       ?CL_Userinfo_f@@YAXXZ      0040d9ae f   cl_main.obj
 0001:0000c9c9       ?CL_RegisterSounds@@YAXXZ  0040d9c9 f   cl_main.obj
 0001:0000ca08       ?CL_Snd_Restart_f@@YAXXZ   0040da08 f   cl_main.obj
 0001:0000ca17       ?CL_WriteConfiguration@@YAXPBD@Z 0040da17 f   cl_main.obj
 0001:0000cafe       ?CL_WriteConfig_f@@YAX_NHPAPAD@Z 0040dafe f   cl_main.obj
 0001:0000cb68       ?CL_FixCvarCheats@@YAXXZ   0040db68 f   cl_main.obj
 0001:0000cbb9       ?CL_Frame@@YAXMM@Z         0040dbb9 f   cl_main.obj
 0001:0000d021       ?CL_ClearState@@YAXXZ      0040e021 f   cl_main.obj
 0001:0000d05f       ?CL_Init@@YAXXZ            0040e05f f   cl_main.obj
 0001:0000d50e       ?CL_Shutdown@@YAXXZ        0040e50e f   cl_main.obj
 0001:0000d56a       ?CL_ParseClientinfo@@YAXH@Z 0040e56a f   cl_parse.obj
 0001:0000d622       ?CL_UpdatePlayerClientInfo@@YAXXZ 0040e622 f   cl_parse.obj
 0001:0000d663       ?CL_ParseServerMessage@@YAXXZ 0040e663 f   cl_parse.obj
 0001:0000de49       ?FreePlayerModelsInfo@@YAXXZ 0040ee49 f   cl_playermodel.obj
 0001:0000de6f       ?ScanPlayerModels@@YA_NXZ  0040ee6f f   cl_playermodel.obj
 0001:0000e269       ?RunAnimation@@YAXAAUclientInfo_t@@AAUanimState_t@@H@Z 0040f269 f   cl_playermodel.obj
 0001:0000e457       ?CL_LoadClientinfo@@YAXAAUclientInfo_t@@PBD_N@Z 0040f457 f   cl_playermodel.obj
 0001:0000f0e3       ?ParsePlayerEntity@@YAHAAUcentity_t@@AAUclientInfo_t@@PAUclEntityState_t@@ABUentity_t@@PAU4@HH@Z 004100e3 f   cl_playermodel.obj
 0001:0000fc52       ?CreateAndInsert@?$TList@VCStringItem@@@@QAEPAVCStringItem@@PBDPAVCMemoryChain@@@Z 00410c52 f i cl_playermodel.obj
 0001:0000fc8a       ?Insert@?$TList@VshaderScript_t@OpenGLDrv@@@@QAE_NPAVshaderScript_t@OpenGLDrv@@@Z 00410c8a f i cl_playermodel.obj
 0001:0000fc8a       ?Insert@?$TList@VCStringItem@@@@QAE_NPAVCStringItem@@@Z 00410c8a f i cl_playermodel.obj
 0001:0000fc8a       ?Insert@?$TList@VplayerModelInfo_t@@@@QAE_NPAVplayerModelInfo_t@@@Z 00410c8a f i cl_playermodel.obj
 0001:0000fcc0       ?CL_CheckPredictionError@@YAXXZ 00410cc0 f   cl_pred.obj
 0001:0000fe53       ?CL_EntityTrace@@YAXAAUtrace_t@@ABUCVec3@@1ABUCBox@@H@Z 00410e53 f   cl_pred.obj
 0001:000101ad       ?CL_Trace@@YAXAAUtrace_t@@ABUCVec3@@1ABUCBox@@H@Z 004111ad f   cl_pred.obj
 0001:0001025e       ?CL_PMpointcontents@@YAHABUCVec3@@@Z 0041125e f   cl_pred.obj
 0001:000103f4       ?CL_PredictMovement@@YAXXZ 004113f4 f   cl_pred.obj
 0001:000107bb       ?DrawString@@YAXHHPBD@Z    004117bb f   cl_scrn.obj
 0001:00010800       ?SCR_DebugGraph@@YAXMH@Z   00411800 f   cl_scrn.obj
 0001:0001082a       ?SCR_CenterPrint@@YAXPBD@Z 0041182a f   cl_scrn.obj
 0001:00010930       ?Key_Message@@YAXH@Z       00411930 f   cl_scrn.obj
 0001:000109d0       ?SCR_SetLevelshot@@YAXPBD@Z 004119d0 f   cl_scrn.obj
 0001:00010acb       ?SCR_BeginLoadingPlaque@@YAX_N@Z 00411acb f   cl_scrn.obj
 0001:00010b61       ?SCR_EndLoadingPlaque@@YAX_N@Z 00411b61 f   cl_scrn.obj
 0001:00010be6       ?SCR_LoadingNotify@@YAXPBDM@Z 00411be6 f   cl_scrn.obj
 0001:00010c0f       ?SCR_ShowConsole@@YAX_N0@Z 00411c0f f   cl_scrn.obj
 0001:00010cd4       ?SCR_ToggleConsole@@YAXXZ  00411cd4 f   cl_scrn.obj
 0001:00010cfc       ?SCR_TouchPics@@YAXXZ      00411cfc f   cl_scrn.obj
 0001:00010d50       ?SCR_UpdateScreen@@YAXXZ   00411d50 f   cl_scrn.obj
 0001:000120d8       ?SCR_Init@@YAXXZ           004130d8 f   cl_scrn.obj
 0001:00012409       ?sprintf@?$TString@$0BA@@@QAAHPBDZZ 00413409 f i cl_scrn.obj
 0001:0001242a       ?CL_RegisterTEntSounds@@YAXXZ 0041342a f   cl_tent.obj
 0001:0001267f       ?CL_RegisterTEntModels@@YAXXZ 0041367f f   cl_tent.obj
 0001:000127d0       ?CL_ClearTEnts@@YAXXZ      004137d0 f   cl_tent.obj
 0001:00012801       ?CL_SmokeAndFlash@@YAXABUCVec3@@@Z 00413801 f   cl_tent.obj
 0001:00012999       ?CL_ParseTEnt@@YAXXZ       00413999 f   cl_tent.obj
 0001:00013cbf       ?CL_AddTEnts@@YAXXZ        00414cbf f   cl_tent.obj
 0001:000146c4       ?V_AddEntity@@YAXPAUentity_t@@@Z 004156c4 f   cl_view.obj
 0001:00014702       ?V_AddEntity2@@YAXPAUentity_t@@@Z 00415702 f   cl_view.obj
 0001:00014734       ?AddEntityWithEffects2@@YAXPAUentity_t@@I@Z 00415734 f   cl_view.obj
 0001:000147d5       ?AddEntityWithEffects@@YAXPAUentity_t@@I@Z 004157d5 f   cl_view.obj
 0001:000147f6       ?V_AddLight@@YAXABUCVec3@@MMMM@Z 004157f6 f   cl_view.obj
 0001:0001483b       ?V_InitRenderer@@YAXXZ     0041583b f   cl_view.obj
 0001:00014c5c       ?CalcFov@@YAMMMM@Z         00415c5c f   cl_view.obj
 0001:00014cca       ?V_RenderView@@YA_NXZ      00415cca f   cl_view.obj
 0001:00015c74       ?V_Init@@YAXXZ             00416c74 f   cl_view.obj
 0001:00015db9       ?Con_ClearNotify@@YAXXZ    00416db9 f   console.obj
 0001:00015dc8       ?Con_CheckResize@@YAXXZ    00416dc8 f   console.obj
 0001:00015eef       ?Write@COutputDeviceCon@@UAEXPBD@Z 00416eef f   console.obj
 0001:000160f5       ?Con_DrawNotify@@YAX_N@Z   004170f5 f   console.obj
 0001:000162cb       ?Con_DrawConsole@@YAXM@Z   004172cb f   console.obj
 0001:0001657f       ?Con_ClearTyping@@YAXXZ    0041757f f   console.obj
 0001:00016598       ?Key_Console@@YAXHH@Z      00417598 f   console.obj
 0001:000169e5       ?Con_Init@@YAXXZ           004179e5 f   console.obj
 0001:00016b53       ?Key_KeynumToString@@YAPBDH@Z 00417b53 f   keys.obj
 0001:00016c19       ?Draw@completeMenu_t@@UAEXXZ 00417c19 f i keys.obj
 0001:00016c4a       ?KeyDown@completeMenu_t@@UAEPBDH@Z 00417c4a f i keys.obj
 0001:00016c76       ?Init@completeMenu_t@@UAE_NXZ 00417c76 f i keys.obj
 0001:00016d9d       ?CompleteMenuCallback@completeMenu_t@@SAXPAX@Z 00417d9d f i keys.obj
 0001:00016e2e       ?CompleteCommand@@YAXXZ    00417e2e f   keys.obj
 0001:0001753f       ?Key_SetBinding@@YAXHPBD@Z 0041853f f   keys.obj
 0001:0001757f       ?Key_FindBinding@@YAHPBDPAHH@Z 0041857f f   keys.obj
 0001:000175cd       ?Key_WriteBindings@@YAXPAVCOutputDevice@@@Z 004185cd f   keys.obj
 0001:00017617       ?Key_Init@@YAXXZ           00418617 f   keys.obj
 0001:000178fb       ?Key_Event@@YAXH_N@Z       004188fb f   keys.obj
 0001:00017c5a       ?Key_ClearStates@@YAXXZ    00418c5a f   keys.obj
 0001:00017c8f       ?M_ForceMenuOn@@YAXXZ      00418c8f f   menu.obj
 0001:00017cae       ?Draw@menuMain_t@@UAEXXZ   00418cae f i menu.obj
 0001:00017dea       ?KeyDown@menuMain_t@@UAEPBDH@Z 00418dea f i menu.obj
 0001:00017eab       ?Init@menuMain_t@@UAE_NXZ  00418eab f i menu.obj
 0001:00017eb3       ?M_Menu_Main_f@@YAXXZ      00418eb3 f   menu.obj
 0001:00017ecd       ?Init@multiplayerMenu_t@@UAE_NXZ 00418ecd f i menu.obj
 0001:00017ff1       ?Init@keysMenu_t@@UAE_NXZ  00418ff1 f i menu.obj
 0001:000181df       ?KeyCursorDrawFunc@keysMenu_t@@SAXPAUmenuFramework_t@@@Z 004191df f i menu.obj
 0001:00018222       ?DrawKeyBindingFunc@keysMenu_t@@SAXPAX@Z 00419222 f i menu.obj
 0001:000182e2       ?KeyDown@keysMenu_t@@UAEPBDH@Z 004192e2 f i menu.obj
 0001:0001838f       ?UnbindCommand@keysMenu_t@@QAEXPAD@Z 0041938f f i menu.obj
 0001:000183d4       ?KeyBindingFunc@keysMenu_t@@QAEXPAX@Z 004193d4 f i menu.obj
 0001:00018436       ?Init@optionsMenu_t@@UAE_NXZ 00419436 f i menu.obj
 0001:000187e9       ?CrosshairFunc@optionsMenu_t@@SAXPAX@Z 004197e9 f i menu.obj
 0001:00018811       ?JoystickFunc@optionsMenu_t@@SAXPAX@Z 00419811 f i menu.obj
 0001:00018826       ?AlwaysRunFunc@optionsMenu_t@@SAXPAX@Z 00419826 f i menu.obj
 0001:0001883b       ?MouseSpeedFunc@optionsMenu_t@@SAXPAX@Z 0041983b f i menu.obj
 0001:00018858       ?InvertMouseFunc@optionsMenu_t@@SAXPAX@Z 00419858 f i menu.obj
 0001:00018891       ?UpdateVolumeFunc@optionsMenu_t@@SAXPAX@Z 00419891 f i menu.obj
 0001:000188ae       ?UpdateCDVolumeFunc@optionsMenu_t@@SAXPAX@Z 004198ae f i menu.obj
 0001:000188c8       ?SetMenuItemValues@optionsMenu_t@@SAXXZ 004198c8 f i menu.obj
 0001:00018a10       ?ResetDefaultsFunc@optionsMenu_t@@SAXPAX@Z 00419a10 f i menu.obj
 0001:00018a25       ?UpdateSoundFunc@optionsMenu_t@@SAXPAX@Z 00419a25 f i menu.obj
 0001:00018c29       ?ScanCrosshairs@optionsMenu_t@@SAXXZ 00419c29 f i menu.obj
 0001:00018c86       ?Draw@optionsMenu_t@@UAEXXZ 00419c86 f i menu.obj
 0001:00018ceb       ?Draw@creditsMenu_t@@UAEXXZ 00419ceb f i menu.obj
 0001:00018d92       ?KeyDown@creditsMenu_t@@UAEPBDH@Z 00419d92 f i menu.obj
 0001:00018dd2       ?Init@creditsMenu_t@@UAE_NXZ 00419dd2 f i menu.obj
 0001:00018e53       ?Init@gameMenu_t@@UAE_NXZ  00419e53 f i menu.obj
 0001:00018fde       ?EasyGameFunc@gameMenu_t@@SAXPAX@Z 00419fde f i menu.obj
 0001:00018fea       ?StartGame@gameMenu_t@@SAXPBD@Z 00419fea f i menu.obj
 0001:00019045       ?MediumGameFunc@gameMenu_t@@SAXPAX@Z 0041a045 f i menu.obj
 0001:00019051       ?HardGameFunc@gameMenu_t@@SAXPAX@Z 0041a051 f i menu.obj
 0001:0001906d       ?Init@savegameMenu_t@@UAE_NXZ 0041a06d f i menu.obj
 0001:0001917d       ?Create_Savestrings@savegameMenu_t@@QAEXXZ 0041a17d f i menu.obj
 0001:0001923d       ?LoadGameCallback@savegameMenu_t@@SAXPAX@Z 0041a23d f i menu.obj
 0001:0001926a       ?SaveGameCallback@savegameMenu_t@@SAXPAX@Z 0041a26a f i menu.obj
 0001:0001928d       ?Draw@savegameMenu_t@@UAEXXZ 0041a28d f i menu.obj
 0001:000192a8       ?DrawSavegameShot@savegameMenu_t@@QAEXHH@Z 0041a2a8 f i menu.obj
 0001:00019383       ?Init@joinserverMenu_t@@UAE_NXZ 0041a383 f i menu.obj
 0001:000194ba       ?JoinServerFunc@joinserverMenu_t@@SAXPAX@Z 0041a4ba f i menu.obj
 0001:0001951f       ?SearchLocalGames@joinserverMenu_t@@SAXXZ 0041a51f f i menu.obj
 0001:0001958a       ?M_AddToServerList@@YAXUnetadr_t@@PBD@Z 0041a58a f   menu.obj
 0001:00019615       ?Init@startserverMenu_t@@UAE_NXZ 0041a615 f i menu.obj
 0001:00019aa3       ?DMOptionsFunc@startserverMenu_t@@SAXPAX@Z 0041aaa3 f i menu.obj
 0001:00019ab3       ?RulesChangeFunc@startserverMenu_t@@SAXPAX@Z 0041aab3 f i menu.obj
 0001:00019b2b       ?StartServerActionFunc@startserverMenu_t@@SAXPAX@Z 0041ab2b f i menu.obj
 0001:00019b56       ?StartServerFunc@startserverMenu_t@@SAXPBD@Z 0041ab56 f i menu.obj
 0001:00019d32       ?KeyDown@startserverMenu_t@@UAEPBDH@Z 0041ad32 f i menu.obj
 0001:00019d91       ?Init@dmoptionsMenu_t@@UAE_NXZ 0041ad91 f i menu.obj
 0001:0001a36e       ?DMFlagCallback@dmoptionsMenu_t@@SAXPAX@Z 0041b36e f i menu.obj
 0001:0001a547       ?Init@downloadOptionsMenu_t@@UAE_NXZ 0041b547 f i menu.obj
 0001:0001a721       ?DownloadCallback@downloadOptionsMenu_t@@SAXPAX@Z 0041b721 f i menu.obj
 0001:0001a78f       ?Init@addressBookMenu_t@@UAE_NXZ 0041b78f f i menu.obj
 0001:0001a835       ?KeyDown@addressBookMenu_t@@UAEPBDH@Z 0041b835 f i menu.obj
 0001:0001a894       ?Init@playerConfigMenu_t@@UAE_NXZ 0041b894 f i menu.obj
 0001:0001addb       ?HandednessCallback@playerConfigMenu_t@@SAXPAX@Z 0041bddb f i menu.obj
 0001:0001adf0       ?RTypeCallback@playerConfigMenu_t@@SAXPAX@Z 0041bdf0 f i menu.obj
 0001:0001ae05       ?RColorCallback@playerConfigMenu_t@@SAXPAX@Z 0041be05 f i menu.obj
 0001:0001ae1a       ?RateCallback@playerConfigMenu_t@@SAXPAX@Z 0041be1a f i menu.obj
 0001:0001ae3d       ?ModelCallback@playerConfigMenu_t@@SAXPAX@Z 0041be3d f i menu.obj
 0001:0001ae71       ?SkinCallback@playerConfigMenu_t@@SAXPAX@Z 0041be71 f i menu.obj
 0001:0001ae79       ?Draw@playerConfigMenu_t@@UAEXXZ 0041be79 f i menu.obj
 0001:0001b151       ?KeyDown@playerConfigMenu_t@@UAEPBDH@Z 0041c151 f i menu.obj
 0001:0001b231       ?Init@dmbrowseMenu_t@@UAE_NXZ 0041c231 f i menu.obj
 0001:0001b43a       ?KeyDown@dmbrowseMenu_t@@UAEPBDH@Z 0041c43a f i menu.obj
 0001:0001b612       ?Draw@dmbrowseMenu_t@@UAEXXZ 0041c612 f i menu.obj
 0001:0001b75f       ?DrawThumbnail@dmbrowseMenu_t@@SAXHHHHPBD_N@Z 0041c75f f i menu.obj
 0001:0001b839       ?Init@videoMenu_t@@UAE_NXZ 0041c839 f i menu.obj
 0001:0001be35       ?ScreenSizeCallback@videoMenu_t@@SAXPAX@Z 0041ce35 f i menu.obj
 0001:0001be56       ?BrightnessCallback@videoMenu_t@@SAXPAX@Z 0041ce56 f i menu.obj
 0001:0001be77       ?ContrastCallback@videoMenu_t@@SAXPAX@Z 0041ce77 f i menu.obj
 0001:0001beb3       ?CancelChanges@videoMenu_t@@SAXPAX@Z 0041ceb3 f i menu.obj
 0001:0001bf00       ?KeyDown@videoMenu_t@@UAEPBDH@Z 0041cf00 f i menu.obj
 0001:0001bf49       ?ApplyChanges@videoMenu_t@@SAXPAX@Z 0041cf49 f i menu.obj
 0001:0001c124       ?KeyDown@quitMenu_t@@UAEPBDH@Z 0041d124 f i menu.obj
 0001:0001c161       ?Draw@quitMenu_t@@UAEXXZ   0041d161 f i menu.obj
 0001:0001c1d1       ?M_Init@@YAXXZ             0041d1d1 f   menu.obj
 0001:0001c3b3       ?ItemAtCursor@menuFramework_t@@QAEPAUmenuCommon_t@@XZ 0041d3b3 f   qmenu.obj
 0001:0001c407       ?AddItem@menuFramework_t@@QAEXPAUmenuCommon_t@@@Z 0041d407 f   qmenu.obj
 0001:0001c4c3       ?AdjustCursor@menuFramework_t@@QAEXH@Z 0041d4c3 f   qmenu.obj
 0001:0001c63b       ?Center@menuFramework_t@@QAEXXZ 0041d63b f   qmenu.obj
 0001:0001c67c       ?Draw@menuFramework_t@@UAEXXZ 0041d67c f   qmenu.obj
 0001:0001cc35       ?SelectItem@menuFramework_t@@QAE_NXZ 0041dc35 f   qmenu.obj
 0001:0001cc9a       ?SetStatusBar@menuFramework_t@@QAEXPBD@Z 0041dc9a f   qmenu.obj
 0001:0001cca7       ?SlideItem@menuFramework_t@@QAEXH@Z 0041dca7 f   qmenu.obj
 0001:0001d245       ?Push@menuFramework_t@@QAEXXZ 0041e245 f   qmenu.obj
 0001:0001d2c4       ?M_ForceMenuOff@@YAXXZ     0041e2c4 f   qmenu.obj
 0001:0001d2f1       ?Pop@menuFramework_t@@QAEXXZ 0041e2f1 f   qmenu.obj
 0001:0001d32b       ?KeyDown@menuFramework_t@@UAEPBDH@Z 0041e32b f   qmenu.obj
 0001:0001d5a3       ?Init@menuFramework_t@@UAE_NXZ 0041e5a3 f   qmenu.obj
 0001:0001d5a6       ?M_Draw@@YAXXZ             0041e5a6 f   qmenu.obj
 0001:0001d5e1       ?M_Keydown@@YAXH@Z         0041e5e1 f   qmenu.obj
 0001:0001d603       ?InitRendererVars@@YAXXZ   0041e603 f   ref_vars.obj
 0001:0001d622       ?S_SoundInfo_f@@YAXXZ      0041e622 f   snd_dma.obj
 0001:0001d69c       ?S_Init@@YAXXZ             0041e69c f   snd_dma.obj
 0001:0001d76e       ?S_Shutdown@@YAXXZ         0041e76e f   snd_dma.obj
 0001:0001d801       ?S_BeginRegistration@@YAXXZ 0041e801 f   snd_dma.obj
 0001:0001d80f       ?S_RegisterSound@@YAPAUsfx_t@@PBD@Z 0041e80f f   snd_dma.obj
 0001:0001d9ba       ?S_EndRegistration@@YAXXZ  0041e9ba f   snd_dma.obj
 0001:0001da43       ?S_PickChannel@@YAPAUchannel_t@@HH@Z 0041ea43 f   snd_dma.obj
 0001:0001dad1       ?S_Spatialize@@YAXPAUchannel_t@@@Z 0041ead1 f   snd_dma.obj
 0001:0001dcb3       ?S_AllocPlaysound@@YAPAUplaysound_t@@XZ 0041ecb3 f   snd_dma.obj
 0001:0001dcd5       ?S_FreePlaysound@@YAXPAUplaysound_t@@@Z 0041ecd5 f   snd_dma.obj
 0001:0001dd08       ?S_IssuePlaysound@@YAXPAUplaysound_t@@@Z 0041ed08 f   snd_dma.obj
 0001:0001ddd9       ?S_StartSound@@YAXPBUCVec3@@HHPAUsfx_t@@MMM@Z 0041edd9 f   snd_dma.obj
 0001:0001e199       ?S_StartLocalSound@@YAXPBD@Z 0041f199 f   snd_dma.obj
 0001:0001e1eb       ?S_ClearBuffer@@YAXXZ      0041f1eb f   snd_dma.obj
 0001:0001e254       ?S_StopAllSounds_f@@YAXXZ  0041f254 f   snd_dma.obj
 0001:0001e2c4       ?S_RawSamples@@YAXHHHHPAE@Z 0041f2c4 f   snd_dma.obj
 0001:0001e4c8       ?S_Update@@YAXABUCVec3@@0@Z 0041f4c8 f   snd_dma.obj
 0001:0001e785       ?GetSoundtime@@YAXXZ       0041f785 f   snd_dma.obj
 0001:0001e7ec       ?S_Update_@@YAXXZ          0041f7ec f   snd_dma.obj
 0001:0001ea9f       ?S_LoadSound@@YAPAUsfxcache_t@@PAUsfx_t@@@Z 0041fa9f f   snd_mem.obj
 0001:0001f02e       ?S_WriteLinearBlastStereo16@@YAXXZ 0042002e f   snd_mix.obj
 0001:0001f098       ?S_TransferStereo16@@YAXPAKH@Z 00420098 f   snd_mix.obj
 0001:0001f103       ?S_TransferPaintBuffer@@YAXH@Z 00420103 f   snd_mix.obj
 0001:0001f267       ?S_PaintChannels@@YAXH@Z   00420267 f   snd_mix.obj
 0001:0001f4e3       ?S_InitScaletable@@YAXXZ   004204e3 f   snd_mix.obj
 0001:0001f628       ?SV_ComputeAnimation@@YAXPAUplayer_state_t@@AAUentityStateEx_t@@PAU2@PAUedict_s@@@Z 00420628 f   sv_anim.obj
 0001:0001fae1       ?SV_ReadLevelFile@@YAXXZ   00420ae1 f   sv_ccmds.obj
 0001:0001fb86       ?SV_AddressBanned@@YA_NPAUnetadr_t@@@Z 00420b86 f   sv_ccmds.obj
 0001:0001fbca       ?SV_InitCommands@@YAXXZ    00420bca f   sv_ccmds.obj
 0001:00021074       ?sprintf@?$TString@$0CI@@@QAAHPBDZZ 00422074 f i sv_ccmds.obj
 0001:00021095       ?SV_WriteFrameToClient@@YAXPAUclient_t@@PAVsizebuf_t@@@Z 00422095 f   sv_ents.obj
 0001:000217a0       ?SV_RecordDemoMessage@@YAXXZ 004227a0 f   sv_ents.obj
 0001:0002196e       ?SV_MulticastOld@@YAXABUCVec3@@W4multicast_t@@@Z 0042296e f i sv_game.obj
 0001:00021983       ?SV_StartSoundOld@@YAXPBUCVec3@@PAUedict_s@@HHMMM@Z 00422983 f i sv_game.obj
 0001:000223db       ?SV_InitGameLibrary@@YAX_N@Z 004233db f   sv_game.obj
 0001:000226d0       ?SV_ShutdownGameLibrary@@YAXXZ 004236d0 f   sv_game.obj
 0001:0002282d       ?SV_ModelIndex@@YAHPBD@Z   0042382d f   sv_init.obj
 0001:0002295d       ?SV_SoundIndex@@YAHPBD@Z   0042395d f   sv_init.obj
 0001:00022979       ?SV_ImageIndex@@YAHPBD@Z   00423979 f   sv_init.obj
 0001:00022995       ?SV_CreateBaseline@@YAXXZ  00423995 f   sv_init.obj
 0001:00022a12       ?SV_SpawnServer@@YAXPAD0W4server_state_t@@_N2@Z 00423a12 f   sv_init.obj
 0001:00022d7f       ?SV_InitGame@@YAXXZ        00423d7f f   sv_init.obj
 0001:00022fa8       ?SV_Map@@YAX_NPBD0@Z       00423fa8 f   sv_init.obj
 0001:0002316d       ?SV_DropClient@@YAXPAUclient_t@@PAD@Z 0042416d f   sv_main.obj
 0001:00023b9d       ??0COutputDeviceMem@@QAE@H@Z 00424b9d f i sv_main.obj
 0001:00023bce       ?Write@COutputDeviceMem@@UAEXPBD@Z 00424bce f i sv_main.obj
 0001:00023c55       ??_GCOutputDeviceMem@@UAEPAXI@Z 00424c55 f i sv_main.obj
 0001:00023c55       ??_ECOutputDeviceMem@@UAEPAXI@Z 00424c55 f i sv_main.obj
 0001:00023c74       ??1COutputDeviceMem@@UAE@XZ 00424c74 f i sv_main.obj
 0001:00023c93       ?SV_CalcPings@@YAXXZ       00424c93 f   sv_main.obj
 0001:00023d1a       ?SV_GiveMsec@@YAXXZ        00424d1a f   sv_main.obj
 0001:00023d59       ?SV_ReadPackets@@YAXXZ     00424d59 f   sv_main.obj
 0001:00023f7e       ?SV_CheckTimeouts@@YAXXZ   00424f7e f   sv_main.obj
 0001:0002408f       ?SV_PostprocessFrame@@YAXXZ 0042508f f   sv_main.obj
 0001:00024554       ?SV_MulticastHook@@YAPAVsizebuf_t@@PAV1@0@Z 00425554 f   sv_main.obj
 0001:00024930       ?SV_TraceHook@@YAXAAUtrace0_t@@ABUCVec3@@PBU2@21PAUedict_s@@H@Z 00425930 f   sv_main.obj
 0001:00024baf       ?SV_Frame@@YAXM@Z          00425baf f   sv_main.obj
 0001:00024e58       ?SV_UserinfoChanged@@YAXPAUclient_t@@@Z 00425e58 f   sv_main.obj
 0001:00024f19       ?SV_InitVars@@YAXXZ        00425f19 f   sv_main.obj
 0001:00024f28       ?SV_Init@@YAXXZ            00425f28 f   sv_main.obj
 0001:00024f81       ?SV_Shutdown@@YAXPBD_N@Z   00425f81 f   sv_main.obj
 0001:0002518e       ?SV_ClientPrintf@@YAXPAUclient_t@@HPBDZZ 0042618e f   sv_send.obj
 0001:000251e9       ?SV_BroadcastPrintf@@YAXHPBDZZ 004261e9 f   sv_send.obj
 0001:000252bf       ?SV_BroadcastCommand@@YAXPBDZZ 004262bf f   sv_send.obj
 0001:00025319       ?SV_Multicast@@YAXABUCVec3@@W4multicast_t@@_N@Z 00426319 f   sv_send.obj
 0001:0002551a       ?SV_StartSound@@YAXPBUCVec3@@PAUedict_s@@HHMMM_N@Z 0042651a f   sv_send.obj
 0001:000257b3       ?SV_SendClientDatagram@@YA_NPAUclient_t@@@Z 004267b3 f   sv_send.obj
 0001:00025875       ?SV_DemoCompleted@@YAXXZ   00426875 f   sv_send.obj
 0001:00025891       ?SV_SendClientMessages@@YAXXZ 00426891 f   sv_send.obj
 0001:00025a79       ?SV_DrawText3D@@YAXABUCVec3@@PBDI@Z 00426a79 f   sv_text.obj
 0001:00025ab1       ?SV_ClearTexts@@YAXXZ      00426ab1 f   sv_text.obj
 0001:00025ab9       ?SV_DrawTexts@@YAXXZ       00426ab9 f   sv_text.obj
 0001:00025b0e       ??0?$TTextContainer@UCSVText@@$0BAAAA@@@QAE@XZ 00426b0e f i sv_text.obj
 0001:00025b33       ?SV_TokenizeString@@YAXPBD@Z 00426b33 f   sv_tokenize.obj
 0001:00025c0a       ?SV_Argc@@YAHXZ            00426c0a f   sv_tokenize.obj
 0001:00025c10       ?SV_Argv@@YAPADH@Z         00426c10 f   sv_tokenize.obj
 0001:00025c2e       ?SV_Args@@YAPADXZ          00426c2e f   sv_tokenize.obj
 0001:000264e7       ?SV_Nextserver@@YAXXZ      004274e7 f   sv_user.obj
 0001:0002657b       ?SV_ClientThink@@YAXPAUclient_t@@PAUusercmd_t@@@Z 0042757b f   sv_user.obj
 0001:0002660c       ?SV_ExecuteClientMessage@@YAXPAUclient_t@@@Z 0042760c f   sv_user.obj
 0001:000269e2       ?SV_ClearWorld@@YAXXZ      004279e2 f   sv_world.obj
 0001:00026b20       ?SV_UnlinkEdict@@YAXPAUedict_s@@@Z 00427b20 f   sv_world.obj
 0001:00026be6       ?SV_LinkEdict@@YAXPAUedict_s@@@Z 00427be6 f   sv_world.obj
 0001:000272fb       ?SV_AreaEdicts@@YAHABUCVec3@@0PAPAUedict_s@@HH@Z 004282fb f   sv_world.obj
 0001:00027499       ?SV_PointContents@@YAHABUCVec3@@@Z 00428499 f   sv_world.obj
 0001:000275bf       ?SV_Trace@@YAXAAUtrace_t@@ABUCVec3@@1ABUCBox@@PAUedict_s@@H@Z 004285bf f   sv_world.obj
 0001:00027a3c       ?InitByteDirs@@YAXXZ       00428a3c f   anorms.obj
 0001:00027a7b       ?Cbuf_AddText@@YAXPBD@Z    00428a7b f   cmd.obj
 0001:00027ae1       ?Cbuf_CopyToDefer@@YAXXZ   00428ae1 f   cmd.obj
 0001:00027b29       ?Cbuf_InsertFromDefer@@YAXXZ 00428b29 f   cmd.obj
 0001:00027be5       ?Cbuf_Execute@@YAXXZ       00428be5 f   cmd.obj
 0001:00027cf5       ?Cmd_Unalias_f@@YAX_NHPAPAD@Z 00428cf5 f   cmd.obj
 0001:00027d6d       ?Cmd_WriteAliases@@YAXPAVCOutputDevice@@@Z 00428d6d f   cmd.obj
 0001:00027da0       ?RegisterCommand@@YA_NPBDP6AXXZI@Z 00428da0 f   cmd.obj
 0001:00027e81       ?UnregisterCommand@@YA_NPBD@Z 00428e81 f   cmd.obj
 0001:00027f12       ?ExecuteCommand@@YA_NPBD@Z 00428f12 f   cmd.obj
 0001:00028355       ?ExecuteCommand@@YA_NPBDPBUCSimpleCommand@@H@Z 00429355 f   cmd.obj
 0001:00028797       ?CM_LoadMap@@YAPAUCBspModel@@PBD_NPAI@Z 00429797 f   cmodel.obj
 0001:0002a126       ?CM_BuildBrush@@YAPAUCBrush@@HPAVCMemoryChain@@@Z 0042b126 f   cmodel.obj
 0001:0002a1ef       ?CM_InlineModel@@YAPAUCBspModel@@PBD@Z 0042b1ef f   cmodel.obj
 0001:0002a21a       ?CM_InlineModel@@YAPAUCBspModel@@H@Z 0042b21a f   cmodel.obj
 0001:0002a2f5       ?CM_HeadnodeForBox@@YAHABUCBox@@@Z 0042b2f5 f   cmodel.obj
 0001:0002a33d       ?CM_FindLeaf@@YAPBUCBspLeaf@@ABUCVec3@@H@Z 0042b33d f   cmodel.obj
 0001:0002a3ec       ?DistanceTo@CPlane@@QBEMABUCVec3@@@Z 0042b3ec f i cmodel.obj
 0001:0002a431       ?GetContents@CBspLeaf@@QBEIABUCVec3@@@Z 0042b431 f   cmodel.obj
 0001:0002a4b2       ?CM_PointContents@@YAHABUCVec3@@H@Z 0042b4b2 f   cmodel.obj
 0001:0002a51c       ?CM_TransformedPointContents@@YAHABUCVec3@@H00@Z 0042b51c f   cmodel.obj
 0001:0002a5f1       ?CM_TransformedPointContents@@YAHABUCVec3@@H0ABUCAxis@@@Z 0042b5f1 f   cmodel.obj
 0001:0002a690       ?CM_BoxLeafs@@YAHABUCBox@@PAPAUCBspLeaf@@HPAHH@Z 0042b690 f   cmodel.obj
 0001:0002a7a2       ?BOX_ON_PLANE_SIDE@@YAHABUCBox@@ABUCPlane@@@Z 0042b7a2 f i cmodel.obj
 0001:0002a80d       ?CM_BoxTrace@@YAXAAUtrace_t@@ABUCVec3@@1ABUCBox@@HI@Z 0042b80d f   cmodel.obj
 0001:0002aae9       ?GetVertex@CBox@@QBEXHAAUCVec3@@@Z 0042bae9 f i cmodel.obj
 0001:0002af63       ?SplitTrace@@YAMABUCVec3@@0ABUCPlane@@AAM2_N@Z 0042bf63 f i cmodel.obj
 0001:0002b410       ?CM_TransformedBoxTrace@@YAXAAUtrace_t@@ABUCVec3@@1ABUCBox@@HI11@Z 0042c410 f   cmodel.obj
 0001:0002b583       ?CM_TransformedBoxTrace@@YAXAAUtrace_t@@ABUCVec3@@1ABUCBox@@HI1ABUCAxis@@@Z 0042c583 f   cmodel.obj
 0001:0002b640       ?CM_CombineTrace@@YA_NAAUtrace_t@@ABU1@@Z 0042c640 f   cmodel.obj
 0001:0002b68d       ?CM_ClipTraceToModels@@YAXAAUtrace_t@@ABUCVec3@@1ABUCBox@@I@Z 0042c68d f   cmodel.obj
 0001:0002b78f       ?CM_PointModelContents@@YAHABUCVec3@@@Z 0042c78f f   cmodel.obj
 0001:0002b7e7       ?CM_BrushTrace@@YAHABUCVec3@@0PAHH@Z 0042c7e7 f   cmodel.obj
 0001:0002baed       ?CM_RefineBrushTrace@@YAHABUCVec3@@0PAHH@Z 0042caed f   cmodel.obj
 0001:0002bb93       ?CM_ClusterPVS@@YAPBEH@Z   0042cb93 f   cmodel.obj
 0001:0002bccb       ?CM_SetAreaPortalState@@YAXH_N@Z 0042cccb f   cmodel.obj
 0001:0002bcf3       ?CM_AreasConnected@@YA_NHH@Z 0042ccf3 f   cmodel.obj
 0001:0002bd3a       ?CM_WriteAreaBits@@YAHPAEH@Z 0042cd3a f   cmodel.obj
 0001:0002bddc       ?CM_WritePortalState@@YAXPAU_iobuf@@@Z 0042cddc f   cmodel.obj
 0001:0002bdf9       ?CM_ReadPortalState@@YAXPAU_iobuf@@@Z 0042cdf9 f   cmodel.obj
 0001:0002be1b       ?CM_HeadnodeVisible@@YA_NHPBE@Z 0042ce1b f   cmodel.obj
 0001:0002bef8       ??E?$TStringSplitter@$0EA@$0DL@@@QAEXXZ 0042cef8 f i cmodel.obj
 0001:0002bf5a       ?LoadNodes@@YAXPAUdBsp2Node_t@@H@Z 0042cf5a f i cmodel.obj
 0001:0002c071       ?LoadLeafBrushes@@YAXPAGHPAUdBsp2Leaf_t@@@Z 0042d071 f i cmodel.obj
 0001:0002c105       ?LoadSubmodels@@YAXPAUdBsp2Model_t@@H@Z 0042d105 f i cmodel.obj
 0001:0002c18d       ?LoadNodes@@YAXPAUdBsp1Node_t@@H@Z 0042d18d f i cmodel.obj
 0001:0002c250       ?LoadSubmodels@@YAXPAUdBsp1Model_t@@H@Z 0042d250 f i cmodel.obj
 0001:0002c2d8       ?LoadNodes@@YAXPAUdBsp3Node_t@@H@Z 0042d2d8 f i cmodel.obj
 0001:0002c38d       ?LoadLeafBrushes@@YAXPAIHPAUdBsp3Leaf_t@@@Z 0042d38d f i cmodel.obj
 0001:0002c41e       ?Com_DPrintf@@YAXPBDZZ     0042d41e f   common.obj
 0001:0002c497       ?DebugPrintf@@YAXPBDZZ     0042d497 f   common.obj
 0001:0002c546       ?IPWildcard@@YA_NPAUnetadr_t@@PBD@Z 0042d546 f   common.obj
 0001:0002c620       ?Com_ServerState@@YA?AW4server_state_t@@XZ 0042d620 f   common.obj
 0001:0002c626       ?Com_SetServerState@@YAXW4server_state_t@@@Z 0042d626 f   common.obj
 0001:0002c633       ?crand@@YAMXZ              0042d633 f   common.obj
 0001:0002c651       ?Info_ValueForKey@@YAPBDPBD0@Z 0042d651 f   common.obj
 0001:0002c6d0       ?Info_SetValueForKey@@YAXPADPBD1@Z 0042d6d0 f   common.obj
 0001:0002c807       ?Info_Print@@YAXPBD@Z      0042d807 f   common.obj
 0001:0002c88d       ?LerpAngle@@YAMMMM@Z       0042d88d f   common.obj
 0001:0002c8d1       ?ReduceAngle@@YAMM@Z       0042d8d1 f   common.obj
 0001:0002c8fd       ?AngleSubtract@@YAMMM@Z    0042d8fd f   common.obj
 0001:0002c936       ?AnglesSubtract@@YAXABUCVec3@@0AAU1@@Z 0042d936 f   common.obj
 0001:0002c98f       ?COM_Parse@@YAPADAAPBD_N@Z 0042d98f f   common.obj
 0001:0002cab1       ?COM_QuoteString@@YAPBDPBD_N@Z 0042dab1 f   common.obj
 0001:0002cb0e       ?Com_CheckCmdlineVar@@YA_NPBD@Z 0042db0e f   common.obj
 0001:0002cb67       ?Com_Init@@YAXPBD@Z        0042db67 f   common.obj
 0001:0002cf3f       ?Com_Frame@@YAXM@Z         0042df3f f   common.obj
 0001:0002d33f       ?Com_BlockSequenceCRCByte@@YAEPAEHH@Z 0042e33f f   crc.obj
 0001:0002d3f7       ?Cvar_VariableValue@@YAMPBD@Z 0042e3f7 f   cvar.obj
 0001:0002d46e       ?Cvar_VariableInt@@YAHPBD@Z 0042e46e f   cvar.obj
 0001:0002d485       ?Cvar_VariableString@@YAPBDPBD@Z 0042e485 f   cvar.obj
 0001:0002d4a1       ?Cvar_Get@@YAPAUcvar_t@@PBD0H@Z 0042e4a1 f   cvar.obj
 0001:0002d76e       ?Cvar_GetVars@@YAXPBUcvarInfo_t@@H@Z 0042e76e f   cvar.obj
 0001:0002d818       ?Cvar_FullSet@@YAXPAUcvar_t@@PBDI@Z 0042e818 f   cvar.obj
 0001:0002d838       ?Cvar_FullSet@@YAPAUcvar_t@@PBD0I@Z 0042e838 f   cvar.obj
 0001:0002d878       ?Cvar_SetValue@@YAPAUcvar_t@@PBDM@Z 0042e878 f   cvar.obj
 0001:0002da11       ?Cvar_SetInteger@@YAPAUcvar_t@@PBDH@Z 0042ea11 f   cvar.obj
 0001:0002da35       ?Cvar_Set@@YAPAUcvar_t@@PBD0@Z 0042ea35 f   cvar.obj
 0001:0002da4c       ?Cvar_ForceSet@@YAPAUcvar_t@@PBD0@Z 0042ea4c f   cvar.obj
 0001:0002da63       ?Cvar_Clamp@@YAMPAUcvar_t@@MM@Z 0042ea63 f   cvar.obj
 0001:0002dac1       ?Cvar_Command@@YA_NHPAPAD@Z 0042eac1 f   cvar.obj
 0001:0002db5c       ?IsDefault@cvar_t@@QAE_NXZ 0042eb5c f i cvar.obj
 0001:0002db79       ?Cvar_WriteVariables@@YAXPAVCOutputDevice@@HHPBD@Z 0042eb79 f   cvar.obj
 0001:0002dbff       ?Cvar_BitInfo@@YAPBDI@Z    0042ebff f   cvar.obj
 0001:0002dc51       ?Cvar_Cheats@@YAX_N@Z      0042ec51 f   cvar.obj
 0001:0002e4c8       ?MSG_WriteDeltaEntity@@YAXPAVsizebuf_t@@PBUentityStateEx_t@@PAU2@_N33@Z 0042f4c8 f   entdelta.obj
 0001:0002ea84       ?MSG_WriteRemoveEntity@@YAXPAVsizebuf_t@@H@Z 0042fa84 f   entdelta.obj
 0001:0002eac4       ?MSG_ReadEntityBits@@YAHPAVsizebuf_t@@PAIPA_N@Z 0042fac4 f   entdelta.obj
 0001:0002eb36       ?MSG_ReadDeltaEntity@@YAXPAVsizebuf_t@@PBUentityStateEx_t@@PAU2@I@Z 0042fb36 f   entdelta.obj
 0001:0002ebb9       ?MSG_WriteDeltaUsercmd@@YAXPAVsizebuf_t@@PBUusercmd_t@@PAU2@@Z 0042fbb9 f   entdelta.obj
 0001:0002ec48       ?MSG_ReadDeltaUsercmd@@YAXPAVsizebuf_t@@PBUusercmd_t@@PAU2@@Z 0042fc48 f   entdelta.obj
 0001:0002ef4b       ?MSG_WriteDeltaPlayerstate@@YAXPAVsizebuf_t@@PBUplayer_state_t@@PAU2@@Z 0042ff4b f   entdelta.obj
 0001:0002f054       ?MSG_ReadDeltaPlayerstate@@YAXPAVsizebuf_t@@PBUplayer_state_t@@PAU2@@Z 00430054 f   entdelta.obj
 0001:0002f10e       ?ProcessEntstring@@YAPBDPBD@Z 0043010e f   EntityParser.obj
 0001:00030833       ?Inflate@CBox@@QAEXM@Z     00431833 f i EntityParser.obj
 0001:00031cc7       ?LoadPCX@@YAPAEPBDAAH1AAPAE@Z 00432cc7 f   images.obj
 0001:00031e02       ?LoadTGA@@YAPAEPBDAAH1@Z   00432e02 f   images.obj
 0001:00032096       ?LoadJPG@@YAPAEPBDAAH1@Z   00433096 f   images.obj
 0001:0003234a       ?ImageExists@@YAHPBDH@Z    0043334a f   images.obj
 0001:0003246e       ?WriteTGA@@YA_NPBDPAEHH@Z  0043346e f   images.obj
 0001:00032662       ?WriteJPG@@YA_NPBDPAEHH_N@Z 00433662 f   images.obj
 0001:00032793       ??0CBrush@@QAE@ABUCBox@@@Z 00433793 f   MapBrush.obj
 0001:000328e4       ?Split@CBrush@@QAEPAU1@PAUCPlane@@@Z 004338e4 f   MapBrush.obj
 0001:00033336       ?GetVec@CAllocVertexPool@@QAEPAUCVec3@@ABU2@@Z 00434336 f i MapBrush.obj
 0001:000333ca       ?GetBounds@CBrush@@QAEXAAUCBox@@@Z 004343ca f   MapBrush.obj
 0001:0003344c       ?AddBevels@CBrush@@QAEXP6APAUCPlane@@ABUCVec3@@M@Z@Z 0043444c f   MapBrush.obj
 0001:00033740       ?Negate@CVec3@@QAEXXZ      00434740 f i MapBrush.obj
 0001:0003374e       ?MD4Init@@YAXPAUMD4_CTX@@@Z 0043474e f   md4.obj
 0001:00033776       ?MD4Update@@YAXPAUMD4_CTX@@PAEI@Z 00434776 f   md4.obj
 0001:00033814       ?MD4Final@@YAXQAEPAUMD4_CTX@@@Z 00434814 f   md4.obj
 0001:00033f05       ?Com_BlockChecksum@@YAIPAXH@Z 00434f05 f   md4.obj
 0001:00033f41       ?LoadQ2BspFile@@YAXXZ      00434f41 f   model.obj
 0001:0003441a       ?LoadQ1BspFile@@YAXXZ      0043541a f   model.obj
 0001:0003473a       ?LoadQ3BspFile@@YAXXZ      0043573a f   model.obj
 0001:000349a7       ?LoadBspFile@@YAPAUbspfile_t@@PBD_NPAI@Z 004359a7 f   model.obj
 0001:00034bae       ?Init@sizebuf_t@@QAEXPAXH@Z 00435bae f   msg.obj
 0001:00034bcb       ?Write@sizebuf_t@@QAEXPBXH@Z 00435bcb f   msg.obj
 0001:00034c3d       ?MSG_WriteChar@@YAXPAVsizebuf_t@@H@Z 00435c3d f   msg.obj
 0001:00034c3d       ?MSG_WriteByte@@YAXPAVsizebuf_t@@H@Z 00435c3d f   msg.obj
 0001:00034c50       ?MSG_WriteShort@@YAXPAVsizebuf_t@@H@Z 00435c50 f   msg.obj
 0001:00034c63       ?MSG_WriteLong@@YAXPAVsizebuf_t@@H@Z 00435c63 f   msg.obj
 0001:00034c76       ?MSG_WriteFloat@@YAXPAVsizebuf_t@@M@Z 00435c76 f   msg.obj
 0001:00034c89       ?MSG_WriteString@@YAXPAVsizebuf_t@@PBD@Z 00435c89 f   msg.obj
 0001:00034cb3       ?MSG_WritePos@@YAXPAVsizebuf_t@@ABUCVec3@@@Z 00435cb3 f   msg.obj
 0001:00034d17       ?MSG_WriteAngle@@YAXPAVsizebuf_t@@M@Z 00435d17 f   msg.obj
 0001:00034d42       ?MSG_WriteAngle16@@YAXPAVsizebuf_t@@M@Z 00435d42 f   msg.obj
 0001:00034d6d       ?MSG_WriteDir@@YAXPAVsizebuf_t@@ABUCVec3@@@Z 00435d6d f   msg.obj
 0001:00034dd5       ?MSG_ReadDir@@YAXPAVsizebuf_t@@AAUCVec3@@@Z 00435dd5 f   msg.obj
 0001:00034e08       ?MSG_ReadChar@@YAHPAVsizebuf_t@@@Z 00435e08 f   msg.obj
 0001:00034e2b       ?MSG_ReadByte@@YAHPAVsizebuf_t@@@Z 00435e2b f   msg.obj
 0001:00034e53       ?MSG_ReadShort@@YAHPAVsizebuf_t@@@Z 00435e53 f   msg.obj
 0001:00034e7c       ?MSG_ReadLong@@YAHPAVsizebuf_t@@@Z 00435e7c f   msg.obj
 0001:00034e9e       ?MSG_ReadString@@YAPADPAVsizebuf_t@@@Z 00435e9e f   msg.obj
 0001:00034ed4       ?MSG_ReadPos@@YAXPAVsizebuf_t@@AAUCVec3@@@Z 00435ed4 f   msg.obj
 0001:00034f26       ?MSG_ReadAngle@@YAMPAVsizebuf_t@@@Z 00435f26 f   msg.obj
 0001:00034f40       ?MSG_ReadAngle16@@YAMPAVsizebuf_t@@@Z 00435f40 f   msg.obj
 0001:00034f5a       ?MSG_ReadData@@YAXPAVsizebuf_t@@PAXH@Z 00435f5a f   msg.obj
 0001:00034f7d       ?Netchan_Init@@YAXXZ       00435f7d f   net_chan.obj
 0001:00034fec       ?Netchan_OutOfBandPrint@@YAXW4netsrc_t@@Unetadr_t@@PBDZZ 00435fec f   net_chan.obj
 0001:00035071       ?Setup@netchan_t@@QAEXW4netsrc_t@@Unetadr_t@@H@Z 00436071 f   net_chan.obj
 0001:000350c7       ?NeedReliable@netchan_t@@QAE_NXZ 004360c7 f   net_chan.obj
 0001:000350ec       ?Transmit@netchan_t@@QAEXPAXH@Z 004360ec f   net_chan.obj
 0001:00035282       ?Process@netchan_t@@QAE_NPAVsizebuf_t@@@Z 00436282 f   net_chan.obj
 0001:000353af       ?Pmove@@YAXPAUpmove_t@@@Z  004363af f   pmove.obj
 0001:00037025       ?FileExists@CQuakeFileSystem@@UAE_NPBDI@Z 00438025 f i QuakeFileSystem.obj
 0001:0003708c       ?CheckFilename@CQuakeFileSystem@@AAEXPBD@Z 0043808c f i QuakeFileSystem.obj
 0001:0003712b       ?OpenFile@CQuakeFileSystem@@UAEPAVCFile@@PBDI@Z 0043812b f i QuakeFileSystem.obj
 0001:000371bb       ?List@CQuakeFileSystem@@UAEPAVCFileList@@PBDIPAV2@@Z 004381bb f i QuakeFileSystem.obj
 0001:0003724d       ??_GCFileSystem@@UAEPAXI@Z 0043824d f i QuakeFileSystem.obj
 0001:0003724d       ??_GCQuakeFileSystem@@UAEPAXI@Z 0043824d f i QuakeFileSystem.obj
 0001:0003724d       ??_ECFileSystem@@UAEPAXI@Z 0043824d f i QuakeFileSystem.obj
 0001:0003724d       ??_ECQuakeFileSystem@@UAEPAXI@Z 0043824d f i QuakeFileSystem.obj
 0001:0003726d       ?FS_Gamedir@@YAPBDXZ       0043826d f   QuakeFileSystem.obj
 0001:00037273       ?FS_NextPath@@YAPBDPBD@Z   00438273 f   QuakeFileSystem.obj
 0001:000372b7       ?FS_CopyFile@@YAXPBD0@Z    004382b7 f   QuakeFileSystem.obj
 0001:0003738d       ?FS_CopyFiles@@YAXPBD0@Z   0043838d f   QuakeFileSystem.obj
 0001:000374a7       ?FS_RemoveFiles@@YAXPBD@Z  004384a7 f   QuakeFileSystem.obj
 0001:00037562       ?InitFileSystem@@YAXXZ     00438562 f   QuakeFileSystem.obj
 0001:00037696       ?Create@CFileContainerPak@@SAPAVCFileContainer@@PBDPAU_iobuf@@@Z 00438696 f i QuakeFileSystem.obj
 0001:000377ff       ??0CFileContainerArc@@QAE@XZ 004387ff f i QuakeFileSystem.obj
 0001:00037846       ??_ECFileContainerArc@@UAEPAXI@Z 00438846 f i QuakeFileSystem.obj
 0001:00037846       ??_GCFileContainerArc@@UAEPAXI@Z 00438846 f i QuakeFileSystem.obj
 0001:00037875       ?GetType@CFileContainerPak@@MAEPBDXZ 00438875 f i QuakeFileSystem.obj
 0001:0003787b       ?OpenLocalFile@CFileContainerPak@@MAEPAVCFile@@ABVCStringItem@@@Z 0043887b f i QuakeFileSystem.obj
 0001:000378cb       ?Read@CFilePak@CFileContainerPak@@UAEHPAXH@Z 004388cb f i QuakeFileSystem.obj
 0001:00037905       ?GetSize@CFilePak@CFileContainerPak@@UAEHXZ 00438905 f i QuakeFileSystem.obj
 0001:0003790c       ?Eof@CFilePak@CFileContainerPak@@UAE_NXZ 0043890c f i QuakeFileSystem.obj
 0001:00037919       ??_ECFilePak@CFileContainerPak@@UAEPAXI@Z 00438919 f i QuakeFileSystem.obj
 0001:00037919       ??_GCFilePak@CFileContainerPak@@UAEPAXI@Z 00438919 f i QuakeFileSystem.obj
 0001:0003794e       ??_GCFileContainerPak@@UAEPAXI@Z 0043894e f i QuakeFileSystem.obj
 0001:0003794e       ??_ECFileContainerPak@@UAEPAXI@Z 0043894e f i QuakeFileSystem.obj
 0001:0003797d       ?Create@CFileContainerZip@@SAPAVCFileContainer@@PBDPAU_iobuf@@@Z 0043897d f i QuakeFileSystem.obj
 0001:00037c7c       ?GetType@CFileContainerZip@@MAEPBDXZ 00438c7c f i QuakeFileSystem.obj
 0001:00037c82       ?OpenLocalFile@CFileContainerZip@@MAEPAVCFile@@ABVCStringItem@@@Z 00438c82 f i QuakeFileSystem.obj
 0001:00037d1e       ??0CFilePak@CFileContainerZip@@QAE@ABVCFileInfo@1@PAU_iobuf@@@Z 00438d1e f i QuakeFileSystem.obj
 0001:00037d70       ?Read@CFilePak@CFileContainerZip@@UAEHPAXH@Z 00438d70 f i QuakeFileSystem.obj
 0001:00037eb9       ?GetSize@CFilePak@CFileContainerZip@@UAEHXZ 00438eb9 f i QuakeFileSystem.obj
 0001:00037ec3       ?Eof@CFilePak@CFileContainerZip@@UAE_NXZ 00438ec3 f i QuakeFileSystem.obj
 0001:00037ed6       ??_ECFilePak@CFileContainerZip@@UAEPAXI@Z 00438ed6 f i QuakeFileSystem.obj
 0001:00037ed6       ??_GCFilePak@CFileContainerZip@@UAEPAXI@Z 00438ed6 f i QuakeFileSystem.obj
 0001:00037ef5       ??1CFilePak@CFileContainerZip@@UAE@XZ 00438ef5 f i QuakeFileSystem.obj
 0001:00037f64       ??_GCFileContainerZip@@UAEPAXI@Z 00438f64 f i QuakeFileSystem.obj
 0001:00037f64       ??_ECFileContainerZip@@UAEPAXI@Z 00438f64 f i QuakeFileSystem.obj
 0001:00037f93       ?Mount@CZResource@@SAPAVCFileContainer@@PBDPBE0PAVCFileSystem@@@Z 00438f93 f i QuakeFileSystem.obj
 0001:0003813f       ?GetType@CZResource@@MAEPBDXZ 0043913f f i QuakeFileSystem.obj
 0001:00038145       ?OpenLocalFile@CZResource@@MAEPAVCFile@@ABVCStringItem@@@Z 00439145 f i QuakeFileSystem.obj
 0001:00038176       ??0CFileRes@CZResource@@QAE@ABVCFileInfo@1@PBXH@Z 00439176 f i QuakeFileSystem.obj
 0001:00038229       ?Read@CFileRes@CZResource@@UAEHPAXH@Z 00439229 f i QuakeFileSystem.obj
 0001:0003827c       ?GetSize@CFileRes@CZResource@@UAEHXZ 0043927c f i QuakeFileSystem.obj
 0001:00038283       ?Eof@CFileRes@CZResource@@UAE_NXZ 00439283 f i QuakeFileSystem.obj
 0001:00038290       ??_ECFileRes@CZResource@@UAEPAXI@Z 00439290 f i QuakeFileSystem.obj
 0001:00038290       ??_GCFileRes@CZResource@@UAEPAXI@Z 00439290 f i QuakeFileSystem.obj
 0001:000382c2       ??_ECZResource@@UAEPAXI@Z  004392c2 f i QuakeFileSystem.obj
 0001:000382c2       ??_GCZResource@@UAEPAXI@Z  004392c2 f i QuakeFileSystem.obj
 0001:000382f1       ?MountGame@CQuakeFileSystem@@QAEXPBD@Z 004392f1 f i QuakeFileSystem.obj
 0001:0003833c       ?SetGameDir@CQuakeFileSystem@@QAE_NPBD@Z 0043933c f i QuakeFileSystem.obj
 0001:0003853e       ?FS_Tick@@YAXXZ            0043953e f   QuakeFileSystem.obj
 0001:0003868b       ?CDAudio_Play@@YAXH_N@Z    0043968b f   cd_win.obj
 0001:0003887e       ?CDAudio_Stop@@YAXXZ       0043987e f   cd_win.obj
 0001:0003893f       ?CDAudio_Update@@YAXXZ     0043993f f   cd_win.obj
 0001:000389e2       ?CDAudio_Init@@YA_NXZ      004399e2 f   cd_win.obj
 0001:00038e03       ?CDAudio_Shutdown@@YAXXZ   00439e03 f   cd_win.obj
 0001:00038e26       ?CDAudio_Activate@@YAX_N@Z 00439e26 f   cd_win.obj
 0001:00038e3d       ?IN_Init@@YAXXZ            00439e3d f   in_win.obj
 0001:000390ca       ?IN_Shutdown@@YAXXZ        0043a0ca f   in_win.obj
 0001:0003932b       ?IN_Activate@@YAX_N@Z      0043a32b f   in_win.obj
 0001:00039338       ?IN_Frame@@YAXXZ           0043a338 f   in_win.obj
 0001:0003969a       ?IN_Move@@YAXPAUusercmd_t@@@Z 0043a69a f   in_win.obj
 0001:00039b45       ?NET_CompareAdr@@YA_NPAUnetadr_t@@0@Z 0043ab45 f   net_wins.obj
 0001:00039b80       ?NET_CompareBaseAdr@@YA_NPAUnetadr_t@@0@Z 0043ab80 f   net_wins.obj
 0001:00039bad       ?NET_AdrToString@@YAPBDPAUnetadr_t@@@Z 0043abad f   net_wins.obj
 0001:00039bf3       ?NET_StringToAdr@@YA_NPBDPAUnetadr_t@@F@Z 0043abf3 f   net_wins.obj
 0001:00039d08       ?NET_IsLocalAddress@@YA_NPAUnetadr_t@@@Z 0043ad08 f   net_wins.obj
 0001:00039d17       ?NET_GetPacket@@YA_NW4netsrc_t@@PAUnetadr_t@@PAVsizebuf_t@@@Z 0043ad17 f   net_wins.obj
 0001:00039e96       ?NET_SendPacket@@YAXW4netsrc_t@@HPAXUnetadr_t@@@Z 0043ae96 f   net_wins.obj
 0001:00039fb4       ?NET_Config@@YAX_N@Z       0043afb4 f   net_wins.obj
 0001:0003a18f       ?NET_Init@@YAXXZ           0043b18f f   net_wins.obj
 0001:0003a242       ?SNDDMA_Init@@YA_NXZ       0043b242 f   snd_win.obj
 0001:0003a88d       ?SNDDMA_GetDMAPos@@YAHXZ   0043b88d f   snd_win.obj
 0001:0003a8d7       ?SNDDMA_BeginPainting@@YAXXZ 0043b8d7 f   snd_win.obj
 0001:0003a9f6       ?SNDDMA_Submit@@YAXXZ      0043b9f6 f   snd_win.obj
 0001:0003aa1b       ?SNDDMA_Shutdown@@YAXXZ    0043ba1b f   snd_win.obj
 0001:0003aa20       ?S_Activate@@YAX_N@Z       0043ba20 f   snd_win.obj
 0001:0003aa73       ?Write@COutputDeviceWin32Console@@UAEXPBD@Z 0043ba73 f i sys_win.obj
 0001:0003aaeb       ?EraseInput@COutputDeviceWin32Console@@QAEXXZ 0043baeb f i sys_win.obj
 0001:0003ab71       ??_ECOutputDeviceWin32Console@@UAEPAXI@Z 0043bb71 f i sys_win.obj
 0001:0003ab71       ??_GCOutputDeviceWin32Console@@UAEPAXI@Z 0043bb71 f i sys_win.obj
 0001:0003ab91       ?Sys_ConsoleInput@@YAPADXZ 0043bb91 f   sys_win.obj
 0001:0003ae1a       ?Sys_ProcessMessages@@YAXXZ 0043be1a f   sys_win.obj
 0001:0003aed3       _WinMain@16                0043bed3 f   sys_win.obj
 0001:0003b209       ??_GCOutputDeviceCon@@UAEPAXI@Z 0043c209 f i sys_win.obj
 0001:0003b209       ??_ECOutputDeviceCon@@UAEPAXI@Z 0043c209 f i sys_win.obj
 0001:0003b2b1       ?Init@COutputDeviceWin32Console@@QAEXXZ 0043c2b1 f i sys_win.obj
 0001:0003b2db       ?AddMsgHook@@YAXP6A_NIIJ@Z@Z 0043c2db f   vid_dll.obj
 0001:0003b322       ?RemoveMsgHook@@YAXP6A_NIIJ@Z@Z 0043c322 f   vid_dll.obj
 0001:0003b355       ?Vid_CreateWindow@@YAPAXHH_N@Z 0043c355 f   vid_dll.obj
 0001:0003ba4e       ?Vid_DestroyWindow@@YAX_N@Z 0043ca4e f   vid_dll.obj
 0001:0003ba8d       ?Vid_Restart@@YAXXZ        0043ca8d f   vid_dll.obj
 0001:0003ba99       ?Vid_GetModeInfo@@YA_NPAH0H@Z 0043ca99 f   vid_dll.obj
 0001:0003bacb       ?Vid_Tick@@YAXXZ           0043cacb f   vid_dll.obj
 0001:0003bc94       ?Vid_Init@@YAXXZ           0043cc94 f   vid_dll.obj
 0001:0003bd37       ?Vid_Shutdown@@YAXXZ       0043cd37 f   vid_dll.obj
 0001:0003bd56       ?PreLight@Comb@OpenGLDrv@@YA_NPBVshader_t@2@AAH@Z 0043cd56 f   gl_backend.obj
 0001:0003bfb0       ?PostLight@Comb@OpenGLDrv@@YAXPBVshader_t@2@@Z 0043cfb0 f   gl_backend.obj
 0001:0003c236       ?AddStaticStages@Comb@OpenGLDrv@@YAXPBVshader_t@2@H@Z 0043d236 f   gl_backend.obj
 0001:0003c372       ?ComputeConstColor@Comb@OpenGLDrv@@YAXXZ 0043d372 f   gl_backend.obj
 0001:0003c697       ?NoMultitexture@Comb@OpenGLDrv@@YAXXZ 0043d697 f   gl_backend.obj
 0001:0003c6ee       ?UseMultitexture@Comb@OpenGLDrv@@YAXXZ 0043d6ee f   gl_backend.obj
 0001:0003cd05       ?ShowFillrate@Comb@OpenGLDrv@@YAXPBVshader_t@2@@Z 0043dd05 f   gl_backend.obj
 0001:0003cda4       ?DebugLight@Comb@OpenGLDrv@@YAXPBVshader_t@2@@Z 0043dda4 f   gl_backend.obj
 0001:0003cf39       ?ComputeCombiners@Comb@OpenGLDrv@@YAXPBVshader_t@2@@Z 0043df39 f   gl_backend.obj
 0001:0003d099       ?BK_FlushShader@OpenGLDrv@@YAXXZ 0043e099 f   gl_backend.obj
 0001:0003ef18       ?Tesselate@surfacePlanar_t@OpenGLDrv@@UAEXAAUrefEntity_t@2@@Z 0043ff18 f   gl_backend.obj
 0001:0003f07e       ?Tesselate@surfaceTrisurf_t@OpenGLDrv@@UAEXAAUrefEntity_t@2@@Z 0044007e f   gl_backend.obj
 0001:0003f186       ?Tesselate@surfacePoly_t@OpenGLDrv@@UAEXAAUrefEntity_t@2@@Z 00440186 f   gl_backend.obj
 0001:0003f28d       ?Tesselate@surfaceMd3_t@OpenGLDrv@@UAEXAAUrefEntity_t@2@@Z 0044028d f   gl_backend.obj
 0001:0003f857       ?DrawBrush@OpenGLDrv@@YAXPBUCBrush@@PBDH@Z 00440857 f   gl_backend.obj
 0001:0003f8ba       ?Tesselate@surfaceEntity_t@OpenGLDrv@@UAEXAAUrefEntity_t@2@@Z 004408ba f   gl_backend.obj
 0001:0003f9b5       ?Tesselate@surfaceParticle_t@OpenGLDrv@@UAEXAAUrefEntity_t@2@@Z 004409b5 f   gl_backend.obj
 0001:0003fc05       ?BK_DrawScene@OpenGLDrv@@YAXXZ 00440c05 f   gl_backend.obj
 0001:0004048b       ?BK_DrawPic@OpenGLDrv@@YAXPAVshader_t@1@HHHHMMMMIE@Z 0044148b f   gl_backend.obj
 0001:00040667       ?BK_DrawText@OpenGLDrv@@YAXPBDHHHHHI@Z 00441667 f   gl_backend.obj
 0001:00040852       ?BK_BeginFrame@OpenGLDrv@@YAXXZ 00441852 f   gl_backend.obj
 0001:000408b6       ?BK_EndFrame@OpenGLDrv@@YAXXZ 004418b6 f   gl_backend.obj
 0001:0004090b       ?BK_Init@OpenGLDrv@@YAXXZ  0044190b f   gl_backend.obj
 0001:0004093a       ?BK_Shutdown@OpenGLDrv@@YAXXZ 0044193a f   gl_backend.obj
 0001:00040952       ?AllocDynamicMemory@OpenGLDrv@@YAPAXH@Z 00441952 f   gl_buffers.obj
 0001:000409cb       ?ResizeDynamicMemory@OpenGLDrv@@YAXPAXH@Z 004419cb f   gl_buffers.obj
 0001:00040a0f       ?AddSurfaceToPortal@OpenGLDrv@@YAXPAVsurfaceBase_t@1@PAVshader_t@1@HH@Z 00441a0f f   gl_buffers.obj
 0001:00040a80       ?InsertShaderIndex@OpenGLDrv@@YAXH@Z 00441a80 f   gl_buffers.obj
 0001:00040abc       ?ClearPortal@OpenGLDrv@@YAXXZ 00441abc f   gl_buffers.obj
 0001:00040ada       ?SortSurfaces@OpenGLDrv@@YAXPAUviewPortal_t@1@PAPAUsurfaceInfo_t@1@@Z 00441ada f   gl_buffers.obj
 0001:00040c6c       ?ClearBuffers@OpenGLDrv@@YAXXZ 00441c6c f   gl_buffers.obj
 0001:00040c83       ?CreateBuffers@OpenGLDrv@@YAXXZ 00441c83 f   gl_buffers.obj
 0001:00040ca9       ?FreeBuffers@OpenGLDrv@@YAXXZ 00441ca9 f   gl_buffers.obj
 0001:00040ccd       ?InitEntity@model_t@OpenGLDrv@@UAE_NPAUentity_t@@PAUrefEntity_t@2@@Z 00441ccd f   gl_frontend.obj
 0001:00040cd2       ?AddSurfaces@model_t@OpenGLDrv@@UAEXPAUrefEntity_t@2@@Z 00441cd2 f   gl_frontend.obj
 0001:00040d0e       ?GetLeaf@model_t@OpenGLDrv@@UAEPBUCBspLeaf@@PAUrefEntity_t@2@@Z 00441d0e f   gl_frontend.obj
 0001:00040d25       ?DrawLabel@model_t@OpenGLDrv@@UAEXPAUrefEntity_t@2@@Z 00441d25 f   gl_frontend.obj
 0001:00040d28       ?InitEntity@inlineModel_t@OpenGLDrv@@UAE_NPAUentity_t@@PAUrefEntity_t@2@@Z 00441d28 f   gl_frontend.obj
 0001:00040d95       ?AddSurfaces@inlineModel_t@OpenGLDrv@@UAEXPAUrefEntity_t@2@@Z 00441d95 f   gl_frontend.obj
 0001:000412ef       ?GetLeaf@inlineModel_t@OpenGLDrv@@UAEPBUCBspLeaf@@PAUrefEntity_t@2@@Z 004422ef f   gl_frontend.obj
 0001:0004149a       ?DrawLabel@inlineModel_t@OpenGLDrv@@UAEXPAUrefEntity_t@2@@Z 0044249a f   gl_frontend.obj
 0001:000414e3       ?InitEntity@md3Model_t@OpenGLDrv@@UAE_NPAUentity_t@@PAUrefEntity_t@2@@Z 004424e3 f   gl_frontend.obj
 0001:000416d8       ?AddSurfaces@md3Model_t@OpenGLDrv@@UAEXPAUrefEntity_t@2@@Z 004426d8 f   gl_frontend.obj
 0001:00041812       ?GetLeaf@md3Model_t@OpenGLDrv@@UAEPBUCBspLeaf@@PAUrefEntity_t@2@@Z 00442812 f   gl_frontend.obj
 0001:0004184d       ?DrawLabel@md3Model_t@OpenGLDrv@@UAEXPAUrefEntity_t@2@@Z 0044284d f   gl_frontend.obj
 0001:000418b6       ?InitEntity@sprModel_t@OpenGLDrv@@UAE_NPAUentity_t@@PAUrefEntity_t@2@@Z 004428b6 f   gl_frontend.obj
 0001:000418d9       ?AddSurfaces@sprModel_t@OpenGLDrv@@UAEXPAUrefEntity_t@2@@Z 004428d9 f   gl_frontend.obj
 0001:00041a57       ?GetLeaf@sprModel_t@OpenGLDrv@@UAEPBUCBspLeaf@@PAUrefEntity_t@2@@Z 00442a57 f   gl_frontend.obj
 0001:00041b3f       ?AddEntity@OpenGLDrv@@YAXPAUentity_t@@@Z 00442b3f f   gl_frontend.obj
 0001:00041cf8       ?AddDlight@OpenGLDrv@@YAXPAUdlight_t@@@Z 00442cf8 f   gl_frontend.obj
 0001:00041eb0       ?DrawPortal@OpenGLDrv@@YAXXZ 00442eb0 f   gl_frontend.obj
 0001:000440de       ?GL_TextureMode@OpenGLDrv@@YAXPBD@Z 004450de f   gl_image.obj
 0001:00044189       ?CreateImage@OpenGLDrv@@YAPAVimage_t@1@PBDPAXHHI@Z 00445189 f   gl_image.obj
 0001:00044f3b       ?CreateImage8@OpenGLDrv@@YAPAVimage_t@1@PBDPAXHHIPAI@Z 00445f3b f   gl_image.obj
 0001:0004501a       ?LoadDelayedImages@OpenGLDrv@@YAXXZ 0044601a f   gl_image.obj
 0001:000450ad       ?DrawStretchRaw8@OpenGLDrv@@YAXHHHHHHPAEPAI@Z 004460ad f   gl_image.obj
 0001:000453e0       ?SetupGamma@OpenGLDrv@@YAXXZ 004463e0 f   gl_image.obj
 0001:00045526       ?PerformScreenshot@OpenGLDrv@@YAXXZ 00446526 f   gl_image.obj
 0001:00045797       ?InitImages@OpenGLDrv@@YAXXZ 00446797 f   gl_image.obj
 0001:00045f70       ?ShutdownImages@OpenGLDrv@@YAXXZ 00446f70 f   gl_image.obj
 0001:00045fd7       ?ShowImages@OpenGLDrv@@YAXXZ 00446fd7 f   gl_image.obj
 0001:00046263       ?FindImage@OpenGLDrv@@YAPAVimage_t@1@PBDI@Z 00447263 f   gl_image.obj
 0001:00046675       ?GetImageColor@OpenGLDrv@@YA_NPBDPATcolor_t@@@Z 00447675 f   gl_image.obj
 0001:000466e2       ?GL_Lock@OpenGLDrv@@YAXXZ  004476e2 f   gl_interface.obj
 0001:0004675a       ?GL_Unlock@OpenGLDrv@@YAXXZ 0044775a f   gl_interface.obj
 0001:0004691c       ?GL_Bind@OpenGLDrv@@YAXPBVimage_t@1@@Z 0044791c f   gl_interface.obj
 0001:00046ab1       ?GL_BindForce@OpenGLDrv@@YAXPBVimage_t@1@@Z 00447ab1 f   gl_interface.obj
 0001:00046b49       ?GL_TexEnv@OpenGLDrv@@YAXI@Z 00447b49 f   gl_interface.obj
 0001:00046cc8       ?GL_TexMipBias@OpenGLDrv@@YAXM@Z 00447cc8 f   gl_interface.obj
 0001:00046d24       ?GL_TexEnvColor@OpenGLDrv@@YAXPBTcolor_t@@@Z 00447d24 f   gl_interface.obj
 0001:00046dd4       ?GL_SelectTexture@OpenGLDrv@@YAXH@Z 00447dd4 f   gl_interface.obj
 0001:00046e37       ?GL_TexCoordPointer@OpenGLDrv@@YAXPAX@Z 00447e37 f   gl_interface.obj
 0001:00046e6a       ?GL_SetMultitexture@OpenGLDrv@@YAXH@Z 00447e6a f   gl_interface.obj
 0001:00046f5b       ?GL_DisableTexCoordArrays@OpenGLDrv@@YAXXZ 00447f5b f   gl_interface.obj
 0001:00046faf       ?GL_CullFace@OpenGLDrv@@YAXW4gl_cullMode_t@1@@Z 00447faf f   gl_interface.obj
 0001:00047003       ?GL_DepthRange@OpenGLDrv@@YAXW4gl_depthMode_t@1@@Z 00448003 f   gl_interface.obj
 0001:00047039       ?GL_State@OpenGLDrv@@YAXI@Z 00448039 f   gl_interface.obj
 0001:00047189       ?GL_EnableFog@OpenGLDrv@@YAX_N@Z 00448189 f   gl_interface.obj
 0001:00047263       ?GL_SetDefaultState@OpenGLDrv@@YAXXZ 00448263 f   gl_interface.obj
 0001:000473ba       ?GL_Set2DMode@OpenGLDrv@@YAXXZ 004483ba f   gl_interface.obj
 0001:000474ae       ?GL_Set3DMode@OpenGLDrv@@YAXPAUviewPortal_t@1@@Z 004484ae f   gl_interface.obj
 0001:00047599       ?Show@CPointLight@OpenGLDrv@@UBEXXZ 00448599 f   gl_light.obj
 0001:000477b6       ?Show@CSurfLight@OpenGLDrv@@UBEXXZ 004487b6 f   gl_light.obj
 0001:0004792d       ?ShowLights@OpenGLDrv@@YAXXZ 0044892d f   gl_light.obj
 0001:000479b2       ?Init@CPointLight@OpenGLDrv@@UAEXXZ 004489b2 f   gl_light.obj
 0001:000479ca       ?Init@CLightLinear@OpenGLDrv@@EAEXXZ 004489ca f   gl_light.obj
 0001:000479fe       ?GetScale@CLightLinear@OpenGLDrv@@EBEMM@Z 004489fe f   gl_light.obj
 0001:00047a0e       ?Init@CLightInv@OpenGLDrv@@EAEXXZ 00448a0e f   gl_light.obj
 0001:00047a2a       ?GetScale@CLightInv@OpenGLDrv@@EBEMM@Z 00448a2a f   gl_light.obj
 0001:00047a46       ?Init@CLightInv2@OpenGLDrv@@EAEXXZ 00448a46 f   gl_light.obj
 0001:00047aaf       ?GetScale@CLightInv2@OpenGLDrv@@EBEMM@Z 00448aaf f   gl_light.obj
 0001:00047ad1       ?Init@CLightNofade@OpenGLDrv@@EAEXXZ 00448ad1 f   gl_light.obj
 0001:00047ae2       ?GetScale@CLightNofade@OpenGLDrv@@EBEMM@Z 00448ae2 f   gl_light.obj
 0001:00047ae8       ?Add@CPointLight@OpenGLDrv@@UBEXABUCVec3@@ABUCAxis@@@Z 00448ae8 f   gl_light.obj
 0001:00047f34       ?Init@CSurfLight@OpenGLDrv@@UAEXXZ 00448f34 f   gl_light.obj
 0001:0004800f       ?Add@CSurfLight@OpenGLDrv@@UBEXABUCVec3@@ABUCAxis@@@Z 0044900f f   gl_light.obj
 0001:00048430       ?Init@CSunLight@OpenGLDrv@@UAEXXZ 00449430 f   gl_light.obj
 0001:000484dd       ?Add@CSunLight@OpenGLDrv@@UBEXABUCVec3@@ABUCAxis@@@Z 004494dd f   gl_light.obj
 0001:000485a3       ?LightForEntity@OpenGLDrv@@YAXPAUrefEntity_t@1@@Z 004495a3 f   gl_light.obj
 0001:00048e7e       ?DiffuseLight@OpenGLDrv@@YAXPATcolor_t@@M@Z 00449e7e f   gl_light.obj
 0001:000490ca       ?InitLightGrid@OpenGLDrv@@YAXXZ 0044a0ca f   gl_light.obj
 0001:00049170       ?PostLoadLights@OpenGLDrv@@YAXXZ 0044a170 f   gl_light.obj
 0001:00049259       ?LM_Init@OpenGLDrv@@YAXXZ  0044a259 f   gl_lightmap.obj
 0001:0004926f       ?LM_Flush@OpenGLDrv@@YAXPAUlightmapBlock_t@1@@Z 0044a26f f   gl_lightmap.obj
 0001:000492cf       ?LM_Done@OpenGLDrv@@YAXXZ  0044a2cf f   gl_lightmap.obj
 0001:000492f6       ?LM_Save@OpenGLDrv@@YAXPAUlightmapBlock_t@1@@Z 0044a2f6 f   gl_lightmap.obj
 0001:00049311       ?LM_Restore@OpenGLDrv@@YAXPAUlightmapBlock_t@1@@Z 0044a311 f   gl_lightmap.obj
 0001:0004932c       ?LM_NewBlock@OpenGLDrv@@YAPAUlightmapBlock_t@1@XZ 0044a32c f   gl_lightmap.obj
 0001:0004938b       ?LM_Rewind@OpenGLDrv@@YAXXZ 0044a38b f   gl_lightmap.obj
 0001:00049393       ?LM_NextBlock@OpenGLDrv@@YAPAUlightmapBlock_t@1@XZ 0044a393 f   gl_lightmap.obj
 0001:000493c0       ?LM_CheckMinlight@OpenGLDrv@@YAXPAUdynamicLightmap_t@1@@Z 0044a3c0 f   gl_lightmap.obj
 0001:00049456       ?LM_AllocBlock@OpenGLDrv@@YA_NPAUlightmapBlock_t@1@PAUdynamicLightmap_t@1@@Z 0044a456 f   gl_lightmap.obj
 0001:0004957c       ?LM_Copy@OpenGLDrv@@YAXPAE0HH@Z 0044a57c f   gl_lightmap.obj
 0001:000498f6       ?LM_PutBlock@OpenGLDrv@@YAXPAUdynamicLightmap_t@1@@Z 0044a8f6 f   gl_lightmap.obj
 0001:00049a0d       ?LM_PutBlock1@OpenGLDrv@@YAXPAUdynamicLightmap_t@1@@Z 0044aa0d f   gl_lightmap.obj
 0001:00049b5e       ?LM_SortLightStyles@OpenGLDrv@@YAXPAUdynamicLightmap_t@1@@Z 0044ab5e f   gl_lightmap.obj
 0001:00049bf0       ?UpdateDynamicLightmap@OpenGLDrv@@YAXPAVsurfacePlanar_t@1@_NI@Z 0044abf0 f   gl_lightmap.obj
 0001:0004a44b       ?LM_IsMonotone@OpenGLDrv@@YA_NPAUdynamicLightmap_t@1@PATcolor_t@@@Z 0044b44b f   gl_lightmap.obj
 0001:0004a552       ?Init@OpenGLDrv@@YA_NXZ    0044b552 f   gl_main.obj
 0001:0004ac66       ?Shutdown@OpenGLDrv@@YAX_N@Z 0044bc66 f   gl_main.obj
 0001:0004acef       ?GL_EnableRendering@OpenGLDrv@@YAX_N@Z 0044bcef f   gl_main.obj
 0001:0004ad0d       ?BeginFrame@OpenGLDrv@@YAXN@Z 0044bd0d f   gl_main.obj
 0001:0004ae3f       ?EndFrame@OpenGLDrv@@YAXXZ 0044be3f f   gl_main.obj
 0001:0004ae57       ?RenderFrame@OpenGLDrv@@YAXPAUrefdef_t@@@Z 0044be57 f   gl_main.obj
 0001:0004b3dd       ?Zero@FDrawStats@OpenGLDrv@@QAEXXZ 0044c3dd f i gl_main.obj
 0001:0004b801       ?Fill8@OpenGLDrv@@YAXHHHHH@Z 0044c801 f   gl_main.obj
 0001:0004b844       ?Fill@OpenGLDrv@@YAXHHHHI@Z 0044c844 f   gl_main.obj
 0001:0004b880       ?TileClear@OpenGLDrv@@YAXHHHHPBD@Z 0044c880 f   gl_main.obj
 0001:0004b921       ?DrawStretchPic@OpenGLDrv@@YAXHHHHPBD@Z 0044c921 f   gl_main.obj
 0001:0004b966       ?DrawDetailedPic@OpenGLDrv@@YAXHHHHPBD@Z 0044c966 f   gl_main.obj
 0001:0004ba10       ?DrawPic@OpenGLDrv@@YAXHHPBDHH@Z 0044ca10 f   gl_main.obj
 0001:0004ba98       ?LoadNewWorld@OpenGLDrv@@YAXXZ 0044ca98 f   gl_main.obj
 0001:0004bab8       ?DumpLoadStats@OpenGLDrv@@YAXXZ 0044cab8 f   gl_main.obj
 0001:0004bb3e       ?FinishLoadingWorld@OpenGLDrv@@YAXXZ 0044cb3e f   gl_main.obj
 0001:0004bb43       ?RegisterPic@OpenGLDrv@@YAPAVCBasicImage@@PBD@Z 0044cb43 f   gl_main.obj
 0001:0004bb57       ?RegisterSkin@OpenGLDrv@@YAPAVCBasicImage@@PBD_N@Z 0044cb57 f   gl_main.obj
 0001:0004bb77       ?RegisterModel@OpenGLDrv@@YAPAVCRenderModel@@PBD@Z 0044cb77 f   gl_main.obj
 0001:0004bb85       ?SetSky@OpenGLDrv@@YAXPBDMABUCVec3@@@Z 0044cb85 f   gl_main.obj
 0001:0004bc8d       ?Screenshot@OpenGLDrv@@YAXHPBD@Z 0044cc8d f   gl_main.obj
 0001:0004bcb5       ?GetClientLight@OpenGLDrv@@YAMXZ 0044ccb5 f   gl_main.obj
 0001:0004bcbc       ?InitFuncTables@OpenGLDrv@@YAXXZ 0044ccbc f   gl_math.obj
 0001:0004bdc0       ?BuildRotationAxis@OpenGLDrv@@YAXAAUCAxis@@ABUCVec3@@M@Z 0044cdc0 f   gl_math.obj
 0001:0004beb7       ?GetBoxRect@OpenGLDrv@@YA_NPBUrefEntity_t@1@ABUCVec3@@QAM2_N@Z 0044ceb7 f   gl_math.obj
 0001:0004c1c1       ?ProjectToScreen@OpenGLDrv@@YA_NABUCVec3@@QAH@Z 0044d1c1 f   gl_math.obj
 0001:0004c304       ?SaturateColor3f@OpenGLDrv@@YAXAAUCVec3@@@Z 0044d304 f   gl_math.obj
 0001:0004c3f4       ?SaturateColor4b@OpenGLDrv@@YAXPATcolor_t@@@Z 0044d3f4 f   gl_math.obj
 0001:0004c502       ?SubdividePlane@OpenGLDrv@@YAHPAPAUCVec3@@HM@Z 0044d502 f   gl_poly.obj
 0001:0004c9e1       ?FreeSubdividedPlane@OpenGLDrv@@YAXXZ 0044d9e1 f   gl_poly.obj
 0001:0004c9f9       ?GetSubdivideIndexes@OpenGLDrv@@YAXPAH@Z 0044d9f9 f   gl_poly.obj
 0001:0004ca4f       ?RemoveCollinearPoints@OpenGLDrv@@YAHPAPAUCVec3@@H@Z 0044da4f f   gl_poly.obj
 0001:0004cb45       ?InitShaders@OpenGLDrv@@YAXXZ 0044db45 f   gl_shader.obj
 0001:0004cce3       ?ShutdownShaders@OpenGLDrv@@YAXXZ 0044dce3 f   gl_shader.obj
 0001:0004cd21       ?GetLightmapImage@OpenGLDrv@@YAPAVimage_t@1@H@Z 0044dd21 f   gl_shader.obj
 0001:0004cd4c       ?SetShaderLightmap@OpenGLDrv@@YAPAVshader_t@1@PAV21@H@Z 0044dd4c f   gl_shader.obj
 0001:0004d10e       ??4shader_t@OpenGLDrv@@QAEAAV01@ABV01@@Z 0044e10e f i gl_shader.obj
 0001:0004d3e4       ?SetShaderLightstyles@OpenGLDrv@@YAPAVshader_t@1@PAV21@I_N@Z 0044e3e4 f   gl_shader.obj
 0001:0004d496       ?GetAlphaShader@OpenGLDrv@@YAPAVshader_t@1@PAV21@@Z 0044e496 f   gl_shader.obj
 0001:0004da32       ?SetShaderAnimFreq@OpenGLDrv@@YAXPAVshader_t@1@H@Z 0044ea32 f   gl_shader.obj
 0001:0004da88       ?FindShader@OpenGLDrv@@YAPAVshader_t@1@PBDI@Z 0044ea88 f   gl_shader.obj
 0001:0004f73f       ?GetShaderByNum@OpenGLDrv@@YAPAVshader_t@1@H@Z 0045073f f   gl_shader.obj
 0001:0004f761       ?ResetShaders@OpenGLDrv@@YAXXZ 00450761 f   gl_shader.obj
 0001:0004f996       ?Reload@shader_t@OpenGLDrv@@UAEXXZ 00450996 f   gl_shader.obj
 0001:0004f9c5       ?ClearSky@OpenGLDrv@@YAXXZ 004509c5 f   gl_sky.obj
 0001:0004fa22       ?AddToSky@surfaceBase_t@OpenGLDrv@@UAEX_N@Z 00450a22 f   gl_sky.obj
 0001:0004fa36       ?AddToSky@surfacePlanar_t@OpenGLDrv@@UAEX_N@Z 00450a36 f   gl_sky.obj
 0001:00050269       ?AddToSky@surfaceTrisurf_t@OpenGLDrv@@UAEX_N@Z 00451269 f   gl_sky.obj
 0001:000502ae       ?DrawSky@OpenGLDrv@@YAXXZ  004512ae f   gl_sky.obj
 0001:00050ab0       ?DrawChar@OpenGLDrv@@YAXHHHH@Z 00451ab0 f   gl_text.obj
 0001:00050b0a       ?ClearTexts@OpenGLDrv@@YAXXZ 00451b0a f   gl_text.obj
 0001:00050b1f       ?FlushTexts@OpenGLDrv@@YAXXZ 00451b1f f   gl_text.obj
 0001:00050bcb       ?DrawTextPos@OpenGLDrv@@YAXHHPBDI@Z 00451bcb f   gl_text.obj
 0001:00050bf7       ?DrawTextLeft@OpenGLDrv@@YAXPBDI@Z 00451bf7 f   gl_text.obj
 0001:00050c7f       ?DrawTextRight@OpenGLDrv@@YAXPBDI@Z 00451c7f f   gl_text.obj
 0001:00050cc9       ?DrawText3D@OpenGLDrv@@YAXABUCVec3@@PBDI@Z 00451cc9 f   gl_text.obj
 0001:00050cf6       ?InitTexts@OpenGLDrv@@YAXXZ 00451cf6 f   gl_text.obj
 0001:00050d10       ??0?$TTextContainer@UCRText@OpenGLDrv@@$0BAAAA@@@QAE@XZ 00451d10 f i gl_text.obj
 0001:00050d35       ?FindModel@OpenGLDrv@@YAPAVmodel_t@1@PBD@Z 00451d35 f   gl_model.obj
 0001:00050f25       ?FreeModels@OpenGLDrv@@YAXXZ 00451f25 f   gl_model.obj
 0001:00050f97       ?InitModels@OpenGLDrv@@YAXXZ 00451f97 f   gl_model.obj
 0001:0005108d       ?ShutdownModels@OpenGLDrv@@YAXXZ 0045208d f   gl_model.obj
[...]
 0001:0006694c       _noscale                   0046794c f   libs-vc-win32:jcscale.obj
 0001:000663f5       _start_pass                004673f5 f   libs-vc-win32:jcpred.obj
 0001:0006644d       _reset_predictor           0046744d f   libs-vc-win32:jcpred.obj
 0001:0006647a       _jpeg_difference_first_row 0046747a f   libs-vc-win32:jcpred.obj
 0001:00066564       _jpeg_difference1          00467564 f   libs-vc-win32:jcpred.obj
 0001:000665d2       _jpeg_difference2          004675d2 f   libs-vc-win32:jcpred.obj
 0001:00066643       _jpeg_difference3          00467643 f   libs-vc-win32:jcpred.obj
 0001:000666bb       _jpeg_difference4          004676bb f   libs-vc-win32:jcpred.obj
 0001:00066746       _jpeg_difference5          00467746 f   libs-vc-win32:jcpred.obj
 0001:000667d9       _jpeg_difference6          004677d9 f   libs-vc-win32:jcpred.obj
 0001:00066868       _jpeg_difference7          00467868 f   libs-vc-win32:jcpred.obj
 0001:00065ce4       _start_pass_huff           00466ce4 f   libs-vc-win32:jclhuff.obj
 0001:00065e81       _encode_mcus_huff          00466e81 f   libs-vc-win32:jclhuff.obj
 0001:0006606c       _emit_bits                 0046706c f   libs-vc-win32:jclhuff.obj
 0001:0006610f       _dump_buffer               0046710f f   libs-vc-win32:jclhuff.obj
 0001:00066133       _emit_restart              00467133 f   libs-vc-win32:jclhuff.obj
 0001:0006617e       _flush_bits                0046717e f   libs-vc-win32:jclhuff.obj
 0001:000661a2       _finish_pass_huff          004671a2 f   libs-vc-win32:jclhuff.obj
 0001:0006620f       _encode_mcus_gather        0046720f f   libs-vc-win32:jclhuff.obj
 0001:00066338       _finish_pass_gather        00467338 f   libs-vc-win32:jclhuff.obj
 0001:000663ce       _need_optimization_pass    004673ce f   libs-vc-win32:jclhuff.obj
 0001:000658c2       _start_pass_diff           004668c2 f   libs-vc-win32:jcdiffct.obj
 0001:00065960       _start_iMCU_row            00466960 f   libs-vc-win32:jcdiffct.obj
 0001:000659a2       _compress_data             004669a2 f   libs-vc-win32:jcdiffct.obj
 0001:00065b38       _compress_first_pass       00466b38 f   libs-vc-win32:jcdiffct.obj
 0001:00065c2d       _compress_output           00466c2d f   libs-vc-win32:jcdiffct.obj
 0001:000654d5       _start_pass_fdctmgr        004664d5 f   libs-vc-win32:jcdctmgr.obj
 0001:000655d7       _forward_DCT_float         004665d7 f   libs-vc-win32:jcdctmgr.obj
 0001:00064a0a       _start_pass_phuff          00465a0a f   libs-vc-win32:jcphuff.obj
 0001:00064b77       _encode_mcu_DC_first       00465b77 f   libs-vc-win32:jcphuff.obj
 0001:00064ca9       _emit_bits                 00465ca9 f   libs-vc-win32:jcphuff.obj
 0001:00064d54       _dump_buffer               00465d54 f   libs-vc-win32:jcphuff.obj
 0001:00064d8c       _emit_symbol               00465d8c f   libs-vc-win32:jcphuff.obj
 0001:00064dcc       _emit_restart              00465dcc f   libs-vc-win32:jcphuff.obj
 0001:00064e55       _emit_eobrun               00465e55 f   libs-vc-win32:jcphuff.obj
 0001:00064edb       _encode_mcu_AC_first       00465edb f   libs-vc-win32:jcphuff.obj
 0001:0006506f       _encode_mcu_DC_refine      0046606f f   libs-vc-win32:jcphuff.obj
 0001:00065129       _encode_mcu_AC_refine      00466129 f   libs-vc-win32:jcphuff.obj
 0001:00065340       _finish_pass_phuff         00466340 f   libs-vc-win32:jcphuff.obj
 0001:0006538f       _finish_pass_gather_phuff  0046638f f   libs-vc-win32:jcphuff.obj
 0001:00065452       _need_optimization_pass    00466452 f   libs-vc-win32:jcphuff.obj
 0001:000641a5       _start_pass_huff           004651a5 f   libs-vc-win32:jcshuff.obj
 0001:0006431a       _encode_mcu_huff           0046531a f   libs-vc-win32:jcshuff.obj
 0001:00064425       _encode_one_block          00465425 f   libs-vc-win32:jcshuff.obj
 0001:0006459c       _emit_bits                 0046559c f   libs-vc-win32:jcshuff.obj
 0001:0006463f       _dump_buffer               0046563f f   libs-vc-win32:jcshuff.obj
 0001:00064663       _emit_restart              00465663 f   libs-vc-win32:jcshuff.obj
 0001:000646d0       _flush_bits                004656d0 f   libs-vc-win32:jcshuff.obj
 0001:000646f4       _finish_pass_huff          004656f4 f   libs-vc-win32:jcshuff.obj
 0001:00064763       _encode_mcu_gather         00465763 f   libs-vc-win32:jcshuff.obj
 0001:00064819       _htest_one_block           00465819 f   libs-vc-win32:jcshuff.obj
 0001:000648e0       _finish_pass_gather        004658e0 f   libs-vc-win32:jcshuff.obj
 0001:000663ce       _need_optimization_pass    004673ce f   libs-vc-win32:jclhuff.obj
 0001:00063b78       _start_pass_coef           00464b78 f   libs-vc-win32:jccoefct.obj
 0001:00065960       _start_iMCU_row            00466960 f   libs-vc-win32:jcdiffct.obj
 0001:00063c0d       _compress_data             00464c0d f   libs-vc-win32:jccoefct.obj
 0001:00063df4       _compress_first_pass       00464df4 f   libs-vc-win32:jccoefct.obj
 0001:00063fda       _compress_output           00464fda f   libs-vc-win32:jccoefct.obj
 0001:00063a90       _calc_output_dimensions    00464a90 f   libs-vc-win32:jdlossls.obj
 0001:00063aa1       _start_input_pass          00464aa1 f   libs-vc-win32:jdlossls.obj
 0001:000637cf       _calc_output_dimensions    004647cf f   libs-vc-win32:jdlossy.obj
 0001:00063942       _start_input_pass          00464942 f   libs-vc-win32:jdlossy.obj
 0001:00063962       _latch_quant_tables        00464962 f   libs-vc-win32:jdlossy.obj
 0001:000639fa       _start_output_pass         004649fa f   libs-vc-win32:jdlossy.obj
 0001:0006371e       _start_pass                0046471e f   libs-vc-win32:jclossls.obj
 0001:0006368a       _start_pass                0046468a f   libs-vc-win32:jclossy.obj
 0001:00062bdf       _initial_setup             00463bdf f   libs-vc-win32:jcmaster.obj
 0001:00062d92       _validate_script           00463d92 f   libs-vc-win32:jcmaster.obj
 0001:0006316a       _prepare_for_pass          0046416a f   libs-vc-win32:jcmaster.obj
 0001:000632e2       _select_scan_parameters    004642e2 f   libs-vc-win32:jcmaster.obj
 0001:000633e3       _per_scan_setup            004643e3 f   libs-vc-win32:jcmaster.obj
 0001:0006358e       _pass_startup              0046458e f   libs-vc-win32:jcmaster.obj
 0001:000635b5       _finish_pass_master        004645b5 f   libs-vc-win32:jcmaster.obj
 0001:000626cb       _rgb_ycc_start             004636cb f   libs-vc-win32:jccolor.obj
 0001:0006278f       _rgb_ycc_convert           0046378f f   libs-vc-win32:jccolor.obj
 0001:0006288e       _rgb_gray_convert          0046388e f   libs-vc-win32:jccolor.obj
 0001:00062913       _cmyk_ycck_convert         00463913 f   libs-vc-win32:jccolor.obj
 0001:00062a4b       _grayscale_convert         00463a4b f   libs-vc-win32:jccolor.obj
 0001:00062aa5       _null_convert              00463aa5 f   libs-vc-win32:jccolor.obj
 0001:000322d4       _null_method               004332d4 f   images.obj
 0001:000322d4       _start_pass_downsample     004332d4 f   images.obj
 0001:00061e17       _sep_downsample            00462e17 f   libs-vc-win32:jcsample.obj
 0001:00061e8c       _int_downsample            00462e8c f   libs-vc-win32:jcsample.obj
 0001:00061f84       _expand_right_edge         00462f84 f   libs-vc-win32:jcsample.obj
 0001:00061fd9       _fullsize_downsample       00462fd9 f   libs-vc-win32:jcsample.obj
 0001:0006201d       _h2v1_downsample           0046301d f   libs-vc-win32:jcsample.obj
 0001:000620b1       _h2v2_downsample           004630b1 f   libs-vc-win32:jcsample.obj
 0001:0006215e       _h2v2_smooth_downsample    0046315e f   libs-vc-win32:jcsample.obj
 0001:000623d6       _fullsize_smooth_downsample 004633d6 f   libs-vc-win32:jcsample.obj
 0001:00061813       _start_pass_prep           00462813 f   libs-vc-win32:jcprepct.obj
 0001:00061851       _pre_process_data          00462851 f   libs-vc-win32:jcprepct.obj
 0001:000619ff       _pre_process_context       004629ff f   libs-vc-win32:jcprepct.obj
 0001:00061bb8       _create_context_buffer     00462bb8 f   libs-vc-win32:jcprepct.obj
 0001:0006168b       _start_pass_main           0046268b f   libs-vc-win32:jcmainct.obj
 0001:000616cd       _process_data_simple_main  004626cd f   libs-vc-win32:jcmainct.obj
 0001:00060c61       _create_colormap           00461c61 f   libs-vc-win32:jquant1.obj
 0001:00060d93       _select_ncolors            00461d93 f   libs-vc-win32:jquant1.obj
 0001:00060e6a       _create_colorindex         00461e6a f   libs-vc-win32:jquant1.obj
 0001:00060f96       _alloc_fs_workspace        00461f96 f   libs-vc-win32:jquant1.obj
 0001:00060fd2       _start_pass_1_quant        00461fd2 f   libs-vc-win32:jquant1.obj
 0001:0006109e       _create_odither_tables     0046209e f   libs-vc-win32:jquant1.obj
 0001:000610fd       _make_odither_array        004620fd f   libs-vc-win32:jquant1.obj
 0001:00061160       _color_quantize            00462160 f   libs-vc-win32:jquant1.obj
 0001:000611eb       _color_quantize3           004621eb f   libs-vc-win32:jquant1.obj
 0001:00061279       _quantize_ord_dither       00462279 f   libs-vc-win32:jquant1.obj
 0001:00061364       _quantize3_ord_dither      00462364 f   libs-vc-win32:jquant1.obj
 0001:00061464       _quantize_fs_dither        00462464 f   libs-vc-win32:jquant1.obj
 0001:000322d4       _finish_pass_1_quant       004332d4 f   images.obj
 0001:000615e8       _new_color_map_1_quant     004625e8 f   libs-vc-win32:jquant1.obj
 0001:0005fc22       _init_error_limit          00460c22 f   libs-vc-win32:jquant2.obj
 0001:0005fcc1       _start_pass_2_quant        00460cc1 f   libs-vc-win32:jquant2.obj
 0001:0005fdc3       _prescan_quantize          00460dc3 f   libs-vc-win32:jquant2.obj
 0001:0005fe32       _pass2_no_dither           00460e32 f   libs-vc-win32:jquant2.obj
 0001:0005fedf       _fill_inverse_cmap         00460edf f   libs-vc-win32:jquant2.obj
 0001:0005ffaa       _find_nearby_colors        00460faa f   libs-vc-win32:jquant2.obj
 0001:0006014e       _find_best_colors          0046114e f   libs-vc-win32:jquant2.obj
 0001:00060268       _pass2_fs_dither           00461268 f   libs-vc-win32:jquant2.obj
 0001:000604d7       _finish_pass1              004614d7 f   libs-vc-win32:jquant2.obj
 0001:000604f9       _select_colors             004614f9 f   libs-vc-win32:jquant2.obj
 0001:00060585       _update_box                00461585 f   libs-vc-win32:jquant2.obj
 0001:0006091f       _median_cut                0046191f f   libs-vc-win32:jquant2.obj
 0001:00060a33       _find_biggest_color_pop    00461a33 f   libs-vc-win32:jquant2.obj
 0001:00060a62       _find_biggest_volume       00461a62 f   libs-vc-win32:jquant2.obj
 0001:00060a8b       _compute_color             00461a8b f   libs-vc-win32:jquant2.obj
 0001:000322d4       _finish_pass2              004332d4 f   images.obj
 0001:00060bc7       _new_color_map_2_quant     00461bc7 f   libs-vc-win32:jquant2.obj
 0001:0005f639       _build_ycc_rgb_table       00460639 f   libs-vc-win32:jdmerge.obj
 0001:0005f6e9       _start_pass_merged_upsample 004606e9 f   libs-vc-win32:jdmerge.obj
 0001:0005f6fe       _merged_2v_upsample        004606fe f   libs-vc-win32:jdmerge.obj
 0001:0005f7a5       _merged_1v_upsample        004607a5 f   libs-vc-win32:jdmerge.obj
 0001:0005f7d6       _h2v1_merged_upsample      004607d6 f   libs-vc-win32:jdmerge.obj
 0001:0005f92c       _h2v2_merged_upsample      0046092c f   libs-vc-win32:jdmerge.obj
 0001:0005f1dd       _build_ycc_rgb_table       004601dd f   libs-vc-win32:jdcolor.obj
 0001:0005f28d       _ycc_rgb_convert           0046028d f   libs-vc-win32:jdcolor.obj
 0001:0005f39b       _null_convert              0046039b f   libs-vc-win32:jdcolor.obj
 0001:0005f413       _grayscale_convert         00460413 f   libs-vc-win32:jdcolor.obj
 0001:0005f436       _gray_rgb_convert          00460436 f   libs-vc-win32:jdcolor.obj
 0001:0005f48f       _ycck_cmyk_convert         0046048f f   libs-vc-win32:jdcolor.obj
 0001:000322d4       _start_pass_dcolor         004332d4 f   images.obj
 0001:0005ec3e       _start_pass_upsample       0045fc3e f   libs-vc-win32:jdsample.obj
 0001:0005ec58       _sep_upsample              0045fc58 f   libs-vc-win32:jdsample.obj
 0001:0005ed25       _fullsize_upsample         0045fd25 f   libs-vc-win32:jdsample.obj
 0001:0005ed30       _noop_upsample             0045fd30 f   libs-vc-win32:jdsample.obj
 0001:0005ed38       _int_upsample              0045fd38 f   libs-vc-win32:jdsample.obj
 0001:0005ee22       _h2v1_upsample             0045fe22 f   libs-vc-win32:jdsample.obj
 0001:0005ee79       _h2v2_upsample             0045fe79 f   libs-vc-win32:jdsample.obj
 0001:0005eeeb       _h2v1_fancy_upsample       0045feeb f   libs-vc-win32:jdsample.obj
 0001:0005ef8e       _h2v2_fancy_upsample       0045ff8e f   libs-vc-win32:jdsample.obj
 0001:0005e847       _start_pass_dpost          0045f847 f   libs-vc-win32:jdpostct.obj
 0001:0005e8ed       _post_process_1pass        0045f8ed f   libs-vc-win32:jdpostct.obj
 0001:0005e952       _post_process_prepass      0045f952 f   libs-vc-win32:jdpostct.obj
 0001:0005e9e3       _post_process_2pass        0045f9e3 f   libs-vc-win32:jdpostct.obj
 0001:0005e24e       _alloc_funny_pointers      0045f24e f   libs-vc-win32:jdmainct.obj
 0001:0005e2fb       _start_pass_main           0045f2fb f   libs-vc-win32:jdmainct.obj
 0001:0005e363       _make_funny_pointers       0045f363 f   libs-vc-win32:jdmainct.obj
 0001:0005e4a3       _process_data_simple_main  0045f4a3 f   libs-vc-win32:jdmainct.obj
 0001:0005e50b       _process_data_context_main 0045f50b f   libs-vc-win32:jdmainct.obj
 0001:0005e61d       _set_wraparound_pointers   0045f61d f   libs-vc-win32:jdmainct.obj
 0001:0005e707       _set_bottom_pointers       0045f707 f   libs-vc-win32:jdmainct.obj
 0001:0005e7a1       _process_data_crank_post   0045f7a1 f   libs-vc-win32:jdmainct.obj
 0001:0005cf77       _write_marker_header       0045df77 f   libs-vc-win32:jcmarker.obj
 0001:0005cfcd       _emit_byte                 0045dfcd f   libs-vc-win32:jcmarker.obj
 0001:0005cffe       _write_marker_byte         0045dffe f   libs-vc-win32:jcmarker.obj
 0001:0005d00e       _write_file_header         0045e00e f   libs-vc-win32:jcmarker.obj
 0001:0005d05a       _emit_jfif_app0            0045e05a f   libs-vc-win32:jcmarker.obj
 0001:0005d12d       _emit_adobe_app14          0045e12d f   libs-vc-win32:jcmarker.obj
 0001:0005d1d3       _write_frame_header        0045e1d3 f   libs-vc-win32:jcmarker.obj
 0001:0005d2b2       _emit_dqt                  0045e2b2 f   libs-vc-win32:jcmarker.obj
 0001:0005d3a1       _emit_sof                  0045e3a1 f   libs-vc-win32:jcmarker.obj
 0001:0005d47d       _write_scan_header         0045e47d f   libs-vc-win32:jcmarker.obj
 0001:0005d53d       _emit_dht                  0045e53d f   libs-vc-win32:jcmarker.obj
 0001:0005d616       _emit_dri                  0045e616 f   libs-vc-win32:jcmarker.obj
 0001:0005d665       _emit_sos                  0045e665 f   libs-vc-win32:jcmarker.obj
 0001:0005d753       _write_file_trailer        0045e753 f   libs-vc-win32:jcmarker.obj
 0001:0005d773       _write_tables_only         0045e773 f   libs-vc-win32:jcmarker.obj
 0001:0005cacc       _use_merged_upsample       0045dacc f   libs-vc-win32:jdmaster.obj
 0001:0005cb72       _master_selection          0045db72 f   libs-vc-win32:jdmaster.obj
 0001:0005cccf       _prepare_range_limit_table 0045dccf f   libs-vc-win32:jdmaster.obj
 0001:0005cd55       _prepare_for_output_pass   0045dd55 f   libs-vc-win32:jdmaster.obj
 0001:0005ce76       _finish_output_pass        0045de76 f   libs-vc-win32:jdmaster.obj
 0001:0005bf43       _alloc_small               0045cf43 f   libs-vc-win32:jmemmgr.obj
 0001:0005c061       _alloc_large               0045d061 f   libs-vc-win32:jmemmgr.obj
 0001:0005c112       _alloc_sarray              0045d112 f   libs-vc-win32:jmemmgr.obj
 0001:0005c1aa       _alloc_barray              0045d1aa f   libs-vc-win32:jmemmgr.obj
 0001:0005c24e       _alloc_darray              0045d24e f   libs-vc-win32:jmemmgr.obj
 0001:0005c2f9       _request_virt_sarray       0045d2f9 f   libs-vc-win32:jmemmgr.obj
 0001:0005c35a       _request_virt_barray       0045d35a f   libs-vc-win32:jmemmgr.obj
 0001:0005c3bb       _realize_virt_arrays       0045d3bb f   libs-vc-win32:jmemmgr.obj
 0001:0005c53e       _access_virt_sarray        0045d53e f   libs-vc-win32:jmemmgr.obj
 0001:0005c65e       _do_sarray_io              0045d65e f   libs-vc-win32:jmemmgr.obj
 0001:0005c6ee       _access_virt_barray        0045d6ee f   libs-vc-win32:jmemmgr.obj
 0001:0005c813       _do_barray_io              0045d813 f   libs-vc-win32:jmemmgr.obj
 0001:0005c8a4       _free_pool                 0045d8a4 f   libs-vc-win32:jmemmgr.obj
 0001:0005c98b       _self_destruct             0045d98b f   libs-vc-win32:jmemmgr.obj
 0001:0005b9dd       _start_input_pass          0045c9dd f   libs-vc-win32:jdinput.obj
 0001:0005ba0b       _per_scan_setup            0045ca0b f   libs-vc-win32:jdinput.obj
 0001:0005bb91       _finish_input_pass         0045cb91 f   libs-vc-win32:jdinput.obj
 0001:0005bba2       _consume_markers           0045cba2 f   libs-vc-win32:jdinput.obj
 0001:0005bc3e       _initial_setup             0045cc3e f   libs-vc-win32:jdinput.obj
 0001:0005be48       _reset_input_controller    0045ce48 f   libs-vc-win32:jdinput.obj
 0001:0005b5e2       _make_crc_table            0045c5e2 f   libs-vc-win32:crc32.obj
 0001:0005b72f       _crc32_little              0045c72f f   libs-vc-win32:crc32.obj
 0001:0005b3dc       _fixedtables               0045c3dc f   libs-vc-win32:inflate.obj
 0001:0005b4c6       _updatewindow              0045c4c6 f   libs-vc-win32:inflate.obj
 0001:0005a104       _init_destination          0045b104 f   libs-vc-win32:jdatadst.obj
 0001:0005a12a       _empty_output_buffer       0045b12a f   libs-vc-win32:jdatadst.obj
 0001:0005a16c       _term_destination          0045b16c f   libs-vc-win32:jdatadst.obj
 0001:00059c8b       _std_huff_tables           0045ac8b f   libs-vc-win32:jcparam.obj
 0001:00059ce5       _add_huff_table            0045ace5 f   libs-vc-win32:jcparam.obj
 0001:000581e3       _next_marker               004591e3 f   libs-vc-win32:jdmarker.obj
 0001:0005831d       _get_interesting_appn      0045931d f   libs-vc-win32:jdmarker.obj
 0001:00058448       _examine_app0              00459448 f   libs-vc-win32:jdmarker.obj
 0001:00058656       _examine_app14             00459656 f   libs-vc-win32:jdmarker.obj
 0001:00058717       _skip_variable             00459717 f   libs-vc-win32:jdmarker.obj
 0001:000587ba       _read_markers              004597ba f   libs-vc-win32:jdmarker.obj
 0001:000589c2       _get_soi                   004599c2 f   libs-vc-win32:jdmarker.obj
 0001:00058a6d       _get_sof                   00459a6d f   libs-vc-win32:jdmarker.obj
 0001:00058d76       _get_sos                   00459d76 f   libs-vc-win32:jdmarker.obj
 0001:00059064       _get_dht                   0045a064 f   libs-vc-win32:jdmarker.obj
 0001:00059305       _get_dqt                   0045a305 f   libs-vc-win32:jdmarker.obj
 0001:00059561       _get_dri                   0045a561 f   libs-vc-win32:jdmarker.obj
 0001:00059640       _first_marker              0045a640 f   libs-vc-win32:jdmarker.obj
 0001:000596dc       _read_restart_marker       0045a6dc f   libs-vc-win32:jdmarker.obj
 0001:0005975a       _reset_marker_reader       0045a75a f   libs-vc-win32:jdmarker.obj
 0001:00057fc7       _output_pass_setup         00458fc7 f   libs-vc-win32:jdapistd.obj
 0001:00057cba       _default_decompress_parms  00458cba f   libs-vc-win32:jdapimin.obj

 299 bytes saved through ICF

