 quake2

 Timestamp is 3f422758 (Tue Aug 19 17:34:16 2003)

 Preferred load address is 00400000

 Start         Length     Name                   Class
 0001:00000000 0006c820H .text                   CODE
 0002:00000000 00000330H .idata$5                DATA
 0002:00000330 00001964H .rdata                  DATA
 0002:00001c94 00000078H .idata$2                DATA
 0002:00001d0c 00000014H .idata$3                DATA
 0002:00001d20 00000330H .idata$4                DATA
 0002:00002050 00000a56H .idata$6                DATA
 0002:00002aa6 00000000H .edata                  DATA
 0003:00000000 00000004H .CRT$XCA                DATA
 0003:00000004 00000004H .CRT$XCZ                DATA
 0003:00000008 00000004H .CRT$XIA                DATA
 0003:0000000c 00000004H .CRT$XIZ                DATA
 0003:00000010 00015074H .data                   DATA
 0003:00015088 00a7bdf4H .bss                    DATA
 0004:00000000 00000130H .rsrc$01                DATA
 0004:00000130 00003f20H .rsrc$02                DATA

  Address         Publics by Value              Rva+Base     Lib:Object

 0001:00000000       _CDAudio_Play2             00401000 f   cd_win.obj
 0001:000001e5       _CDAudio_Play              004011e5 f   cd_win.obj
 0001:000001fc       _CDAudio_Stop              004011fc f   cd_win.obj
 0001:00000241       _CDAudio_Pause             00401241 f   cd_win.obj
 0001:0000029a       _CDAudio_Resume            0040129a f   cd_win.obj
 0001:0000030c       _CDAudio_MessageHandler    0040130c f   cd_win.obj
 0001:000003a3       _CDAudio_Update            004013a3 f   cd_win.obj
 0001:000003da       _CDAudio_Init              004013da f   cd_win.obj
 0001:000007d1       _CDAudio_Shutdown          004017d1 f   cd_win.obj
 0001:00000804       _CDAudio_Activate          00401804 f   cd_win.obj
 0001:00000815       _SCR_StopCinematic         00401815 f   cl_cin.obj
 0001:000008b1       _SCR_FinishCinematic       004018b1 f   cl_cin.obj
 0001:000008f3       _SCR_RunCinematic          004018f3 f   cl_cin.obj
 0001:00000d10       _SCR_DrawCinematic         00401d10 f   cl_cin.obj
 0001:00000db4       _SCR_PlayCinematic         00401db4 f   cl_cin.obj
 0001:00001101       _CL_ParseEntityBits        00402101 f   cl_ents.obj
 0001:00001163       _CL_ParseDelta             00402163 f   cl_ents.obj
 0001:000014fc       _CL_DeltaEntity            004024fc f   cl_ents.obj
 0001:00001679       _CL_ParsePacketEntities    00402679 f   cl_ents.obj
 0001:000018a5       _CL_ParsePlayerstate       004028a5 f   cl_ents.obj
 0001:00001bb3       _CL_FireEntityEvents       00402bb3 f   cl_ents.obj
 0001:00001c05       _CL_ParseFrame             00402c05 f   cl_ents.obj
 0001:00001ed3       _CL_AddEntityBox           00402ed3 f   cl_ents.obj
 0001:00001fc3       _CL_OffsetThirdPersonView  00402fc3 f   cl_ents.obj
 0001:0000207d       _CL_CalcViewValues         0040307d f   cl_ents.obj
 0001:0000233f       _CL_AddEntities            0040333f f   cl_ents.obj
 0001:0000313b       _CL_GetEntitySoundOrigin   0040413b f   cl_ents.obj
 0001:00003171       _CL_ClearLightStyles       00404171 f   cl_fx.obj
 0001:000031f5       _CL_RunLightStyles         004041f5 f   cl_fx.obj
 0001:00003292       _CL_SetLightstyle          00404292 f   cl_fx.obj
 0001:000032fc       _CL_AllocDlight            004042fc f   cl_fx.obj
 0001:00003369       _CL_AddDLights             00404369 f   cl_fx.obj
 0001:000033c9       _CL_ClearParticles         004043c9 f   cl_fx.obj
 0001:0000341b       _CL_AllocParticleTrace     0040441b f   cl_fx.obj
 0001:000034be       _CL_AllocParticleBeam      004044be f   cl_fx.obj
 0001:00003518       _CL_AllocParticle          00404518 f   cl_fx.obj
 0001:00003567       _CL_UpdateParticles        00404567 f   cl_fx.obj
 0001:00003b10       _CL_MetalSparks            00404b10 f   cl_fx.obj
 0001:00003bfd       _CL_ParseMuzzleFlash       00404bfd f   cl_fx.obj
 0001:0000443e       _CL_ParseMuzzleFlash2      0040543e f   cl_fx.obj
 0001:00004b24       _CL_ParticleEffect         00405b24 f   cl_fx.obj
 0001:00004bf3       _CL_ParticleEffect2        00405bf3 f   cl_fx.obj
 0001:00004cbe       _CL_ParticleEffect3        00405cbe f   cl_fx.obj
 0001:00004d8e       _CL_TeleporterParticles    00405d8e f   cl_fx.obj
 0001:00004e45       _CL_LogoutEffect           00405e45 f   cl_fx.obj
 0001:00004f30       _CL_ItemRespawnParticles   00405f30 f   cl_fx.obj
 0001:00004fdf       _CL_ExplosionParticles     00405fdf f   cl_fx.obj
 0001:00005089       _CL_BigTeleportParticles   00406089 f   cl_fx.obj
 0001:000051e0       _CL_BlasterParticles       004061e0 f   cl_fx.obj
 0001:000052ac       _CL_BlasterTrail           004062ac f   cl_fx.obj
 0001:0000539f       _CL_FlagTrail              0040639f f   cl_fx.obj
 0001:0000549f       _CL_DiminishingTrail       0040649f f   cl_fx.obj
 0001:00005703       _CL_RocketTrail            00406703 f   cl_fx.obj
 0001:00005830       _CL_RailTrail              00406830 f   cl_fx.obj
 0001:00005a56       _CL_RailTrailExt           00406a56 f   cl_fx.obj
 0001:00005b51       _CL_IonripperTrail         00406b51 f   cl_fx.obj
 0001:00005c64       _CL_BubbleTrail            00406c64 f   cl_fx.obj
 0001:00005d82       _CL_FlyParticles           00406d82 f   cl_fx.obj
 0001:00005f21       _CL_FlyEffect              00406f21 f   cl_fx.obj
 0001:00005fa4       _CL_BfgParticles           00406fa4 f   cl_fx.obj
 0001:0000617e       _CL_TrapParticles          0040717e f   cl_fx.obj
 0001:00006401       _CL_BFGExplosionParticles  00407401 f   cl_fx.obj
 0001:000064ab       _CL_TeleportParticles      004074ab f   cl_fx.obj
 0001:000065e4       _CL_EntityEvent            004075e4 f   cl_fx.obj
 0001:000067c2       _CL_ClearEffects           004077c2 f   cl_fx.obj
 0001:000067e0       _IN_CenterView             004077e0 f   cl_input.obj
 0001:00006801       _CL_InitInput              00407801 f   cl_input.obj
 0001:00006ce1       _CL_SendCmd                00407ce1 f   cl_input.obj
 0001:000073dc       _CL_ParseInventory         004083dc f   cl_inv.obj
 0001:000073fc       _CL_DrawInventory          004083fc f   cl_inv.obj
 0001:0000766e       _CL_WriteDemoMessage       0040866e f   cl_main.obj
 0001:000076b0       _CL_Stop_f                 004086b0 f   cl_main.obj
 0001:0000770b       _CL_Record_f               0040870b f   cl_main.obj
 0001:000079ae       _Cmd_ForwardToServer       004089ae f   cl_main.obj
 0001:00007a1a       _CL_Setenv_f               00408a1a f   cl_main.obj
 0001:00007ade       _CL_ForwardToServer_f      00408ade f   cl_main.obj
 0001:00007b2c       _CL_Pause_f                00408b2c f   cl_main.obj
 0001:00007b6e       _CL_Quit_f                 00408b6e f   cl_main.obj
 0001:00007b78       _CL_Drop                   00408b78 f   cl_main.obj
 0001:00007b9a       _CL_SendConnectPacket      00408b9a f   cl_main.obj
 0001:00007c71       _CL_CheckForResend         00408c71 f   cl_main.obj
 0001:00007d75       _CL_Connect_f              00408d75 f   cl_main.obj
 0001:00007df6       _CL_Rcon_f                 00408df6 f   cl_main.obj
 0001:00007f01       _CL_ClearState             00408f01 f   cl_main.obj
 0001:00007f40       _CL_Disconnect             00408f40 f   cl_main.obj
 0001:00008082       _CL_Disconnect_f           00409082 f   cl_main.obj
 0001:00008091       _CL_Changing_f             00409091 f   cl_main.obj
 0001:000080b5       _CL_Reconnect_f            004090b5 f   cl_main.obj
 0001:00008151       _CL_PingServers_f          00409151 f   cl_main.obj
 0001:000082b9       _CL_Skins_f                004092b9 f   cl_main.obj
 0001:000082f5       _CL_ConnectionlessPacket   004092f5 f   cl_main.obj
 0001:00008653       _CL_ReadPackets            00409653 f   cl_main.obj
 0001:00008747       _CL_FixUpGender            00409747 f   cl_main.obj
 0001:000087f7       _CL_Userinfo_f             004097f7 f   cl_main.obj
 0001:0000880f       _CL_Snd_Restart_f          0040980f f   cl_main.obj
 0001:0000881e       _CL_RequestNextDownload    0040981e f   cl_main.obj
 0001:00008e61       _CL_Precache_f             00409e61 f   cl_main.obj
 0001:00008f27       _CL_WriteConfiguration     00409f27 f   cl_main.obj
 0001:00008fcb       _CL_WriteConfig_f          00409fcb f   cl_main.obj
 0001:0000902a       _CL_InitLocal              0040a02a f   cl_main.obj
 0001:0000924a       _CL_FixCvarCheats          0040a24a f   cl_main.obj
 0001:0000929b       _CL_Frame                  0040a29b f   cl_main.obj
 0001:000094d8       _CL_Init                   0040a4d8 f   cl_main.obj
 0001:00009525       _CL_Shutdown               0040a525 f   cl_main.obj
 0001:0000956b       _vectoangles2              0040a56b f   cl_newfx.obj
 0001:0000966d       _CL_Flashlight             0040a66d f   cl_newfx.obj
 0001:000096a7       _CL_ColorFlash             0040a6a7 f   cl_newfx.obj
 0001:000096e3       _CL_DebugTrail             0040a6e3 f   cl_newfx.obj
 0001:000097c3       _CL_ForceWall              0040a7c3 f   cl_newfx.obj
 0001:000098f7       _CL_BubbleTrail2           0040a8f7 f   cl_newfx.obj
 0001:00009a21       _CL_Heatbeam               0040aa21 f   cl_newfx.obj
 0001:00009cd2       _CL_ParticleSteamEffect    0040acd2 f   cl_newfx.obj
 0001:00009dfc       _CL_ParticleSteamEffect2   0040adfc f   cl_newfx.obj
 0001:00009f33       _CL_TrackerTrail           0040af33 f   cl_newfx.obj
 0001:0000a094       _CL_Tracker_Shell          0040b094 f   cl_newfx.obj
 0001:0000a11d       _CL_MonsterPlasma_Shell    0040b11d f   cl_newfx.obj
 0001:0000a1a3       _CL_Widowbeamout           0040b1a3 f   cl_newfx.obj
 0001:0000a25f       _CL_Nukeblast              0040b25f f   cl_newfx.obj
 0001:0000a31b       _CL_WidowSplash            0040b31b f   cl_newfx.obj
 0001:0000a3e3       _CL_TagTrail               0040b3e3 f   cl_newfx.obj
 0001:0000a4e3       _CL_ColorExplosionParticles 0040b4e3 f   cl_newfx.obj
 0001:0000a590       _CL_ParticleSmokeEffect    0040b590 f   cl_newfx.obj
 0001:0000a6b8       _CL_BlasterParticles2      0040b6b8 f   cl_newfx.obj
 0001:0000a785       _CL_BlasterTrail2          0040b785 f   cl_newfx.obj
 0001:0000a878       _CL_DownloadFileName       0040b878 f   cl_parse.obj
 0001:0000a8b7       _CL_CheckOrDownloadFile    0040b8b7 f   cl_parse.obj
 0001:0000aaf2       _CL_Download_f             0040baf2 f   cl_parse.obj
 0001:0000abbd       _CL_RegisterSounds         0040bbbd f   cl_parse.obj
 0001:0000abfc       _CL_ParseDownload          0040bbfc f   cl_parse.obj
 0001:0000ad69       _CL_ParseServerData        0040bd69 f   cl_parse.obj
 0001:0000ae6e       _CL_ParseBaseline          0040be6e f   cl_parse.obj
 0001:0000aeb6       _CL_LoadClientinfo         0040beb6 f   cl_parse.obj
 0001:0000b1a0       _CL_ParseClientinfo        0040c1a0 f   cl_parse.obj
 0001:0000b1c4       _CL_ParseConfigString      0040c1c4 f   cl_parse.obj
 0001:0000b361       _CL_ParseStartSoundPacket  0040c361 f   cl_parse.obj
 0001:0000b463       _CL_ParseServerMessage     0040c463 f   cl_parse.obj
 0001:0000b758       _CL_CheckPredictionError   0040c758 f   cl_pred.obj
 0001:0000b89d       _CL_EntityTrace            0040c89d f   cl_pred.obj
 0001:0000bb81       _CL_Trace                  0040cb81 f   cl_pred.obj
 0001:0000bbb9       _CL_PMpointcontents        0040cbb9 f   cl_pred.obj
 0001:0000bcec       _CL_PredictMovement        0040ccec f   cl_pred.obj
 0001:0000bf95       _CL_AddNetgraph            0040cf95 f   cl_scrn.obj
 0001:0000c06f       _SCR_DebugGraph            0040d06f f   cl_scrn.obj
 0001:0000c097       _SCR_DrawDebugGraph        0040d097 f   cl_scrn.obj
 0001:0000c191       _SCR_CenterPrint           0040d191 f   cl_scrn.obj
 0001:0000c2a1       _SCR_DrawCenterString      0040d2a1 f   cl_scrn.obj
 0001:0000c366       _SCR_SizeUp_f              0040d366 f   cl_scrn.obj
 0001:0000c37f       _SCR_SizeDown_f            0040d37f f   cl_scrn.obj
 0001:0000c3a0       _SCR_Sky_f                 0040d3a0 f   cl_scrn.obj
 0001:0000c44b       _SCR_Init                  0040d44b f   cl_scrn.obj
 0001:0000c4b0       _SCR_DrawPause             0040d4b0 f   cl_scrn.obj
 0001:0000c50e       _SCR_RunConsole            0040d50e f   cl_scrn.obj
 0001:0000c5f0       _SCR_DrawConsole           0040d5f0 f   cl_scrn.obj
 0001:0000c67a       _SCR_SetLevelshot          0040d67a f   cl_scrn.obj
 0001:0000c6e5       _SCR_DrawLoading           0040d6e5 f   cl_scrn.obj
 0001:0000c79e       _SCR_BeginLoadingPlaque    0040d79e f   cl_scrn.obj
 0001:0000c7fe       _SCR_EndLoadingPlaque      0040d7fe f   cl_scrn.obj
 0001:0000c81c       _SCR_Loading_f             0040d81c f   cl_scrn.obj
 0001:0000c821       _SCR_TimeRefresh_f         0040d821 f   cl_scrn.obj
 0001:0000c8f8       _SCR_TileClear             0040d8f8 f   cl_scrn.obj
 0001:0000c9a1       _DrawHUDString             0040d9a1 f   cl_scrn.obj
 0001:0000ca53       _SCR_DrawField             0040da53 f   cl_scrn.obj
 0001:0000cafa       _SCR_TouchPics             0040dafa f   cl_scrn.obj
 0001:0000cb8d       _SCR_ExecuteLayoutString   0040db8d f   cl_scrn.obj
 0001:0000d345       _SCR_UpdateScreen          0040e345 f   cl_scrn.obj
 0001:0000d665       _CL_RegisterTEntSounds     0040e665 f   cl_tent.obj
 0001:0000d89d       _CL_RegisterTEntModels     0040e89d f   cl_tent.obj
 0001:0000da23       _CL_ClearTEnts             0040ea23 f   cl_tent.obj
 0001:0000da7a       _CL_AllocExplosion         0040ea7a f   cl_tent.obj
 0001:0000db18       _CL_AddExplosions          0040eb18 f   cl_tent.obj
 0001:0000dce7       _CL_SmokeAndFlash          0040ece7 f   cl_tent.obj
 0001:0000dd2f       _CL_ParseBeam              0040ed2f f   cl_tent.obj
 0001:0000de0e       _CL_ParseBeam2             0040ee0e f   cl_tent.obj
 0001:0000dee5       _CL_ParsePlayerBeam        0040eee5 f   cl_tent.obj
 0001:0000dff3       _CL_ParseLightning         0040eff3 f   cl_tent.obj
 0001:0000e0bf       _CL_ParseLaser             0040f0bf f   cl_tent.obj
 0001:0000e157       _CL_ParseSteam             0040f157 f   cl_tent.obj
 0001:0000e268       _CL_ParseWidow             0040f268 f   cl_tent.obj
 0001:0000e2d4       _CL_ParseNuke              0040f2d4 f   cl_tent.obj
 0001:0000e33e       _CL_ParseTEnt              0040f33e f   cl_tent.obj
 0001:0000f171       _CL_AddBeams               00410171 f   cl_tent.obj
 0001:0000f4c4       _CL_AddPlayerBeams         004104c4 f   cl_tent.obj
 0001:0000fc02       _CL_AddLasers              00410c02 f   cl_tent.obj
 0001:0000fc27       _CL_ProcessSustain         00410c27 f   cl_tent.obj
 0001:0000fc68       _CL_AddTEnts               00410c68 f   cl_tent.obj
 0001:0000fc81       _V_AddEntity               00410c81 f   cl_view.obj
 0001:0000fcb0       _V_AddLight                00410cb0 f   cl_view.obj
 0001:0000fcf5       _V_TestParticles           00410cf5 f   cl_view.obj
 0001:0000fdb3       _V_TestEntities            00410db3 f   cl_view.obj
 0001:0000fe55       _V_TestLights              00410e55 f   cl_view.obj
 0001:0000ff28       _CL_PrepRefresh            00410f28 f   cl_view.obj
 0001:0001019e       _CalcFov                   0041119e f   cl_view.obj
 0001:00010217       _V_Gun_Next_f              00411217 f   cl_view.obj
 0001:00010230       _V_Gun_Prev_f              00411230 f   cl_view.obj
 0001:00010252       _V_Gun_Model_f             00411252 f   cl_view.obj
 0001:00010286       _SCR_DrawCrosshair         00411286 f   cl_view.obj
 0001:000102fb       _V_RenderView              004112fb f   cl_view.obj
 0001:000110f5       _V_Init                    004120f5 f   cl_view.obj
 0001:0001130a       _Cbuf_Init                 0041230a f   cmd.obj
 0001:00011322       _Cbuf_AddText              00412322 f   cmd.obj
 0001:0001138a       _Cbuf_InsertText           0041238a f   cmd.obj
 0001:000113e2       _Cbuf_CopyToDefer          004123e2 f   cmd.obj
 0001:0001140e       _Cbuf_InsertFromDefer      0041240e f   cmd.obj
 0001:00011421       _Cbuf_Execute              00412421 f   cmd.obj
 0001:00011507       _Cmd_Exec_f                00412507 f   cmd.obj
 0001:0001158c       _Cmd_Echo_f                0041258c f   cmd.obj
 0001:000115ce       _Cmd_Alias_f               004125ce f   cmd.obj
 0001:000116f5       _Cmd_Unalias_f             004126f5 f   cmd.obj
 0001:00011781       _Cmd_WriteAliases          00412781 f   cmd.obj
 0001:000117aa       _Cmd_Argc                  004127aa f   cmd.obj
 0001:000117b0       _Cmd_Argv                  004127b0 f   cmd.obj
 0001:000117ca       _Cmd_Args                  004127ca f   cmd.obj
 0001:000117d0       _Cmd_TokenizeString        004127d0 f   cmd.obj
 0001:00011aaa       _Cmd_AddCommand            00412aaa f   cmd.obj
 0001:00011b12       _Cmd_RemoveCommand         00412b12 f   cmd.obj
 0001:00011b54       _Cmd_ExecuteString         00412b54 f   cmd.obj
 0001:00011c37       _Cmd_Init                  00412c37 f   cmd.obj
 0001:00011d50       _CMod_GetSurfMaterial      00412d50 f   cmodel.obj
 0001:00011dad       _CM_LoadMap                00412dad f   cmodel.obj
 0001:0001240a       _PlaneTypeForNormal        0041340a f i cmodel.obj
 0001:0001258a       _CM_InlineModel            0041358a f   cmodel.obj
 0001:000125d9       _CM_NumClusters            004135d9 f   cmodel.obj
 0001:000125df       _CM_NumInlineModels        004135df f   cmodel.obj
 0001:000125e5       _CM_EntityString           004135e5 f   cmodel.obj
 0001:000125eb       _CM_LeafContents           004135eb f   cmodel.obj
 0001:00012615       _CM_LeafCluster            00413615 f   cmodel.obj
 0001:00012640       _CM_LeafArea               00413640 f   cmodel.obj
 0001:0001266b       _CM_InitBoxHull            0041366b f   cmodel.obj
 0001:000127fb       _CM_HeadnodeForBox         004137fb f   cmodel.obj
 0001:000128b0       _CM_PointLeafnum           004138b0 f   cmodel.obj
 0001:00012913       _DISTANCE_TO_PLANE         00413913 f i cmodel.obj
 0001:0001295b       _CM_BoxLeafnums            0041395b f   cmodel.obj
 0001:00012a30       _BOX_ON_PLANE_SIDE         00413a30 f i cmodel.obj
 0001:00012ab5       _CM_PointContents          00413ab5 f   cmodel.obj
 0001:00012ada       _CM_TransformedPointContents 00413ada f   cmodel.obj
 0001:00012bbf       _CM_TransformedPointContents2 00413bbf f   cmodel.obj
 0001:00012c5a       _CM_BoxTrace               00413c5a f   cmodel.obj
 0001:000136eb       _CM_TransformedBoxTrace    004146eb f   cmodel.obj
 0001:0001395b       _CM_TransformedBoxTrace2   0041495b f   cmodel.obj
 0001:00013b18       _CM_BrushTrace             00414b18 f   cmodel.obj
 0001:00013f0b       _CM_RefineBrushTrace       00414f0b f   cmodel.obj
 0001:00013f5b       _CM_DecompressVis          00414f5b f   cmodel.obj
 0001:00013fe4       _CM_ClusterPVS             00414fe4 f   cmodel.obj
 0001:00014031       _CM_ClusterPHS             00415031 f   cmodel.obj
 0001:0001407e       _FloodAreaConnections      0041507e f   cmodel.obj
 0001:00014139       _CM_SetAreaPortalState     00415139 f   cmodel.obj
 0001:00014166       _CM_AreasConnected         00415166 f   cmodel.obj
 0001:000141b4       _CM_WriteAreaBits          004151b4 f   cmodel.obj
 0001:00014244       _CM_WritePortalState       00415244 f   cmodel.obj
 0001:0001425e       _CM_ReadPortalState        0041525e f   cmodel.obj
 0001:0001427c       _CM_HeadnodeVisible        0041527c f   cmodel.obj
 0001:000142e4       _Com_BeginRedirect         004152e4 f   common.obj
 0001:00014321       _Com_EndRedirect           00415321 f   common.obj
 0001:0001434c       _Com_Printf                0041534c f   common.obj
 0001:000144ab       _Com_DPrintf               004154ab f   common.obj
 0001:0001450f       _DebugPrintf               0041550f f   common.obj
 0001:000145b7       _Com_WPrintf               004155b7 f   common.obj
 0001:00014610       _Com_Error                 00415610 f   common.obj
 0001:0001470b       _Com_Quit                  0041570b f   common.obj
 0001:0001473b       _MatchWildcard             0041573b f   common.obj
 0001:00014892       _MatchWildcard2            00415892 f   common.obj
 0001:000148de       _IPWildcard                004158de f   common.obj
 0001:000149b9       _Com_ServerState           004159b9 f   common.obj
 0001:000149bf       _Com_SetServerState        004159bf f   common.obj
 0001:000149c9       _MSG_WriteByte             004159c9 f   common.obj
 0001:000149c9       _MSG_WriteChar             004159c9 f   common.obj
 0001:000149dd       _MSG_WriteShort            004159dd f   common.obj
 0001:000149f7       _MSG_WriteLong             004159f7 f   common.obj
 0001:00014a21       _MSG_WriteFloat            00415a21 f   common.obj
 0001:00014a47       _MSG_WriteString           00415a47 f   common.obj
 0001:00014a7f       _MSG_WriteCoord            00415a7f f   common.obj
 0001:00014aae       _MSG_WritePos              00415aae f   common.obj
 0001:00014b30       _MSG_WriteAngle            00415b30 f   common.obj
 0001:00014b59       _MSG_WriteAngle16          00415b59 f   common.obj
 0001:00014b90       _MSG_WriteDeltaUsercmd     00415b90 f   common.obj
 0001:00014d18       _MSG_WriteDir              00415d18 f   common.obj
 0001:00014d85       _MSG_ReadDir               00415d85 f   common.obj
 0001:00014dbd       _MSG_WriteDeltaEntity      00415dbd f   common.obj
 0001:000152c7       _MSG_BeginReading          004162c7 f   common.obj
 0001:000152d0       _MSG_ReadChar              004162d0 f   common.obj
 0001:000152f1       _MSG_ReadByte              004162f1 f   common.obj
 0001:00015312       _MSG_ReadShort             00416312 f   common.obj
 0001:00015342       _MSG_ReadLong              00416342 f   common.obj
 0001:00015381       _MSG_ReadString            00416381 f   common.obj
 0001:000153b4       _MSG_ReadCoord             004163b4 f   common.obj
 0001:000153ce       _MSG_ReadPos               004163ce f   common.obj
 0001:00015420       _MSG_ReadAngle             00416420 f   common.obj
 0001:0001543a       _MSG_ReadAngle16           0041643a f   common.obj
 0001:00015454       _MSG_ReadDeltaUsercmd      00416454 f   common.obj
 0001:0001550b       _MSG_ReadData              0041650b f   common.obj
 0001:0001552e       _SZ_Init                   0041652e f   common.obj
 0001:00015550       _SZ_Clear                  00416550 f   common.obj
 0001:0001555d       _SZ_GetSpace               0041655d f   common.obj
 0001:000155c3       _SZ_Write                  004165c3 f   common.obj
 0001:000155e4       _SZ_Print                  004165e4 f   common.obj
 0001:0001562d       _Info_Print                0041662d f   common.obj
 0001:000156ea       _COM_BlockSequenceCRCByte  004166ea f   common.obj
 0001:00015776       _frand                     00416776 f   common.obj
 0001:00015793       _crand                     00416793 f   common.obj
 0001:000157b6       _COM_CheckCmdlineVar       004167b6 f   common.obj
 0001:0001580c       _QCommon_Init              0041680c f   common.obj
 0001:00015b5f       _QCommon_Frame             00416b5f f   common.obj
 0001:00015e8c       _DeinitConProc             00416e8c f   conproc.obj
 0001:00015e9d       _DrawStringCommon          00416e9d f   console.obj
 0001:00015efa       _DrawString                00416efa f   console.obj
 0001:00015f1c       _DrawAltString             00416f1c f   console.obj
 0001:00015f41       _Con_ToggleConsole_f       00416f41 f   console.obj
 0001:00015fbd       _Con_ClearNotify           00416fbd f   console.obj
 0001:00015fcf       _Con_CheckResize           00416fcf f   console.obj
 0001:000160ef       _Con_Print                 004170ef f   console.obj
 0001:00016426       _Con_DrawNotify            00417426 f   console.obj
 0001:0001666c       _Con_DrawConsole           0041766c f   console.obj
 0001:00016bb7       _Key_Console               00417bb7 f   console.obj
 0001:00017103       _Key_Message               00418103 f   console.obj
 0001:00017194       _Con_Init                  00418194 f   console.obj
 0001:00017397       _CRC_Block                 00418397 f   crc.obj
 0001:000173d3       _Cvar_VariableValue        004183d3 f   cvar.obj
 0001:00017441       _Cvar_VariableInt          00418441 f   cvar.obj
 0001:00017454       _Cvar_VariableString       00418454 f   cvar.obj
 0001:0001746c       _Cvar_Get                  0041846c f   cvar.obj
 0001:00017700       _Cvar_GetVars              00418700 f   cvar.obj
 0001:00017754       _Cvar_FullSet              00418754 f   cvar.obj
 0001:000177b1       _Cvar_SetValue             004187b1 f   cvar.obj
 0001:00017a12       _Cvar_SetInteger           00418a12 f   cvar.obj
 0001:00017a34       _Cvar_Set                  00418a34 f   cvar.obj
 0001:00017a49       _Cvar_ForceSet             00418a49 f   cvar.obj
 0001:00017a5e       _Cvar_Clamp                00418a5e f   cvar.obj
 0001:00017ae8       _Cvar_ClampName            00418ae8 f   cvar.obj
 0001:00017b39       _Cvar_GetLatchedVars       00418b39 f   cvar.obj
 0001:00017b68       _Cvar_Command              00418b68 f   cvar.obj
 0001:00017c14       _Cvar_WriteVariables       00418c14 f   cvar.obj
 0001:00017c8e       _Cvar_BitInfo              00418c8e f   cvar.obj
 0001:00017cc7       _Cvar_Userinfo             00418cc7 f   cvar.obj
 0001:00017cd0       _Cvar_Serverinfo           00418cd0 f   cvar.obj
 0001:00017cd9       _Cvar_Cheats               00418cd9 f   cvar.obj
 0001:00017d2f       _Cvar_Init                 00418d2f f   cvar.obj
 0001:0001837a       _FS_CreatePath             0041937a f   files.obj
 0001:000183c4       _FS_CopyFile               004193c4 f   files.obj
 0001:000184c7       _FS_CopyFiles              004194c7 f   files.obj
 0001:000185a0       _FS_RemoveFiles            004195a0 f   files.obj
 0001:00018614       _Developer_searchpath      00419614 f   files.obj
 0001:00018659       _FS_FCloseFile             00419659 f   files.obj
 0001:000186ef       _FS_FOpenFile              004196ef f   files.obj
 0001:00018c17       _FS_FileExists             00419c17 f   files.obj
 0001:00018e54       _FS_Read                   00419e54 f   files.obj
 0001:0001909c       _FS_LoadFile               0041a09c f   files.obj
 0001:000190fe       _FS_FreeFile               0041a0fe f   files.obj
 0001:00019109       _FS_Gamedir                0041a109 f   files.obj
 0001:0001911d       _FS_LoadGameConfig         0041a11d f   files.obj
 0001:000191e2       _FS_SetGamedir             0041a1e2 f   files.obj
 0001:0001988e       _FS_ListFiles              0041a88e f   files.obj
 0001:00019b9c       _FS_NextPath               0041ab9c f   files.obj
 0001:00019bc0       _FS_InitFilesystem         0041abc0 f   files.obj
 0001:0001a58e       _LoadPCX                   0041b58e f   images.obj
 0001:0001a6c5       _LoadTGA                   0041b6c5 f   images.obj
 0001:0001a8b8       _LoadJPG                   0041b8b8 f   images.obj
 0001:0001ab4b       _ImageExists               0041bb4b f   images.obj
 0001:0001ac45       _WriteTGA                  0041bc45 f   images.obj
 0001:0001ae36       _WriteJPG                  0041be36 f   images.obj
 0001:0001af5e       _IN_MLookDown              0041bf5e f   in_win.obj
 0001:0001af69       _IN_MLookUp                0041bf69 f   in_win.obj
 0001:0001af8c       _IN_StartupMouse           0041bf8c f   in_win.obj
 0001:0001afe6       _IN_MouseEvent             0041bfe6 f   in_win.obj
 0001:0001b063       _IN_Init                   0041c063 f   in_win.obj
 0001:0001b0a9       _IN_Shutdown               0041c0a9 f   in_win.obj
 0001:0001b196       _IN_Activate               0041c196 f   in_win.obj
 0001:0001b1ad       _IN_Frame                  0041c1ad f   in_win.obj
 0001:0001b5ae       _IN_Move                   0041c5ae f   in_win.obj
 0001:0001b787       _IN_StartupJoystick        0041c787 f   in_win.obj
 0001:0001b8a8       _Joy_AdvancedUpdate_f      0041c8a8 f   in_win.obj
 0001:0001ba1f       _IN_Commands               0041ca1f f   in_win.obj
 0001:0001bb4e       _IN_ReadJoystick           0041cb4e f   in_win.obj
 0001:0001bb89       _IN_JoyMove                0041cb89 f   in_win.obj
 0001:0001bedb       _Key_StringToKeynum        0041cedb f   keys.obj
 0001:0001bf25       _Key_KeynumToString        0041cf25 f   keys.obj
 0001:0001bf78       _CompleteCommand           0041cf78 f   keys.obj
 0001:0001c79b       _Key_SetBinding            0041d79b f   keys.obj
 0001:0001c7f5       _Key_Bindlist_f            0041d7f5 f   keys.obj
 0001:0001c891       _Key_WriteBindings         0041d891 f   keys.obj
 0001:0001c8cf       _Key_Init                  0041d8cf f   keys.obj
 0001:0001cba5       _Key_Event                 0041dba5 f   keys.obj
 0001:0001ce9c       _Key_ClearStates           0041de9c f   keys.obj
 0001:0001cee1       _Key_ClearTyping           0041dee1 f   keys.obj
 0001:0001cefa       _MD4Init                   0041defa f   md4.obj
 0001:0001cf22       _MD4Update                 0041df22 f   md4.obj
 0001:0001cfc0       _MD4Final                  0041dfc0 f   md4.obj
 0001:0001d6b1       _Com_BlockChecksum         0041e6b1 f   md4.obj
 0001:0001d6ed       _Z_Free                    0041e6ed f   memory.obj
 0001:0001d743       _Z_FreeTags                0041e743 f   memory.obj
 0001:0001d773       _Z_TagMalloc               0041e773 f   memory.obj
 0001:0001d7e4       _Z_Malloc                  0041e7e4 f   memory.obj
 0001:0001d806       _Z_BlockMalloc             0041e806 f   memory.obj
 0001:0001d821       _CreateMemoryChain         0041e821 f   memory.obj
 0001:0001d889       _FreeMemoryChain           0041e889 f   memory.obj
 0001:0001d8b3       _AllocChainBlock           0041e8b3 f   memory.obj
 0001:0001d8fe       _CopyString                0041e8fe f   memory.obj
 0001:0001d922       _ChainCopyString           0041e922 f   memory.obj
 0001:0001d94a       _AllocNamedStruc           0041e94a f   memory.obj
 0001:0001d985       _ChainAllocNamedStruc      0041e985 f   memory.obj
 0001:0001d9c4       _FindNamedStruc            0041e9c4 f   memory.obj
 0001:0001da08       _FindNamedStrucByIndex     0041ea08 f   memory.obj
 0001:0001da1f       _IndexOfNamedStruc         0041ea1f f   memory.obj
 0001:0001da4d       _AddToNamedList            0041ea4d f   memory.obj
 0001:0001da97       _ChainAddToNamedList       0041ea97 f   memory.obj
 0001:0001dae1       _FreeNamedList             0041eae1 f   memory.obj
 0001:0001dafc       _Z_Init                    0041eafc f   memory.obj
 0001:0001db37       _M_PushMenu                0041eb37 f   menu.obj
 0001:0001dbf4       _M_ForceMenuOff            0041ebf4 f   menu.obj
 0001:0001dc21       _M_PopMenu                 0041ec21 f   menu.obj
 0001:0001dc75       _Default_MenuKey           0041ec75 f   menu.obj
 0001:0001dd9f       _M_Print                   0041ed9f f   menu.obj
 0001:0001ddea       _M_DrawTextBox             0041edea f   menu.obj
 0001:0001dfd6       _M_Main_Draw               0041efd6 f   menu.obj
 0001:0001e15a       _M_Main_Key                0041f15a f   menu.obj
 0001:0001e23e       _M_Menu_Main_f             0041f23e f   menu.obj
 0001:0001e25a       _M_Menu_Multiplayer_f      0041f25a f   menu.obj
 0001:0001e3df       _M_Menu_Keys_f             0041f3df f   menu.obj
 0001:0001e8bc       _M_Menu_Options_f          0041f8bc f   menu.obj
 0001:0001f22b       _M_Menu_Video_f            0042022b f   menu.obj
 0001:0001f24c       _M_Menu_Credits_f          0042024c f   menu.obj
 0001:0001f41c       _M_Menu_Game_f             0042041c f   menu.obj
 0001:0001f6af       _M_Menu_LoadGame_f         004206af f   menu.obj
 0001:0001f982       _M_Menu_SaveGame_f         00420982 f   menu.obj
 0001:0001fae2       _M_AddToServerList         00420ae2 f   menu.obj
 0001:0001fb55       _M_Menu_JoinServer_f       00420b55 f   menu.obj
 0001:0001fdb9       _M_Menu_StartServer_f      00420db9 f   menu.obj
 0001:000205e4       _M_Menu_DMOptions_f        004215e4 f   menu.obj
 0001:00020d60       _M_Menu_DownloadOptions_f  00421d60 f   menu.obj
 0001:00020fe2       _M_Menu_AddressBook_f      00421fe2 f   menu.obj
 0001:00022391       _M_Init                    00423391 f   menu.obj
 0001:000224b5       _M_Draw                    004234b5 f   menu.obj
 0001:00022546       _M_Keydown                 00423546 f   menu.obj
 0001:00022562       _LoadQ2BspFile             00423562 f   model.obj
 0001:00022b2c       _LoadBspFile               00423b2c f   model.obj
 0001:00022c4c       _ProcessEntstring          00423c4c f   model.obj
 0001:00023a6f       _Netchan_Init              00424a6f f   net_chan.obj
 0001:00023acf       _Netchan_OutOfBand         00424acf f   net_chan.obj
 0001:00023b2f       _Netchan_OutOfBandPrint    00424b2f f   net_chan.obj
 0001:00023b6f       _Netchan_Setup             00424b6f f   net_chan.obj
 0001:00023bca       _Netchan_NeedReliable      00424bca f   net_chan.obj
 0001:00023bf6       _Netchan_Transmit          00424bf6 f   net_chan.obj
 0001:00023d9a       _Netchan_Process           00424d9a f   net_chan.obj
 0001:00023ec1       _NetadrToSockadr           00424ec1 f   net_wins.obj
 0001:00023f63       _SockadrToNetadr           00424f63 f   net_wins.obj
 0001:00023fc6       _NET_CompareAdr            00424fc6 f   net_wins.obj
 0001:0002402c       _NET_CompareBaseAdr        0042502c f   net_wins.obj
 0001:00024085       _NET_AdrToString           00425085 f   net_wins.obj
 0001:0002413e       _NET_StringToSockaddr      0042513e f   net_wins.obj
 0001:00024377       _NET_StringToAdr           00425377 f   net_wins.obj
 0001:000243d0       _NET_IsLocalAddress        004253d0 f   net_wins.obj
 0001:000243dc       _NET_GetLoopPacket         004253dc f   net_wins.obj
 0001:00024463       _NET_SendLoopPacket        00425463 f   net_wins.obj
 0001:000244af       _NET_GetPacket             004254af f   net_wins.obj
 0001:000245cd       _NET_SendPacket            004255cd f   net_wins.obj
 0001:000246a7       _NET_IPSocket              004256a7 f   net_wins.obj
 0001:000247bd       _NET_OpenIP                004257bd f   net_wins.obj
 0001:00024839       _NET_OpenIPX               00425839 f   net_wins.obj
 0001:00024991       _NET_Config                00425991 f   net_wins.obj
 0001:00024a24       _NET_Init                  00425a24 f   net_wins.obj
 0001:00024a8e       _Pmove                     00425a8e f   pmove.obj
 0001:000267f1       _NormalizeColor            004277f1 f   q_shared2.obj
 0001:00026852       _NormalizeColor255         00427852 f   q_shared2.obj
 0001:000268b7       _Q_rsqrt                   004278b7 f   q_shared2.obj
 0001:000268e7       _RotatePointAroundVector   004278e7 f   q_shared2.obj
 0001:00026a57       _AngleVectors              00427a57 f   q_shared2.obj
 0001:00026bb8       _ProjectPointOnPlane       00427bb8 f   q_shared2.obj
 0001:00026c37       _PerpendicularVector       00427c37 f   q_shared2.obj
 0001:00026cb6       _MakeNormalVectors         00427cb6 f   q_shared2.obj
 0001:00026d1d       _MatrixMultiply            00427d1d f   q_shared2.obj
 0001:00026e04       _R_ConcatTransforms        00427e04 f   q_shared2.obj
 0001:00026f3e       _SetPlaneSignbits          00427f3e f   q_shared2.obj
 0001:00026f6e       _LerpAngle                 00427f6e f   q_shared2.obj
 0001:00026fb1       _anglemod                  00427fb1 f   q_shared2.obj
 0001:00026fdd       _BoxOnPlaneSide            00427fdd f   q_shared2.obj
 0001:000270f9       _ClearBounds               004280f9 f   q_shared2.obj
 0001:00027122       _AddPointToBounds          00428122 f   q_shared2.obj
 0001:0002715b       _VectorCompare             0042815b f   q_shared2.obj
 0001:00027189       _VectorNormalize           00428189 f   q_shared2.obj
 0001:000271dd       _VectorNormalize2          004281dd f   q_shared2.obj
 0001:00027235       _VectorNormalizeFast       00428235 f   q_shared2.obj
 0001:00027286       _CrossProduct              00428286 f   q_shared2.obj
 0001:000272c1       _VectorLength              004282c1 f   q_shared2.obj
 0001:000272f0       _VectorDistance            004282f0 f   q_shared2.obj
 0001:00027321       _VectorInverse             00428321 f   q_shared2.obj
 0001:0002733c       _VectorScale               0042833c f   q_shared2.obj
 0001:00027360       _AnglesToAxis              00428360 f   q_shared2.obj
 0001:00027399       _COM_FilePath              00428399 f   q_shared2.obj
 0001:000273cf       _ShortSwap                 004283cf f   q_shared2.obj
 0001:000273e4       _va                        004283e4 f   q_shared2.obj
 0001:00027431       _COM_ParseExt              00428431 f   q_shared2.obj
 0001:0002752c       _Com_PageInMemory          0042852c f   q_shared2.obj
 0001:0002754b       _Q_stricmp                 0042854b f   q_shared2.obj
 0001:0002755c       _Q_strncasecmp             0042855c f   q_shared2.obj
 0001:000275b4       _Q_strcasecmp              004285b4 f   q_shared2.obj
 0001:000275ca       _Q_strncpyz                004285ca f   q_shared2.obj
 0001:000275ee       _Q_strncpylower            004285ee f   q_shared2.obj
 0001:00027628       _Q_CopyFilename            00428628 f   q_shared2.obj
 0001:000276c4       _Com_sprintf               004286c4 f   q_shared2.obj
 0001:0002770a       _Info_ValueForKey          0042870a f   q_shared2.obj
 0001:00027795       _Info_RemoveKey            00428795 f   q_shared2.obj
 0001:0002781b       _Info_SetValueForKey       0042881b f   q_shared2.obj
 0001:00027959       _Field_Draw                00428959 f   qmenu.obj
 0001:00027b68       _Field_Key                 00428b68 f   qmenu.obj
 0001:00027dd1       _Menu_AddItem              00428dd1 f   qmenu.obj
 0001:00027e06       _Menu_AdjustCursor         00428e06 f   qmenu.obj
 0001:00027f45       _Menu_Center               00428f45 f   qmenu.obj
 0001:00027f7d       _Menu_DrawDotsItem         00428f7d f   qmenu.obj
 0001:00027fe2       _Menu_Draw                 00428fe2 f   qmenu.obj
 0001:00028293       _Menu_ItemAtCursor         00429293 f   qmenu.obj
 0001:000282ab       _Menu_SelectItem           004292ab f   qmenu.obj
 0001:000282ed       _Menu_SetStatusBar         004292ed f   qmenu.obj
 0001:000282fc       _Menu_SlideItem            004292fc f   qmenu.obj
 0001:0002834c       _Menu_TallySlots           0042934c f   qmenu.obj
 0001:000287fc       _S_SoundInfo_f             004297fc f   snd_dma.obj
 0001:00028886       _S_ReadModelsSex           00429886 f   snd_dma.obj
 0001:0002896e       _S_IsFemale                0042996e f   snd_dma.obj
 0001:000289fc       _S_Init                    004299fc f   snd_dma.obj
 0001:00028acf       _S_Shutdown                00429acf f   snd_dma.obj
 0001:00028b59       _S_FindName                00429b59 f   snd_dma.obj
 0001:00028c45       _S_AliasName               00429c45 f   snd_dma.obj
 0001:00028cd1       _S_BeginRegistration       00429cd1 f   snd_dma.obj
 0001:00028ce2       _S_RegisterSound           00429ce2 f   snd_dma.obj
 0001:00028d48       _S_EndRegistration         00429d48 f   snd_dma.obj
 0001:00028ddb       _S_PickChannel             00429ddb f   snd_dma.obj
 0001:00028e72       _S_SpatializeOrigin        00429e72 f   snd_dma.obj
 0001:00028f99       _S_Spatialize              00429f99 f   snd_dma.obj
 0001:00029002       _S_AllocPlaysound          0042a002 f   snd_dma.obj
 0001:00029021       _S_FreePlaysound           0042a021 f   snd_dma.obj
 0001:00029051       _S_IssuePlaysound          0042a051 f   snd_dma.obj
 0001:0002910d       _S_RegisterSexedSound      0042a10d f   snd_dma.obj
 0001:000291f1       _S_StartSound              0042a1f1 f   snd_dma.obj
 0001:000293c3       _S_StartLocalSound         0042a3c3 f   snd_dma.obj
 0001:00029412       _S_ClearBuffer             0042a412 f   snd_dma.obj
 0001:0002946a       _S_StopAllSounds           0042a46a f   snd_dma.obj
 0001:000294e5       _S_AddLoopSounds           0042a4e5 f   snd_dma.obj
 0001:000296ba       _S_RawSamples              0042a6ba f   snd_dma.obj
 0001:000298be       _S_Update                  0042a8be f   snd_dma.obj
 0001:000299d3       _GetSoundtime              0042a9d3 f   snd_dma.obj
 0001:00029a3a       _S_Update_                 0042aa3a f   snd_dma.obj
 0001:00029ad0       _S_Play                    0042aad0 f   snd_dma.obj
 0001:00029b80       _S_SoundList               0042ab80 f   snd_dma.obj
 0001:00029c41       _ResampleSfx               0042ac41 f   snd_mem.obj
 0001:00029d59       _S_LoadSound               0042ad59 f   snd_mem.obj
 0001:00029e7f       _FindNextChunk             0042ae7f f   snd_mem.obj
 0001:00029f09       _GetWavinfo                0042af09 f   snd_mem.obj
 0001:0002a0f9       _S_WriteLinearBlastStereo16 0042b0f9 f   snd_mix.obj
 0001:0002a16d       _S_TransferStereo16        0042b16d f   snd_mix.obj
 0001:0002a1d6       _S_TransferPaintBuffer     0042b1d6 f   snd_mix.obj
 0001:0002a332       _S_PaintChannels           0042b332 f   snd_mix.obj
 0001:0002a557       _S_InitScaletable          0042b557 f   snd_mix.obj
 0001:0002a5aa       _S_PaintChannelFrom8       0042b5aa f   snd_mix.obj
 0001:0002a6ac       _S_PaintChannelFrom16      0042b6ac f   snd_mix.obj
 0001:0002a717       _FreeSound                 0042b717 f   snd_win.obj
 0001:0002a827       _SNDDMA_InitDirect         0042b827 f   snd_win.obj
 0001:0002acf6       _SNDDMA_Init               0042bcf6 f   snd_win.obj
 0001:0002ad72       _SNDDMA_GetDMAPos          0042bd72 f   snd_win.obj
 0001:0002adbc       _SNDDMA_BeginPainting      0042bdbc f   snd_win.obj
 0001:0002aebe       _SNDDMA_Submit             0042bebe f   snd_win.obj
 0001:0002aee3       _SNDDMA_Shutdown           0042bee3 f   snd_win.obj
 0001:0002aee8       _S_Activate                0042bee8 f   snd_win.obj
 0001:0002af13       _SV_SetMaster_f            0042bf13 f   sv_ccmds.obj
 0001:0002b025       _SV_WipeSavegame           0042c025 f   sv_ccmds.obj
 0001:0002b053       _SV_CopySaveGame           0042c053 f   sv_ccmds.obj
 0001:0002b0a8       _SV_WriteLevelFile         0042c0a8 f   sv_ccmds.obj
 0001:0002b156       _SV_ReadLevelFile          0042c156 f   sv_ccmds.obj
 0001:0002b204       _SV_WriteServerFile        0042c204 f   sv_ccmds.obj
 0001:0002b440       _SV_ReadServerFile         0042c440 f   sv_ccmds.obj
 0001:0002b55a       _SV_DemoMap_f              0042c55a f   sv_ccmds.obj
 0001:0002b5e4       _SV_GameMap_f              0042c5e4 f   sv_ccmds.obj
 0001:0002b756       _SV_Map_f                  0042c756 f   sv_ccmds.obj
 0001:0002b7c3       _SV_Loadgame_f             0042c7c3 f   sv_ccmds.obj
 0001:0002b8c8       _SV_Savegame_f             0042c8c8 f   sv_ccmds.obj
 0001:0002b9cd       _SV_AddressBanned          0042c9cd f   sv_ccmds.obj
 0001:0002ba0f       _SV_InitOperatorCommands   0042ca0f f   sv_ccmds.obj
 0001:0002c3ae       _SV_EmitPacketEntities     0042d3ae f   sv_ents.obj
 0001:0002c51c       _SV_WritePlayerstateToClient 0042d51c f   sv_ents.obj
 0001:0002ca40       _SV_WriteFrameToClient     0042da40 f   sv_ents.obj
 0001:0002cafc       _SV_FatPVS                 0042dafc f   sv_ents.obj
 0001:0002cc29       _SV_BuildClientFrame       0042dc29 f   sv_ents.obj
 0001:0002cef4       _SV_RecordDemoMessage      0042def4 f   sv_ents.obj
 0001:0002d013       _SV_ShutdownGameProgs      0042e013 f   sv_game.obj
 0001:0002d02c       _SV_InitGameProgs          0042e02c f   sv_game.obj
 0001:0002d8cc       _SV_FindIndex              0042e8cc f   sv_init.obj
 0001:0002d993       _SV_ModelIndex             0042e993 f   sv_init.obj
 0001:0002d9a9       _SV_SoundIndex             0042e9a9 f   sv_init.obj
 0001:0002d9c2       _SV_ImageIndex             0042e9c2 f   sv_init.obj
 0001:0002d9db       _SV_CreateBaseline         0042e9db f   sv_init.obj
 0001:0002da39       _SV_CheckForSavegame       0042ea39 f   sv_init.obj
 0001:0002dac1       _SV_SpawnServer            0042eac1 f   sv_init.obj
 0001:0002dd57       _SV_InitGame               0042ed57 f   sv_init.obj
 0001:0002df42       _SV_Map                    0042ef42 f   sv_init.obj
 0001:0002e100       _SV_DropClient             0042f100 f   sv_main.obj
 0001:0002e175       _SV_StatusString           0042f175 f   sv_main.obj
 0001:0002e254       _SVC_Info                  0042f254 f   sv_main.obj
 0001:0002e32a       _SVC_GetChallenge          0042f32a f   sv_main.obj
 0001:0002e3d2       _SVC_DirectConnect         0042f3d2 f   sv_main.obj
 0001:0002e83f       _Rcon_Validate             0042f83f f   sv_main.obj
 0001:0002e870       _SVC_RemoteCommand         0042f870 f   sv_main.obj
 0001:0002e942       _SV_ConnectionlessPacket   0042f942 f   sv_main.obj
 0001:0002eaa4       _SV_CalcPings              0042faa4 f   sv_main.obj
 0001:0002eb2b       _SV_GiveMsec               0042fb2b f   sv_main.obj
 0001:0002eb6a       _SV_ReadPackets            0042fb6a f   sv_main.obj
 0001:0002ec80       _SV_CheckTimeouts          0042fc80 f   sv_main.obj
 0001:0002ed26       _SV_PostprocessFrame       0042fd26 f   sv_main.obj
 0001:0002f112       _SV_MulticastHook          00430112 f   sv_main.obj
 0001:0002f3bb       _SV_TraceHook              004303bb f   sv_main.obj
 0001:0002f4dc       _SV_Frame                  004304dc f   sv_main.obj
 0001:0002f719       _SV_UserinfoChanged        00430719 f   sv_main.obj
 0001:0002f7dd       _SV_Init                   004307dd f   sv_main.obj
 0001:0002f840       _SV_Shutdown               00430840 f   sv_main.obj
 0001:0002fa1d       _SV_FlushRedirect          00430a1d f   sv_send.obj
 0001:0002fa8f       _SV_ClientPrintf           00430a8f f   sv_send.obj
 0001:0002fae5       _SV_BroadcastPrintf        00430ae5 f   sv_send.obj
 0001:0002fbb6       _SV_BroadcastCommand       00430bb6 f   sv_send.obj
 0001:0002fc08       _SV_Multicast              00430c08 f   sv_send.obj
 0001:0002fdf8       _SV_MulticastOld           00430df8 f   sv_send.obj
 0001:0002fe0b       _SV_StartSound             00430e0b f   sv_send.obj
 0001:0003007a       _SV_StartSoundOld          0043107a f   sv_send.obj
 0001:000300aa       _SV_StartSoundNew          004310aa f   sv_send.obj
 0001:000300da       _SV_SendClientDatagram     004310da f   sv_send.obj
 0001:000301b1       _SV_DemoCompleted          004311b1 f   sv_send.obj
 0001:000301cd       _SV_RateDrop               004311cd f   sv_send.obj
 0001:00030218       _SV_SendClientMessages     00431218 f   sv_send.obj
 0001:0003036b       _SV_BeginDemoserver        0043136b f   sv_user.obj
 0001:000303bb       _SV_New_f                  004313bb f   sv_user.obj
 0001:00030530       _SV_Configstrings_f        00431530 f   sv_user.obj
 0001:0003068a       _SV_Baselines_f            0043168a f   sv_user.obj
 0001:000307fe       _SV_Begin_f                004317fe f   sv_user.obj
 0001:0003085b       _SV_NextDownload_f         0043185b f   sv_user.obj
 0001:0003092f       _SV_BeginDownload_f        0043192f f   sv_user.obj
 0001:00030b47       _SV_Disconnect_f           00431b47 f   sv_user.obj
 0001:00030b57       _SV_ShowServerinfo_f       00431b57 f   sv_user.obj
 0001:00030b64       _SV_Nextserver             00431b64 f   sv_user.obj
 0001:00030bc3       _SV_Nextserver_f           00431bc3 f   sv_user.obj
 0001:00030c0a       _SV_ExecuteUserCommand     00431c0a f   sv_user.obj
 0001:00030c77       _SV_ClientThink            00431c77 f   sv_user.obj
 0001:00030cba       _SV_ExecuteClientMessage   00431cba f   sv_user.obj
 0001:00030ee7       _SV_ClearWorld             00431ee7 f   sv_world.obj
 0001:0003103b       _SV_UnlinkEdict            0043203b f   sv_world.obj
 0001:0003109e       _SV_LinkEdict              0043209e f   sv_world.obj
 0001:0003166f       _SV_AreaEdicts             0043266f f   sv_world.obj
 0001:000317da       _SV_PointContents          004327da f   sv_world.obj
 0001:000318bf       _SV_ClipMoveToEntities     004328bf f   sv_world.obj
 0001:00031bfa       _SV_Trace                  00432bfa f   sv_world.obj
 0001:00031c65       _Sys_Error                 00432c65 f   sys_win.obj
 0001:00031cc5       _Sys_Quit                  00432cc5 f   sys_win.obj
 0001:00031da7       _Sys_Init                  00432da7 f   sys_win.obj
 0001:000321b4       _Sys_ConsoleInput          004331b4 f   sys_win.obj
 0001:00032314       _Sys_ConsoleOutput         00433314 f   sys_win.obj
 0001:000323c5       _Sys_SendKeyEvents         004333c5 f   sys_win.obj
 0001:0003242e       _Sys_GetClipboardData      0043342e f   sys_win.obj
 0001:00032487       _Sys_AppActivate           00433487 f   sys_win.obj
 0001:000324a2       _Sys_UnloadGame            004334a2 f   sys_win.obj
 0001:000324c7       _Sys_GetGameAPI            004334c7 f   sys_win.obj
 0001:000325b4       _WinMain@16                004335b4 f   sys_win.obj
 0001:000326a8       _Vid_CreateWindow          004336a8 f   vid_dll.obj
 0001:00032d89       _Vid_DestroyWindow         00433d89 f   vid_dll.obj
 0001:00032dd2       _Vid_GetModeInfo           00433dd2 f   vid_dll.obj
 0001:00032e01       _Vid_UpdateWindowPosAndSize 00433e01 f   vid_dll.obj
 0001:00032e68       _Vid_FreeReflib            00433e68 f   vid_dll.obj
 0001:00032ea9       _Vid_CheckChanges          00433ea9 f   vid_dll.obj
 0001:00033269       _Vid_Init                  00434269 f   vid_dll.obj
 0001:000332da       _Vid_Shutdown              004342da f   vid_dll.obj
 0001:00033308       _Vid_MenuInit              00434308 f   vid_menu.obj
 0001:00033b51       _Vid_MenuDraw              00434b51 f   vid_menu.obj
 0001:00033be5       _Vid_MenuKey               00434be5 f   vid_menu.obj
 0001:00033f45       _GL_BackEnd                00434f45 f   gl_backend.obj
 0001:000372e4       _GL_InitBackend            004382e4 f   gl_backend.obj
 0001:0003731b       _GL_ShutdownBackend        0043831b f   gl_backend.obj
 0001:0003732f       _GL_AllocDynamicMemory     0043832f f   gl_buffers.obj
 0001:0003739d       _GL_ResizeDynamicMemory    0043839d f   gl_buffers.obj
 0001:000373ef       _GL_AddSurfaceToPortal     004383ef f   gl_buffers.obj
 0001:00037452       _GL_AddDynamicSurface      00438452 f   gl_buffers.obj
 0001:0003747a       _GL_InsertShaderIndex      0043847a f   gl_buffers.obj
 0001:000374c6       _GL_ClearPortal            004384c6 f   gl_buffers.obj
 0001:000374e2       _GL_FinishPortal           004384e2 f   gl_buffers.obj
 0001:00037533       _GL_SortSurfaces           00438533 f   gl_buffers.obj
 0001:000376ce       _GL_ClearBuffers           004386ce f   gl_buffers.obj
 0001:000376e5       _GL_TextureMode            004386e5 f   gl_image.obj
 0001:00037794       _GL_CreateImage            00438794 f   gl_image.obj
 0001:000384bb       _GL_SetRawPalette          004394bb f   gl_image.obj
 0001:000384ec       _GL_DrawStretchRaw         004394ec f   gl_image.obj
 0001:000387b6       _GL_SetupGamma             004397b6 f   gl_image.obj
 0001:0003897a       _GL_PerformScreenshot      0043997a f   gl_image.obj
 0001:00038c05       _GL_InitImages             00439c05 f   gl_image.obj
 0001:0003917a       _GL_ShutdownImages         0043a17a f   gl_image.obj
 0001:000391f5       _GL_ShowImages             0043a1f5 f   gl_image.obj
 0001:0003942b       _GL_FindImage              0043a42b f   gl_image.obj
 0001:00039828       _GL_Lock                   0043a828 f   gl_interface.obj
 0001:000398a5       _GL_Unlock                 0043a8a5 f   gl_interface.obj
 0001:00039a2e       _GL_Bind                   0043aa2e f   gl_interface.obj
 0001:00039b21       _GL_BindForce              0043ab21 f   gl_interface.obj
 0001:00039b6d       _GL_TexEnv                 0043ab6d f   gl_interface.obj
 0001:00039cea       _GL_TexEnvColor            0043acea f   gl_interface.obj
 0001:00039d96       _GL_SelectTexture          0043ad96 f   gl_interface.obj
 0001:00039df4       _GL_TexCoordPointer        0043adf4 f   gl_interface.obj
 0001:00039e23       _GL_SetMultitexture        0043ae23 f   gl_interface.obj
 0001:00039efb       _GL_DisableTexCoordArrays  0043aefb f   gl_interface.obj
 0001:00039f54       _GL_CullFace               0043af54 f   gl_interface.obj
 0001:00039fa5       _GL_DepthRange             0043afa5 f   gl_interface.obj
 0001:00039fd8       _GL_State                  0043afd8 f   gl_interface.obj
 0001:0003a131       _GL_EnableFog              0043b131 f   gl_interface.obj
 0001:0003a235       _GL_SetDefaultState        0043b235 f   gl_interface.obj
 0001:0003a354       _GL_Set2DMode              0043b354 f   gl_interface.obj
 0001:0003a452       _GL_Setup                  0043b452 f   gl_interface.obj
 0001:0003a55d       _GL_ShowLights             0043b55d f   gl_light.obj
 0001:0003a8b2       _GL_LightForEntity         0043b8b2 f   gl_light.obj
 0001:0003bc4e       _GL_ApplyEntitySpherelights 0043cc4e f   gl_light.obj
 0001:0003bdc3       _LM_Init                   0043cdc3 f   gl_lightmap.obj
 0001:0003bdd9       _LM_Flush                  0043cdd9 f   gl_lightmap.obj
 0001:0003be37       _LM_Done                   0043ce37 f   gl_lightmap.obj
 0001:0003be5e       _LM_Save                   0043ce5e f   gl_lightmap.obj
 0001:0003be78       _LM_Restore                0043ce78 f   gl_lightmap.obj
 0001:0003be92       _LM_NewBlock               0043ce92 f   gl_lightmap.obj
 0001:0003bf0b       _LM_Rewind                 0043cf0b f   gl_lightmap.obj
 0001:0003bf13       _LM_NextBlock              0043cf13 f   gl_lightmap.obj
 0001:0003bf44       _LM_AllocBlock             0043cf44 f   gl_lightmap.obj
 0001:0003bff7       _LM_PutBlock               0043cff7 f   gl_lightmap.obj
 0001:0003c19a       _LM_SortLightStyles        0043d19a f   gl_lightmap.obj
 0001:0003c228       _GL_UpdateDynamicLightmap  0043d228 f   gl_lightmap.obj
 0001:0003c6f7       _GL_DrawStretchPic         0043d6f7 f   gl_main.obj
 0001:0003c7bd       _DrawTextLeft              0043d7bd f   gl_main.obj
 0001:0003c8e5       _DrawTextRight             0043d8e5 f   gl_main.obj
 0001:0003c936       _DrawText3D                0043d936 f   gl_main.obj
 0001:0003cae6       _GL_GetRefAPI              0043dae6 f   gl_main.obj
 0001:0003e373       _GL_InitFuncTables         0043f373 f   gl_math.obj
 0001:0003e524       _ModelToWorldCoord         0043f524 f   gl_math.obj
 0001:0003e595       _WorldToModelCoord         0043f595 f   gl_math.obj
 0001:0003e5dc       _GetBoxRect                0043f5dc f   gl_math.obj
 0001:0003e94e       _GL_FindModel              0043f94e f   gl_model.obj
 0001:0003eac9       _GL_LoadWorldMap           0043fac9 f   gl_model.obj
 0001:00040c06       _GL_PointInLeaf            00441c06 f   gl_model.obj
 0001:0004153f       _ATAN2_FUNC                0044253f f i gl_model.obj
 0001:000416de       _GL_FindSkin               004426de f   gl_model.obj
 0001:00041834       _GL_ResetModels            00442834 f   gl_model.obj
 0001:000418fe       _GL_InitModels             004428fe f   gl_model.obj
 0001:0004196b       _GL_ShutdownModels         0044296b f   gl_model.obj
 0001:00041981       _SubdividePlane            00442981 f   gl_poly.obj
 0001:00041dd7       _FreeSubdividedPlane       00442dd7 f   gl_poly.obj
 0001:00041def       _GetSubdivideIndexes       00442def f   gl_poly.obj
 0001:00041e42       _RemoveCollinearPoints     00442e42 f   gl_poly.obj
 0001:00041f56       _GetPolyArea               00442f56 f   gl_poly.obj
 0001:00041fea       _GL_InitShaders            00442fea f   gl_shader.obj
 0001:00042120       _GL_ShutdownShaders        00443120 f   gl_shader.obj
 0001:0004214a       _GL_SetShaderLightmap      0044314a f   gl_shader.obj
 0001:00042511       _GL_SetShaderLightstyles   00443511 f   gl_shader.obj
 0001:000425ad       _GL_GetAlphaShader         004435ad f   gl_shader.obj
 0001:000428ea       _GL_FindShader             004438ea f   gl_shader.obj
 0001:00042e50       _GL_GetShaderByNum         00443e50 f   gl_shader.obj
 0001:00042e6e       _GL_ResetShaders           00443e6e f   gl_shader.obj
 0001:00043264       _GL_ClearSkyBox            00444264 f   gl_sky.obj
 0001:00043287       _GL_ShowWholeSky           00444287 f   gl_sky.obj
 0001:000432af       _GL_AddSkySurface          004442af f   gl_sky.obj
 0001:00043866       _GL_TesselateSkySide       00444866 f   gl_sky.obj
 0001:00043b21       _GL_AddEntity              00444b21 f   gl_frontend.obj
 0001:0004404d       _GL_AddDlight              0044504d f   gl_frontend.obj
 0001:00044219       _GL_DrawPortal             00445219 f   gl_frontend.obj
 0001:00046ba5       _GLimp_SetMode             00447ba5 f   glw_imp.obj
 0001:00046e47       _GLimp_HasGamma            00447e47 f   glw_imp.obj
 0001:00046e5c       _GLimp_SetGamma            00447e5c f   glw_imp.obj
 0001:00046fff       _GLimp_Shutdown            00447fff f   glw_imp.obj
 0001:00047101       _GLimp_Init                00448101 f   glw_imp.obj
 0001:00047445       _GLimp_EndFrame            00448445 f   glw_imp.obj
 0001:000474e1       _GLimp_AppActivate         004484e1 f   glw_imp.obj
 0001:00048bc2       _QGL_Shutdown              00449bc2 f   qgl_win.obj
 0001:00048bf4       _QGL_Init                  00449bf4 f   qgl_win.obj
 0001:00048c78       _QGL_InitExtensions        00449c78 f   qgl_win.obj
 0001:00049003       _QGL_EnableLogging         0044a003 f   qgl_win.obj
 0001:000490ce       _QGL_LogMessage            0044a0ce f   qgl_win.obj
 0001:000490e5       _Hunk_Begin                0044a0e5 f   q_shwin.obj
 0001:0004911f       _Hunk_Alloc                0044a11f f   q_shwin.obj
 0001:000491a6       _Hunk_End                  0044a1a6 f   q_shwin.obj
 0001:000491ac       _Hunk_Free                 0044a1ac f   q_shwin.obj
 0001:000491c5       _Sys_Milliseconds          0044a1c5 f   q_shwin.obj
 0001:000491f9       _Sys_Mkdir                 0044a1f9 f   q_shwin.obj
 0001:00049205       _Sys_FindFirst             0044a205 f   q_shwin.obj
 0001:00049283       _Sys_FindNext              0044a283 f   q_shwin.obj
 0001:000492f8       _Sys_FindClose             0044a2f8 f   q_shwin.obj
 0001:00049312       _R_Alias_clip_z            0044a312 f   r_aclip.obj
 0001:000493d4       _R_Alias_clip_left         0044a3d4 f   r_aclip.obj
 0001:000495e0       _R_Alias_clip_right        0044a5e0 f   r_aclip.obj
 0001:000497ec       _R_Alias_clip_top          0044a7ec f   r_aclip.obj
 0001:00049a00       _R_Alias_clip_bottom       0044aa00 f   r_aclip.obj
 0001:00049c14       _R_AliasClip               0044ac14 f   r_aclip.obj
 0001:00049ce4       _R_AliasClipTriangle       0044ace4 f   r_aclip.obj
 0001:00049ed6       _R_AliasCheckFrameBBox     0044aed6 f   r_alias.obj
 0001:0004a009       _R_AliasCheckBBox          0044b009 f   r_alias.obj
 0001:0004a06d       _R_AliasTransformVector    0044b06d f   r_alias.obj
 0001:0004a0c9       _R_AliasPreparePoints      0044b0c9 f   r_alias.obj
 0001:0004a361       _R_AliasSetUpTransform     0044b361 f   r_alias.obj
 0001:0004a4ea       _R_AliasTransformFinalVerts 0044b4ea f   r_alias.obj
 0001:0004a6b9       _R_AliasProjectAndClipTestFinalVert 0044b6b9 f   r_alias.obj
 0001:0004a768       _R_AliasSetupLighting      0044b768 f   r_alias.obj
 0001:0004a8d2       _R_AliasSetupFrames        0044b8d2 f   r_alias.obj
 0001:0004a946       _R_AliasSetUpLerpData      0044b946 f   r_alias.obj
 0001:0004aa6e       _R_AliasDrawModel          0044ba6e f   r_alias.obj
 0001:0004acf5       _R_EntityRotate            0044bcf5 f   r_bsp.obj
 0001:0004ad71       _R_RotateBmodel            0044bd71 f   r_bsp.obj
 0001:0004aecc       _R_RecursiveClipBPoly      0044becc f   r_bsp.obj
 0001:0004b1fc       _R_DrawSolidClippedSubmodelPolygons 0044c1fc f   r_bsp.obj
 0001:0004b383       _R_DrawSubmodelPolygons    0044c383 f   r_bsp.obj
 0001:0004b413       _R_RecursiveWorldNode      0044c413 f   r_bsp.obj
 0001:0004b645       _R_RenderWorld             0044c645 f   r_bsp.obj
 0001:0004b6c0       _Draw_FindPic              0044c6c0 f   r_draw.obj
 0001:0004b703       _Draw_InitLocal            0044c703 f   r_draw.obj
 0001:0004b714       _Draw_Char                 0044c714 f   r_draw.obj
 0001:0004b7f5       _Draw_CharColor            0044c7f5 f   r_draw.obj
 0001:0004b904       _R_DrawTexts               0044c904 f   r_draw.obj
 0001:0004b97a       _DrawText_Pos              0044c97a f   r_draw.obj
 0001:0004ba88       _DrawText_Left             0044ca88 f   r_draw.obj
 0001:0004bac4       _DrawText_Right            0044cac4 f   r_draw.obj
 0001:0004bb13       _Draw_GetPicSize           0044cb13 f   r_draw.obj
 0001:0004bb53       _Draw_StretchPicImplementation 0044cb53 f   r_draw.obj
 0001:0004bc7d       _Draw_StretchPic           0044cc7d f   r_draw.obj
 0001:0004bcb5       _Draw_StretchRaw           0044ccb5 f   r_draw.obj
 0001:0004bce7       _Draw_Pic                  0044cce7 f   r_draw.obj
 0001:0004bea0       _Draw_PicColor             0044cea0 f   r_draw.obj
 0001:0004c059       _Draw_TileClear            0044d059 f   r_draw.obj
 0001:0004c129       _Draw_Fill                 0044d129 f   r_draw.obj
 0001:0004c1c5       _Draw_Fade                 0044d1c5 f   r_draw.obj
 0001:0004c227       _R_BeginEdgeFrame          0044d227 f   r_edge.obj
 0001:0004c2e3       _R_InsertNewEdges          0044d2e3 f   r_edge.obj
 0001:0004c329       _R_RemoveEdges             0044d329 f   r_edge.obj
 0001:0004c347       _R_StepActiveU             0044d347 f   r_edge.obj
 0001:0004c3db       _R_CleanupSpan             0044d3db f   r_edge.obj
 0001:0004c42b       _R_LeadingEdgeBackwards    0044d42b f   r_edge.obj
 0001:0004c4c0       _R_TrailingEdge            0044d4c0 f   r_edge.obj
 0001:0004c524       _R_LeadingEdge             0044d524 f   r_edge.obj
 0001:0004c6c7       _R_GenerateSpans           0044d6c7 f   r_edge.obj
 0001:0004c735       _R_GenerateSpansBackward   0044d735 f   r_edge.obj
 0001:0004c7a3       _R_ScanEdges               0044d7a3 f   r_edge.obj
 0001:0004c97a       _D_FlatFillSurface         0044d97a f   r_edge.obj
 0001:0004c9d4       _D_CalcGradients           0044d9d4 f   r_edge.obj
 0001:0004cc34       _D_BackgroundSurf          0044dc34 f   r_edge.obj
 0001:0004cc74       _D_TurbulentSurf           0044dc74 f   r_edge.obj
 0001:0004cd83       _D_SkySurf                 0044dd83 f   r_edge.obj
 0001:0004ce04       _D_SolidSurf               0044de04 f   r_edge.obj
 0001:0004cf5c       _D_DrawflatSurfaces        0044df5c f   r_edge.obj
 0001:0004cfac       _D_DrawSurfaces            0044dfac f   r_edge.obj
 0001:0004d0a5       _R_ImageList_f             0044e0a5 f   r_image.obj
 0001:0004d166       _R_FindFreeImage           0044e166 f   r_image.obj
 0001:0004d1b4       _R_LoadPic                 0044e1b4 f   r_image.obj
 0001:0004d244       _R_LoadTex                 0044e244 f   r_image.obj
 0001:0004d2d0       _R_LoadWal                 0044e2d0 f   r_image.obj
 0001:0004d326       _R_MipMap                  0044e326 f   r_image.obj
 0001:0004d454       _R_DownsampleImage         0044e454 f   r_image.obj
 0001:0004d559       _R_FindImage               0044e559 f   r_image.obj
 0001:0004d8fe       _R_RegisterSkin            0044e8fe f   r_image.obj
 0001:0004d90c       _R_FreeUnusedImages        0044e90c f   r_image.obj
 0001:0004d96c       _R_InitImages              0044e96c f   r_image.obj
 0001:0004d9d2       _R_ShutdownImages          0044e9d2 f   r_image.obj
 0001:0004da0f       _R_MarkLights              0044ea0f f   r_light.obj
 0001:0004dad5       _R_PushDlights             0044ead5 f   r_light.obj
 0001:0004db33       _R_LightPoint              0044eb33 f   r_light.obj
 0001:0004defe       _R_AddDynamicLights        0044eefe f   r_light.obj
 0001:0004e19c       _R_BuildLightMap           0044f19c f   r_light.obj
 0001:0004e292       _R_InitTextures            0044f292 f   r_main.obj
 0001:0004e353       _R_InitTurb                0044f353 f   r_main.obj
 0001:0004e3d0       _R_Register                0044f3d0 f   r_main.obj
 0001:0004e438       _R_Init                    0044f438 f   r_main.obj
 0001:0004e4c9       _R_Shutdown                0044f4c9 f   r_main.obj
 0001:0004e53e       _R_NewMap                  0044f53e f   r_main.obj
 0001:0004e5e8       _R_MarkLeaves              0044f5e8 f   r_main.obj
 0001:0004e70f       _R_DrawEntitiesOnList      0044f70f f   r_main.obj
 0001:0004e907       _R_BmodelCheckBBox         0044f907 f   r_main.obj
 0001:0004e9b9       _R_FindTopnode             0044f9b9 f   r_main.obj
 0001:0004ea0e       _RotatedBBox               0044fa0e f   r_main.obj
 0001:0004eb70       _R_DrawBEntitiesOnList     0044fb70 f   r_main.obj
 0001:0004ed71       _R_EdgeDrawing             0044fd71 f   r_main.obj
 0001:0004ee46       _R_CalcPalette             0044fe46 f   r_main.obj
 0001:0004ef4b       _R_SetLightLevel           0044ff4b f   r_main.obj
 0001:0004ef9b       _R_RenderFrame             0044ff9b f   r_main.obj
 0001:0004f182       _R_InitGraphics            00450182 f   r_main.obj
 0001:0004f1f8       _R_BeginFrame              004501f8 f   r_main.obj
 0001:0004f33f       _R_GammaCorrectAndSetPalette 0045033f f   r_main.obj
 0001:0004f39e       _R_CinematicSetPalette     0045039e f   r_main.obj
 0001:0004f435       _Draw_BuildGammaTable      00450435 f   r_main.obj
 0001:0004f532       _R_DrawBeam                00450532 f   r_main.obj
 0001:0004f698       _R_SetSky                  00450698 f   r_main.obj
 0001:0004f70f       _Draw_GetPalette           0045070f f   r_main.obj
 0001:0004f857       _Draw_ConCharColor         00450857 f   r_main.obj
 0001:0004f878       _GetRefAPI                 00450878 f   r_main.obj
 0001:0004fac8       _D_ViewChanged             00450ac8 f   r_misc.obj
 0001:0004fc3b       _R_PrintTimes              00450c3b f   r_misc.obj
 0001:0004fcb5       _R_PrintDSpeeds            00450cb5 f   r_misc.obj
 0001:0004fd7c       _R_PrintAliasStats         00450d7c f   r_misc.obj
 0001:0004fd8f       _R_TransformFrustum        00450d8f f   r_misc.obj
 0001:0004fe4d       _TransformVector           00450e4d f   r_misc.obj
 0001:0004feb8       _R_SetUpFrustumIndexes     00450eb8 f   r_misc.obj
 0001:0004ff1d       _R_ViewChanged             00450f1d f   r_misc.obj
 0001:00050266       _R_SetupFrame              00451266 f   r_misc.obj
 0001:00050441       _WritePCXfile              00451441 f   r_misc.obj
 0001:00050563       _R_ScreenShot              00451563 f   r_misc.obj
 0001:00050672       _Mod_Modellist_f           00451672 f   r_model.obj
 0001:000506d0       _Mod_Init                  004516d0 f   r_model.obj
 0001:000506e8       _Mod_ForName               004516e8 f   r_model.obj
 0001:00050924       _Mod_PointInLeaf           00451924 f   r_model.obj
 0001:00050986       _Mod_DecompressVis         00451986 f   r_model.obj
 0001:00050a06       _Mod_ClusterPVS            00451a06 f   r_model.obj
 0001:00050a33       _Mod_LoadLighting          00451a33 f   r_model.obj
 0001:00050ab2       _R_NumberLeafs             00451ab2 f   r_model.obj
 0001:00050b00       _Mod_LoadVertexes          00451b00 f   r_model.obj
 0001:00050b42       _Mod_LoadEdges             00451b42 f   r_model.obj
 0001:00050b90       _Mod_LoadTexinfo           00451b90 f   r_model.obj
 0001:00050cf8       _CalcSurfaceExtents        00451cf8 f   r_model.obj
 0001:00050e78       _Mod_LoadFaces             00451e78 f   r_model.obj
 0001:00050fdf       _Mod_SetParent             00451fdf f   r_model.obj
 0001:00051004       _Mod_LoadNodes             00452004 f   r_model.obj
 0001:000510fa       _Mod_LoadLeafs             004520fa f   r_model.obj
 0001:000511a3       _Mod_LoadMarksurfaces      004521a3 f   r_model.obj
 0001:0005121f       _Mod_LoadSurfedges         0045221f f   r_model.obj
 0001:0005125e       _Mod_LoadPlanes            0045225e f   r_model.obj
 0001:000512cd       _Mod_LoadBrushModel        004522cd f   r_model.obj
 0001:000514b1       _Mod_LoadAliasModel        004524b1 f   r_model.obj
 0001:0005172c       _Mod_LoadSpriteModel       0045272c f   r_model.obj
 0001:00051813       _R_BeginRegistration       00452813 f   r_model.obj
 0001:000518a3       _R_RegisterModel           004528a3 f   r_model.obj
 0001:0005199b       _R_EndRegistration         0045299b f   r_model.obj
 0001:00051a06       _Mod_FreeAll               00452a06 f   r_model.obj
 0001:00051a4b       _R_DrawParticle            00452a4b f   r_part.obj
 0001:00051ce5       _R_DrawParticles           00452ce5 f   r_part.obj
 0001:00051d8d       _R_DrawSpanletOpaque       00452d8d f   r_poly.obj
 0001:00051e1d       _R_DrawSpanletTurbulentStipple33 00452e1d f   r_poly.obj
 0001:00051f48       _R_DrawSpanletTurbulentStipple66 00452f48 f   r_poly.obj
 0001:00052129       _R_DrawSpanletTurbulentBlended66 00453129 f   r_poly.obj
 0001:000521de       _R_DrawSpanletTurbulentBlended33 004531de f   r_poly.obj
 0001:00052293       _R_DrawSpanlet33           00453293 f   r_poly.obj
 0001:0005232d       _R_DrawSpanletConstant33   0045332d f   r_poly.obj
 0001:00052386       _R_DrawSpanlet66           00453386 f   r_poly.obj
 0001:00052424       _R_DrawSpanlet33Stipple    00453424 f   r_poly.obj
 0001:0005253f       _R_DrawSpanlet66Stipple    0045353f f   r_poly.obj
 0001:000526d0       _R_ClipPolyFace            004536d0 f   r_poly.obj
 0001:00052841       _R_PolygonDrawSpans        00453841 f   r_poly.obj
 0001:00052c40       _R_PolygonScanLeftEdge     00453c40 f   r_poly.obj
 0001:00052da4       _R_PolygonScanRightEdge    00453da4 f   r_poly.obj
 0001:00052fae       _R_ClipAndDrawPoly         00453fae f   r_poly.obj
 0001:000531b0       _R_BuildPolygonFromSurface 004541b0 f   r_poly.obj
 0001:000533a6       _R_PolygonCalculateGradients 004543a6 f   r_poly.obj
 0001:00053679       _R_DrawAlphaSurfaces       00454679 f   r_poly.obj
 0001:0005370f       _R_IMFlatShadedQuad        0045470f f   r_poly.obj
 0001:0005383d       _R_InitAdivtab             0045483d f   r_polyse.obj
 0001:000538a9       _R_PolysetUpdateTables     004548a9 f   r_polyse.obj
 0001:000538e4       _R_DrawTriangle            004548e4 f   r_polyse.obj
 0001:000539f5       _R_PolysetScanLeftEdge_C   004549f5 f   r_polyse.obj
 0001:00053bbf       _FloorDivMod               00454bbf f   r_polyse.obj
 0001:00053c59       _R_PolysetSetUpForLineScan 00454c59 f   r_polyse.obj
 0001:00053ce7       _R_PolysetCalcGradients    00454ce7 f   r_polyse.obj
 0001:00053f5a       _R_PolysetDrawSpans8_33    00454f5a f   r_polyse.obj
 0001:0005408a       _R_PolysetDrawSpansConstant8_33 0045508a f   r_polyse.obj
 0001:00054124       _R_PolysetDrawSpans8_66    00455124 f   r_polyse.obj
 0001:00054260       _R_PolysetDrawSpansConstant8_66 00455260 f   r_polyse.obj
 0001:00054308       _R_PolysetDrawSpans8_Opaque 00455308 f   r_polyse.obj
 0001:00054453       _R_RasterizeAliasPolySmooth 00455453 f   r_polyse.obj
 0001:00054a33       _R_PolysetSetEdgeTable     00455a33 f   r_polyse.obj
 0001:00054ace       _R_InitSkyBox              00455ace f   r_rast.obj
 0001:00054d3a       _R_EmitSkyBox              00455d3a f   r_rast.obj
 0001:00054e4d       _R_EmitEdge                00455e4d f   r_rast.obj
 0001:0005521f       _R_ClipEdge                0045621f f   r_rast.obj
 0001:000553cd       _R_EmitCachedEdge          004563cd f   r_rast.obj
 0001:00055424       _R_RenderFace              00456424 f   r_rast.obj
 0001:000557eb       _R_RenderBmodelFace        004567eb f   r_rast.obj
 0001:00055a54       _D_WarpScreen              00456a54 f   r_scan.obj
 0001:00055c16       _D_DrawTurbulent8Span      00456c16 f   r_scan.obj
 0001:00055c9a       _Turbulent8                00456c9a f   r_scan.obj
 0001:00055ff6       _NonTurbulent8             00456ff6 f   r_scan.obj
 0001:00056330       _D_DrawSpans16             00457330 f   r_scan.obj
 0001:0005664d       _D_DrawZSpans              0045764d f   r_scan.obj
 0001:0005671d       _R_DrawSprite              0045771d f   r_sprite.obj
 0001:000569a7       _R_TextureAnimation        004579a7 f   r_surf.obj
 0001:000569cb       _R_DrawSurface             004579cb f   r_surf.obj
 0001:00056b30       _R_DrawSurfaceBlock8_mip0  00457b30 f   r_surf.obj
 0001:00056c2f       _R_DrawSurfaceBlock8_mip1  00457c2f f   r_surf.obj
 0001:00056d2e       _R_DrawSurfaceBlock8_mip2  00457d2e f   r_surf.obj
 0001:00056e2d       _R_DrawSurfaceBlock8_mip3  00457e2d f   r_surf.obj
 0001:00056f29       _R_InitCaches              00457f29 f   r_surf.obj
 0001:00056faa       _D_FlushCaches             00457faa f   r_surf.obj
 0001:00056fef       _D_SCAlloc                 00457fef f   r_surf.obj
 0001:00057183       _D_CacheSurface            00458183 f   r_surf.obj
 0001:000572f8       _DDRAW_Init                004582f8 f   rw_ddraw.obj
 0001:00057708       _DDRAW_SetPalette          00458708 f   rw_ddraw.obj
 0001:00057771       _DDRAW_Shutdown            00458771 f   rw_ddraw.obj
 0001:000578dc       _DIB_Init                  004588dc f   rw_dib.obj
 0001:00057ac1       _DIB_SetPalette            00458ac1 f   rw_dib.obj
 0001:00057c85       _DIB_Shutdown              00458c85 f   rw_dib.obj
 0001:00057d7e       _SWimp_Init                00458d7e f   rw_imp.obj
 0001:00057d82       _SWimp_EndFrame            00458d82 f   rw_imp.obj
 0001:00057eee       _SWimp_SetMode             00458eee f   rw_imp.obj
 0001:00058010       _SWimp_SetPalette          00459010 f   rw_imp.obj
 0001:00058035       _SWimp_Shutdown            00459035 f   rw_imp.obj
 0001:0005807c       _SWimp_AppActivate         0045907c f   rw_imp.obj
 0001:000580b6       _adler32                   004590b6 f   adler32.obj
 0001:000581cf       _crc32                     004591cf f   crc32.obj
 0001:000582e5       _inflate_blocks_reset      004592e5 f   infblock.obj
 0001:00058350       _inflate_blocks_new        00459350 f   infblock.obj
 0001:000583db       _inflate_blocks            004593db f   infblock.obj
 0001:00058bf2       _inflate_blocks_free       00459bf2 f   infblock.obj
 0001:00058c26       _inflate_codes_new         00459c26 f   infcodes.obj
 0001:00058c5a       _inflate_codes             00459c5a f   infcodes.obj
 0001:00059218       _inflate_codes_free        0045a218 f   infcodes.obj
 0001:00059229       _inflate_fast              0045a229 f   inffast.obj
 0001:000594f4       _inflateReset              0045a4f4 f   inflate.obj
 0001:00059533       _inflateEnd                0045a533 f   inflate.obj
 0001:00059571       _inflateInit2_             0045a571 f   inflate.obj
 0001:0005965b       _inflate                   0045a65b f   inflate.obj
 0001:000599be       _inflate_trees_bits        0045a9be f   inftrees.obj
 0001:00059dcc       _inflate_trees_dynamic     0045adcc f   inftrees.obj
 0001:00059ecf       _inflate_trees_fixed       0045aecf f   inftrees.obj
 0001:00059efe       _inflate_flush             0045aefe f   infutil.obj
 0001:00059fea       _Zip_OpenArchive           0045afea f   zip.obj
 0001:0005a055       _Zip_CloseArchive          0045b055 f   zip.obj
 0001:0005a061       _Zip_EnumArchive           0045b061 f   zip.obj
 0001:0005a242       _Zip_OpenFile              0045b242 f   zip.obj
 0001:0005a351       _Zip_ReadFile              0045b351 f   zip.obj
 0001:0005a448       _Zip_CloseFile             0045b448 f   zip.obj
 0001:0005a490       _Zip_OpenBuf               0045b490 f   zip.obj
 0001:0005a4e3       _Zip_ReadBuf               0045b4e3 f   zip.obj
 0001:0005a52b       _Zip_CloseBuf              0045b52b f   zip.obj
 0001:0005a541       _zcalloc                   0045b541 f   zutil.obj
 0001:0005a552       _jpeg_CreateCompress       0045b552 f   jcapimin.obj
 0001:0005a606       _jpeg_destroy_compress     0045b606 f   jcapimin.obj
 0001:0005a606       _jpeg_destroy_decompress   0045b606 f   jcapimin.obj
 0001:0005a611       _jpeg_suppress_tables      0045b611 f   jcapimin.obj
 0001:0005a65b       _jpeg_finish_compress      0045b65b f   jcapimin.obj
 0001:0005a745       _jpeg_start_compress       0045b745 f   jcapistd.obj
 0001:0005a7b1       _jpeg_write_scanlines      0045b7b1 f   jcapistd.obj
 0001:0005a85c       _jinit_c_coef_controller   0045b85c f   jccoefct.obj
 0001:0005aefb       _jinit_color_converter     0045befb f   jccolor.obj
 0001:0005b4e6       _jinit_forward_dct         0045c4e6 f   jcdctmgr.obj
 0001:0005b9c2       _jinit_c_diff_controller   0045c9c2 f   jcdiffct.obj
 0001:0005bf28       _jpeg_make_c_derived_tbl   0045cf28 f   jchuff.obj
 0001:0005c12a       _jpeg_gen_optimal_table    0045d12a f   jchuff.obj
 0001:0005c2e9       _jinit_compress_master     0045d2e9 f   jcinit.obj
 0001:0005c342       _jinit_lhuff_encoder       0045d342 f   jclhuff.obj
 0001:0005ca6c       _jinit_lossless_c_codec    0045da6c f   jclossls.obj
 0001:0005cb04       _jinit_lossy_c_codec       0045db04 f   jclossy.obj
 0001:0005cb9f       _jinit_c_main_controller   0045db9f f   jcmainct.obj
 0001:0005cd0c       _jinit_marker_writer       0045dd0c f   jcmarker.obj
 0001:0005d5e8       _jinit_c_master_control    0045e5e8 f   jcmaster.obj
 0001:0005e0d7       _jinit_c_codec             0045f0d7 f   jcodec.obj
 0001:0005e0f3       _jinit_d_codec             0045f0f3 f   jcodec.obj
 0001:0005e10f       _jpeg_abort                0045f10f f   jcomapi.obj
 0001:0005e142       _jpeg_destroy              0045f142 f   jcomapi.obj
 0001:0005e15d       _jpeg_alloc_quant_table    0045f15d f   jcomapi.obj
 0001:0005e179       _jpeg_alloc_huff_table     0045f179 f   jcomapi.obj
 0001:0005e195       _jpeg_add_quant_table      0045f195 f   jcparam.obj
 0001:0005e247       _jpeg_quality_scaling      0045f247 f   jcparam.obj
 0001:0005e26e       _jpeg_set_quality          0045f26e f   jcparam.obj
 0001:0005e2a8       _jpeg_set_defaults         0045f2a8 f   jcparam.obj
 0001:0005e46a       _jpeg_default_colorspace   0045f46a f   jcparam.obj
 0001:0005e4ba       _jpeg_set_colorspace       0045f4ba f   jcparam.obj
 0001:0005e7d5       _jinit_phuff_encoder       0045f7d5 f   jcphuff.obj
 0001:0005f27a       _jinit_differencer         0046027a f   jcpred.obj
 0001:0005f794       _jinit_c_prep_controller   00460794 f   jcprepct.obj
 0001:0005fcdf       _jinit_downsampler         00460cdf f   jcsample.obj
 0001:0006055f       _jinit_c_scaler            0046155f f   jcscale.obj
 0001:000605d5       _jinit_shuff_encoder       004615d5 f   jcshuff.obj
 0001:00060e40       _jpeg_CreateDecompress     00461e40 f   jdapimin.obj
 0001:00060f00       _jpeg_read_header          00461f00 f   jdapimin.obj
 0001:00060f62       _jpeg_consume_input        00461f62 f   jdapimin.obj
 0001:000611b0       _jpeg_finish_decompress    004621b0 f   jdapimin.obj
 0001:00061247       _jpeg_start_decompress     00462247 f   jdapistd.obj
 0001:000613b4       _jpeg_read_scanlines       004623b4 f   jdapistd.obj
 0001:00061438       _jpeg_stdio_dest           00462438 f   jdatadst.obj
 0001:00061538       _jinit_d_coef_controller   00462538 f   jdcoefct.obj
 0001:00062211       _jinit_color_deconverter   00463211 f   jdcolor.obj
 0001:00062727       _jinit_inverse_dct         00463727 f   jddctmgr.obj
 0001:00062966       _jinit_d_diff_controller   00463966 f   jddiffct.obj
 0001:00062e97       _jpeg_make_d_derived_tbl   00463e97 f   jdhuff.obj
 0001:00063134       _jpeg_fill_bit_buffer      00464134 f   jdhuff.obj
[...]
 0001:00022941       _ProcessQ2BspFile          00423941 f   model.obj
 0001:00022a14       _LoadQ2Submodels           00423a14 f   model.obj
 0001:00022ae7       _CheckLump                 00423ae7 f   model.obj
 0001:00022dbf       _ReadEntity                00423dbf f   model.obj
 0001:00022e83       _WriteEntity               00423e83 f   model.obj
 0001:00022eee       _ProcessEntityTarget       00423eee f   model.obj
 0001:00022f67       _FindField                 00423f67 f   model.obj
 0001:00022fa0       _GetVector                 00423fa0 f   model.obj
 0001:00022fd1       _ProcessEntity             00423fd1 f   model.obj
 0001:000239e1       _AddField                  004249e1 f   model.obj
 0001:00023a1e       _FindEntityTarget          00424a1e f   model.obj
 0001:0001e27b       _Multiplayer_MenuDraw      0041f27b f   menu.obj
 0001:0001e29e       _M_Banner                  0041f29e f   menu.obj
 0001:0001e2e0       _Multiplayer_MenuInit      0041f2e0 f   menu.obj
 0001:0001e3ce       _Multiplayer_MenuKey       0041f3ce f   menu.obj
 0001:0001e400       _Keys_MenuInit             0041f400 f   menu.obj
 0001:0001e593       _KeyCursorDrawFunc         0041f593 f   menu.obj
 0001:0001e5d4       _DrawKeyBindingFunc        0041f5d4 f   menu.obj
 0001:0001e6ac       _M_FindKeysForCommand      0041f6ac f   menu.obj
 0001:0001e6fc       _SeekLine                  0041f6fc f   menu.obj
 0001:0001e723       _AppendToken               0041f723 f   menu.obj
 0001:0001e74d       _Keys_MenuDraw             0041f74d f   menu.obj
 0001:0001e766       _Keys_MenuKey              0041f766 f   menu.obj
 0001:0001e81e       _M_UnbindCommand           0041f81e f   menu.obj
 0001:0001e86a       _KeyBindingFunc            0041f86a f   menu.obj
 0001:0001e8dd       _Options_MenuInit          0041f8dd f   menu.obj
 0001:0001ed68       _CrosshairFunc             0041fd68 f   menu.obj
 0001:0001ed8c       _JoystickFunc              0041fd8c f   menu.obj
 0001:0001ed9f       _CustomizeControlsFunc     0041fd9f f   menu.obj
 0001:0001eda4       _AlwaysRunFunc             0041fda4 f   menu.obj
 0001:0001edb7       _FreeLookFunc              0041fdb7 f   menu.obj
 0001:0001edca       _MouseSpeedFunc            0041fdca f   menu.obj
 0001:0001ede7       _ControlsSetMenuItemValues 0041fde7 f   menu.obj
 0001:0001efb3       _ControlsResetDefaultsFunc 0041ffb3 f   menu.obj
 0001:0001efc8       _InvertMouseFunc           0041ffc8 f   menu.obj
 0001:0001efe3       _LookspringFunc            0041ffe3 f   menu.obj
 0001:0001efff       _LookstrafeFunc            0041ffff f   menu.obj
 0001:0001f01b       _UpdateVolumeFunc          0042001b f   menu.obj
 0001:0001f038       _UpdateCDVolumeFunc        00420038 f   menu.obj
 0001:0001f051       _ConsoleFunc               00420051 f   menu.obj
 0001:0001f080       _UpdateSoundFunc           00420080 f   menu.obj
 0001:0001f128       _Options_ScanCrosshairs    00420128 f   menu.obj
 0001:0001f17b       _Options_MenuDraw          0042017b f   menu.obj
 0001:0001f1a3       _Options_CrosshairDraw     004201a3 f   menu.obj
 0001:0001f21a       _Options_MenuKey           0042021a f   menu.obj
 0001:0001f300       _M_Credits_MenuDraw        00420300 f   menu.obj
 0001:0001f3ea       _M_Credits_Key             004203ea f   menu.obj
 0001:0001f447       _Game_MenuInit             00420447 f   menu.obj
 0001:0001f5f4       _EasyGameFunc              004205f4 f   menu.obj
 0001:0001f60a       _StartGame                 0042060a f   menu.obj
 0001:0001f64f       _MediumGameFunc            0042064f f   menu.obj
 0001:0001f665       _HardGameFunc              00420665 f   menu.obj
 0001:0001f67b       _Game_MenuDraw             0042067b f   menu.obj
 0001:0001f69e       _Game_MenuKey              0042069e f   menu.obj
 0001:0001f6d0       _LoadGame_MenuInit         004206d0 f   menu.obj
 0001:0001f779       _Create_Savestrings        00420779 f   menu.obj
 0001:0001f83e       _LoadGameCallback          0042083e f   menu.obj
 0001:0001f868       _LoadGame_MenuDraw         00420868 f   menu.obj
 0001:0001f891       _DrawSavegameShot          00420891 f   menu.obj
 0001:0001f950       _LoadGame_MenuKey          00420950 f   menu.obj
 0001:0001f9b1       _SaveGame_MenuDraw         004209b1 f   menu.obj
 0001:0001f9e6       _SaveGame_MenuInit         004209e6 f   menu.obj
 0001:0001fa81       _SaveGameCallback          00420a81 f   menu.obj
 0001:0001faa0       _SaveGame_MenuKey          00420aa0 f   menu.obj
 0001:0001fb76       _JoinServer_MenuInit       00420b76 f   menu.obj
 0001:0001fcc7       _JoinServerFunc            00420cc7 f   menu.obj
 0001:0001fd24       _SearchLocalGames          00420d24 f   menu.obj
 0001:0001fd90       _JoinServer_MenuDraw       00420d90 f   menu.obj
 0001:0001fda8       _JoinServer_MenuKey        00420da8 f   menu.obj
 0001:0001fdda       _StartServer_MenuInit      00420dda f   menu.obj
 0001:0002028a       _DMOptionsFunc             0042128a f   menu.obj
 0001:00020299       _RulesChangeFunc           00421299 f   menu.obj
 0001:00020302       _StartServerActionFunc     00421302 f   menu.obj
 0001:0002032e       _StartServerFunc           0042132e f   menu.obj
 0001:00020599       _StartServer_MenuDraw      00421599 f   menu.obj
 0001:000205a5       _StartServer_MenuKey       004215a5 f   menu.obj
 0001:00020605       _DMOptions_MenuInit        00421605 f   menu.obj
 0001:00020b95       _DMFlagCallback            00421b95 f   menu.obj
 0001:00020d43       _DMOptions_MenuDraw        00421d43 f   menu.obj
 0001:00020d4f       _DMOptions_MenuKey         00421d4f f   menu.obj
 0001:00020d81       _DownloadOptions_MenuInit  00421d81 f   menu.obj
 0001:00020f6c       _DownloadCallback          00421f6c f   menu.obj
 0001:00020fc5       _DownloadOptions_MenuDraw  00421fc5 f   menu.obj
 0001:00020fd1       _DownloadOptions_MenuKey   00421fd1 f   menu.obj
 0001:00021003       _AddressBook_MenuInit      00422003 f   menu.obj
 0001:000210b9       _AddressBook_MenuKey       004220b9 f   menu.obj
 0001:0002110a       _AddressBook_MenuDraw      0042210a f   menu.obj
 0001:00021122       _M_Menu_PlayerConfig_f     00422122 f   menu.obj
 0001:0002117d       _PlayerConfig_MenuInit     0042217d f   menu.obj
 0001:000216af       _HandednessCallback        004226af f   menu.obj
 0001:000216c2       _RTypeCallback             004226c2 f   menu.obj
 0001:000216d5       _RColorCallback            004226d5 f   menu.obj
 0001:000216e8       _RateCallback              004226e8 f   menu.obj
 0001:00021706       _ModelCallback             00422706 f   menu.obj
 0001:00021747       _PlayerConfig_ScanDirectories 00422747 f   menu.obj
 0001:0002190e       _IsValidSkin               0042290e f   menu.obj
 0001:000219d7       _PlayerConfig_MenuDraw     004229d7 f   menu.obj
 0001:00021c7f       _PlayerConfig_MenuKey      00422c7f f   menu.obj
 0001:00021d53       _M_Menu_DMBrowse_f         00422d53 f   menu.obj
 0001:00021d97       _DMBrowse_MenuInit         00422d97 f   menu.obj
 0001:00021f7d       _DMBrowse_MenuKey          00422f7d f   menu.obj
 0001:00022120       _DMBrowse_MenuDraw         00423120 f   menu.obj
 0001:00022245       _DrawThumbnail             00423245 f   menu.obj
 0001:0002230c       _M_Quit_Key                0042330c f   menu.obj
 0001:0002234c       _M_Quit_Draw               0042334c f   menu.obj
 0001:00022499       _M_Menu_Quit_f             00423499 f   menu.obj
 0001:0001d82d       _AllocChain                0041e82d f   memory.obj
 0001:0001db1d       _Z_Stats_f                 0041eb1d f   memory.obj
 0001:0001d024       _MD4Transform              0041e024 f   md4.obj
 0001:0001d626       _Encode                    0041e626 f   md4.obj
 0001:0001d66b       _Decode                    0041e66b f   md4.obj
 0001:0001bfef       _Do_CompleteCommand        0041cfef f   keys.obj
 0001:0001c48e       _TryComplete               0041d48e f   keys.obj
 0001:0001c523       _CompleteMenu              0041d523 f   keys.obj
 0001:0001c682       _CompleteMenuDraw          0041d682 f   keys.obj
 0001:0001c6e1       _CompleteMenuKey           0041d6e1 f   keys.obj
 0001:0001c713       _CompleteMenuCallback      0041d713 f   keys.obj
 0001:0001c9b5       _Key_Unbind_f              0041d9b5 f   keys.obj
 0001:0001ca9b       _Key_Unbindall_f           0041da9b f   keys.obj
 0001:0001cac5       _Key_Bind_f                0041dac5 f   keys.obj
 0001:0001b0ae       _IN_DeactivateMouse        0041c0ae f   in_win.obj
 0001:0001b0da       _IN_FreeDirect             0041c0da f   in_win.obj
 0001:0001b143       _IN_FreeWin32              0041c143 f   in_win.obj
 0001:0001b2dc       _IN_ActivateMouse          0041c2dc f   in_win.obj
 0001:0001b354       _IN_InitDirect             0041c354 f   in_win.obj
 0001:0001b49e       _IN_InitWin32              0041c49e f   in_win.obj
 0001:0001b5cc       _IN_MouseMove              0041c5cc f   in_win.obj
 0001:0005b4e5       _J_InitSource              0045c4e5 f   jccolor.obj
 0001:0001aa9d       _J_FillInputBuffer         0041ba9d f   images.obj
 0001:0001aac5       _J_SkipInputData           0041bac5 f   images.obj
 0001:0005b4e5       _J_TermSource              0045c4e5 f   jccolor.obj
 0001:0001aadd       _InitJpegError             0041badd f   images.obj
 0001:0001ab0e       _J_ErrorExit               0041bb0e f   images.obj
 0001:0001ab1d       _J_EmitMessage             0041bb1d f   images.obj
 0001:0001ab3a       _J_ResetErrorMgr           0041bb3a f   images.obj
 0001:00018ae1       _FindPakFile               00419ae1 f   files.obj
 0001:00018b51       _FindPakDirectory          00419b51 f   files.obj
 0001:00018be2       _FileLength                00419be2 f   files.obj
 0001:00019037       _FOpenCached               0041a037 f   files.obj
 0001:00019381       _UnloadPackFile            0041a381 f   files.obj
 0001:000193a7       _ClearFileCache            0041a3a7 f   files.obj
 0001:000193ce       _AddGameDirectory          0041a3ce f   files.obj
 0001:00019493       _AddDirFilesToList         0041a493 f   files.obj
 0001:00019556       _LoadPackFile              0041a556 f   files.obj
 0001:000196c4       _AddPakFile                0041a6c4 f   files.obj
 0001:00019763       _AddPakDirectory           0041a763 f   files.obj
 0001:00019841       _EnumZippedPak             0041a841 f   files.obj
 0001:00019adc       _ListPakDirectory          0041aadc f   files.obj
 0001:00019ca1       _InitResFiles              0041aca1 f   files.obj
 0001:00019d84       _FS_LoadPak_f              0041ad84 f   files.obj
 0001:00019e51       _TryLoadPak                0041ae51 f   files.obj
 0001:00019ebf       _FindPakStruc              0041aebf f   files.obj
 0001:00019f14       _FS_UnloadPak_f            0041af14 f   files.obj
 0001:0001a0bb       _FS_Link_f                 0041b0bb f   files.obj
 0001:0001a187       _FS_Dir_f                  0041b187 f   files.obj
 0001:0001a398       _FS_Path_f                 0041b398 f   files.obj
 0001:0001a430       _FS_Cat_f                  0041b430 f   files.obj
 0001:0001a509       _FS_Type_f                 0041b509 f   files.obj
 0001:000173ec       _Cvar_FindVar              004183ec f   cvar.obj
 0001:00017421       _ComputeHash               00418421 f   cvar.obj
 0001:00017633       _Cvar_SetString            00418633 f   cvar.obj
 0001:000176c9       _Cvar_InfoValidate         004186c9 f   cvar.obj
 0001:000177d9       _Cvar_Set2                 004187d9 f   cvar.obj
 0001:000179ab       _Cvar_SetHardcoded         004189ab f   cvar.obj
 0001:00017dd6       _Cvar_Set_f                00418dd6 f   cvar.obj
 0001:00017e53       _Cvar_SetWithFlags         00418e53 f   cvar.obj
 0001:00017ea6       _Cvar_Seta_f               00418ea6 f   cvar.obj
 0001:00017ec8       _Cvar_Setu_f               00418ec8 f   cvar.obj
 0001:00017eea       _Cvar_Sets_f               00418eea f   cvar.obj
 0001:00017f0c       _Cvar_Reset_f              00418f0c f   cvar.obj
 0001:00017f71       _Cvar_List_f               00418f71 f   cvar.obj
 0001:00018081       _Cvar_Add_f                00419081 f   cvar.obj
 0001:000181f8       _Cvar_Scale_f              004191f8 f   cvar.obj
 0001:0001826b       _Cvar_Toggle_f             0041926b f   cvar.obj
 0001:000182ce       _Cvar_Cycle_f              004192ce f   cvar.obj
 0001:0001617a       _Con_Clear_f               0041717a f   console.obj
 0001:000161e1       _PlaceChar                 004171e1 f   console.obj
 0001:0001636b       _FindLine                  0041736b f   console.obj
 0001:00016ae2       _Con_DrawInput             00417ae2 f   console.obj
 0001:000170dc       _iswordsym                 004180dc f   console.obj
 0001:00017261       _Con_Dump_f                00418261 f   console.obj
 0001:00017370       _Con_MessageMode_f         00418370 f   console.obj
 0001:00017382       _Con_MessageMode2_f        00418382 f   console.obj
 0001:00014993       _GetInt                    00415993 f   common.obj
 0001:00015955       _Com_Error_f               00416955 f   common.obj
 0001:0001596d       _ParseCmdline              0041696d f   common.obj
 0001:00015b22       _PushCmdline               00416b22 f   common.obj
 0001:00011fb3       _CMod_LoadSurfaces         00412fb3 f   cmodel.obj
 0001:000120b5       _CMod_ReadSurfMaterials    004130b5 f   cmodel.obj
 0001:000121f0       _CMod_LoadNodes            004131f0 f   cmodel.obj
 0001:00012252       _CMod_LoadBrushes          00413252 f   cmodel.obj
 0001:0001229e       _CMod_LoadLeafs            0041329e f   cmodel.obj
 0001:0001236d       _CMod_LoadPlanes           0041336d f   cmodel.obj
 0001:0001247b       _CMod_LoadLeafBrushes      0041347b f   cmodel.obj
 0001:000124c6       _CMod_LoadBrushSides       004134c6 f   cmodel.obj
 0001:0001253f       _CMod_LoadAreas            0041353f f   cmodel.obj
 0001:000128ca       _PointLeafnum_r            004138ca f   cmodel.obj
 0001:000129b5       _BoxLeafnums_r             004139b5 f   cmodel.obj
 0001:00012f02       _TestInLeaf                00413f02 f   cmodel.obj
 0001:00012f67       _TestBoxInBrush            00413f67 f   cmodel.obj
 0001:000130d8       _RecursiveHullCheck        004140d8 f   cmodel.obj
 0001:000133af       _TraceToLeaf               004143af f   cmodel.obj
 0001:0001346a       _ClipBoxToBrush            0041446a f   cmodel.obj
 0001:00013b4f       _RecursiveBrushTest        00414b4f f   cmodel.obj
 0001:00013ddc       _TestBrush                 00414ddc f   cmodel.obj
 0001:000140bd       _FloodArea_r               004150bd f   cmodel.obj
 0001:0001196f       _Cmd_MacroExpandString     0041296f f   cmd.obj
 0001:00011cab       _Cmd_Wait_f                00412cab f   cmd.obj
 0001:00011ce0       _Cmd_List_f                00412ce0 f   cmd.obj
 0001:00010697       _DrawSurfInfo              00411697 f   cl_view.obj
 0001:00010b84       _DrawFlag                  00411b84 f   cl_view.obj
 0001:00010cd5       _DecodeContents            00411cd5 f   cl_view.obj
 0001:00010d20       _DrawOriginInfo            00411d20 f   cl_view.obj
 0001:00010eb1       _DrawFpsInfo               00411eb1 f   cl_view.obj
 0001:00010fda       _FixWaterVis               00411fda f   cl_view.obj
 0001:000110d8       _entitycmpfnc              004120d8 f   cl_view.obj
 0001:00011141       _Screenshot_f              00412141 f   cl_view.obj
 0001:0000d5e1       _SCR_CalcVrect             0040e5e1 f   cl_scrn.obj
 0001:0000bf2e       _CL_PMTrace                0040cf2e f   cl_pred.obj
 0001:00008592       _TryParseStatus            00409592 f   cl_main.obj
 0001:00006a16       _IN_KLookUp                00407a16 f   cl_input.obj
 0001:00006a22       _KeyUp                     00407a22 f   cl_input.obj
 0001:00006a9c       _IN_KLookDown              00407a9c f   cl_input.obj
 0001:00006aa8       _KeyDown                   00407aa8 f   cl_input.obj
 0001:00006b1e       _IN_UpUp                   00407b1e f   cl_input.obj
 0001:00006b2a       _IN_UpDown                 00407b2a f   cl_input.obj
 0001:00006b36       _IN_DownUp                 00407b36 f   cl_input.obj
 0001:00006b42       _IN_DownDown               00407b42 f   cl_input.obj
 0001:00006b4e       _IN_RightUp                00407b4e f   cl_input.obj
 0001:00006b5a       _IN_RightDown              00407b5a f   cl_input.obj
 0001:00006b66       _IN_LeftUp                 00407b66 f   cl_input.obj
 0001:00006b72       _IN_LeftDown               00407b72 f   cl_input.obj
 0001:00006b7e       _IN_ForwardUp              00407b7e f   cl_input.obj
 0001:00006b8a       _IN_ForwardDown            00407b8a f   cl_input.obj
 0001:00006b96       _IN_BackUp                 00407b96 f   cl_input.obj
 0001:00006ba2       _IN_BackDown               00407ba2 f   cl_input.obj
 0001:00006bae       _IN_LookupUp               00407bae f   cl_input.obj
 0001:00006bba       _IN_LookupDown             00407bba f   cl_input.obj
 0001:00006bc6       _IN_LookdownUp             00407bc6 f   cl_input.obj
 0001:00006bd2       _IN_LookdownDown           00407bd2 f   cl_input.obj
 0001:00006bde       _IN_MoveleftUp             00407bde f   cl_input.obj
 0001:00006bea       _IN_MoveleftDown           00407bea f   cl_input.obj
 0001:00006bf6       _IN_MoverightUp            00407bf6 f   cl_input.obj
 0001:00006c02       _IN_MoverightDown          00407c02 f   cl_input.obj
 0001:00006c0e       _IN_SpeedUp                00407c0e f   cl_input.obj
 0001:00006c1a       _IN_SpeedDown              00407c1a f   cl_input.obj
 0001:00006c26       _IN_StrafeUp               00407c26 f   cl_input.obj
 0001:00006c32       _IN_StrafeDown             00407c32 f   cl_input.obj
 0001:00006c3e       _IN_AttackUp               00407c3e f   cl_input.obj
 0001:00006c4a       _IN_AttackDown             00407c4a f   cl_input.obj
 0001:00006c56       _IN_UseUp                  00407c56 f   cl_input.obj
 0001:00006c62       _IN_UseDown                00407c62 f   cl_input.obj
 0001:00006c6e       _IN_Lookdown               00407c6e f   cl_input.obj
 0001:00006ca1       _IN_Lookup                 00407ca1 f   cl_input.obj
 0001:00006f39       _CreateCmd                 00407f39 f   cl_input.obj
 0001:00006f85       _BaseMove                  00407f85 f   cl_input.obj
 0001:00007142       _CL_KeyState               00408142 f   cl_input.obj
 0001:000071a2       _AdjustAngles              004081a2 f   cl_input.obj
 0001:000072b1       _FinishMove                004082b1 f   cl_input.obj
 0001:0000736a       _ClampPitch                0040836a f   cl_input.obj
 0001:000036e1       _CL_AddParticleTraces      004046e1 f   cl_fx.obj
 0001:00003a3a       _CL_AddParticleBeams       00404a3a f   cl_fx.obj
 0001:00002431       _CL_AddDebugLines          00403431 f   cl_ents.obj
 0001:00002485       _CL_AddPacketEntities      00403485 f   cl_ents.obj
 0001:00002eb1       _GetEntityInfo             00403eb1 f   cl_ents.obj
 0001:00002fc0       _AddEntityWithEffects      00403fc0 f   cl_ents.obj
 0001:00002fec       _AddViewWeapon             00403fec f   cl_ents.obj
 0001:0000083e       _FreeCinematic             0040183e f   cl_cin.obj
 0001:000009f1       _ReadNextFrame             004019f1 f   cl_cin.obj
 0001:00000b0e       _Huff1Decompress           00401b0e f   cl_cin.obj
 0001:00000fb7       _Huff1TableInit            00401fb7 f   cl_cin.obj
 0001:000010b1       _SmallestNode1             004020b1 f   cl_cin.obj
 0001:0000014c       _CDAudio_GetAudioDiskInfo  0040114c f   cd_win.obj
 0001:000004c4       _CD_f                      004014c4 f   cd_win.obj
 0001:0000077d       _CDAudio_Eject             0040177d f   cd_win.obj
 0001:000007a7       _CDAudio_CloseDoor         004017a7 f   cd_win.obj

 70 bytes saved through ICF

