 quake2

 Timestamp is 3ed48cdb (Wed May 28 14:18:03 2003)

 Preferred load address is 00400000

 Start         Length     Name                   Class
 0001:00000000 0006a170H .text                   CODE
 0002:00000000 00000364H .idata$5                DATA
 0002:00000368 0000198cH .rdata                  DATA
 0002:00001cf4 00000078H .idata$2                DATA
 0002:00001d6c 00000014H .idata$3                DATA
 0002:00001d80 00000364H .idata$4                DATA
 0002:000020e4 00000b66H .idata$6                DATA
 0002:00002c4a 00000000H .edata                  DATA
 0003:00000000 00000004H .CRT$XCA                DATA
 0003:00000004 00000004H .CRT$XCZ                DATA
 0003:00000008 00000004H .CRT$XIA                DATA
 0003:0000000c 00000004H .CRT$XIZ                DATA
 0003:00000010 00014e74H .data                   DATA
 0003:00014e88 00a4ee74H .bss                    DATA
 0004:00000000 000000a0H .rsrc$01                DATA
 0004:000000a0 00000300H .rsrc$02                DATA

  Address         Publics by Value              Rva+Base     Lib:Object

 0001:00000000       _CDAudio_Play2             00401000 f   cd_win.obj
 0001:000001e5       _CDAudio_Play              004011e5 f   cd_win.obj
 0001:000001fc       _CDAudio_Stop              004011fc f   cd_win.obj
 0001:00000241       _CDAudio_Pause             00401241 f   cd_win.obj
 0001:0000029a       _CDAudio_Resume            0040129a f   cd_win.obj
 0001:0000030c       _CDAudio_MessageHandler    0040130c f   cd_win.obj
 0001:000003a3       _CDAudio_Update            004013a3 f   cd_win.obj
 0001:000003da       _CDAudio_Init              004013da f   cd_win.obj
 0001:000007d1       _CDAudio_Shutdown          004017d1 f   cd_win.obj
 0001:00000804       _CDAudio_Activate          00401804 f   cd_win.obj
 0001:00000815       _SCR_StopCinematic         00401815 f   cl_cin.obj
 0001:000008a1       _SCR_FinishCinematic       004018a1 f   cl_cin.obj
 0001:000008cb       _SCR_ReadNextFrame         004018cb f   cl_cin.obj
 0001:00000bec       _SCR_RunCinematic          00401bec f   cl_cin.obj
 0001:00000ce5       _SCR_DrawCinematic         00401ce5 f   cl_cin.obj
 0001:00000d84       _SCR_PlayCinematic         00401d84 f   cl_cin.obj
 0001:000010bc       _CL_ParseEntityBits        004020bc f   cl_ents.obj
 0001:0000111e       _CL_ParseDelta             0040211e f   cl_ents.obj
 0001:00001498       _CL_DeltaEntity            00402498 f   cl_ents.obj
 0001:00001605       _CL_ParsePacketEntities    00402605 f   cl_ents.obj
 0001:00001831       _CL_ParsePlayerstate       00402831 f   cl_ents.obj
 0001:00001b3f       _CL_FireEntityEvents       00402b3f f   cl_ents.obj
 0001:00001b91       _CL_ParseFrame             00402b91 f   cl_ents.obj
 0001:00001e30       _CL_OffsetThirdPersonView  00402e30 f   cl_ents.obj
 0001:00001f13       _CL_CalcViewValues         00402f13 f   cl_ents.obj
 0001:000021cb       _CL_AddEntities            004031cb f   cl_ents.obj
 0001:00002f04       _CL_GetEntitySoundOrigin   00403f04 f   cl_ents.obj
 0001:00002f40       _CL_ClearLightStyles       00403f40 f   cl_fx.obj
 0001:00002fc4       _CL_RunLightStyles         00403fc4 f   cl_fx.obj
 0001:0000305e       _CL_SetLightstyle          0040405e f   cl_fx.obj
 0001:000030c8       _CL_AllocDlight            004040c8 f   cl_fx.obj
 0001:00003133       _CL_RunDLights             00404133 f   cl_fx.obj
 0001:00003185       _CL_AddDLights             00404185 f   cl_fx.obj
 0001:000031ce       _CL_ClearParticles         004041ce f   cl_fx.obj
 0001:0000320e       _CL_AllocParticleTrace     0040420e f   cl_fx.obj
 0001:000032b3       _CL_AllocParticle          004042b3 f   cl_fx.obj
 0001:00003302       _CL_UpdateParticles        00404302 f   cl_fx.obj
 0001:000037e9       _CL_MetalSparks            004047e9 f   cl_fx.obj
 0001:000038c8       _CL_ParseMuzzleFlash       004048c8 f   cl_fx.obj
 0001:000040e3       _CL_ParseMuzzleFlash2      004050e3 f   cl_fx.obj
 0001:000047c2       _CL_ParticleEffect         004057c2 f   cl_fx.obj
 0001:00004891       _CL_ParticleEffect2        00405891 f   cl_fx.obj
 0001:0000495c       _CL_ParticleEffect3        0040595c f   cl_fx.obj
 0001:00004a2c       _CL_TeleporterParticles    00405a2c f   cl_fx.obj
 0001:00004ae3       _CL_LogoutEffect           00405ae3 f   cl_fx.obj
 0001:00004bce       _CL_ItemRespawnParticles   00405bce f   cl_fx.obj
 0001:00004c7d       _CL_ExplosionParticles     00405c7d f   cl_fx.obj
 0001:00004d27       _CL_BigTeleportParticles   00405d27 f   cl_fx.obj
 0001:00004e7e       _CL_BlasterParticles       00405e7e f   cl_fx.obj
 0001:00004f4a       _CL_BlasterTrail           00405f4a f   cl_fx.obj
 0001:00005043       _CL_FlagTrail              00406043 f   cl_fx.obj
 0001:00005149       _CL_DiminishingTrail       00406149 f   cl_fx.obj
 0001:000053b3       _CL_RocketTrail            004063b3 f   cl_fx.obj
 0001:000054e2       _CL_RailTrail              004064e2 f   cl_fx.obj
 0001:00005712       _CL_IonripperTrail         00406712 f   cl_fx.obj
 0001:00005826       _CL_BubbleTrail            00406826 f   cl_fx.obj
 0001:0000594a       _CL_FlyParticles           0040694a f   cl_fx.obj
 0001:00005aef       _CL_FlyEffect              00406aef f   cl_fx.obj
 0001:00005b72       _CL_BfgParticles           00406b72 f   cl_fx.obj
 0001:00005d4f       _CL_TrapParticles          00406d4f f   cl_fx.obj
 0001:00005ff1       _CL_BFGExplosionParticles  00406ff1 f   cl_fx.obj
 0001:0000609b       _CL_TeleportParticles      0040709b f   cl_fx.obj
 0001:000061d4       _CL_EntityEvent            004071d4 f   cl_fx.obj
 0001:000063b2       _CL_ClearEffects           004073b2 f   cl_fx.obj
 0001:000063d0       _IN_KLookDown              004073d0 f   cl_input.obj
 0001:00006452       _IN_KLookUp                00407452 f   cl_input.obj
 0001:000064d8       _IN_UpDown                 004074d8 f   cl_input.obj
 0001:000064e4       _IN_UpUp                   004074e4 f   cl_input.obj
 0001:000064f0       _IN_DownDown               004074f0 f   cl_input.obj
 0001:000064fc       _IN_DownUp                 004074fc f   cl_input.obj
 0001:00006508       _IN_LeftDown               00407508 f   cl_input.obj
 0001:00006514       _IN_LeftUp                 00407514 f   cl_input.obj
 0001:00006520       _IN_RightDown              00407520 f   cl_input.obj
 0001:0000652c       _IN_RightUp                0040752c f   cl_input.obj
 0001:00006538       _IN_ForwardDown            00407538 f   cl_input.obj
 0001:00006544       _IN_ForwardUp              00407544 f   cl_input.obj
 0001:00006550       _IN_BackDown               00407550 f   cl_input.obj
 0001:0000655c       _IN_BackUp                 0040755c f   cl_input.obj
 0001:00006568       _IN_LookupDown             00407568 f   cl_input.obj
 0001:00006574       _IN_LookupUp               00407574 f   cl_input.obj
 0001:00006580       _IN_LookdownDown           00407580 f   cl_input.obj
 0001:0000658c       _IN_LookdownUp             0040758c f   cl_input.obj
 0001:00006598       _IN_MoveleftDown           00407598 f   cl_input.obj
 0001:000065a4       _IN_MoveleftUp             004075a4 f   cl_input.obj
 0001:000065b0       _IN_MoverightDown          004075b0 f   cl_input.obj
 0001:000065bc       _IN_MoverightUp            004075bc f   cl_input.obj
 0001:000065c8       _IN_SpeedDown              004075c8 f   cl_input.obj
 0001:000065d4       _IN_SpeedUp                004075d4 f   cl_input.obj
 0001:000065e0       _IN_StrafeDown             004075e0 f   cl_input.obj
 0001:000065ec       _IN_StrafeUp               004075ec f   cl_input.obj
 0001:000065f8       _IN_AttackDown             004075f8 f   cl_input.obj
 0001:00006604       _IN_AttackUp               00407604 f   cl_input.obj
 0001:00006610       _IN_UseDown                00407610 f   cl_input.obj
 0001:0000661c       _IN_UseUp                  0040761c f   cl_input.obj
 0001:00006628       _IN_Impulse                00407628 f   cl_input.obj
 0001:0000663e       _CL_KeyState               0040763e f   cl_input.obj
 0001:0000669e       _CL_AdjustAngles           0040769e f   cl_input.obj
 0001:000067ad       _CL_BaseMove               004077ad f   cl_input.obj
 0001:00006987       _CL_ClampPitch             00407987 f   cl_input.obj
 0001:00006a35       _CL_FinishMove             00407a35 f   cl_input.obj
 0001:00006af1       _CL_CreateCmd              00407af1 f   cl_input.obj
 0001:00006b57       _IN_CenterView             00407b57 f   cl_input.obj
 0001:00006b78       _CL_InitInput              00407b78 f   cl_input.obj
 0001:00006d7e       _CL_SendCmd                00407d7e f   cl_input.obj
 0001:00006f78       _CL_ParseInventory         00407f78 f   cl_inv.obj
 0001:00006f98       _CL_DrawInventory          00407f98 f   cl_inv.obj
 0001:000071f9       _CL_WriteDemoMessage       004081f9 f   cl_main.obj
 0001:0000723b       _CL_Stop_f                 0040823b f   cl_main.obj
 0001:00007296       _CL_Record_f               00408296 f   cl_main.obj
 0001:00007528       _Cmd_ForwardToServer       00408528 f   cl_main.obj
 0001:00007594       _CL_Setenv_f               00408594 f   cl_main.obj
 0001:00007658       _CL_ForwardToServer_f      00408658 f   cl_main.obj
 0001:000076a6       _CL_Pause_f                004086a6 f   cl_main.obj
 0001:000076df       _CL_Quit_f                 004086df f   cl_main.obj
 0001:000076e9       _CL_Drop                   004086e9 f   cl_main.obj
 0001:0000770b       _CL_SendConnectPacket      0040870b f   cl_main.obj
 0001:000077e2       _CL_CheckForResend         004087e2 f   cl_main.obj
 0001:000078e6       _CL_Connect_f              004088e6 f   cl_main.obj
 0001:00007965       _CL_Rcon_f                 00408965 f   cl_main.obj
 0001:00007a70       _CL_ClearState             00408a70 f   cl_main.obj
 0001:00007aaf       _CL_Disconnect             00408aaf f   cl_main.obj
 0001:00007bec       _CL_Disconnect_f           00408bec f   cl_main.obj
 0001:00007bfb       _CL_Changing_f             00408bfb f   cl_main.obj
 0001:00007c1f       _CL_Reconnect_f            00408c1f f   cl_main.obj
 0001:00007cbb       _CL_ParseStatusMessage     00408cbb f   cl_main.obj
 0001:00007cf2       _CL_PingServers_f          00408cf2 f   cl_main.obj
 0001:00007e4c       _CL_Skins_f                00408e4c f   cl_main.obj
 0001:00007e88       _CL_ConnectionlessPacket   00408e88 f   cl_main.obj
 0001:000081b1       _CL_ReadPackets            004091b1 f   cl_main.obj
 0001:000082ab       _CL_FixUpGender            004092ab f   cl_main.obj
 0001:0000835c       _CL_Userinfo_f             0040935c f   cl_main.obj
 0001:00008374       _CL_Snd_Restart_f          00409374 f   cl_main.obj
 0001:00008383       _CL_RequestNextDownload    00409383 f   cl_main.obj
 0001:000089c6       _CL_Precache_f             004099c6 f   cl_main.obj
 0001:00008a8c       _CL_WriteConfiguration     00409a8c f   cl_main.obj
 0001:00008b1d       _CL_WriteConfig_f          00409b1d f   cl_main.obj
 0001:00008b7c       _CL_InitLocal              00409b7c f   cl_main.obj
 0001:00008d9c       _CL_FixCvarCheats          00409d9c f   cl_main.obj
 0001:00008ded       _CL_SendCommand            00409ded f   cl_main.obj
 0001:00008e0b       _CL_Frame                  00409e0b f   cl_main.obj
 0001:00008fe7       _CL_Init                   00409fe7 f   cl_main.obj
 0001:00009034       _CL_Shutdown               0040a034 f   cl_main.obj
 0001:0000907a       _vectoangles2              0040a07a f   cl_newfx.obj
 0001:0000917c       _CL_Flashlight             0040a17c f   cl_newfx.obj
 0001:000091cc       _CL_ColorFlash             0040a1cc f   cl_newfx.obj
 0001:0000921e       _CL_DebugTrail             0040a21e f   cl_newfx.obj
 0001:00009315       _CL_ForceWall              0040a315 f   cl_newfx.obj
 0001:0000944f       _CL_BubbleTrail2           0040a44f f   cl_newfx.obj
 0001:0000957f       _CL_Heatbeam               0040a57f f   cl_newfx.obj
 0001:000097f7       _CL_ParticleSteamEffect    0040a7f7 f   cl_newfx.obj
 0001:00009903       _CL_ParticleSteamEffect2   0040a903 f   cl_newfx.obj
 0001:00009a22       _CL_TrackerTrail           0040aa22 f   cl_newfx.obj
 0001:00009b67       _CL_Tracker_Shell          0040ab67 f   cl_newfx.obj
 0001:00009bde       _CL_MonsterPlasma_Shell    0040abde f   cl_newfx.obj
 0001:00009c52       _CL_Widowbeamout           0040ac52 f   cl_newfx.obj
 0001:00009cf9       _CL_Nukeblast              0040acf9 f   cl_newfx.obj
 0001:00009da0       _CL_WidowSplash            0040ada0 f   cl_newfx.obj
 0001:00009e5b       _CL_TagTrail               0040ae5b f   cl_newfx.obj
 0001:00009f61       _CL_ColorExplosionParticles 0040af61 f   cl_newfx.obj
 0001:0000a00e       _CL_ParticleSmokeEffect    0040b00e f   cl_newfx.obj
 0001:0000a118       _CL_BlasterParticles2      0040b118 f   cl_newfx.obj
 0001:0000a1e5       _CL_BlasterTrail2          0040b1e5 f   cl_newfx.obj
 0001:0000a2de       _CL_DownloadFileName       0040b2de f   cl_parse.obj
 0001:0000a31d       _CL_CheckOrDownloadFile    0040b31d f   cl_parse.obj
 0001:0000a555       _CL_Download_f             0040b555 f   cl_parse.obj
 0001:0000a61d       _CL_RegisterSounds         0040b61d f   cl_parse.obj
 0001:0000a65c       _CL_ParseDownload          0040b65c f   cl_parse.obj
 0001:0000a7c9       _CL_ParseServerData        0040b7c9 f   cl_parse.obj
 0001:0000a89c       _CL_ParseBaseline          0040b89c f   cl_parse.obj
 0001:0000a8e4       _CL_LoadClientinfo         0040b8e4 f   cl_parse.obj
 0001:0000abac       _CL_ParseClientinfo        0040bbac f   cl_parse.obj
 0001:0000abd0       _CL_ParseConfigString      0040bbd0 f   cl_parse.obj
 0001:0000ad72       _CL_ParseStartSoundPacket  0040bd72 f   cl_parse.obj
 0001:0000ae74       _CL_ParseServerMessage     0040be74 f   cl_parse.obj
 0001:0000b147       _CL_CheckPredictionError   0040c147 f   cl_pred.obj
 0001:0000b266       _CL_ClipMoveToEntities     0040c266 f   cl_pred.obj
 0001:0000b4d9       _CL_PMTrace                0040c4d9 f   cl_pred.obj
 0001:0000b548       _CL_PMpointcontents        0040c548 f   cl_pred.obj
 0001:0000b5fa       _CL_PredictMovement        0040c5fa f   cl_pred.obj
 0001:0000b803       _CL_AddNetgraph            0040c803 f   cl_scrn.obj
 0001:0000b8dd       _SCR_DebugGraph            0040c8dd f   cl_scrn.obj
 0001:0000b905       _SCR_DrawDebugGraph        0040c905 f   cl_scrn.obj
 0001:0000b9e4       _SCR_CenterPrint           0040c9e4 f   cl_scrn.obj
 0001:0000baf5       _SCR_DrawCenterString      0040caf5 f   cl_scrn.obj
 0001:0000bc4a       _SCR_SizeUp_f              0040cc4a f   cl_scrn.obj
 0001:0000bc63       _SCR_SizeDown_f            0040cc63 f   cl_scrn.obj
 0001:0000bc84       _SCR_Sky_f                 0040cc84 f   cl_scrn.obj
 0001:0000bd2f       _SCR_Init                  0040cd2f f   cl_scrn.obj
 0001:0000bd94       _SCR_DrawNet               0040cd94 f   cl_scrn.obj
 0001:0000bdcf       _SCR_DrawPause             0040cdcf f   cl_scrn.obj
 0001:0000be38       _SCR_RunConsole            0040ce38 f   cl_scrn.obj
 0001:0000bee0       _SCR_DrawConsole           0040cee0 f   cl_scrn.obj
 0001:0000bf78       _SCR_SetLevelshot          0040cf78 f   cl_scrn.obj
 0001:0000bfdc       _SCR_DrawLoading           0040cfdc f   cl_scrn.obj
 0001:0000c095       _SCR_BeginLoadingPlaque    0040d095 f   cl_scrn.obj
 0001:0000c0f5       _SCR_EndLoadingPlaque      0040d0f5 f   cl_scrn.obj
 0001:0000c113       _SCR_Loading_f             0040d113 f   cl_scrn.obj
 0001:0000c118       _SCR_TimeRefresh_f         0040d118 f   cl_scrn.obj
 0001:0000c1ef       _SCR_AddDirtyPoint         0040d1ef f   cl_scrn.obj
 0001:0000c22c       _SCR_DirtyScreen           0040d22c f   cl_scrn.obj
 0001:0000c2a7       _SCR_TileClear             0040d2a7 f   cl_scrn.obj
 0001:0000c482       _DrawHUDString             0040d482 f   cl_scrn.obj
 0001:0000c534       _SCR_DrawField             0040d534 f   cl_scrn.obj
 0001:0000c658       _SCR_TouchPics             0040d658 f   cl_scrn.obj
 0001:0000c6eb       _SCR_ExecuteLayoutString   0040d6eb f   cl_scrn.obj
 0001:0000d09c       _SCR_UpdateScreen          0040e09c f   cl_scrn.obj
 0001:0000d387       _CL_RegisterTEntSounds     0040e387 f   cl_tent.obj
 0001:0000d5bf       _CL_RegisterTEntModels     0040e5bf f   cl_tent.obj
 0001:0000d745       _CL_ClearTEnts             0040e745 f   cl_tent.obj
 0001:0000d79c       _CL_AllocExplosion         0040e79c f   cl_tent.obj
 0001:0000d7ee       _CL_AddExplosions          0040e7ee f   cl_tent.obj
 0001:0000da3d       _CL_SmokeAndFlash          0040ea3d f   cl_tent.obj
 0001:0000daa4       _CL_ParseBeam              0040eaa4 f   cl_tent.obj
 0001:0000db93       _CL_ParseBeam2             0040eb93 f   cl_tent.obj
 0001:0000dc93       _CL_ParsePlayerBeam        0040ec93 f   cl_tent.obj
 0001:0000ddcf       _CL_ParseLightning         0040edcf f   cl_tent.obj
 0001:0000dea5       _CL_ParseLaser             0040eea5 f   cl_tent.obj
 0001:0000df4a       _CL_ParseSteam             0040ef4a f   cl_tent.obj
 0001:0000e05b       _CL_ParseWidow             0040f05b f   cl_tent.obj
 0001:0000e0c7       _CL_ParseNuke              0040f0c7 f   cl_tent.obj
 0001:0000e131       _CL_ParseTEnt              0040f131 f   cl_tent.obj
 0001:0000ef47       _CL_AddBeams               0040ff47 f   cl_tent.obj
 0001:0000f270       _CL_AddPlayerBeams         00410270 f   cl_tent.obj
 0001:0000f977       _CL_AddLasers              00410977 f   cl_tent.obj
 0001:0000f99c       _CL_ProcessSustain         0041099c f   cl_tent.obj
 0001:0000f9dd       _CL_AddTEnts               004109dd f   cl_tent.obj
 0001:0000f9f6       _V_AddEntity               004109f6 f   cl_view.obj
 0001:0000fa20       _V_AddLight                00410a20 f   cl_view.obj
 0001:0000fa6b       _V_TestParticles           00410a6b f   cl_view.obj
 0001:0000fb29       _V_TestEntities            00410b29 f   cl_view.obj
 0001:0000fbcb       _V_TestLights              00410bcb f   cl_view.obj
 0001:0000fc9e       _CL_PrepRefresh            00410c9e f   cl_view.obj
 0001:0000ff71       _CalcFov                   00410f71 f   cl_view.obj
 0001:0000ffea       _V_Gun_Next_f              00410fea f   cl_view.obj
 0001:00010003       _V_Gun_Prev_f              00411003 f   cl_view.obj
 0001:00010025       _V_Gun_Model_f             00411025 f   cl_view.obj
 0001:00010059       _SCR_DrawCrosshair         00411059 f   cl_view.obj
 0001:000100ce       _V_RenderView              004110ce f   cl_view.obj
 0001:00010ca3       _V_Viewpos_f               00411ca3 f   cl_view.obj
 0001:00010ce1       _V_Init                    00411ce1 f   cl_view.obj
 0001:00010eea       _Cbuf_Init                 00411eea f   cmd.obj
 0001:00010f02       _Cbuf_AddText              00411f02 f   cmd.obj
 0001:00010f5e       _Cbuf_InsertText           00411f5e f   cmd.obj
 0001:00010fb6       _Cbuf_CopyToDefer          00411fb6 f   cmd.obj
 0001:00010fe2       _Cbuf_InsertFromDefer      00411fe2 f   cmd.obj
 0001:00010ff5       _Cbuf_ExecuteText          00411ff5 f   cmd.obj
 0001:00011034       _Cbuf_Execute              00412034 f   cmd.obj
 0001:0001111a       _Cbuf_AddEarlyCommands     0041211a f   cmd.obj
 0001:0001119c       _Cbuf_AddLateCommands      0041219c f   cmd.obj
 0001:000112b7       _Cmd_Exec_f                004122b7 f   cmd.obj
 0001:0001133c       _Cmd_Echo_f                0041233c f   cmd.obj
 0001:0001137e       _Cmd_Alias_f               0041237e f   cmd.obj
 0001:000114a5       _Cmd_Unalias_f             004124a5 f   cmd.obj
 0001:00011531       _Cmd_WriteAliases          00412531 f   cmd.obj
 0001:0001155a       _Cmd_Argc                  0041255a f   cmd.obj
 0001:00011560       _Cmd_Argv                  00412560 f   cmd.obj
 0001:0001157a       _Cmd_Args                  0041257a f   cmd.obj
 0001:00011580       _Cmd_TokenizeString        00412580 f   cmd.obj
 0001:000117b2       _Cmd_AddCommand            004127b2 f   cmd.obj
 0001:0001181a       _Cmd_RemoveCommand         0041281a f   cmd.obj
 0001:0001185c       _Cmd_ExecuteString         0041285c f   cmd.obj
 0001:00011934       _Cmd_Init                  00412934 f   cmd.obj
 0001:00011a37       _CMod_GetSurfMaterial      00412a37 f   cmodel.obj
 0001:00011a94       _CM_LoadMap                00412a94 f   cmodel.obj
 0001:000121fe       _CM_InlineModel            004131fe f   cmodel.obj
 0001:0001224d       _CM_NumClusters            0041324d f   cmodel.obj
 0001:00012253       _CM_NumInlineModels        00413253 f   cmodel.obj
 0001:00012259       _CM_EntityString           00413259 f   cmodel.obj
 0001:0001225f       _CM_LeafContents           0041325f f   cmodel.obj
 0001:00012289       _CM_LeafCluster            00413289 f   cmodel.obj
 0001:000122b4       _CM_LeafArea               004132b4 f   cmodel.obj
 0001:000122df       _CM_InitBoxHull            004132df f   cmodel.obj
 0001:000124be       _CM_HeadnodeForBox         004134be f   cmodel.obj
 0001:00012573       _CM_PointLeafnum           00413573 f   cmodel.obj
 0001:000125f6       _CM_BoxLeafnums            004135f6 f   cmodel.obj
 0001:00012706       _CM_PointContents          00413706 f   cmodel.obj
 0001:0001272b       _CM_TransformedPointContents 0041372b f   cmodel.obj
 0001:00012810       _CM_TransformedPointContents2 00413810 f   cmodel.obj
 0001:000128ab       _CM_BoxTrace               004138ab f   cmodel.obj
 0001:000132cf       _CM_TransformedBoxTrace    004142cf f   cmodel.obj
 0001:00013542       _CM_TransformedBoxTrace2   00414542 f   cmodel.obj
 0001:000136f9       _CM_DecompressVis          004146f9 f   cmodel.obj
 0001:000137a2       _CM_ClusterPVS             004147a2 f   cmodel.obj
 0001:000137ef       _CM_ClusterPHS             004147ef f   cmodel.obj
 0001:0001383c       _FloodAreaConnections      0041483c f   cmodel.obj
 0001:000138f7       _CM_SetAreaPortalState     004148f7 f   cmodel.obj
 0001:00013924       _CM_AreasConnected         00414924 f   cmodel.obj
 0001:00013972       _CM_WriteAreaBits          00414972 f   cmodel.obj
 0001:00013a02       _CM_WritePortalState       00414a02 f   cmodel.obj
 0001:00013a1c       _CM_ReadPortalState        00414a1c f   cmodel.obj
 0001:00013a3a       _CM_HeadnodeVisible        00414a3a f   cmodel.obj
 0001:00013aa2       _Com_BeginRedirect         00414aa2 f   common.obj
 0001:00013adf       _Com_EndRedirect           00414adf f   common.obj
 0001:00013b0a       _Com_Printf                00414b0a f   common.obj
 0001:00013c69       _Com_DPrintf               00414c69 f   common.obj
 0001:00013ccd       _DebugPrintf               00414ccd f   common.obj
 0001:00013d75       _Com_WPrintf               00414d75 f   common.obj
 0001:00013dce       _Com_Error                 00414dce f   common.obj
 0001:00013eac       _Com_Quit                  00414eac f   common.obj
 0001:00013edc       _MatchWildcard             00414edc f   common.obj
 0001:0001401c       _MatchWildcard2            0041501c f   common.obj
 0001:00014068       _IPWildcard                00415068 f   common.obj
 0001:00014143       _Com_ServerState           00415143 f   common.obj
 0001:00014149       _Com_SetServerState        00415149 f   common.obj
 0001:00014153       _MSG_WriteChar             00415153 f   common.obj
 0001:00014153       _MSG_WriteByte             00415153 f   common.obj
 0001:00014167       _MSG_WriteShort            00415167 f   common.obj
 0001:00014181       _MSG_WriteLong             00415181 f   common.obj
 0001:000141ab       _MSG_WriteFloat            004151ab f   common.obj
 0001:000141d1       _MSG_WriteString           004151d1 f   common.obj
 0001:00014209       _MSG_WriteCoord            00415209 f   common.obj
 0001:00014232       _MSG_WritePos              00415232 f   common.obj
 0001:000142a6       _MSG_WriteAngle            004152a6 f   common.obj
 0001:000142c9       _MSG_WriteAngle16          004152c9 f   common.obj
 0001:000142f8       _MSG_WriteDeltaUsercmd     004152f8 f   common.obj
 0001:00014480       _MSG_WriteDir              00415480 f   common.obj
 0001:000144ed       _MSG_ReadDir               004154ed f   common.obj
 0001:0001452b       _MSG_WriteDeltaEntity      0041552b f   common.obj
 0001:00014a24       _MSG_BeginReading          00415a24 f   common.obj
 0001:00014a2d       _MSG_ReadChar              00415a2d f   common.obj
 0001:00014a4e       _MSG_ReadByte              00415a4e f   common.obj
 0001:00014a6f       _MSG_ReadShort             00415a6f f   common.obj
 0001:00014a9f       _MSG_ReadLong              00415a9f f   common.obj
 0001:00014ade       _MSG_ReadString            00415ade f   common.obj
 0001:00014b11       _MSG_ReadStringLine        00415b11 f   common.obj
 0001:00014b49       _MSG_ReadCoord             00415b49 f   common.obj
 0001:00014b63       _MSG_ReadPos               00415b63 f   common.obj
 0001:00014bb5       _MSG_ReadAngle             00415bb5 f   common.obj
 0001:00014bcf       _MSG_ReadAngle16           00415bcf f   common.obj
 0001:00014be9       _MSG_ReadDeltaUsercmd      00415be9 f   common.obj
 0001:00014ca0       _MSG_ReadData              00415ca0 f   common.obj
 0001:00014cc3       _SZ_Init                   00415cc3 f   common.obj
 0001:00014ce5       _SZ_Clear                  00415ce5 f   common.obj
 0001:00014cf2       _SZ_GetSpace               00415cf2 f   common.obj
 0001:00014d58       _SZ_Write                  00415d58 f   common.obj
 0001:00014d79       _SZ_Print                  00415d79 f   common.obj
 0001:00014dc2       _COM_Argc                  00415dc2 f   common.obj
 0001:00014dc8       _COM_Argv                  00415dc8 f   common.obj
 0001:00014de9       _COM_ClearArgv             00415de9 f   common.obj
 0001:00014e11       _COM_InitArgv              00415e11 f   common.obj
 0001:00014e6c       _Info_Print                00415e6c f   common.obj
 0001:00014f29       _COM_BlockSequenceCRCByte  00415f29 f   common.obj
 0001:00014fb5       _frand                     00415fb5 f   common.obj
 0001:00014fd2       _crand                     00415fd2 f   common.obj
 0001:00014ff5       _Qcommon_Init              00415ff5 f   common.obj
 0001:00015149       _Qcommon_Frame             00416149 f   common.obj
 0001:00015465       _CCheckParm                00416465 f   conproc.obj
 0001:0001549e       _InitConProc               0041649e f   conproc.obj
 0001:000155f0       _DeinitConProc             004165f0 f   conproc.obj
 0001:00015601       _RequestProc@4             00416601 f   conproc.obj
 0001:00015712       _WriteText                 00416712 f   conproc.obj
 0001:000157d9       _CharToCode                004167d9 f   conproc.obj
 0001:00015861       _SetConsoleCXCY            00416861 f   conproc.obj
 0001:00015998       _DrawStringCommon          00416998 f   console.obj
 0001:000159f5       _DrawString                004169f5 f   console.obj
 0001:00015a17       _DrawAltString             00416a17 f   console.obj
 0001:00015a3c       _Con_ToggleConsole_f       00416a3c f   console.obj
 0001:00015ac6       _Con_ClearNotify           00416ac6 f   console.obj
 0001:00015ad4       _Con_CheckResize           00416ad4 f   console.obj
 0001:00015bf4       _Con_Init                  00416bf4 f   console.obj
 0001:00015e91       _Con_Print                 00416e91 f   console.obj
 0001:00016161       _Con_DrawNotify            00417161 f   console.obj
 0001:000163bb       _Con_DrawConsole           004173bb f   console.obj
 0001:000168f7       _CRC_Block                 004178f7 f   crc.obj
 0001:00016933       _Cvar_VariableValue        00417933 f   cvar.obj
 0001:000169a1       _Cvar_VariableInt          004179a1 f   cvar.obj
 0001:000169b4       _Cvar_VariableString       004179b4 f   cvar.obj
 0001:000169cc       _Cvar_Get                  004179cc f   cvar.obj
 0001:00016c45       _Cvar_GetVars              00417c45 f   cvar.obj
 0001:00016c99       _Cvar_FullSet              00417c99 f   cvar.obj
 0001:00016cf6       _Cvar_SetValue             00417cf6 f   cvar.obj
 0001:00016f1d       _Cvar_SetInteger           00417f1d f   cvar.obj
 0001:00016f3f       _Cvar_Set                  00417f3f f   cvar.obj
 0001:00016f54       _Cvar_ForceSet             00417f54 f   cvar.obj
 0001:00016f69       _Cvar_Clamp                00417f69 f   cvar.obj
 0001:00016ff3       _Cvar_ClampName            00417ff3 f   cvar.obj
 0001:00017044       _Cvar_GetLatchedVars       00418044 f   cvar.obj
 0001:00017073       _Cvar_Command              00418073 f   cvar.obj
 0001:00017107       _Cvar_WriteVariables       00418107 f   cvar.obj
 0001:0001716c       _Cvar_BitInfo              0041816c f   cvar.obj
 0001:000171a5       _Cvar_Userinfo             004181a5 f   cvar.obj
 0001:000171ae       _Cvar_Serverinfo           004181ae f   cvar.obj
 0001:000171b7       _Cvar_Cheats               004181b7 f   cvar.obj
 0001:0001720d       _Cvar_Init                 0041820d f   cvar.obj
 0001:0001784a       _FS_CreatePath             0041884a f   files.obj
 0001:00017894       _FS_CopyFile               00418894 f   files.obj
 0001:00017997       _FS_CopyFiles              00418997 f   files.obj
 0001:00017a73       _FS_RemoveFiles            00418a73 f   files.obj
 0001:00017aed       _Developer_searchpath      00418aed f   files.obj
 0001:00017b32       _FS_FCloseFile             00418b32 f   files.obj
 0001:00017bc8       _FS_FOpenFile              00418bc8 f   files.obj
 0001:000180f0       _FS_FileExists             004190f0 f   files.obj
 0001:0001832a       _FS_Read                   0041932a f   files.obj
 0001:00018572       _FS_LoadFile               00419572 f   files.obj
 0001:000185d4       _FS_FreeFile               004195d4 f   files.obj
 0001:000185df       _FS_LoadPackFile           004195df f   files.obj
 0001:00018917       _FS_UnloadPackFile         00419917 f   files.obj
 0001:00018964       _FS_AddGameDirectory       00419964 f   files.obj
 0001:00018afb       _FS_Gamedir                00419afb f   files.obj
 0001:00018b0f       _FS_LoadGameConfig         00419b0f f   files.obj
 0001:00018bd4       _FS_SetGamedir             00419bd4 f   files.obj
 0001:00018d6d       _FS_ListFiles              00419d6d f   files.obj
 0001:0001909e       _FS_NextPath               0041a09e f   files.obj
 0001:000190c2       _FS_InitFilesystem         0041a0c2 f   files.obj
 0001:00019a88       _LoadPCX                   0041aa88 f   images.obj
 0001:00019c6c       _LoadTGA                   0041ac6c f   images.obj
 0001:0001a01a       _LoadJPG                   0041b01a f   images.obj
 0001:0001a2ab       _ImageExists               0041b2ab f   images.obj
 0001:0001a3b1       _WriteTGA                  0041b3b1 f   images.obj
 0001:0001a45d       _WriteJPG                  0041b45d f   images.obj
 0001:0001a585       _IN_MLookDown              0041b585 f   in_win.obj
 0001:0001a590       _IN_MLookUp                0041b590 f   in_win.obj
 0001:0001a5b3       _IN_StartupMouse           0041b5b3 f   in_win.obj
 0001:0001a60d       _IN_MouseEvent             0041b60d f   in_win.obj
 0001:0001a68a       _IN_Init                   0041b68a f   in_win.obj
 0001:0001a6d0       _IN_Shutdown               0041b6d0 f   in_win.obj
 0001:0001a7b5       _IN_Activate               0041b7b5 f   in_win.obj
 0001:0001a7cc       _IN_Frame                  0041b7cc f   in_win.obj
 0001:0001aba0       _IN_Move                   0041bba0 f   in_win.obj
 0001:0001ad6b       _IN_StartupJoystick        0041bd6b f   in_win.obj
 0001:0001ae8c       _Joy_AdvancedUpdate_f      0041be8c f   in_win.obj
 0001:0001b023       _IN_Commands               0041c023 f   in_win.obj
 0001:0001b152       _IN_ReadJoystick           0041c152 f   in_win.obj
 0001:0001b18d       _IN_JoyMove                0041c18d f   in_win.obj
 0001:0001b4dd       _Key_StringToKeynum        0041c4dd f   keys.obj
 0001:0001b527       _Key_KeynumToString        0041c527 f   keys.obj
 0001:0001b57a       _Key_Console               0041c57a f   keys.obj
 0001:0001c2c1       _Key_Message               0041d2c1 f   keys.obj
 0001:0001c352       _Key_SetBinding            0041d352 f   keys.obj
 0001:0001c3ac       _Key_Bindlist_f            0041d3ac f   keys.obj
 0001:0001c448       _Key_WriteBindings         0041d448 f   keys.obj
 0001:0001c486       _Key_Init                  0041d486 f   keys.obj
 0001:0001c75c       _Key_Event                 0041d75c f   keys.obj
 0001:0001ca3b       _Key_ClearStates           0041da3b f   keys.obj
 0001:0001ca80       _Key_ClearTyping           0041da80 f   keys.obj
 0001:0001ca99       _MD4Init                   0041da99 f   md4.obj
 0001:0001cac1       _MD4Update                 0041dac1 f   md4.obj
 0001:0001cb5f       _MD4Final                  0041db5f f   md4.obj
 0001:0001d250       _Com_BlockChecksum         0041e250 f   md4.obj
 0001:0001d28c       _Z_Free                    0041e28c f   memory.obj
 0001:0001d2e2       _Z_FreeTags                0041e2e2 f   memory.obj
 0001:0001d312       _Z_TagMalloc               0041e312 f   memory.obj
 0001:0001d383       _Z_Malloc                  0041e383 f   memory.obj
 0001:0001d3a5       _Z_BlockMalloc             0041e3a5 f   memory.obj
 0001:0001d3c0       _CreateMemoryChain         0041e3c0 f   memory.obj
 0001:0001d426       _FreeMemoryChain           0041e426 f   memory.obj
 0001:0001d450       _AllocChainBlock           0041e450 f   memory.obj
 0001:0001d49b       _CopyString                0041e49b f   memory.obj
 0001:0001d4bf       _ChainCopyString           0041e4bf f   memory.obj
 0001:0001d4e7       _AllocNamedStruc           0041e4e7 f   memory.obj
 0001:0001d522       _ChainAllocNamedStruc      0041e522 f   memory.obj
 0001:0001d561       _FindNamedStruc            0041e561 f   memory.obj
 0001:0001d5a5       _FindNamedStrucByIndex     0041e5a5 f   memory.obj
 0001:0001d5bc       _IndexOfNamedStruc         0041e5bc f   memory.obj
 0001:0001d5ea       _AddToNamedList            0041e5ea f   memory.obj
 0001:0001d634       _ChainAddToNamedList       0041e634 f   memory.obj
 0001:0001d67e       _FreeNamedList             0041e67e f   memory.obj
 0001:0001d699       _Z_Init                    0041e699 f   memory.obj
 0001:0001d6d4       _M_PushMenu                0041e6d4 f   menu.obj
 0001:0001d791       _M_ForceMenuOff            0041e791 f   menu.obj
 0001:0001d7be       _M_PopMenu                 0041e7be f   menu.obj
 0001:0001d812       _Default_MenuKey           0041e812 f   menu.obj
 0001:0001d93c       _M_Print                   0041e93c f   menu.obj
 0001:0001d987       _M_DrawTextBox             0041e987 f   menu.obj
 0001:0001db73       _M_Main_Draw               0041eb73 f   menu.obj
 0001:0001dce4       _M_Main_Key                0041ece4 f   menu.obj
 0001:0001ddc8       _M_Menu_Main_f             0041edc8 f   menu.obj
 0001:0001dde4       _M_Menu_Multiplayer_f      0041ede4 f   menu.obj
 0001:0001df69       _M_Menu_Keys_f             0041ef69 f   menu.obj
 0001:0001e443       _M_Menu_Options_f          0041f443 f   menu.obj
 0001:0001edb2       _M_Menu_Video_f            0041fdb2 f   menu.obj
 0001:0001edd3       _M_Menu_Credits_f          0041fdd3 f   menu.obj
 0001:0001efa1       _M_Menu_Game_f             0041ffa1 f   menu.obj
 0001:0001f234       _M_Menu_LoadGame_f         00420234 f   menu.obj
 0001:0001f3e1       _M_Menu_SaveGame_f         004203e1 f   menu.obj
 0001:0001f51c       _M_AddToServerList         0042051c f   menu.obj
 0001:0001f59a       _M_Menu_JoinServer_f       0042059a f   menu.obj
 0001:0001f7fe       _M_Menu_StartServer_f      004207fe f   menu.obj
 0001:00020029       _M_Menu_DMOptions_f        00421029 f   menu.obj
 0001:000207e2       _M_Menu_DownloadOptions_f  004217e2 f   menu.obj
 0001:00020a64       _M_Menu_AddressBook_f      00421a64 f   menu.obj
 0001:00021c67       _M_Init                    00422c67 f   menu.obj
 0001:00021d8b       _M_Draw                    00422d8b f   menu.obj
 0001:00021e1f       _M_Keydown                 00422e1f f   menu.obj
 0001:00021e3b       _LoadQ2BspFile             00422e3b f   model.obj
 0001:00022404       _LoadBspFile               00423404 f   model.obj
 0001:00022524       _ProcessEntstring          00423524 f   model.obj
 0001:00023347       _Netchan_Init              00424347 f   net_chan.obj
 0001:000233a7       _Netchan_OutOfBand         004243a7 f   net_chan.obj
 0001:00023407       _Netchan_OutOfBandPrint    00424407 f   net_chan.obj
 0001:00023447       _Netchan_Setup             00424447 f   net_chan.obj
 0001:000234a2       _Netchan_NeedReliable      004244a2 f   net_chan.obj
 0001:000234ce       _Netchan_Transmit          004244ce f   net_chan.obj
 0001:00023672       _Netchan_Process           00424672 f   net_chan.obj
 0001:00023799       _NetadrToSockadr           00424799 f   net_wins.obj
 0001:0002383b       _SockadrToNetadr           0042483b f   net_wins.obj
 0001:0002389e       _NET_CompareAdr            0042489e f   net_wins.obj
 0001:00023904       _NET_CompareBaseAdr        00424904 f   net_wins.obj
 0001:0002395d       _NET_AdrToString           0042495d f   net_wins.obj
 0001:00023a16       _NET_StringToSockaddr      00424a16 f   net_wins.obj
 0001:00023c4f       _NET_StringToAdr           00424c4f f   net_wins.obj
 0001:00023ca8       _NET_IsLocalAddress        00424ca8 f   net_wins.obj
 0001:00023cb4       _NET_GetLoopPacket         00424cb4 f   net_wins.obj
 0001:00023d3b       _NET_SendLoopPacket        00424d3b f   net_wins.obj
 0001:00023d87       _NET_GetPacket             00424d87 f   net_wins.obj
 0001:00023ea7       _NET_SendPacket            00424ea7 f   net_wins.obj
 0001:00023f89       _NET_IPSocket              00424f89 f   net_wins.obj
 0001:0002409f       _NET_OpenIP                0042509f f   net_wins.obj
 0001:000241c0       _NET_IPXSocket             004251c0 f   net_wins.obj
 0001:000242c2       _NET_OpenIPX               004252c2 f   net_wins.obj
 0001:000243aa       _NET_Config                004253aa f   net_wins.obj
 0001:00024422       _NET_Sleep                 00425422 f   net_wins.obj
 0001:000244ef       _NET_Init                  004254ef f   net_wins.obj
 0001:0002452b       _Pmove                     0042552b f   pmove.obj
 0001:0002606c       _NormalizeColor            0042706c f   q_shared2.obj
 0001:000260d8       _NormalizeColor255         004270d8 f   q_shared2.obj
 0001:00026148       _Q_rsqrt                   00427148 f   q_shared2.obj
 0001:00026178       _RotatePointAroundVector   00427178 f   q_shared2.obj
 0001:000262e8       _AngleVectors              004272e8 f   q_shared2.obj
 0001:00026449       _ProjectPointOnPlane       00427449 f   q_shared2.obj
 0001:000264c8       _PerpendicularVector       004274c8 f   q_shared2.obj
 0001:00026547       _MakeNormalVectors         00427547 f   q_shared2.obj
 0001:000265ae       _MatrixMultiply            004275ae f   q_shared2.obj
 0001:00026695       _R_ConcatTransforms        00427695 f   q_shared2.obj
 0001:000267cf       _SetPlaneSignbits          004277cf f   q_shared2.obj
 0001:000267ff       _LerpAngle                 004277ff f   q_shared2.obj
 0001:00026842       _anglemod                  00427842 f   q_shared2.obj
 0001:00026866       _BoxOnPlaneSide            00427866 f   q_shared2.obj
 0001:00026982       _ClearBounds               00427982 f   q_shared2.obj
 0001:000269ab       _AddPointToBounds          004279ab f   q_shared2.obj
 0001:000269e4       _VectorCompare             004279e4 f   q_shared2.obj
 0001:00026a12       _VectorNormalize           00427a12 f   q_shared2.obj
 0001:00026a66       _VectorNormalize2          00427a66 f   q_shared2.obj
 0001:00026abe       _VectorNormalizeFast       00427abe f   q_shared2.obj
 0001:00026b01       _VectorMA                  00427b01 f   q_shared2.obj
 0001:00026b30       _CrossProduct              00427b30 f   q_shared2.obj
 0001:00026b6b       _VectorLength              00427b6b f   q_shared2.obj
 0001:00026b9a       _VectorDistance            00427b9a f   q_shared2.obj
 0001:00026bcb       _VectorInverse             00427bcb f   q_shared2.obj
 0001:00026be6       _VectorScale               00427be6 f   q_shared2.obj
 0001:00026c0a       _AnglesToAxis              00427c0a f   q_shared2.obj
 0001:00026c4f       _COM_StripExtension        00427c4f f   q_shared2.obj
 0001:00026c70       _COM_FilePath              00427c70 f   q_shared2.obj
 0001:00026ca6       _ShortSwap                 00427ca6 f   q_shared2.obj
 0001:00026cbb       _va                        00427cbb f   q_shared2.obj
 0001:00026d08       _COM_ParseExt              00427d08 f   q_shared2.obj
 0001:00026e03       _Com_PageInMemory          00427e03 f   q_shared2.obj
 0001:00026e22       _Q_stricmp                 00427e22 f   q_shared2.obj
 0001:00026e33       _Q_strncasecmp             00427e33 f   q_shared2.obj
 0001:00026e8b       _Q_strcasecmp              00427e8b f   q_shared2.obj
 0001:00026ea1       _Q_strncpyz                00427ea1 f   q_shared2.obj
 0001:00026ec5       _Q_strncpylower            00427ec5 f   q_shared2.obj
 0001:00026eff       _Q_CopyFilename            00427eff f   q_shared2.obj
 0001:00026f99       _Com_sprintf               00427f99 f   q_shared2.obj
 0001:00026fde       _Info_ValueForKey          00427fde f   q_shared2.obj
 0001:00027069       _Info_RemoveKey            00428069 f   q_shared2.obj
 0001:000270ef       _Info_SetValueForKey       004280ef f   q_shared2.obj
 0001:0002722d       _Field_Draw                0042822d f   qmenu.obj
 0001:00027441       _Field_Key                 00428441 f   qmenu.obj
 0001:000276aa       _Menu_AddItem              004286aa f   qmenu.obj
 0001:000276df       _Menu_AdjustCursor         004286df f   qmenu.obj
 0001:0002781e       _Menu_Center               0042881e f   qmenu.obj
 0001:00027856       _Menu_DrawDotsItem         00428856 f   qmenu.obj
 0001:000278bb       _Menu_Draw                 004288bb f   qmenu.obj
 0001:00027b6c       _Menu_ItemAtCursor         00428b6c f   qmenu.obj
 0001:00027b84       _Menu_SelectItem           00428b84 f   qmenu.obj
 0001:00027bc6       _Menu_SetStatusBar         00428bc6 f   qmenu.obj
 0001:00027bd5       _Menu_SlideItem            00428bd5 f   qmenu.obj
 0001:00027c25       _Menu_TallySlots           00428c25 f   qmenu.obj
 0001:000280d5       _S_SoundInfo_f             004290d5 f   snd_dma.obj
 0001:0002815f       _S_ReadModelsSex           0042915f f   snd_dma.obj
 0001:00028248       _S_IsFemale                00429248 f   snd_dma.obj
 0001:000282d6       _S_Init                    004292d6 f   snd_dma.obj
 0001:000283a9       _S_Shutdown                004293a9 f   snd_dma.obj
 0001:00028433       _S_FindName                00429433 f   snd_dma.obj
 0001:0002851f       _S_AliasName               0042951f f   snd_dma.obj
 0001:000285ab       _S_BeginRegistration       004295ab f   snd_dma.obj
 0001:000285bc       _S_RegisterSound           004295bc f   snd_dma.obj
 0001:00028622       _S_EndRegistration         00429622 f   snd_dma.obj
 0001:000286b5       _S_PickChannel             004296b5 f   snd_dma.obj
 0001:0002874c       _S_SpatializeOrigin        0042974c f   snd_dma.obj
 0001:00028869       _S_Spatialize              00429869 f   snd_dma.obj
 0001:000288d7       _S_AllocPlaysound          004298d7 f   snd_dma.obj
 0001:000288f6       _S_FreePlaysound           004298f6 f   snd_dma.obj
 0001:00028926       _S_IssuePlaysound          00429926 f   snd_dma.obj
 0001:000289e4       _S_RegisterSexedSound      004299e4 f   snd_dma.obj
 0001:00028ac8       _S_StartSound              00429ac8 f   snd_dma.obj
 0001:00028c5e       _S_StartLocalSound         00429c5e f   snd_dma.obj
 0001:00028cad       _S_ClearBuffer             00429cad f   snd_dma.obj
 0001:00028d05       _S_StopAllSounds           00429d05 f   snd_dma.obj
 0001:00028d80       _S_AddLoopSounds           00429d80 f   snd_dma.obj
 0001:00028f55       _S_RawSamples              00429f55 f   snd_dma.obj
 0001:00029159       _S_Update                  0042a159 f   snd_dma.obj
 0001:00029280       _GetSoundtime              0042a280 f   snd_dma.obj
 0001:000292e7       _S_Update_                 0042a2e7 f   snd_dma.obj
 0001:0002937d       _S_Play                    0042a37d f   snd_dma.obj
 0001:0002942d       _S_SoundList               0042a42d f   snd_dma.obj
 0001:000294ee       _ResampleSfx               0042a4ee f   snd_mem.obj
 0001:000295f2       _S_LoadSound               0042a5f2 f   snd_mem.obj
 0001:00029718       _GetLittleShort            0042a718 f   snd_mem.obj
 0001:00029735       _GetLittleLong             0042a735 f   snd_mem.obj
 0001:00029763       _FindNextChunk             0042a763 f   snd_mem.obj
 0001:000297bf       _GetWavinfo                0042a7bf f   snd_mem.obj
 0001:00029992       _S_WriteLinearBlastStereo16 0042a992 f   snd_mix.obj
 0001:00029a06       _S_TransferStereo16        0042aa06 f   snd_mix.obj
 0001:00029a6f       _S_TransferPaintBuffer     0042aa6f f   snd_mix.obj
 0001:00029bcb       _S_PaintChannels           0042abcb f   snd_mix.obj
 0001:00029df0       _S_InitScaletable          0042adf0 f   snd_mix.obj
 0001:00029e43       _S_PaintChannelFrom8       0042ae43 f   snd_mix.obj
 0001:00029f45       _S_PaintChannelFrom16      0042af45 f   snd_mix.obj
 0001:00029fb0       _FreeSound                 0042afb0 f   snd_win.obj
 0001:0002a0c0       _SNDDMA_InitDirect         0042b0c0 f   snd_win.obj
 0001:0002a58f       _SNDDMA_Init               0042b58f f   snd_win.obj
 0001:0002a60b       _SNDDMA_GetDMAPos          0042b60b f   snd_win.obj
 0001:0002a655       _SNDDMA_BeginPainting      0042b655 f   snd_win.obj
 0001:0002a757       _SNDDMA_Submit             0042b757 f   snd_win.obj
 0001:0002a77c       _SNDDMA_Shutdown           0042b77c f   snd_win.obj
 0001:0002a781       _S_Activate                0042b781 f   snd_win.obj
 0001:0002a7ac       _SV_SetMaster_f            0042b7ac f   sv_ccmds.obj
 0001:0002a8be       _SV_WipeSavegame           0042b8be f   sv_ccmds.obj
 0001:0002a8ec       _SV_CopySaveGame           0042b8ec f   sv_ccmds.obj
 0001:0002a941       _SV_WriteLevelFile         0042b941 f   sv_ccmds.obj
 0001:0002a9ef       _SV_ReadLevelFile          0042b9ef f   sv_ccmds.obj
 0001:0002aa9d       _SV_WriteServerFile        0042ba9d f   sv_ccmds.obj
 0001:0002acee       _SV_ReadServerFile         0042bcee f   sv_ccmds.obj
 0001:0002ae08       _SV_DemoMap_f              0042be08 f   sv_ccmds.obj
 0001:0002ae40       _SV_GameMap_f              0042be40 f   sv_ccmds.obj
 0001:0002afb0       _SV_Map_f                  0042bfb0 f   sv_ccmds.obj
 0001:0002b01d       _SV_Loadgame_f             0042c01d f   sv_ccmds.obj
 0001:0002b122       _SV_Savegame_f             0042c122 f   sv_ccmds.obj
 0001:0002b227       _SV_AddressBanned          0042c227 f   sv_ccmds.obj
 0001:0002b269       _SV_InitOperatorCommands   0042c269 f   sv_ccmds.obj
 0001:0002bc08       _SV_EmitPacketEntities     0042cc08 f   sv_ents.obj
 0001:0002bd76       _SV_WritePlayerstateToClient 0042cd76 f   sv_ents.obj
 0001:0002c234       _SV_WriteFrameToClient     0042d234 f   sv_ents.obj
 0001:0002c2f0       _SV_FatPVS                 0042d2f0 f   sv_ents.obj
 0001:0002c41d       _SV_BuildClientFrame       0042d41d f   sv_ents.obj
 0001:0002c6e8       _SV_RecordDemoMessage      0042d6e8 f   sv_ents.obj
 0001:0002c807       _SV_ShutdownGameProgs      0042d807 f   sv_game.obj
 0001:0002c820       _SV_InitGameProgs          0042d820 f   sv_game.obj
 0001:0002d0cb       _SV_FindIndex              0042e0cb f   sv_init.obj
 0001:0002d192       _SV_ModelIndex             0042e192 f   sv_init.obj
 0001:0002d1a8       _SV_SoundIndex             0042e1a8 f   sv_init.obj
 0001:0002d1c1       _SV_ImageIndex             0042e1c1 f   sv_init.obj
 0001:0002d1da       _SV_CreateBaseline         0042e1da f   sv_init.obj
 0001:0002d23d       _SV_CheckForSavegame       0042e23d f   sv_init.obj
 0001:0002d2c5       _SV_SpawnServer            0042e2c5 f   sv_init.obj
 0001:0002d542       _SV_InitGame               0042e542 f   sv_init.obj
 0001:0002d72d       _SV_Map                    0042e72d f   sv_init.obj
 0001:0002d924       _SV_DropClient             0042e924 f   sv_main.obj
 0001:0002d999       _SV_StatusString           0042e999 f   sv_main.obj
 0001:0002da78       _SVC_Status                0042ea78 f   sv_main.obj
 0001:0002daa1       _SVC_Ack                   0042eaa1 f   sv_main.obj
 0001:0002daba       _SVC_Info                  0042eaba f   sv_main.obj
 0001:0002db7b       _SVC_GetChallenge          0042eb7b f   sv_main.obj
 0001:0002dc23       _SVC_DirectConnect         0042ec23 f   sv_main.obj
 0001:0002e07d       _Rcon_Validate             0042f07d f   sv_main.obj
 0001:0002e0ae       _SVC_RemoteCommand         0042f0ae f   sv_main.obj
 0001:0002e180       _SV_ConnectionlessPacket   0042f180 f   sv_main.obj
 0001:0002e2bc       _SV_CalcPings              0042f2bc f   sv_main.obj
 0001:0002e343       _SV_GiveMsec               0042f343 f   sv_main.obj
 0001:0002e382       _SV_ReadPackets            0042f382 f   sv_main.obj
 0001:0002e498       _SV_CheckTimeouts          0042f498 f   sv_main.obj
 0001:0002e53e       _SV_PostprocessFrame       0042f53e f   sv_main.obj
 0001:0002e969       _SV_Frame                  0042f969 f   sv_main.obj
 0001:0002eac2       _Master_Heartbeat          0042fac2 f   sv_main.obj
 0001:0002eb66       _Master_Shutdown           0042fb66 f   sv_main.obj
 0001:0002ebd9       _SV_UserinfoChanged        0042fbd9 f   sv_main.obj
 0001:0002ec9c       _SV_Init                   0042fc9c f   sv_main.obj
 0001:0002ecff       _SV_Shutdown               0042fcff f   sv_main.obj
 0001:0002ee5a       _SV_FlushRedirect          0042fe5a f   sv_send.obj
 0001:0002eecc       _SV_ClientPrintf           0042fecc f   sv_send.obj
 0001:0002ef22       _SV_BroadcastPrintf        0042ff22 f   sv_send.obj
 0001:0002eff3       _SV_BroadcastCommand       0042fff3 f   sv_send.obj
 0001:0002f045       _SV_Multicast              00430045 f   sv_send.obj
 0001:0002f1f0       _SV_MulticastOld           004301f0 f   sv_send.obj
 0001:0002f203       _SV_StartSound             00430203 f   sv_send.obj
 0001:0002f45d       _SV_StartSoundOld          0043045d f   sv_send.obj
 0001:0002f48d       _SV_StartSoundNew          0043048d f   sv_send.obj
 0001:0002f4bd       _SV_SendClientDatagram     004304bd f   sv_send.obj
 0001:0002f5ac       _SV_DemoCompleted          004305ac f   sv_send.obj
 0001:0002f5c8       _SV_RateDrop               004305c8 f   sv_send.obj
 0001:0002f613       _SV_SendClientMessages     00430613 f   sv_send.obj
 0001:0002f766       _SV_BeginDemoserver        00430766 f   sv_user.obj
 0001:0002f7b6       _SV_New_f                  004307b6 f   sv_user.obj
 0001:0002f92b       _SV_Configstrings_f        0043092b f   sv_user.obj
 0001:0002fa8f       _SV_Baselines_f            00430a8f f   sv_user.obj
 0001:0002fc07       _SV_Begin_f                00430c07 f   sv_user.obj
 0001:0002fc64       _SV_NextDownload_f         00430c64 f   sv_user.obj
 0001:0002fd38       _SV_BeginDownload_f        00430d38 f   sv_user.obj
 0001:0002ff6f       _SV_Disconnect_f           00430f6f f   sv_user.obj
 0001:0002ff7f       _SV_ShowServerinfo_f       00430f7f f   sv_user.obj
 0001:0002ff8c       _SV_Nextserver             00430f8c f   sv_user.obj
 0001:0002ffeb       _SV_Nextserver_f           00430feb f   sv_user.obj
 0001:00030032       _SV_ExecuteUserCommand     00431032 f   sv_user.obj
 0001:0003009f       _SV_ClientThink            0043109f f   sv_user.obj
 0001:000300e2       _SV_ExecuteClientMessage   004310e2 f   sv_user.obj
 0001:00030313       _SV_ClearWorld             00431313 f   sv_world.obj
 0001:00030477       _SV_UnlinkEdict            00431477 f   sv_world.obj
 0001:000304da       _SV_LinkEdict              004314da f   sv_world.obj
 0001:00030a97       _SV_AreaEdicts             00431a97 f   sv_world.obj
 0001:00030c08       _SV_PointContents          00431c08 f   sv_world.obj
 0001:00030cf3       _SV_ClipMoveToEntities     00431cf3 f   sv_world.obj
 0001:00031058       _SV_Trace                  00432058 f   sv_world.obj
 0001:000310e4       _Sys_Error                 004320e4 f   sys_win.obj
 0001:00031144       _Sys_Quit                  00432144 f   sys_win.obj
 0001:00031184       _Sys_ScanForCD             00432184 f   sys_win.obj
 0001:00031220       _Sys_Init                  00432220 f   sys_win.obj
 0001:0003163f       _Sys_ConsoleInput          0043263f f   sys_win.obj
 0001:0003179f       _Sys_ConsoleOutput         0043279f f   sys_win.obj
 0001:00031850       _Sys_SendKeyEvents         00432850 f   sys_win.obj
 0001:000318b9       _Sys_GetClipboardData      004328b9 f   sys_win.obj
 0001:00031912       _Sys_AppActivate           00432912 f   sys_win.obj
 0001:0003192d       _Sys_UnloadGame            0043292d f   sys_win.obj
 0001:00031952       _Sys_GetGameAPI            00432952 f   sys_win.obj
 0001:00031a3f       _ParseCommandLine          00432a3f f   sys_win.obj
 0001:00031ab4       _WinMain@16                00432ab4 f   sys_win.obj
 0001:00031bf1       _AppActivate               00432bf1 f   vid_dll.obj
 0001:00031d26       _Vid_CreateWindow          00432d26 f   vid_dll.obj
 0001:0003230b       _Vid_DestroyWindow         0043330b f   vid_dll.obj
 0001:00032354       _Vid_GetModeInfo           00433354 f   vid_dll.obj
 0001:00032383       _Vid_UpdateWindowPosAndSize 00433383 f   vid_dll.obj
 0001:000323ea       _Vid_FreeReflib            004333ea f   vid_dll.obj
 0001:0003242b       _Vid_CheckChanges          0043342b f   vid_dll.obj
 0001:000327e2       _Vid_Init                  004337e2 f   vid_dll.obj
 0001:00032853       _Vid_Shutdown              00433853 f   vid_dll.obj
 0001:00032881       _Vid_MenuInit              00433881 f   vid_menu.obj
 0001:00032fbc       _Vid_MenuDraw              00433fbc f   vid_menu.obj
 0001:00033050       _Vid_MenuKey               00434050 f   vid_menu.obj
 0001:00033388       _TesselateText             00434388 f   gl_backend.obj
 0001:00034eb5       _GL_BackEnd                00435eb5 f   gl_backend.obj
 0001:0003653c       _GL_InitBackend            0043753c f   gl_backend.obj
 0001:00036639       _GL_ShutdownBackend        00437639 f   gl_backend.obj
 0001:00036686       _GL_TextureMode            00437686 f   gl_image.obj
 0001:00036735       _GL_CreateImage            00437735 f   gl_image.obj
 0001:000374cb       _GL_SetRawPalette          004384cb f   gl_image.obj
 0001:000374fc       _GL_DrawStretchRaw         004384fc f   gl_image.obj
 0001:000377b7       _GL_SetupGamma             004387b7 f   gl_image.obj
 0001:00037957       _GL_PerformScreenshot      00438957 f   gl_image.obj
 0001:00037b76       _GL_InitImages             00438b76 f   gl_image.obj
 0001:0003805a       _GL_ShutdownImages         0043905a f   gl_image.obj
 0001:000380c9       _GL_ShowImages             004390c9 f   gl_image.obj
 0001:000382ff       _GL_FindImage              004392ff f   gl_image.obj
 0001:000386da       _GL_Lock                   004396da f   gl_interface.obj
 0001:00038757       _GL_Unlock                 00439757 f   gl_interface.obj
 0001:000388e0       _GL_Bind                   004398e0 f   gl_interface.obj
 0001:000389d3       _GL_BindForce              004399d3 f   gl_interface.obj
 0001:00038a1f       _GL_TexEnv                 00439a1f f   gl_interface.obj
 0001:00038b9c       _GL_TexEnvColor            00439b9c f   gl_interface.obj
 0001:00038c48       _GL_SelectTexture          00439c48 f   gl_interface.obj
 0001:00038ca6       _GL_TexCoordPointer        00439ca6 f   gl_interface.obj
 0001:00038cd5       _GL_SetMultitexture        00439cd5 f   gl_interface.obj
 0001:00038dad       _GL_DisableTexCoordArrays  00439dad f   gl_interface.obj
 0001:00038e06       _GL_CullFace               00439e06 f   gl_interface.obj
 0001:00038e57       _GL_DepthRange             00439e57 f   gl_interface.obj
 0001:00038e8a       _GL_State                  00439e8a f   gl_interface.obj
 0001:00038fe3       _GL_EnableFog              00439fe3 f   gl_interface.obj
 0001:000390e7       _GL_SetDefaultState        0043a0e7 f   gl_interface.obj
 0001:00039206       _GL_Set2DMode              0043a206 f   gl_interface.obj
 0001:00039304       _GL_Setup                  0043a304 f   gl_interface.obj
 0001:0003943d       _GL_ShowLights             0043a43d f   gl_light.obj
 0001:000396fa       _GL_LightForEntity         0043a6fa f   gl_light.obj
 0001:0003a8c8       _GL_ApplyEntitySpherelights 0043b8c8 f   gl_light.obj
 0001:0003aa60       _LM_Init                   0043ba60 f   gl_lightmap.obj
 0001:0003aa76       _LM_Flush                  0043ba76 f   gl_lightmap.obj
 0001:0003aad4       _LM_Done                   0043bad4 f   gl_lightmap.obj
 0001:0003aafb       _LM_Save                   0043bafb f   gl_lightmap.obj
 0001:0003ab15       _LM_Restore                0043bb15 f   gl_lightmap.obj
 0001:0003ab2f       _LM_NewBlock               0043bb2f f   gl_lightmap.obj
 0001:0003aba8       _LM_Rewind                 0043bba8 f   gl_lightmap.obj
 0001:0003abb0       _LM_NextBlock              0043bbb0 f   gl_lightmap.obj
 0001:0003abe1       _LM_AllocBlock             0043bbe1 f   gl_lightmap.obj
 0001:0003ac94       _LM_PutBlock               0043bc94 f   gl_lightmap.obj
 0001:0003ae29       _LM_SortLightStyles        0043be29 f   gl_lightmap.obj
 0001:0003aeb7       _GL_UpdateDynamicLightmap  0043beb7 f   gl_lightmap.obj
 0001:0003b398       _GL_DrawStretchPic         0043c398 f   gl_main.obj
 0001:0003b454       _DrawTextLeft              0043c454 f   gl_main.obj
 0001:0003b55f       _DrawTextRight             0043c55f f   gl_main.obj
 0001:0003b5b0       _GL_GetRefAPI              0043c5b0 f   gl_main.obj
 0001:0003cdd4       _GL_InitFuncTables         0043ddd4 f   gl_math.obj
 0001:0003cf7e       _ModelToWorldCoord         0043df7e f   gl_math.obj
 0001:0003cfd2       _WorldToModelCoord         0043dfd2 f   gl_math.obj
 0001:0003d019       _GL_FindModel              0043e019 f   gl_model.obj
 0001:0003d194       _GL_LoadWorldMap           0043e194 f   gl_model.obj
 0001:0003f0d7       _GL_PointInLeaf            004400d7 f   gl_model.obj
 0001:0003f9fc       _ATAN2_FUNC                004409fc f i gl_model.obj
 0001:0003fb95       _GL_FindSkin               00440b95 f   gl_model.obj
 0001:0003fceb       _GL_ResetModels            00440ceb f   gl_model.obj
 0001:0003fdb5       _GL_InitModels             00440db5 f   gl_model.obj
 0001:0003fe22       _GL_ShutdownModels         00440e22 f   gl_model.obj
 0001:0003fe38       _SubdividePlane            00440e38 f   gl_poly.obj
 0001:00040288       _FreeSubdividedPlane       00441288 f   gl_poly.obj
 0001:000402a0       _GetSubdivideIndexes       004412a0 f   gl_poly.obj
 0001:000402f3       _RemoveCollinearPoints     004412f3 f   gl_poly.obj
 0001:00040407       _GetPolyArea               00441407 f   gl_poly.obj
 0001:0004049b       _GL_InitShaders            0044149b f   gl_shader.obj
 0001:000405c4       _GL_ShutdownShaders        004415c4 f   gl_shader.obj
 0001:000405ee       _GL_SetShaderLightmap      004415ee f   gl_shader.obj
 0001:000409b5       _GL_SetShaderLightstyles   004419b5 f   gl_shader.obj
 0001:00040a51       _GL_GetAlphaShader         00441a51 f   gl_shader.obj
 0001:00040d08       _GL_FindShader             00441d08 f   gl_shader.obj
 0001:00041246       _GL_GetShaderByNum         00442246 f   gl_shader.obj
 0001:00041264       _GL_ResetShaders           00442264 f   gl_shader.obj
 0001:000414ae       _GL_ClearSkyBox            004424ae f   gl_sky.obj
 0001:000414d1       _GL_ShowWholeSky           004424d1 f   gl_sky.obj
 0001:000414f9       _GL_AddSkySurface          004424f9 f   gl_sky.obj
 0001:00041aeb       _GL_TesselateSkySide       00442aeb f   gl_sky.obj
 0001:00041dae       _GL_AddEntity              00442dae f   gl_world.obj
 0001:00042199       _GL_AddDlight              00443199 f   gl_world.obj
 0001:00042370       _GL_DrawPortal             00443370 f   gl_world.obj
 0001:00044226       _GLimp_SetMode             00445226 f   glw_imp.obj
 0001:000444c8       _GLimp_HasGamma            004454c8 f   glw_imp.obj
 0001:000444dd       _GLimp_SetGamma            004454dd f   glw_imp.obj
 0001:00044674       _GLimp_Shutdown            00445674 f   glw_imp.obj
 0001:00044781       _GLimp_Init                00445781 f   glw_imp.obj
 0001:00044ac5       _GLimp_EndFrame            00445ac5 f   glw_imp.obj
 0001:00044b61       _GLimp_AppActivate         00445b61 f   glw_imp.obj
 0001:00046541       _QGL_Shutdown              00447541 f   qgl_win.obj
 0001:00046573       _QGL_Init                  00447573 f   qgl_win.obj
 0001:000465f7       _QGL_InitExtensions        004475f7 f   qgl_win.obj
 0001:00046925       _QGL_EnableLogging         00447925 f   qgl_win.obj
 0001:000469f0       _QGL_LogMessage            004479f0 f   qgl_win.obj
 0001:00046a07       _GL_AllocDynamicMemory     00447a07 f   gl_buffers.obj
 0001:00046a75       _GL_ResizeDynamicMemory    00447a75 f   gl_buffers.obj
 0001:00046ac7       _GL_AddSurfaceToPortal     00447ac7 f   gl_buffers.obj
 0001:00046b2a       _GL_AddDynamicSurface      00447b2a f   gl_buffers.obj
 0001:00046b52       _GL_InsertShaderIndex      00447b52 f   gl_buffers.obj
 0001:00046b9e       _GL_ClearPortal            00447b9e f   gl_buffers.obj
 0001:00046bba       _GL_FinishPortal           00447bba f   gl_buffers.obj
 0001:00046c10       _GL_SortSurfaces           00447c10 f   gl_buffers.obj
 0001:00046dab       _GL_ClearBuffers           00447dab f   gl_buffers.obj
 0001:00046dc2       _Hunk_Begin                00447dc2 f   q_shwin.obj
 0001:00046dfc       _Hunk_Alloc                00447dfc f   q_shwin.obj
 0001:00046e83       _Hunk_End                  00447e83 f   q_shwin.obj
 0001:00046e89       _Hunk_Free                 00447e89 f   q_shwin.obj
 0001:00046ea2       _Sys_Milliseconds          00447ea2 f   q_shwin.obj
 0001:00046ed6       _Sys_Mkdir                 00447ed6 f   q_shwin.obj
 0001:00046ee2       _Sys_FindFirst             00447ee2 f   q_shwin.obj
 0001:00046ffc       _Sys_FindNext              00447ffc f   q_shwin.obj
 0001:0004706e       _Sys_FindClose             0044806e f   q_shwin.obj
 0001:00047088       _R_Alias_clip_z            00448088 f   r_aclip.obj
 0001:00047135       _R_Alias_clip_left         00448135 f   r_aclip.obj
 0001:00047303       _R_Alias_clip_right        00448303 f   r_aclip.obj
 0001:000474d1       _R_Alias_clip_top          004484d1 f   r_aclip.obj
 0001:000476a1       _R_Alias_clip_bottom       004486a1 f   r_aclip.obj
 0001:00047871       _R_AliasClip               00448871 f   r_aclip.obj
 0001:00047941       _R_AliasClipTriangle       00448941 f   r_aclip.obj
 0001:00047b33       _R_AliasCheckFrameBBox     00448b33 f   r_alias.obj
 0001:00047c66       _R_AliasCheckBBox          00448c66 f   r_alias.obj
 0001:00047cca       _R_AliasTransformVector    00448cca f   r_alias.obj
 0001:00047d26       _R_AliasPreparePoints      00448d26 f   r_alias.obj
 0001:00047fbe       _R_AliasSetUpTransform     00448fbe f   r_alias.obj
 0001:0004814d       _R_AliasTransformFinalVerts 0044914d f   r_alias.obj
 0001:0004831e       _R_AliasProjectAndClipTestFinalVert 0044931e f   r_alias.obj
 0001:000483a6       _R_AliasSetupLighting      004493a6 f   r_alias.obj
 0001:00048510       _R_AliasSetupFrames        00449510 f   r_alias.obj
 0001:00048584       _R_AliasSetUpLerpData      00449584 f   r_alias.obj
 0001:000486ac       _R_AliasDrawModel          004496ac f   r_alias.obj
 0001:00048933       _R_EntityRotate            00449933 f   r_bsp.obj
 0001:000489b4       _R_RotateBmodel            004499b4 f   r_bsp.obj
 0001:00048b0f       _R_RecursiveClipBPoly      00449b0f f   r_bsp.obj
 0001:00048e3f       _R_DrawSolidClippedSubmodelPolygons 00449e3f f   r_bsp.obj
 0001:00048fc6       _R_DrawSubmodelPolygons    00449fc6 f   r_bsp.obj
 0001:00049056       _R_RecursiveWorldNode      0044a056 f   r_bsp.obj
 0001:000492b1       _R_RenderWorld             0044a2b1 f   r_bsp.obj
 0001:00049320       _Draw_FindPic              0044a320 f   r_draw.obj
 0001:00049363       _Draw_InitLocal            0044a363 f   r_draw.obj
 0001:00049374       _Draw_Char                 0044a374 f   r_draw.obj
 0001:00049455       _Draw_CharColor            0044a455 f   r_draw.obj
 0001:00049564       _R_DrawTexts               0044a564 f   r_draw.obj
 0001:000495da       _DrawText_Pos              0044a5da f   r_draw.obj
 0001:000496e6       _DrawText_Left             0044a6e6 f   r_draw.obj
 0001:00049722       _DrawText_Right            0044a722 f   r_draw.obj
 0001:00049771       _Draw_GetPicSize           0044a771 f   r_draw.obj
 0001:000497b1       _Draw_StretchPicImplementation 0044a7b1 f   r_draw.obj
 0001:000498db       _Draw_StretchPic           0044a8db f   r_draw.obj
 0001:00049913       _Draw_StretchRaw           0044a913 f   r_draw.obj
 0001:00049945       _Draw_Pic                  0044a945 f   r_draw.obj
 0001:00049afe       _Draw_PicColor             0044aafe f   r_draw.obj
 0001:00049cb7       _Draw_TileClear            0044acb7 f   r_draw.obj
 0001:00049d87       _Draw_Fill                 0044ad87 f   r_draw.obj
 0001:00049e23       _Draw_Fade                 0044ae23 f   r_draw.obj
 0001:00049e85       _R_BeginEdgeFrame          0044ae85 f   r_edge.obj
 0001:00049f41       _R_InsertNewEdges          0044af41 f   r_edge.obj
 0001:00049f87       _R_RemoveEdges             0044af87 f   r_edge.obj
 0001:00049fa5       _R_StepActiveU             0044afa5 f   r_edge.obj
 0001:0004a039       _R_CleanupSpan             0044b039 f   r_edge.obj
 0001:0004a089       _R_LeadingEdgeBackwards    0044b089 f   r_edge.obj
 0001:0004a11e       _R_TrailingEdge            0044b11e f   r_edge.obj
 0001:0004a182       _R_LeadingEdge             0044b182 f   r_edge.obj
 0001:0004a325       _R_GenerateSpans           0044b325 f   r_edge.obj
 0001:0004a393       _R_GenerateSpansBackward   0044b393 f   r_edge.obj
 0001:0004a401       _R_ScanEdges               0044b401 f   r_edge.obj
 0001:0004a5d8       _D_FlatFillSurface         0044b5d8 f   r_edge.obj
 0001:0004a632       _D_CalcGradients           0044b632 f   r_edge.obj
 0001:0004a849       _D_BackgroundSurf          0044b849 f   r_edge.obj
 0001:0004a889       _D_TurbulentSurf           0044b889 f   r_edge.obj
 0001:0004a9ab       _D_SkySurf                 0044b9ab f   r_edge.obj
 0001:0004aa2c       _D_SolidSurf               0044ba2c f   r_edge.obj
 0001:0004ab97       _D_DrawflatSurfaces        0044bb97 f   r_edge.obj
 0001:0004abe7       _D_DrawSurfaces            0044bbe7 f   r_edge.obj
 0001:0004ace5       _R_ImageList_f             0044bce5 f   r_image.obj
 0001:0004ada6       _R_FindFreeImage           0044bda6 f   r_image.obj
 0001:0004adf4       _R_LoadPic                 0044bdf4 f   r_image.obj
 0001:0004ae84       _R_LoadTex                 0044be84 f   r_image.obj
 0001:0004af10       _R_LoadWal                 0044bf10 f   r_image.obj
 0001:0004af66       _R_MipMap                  0044bf66 f   r_image.obj
 0001:0004b094       _R_DownsampleImage         0044c094 f   r_image.obj
 0001:0004b199       _R_FindImage               0044c199 f   r_image.obj
 0001:0004b53e       _R_RegisterSkin            0044c53e f   r_image.obj
 0001:0004b54c       _R_FreeUnusedImages        0044c54c f   r_image.obj
 0001:0004b5ac       _R_InitImages              0044c5ac f   r_image.obj
 0001:0004b612       _R_ShutdownImages          0044c612 f   r_image.obj
 0001:0004b64f       _R_MarkLights              0044c64f f   r_light.obj
 0001:0004b71e       _R_PushDlights             0044c71e f   r_light.obj
 0001:0004b77c       _RecursiveLightPoint       0044c77c f   r_light.obj
 0001:0004ba2b       _R_LightPoint              0044ca2b f   r_light.obj
 0001:0004bb42       _R_AddDynamicLights        0044cb42 f   r_light.obj
 0001:0004bddc       _R_BuildLightMap           0044cddc f   r_light.obj
 0001:0004bed2       _R_InitTextures            0044ced2 f   r_main.obj
 0001:0004bf93       _R_InitTurb                0044cf93 f   r_main.obj
 0001:0004c010       _R_Register                0044d010 f   r_main.obj
 0001:0004c078       _R_Init                    0044d078 f   r_main.obj
 0001:0004c109       _R_Shutdown                0044d109 f   r_main.obj
 0001:0004c17e       _R_NewMap                  0044d17e f   r_main.obj
 0001:0004c228       _R_MarkLeaves              0044d228 f   r_main.obj
 0001:0004c34f       _R_DrawEntitiesOnList      0044d34f f   r_main.obj
 0001:0004c55e       _R_BmodelCheckBBox         0044d55e f   r_main.obj
 0001:0004c610       _R_FindTopnode             0044d610 f   r_main.obj
 0001:0004c698       _RotatedBBox               0044d698 f   r_main.obj
 0001:0004c7f7       _R_DrawBEntitiesOnList     0044d7f7 f   r_main.obj
 0001:0004ca0f       _R_EdgeDrawing             0044da0f f   r_main.obj
 0001:0004cae4       _R_CalcPalette             0044dae4 f   r_main.obj
 0001:0004cbe9       _R_SetLightLevel           0044dbe9 f   r_main.obj
 0001:0004cc39       _R_RenderFrame             0044dc39 f   r_main.obj
 0001:0004ce2a       _R_InitGraphics            0044de2a f   r_main.obj
 0001:0004cea0       _R_BeginFrame              0044dea0 f   r_main.obj
 0001:0004cfc3       _R_GammaCorrectAndSetPalette 0044dfc3 f   r_main.obj
 0001:0004d022       _R_CinematicSetPalette     0044e022 f   r_main.obj
 0001:0004d0b9       _Draw_BuildGammaTable      0044e0b9 f   r_main.obj
 0001:0004d164       _R_DrawBeam                0044e164 f   r_main.obj
 0001:0004d2ca       _R_SetSky                  0044e2ca f   r_main.obj
 0001:0004d345       _Draw_GetPalette           0044e345 f   r_main.obj
 0001:0004d48d       _Draw_ConCharColor         0044e48d f   r_main.obj
 0001:0004d4ae       _GetRefAPI                 0044e4ae f   r_main.obj
 0001:0004d6f6       _D_ViewChanged             0044e6f6 f   r_misc.obj
 0001:0004d852       _R_PrintTimes              0044e852 f   r_misc.obj
 0001:0004d8cc       _R_PrintDSpeeds            0044e8cc f   r_misc.obj
 0001:0004d993       _R_PrintAliasStats         0044e993 f   r_misc.obj
 0001:0004d9a6       _R_TransformFrustum        0044e9a6 f   r_misc.obj
 0001:0004da6e       _TransformVector           0044ea6e f   r_misc.obj
 0001:0004dad9       _R_SetUpFrustumIndexes     0044ead9 f   r_misc.obj
 0001:0004db3e       _R_ViewChanged             0044eb3e f   r_misc.obj
 0001:0004de4d       _R_SetupFrame              0044ee4d f   r_misc.obj
 0001:0004e039       _WritePCXfile              0044f039 f   r_misc.obj
 0001:0004e15b       _R_ScreenShot              0044f15b f   r_misc.obj
 0001:0004e26a       _Mod_Modellist_f           0044f26a f   r_model.obj
 0001:0004e2c8       _Mod_Init                  0044f2c8 f   r_model.obj
 0001:0004e2e0       _Mod_ForName               0044f2e0 f   r_model.obj
 0001:0004e51c       _Mod_PointInLeaf           0044f51c f   r_model.obj
 0001:0004e57e       _Mod_DecompressVis         0044f57e f   r_model.obj
 0001:0004e5fe       _Mod_ClusterPVS            0044f5fe f   r_model.obj
 0001:0004e62b       _Mod_LoadLighting          0044f62b f   r_model.obj
 0001:0004e6aa       _R_NumberLeafs             0044f6aa f   r_model.obj
 0001:0004e6f8       _Mod_LoadVertexes          0044f6f8 f   r_model.obj
 0001:0004e73a       _Mod_LoadEdges             0044f73a f   r_model.obj
 0001:0004e788       _Mod_LoadTexinfo           0044f788 f   r_model.obj
 0001:0004e8f0       _CalcSurfaceExtents        0044f8f0 f   r_model.obj
 0001:0004ea85       _Mod_LoadFaces             0044fa85 f   r_model.obj
 0001:0004ebec       _Mod_SetParent             0044fbec f   r_model.obj
 0001:0004ec11       _Mod_LoadNodes             0044fc11 f   r_model.obj
 0001:0004ed07       _Mod_LoadLeafs             0044fd07 f   r_model.obj
 0001:0004edb0       _Mod_LoadMarksurfaces      0044fdb0 f   r_model.obj
 0001:0004ee2c       _Mod_LoadSurfedges         0044fe2c f   r_model.obj
 0001:0004ee6b       _Mod_LoadPlanes            0044fe6b f   r_model.obj
 0001:0004eed0       _Mod_LoadBrushModel        0044fed0 f   r_model.obj
 0001:0004f0c2       _Mod_LoadAliasModel        004500c2 f   r_model.obj
 0001:0004f342       _Mod_LoadSpriteModel       00450342 f   r_model.obj
 0001:0004f429       _R_BeginRegistration       00450429 f   r_model.obj
 0001:0004f4b9       _R_RegisterModel           004504b9 f   r_model.obj
 0001:0004f5b1       _R_EndRegistration         004505b1 f   r_model.obj
 0001:0004f61c       _Mod_FreeAll               0045061c f   r_model.obj
 0001:0004f661       _R_DrawParticle            00450661 f   r_part.obj
 0001:0004f8ea       _R_DrawParticles           004508ea f   r_part.obj
 0001:0004f994       _R_DrawSpanletOpaque       00450994 f   r_poly.obj
 0001:0004fa24       _R_DrawSpanletTurbulentStipple33 00450a24 f   r_poly.obj
 0001:0004fb4f       _R_DrawSpanletTurbulentStipple66 00450b4f f   r_poly.obj
 0001:0004fd30       _R_DrawSpanletTurbulentBlended66 00450d30 f   r_poly.obj
 0001:0004fde5       _R_DrawSpanletTurbulentBlended33 00450de5 f   r_poly.obj
 0001:0004fe9a       _R_DrawSpanlet33           00450e9a f   r_poly.obj
 0001:0004ff34       _R_DrawSpanletConstant33   00450f34 f   r_poly.obj
 0001:0004ff8d       _R_DrawSpanlet66           00450f8d f   r_poly.obj
 0001:0005002b       _R_DrawSpanlet33Stipple    0045102b f   r_poly.obj
 0001:00050146       _R_DrawSpanlet66Stipple    00451146 f   r_poly.obj
 0001:000502d7       _R_ClipPolyFace            004512d7 f   r_poly.obj
 0001:00050448       _R_PolygonDrawSpans        00451448 f   r_poly.obj
 0001:000507d0       _R_PolygonScanLeftEdge     004517d0 f   r_poly.obj
 0001:00050904       _R_PolygonScanRightEdge    00451904 f   r_poly.obj
 0001:00050af4       _R_ClipAndDrawPoly         00451af4 f   r_poly.obj
 0001:00050cf6       _R_BuildPolygonFromSurface 00451cf6 f   r_poly.obj
 0001:00050f02       _R_PolygonCalculateGradients 00451f02 f   r_poly.obj
 0001:000511bb       _R_DrawAlphaSurfaces       004521bb f   r_poly.obj
 0001:00051251       _R_IMFlatShadedQuad        00452251 f   r_poly.obj
 0001:00051393       _R_InitAdivtab             00452393 f   r_polyse.obj
 0001:000513fe       _R_PolysetUpdateTables     004523fe f   r_polyse.obj
 0001:00051439       _R_DrawTriangle            00452439 f   r_polyse.obj
 0001:0005154a       _R_PolysetScanLeftEdge_C   0045254a f   r_polyse.obj
 0001:00051714       _FloorDivMod               00452714 f   r_polyse.obj
 0001:000517b0       _R_PolysetSetUpForLineScan 004527b0 f   r_polyse.obj
 0001:0005183e       _R_PolysetCalcGradients    0045283e f   r_polyse.obj
 0001:00051a49       _R_PolysetDrawSpans8_33    00452a49 f   r_polyse.obj
 0001:00051b79       _R_PolysetDrawSpansConstant8_33 00452b79 f   r_polyse.obj
 0001:00051c13       _R_PolysetDrawSpans8_66    00452c13 f   r_polyse.obj
 0001:00051d4f       _R_PolysetDrawSpansConstant8_66 00452d4f f   r_polyse.obj
 0001:00051df7       _R_PolysetDrawSpans8_Opaque 00452df7 f   r_polyse.obj
 0001:00051f42       _R_RasterizeAliasPolySmooth 00452f42 f   r_polyse.obj
 0001:00052522       _R_PolysetSetEdgeTable     00453522 f   r_polyse.obj
 0001:000525bd       _R_InitSkyBox              004535bd f   r_rast.obj
 0001:00052837       _R_EmitSkyBox              00453837 f   r_rast.obj
 0001:0005294a       _R_EmitEdge                0045394a f   r_rast.obj
 0001:00052d1e       _R_ClipEdge                00453d1e f   r_rast.obj
 0001:00052ecc       _R_EmitCachedEdge          00453ecc f   r_rast.obj
 0001:00052f23       _R_RenderFace              00453f23 f   r_rast.obj
 0001:000532ea       _R_RenderBmodelFace        004542ea f   r_rast.obj
 0001:00053553       _D_WarpScreen              00454553 f   r_scan.obj
 0001:000536fb       _D_DrawTurbulent8Span      004546fb f   r_scan.obj
 0001:0005377f       _Turbulent8                0045477f f   r_scan.obj
 0001:00053a53       _NonTurbulent8             00454a53 f   r_scan.obj
 0001:00053d11       _D_DrawSpans16             00454d11 f   r_scan.obj
 0001:00053fab       _D_DrawZSpans              00454fab f   r_scan.obj
 0001:00054068       _R_DrawSprite              00455068 f   r_sprite.obj
 0001:000542fd       _R_TextureAnimation        004552fd f   r_surf.obj
 0001:00054321       _R_DrawSurface             00455321 f   r_surf.obj
 0001:00054486       _R_DrawSurfaceBlock8_mip0  00455486 f   r_surf.obj
 0001:00054585       _R_DrawSurfaceBlock8_mip1  00455585 f   r_surf.obj
 0001:00054684       _R_DrawSurfaceBlock8_mip2  00455684 f   r_surf.obj
 0001:00054783       _R_DrawSurfaceBlock8_mip3  00455783 f   r_surf.obj
 0001:0005487f       _R_InitCaches              0045587f f   r_surf.obj
 0001:00054900       _D_FlushCaches             00455900 f   r_surf.obj
 0001:00054945       _D_SCAlloc                 00455945 f   r_surf.obj
 0001:00054ad9       _D_CacheSurface            00455ad9 f   r_surf.obj
 0001:00054c4e       _DDRAW_Init                00455c4e f   rw_ddraw.obj
 0001:0005505e       _DDRAW_SetPalette          0045605e f   rw_ddraw.obj
 0001:000550c7       _DDRAW_Shutdown            004560c7 f   rw_ddraw.obj
 0001:00055232       _DIB_Init                  00456232 f   rw_dib.obj
 0001:00055417       _DIB_SetPalette            00456417 f   rw_dib.obj
 0001:000555db       _DIB_Shutdown              004565db f   rw_dib.obj
 0001:000556d4       _SWimp_Init                004566d4 f   rw_imp.obj
 0001:000556d8       _SWimp_EndFrame            004566d8 f   rw_imp.obj
 0001:00055844       _SWimp_SetMode             00456844 f   rw_imp.obj
 0001:00055966       _SWimp_SetPalette          00456966 f   rw_imp.obj
 0001:0005598b       _SWimp_Shutdown            0045698b f   rw_imp.obj
 0001:000559d2       _SWimp_AppActivate         004569d2 f   rw_imp.obj
 0001:00055a0c       _adler32                   00456a0c f   adler32.obj
 0001:00055b25       _crc32                     00456b25 f   crc32.obj
 0001:00055c3b       _inflate_blocks_reset      00456c3b f   infblock.obj
 0001:00055ca6       _inflate_blocks_new        00456ca6 f   infblock.obj
 0001:00055d31       _inflate_blocks            00456d31 f   infblock.obj
 0001:00056548       _inflate_blocks_free       00457548 f   infblock.obj
 0001:0005657c       _inflate_codes_new         0045757c f   infcodes.obj
 0001:000565b0       _inflate_codes             004575b0 f   infcodes.obj
 0001:00056b6e       _inflate_codes_free        00457b6e f   infcodes.obj
 0001:00056b7f       _inflate_fast              00457b7f f   inffast.obj
 0001:00056e4a       _inflateReset              00457e4a f   inflate.obj
 0001:00056e89       _inflateEnd                00457e89 f   inflate.obj
 0001:00056ec7       _inflateInit2_             00457ec7 f   inflate.obj
 0001:00056fb1       _inflate                   00457fb1 f   inflate.obj
 0001:00057314       _inflate_trees_bits        00458314 f   inftrees.obj
[...]
 0001:0002b5a3       _AddBanString              0042c5a3 f   sv_ccmds.obj
 0001:0002b5ff       _FindBanString             0042c5ff f   sv_ccmds.obj
 0001:0002b639       _SV_BanIP_f                0042c639 f   sv_ccmds.obj
 0001:0002b6e6       _SV_BanList_f              0042c6e6 f   sv_ccmds.obj
 0001:0002b723       _SV_BanRemove_f            0042c723 f   sv_ccmds.obj
 0001:0002b7d7       _SV_DumpUser_f             0042c7d7 f   sv_ccmds.obj
 0001:0002b827       _SV_Status_f               0042c827 f   sv_ccmds.obj
 0001:0002b937       _SV_ConSay_f               0042c937 f   sv_ccmds.obj
 0001:0002b9ca       _SV_Heartbeat_f            0042c9ca f   sv_ccmds.obj
 0001:0002b9d5       _SV_Serverinfo_f           0042c9d5 f   sv_ccmds.obj
 0001:0002b9ed       _SV_ServerRecord_f         0042c9ed f   sv_ccmds.obj
 0001:0002bba4       _SV_ServerStop_f           0042cba4 f   sv_ccmds.obj
 0001:0002bbd0       _SV_KillServer_f           0042cbd0 f   sv_ccmds.obj
 0001:0002bbf0       _SV_ServerCommand_f        0042cbf0 f   sv_ccmds.obj
 0001:0002a028       _DS_DestroyBuffers         0042b028 f   snd_win.obj
 0001:0002a211       _DS_CreateBuffers          0042b211 f   snd_win.obj
 0001:00027763       _Menu_MakeVisible          00428763 f   qmenu.obj
 0001:000277ed       _Menu_CompletelyVisible    004287ed f   qmenu.obj
 0001:00027895       _strlen_color              00428895 f   qmenu.obj
 0001:00027a43       _Action_Draw               00428a43 f   qmenu.obj
 0001:00027abe       _Menu_ItemVisible          00428abe f   qmenu.obj
 0001:00027b07       _Menu_DrawStatusBar        00428b07 f   qmenu.obj
 0001:00027c5c       _MenuList_Draw             00428c5c f   qmenu.obj
 0001:00027ce4       _DrawCaption               00428ce4 f   qmenu.obj
 0001:00027d23       _Separator_Draw            00428d23 f   qmenu.obj
 0001:00027d74       _Slider_DoSlide            00428d74 f   qmenu.obj
 0001:00027dab       _Slider_Draw               00428dab f   qmenu.obj
 0001:00027e9e       _SpinControl_DoSlide       00428e9e f   qmenu.obj
 0001:00027ecd       _SpinControl_Draw          00428ecd f   qmenu.obj
 0001:00027fa8       _SpinControl2_DoSlide      00428fa8 f   qmenu.obj
 0001:00027fe9       _SpinControl2_Draw         00428fe9 f   qmenu.obj
 0001:000247ce       _StepSlideMove             004257ce f   pmove.obj
 0001:00024977       _StepSlideMove_            00425977 f   pmove.obj
 0001:00024bca       _ClipVelocity              00425bca f   pmove.obj
 0001:00024c33       _Friction                  00425c33 f   pmove.obj
 0001:00024d42       _WaterMove                 00425d42 f   pmove.obj
 0001:00024e28       _Accelerate                00425e28 f   pmove.obj
 0001:00024e94       _AddCurrents               00425e94 f   pmove.obj
 0001:00025133       _AirMove                   00426133 f   pmove.obj
 0001:0002538c       _AirAccelerate             0042638c f   pmove.obj
 0001:00025412       _CatagorizePosition        00426412 f   pmove.obj
 0001:00025668       _CheckJump                 00426668 f   pmove.obj
 0001:0002572f       _CheckSpecialMovement      0042672f f   pmove.obj
 0001:00025892       _FlyMove                   00426892 f   pmove.obj
 0001:00025ae5       _CheckDuck                 00426ae5 f   pmove.obj
 0001:00025c1a       _DeadMove                  00426c1a f   pmove.obj
 0001:00025c78       _SnapPosition              00426c78 f   pmove.obj
 0001:00025de1       _GoodPosition              00426de1 f   pmove.obj
 0001:00025e57       _InitialSnapPosition       00426e57 f   pmove.obj
 0001:00025f70       _ClampAngles               00426f70 f   pmove.obj
 0001:00023e69       _NET_ErrorString           00424e69 f   net_wins.obj
 0001:00022004       _SwapQ2BspFile             00423004 f   model.obj
 0001:0002221a       _ProcessQ2BspFile          0042321a f   model.obj
 0001:000222ed       _LoadQ2Submodels           004232ed f   model.obj
 0001:000223bf       _CheckLump                 004233bf f   model.obj
 0001:00022697       _ReadEntity                00423697 f   model.obj
 0001:0002275b       _WriteEntity               0042375b f   model.obj
 0001:000227c6       _ProcessEntityTarget       004237c6 f   model.obj
 0001:0002283f       _FindField                 0042383f f   model.obj
 0001:00022878       _GetVector                 00423878 f   model.obj
 0001:000228a9       _ProcessEntity             004238a9 f   model.obj
 0001:000232b9       _AddField                  004242b9 f   model.obj
 0001:000232f6       _FindEntityTarget          004242f6 f   model.obj
 0001:0001de05       _Multiplayer_MenuDraw      0041ee05 f   menu.obj
 0001:0001de28       _M_Banner                  0041ee28 f   menu.obj
 0001:0001de6a       _Multiplayer_MenuInit      0041ee6a f   menu.obj
 0001:0001df58       _Multiplayer_MenuKey       0041ef58 f   menu.obj
 0001:0001df8a       _Keys_MenuInit             0041ef8a f   menu.obj
 0001:0001e11d       _KeyCursorDrawFunc         0041f11d f   menu.obj
 0001:0001e15e       _DrawKeyBindingFunc        0041f15e f   menu.obj
 0001:0001e236       _M_FindKeysForCommand      0041f236 f   menu.obj
 0001:0001e286       _SeekLine                  0041f286 f   menu.obj
 0001:0001e2ad       _AppendToken               0041f2ad f   menu.obj
 0001:0001e2d7       _Keys_MenuDraw             0041f2d7 f   menu.obj
 0001:0001e2f0       _Keys_MenuKey              0041f2f0 f   menu.obj
 0001:0001e3a5       _M_UnbindCommand           0041f3a5 f   menu.obj
 0001:0001e3f1       _KeyBindingFunc            0041f3f1 f   menu.obj
 0001:0001e464       _Options_MenuInit          0041f464 f   menu.obj
 0001:0001e8ef       _CrosshairFunc             0041f8ef f   menu.obj
 0001:0001e913       _JoystickFunc              0041f913 f   menu.obj
 0001:0001e926       _CustomizeControlsFunc     0041f926 f   menu.obj
 0001:0001e92b       _AlwaysRunFunc             0041f92b f   menu.obj
 0001:0001e93e       _FreeLookFunc              0041f93e f   menu.obj
 0001:0001e951       _MouseSpeedFunc            0041f951 f   menu.obj
 0001:0001e96e       _ControlsSetMenuItemValues 0041f96e f   menu.obj
 0001:0001eb3a       _ControlsResetDefaultsFunc 0041fb3a f   menu.obj
 0001:0001eb4f       _InvertMouseFunc           0041fb4f f   menu.obj
 0001:0001eb6a       _LookspringFunc            0041fb6a f   menu.obj
 0001:0001eb86       _LookstrafeFunc            0041fb86 f   menu.obj
 0001:0001eba2       _UpdateVolumeFunc          0041fba2 f   menu.obj
 0001:0001ebbf       _UpdateCDVolumeFunc        0041fbbf f   menu.obj
 0001:0001ebd8       _ConsoleFunc               0041fbd8 f   menu.obj
 0001:0001ec07       _UpdateSoundFunc           0041fc07 f   menu.obj
 0001:0001ecaf       _Options_ScanCrosshairs    0041fcaf f   menu.obj
 0001:0001ed02       _Options_MenuDraw          0041fd02 f   menu.obj
 0001:0001ed2a       _Options_CrosshairDraw     0041fd2a f   menu.obj
 0001:0001eda1       _Options_MenuKey           0041fda1 f   menu.obj
 0001:0001ee87       _M_Credits_MenuDraw        0041fe87 f   menu.obj
 0001:0001ef6f       _M_Credits_Key             0041ff6f f   menu.obj
 0001:0001efcc       _Game_MenuInit             0041ffcc f   menu.obj
 0001:0001f179       _EasyGameFunc              00420179 f   menu.obj
 0001:0001f18f       _StartGame                 0042018f f   menu.obj
 0001:0001f1d4       _MediumGameFunc            004201d4 f   menu.obj
 0001:0001f1ea       _HardGameFunc              004201ea f   menu.obj
 0001:0001f200       _Game_MenuDraw             00420200 f   menu.obj
 0001:0001f223       _Game_MenuKey              00420223 f   menu.obj
 0001:0001f255       _LoadGame_MenuInit         00420255 f   menu.obj
 0001:0001f2eb       _Create_Savestrings        004202eb f   menu.obj
 0001:0001f36d       _LoadGameCallback          0042036d f   menu.obj
 0001:0001f397       _LoadGame_MenuDraw         00420397 f   menu.obj
 0001:0001f3af       _LoadGame_MenuKey          004203af f   menu.obj
 0001:0001f410       _SaveGame_MenuDraw         00420410 f   menu.obj
 0001:0001f433       _SaveGame_MenuInit         00420433 f   menu.obj
 0001:0001f4bb       _SaveGameCallback          004204bb f   menu.obj
 0001:0001f4da       _SaveGame_MenuKey          004204da f   menu.obj
 0001:0001f5bb       _JoinServer_MenuInit       004205bb f   menu.obj
 0001:0001f70c       _JoinServerFunc            0042070c f   menu.obj
 0001:0001f769       _SearchLocalGames          00420769 f   menu.obj
 0001:0001f7d5       _JoinServer_MenuDraw       004207d5 f   menu.obj
 0001:0001f7ed       _JoinServer_MenuKey        004207ed f   menu.obj
 0001:0001f81f       _StartServer_MenuInit      0042081f f   menu.obj
 0001:0001fccf       _DMOptionsFunc             00420ccf f   menu.obj
 0001:0001fcde       _RulesChangeFunc           00420cde f   menu.obj
 0001:0001fd47       _StartServerActionFunc     00420d47 f   menu.obj
 0001:0001fd73       _StartServerFunc           00420d73 f   menu.obj
 0001:0001ffde       _StartServer_MenuDraw      00420fde f   menu.obj
 0001:0001ffea       _StartServer_MenuKey       00420fea f   menu.obj
 0001:0002004a       _DMOptions_MenuInit        0042104a f   menu.obj
 0001:000205da       _DMFlagCallback            004215da f   menu.obj
 0001:000207c5       _DMOptions_MenuDraw        004217c5 f   menu.obj
 0001:000207d1       _DMOptions_MenuKey         004217d1 f   menu.obj
 0001:00020803       _DownloadOptions_MenuInit  00421803 f   menu.obj
 0001:000209ee       _DownloadCallback          004219ee f   menu.obj
 0001:00020a47       _DownloadOptions_MenuDraw  00421a47 f   menu.obj
 0001:00020a53       _DownloadOptions_MenuKey   00421a53 f   menu.obj
 0001:00020a85       _AddressBook_MenuInit      00421a85 f   menu.obj
 0001:00020b3b       _AddressBook_MenuKey       00421b3b f   menu.obj
 0001:00020b8c       _AddressBook_MenuDraw      00421b8c f   menu.obj
 0001:00020ba4       _M_Menu_PlayerConfig_f     00421ba4 f   menu.obj
 0001:00020bff       _PlayerConfig_MenuInit     00421bff f   menu.obj
 0001:00021028       _HandednessCallback        00422028 f   menu.obj
 0001:0002103b       _RateCallback              0042203b f   menu.obj
 0001:00021059       _ModelCallback             00422059 f   menu.obj
 0001:00021090       _PlayerConfig_ScanDirectories 00422090 f   menu.obj
 0001:00021258       _IsValidSkin               00422258 f   menu.obj
 0001:000212fa       _PlayerConfig_MenuDraw     004222fa f   menu.obj
 0001:00021563       _PlayerConfig_MenuKey      00422563 f   menu.obj
 0001:00021637       _M_Menu_DMBrowse_f         00422637 f   menu.obj
 0001:0002167b       _DMBrowse_MenuInit         0042267b f   menu.obj
 0001:00021853       _DMBrowse_MenuKey          00422853 f   menu.obj
 0001:000219f6       _DMBrowse_MenuDraw         004229f6 f   menu.obj
 0001:00021b1b       _DrawThumbnail             00422b1b f   menu.obj
 0001:00021be2       _M_Quit_Key                00422be2 f   menu.obj
 0001:00021c22       _M_Quit_Draw               00422c22 f   menu.obj
 0001:00021d6f       _M_Menu_Quit_f             00422d6f f   menu.obj
 0001:0001d3cc       _AllocChain                0041e3cc f   memory.obj
 0001:0001d6ba       _Z_Stats_f                 0041e6ba f   memory.obj
 0001:0001cbc3       _MD4Transform              0041dbc3 f   md4.obj
 0001:0001d1c5       _Encode                    0041e1c5 f   md4.obj
 0001:0001d20a       _Decode                    0041e20a f   md4.obj
 0001:0001baba       _CompleteCommand           0041caba f   keys.obj
 0001:0001bb31       _Do_CompleteCommand        0041cb31 f   keys.obj
 0001:0001bfaa       _TryComplete               0041cfaa f   keys.obj
 0001:0001c03f       _CompleteMenu              0041d03f f   keys.obj
 0001:0001c181       _CompleteMenuDraw          0041d181 f   keys.obj
 0001:0001c1e0       _CompleteMenuKey           0041d1e0 f   keys.obj
 0001:0001c212       _CompleteMenuCallback      0041d212 f   keys.obj
 0001:0001c29a       _iswordsym                 0041d29a f   keys.obj
 0001:0001c56c       _Key_Unbind_f              0041d56c f   keys.obj
 0001:0001c652       _Key_Unbindall_f           0041d652 f   keys.obj
 0001:0001c67c       _Key_Bind_f                0041d67c f   keys.obj
 0001:0001a6d5       _IN_DeactivateMouse        0041b6d5 f   in_win.obj
 0001:0001a701       _IN_FreeDirect             0041b701 f   in_win.obj
 0001:0001a762       _IN_FreeWin32              0041b762 f   in_win.obj
 0001:0001a8e3       _IN_ActivateMouse          0041b8e3 f   in_win.obj
 0001:0001a95b       _IN_InitDirect             0041b95b f   in_win.obj
 0001:0001aa9e       _IN_InitWin32              0041ba9e f   in_win.obj
 0001:0001abbe       _IN_MouseMove              0041bbbe f   in_win.obj
 0001:000327da       _J_InitSource              004337da f   vid_dll.obj
 0001:0001a1fd       _J_FillInputBuffer         0041b1fd f   images.obj
 0001:0001a225       _J_SkipInputData           0041b225 f   images.obj
 0001:000327da       _J_TermSource              004337da f   vid_dll.obj
 0001:0001a23d       _InitJpegError             0041b23d f   images.obj
 0001:0001a26e       _J_ErrorExit               0041b26e f   images.obj
 0001:0001a27d       _J_EmitMessage             0041b27d f   images.obj
 0001:0001a29a       _J_ResetErrorMgr           0041b29a f   images.obj
 0001:00017fba       _FindPakFile               00418fba f   files.obj
 0001:0001802a       _FindPakDirectory          0041902a f   files.obj
 0001:000180bb       _FileLength                004190bb f   files.obj
 0001:0001850d       _FOpenCached               0041950d f   files.obj
 0001:0001874d       _AddPakFile                0041974d f   files.obj
 0001:000187ec       _AddPakDirectory           004197ec f   files.obj
 0001:000188ca       _EnumZippedPak             004198ca f   files.obj
 0001:0001893d       _ClearFileCache            0041993d f   files.obj
 0001:00018a2e       _AddDirFilesToList         00419a2e f   files.obj
 0001:00018fde       _ListPakDirectory          00419fde f   files.obj
 0001:00019199       _InitResFiles              0041a199 f   files.obj
 0001:0001927c       _FS_LoadPak_f              0041a27c f   files.obj
 0001:0001934b       _TryLoadPak                0041a34b f   files.obj
 0001:000193b9       _FindPakStruc              0041a3b9 f   files.obj
 0001:0001940e       _FS_UnloadPak_f            0041a40e f   files.obj
 0001:000195b5       _FS_Link_f                 0041a5b5 f   files.obj
 0001:00019681       _FS_Dir_f                  0041a681 f   files.obj
 0001:00019892       _FS_Path_f                 0041a892 f   files.obj
 0001:0001992a       _FS_Cat_f                  0041a92a f   files.obj
 0001:00019a03       _FS_Type_f                 0041aa03 f   files.obj
 0001:0001694c       _Cvar_FindVar              0041794c f   cvar.obj
 0001:00016981       _ComputeHash               00417981 f   cvar.obj
 0001:00016b78       _Cvar_SetString            00417b78 f   cvar.obj
 0001:00016c0e       _Cvar_InfoValidate         00417c0e f   cvar.obj
 0001:00016d1e       _Cvar_Set2                 00417d1e f   cvar.obj
 0001:00016eb6       _Cvar_SetHardcoded         00417eb6 f   cvar.obj
 0001:000172b4       _Cvar_Set_f                004182b4 f   cvar.obj
 0001:00017331       _Cvar_SetWithFlags         00418331 f   cvar.obj
 0001:00017376       _Cvar_Seta_f               00418376 f   cvar.obj
 0001:00017398       _Cvar_Setu_f               00418398 f   cvar.obj
 0001:000173ba       _Cvar_Sets_f               004183ba f   cvar.obj
 0001:000173dc       _Cvar_Reset_f              004183dc f   cvar.obj
 0001:00017441       _Cvar_List_f               00418441 f   cvar.obj
 0001:00017551       _Cvar_Add_f                00418551 f   cvar.obj
 0001:000176c8       _Cvar_Scale_f              004186c8 f   cvar.obj
 0001:0001773b       _Cvar_Toggle_f             0041873b f   cvar.obj
 0001:0001779e       _Cvar_Cycle_f              0041879e f   cvar.obj
 0001:00015cd0       _Con_ToggleChat_f          00416cd0 f   console.obj
 0001:00015d01       _Con_Clear_f               00416d01 f   console.obj
 0001:00015d57       _Con_Dump_f                00416d57 f   console.obj
 0001:00015e6a       _Con_MessageMode_f         00416e6a f   console.obj
 0001:00015e7c       _Con_MessageMode2_f        00416e7c f   console.obj
 0001:00015f1c       _PlaceChar                 00416f1c f   console.obj
 0001:000160a6       _FindLine                  004170a6 f   console.obj
 0001:00016822       _Con_DrawInput             00417822 f   console.obj
 0001:0001411d       _GetInt                    0041511d f   common.obj
 0001:00015131       _Com_Error_f               00416131 f   common.obj
 0001:00011c9a       _CMod_LoadSurfaces         00412c9a f   cmodel.obj
 0001:00011db4       _CMod_ReadSurfMaterials    00412db4 f   cmodel.obj
 0001:00011eef       _CMod_LoadNodes            00412eef f   cmodel.obj
 0001:00011f51       _CMod_LoadBrushes          00412f51 f   cmodel.obj
 0001:00011f9d       _CMod_LoadLeafs            00412f9d f   cmodel.obj
 0001:0001206c       _CMod_LoadPlanes           0041306c f   cmodel.obj
 0001:000120ef       _CMod_LoadLeafBrushes      004130ef f   cmodel.obj
 0001:0001213a       _CMod_LoadBrushSides       0041313a f   cmodel.obj
 0001:000121b3       _CMod_LoadAreas            004131b3 f   cmodel.obj
 0001:0001258d       _CM_PointLeafnum_r         0041358d f   cmodel.obj
 0001:00012650       _CM_BoxLeafnums_r          00413650 f   cmodel.obj
 0001:00012bbb       _CM_TestInLeaf             00413bbb f   cmodel.obj
 0001:00012c43       _CM_TestBoxInBrush         00413c43 f   cmodel.obj
 0001:00012d24       _CM_RecursiveHullCheck     00413d24 f   cmodel.obj
 0001:00012ff6       _CM_TraceToLeaf            00413ff6 f   cmodel.obj
 0001:000130d3       _CM_ClipBoxToBrush         004140d3 f   cmodel.obj
 0001:0001387b       _FloodArea_r               0041487b f   cmodel.obj
 0001:00011677       _Cmd_MacroExpandString     00412677 f   cmd.obj
 0001:00011992       _Cmd_Wait_f                00412992 f   cmd.obj
 0001:000119c7       _Cmd_List_f                004129c7 f   cmd.obj
 0001:000104a2       _DrawSurfInfo              004114a2 f   cl_view.obj
 0001:000107c4       _DrawFlag                  004117c4 f   cl_view.obj
 0001:0001081f       _DecodeContents            0041181f f   cl_view.obj
 0001:000108c1       _DrawOriginInfo            004118c1 f   cl_view.obj
 0001:00010a52       _DrawFpsInfo               00411a52 f   cl_view.obj
 0001:00010b7b       _FixWaterVis               00411b7b f   cl_view.obj
 0001:00010c86       _entitycmpfnc              00411c86 f   cl_view.obj
 0001:00010d3c       _Screenshot_f              00411d3c f   cl_view.obj
 0001:0000d303       _SCR_CalcVrect             0040e303 f   cl_scrn.obj
 0001:000080f0       _TryParseStatus            004090f0 f   cl_main.obj
 0001:000063dc       _KeyDown                   004073dc f   cl_input.obj
 0001:0000645e       _KeyUp                     0040745e f   cl_input.obj
 0001:00003477       _CL_AddParticleTraces      00404477 f   cl_fx.obj
 0001:00002292       _CL_AddPacketEntities      00403292 f   cl_ents.obj
 0001:00002c73       _GetEntityInfo             00403c73 f   cl_ents.obj
 0001:00002d82       _AddEntityWithEffects      00403d82 f   cl_ents.obj
 0001:00002dae       _AddViewWeapon             00403dae f   cl_ents.obj
 0001:000009ea       _Huff1Decompress           004019ea f   cl_cin.obj
 0001:00000f72       _Huff1TableInit            00401f72 f   cl_cin.obj
 0001:0000106c       _SmallestNode1             0040206c f   cl_cin.obj
 0001:0000014c       _CDAudio_GetAudioDiskInfo  0040114c f   cd_win.obj
 0001:000004c4       _CD_f                      004014c4 f   cd_win.obj
 0001:0000077d       _CDAudio_Eject             0040177d f   cd_win.obj
 0001:000007a7       _CDAudio_CloseDoor         004017a7 f   cd_win.obj

 70 bytes saved through ICF

