 Quake2

 Timestamp is 43184003 (Fri Sep 02 16:05:23 2005)

 Preferred load address is 00400000

 Start         Length     Name                   Class
 0001:00000000 000608b0H .text                   CODE
 0002:00000000 00000284H .idata$5                DATA
 0002:00000288 000061c4H .rdata                  DATA
 0002:00006450 00000044H .rdata$r                DATA
 0002:00006498 00000038H .xdata$x                DATA
 0002:000064d0 00000078H .idata$2                DATA
 0002:00006548 00000014H .idata$3                DATA
 0002:0000655c 00000284H .idata$4                DATA
 0002:000067e0 00000828H .idata$6                DATA
 0002:00007008 00000000H .edata                  DATA
 0003:00000000 00000004H .CRT$XCA                DATA
 0003:00000004 00000084H .CRT$XCU                DATA
 0003:00000088 00000004H .CRT$XCZ                DATA
 0003:0000008c 00000004H .CRT$XIA                DATA
 0003:00000090 00000004H .CRT$XIZ                DATA
 0003:000000a0 0000d42cH .data                   DATA
 0003:0000d4d0 004785f4H .bss                    DATA
 0004:00000000 00000130H .rsrc$01                DATA
 0004:00000130 00003f20H .rsrc$02                DATA

  Address         Publics by Value              Rva+Base     Lib:Object

 0001:00000000       ??3@YAXPAX@Z               00401000 f i CoreMain.obj
 0001:0000000b       ?appTimestamp@@YAPBDXZ     0040100b f   CoreMain.obj
 0001:00000043       ?appInit@@YAXXZ            00401043 f   CoreMain.obj
 0001:000000c2       ?appExit@@YAXXZ            004010c2 f   CoreMain.obj
 0001:000000fc       ?appLoadDebugSymbols@@YAXXZ 004010fc f   DbgSymbols.obj
 0001:000002ff       ?appSymbolName@@YA_NIPADH@Z 004012ff f   DbgSymbols.obj
 0001:000003eb       ?appSymbolName@@YAPBDI@Z   004013eb f   DbgSymbols.obj
 0001:0000041d       ?appMalloc@@YAPAXIH@Z      0040141d f   Memory.obj
 0001:000004cb       ?appFree@@YAXPAX@Z         004014cb f   Memory.obj
 0001:000004f9       ?Unlink@FMemHeader@@QAEXXZ 004014f9 f i Memory.obj
 0001:00000524       ?Link@CMemoryChain@@AAEXXZ 00401524 f   Memory.obj
 0001:00000543       ?Unlink@CMemoryChain@@AAEXXZ 00401543 f   Memory.obj
 0001:0000056e       ??2CMemoryChain@@SAPAXIH@Z 0040156e f   Memory.obj
 0001:000005e0       ??3CMemoryChain@@SAXPAX@Z  004015e0 f   Memory.obj
 0001:00000613       ?Alloc@CMemoryChain@@QAEPAXIH@Z 00401613 f   Memory.obj
 0001:0000067d       ?appInitMemory@@YAXXZ      0040167d f   Memory.obj
 0001:00000bb1       ?sprintf@?$TString@$0BAA@@@QAAHPBDZZ 00401bb1 f i Memory.obj
 0001:00000bcd       ?Printf@COutputDevice@@QAAXPBDZZ 00401bcd f   OutputDevice.obj
 0001:00000c3d       ?Register@COutputDevice@@QAEXXZ 00401c3d f   OutputDevice.obj
 0001:00000c99       ?Unregister@COutputDevice@@QAEXXZ 00401c99 f   OutputDevice.obj
 0001:00000cec       ?appPrintf@@YAXPBDZZ       00401cec f   OutputDevice.obj
 0001:00000e0b       ?appWPrintf@@YAXPBDZZ      00401e0b f   OutputDevice.obj
 0001:00000e68       ??0COutputDeviceFile@@QAE@XZ 00401e68 f i ErrorMgr.obj
 0001:00000e80       ?Write@COutputDeviceFile@@UAEXPBD@Z 00401e80 f i ErrorMgr.obj
 0001:00000ed4       ?Flush@COutputDeviceFile@@UAEXXZ 00401ed4 f i ErrorMgr.obj
 0001:00000ee4       ?Close@COutputDeviceFile@@UAEXXZ 00401ee4 f i ErrorMgr.obj
 0001:00000f12       ??1COutputDeviceFile@@QAE@XZ 00401f12 f i ErrorMgr.obj
 0001:00000f31       ?appGetErrorLog@@YAPAVCOutputDevice@@XZ 00401f31 f   ErrorMgr.obj
 0001:00000fb7       ?Open@COutputDeviceFile@@QAEXPBD_N@Z 00401fb7 f i ErrorMgr.obj
 0001:00000ff3       ?appFatalError@@YAXPBDZZ   00401ff3 f   ErrorMgr.obj
 0001:0000108c       ?appNonFatalError@@YAXPBDZZ 0040208c f   ErrorMgr.obj
 0001:000010ea       ?appUnwindPrefix@@YAXPBD@Z 004020ea f   ErrorMgr.obj
 0001:0000119a       ?appUnwindThrow@@YAXPBDZZ  0040219a f   ErrorMgr.obj
 0001:00001231       ?Reset@CErrorHandler@@QAEXXZ 00402231 f   ErrorMgr.obj
 0001:00001262       ?appInitError@@YAXXZ       00402262 f   ErrorMgr.obj
 0001:00001320       ?sprintf@?$TString@$0CAA@@@QAAHPBDZZ 00402320 f i ErrorMgr.obj
 0001:0000133c       ?GetLine@CSimpleParser@@QAEPBDXZ 0040233c f   ScriptParser.obj
 0001:00001451       ?SkipBraces@CSimpleParser@@QAEPBDXZ 00402451 f   ScriptParser.obj
 0001:00001487       ?appStricmp@@YAHPBD0@Z     00402487 f   Strings.obj
 0001:000014bc       ?toLower@@YADD@Z           004024bc f i Strings.obj
 0001:000014d3       ?appStrcpy@@YAXPADPBD@Z    004024d3 f   Strings.obj
 0001:000014e6       ?appStrncpylwr@@YAXPADPBDH@Z 004024e6 f   Strings.obj
 0001:0000151e       ?appStrncpyz@@YAXPADPBDH@Z 0040251e f   Strings.obj
 0001:0000154b       ?appStrcatn@@YAXPADHPBD@Z  0040254b f   Strings.obj
 0001:00001576       ?appCopyFilename@@YAXPADPBDH@Z 00402576 f   Strings.obj
 0001:00001616       ?appCStrlen@@YAHPBD@Z      00402616 f   Strings.obj
 0001:0000163b       ?appUncolorizeString@@YAXPADPBD@Z 0040263b f   Strings.obj
 0001:0000166b       ?va@@YAPBDPBDZZ            0040266b f   Strings.obj
 0001:00001707       ?appSprintf@@YAHPADHPBDZZ  00402707 f   Strings.obj
 0001:00001752       ?appMatchWildcard@@YA_NPBD0_N@Z 00402752 f   Strings.obj
 0001:000018d3       ?appIsWildcard@@YA_NPBD@Z  004028d3 f   Strings.obj
 0001:000018fd       ?CopyString@@YAPADPBD@Z    004028fd f   Strings.obj
 0001:0000193d       ?CopyString@@YAPADPBDPAVCMemoryChain@@@Z 0040293d f   Strings.obj
 0001:00001971       ??2CStringItem@@SAPAXIPBD@Z 00402971 f   Strings.obj
 0001:000019ba       ??2CStringItem@@SAPAXIPBDPAVCMemoryChain@@@Z 004029ba f   Strings.obj
 0001:000019f7       ?Find@CStringList@@IAEPAVCStringItem@@PBDPAPAV2@@Z 004029f7 f   Strings.obj
 0001:00001a33       ?Find@CStringList@@IAEPAVCStringItem@@H@Z 00402a33 f   Strings.obj
 0001:00001a4c       ?IndexOf@CStringList@@QAEHPBD@Z 00402a4c f   Strings.obj
 0001:00001a79       ?Remove@CStringList@@QAE_NPAVCStringItem@@@Z 00402a79 f   Strings.obj
 0001:00001aa5       ?Free@CStringList@@QAEXXZ  00402aa5 f   Strings.obj
 0001:00001abe       ?Add@CTextContainer@@QAEPAUCTextRec@@PBD@Z 00402abe f   TextContainer.obj
 0001:00001b6a       ?Enumerate@CTextContainer@@QAEXP6AXPBUCTextRec@@@Z@Z 00402b6a f   TextContainer.obj
 0001:00001bd6       ?appMillisecondsf@@YANXZ   00402bd6 f   CoreWin32.obj
 0001:00001c0f       ?appMilliseconds@@YAIXZ    00402c0f f   CoreWin32.obj
 0001:00001c44       ?cpuid@@YAXI@Z             00402c44 f   CoreWin32.obj
 0001:00001c67       ?appPackage@@YAPBDXZ       00402c67 f   CoreWin32.obj
 0001:00001ccc       ?appGetSystemErrorMessage@@YAPBDI@Z 00402ccc f   CoreWin32.obj
 0001:00001d30       ?appDisplayError@@YAXXZ    00402d30 f   CoreWin32.obj
 0001:00001d84       ?appInitPlatform@@YAXXZ    00402d84 f   CoreWin32.obj
 0001:00002017       ?appShutdownPlatform@@YAXXZ 00403017 f   CoreWin32.obj
 0001:00002020       ?osAddressInfo@@YA_NIPADHPAH@Z 00403020 f   DbgSymbolsWin32.obj
 0001:000020b4       ?osModuleInfo@@YA_NIPADHPAH@Z 004030b4 f   DbgSymbolsWin32.obj
 0001:0000225b       ?win32ExceptFilter@@YAHPAU_EXCEPTION_POINTERS@@@Z 0040325b f   ExceptFilterWin32.obj
 0001:000026ec       ?win32ExceptFilter2@@YAHXZ 004036ec f   ExceptFilterWin32.obj
 0001:000026f8       ?SCR_StopCinematic@@YAXXZ  004036f8 f   cl_cin.obj
 0001:0000278c       ?SCR_DrawCinematic@@YA_NXZ 0040378c f   cl_cin.obj
 0001:00002be4       ?SCR_PlayCinematic@@YAXPBD@Z 00403be4 f   cl_cin.obj
 0001:00002f3a       ?sprintf@?$TString@$0EA@@@QAAHPBDZZ 00403f3a f i cl_cin.obj
 0001:00002f53       ?CL_Download_f@@YAX_NHPAPAD@Z 00403f53 f   cl_download.obj
 0001:000032eb       ?CL_ParseDownload@@YAXXZ   004042eb f   cl_download.obj
 0001:00003b01       ?CL_Precache_f@@YAXHPAPAD@Z 00404b01 f   cl_download.obj
 0001:00003b5f       ?sprintf@?$TString@$0IA@@@QAAHPBDZZ 00404b5f f i cl_download.obj
 0001:00003b7b       ?CL_ParseDelta@@YAXPAUclEntityState_t@@0HI_N@Z 00404b7b f   cl_ents.obj
 0001:00003cfb       ?CL_ParseFrame@@YAXXZ      00404cfb f   cl_ents.obj
 0001:000043aa       ?CL_AddEntityBox@@YAXPAUclEntityState_t@@I@Z 004053aa f   cl_ents.obj
 0001:000044ae       ?Lerp@@YAXABUCVec3@@0MAAU1@@Z 004054ae f i cl_ents.obj
 0001:000044e5       ?CL_OffsetThirdPersonView@@YAXXZ 004054e5 f   cl_ents.obj
 0001:000045cd       ?CL_AddEntities@@YAXXZ     004055cd f   cl_ents.obj
 0001:00005502       ?CL_ClearLightStyles@@YAXXZ 00406502 f   cl_fx.obj
 0001:00005584       ?CL_SetLightstyle@@YAXHPBD@Z 00406584 f   cl_fx.obj
 0001:000055e5       ?CL_AllocDlight@@YAPAUcdlight_t@@HABUCVec3@@@Z 004065e5 f   cl_fx.obj
 0001:0000564e       ?CL_AllocParticleTrace@@YAPAUparticleTrace_t@@ABUCVec3@@0MM@Z 0040664e f   cl_fx.obj
 0001:000056dd       ?CL_AllocParticleBeam@@YAPAUbeam_t@@ABUCVec3@@0MM@Z 004066dd f   cl_fx.obj
 0001:00005751       ?CL_AllocParticle@@YAPAUparticle_t@@XZ 00406751 f   cl_fx.obj
 0001:000057a4       ?CL_MetalSparks@@YAXABUCVec3@@0H@Z 004067a4 f   cl_fx.obj
 0001:00005891       ?CL_AddEffects@@YAXXZ      00406891 f   cl_fx.obj
 0001:00005f96       ?CL_ClearEffects@@YAXXZ    00406f96 f   cl_fx.obj
 0001:00006018       ?CL_EntityEvent@@YAXPAUclEntityState_t@@@Z 00407018 f   cl_fx.obj
 0001:000061cc       ?CL_ParseMuzzleFlash@@YAXXZ 004071cc f   cl_fx.obj
 0001:0000653c       ?CL_ParseMuzzleFlash2@@YAXXZ 0040753c f   cl_fx.obj
 0001:000069b2       ?CL_ParticleEffect@@YAXABUCVec3@@0HH@Z 004079b2 f   cl_fx.obj
 0001:00006b5c       ?CL_ParticleEffect2@@YAXABUCVec3@@0HH@Z 00407b5c f   cl_fx.obj
 0001:00006b84       ?CL_ParticleEffect3@@YAXABUCVec3@@0HH@Z 00407b84 f   cl_fx.obj
 0001:00006bac       ?CL_TeleporterParticles@@YAXPAUclEntityState_t@@@Z 00407bac f   cl_fx.obj
 0001:00006bcb       ?CL_LogoutEffect@@YAXABUCVec3@@H@Z 00407bcb f   cl_fx.obj
 0001:00006c01       ?CL_ItemRespawnParticles@@YAXABUCVec3@@@Z 00407c01 f   cl_fx.obj
 0001:00006c1c       ?CL_ExplosionParticles@@YAXABUCVec3@@@Z 00407c1c f   cl_fx.obj
 0001:00006c3a       ?CL_BFGExplosionParticles@@YAXABUCVec3@@@Z 00407c3a f   cl_fx.obj
 0001:00006c58       ?CL_TrackerExplosionParticles@@YAXABUCVec3@@@Z 00407c58 f   cl_fx.obj
 0001:00006c76       ?CL_BlasterParticles@@YAXABUCVec3@@0I@Z 00407c76 f   cl_fx.obj
 0001:00006c9c       ?CL_BlasterTrail@@YAXAAUcentity_t@@@Z 00407c9c f   cl_fx.obj
 0001:00006d9f       ?CL_BlasterTrail2@@YAXAAUcentity_t@@@Z 00407d9f f   cl_fx.obj
 0001:00006db2       ?CL_FlagTrail@@YAXAAUcentity_t@@H@Z 00407db2 f   cl_fx.obj
 0001:00006dce       ?CL_RocketTrail@@YAXAAUcentity_t@@@Z 00407dce f   cl_fx.obj
 0001:00006e0d       ?CL_BubbleTrail@@YAXABUCVec3@@0@Z 00407e0d f   cl_fx.obj
 0001:00006ea7       ?CL_BubbleTrail2@@YAXABUCVec3@@0@Z 00407ea7 f   cl_fx.obj
 0001:00006ebf       ?CL_TagTrail@@YAXAAUcentity_t@@@Z 00407ebf f   cl_fx.obj
 0001:00006ed2       ?CL_DebugTrail@@YAXABUCVec3@@0@Z 00407ed2 f   cl_fx.obj
 0001:00006eea       ?CL_ForceWall@@YAXABUCVec3@@0H@Z 00407eea f   cl_fx.obj
 0001:00006f0b       ?CL_BigTeleportParticles@@YAXABUCVec3@@@Z 00407f0b f   cl_fx.obj
 0001:0000703d       ?CL_BfgParticles@@YAXABUCVec3@@@Z 0040803d f   cl_fx.obj
 0001:000071a5       ?CL_FlyEffect@@YAXAAUcentity_t@@@Z 004081a5 f   cl_fx.obj
 0001:00007331       ?CL_DiminishingTrail@@YAXAAUcentity_t@@H@Z 00408331 f   cl_fx.obj
 0001:0000748b       ?CL_RailTrail@@YAXABUCVec3@@0@Z 0040848b f   cl_fx.obj
 0001:000075f2       ?CL_RailTrailExt@@YAXABUCVec3@@0EE@Z 004085f2 f   cl_fx.obj
 0001:00007737       ?CL_IonripperTrail@@YAXAAUcentity_t@@@Z 00408737 f   cl_fx.obj
 0001:00007886       ?CL_TrapParticles@@YAXABUCVec3@@@Z 00408886 f   cl_fx.obj
 0001:00007a1a       ?CL_TeleportParticles@@YAXABUCVec3@@@Z 00408a1a f   cl_fx.obj
 0001:00007b50       ?CL_Heatbeam@@YAXABUCVec3@@0@Z 00408b50 f   cl_fx.obj
 0001:00007df6       ?CL_ParticleSteamEffect@@YAXABUCVec3@@0HHH@Z 00408df6 f   cl_fx.obj
 0001:00007f22       ?CL_ParticleSmokeEffect@@YAXABUCVec3@@0@Z 00408f22 f   cl_fx.obj
 0001:0000802d       ?CL_TrackerTrail@@YAXAAUcentity_t@@@Z 0040902d f   cl_fx.obj
 0001:000081ab       ?CL_TrackerShell@@YAXABUCVec3@@@Z 004091ab f   cl_fx.obj
 0001:00008237       ?CL_MonsterPlasmaShell@@YAXABUCVec3@@@Z 00409237 f   cl_fx.obj
 0001:000082c0       ?CL_WidowSplash@@YAXABUCVec3@@@Z 004092c0 f   cl_fx.obj
 0001:00008391       ?IN_CenterView@@YAXXZ      00409391 f   cl_input.obj
 0001:000083b2       ?CL_InitInput@@YAXXZ       004093b2 f   cl_input.obj
 0001:0000894e       ?CL_SendCmd@@YAXXZ         0040994e f   cl_input.obj
 0001:00008fcc       ?CL_WriteDemoMessage@@YAXXZ 00409fcc f   cl_main.obj
 0001:0000900e       ?Cmd_ForwardToServer@@YAXHPAPAD@Z 0040a00e f   cl_main.obj
 0001:000090d1       ?CL_ForwardToServer_f@@YAXHPAPAD@Z 0040a0d1 f   cl_main.obj
 0001:00009119       ?CL_Pause@@YAX_N@Z         0040a119 f   cl_main.obj
 0001:0000915b       ?CL_Drop@@YAX_N@Z          0040a15b f   cl_main.obj
 0001:00009182       ?CL_SendConnectPacket@@YAXXZ 0040a182 f   cl_main.obj
 0001:000091ee       ?CL_Connect_f@@YAX_NHPAPAD@Z 0040a1ee f   cl_main.obj
 0001:00009259       ?CL_Rcon_f@@YAXHPAPAD@Z    0040a259 f   cl_main.obj
 0001:00009355       ?CL_Disconnect@@YAXXZ      0040a355 f   cl_main.obj
 0001:000094f7       ?CL_Disconnect_f@@YAXXZ    0040a4f7 f   cl_main.obj
 0001:00009501       ?CL_Changing_f@@YAXXZ      0040a501 f   cl_main.obj
 0001:00009525       ?CL_Reconnect_f@@YAXXZ     0040a525 f   cl_main.obj
 0001:000095c1       ?CL_PingServers_f@@YAXXZ   0040a5c1 f   cl_main.obj
 0001:000096da       ?CL_Skins_f@@YAXXZ         0040a6da f   cl_main.obj
 0001:000099c2       ?CL_ConnectionlessPacket@@YAXXZ 0040a9c2 f   cl_main.obj
 0001:00009abf       ?CL_ReadPackets@@YAXXZ     0040aabf f   cl_main.obj
 0001:00009c02       ?CL_Userinfo_f@@YAXXZ      0040ac02 f   cl_main.obj
 0001:00009c1a       ?CL_RegisterSounds@@YAXXZ  0040ac1a f   cl_main.obj
 0001:00009c59       ?CL_Snd_Restart_f@@YAXXZ   0040ac59 f   cl_main.obj
 0001:00009c68       ?CL_WriteConfiguration@@YAXPBD@Z 0040ac68 f   cl_main.obj
 0001:00009d52       ?CL_WriteConfig_f@@YAX_NHPAPAD@Z 0040ad52 f   cl_main.obj
 0001:00009dbd       ?CL_FixCvarCheats@@YAXXZ   0040adbd f   cl_main.obj
 0001:00009e0e       ?CL_Frame@@YAXMM@Z         0040ae0e f   cl_main.obj
 0001:0000a162       ?CL_ClearState@@YAXXZ      0040b162 f   cl_main.obj
 0001:0000a1a0       ?CL_Init@@YAXXZ            0040b1a0 f   cl_main.obj
 0001:0000a65e       ?CL_Shutdown@@YAXXZ        0040b65e f   cl_main.obj
 0001:0000a6ba       ?sprintf@?$TString@$0EAA@@@QAAHPBDZZ 0040b6ba f i cl_main.obj
 0001:0000a6d6       ?CL_ParseClientinfo@@YAXH@Z 0040b6d6 f   cl_parse.obj
 0001:0000a78b       ?CL_UpdatePlayerClientInfo@@YAXXZ 0040b78b f   cl_parse.obj
 0001:0000a7cc       ?CL_ParseServerMessage@@YAXXZ 0040b7cc f   cl_parse.obj
 0001:0000afa6       ?FreePlayerModelsInfo@@YAXXZ 0040bfa6 f   cl_playermodel.obj
 0001:0000afcc       ?ScanQuake3Models@@YAXPBD@Z 0040bfcc f   cl_playermodel.obj
 0001:0000b14b       ?ScanPlayerModels@@YA_NXZ  0040c14b f   cl_playermodel.obj
 0001:0000b409       ?RunAnimation@@YAXAAUclientInfo_t@@AAUanimState_t@@H@Z 0040c409 f   cl_playermodel.obj
 0001:0000b5ea       ?CL_LoadClientinfo@@YAXAAUclientInfo_t@@PBD_N@Z 0040c5ea f   cl_playermodel.obj
 0001:0000c1c6       ?ParsePlayerEntity@@YAHAAUcentity_t@@AAUclientInfo_t@@PAUclEntityState_t@@ABUentity_t@@PAU4@HH@Z 0040d1c6 f   cl_playermodel.obj
 0001:0000cd1c       ?Insert@?$TList@VCStringItem@@@@QAE_NPAVCStringItem@@@Z 0040dd1c f i cl_playermodel.obj
 0001:0000cd1c       ?Insert@?$TList@VplayerModelInfo_t@@@@QAE_NPAVplayerModelInfo_t@@@Z 0040dd1c f i cl_playermodel.obj
 0001:0000cd1c       ?Insert@?$TList@VshaderScript_t@OpenGLDrv@@@@QAE_NPAVshaderScript_t@OpenGLDrv@@@Z 0040dd1c f i cl_playermodel.obj
 0001:0000cd52       ?CL_CheckPredictionError@@YAXXZ 0040dd52 f   cl_pred.obj
 0001:0000cee8       ?CL_EntityTrace@@YAXAAUtrace_t@@ABUCVec3@@1ABUCBox@@H@Z 0040dee8 f   cl_pred.obj
 0001:0000d281       ?CL_Trace@@YAXAAUtrace_t@@ABUCVec3@@1ABUCBox@@H@Z 0040e281 f   cl_pred.obj
 0001:0000d2fd       ?CL_PMpointcontents@@YAHABUCVec3@@@Z 0040e2fd f   cl_pred.obj
 0001:0000d489       ?CL_PredictMovement@@YAXXZ 0040e489 f   cl_pred.obj
 0001:0000d83c       ?DrawString@@YAXHHPBD@Z    0040e83c f   cl_scrn.obj
 0001:0000d881       ?SCR_DebugGraph@@YAXMH@Z   0040e881 f   cl_scrn.obj
 0001:0000d8a9       ?SCR_CenterPrint@@YAXPBD@Z 0040e8a9 f   cl_scrn.obj
 0001:0000d9af       ?Key_Message@@YAXH@Z       0040e9af f   cl_scrn.obj
 0001:0000da4b       ?SCR_SetLevelshot@@YAXPBD@Z 0040ea4b f   cl_scrn.obj
 0001:0000db44       ?SCR_BeginLoadingPlaque@@YAXXZ 0040eb44 f   cl_scrn.obj
 0001:0000dbc9       ?SCR_EndLoadingPlaque@@YAX_N@Z 0040ebc9 f   cl_scrn.obj
 0001:0000dc4e       ?SCR_ShowConsole@@YAX_N0@Z 0040ec4e f   cl_scrn.obj
 0001:0000dd13       ?SCR_ToggleConsole@@YAXXZ  0040ed13 f   cl_scrn.obj
 0001:0000dd3b       ?SCR_TouchPics@@YAXXZ      0040ed3b f   cl_scrn.obj
 0001:0000dd91       ?SCR_UpdateScreen@@YAXXZ   0040ed91 f   cl_scrn.obj
 0001:0000efd5       ?SCR_Init@@YAXXZ           0040ffd5 f   cl_scrn.obj
 0001:0000f304       ?sprintf@?$TString@$0BA@@@QAAHPBDZZ 00410304 f i cl_scrn.obj
 0001:0000f31d       ?CL_RegisterTEntSounds@@YAXXZ 0041031d f   cl_tent.obj
 0001:0000f562       ?CL_RegisterTEntModels@@YAXXZ 00410562 f   cl_tent.obj
 0001:0000f6af       ?CL_ClearTEnts@@YAXXZ      004106af f   cl_tent.obj
 0001:0000f6e0       ?CL_SmokeAndFlash@@YAXABUCVec3@@@Z 004106e0 f   cl_tent.obj
 0001:0000f876       ?CL_ParsePlayerBeam@@YAHPAVCRenderModel@@@Z 00410876 f   cl_tent.obj
 0001:0000f981       ?CL_ParseLightning@@YAHPAVCRenderModel@@@Z 00410981 f   cl_tent.obj
 0001:0000fa43       ?CL_ParseWidow@@YAXXZ      00410a43 f   cl_tent.obj
 0001:0000fb79       ?CL_ParseNuke@@YAXXZ       00410b79 f   cl_tent.obj
 0001:0000fc8c       ?CL_ParseTEnt@@YAXXZ       00410c8c f   cl_tent.obj
 0001:00010a73       ?CL_AddBeams@@YAXXZ        00411a73 f   cl_tent.obj
 0001:00010c75       ?CL_AddPlayerBeams@@YAXXZ  00411c75 f   cl_tent.obj
 0001:0001127c       ?CL_AddTEnts@@YAXXZ        0041227c f   cl_tent.obj
 0001:0001147c       ?V_AddEntity@@YAXPAUentity_t@@@Z 0041247c f   cl_view.obj
 0001:000114b7       ?V_AddEntity2@@YAXPAUentity_t@@@Z 004124b7 f   cl_view.obj
 0001:000114e6       ?AddEntityWithEffects2@@YAXPAUentity_t@@I@Z 004124e6 f   cl_view.obj
 0001:000115a2       ?AddEntityWithEffects@@YAXPAUentity_t@@I@Z 004125a2 f   cl_view.obj
 0001:000115c1       ?V_AddLight@@YAXABUCVec3@@MMMM@Z 004125c1 f   cl_view.obj
 0001:00011606       ?V_TestEntities@@YAXXZ     00412606 f   cl_view.obj
 0001:00011733       ?V_TestLights@@YAXXZ       00412733 f   cl_view.obj
 0001:00011809       ?V_InitRenderer@@YAXXZ     00412809 f   cl_view.obj
 0001:00011bf1       ?CalcFov@@YAMMMM@Z         00412bf1 f   cl_view.obj
 0001:00011c5f       ?V_RenderView@@YA_NXZ      00412c5f f   cl_view.obj
 0001:00012893       ?V_Init@@YAXXZ             00413893 f   cl_view.obj
 0001:00012942       ?Con_ClearNotify@@YAXXZ    00413942 f   console.obj
 0001:00012951       ?Con_CheckResize@@YAXXZ    00413951 f   console.obj
 0001:00012a78       ?Write@COutputDeviceCon@@UAEXPBD@Z 00413a78 f   console.obj
 0001:00012d72       ?Con_DrawNotify@@YAX_N@Z   00413d72 f   console.obj
 0001:00012e8a       ?Con_DrawConsole@@YAXM@Z   00413e8a f   console.obj
 0001:0001313e       ?Con_ClearTyping@@YAXXZ    0041413e f   console.obj
 0001:00013157       ?Key_Console@@YAXHH@Z      00414157 f   console.obj
 0001:0001359f       ?Con_Init@@YAXXZ           0041459f f   console.obj
 0001:00013711       ?Key_KeynumToString@@YAPBDH@Z 00414711 f   keys.obj
 0001:000137d1       ?Draw@completeMenu_t@@UAEXXZ 004147d1 f i keys.obj
 0001:00013802       ?KeyDown@completeMenu_t@@UAEPBDH@Z 00414802 f i keys.obj
 0001:0001382b       ?Init@completeMenu_t@@UAE_NXZ 0041482b f i keys.obj
 0001:00013952       ?CompleteMenuCallback@completeMenu_t@@SAXPAX@Z 00414952 f i keys.obj
 0001:000139e0       ?CompleteCommand@@YAXXZ    004149e0 f   keys.obj
 0001:00014115       ?Key_SetBinding@@YAXHPBD@Z 00415115 f   keys.obj
 0001:00014153       ?Key_FindBinding@@YAHPBDPAHH@Z 00415153 f   keys.obj
 0001:000141a1       ?Key_WriteBindings@@YAXPAVCOutputDevice@@@Z 004151a1 f   keys.obj
 0001:000141e8       ?Key_Init@@YAXXZ           004151e8 f   keys.obj
 0001:000144cc       ?Key_Event@@YAXH_N@Z       004154cc f   keys.obj
 0001:00014825       ?Key_ClearStates@@YAXXZ    00415825 f   keys.obj
 0001:0001485a       ?M_ForceMenuOn@@YAXXZ      0041585a f   menu.obj
 0001:00014879       ?Draw@menuMain_t@@UAEXXZ   00415879 f i menu.obj
 0001:000149b5       ?KeyDown@menuMain_t@@UAEPBDH@Z 004159b5 f i menu.obj
 0001:00014a71       ?Init@menuMain_t@@UAE_NXZ  00415a71 f i menu.obj
 0001:00014a79       ?M_Menu_Main_f@@YAXXZ      00415a79 f   menu.obj
 0001:00014a93       ?Init@multiplayerMenu_t@@UAE_NXZ 00415a93 f i menu.obj
 0001:00014bb7       ?Init@keysMenu_t@@UAE_NXZ  00415bb7 f i menu.obj
 0001:00014d9c       ?KeyCursorDrawFunc@keysMenu_t@@SAXPAUmenuFramework_t@@@Z 00415d9c f i menu.obj
 0001:00014ddc       ?DrawKeyBindingFunc@keysMenu_t@@SAXPAX@Z 00415ddc f i menu.obj
 0001:00014ea3       ?KeyDown@keysMenu_t@@UAEPBDH@Z 00415ea3 f i menu.obj
 0001:00014f50       ?UnbindCommand@keysMenu_t@@QAEXPAD@Z 00415f50 f i menu.obj
 0001:00014f95       ?KeyBindingFunc@keysMenu_t@@QAEXPAX@Z 00415f95 f i menu.obj
 0001:00014ff4       ?Init@optionsMenu_t@@UAE_NXZ 00415ff4 f i menu.obj
 0001:00015452       ?CrosshairFunc@optionsMenu_t@@SAXPAX@Z 00416452 f i menu.obj
 0001:0001547a       ?JoystickFunc@optionsMenu_t@@SAXPAX@Z 0041647a f i menu.obj
 0001:0001548f       ?AlwaysRunFunc@optionsMenu_t@@SAXPAX@Z 0041648f f i menu.obj
 0001:000154a4       ?FreeLookFunc@optionsMenu_t@@SAXPAX@Z 004164a4 f i menu.obj
 0001:000154b9       ?MouseSpeedFunc@optionsMenu_t@@SAXPAX@Z 004164b9 f i menu.obj
 0001:000154d6       ?InvertMouseFunc@optionsMenu_t@@SAXPAX@Z 004164d6 f i menu.obj
 0001:000154f1       ?LookspringFunc@optionsMenu_t@@SAXPAX@Z 004164f1 f i menu.obj
 0001:0001550d       ?LookstrafeFunc@optionsMenu_t@@SAXPAX@Z 0041650d f i menu.obj
 0001:00015529       ?UpdateVolumeFunc@optionsMenu_t@@SAXPAX@Z 00416529 f i menu.obj
 0001:00015546       ?UpdateCDVolumeFunc@optionsMenu_t@@SAXPAX@Z 00416546 f i menu.obj
 0001:00015560       ?SetMenuItemValues@optionsMenu_t@@SAXXZ 00416560 f i menu.obj
 0001:0001573e       ?ResetDefaultsFunc@optionsMenu_t@@SAXPAX@Z 0041673e f i menu.obj
 0001:00015753       ?UpdateSoundFunc@optionsMenu_t@@SAXPAX@Z 00416753 f i menu.obj
 0001:00015956       ?ScanCrosshairs@optionsMenu_t@@SAXXZ 00416956 f i menu.obj
 0001:000159b3       ?Draw@optionsMenu_t@@UAEXXZ 004169b3 f i menu.obj
 0001:00015a18       ?Draw@creditsMenu_t@@UAEXXZ 00416a18 f i menu.obj
 0001:00015abf       ?KeyDown@creditsMenu_t@@UAEPBDH@Z 00416abf f i menu.obj
 0001:00015afa       ?Init@creditsMenu_t@@UAE_NXZ 00416afa f i menu.obj
 0001:00015bc2       ?Init@gameMenu_t@@UAE_NXZ  00416bc2 f i menu.obj
 0001:00015d4d       ?EasyGameFunc@gameMenu_t@@SAXPAX@Z 00416d4d f i menu.obj
 0001:00015d59       ?StartGame@gameMenu_t@@SAXPBD@Z 00416d59 f i menu.obj
 0001:00015db1       ?MediumGameFunc@gameMenu_t@@SAXPAX@Z 00416db1 f i menu.obj
 0001:00015dbd       ?HardGameFunc@gameMenu_t@@SAXPAX@Z 00416dbd f i menu.obj
 0001:00015dd9       ?Init@savegameMenu_t@@UAE_NXZ 00416dd9 f i menu.obj
 0001:00015ee9       ?Create_Savestrings@savegameMenu_t@@QAEXXZ 00416ee9 f i menu.obj
 0001:00015f93       ?LoadGameCallback@savegameMenu_t@@SAXPAX@Z 00416f93 f i menu.obj
 0001:00015fbc       ?SaveGameCallback@savegameMenu_t@@SAXPAX@Z 00416fbc f i menu.obj
 0001:00015fdb       ?Draw@savegameMenu_t@@UAEXXZ 00416fdb f i menu.obj
 0001:00015ff6       ?DrawSavegameShot@savegameMenu_t@@QAEXHH@Z 00416ff6 f i menu.obj
 0001:000160d1       ?Init@joinserverMenu_t@@UAE_NXZ 004170d1 f i menu.obj
 0001:000161fa       ?JoinServerFunc@joinserverMenu_t@@SAXPAX@Z 004171fa f i menu.obj
 0001:0001625c       ?SearchLocalGames@joinserverMenu_t@@SAXXZ 0041725c f i menu.obj
 0001:000162c7       ?M_AddToServerList@@YAXUnetadr_t@@PAD@Z 004172c7 f   menu.obj
 0001:00016348       ?Init@startserverMenu_t@@UAE_NXZ 00417348 f i menu.obj
 0001:000167ea       ?DMOptionsFunc@startserverMenu_t@@SAXPAX@Z 004177ea f i menu.obj
 0001:000167fa       ?RulesChangeFunc@startserverMenu_t@@SAXPAX@Z 004177fa f i menu.obj
 0001:00016874       ?StartServerActionFunc@startserverMenu_t@@SAXPAX@Z 00417874 f i menu.obj
 0001:0001689f       ?StartServerFunc@startserverMenu_t@@SAXPAD@Z 0041789f f i menu.obj
 0001:00016ad6       ?KeyDown@startserverMenu_t@@UAEPBDH@Z 00417ad6 f i menu.obj
 0001:00016b33       ?Init@dmoptionsMenu_t@@UAE_NXZ 00417b33 f i menu.obj
 0001:00017112       ?DMFlagCallback@dmoptionsMenu_t@@SAXPAX@Z 00418112 f i menu.obj
 0001:000172ed       ?Init@downloadOptionsMenu_t@@UAE_NXZ 004182ed f i menu.obj
 0001:000174b8       ?DownloadCallback@downloadOptionsMenu_t@@SAXPAX@Z 004184b8 f i menu.obj
 0001:00017523       ?Init@addressBookMenu_t@@UAE_NXZ 00418523 f i menu.obj
 0001:000175cb       ?KeyDown@addressBookMenu_t@@UAEPBDH@Z 004185cb f i menu.obj
 0001:00017628       ?Init@playerConfigMenu_t@@UAE_NXZ 00418628 f i menu.obj
 0001:00017b6f       ?HandednessCallback@playerConfigMenu_t@@SAXPAX@Z 00418b6f f i menu.obj
 0001:00017b84       ?RTypeCallback@playerConfigMenu_t@@SAXPAX@Z 00418b84 f i menu.obj
 0001:00017b99       ?RColorCallback@playerConfigMenu_t@@SAXPAX@Z 00418b99 f i menu.obj
 0001:00017bae       ?RateCallback@playerConfigMenu_t@@SAXPAX@Z 00418bae f i menu.obj
 0001:00017bd1       ?ModelCallback@playerConfigMenu_t@@SAXPAX@Z 00418bd1 f i menu.obj
 0001:00017c05       ?SkinCallback@playerConfigMenu_t@@SAXPAX@Z 00418c05 f i menu.obj
 0001:00017c0d       ?Draw@playerConfigMenu_t@@UAEXXZ 00418c0d f i menu.obj
 0001:00017eef       ?KeyDown@playerConfigMenu_t@@UAEPBDH@Z 00418eef f i menu.obj
 0001:00017fce       ?Init@dmbrowseMenu_t@@UAE_NXZ 00418fce f i menu.obj
 0001:000181d4       ?KeyDown@dmbrowseMenu_t@@UAEPBDH@Z 004191d4 f i menu.obj
 0001:00018398       ?Draw@dmbrowseMenu_t@@UAEXXZ 00419398 f i menu.obj
 0001:000184dd       ?DrawThumbnail@dmbrowseMenu_t@@SAXHHHHPAD_N@Z 004194dd f i menu.obj
 0001:000185c4       ?Init@videoMenu_t@@UAE_NXZ 004195c4 f i menu.obj
 0001:00018b7d       ?ScreenSizeCallback@videoMenu_t@@SAXPAX@Z 00419b7d f i menu.obj
 0001:00018b9b       ?BrightnessCallback@videoMenu_t@@SAXPAX@Z 00419b9b f i menu.obj
 0001:00018bb9       ?ContrastCallback@videoMenu_t@@SAXPAX@Z 00419bb9 f i menu.obj
 0001:00018bf2       ?CancelChanges@videoMenu_t@@SAXPAX@Z 00419bf2 f i menu.obj
 0001:00018c13       ?KeyDown@videoMenu_t@@UAEPBDH@Z 00419c13 f i menu.obj
 0001:00018c5a       ?ApplyChanges@videoMenu_t@@SAXPAX@Z 00419c5a f i menu.obj
 0001:00018e11       ?KeyDown@quitMenu_t@@UAEPBDH@Z 00419e11 f i menu.obj
 0001:00018e4b       ?Draw@quitMenu_t@@UAEXXZ   00419e4b f i menu.obj
 0001:00018ebb       ?M_Init@@YAXXZ             00419ebb f   menu.obj
 0001:0001909d       ?ItemAtCursor@menuFramework_t@@QAEPAUmenuCommon_t@@XZ 0041a09d f   qmenu.obj
 0001:000190f1       ?AddItem@menuFramework_t@@QAEXPAUmenuCommon_t@@@Z 0041a0f1 f   qmenu.obj
 0001:000191ad       ?AdjustCursor@menuFramework_t@@QAEXH@Z 0041a1ad f   qmenu.obj
 0001:0001931c       ?Center@menuFramework_t@@QAEXXZ 0041a31c f   qmenu.obj
 0001:0001935d       ?Draw@menuFramework_t@@UAEXXZ 0041a35d f   qmenu.obj
 0001:00019922       ?SelectItem@menuFramework_t@@QAE_NXZ 0041a922 f   qmenu.obj
 0001:00019980       ?SetStatusBar@menuFramework_t@@QAEXPBD@Z 0041a980 f   qmenu.obj
 0001:0001998a       ?SlideItem@menuFramework_t@@QAEXH@Z 0041a98a f   qmenu.obj
 0001:00019f07       ?Push@menuFramework_t@@QAEXXZ 0041af07 f   qmenu.obj
 0001:00019f86       ?M_ForceMenuOff@@YAXXZ     0041af86 f   qmenu.obj
 0001:00019fb3       ?Pop@menuFramework_t@@QAEXXZ 0041afb3 f   qmenu.obj
 0001:00019fed       ?KeyDown@menuFramework_t@@UAEPBDH@Z 0041afed f   qmenu.obj
 0001:0001a261       ?Init@menuFramework_t@@UAE_NXZ 0041b261 f   qmenu.obj
 0001:0001a264       ?M_Draw@@YAXXZ             0041b264 f   qmenu.obj
 0001:0001a29f       ?M_Keydown@@YAXH@Z         0041b29f f   qmenu.obj
 0001:0001a2be       ?InitRendererVars@@YAXXZ   0041b2be f   ref_vars.obj
 0001:0001a2dd       ?S_SoundInfo_f@@YAXXZ      0041b2dd f   snd_dma.obj
 0001:0001a367       ?S_Init@@YAXXZ             0041b367 f   snd_dma.obj
 0001:0001a439       ?S_Shutdown@@YAXXZ         0041b439 f   snd_dma.obj
 0001:0001a4cc       ?S_BeginRegistration@@YAXXZ 0041b4cc f   snd_dma.obj
 0001:0001a4da       ?S_RegisterSound@@YAPAUsfx_t@@PBD@Z 0041b4da f   snd_dma.obj
 0001:0001a670       ?S_EndRegistration@@YAXXZ  0041b670 f   snd_dma.obj
 0001:0001a6f3       ?S_PickChannel@@YAPAUchannel_t@@HH@Z 0041b6f3 f   snd_dma.obj
 0001:0001a780       ?S_Spatialize@@YAXPAUchannel_t@@@Z 0041b780 f   snd_dma.obj
 0001:0001a960       ?S_AllocPlaysound@@YAPAUplaysound_t@@XZ 0041b960 f   snd_dma.obj
 0001:0001a982       ?S_FreePlaysound@@YAXPAUplaysound_t@@@Z 0041b982 f   snd_dma.obj
 0001:0001a9b2       ?S_IssuePlaysound@@YAXPAUplaysound_t@@@Z 0041b9b2 f   snd_dma.obj
 0001:0001aa7f       ?S_StartSound@@YAXPBUCVec3@@HHPAUsfx_t@@MMM@Z 0041ba7f f   snd_dma.obj
 0001:0001ae2e       ?S_StartLocalSound@@YAXPBD@Z 0041be2e f   snd_dma.obj
 0001:0001ae7d       ?S_ClearBuffer@@YAXXZ      0041be7d f   snd_dma.obj
 0001:0001aee6       ?S_StopAllSounds_f@@YAXXZ  0041bee6 f   snd_dma.obj
 0001:0001af56       ?S_AddLoopSounds@@YAXXZ    0041bf56 f   snd_dma.obj
 0001:0001b12c       ?S_RawSamples@@YAXHHHHPAE@Z 0041c12c f   snd_dma.obj
 0001:0001b330       ?S_Update@@YAXABUCVec3@@0@Z 0041c330 f   snd_dma.obj
 0001:0001b406       ?GetSoundtime@@YAXXZ       0041c406 f   snd_dma.obj
 0001:0001b46d       ?S_Update_@@YAXXZ          0041c46d f   snd_dma.obj
 0001:0001b720       ?ResampleSfx@@YAXPAUsfx_t@@HHPAE@Z 0041c720 f   snd_mem.obj
 0001:0001b83b       ?S_LoadSound@@YAPAUsfxcache_t@@PAUsfx_t@@@Z 0041c83b f   snd_mem.obj
 0001:0001b973       ?GetWavinfo@@YA?AUwavinfo_t@@PADPAEH@Z 0041c973 f   snd_mem.obj
 0001:0001bbb5       ?S_WriteLinearBlastStereo16@@YAXXZ 0041cbb5 f   snd_mix.obj
 0001:0001bc29       ?S_TransferStereo16@@YAXPAKH@Z 0041cc29 f   snd_mix.obj
 0001:0001bc92       ?S_TransferPaintBuffer@@YAXH@Z 0041cc92 f   snd_mix.obj
 0001:0001bdf6       ?S_PaintChannels@@YAXH@Z   0041cdf6 f   snd_mix.obj
 0001:0001c072       ?S_InitScaletable@@YAXXZ   0041d072 f   snd_mix.obj
 0001:0001c233       ?SV_ComputeAnimation@@YAXPAUplayer_state_t@@AAUentityStateEx_t@@PAU2@PAUedict_s@@@Z 0041d233 f   sv_anim.obj
 0001:0001c630       ?SV_ReadLevelFile@@YAXXZ   0041d630 f   sv_ccmds.obj
 0001:0001c6de       ?SV_AddressBanned@@YA_NPAUnetadr_t@@@Z 0041d6de f   sv_ccmds.obj
 0001:0001c71f       ?SV_InitCommands@@YAXXZ    0041d71f f   sv_ccmds.obj
 0001:0001db57       ?sprintf@?$TString@$0CI@@@QAAHPBDZZ 0041eb57 f i sv_ccmds.obj
 0001:0001db70       ?SV_WriteFrameToClient@@YAXPAUclient_t@@PAVsizebuf_t@@@Z 0041eb70 f   sv_ents.obj
 0001:0001e2b6       ?SV_RecordDemoMessage@@YAXXZ 0041f2b6 f   sv_ents.obj
 0001:0001ee88       ?SV_InitGameLibrary@@YAX_N@Z 0041fe88 f   sv_game.obj
 0001:0001efce       ?SV_ShutdownGameLibrary@@YAXXZ 0041ffce f   sv_game.obj
 0001:0001f12b       ?SV_FindIndex@@YAHPBDHH_N@Z 0042012b f   sv_init.obj
 0001:0001f238       ?SV_ModelIndex@@YAHPBD@Z   00420238 f   sv_init.obj
 0001:0001f24e       ?SV_SoundIndex@@YAHPBD@Z   0042024e f   sv_init.obj
 0001:0001f267       ?SV_ImageIndex@@YAHPBD@Z   00420267 f   sv_init.obj
 0001:0001f280       ?SV_CreateBaseline@@YAXXZ  00420280 f   sv_init.obj
 0001:0001f2fd       ?SV_SpawnServer@@YAXPAD0W4server_state_t@@_N2@Z 004202fd f   sv_init.obj
 0001:0001f625       ?SV_InitGame@@YAXXZ        00420625 f   sv_init.obj
 0001:0001f85b       ?SV_Map@@YAX_NPBD0@Z       0042085b f   sv_init.obj
 0001:0001fa1d       ?SV_DropClient@@YAXPAUclient_t@@PAD@Z 00420a1d f   sv_main.obj
 0001:000203b4       ??0COutputDeviceMem@@QAE@H@Z 004213b4 f i sv_main.obj
 0001:000203e7       ?Close@COutputDevice@@UAEXXZ 004213e7 f i sv_main.obj
 0001:000203e7       ?Flush@COutputDevice@@UAEXXZ 004213e7 f i sv_main.obj
 0001:000203e8       ?Write@COutputDeviceMem@@UAEXPBD@Z 004213e8 f i sv_main.obj
 0001:0002046d       ??_GCOutputDeviceMem@@QAEPAXI@Z 0042146d f i sv_main.obj
 0001:00020498       ?SV_ConnectionlessPacket@@YAXXZ 00421498 f   sv_main.obj
 0001:00020563       ?SV_CalcPings@@YAXXZ       00421563 f   sv_main.obj
 0001:000205ea       ?SV_GiveMsec@@YAXXZ        004215ea f   sv_main.obj
 0001:00020629       ?SV_ReadPackets@@YAXXZ     00421629 f   sv_main.obj
 0001:00020771       ?SV_CheckTimeouts@@YAXXZ   00421771 f   sv_main.obj
 0001:00020882       ?SV_PostprocessFrame@@YAXXZ 00421882 f   sv_main.obj
 0001:00020d3f       ?SV_MulticastHook@@YAPAVsizebuf_t@@PAV1@0@Z 00421d3f f   sv_main.obj
 0001:0002112f       ?SV_TraceHook@@YA?AUtrace_t@@ABUCVec3@@PBU2@10PAUedict_s@@H@Z 0042212f f   sv_main.obj
 0001:000212cd       ?SV_Frame@@YAXM@Z          004222cd f   sv_main.obj
 0001:00021586       ?SV_UserinfoChanged@@YAXPAUclient_t@@@Z 00422586 f   sv_main.obj
 0001:0002164a       ?SV_InitVars@@YAXXZ        0042264a f   sv_main.obj
 0001:00021659       ?SV_Init@@YAXXZ            00422659 f   sv_main.obj
 0001:000216b2       ?SV_Shutdown@@YAXPBD_N@Z   004226b2 f   sv_main.obj
 0001:000218b8       ?SV_ClientPrintf@@YAXPAUclient_t@@HPBDZZ 004228b8 f   sv_send.obj
 0001:00021913       ?SV_BroadcastPrintf@@YAXHPBDZZ 00422913 f   sv_send.obj
 0001:000219e9       ?SV_BroadcastCommand@@YAXPBDZZ 004229e9 f   sv_send.obj
 0001:00021a41       ?SV_Multicast@@YAXABUCVec3@@W4multicast_t@@_N@Z 00422a41 f   sv_send.obj
 0001:00021c67       ?SV_MulticastOld@@YAXABUCVec3@@W4multicast_t@@@Z 00422c67 f   sv_send.obj
 0001:00021c7a       ?SV_MulticastNew@@YAXABUCVec3@@W4multicast_t@@@Z 00422c7a f   sv_send.obj
 0001:00021c8d       ?SV_StartSound@@YAXPBUCVec3@@PAUedict_s@@HHMMM_N@Z 00422c8d f   sv_send.obj
 0001:00021f5a       ?SV_StartSoundOld@@YAXPBUCVec3@@PAUedict_s@@HHMMM@Z 00422f5a f   sv_send.obj
 0001:00021f8a       ?SV_StartSoundNew@@YAXPBUCVec3@@PAUedict_s@@HHMMM@Z 00422f8a f   sv_send.obj
 0001:00021fba       ?SV_SendClientDatagram@@YA_NPAUclient_t@@@Z 00422fba f   sv_send.obj
 0001:0002207c       ?SV_DemoCompleted@@YAXXZ   0042307c f   sv_send.obj
 0001:00022098       ?SV_RateDrop@@YA_NPAUclient_t@@@Z 00423098 f   sv_send.obj
 0001:000220e2       ?SV_SendClientMessages@@YAXXZ 004230e2 f   sv_send.obj
 0001:00022249       ?SV_DrawText3D@@YAXABUCVec3@@PBDI@Z 00423249 f   sv_text.obj
 0001:00022280       ?SV_ClearTexts@@YAXXZ      00423280 f   sv_text.obj
 0001:00022288       ?SV_DrawTexts@@YAXXZ       00423288 f   sv_text.obj
 0001:000222d9       ?SV_TokenizeString@@YAXPBD@Z 004232d9 f   sv_tokenize.obj
 0001:000223b0       ?SV_Argc@@YAHXZ            004233b0 f   sv_tokenize.obj
 0001:000223b6       ?SV_Argv@@YAPADH@Z         004233b6 f   sv_tokenize.obj
 0001:000223d0       ?SV_Args@@YAPADXZ          004233d0 f   sv_tokenize.obj
 0001:00022c80       ?SV_Nextserver@@YAXXZ      00423c80 f   sv_user.obj
 0001:00022d0f       ?SV_ClientThink@@YAXPAUclient_t@@PAUusercmd_t@@@Z 00423d0f f   sv_user.obj
 0001:00022d52       ?SV_ExecuteClientMessage@@YAXPAUclient_t@@@Z 00423d52 f   sv_user.obj
 0001:00023019       ?SV_ClearWorld@@YAXXZ      00424019 f   sv_world.obj
 0001:00023154       ?SV_UnlinkEdict@@YAXPAUedict_s@@@Z 00424154 f   sv_world.obj
 0001:00023217       ?SV_LinkEdict@@YAXPAUedict_s@@@Z 00424217 f   sv_world.obj
 0001:00023802       ?SV_AreaEdicts@@YAHABUCVec3@@0PAPAUedict_s@@HH@Z 00424802 f   sv_world.obj
 0001:000239b3       ?SV_PointContents@@YAHABUCVec3@@@Z 004249b3 f   sv_world.obj
 0001:00023ada       ?SV_Trace@@YAXAAUtrace_t@@ABUCVec3@@1ABUCBox@@PAUedict_s@@H@Z 00424ada f   sv_world.obj
 0001:00023f59       ?InitByteDirs@@YAXXZ       00424f59 f   anorms.obj
 0001:00023f98       ?Cbuf_AddText@@YAXPBD@Z    00424f98 f   cmd.obj
 0001:00023ffa       ?Cbuf_CopyToDefer@@YAXXZ   00424ffa f   cmd.obj
 0001:00024042       ?Cbuf_InsertFromDefer@@YAXXZ 00425042 f   cmd.obj
 0001:000240fb       ?Cbuf_Execute@@YAXXZ       004250fb f   cmd.obj
 0001:00024201       ?Cmd_Unalias_f@@YAX_NHPAPAD@Z 00425201 f   cmd.obj
 0001:00024277       ?Cmd_WriteAliases@@YAXPAVCOutputDevice@@@Z 00425277 f   cmd.obj
 0001:000242a7       ?RegisterCommand@@YA_NPBDP6AXXZH@Z 004252a7 f   cmd.obj
 0001:00024375       ?UnregisterCommand@@YA_NPBD@Z 00425375 f   cmd.obj
 0001:00024406       ?ExecuteCommand@@YA_NPBD@Z 00425406 f   cmd.obj
 0001:00024859       ?ExecuteCommand@@YA_NPBDPBUCSimpleCommand@@H@Z 00425859 f   cmd.obj
 0001:00024c83       ?CM_LoadMap@@YAPAUcmodel_t@@PBD_NPAI@Z 00425c83 f   cmodel.obj
 0001:000253b4       ?SetSignbits@cplane_t@@QAEXXZ 004263b4 f i cmodel.obj
 0001:000253e8       ?SetType@cplane_t@@QAEXXZ  004263e8 f i cmodel.obj
 0001:000255a4       ?CM_InlineModel@@YAPAUcmodel_t@@PBD@Z 004265a4 f   cmodel.obj
 0001:000255e5       ?CM_NumClusters@@YAHXZ     004265e5 f   cmodel.obj
 0001:000255eb       ?CM_NumInlineModels@@YAHXZ 004265eb f   cmodel.obj
 0001:000255f1       ?CM_EntityString@@YAPBDXZ  004265f1 f   cmodel.obj
 0001:000255f7       ?CM_LeafContents@@YAHH@Z   004265f7 f   cmodel.obj
 0001:0002561e       ?CM_LeafCluster@@YAHH@Z    0042661e f   cmodel.obj
 0001:00025694       ?CM_LeafArea@@YAHH@Z       00426694 f   cmodel.obj
 0001:00025857       ?CM_HeadnodeForBox@@YAHABUCBox@@@Z 00426857 f   cmodel.obj
 0001:0002590c       ?CM_PointLeafnum@@YAHABUCVec3@@H@Z 0042690c f   cmodel.obj
 0001:000259af       ?DistanceTo@cplane_t@@QAEMABUCVec3@@@Z 004269af f i cmodel.obj
 0001:000259f3       ?CM_PointContents@@YAHABUCVec3@@H@Z 004269f3 f   cmodel.obj
 0001:00025a68       ?CM_TransformedPointContents@@YAHABUCVec3@@H00@Z 00426a68 f   cmodel.obj
 0001:00025b49       ?CM_TransformedPointContents@@YAHABUCVec3@@H0ABUCAxis@@@Z 00426b49 f   cmodel.obj
 0001:00025bf4       ?CM_BoxLeafnums@@YAHABUCBox@@PAHH1H@Z 00426bf4 f   cmodel.obj
 0001:00025cfd       ?BOX_ON_PLANE_SIDE@@YAHABUCBox@@ABUcplane_t@@@Z 00426cfd f i cmodel.obj
 0001:00025d67       ?CM_BoxTrace@@YAXAAUtrace_t@@ABUCVec3@@1ABUCBox@@HH@Z 00426d67 f   cmodel.obj
 0001:00026709       ?CM_TransformedBoxTrace@@YAXAAUtrace_t@@ABUCVec3@@1ABUCBox@@HH11@Z 00427709 f   cmodel.obj
 0001:00026886       ?CM_TransformedBoxTrace@@YAXAAUtrace_t@@ABUCVec3@@1ABUCBox@@HH1ABUCAxis@@@Z 00427886 f   cmodel.obj
 0001:00026943       ?CM_BrushTrace@@YAHABUCVec3@@0PAHH@Z 00427943 f   cmodel.obj
 0001:00026d55       ?CM_RefineBrushTrace@@YAHABUCVec3@@0PAHH@Z 00427d55 f   cmodel.obj
 0001:00026dfb       ?CM_ClusterPVS@@YAPAEH@Z   00427dfb f   cmodel.obj
 0001:00026f3f       ?CM_ClusterPHS@@YAPAEH@Z   00427f3f f   cmodel.obj
 0001:000270a2       ?CM_SetAreaPortalState@@YAXH_N@Z 004280a2 f   cmodel.obj
 0001:000270c7       ?CM_AreasConnected@@YA_NHH@Z 004280c7 f   cmodel.obj
 0001:0002710b       ?CM_WriteAreaBits@@YAHPAEH@Z 0042810b f   cmodel.obj
 0001:000271ad       ?CM_WritePortalState@@YAXPAU_iobuf@@@Z 004281ad f   cmodel.obj
 0001:000271c7       ?CM_ReadPortalState@@YAXPAU_iobuf@@@Z 004281c7 f   cmodel.obj
 0001:000271e5       ?CM_HeadnodeVisible@@YA_NHPBE@Z 004281e5 f   cmodel.obj
 0001:000272c0       ?Com_DPrintf@@YAXPBDZZ     004282c0 f   common.obj
 0001:00027339       ?DebugPrintf@@YAXPBDZZ     00428339 f   common.obj
 0001:000273b6       ?IPWildcard@@YA_NPAUnetadr_t@@PBD@Z 004283b6 f   common.obj
 0001:0002748d       ?Com_ServerState@@YA?AW4server_state_t@@XZ 0042848d f   common.obj
 0001:00027493       ?Com_SetServerState@@YAXW4server_state_t@@@Z 00428493 f   common.obj
 0001:0002749d       ?frand@@YAMXZ              0042849d f   common.obj
 0001:000274b5       ?crand@@YAMXZ              004284b5 f   common.obj
 0001:000274d3       ?Info_ValueForKey@@YAPBDPBD0@Z 004284d3 f   common.obj
 0001:00027552       ?Info_SetValueForKey@@YAXPADPBD1@Z 00428552 f   common.obj
 0001:000276b5       ?Info_Print@@YAXPBD@Z      004286b5 f   common.obj
 0001:0002773b       ?Com_CheckCmdlineVar@@YA_NPBD@Z 0042873b f   common.obj
 0001:00027791       ?Com_Init@@YAXPBD@Z        00428791 f   common.obj
 0001:00027b3d       ?Com_Frame@@YAXM@Z         00428b3d f   common.obj
 0001:00027f3d       ?Com_BlockSequenceCRCByte@@YAEPAEHH@Z 00428f3d f   crc.obj
 0001:00027ff3       ?Cvar_VariableValue@@YAMPBD@Z 00428ff3 f   cvar.obj
 0001:00028061       ?Cvar_VariableInt@@YAHPBD@Z 00429061 f   cvar.obj
 0001:00028074       ?Cvar_VariableString@@YAPBDPBD@Z 00429074 f   cvar.obj
 0001:0002808c       ?Cvar_Get@@YAPAUcvar_t@@PBD0H@Z 0042908c f   cvar.obj
 0001:000283e8       ?Cvar_GetVars@@YAXPBUcvarInfo_t@@H@Z 004293e8 f   cvar.obj
 0001:00028492       ?Cvar_FullSet@@YAXPAUcvar_t@@PBDI@Z 00429492 f   cvar.obj
 0001:000284c4       ?Cvar_FullSet@@YAPAUcvar_t@@PBD0I@Z 004294c4 f   cvar.obj
 0001:00028504       ?Cvar_SetValue@@YAPAUcvar_t@@PBDM@Z 00429504 f   cvar.obj
 0001:000286d1       ?Cvar_SetInteger@@YAPAUcvar_t@@PBDH@Z 004296d1 f   cvar.obj
 0001:000286f3       ?Cvar_Set@@YAPAUcvar_t@@PBD0@Z 004296f3 f   cvar.obj
 0001:00028708       ?Cvar_ForceSet@@YAPAUcvar_t@@PBD0@Z 00429708 f   cvar.obj
 0001:0002871d       ?Cvar_Clamp@@YAMPAUcvar_t@@MM@Z 0042971d f   cvar.obj
 0001:0002877b       ?Cvar_Command@@YA_NHPAPAD@Z 0042977b f   cvar.obj
 0001:00028814       ?IsDefault@cvar_t@@QAE_NXZ 00429814 f i cvar.obj
 0001:00028831       ?Cvar_WriteVariables@@YAXPAVCOutputDevice@@HHPBD@Z 00429831 f   cvar.obj
 0001:000288b7       ?Cvar_Userinfo@@YAPBDXZ    004298b7 f   cvar.obj
 0001:00028912       ?Cvar_Serverinfo@@YAPBDXZ  00429912 f   cvar.obj
 0001:0002891b       ?Cvar_Cheats@@YAX_N@Z      0042991b f   cvar.obj
 0001:0002918f       ?MSG_WriteDeltaEntity@@YAXPAVsizebuf_t@@PBUentityStateEx_t@@PAU2@_N33@Z 0042a18f f   entdelta.obj
 0001:0002974b       ?MSG_WriteRemoveEntity@@YAXPAVsizebuf_t@@H@Z 0042a74b f   entdelta.obj
 0001:0002978b       ?MSG_ReadEntityBits@@YAHPAVsizebuf_t@@PAIPA_N@Z 0042a78b f   entdelta.obj
 0001:000297fc       ?MSG_ReadDeltaEntity@@YAXPAVsizebuf_t@@PBUentityStateEx_t@@PAU2@I@Z 0042a7fc f   entdelta.obj
 0001:0002987f       ?MSG_WriteDeltaUsercmd@@YAXPAVsizebuf_t@@PBUusercmd_t@@PAU2@@Z 0042a87f f   entdelta.obj
 0001:0002990e       ?MSG_ReadDeltaUsercmd@@YAXPAVsizebuf_t@@PBUusercmd_t@@PAU2@@Z 0042a90e f   entdelta.obj
 0001:00029c11       ?MSG_WriteDeltaPlayerstate@@YAXPAVsizebuf_t@@PBUplayer_state_t@@PAU2@@Z 0042ac11 f   entdelta.obj
 0001:00029d1a       ?MSG_ReadDeltaPlayerstate@@YAXPAVsizebuf_t@@PBUplayer_state_t@@PAU2@@Z 0042ad1a f   entdelta.obj
 0001:00029dee       ?FS_CreatePath@@YAXPBD@Z   0042adee f   files.obj
 0001:00029e5a       ?FS_CopyFile@@YAXPBD0@Z    0042ae5a f   files.obj
 0001:00029f5d       ?FS_CopyFiles@@YAXPBD0@Z   0042af5d f   files.obj
 0001:0002a036       ?FS_RemoveFiles@@YAXPBD@Z  0042b036 f   files.obj
 0001:0002a0aa       ?FS_FCloseFile@@YAXPAVQFILE@@@Z 0042b0aa f   files.obj
 0001:0002a148       ?FS_FOpenFile@@YAPAVQFILE@@PBDPAH@Z 0042b148 f   files.obj
 0001:0002a5b6       ?FS_FileExists@@YA_NPBD@Z  0042b5b6 f   files.obj
 0001:0002a77b       ?FS_Read@@YAXPAXHPAVQFILE@@@Z 0042b77b f   files.obj
 0001:0002a9df       ?FS_LoadFile@@YAPAXPBDPAI@Z 0042b9df f   files.obj
 0001:0002aa82       ?FS_FreeFile@@YAXPAX@Z     0042ba82 f   files.obj
 0001:0002aa8d       ?FS_Gamedir@@YAPBDXZ       0042ba8d f   files.obj
 0001:0002aaa1       ?FS_LoadGameConfig@@YAXXZ  0042baa1 f   files.obj
 0001:0002ab61       ?FS_SetGamedir@@YA_NPBD@Z  0042bb61 f   files.obj
 0001:0002b238       ?FS_ListFiles@@YA?AV?$TList@VCStringItem@@@@PBDH@Z 0042c238 f   files.obj
 0001:0002b5d5       ?FS_NextPath@@YAPADPBD@Z   0042c5d5 f   files.obj
 0001:0002b5f9       ?FS_InitFilesystem@@YAXXZ  0042c5f9 f   files.obj
 0001:0002be78       ?CreateAndInsert@?$TList@VCStringItem@@@@QAEPAVCStringItem@@PBD@Z 0042ce78 f i files.obj
 0001:0002be9a       ?LoadPCX@@YAXPBDAAPAE1AAH2@Z 0042ce9a f   images.obj
 0001:0002bfd1       ?LoadTGA@@YAXPBDAAPAEAAH2@Z 0042cfd1 f   images.obj
 0001:0002c1a7       ?LoadJPG@@YAXPBDAAPAEAAH2@Z 0042d1a7 f   images.obj
 0001:0002c434       ?ImageExists@@YAHPBDH@Z    0042d434 f   images.obj
 0001:0002c556       ?WriteTGA@@YA_NPBDPAEHH@Z  0042d556 f   images.obj
 0001:0002c74a       ?WriteJPG@@YA_NPBDPAEHH_N@Z 0042d74a f   images.obj
 0001:0002c87b       ?MD4Init@@YAXPAUMD4_CTX@@@Z 0042d87b f   md4.obj
 0001:0002c8a3       ?MD4Update@@YAXPAUMD4_CTX@@PAEI@Z 0042d8a3 f   md4.obj
 0001:0002c941       ?MD4Final@@YAXQAEPAUMD4_CTX@@@Z 0042d941 f   md4.obj
 0001:0002d032       ?Com_BlockChecksum@@YAIPAXH@Z 0042e032 f   md4.obj
 0001:0002d06e       ?LoadQ2BspFile@@YAXXZ      0042e06e f   model.obj
 0001:0002d424       ?LoadBspFile@@YAPAUbspfile_t@@PBD_NPAI@Z 0042e424 f   model.obj
 0001:0002d5d2       ?ProcessEntstring@@YAPADPAD@Z 0042e5d2 f   model.obj
 0001:0002e479       ?Init@sizebuf_t@@QAEXPAXH@Z 0042f479 f   msg.obj
 0001:0002e494       ?Write@sizebuf_t@@QAEXPBXH@Z 0042f494 f   msg.obj
 0001:0002e504       ?MSG_WriteChar@@YAXPAVsizebuf_t@@H@Z 0042f504 f   msg.obj
 0001:0002e504       ?MSG_WriteByte@@YAXPAVsizebuf_t@@H@Z 0042f504 f   msg.obj
 0001:0002e515       ?MSG_WriteShort@@YAXPAVsizebuf_t@@H@Z 0042f515 f   msg.obj
 0001:0002e526       ?MSG_WriteFloat@@YAXPAVsizebuf_t@@M@Z 0042f526 f   msg.obj
 0001:0002e526       ?MSG_WriteLong@@YAXPAVsizebuf_t@@H@Z 0042f526 f   msg.obj
 0001:0002e537       ?MSG_WriteString@@YAXPAVsizebuf_t@@PBD@Z 0042f537 f   msg.obj
 0001:0002e561       ?MSG_WritePos@@YAXPAVsizebuf_t@@ABUCVec3@@@Z 0042f561 f   msg.obj
 0001:0002e5c5       ?MSG_WriteAngle@@YAXPAVsizebuf_t@@M@Z 0042f5c5 f   msg.obj
 0001:0002e5f0       ?MSG_WriteAngle16@@YAXPAVsizebuf_t@@M@Z 0042f5f0 f   msg.obj
 0001:0002e61b       ?MSG_WriteDir@@YAXPAVsizebuf_t@@ABUCVec3@@@Z 0042f61b f   msg.obj
 0001:0002e683       ?MSG_ReadDir@@YAXPAVsizebuf_t@@AAUCVec3@@@Z 0042f683 f   msg.obj
 0001:0002e6b4       ?MSG_ReadChar@@YAHPAVsizebuf_t@@@Z 0042f6b4 f   msg.obj
 0001:0002e6d4       ?MSG_ReadByte@@YAHPAVsizebuf_t@@@Z 0042f6d4 f   msg.obj
 0001:0002e6f4       ?MSG_ReadShort@@YAHPAVsizebuf_t@@@Z 0042f6f4 f   msg.obj
 0001:0002e714       ?MSG_ReadLong@@YAHPAVsizebuf_t@@@Z 0042f714 f   msg.obj
 0001:0002e733       ?MSG_ReadString@@YAPADPAVsizebuf_t@@@Z 0042f733 f   msg.obj
 0001:0002e766       ?MSG_ReadPos@@YAXPAVsizebuf_t@@AAUCVec3@@@Z 0042f766 f   msg.obj
 0001:0002e7b8       ?MSG_ReadAngle@@YAMPAVsizebuf_t@@@Z 0042f7b8 f   msg.obj
 0001:0002e7d2       ?MSG_ReadAngle16@@YAMPAVsizebuf_t@@@Z 0042f7d2 f   msg.obj
 0001:0002e7ec       ?MSG_ReadData@@YAXPAVsizebuf_t@@PAXH@Z 0042f7ec f   msg.obj
 0001:0002e80f       ?Netchan_Init@@YAXXZ       0042f80f f   net_chan.obj
 0001:0002e883       ?Netchan_OutOfBandPrint@@YAXW4netsrc_t@@Unetadr_t@@PBDZZ 0042f883 f   net_chan.obj
 0001:0002e908       ?Setup@netchan_t@@QAEXW4netsrc_t@@Unetadr_t@@H@Z 0042f908 f   net_chan.obj
 0001:0002e95e       ?NeedReliable@netchan_t@@QAE_NXZ 0042f95e f   net_chan.obj
 0001:0002e983       ?Transmit@netchan_t@@QAEXPAXH@Z 0042f983 f   net_chan.obj
 0001:0002eb1e       ?Process@netchan_t@@QAE_NPAVsizebuf_t@@@Z 0042fb1e f   net_chan.obj
 0001:0002ec4c       ?Pmove@@YAXPAUpmove_t@@@Z  0042fc4c f   pmove.obj
 0001:00030935       ?NormalizeColor@@YAMABUCVec3@@AAU1@@Z 00431935 f   q_shared2.obj
 0001:00030991       ?NormalizeColor255@@YAMABUCVec3@@AAU1@@Z 00431991 f   q_shared2.obj
 0001:000309f1       ?appRsqrt@@YAMM@Z          004319f1 f   q_shared2.obj
 0001:00030a1d       ?AngleVectors@@YAXABUCVec3@@PAU1@11@Z 00431a1d f   q_shared2.obj
 0001:00030b7e       ?MakeNormalVectors@@YAXABUCVec3@@AAU1@1@Z 00431b7e f   q_shared2.obj
 0001:00030bed       ?Vec2Angles@@YAXABUCVec3@@AAU1@@Z 00431bed f   q_shared2.obj
 0001:00030cf0       ?Vec2Yaw@@YAMABUCVec3@@@Z  00431cf0 f   q_shared2.obj
 0001:00030d63       ?VectorLength@@YAMABUCVec3@@@Z 00431d63 f   q_shared2.obj
 0001:00030d92       ?VectorDistance@@YAMABUCVec3@@0@Z 00431d92 f   q_shared2.obj
 0001:00030dc3       ?LerpAngle@@YAMMMM@Z       00431dc3 f   q_shared2.obj
 0001:00030e06       ?AngleMod@@YAMM@Z          00431e06 f   q_shared2.obj
 0001:00030e32       ?AngleSubtract@@YAMMM@Z    00431e32 f   q_shared2.obj
 0001:00030e69       ?AnglesSubtract@@YAXABUCVec3@@0AAU1@@Z 00431e69 f   q_shared2.obj
 0001:00030ec1       ?Normalize@CVec3@@QAEMXZ   00431ec1 f   q_shared2.obj
 0001:00030f13       ?VectorNormalize@@YAMABUCVec3@@AAU1@@Z 00431f13 f   q_shared2.obj
 0001:00030f6b       ?NormalizeFast@CVec3@@QAEMXZ 00431f6b f   q_shared2.obj
 0001:00030fbc       ?cross@@YAXABUCVec3@@0AAU1@@Z 00431fbc f   q_shared2.obj
 0001:00030ff7       ?Clear@CBox@@QAEXXZ        00431ff7 f   q_shared2.obj
 0001:00031015       ?Expand@CBox@@QAEXABUCVec3@@@Z 00432015 f   q_shared2.obj
 0001:00031044       ?Expand@CBox@@QAEXABU1@@Z  00432044 f   q_shared2.obj
 0001:00031080       ?GetCenter@CBox@@QAEXAAUCVec3@@@Z 00432080 f   q_shared2.obj
 0001:000310a0       ?OnPlaneSide@CBox@@QBEHABUcplane_t@@@Z 004320a0 f   q_shared2.obj
 0001:000311cf       ?FromAngles@CAxis@@QAEXABUCVec3@@@Z 004321cf f   q_shared2.obj
 0001:0003120e       ?TransformVector@CAxis@@QBEXABUCVec3@@AAU2@@Z 0043220e f   q_shared2.obj
 0001:0003125f       ?UnTransformVector@CAxis@@QBEXABUCVec3@@AAU2@@Z 0043225f f   q_shared2.obj
 0001:000312c3       ?TransformAxis@CAxis@@QBEXABU1@AAU1@@Z 004322c3 f   q_shared2.obj
 0001:00031309       ?UnTransformAxis@CAxis@@QBEXABU1@AAU1@@Z 00432309 f   q_shared2.obj
 0001:0003134f       ?TransformPoint@CCoords@@QBEXABUCVec3@@AAU2@@Z 0043234f f   q_shared2.obj
 0001:000313ad       ?UnTransformPoint@CCoords@@QBEXABUCVec3@@AAU2@@Z 004323ad f   q_shared2.obj
 0001:0003141a       ?UnTransformCoords@CCoords@@QBEXABU1@AAU1@@Z 0043241a f   q_shared2.obj
 0001:00031444       ?TransformPlane@CCoords@@QBEXABUcplane_t@@AAU2@@Z 00432444 f   q_shared2.obj
 0001:0003147c       ?TransformPoint@@YAXABUCVec3@@ABUCAxis@@0AAU1@@Z 0043247c f   q_shared2.obj
 0001:000314df       ?UnTransformPoint@@YAXABUCVec3@@ABUCAxis@@0AAU1@@Z 004324df f   q_shared2.obj
 0001:0003154f       ?ShortSwap@@YAFF@Z         0043254f f   q_shared2.obj
 0001:00031564       ?COM_Parse@@YAPADAAPBD_N@Z 00432564 f   q_shared2.obj
 0001:00031684       ?COM_QuoteString@@YAPBDPBD_N@Z 00432684 f   q_shared2.obj
 0001:000316df       ?Zip_OpenArchive@@YAPAU_iobuf@@PBD@Z 004326df f   zip.obj
 0001:0003174a       ?Zip_CloseArchive@@YAXPAU_iobuf@@@Z 0043274a f   zip.obj
 0001:00031756       ?Zip_EnumArchive@@YA_NPAU_iobuf@@P6A_NPAUzipFile_t@@@Z@Z 00432756 f   zip.obj
 0001:00031933       ?Zip_OpenFile@@YAPAUZFILE@@PAU_iobuf@@PAUzipFile_t@@@Z 00432933 f   zip.obj
 0001:00031a17       ?Zip_ReadFile@@YAHPAUZFILE@@PAXH@Z 00432a17 f   zip.obj
 0001:00031b0d       ?Zip_CloseFile@@YA_NPAUZFILE@@@Z 00432b0d f   zip.obj
 0001:00031b51       ?Zip_OpenBuf@@YAPAUZBUF@@PAXH@Z 00432b51 f   zip.obj
 0001:00031b8f       ?Zip_ReadBuf@@YAHPAUZBUF@@PAXH@Z 00432b8f f   zip.obj
 0001:00031bd7       ?Zip_CloseBuf@@YAXPAUZBUF@@@Z 00432bd7 f   zip.obj
 0001:00031bec       _zcalloc                   00432bec f   zip.obj
 0001:00031c00       _zcfree                    00432c00 f   zip.obj
 0001:00031c0b       ?CDAudio_Play2@@YAXH_N@Z   00432c0b f   cd_win.obj
 0001:00031dea       ?CDAudio_Play@@YAXH_N@Z    00432dea f   cd_win.obj
 0001:00031e01       ?CDAudio_Stop@@YAXXZ       00432e01 f   cd_win.obj
 0001:00031e46       ?CDAudio_Pause@@YAXXZ      00432e46 f   cd_win.obj
 0001:00031e9f       ?CDAudio_Resume@@YAXXZ     00432e9f f   cd_win.obj
 0001:00031f0e       ?CDAudio_Update@@YAXXZ     00432f0e f   cd_win.obj
 0001:00031f42       ?CDAudio_Init@@YAHXZ       00432f42 f   cd_win.obj
 0001:000323a4       ?CDAudio_Shutdown@@YAXXZ   004333a4 f   cd_win.obj
 0001:000323d7       ?CDAudio_Activate@@YAX_N@Z 004333d7 f   cd_win.obj
 0001:000323e8       ?IN_Commands@@YAXXZ        004333e8 f   in_win.obj
 0001:00032510       ?IN_Init@@YAXXZ            00433510 f   in_win.obj
 0001:0003294f       ?IN_Shutdown@@YAXXZ        0043394f f   in_win.obj
 0001:00032b9e       ?IN_Move@@YAXPAUusercmd_t@@@Z 00433b9e f   in_win.obj
 0001:0003317b       ?IN_Activate@@YAX_N@Z      0043417b f   in_win.obj
 0001:00033185       ?IN_Frame@@YAXXZ           00434185 f   in_win.obj
 0001:000334ed       ?NET_CompareAdr@@YA_NPAUnetadr_t@@0@Z 004344ed f   net_wins.obj
 0001:00033529       ?NET_CompareBaseAdr@@YA_NPAUnetadr_t@@0@Z 00434529 f   net_wins.obj
 0001:00033558       ?NET_AdrToString@@YAPADPAUnetadr_t@@@Z 00434558 f   net_wins.obj
 0001:000335b4       ?NET_StringToAdr@@YA_NPBDPAUnetadr_t@@@Z 004345b4 f   net_wins.obj
 0001:000336b9       ?NET_IsLocalAddress@@YA_NPAUnetadr_t@@@Z 004346b9 f   net_wins.obj
 0001:000336c5       ?NET_GetLoopPacket@@YA_NW4netsrc_t@@PAUnetadr_t@@PAVsizebuf_t@@@Z 004346c5 f   net_wins.obj
 0001:0003374e       ?NET_SendLoopPacket@@YAXW4netsrc_t@@HPAXUnetadr_t@@@Z 0043474e f   net_wins.obj
 0001:000337a3       ?NET_GetPacket@@YA_NW4netsrc_t@@PAUnetadr_t@@PAVsizebuf_t@@@Z 004347a3 f   net_wins.obj
 0001:0003387c       ?NET_SendPacket@@YAXW4netsrc_t@@HPAXUnetadr_t@@@Z 0043487c f   net_wins.obj
 0001:0003395d       ?NET_Config@@YAX_N@Z       0043495d f   net_wins.obj
 0001:00033b2c       ?NET_Init@@YAXXZ           00434b2c f   net_wins.obj
 0001:00033baa       ?Sys_Mkdir@@YAXPAD@Z       00434baa f   fs_win.obj
 0001:00033bb6       ?Sys_FindFirst@@YAPBDPBDH@Z 00434bb6 f   fs_win.obj
 0001:00033c70       ?Sys_FindNext@@YAPBDXZ     00434c70 f   fs_win.obj
 0001:00033cda       ?Sys_FindClose@@YAXXZ      00434cda f   fs_win.obj
 0001:00033cf4       ?Sys_FileExists@@YA_NPBDH@Z 00434cf4 f   fs_win.obj
 0001:00033d12       ?SNDDMA_Init@@YA_NXZ       00434d12 f   snd_win.obj
 0001:00034351       ?SNDDMA_GetDMAPos@@YAHXZ   00435351 f   snd_win.obj
 0001:0003439b       ?SNDDMA_BeginPainting@@YAXXZ 0043539b f   snd_win.obj
 0001:000344b3       ?SNDDMA_Submit@@YAXXZ      004354b3 f   snd_win.obj
 0001:000344d8       ?SNDDMA_Shutdown@@YAXXZ    004354d8 f   snd_win.obj
 0001:000344dd       ?S_Activate@@YAX_N@Z       004354dd f   snd_win.obj
 0001:00034529       ?Write@COutputDeviceWin32Console@@UAEXPBD@Z 00435529 f i sys_win.obj
 0001:000345a1       ?EraseInput@COutputDeviceWin32Console@@QAEXXZ 004355a1 f i sys_win.obj
 0001:00034610       ?Sys_ConsoleInput@@YAPADXZ 00435610 f   sys_win.obj
 0001:00034899       ?Sys_ProcessMessages@@YAXXZ 00435899 f   sys_win.obj
 0001:00034952       ?Sys_UnloadGame@@YAXXZ     00435952 f   sys_win.obj
 0001:000349cd       ?Sys_GetGameAPI@@YAPAXPAX@Z 004359cd f   sys_win.obj
 0001:00034b19       _WinMain@16                00435b19 f   sys_win.obj
 0001:00034e3e       ?Init@COutputDeviceWin32Console@@QAEXXZ 00435e3e f i sys_win.obj
 0001:00034e68       ?AddMsgHook@@YAXP6A_NIIJ@Z@Z 00435e68 f   vid_dll.obj
 0001:00034eac       ?RemoveMsgHook@@YAXP6A_NIIJ@Z@Z 00435eac f   vid_dll.obj
 0001:00034edb       ?Vid_CreateWindow@@YAPAXHH_N@Z 00435edb f   vid_dll.obj
 0001:000355eb       ?Vid_DestroyWindow@@YAX_N@Z 004365eb f   vid_dll.obj
 0001:00035627       ?Vid_Restart@@YAXXZ        00436627 f   vid_dll.obj
 0001:00035633       ?Vid_GetModeInfo@@YA_NPAH0H@Z 00436633 f   vid_dll.obj
 0001:00035663       ?Vid_Tick@@YAXXZ           00436663 f   vid_dll.obj
 0001:00035813       ?Vid_Init@@YAXXZ           00436813 f   vid_dll.obj
 0001:000358d9       ?Vid_Shutdown@@YAXXZ       004368d9 f   vid_dll.obj
 0001:000358f8       ?Tesselate@surfacePlanar_t@OpenGLDrv@@UAEXAAUrefEntity_t@2@@Z 004368f8 f   gl_backend.obj
 0001:000362d4       ?Negate@CVec3@@QAEXXZ      004372d4 f i gl_backend.obj
 0001:00037e35       ?Tesselate@surfacePoly_t@OpenGLDrv@@UAEXAAUrefEntity_t@2@@Z 00438e35 f   gl_backend.obj
 0001:00037f3c       ?Tesselate@surfaceMd3_t@OpenGLDrv@@UAEXAAUrefEntity_t@2@@Z 00438f3c f   gl_backend.obj
 0001:00038326       ?DrawTriangles@OpenGLDrv@@YA_NXZ 00439326 f   gl_backend.obj
 0001:0003843b       ?DrawNormals@OpenGLDrv@@YA_NXZ 0043943b f   gl_backend.obj
 0001:00038545       ?Tesselate@surfaceEntity_t@OpenGLDrv@@UAEXAAUrefEntity_t@2@@Z 00439545 f   gl_backend.obj
 0001:00038629       ?Tesselate@surfaceParticle_t@OpenGLDrv@@UAEXAAUrefEntity_t@2@@Z 00439629 f   gl_backend.obj
 0001:00038879       ?BK_DrawScene@OpenGLDrv@@YAXXZ 00439879 f   gl_backend.obj
 0001:00038ea0       ?BK_DrawPic@OpenGLDrv@@YAXPAVshader_t@1@HHHHMMMMIE@Z 00439ea0 f   gl_backend.obj
 0001:00039081       ?BK_DrawText@OpenGLDrv@@YAXPBDHHHHHI@Z 0043a081 f   gl_backend.obj
 0001:00039276       ?BK_BeginFrame@OpenGLDrv@@YAXXZ 0043a276 f   gl_backend.obj
 0001:000392da       ?BK_EndFrame@OpenGLDrv@@YAXXZ 0043a2da f   gl_backend.obj
 0001:00039319       ?BK_Init@OpenGLDrv@@YAXXZ  0043a319 f   gl_backend.obj
 0001:00039348       ?BK_Shutdown@OpenGLDrv@@YAXXZ 0043a348 f   gl_backend.obj
 0001:00039360       ?AllocDynamicMemory@OpenGLDrv@@YAPAXH@Z 0043a360 f   gl_buffers.obj
 0001:000393cb       ?ResizeDynamicMemory@OpenGLDrv@@YAXPAXH@Z 0043a3cb f   gl_buffers.obj
 0001:0003940d       ?AddSurfaceToPortal@OpenGLDrv@@YAXPAVsurfaceBase_t@1@PAVshader_t@1@HH@Z 0043a40d f   gl_buffers.obj
 0001:0003947e       ?InsertShaderIndex@OpenGLDrv@@YAXH@Z 0043a47e f   gl_buffers.obj
 0001:000394b7       ?ClearPortal@OpenGLDrv@@YAXXZ 0043a4b7 f   gl_buffers.obj
 0001:000394d5       ?SortSurfaces@OpenGLDrv@@YAXPAUviewPortal_t@1@PAPAUsurfaceInfo_t@1@@Z 0043a4d5 f   gl_buffers.obj
 0001:00039667       ?ClearBuffers@OpenGLDrv@@YAXXZ 0043a667 f   gl_buffers.obj
 0001:0003967e       ?CreateBuffers@OpenGLDrv@@YAXXZ 0043a67e f   gl_buffers.obj
 0001:000396a4       ?FreeBuffers@OpenGLDrv@@YAXXZ 0043a6a4 f   gl_buffers.obj
 0001:000396c8       ?InitEntity@model_t@OpenGLDrv@@UAE_NPAUentity_t@@PAUrefEntity_t@2@@Z 0043a6c8 f   gl_frontend.obj
 0001:000396cd       ?AddSurfaces@model_t@OpenGLDrv@@UAEXPAUrefEntity_t@2@@Z 0043a6cd f   gl_frontend.obj
 0001:000396fb       ?GetLeaf@model_t@OpenGLDrv@@UAEPAUnode_t@2@PAUrefEntity_t@2@@Z 0043a6fb f   gl_frontend.obj
 0001:0003970c       ?DrawLabel@model_t@OpenGLDrv@@UAEXPAUrefEntity_t@2@@Z 0043a70c f   gl_frontend.obj
 0001:0003970f       ?InitEntity@inlineModel_t@OpenGLDrv@@UAE_NPAUentity_t@@PAUrefEntity_t@2@@Z 0043a70f f   gl_frontend.obj
 0001:00039761       ?AddSurfaces@inlineModel_t@OpenGLDrv@@UAEXPAUrefEntity_t@2@@Z 0043a761 f   gl_frontend.obj
 0001:00039c3f       ?GetLeaf@inlineModel_t@OpenGLDrv@@UAEPAUnode_t@2@PAUrefEntity_t@2@@Z 0043ac3f f   gl_frontend.obj
 0001:00039de4       ?DrawLabel@inlineModel_t@OpenGLDrv@@UAEXPAUrefEntity_t@2@@Z 0043ade4 f   gl_frontend.obj
 0001:00039e2a       ?InitEntity@md3Model_t@OpenGLDrv@@UAE_NPAUentity_t@@PAUrefEntity_t@2@@Z 0043ae2a f   gl_frontend.obj
 0001:0003a008       ?AddSurfaces@md3Model_t@OpenGLDrv@@UAEXPAUrefEntity_t@2@@Z 0043b008 f   gl_frontend.obj
 0001:0003a142       ?GetLeaf@md3Model_t@OpenGLDrv@@UAEPAUnode_t@2@PAUrefEntity_t@2@@Z 0043b142 f   gl_frontend.obj
 0001:0003a17a       ?DrawLabel@md3Model_t@OpenGLDrv@@UAEXPAUrefEntity_t@2@@Z 0043b17a f   gl_frontend.obj
 0001:0003a1e0       ?InitEntity@sprModel_t@OpenGLDrv@@UAE_NPAUentity_t@@PAUrefEntity_t@2@@Z 0043b1e0 f   gl_frontend.obj
 0001:0003a200       ?AddSurfaces@sprModel_t@OpenGLDrv@@UAEXPAUrefEntity_t@2@@Z 0043b200 f   gl_frontend.obj
 0001:0003a383       ?GetLeaf@sprModel_t@OpenGLDrv@@UAEPAUnode_t@2@PAUrefEntity_t@2@@Z 0043b383 f   gl_frontend.obj
 0001:0003a464       ?AddEntity@OpenGLDrv@@YAXPAUentity_t@@@Z 0043b464 f   gl_frontend.obj
 0001:0003a5f3       ?AddDlight@OpenGLDrv@@YAXPAUdlight_t@@@Z 0043b5f3 f   gl_frontend.obj
 0001:0003a7ab       ?DrawPortal@OpenGLDrv@@YAXXZ 0043b7ab f   gl_frontend.obj
 0001:0003c74f       ?GL_TextureMode@OpenGLDrv@@YAXPBD@Z 0043d74f f   gl_image.obj
 0001:0003c7f7       ?CreateImage@OpenGLDrv@@YAPAVimage_t@1@PBDPAXHHI@Z 0043d7f7 f   gl_image.obj
 0001:0003d4ed       ?LoadDelayedImages@OpenGLDrv@@YAXXZ 0043e4ed f   gl_image.obj
 0001:0003d580       ?DrawStretchRaw8@OpenGLDrv@@YAXHHHHHHPAEPAI@Z 0043e580 f   gl_image.obj
 0001:0003d94f       ?SetupGamma@OpenGLDrv@@YAXXZ 0043e94f f   gl_image.obj
 0001:0003da95       ?PerformScreenshot@OpenGLDrv@@YAXXZ 0043ea95 f   gl_image.obj
 0001:0003dd16       ?InitImages@OpenGLDrv@@YAXXZ 0043ed16 f   gl_image.obj
 0001:0003e4cb       ?ShutdownImages@OpenGLDrv@@YAXXZ 0043f4cb f   gl_image.obj
 0001:0003e532       ?ShowImages@OpenGLDrv@@YAXXZ 0043f532 f   gl_image.obj
 0001:0003e7be       ?FindImage@OpenGLDrv@@YAPAVimage_t@1@PBDI@Z 0043f7be f   gl_image.obj
 0001:0003eb2f       ?GL_Lock@OpenGLDrv@@YAXXZ  0043fb2f f   gl_interface.obj
 0001:0003eba7       ?GL_Unlock@OpenGLDrv@@YAXXZ 0043fba7 f   gl_interface.obj
 0001:0003ed69       ?GL_Bind@OpenGLDrv@@YAXPBVimage_t@1@@Z 0043fd69 f   gl_interface.obj
 0001:0003ee93       ?GL_BindForce@OpenGLDrv@@YAXPBVimage_t@1@@Z 0043fe93 f   gl_interface.obj
 0001:0003ef11       ?GL_TexEnv@OpenGLDrv@@YAXI@Z 0043ff11 f   gl_interface.obj
 0001:0003f090       ?GL_TexMipBias@OpenGLDrv@@YAXM@Z 00440090 f   gl_interface.obj
 0001:0003f0eb       ?GL_TexEnvColor@OpenGLDrv@@YAXPBTcolor_t@@@Z 004400eb f   gl_interface.obj
 0001:0003f19b       ?GL_SelectTexture@OpenGLDrv@@YAXH@Z 0044019b f   gl_interface.obj
 0001:0003f1fc       ?GL_TexCoordPointer@OpenGLDrv@@YAXPAX@Z 004401fc f   gl_interface.obj
 0001:0003f22c       ?GL_SetMultitexture@OpenGLDrv@@YAXH@Z 0044022c f   gl_interface.obj
 0001:0003f312       ?GL_DisableTexCoordArrays@OpenGLDrv@@YAXXZ 00440312 f   gl_interface.obj
 0001:0003f366       ?GL_CullFace@OpenGLDrv@@YAXW4gl_cullMode_t@1@@Z 00440366 f   gl_interface.obj
 0001:0003f3b7       ?GL_DepthRange@OpenGLDrv@@YAXW4gl_depthMode_t@1@@Z 004403b7 f   gl_interface.obj
 0001:0003f3ea       ?GL_State@OpenGLDrv@@YAXI@Z 004403ea f   gl_interface.obj
 0001:0003f53a       ?GL_EnableFog@OpenGLDrv@@YAX_N@Z 0044053a f   gl_interface.obj
 0001:0003f632       ?GL_SetDefaultState@OpenGLDrv@@YAXXZ 00440632 f   gl_interface.obj
 0001:0003f78e       ?GL_Set2DMode@OpenGLDrv@@YAXXZ 0044078e f   gl_interface.obj
 0001:0003f889       ?GL_Set3DMode@OpenGLDrv@@YAXPAUviewPortal_t@1@@Z 00440889 f   gl_interface.obj
 0001:0003f971       ?ShowLights@OpenGLDrv@@YAXXZ 00440971 f   gl_light.obj
 0001:0003fd5a       ?LightForEntity@OpenGLDrv@@YAXPAUrefEntity_t@1@@Z 00440d5a f   gl_light.obj
 0001:00040fce       ?DiffuseLight@OpenGLDrv@@YAXPATcolor_t@@M@Z 00441fce f   gl_light.obj
 0001:0004120a       ?InitLightGrid@OpenGLDrv@@YAXXZ 0044220a f   gl_light.obj
 0001:000412b0       ?PostLoadLights@OpenGLDrv@@YAXXZ 004422b0 f   gl_light.obj
 0001:00041540       ?LM_Init@OpenGLDrv@@YAXXZ  00442540 f   gl_lightmap.obj
 0001:00041556       ?LM_Flush@OpenGLDrv@@YAXPAUlightmapBlock_t@1@@Z 00442556 f   gl_lightmap.obj
 0001:000415b3       ?LM_Done@OpenGLDrv@@YAXXZ  004425b3 f   gl_lightmap.obj
 0001:000415da       ?LM_Save@OpenGLDrv@@YAXPAUlightmapBlock_t@1@@Z 004425da f   gl_lightmap.obj
 0001:000415f2       ?LM_Restore@OpenGLDrv@@YAXPAUlightmapBlock_t@1@@Z 004425f2 f   gl_lightmap.obj
 0001:0004160a       ?LM_NewBlock@OpenGLDrv@@YAPAUlightmapBlock_t@1@XZ 0044260a f   gl_lightmap.obj
 0001:00041669       ?LM_Rewind@OpenGLDrv@@YAXXZ 00442669 f   gl_lightmap.obj
 0001:00041671       ?LM_NextBlock@OpenGLDrv@@YAPAUlightmapBlock_t@1@XZ 00442671 f   gl_lightmap.obj
 0001:0004169e       ?LM_CheckMinlight@OpenGLDrv@@YAXPAUdynamicLightmap_t@1@@Z 0044269e f   gl_lightmap.obj
 0001:00041734       ?LM_AllocBlock@OpenGLDrv@@YA_NPAUlightmapBlock_t@1@PAUdynamicLightmap_t@1@@Z 00442734 f   gl_lightmap.obj
 0001:000417eb       ?LM_PutBlock@OpenGLDrv@@YAXPAUdynamicLightmap_t@1@@Z 004427eb f   gl_lightmap.obj
 0001:00041c18       ?LM_SortLightStyles@OpenGLDrv@@YAXPAUdynamicLightmap_t@1@@Z 00442c18 f   gl_lightmap.obj
 0001:00041ca9       ?UpdateDynamicLightmap@OpenGLDrv@@YAXPAVsurfacePlanar_t@1@_NI@Z 00442ca9 f   gl_lightmap.obj
 0001:000421ab       ?LM_IsMonotone@OpenGLDrv@@YA_NPAUdynamicLightmap_t@1@PATcolor_t@@@Z 004431ab f   gl_lightmap.obj
 0001:000422b2       ?Init@OpenGLDrv@@YA_NXZ    004432b2 f   gl_main.obj
 0001:000428f7       ?Shutdown@OpenGLDrv@@YAX_N@Z 004438f7 f   gl_main.obj
 0001:00042980       ?GL_EnableRendering@OpenGLDrv@@YAX_N@Z 00443980 f   gl_main.obj
 0001:0004299b       ?BeginFrame@OpenGLDrv@@YAXN@Z 0044399b f   gl_main.obj
 0001:00042ac5       ?EndFrame@OpenGLDrv@@YAXXZ 00443ac5 f   gl_main.obj
 0001:00042add       ?RenderFrame@OpenGLDrv@@YAXPAUrefdef_t@@@Z 00443add f   gl_main.obj
 0001:0004330e       ?Fill8@OpenGLDrv@@YAXHHHHH@Z 0044430e f   gl_main.obj
 0001:00043351       ?Fill@OpenGLDrv@@YAXHHHHI@Z 00444351 f   gl_main.obj
 0001:0004338d       ?TileClear@OpenGLDrv@@YAXHHHHPBD@Z 0044438d f   gl_main.obj
 0001:0004342e       ?DrawStretchPic@OpenGLDrv@@YAXHHHHPBD@Z 0044442e f   gl_main.obj
 0001:0004348e       ?DrawDetailedPic@OpenGLDrv@@YAXHHHHPBD@Z 0044448e f   gl_main.obj
 0001:00043535       ?DrawPic@OpenGLDrv@@YAXHHPBDHH@Z 00444535 f   gl_main.obj
 0001:000435ba       ?BeginRegistration@OpenGLDrv@@YAXPBD@Z 004445ba f   gl_main.obj
 0001:000435de       ?RegisterPic@OpenGLDrv@@YAPAVCBasicImage@@PBD@Z 004445de f   gl_main.obj
 0001:000435ec       ?RegisterSkin@OpenGLDrv@@YAPAVCBasicImage@@PBD_N@Z 004445ec f   gl_main.obj
 0001:0004360a       ?RegisterModel@OpenGLDrv@@YAPAVCRenderModel@@PBD@Z 0044460a f   gl_main.obj
 0001:00043615       ?SetSky@OpenGLDrv@@YAXPBDMABUCVec3@@@Z 00444615 f   gl_main.obj
 0001:000436b3       ?Screenshot@OpenGLDrv@@YAXHPBD@Z 004446b3 f   gl_main.obj
 0001:000436da       ?GetClientLight@OpenGLDrv@@YAMXZ 004446da f   gl_main.obj
 0001:000436e1       ?InitFuncTables@OpenGLDrv@@YAXXZ 004446e1 f   gl_math.obj
 0001:00043887       ?BuildRotationAxis@OpenGLDrv@@YAXAAUCAxis@@ABUCVec3@@M@Z 00444887 f   gl_math.obj
 0001:0004397e       ?GetBoxRect@OpenGLDrv@@YA_NPBUrefEntity_t@1@ABUCVec3@@QAM2_N@Z 0044497e f   gl_math.obj
 0001:00043c88       ?ProjectToScreen@OpenGLDrv@@YA_NABUCVec3@@QAH@Z 00444c88 f   gl_math.obj
 0001:00043dcb       ?SaturateColor3f@OpenGLDrv@@YAXAAUCVec3@@@Z 00444dcb f   gl_math.obj
 0001:00043ebb       ?SaturateColor4b@OpenGLDrv@@YAXPATcolor_t@@@Z 00444ebb f   gl_math.obj
 0001:00043fc9       ?SubdividePlane@OpenGLDrv@@YAHPAPAUCVec3@@HM@Z 00444fc9 f   gl_poly.obj
 0001:0004444a       ?FreeSubdividedPlane@OpenGLDrv@@YAXXZ 0044544a f   gl_poly.obj
 0001:00044462       ?GetSubdivideIndexes@OpenGLDrv@@YAXPAH@Z 00445462 f   gl_poly.obj
 0001:000444b5       ?RemoveCollinearPoints@OpenGLDrv@@YAHPAPAUCVec3@@H@Z 004454b5 f   gl_poly.obj
 0001:000445ab       ?GetPolyArea@OpenGLDrv@@YAMPAPAUCVec3@@H@Z 004455ab f   gl_poly.obj
 0001:0004463f       ?InitShaders@OpenGLDrv@@YAXXZ 0044563f f   gl_shader.obj
 0001:000447c4       ?ShutdownShaders@OpenGLDrv@@YAXXZ 004457c4 f   gl_shader.obj
 0001:00044802       ?GetLightmapImage@OpenGLDrv@@YAPAVimage_t@1@H@Z 00445802 f   gl_shader.obj
 0001:0004482a       ?SetShaderLightmap@OpenGLDrv@@YAPAVshader_t@1@PAV21@H@Z 0044582a f   gl_shader.obj
 0001:00044b49       ??4shader_t@OpenGLDrv@@QAEAAV01@ABV01@@Z 00445b49 f i gl_shader.obj
 0001:00044d7f       ?SetShaderLightstyles@OpenGLDrv@@YAPAVshader_t@1@PAV21@I@Z 00445d7f f   gl_shader.obj
 0001:00044e1b       ?GetAlphaShader@OpenGLDrv@@YAPAVshader_t@1@PAV21@@Z 00445e1b f   gl_shader.obj
 0001:00045211       ?FindShader@OpenGLDrv@@YAPAVshader_t@1@PBDI@Z 00446211 f   gl_shader.obj
 0001:00046b07       ?GetShaderByNum@OpenGLDrv@@YAPAVshader_t@1@H@Z 00447b07 f   gl_shader.obj
 0001:00046b25       ?ResetShaders@OpenGLDrv@@YAXXZ 00447b25 f   gl_shader.obj
 0001:00046d10       ?Reload@shader_t@OpenGLDrv@@UAEXXZ 00447d10 f   gl_shader.obj
 0001:00046d3f       ?ClearSky@OpenGLDrv@@YAXXZ 00447d3f f   gl_sky.obj
 0001:00046d9c       ?AddSkySurface@OpenGLDrv@@YAXPAVsurfacePlanar_t@1@E@Z 00447d9c f   gl_sky.obj
 0001:00047364       ?DrawSky@OpenGLDrv@@YAXXZ  00448364 f   gl_sky.obj
 0001:00047a08       ?DrawChar@OpenGLDrv@@YAXHHHH@Z 00448a08 f   gl_text.obj
 0001:00047a59       ?ClearTexts@OpenGLDrv@@YAXXZ 00448a59 f   gl_text.obj
 0001:00047a6e       ?FlushTexts@OpenGLDrv@@YAXXZ 00448a6e f   gl_text.obj
 0001:00047b1a       ?DrawTextPos@OpenGLDrv@@YAXHHPBDI@Z 00448b1a f   gl_text.obj
 0001:00047b46       ?DrawTextLeft@OpenGLDrv@@YAXPBDI@Z 00448b46 f   gl_text.obj
 0001:00047bcd       ?DrawTextRight@OpenGLDrv@@YAXPBDI@Z 00448bcd f   gl_text.obj
 0001:00047c17       ?DrawText3D@OpenGLDrv@@YAXABUCVec3@@PBDI@Z 00448c17 f   gl_text.obj
 0001:00047c44       ?InitTexts@OpenGLDrv@@YAXXZ 00448c44 f   gl_text.obj
 0001:00047c5e       ?FindModel@OpenGLDrv@@YAPAVmodel_t@1@PBD@Z 00448c5e f   gl_model.obj
 0001:00047e33       ?FreeModels@OpenGLDrv@@YAXXZ 00448e33 f   gl_model.obj
 0001:00047ea5       ?InitModels@OpenGLDrv@@YAXXZ 00448ea5 f   gl_model.obj
 0001:00047f9b       ?ShutdownModels@OpenGLDrv@@YAXXZ 00448f9b f   gl_model.obj
 0001:00047fac       ?LoadWorldMap@OpenGLDrv@@YAXPBD@Z 00448fac f   gl_bspmodel.obj
 0001:00049ab4       ?PointInLeaf@OpenGLDrv@@YAPAUnode_t@1@ABUCVec3@@@Z 0044aab4 f   gl_bspmodel.obj
 0001:00049aff       ?CALL_CONSTRUCTOR@@YAXPAVinlineModel_t@OpenGLDrv@@@Z 0044aaff f i gl_bspmodel.obj
 0001:00049b15       ?LerpTag@model_t@OpenGLDrv@@UBE_NHHMPBDAAUCCoords@@@Z 0044ab15 f   gl_trimodel.obj
 0001:00049b23       ?LerpTag@md3Model_t@OpenGLDrv@@UBE_NHHMPBDAAUCCoords@@@Z 0044ab23 f   gl_trimodel.obj
 0001:00049c33       ?LoadMd2@OpenGLDrv@@YAPAVmd3Model_t@1@PBDPAEI@Z 0044ac33 f   gl_trimodel.obj
 0001:0004a761       ?ATAN2_FUNC@OpenGLDrv@@YAMMM@Z 0044b761 f i gl_trimodel.obj
 0001:0004a917       ?LoadMd3@OpenGLDrv@@YAPAVmd3Model_t@1@PBDPAEI@Z 0044b917 f   gl_trimodel.obj
 0001:0004adcc       ?LoadSp2@OpenGLDrv@@YAPAVsprModel_t@1@PBDPAEI@Z 0044bdcc f   gl_trimodel.obj
 0001:0004afe4       ?LoadSpr@OpenGLDrv@@YAPAVsprModel_t@1@PBDPAEI@Z 0044bfe4 f   gl_trimodel.obj
 0001:0004b0ed       ?CALL_CONSTRUCTOR@@YAXPAVmd3Model_t@OpenGLDrv@@@Z 0044c0ed f i gl_trimodel.obj
 0001:0004b103       ?CALL_CONSTRUCTOR@@YAXPAVsprModel_t@OpenGLDrv@@@Z 0044c103 f i gl_trimodel.obj
 0001:0004c6c0       ?QGL_Init@OpenGLDrv@@YA_NPBD@Z 0044d6c0 f   qgl_win.obj
 0001:0004c7a2       ?QGL_Shutdown@OpenGLDrv@@YAXXZ 0044d7a2 f   qgl_win.obj
 0001:0004c7e9       ?QGL_InitExtensions@OpenGLDrv@@YAXXZ 0044d7e9 f   qgl_win.obj
 0001:0004ccd5       ?QGL_PrintExtensionsString@OpenGLDrv@@YAXPBD00@Z 0044dcd5 f   qgl_win.obj
 0001:0004ce22       ?QGL_EnableLogging@OpenGLDrv@@YAX_N@Z 0044de22 f   qgl_win.obj
 0001:0004ced3       ?QGL_LogMessage@OpenGLDrv@@YAXPBD@Z 0044ded3 f   qgl_win.obj
 0001:0004cee9       ?QGL_SwapBuffers@OpenGLDrv@@YAXXZ 0044dee9 f   qgl_win.obj
 0001:0004cf6b       ?GLimp_HasGamma@OpenGLDrv@@YA_NXZ 0044df6b f   gl_win.obj
 0001:0004cf7f       ?GLimp_SetGamma@OpenGLDrv@@YAXM@Z 0044df7f f   gl_win.obj
 0001:0004d127       ?GLimp_SetMode@OpenGLDrv@@YA_NPAI0H_N@Z 0044e127 f   gl_win.obj
 0001:0004d51d       ?GLimp_Shutdown@OpenGLDrv@@YAX_N@Z 0044e51d f   gl_win.obj
 0001:0004d5ca       ?AppActivate@OpenGLDrv@@YAX_N@Z 0044e5ca f   gl_win.obj
 0001:0004d63a       _jpeg_CreateDecompress     0044e63a f   lib:jdapimin.obj
 0001:0004d6fa       _jpeg_read_header          0044e6fa f   lib:jdapimin.obj
 0001:0004d75c       _jpeg_consume_input        0044e75c f   lib:jdapimin.obj
 0001:0004d9ab       _jpeg_finish_decompress    0044e9ab f   lib:jdapimin.obj
 0001:0004da42       _jpeg_start_decompress     0044ea42 f   lib:jdapistd.obj
 0001:0004dbaf       _jpeg_read_scanlines       0044ebaf f   lib:jdapistd.obj
 0001:0004dc33       _jpeg_resync_to_restart    0044ec33 f   lib:jdmarker.obj
 0001:0004ddf8       _jinit_marker_reader       0044edf8 f   lib:jdmarker.obj
 0001:0004f2c3       _jpeg_CreateCompress       004502c3 f   lib:jcapimin.obj
 0001:0004f377       _jpeg_destroy_decompress   00450377 f   lib:jcapimin.obj
 0001:0004f377       _jpeg_destroy_compress     00450377 f   lib:jcapimin.obj
 0001:0004f382       _jpeg_suppress_tables      00450382 f   lib:jcapimin.obj
 0001:0004f3cc       _jpeg_finish_compress      004503cc f   lib:jcapimin.obj
 0001:0004f4b6       _jpeg_start_compress       004504b6 f   lib:jcapistd.obj
 0001:0004f522       _jpeg_write_scanlines      00450522 f   lib:jcapistd.obj
 0001:0004f5cd       _jpeg_add_quant_table      004505cd f   lib:jcparam.obj
 0001:0004f67f       _jpeg_quality_scaling      0045067f f   lib:jcparam.obj
 0001:0004f6a6       _jpeg_set_quality          004506a6 f   lib:jcparam.obj
 0001:0004f6e0       _jpeg_set_defaults         004506e0 f   lib:jcparam.obj
 0001:0004f8a6       _jpeg_default_colorspace   004508a6 f   lib:jcparam.obj
 0001:0004f8f6       _jpeg_set_colorspace       004508f6 f   lib:jcparam.obj
 0001:0004fc11       _jpeg_stdio_dest           00450c11 f   lib:jdatadst.obj
 0001:0004fe31       _crc32                     00450e31 f   lib:crc32.obj
 0001:000500cb       _inflateReset              004510cb f   lib:inflate.obj
 0001:00050119       _inflateInit2_             00451119 f   lib:inflate.obj
 0001:000501d2       _inflate                   004511d2 f   lib:inflate.obj
 0001:000514a7       _inflateEnd                004524a7 f   lib:inflate.obj
 0001:000514e5       _jinit_input_controller    004524e5 f   lib:jdinput.obj
 0001:000519c8       _jinit_memory_mgr          004529c8 f   lib:jmemmgr.obj
 0001:00052504       _jpeg_abort                00453504 f   lib:jcomapi.obj
 0001:00052537       _jpeg_destroy              00453537 f   lib:jcomapi.obj
 0001:00052552       _jpeg_alloc_quant_table    00453552 f   lib:jcomapi.obj
 0001:0005256e       _jpeg_alloc_huff_table     0045356e f   lib:jcomapi.obj
 0001:0005258a       _jpeg_calc_output_dimensions 0045358a f   lib:jdmaster.obj
 0001:0005268a       _jinit_master_decompress   0045368a f   lib:jdmaster.obj
 0001:000529e0       _jdiv_round_up             004539e0 f   lib:jutils.obj
 0001:000529f0       _jround_up                 004539f0 f   lib:jutils.obj
 0001:00052a08       _jcopy_sample_rows         00453a08 f   lib:jutils.obj
 0001:00052a46       _jcopy_block_row           00453a46 f   lib:jutils.obj
 0001:00052a5f       _jzero_far                 00453a5f f   lib:jutils.obj
 0001:00052a72       _jinit_marker_writer       00453a72 f   lib:jcmarker.obj
 0001:0005334e       _jinit_compress_master     0045434e f   lib:jcinit.obj
 0001:000533a7       _inflate_fast              004543a7 f   lib:inffast.obj
 0001:0005375c       _inflate_table             0045475c f   lib:inftrees.obj
 0001:00053b10       _adler32                   00454b10 f   lib:adler32.obj
 0001:00053c29       _jinit_c_codec             00454c29 f   lib:jcodec.obj
 0001:00053c45       _jinit_d_codec             00454c45 f   lib:jcodec.obj
 0001:00053c61       _jpeg_get_large            00454c61 f   lib:jmemnobs.obj
 0001:00053c61       _jpeg_get_small            00454c61 f   lib:jmemnobs.obj
 0001:00053c6d       _jpeg_free_large           00454c6d f   lib:jmemnobs.obj
 0001:00053c6d       _jpeg_free_small           00454c6d f   lib:jmemnobs.obj
 0001:00053c79       _jpeg_mem_available        00454c79 f   lib:jmemnobs.obj
 0001:00053c7e       _jpeg_open_backing_store   00454c7e f   lib:jmemnobs.obj
 0001:00053c92       _jpeg_mem_init             00454c92 f   lib:jmemnobs.obj
 0001:00053c92       __matherr                  00454c92 f   lib:jmemnobs.obj
 0001:00053c95       _jinit_d_main_controller   00454c95 f   lib:jdmainct.obj
 0001:000542e0       _jinit_d_post_controller   004552e0 f   lib:jdpostct.obj
 0001:0005458b       _jinit_upsampler           0045558b f   lib:jdsample.obj
 0001:00054bc9       _jinit_color_deconverter   00455bc9 f   lib:jdcolor.obj
 0001:000550df       _jinit_merged_upsampler    004560df f   lib:jdmerge.obj
 0001:0005562f       _jinit_2pass_quantizer     0045662f f   lib:jquant2.obj
 0001:000566f2       _jinit_1pass_quantizer     004576f2 f   lib:jquant1.obj
 0001:00057118       _jinit_c_main_controller   00458118 f   lib:jcmainct.obj
 0001:00057285       _jinit_c_prep_controller   00458285 f   lib:jcprepct.obj
 0001:000577d0       _jinit_downsampler         004587d0 f   lib:jcsample.obj
 0001:00058050       _jinit_color_converter     00459050 f   lib:jccolor.obj
 0001:0005863a       _jinit_c_master_control    0045963a f   lib:jcmaster.obj
 0001:00059129       _jinit_lossy_c_codec       0045a129 f   lib:jclossy.obj
 0001:000591c4       _jinit_lossless_c_codec    0045a1c4 f   lib:jclossls.obj
 0001:0005925c       _jinit_lossy_d_codec       0045a25c f   lib:jdlossy.obj
 0001:0005952f       _jinit_lossless_d_codec    0045a52f f   lib:jdlossls.obj
 0001:000595df       _jinit_c_coef_controller   0045a5df f   lib:jccoefct.obj
 0001:00059cc0       _jinit_shuff_encoder       0045acc0 f   lib:jcshuff.obj
 0001:0005a52b       _jinit_phuff_encoder       0045b52b f   lib:jcphuff.obj
 0001:0005afd0       _jinit_forward_dct         0045bfd0 f   lib:jcdctmgr.obj
 0001:0005b29f       _jinit_c_diff_controller   0045c29f f   lib:jcdiffct.obj
 0001:0005b7c3       _jinit_lhuff_encoder       0045c7c3 f   lib:jclhuff.obj
 0001:0005beed       _jinit_differencer         0045ceed f   lib:jcpred.obj
 0001:0005c407       _jinit_c_scaler            0045d407 f   lib:jcscale.obj
 0001:0005c47d       _jinit_d_coef_controller   0045d47d f   lib:jdcoefct.obj
 0001:0005d159       _jinit_shuff_decoder       0045e159 f   lib:jdshuff.obj
 0001:0005d6ee       _jinit_phuff_decoder       0045e6ee f   lib:jdphuff.obj
 0001:0005e28b       _jinit_inverse_dct         0045f28b f   lib:jddctmgr.obj
 0001:0005e46f       _jinit_d_diff_controller   0045f46f f   lib:jddiffct.obj
 0001:0005e99d       _jinit_d_scaler            0045f99d f   lib:jdscale.obj
 0001:0005ea9c       _jinit_undifferencer       0045fa9c f   lib:jdpred.obj
 0001:0005ee56       _jinit_lhuff_decoder       0045fe56 f   lib:jdlhuff.obj
 0001:0005f24b       _jpeg_make_c_derived_tbl   0046024b f   lib:jchuff.obj
 0001:0005f44d       _jpeg_gen_optimal_table    0046044d f   lib:jchuff.obj
 0001:0005f60c       _jpeg_fdct_float           0046060c f   lib:jfdctflt.obj
 0001:0005f811       _jpeg_make_d_derived_tbl   00460811 f   lib:jdhuff.obj
 0001:0005faae       _jpeg_fill_bit_buffer      00460aae f   lib:jdhuff.obj
 0001:0005fbbd       _jpeg_huff_decode          00460bbd f   lib:jdhuff.obj
 0001:0005fc9d       _jpeg_idct_4x4             00460c9d f   lib:jidctred.obj
 0001:0005ff8b       _jpeg_idct_2x2             00460f8b f   lib:jidctred.obj
 0001:0006014d       _jpeg_idct_1x1             0046114d f   lib:jidctred.obj
 0001:00060189       _jpeg_idct_float           00461189 f   lib:jidctflt.obj
 0001:00060560       __except_handler3          00461560 f   MSVCRT:MSVCRT.dll
 0001:00060570       __alloca_probe             00461570 f   MSVCRT:chkstk.obj
 0001:00060570       __chkstk                   00461570 f   MSVCRT:chkstk.obj
 0001:000605a0       _strlen                    004615a0 f   MSVCRT:MSVCRT.dll
 0001:000605a6       __onexit                   004615a6 f   MSVCRT:atonexit.obj
 0001:000605d2       _atexit                    004615d2 f   MSVCRT:atonexit.obj
 0001:000605e4       ??_Etype_info@@UAEPAXI@Z   004615e4 f i MSVCRT:ti_inst.obj
 0001:000605e4       ??_Gtype_info@@UAEPAXI@Z   004615e4 f i MSVCRT:ti_inst.obj
 0001:00060600       __CxxThrowException@8      00461600 f   MSVCRT:MSVCRT.dll
 0001:00060606       _strcmp                    00461606 f   MSVCRT:MSVCRT.dll
 0001:0006060c       _strcpy                    0046160c f   MSVCRT:MSVCRT.dll
 0001:00060612       _sin                       00461612 f   MSVCRT:MSVCRT.dll
 0001:00060618       _tan                       00461618 f   MSVCRT:MSVCRT.dll
 0001:0006061e       _cos                       0046161e f   MSVCRT:MSVCRT.dll
 0001:00060624       _fmod                      00461624 f   MSVCRT:MSVCRT.dll
 0001:0006062a       _acos                      0046162a f   MSVCRT:MSVCRT.dll
[...]
 0001:0005e60d       _start_iMCU_row            0045f60d f   lib:jddiffct.obj
 0001:0005e652       _start_output_pass         0045f652 f   lib:jddiffct.obj
 0001:0005e65e       _decompress_data           0045f65e f   lib:jddiffct.obj
 0001:0005e7ce       _process_restart           0045f7ce f   lib:jddiffct.obj
 0001:0005c7ee       _dummy_consume_data        0045d7ee f   lib:jdcoefct.obj
 0001:0005e803       _consume_data              0045f803 f   lib:jddiffct.obj
 0001:0005e87a       _output_data               0045f87a f   lib:jddiffct.obj
 0001:0005e301       _start_pass                0045f301 f   lib:jddctmgr.obj
 0001:0005d753       _start_pass_phuff_decoder  0045e753 f   lib:jdphuff.obj
 0001:0005d99c       _decode_mcu_DC_first       0045e99c f   lib:jdphuff.obj
 0001:0005db94       _process_restart           0045eb94 f   lib:jdphuff.obj
 0001:0005dc03       _decode_mcu_AC_first       0045ec03 f   lib:jdphuff.obj
 0001:0005de23       _decode_mcu_DC_refine      0045ee23 f   lib:jdphuff.obj
 0001:0005def8       _decode_mcu_AC_refine      0045eef8 f   lib:jdphuff.obj
 0001:0005d19a       _start_pass_huff_decoder   0045e19a f   lib:jdshuff.obj
 0001:0005d2d2       _decode_mcu                0045e2d2 f   lib:jdshuff.obj
 0001:0005d682       _process_restart           0045e682 f   lib:jdshuff.obj
 0001:0005c580       _start_input_pass          0045d580 f   lib:jdcoefct.obj
 0001:0005c593       _start_iMCU_row            0045d593 f   lib:jdcoefct.obj
 0001:0005c5d8       _start_output_pass         0045d5d8 f   lib:jdcoefct.obj
 0001:0005c615       _decompress_onepass        0045d615 f   lib:jdcoefct.obj
 0001:0005c7ee       _dummy_consume_data        0045d7ee f   lib:jdcoefct.obj
 0001:0005c7f1       _consume_data              0045d7f1 f   lib:jdcoefct.obj
 0001:0005c9aa       _decompress_data           0045d9aa f   lib:jdcoefct.obj
 0001:0005cb16       _smoothing_ok              0045db16 f   lib:jdcoefct.obj
 0001:0005cc01       _decompress_smooth_data    0045dc01 f   lib:jdcoefct.obj
 0001:0005c419       _scaler_start_pass         0045d419 f   lib:jcscale.obj
 0001:0005c43c       _simple_downscale          0045d43c f   lib:jcscale.obj
 0001:0005c468       _noscale                   0045d468 f   lib:jcscale.obj
 0001:0005bf11       _start_pass                0045cf11 f   lib:jcpred.obj
 0001:0005bf69       _reset_predictor           0045cf69 f   lib:jcpred.obj
 0001:0005bf96       _jpeg_difference_first_row 0045cf96 f   lib:jcpred.obj
 0001:0005c080       _jpeg_difference1          0045d080 f   lib:jcpred.obj
 0001:0005c0ee       _jpeg_difference2          0045d0ee f   lib:jcpred.obj
 0001:0005c15f       _jpeg_difference3          0045d15f f   lib:jcpred.obj
 0001:0005c1d7       _jpeg_difference4          0045d1d7 f   lib:jcpred.obj
 0001:0005c262       _jpeg_difference5          0045d262 f   lib:jcpred.obj
 0001:0005c2f5       _jpeg_difference6          0045d2f5 f   lib:jcpred.obj
 0001:0005c384       _jpeg_difference7          0045d384 f   lib:jcpred.obj
 0001:0005b803       _start_pass_huff           0045c803 f   lib:jclhuff.obj
 0001:0005b9a0       _encode_mcus_huff          0045c9a0 f   lib:jclhuff.obj
 0001:0005bb8b       _emit_bits                 0045cb8b f   lib:jclhuff.obj
 0001:0005bc2e       _dump_buffer               0045cc2e f   lib:jclhuff.obj
 0001:0005bc52       _emit_restart              0045cc52 f   lib:jclhuff.obj
 0001:0005bc9d       _flush_bits                0045cc9d f   lib:jclhuff.obj
 0001:0005bcc1       _finish_pass_huff          0045ccc1 f   lib:jclhuff.obj
 0001:0005bd2e       _encode_mcus_gather        0045cd2e f   lib:jclhuff.obj
 0001:0005be57       _finish_pass_gather        0045ce57 f   lib:jclhuff.obj
 0001:0005a528       _need_optimization_pass    0045b528 f   lib:jcshuff.obj
 0001:0005b423       _start_pass_diff           0045c423 f   lib:jcdiffct.obj
 0001:00059729       _start_iMCU_row            0045a729 f   lib:jccoefct.obj
 0001:0005b4c1       _compress_data             0045c4c1 f   lib:jcdiffct.obj
 0001:0005b657       _compress_first_pass       0045c657 f   lib:jcdiffct.obj
 0001:0005b74c       _compress_output           0045c74c f   lib:jcdiffct.obj
 0001:0005b036       _start_pass_fdctmgr        0045c036 f   lib:jcdctmgr.obj
 0001:0005b138       _forward_DCT_float         0045c138 f   lib:jcdctmgr.obj
 0001:0005a56b       _start_pass_phuff          0045b56b f   lib:jcphuff.obj
 0001:0005a6d8       _encode_mcu_DC_first       0045b6d8 f   lib:jcphuff.obj
 0001:0005a80a       _emit_bits                 0045b80a f   lib:jcphuff.obj
 0001:0005a8b5       _dump_buffer               0045b8b5 f   lib:jcphuff.obj
 0001:0005a8ed       _emit_symbol               0045b8ed f   lib:jcphuff.obj
 0001:0005a92d       _emit_restart              0045b92d f   lib:jcphuff.obj
 0001:0005a9b6       _emit_eobrun               0045b9b6 f   lib:jcphuff.obj
 0001:0005aa3c       _encode_mcu_AC_first       0045ba3c f   lib:jcphuff.obj
 0001:0005abd0       _encode_mcu_DC_refine      0045bbd0 f   lib:jcphuff.obj
 0001:0005ac8a       _encode_mcu_AC_refine      0045bc8a f   lib:jcphuff.obj
 0001:0005aea1       _finish_pass_phuff         0045bea1 f   lib:jcphuff.obj
 0001:0005aef0       _finish_pass_gather_phuff  0045bef0 f   lib:jcphuff.obj
 0001:0005afb3       _need_optimization_pass    0045bfb3 f   lib:jcphuff.obj
 0001:00059d03       _start_pass_huff           0045ad03 f   lib:jcshuff.obj
 0001:00059e78       _encode_mcu_huff           0045ae78 f   lib:jcshuff.obj
 0001:00059f83       _encode_one_block          0045af83 f   lib:jcshuff.obj
 0001:0005a0fa       _emit_bits                 0045b0fa f   lib:jcshuff.obj
 0001:0005a19d       _dump_buffer               0045b19d f   lib:jcshuff.obj
 0001:0005a1c1       _emit_restart              0045b1c1 f   lib:jcshuff.obj
 0001:0005a22e       _flush_bits                0045b22e f   lib:jcshuff.obj
 0001:0005a252       _finish_pass_huff          0045b252 f   lib:jcshuff.obj
 0001:0005a2c1       _encode_mcu_gather         0045b2c1 f   lib:jcshuff.obj
 0001:0005a377       _htest_one_block           0045b377 f   lib:jcshuff.obj
 0001:0005a43e       _finish_pass_gather        0045b43e f   lib:jcshuff.obj
 0001:0005a528       _need_optimization_pass    0045b528 f   lib:jcshuff.obj
 0001:00059694       _start_pass_coef           0045a694 f   lib:jccoefct.obj
 0001:00059729       _start_iMCU_row            0045a729 f   lib:jccoefct.obj
 0001:0005976b       _compress_data             0045a76b f   lib:jccoefct.obj
 0001:00059952       _compress_first_pass       0045a952 f   lib:jccoefct.obj
 0001:00059b38       _compress_output           0045ab38 f   lib:jccoefct.obj
 0001:000595ac       _calc_output_dimensions    0045a5ac f   lib:jdlossls.obj
 0001:000595bd       _start_input_pass          0045a5bd f   lib:jdlossls.obj
 0001:000592eb       _calc_output_dimensions    0045a2eb f   lib:jdlossy.obj
 0001:0005945e       _start_input_pass          0045a45e f   lib:jdlossy.obj
 0001:0005947e       _latch_quant_tables        0045a47e f   lib:jdlossy.obj
 0001:00059516       _start_output_pass         0045a516 f   lib:jdlossy.obj
 0001:0005923a       _start_pass                0045a23a f   lib:jclossls.obj
 0001:000591a6       _start_pass                0045a1a6 f   lib:jclossy.obj
 0001:000586fb       _initial_setup             004596fb f   lib:jcmaster.obj
 0001:000588ae       _validate_script           004598ae f   lib:jcmaster.obj
 0001:00058c86       _prepare_for_pass          00459c86 f   lib:jcmaster.obj
 0001:00058dfe       _select_scan_parameters    00459dfe f   lib:jcmaster.obj
 0001:00058eff       _per_scan_setup            00459eff f   lib:jcmaster.obj
 0001:000590aa       _pass_startup              0045a0aa f   lib:jcmaster.obj
 0001:000590d1       _finish_pass_master        0045a0d1 f   lib:jcmaster.obj
 0001:000581e7       _rgb_ycc_start             004591e7 f   lib:jccolor.obj
 0001:000582ab       _rgb_ycc_convert           004592ab f   lib:jccolor.obj
 0001:000583aa       _rgb_gray_convert          004593aa f   lib:jccolor.obj
 0001:0005842f       _cmyk_ycck_convert         0045942f f   lib:jccolor.obj
 0001:00058567       _grayscale_convert         00459567 f   lib:jccolor.obj
 0001:000585c1       _null_convert              004595c1 f   lib:jccolor.obj
 0001:0002c3d1       _null_method               0042d3d1 f   images.obj
 0001:0002c3d1       _start_pass_downsample     0042d3d1 f   images.obj
 0001:00057933       _sep_downsample            00458933 f   lib:jcsample.obj
 0001:000579a8       _int_downsample            004589a8 f   lib:jcsample.obj
 0001:00057aa0       _expand_right_edge         00458aa0 f   lib:jcsample.obj
 0001:00057af5       _fullsize_downsample       00458af5 f   lib:jcsample.obj
 0001:00057b39       _h2v1_downsample           00458b39 f   lib:jcsample.obj
 0001:00057bcd       _h2v2_downsample           00458bcd f   lib:jcsample.obj
 0001:00057c7a       _h2v2_smooth_downsample    00458c7a f   lib:jcsample.obj
 0001:00057ef2       _fullsize_smooth_downsample 00458ef2 f   lib:jcsample.obj
 0001:0005732f       _start_pass_prep           0045832f f   lib:jcprepct.obj
 0001:0005736d       _pre_process_data          0045836d f   lib:jcprepct.obj
 0001:0005751b       _pre_process_context       0045851b f   lib:jcprepct.obj
 0001:000576d4       _create_context_buffer     004586d4 f   lib:jcprepct.obj
 0001:000571a7       _start_pass_main           004581a7 f   lib:jcmainct.obj
 0001:000571e9       _process_data_simple_main  004581e9 f   lib:jcmainct.obj
 0001:0005677d       _create_colormap           0045777d f   lib:jquant1.obj
 0001:000568af       _select_ncolors            004578af f   lib:jquant1.obj
 0001:00056986       _create_colorindex         00457986 f   lib:jquant1.obj
 0001:00056ab2       _alloc_fs_workspace        00457ab2 f   lib:jquant1.obj
 0001:00056aee       _start_pass_1_quant        00457aee f   lib:jquant1.obj
 0001:00056bba       _create_odither_tables     00457bba f   lib:jquant1.obj
 0001:00056c19       _make_odither_array        00457c19 f   lib:jquant1.obj
 0001:00056c7c       _color_quantize            00457c7c f   lib:jquant1.obj
 0001:00056d07       _color_quantize3           00457d07 f   lib:jquant1.obj
 0001:00056d95       _quantize_ord_dither       00457d95 f   lib:jquant1.obj
 0001:00056e80       _quantize3_ord_dither      00457e80 f   lib:jquant1.obj
 0001:00056f80       _quantize_fs_dither        00457f80 f   lib:jquant1.obj
 0001:0002c3d1       _finish_pass_1_quant       0042d3d1 f   images.obj
 0001:00057104       _new_color_map_1_quant     00458104 f   lib:jquant1.obj
 0001:0005573e       _init_error_limit          0045673e f   lib:jquant2.obj
 0001:000557dd       _start_pass_2_quant        004567dd f   lib:jquant2.obj
 0001:000558df       _prescan_quantize          004568df f   lib:jquant2.obj
 0001:0005594e       _pass2_no_dither           0045694e f   lib:jquant2.obj
 0001:000559fb       _fill_inverse_cmap         004569fb f   lib:jquant2.obj
 0001:00055ac6       _find_nearby_colors        00456ac6 f   lib:jquant2.obj
 0001:00055c6a       _find_best_colors          00456c6a f   lib:jquant2.obj
 0001:00055d84       _pass2_fs_dither           00456d84 f   lib:jquant2.obj
 0001:00055ff3       _finish_pass1              00456ff3 f   lib:jquant2.obj
 0001:00056015       _select_colors             00457015 f   lib:jquant2.obj
 0001:000560a1       _update_box                004570a1 f   lib:jquant2.obj
 0001:0005643b       _median_cut                0045743b f   lib:jquant2.obj
 0001:0005654f       _find_biggest_color_pop    0045754f f   lib:jquant2.obj
 0001:0005657e       _find_biggest_volume       0045757e f   lib:jquant2.obj
 0001:000565a7       _compute_color             004575a7 f   lib:jquant2.obj
 0001:0002c3d1       _finish_pass2              0042d3d1 f   images.obj
 0001:000566e3       _new_color_map_2_quant     004576e3 f   lib:jquant2.obj
 0001:00055155       _build_ycc_rgb_table       00456155 f   lib:jdmerge.obj
 0001:00055205       _start_pass_merged_upsample 00456205 f   lib:jdmerge.obj
 0001:0005521a       _merged_2v_upsample        0045621a f   lib:jdmerge.obj
 0001:000552c1       _merged_1v_upsample        004562c1 f   lib:jdmerge.obj
 0001:000552f2       _h2v1_merged_upsample      004562f2 f   lib:jdmerge.obj
 0001:00055448       _h2v2_merged_upsample      00456448 f   lib:jdmerge.obj
 0001:00054cf9       _build_ycc_rgb_table       00455cf9 f   lib:jdcolor.obj
 0001:00054da9       _ycc_rgb_convert           00455da9 f   lib:jdcolor.obj
 0001:00054eb7       _null_convert              00455eb7 f   lib:jdcolor.obj
 0001:00054f2f       _grayscale_convert         00455f2f f   lib:jdcolor.obj
 0001:00054f52       _gray_rgb_convert          00455f52 f   lib:jdcolor.obj
 0001:00054fab       _ycck_cmyk_convert         00455fab f   lib:jdcolor.obj
 0001:0002c3d1       _start_pass_dcolor         0042d3d1 f   images.obj
 0001:0005475a       _start_pass_upsample       0045575a f   lib:jdsample.obj
 0001:00054774       _sep_upsample              00455774 f   lib:jdsample.obj
 0001:00054841       _fullsize_upsample         00455841 f   lib:jdsample.obj
 0001:0005484c       _noop_upsample             0045584c f   lib:jdsample.obj
 0001:00054854       _int_upsample              00455854 f   lib:jdsample.obj
 0001:0005493e       _h2v1_upsample             0045593e f   lib:jdsample.obj
 0001:00054995       _h2v2_upsample             00455995 f   lib:jdsample.obj
 0001:00054a07       _h2v1_fancy_upsample       00455a07 f   lib:jdsample.obj
 0001:00054aaa       _h2v2_fancy_upsample       00455aaa f   lib:jdsample.obj
 0001:00054363       _start_pass_dpost          00455363 f   lib:jdpostct.obj
 0001:00054409       _post_process_1pass        00455409 f   lib:jdpostct.obj
 0001:0005446e       _post_process_prepass      0045546e f   lib:jdpostct.obj
 0001:000544ff       _post_process_2pass        004554ff f   lib:jdpostct.obj
 0001:00053d6a       _alloc_funny_pointers      00454d6a f   lib:jdmainct.obj
 0001:00053e17       _start_pass_main           00454e17 f   lib:jdmainct.obj
 0001:00053e7f       _make_funny_pointers       00454e7f f   lib:jdmainct.obj
 0001:00053fbf       _process_data_simple_main  00454fbf f   lib:jdmainct.obj
 0001:00054027       _process_data_context_main 00455027 f   lib:jdmainct.obj
 0001:00054139       _set_wraparound_pointers   00455139 f   lib:jdmainct.obj
 0001:00054223       _set_bottom_pointers       00455223 f   lib:jdmainct.obj
 0001:000542bd       _process_data_crank_post   004552bd f   lib:jdmainct.obj
 0001:00052ac0       _write_marker_header       00453ac0 f   lib:jcmarker.obj
 0001:00052b16       _emit_byte                 00453b16 f   lib:jcmarker.obj
 0001:00052b47       _write_marker_byte         00453b47 f   lib:jcmarker.obj
 0001:00052b57       _write_file_header         00453b57 f   lib:jcmarker.obj
 0001:00052ba3       _emit_jfif_app0            00453ba3 f   lib:jcmarker.obj
 0001:00052c76       _emit_adobe_app14          00453c76 f   lib:jcmarker.obj
 0001:00052d1c       _write_frame_header        00453d1c f   lib:jcmarker.obj
 0001:00052dfb       _emit_dqt                  00453dfb f   lib:jcmarker.obj
 0001:00052eea       _emit_sof                  00453eea f   lib:jcmarker.obj
 0001:00052fc6       _write_scan_header         00453fc6 f   lib:jcmarker.obj
 0001:00053086       _emit_dht                  00454086 f   lib:jcmarker.obj
 0001:0005315f       _emit_dri                  0045415f f   lib:jcmarker.obj
 0001:000531ae       _emit_sos                  004541ae f   lib:jcmarker.obj
 0001:0005329c       _write_file_trailer        0045429c f   lib:jcmarker.obj
 0001:000532bc       _write_tables_only         004542bc f   lib:jcmarker.obj
 0001:00052615       _use_merged_upsample       00453615 f   lib:jdmaster.obj
 0001:000526bb       _master_selection          004536bb f   lib:jdmaster.obj
 0001:00052818       _prepare_range_limit_table 00453818 f   lib:jdmaster.obj
 0001:0005289e       _prepare_for_output_pass   0045389e f   lib:jdmaster.obj
 0001:000529bf       _finish_output_pass        004539bf f   lib:jdmaster.obj
 0001:00051a8c       _alloc_small               00452a8c f   lib:jmemmgr.obj
 0001:00051baa       _alloc_large               00452baa f   lib:jmemmgr.obj
 0001:00051c5b       _alloc_sarray              00452c5b f   lib:jmemmgr.obj
 0001:00051cf3       _alloc_barray              00452cf3 f   lib:jmemmgr.obj
 0001:00051d97       _alloc_darray              00452d97 f   lib:jmemmgr.obj
 0001:00051e42       _request_virt_sarray       00452e42 f   lib:jmemmgr.obj
 0001:00051ea3       _request_virt_barray       00452ea3 f   lib:jmemmgr.obj
 0001:00051f04       _realize_virt_arrays       00452f04 f   lib:jmemmgr.obj
 0001:00052087       _access_virt_sarray        00453087 f   lib:jmemmgr.obj
 0001:000521a7       _do_sarray_io              004531a7 f   lib:jmemmgr.obj
 0001:00052237       _access_virt_barray        00453237 f   lib:jmemmgr.obj
 0001:0005235c       _do_barray_io              0045335c f   lib:jmemmgr.obj
 0001:000523ed       _free_pool                 004533ed f   lib:jmemmgr.obj
 0001:000524d4       _self_destruct             004534d4 f   lib:jmemmgr.obj
 0001:00051526       _start_input_pass          00452526 f   lib:jdinput.obj
 0001:00051554       _per_scan_setup            00452554 f   lib:jdinput.obj
 0001:000516da       _finish_input_pass         004526da f   lib:jdinput.obj
 0001:000516eb       _consume_markers           004526eb f   lib:jdinput.obj
 0001:00051787       _initial_setup             00452787 f   lib:jdinput.obj
 0001:00051991       _reset_input_controller    00452991 f   lib:jdinput.obj
 0001:000512df       _fixedtables               004522df f   lib:inflate.obj
 0001:000513c9       _updatewindow              004523c9 f   lib:inflate.obj
 0001:0004fd11       _make_crc_table            00450d11 f   lib:crc32.obj
 0001:0004fe5e       _crc32_little              00450e5e f   lib:crc32.obj
 0001:0004fc4d       _init_destination          00450c4d f   lib:jdatadst.obj
 0001:0004fc73       _empty_output_buffer       00450c73 f   lib:jdatadst.obj
 0001:0004fcb5       _term_destination          00450cb5 f   lib:jdatadst.obj
 0001:0004f7d4       _std_huff_tables           004507d4 f   lib:jcparam.obj
 0001:0004f82e       _add_huff_table            0045082e f   lib:jcparam.obj
 0001:0004dd21       _next_marker               0044ed21 f   lib:jdmarker.obj
 0001:0004de5b       _get_interesting_appn      0044ee5b f   lib:jdmarker.obj
 0001:0004df86       _examine_app0              0044ef86 f   lib:jdmarker.obj
 0001:0004e194       _examine_app14             0044f194 f   lib:jdmarker.obj
 0001:0004e255       _skip_variable             0044f255 f   lib:jdmarker.obj
 0001:0004e2f8       _read_markers              0044f2f8 f   lib:jdmarker.obj
 0001:0004e500       _get_soi                   0044f500 f   lib:jdmarker.obj
 0001:0004e5ab       _get_sof                   0044f5ab f   lib:jdmarker.obj
 0001:0004e8b4       _get_sos                   0044f8b4 f   lib:jdmarker.obj
 0001:0004eba2       _get_dht                   0044fba2 f   lib:jdmarker.obj
 0001:0004ee43       _get_dqt                   0044fe43 f   lib:jdmarker.obj
 0001:0004f09f       _get_dri                   0045009f f   lib:jdmarker.obj
 0001:0004f17e       _first_marker              0045017e f   lib:jdmarker.obj
 0001:0004f21a       _read_restart_marker       0045021a f   lib:jdmarker.obj
 0001:0004f298       _reset_marker_reader       00450298 f   lib:jdmarker.obj
 0001:0004db05       _output_pass_setup         0044eb05 f   lib:jdapistd.obj
 0001:0004d7f8       _default_decompress_parms  0044e7f8 f   lib:jdapimin.obj

 183 bytes saved through ICF

