 quake2

 Timestamp is 413df5e3 (Tue Sep 07 21:54:43 2004)

 Preferred load address is 00400000

 Start         Length     Name                   Class
 0001:00000000 0006e630H .text                   CODE
 0002:00000000 00000310H .idata$5                DATA
 0002:00000310 00005534H .rdata                  DATA
 0002:00005844 00000078H .idata$2                DATA
 0002:000058bc 00000014H .idata$3                DATA
 0002:000058d0 00000310H .idata$4                DATA
 0002:00005be0 000009f6H .idata$6                DATA
 0002:000065d6 00000000H .edata                  DATA
 0003:00000000 00000004H .CRT$XCA                DATA
 0003:00000004 00000004H .CRT$XCZ                DATA
 0003:00000008 00000004H .CRT$XIA                DATA
 0003:0000000c 00000004H .CRT$XIZ                DATA
 0003:00000010 000133e4H .data                   DATA
 0003:000133f8 00abc340H .bss                    DATA
 0004:00000000 00000130H .rsrc$01                DATA
 0004:00000130 00003f20H .rsrc$02                DATA

  Address         Publics by Value              Rva+Base     Lib:Object

 0001:00000000       _CDAudio_Play2             00401000 f   cd_win.obj
 0001:000001e5       _CDAudio_Play              004011e5 f   cd_win.obj
 0001:000001fc       _CDAudio_Stop              004011fc f   cd_win.obj
 0001:00000241       _CDAudio_Pause             00401241 f   cd_win.obj
 0001:0000029a       _CDAudio_Resume            0040129a f   cd_win.obj
 0001:0000030c       _CDAudio_MessageHandler    0040130c f   cd_win.obj
 0001:000003a3       _CDAudio_Update            004013a3 f   cd_win.obj
 0001:000003da       _CDAudio_Init              004013da f   cd_win.obj
 0001:000007d1       _CDAudio_Shutdown          004017d1 f   cd_win.obj
 0001:00000804       _CDAudio_Activate          00401804 f   cd_win.obj
 0001:00000815       _SCR_StopCinematic         00401815 f   cl_cin.obj
 0001:000008b1       _SCR_FinishCinematic       004018b1 f   cl_cin.obj
 0001:000008f3       _SCR_RunCinematic          004018f3 f   cl_cin.obj
 0001:00000d10       _SCR_DrawCinematic         00401d10 f   cl_cin.obj
 0001:00000db4       _SCR_PlayCinematic         00401db4 f   cl_cin.obj
 0001:00001101       _CL_ParseEntityBits        00402101 f   cl_ents.obj
 0001:00001163       _CL_ParseDelta             00402163 f   cl_ents.obj
 0001:00001502       _CL_DeltaEntity            00402502 f   cl_ents.obj
 0001:0000167f       _CL_ParsePacketEntities    0040267f f   cl_ents.obj
 0001:00001884       _CL_ParsePlayerstate       00402884 f   cl_ents.obj
 0001:00001b92       _CL_FireEntityEvents       00402b92 f   cl_ents.obj
 0001:00001be4       _CL_ParseFrame             00402be4 f   cl_ents.obj
 0001:00001ede       _CL_AddEntityBox           00402ede f   cl_ents.obj
 0001:00001fce       _CL_OffsetThirdPersonView  00402fce f   cl_ents.obj
 0001:00002088       _CL_CalcViewValues         00403088 f   cl_ents.obj
 0001:00002395       _CL_AddEntities            00403395 f   cl_ents.obj
 0001:00003132       _CL_GetEntitySoundOrigin   00404132 f   cl_ents.obj
 0001:00003168       _CL_ClearLightStyles       00404168 f   cl_fx.obj
 0001:000031ec       _CL_RunLightStyles         004041ec f   cl_fx.obj
 0001:00003289       _CL_SetLightstyle          00404289 f   cl_fx.obj
 0001:000032f3       _CL_AllocDlight            004042f3 f   cl_fx.obj
 0001:00003360       _CL_AddDLights             00404360 f   cl_fx.obj
 0001:000033c0       _CL_ClearParticles         004043c0 f   cl_fx.obj
 0001:0000342a       _CL_AllocParticleTrace     0040442a f   cl_fx.obj
 0001:000034cd       _CL_AllocParticleBeam      004044cd f   cl_fx.obj
 0001:00003540       _CL_AllocParticle          00404540 f   cl_fx.obj
 0001:0000358e       _CL_UpdateParticles        0040458e f   cl_fx.obj
 0001:00003b32       _CL_MetalSparks            00404b32 f   cl_fx.obj
 0001:00003c1f       _CL_ParseMuzzleFlash       00404c1f f   cl_fx.obj
 0001:00004460       _CL_ParseMuzzleFlash2      00405460 f   cl_fx.obj
 0001:00004b46       _CL_ParticleEffect         00405b46 f   cl_fx.obj
 0001:00004c15       _CL_ParticleEffect2        00405c15 f   cl_fx.obj
 0001:00004ce0       _CL_ParticleEffect3        00405ce0 f   cl_fx.obj
 0001:00004db0       _CL_TeleporterParticles    00405db0 f   cl_fx.obj
 0001:00004e67       _CL_LogoutEffect           00405e67 f   cl_fx.obj
 0001:00004f52       _CL_ItemRespawnParticles   00405f52 f   cl_fx.obj
 0001:00005001       _CL_ExplosionParticles     00406001 f   cl_fx.obj
 0001:000050ab       _CL_BigTeleportParticles   004060ab f   cl_fx.obj
 0001:00005202       _CL_BlasterParticles       00406202 f   cl_fx.obj
 0001:000052ce       _CL_BlasterTrail           004062ce f   cl_fx.obj
 0001:000053c1       _CL_FlagTrail              004063c1 f   cl_fx.obj
 0001:000054c1       _CL_DiminishingTrail       004064c1 f   cl_fx.obj
 0001:00005725       _CL_RocketTrail            00406725 f   cl_fx.obj
 0001:00005852       _CL_RailTrail              00406852 f   cl_fx.obj
 0001:00005a78       _CL_RailTrailExt           00406a78 f   cl_fx.obj
 0001:00005b7a       _CL_IonripperTrail         00406b7a f   cl_fx.obj
 0001:00005c8d       _CL_BubbleTrail            00406c8d f   cl_fx.obj
 0001:00005dab       _CL_FlyParticles           00406dab f   cl_fx.obj
 0001:00005f4a       _CL_FlyEffect              00406f4a f   cl_fx.obj
 0001:00005fcd       _CL_BfgParticles           00406fcd f   cl_fx.obj
 0001:000061a7       _CL_TrapParticles          004071a7 f   cl_fx.obj
 0001:0000642a       _CL_BFGExplosionParticles  0040742a f   cl_fx.obj
 0001:000064d4       _CL_TeleportParticles      004074d4 f   cl_fx.obj
 0001:0000660d       _CL_EntityEvent            0040760d f   cl_fx.obj
 0001:000067eb       _CL_ClearEffects           004077eb f   cl_fx.obj
 0001:00006809       _IN_CenterView             00407809 f   cl_input.obj
 0001:0000682a       _CL_InitInput              0040782a f   cl_input.obj
 0001:00006d0a       _CL_SendCmd                00407d0a f   cl_input.obj
 0001:00007405       _CL_ParseInventory         00408405 f   cl_inv.obj
 0001:00007425       _CL_DrawInventory          00408425 f   cl_inv.obj
 0001:0000767b       _CL_WriteDemoMessage       0040867b f   cl_main.obj
 0001:000076bd       _CL_Stop_f                 004086bd f   cl_main.obj
 0001:00007718       _CL_Record_f               00408718 f   cl_main.obj
 0001:000079bb       _Cmd_ForwardToServer       004089bb f   cl_main.obj
 0001:00007a27       _CL_Setenv_f               00408a27 f   cl_main.obj
 0001:00007aeb       _CL_ForwardToServer_f      00408aeb f   cl_main.obj
 0001:00007b39       _CL_Pause_f                00408b39 f   cl_main.obj
 0001:00007b7b       _CL_Quit_f                 00408b7b f   cl_main.obj
 0001:00007b85       _CL_Drop                   00408b85 f   cl_main.obj
 0001:00007ba7       _CL_SendConnectPacket      00408ba7 f   cl_main.obj
 0001:00007c7e       _CL_CheckForResend         00408c7e f   cl_main.obj
 0001:00007d82       _CL_Connect_f              00408d82 f   cl_main.obj
 0001:00007e03       _CL_Rcon_f                 00408e03 f   cl_main.obj
 0001:00007f0e       _CL_ClearState             00408f0e f   cl_main.obj
 0001:00007f4d       _CL_Disconnect             00408f4d f   cl_main.obj
 0001:0000808f       _CL_Disconnect_f           0040908f f   cl_main.obj
 0001:0000809e       _CL_Changing_f             0040909e f   cl_main.obj
 0001:000080c2       _CL_Reconnect_f            004090c2 f   cl_main.obj
 0001:0000815e       _CL_PingServers_f          0040915e f   cl_main.obj
 0001:000082c6       _CL_Skins_f                004092c6 f   cl_main.obj
 0001:00008302       _CL_ConnectionlessPacket   00409302 f   cl_main.obj
 0001:00008660       _CL_ReadPackets            00409660 f   cl_main.obj
 0001:00008754       _CL_FixUpGender            00409754 f   cl_main.obj
 0001:00008804       _CL_Userinfo_f             00409804 f   cl_main.obj
 0001:0000881c       _CL_Snd_Restart_f          0040981c f   cl_main.obj
 0001:0000882b       _CL_RequestNextDownload    0040982b f   cl_main.obj
 0001:00008e6e       _CL_Precache_f             00409e6e f   cl_main.obj
 0001:00008f34       _CL_WriteConfiguration     00409f34 f   cl_main.obj
 0001:00008fef       _CL_WriteConfig_f          00409fef f   cl_main.obj
 0001:0000904e       _CL_InitLocal              0040a04e f   cl_main.obj
 0001:0000926e       _CL_FixCvarCheats          0040a26e f   cl_main.obj
 0001:000092bf       _CL_Frame                  0040a2bf f   cl_main.obj
 0001:0000954d       _CL_Init                   0040a54d f   cl_main.obj
 0001:000095ea       _CL_Shutdown               0040a5ea f   cl_main.obj
 0001:00009628       _vectoangles2              0040a628 f   cl_newfx.obj
 0001:0000972a       _CL_Flashlight             0040a72a f   cl_newfx.obj
 0001:00009764       _CL_ColorFlash             0040a764 f   cl_newfx.obj
 0001:000097a0       _CL_DebugTrail             0040a7a0 f   cl_newfx.obj
 0001:00009880       _CL_ForceWall              0040a880 f   cl_newfx.obj
 0001:000099a7       _CL_BubbleTrail2           0040a9a7 f   cl_newfx.obj
 0001:00009ad1       _CL_Heatbeam               0040aad1 f   cl_newfx.obj
 0001:00009d82       _CL_ParticleSteamEffect    0040ad82 f   cl_newfx.obj
 0001:00009eac       _CL_ParticleSteamEffect2   0040aeac f   cl_newfx.obj
 0001:00009fe3       _CL_TrackerTrail           0040afe3 f   cl_newfx.obj
 0001:0000a144       _CL_Tracker_Shell          0040b144 f   cl_newfx.obj
 0001:0000a1cd       _CL_MonsterPlasma_Shell    0040b1cd f   cl_newfx.obj
 0001:0000a253       _CL_Widowbeamout           0040b253 f   cl_newfx.obj
 0001:0000a30f       _CL_Nukeblast              0040b30f f   cl_newfx.obj
 0001:0000a3cb       _CL_WidowSplash            0040b3cb f   cl_newfx.obj
 0001:0000a493       _CL_TagTrail               0040b493 f   cl_newfx.obj
 0001:0000a593       _CL_ColorExplosionParticles 0040b593 f   cl_newfx.obj
 0001:0000a640       _CL_ParticleSmokeEffect    0040b640 f   cl_newfx.obj
 0001:0000a768       _CL_BlasterParticles2      0040b768 f   cl_newfx.obj
 0001:0000a835       _CL_BlasterTrail2          0040b835 f   cl_newfx.obj
 0001:0000a928       _CL_DownloadFileName       0040b928 f   cl_parse.obj
 0001:0000a967       _CL_CheckOrDownloadFile    0040b967 f   cl_parse.obj
 0001:0000aba2       _CL_Download_f             0040bba2 f   cl_parse.obj
 0001:0000ac6d       _CL_RegisterSounds         0040bc6d f   cl_parse.obj
 0001:0000acac       _CL_ParseDownload          0040bcac f   cl_parse.obj
 0001:0000ae19       _CL_ParseServerData        0040be19 f   cl_parse.obj
 0001:0000af1c       _CL_ParseBaseline          0040bf1c f   cl_parse.obj
 0001:0000af64       _CL_LoadClientinfo         0040bf64 f   cl_parse.obj
 0001:0000b24e       _CL_ParseClientinfo        0040c24e f   cl_parse.obj
 0001:0000b272       _CL_ParseConfigString      0040c272 f   cl_parse.obj
 0001:0000b40f       _CL_ParseStartSoundPacket  0040c40f f   cl_parse.obj
 0001:0000b511       _CL_ParseServerMessage     0040c511 f   cl_parse.obj
 0001:0000b806       _CL_CheckPredictionError   0040c806 f   cl_pred.obj
 0001:0000b9ac       _CL_EntityTrace            0040c9ac f   cl_pred.obj
 0001:0000bd68       _CL_Trace                  0040cd68 f   cl_pred.obj
 0001:0000bdea       _CL_PMpointcontents        0040cdea f   cl_pred.obj
 0001:0000bf74       _CL_PredictMovement        0040cf74 f   cl_pred.obj
 0001:0000c318       _CL_AddNetgraph            0040d318 f   cl_scrn.obj
 0001:0000c3f2       _SCR_DebugGraph            0040d3f2 f   cl_scrn.obj
 0001:0000c41a       _SCR_DrawDebugGraph        0040d41a f   cl_scrn.obj
 0001:0000c514       _SCR_CenterPrint           0040d514 f   cl_scrn.obj
 0001:0000c618       _SCR_DrawCenterString      0040d618 f   cl_scrn.obj
 0001:0000c6e6       _SCR_Sky_f                 0040d6e6 f   cl_scrn.obj
 0001:0000c791       _SCR_Init                  0040d791 f   cl_scrn.obj
 0001:0000c7d8       _SCR_DrawPause             0040d7d8 f   cl_scrn.obj
 0001:0000c836       _SCR_RunConsole            0040d836 f   cl_scrn.obj
 0001:0000c918       _SCR_DrawConsole           0040d918 f   cl_scrn.obj
 0001:0000c9a2       _SCR_SetLevelshot          0040d9a2 f   cl_scrn.obj
 0001:0000ca0d       _SCR_DrawLoading           0040da0d f   cl_scrn.obj
 0001:0000cad1       _SCR_BeginLoadingPlaque    0040dad1 f   cl_scrn.obj
 0001:0000cb31       _SCR_EndLoadingPlaque      0040db31 f   cl_scrn.obj
 0001:0000cb4f       _SCR_Loading_f             0040db4f f   cl_scrn.obj
 0001:0000cb54       _SCR_TimeRefresh_f         0040db54 f   cl_scrn.obj
 0001:0000cc2b       _SCR_TileClear             0040dc2b f   cl_scrn.obj
 0001:0000ccd4       _DrawHUDString             0040dcd4 f   cl_scrn.obj
 0001:0000cd86       _SCR_DrawField             0040dd86 f   cl_scrn.obj
 0001:0000ce2d       _SCR_TouchPics             0040de2d f   cl_scrn.obj
 0001:0000cec0       _SCR_ExecuteLayoutString   0040dec0 f   cl_scrn.obj
 0001:0000d691       _SCR_UpdateScreen          0040e691 f   cl_scrn.obj
 0001:0000da0a       _CL_RegisterTEntSounds     0040ea0a f   cl_tent.obj
 0001:0000dc42       _CL_RegisterTEntModels     0040ec42 f   cl_tent.obj
 0001:0000ddc8       _CL_ClearTEnts             0040edc8 f   cl_tent.obj
 0001:0000de0f       _CL_AllocExplosion         0040ee0f f   cl_tent.obj
 0001:0000dead       _CL_AddExplosions          0040eead f   cl_tent.obj
 0001:0000e082       _CL_SmokeAndFlash          0040f082 f   cl_tent.obj
 0001:0000e0ca       _CL_ParseBeam              0040f0ca f   cl_tent.obj
 0001:0000e1a9       _CL_ParseBeam2             0040f1a9 f   cl_tent.obj
 0001:0000e280       _CL_ParsePlayerBeam        0040f280 f   cl_tent.obj
 0001:0000e38e       _CL_ParseLightning         0040f38e f   cl_tent.obj
 0001:0000e45a       _CL_ParseLaser             0040f45a f   cl_tent.obj
 0001:0000e4d6       _CL_ParseSteam             0040f4d6 f   cl_tent.obj
 0001:0000e5e7       _CL_ParseWidow             0040f5e7 f   cl_tent.obj
 0001:0000e653       _CL_ParseNuke              0040f653 f   cl_tent.obj
 0001:0000e6bd       _CL_ParseTEnt              0040f6bd f   cl_tent.obj
 0001:0000f4e5       _CL_AddBeams               004104e5 f   cl_tent.obj
 0001:0000f826       _CL_AddPlayerBeams         00410826 f   cl_tent.obj
 0001:0000ff1b       _CL_ProcessSustain         00410f1b f   cl_tent.obj
 0001:0000ff5c       _CL_AddTEnts               00410f5c f   cl_tent.obj
 0001:0000ff70       _V_AddEntity               00410f70 f   cl_view.obj
 0001:0000ff9f       _V_AddLight                00410f9f f   cl_view.obj
 0001:0000ffe4       _V_TestParticles           00410fe4 f   cl_view.obj
 0001:000100a2       _V_TestEntities            004110a2 f   cl_view.obj
 0001:00010144       _V_TestLights              00411144 f   cl_view.obj
 0001:00010217       _CL_PrepRefresh            00411217 f   cl_view.obj
 0001:000104cb       _CalcFov                   004114cb f   cl_view.obj
 0001:00010544       _V_Gun_Next_f              00411544 f   cl_view.obj
 0001:0001055d       _V_Gun_Prev_f              0041155d f   cl_view.obj
 0001:0001057f       _V_Gun_Model_f             0041157f f   cl_view.obj
 0001:000105b3       _SCR_DrawCrosshair         004115b3 f   cl_view.obj
 0001:00010628       _V_RenderView              00411628 f   cl_view.obj
 0001:00011199       _V_Init                    00412199 f   cl_view.obj
 0001:000113ae       _Cbuf_Init                 004123ae f   cmd.obj
 0001:000113c6       _Cbuf_AddText              004123c6 f   cmd.obj
 0001:0001142b       _Cbuf_InsertText           0041242b f   cmd.obj
 0001:00011492       _Cbuf_CopyToDefer          00412492 f   cmd.obj
 0001:000114be       _Cbuf_InsertFromDefer      004124be f   cmd.obj
 0001:000114d1       _Cbuf_Execute              004124d1 f   cmd.obj
 0001:000115b7       _Cmd_Exec_f                004125b7 f   cmd.obj
 0001:0001163c       _Cmd_Echo_f                0041263c f   cmd.obj
 0001:0001167e       _Cmd_Alias_f               0041267e f   cmd.obj
 0001:000117a5       _Cmd_Unalias_f             004127a5 f   cmd.obj
 0001:00011831       _Cmd_WriteAliases          00412831 f   cmd.obj
 0001:00011862       _Cmd_Argc                  00412862 f   cmd.obj
 0001:00011868       _Cmd_Argv                  00412868 f   cmd.obj
 0001:00011882       _Cmd_Args                  00412882 f   cmd.obj
 0001:00011888       _Cmd_TokenizeString        00412888 f   cmd.obj
 0001:00011b65       _Cmd_AddCommand            00412b65 f   cmd.obj
 0001:00011bcd       _Cmd_RemoveCommand         00412bcd f   cmd.obj
 0001:00011c0f       _Cmd_ExecuteString         00412c0f f   cmd.obj
 0001:00011d77       _Cmd_Init                  00412d77 f   cmd.obj
 0001:00011e97       _CMod_GetSurfMaterial      00412e97 f   cmodel.obj
 0001:00011ef4       _CM_LoadMap                00412ef4 f   cmodel.obj
 0001:0001255c       _PlaneTypeForNormal        0041355c f i cmodel.obj
 0001:000126dc       _CM_InlineModel            004136dc f   cmodel.obj
 0001:0001272b       _CM_NumClusters            0041372b f   cmodel.obj
 0001:00012731       _CM_NumInlineModels        00413731 f   cmodel.obj
 0001:00012737       _CM_EntityString           00413737 f   cmodel.obj
 0001:0001273d       _CM_LeafContents           0041373d f   cmodel.obj
 0001:00012767       _CM_LeafCluster            00413767 f   cmodel.obj
 0001:000127dd       _CM_LeafArea               004137dd f   cmodel.obj
 0001:00012808       _CM_InitBoxHull            00413808 f   cmodel.obj
 0001:00012998       _CM_HeadnodeForBox         00413998 f   cmodel.obj
 0001:00012a4d       _CM_PointLeafnum           00413a4d f   cmodel.obj
 0001:00012af8       _DISTANCE_TO_PLANE         00413af8 f i cmodel.obj
 0001:00012b40       _CM_PointContents          00413b40 f   cmodel.obj
 0001:00012bb6       _CM_TransformedPointContents 00413bb6 f   cmodel.obj
 0001:00012cef       _CM_TransformedPointContents2 00413cef f   cmodel.obj
 0001:00012de0       _CM_BoxLeafnums            00413de0 f   cmodel.obj
 0001:00012eff       _BOX_ON_PLANE_SIDE         00413eff f i cmodel.obj
 0001:00012f84       _CM_BoxTrace               00413f84 f   cmodel.obj
 0001:000139d4       _CM_TransformedBoxTrace    004149d4 f   cmodel.obj
 0001:00013ca7       _CM_TransformedBoxTrace2   00414ca7 f   cmodel.obj
 0001:00013ebc       _CM_BrushTrace             00414ebc f   cmodel.obj
 0001:000142db       _CM_RefineBrushTrace       004152db f   cmodel.obj
 0001:00014380       _CM_DecompressVis          00415380 f   cmodel.obj
 0001:00014409       _CM_ClusterPVS             00415409 f   cmodel.obj
 0001:000144a5       _CM_ClusterPHS             004154a5 f   cmodel.obj
 0001:00014541       _FloodAreaConnections      00415541 f   cmodel.obj
 0001:000145fb       _CM_SetAreaPortalState     004155fb f   cmodel.obj
 0001:00014627       _CM_AreasConnected         00415627 f   cmodel.obj
 0001:00014675       _CM_WriteAreaBits          00415675 f   cmodel.obj
 0001:00014705       _CM_WritePortalState       00415705 f   cmodel.obj
 0001:0001471f       _CM_ReadPortalState        0041571f f   cmodel.obj
 0001:0001473d       _CM_HeadnodeVisible        0041573d f   cmodel.obj
 0001:00014812       _Com_BeginRedirect         00415812 f   common.obj
 0001:0001484f       _Com_EndRedirect           0041584f f   common.obj
 0001:0001487a       _Com_Printf                0041587a f   common.obj
 0001:000149d9       _Com_DPrintf               004159d9 f   common.obj
 0001:00014a3d       _DebugPrintf               00415a3d f   common.obj
 0001:00014ae5       _Com_WPrintf               00415ae5 f   common.obj
 0001:00014b3e       _Com_Error                 00415b3e f   common.obj
 0001:00014c3c       _Com_Quit                  00415c3c f   common.obj
 0001:00014c6f       _MatchWildcard             00415c6f f   common.obj
 0001:00014dc5       _MatchWildcard2            00415dc5 f   common.obj
 0001:00014e1a       _IPWildcard                00415e1a f   common.obj
 0001:00014ef5       _Com_ServerState           00415ef5 f   common.obj
 0001:00014efb       _Com_SetServerState        00415efb f   common.obj
 0001:00014f05       _MSG_WriteByte             00415f05 f   common.obj
 0001:00014f05       _MSG_WriteChar             00415f05 f   common.obj
 0001:00014f19       _MSG_WriteShort            00415f19 f   common.obj
 0001:00014f33       _MSG_WriteLong             00415f33 f   common.obj
 0001:00014f5d       _MSG_WriteFloat            00415f5d f   common.obj
 0001:00014f83       _MSG_WriteString           00415f83 f   common.obj
 0001:00014fbb       _MSG_WriteCoord            00415fbb f   common.obj
 0001:00014fea       _MSG_WritePos              00415fea f   common.obj
 0001:0001506c       _MSG_WriteAngle            0041606c f   common.obj
 0001:00015095       _MSG_WriteAngle16          00416095 f   common.obj
 0001:000150cc       _MSG_WriteDeltaUsercmd     004160cc f   common.obj
 0001:00015254       _MSG_WriteDir              00416254 f   common.obj
 0001:000152c1       _MSG_ReadDir               004162c1 f   common.obj
 0001:000152f9       _MSG_WriteDeltaEntity      004162f9 f   common.obj
 0001:00015803       _MSG_BeginReading          00416803 f   common.obj
 0001:0001580c       _MSG_ReadChar              0041680c f   common.obj
 0001:0001582d       _MSG_ReadByte              0041682d f   common.obj
 0001:0001584e       _MSG_ReadShort             0041684e f   common.obj
 0001:0001587e       _MSG_ReadLong              0041687e f   common.obj
 0001:000158bd       _MSG_ReadString            004168bd f   common.obj
 0001:000158f0       _MSG_ReadCoord             004168f0 f   common.obj
 0001:0001590a       _MSG_ReadPos               0041690a f   common.obj
 0001:0001595c       _MSG_ReadAngle             0041695c f   common.obj
 0001:00015976       _MSG_ReadAngle16           00416976 f   common.obj
 0001:00015990       _MSG_ReadDeltaUsercmd      00416990 f   common.obj
 0001:00015a47       _MSG_ReadData              00416a47 f   common.obj
 0001:00015a6a       _SZ_Init                   00416a6a f   common.obj
 0001:00015a8c       _SZ_Clear                  00416a8c f   common.obj
 0001:00015a99       _SZ_GetSpace               00416a99 f   common.obj
 0001:00015afc       _SZ_Write                  00416afc f   common.obj
 0001:00015b1d       _SZ_Insert                 00416b1d f   common.obj
 0001:00015b70       _SZ_Print                  00416b70 f   common.obj
 0001:00015bb9       _Info_Print                00416bb9 f   common.obj
 0001:00015c76       _COM_BlockSequenceCRCByte  00416c76 f   common.obj
 0001:00015d02       _frand                     00416d02 f   common.obj
 0001:00015d1f       _crand                     00416d1f f   common.obj
 0001:00015d42       _COM_CheckCmdlineVar       00416d42 f   common.obj
 0001:00015d98       _QCommon_Init              00416d98 f   common.obj
 0001:00016158       _QCommon_Frame             00417158 f   common.obj
 0001:000164b0       _R_SurfacePatch            004174b0 f   common.obj
 0001:000164b0       _QCommon_Shutdown          004174b0 f   common.obj
 0001:000164b0       __setargv                  004174b0 f   common.obj
 0001:000164b0       _jpeg_mem_term             004174b0 f   common.obj
 0001:000164b1       _DrawStringCommon          004174b1 f   console.obj
 0001:0001650b       _DrawString                0041750b f   console.obj
 0001:0001652b       _Con_ToggleConsole_f       0041752b f   console.obj
 0001:000165a7       _Con_ClearNotify           004175a7 f   console.obj
 0001:000165b9       _Con_CheckResize           004175b9 f   console.obj
 0001:000166df       _Con_Print                 004176df f   console.obj
 0001:000169e3       _Con_DrawNotify            004179e3 f   console.obj
 0001:00016c1c       _Con_DrawConsole           00417c1c f   console.obj
 0001:000171ba       _Key_Console               004181ba f   console.obj
 0001:00017744       _Key_Message               00418744 f   console.obj
 0001:000177e0       _Con_Init                  004187e0 f   console.obj
 0001:000179ba       _CRC_Block                 004189ba f   crc.obj
 0001:000179f6       _Cvar_VariableValue        004189f6 f   cvar.obj
 0001:00017a64       _Cvar_VariableInt          00418a64 f   cvar.obj
 0001:00017a77       _Cvar_VariableString       00418a77 f   cvar.obj
 0001:00017a8f       _Cvar_Get                  00418a8f f   cvar.obj
 0001:00017d2b       _Cvar_GetVars              00418d2b f   cvar.obj
 0001:00017d7f       _Cvar_FullSet              00418d7f f   cvar.obj
 0001:00017ddc       _Cvar_SetValue             00418ddc f   cvar.obj
 0001:0001803d       _Cvar_SetInteger           0041903d f   cvar.obj
 0001:0001805f       _Cvar_Set                  0041905f f   cvar.obj
 0001:00018074       _Cvar_ForceSet             00419074 f   cvar.obj
 0001:00018089       _Cvar_Clamp                00419089 f   cvar.obj
 0001:00018113       _Cvar_ClampName            00419113 f   cvar.obj
 0001:00018164       _Cvar_GetLatchedVars       00419164 f   cvar.obj
 0001:00018193       _Cvar_Command              00419193 f   cvar.obj
 0001:0001823f       _Cvar_WriteVariables       0041923f f   cvar.obj
 0001:000182d2       _Cvar_BitInfo              004192d2 f   cvar.obj
 0001:0001830b       _Cvar_Userinfo             0041930b f   cvar.obj
 0001:00018314       _Cvar_Serverinfo           00419314 f   cvar.obj
 0001:0001831d       _Cvar_Cheats               0041931d f   cvar.obj
 0001:00018376       _Cvar_Init                 00419376 f   cvar.obj
 0001:00018a1d       _FS_CreatePath             00419a1d f   files.obj
 0001:00018a67       _FS_CopyFile               00419a67 f   files.obj
 0001:00018b6a       _FS_CopyFiles              00419b6a f   files.obj
 0001:00018c43       _FS_RemoveFiles            00419c43 f   files.obj
 0001:00018cb7       _Developer_searchpath      00419cb7 f   files.obj
 0001:00018cfc       _FS_FCloseFile             00419cfc f   files.obj
 0001:00018d92       _FS_FOpenFile              00419d92 f   files.obj
 0001:000192ba       _FS_FileExists             0041a2ba f   files.obj
 0001:000194f6       _FS_Read                   0041a4f6 f   files.obj
 0001:0001973e       _FS_LoadFile               0041a73e f   files.obj
 0001:000197a0       _FS_FreeFile               0041a7a0 f   files.obj
 0001:000197ab       _FS_Gamedir                0041a7ab f   files.obj
 0001:000197bf       _FS_LoadGameConfig         0041a7bf f   files.obj
 0001:00019884       _FS_SetGamedir             0041a884 f   files.obj
 0001:00019f2f       _FS_ListFiles              0041af2f f   files.obj
 0001:0001a23d       _FS_NextPath               0041b23d f   files.obj
 0001:0001a261       _FS_InitFilesystem         0041b261 f   files.obj
 0001:0001ac2a       _LoadPCX                   0041bc2a f   images.obj
 0001:0001ad61       _LoadTGA                   0041bd61 f   images.obj
 0001:0001af54       _LoadJPG                   0041bf54 f   images.obj
 0001:0001b1e7       _ImageExists               0041c1e7 f   images.obj
 0001:0001b2e1       _WriteTGA                  0041c2e1 f   images.obj
 0001:0001b4d2       _WriteJPG                  0041c4d2 f   images.obj
 0001:0001b5fa       _IN_MLookDown              0041c5fa f   in_win.obj
 0001:0001b605       _IN_MLookUp                0041c605 f   in_win.obj
 0001:0001b628       _IN_MouseEvent             0041c628 f   in_win.obj
 0001:0001b692       _IN_Commands               0041c692 f   in_win.obj
 0001:0001b7c1       _IN_Init                   0041c7c1 f   in_win.obj
 0001:0001baeb       _IN_Shutdown               0041caeb f   in_win.obj
 0001:0001bbcf       _IN_Move                   0041cbcf f   in_win.obj
 0001:0001c129       _IN_Activate               0041d129 f   in_win.obj
 0001:0001c140       _IN_Frame                  0041d140 f   in_win.obj
 0001:0001c52d       _Key_KeynumToString        0041d52d f   keys.obj
 0001:0001c5c7       _CompleteCommand           0041d5c7 f   keys.obj
 0001:0001cf1c       _Key_SetBinding            0041df1c f   keys.obj
 0001:0001cf5a       _Key_FindBinding           0041df5a f   keys.obj
 0001:0001cfa8       _Key_WriteBindings         0041dfa8 f   keys.obj
 0001:0001cff0       _Key_Init                  0041dff0 f   keys.obj
 0001:0001d31c       _Key_Event                 0041e31c f   keys.obj
 0001:0001d676       _Key_ClearStates           0041e676 f   keys.obj
 0001:0001d6ad       _Key_ClearTyping           0041e6ad f   keys.obj
 0001:0001d6c6       _MD4Init                   0041e6c6 f   md4.obj
 0001:0001d6ee       _MD4Update                 0041e6ee f   md4.obj
 0001:0001d78c       _MD4Final                  0041e78c f   md4.obj
 0001:0001de7d       _Com_BlockChecksum         0041ee7d f   md4.obj
 0001:0001deb9       _Z_Free                    0041eeb9 f   memory.obj
 0001:0001df13       _Z_FreeTags                0041ef13 f   memory.obj
 0001:0001df43       _Z_TagMalloc               0041ef43 f   memory.obj
 0001:0001dfb4       _Z_Malloc                  0041efb4 f   memory.obj
 0001:0001dfd6       _Z_BlockMalloc             0041efd6 f   memory.obj
 0001:0001dff1       _CreateMemoryChain         0041eff1 f   memory.obj
 0001:0001e059       _FreeMemoryChain           0041f059 f   memory.obj
 0001:0001e083       _AllocChainBlock           0041f083 f   memory.obj
 0001:0001e0ce       _CopyString                0041f0ce f   memory.obj
 0001:0001e0f5       _ChainCopyString           0041f0f5 f   memory.obj
 0001:0001e11d       _AllocNamedStruc           0041f11d f   memory.obj
 0001:0001e15b       _ChainAllocNamedStruc      0041f15b f   memory.obj
 0001:0001e19a       _FindNamedStruc            0041f19a f   memory.obj
 0001:0001e1de       _FindNamedStrucByIndex     0041f1de f   memory.obj
 0001:0001e1f5       _IndexOfNamedStruc         0041f1f5 f   memory.obj
 0001:0001e223       _AddToNamedList            0041f223 f   memory.obj
 0001:0001e26d       _ChainAddToNamedList       0041f26d f   memory.obj
 0001:0001e2b7       _FreeNamedList             0041f2b7 f   memory.obj
 0001:0001e2d2       _Z_Init                    0041f2d2 f   memory.obj
 0001:0001e30d       _M_PushMenu                0041f30d f   menu.obj
 0001:0001e3ca       _M_ForceMenuOff            0041f3ca f   menu.obj
 0001:0001e3f7       _M_PopMenu                 0041f3f7 f   menu.obj
 0001:0001e44b       _Default_MenuKey           0041f44b f   menu.obj
 0001:0001e56b       _M_Print                   0041f56b f   menu.obj
 0001:0001e5b6       _M_DrawTextBox             0041f5b6 f   menu.obj
 0001:0001e7a2       _M_Main_Draw               0041f7a2 f   menu.obj
 0001:0001e926       _M_Main_Key                0041f926 f   menu.obj
 0001:0001ea21       _M_Menu_Main_f             0041fa21 f   menu.obj
 0001:0001ea3d       _M_Menu_Multiplayer_f      0041fa3d f   menu.obj
 0001:0001ebc2       _M_Menu_Keys_f             0041fbc2 f   menu.obj
 0001:0001f041       _M_Menu_Options_f          00420041 f   menu.obj
 0001:0001f94c       _M_Menu_Video_f            0042094c f   menu.obj
 0001:0001f96d       _M_Menu_Credits_f          0042096d f   menu.obj
 0001:0001fb32       _M_Menu_Game_f             00420b32 f   menu.obj
 0001:0001fda5       _M_Menu_LoadGame_f         00420da5 f   menu.obj
 0001:00020075       _M_Menu_SaveGame_f         00421075 f   menu.obj
 0001:000201d5       _M_AddToServerList         004211d5 f   menu.obj
 0001:00020248       _M_Menu_JoinServer_f       00421248 f   menu.obj
 0001:000204b0       _M_Menu_StartServer_f      004214b0 f   menu.obj
 0001:00020cdb       _M_Menu_DMOptions_f        00421cdb f   menu.obj
 0001:0002145b       _M_Menu_DownloadOptions_f  0042245b f   menu.obj
 0001:000216dd       _M_Menu_AddressBook_f      004226dd f   menu.obj
 0001:00022a98       _M_Init                    00423a98 f   menu.obj
 0001:00022bbc       _M_Draw                    00423bbc f   menu.obj
 0001:00022c4d       _M_Keydown                 00423c4d f   menu.obj
 0001:00022c69       _LoadQ2BspFile             00423c69 f   model.obj
 0001:00023239       _LoadBspFile               00424239 f   model.obj
 0001:000233cf       _ProcessEntstring          004243cf f   model.obj
 0001:0002423f       _Netchan_Init              0042523f f   net_chan.obj
 0001:0002429f       _Netchan_OutOfBand         0042529f f   net_chan.obj
 0001:000242ff       _Netchan_OutOfBandPrint    004252ff f   net_chan.obj
 0001:0002433f       _Netchan_Setup             0042533f f   net_chan.obj
 0001:0002439c       _Netchan_NeedReliable      0042539c f   net_chan.obj
 0001:000243c8       _Netchan_Transmit          004253c8 f   net_chan.obj
 0001:0002456d       _Netchan_Process           0042556d f   net_chan.obj
 0001:00024694       _NetadrToSockadr           00425694 f   net_wins.obj
 0001:00024736       _SockadrToNetadr           00425736 f   net_wins.obj
 0001:00024799       _NET_CompareAdr            00425799 f   net_wins.obj
 0001:000247ff       _NET_CompareBaseAdr        004257ff f   net_wins.obj
 0001:00024858       _NET_AdrToString           00425858 f   net_wins.obj
 0001:00024911       _NET_StringToSockaddr      00425911 f   net_wins.obj
 0001:00024b4a       _NET_StringToAdr           00425b4a f   net_wins.obj
 0001:00024ba3       _NET_IsLocalAddress        00425ba3 f   net_wins.obj
 0001:00024baf       _NET_GetLoopPacket         00425baf f   net_wins.obj
 0001:00024c36       _NET_SendLoopPacket        00425c36 f   net_wins.obj
 0001:00024c82       _NET_GetPacket             00425c82 f   net_wins.obj
 0001:00024da0       _NET_SendPacket            00425da0 f   net_wins.obj
 0001:00024e7a       _NET_IPSocket              00425e7a f   net_wins.obj
 0001:00024f90       _NET_OpenIP                00425f90 f   net_wins.obj
 0001:0002500c       _NET_OpenIPX               0042600c f   net_wins.obj
 0001:00025164       _NET_Config                00426164 f   net_wins.obj
 0001:000251f7       _NET_Init                  004261f7 f   net_wins.obj
 0001:00025261       _Pmove                     00426261 f   pmove.obj
 0001:00026ff7       _NormalizeColor            00427ff7 f   q_shared2.obj
 0001:00027058       _NormalizeColor255         00428058 f   q_shared2.obj
 0001:000270bd       _Q_rsqrt                   004280bd f   q_shared2.obj
 0001:000270ed       _RotatePointAroundVector   004280ed f   q_shared2.obj
 0001:0002725d       _AngleVectors              0042825d f   q_shared2.obj
 0001:000273be       _ProjectPointOnPlane       004283be f   q_shared2.obj
 0001:0002743d       _PerpendicularVector       0042843d f   q_shared2.obj
 0001:000274bc       _MakeNormalVectors         004284bc f   q_shared2.obj
 0001:00027523       _MatrixMultiply            00428523 f   q_shared2.obj
 0001:0002760a       _SetPlaneSignbits          0042860a f   q_shared2.obj
 0001:0002762d       _LerpAngle                 0042862d f   q_shared2.obj
 0001:00027670       _anglemod                  00428670 f   q_shared2.obj
 0001:0002769c       _BoxOnPlaneSide            0042869c f   q_shared2.obj
 0001:000277bf       _ClearBounds               004287bf f   q_shared2.obj
 0001:000277e8       _AddPointToBounds          004287e8 f   q_shared2.obj
 0001:00027821       _VectorCompare             00428821 f   q_shared2.obj
 0001:0002784f       _VectorNormalize           0042884f f   q_shared2.obj
 0001:000278a3       _VectorNormalize2          004288a3 f   q_shared2.obj
 0001:000278fb       _VectorNormalizeFast       004288fb f   q_shared2.obj
 0001:0002794c       _CrossProduct              0042894c f   q_shared2.obj
 0001:00027987       _VectorLength              00428987 f   q_shared2.obj
 0001:000279b6       _VectorDistance            004289b6 f   q_shared2.obj
 0001:000279e7       _VectorInverse             004289e7 f   q_shared2.obj
 0001:00027a02       _VectorScale               00428a02 f   q_shared2.obj
 0001:00027a26       _AnglesToAxis              00428a26 f   q_shared2.obj
 0001:00027a64       _COM_FilePath              00428a64 f   q_shared2.obj
 0001:00027a9a       _ShortSwap                 00428a9a f   q_shared2.obj
 0001:00027aaf       _va                        00428aaf f   q_shared2.obj
 0001:00027afc       _COM_ParseExt              00428afc f   q_shared2.obj
 0001:00027c05       _COM_QuoteString           00428c05 f   q_shared2.obj
 0001:00027c60       _Com_PageInMemory          00428c60 f   q_shared2.obj
 0001:00027c7f       _Q_stricmp                 00428c7f f   q_shared2.obj
 0001:00027c90       _Q_strncasecmp             00428c90 f   q_shared2.obj
 0001:00027ce8       _Q_strcasecmp              00428ce8 f   q_shared2.obj
 0001:00027cfe       _Q_strncpyz                00428cfe f   q_shared2.obj
 0001:00027d22       _Q_strncpylower            00428d22 f   q_shared2.obj
 0001:00027d5c       _Q_CopyFilename            00428d5c f   q_shared2.obj
 0001:00027df8       _Com_sprintf               00428df8 f   q_shared2.obj
 0001:00027e3e       _Info_ValueForKey          00428e3e f   q_shared2.obj
 0001:00027ec9       _Info_RemoveKey            00428ec9 f   q_shared2.obj
 0001:00027f4f       _Info_SetValueForKey       00428f4f f   q_shared2.obj
 0001:0002808d       _Menu_ItemAtCursor         0042908d f   qmenu.obj
 0001:000280e6       _Field_Key                 004290e6 f   qmenu.obj
 0001:00028356       _Menu_AddItem              00429356 f   qmenu.obj
 0001:000283d6       _Menu_AdjustCursor         004293d6 f   qmenu.obj
 0001:00028521       _Menu_Center               00429521 f   qmenu.obj
 0001:00028561       _Menu_DrawDotsItem         00429561 f   qmenu.obj
 0001:000285a0       _Menu_Draw                 004295a0 f   qmenu.obj
 0001:00028abb       _Menu_SelectItem           00429abb f   qmenu.obj
 0001:00028aef       _Menu_SetStatusBar         00429aef f   qmenu.obj
 0001:00028afb       _Menu_SlideItem            00429afb f   qmenu.obj
 0001:00029012       _S_SoundInfo_f             0042a012 f   snd_dma.obj
 0001:0002909c       _S_ReadModelsSex           0042a09c f   snd_dma.obj
 0001:00029184       _S_IsFemale                0042a184 f   snd_dma.obj
 0001:00029212       _S_Init                    0042a212 f   snd_dma.obj
 0001:000292e5       _S_Shutdown                0042a2e5 f   snd_dma.obj
 0001:0002936f       _S_FindName                0042a36f f   snd_dma.obj
 0001:0002945b       _S_AliasName               0042a45b f   snd_dma.obj
 0001:000294e7       _S_BeginRegistration       0042a4e7 f   snd_dma.obj
 0001:000294f8       _S_RegisterSound           0042a4f8 f   snd_dma.obj
 0001:0002955e       _S_EndRegistration         0042a55e f   snd_dma.obj
 0001:000295f1       _S_PickChannel             0042a5f1 f   snd_dma.obj
 0001:00029688       _S_SpatializeOrigin        0042a688 f   snd_dma.obj
 0001:000297af       _S_Spatialize              0042a7af f   snd_dma.obj
 0001:00029820       _S_AllocPlaysound          0042a820 f   snd_dma.obj
 0001:0002983f       _S_FreePlaysound           0042a83f f   snd_dma.obj
 0001:0002986f       _S_IssuePlaysound          0042a86f f   snd_dma.obj
 0001:0002993c       _S_RegisterSexedSound      0042a93c f   snd_dma.obj
 0001:00029a20       _S_StartSound              0042aa20 f   snd_dma.obj
 0001:00029bef       _S_StartLocalSound         0042abef f   snd_dma.obj
 0001:00029c3e       _S_ClearBuffer             0042ac3e f   snd_dma.obj
 0001:00029c96       _S_StopAllSounds           0042ac96 f   snd_dma.obj
 0001:00029d11       _S_AddLoopSounds           0042ad11 f   snd_dma.obj
 0001:00029ee3       _S_RawSamples              0042aee3 f   snd_dma.obj
 0001:0002a0e7       _S_Update                  0042b0e7 f   snd_dma.obj
 0001:0002a1fd       _GetSoundtime              0042b1fd f   snd_dma.obj
 0001:0002a264       _S_Update_                 0042b264 f   snd_dma.obj
 0001:0002a30a       _S_Play                    0042b30a f   snd_dma.obj
 0001:0002a47b       _ResampleSfx               0042b47b f   snd_mem.obj
 0001:0002a593       _S_LoadSound               0042b593 f   snd_mem.obj
 0001:0002a6bc       _FindNextChunk             0042b6bc f   snd_mem.obj
 0001:0002a746       _GetWavinfo                0042b746 f   snd_mem.obj
 0001:0002a936       _S_WriteLinearBlastStereo16 0042b936 f   snd_mix.obj
 0001:0002a9aa       _S_TransferStereo16        0042b9aa f   snd_mix.obj
 0001:0002aa13       _S_TransferPaintBuffer     0042ba13 f   snd_mix.obj
 0001:0002ab6f       _S_PaintChannels           0042bb6f f   snd_mix.obj
 0001:0002ad9c       _S_InitScaletable          0042bd9c f   snd_mix.obj
 0001:0002adf0       _S_PaintChannelFrom8       0042bdf0 f   snd_mix.obj
 0001:0002aef2       _S_PaintChannelFrom16      0042bef2 f   snd_mix.obj
 0001:0002af5d       _FreeSound                 0042bf5d f   snd_win.obj
 0001:0002b06d       _SNDDMA_InitDirect         0042c06d f   snd_win.obj
 0001:0002b540       _SNDDMA_Init               0042c540 f   snd_win.obj
 0001:0002b5bc       _SNDDMA_GetDMAPos          0042c5bc f   snd_win.obj
 0001:0002b606       _SNDDMA_BeginPainting      0042c606 f   snd_win.obj
 0001:0002b708       _SNDDMA_Submit             0042c708 f   snd_win.obj
 0001:0002b72d       _SNDDMA_Shutdown           0042c72d f   snd_win.obj
 0001:0002b732       _S_Activate                0042c732 f   snd_win.obj
 0001:0002b75d       _SV_SetMaster_f            0042c75d f   sv_ccmds.obj
 0001:0002b86f       _SV_WipeSavegame           0042c86f f   sv_ccmds.obj
 0001:0002b89d       _SV_CopySaveGame           0042c89d f   sv_ccmds.obj
 0001:0002b8f2       _SV_WriteLevelFile         0042c8f2 f   sv_ccmds.obj
 0001:0002b9a0       _SV_ReadLevelFile          0042c9a0 f   sv_ccmds.obj
 0001:0002ba4e       _SV_WriteServerFile        0042ca4e f   sv_ccmds.obj
 0001:0002bc8a       _SV_ReadServerFile         0042cc8a f   sv_ccmds.obj
 0001:0002bda4       _SV_DemoMap_f              0042cda4 f   sv_ccmds.obj
 0001:0002be2e       _SV_GameMap_f              0042ce2e f   sv_ccmds.obj
 0001:0002bfa0       _SV_Map_f                  0042cfa0 f   sv_ccmds.obj
 0001:0002c00d       _SV_Loadgame_f             0042d00d f   sv_ccmds.obj
 0001:0002c112       _SV_Savegame_f             0042d112 f   sv_ccmds.obj
 0001:0002c217       _SV_AddressBanned          0042d217 f   sv_ccmds.obj
 0001:0002c259       _SV_InitOperatorCommands   0042d259 f   sv_ccmds.obj
 0001:0002cbf8       _SV_WritePlayerstateToClient 0042dbf8 f   sv_ents.obj
 0001:0002d11c       _SV_WriteFrameToClient     0042e11c f   sv_ents.obj
 0001:0002d346       _SV_FatPVS                 0042e346 f   sv_ents.obj
 0001:0002d473       _SV_BuildClientFrame       0042e473 f   sv_ents.obj
 0001:0002d783       _SV_RecordDemoMessage      0042e783 f   sv_ents.obj
 0001:0002d8a2       _SV_InitGameProgs          0042e8a2 f   sv_game.obj
 0001:0002e326       _SV_ShutdownGameProgs      0042f326 f   sv_game.obj
 0001:0002e38f       _SV_FindIndex              0042f38f f   sv_init.obj
 0001:0002e495       _SV_ModelIndex             0042f495 f   sv_init.obj
 0001:0002e4ab       _SV_SoundIndex             0042f4ab f   sv_init.obj
 0001:0002e4c4       _SV_ImageIndex             0042f4c4 f   sv_init.obj
 0001:0002e4dd       _SV_CreateBaseline         0042f4dd f   sv_init.obj
 0001:0002e53b       _SV_CheckForSavegame       0042f53b f   sv_init.obj
 0001:0002e5c3       _SV_SpawnServer            0042f5c3 f   sv_init.obj
 0001:0002e895       _SV_InitGame               0042f895 f   sv_init.obj
 0001:0002eac8       _SV_Map                    0042fac8 f   sv_init.obj
 0001:0002ec86       _SV_DropClient             0042fc86 f   sv_main.obj
 0001:0002ecfb       _SV_StatusString           0042fcfb f   sv_main.obj
 0001:0002edda       _SVC_Info                  0042fdda f   sv_main.obj
 0001:0002eeb0       _SVC_GetChallenge          0042feb0 f   sv_main.obj
 0001:0002ef58       _SVC_DirectConnect         0042ff58 f   sv_main.obj
 0001:0002f3c4       _Rcon_Validate             004303c4 f   sv_main.obj
 0001:0002f3f5       _SVC_RemoteCommand         004303f5 f   sv_main.obj
 0001:0002f4c7       _SV_ConnectionlessPacket   004304c7 f   sv_main.obj
 0001:0002f629       _SV_CalcPings              00430629 f   sv_main.obj
 0001:0002f6b0       _SV_GiveMsec               004306b0 f   sv_main.obj
 0001:0002f6ef       _SV_ReadPackets            004306ef f   sv_main.obj
 0001:0002f839       _SV_CheckTimeouts          00430839 f   sv_main.obj
 0001:0002f8f9       _SV_PostprocessFrame       004308f9 f   sv_main.obj
 0001:0002fdcf       _SV_MulticastHook          00430dcf f   sv_main.obj
 0001:000301e8       _SV_TraceHook              004311e8 f   sv_main.obj
 0001:00030355       _SV_Frame                  00431355 f   sv_main.obj
 0001:000305fa       _SV_UserinfoChanged        004315fa f   sv_main.obj
 0001:000306be       _SV_Init                   004316be f   sv_main.obj
 0001:00030735       _SV_Shutdown               00431735 f   sv_main.obj
 0001:00030941       _SV_FlushRedirect          00431941 f   sv_send.obj
 0001:000309b3       _SV_ClientPrintf           004319b3 f   sv_send.obj
 0001:00030a09       _SV_BroadcastPrintf        00431a09 f   sv_send.obj
 0001:00030ada       _SV_BroadcastCommand       00431ada f   sv_send.obj
 0001:00030b2c       _SV_Multicast              00431b2c f   sv_send.obj
 0001:00030d73       _SV_MulticastOld           00431d73 f   sv_send.obj
 0001:00030d86       _SV_StartSound             00431d86 f   sv_send.obj
 0001:0003104e       _SV_StartSoundOld          0043204e f   sv_send.obj
 0001:0003107e       _SV_StartSoundNew          0043207e f   sv_send.obj
 0001:000310ae       _SV_SendClientDatagram     004320ae f   sv_send.obj
 0001:00031182       _SV_DemoCompleted          00432182 f   sv_send.obj
 0001:0003119e       _SV_RateDrop               0043219e f   sv_send.obj
 0001:000311e9       _SV_SendClientMessages     004321e9 f   sv_send.obj
 0001:0003133b       _SV_BeginDemoserver        0043233b f   sv_user.obj
 0001:0003138b       _SV_New_f                  0043238b f   sv_user.obj
 0001:00031500       _SV_Configstrings_f        00432500 f   sv_user.obj
 0001:0003165a       _SV_Baselines_f            0043265a f   sv_user.obj
 0001:000317ce       _SV_Begin_f                004327ce f   sv_user.obj
 0001:0003182b       _SV_NextDownload_f         0043282b f   sv_user.obj
 0001:000318ff       _SV_BeginDownload_f        004328ff f   sv_user.obj
 0001:00031b17       _SV_Disconnect_f           00432b17 f   sv_user.obj
 0001:00031b27       _SV_ShowServerinfo_f       00432b27 f   sv_user.obj
 0001:00031b34       _SV_Nextserver             00432b34 f   sv_user.obj
 0001:00031b93       _SV_Nextserver_f           00432b93 f   sv_user.obj
 0001:00031bda       _SV_ExecuteUserCommand     00432bda f   sv_user.obj
 0001:00031c47       _SV_ClientThink            00432c47 f   sv_user.obj
 0001:00031c8a       _SV_ExecuteClientMessage   00432c8a f   sv_user.obj
 0001:00031eb7       _SV_ClearWorld             00432eb7 f   sv_world.obj
 0001:0003200b       _SV_UnlinkEdict            0043300b f   sv_world.obj
 0001:000320c7       _SV_LinkEdict              004330c7 f   sv_world.obj
 0001:00032727       _SV_AreaEdicts             00433727 f   sv_world.obj
 0001:000328d8       _SV_PointContents          004338d8 f   sv_world.obj
 0001:000329fe       _SV_ClipMoveToEntities     004339fe f   sv_world.obj
 0001:00032dde       _SV_Trace                  00433dde f   sv_world.obj
 0001:00032e9a       _Sys_Quit                  00433e9a f   sys_win.obj
 0001:00032f6e       _Sys_Error                 00433f6e f   sys_win.obj
 0001:00032fb9       _osAddressInfo             00433fb9 f   sys_win.obj
 0001:0003304d       _osModuleInfo              0043404d f   sys_win.obj
 0001:000331e8       _appSymbolName2            004341e8 f   sys_win.obj
 0001:00033268       _appSymbolName             00434268 f   sys_win.obj
 0001:0003329a       _win32ExceptFilter         0043429a f   sys_win.obj
 0001:00033875       _win32ExceptFilter2        00434875 f   sys_win.obj
 0001:00033881       _appUnwind                 00434881 f   sys_win.obj
 0001:00033902       _appUnwindThrow            00434902 f   sys_win.obj
 0001:0003398a       _Sys_Init                  0043498a f   sys_win.obj
 0001:00033c82       _Sys_ConsoleInput          00434c82 f   sys_win.obj
 0001:00033de2       _Sys_ConsoleOutput         00434de2 f   sys_win.obj
 0001:00033e93       _Sys_SendKeyEvents         00434e93 f   sys_win.obj
 0001:00033efc       _Sys_GetClipboardData      00434efc f   sys_win.obj
 0001:00033f55       _Sys_AppActivate           00434f55 f   sys_win.obj
 0001:00033f70       _Sys_UnloadGame            00434f70 f   sys_win.obj
 0001:00033f95       _Sys_GetGameAPI            00434f95 f   sys_win.obj
 0001:00034082       _WinMain@16                00435082 f   sys_win.obj
 0001:000341fe       _Vid_CreateWindow          004351fe f   vid_dll.obj
 0001:0003499f       _Vid_DestroyWindow         0043599f f   vid_dll.obj
 0001:000349da       _Vid_GetModeInfo           004359da f   vid_dll.obj
 0001:00034a09       _Vid_UpdateWindowPosAndSize 00435a09 f   vid_dll.obj
 0001:00034a70       _Vid_FreeReflib            00435a70 f   vid_dll.obj
 0001:00034ab1       _Vid_CheckChanges          00435ab1 f   vid_dll.obj
 0001:00034e74       _Vid_Init                  00435e74 f   vid_dll.obj
 0001:00034ee5       _Vid_Shutdown              00435ee5 f   vid_dll.obj
 0001:00034f13       _Vid_MenuInit              00435f13 f   vid_menu.obj
 0001:00035773       _Vid_MenuDraw              00436773 f   vid_menu.obj
 0001:00035807       _Vid_MenuKey               00436807 f   vid_menu.obj
 0001:00035b61       _Zip_OpenArchive           00436b61 f   zip.obj
 0001:00035bcc       _Zip_CloseArchive          00436bcc f   zip.obj
 0001:00035bd8       _Zip_EnumArchive           00436bd8 f   zip.obj
 0001:00035db9       _Zip_OpenFile              00436db9 f   zip.obj
 0001:00035ec8       _Zip_ReadFile              00436ec8 f   zip.obj
 0001:00035fbf       _Zip_CloseFile             00436fbf f   zip.obj
 0001:00036007       _Zip_OpenBuf               00437007 f   zip.obj
 0001:0003605a       _Zip_ReadBuf               0043705a f   zip.obj
 0001:000360a2       _Zip_CloseBuf              004370a2 f   zip.obj
 0001:000360b8       _GL_BackEnd                004370b8 f   gl_backend.obj
 0001:000394a2       _GL_InitBackend            0043a4a2 f   gl_backend.obj
 0001:000394e5       _GL_ShutdownBackend        0043a4e5 f   gl_backend.obj
 0001:000394f9       _GL_AllocDynamicMemory     0043a4f9 f   gl_buffers.obj
 0001:00039559       _GL_ResizeDynamicMemory    0043a559 f   gl_buffers.obj
 0001:000395ab       _GL_AddSurfaceToPortal     0043a5ab f   gl_buffers.obj
 0001:0003960e       _GL_AddDynamicSurface      0043a60e f   gl_buffers.obj
 0001:00039636       _GL_InsertShaderIndex      0043a636 f   gl_buffers.obj
 0001:00039669       _GL_ClearPortal            0043a669 f   gl_buffers.obj
 0001:00039685       _GL_FinishPortal           0043a685 f   gl_buffers.obj
 0001:000396d6       _GL_SortSurfaces           0043a6d6 f   gl_buffers.obj
 0001:00039871       _GL_ClearBuffers           0043a871 f   gl_buffers.obj
 0001:00039888       _GL_AddEntity              0043a888 f   gl_frontend.obj
 0001:00039cde       _GL_AddDlight              0043acde f   gl_frontend.obj
 0001:00039e96       _GL_DrawPortal             0043ae96 f   gl_frontend.obj
 0001:0003c986       _GL_TextureMode            0043d986 f   gl_image.obj
 0001:0003ca26       _GL_CreateImage            0043da26 f   gl_image.obj
 0001:0003d71a       _GL_SetRawPalette          0043e71a f   gl_image.obj
 0001:0003d74b       _GL_DrawStretchRaw         0043e74b f   gl_image.obj
 0001:0003d9fb       _GL_SetupGamma             0043e9fb f   gl_image.obj
 0001:0003db3e       _GL_PerformScreenshot      0043eb3e f   gl_image.obj
 0001:0003ddc7       _GL_InitImages             0043edc7 f   gl_image.obj
 0001:0003e390       _GL_ShutdownImages         0043f390 f   gl_image.obj
 0001:0003e41b       _GL_LoadDelayedImages      0043f41b f   gl_image.obj
 0001:0003e498       _GL_ShowImages             0043f498 f   gl_image.obj
 0001:0003e6d7       _GL_FindImage              0043f6d7 f   gl_image.obj
 0001:0003ead4       _GL_Lock                   0043fad4 f   gl_interface.obj
 0001:0003eb65       _GL_Unlock                 0043fb65 f   gl_interface.obj
 0001:0003ed14       _GL_Bind                   0043fd14 f   gl_interface.obj
 0001:0003ee36       _GL_BindForce              0043fe36 f   gl_interface.obj
 0001:0003ee83       _GL_TexEnv                 0043fe83 f   gl_interface.obj
 0001:0003f002       _GL_TexMipBias             00440002 f   gl_interface.obj
 0001:0003f05d       _GL_TexEnvColor            0044005d f   gl_interface.obj
 0001:0003f10d       _GL_SelectTexture          0044010d f   gl_interface.obj
 0001:0003f16e       _GL_TexCoordPointer        0044016e f   gl_interface.obj
 0001:0003f19e       _GL_SetMultitexture        0044019e f   gl_interface.obj
 0001:0003f276       _GL_DisableTexCoordArrays  00440276 f   gl_interface.obj
 0001:0003f2cf       _GL_CullFace               004402cf f   gl_interface.obj
 0001:0003f320       _GL_DepthRange             00440320 f   gl_interface.obj
 0001:0003f353       _GL_State                  00440353 f   gl_interface.obj
 0001:0003f4ac       _GL_EnableFog              004404ac f   gl_interface.obj
 0001:0003f5b0       _GL_SetDefaultState        004405b0 f   gl_interface.obj
 0001:0003f6cf       _GL_Set2DMode              004406cf f   gl_interface.obj
 0001:0003f7ca       _GL_Setup                  004407ca f   gl_interface.obj
 0001:0003f8d6       _GL_ShowLights             004408d6 f   gl_light.obj
 0001:0003fcfb       _GL_LightForEntity         00440cfb f   gl_light.obj
 0001:00040f74       _GL_DiffuseLight           00441f74 f   gl_light.obj
 0001:000410ec       _GL_InitLightGrid          004420ec f   gl_light.obj
 0001:00041188       _GL_PostLoadLights         00442188 f   gl_light.obj
 0001:00041426       _LM_Init                   00442426 f   gl_lightmap.obj
 0001:0004143c       _LM_Flush                  0044243c f   gl_lightmap.obj
 0001:00041499       _LM_Done                   00442499 f   gl_lightmap.obj
 0001:000414c0       _LM_Save                   004424c0 f   gl_lightmap.obj
 0001:000414da       _LM_Restore                004424da f   gl_lightmap.obj
 0001:000414f4       _LM_NewBlock               004424f4 f   gl_lightmap.obj
 0001:0004156a       _LM_Rewind                 0044256a f   gl_lightmap.obj
 0001:00041572       _LM_NextBlock              00442572 f   gl_lightmap.obj
 0001:0004159f       _LM_CheckMinlight          0044259f f   gl_lightmap.obj
 0001:00041635       _LM_AllocBlock             00442635 f   gl_lightmap.obj
 0001:000416ec       _LM_PutBlock               004426ec f   gl_lightmap.obj
 0001:00041b26       _LM_SortLightStyles        00442b26 f   gl_lightmap.obj
 0001:00041bb7       _GL_UpdateDynamicLightmap  00442bb7 f   gl_lightmap.obj
 0001:000420a5       _LM_IsMonotone             004430a5 f   gl_lightmap.obj
 0001:000421ac       _GL_EnableRendering        004431ac f   gl_main.obj
 0001:000421c7       _DrawTextLeft              004431c7 f   gl_main.obj
 0001:00042291       _DrawTextRight             00443291 f   gl_main.obj
 0001:000422cf       _DrawText3D                004432cf f   gl_main.obj
 0001:00042347       _GL_GetRefAPI              00443347 f   gl_main.obj
 0001:00043b68       _GL_InitFuncTables         00444b68 f   gl_math.obj
 0001:00043d19       _ModelToWorldCoord         00444d19 f   gl_math.obj
 0001:00043d8a       _WorldToModelCoord         00444d8a f   gl_math.obj
 0001:00043dd1       _BuildRotationMatrix       00444dd1 f   gl_math.obj
 0001:00043ecb       _GetBoxRect                00444ecb f   gl_math.obj
 0001:0004423c       _ProjectToScreen           0044523c f   gl_math.obj
 0001:0004437f       _GL_FindModel              0044537f f   gl_model.obj
 0001:00044502       _GL_LoadWorldMap           00445502 f   gl_model.obj
 0001:00046046       _GL_PointInLeaf            00447046 f   gl_model.obj
 0001:00046990       _ATAN2_FUNC                00447990 f i gl_model.obj
 0001:00046b2f       _GL_FindSkin               00447b2f f   gl_model.obj
 0001:00046c88       _GL_ResetModels            00447c88 f   gl_model.obj
 0001:00046d52       _GL_InitModels             00447d52 f   gl_model.obj
 0001:00046dbf       _GL_ShutdownModels         00447dbf f   gl_model.obj
 0001:00046dd5       _SubdividePlane            00447dd5 f   gl_poly.obj
 0001:0004722b       _FreeSubdividedPlane       0044822b f   gl_poly.obj
 0001:00047243       _GetSubdivideIndexes       00448243 f   gl_poly.obj
 0001:00047296       _RemoveCollinearPoints     00448296 f   gl_poly.obj
 0001:000473aa       _GetPolyArea               004483aa f   gl_poly.obj
 0001:0004743e       _GL_InitShaders            0044843e f   gl_shader.obj
 0001:0004757b       _GL_ShutdownShaders        0044857b f   gl_shader.obj
 0001:000475a5       _GL_SetShaderLightmap      004485a5 f   gl_shader.obj
 0001:000479ae       _GL_SetShaderLightstyles   004489ae f   gl_shader.obj
 0001:00047a4a       _GL_GetAlphaShader         00448a4a f   gl_shader.obj
 0001:00047d5a       _GL_FindShader             00448d5a f   gl_shader.obj
 0001:000482bc       _GL_GetShaderByNum         004492bc f   gl_shader.obj
 0001:000482da       _GL_ResetShaders           004492da f   gl_shader.obj
 0001:000486ea       _GL_ClearSkyBox            004496ea f   gl_sky.obj
 0001:0004870d       _GL_SetSkyRotate           0044970d f   gl_sky.obj
 0001:00048745       _GL_SkyVisible             00449745 f   gl_sky.obj
 0001:0004875e       _GL_AddSkySurface          0044975e f   gl_sky.obj
 0001:00048d8e       _GL_TesselateSkySide       00449d8e f   gl_sky.obj
 0001:00049060       _GLimp_SetMode             0044a060 f   glw_imp.obj
 0001:00049302       _GLimp_HasGamma            0044a302 f   glw_imp.obj
 0001:00049316       _GLimp_SetGamma            0044a316 f   glw_imp.obj
 0001:000494af       _GLimp_Init                0044a4af f   glw_imp.obj
 0001:0004980d       _GLimp_Shutdown            0044a80d f   glw_imp.obj
 0001:000498bb       _GLimp_EndFrame            0044a8bb f   glw_imp.obj
 0001:00049957       _GLimp_AppActivate         0044a957 f   glw_imp.obj
 0001:0004b03e       _QGL_Shutdown              0044c03e f   qgl_win.obj
 0001:0004b07c       _QGL_Init                  0044c07c f   qgl_win.obj
 0001:0004b0ff       _QGL_InitExtensions        0044c0ff f   qgl_win.obj
 0001:0004b469       _QGL_EnableLogging         0044c469 f   qgl_win.obj
 0001:0004b534       _QGL_LogMessage            0044c534 f   qgl_win.obj
 0001:0004b54b       _Hunk_Begin                0044c54b f   q_shwin.obj
 0001:0004b585       _Hunk_Alloc                0044c585 f   q_shwin.obj
 0001:0004b60c       _Hunk_End                  0044c60c f   q_shwin.obj
 0001:0004b612       _Hunk_Free                 0044c612 f   q_shwin.obj
 0001:0004b62b       _Sys_Milliseconds          0044c62b f   q_shwin.obj
 0001:0004b65f       _Sys_Mkdir                 0044c65f f   q_shwin.obj
 0001:0004b66b       _Sys_FindFirst             0044c66b f   q_shwin.obj
 0001:0004b6e9       _Sys_FindNext              0044c6e9 f   q_shwin.obj
 0001:0004b75e       _Sys_FindClose             0044c75e f   q_shwin.obj
 0001:0004b778       _R_Alias_clip_z            0044c778 f   r_aclip.obj
 0001:0004b83a       _R_Alias_clip_left         0044c83a f   r_aclip.obj
 0001:0004ba46       _R_Alias_clip_right        0044ca46 f   r_aclip.obj
 0001:0004bc52       _R_Alias_clip_top          0044cc52 f   r_aclip.obj
 0001:0004be66       _R_Alias_clip_bottom       0044ce66 f   r_aclip.obj
 0001:0004c07a       _R_AliasClip               0044d07a f   r_aclip.obj
 0001:0004c14a       _R_AliasClipTriangle       0044d14a f   r_aclip.obj
 0001:0004c33c       _R_AliasCheckFrameBBox     0044d33c f   r_alias.obj
 0001:0004c46f       _R_AliasCheckBBox          0044d46f f   r_alias.obj
 0001:0004c4d3       _R_AliasTransformVector    0044d4d3 f   r_alias.obj
 0001:0004c52f       _R_AliasPreparePoints      0044d52f f   r_alias.obj
 0001:0004c7c7       _R_AliasSetUpTransform     0044d7c7 f   r_alias.obj
 0001:0004ca8a       _R_AliasTransformFinalVerts 0044da8a f   r_alias.obj
 0001:0004cc59       _R_AliasProjectAndClipTestFinalVert 0044dc59 f   r_alias.obj
 0001:0004cd08       _R_AliasSetupLighting      0044dd08 f   r_alias.obj
 0001:0004ce72       _R_AliasSetupFrames        0044de72 f   r_alias.obj
 0001:0004cee6       _R_AliasSetUpLerpData      0044dee6 f   r_alias.obj
 0001:0004d00e       _R_AliasDrawModel          0044e00e f   r_alias.obj
 0001:0004d2a2       _R_EntityRotate            0044e2a2 f   r_bsp.obj
 0001:0004d31e       _R_RotateBmodel            0044e31e f   r_bsp.obj
 0001:0004d479       _R_RecursiveClipBPoly      0044e479 f   r_bsp.obj
 0001:0004d7a9       _R_DrawSolidClippedSubmodelPolygons 0044e7a9 f   r_bsp.obj
 0001:0004d930       _R_DrawSubmodelPolygons    0044e930 f   r_bsp.obj
 0001:0004d9c0       _R_RecursiveWorldNode      0044e9c0 f   r_bsp.obj
 0001:0004dbf2       _R_RenderWorld             0044ebf2 f   r_bsp.obj
 0001:0004dc6d       _Draw_FindPic              0044ec6d f   r_draw.obj
 0001:0004dcb0       _Draw_InitLocal            0044ecb0 f   r_draw.obj
 0001:0004dcc1       _Draw_Char                 0044ecc1 f   r_draw.obj
 0001:0004dda2       _Draw_CharColor            0044eda2 f   r_draw.obj
 0001:0004deb1       _R_DrawTexts               0044eeb1 f   r_draw.obj
 0001:0004df27       _DrawText_Pos              0044ef27 f   r_draw.obj
 0001:0004dfff       _DrawText_Left             0044efff f   r_draw.obj
 0001:0004e027       _DrawText_Right            0044f027 f   r_draw.obj
 0001:0004e063       _Draw_GetPicSize           0044f063 f   r_draw.obj
 0001:0004e0a3       _Draw_StretchPicImplementation 0044f0a3 f   r_draw.obj
 0001:0004e1cd       _Draw_StretchPic           0044f1cd f   r_draw.obj
 0001:0004e205       _Draw_StretchRaw           0044f205 f   r_draw.obj
 0001:0004e237       _Draw_Pic                  0044f237 f   r_draw.obj
 0001:0004e3f0       _Draw_PicColor             0044f3f0 f   r_draw.obj
 0001:0004e5a9       _Draw_TileClear            0044f5a9 f   r_draw.obj
 0001:0004e679       _Draw_Fill                 0044f679 f   r_draw.obj
 0001:0004e715       _Draw_Fade                 0044f715 f   r_draw.obj
 0001:0004e777       _R_BeginEdgeFrame          0044f777 f   r_edge.obj
 0001:0004e833       _R_InsertNewEdges          0044f833 f   r_edge.obj
 0001:0004e879       _R_RemoveEdges             0044f879 f   r_edge.obj
 0001:0004e897       _R_StepActiveU             0044f897 f   r_edge.obj
 0001:0004e92b       _R_CleanupSpan             0044f92b f   r_edge.obj
 0001:0004e97b       _R_LeadingEdgeBackwards    0044f97b f   r_edge.obj
 0001:0004ea10       _R_TrailingEdge            0044fa10 f   r_edge.obj
 0001:0004ea74       _R_LeadingEdge             0044fa74 f   r_edge.obj
 0001:0004ec17       _R_GenerateSpans           0044fc17 f   r_edge.obj
 0001:0004ec85       _R_GenerateSpansBackward   0044fc85 f   r_edge.obj
 0001:0004ecf3       _R_ScanEdges               0044fcf3 f   r_edge.obj
 0001:0004eeca       _D_FlatFillSurface         0044feca f   r_edge.obj
 0001:0004ef24       _D_CalcGradients           0044ff24 f   r_edge.obj
 0001:0004f184       _D_BackgroundSurf          00450184 f   r_edge.obj
 0001:0004f1c4       _D_TurbulentSurf           004501c4 f   r_edge.obj
 0001:0004f2d3       _D_SkySurf                 004502d3 f   r_edge.obj
 0001:0004f354       _D_SolidSurf               00450354 f   r_edge.obj
 0001:0004f4ac       _D_DrawflatSurfaces        004504ac f   r_edge.obj
 0001:0004f4fc       _D_DrawSurfaces            004504fc f   r_edge.obj
 0001:0004f5f5       _R_ImageList_f             004505f5 f   r_image.obj
 0001:0004f6b6       _R_FindFreeImage           004506b6 f   r_image.obj
 0001:0004f704       _R_LoadPic                 00450704 f   r_image.obj
 0001:0004f794       _R_LoadTex                 00450794 f   r_image.obj
 0001:0004f820       _R_LoadWal                 00450820 f   r_image.obj
 0001:0004f876       _R_MipMap                  00450876 f   r_image.obj
 0001:0004f9a4       _R_DownsampleImage         004509a4 f   r_image.obj
 0001:0004faa9       _R_FindImage               00450aa9 f   r_image.obj
 0001:0004fe4e       _R_RegisterSkin            00450e4e f   r_image.obj
 0001:0004fe5c       _R_FreeUnusedImages        00450e5c f   r_image.obj
 0001:0004febc       _R_InitImages              00450ebc f   r_image.obj
 0001:0004ff22       _R_ShutdownImages          00450f22 f   r_image.obj
 0001:0004ff5f       _R_MarkLights              00450f5f f   r_light.obj
 0001:00050025       _R_PushDlights             00451025 f   r_light.obj
 0001:00050083       _R_LightPoint              00451083 f   r_light.obj
 0001:0005044e       _R_AddDynamicLights        0045144e f   r_light.obj
 0001:000506ec       _R_BuildLightMap           004516ec f   r_light.obj
 0001:000507e2       _R_InitTextures            004517e2 f   r_main.obj
 0001:000508a3       _R_InitTurb                004518a3 f   r_main.obj
 0001:00050920       _R_Register                00451920 f   r_main.obj
 0001:00050988       _R_Init                    00451988 f   r_main.obj
 0001:00050a19       _R_Shutdown                00451a19 f   r_main.obj
 0001:00050a8e       _R_NewMap                  00451a8e f   r_main.obj
 0001:00050b38       _R_MarkLeaves              00451b38 f   r_main.obj
 0001:00050c5f       _R_DrawEntitiesOnList      00451c5f f   r_main.obj
 0001:00050e07       _R_BmodelCheckBBox         00451e07 f   r_main.obj
 0001:00050eb9       _R_FindTopnode             00451eb9 f   r_main.obj
 0001:00050f0e       _RotatedBBox               00451f0e f   r_main.obj
 0001:00051070       _R_DrawBEntitiesOnList     00452070 f   r_main.obj
 0001:00051271       _R_EdgeDrawing             00452271 f   r_main.obj
 0001:00051346       _R_CalcPalette             00452346 f   r_main.obj
 0001:0005144b       _R_SetLightLevel           0045244b f   r_main.obj
 0001:0005149b       _R_RenderFrame             0045249b f   r_main.obj
 0001:00051682       _R_InitGraphics            00452682 f   r_main.obj
 0001:000516f8       _R_BeginFrame              004526f8 f   r_main.obj
 0001:0005183f       _R_GammaCorrectAndSetPalette 0045283f f   r_main.obj
 0001:0005189e       _R_CinematicSetPalette     0045289e f   r_main.obj
 0001:00051935       _Draw_BuildGammaTable      00452935 f   r_main.obj
 0001:00051a46       _R_DrawBeam                00452a46 f   r_main.obj
 0001:00051b9b       _R_SetSky                  00452b9b f   r_main.obj
 0001:00051c12       _Draw_GetPalette           00452c12 f   r_main.obj
 0001:00051d5a       _Draw_ConCharColor         00452d5a f   r_main.obj
 0001:00051d7b       _GetRefAPI                 00452d7b f   r_main.obj
 0001:00051fcb       _D_ViewChanged             00452fcb f   r_misc.obj
 0001:0005213e       _R_PrintTimes              0045313e f   r_misc.obj
 0001:000521a6       _R_PrintDSpeeds            004531a6 f   r_misc.obj
 0001:0005225b       _R_PrintAliasStats         0045325b f   r_misc.obj
 0001:0005226e       _R_TransformFrustum        0045326e f   r_misc.obj
 0001:0005232c       _TransformVector           0045332c f   r_misc.obj
 0001:00052397       _R_SetUpFrustumIndexes     00453397 f   r_misc.obj
 0001:000523fc       _R_ViewChanged             004533fc f   r_misc.obj
 0001:00052745       _R_SetupFrame              00453745 f   r_misc.obj
 0001:00052920       _WritePCXfile              00453920 f   r_misc.obj
 0001:00052a42       _R_ScreenShot              00453a42 f   r_misc.obj
 0001:00052b51       _Mod_Modellist_f           00453b51 f   r_model.obj
 0001:00052baf       _Mod_Init                  00453baf f   r_model.obj
 0001:00052bc7       _Mod_ForName               00453bc7 f   r_model.obj
 0001:00052e03       _Mod_PointInLeaf           00453e03 f   r_model.obj
 0001:00052e65       _Mod_DecompressVis         00453e65 f   r_model.obj
 0001:00052ee5       _Mod_ClusterPVS            00453ee5 f   r_model.obj
 0001:00052f12       _Mod_LoadLighting          00453f12 f   r_model.obj
 0001:00052f91       _R_NumberLeafs             00453f91 f   r_model.obj
 0001:00052fdf       _Mod_LoadVertexes          00453fdf f   r_model.obj
 0001:00053021       _Mod_LoadEdges             00454021 f   r_model.obj
 0001:0005306f       _Mod_LoadTexinfo           0045406f f   r_model.obj
 0001:000531d7       _CalcSurfaceExtents        004541d7 f   r_model.obj
 0001:00053357       _Mod_LoadFaces             00454357 f   r_model.obj
 0001:000534be       _Mod_SetParent             004544be f   r_model.obj
 0001:000534e3       _Mod_LoadNodes             004544e3 f   r_model.obj
 0001:000535d9       _Mod_LoadLeafs             004545d9 f   r_model.obj
 0001:00053682       _Mod_LoadMarksurfaces      00454682 f   r_model.obj
 0001:000536fe       _Mod_LoadSurfedges         004546fe f   r_model.obj
 0001:0005373d       _Mod_LoadPlanes            0045473d f   r_model.obj
 0001:000537ac       _Mod_LoadBrushModel        004547ac f   r_model.obj
 0001:00053990       _Mod_LoadAliasModel        00454990 f   r_model.obj
 0001:00053c10       _Mod_LoadSpriteModel       00454c10 f   r_model.obj
 0001:00053cf7       _R_BeginRegistration       00454cf7 f   r_model.obj
 0001:00053d87       _R_RegisterModel           00454d87 f   r_model.obj
 0001:00053e7f       _R_EndRegistration         00454e7f f   r_model.obj
 0001:00053eea       _Mod_FreeAll               00454eea f   r_model.obj
 0001:00053f2f       _R_DrawParticle            00454f2f f   r_part.obj
 0001:000541c9       _R_DrawParticles           004551c9 f   r_part.obj
 0001:00054271       _R_DrawSpanletOpaque       00455271 f   r_poly.obj
 0001:00054301       _R_DrawSpanletTurbulentStipple33 00455301 f   r_poly.obj
 0001:0005442c       _R_DrawSpanletTurbulentStipple66 0045542c f   r_poly.obj
 0001:0005460d       _R_DrawSpanletTurbulentBlended66 0045560d f   r_poly.obj
 0001:000546c2       _R_DrawSpanletTurbulentBlended33 004556c2 f   r_poly.obj
 0001:00054777       _R_DrawSpanlet33           00455777 f   r_poly.obj
 0001:00054811       _R_DrawSpanletConstant33   00455811 f   r_poly.obj
 0001:0005486a       _R_DrawSpanlet66           0045586a f   r_poly.obj
 0001:00054908       _R_DrawSpanlet33Stipple    00455908 f   r_poly.obj
 0001:00054a23       _R_DrawSpanlet66Stipple    00455a23 f   r_poly.obj
 0001:00054bb4       _R_ClipPolyFace            00455bb4 f   r_poly.obj
 0001:00054d25       _R_PolygonDrawSpans        00455d25 f   r_poly.obj
 0001:00055124       _R_PolygonScanLeftEdge     00456124 f   r_poly.obj
 0001:00055288       _R_PolygonScanRightEdge    00456288 f   r_poly.obj
 0001:00055492       _R_ClipAndDrawPoly         00456492 f   r_poly.obj
 0001:00055694       _R_BuildPolygonFromSurface 00456694 f   r_poly.obj
 0001:0005588a       _R_PolygonCalculateGradients 0045688a f   r_poly.obj
 0001:00055b5d       _R_DrawAlphaSurfaces       00456b5d f   r_poly.obj
 0001:00055bf3       _R_IMFlatShadedQuad        00456bf3 f   r_poly.obj
 0001:00055d21       _R_InitAdivtab             00456d21 f   r_polyse.obj
 0001:00055d8d       _R_PolysetUpdateTables     00456d8d f   r_polyse.obj
 0001:00055dc8       _R_DrawTriangle            00456dc8 f   r_polyse.obj
 0001:00055ed9       _R_PolysetScanLeftEdge_C   00456ed9 f   r_polyse.obj
 0001:000560a3       _FloorDivMod               004570a3 f   r_polyse.obj
 0001:0005613d       _R_PolysetSetUpForLineScan 0045713d f   r_polyse.obj
 0001:000561cb       _R_PolysetCalcGradients    004571cb f   r_polyse.obj
 0001:0005643e       _R_PolysetDrawSpans8_33    0045743e f   r_polyse.obj
 0001:0005656e       _R_PolysetDrawSpansConstant8_33 0045756e f   r_polyse.obj
 0001:00056608       _R_PolysetDrawSpans8_66    00457608 f   r_polyse.obj
 0001:00056744       _R_PolysetDrawSpansConstant8_66 00457744 f   r_polyse.obj
 0001:000567ec       _R_PolysetDrawSpans8_Opaque 004577ec f   r_polyse.obj
 0001:00056937       _R_RasterizeAliasPolySmooth 00457937 f   r_polyse.obj
 0001:00056f17       _R_PolysetSetEdgeTable     00457f17 f   r_polyse.obj
 0001:00056fb2       _R_InitSkyBox              00457fb2 f   r_rast.obj
 0001:0005721e       _R_EmitSkyBox              0045821e f   r_rast.obj
 0001:00057331       _R_EmitEdge                00458331 f   r_rast.obj
 0001:00057703       _R_ClipEdge                00458703 f   r_rast.obj
 0001:000578b1       _R_EmitCachedEdge          004588b1 f   r_rast.obj
 0001:00057908       _R_RenderFace              00458908 f   r_rast.obj
 0001:00057ccf       _R_RenderBmodelFace        00458ccf f   r_rast.obj
 0001:00057f38       _D_WarpScreen              00458f38 f   r_scan.obj
 0001:000580fa       _D_DrawTurbulent8Span      004590fa f   r_scan.obj
 0001:0005817e       _Turbulent8                0045917e f   r_scan.obj
 0001:000584da       _NonTurbulent8             004594da f   r_scan.obj
 0001:00058814       _D_DrawSpans16             00459814 f   r_scan.obj
 0001:00058b31       _D_DrawZSpans              00459b31 f   r_scan.obj
 0001:00058c01       _R_DrawSprite              00459c01 f   r_sprite.obj
 0001:00058e8b       _R_TextureAnimation        00459e8b f   r_surf.obj
 0001:00058eaf       _R_DrawSurface             00459eaf f   r_surf.obj
 0001:00059014       _R_DrawSurfaceBlock8_mip0  0045a014 f   r_surf.obj
 0001:00059113       _R_DrawSurfaceBlock8_mip1  0045a113 f   r_surf.obj
 0001:00059212       _R_DrawSurfaceBlock8_mip2  0045a212 f   r_surf.obj
 0001:00059311       _R_DrawSurfaceBlock8_mip3  0045a311 f   r_surf.obj
 0001:0005940d       _R_InitCaches              0045a40d f   r_surf.obj
 0001:0005948e       _D_FlushCaches             0045a48e f   r_surf.obj
 0001:000594d3       _D_SCAlloc                 0045a4d3 f   r_surf.obj
 0001:00059667       _D_CacheSurface            0045a667 f   r_surf.obj
 0001:000597dc       _DDRAW_Init                0045a7dc f   rw_ddraw.obj
 0001:00059bec       _DDRAW_SetPalette          0045abec f   rw_ddraw.obj
 0001:00059c55       _DDRAW_Shutdown            0045ac55 f   rw_ddraw.obj
 0001:00059dc0       _DIB_Init                  0045adc0 f   rw_dib.obj
 0001:00059fa5       _DIB_SetPalette            0045afa5 f   rw_dib.obj
 0001:0005a169       _DIB_Shutdown              0045b169 f   rw_dib.obj
 0001:0005a262       _SWimp_Init                0045b262 f   rw_imp.obj
 0001:0005a266       _SWimp_EndFrame            0045b266 f   rw_imp.obj
 0001:0005a3d2       _SWimp_SetMode             0045b3d2 f   rw_imp.obj
 0001:0005a4f4       _SWimp_SetPalette          0045b4f4 f   rw_imp.obj
 0001:0005a519       _SWimp_Shutdown            0045b519 f   rw_imp.obj
 0001:0005a560       _SWimp_AppActivate         0045b560 f   rw_imp.obj
 0001:0005a610       _jpeg_CreateDecompress     0045b610 f   lib:jdapimin.obj
 0001:0005a6d0       _jpeg_destroy_compress     0045b6d0 f   lib:jdapimin.obj
 0001:0005a6d0       _jpeg_destroy_decompress   0045b6d0 f   lib:jdapimin.obj
 0001:0005a6db       _jpeg_read_header          0045b6db f   lib:jdapimin.obj
 0001:0005a73d       _jpeg_consume_input        0045b73d f   lib:jdapimin.obj
 0001:0005a98b       _jpeg_finish_decompress    0045b98b f   lib:jdapimin.obj
 0001:0005aa22       _jpeg_start_decompress     0045ba22 f   lib:jdapistd.obj
 0001:0005ab8f       _jpeg_read_scanlines       0045bb8f f   lib:jdapistd.obj
 0001:0005ac13       _jpeg_resync_to_restart    0045bc13 f   lib:jdmarker.obj
 0001:0005add8       _jinit_marker_reader       0045bdd8 f   lib:jdmarker.obj
 0001:0005c2a3       _jpeg_CreateCompress       0045d2a3 f   lib:jcapimin.obj
 0001:0005c357       _jpeg_suppress_tables      0045d357 f   lib:jcapimin.obj
 0001:0005c3a1       _jpeg_finish_compress      0045d3a1 f   lib:jcapimin.obj
 0001:0005c48b       _jpeg_start_compress       0045d48b f   lib:jcapistd.obj
 0001:0005c4f7       _jpeg_write_scanlines      0045d4f7 f   lib:jcapistd.obj
 0001:0005c5a2       _jpeg_add_quant_table      0045d5a2 f   lib:jcparam.obj
 0001:0005c654       _jpeg_quality_scaling      0045d654 f   lib:jcparam.obj
 0001:0005c67b       _jpeg_set_quality          0045d67b f   lib:jcparam.obj
 0001:0005c6b5       _jpeg_set_defaults         0045d6b5 f   lib:jcparam.obj
 0001:0005c877       _jpeg_default_colorspace   0045d877 f   lib:jcparam.obj
 0001:0005c8c7       _jpeg_set_colorspace       0045d8c7 f   lib:jcparam.obj
 0001:0005cbe2       _jpeg_stdio_dest           0045dbe2 f   lib:jdatadst.obj
 0001:0005cce2       _crc32                     0045dce2 f   lib:crc32.obj
 0001:0005cf6e       _inflateReset              0045df6e f   lib:inflate.obj
 0001:0005cfb5       _inflateInit2_             0045dfb5 f   lib:inflate.obj
 0001:0005d06e       _inflate                   0045e06e f   lib:inflate.obj
 0001:0005e1fc       _inflateEnd                0045f1fc f   lib:inflate.obj
 0001:0005e23a       _jinit_input_controller    0045f23a f   lib:jdinput.obj
 0001:0005e71d       _jinit_memory_mgr          0045f71d f   lib:jmemmgr.obj
 0001:0005f2b1       _jpeg_abort                004602b1 f   lib:jcomapi.obj
 0001:0005f2e4       _jpeg_destroy              004602e4 f   lib:jcomapi.obj
 0001:0005f2ff       _jpeg_alloc_quant_table    004602ff f   lib:jcomapi.obj
 0001:0005f31b       _jpeg_alloc_huff_table     0046031b f   lib:jcomapi.obj
 0001:0005f337       _jpeg_calc_output_dimensions 00460337 f   lib:jdmaster.obj
 0001:0005f437       _jinit_master_decompress   00460437 f   lib:jdmaster.obj
 0001:0005f78d       _jdiv_round_up             0046078d f   lib:jutils.obj
 0001:0005f79d       _jround_up                 0046079d f   lib:jutils.obj
 0001:0005f7b5       _jcopy_sample_rows         004607b5 f   lib:jutils.obj
 0001:0005f7f3       _jcopy_block_row           004607f3 f   lib:jutils.obj
 0001:0005f80c       _jzero_far                 0046080c f   lib:jutils.obj
 0001:0005f81f       _jinit_marker_writer       0046081f f   lib:jcmarker.obj
 0001:000600fb       _jinit_compress_master     004610fb f   lib:jcinit.obj
 0001:00060154       _zcalloc                   00461154 f   lib:zutil.obj
 0001:00060166       _inflate_fast              00461166 f   lib:inffast.obj
 0001:0006051b       _inflate_table             0046151b f   lib:inftrees.obj
 0001:000608a4       _adler32                   004618a4 f   lib:adler32.obj
 0001:000609bd       _jinit_c_codec             004619bd f   lib:jcodec.obj
 0001:000609d9       _jinit_d_codec             004619d9 f   lib:jcodec.obj
 0001:000609f5       _jpeg_get_small            004619f5 f   lib:jmemansi.obj
 0001:000609f5       _jpeg_get_large            004619f5 f   lib:jmemansi.obj
 0001:00060a01       _jpeg_free_large           00461a01 f   lib:jmemansi.obj
 0001:00060a01       _jpeg_free_small           00461a01 f   lib:jmemansi.obj
 0001:00060a01       _zcfree                    00461a01 f   lib:jmemansi.obj
 0001:00060a0d       _jpeg_mem_available        00461a0d f   lib:jmemansi.obj
 0001:00060a1c       _jpeg_open_backing_store   00461a1c f   lib:jmemansi.obj
 0001:00060b33       _jpeg_mem_init             00461b33 f   lib:jmemansi.obj
 0001:00060b39       _jinit_d_main_controller   00461b39 f   lib:jdmainct.obj
 0001:00061184       _jinit_d_post_controller   00462184 f   lib:jdpostct.obj
 0001:0006142f       _jinit_upsampler           0046242f f   lib:jdsample.obj
[...]
 0001:0006b768       _decompress_data           0046c768 f   lib:jddiffct.obj
 0001:0006b8d8       _process_restart           0046c8d8 f   lib:jddiffct.obj
 0001:00034e47       _dummy_consume_data        00435e47 f   vid_dll.obj
 0001:0006b90d       _consume_data              0046c90d f   lib:jddiffct.obj
 0001:0006b984       _output_data               0046c984 f   lib:jddiffct.obj
 0001:0006b3b0       _start_pass                0046c3b0 f   lib:jddctmgr.obj
 0001:0006a802       _start_pass_phuff_decoder  0046b802 f   lib:jdphuff.obj
 0001:0006aa4b       _decode_mcu_DC_first       0046ba4b f   lib:jdphuff.obj
 0001:0006ac43       _process_restart           0046bc43 f   lib:jdphuff.obj
 0001:0006acb2       _decode_mcu_AC_first       0046bcb2 f   lib:jdphuff.obj
 0001:0006aed2       _decode_mcu_DC_refine      0046bed2 f   lib:jdphuff.obj
 0001:0006afa7       _decode_mcu_AC_refine      0046bfa7 f   lib:jdphuff.obj
 0001:0006a249       _start_pass_huff_decoder   0046b249 f   lib:jdshuff.obj
 0001:0006a381       _decode_mcu                0046b381 f   lib:jdshuff.obj
 0001:0006a731       _process_restart           0046b731 f   lib:jdshuff.obj
 0001:00069632       _start_input_pass          0046a632 f   lib:jdcoefct.obj
 0001:00069645       _start_iMCU_row            0046a645 f   lib:jdcoefct.obj
 0001:0006968a       _start_output_pass         0046a68a f   lib:jdcoefct.obj
 0001:000696c7       _decompress_onepass        0046a6c7 f   lib:jdcoefct.obj
 0001:00034e47       _dummy_consume_data        00435e47 f   vid_dll.obj
 0001:000698a0       _consume_data              0046a8a0 f   lib:jdcoefct.obj
 0001:00069a59       _decompress_data           0046aa59 f   lib:jdcoefct.obj
 0001:00069bc5       _smoothing_ok              0046abc5 f   lib:jdcoefct.obj
 0001:00069cb0       _decompress_smooth_data    0046acb0 f   lib:jdcoefct.obj
 0001:000694cb       _scaler_start_pass         0046a4cb f   lib:jcscale.obj
 0001:000694ee       _simple_downscale          0046a4ee f   lib:jcscale.obj
 0001:0006951a       _noscale                   0046a51a f   lib:jcscale.obj
 0001:00068fc3       _start_pass                00469fc3 f   lib:jcpred.obj
 0001:0006901b       _reset_predictor           0046a01b f   lib:jcpred.obj
 0001:00069048       _jpeg_difference_first_row 0046a048 f   lib:jcpred.obj
 0001:00069132       _jpeg_difference1          0046a132 f   lib:jcpred.obj
 0001:000691a0       _jpeg_difference2          0046a1a0 f   lib:jcpred.obj
 0001:00069211       _jpeg_difference3          0046a211 f   lib:jcpred.obj
 0001:00069289       _jpeg_difference4          0046a289 f   lib:jcpred.obj
 0001:00069314       _jpeg_difference5          0046a314 f   lib:jcpred.obj
 0001:000693a7       _jpeg_difference6          0046a3a7 f   lib:jcpred.obj
 0001:00069436       _jpeg_difference7          0046a436 f   lib:jcpred.obj
 0001:000688b5       _start_pass_huff           004698b5 f   lib:jclhuff.obj
 0001:00068a52       _encode_mcus_huff          00469a52 f   lib:jclhuff.obj
 0001:00068c3d       _emit_bits                 00469c3d f   lib:jclhuff.obj
 0001:00068ce0       _dump_buffer               00469ce0 f   lib:jclhuff.obj
 0001:00068d04       _emit_restart              00469d04 f   lib:jclhuff.obj
 0001:00068d4f       _flush_bits                00469d4f f   lib:jclhuff.obj
 0001:00068d73       _finish_pass_huff          00469d73 f   lib:jclhuff.obj
 0001:00068de0       _encode_mcus_gather        00469de0 f   lib:jclhuff.obj
 0001:00068f09       _finish_pass_gather        00469f09 f   lib:jclhuff.obj
 0001:000673cd       _need_optimization_pass    004683cd f   lib:jcshuff.obj
 0001:000684d5       _start_pass_diff           004694d5 f   lib:jcdiffct.obj
 0001:000665ce       _start_iMCU_row            004675ce f   lib:jccoefct.obj
 0001:00068573       _compress_data             00469573 f   lib:jcdiffct.obj
 0001:00068709       _compress_first_pass       00469709 f   lib:jcdiffct.obj
 0001:000687fe       _compress_output           004697fe f   lib:jcdiffct.obj
 0001:00067f00       _start_pass_fdctmgr        00468f00 f   lib:jcdctmgr.obj
 0001:0006809e       _forward_DCT               0046909e f   lib:jcdctmgr.obj
 0001:000681ea       _forward_DCT_float         004691ea f   lib:jcdctmgr.obj
 0001:00067410       _start_pass_phuff          00468410 f   lib:jcphuff.obj
 0001:0006757d       _encode_mcu_DC_first       0046857d f   lib:jcphuff.obj
 0001:000676af       _emit_bits                 004686af f   lib:jcphuff.obj
 0001:0006775a       _dump_buffer               0046875a f   lib:jcphuff.obj
 0001:00067792       _emit_symbol               00468792 f   lib:jcphuff.obj
 0001:000677d2       _emit_restart              004687d2 f   lib:jcphuff.obj
 0001:0006785b       _emit_eobrun               0046885b f   lib:jcphuff.obj
 0001:000678e1       _encode_mcu_AC_first       004688e1 f   lib:jcphuff.obj
 0001:00067a75       _encode_mcu_DC_refine      00468a75 f   lib:jcphuff.obj
 0001:00067b2f       _encode_mcu_AC_refine      00468b2f f   lib:jcphuff.obj
 0001:00067d46       _finish_pass_phuff         00468d46 f   lib:jcphuff.obj
 0001:00067d95       _finish_pass_gather_phuff  00468d95 f   lib:jcphuff.obj
 0001:00067e58       _need_optimization_pass    00468e58 f   lib:jcphuff.obj
 0001:00066ba8       _start_pass_huff           00467ba8 f   lib:jcshuff.obj
 0001:00066d1d       _encode_mcu_huff           00467d1d f   lib:jcshuff.obj
 0001:00066e28       _encode_one_block          00467e28 f   lib:jcshuff.obj
 0001:00066f9f       _emit_bits                 00467f9f f   lib:jcshuff.obj
 0001:00067042       _dump_buffer               00468042 f   lib:jcshuff.obj
 0001:00067066       _emit_restart              00468066 f   lib:jcshuff.obj
 0001:000670d3       _flush_bits                004680d3 f   lib:jcshuff.obj
 0001:000670f7       _finish_pass_huff          004680f7 f   lib:jcshuff.obj
 0001:00067166       _encode_mcu_gather         00468166 f   lib:jcshuff.obj
 0001:0006721c       _htest_one_block           0046821c f   lib:jcshuff.obj
 0001:000672e3       _finish_pass_gather        004682e3 f   lib:jcshuff.obj
 0001:000673cd       _need_optimization_pass    004683cd f   lib:jcshuff.obj
 0001:00066539       _start_pass_coef           00467539 f   lib:jccoefct.obj
 0001:000665ce       _start_iMCU_row            004675ce f   lib:jccoefct.obj
 0001:00066610       _compress_data             00467610 f   lib:jccoefct.obj
 0001:000667f7       _compress_first_pass       004677f7 f   lib:jccoefct.obj
 0001:000669dd       _compress_output           004679dd f   lib:jccoefct.obj
 0001:00066451       _calc_output_dimensions    00467451 f   lib:jdlossls.obj
 0001:00066462       _start_input_pass          00467462 f   lib:jdlossls.obj
 0001:00066190       _calc_output_dimensions    00467190 f   lib:jdlossy.obj
 0001:00066303       _start_input_pass          00467303 f   lib:jdlossy.obj
 0001:00066323       _latch_quant_tables        00467323 f   lib:jdlossy.obj
 0001:000663bb       _start_output_pass         004673bb f   lib:jdlossy.obj
 0001:000660df       _start_pass                004670df f   lib:jclossls.obj
 0001:0006604b       _start_pass                0046704b f   lib:jclossy.obj
 0001:000655a0       _initial_setup             004665a0 f   lib:jcmaster.obj
 0001:00065753       _validate_script           00466753 f   lib:jcmaster.obj
 0001:00065b2b       _prepare_for_pass          00466b2b f   lib:jcmaster.obj
 0001:00065ca3       _select_scan_parameters    00466ca3 f   lib:jcmaster.obj
 0001:00065da4       _per_scan_setup            00466da4 f   lib:jcmaster.obj
 0001:00065f4f       _pass_startup              00466f4f f   lib:jcmaster.obj
 0001:00065f76       _finish_pass_master        00466f76 f   lib:jcmaster.obj
 0001:0006508c       _rgb_ycc_start             0046608c f   lib:jccolor.obj
 0001:00065150       _rgb_ycc_convert           00466150 f   lib:jccolor.obj
 0001:0006524f       _rgb_gray_convert          0046624f f   lib:jccolor.obj
 0001:000652d4       _cmyk_ycck_convert         004662d4 f   lib:jccolor.obj
 0001:0006540c       _grayscale_convert         0046640c f   lib:jccolor.obj
 0001:00065466       _null_convert              00466466 f   lib:jccolor.obj
 0001:000647d7       _null_method               004657d7 f   lib:jcsample.obj
 0001:000647d7       _start_pass_downsample     004657d7 f   lib:jcsample.obj
 0001:000647d8       _sep_downsample            004657d8 f   lib:jcsample.obj
 0001:0006484d       _int_downsample            0046584d f   lib:jcsample.obj
 0001:00064945       _expand_right_edge         00465945 f   lib:jcsample.obj
 0001:0006499a       _fullsize_downsample       0046599a f   lib:jcsample.obj
 0001:000649de       _h2v1_downsample           004659de f   lib:jcsample.obj
 0001:00064a72       _h2v2_downsample           00465a72 f   lib:jcsample.obj
 0001:00064b1f       _h2v2_smooth_downsample    00465b1f f   lib:jcsample.obj
 0001:00064d97       _fullsize_smooth_downsample 00465d97 f   lib:jcsample.obj
 0001:000641d3       _start_pass_prep           004651d3 f   lib:jcprepct.obj
 0001:00064211       _pre_process_data          00465211 f   lib:jcprepct.obj
 0001:000643bf       _pre_process_context       004653bf f   lib:jcprepct.obj
 0001:00064578       _create_context_buffer     00465578 f   lib:jcprepct.obj
 0001:0006404b       _start_pass_main           0046504b f   lib:jcmainct.obj
 0001:0006408d       _process_data_simple_main  0046508d f   lib:jcmainct.obj
 0001:00063621       _create_colormap           00464621 f   lib:jquant1.obj
 0001:00063753       _select_ncolors            00464753 f   lib:jquant1.obj
 0001:0006382a       _create_colorindex         0046482a f   lib:jquant1.obj
 0001:00063956       _alloc_fs_workspace        00464956 f   lib:jquant1.obj
 0001:00063992       _start_pass_1_quant        00464992 f   lib:jquant1.obj
 0001:00063a5e       _create_odither_tables     00464a5e f   lib:jquant1.obj
 0001:00063abd       _make_odither_array        00464abd f   lib:jquant1.obj
 0001:00063b20       _color_quantize            00464b20 f   lib:jquant1.obj
 0001:00063bab       _color_quantize3           00464bab f   lib:jquant1.obj
 0001:00063c39       _quantize_ord_dither       00464c39 f   lib:jquant1.obj
 0001:00063d24       _quantize3_ord_dither      00464d24 f   lib:jquant1.obj
 0001:00063e24       _quantize_fs_dither        00464e24 f   lib:jquant1.obj
 0001:000647d7       _finish_pass_1_quant       004657d7 f   lib:jcsample.obj
 0001:00063fa8       _new_color_map_1_quant     00464fa8 f   lib:jquant1.obj
 0001:000625e2       _init_error_limit          004635e2 f   lib:jquant2.obj
 0001:00062681       _start_pass_2_quant        00463681 f   lib:jquant2.obj
 0001:00062783       _prescan_quantize          00463783 f   lib:jquant2.obj
 0001:000627f2       _pass2_no_dither           004637f2 f   lib:jquant2.obj
 0001:0006289f       _fill_inverse_cmap         0046389f f   lib:jquant2.obj
 0001:0006296a       _find_nearby_colors        0046396a f   lib:jquant2.obj
 0001:00062b0e       _find_best_colors          00463b0e f   lib:jquant2.obj
 0001:00062c28       _pass2_fs_dither           00463c28 f   lib:jquant2.obj
 0001:00062e97       _finish_pass1              00463e97 f   lib:jquant2.obj
 0001:00062eb9       _select_colors             00463eb9 f   lib:jquant2.obj
 0001:00062f45       _update_box                00463f45 f   lib:jquant2.obj
 0001:000632df       _median_cut                004642df f   lib:jquant2.obj
 0001:000633f3       _find_biggest_color_pop    004643f3 f   lib:jquant2.obj
 0001:00063422       _find_biggest_volume       00464422 f   lib:jquant2.obj
 0001:0006344b       _compute_color             0046444b f   lib:jquant2.obj
 0001:000647d7       _finish_pass2              004657d7 f   lib:jcsample.obj
 0001:00063587       _new_color_map_2_quant     00464587 f   lib:jquant2.obj
 0001:00061ff9       _build_ycc_rgb_table       00462ff9 f   lib:jdmerge.obj
 0001:000620a9       _start_pass_merged_upsample 004630a9 f   lib:jdmerge.obj
 0001:000620be       _merged_2v_upsample        004630be f   lib:jdmerge.obj
 0001:00062165       _merged_1v_upsample        00463165 f   lib:jdmerge.obj
 0001:00062196       _h2v1_merged_upsample      00463196 f   lib:jdmerge.obj
 0001:000622ec       _h2v2_merged_upsample      004632ec f   lib:jdmerge.obj
 0001:00061b9d       _build_ycc_rgb_table       00462b9d f   lib:jdcolor.obj
 0001:00061c4d       _ycc_rgb_convert           00462c4d f   lib:jdcolor.obj
 0001:00061d5b       _null_convert              00462d5b f   lib:jdcolor.obj
 0001:00061dd3       _grayscale_convert         00462dd3 f   lib:jdcolor.obj
 0001:00061df6       _gray_rgb_convert          00462df6 f   lib:jdcolor.obj
 0001:00061e4f       _ycck_cmyk_convert         00462e4f f   lib:jdcolor.obj
 0001:000647d7       _start_pass_dcolor         004657d7 f   lib:jcsample.obj
 0001:000615fe       _start_pass_upsample       004625fe f   lib:jdsample.obj
 0001:00061618       _sep_upsample              00462618 f   lib:jdsample.obj
 0001:000616e5       _fullsize_upsample         004626e5 f   lib:jdsample.obj
 0001:000616f0       _noop_upsample             004626f0 f   lib:jdsample.obj
 0001:000616f8       _int_upsample              004626f8 f   lib:jdsample.obj
 0001:000617e2       _h2v1_upsample             004627e2 f   lib:jdsample.obj
 0001:00061839       _h2v2_upsample             00462839 f   lib:jdsample.obj
 0001:000618ab       _h2v1_fancy_upsample       004628ab f   lib:jdsample.obj
 0001:0006194e       _h2v2_fancy_upsample       0046294e f   lib:jdsample.obj
 0001:00061207       _start_pass_dpost          00462207 f   lib:jdpostct.obj
 0001:000612ad       _post_process_1pass        004622ad f   lib:jdpostct.obj
 0001:00061312       _post_process_prepass      00462312 f   lib:jdpostct.obj
 0001:000613a3       _post_process_2pass        004623a3 f   lib:jdpostct.obj
 0001:00060c0e       _alloc_funny_pointers      00461c0e f   lib:jdmainct.obj
 0001:00060cbb       _start_pass_main           00461cbb f   lib:jdmainct.obj
 0001:00060d23       _make_funny_pointers       00461d23 f   lib:jdmainct.obj
 0001:00060e63       _process_data_simple_main  00461e63 f   lib:jdmainct.obj
 0001:00060ecb       _process_data_context_main 00461ecb f   lib:jdmainct.obj
 0001:00060fdd       _set_wraparound_pointers   00461fdd f   lib:jdmainct.obj
 0001:000610c7       _set_bottom_pointers       004620c7 f   lib:jdmainct.obj
 0001:00061161       _process_data_crank_post   00462161 f   lib:jdmainct.obj
 0001:00060a6e       _read_backing_store        00461a6e f   lib:jmemansi.obj
 0001:00060ac9       _write_backing_store       00461ac9 f   lib:jmemansi.obj
 0001:00060b24       _close_backing_store       00461b24 f   lib:jmemansi.obj
 0001:0005f86d       _write_marker_header       0046086d f   lib:jcmarker.obj
 0001:0005f8c3       _emit_byte                 004608c3 f   lib:jcmarker.obj
 0001:0005f8f4       _write_marker_byte         004608f4 f   lib:jcmarker.obj
 0001:0005f904       _write_file_header         00460904 f   lib:jcmarker.obj
 0001:0005f950       _emit_jfif_app0            00460950 f   lib:jcmarker.obj
 0001:0005fa23       _emit_adobe_app14          00460a23 f   lib:jcmarker.obj
 0001:0005fac9       _write_frame_header        00460ac9 f   lib:jcmarker.obj
 0001:0005fba8       _emit_dqt                  00460ba8 f   lib:jcmarker.obj
 0001:0005fc97       _emit_sof                  00460c97 f   lib:jcmarker.obj
 0001:0005fd73       _write_scan_header         00460d73 f   lib:jcmarker.obj
 0001:0005fe33       _emit_dht                  00460e33 f   lib:jcmarker.obj
 0001:0005ff0c       _emit_dri                  00460f0c f   lib:jcmarker.obj
 0001:0005ff5b       _emit_sos                  00460f5b f   lib:jcmarker.obj
 0001:00060049       _write_file_trailer        00461049 f   lib:jcmarker.obj
 0001:00060069       _write_tables_only         00461069 f   lib:jcmarker.obj
 0001:0005f3c2       _use_merged_upsample       004603c2 f   lib:jdmaster.obj
 0001:0005f468       _master_selection          00460468 f   lib:jdmaster.obj
 0001:0005f5c5       _prepare_range_limit_table 004605c5 f   lib:jdmaster.obj
 0001:0005f64b       _prepare_for_output_pass   0046064b f   lib:jdmaster.obj
 0001:0005f76c       _finish_output_pass        0046076c f   lib:jdmaster.obj
 0001:0005e839       _alloc_small               0045f839 f   lib:jmemmgr.obj
 0001:0005e957       _alloc_large               0045f957 f   lib:jmemmgr.obj
 0001:0005ea08       _alloc_sarray              0045fa08 f   lib:jmemmgr.obj
 0001:0005eaa0       _alloc_barray              0045faa0 f   lib:jmemmgr.obj
 0001:0005eb44       _alloc_darray              0045fb44 f   lib:jmemmgr.obj
 0001:0005ebef       _request_virt_sarray       0045fbef f   lib:jmemmgr.obj
 0001:0005ec50       _request_virt_barray       0045fc50 f   lib:jmemmgr.obj
 0001:0005ecb1       _realize_virt_arrays       0045fcb1 f   lib:jmemmgr.obj
 0001:0005ee34       _access_virt_sarray        0045fe34 f   lib:jmemmgr.obj
 0001:0005ef54       _do_sarray_io              0045ff54 f   lib:jmemmgr.obj
 0001:0005efe4       _access_virt_barray        0045ffe4 f   lib:jmemmgr.obj
 0001:0005f109       _do_barray_io              00460109 f   lib:jmemmgr.obj
 0001:0005f19a       _free_pool                 0046019a f   lib:jmemmgr.obj
 0001:0005f281       _self_destruct             00460281 f   lib:jmemmgr.obj
 0001:0005e27b       _start_input_pass          0045f27b f   lib:jdinput.obj
 0001:0005e2a9       _per_scan_setup            0045f2a9 f   lib:jdinput.obj
 0001:0005e42f       _finish_input_pass         0045f42f f   lib:jdinput.obj
 0001:0005e440       _consume_markers           0045f440 f   lib:jdinput.obj
 0001:0005e4dc       _initial_setup             0045f4dc f   lib:jdinput.obj
 0001:0005e6e6       _reset_input_controller    0045f6e6 f   lib:jdinput.obj
 0001:0005e11e       _updatewindow              0045f11e f   lib:inflate.obj
 0001:0005cd01       _crc32_little              0045dd01 f   lib:crc32.obj
 0001:0005cc1e       _init_destination          0045dc1e f   lib:jdatadst.obj
 0001:0005cc44       _empty_output_buffer       0045dc44 f   lib:jdatadst.obj
 0001:0005cc86       _term_destination          0045dc86 f   lib:jdatadst.obj
 0001:0005c7a5       _std_huff_tables           0045d7a5 f   lib:jcparam.obj
 0001:0005c7ff       _add_huff_table            0045d7ff f   lib:jcparam.obj
 0001:0005ad01       _next_marker               0045bd01 f   lib:jdmarker.obj
 0001:0005ae3b       _get_interesting_appn      0045be3b f   lib:jdmarker.obj
 0001:0005af66       _examine_app0              0045bf66 f   lib:jdmarker.obj
 0001:0005b174       _examine_app14             0045c174 f   lib:jdmarker.obj
 0001:0005b235       _skip_variable             0045c235 f   lib:jdmarker.obj
 0001:0005b2d8       _read_markers              0045c2d8 f   lib:jdmarker.obj
 0001:0005b4e0       _get_soi                   0045c4e0 f   lib:jdmarker.obj
 0001:0005b58b       _get_sof                   0045c58b f   lib:jdmarker.obj
 0001:0005b894       _get_sos                   0045c894 f   lib:jdmarker.obj
 0001:0005bb82       _get_dht                   0045cb82 f   lib:jdmarker.obj
 0001:0005be23       _get_dqt                   0045ce23 f   lib:jdmarker.obj
 0001:0005c07f       _get_dri                   0045d07f f   lib:jdmarker.obj
 0001:0005c15e       _first_marker              0045d15e f   lib:jdmarker.obj
 0001:0005c1fa       _read_restart_marker       0045d1fa f   lib:jdmarker.obj
 0001:0005c278       _reset_marker_reader       0045d278 f   lib:jdmarker.obj
 0001:0005aae5       _output_pass_setup         0045bae5 f   lib:jdapistd.obj
 0001:0005a7d9       _default_decompress_parms  0045b7d9 f   lib:jdapimin.obj

 70 bytes saved through ICF

