 quake2

 Timestamp is 41976fa8 (Sun Nov 14 17:46:00 2004)

 Preferred load address is 00400000

 Start         Length     Name                   Class
 0001:00000000 0006fec0H .text                   CODE
 0002:00000000 00000304H .idata$5                DATA
 0002:00000308 0000342cH .rdata                  DATA
 0002:00003734 00000078H .idata$2                DATA
 0002:000037ac 00000014H .idata$3                DATA
 0002:000037c0 00000304H .idata$4                DATA
 0002:00003ac4 000009d8H .idata$6                DATA
 0002:0000449c 00000000H .edata                  DATA
 0003:00000000 00000004H .CRT$XCA                DATA
 0003:00000004 00000004H .CRT$XCZ                DATA
 0003:00000008 00000004H .CRT$XIA                DATA
 0003:0000000c 00000004H .CRT$XIZ                DATA
 0003:00000010 000131d4H .data                   DATA
 0003:000131e8 00b05310H .bss                    DATA
 0004:00000000 00000130H .rsrc$01                DATA
 0004:00000130 00003f20H .rsrc$02                DATA

  Address         Publics by Value              Rva+Base     Lib:Object

 0001:00000000       _CDAudio_Play2             00401000 f   cd_win.obj
 0001:000001e2       _CDAudio_Play              004011e2 f   cd_win.obj
 0001:000001f9       _CDAudio_Stop              004011f9 f   cd_win.obj
 0001:0000023e       _CDAudio_Pause             0040123e f   cd_win.obj
 0001:00000297       _CDAudio_Resume            00401297 f   cd_win.obj
 0001:00000306       _CDAudio_MessageHandler    00401306 f   cd_win.obj
 0001:0000039d       _CDAudio_Update            0040139d f   cd_win.obj
 0001:000003d1       _CDAudio_Init              004013d1 f   cd_win.obj
 0001:000007cf       _CDAudio_Shutdown          004017cf f   cd_win.obj
 0001:00000802       _CDAudio_Activate          00401802 f   cd_win.obj
 0001:00000813       _SCR_StopCinematic         00401813 f   cl_cin.obj
 0001:000008af       _SCR_FinishCinematic       004018af f   cl_cin.obj
 0001:000008f1       _SCR_RunCinematic          004018f1 f   cl_cin.obj
 0001:00000d0b       _SCR_DrawCinematic         00401d0b f   cl_cin.obj
 0001:00000d91       _SCR_PlayCinematic         00401d91 f   cl_cin.obj
 0001:000010e1       _CL_ParseEntityBits        004020e1 f   cl_ents.obj
 0001:00001143       _CL_ParseDelta             00402143 f   cl_ents.obj
 0001:000014e2       _CL_DeltaEntity            004024e2 f   cl_ents.obj
 0001:0000165f       _CL_ParsePacketEntities    0040265f f   cl_ents.obj
 0001:0000185e       _CL_ParsePlayerstate       0040285e f   cl_ents.obj
 0001:00001b6c       _CL_FireEntityEvents       00402b6c f   cl_ents.obj
 0001:00001bbe       _CL_ParseFrame             00402bbe f   cl_ents.obj
 0001:00001e9d       _CL_AddEntityBox           00402e9d f   cl_ents.obj
 0001:00001f8d       _CL_OffsetThirdPersonView  00402f8d f   cl_ents.obj
 0001:00002047       _CL_CalcViewValues         00403047 f   cl_ents.obj
 0001:00002354       _CL_AddEntities            00403354 f   cl_ents.obj
 0001:00003112       _CL_GetEntitySoundOrigin   00404112 f   cl_ents.obj
 0001:00003145       _CL_ClearLightStyles       00404145 f   cl_fx.obj
 0001:000031c9       _CL_RunLightStyles         004041c9 f   cl_fx.obj
 0001:00003266       _CL_SetLightstyle          00404266 f   cl_fx.obj
 0001:000032cd       _CL_AllocDlight            004042cd f   cl_fx.obj
 0001:0000333a       _CL_AddDLights             0040433a f   cl_fx.obj
 0001:0000339a       _CL_ClearParticles         0040439a f   cl_fx.obj
 0001:00003404       _CL_AllocParticleTrace     00404404 f   cl_fx.obj
 0001:000034a7       _CL_AllocParticleBeam      004044a7 f   cl_fx.obj
 0001:0000351a       _CL_AllocParticle          0040451a f   cl_fx.obj
 0001:00003568       _CL_UpdateParticles        00404568 f   cl_fx.obj
 0001:00003b5b       _CL_MetalSparks            00404b5b f   cl_fx.obj
 0001:00003c48       _CL_ParseMuzzleFlash       00404c48 f   cl_fx.obj
 0001:0000447f       _CL_ParseMuzzleFlash2      0040547f f   cl_fx.obj
 0001:00004b63       _CL_ParticleEffect         00405b63 f   cl_fx.obj
 0001:00004c32       _CL_ParticleEffect2        00405c32 f   cl_fx.obj
 0001:00004cfd       _CL_ParticleEffect3        00405cfd f   cl_fx.obj
 0001:00004dcd       _CL_TeleporterParticles    00405dcd f   cl_fx.obj
 0001:00004e84       _CL_LogoutEffect           00405e84 f   cl_fx.obj
 0001:00004f6f       _CL_ItemRespawnParticles   00405f6f f   cl_fx.obj
 0001:0000501e       _CL_ExplosionParticles     0040601e f   cl_fx.obj
 0001:000050c8       _CL_BigTeleportParticles   004060c8 f   cl_fx.obj
 0001:0000521f       _CL_BlasterParticles       0040621f f   cl_fx.obj
 0001:000052eb       _CL_BlasterTrail           004062eb f   cl_fx.obj
 0001:000053de       _CL_FlagTrail              004063de f   cl_fx.obj
 0001:000054de       _CL_DiminishingTrail       004064de f   cl_fx.obj
 0001:00005742       _CL_RocketTrail            00406742 f   cl_fx.obj
 0001:0000586f       _CL_RailTrail              0040686f f   cl_fx.obj
 0001:00005a95       _CL_RailTrailExt           00406a95 f   cl_fx.obj
 0001:00005b97       _CL_IonripperTrail         00406b97 f   cl_fx.obj
 0001:00005caa       _CL_BubbleTrail            00406caa f   cl_fx.obj
 0001:00005dc8       _CL_FlyParticles           00406dc8 f   cl_fx.obj
 0001:00005f67       _CL_FlyEffect              00406f67 f   cl_fx.obj
 0001:00005fea       _CL_BfgParticles           00406fea f   cl_fx.obj
 0001:000061c4       _CL_TrapParticles          004071c4 f   cl_fx.obj
 0001:00006447       _CL_BFGExplosionParticles  00407447 f   cl_fx.obj
 0001:000064f1       _CL_TeleportParticles      004074f1 f   cl_fx.obj
 0001:0000662a       _CL_EntityEvent            0040762a f   cl_fx.obj
 0001:00006808       _CL_ClearEffects           00407808 f   cl_fx.obj
 0001:00006826       _IN_CenterView             00407826 f   cl_input.obj
 0001:00006847       _CL_InitInput              00407847 f   cl_input.obj
 0001:00006d27       _CL_SendCmd                00407d27 f   cl_input.obj
 0001:00007422       _CL_ParseInventory         00408422 f   cl_inv.obj
 0001:00007442       _CL_DrawInventory          00408442 f   cl_inv.obj
 0001:00007698       _CL_WriteDemoMessage       00408698 f   cl_main.obj
 0001:000076da       _CL_Stop_f                 004086da f   cl_main.obj
 0001:00007735       _CL_Record_f               00408735 f   cl_main.obj
 0001:000079d8       _Cmd_ForwardToServer       004089d8 f   cl_main.obj
 0001:00007a44       _CL_Setenv_f               00408a44 f   cl_main.obj
 0001:00007b08       _CL_ForwardToServer_f      00408b08 f   cl_main.obj
 0001:00007b56       _CL_Pause                  00408b56 f   cl_main.obj
 0001:00007b96       _CL_Quit_f                 00408b96 f   cl_main.obj
 0001:00007ba0       _CL_Drop                   00408ba0 f   cl_main.obj
 0001:00007bbc       _CL_SendConnectPacket      00408bbc f   cl_main.obj
 0001:00007c93       _CL_CheckForResend         00408c93 f   cl_main.obj
 0001:00007d98       _CL_Connect_f              00408d98 f   cl_main.obj
 0001:00007e19       _CL_Rcon_f                 00408e19 f   cl_main.obj
 0001:00007f24       _CL_ClearState             00408f24 f   cl_main.obj
 0001:00007f63       _CL_Disconnect             00408f63 f   cl_main.obj
 0001:000080e9       _CL_Disconnect_f           004090e9 f   cl_main.obj
 0001:000080f5       _CL_Changing_f             004090f5 f   cl_main.obj
 0001:00008119       _CL_Reconnect_f            00409119 f   cl_main.obj
 0001:000081b5       _CL_PingServers_f          004091b5 f   cl_main.obj
 0001:0000831d       _CL_Skins_f                0040931d f   cl_main.obj
 0001:00008359       _CL_ConnectionlessPacket   00409359 f   cl_main.obj
 0001:000086b3       _CL_ReadPackets            004096b3 f   cl_main.obj
 0001:000087f8       _CL_FixUpGender            004097f8 f   cl_main.obj
 0001:000088a8       _CL_Userinfo_f             004098a8 f   cl_main.obj
 0001:000088c0       _CL_Snd_Restart_f          004098c0 f   cl_main.obj
 0001:000088cf       _CL_RequestNextDownload    004098cf f   cl_main.obj
 0001:00008f10       _CL_Precache_f             00409f10 f   cl_main.obj
 0001:00008f74       _CL_WriteConfiguration     00409f74 f   cl_main.obj
 0001:0000902f       _CL_WriteConfig_f          0040a02f f   cl_main.obj
 0001:0000908e       _CL_InitLocal              0040a08e f   cl_main.obj
 0001:000092c4       _CL_FixCvarCheats          0040a2c4 f   cl_main.obj
 0001:00009315       _CL_Frame                  0040a315 f   cl_main.obj
 0001:0000951b       _CL_Init                   0040a51b f   cl_main.obj
 0001:000095ab       _CL_Shutdown               0040a5ab f   cl_main.obj
 0001:000095f4       _CL_Flashlight             0040a5f4 f   cl_newfx.obj
 0001:0000962e       _CL_ColorFlash             0040a62e f   cl_newfx.obj
 0001:0000966a       _CL_DebugTrail             0040a66a f   cl_newfx.obj
 0001:0000974a       _CL_ForceWall              0040a74a f   cl_newfx.obj
 0001:00009871       _CL_BubbleTrail2           0040a871 f   cl_newfx.obj
 0001:0000999b       _CL_Heatbeam               0040a99b f   cl_newfx.obj
 0001:00009c4c       _CL_ParticleSteamEffect    0040ac4c f   cl_newfx.obj
 0001:00009d76       _CL_ParticleSteamEffect2   0040ad76 f   cl_newfx.obj
 0001:00009ead       _CL_TrackerTrail           0040aead f   cl_newfx.obj
 0001:0000a110       _CL_Tracker_Shell          0040b110 f   cl_newfx.obj
 0001:0000a199       _CL_MonsterPlasma_Shell    0040b199 f   cl_newfx.obj
 0001:0000a21f       _CL_Widowbeamout           0040b21f f   cl_newfx.obj
 0001:0000a2db       _CL_Nukeblast              0040b2db f   cl_newfx.obj
 0001:0000a397       _CL_WidowSplash            0040b397 f   cl_newfx.obj
 0001:0000a45f       _CL_TagTrail               0040b45f f   cl_newfx.obj
 0001:0000a55f       _CL_ColorExplosionParticles 0040b55f f   cl_newfx.obj
 0001:0000a60c       _CL_ParticleSmokeEffect    0040b60c f   cl_newfx.obj
 0001:0000a734       _CL_BlasterParticles2      0040b734 f   cl_newfx.obj
 0001:0000a801       _CL_BlasterTrail2          0040b801 f   cl_newfx.obj
 0001:0000a8f4       _CL_DownloadFileName       0040b8f4 f   cl_parse.obj
 0001:0000a933       _CL_CheckOrDownloadFile    0040b933 f   cl_parse.obj
 0001:0000ab6e       _CL_Download_f             0040bb6e f   cl_parse.obj
 0001:0000ac39       _CL_RegisterSounds         0040bc39 f   cl_parse.obj
 0001:0000ac78       _CL_ParseDownload          0040bc78 f   cl_parse.obj
 0001:0000ade5       _CL_ParseServerData        0040bde5 f   cl_parse.obj
 0001:0000aee6       _CL_ParseBaseline          0040bee6 f   cl_parse.obj
 0001:0000af2e       _CL_LoadClientinfo         0040bf2e f   cl_parse.obj
 0001:0000b218       _CL_ParseClientinfo        0040c218 f   cl_parse.obj
 0001:0000b23c       _CL_ParseConfigString      0040c23c f   cl_parse.obj
 0001:0000b3d6       _CL_ParseStartSoundPacket  0040c3d6 f   cl_parse.obj
 0001:0000b4d5       _CL_ParseServerMessage     0040c4d5 f   cl_parse.obj
 0001:0000b82b       _CL_CheckPredictionError   0040c82b f   cl_pred.obj
 0001:0000b9d1       _CL_EntityTrace            0040c9d1 f   cl_pred.obj
 0001:0000bd8d       _CL_Trace                  0040cd8d f   cl_pred.obj
 0001:0000be0f       _CL_PMpointcontents        0040ce0f f   cl_pred.obj
 0001:0000bf99       _CL_PredictMovement        0040cf99 f   cl_pred.obj
 0001:0000c33d       _CL_AddNetgraph            0040d33d f   cl_scrn.obj
 0001:0000c417       _SCR_DebugGraph            0040d417 f   cl_scrn.obj
 0001:0000c43f       _SCR_CenterPrint           0040d43f f   cl_scrn.obj
 0001:0000c543       _SCR_DrawCenterString      0040d543 f   cl_scrn.obj
 0001:0000c611       _SCR_Sky_f                 0040d611 f   cl_scrn.obj
 0001:0000c6bc       _SCR_Init                  0040d6bc f   cl_scrn.obj
 0001:0000c703       _SCR_SetLevelshot          0040d703 f   cl_scrn.obj
 0001:0000c78c       _SCR_SetLevelshot2         0040d78c f   cl_scrn.obj
 0001:0000c7e6       _SCR_ShowConsole           0040d7e6 f   cl_scrn.obj
 0001:0000c8c3       _SCR_BeginLoadingPlaque    0040d8c3 f   cl_scrn.obj
 0001:0000c952       _SCR_EndLoadingPlaque      0040d952 f   cl_scrn.obj
 0001:0000c9dd       _SCR_Loading_f             0040d9dd f   cl_scrn.obj
 0001:0000c9e2       _SCR_TimeRefresh_f         0040d9e2 f   cl_scrn.obj
 0001:0000cab9       _SCR_TileClear             0040dab9 f   cl_scrn.obj
 0001:0000cb5e       _DrawHUDString             0040db5e f   cl_scrn.obj
 0001:0000cc10       _SCR_DrawField             0040dc10 f   cl_scrn.obj
 0001:0000ccb7       _SCR_TouchPics             0040dcb7 f   cl_scrn.obj
 0001:0000cd4a       _SCR_ExecuteLayoutString   0040dd4a f   cl_scrn.obj
 0001:0000d50c       _SCR_UpdateScreen          0040e50c f   cl_scrn.obj
 0001:0000dcb5       _CL_RegisterTEntSounds     0040ecb5 f   cl_tent.obj
 0001:0000deed       _CL_RegisterTEntModels     0040eeed f   cl_tent.obj
 0001:0000e073       _CL_ClearTEnts             0040f073 f   cl_tent.obj
 0001:0000e0ba       _CL_AllocExplosion         0040f0ba f   cl_tent.obj
 0001:0000e158       _CL_AddExplosions          0040f158 f   cl_tent.obj
 0001:0000e32d       _CL_SmokeAndFlash          0040f32d f   cl_tent.obj
 0001:0000e375       _CL_ParseBeam              0040f375 f   cl_tent.obj
 0001:0000e454       _CL_ParseBeam2             0040f454 f   cl_tent.obj
 0001:0000e52b       _CL_ParsePlayerBeam        0040f52b f   cl_tent.obj
 0001:0000e639       _CL_ParseLightning         0040f639 f   cl_tent.obj
 0001:0000e705       _CL_ParseLaser             0040f705 f   cl_tent.obj
 0001:0000e781       _CL_ParseSteam             0040f781 f   cl_tent.obj
 0001:0000e892       _CL_ParseWidow             0040f892 f   cl_tent.obj
 0001:0000e8fe       _CL_ParseNuke              0040f8fe f   cl_tent.obj
 0001:0000e968       _CL_ParseTEnt              0040f968 f   cl_tent.obj
 0001:0000f78a       _CL_AddBeams               0041078a f   cl_tent.obj
 0001:0000facb       _CL_AddPlayerBeams         00410acb f   cl_tent.obj
 0001:000101c0       _CL_ProcessSustain         004111c0 f   cl_tent.obj
 0001:00010201       _CL_AddTEnts               00411201 f   cl_tent.obj
 0001:00010215       _V_AddEntity               00411215 f   cl_view.obj
 0001:00010244       _V_AddLight                00411244 f   cl_view.obj
 0001:00010289       _V_TestParticles           00411289 f   cl_view.obj
 0001:00010347       _V_TestEntities            00411347 f   cl_view.obj
 0001:000103e9       _V_TestLights              004113e9 f   cl_view.obj
 0001:000104bc       _CL_PrepRefresh            004114bc f   cl_view.obj
 0001:0001077d       _CalcFov                   0041177d f   cl_view.obj
 0001:000107f4       _SCR_DrawCrosshair         004117f4 f   cl_view.obj
 0001:00010869       _V_RenderView              00411869 f   cl_view.obj
 0001:00011418       _V_Init                    00412418 f   cl_view.obj
 0001:00011600       _Cbuf_Init                 00412600 f   cmd.obj
 0001:00011618       _Cbuf_AddText              00412618 f   cmd.obj
 0001:0001167d       _Cbuf_InsertText           0041267d f   cmd.obj
 0001:000116e4       _Cbuf_CopyToDefer          004126e4 f   cmd.obj
 0001:00011726       _Cbuf_InsertFromDefer      00412726 f   cmd.obj
 0001:0001174f       _Cbuf_Execute              0041274f f   cmd.obj
 0001:00011835       _Cmd_Exec_f                00412835 f   cmd.obj
 0001:000118ba       _Cmd_Echo_f                004128ba f   cmd.obj
 0001:000118fc       _Cmd_Alias_f               004128fc f   cmd.obj
 0001:00011a23       _Cmd_Unalias_f             00412a23 f   cmd.obj
 0001:00011aaf       _Cmd_WriteAliases          00412aaf f   cmd.obj
 0001:00011ae0       _Cmd_Argc                  00412ae0 f   cmd.obj
 0001:00011ae6       _Cmd_Argv                  00412ae6 f   cmd.obj
 0001:00011b00       _Cmd_Args                  00412b00 f   cmd.obj
 0001:00011b06       _Cmd_TokenizeString        00412b06 f   cmd.obj
 0001:00011de3       _Cmd_AddCommand            00412de3 f   cmd.obj
 0001:00011e39       _Cmd_RemoveCommand         00412e39 f   cmd.obj
 0001:00011e7b       _Cmd_ExecuteString         00412e7b f   cmd.obj
 0001:00011fe3       _Cmd_Init                  00412fe3 f   cmd.obj
 0001:00012103       _CMod_GetSurfMaterial      00413103 f   cmodel.obj
 0001:00012160       _CM_LoadMap                00413160 f   cmodel.obj
 0001:000127b2       _PlaneTypeForNormal        004137b2 f i cmodel.obj
 0001:00012923       _CM_InlineModel            00413923 f   cmodel.obj
 0001:0001296c       _CM_NumClusters            0041396c f   cmodel.obj
 0001:00012972       _CM_NumInlineModels        00413972 f   cmodel.obj
 0001:00012978       _CM_EntityString           00413978 f   cmodel.obj
 0001:0001297e       _CM_LeafContents           0041397e f   cmodel.obj
 0001:000129a5       _CM_LeafCluster            004139a5 f   cmodel.obj
 0001:00012a18       _CM_LeafArea               00413a18 f   cmodel.obj
 0001:00012a40       _CM_InitBoxHull            00413a40 f   cmodel.obj
 0001:00012bd0       _CM_HeadnodeForBox         00413bd0 f   cmodel.obj
 0001:00012c85       _CM_PointLeafnum           00413c85 f   cmodel.obj
 0001:00012d30       _DISTANCE_TO_PLANE         00413d30 f i cmodel.obj
 0001:00012d78       _CM_PointContents          00413d78 f   cmodel.obj
 0001:00012dee       _CM_TransformedPointContents 00413dee f   cmodel.obj
 0001:00012f27       _CM_TransformedPointContents2 00413f27 f   cmodel.obj
 0001:00013018       _CM_BoxLeafnums            00414018 f   cmodel.obj
 0001:00013137       _BOX_ON_PLANE_SIDE         00414137 f i cmodel.obj
 0001:000131bc       _CM_BoxTrace               004141bc f   cmodel.obj
 0001:00013c0c       _CM_TransformedBoxTrace    00414c0c f   cmodel.obj
 0001:00013edf       _CM_TransformedBoxTrace2   00414edf f   cmodel.obj
 0001:000140f4       _CM_BrushTrace             004150f4 f   cmodel.obj
 0001:00014513       _CM_RefineBrushTrace       00415513 f   cmodel.obj
 0001:000145b8       _CM_DecompressVis          004155b8 f   cmodel.obj
 0001:00014641       _CM_ClusterPVS             00415641 f   cmodel.obj
 0001:000146dd       _CM_ClusterPHS             004156dd f   cmodel.obj
 0001:00014779       _FloodAreaConnections      00415779 f   cmodel.obj
 0001:00014830       _CM_SetAreaPortalState     00415830 f   cmodel.obj
 0001:00014859       _CM_AreasConnected         00415859 f   cmodel.obj
 0001:000148a4       _CM_WriteAreaBits          004158a4 f   cmodel.obj
 0001:00014934       _CM_WritePortalState       00415934 f   cmodel.obj
 0001:0001494e       _CM_ReadPortalState        0041594e f   cmodel.obj
 0001:0001496c       _CM_HeadnodeVisible        0041596c f   cmodel.obj
 0001:00014a41       _Com_BeginRedirect         00415a41 f   common.obj
 0001:00014a7e       _Com_EndRedirect           00415a7e f   common.obj
 0001:00014aa9       _Com_Printf                00415aa9 f   common.obj
 0001:00014c5c       _Com_DPrintf               00415c5c f   common.obj
 0001:00014cd9       _DebugPrintf               00415cd9 f   common.obj
 0001:00014d86       _Com_WPrintf               00415d86 f   common.obj
 0001:00014de4       _Com_FatalError            00415de4 f   common.obj
 0001:00014e89       _Com_DropError             00415e89 f   common.obj
 0001:00014f0d       _appUnwindPrefix           00415f0d f   common.obj
 0001:00014f65       _appUnwindThrow            00415f65 f   common.obj
 0001:00014fed       _Com_ResetErrorState       00415fed f   common.obj
 0001:00015002       _Com_Quit                  00416002 f   common.obj
 0001:00015035       _MatchWildcard             00416035 f   common.obj
 0001:0001518b       _MatchWildcard2            0041618b f   common.obj
 0001:000151e0       _IPWildcard                004161e0 f   common.obj
 0001:000152bb       _Com_ServerState           004162bb f   common.obj
 0001:000152c1       _Com_SetServerState        004162c1 f   common.obj
 0001:000152cb       _MSG_WriteByte             004162cb f   common.obj
 0001:000152cb       _MSG_WriteChar             004162cb f   common.obj
 0001:000152df       _MSG_WriteShort            004162df f   common.obj
 0001:000152f9       _MSG_WriteLong             004162f9 f   common.obj
 0001:00015323       _MSG_WriteFloat            00416323 f   common.obj
 0001:00015349       _MSG_WriteString           00416349 f   common.obj
 0001:00015381       _MSG_WriteCoord            00416381 f   common.obj
 0001:000153b0       _MSG_WritePos              004163b0 f   common.obj
 0001:00015432       _MSG_WriteAngle            00416432 f   common.obj
 0001:0001545b       _MSG_WriteAngle16          0041645b f   common.obj
 0001:00015492       _MSG_WriteDeltaUsercmd     00416492 f   common.obj
 0001:0001561a       _MSG_WriteDir              0041661a f   common.obj
 0001:00015687       _MSG_ReadDir               00416687 f   common.obj
 0001:000156bc       _MSG_WriteDeltaEntity      004166bc f   common.obj
 0001:00015bc2       _MSG_BeginReading          00416bc2 f   common.obj
 0001:00015bcb       _MSG_ReadChar              00416bcb f   common.obj
 0001:00015bec       _MSG_ReadByte              00416bec f   common.obj
 0001:00015c0d       _MSG_ReadShort             00416c0d f   common.obj
 0001:00015c3d       _MSG_ReadLong              00416c3d f   common.obj
 0001:00015c7c       _MSG_ReadString            00416c7c f   common.obj
 0001:00015caf       _MSG_ReadCoord             00416caf f   common.obj
 0001:00015cc9       _MSG_ReadPos               00416cc9 f   common.obj
 0001:00015d1b       _MSG_ReadAngle             00416d1b f   common.obj
 0001:00015d35       _MSG_ReadAngle16           00416d35 f   common.obj
 0001:00015d4f       _MSG_ReadDeltaUsercmd      00416d4f f   common.obj
 0001:00015e06       _MSG_ReadData              00416e06 f   common.obj
 0001:00015e29       _SZ_Init                   00416e29 f   common.obj
 0001:00015e4b       _SZ_Clear                  00416e4b f   common.obj
 0001:00015e58       _SZ_GetSpace               00416e58 f   common.obj
 0001:00015eb5       _SZ_Write                  00416eb5 f   common.obj
 0001:00015ed6       _SZ_Insert                 00416ed6 f   common.obj
 0001:00015f29       _SZ_Print                  00416f29 f   common.obj
 0001:00015f72       _Info_Print                00416f72 f   common.obj
 0001:0001602f       _COM_BlockSequenceCRCByte  0041702f f   common.obj
 0001:000160bb       _frand                     004170bb f   common.obj
 0001:000160d8       _crand                     004170d8 f   common.obj
 0001:000160fb       _COM_CheckCmdlineVar       004170fb f   common.obj
 0001:00016151       _QCommon_Init              00417151 f   common.obj
 0001:00016528       _QCommon_Frame             00417528 f   common.obj
 0001:000167ff       _DrawStringCommon          004177ff f   console.obj
 0001:00016859       _DrawString                00417859 f   console.obj
 0001:00016879       _Con_ToggleConsole_f       00417879 f   console.obj
 0001:000168ab       _Con_ClearNotify           004178ab f   console.obj
 0001:000168bd       _Con_CheckResize           004178bd f   console.obj
 0001:000169e4       _Con_Print                 004179e4 f   console.obj
 0001:00016ce8       _Con_DrawNotify            00417ce8 f   console.obj
 0001:00016f2a       _Con_DrawConsole           00417f2a f   console.obj
 0001:000174f5       _Key_Console               004184f5 f   console.obj
 0001:00017a7f       _Key_Message               00418a7f f   console.obj
 0001:00017b1b       _Con_Init                  00418b1b f   console.obj
 0001:00017ce4       _CRC_Block                 00418ce4 f   crc.obj
 0001:00017d20       _Cvar_VariableValue        00418d20 f   cvar.obj
 0001:00017d8e       _Cvar_VariableInt          00418d8e f   cvar.obj
 0001:00017da1       _Cvar_VariableString       00418da1 f   cvar.obj
 0001:00017db9       _Cvar_Get                  00418db9 f   cvar.obj
 0001:00018055       _Cvar_GetVars              00419055 f   cvar.obj
 0001:000180a9       _Cvar_FullSet              004190a9 f   cvar.obj
 0001:00018106       _Cvar_SetValue             00419106 f   cvar.obj
 0001:00018367       _Cvar_SetInteger           00419367 f   cvar.obj
 0001:00018389       _Cvar_Set                  00419389 f   cvar.obj
 0001:0001839e       _Cvar_ForceSet             0041939e f   cvar.obj
 0001:000183b3       _Cvar_Clamp                004193b3 f   cvar.obj
 0001:0001843d       _Cvar_ClampName            0041943d f   cvar.obj
 0001:0001848e       _Cvar_GetLatchedVars       0041948e f   cvar.obj
 0001:000184bd       _Cvar_Command              004194bd f   cvar.obj
 0001:00018569       _Cvar_WriteVariables       00419569 f   cvar.obj
 0001:000185fc       _Cvar_BitInfo              004195fc f   cvar.obj
 0001:00018635       _Cvar_Userinfo             00419635 f   cvar.obj
 0001:0001863e       _Cvar_Serverinfo           0041963e f   cvar.obj
 0001:00018647       _Cvar_Cheats               00419647 f   cvar.obj
 0001:000186a0       _Cvar_Init                 004196a0 f   cvar.obj
 0001:00018d47       _FS_CreatePath             00419d47 f   files.obj
 0001:00018d91       _FS_CopyFile               00419d91 f   files.obj
 0001:00018e94       _FS_CopyFiles              00419e94 f   files.obj
 0001:00018f6d       _FS_RemoveFiles            00419f6d f   files.obj
 0001:00018fe1       _FS_FCloseFile             00419fe1 f   files.obj
 0001:00019073       _FS_FOpenFile              0041a073 f   files.obj
 0001:0001959b       _FS_FileExists             0041a59b f   files.obj
 0001:000197d7       _FS_Read                   0041a7d7 f   files.obj
 0001:00019a14       _FS_LoadFile               0041aa14 f   files.obj
 0001:00019a76       _FS_FreeFile               0041aa76 f   files.obj
 0001:00019a81       _FS_Gamedir                0041aa81 f   files.obj
 0001:00019a95       _FS_LoadGameConfig         0041aa95 f   files.obj
 0001:00019b5a       _FS_SetGamedir             0041ab5a f   files.obj
 0001:0001a1ff       _FS_ListFiles              0041b1ff f   files.obj
 0001:0001a50d       _FS_NextPath               0041b50d f   files.obj
 0001:0001a531       _FS_InitFilesystem         0041b531 f   files.obj
 0001:0001aefa       _LoadPCX                   0041befa f   images.obj
 0001:0001b02f       _LoadTGA                   0041c02f f   images.obj
 0001:0001b21e       _LoadJPG                   0041c21e f   images.obj
 0001:0001b4ac       _ImageExists               0041c4ac f   images.obj
 0001:0001b5a6       _WriteTGA                  0041c5a6 f   images.obj
 0001:0001b797       _WriteJPG                  0041c797 f   images.obj
 0001:0001b8bf       _IN_MLookDown              0041c8bf f   in_win.obj
 0001:0001b8ca       _IN_MLookUp                0041c8ca f   in_win.obj
 0001:0001b8ed       _IN_MouseEvent             0041c8ed f   in_win.obj
 0001:0001b957       _IN_Commands               0041c957 f   in_win.obj
 0001:0001ba86       _IN_Init                   0041ca86 f   in_win.obj
 0001:0001bd7a       _IN_Shutdown               0041cd7a f   in_win.obj
 0001:0001be5e       _IN_Move                   0041ce5e f   in_win.obj
 0001:0001c3b8       _IN_Activate               0041d3b8 f   in_win.obj
 0001:0001c3cf       _IN_Frame                  0041d3cf f   in_win.obj
 0001:0001c79b       _Key_KeynumToString        0041d79b f   keys.obj
 0001:0001c835       _CompleteCommand           0041d835 f   keys.obj
 0001:0001d1b6       _Key_SetBinding            0041e1b6 f   keys.obj
 0001:0001d1f4       _Key_FindBinding           0041e1f4 f   keys.obj
 0001:0001d242       _Key_WriteBindings         0041e242 f   keys.obj
 0001:0001d28a       _Key_Init                  0041e28a f   keys.obj
 0001:0001d5b6       _Key_Event                 0041e5b6 f   keys.obj
 0001:0001d907       _Key_ClearStates           0041e907 f   keys.obj
 0001:0001d93e       _Key_ClearTyping           0041e93e f   keys.obj
 0001:0001d957       _MD4Init                   0041e957 f   md4.obj
 0001:0001d97f       _MD4Update                 0041e97f f   md4.obj
 0001:0001da1d       _MD4Final                  0041ea1d f   md4.obj
 0001:0001e10e       _Com_BlockChecksum         0041f10e f   md4.obj
 0001:0001e14a       _Z_Free                    0041f14a f   memory.obj
 0001:0001e1a2       _Z_FreeTags                0041f1a2 f   memory.obj
 0001:0001e1d2       _Z_TagMalloc               0041f1d2 f   memory.obj
 0001:0001e241       _Z_Malloc                  0041f241 f   memory.obj
 0001:0001e263       _Z_BlockMalloc             0041f263 f   memory.obj
 0001:0001e27e       _CreateMemoryChain         0041f27e f   memory.obj
 0001:0001e2e4       _FreeMemoryChain           0041f2e4 f   memory.obj
 0001:0001e30e       _AllocChainBlock           0041f30e f   memory.obj
 0001:0001e359       _CopyString                0041f359 f   memory.obj
 0001:0001e380       _ChainCopyString           0041f380 f   memory.obj
 0001:0001e3a8       _AllocNamedStruc           0041f3a8 f   memory.obj
 0001:0001e3e6       _ChainAllocNamedStruc      0041f3e6 f   memory.obj
 0001:0001e425       _FindNamedStruc            0041f425 f   memory.obj
 0001:0001e469       _FindNamedStrucByIndex     0041f469 f   memory.obj
 0001:0001e480       _IndexOfNamedStruc         0041f480 f   memory.obj
 0001:0001e4ae       _AddToNamedList            0041f4ae f   memory.obj
 0001:0001e4f8       _ChainAddToNamedList       0041f4f8 f   memory.obj
 0001:0001e542       _FreeNamedList             0041f542 f   memory.obj
 0001:0001e55d       _Z_Init                    0041f55d f   memory.obj
 0001:0001e598       _M_PushMenu                0041f598 f   menu.obj
 0001:0001e62d       _M_ForceMenuOff            0041f62d f   menu.obj
 0001:0001e660       _M_ForceMenuOn             0041f660 f   menu.obj
 0001:0001e679       _M_PopMenu                 0041f679 f   menu.obj
 0001:0001e6ca       _Default_MenuKey           0041f6ca f   menu.obj
 0001:0001e7ea       _M_Print                   0041f7ea f   menu.obj
 0001:0001e830       _M_DrawTextBox             0041f830 f   menu.obj
 0001:0001ea1c       _M_Main_Draw               0041fa1c f   menu.obj
 0001:0001eba0       _M_Main_Key                0041fba0 f   menu.obj
 0001:0001ec9a       _M_Menu_Main_f             0041fc9a f   menu.obj
 0001:0001ecbb       _M_Menu_Multiplayer_f      0041fcbb f   menu.obj
 0001:0001ee93       _M_Menu_Keys_f             0041fe93 f   menu.obj
 0001:0001f312       _M_Menu_Options_f          00420312 f   menu.obj
 0001:0001fc1d       _M_Menu_Video_f            00420c1d f   menu.obj
 0001:0001fc3e       _M_Menu_Credits_f          00420c3e f   menu.obj
 0001:0001fe25       _M_Menu_Game_f             00420e25 f   menu.obj
 0001:00020098       _M_Menu_LoadGame_f         00421098 f   menu.obj
 0001:00020368       _M_Menu_SaveGame_f         00421368 f   menu.obj
 0001:000204c8       _M_AddToServerList         004214c8 f   menu.obj
 0001:0002053b       _M_Menu_JoinServer_f       0042153b f   menu.obj
 0001:000207a3       _M_Menu_StartServer_f      004217a3 f   menu.obj
 0001:00020fee       _M_Menu_DMOptions_f        00421fee f   menu.obj
 0001:0002178f       _M_Menu_DownloadOptions_f  0042278f f   menu.obj
 0001:00021a11       _M_Menu_AddressBook_f      00422a11 f   menu.obj
 0001:00022e02       _M_Init                    00423e02 f   menu.obj
 0001:00022f26       _M_Draw                    00423f26 f   menu.obj
 0001:00022fb0       _M_Keydown                 00423fb0 f   menu.obj
 0001:00022fcc       _LoadQ2BspFile             00423fcc f   model.obj
 0001:00023592       _LoadBspFile               00424592 f   model.obj
 0001:0002374a       _ProcessEntstring          0042474a f   model.obj
 0001:000245ba       _Netchan_Init              004255ba f   net_chan.obj
 0001:0002461a       _Netchan_OutOfBand         0042561a f   net_chan.obj
 0001:0002467a       _Netchan_OutOfBandPrint    0042567a f   net_chan.obj
 0001:000246bf       _Netchan_Setup             004256bf f   net_chan.obj
 0001:0002471c       _Netchan_NeedReliable      0042571c f   net_chan.obj
 0001:00024748       _Netchan_Transmit          00425748 f   net_chan.obj
 0001:000248ed       _Netchan_Process           004258ed f   net_chan.obj
 0001:00024a14       _NetadrToSockadr           00425a14 f   net_wins.obj
 0001:00024ab6       _SockadrToNetadr           00425ab6 f   net_wins.obj
 0001:00024b19       _NET_CompareAdr            00425b19 f   net_wins.obj
 0001:00024b7f       _NET_CompareBaseAdr        00425b7f f   net_wins.obj
 0001:00024bd8       _NET_AdrToString           00425bd8 f   net_wins.obj
 0001:00024c91       _NET_StringToSockaddr      00425c91 f   net_wins.obj
 0001:00024eca       _NET_StringToAdr           00425eca f   net_wins.obj
 0001:00024f23       _NET_IsLocalAddress        00425f23 f   net_wins.obj
 0001:00024f2f       _NET_GetLoopPacket         00425f2f f   net_wins.obj
 0001:00024fb6       _NET_SendLoopPacket        00425fb6 f   net_wins.obj
 0001:00025002       _NET_GetPacket             00426002 f   net_wins.obj
 0001:00025120       _NET_SendPacket            00426120 f   net_wins.obj
 0001:000251f8       _NET_IPSocket              004261f8 f   net_wins.obj
 0001:0002530e       _NET_OpenIP                0042630e f   net_wins.obj
 0001:0002538a       _NET_OpenIPX               0042638a f   net_wins.obj
 0001:000254e2       _NET_Config                004264e2 f   net_wins.obj
 0001:00025575       _NET_Init                  00426575 f   net_wins.obj
 0001:000255dc       _Pmove                     004265dc f   pmove.obj
 0001:00027372       _NormalizeColor            00428372 f   q_shared2.obj
 0001:000273d3       _NormalizeColor255         004283d3 f   q_shared2.obj
 0001:00027438       _Q_rsqrt                   00428438 f   q_shared2.obj
 0001:00027468       _RotatePointAroundVector   00428468 f   q_shared2.obj
 0001:000275d8       _AngleVectors              004285d8 f   q_shared2.obj
 0001:00027739       _ProjectPointOnPlane       00428739 f   q_shared2.obj
 0001:000277b8       _PerpendicularVector       004287b8 f   q_shared2.obj
 0001:00027837       _MakeNormalVectors         00428837 f   q_shared2.obj
 0001:0002789e       _MatrixMultiply            0042889e f   q_shared2.obj
 0001:00027985       _SetPlaneSignbits          00428985 f   q_shared2.obj
 0001:000279a8       _LerpAngle                 004289a8 f   q_shared2.obj
 0001:000279eb       _anglemod                  004289eb f   q_shared2.obj
 0001:00027a17       _BoxOnPlaneSide            00428a17 f   q_shared2.obj
 0001:00027b3a       _ClearBounds               00428b3a f   q_shared2.obj
 0001:00027b63       _AddPointToBounds          00428b63 f   q_shared2.obj
 0001:00027b9c       _VectorCompare             00428b9c f   q_shared2.obj
 0001:00027bca       _VectorNormalize           00428bca f   q_shared2.obj
 0001:00027c1e       _VectorNormalize2          00428c1e f   q_shared2.obj
 0001:00027c76       _VectorNormalizeFast       00428c76 f   q_shared2.obj
 0001:00027cc7       _CrossProduct              00428cc7 f   q_shared2.obj
 0001:00027d02       _VectorLength              00428d02 f   q_shared2.obj
 0001:00027d31       _VectorDistance            00428d31 f   q_shared2.obj
 0001:00027d62       _VectorInverse             00428d62 f   q_shared2.obj
 0001:00027d7d       _VectorScale               00428d7d f   q_shared2.obj
 0001:00027da1       _AnglesToAxis              00428da1 f   q_shared2.obj
 0001:00027ddf       _COM_FilePath              00428ddf f   q_shared2.obj
 0001:00027e15       _ShortSwap                 00428e15 f   q_shared2.obj
 0001:00027e2a       _va                        00428e2a f   q_shared2.obj
 0001:00027e77       _COM_ParseExt              00428e77 f   q_shared2.obj
 0001:00027f80       _COM_QuoteString           00428f80 f   q_shared2.obj
 0001:00027fdb       _Com_PageInMemory          00428fdb f   q_shared2.obj
 0001:00027ffa       _Q_stricmp                 00428ffa f   q_shared2.obj
 0001:0002800b       _Q_strncasecmp             0042900b f   q_shared2.obj
 0001:00028063       _Q_strcasecmp              00429063 f   q_shared2.obj
 0001:00028079       _Q_strncpyz                00429079 f   q_shared2.obj
 0001:0002809d       _Q_strncpylower            0042909d f   q_shared2.obj
 0001:000280d7       _Q_CopyFilename            004290d7 f   q_shared2.obj
 0001:00028173       _Com_sprintf               00429173 f   q_shared2.obj
 0001:000281b9       _Info_ValueForKey          004291b9 f   q_shared2.obj
 0001:00028244       _Info_RemoveKey            00429244 f   q_shared2.obj
 0001:000282ca       _Info_SetValueForKey       004292ca f   q_shared2.obj
 0001:00028408       _Menu_ItemAtCursor         00429408 f   qmenu.obj
 0001:0002845f       _Field_Key                 0042945f f   qmenu.obj
 0001:000286cf       _Menu_AddItem              004296cf f   qmenu.obj
 0001:0002874a       _Menu_AdjustCursor         0042974a f   qmenu.obj
 0001:00028895       _Menu_Center               00429895 f   qmenu.obj
 0001:000288d5       _Menu_DrawDotsItem         004298d5 f   qmenu.obj
 0001:00028914       _Menu_Draw                 00429914 f   qmenu.obj
 0001:00028e2f       _Menu_SelectItem           00429e2f f   qmenu.obj
 0001:00028e63       _Menu_SetStatusBar         00429e63 f   qmenu.obj
 0001:00028e6f       _Menu_SlideItem            00429e6f f   qmenu.obj
 0001:00029386       _S_SoundInfo_f             0042a386 f   snd_dma.obj
 0001:00029410       _S_ReadModelsSex           0042a410 f   snd_dma.obj
 0001:000294f8       _S_IsFemale                0042a4f8 f   snd_dma.obj
 0001:00029586       _S_Init                    0042a586 f   snd_dma.obj
 0001:00029659       _S_Shutdown                0042a659 f   snd_dma.obj
 0001:000296e3       _S_FindName                0042a6e3 f   snd_dma.obj
 0001:000297c5       _S_AliasName               0042a7c5 f   snd_dma.obj
 0001:0002984e       _S_BeginRegistration       0042a84e f   snd_dma.obj
 0001:0002985f       _S_RegisterSound           0042a85f f   snd_dma.obj
 0001:000298c5       _S_EndRegistration         0042a8c5 f   snd_dma.obj
 0001:00029958       _S_PickChannel             0042a958 f   snd_dma.obj
 0001:000299ec       _S_SpatializeOrigin        0042a9ec f   snd_dma.obj
 0001:00029b13       _S_Spatialize              0042ab13 f   snd_dma.obj
 0001:00029b84       _S_AllocPlaysound          0042ab84 f   snd_dma.obj
 0001:00029ba3       _S_FreePlaysound           0042aba3 f   snd_dma.obj
 0001:00029bd3       _S_IssuePlaysound          0042abd3 f   snd_dma.obj
 0001:00029ca0       _S_RegisterSexedSound      0042aca0 f   snd_dma.obj
 0001:00029d84       _S_StartSound              0042ad84 f   snd_dma.obj
 0001:00029f53       _S_StartLocalSound         0042af53 f   snd_dma.obj
 0001:00029fa2       _S_ClearBuffer             0042afa2 f   snd_dma.obj
 0001:00029ffa       _S_StopAllSounds           0042affa f   snd_dma.obj
 0001:0002a075       _S_AddLoopSounds           0042b075 f   snd_dma.obj
 0001:0002a247       _S_RawSamples              0042b247 f   snd_dma.obj
 0001:0002a44b       _S_Update                  0042b44b f   snd_dma.obj
 0001:0002a546       _GetSoundtime              0042b546 f   snd_dma.obj
 0001:0002a5ad       _S_Update_                 0042b5ad f   snd_dma.obj
 0001:0002a653       _S_Play                    0042b653 f   snd_dma.obj
 0001:0002a7c4       _ResampleSfx               0042b7c4 f   snd_mem.obj
 0001:0002a8dc       _S_LoadSound               0042b8dc f   snd_mem.obj
 0001:0002aa05       _FindNextChunk             0042ba05 f   snd_mem.obj
 0001:0002aa8f       _GetWavinfo                0042ba8f f   snd_mem.obj
 0001:0002ac7c       _S_WriteLinearBlastStereo16 0042bc7c f   snd_mix.obj
 0001:0002acf0       _S_TransferStereo16        0042bcf0 f   snd_mix.obj
 0001:0002ad59       _S_TransferPaintBuffer     0042bd59 f   snd_mix.obj
 0001:0002aeb5       _S_PaintChannels           0042beb5 f   snd_mix.obj
 0001:0002b0e2       _S_InitScaletable          0042c0e2 f   snd_mix.obj
 0001:0002b136       _S_PaintChannelFrom8       0042c136 f   snd_mix.obj
 0001:0002b238       _S_PaintChannelFrom16      0042c238 f   snd_mix.obj
 0001:0002b2a3       _FreeSound                 0042c2a3 f   snd_win.obj
 0001:0002b3b3       _SNDDMA_InitDirect         0042c3b3 f   snd_win.obj
 0001:0002b885       _SNDDMA_Init               0042c885 f   snd_win.obj
 0001:0002b901       _SNDDMA_GetDMAPos          0042c901 f   snd_win.obj
 0001:0002b94b       _SNDDMA_BeginPainting      0042c94b f   snd_win.obj
 0001:0002ba4d       _SNDDMA_Submit             0042ca4d f   snd_win.obj
 0001:0002ba72       _SNDDMA_Shutdown           0042ca72 f   snd_win.obj
 0001:0002ba77       _S_Activate                0042ca77 f   snd_win.obj
 0001:0002baa2       _SV_SetMaster_f            0042caa2 f   sv_ccmds.obj
 0001:0002bbb4       _SV_WipeSavegame           0042cbb4 f   sv_ccmds.obj
 0001:0002bbe2       _SV_CopySaveGame           0042cbe2 f   sv_ccmds.obj
 0001:0002bc37       _SV_WriteLevelFile         0042cc37 f   sv_ccmds.obj
 0001:0002bce5       _SV_ReadLevelFile          0042cce5 f   sv_ccmds.obj
 0001:0002bd93       _SV_WriteServerFile        0042cd93 f   sv_ccmds.obj
 0001:0002bfcf       _SV_ReadServerFile         0042cfcf f   sv_ccmds.obj
 0001:0002c0f4       _SV_DemoMap_f              0042d0f4 f   sv_ccmds.obj
 0001:0002c17e       _SV_GameMap_f              0042d17e f   sv_ccmds.obj
 0001:0002c2f0       _SV_Map_f                  0042d2f0 f   sv_ccmds.obj
 0001:0002c35d       _SV_Loadgame_f             0042d35d f   sv_ccmds.obj
 0001:0002c462       _SV_Savegame_f             0042d462 f   sv_ccmds.obj
 0001:0002c567       _SV_AddressBanned          0042d567 f   sv_ccmds.obj
 0001:0002c5a9       _SV_InitOperatorCommands   0042d5a9 f   sv_ccmds.obj
 0001:0002cf48       _SV_WritePlayerstateToClient 0042df48 f   sv_ents.obj
 0001:0002d46c       _SV_WriteFrameToClient     0042e46c f   sv_ents.obj
 0001:0002d696       _SV_FatPVS                 0042e696 f   sv_ents.obj
 0001:0002d7c0       _SV_BuildClientFrame       0042e7c0 f   sv_ents.obj
 0001:0002dad0       _SV_RecordDemoMessage      0042ead0 f   sv_ents.obj
 0001:0002e469       _SV_InitGameProgs          0042f469 f   sv_game.obj
 0001:0002e51c       _SV_ShutdownGameProgs      0042f51c f   sv_game.obj
 0001:0002e585       _SV_FindIndex              0042f585 f   sv_init.obj
 0001:0002e688       _SV_ModelIndex             0042f688 f   sv_init.obj
 0001:0002e69e       _SV_SoundIndex             0042f69e f   sv_init.obj
 0001:0002e6b7       _SV_ImageIndex             0042f6b7 f   sv_init.obj
 0001:0002e6d0       _SV_CreateBaseline         0042f6d0 f   sv_init.obj
 0001:0002e72e       _SV_CheckForSavegame       0042f72e f   sv_init.obj
 0001:0002e7b6       _SV_SpawnServer            0042f7b6 f   sv_init.obj
 0001:0002ea88       _SV_InitGame               0042fa88 f   sv_init.obj
 0001:0002ecc5       _SV_Map                    0042fcc5 f   sv_init.obj
 0001:0002ee8d       _SV_DropClient             0042fe8d f   sv_main.obj
 0001:0002ef02       _SV_StatusString           0042ff02 f   sv_main.obj
 0001:0002efe1       _SVC_Info                  0042ffe1 f   sv_main.obj
 0001:0002f0b7       _SVC_GetChallenge          004300b7 f   sv_main.obj
 0001:0002f15f       _SVC_DirectConnect         0043015f f   sv_main.obj
 0001:0002f5cb       _Rcon_Validate             004305cb f   sv_main.obj
 0001:0002f5fc       _SVC_RemoteCommand         004305fc f   sv_main.obj
 0001:0002f6ce       _SV_ConnectionlessPacket   004306ce f   sv_main.obj
 0001:0002f830       _SV_CalcPings              00430830 f   sv_main.obj
 0001:0002f8b7       _SV_GiveMsec               004308b7 f   sv_main.obj
 0001:0002f8f6       _SV_ReadPackets            004308f6 f   sv_main.obj
 0001:0002fa40       _SV_CheckTimeouts          00430a40 f   sv_main.obj
 0001:0002fb00       _SV_PostprocessFrame       00430b00 f   sv_main.obj
 0001:0002ffd6       _SV_MulticastHook          00430fd6 f   sv_main.obj
 0001:000303ef       _SV_TraceHook              004313ef f   sv_main.obj
 0001:0003056a       _SV_Frame                  0043156a f   sv_main.obj
 0001:00030803       _SV_UserinfoChanged        00431803 f   sv_main.obj
 0001:000308c7       _SV_Init                   004318c7 f   sv_main.obj
 0001:0003093e       _SV_Shutdown               0043193e f   sv_main.obj
 0001:00030b42       _SV_FlushRedirect          00431b42 f   sv_send.obj
 0001:00030bb4       _SV_ClientPrintf           00431bb4 f   sv_send.obj
 0001:00030c0f       _SV_BroadcastPrintf        00431c0f f   sv_send.obj
 0001:00030ce5       _SV_BroadcastCommand       00431ce5 f   sv_send.obj
 0001:00030d3c       _SV_Multicast              00431d3c f   sv_send.obj
 0001:00030f81       _SV_MulticastOld           00431f81 f   sv_send.obj
 0001:00030f94       _SV_StartSound             00431f94 f   sv_send.obj
 0001:00031259       _SV_StartSoundOld          00432259 f   sv_send.obj
 0001:00031289       _SV_StartSoundNew          00432289 f   sv_send.obj
 0001:000312b9       _SV_SendClientDatagram     004322b9 f   sv_send.obj
 0001:0003138d       _SV_DemoCompleted          0043238d f   sv_send.obj
 0001:000313a9       _SV_RateDrop               004323a9 f   sv_send.obj
 0001:000313f4       _SV_SendClientMessages     004323f4 f   sv_send.obj
 0001:00031543       _SV_BeginDemoserver        00432543 f   sv_user.obj
 0001:00031590       _SV_New_f                  00432590 f   sv_user.obj
 0001:00031705       _SV_Configstrings_f        00432705 f   sv_user.obj
 0001:0003185f       _SV_Baselines_f            0043285f f   sv_user.obj
 0001:000319d3       _SV_Begin_f                004329d3 f   sv_user.obj
 0001:00031a30       _SV_NextDownload_f         00432a30 f   sv_user.obj
 0001:00031b04       _SV_BeginDownload_f        00432b04 f   sv_user.obj
 0001:00031d1c       _SV_Disconnect_f           00432d1c f   sv_user.obj
 0001:00031d2c       _SV_ShowServerinfo_f       00432d2c f   sv_user.obj
 0001:00031d39       _SV_Nextserver             00432d39 f   sv_user.obj
 0001:00031d83       _SV_Nextserver_f           00432d83 f   sv_user.obj
 0001:00031dca       _SV_ExecuteUserCommand     00432dca f   sv_user.obj
 0001:00031eb8       _SV_ClientThink            00432eb8 f   sv_user.obj
 0001:00031efb       _SV_ExecuteClientMessage   00432efb f   sv_user.obj
 0001:0003211c       _SV_ClearWorld             0043311c f   sv_world.obj
 0001:00032270       _SV_UnlinkEdict            00433270 f   sv_world.obj
 0001:0003232c       _SV_LinkEdict              0043332c f   sv_world.obj
 0001:0003298a       _SV_AreaEdicts             0043398a f   sv_world.obj
 0001:00032b3b       _SV_PointContents          00433b3b f   sv_world.obj
 0001:00032c61       _SV_ClipMoveToEntities     00433c61 f   sv_world.obj
 0001:00033041       _SV_Trace                  00434041 f   sv_world.obj
 0001:000330fd       _Sys_Quit                  004340fd f   sys_win.obj
 0001:000331cd       _Sys_Error                 004341cd f   sys_win.obj
 0001:00033221       _osAddressInfo             00434221 f   sys_win.obj
 0001:000332b5       _osModuleInfo              004342b5 f   sys_win.obj
 0001:00033450       _appSymbolName2            00434450 f   sys_win.obj
 0001:000334d0       _appSymbolName             004344d0 f   sys_win.obj
 0001:00033502       _win32ExceptFilter         00434502 f   sys_win.obj
 0001:00033ad0       _win32ExceptFilter2        00434ad0 f   sys_win.obj
 0001:00033adc       _Sys_Init                  00434adc f   sys_win.obj
 0001:00033e64       _Sys_ConsoleInput          00434e64 f   sys_win.obj
 0001:00034115       _Sys_ConsoleOutput         00435115 f   sys_win.obj
 0001:000341a3       _Sys_SendKeyEvents         004351a3 f   sys_win.obj
 0001:0003420c       _Sys_GetClipboardData      0043520c f   sys_win.obj
 0001:00034265       _Sys_UnloadGame            00435265 f   sys_win.obj
 0001:00034288       _Sys_GetGameAPI            00435288 f   sys_win.obj
 0001:00034372       _WinMain@16                00435372 f   sys_win.obj
 0001:000345a9       _Vid_CreateWindow          004355a9 f   vid_dll.obj
 0001:00034d8d       _Vid_DestroyWindow         00435d8d f   vid_dll.obj
 0001:00034dc8       _Vid_GetModeInfo           00435dc8 f   vid_dll.obj
 0001:00034df7       _Vid_UpdateWindowPosAndSize 00435df7 f   vid_dll.obj
 0001:00034e5e       _Vid_FreeReflib            00435e5e f   vid_dll.obj
 0001:00034e9d       _Vid_CheckChanges          00435e9d f   vid_dll.obj
 0001:00035290       _Vid_Init                  00436290 f   vid_dll.obj
 0001:0003534f       _Vid_Shutdown              0043634f f   vid_dll.obj
 0001:0003537d       _Vid_MenuInit              0043637d f   vid_menu.obj
 0001:00035bdd       _Vid_MenuDraw              00436bdd f   vid_menu.obj
 0001:00035c71       _Vid_MenuKey               00436c71 f   vid_menu.obj
 0001:00035fcb       _Zip_OpenArchive           00436fcb f   zip.obj
 0001:00036036       _Zip_CloseArchive          00437036 f   zip.obj
 0001:00036042       _Zip_EnumArchive           00437042 f   zip.obj
 0001:00036223       _Zip_OpenFile              00437223 f   zip.obj
 0001:00036332       _Zip_ReadFile              00437332 f   zip.obj
 0001:00036429       _Zip_CloseFile             00437429 f   zip.obj
 0001:00036471       _Zip_OpenBuf               00437471 f   zip.obj
 0001:000364c4       _Zip_ReadBuf               004374c4 f   zip.obj
 0001:0003650c       _Zip_CloseBuf              0043750c f   zip.obj
 0001:00036522       _GL_BackEnd                00437522 f   gl_backend.obj
 0001:00039a4e       _GL_InitBackend            0043aa4e f   gl_backend.obj
 0001:00039a91       _GL_ShutdownBackend        0043aa91 f   gl_backend.obj
 0001:00039aa5       _GL_AllocDynamicMemory     0043aaa5 f   gl_buffers.obj
 0001:00039b05       _GL_ResizeDynamicMemory    0043ab05 f   gl_buffers.obj
 0001:00039b50       _GL_AddSurfaceToPortal     0043ab50 f   gl_buffers.obj
 0001:00039bb3       _GL_AddDynamicSurface      0043abb3 f   gl_buffers.obj
 0001:00039bdb       _GL_InsertShaderIndex      0043abdb f   gl_buffers.obj
 0001:00039c0e       _GL_ClearPortal            0043ac0e f   gl_buffers.obj
 0001:00039c2a       _GL_FinishPortal           0043ac2a f   gl_buffers.obj
 0001:00039c7b       _GL_SortSurfaces           0043ac7b f   gl_buffers.obj
 0001:00039e16       _GL_ClearBuffers           0043ae16 f   gl_buffers.obj
 0001:00039e2d       _GL_AddEntity              0043ae2d f   gl_frontend.obj
 0001:0003a2a1       _GL_AddDlight              0043b2a1 f   gl_frontend.obj
 0001:0003a459       _GL_DrawPortal             0043b459 f   gl_frontend.obj
 0001:0003cf7e       _GL_TextureMode            0043df7e f   gl_image.obj
 0001:0003d025       _GL_CreateImage            0043e025 f   gl_image.obj
 0001:0003ddf5       _GL_SetRawPalette          0043edf5 f   gl_image.obj
 0001:0003de26       _GL_DrawStretchRaw8        0043ee26 f   gl_image.obj
 0001:0003e452       _GL_SetupGamma             0043f452 f   gl_image.obj
 0001:0003e595       _GL_PerformScreenshot      0043f595 f   gl_image.obj
 0001:0003e81e       _GL_InitImages             0043f81e f   gl_image.obj
 0001:0003ee0c       _GL_ShutdownImages         0043fe0c f   gl_image.obj
 0001:0003ee73       _GL_LoadDelayedImages      0043fe73 f   gl_image.obj
 0001:0003eef0       _GL_ShowImages             0043fef0 f   gl_image.obj
 0001:0003f178       _GL_FindImage              00440178 f   gl_image.obj
 0001:0003f533       _GL_Lock                   00440533 f   gl_interface.obj
 0001:0003f5c3       _GL_Unlock                 004405c3 f   gl_interface.obj
 0001:0003f785       _GL_Bind                   00440785 f   gl_interface.obj
 0001:0003f8af       _GL_BindForce              004408af f   gl_interface.obj
 0001:0003f92d       _GL_TexEnv                 0044092d f   gl_interface.obj
 0001:0003faac       _GL_TexMipBias             00440aac f   gl_interface.obj
 0001:0003fb07       _GL_TexEnvColor            00440b07 f   gl_interface.obj
 0001:0003fbb7       _GL_SelectTexture          00440bb7 f   gl_interface.obj
 0001:0003fc18       _GL_TexCoordPointer        00440c18 f   gl_interface.obj
 0001:0003fc48       _GL_SetMultitexture        00440c48 f   gl_interface.obj
 0001:0003fd3a       _GL_DisableTexCoordArrays  00440d3a f   gl_interface.obj
 0001:0003fd93       _GL_CullFace               00440d93 f   gl_interface.obj
 0001:0003fde4       _GL_DepthRange             00440de4 f   gl_interface.obj
 0001:0003fe17       _GL_State                  00440e17 f   gl_interface.obj
 0001:0003ff70       _GL_EnableFog              00440f70 f   gl_interface.obj
 0001:00040070       _GL_SetDefaultState        00441070 f   gl_interface.obj
 0001:000401be       _GL_Set2DMode              004411be f   gl_interface.obj
 0001:000402b9       _GL_Setup                  004412b9 f   gl_interface.obj
 0001:000403c5       _GL_ShowLights             004413c5 f   gl_light.obj
 0001:000407ea       _GL_LightForEntity         004417ea f   gl_light.obj
 0001:00041a63       _GL_DiffuseLight           00442a63 f   gl_light.obj
 0001:00041bdb       _GL_InitLightGrid          00442bdb f   gl_light.obj
 0001:00041c77       _GL_PostLoadLights         00442c77 f   gl_light.obj
 0001:00041f15       _LM_Init                   00442f15 f   gl_lightmap.obj
 0001:00041f2b       _LM_Flush                  00442f2b f   gl_lightmap.obj
 0001:00041f88       _LM_Done                   00442f88 f   gl_lightmap.obj
 0001:00041faf       _LM_Save                   00442faf f   gl_lightmap.obj
 0001:00041fc9       _LM_Restore                00442fc9 f   gl_lightmap.obj
 0001:00041fe3       _LM_NewBlock               00442fe3 f   gl_lightmap.obj
 0001:0004205d       _LM_Rewind                 0044305d f   gl_lightmap.obj
 0001:00042065       _LM_NextBlock              00443065 f   gl_lightmap.obj
 0001:00042092       _LM_CheckMinlight          00443092 f   gl_lightmap.obj
 0001:00042128       _LM_AllocBlock             00443128 f   gl_lightmap.obj
 0001:000421df       _LM_PutBlock               004431df f   gl_lightmap.obj
 0001:00042619       _LM_SortLightStyles        00443619 f   gl_lightmap.obj
 0001:000426aa       _GL_UpdateDynamicLightmap  004436aa f   gl_lightmap.obj
 0001:00042ba1       _LM_IsMonotone             00443ba1 f   gl_lightmap.obj
 0001:00042ca8       _GL_EnableRendering        00443ca8 f   gl_main.obj
 0001:00042cc3       _DrawTextLeft              00443cc3 f   gl_main.obj
 0001:00042d8d       _DrawTextRight             00443d8d f   gl_main.obj
 0001:00042dcb       _DrawText3D                00443dcb f   gl_main.obj
 0001:00042e43       _GL_GetRefAPI              00443e43 f   gl_main.obj
 0001:000447ae       _GL_InitFuncTables         004457ae f   gl_math.obj
 0001:0004495f       _ModelToWorldCoord         0044595f f   gl_math.obj
 0001:000449d0       _WorldToModelCoord         004459d0 f   gl_math.obj
 0001:00044a17       _BuildRotationMatrix       00445a17 f   gl_math.obj
 0001:00044b11       _GetBoxRect                00445b11 f   gl_math.obj
 0001:00044e82       _ProjectToScreen           00445e82 f   gl_math.obj
 0001:00044fc5       _SaturateColor3f           00445fc5 f   gl_math.obj
 0001:000450b5       _SaturateColor4b           004460b5 f   gl_math.obj
 0001:000451c3       _GL_FindModel              004461c3 f   gl_model.obj
 0001:00045341       _GL_LoadWorldMap           00446341 f   gl_model.obj
 0001:00046ee4       _GL_PointInLeaf            00447ee4 f   gl_model.obj
 0001:000478f1       _ATAN2_FUNC                004488f1 f i gl_model.obj
 0001:00047a9c       _GL_FindSkin               00448a9c f   gl_model.obj
 0001:00047bfb       _GL_ResetModels            00448bfb f   gl_model.obj
 0001:00047ccf       _GL_InitModels             00448ccf f   gl_model.obj
 0001:00047d63       _GL_ShutdownModels         00448d63 f   gl_model.obj
 0001:00047d79       _SubdividePlane            00448d79 f   gl_poly.obj
 0001:000481cc       _FreeSubdividedPlane       004491cc f   gl_poly.obj
 0001:000481e4       _GetSubdivideIndexes       004491e4 f   gl_poly.obj
 0001:00048237       _RemoveCollinearPoints     00449237 f   gl_poly.obj
 0001:0004834b       _GetPolyArea               0044934b f   gl_poly.obj
 0001:000483df       _GL_InitShaders            004493df f   gl_shader.obj
 0001:0004852b       _GL_ShutdownShaders        0044952b f   gl_shader.obj
 0001:00048555       _GL_SetShaderLightmap      00449555 f   gl_shader.obj
 0001:00048957       _GL_SetShaderLightstyles   00449957 f   gl_shader.obj
 0001:000489f3       _GL_GetAlphaShader         004499f3 f   gl_shader.obj
 0001:00048cad       _GL_FindShader             00449cad f   gl_shader.obj
 0001:000492e6       _GL_GetShaderByNum         0044a2e6 f   gl_shader.obj
 0001:00049304       _GL_ResetShaders           0044a304 f   gl_shader.obj
 0001:00049792       _GL_ClearSkyBox            0044a792 f   gl_sky.obj
 0001:000497b5       _GL_SetSkyRotate           0044a7b5 f   gl_sky.obj
 0001:000497ed       _GL_SkyVisible             0044a7ed f   gl_sky.obj
 0001:00049806       _GL_AddSkySurface          0044a806 f   gl_sky.obj
 0001:00049e33       _GL_TesselateSkySide       0044ae33 f   gl_sky.obj
 0001:0004a105       _GLimp_SetMode             0044b105 f   glw_imp.obj
 0001:0004a3ab       _GLimp_HasGamma            0044b3ab f   glw_imp.obj
 0001:0004a3bf       _GLimp_SetGamma            0044b3bf f   glw_imp.obj
 0001:0004a558       _GLimp_Init                0044b558 f   glw_imp.obj
 0001:0004a89b       _GLimp_Shutdown            0044b89b f   glw_imp.obj
 0001:0004a949       _GLimp_EndFrame            0044b949 f   glw_imp.obj
 0001:0004a9e6       _GLimp_AppActivate         0044b9e6 f   glw_imp.obj
 0001:0004c0c4       _QGL_Shutdown              0044d0c4 f   qgl_win.obj
 0001:0004c108       _QGL_Init                  0044d108 f   qgl_win.obj
 0001:0004c18b       _QGL_InitExtensions        0044d18b f   qgl_win.obj
 0001:0004c5a0       _QGL_PrintExtensionsString 0044d5a0 f   qgl_win.obj
 0001:0004c6cf       _QGL_EnableLogging         0044d6cf f   qgl_win.obj
 0001:0004c76a       _QGL_LogMessage            0044d76a f   qgl_win.obj
 0001:0004c781       _Hunk_Begin                0044d781 f   q_shwin.obj
 0001:0004c7bb       _Hunk_Alloc                0044d7bb f   q_shwin.obj
 0001:0004c842       _Hunk_End                  0044d842 f   q_shwin.obj
 0001:0004c848       _Hunk_Free                 0044d848 f   q_shwin.obj
 0001:0004c861       _Sys_Milliseconds          0044d861 f   q_shwin.obj
 0001:0004c895       _Sys_Mkdir                 0044d895 f   q_shwin.obj
 0001:0004c8a1       _Sys_FindFirst             0044d8a1 f   q_shwin.obj
 0001:0004c91f       _Sys_FindNext              0044d91f f   q_shwin.obj
 0001:0004c994       _Sys_FindClose             0044d994 f   q_shwin.obj
 0001:0004c9ae       _R_Alias_clip_z            0044d9ae f   r_aclip.obj
 0001:0004ca70       _R_Alias_clip_left         0044da70 f   r_aclip.obj
 0001:0004cc7c       _R_Alias_clip_right        0044dc7c f   r_aclip.obj
 0001:0004ce88       _R_Alias_clip_top          0044de88 f   r_aclip.obj
 0001:0004d09c       _R_Alias_clip_bottom       0044e09c f   r_aclip.obj
 0001:0004d2b0       _R_AliasClip               0044e2b0 f   r_aclip.obj
 0001:0004d380       _R_AliasClipTriangle       0044e380 f   r_aclip.obj
 0001:0004d572       _R_AliasCheckFrameBBox     0044e572 f   r_alias.obj
 0001:0004d6a5       _R_AliasCheckBBox          0044e6a5 f   r_alias.obj
 0001:0004d709       _R_AliasTransformVector    0044e709 f   r_alias.obj
 0001:0004d765       _R_AliasPreparePoints      0044e765 f   r_alias.obj
 0001:0004d9fd       _R_AliasSetUpTransform     0044e9fd f   r_alias.obj
 0001:0004dcc0       _R_AliasTransformFinalVerts 0044ecc0 f   r_alias.obj
 0001:0004de8f       _R_AliasProjectAndClipTestFinalVert 0044ee8f f   r_alias.obj
 0001:0004df3e       _R_AliasSetupLighting      0044ef3e f   r_alias.obj
 0001:0004e0a8       _R_AliasSetupFrames        0044f0a8 f   r_alias.obj
 0001:0004e11c       _R_AliasSetUpLerpData      0044f11c f   r_alias.obj
 0001:0004e244       _R_AliasDrawModel          0044f244 f   r_alias.obj
 0001:0004e4d8       _R_EntityRotate            0044f4d8 f   r_bsp.obj
 0001:0004e554       _R_RotateBmodel            0044f554 f   r_bsp.obj
 0001:0004e6af       _R_RecursiveClipBPoly      0044f6af f   r_bsp.obj
 0001:0004e9df       _R_DrawSolidClippedSubmodelPolygons 0044f9df f   r_bsp.obj
 0001:0004eb66       _R_DrawSubmodelPolygons    0044fb66 f   r_bsp.obj
 0001:0004ebf6       _R_RecursiveWorldNode      0044fbf6 f   r_bsp.obj
 0001:0004ee28       _R_RenderWorld             0044fe28 f   r_bsp.obj
 0001:0004eea3       _Draw_FindPic              0044fea3 f   r_draw.obj
 0001:0004ef3f       _Draw_InitLocal            0044ff3f f   r_draw.obj
 0001:0004ef50       _Draw_Char                 0044ff50 f   r_draw.obj
 0001:0004f09b       _Draw_CharColor            0045009b f   r_draw.obj
 0001:0004f210       _R_DrawTexts               00450210 f   r_draw.obj
 0001:0004f2d6       _DrawText_Pos              004502d6 f   r_draw.obj
 0001:0004f3ae       _DrawText_Left             004503ae f   r_draw.obj
 0001:0004f3d6       _DrawText_Right            004503d6 f   r_draw.obj
 0001:0004f412       _Draw_GetPicSize           00450412 f   r_draw.obj
 0001:0004f452       _Draw_StretchPicImplementation 00450452 f   r_draw.obj
 0001:0004f579       _Draw_StretchPic           00450579 f   r_draw.obj
 0001:0004f60d       _Draw_StretchRaw8          0045060d f   r_draw.obj
 0001:0004f687       _Draw_Pic                  00450687 f   r_draw.obj
 0001:0004f891       _Draw_PicColor             00450891 f   r_draw.obj
 0001:0004fa4a       _Draw_TileClear            00450a4a f   r_draw.obj
 0001:0004fb69       _Draw_Fill                 00450b69 f   r_draw.obj
 0001:0004fc4f       _Draw_Fade                 00450c4f f   r_draw.obj
 0001:0004fcfd       _R_BeginEdgeFrame          00450cfd f   r_edge.obj
 0001:0004fdb9       _R_InsertNewEdges          00450db9 f   r_edge.obj
 0001:0004fdff       _R_RemoveEdges             00450dff f   r_edge.obj
 0001:0004fe1d       _R_StepActiveU             00450e1d f   r_edge.obj
 0001:0004feb1       _R_CleanupSpan             00450eb1 f   r_edge.obj
 0001:0004ff01       _R_LeadingEdgeBackwards    00450f01 f   r_edge.obj
 0001:0004ff96       _R_TrailingEdge            00450f96 f   r_edge.obj
 0001:0004fffa       _R_LeadingEdge             00450ffa f   r_edge.obj
 0001:0005019d       _R_GenerateSpans           0045119d f   r_edge.obj
 0001:0005020b       _R_GenerateSpansBackward   0045120b f   r_edge.obj
 0001:00050279       _R_ScanEdges               00451279 f   r_edge.obj
 0001:00050450       _D_FlatFillSurface         00451450 f   r_edge.obj
 0001:000504aa       _D_CalcGradients           004514aa f   r_edge.obj
 0001:0005070a       _D_BackgroundSurf          0045170a f   r_edge.obj
 0001:0005074a       _D_TurbulentSurf           0045174a f   r_edge.obj
 0001:00050859       _D_SkySurf                 00451859 f   r_edge.obj
 0001:000508da       _D_SolidSurf               004518da f   r_edge.obj
 0001:00050a32       _D_DrawflatSurfaces        00451a32 f   r_edge.obj
 0001:00050a82       _D_DrawSurfaces            00451a82 f   r_edge.obj
 0001:00050b7b       _R_ImageList_f             00451b7b f   r_image.obj
 0001:00050c3c       _R_FindFreeImage           00451c3c f   r_image.obj
 0001:00050c87       _R_LoadPic                 00451c87 f   r_image.obj
 0001:00050d14       _R_LoadTex                 00451d14 f   r_image.obj
 0001:00050da0       _R_LoadWal                 00451da0 f   r_image.obj
 0001:00050df6       _R_MipMap                  00451df6 f   r_image.obj
 0001:00050f24       _R_DownsampleImage         00451f24 f   r_image.obj
 0001:00051029       _R_FindImage               00452029 f   r_image.obj
 0001:000513ce       _R_RegisterSkin            004523ce f   r_image.obj
 0001:000513dc       _R_FreeUnusedImages        004523dc f   r_image.obj
 0001:0005143c       _R_InitImages              0045243c f   r_image.obj
 0001:0005149f       _R_ShutdownImages          0045249f f   r_image.obj
 0001:000514dc       _R_MarkLights              004524dc f   r_light.obj
 0001:000515a2       _R_PushDlights             004525a2 f   r_light.obj
 0001:00051600       _R_LightPoint              00452600 f   r_light.obj
 0001:000519cb       _R_AddDynamicLights        004529cb f   r_light.obj
 0001:00051c69       _R_BuildLightMap           00452c69 f   r_light.obj
 0001:00051d5f       _R_InitTextures            00452d5f f   r_main.obj
 0001:00051e20       _R_InitTurb                00452e20 f   r_main.obj
 0001:00051e9d       _R_Register                00452e9d f   r_main.obj
 0001:00051f05       _R_Init                    00452f05 f   r_main.obj
 0001:00051fec       _R_Shutdown                00452fec f   r_main.obj
 0001:000520ad       _R_NewMap                  004530ad f   r_main.obj
 0001:00052157       _R_MarkLeaves              00453157 f   r_main.obj
 0001:0005227e       _R_DrawEntitiesOnList      0045327e f   r_main.obj
 0001:00052426       _R_BmodelCheckBBox         00453426 f   r_main.obj
 0001:000524d8       _R_FindTopnode             004534d8 f   r_main.obj
 0001:0005252d       _RotatedBBox               0045352d f   r_main.obj
 0001:0005268f       _R_DrawBEntitiesOnList     0045368f f   r_main.obj
 0001:00052890       _R_EdgeDrawing             00453890 f   r_main.obj
 0001:00052965       _R_CalcPalette             00453965 f   r_main.obj
 0001:00052a6a       _R_SetLightLevel           00453a6a f   r_main.obj
 0001:00052aba       _R_RenderFrame             00453aba f   r_main.obj
 0001:00052ce5       _R_InitGraphics            00453ce5 f   r_main.obj
 0001:00052d5b       _R_BeginFrame              00453d5b f   r_main.obj
 0001:00052ef4       _R_GammaCorrectAndSetPalette 00453ef4 f   r_main.obj
 0001:00052f53       _R_CinematicSetPalette     00453f53 f   r_main.obj
 0001:00052fea       _Draw_BuildGammaTable      00453fea f   r_main.obj
 0001:000530fb       _R_DrawBeam                004540fb f   r_main.obj
 0001:00053250       _R_SetSky                  00454250 f   r_main.obj
 0001:000532c7       _Draw_GetPalette           004542c7 f   r_main.obj
 0001:0005340d       _Draw_ConCharColor         0045440d f   r_main.obj
 0001:0005342e       _GetRefAPI                 0045442e f   r_main.obj
 0001:00053669       _D_ViewChanged             00454669 f   r_misc.obj
 0001:000537dc       _R_PrintTimes              004547dc f   r_misc.obj
 0001:00053844       _R_PrintDSpeeds            00454844 f   r_misc.obj
 0001:000538f9       _R_PrintAliasStats         004548f9 f   r_misc.obj
 0001:0005390c       _R_TransformFrustum        0045490c f   r_misc.obj
 0001:000539ca       _TransformVector           004549ca f   r_misc.obj
 0001:00053a35       _R_SetUpFrustumIndexes     00454a35 f   r_misc.obj
 0001:00053a9a       _R_ViewChanged             00454a9a f   r_misc.obj
 0001:00053de3       _R_SetupFrame              00454de3 f   r_misc.obj
 0001:00053fbe       _QCommon_Shutdown          00454fbe f   r_misc.obj
 0001:00053fbe       _jpeg_mem_term             00454fbe f   r_misc.obj
 0001:00053fbe       __setargv                  00454fbe f   r_misc.obj
 0001:00053fbe       _R_SurfacePatch            00454fbe f   r_misc.obj
 0001:00053fbf       _WritePCXfile              00454fbf f   r_misc.obj
 0001:000540e1       _R_ScreenShot              004550e1 f   r_misc.obj
 0001:000541f0       _Mod_Modellist_f           004551f0 f   r_model.obj
 0001:0005424e       _Mod_Init                  0045524e f   r_model.obj
 0001:00054266       _Mod_ForName               00455266 f   r_model.obj
 0001:00054494       _Mod_PointInLeaf           00455494 f   r_model.obj
 0001:000544f3       _Mod_DecompressVis         004554f3 f   r_model.obj
 0001:00054573       _Mod_ClusterPVS            00455573 f   r_model.obj
 0001:000545a0       _Mod_LoadLighting          004555a0 f   r_model.obj
 0001:0005461f       _R_NumberLeafs             0045561f f   r_model.obj
 0001:0005466d       _Mod_LoadVertexes          0045566d f   r_model.obj
 0001:000546af       _Mod_LoadEdges             004556af f   r_model.obj
 0001:000546fd       _Mod_LoadTexinfo           004556fd f   r_model.obj
 0001:00054865       _CalcSurfaceExtents        00455865 f   r_model.obj
 0001:000549e3       _Mod_LoadFaces             004559e3 f   r_model.obj
 0001:00054b44       _Mod_SetParent             00455b44 f   r_model.obj
 0001:00054b69       _Mod_LoadNodes             00455b69 f   r_model.obj
 0001:00054c5f       _Mod_LoadLeafs             00455c5f f   r_model.obj
 0001:00054d08       _Mod_LoadMarksurfaces      00455d08 f   r_model.obj
 0001:00054d81       _Mod_LoadSurfedges         00455d81 f   r_model.obj
 0001:00054dc0       _Mod_LoadPlanes            00455dc0 f   r_model.obj
 0001:00054e2f       _Mod_LoadBrushModel        00455e2f f   r_model.obj
 0001:0005500e       _Mod_LoadAliasModel        0045600e f   r_model.obj
 0001:0005527b       _Mod_LoadSpriteModel       0045627b f   r_model.obj
 0001:0005535e       _R_BeginRegistration       0045635e f   r_model.obj
 0001:000553ee       _R_RegisterModel           004563ee f   r_model.obj
 0001:000554e6       _R_EndRegistration         004564e6 f   r_model.obj
 0001:00055551       _Mod_FreeAll               00456551 f   r_model.obj
 0001:00055596       _R_DrawParticle            00456596 f   r_part.obj
 0001:00055830       _R_DrawParticles           00456830 f   r_part.obj
 0001:000558d8       _R_DrawSpanletOpaque       004568d8 f   r_poly.obj
 0001:00055968       _R_DrawSpanletTurbulentStipple33 00456968 f   r_poly.obj
 0001:00055a93       _R_DrawSpanletTurbulentStipple66 00456a93 f   r_poly.obj
 0001:00055c74       _R_DrawSpanletTurbulentBlended66 00456c74 f   r_poly.obj
 0001:00055d29       _R_DrawSpanletTurbulentBlended33 00456d29 f   r_poly.obj
 0001:00055dde       _R_DrawSpanlet33           00456dde f   r_poly.obj
 0001:00055e78       _R_DrawSpanletConstant33   00456e78 f   r_poly.obj
 0001:00055ed1       _R_DrawSpanlet66           00456ed1 f   r_poly.obj
 0001:00055f6f       _R_DrawSpanlet33Stipple    00456f6f f   r_poly.obj
 0001:0005608a       _R_DrawSpanlet66Stipple    0045708a f   r_poly.obj
 0001:0005621b       _R_ClipPolyFace            0045721b f   r_poly.obj
 0001:0005638c       _R_PolygonDrawSpans        0045738c f   r_poly.obj
 0001:0005678b       _R_PolygonScanLeftEdge     0045778b f   r_poly.obj
 0001:000568ef       _R_PolygonScanRightEdge    004578ef f   r_poly.obj
 0001:00056af9       _R_ClipAndDrawPoly         00457af9 f   r_poly.obj
 0001:00056cf8       _R_BuildPolygonFromSurface 00457cf8 f   r_poly.obj
 0001:00056eee       _R_PolygonCalculateGradients 00457eee f   r_poly.obj
 0001:000571c1       _R_DrawAlphaSurfaces       004581c1 f   r_poly.obj
 0001:00057257       _R_IMFlatShadedQuad        00458257 f   r_poly.obj
 0001:00057385       _R_InitAdivtab             00458385 f   r_polyse.obj
 0001:000573f1       _R_PolysetUpdateTables     004583f1 f   r_polyse.obj
 0001:0005742c       _R_DrawTriangle            0045842c f   r_polyse.obj
 0001:0005753d       _R_PolysetScanLeftEdge_C   0045853d f   r_polyse.obj
 0001:00057707       _FloorDivMod               00458707 f   r_polyse.obj
 0001:000577a1       _R_PolysetSetUpForLineScan 004587a1 f   r_polyse.obj
 0001:0005782f       _R_PolysetCalcGradients    0045882f f   r_polyse.obj
 0001:00057aa2       _R_PolysetDrawSpans8_33    00458aa2 f   r_polyse.obj
 0001:00057bd2       _R_PolysetDrawSpansConstant8_33 00458bd2 f   r_polyse.obj
 0001:00057c6c       _R_PolysetDrawSpans8_66    00458c6c f   r_polyse.obj
 0001:00057da8       _R_PolysetDrawSpansConstant8_66 00458da8 f   r_polyse.obj
 0001:00057e50       _R_PolysetDrawSpans8_Opaque 00458e50 f   r_polyse.obj
 0001:00057f9b       _R_RasterizeAliasPolySmooth 00458f9b f   r_polyse.obj
 0001:0005857b       _R_PolysetSetEdgeTable     0045957b f   r_polyse.obj
 0001:00058616       _R_InitSkyBox              00459616 f   r_rast.obj
 0001:0005887f       _R_EmitSkyBox              0045987f f   r_rast.obj
 0001:00058992       _R_EmitEdge                00459992 f   r_rast.obj
 0001:00058d64       _R_ClipEdge                00459d64 f   r_rast.obj
 0001:00058f12       _R_EmitCachedEdge          00459f12 f   r_rast.obj
 0001:00058f69       _R_RenderFace              00459f69 f   r_rast.obj
 0001:00059330       _R_RenderBmodelFace        0045a330 f   r_rast.obj
 0001:00059599       _D_WarpScreen              0045a599 f   r_scan.obj
 0001:0005975b       _D_DrawTurbulent8Span      0045a75b f   r_scan.obj
 0001:000597df       _Turbulent8                0045a7df f   r_scan.obj
 0001:00059b3b       _NonTurbulent8             0045ab3b f   r_scan.obj
 0001:00059e75       _D_DrawSpans16             0045ae75 f   r_scan.obj
 0001:0005a192       _D_DrawZSpans              0045b192 f   r_scan.obj
 0001:0005a262       _R_DrawSprite              0045b262 f   r_sprite.obj
 0001:0005a4ec       _R_TextureAnimation        0045b4ec f   r_surf.obj
 0001:0005a510       _R_DrawSurface             0045b510 f   r_surf.obj
 0001:0005a675       _R_DrawSurfaceBlock8_mip0  0045b675 f   r_surf.obj
 0001:0005a774       _R_DrawSurfaceBlock8_mip1  0045b774 f   r_surf.obj
 0001:0005a873       _R_DrawSurfaceBlock8_mip2  0045b873 f   r_surf.obj
 0001:0005a972       _R_DrawSurfaceBlock8_mip3  0045b972 f   r_surf.obj
 0001:0005aa6e       _R_InitCaches              0045ba6e f   r_surf.obj
 0001:0005aaef       _D_FlushCaches             0045baef f   r_surf.obj
 0001:0005ab34       _D_SCAlloc                 0045bb34 f   r_surf.obj
 0001:0005acc1       _D_CacheSurface            0045bcc1 f   r_surf.obj
 0001:0005ae36       _DDRAW_Init                0045be36 f   rw_ddraw.obj
 0001:0005b246       _DDRAW_SetPalette          0045c246 f   rw_ddraw.obj
 0001:0005b2af       _DDRAW_Shutdown            0045c2af f   rw_ddraw.obj
 0001:0005b41a       _DIB_Init                  0045c41a f   rw_dib.obj
 0001:0005b5ff       _DIB_SetPalette            0045c5ff f   rw_dib.obj
 0001:0005b7bb       _DIB_Shutdown              0045c7bb f   rw_dib.obj
 0001:0005b8b4       _SWimp_Init                0045c8b4 f   rw_imp.obj
 0001:0005b8b8       _SWimp_EndFrame            0045c8b8 f   rw_imp.obj
 0001:0005ba24       _SWimp_SetMode             0045ca24 f   rw_imp.obj
 0001:0005bb46       _SWimp_SetPalette          0045cb46 f   rw_imp.obj
 0001:0005bb6b       _SWimp_Shutdown            0045cb6b f   rw_imp.obj
 0001:0005bbb2       _SWimp_AppActivate         0045cbb2 f   rw_imp.obj
 0001:0005bc60       _jpeg_CreateDecompress     0045cc60 f   lib:jdapimin.obj
 0001:0005bd20       _jpeg_read_header          0045cd20 f   lib:jdapimin.obj
 0001:0005bd82       _jpeg_consume_input        0045cd82 f   lib:jdapimin.obj
 0001:0005bfd0       _jpeg_finish_decompress    0045cfd0 f   lib:jdapimin.obj
 0001:0005c067       _jpeg_start_decompress     0045d067 f   lib:jdapistd.obj
 0001:0005c1d4       _jpeg_read_scanlines       0045d1d4 f   lib:jdapistd.obj
 0001:0005c258       _jpeg_resync_to_restart    0045d258 f   lib:jdmarker.obj
 0001:0005c41d       _jinit_marker_reader       0045d41d f   lib:jdmarker.obj
 0001:0005d8e8       _jpeg_CreateCompress       0045e8e8 f   lib:jcapimin.obj
 0001:0005d99c       _jpeg_destroy_decompress   0045e99c f   lib:jcapimin.obj
 0001:0005d99c       _jpeg_destroy_compress     0045e99c f   lib:jcapimin.obj
 0001:0005d9a7       _jpeg_suppress_tables      0045e9a7 f   lib:jcapimin.obj
 0001:0005d9f1       _jpeg_finish_compress      0045e9f1 f   lib:jcapimin.obj
 0001:0005dadb       _jpeg_start_compress       0045eadb f   lib:jcapistd.obj
 0001:0005db47       _jpeg_write_scanlines      0045eb47 f   lib:jcapistd.obj
 0001:0005dbf2       _jpeg_add_quant_table      0045ebf2 f   lib:jcparam.obj
 0001:0005dca4       _jpeg_quality_scaling      0045eca4 f   lib:jcparam.obj
 0001:0005dccb       _jpeg_set_quality          0045eccb f   lib:jcparam.obj
 0001:0005dd05       _jpeg_set_defaults         0045ed05 f   lib:jcparam.obj
 0001:0005dec7       _jpeg_default_colorspace   0045eec7 f   lib:jcparam.obj
 0001:0005df17       _jpeg_set_colorspace       0045ef17 f   lib:jcparam.obj
 0001:0005e232       _jpeg_stdio_dest           0045f232 f   lib:jdatadst.obj
 0001:0005e431       _crc32                     0045f431 f   lib:crc32.obj
 0001:0005e6cb       _inflateReset              0045f6cb f   lib:inflate.obj
 0001:0005e712       _inflateInit2_             0045f712 f   lib:inflate.obj
 0001:0005e7cb       _inflate                   0045f7cb f   lib:inflate.obj
 0001:0005fa9a       _inflateEnd                00460a9a f   lib:inflate.obj
 0001:0005fad8       _jinit_input_controller    00460ad8 f   lib:jdinput.obj
 0001:0005ffbb       _jinit_memory_mgr          00460fbb f   lib:jmemmgr.obj
 0001:00060b4f       _jpeg_abort                00461b4f f   lib:jcomapi.obj
 0001:00060b82       _jpeg_destroy              00461b82 f   lib:jcomapi.obj
 0001:00060b9d       _jpeg_alloc_quant_table    00461b9d f   lib:jcomapi.obj
 0001:00060bb9       _jpeg_alloc_huff_table     00461bb9 f   lib:jcomapi.obj
 0001:00060bd5       _jpeg_calc_output_dimensions 00461bd5 f   lib:jdmaster.obj
 0001:00060cd5       _jinit_master_decompress   00461cd5 f   lib:jdmaster.obj
 0001:0006102b       _jdiv_round_up             0046202b f   lib:jutils.obj
 0001:0006103b       _jround_up                 0046203b f   lib:jutils.obj
 0001:00061053       _jcopy_sample_rows         00462053 f   lib:jutils.obj
 0001:00061091       _jcopy_block_row           00462091 f   lib:jutils.obj
 0001:000610aa       _jzero_far                 004620aa f   lib:jutils.obj
 0001:000610bd       _jinit_marker_writer       004620bd f   lib:jcmarker.obj
 0001:00061999       _jinit_compress_master     00462999 f   lib:jcinit.obj
 0001:000619f2       _zcalloc                   004629f2 f   lib:zutil.obj
 0001:00061a04       _inflate_fast              00462a04 f   lib:inffast.obj
 0001:00061db9       _inflate_table             00462db9 f   lib:inftrees.obj
 0001:00062142       _adler32                   00463142 f   lib:adler32.obj
 0001:0006225b       _jinit_c_codec             0046325b f   lib:jcodec.obj
 0001:00062277       _jinit_d_codec             00463277 f   lib:jcodec.obj
 0001:00062293       _jpeg_free_large           00463293 f   lib:jmemansi.obj
 0001:00062293       _zcfree                    00463293 f   lib:jmemansi.obj
 0001:00062293       _jpeg_free_small           00463293 f   lib:jmemansi.obj
 0001:0006229f       _jpeg_get_small            0046329f f   lib:jmemansi.obj
 0001:0006229f       _jpeg_get_large            0046329f f   lib:jmemansi.obj
 0001:000622ab       _jpeg_mem_available        004632ab f   lib:jmemansi.obj
 0001:000622ba       _jpeg_open_backing_store   004632ba f   lib:jmemansi.obj
 0001:000623d1       _jpeg_mem_init             004633d1 f   lib:jmemansi.obj
 0001:000623d7       _jinit_d_main_controller   004633d7 f   lib:jdmainct.obj
 0001:00062a22       _jinit_d_post_controller   00463a22 f   lib:jdpostct.obj
 0001:00062ccd       _jinit_upsampler           00463ccd f   lib:jdsample.obj
 0001:0006330b       _jinit_color_deconverter   0046430b f   lib:jdcolor.obj
 0001:00063821       _jinit_merged_upsampler    00464821 f   lib:jdmerge.obj
 0001:00063d71       _jinit_2pass_quantizer     00464d71 f   lib:jquant2.obj
[...]
 0001:0006d175       _process_restart           0046e175 f   lib:jddiffct.obj
 0001:00035263       _dummy_consume_data        00436263 f   vid_dll.obj
 0001:0006d1aa       _consume_data              0046e1aa f   lib:jddiffct.obj
 0001:0006d221       _output_data               0046e221 f   lib:jddiffct.obj
 0001:0006cc4d       _start_pass                0046dc4d f   lib:jddctmgr.obj
 0001:0006c09f       _start_pass_phuff_decoder  0046d09f f   lib:jdphuff.obj
 0001:0006c2e8       _decode_mcu_DC_first       0046d2e8 f   lib:jdphuff.obj
 0001:0006c4e0       _process_restart           0046d4e0 f   lib:jdphuff.obj
 0001:0006c54f       _decode_mcu_AC_first       0046d54f f   lib:jdphuff.obj
 0001:0006c76f       _decode_mcu_DC_refine      0046d76f f   lib:jdphuff.obj
 0001:0006c844       _decode_mcu_AC_refine      0046d844 f   lib:jdphuff.obj
 0001:0006bae6       _start_pass_huff_decoder   0046cae6 f   lib:jdshuff.obj
 0001:0006bc1e       _decode_mcu                0046cc1e f   lib:jdshuff.obj
 0001:0006bfce       _process_restart           0046cfce f   lib:jdshuff.obj
 0001:0006aecf       _start_input_pass          0046becf f   lib:jdcoefct.obj
 0001:0006aee2       _start_iMCU_row            0046bee2 f   lib:jdcoefct.obj
 0001:0006af27       _start_output_pass         0046bf27 f   lib:jdcoefct.obj
 0001:0006af64       _decompress_onepass        0046bf64 f   lib:jdcoefct.obj
 0001:00035263       _dummy_consume_data        00436263 f   vid_dll.obj
 0001:0006b13d       _consume_data              0046c13d f   lib:jdcoefct.obj
 0001:0006b2f6       _decompress_data           0046c2f6 f   lib:jdcoefct.obj
 0001:0006b462       _smoothing_ok              0046c462 f   lib:jdcoefct.obj
 0001:0006b54d       _decompress_smooth_data    0046c54d f   lib:jdcoefct.obj
 0001:0006ad68       _scaler_start_pass         0046bd68 f   lib:jcscale.obj
 0001:0006ad8b       _simple_downscale          0046bd8b f   lib:jcscale.obj
 0001:0006adb7       _noscale                   0046bdb7 f   lib:jcscale.obj
 0001:0006a860       _start_pass                0046b860 f   lib:jcpred.obj
 0001:0006a8b8       _reset_predictor           0046b8b8 f   lib:jcpred.obj
 0001:0006a8e5       _jpeg_difference_first_row 0046b8e5 f   lib:jcpred.obj
 0001:0006a9cf       _jpeg_difference1          0046b9cf f   lib:jcpred.obj
 0001:0006aa3d       _jpeg_difference2          0046ba3d f   lib:jcpred.obj
 0001:0006aaae       _jpeg_difference3          0046baae f   lib:jcpred.obj
 0001:0006ab26       _jpeg_difference4          0046bb26 f   lib:jcpred.obj
 0001:0006abb1       _jpeg_difference5          0046bbb1 f   lib:jcpred.obj
 0001:0006ac44       _jpeg_difference6          0046bc44 f   lib:jcpred.obj
 0001:0006acd3       _jpeg_difference7          0046bcd3 f   lib:jcpred.obj
 0001:0006a152       _start_pass_huff           0046b152 f   lib:jclhuff.obj
 0001:0006a2ef       _encode_mcus_huff          0046b2ef f   lib:jclhuff.obj
 0001:0006a4da       _emit_bits                 0046b4da f   lib:jclhuff.obj
 0001:0006a57d       _dump_buffer               0046b57d f   lib:jclhuff.obj
 0001:0006a5a1       _emit_restart              0046b5a1 f   lib:jclhuff.obj
 0001:0006a5ec       _flush_bits                0046b5ec f   lib:jclhuff.obj
 0001:0006a610       _finish_pass_huff          0046b610 f   lib:jclhuff.obj
 0001:0006a67d       _encode_mcus_gather        0046b67d f   lib:jclhuff.obj
 0001:0006a7a6       _finish_pass_gather        0046b7a6 f   lib:jclhuff.obj
 0001:00068c6a       _need_optimization_pass    00469c6a f   lib:jcshuff.obj
 0001:00069d72       _start_pass_diff           0046ad72 f   lib:jcdiffct.obj
 0001:00067e6b       _start_iMCU_row            00468e6b f   lib:jccoefct.obj
 0001:00069e10       _compress_data             0046ae10 f   lib:jcdiffct.obj
 0001:00069fa6       _compress_first_pass       0046afa6 f   lib:jcdiffct.obj
 0001:0006a09b       _compress_output           0046b09b f   lib:jcdiffct.obj
 0001:0006979d       _start_pass_fdctmgr        0046a79d f   lib:jcdctmgr.obj
 0001:0006993b       _forward_DCT               0046a93b f   lib:jcdctmgr.obj
 0001:00069a87       _forward_DCT_float         0046aa87 f   lib:jcdctmgr.obj
 0001:00068cad       _start_pass_phuff          00469cad f   lib:jcphuff.obj
 0001:00068e1a       _encode_mcu_DC_first       00469e1a f   lib:jcphuff.obj
 0001:00068f4c       _emit_bits                 00469f4c f   lib:jcphuff.obj
 0001:00068ff7       _dump_buffer               00469ff7 f   lib:jcphuff.obj
 0001:0006902f       _emit_symbol               0046a02f f   lib:jcphuff.obj
 0001:0006906f       _emit_restart              0046a06f f   lib:jcphuff.obj
 0001:000690f8       _emit_eobrun               0046a0f8 f   lib:jcphuff.obj
 0001:0006917e       _encode_mcu_AC_first       0046a17e f   lib:jcphuff.obj
 0001:00069312       _encode_mcu_DC_refine      0046a312 f   lib:jcphuff.obj
 0001:000693cc       _encode_mcu_AC_refine      0046a3cc f   lib:jcphuff.obj
 0001:000695e3       _finish_pass_phuff         0046a5e3 f   lib:jcphuff.obj
 0001:00069632       _finish_pass_gather_phuff  0046a632 f   lib:jcphuff.obj
 0001:000696f5       _need_optimization_pass    0046a6f5 f   lib:jcphuff.obj
 0001:00068445       _start_pass_huff           00469445 f   lib:jcshuff.obj
 0001:000685ba       _encode_mcu_huff           004695ba f   lib:jcshuff.obj
 0001:000686c5       _encode_one_block          004696c5 f   lib:jcshuff.obj
 0001:0006883c       _emit_bits                 0046983c f   lib:jcshuff.obj
 0001:000688df       _dump_buffer               004698df f   lib:jcshuff.obj
 0001:00068903       _emit_restart              00469903 f   lib:jcshuff.obj
 0001:00068970       _flush_bits                00469970 f   lib:jcshuff.obj
 0001:00068994       _finish_pass_huff          00469994 f   lib:jcshuff.obj
 0001:00068a03       _encode_mcu_gather         00469a03 f   lib:jcshuff.obj
 0001:00068ab9       _htest_one_block           00469ab9 f   lib:jcshuff.obj
 0001:00068b80       _finish_pass_gather        00469b80 f   lib:jcshuff.obj
 0001:00068c6a       _need_optimization_pass    00469c6a f   lib:jcshuff.obj
 0001:00067dd6       _start_pass_coef           00468dd6 f   lib:jccoefct.obj
 0001:00067e6b       _start_iMCU_row            00468e6b f   lib:jccoefct.obj
 0001:00067ead       _compress_data             00468ead f   lib:jccoefct.obj
 0001:00068094       _compress_first_pass       00469094 f   lib:jccoefct.obj
 0001:0006827a       _compress_output           0046927a f   lib:jccoefct.obj
 0001:00067cee       _calc_output_dimensions    00468cee f   lib:jdlossls.obj
 0001:00067cff       _start_input_pass          00468cff f   lib:jdlossls.obj
 0001:00067a2d       _calc_output_dimensions    00468a2d f   lib:jdlossy.obj
 0001:00067ba0       _start_input_pass          00468ba0 f   lib:jdlossy.obj
 0001:00067bc0       _latch_quant_tables        00468bc0 f   lib:jdlossy.obj
 0001:00067c58       _start_output_pass         00468c58 f   lib:jdlossy.obj
 0001:0006797c       _start_pass                0046897c f   lib:jclossls.obj
 0001:000678e8       _start_pass                004688e8 f   lib:jclossy.obj
 0001:00066e3d       _initial_setup             00467e3d f   lib:jcmaster.obj
 0001:00066ff0       _validate_script           00467ff0 f   lib:jcmaster.obj
 0001:000673c8       _prepare_for_pass          004683c8 f   lib:jcmaster.obj
 0001:00067540       _select_scan_parameters    00468540 f   lib:jcmaster.obj
 0001:00067641       _per_scan_setup            00468641 f   lib:jcmaster.obj
 0001:000677ec       _pass_startup              004687ec f   lib:jcmaster.obj
 0001:00067813       _finish_pass_master        00468813 f   lib:jcmaster.obj
 0001:00066929       _rgb_ycc_start             00467929 f   lib:jccolor.obj
 0001:000669ed       _rgb_ycc_convert           004679ed f   lib:jccolor.obj
 0001:00066aec       _rgb_gray_convert          00467aec f   lib:jccolor.obj
 0001:00066b71       _cmyk_ycck_convert         00467b71 f   lib:jccolor.obj
 0001:00066ca9       _grayscale_convert         00467ca9 f   lib:jccolor.obj
 0001:00066d03       _null_convert              00467d03 f   lib:jccolor.obj
 0001:00053668       _null_method               00454668 f   r_main.obj
 0001:00053668       _start_pass_downsample     00454668 f   r_main.obj
 0001:00066075       _sep_downsample            00467075 f   lib:jcsample.obj
 0001:000660ea       _int_downsample            004670ea f   lib:jcsample.obj
 0001:000661e2       _expand_right_edge         004671e2 f   lib:jcsample.obj
 0001:00066237       _fullsize_downsample       00467237 f   lib:jcsample.obj
 0001:0006627b       _h2v1_downsample           0046727b f   lib:jcsample.obj
 0001:0006630f       _h2v2_downsample           0046730f f   lib:jcsample.obj
 0001:000663bc       _h2v2_smooth_downsample    004673bc f   lib:jcsample.obj
 0001:00066634       _fullsize_smooth_downsample 00467634 f   lib:jcsample.obj
 0001:00065a71       _start_pass_prep           00466a71 f   lib:jcprepct.obj
 0001:00065aaf       _pre_process_data          00466aaf f   lib:jcprepct.obj
 0001:00065c5d       _pre_process_context       00466c5d f   lib:jcprepct.obj
 0001:00065e16       _create_context_buffer     00466e16 f   lib:jcprepct.obj
 0001:000658e9       _start_pass_main           004668e9 f   lib:jcmainct.obj
 0001:0006592b       _process_data_simple_main  0046692b f   lib:jcmainct.obj
 0001:00064ebf       _create_colormap           00465ebf f   lib:jquant1.obj
 0001:00064ff1       _select_ncolors            00465ff1 f   lib:jquant1.obj
 0001:000650c8       _create_colorindex         004660c8 f   lib:jquant1.obj
 0001:000651f4       _alloc_fs_workspace        004661f4 f   lib:jquant1.obj
 0001:00065230       _start_pass_1_quant        00466230 f   lib:jquant1.obj
 0001:000652fc       _create_odither_tables     004662fc f   lib:jquant1.obj
 0001:0006535b       _make_odither_array        0046635b f   lib:jquant1.obj
 0001:000653be       _color_quantize            004663be f   lib:jquant1.obj
 0001:00065449       _color_quantize3           00466449 f   lib:jquant1.obj
 0001:000654d7       _quantize_ord_dither       004664d7 f   lib:jquant1.obj
 0001:000655c2       _quantize3_ord_dither      004665c2 f   lib:jquant1.obj
 0001:000656c2       _quantize_fs_dither        004666c2 f   lib:jquant1.obj
 0001:00053668       _finish_pass_1_quant       00454668 f   r_main.obj
 0001:00065846       _new_color_map_1_quant     00466846 f   lib:jquant1.obj
 0001:00063e80       _init_error_limit          00464e80 f   lib:jquant2.obj
 0001:00063f1f       _start_pass_2_quant        00464f1f f   lib:jquant2.obj
 0001:00064021       _prescan_quantize          00465021 f   lib:jquant2.obj
 0001:00064090       _pass2_no_dither           00465090 f   lib:jquant2.obj
 0001:0006413d       _fill_inverse_cmap         0046513d f   lib:jquant2.obj
 0001:00064208       _find_nearby_colors        00465208 f   lib:jquant2.obj
 0001:000643ac       _find_best_colors          004653ac f   lib:jquant2.obj
 0001:000644c6       _pass2_fs_dither           004654c6 f   lib:jquant2.obj
 0001:00064735       _finish_pass1              00465735 f   lib:jquant2.obj
 0001:00064757       _select_colors             00465757 f   lib:jquant2.obj
 0001:000647e3       _update_box                004657e3 f   lib:jquant2.obj
 0001:00064b7d       _median_cut                00465b7d f   lib:jquant2.obj
 0001:00064c91       _find_biggest_color_pop    00465c91 f   lib:jquant2.obj
 0001:00064cc0       _find_biggest_volume       00465cc0 f   lib:jquant2.obj
 0001:00064ce9       _compute_color             00465ce9 f   lib:jquant2.obj
 0001:00053668       _finish_pass2              00454668 f   r_main.obj
 0001:00064e25       _new_color_map_2_quant     00465e25 f   lib:jquant2.obj
 0001:00063897       _build_ycc_rgb_table       00464897 f   lib:jdmerge.obj
 0001:00063947       _start_pass_merged_upsample 00464947 f   lib:jdmerge.obj
 0001:0006395c       _merged_2v_upsample        0046495c f   lib:jdmerge.obj
 0001:00063a03       _merged_1v_upsample        00464a03 f   lib:jdmerge.obj
 0001:00063a34       _h2v1_merged_upsample      00464a34 f   lib:jdmerge.obj
 0001:00063b8a       _h2v2_merged_upsample      00464b8a f   lib:jdmerge.obj
 0001:0006343b       _build_ycc_rgb_table       0046443b f   lib:jdcolor.obj
 0001:000634eb       _ycc_rgb_convert           004644eb f   lib:jdcolor.obj
 0001:000635f9       _null_convert              004645f9 f   lib:jdcolor.obj
 0001:00063671       _grayscale_convert         00464671 f   lib:jdcolor.obj
 0001:00063694       _gray_rgb_convert          00464694 f   lib:jdcolor.obj
 0001:000636ed       _ycck_cmyk_convert         004646ed f   lib:jdcolor.obj
 0001:00053668       _start_pass_dcolor         00454668 f   r_main.obj
 0001:00062e9c       _start_pass_upsample       00463e9c f   lib:jdsample.obj
 0001:00062eb6       _sep_upsample              00463eb6 f   lib:jdsample.obj
 0001:00062f83       _fullsize_upsample         00463f83 f   lib:jdsample.obj
 0001:00062f8e       _noop_upsample             00463f8e f   lib:jdsample.obj
 0001:00062f96       _int_upsample              00463f96 f   lib:jdsample.obj
 0001:00063080       _h2v1_upsample             00464080 f   lib:jdsample.obj
 0001:000630d7       _h2v2_upsample             004640d7 f   lib:jdsample.obj
 0001:00063149       _h2v1_fancy_upsample       00464149 f   lib:jdsample.obj
 0001:000631ec       _h2v2_fancy_upsample       004641ec f   lib:jdsample.obj
 0001:00062aa5       _start_pass_dpost          00463aa5 f   lib:jdpostct.obj
 0001:00062b4b       _post_process_1pass        00463b4b f   lib:jdpostct.obj
 0001:00062bb0       _post_process_prepass      00463bb0 f   lib:jdpostct.obj
 0001:00062c41       _post_process_2pass        00463c41 f   lib:jdpostct.obj
 0001:000624ac       _alloc_funny_pointers      004634ac f   lib:jdmainct.obj
 0001:00062559       _start_pass_main           00463559 f   lib:jdmainct.obj
 0001:000625c1       _make_funny_pointers       004635c1 f   lib:jdmainct.obj
 0001:00062701       _process_data_simple_main  00463701 f   lib:jdmainct.obj
 0001:00062769       _process_data_context_main 00463769 f   lib:jdmainct.obj
 0001:0006287b       _set_wraparound_pointers   0046387b f   lib:jdmainct.obj
 0001:00062965       _set_bottom_pointers       00463965 f   lib:jdmainct.obj
 0001:000629ff       _process_data_crank_post   004639ff f   lib:jdmainct.obj
 0001:0006230c       _read_backing_store        0046330c f   lib:jmemansi.obj
 0001:00062367       _write_backing_store       00463367 f   lib:jmemansi.obj
 0001:000623c2       _close_backing_store       004633c2 f   lib:jmemansi.obj
 0001:0006110b       _write_marker_header       0046210b f   lib:jcmarker.obj
 0001:00061161       _emit_byte                 00462161 f   lib:jcmarker.obj
 0001:00061192       _write_marker_byte         00462192 f   lib:jcmarker.obj
 0001:000611a2       _write_file_header         004621a2 f   lib:jcmarker.obj
 0001:000611ee       _emit_jfif_app0            004621ee f   lib:jcmarker.obj
 0001:000612c1       _emit_adobe_app14          004622c1 f   lib:jcmarker.obj
 0001:00061367       _write_frame_header        00462367 f   lib:jcmarker.obj
 0001:00061446       _emit_dqt                  00462446 f   lib:jcmarker.obj
 0001:00061535       _emit_sof                  00462535 f   lib:jcmarker.obj
 0001:00061611       _write_scan_header         00462611 f   lib:jcmarker.obj
 0001:000616d1       _emit_dht                  004626d1 f   lib:jcmarker.obj
 0001:000617aa       _emit_dri                  004627aa f   lib:jcmarker.obj
 0001:000617f9       _emit_sos                  004627f9 f   lib:jcmarker.obj
 0001:000618e7       _write_file_trailer        004628e7 f   lib:jcmarker.obj
 0001:00061907       _write_tables_only         00462907 f   lib:jcmarker.obj
 0001:00060c60       _use_merged_upsample       00461c60 f   lib:jdmaster.obj
 0001:00060d06       _master_selection          00461d06 f   lib:jdmaster.obj
 0001:00060e63       _prepare_range_limit_table 00461e63 f   lib:jdmaster.obj
 0001:00060ee9       _prepare_for_output_pass   00461ee9 f   lib:jdmaster.obj
 0001:0006100a       _finish_output_pass        0046200a f   lib:jdmaster.obj
 0001:000600d7       _alloc_small               004610d7 f   lib:jmemmgr.obj
 0001:000601f5       _alloc_large               004611f5 f   lib:jmemmgr.obj
 0001:000602a6       _alloc_sarray              004612a6 f   lib:jmemmgr.obj
 0001:0006033e       _alloc_barray              0046133e f   lib:jmemmgr.obj
 0001:000603e2       _alloc_darray              004613e2 f   lib:jmemmgr.obj
 0001:0006048d       _request_virt_sarray       0046148d f   lib:jmemmgr.obj
 0001:000604ee       _request_virt_barray       004614ee f   lib:jmemmgr.obj
 0001:0006054f       _realize_virt_arrays       0046154f f   lib:jmemmgr.obj
 0001:000606d2       _access_virt_sarray        004616d2 f   lib:jmemmgr.obj
 0001:000607f2       _do_sarray_io              004617f2 f   lib:jmemmgr.obj
 0001:00060882       _access_virt_barray        00461882 f   lib:jmemmgr.obj
 0001:000609a7       _do_barray_io              004619a7 f   lib:jmemmgr.obj
 0001:00060a38       _free_pool                 00461a38 f   lib:jmemmgr.obj
 0001:00060b1f       _self_destruct             00461b1f f   lib:jmemmgr.obj
 0001:0005fb19       _start_input_pass          00460b19 f   lib:jdinput.obj
 0001:0005fb47       _per_scan_setup            00460b47 f   lib:jdinput.obj
 0001:0005fccd       _finish_input_pass         00460ccd f   lib:jdinput.obj
 0001:0005fcde       _consume_markers           00460cde f   lib:jdinput.obj
 0001:0005fd7a       _initial_setup             00460d7a f   lib:jdinput.obj
 0001:0005ff84       _reset_input_controller    00460f84 f   lib:jdinput.obj
 0001:0005f8d2       _fixedtables               004608d2 f   lib:inflate.obj
 0001:0005f9bc       _updatewindow              004609bc f   lib:inflate.obj
 0001:0005e332       _make_crc_table            0045f332 f   lib:crc32.obj
 0001:0005e45e       _crc32_little              0045f45e f   lib:crc32.obj
 0001:0005e26e       _init_destination          0045f26e f   lib:jdatadst.obj
 0001:0005e294       _empty_output_buffer       0045f294 f   lib:jdatadst.obj
 0001:0005e2d6       _term_destination          0045f2d6 f   lib:jdatadst.obj
 0001:0005ddf5       _std_huff_tables           0045edf5 f   lib:jcparam.obj
 0001:0005de4f       _add_huff_table            0045ee4f f   lib:jcparam.obj
 0001:0005c346       _next_marker               0045d346 f   lib:jdmarker.obj
 0001:0005c480       _get_interesting_appn      0045d480 f   lib:jdmarker.obj
 0001:0005c5ab       _examine_app0              0045d5ab f   lib:jdmarker.obj
 0001:0005c7b9       _examine_app14             0045d7b9 f   lib:jdmarker.obj
 0001:0005c87a       _skip_variable             0045d87a f   lib:jdmarker.obj
 0001:0005c91d       _read_markers              0045d91d f   lib:jdmarker.obj
 0001:0005cb25       _get_soi                   0045db25 f   lib:jdmarker.obj
 0001:0005cbd0       _get_sof                   0045dbd0 f   lib:jdmarker.obj
 0001:0005ced9       _get_sos                   0045ded9 f   lib:jdmarker.obj
 0001:0005d1c7       _get_dht                   0045e1c7 f   lib:jdmarker.obj
 0001:0005d468       _get_dqt                   0045e468 f   lib:jdmarker.obj
 0001:0005d6c4       _get_dri                   0045e6c4 f   lib:jdmarker.obj
 0001:0005d7a3       _first_marker              0045e7a3 f   lib:jdmarker.obj
 0001:0005d83f       _read_restart_marker       0045e83f f   lib:jdmarker.obj
 0001:0005d8bd       _reset_marker_reader       0045e8bd f   lib:jdmarker.obj
 0001:0005c12a       _output_pass_setup         0045d12a f   lib:jdapistd.obj
 0001:0005be1e       _default_decompress_parms  0045ce1e f   lib:jdapimin.obj

 70 bytes saved through ICF

