 quake2

 Timestamp is 42fc9653 (Fri Aug 12 16:30:11 2005)

 Preferred load address is 00400000

 Start         Length     Name                   Class
 0001:00000000 000608d0H .text                   CODE
 0002:00000000 00000278H .idata$5                DATA
 0002:00000278 0000668cH .rdata                  DATA
 0002:00006908 00000044H .rdata$r                DATA
 0002:00006950 00000038H .xdata$x                DATA
 0002:00006988 00000078H .idata$2                DATA
 0002:00006a00 00000014H .idata$3                DATA
 0002:00006a14 00000278H .idata$4                DATA
 0002:00006c8c 000007feH .idata$6                DATA
 0002:0000748a 00000000H .edata                  DATA
 0003:00000000 00000004H .CRT$XCA                DATA
 0003:00000004 00000080H .CRT$XCU                DATA
 0003:00000084 00000004H .CRT$XCZ                DATA
 0003:00000088 00000004H .CRT$XIA                DATA
 0003:0000008c 00000004H .CRT$XIZ                DATA
 0003:00000090 0000d8ccH .data                   DATA
 0003:0000d960 0047f61cH .bss                    DATA
 0004:00000000 00000130H .rsrc$01                DATA
 0004:00000130 00003f20H .rsrc$02                DATA

  Address         Publics by Value              Rva+Base     Lib:Object

 0001:00000000       ??3@YAXPAX@Z               00401000 f i CoreMain.obj
 0001:0000000b       ?appInit@@YAXXZ            0040100b f   CoreMain.obj
 0001:0000006e       ?appExit@@YAXXZ            0040106e f   CoreMain.obj
 0001:00000073       ?appLoadDebugSymbols@@YAXXZ 00401073 f   DbgSymbols.obj
 0001:00000276       ?appSymbolName@@YA_NIPADH@Z 00401276 f   DbgSymbols.obj
 0001:00000362       ?appSymbolName@@YAPBDI@Z   00401362 f   DbgSymbols.obj
 0001:00000394       ?appMalloc@@YAPAXIH@Z      00401394 f   Memory.obj
 0001:00000442       ?appFree@@YAXPAX@Z         00401442 f   Memory.obj
 0001:00000470       ?Unlink@FMemHeader@@QAEXXZ 00401470 f i Memory.obj
 0001:0000049b       ?Link@CMemoryChain@@AAEXXZ 0040149b f   Memory.obj
 0001:000004ba       ?Unlink@CMemoryChain@@AAEXXZ 004014ba f   Memory.obj
 0001:000004e5       ??2CMemoryChain@@SAPAXIH@Z 004014e5 f   Memory.obj
 0001:00000557       ??3CMemoryChain@@SAXPAX@Z  00401557 f   Memory.obj
 0001:0000058a       ?Alloc@CMemoryChain@@QAEPAXIH@Z 0040158a f   Memory.obj
 0001:000005f4       ?appInitMemory@@YAXXZ      004015f4 f   Memory.obj
 0001:00000b28       ?sprintf@?$TString@$0BAA@@@QAAHPBDZZ 00401b28 f i Memory.obj
 0001:00000b54       ?Write@COutputDeviceNull@@UAEXPBD@Z 00401b54 f i OutputDevice.obj
 0001:00000b57       ?appWPrintf@@YAXPBDZZ      00401b57 f   OutputDevice.obj
 0001:00000ba8       ?appFatalError@@YAXPBDZZ   00401ba8 f   ErrorMgr.obj
 0001:00000be2       ?appNonFatalError@@YAXPBDZZ 00401be2 f   ErrorMgr.obj
 0001:00000c40       ?appUnwindPrefix@@YAXPBD@Z 00401c40 f   ErrorMgr.obj
 0001:00000c8e       ?appUnwindThrow@@YAXPBDZZ  00401c8e f   ErrorMgr.obj
 0001:00000d15       ?Reset@CErrorHandler@@QAEXXZ 00401d15 f   ErrorMgr.obj
 0001:00000d46       ?appInitError@@YAXXZ       00401d46 f   ErrorMgr.obj
 0001:00000e04       ?sprintf@?$TString@$0CAA@@@QAAHPBDZZ 00401e04 f i ErrorMgr.obj
 0001:00000e20       ?GetLine@CSimpleParser@@QAEPBDXZ 00401e20 f   ScriptParser.obj
 0001:00000f35       ?SkipBraces@CSimpleParser@@QAEPBDXZ 00401f35 f   ScriptParser.obj
 0001:00000f6b       ?appStricmp@@YAHPBD0@Z     00401f6b f   Strings.obj
 0001:00000fa0       ?toLower@@YADD@Z           00401fa0 f i Strings.obj
 0001:00000fb7       ?appStrcpy@@YAXPADPBD@Z    00401fb7 f   Strings.obj
 0001:00000fca       ?appStrncpylwr@@YAXPADPBDH@Z 00401fca f   Strings.obj
 0001:00001002       ?appStrncpyz@@YAXPADPBDH@Z 00402002 f   Strings.obj
 0001:0000102f       ?appStrcatn@@YAXPADHPBD@Z  0040202f f   Strings.obj
 0001:0000105a       ?appCopyFilename@@YAXPADPBDH@Z 0040205a f   Strings.obj
 0001:000010f6       ?appCStrlen@@YAHPBD@Z      004020f6 f   Strings.obj
 0001:0000111b       ?appUncolorizeString@@YAXPADPBD@Z 0040211b f   Strings.obj
 0001:0000114b       ?va@@YAPBDPBDZZ            0040214b f   Strings.obj
 0001:000011e7       ?appSprintf@@YAHPADHPBDZZ  004021e7 f   Strings.obj
 0001:00001232       ?appMatchWildcard@@YA_NPBD0_N@Z 00402232 f   Strings.obj
 0001:000013b3       ?appIsWildcard@@YA_NPBD@Z  004023b3 f   Strings.obj
 0001:000013dd       ?CopyString@@YAPADPBD@Z    004023dd f   Strings.obj
 0001:0000141d       ?CopyString@@YAPADPBDPAVCMemoryChain@@@Z 0040241d f   Strings.obj
 0001:00001451       ??2CStringItem@@SAPAXIPBD@Z 00402451 f   Strings.obj
 0001:0000149a       ??2CStringItem@@SAPAXIPBDPAVCMemoryChain@@@Z 0040249a f   Strings.obj
 0001:000014d7       ?Find@CStringList@@IAEPAVCStringItem@@PBDPAPAV2@@Z 004024d7 f   Strings.obj
 0001:00001513       ?Find@CStringList@@IAEPAVCStringItem@@H@Z 00402513 f   Strings.obj
 0001:0000152c       ?IndexOf@CStringList@@QAEHPBD@Z 0040252c f   Strings.obj
 0001:00001559       ?Remove@CStringList@@QAE_NPAVCStringItem@@@Z 00402559 f   Strings.obj
 0001:00001585       ?Free@CStringList@@QAEXXZ  00402585 f   Strings.obj
 0001:0000159e       ?Add@CTextContainer@@QAEPAUCTextRec@@PBD@Z 0040259e f   TextContainer.obj
 0001:0000164a       ?Enumerate@CTextContainer@@QAEXP6AXPBUCTextRec@@@Z@Z 0040264a f   TextContainer.obj
 0001:000016b6       ?appMillisecondsf@@YANXZ   004026b6 f   CoreWin32.obj
 0001:000016ef       ?appMilliseconds@@YAIXZ    004026ef f   CoreWin32.obj
 0001:00001724       ?cpuid@@YAXI@Z             00402724 f   CoreWin32.obj
 0001:00001747       ?appInitPlatform@@YAXXZ    00402747 f   CoreWin32.obj
 0001:000019da       ?appShutdownPlatform@@YAXXZ 004029da f   CoreWin32.obj
 0001:000019e3       ?osAddressInfo@@YA_NIPADHPAH@Z 004029e3 f   DbgSymbolsWin32.obj
 0001:00001a77       ?osModuleInfo@@YA_NIPADHPAH@Z 00402a77 f   DbgSymbolsWin32.obj
 0001:00001c1e       ?win32ExceptFilter@@YAHPAU_EXCEPTION_POINTERS@@@Z 00402c1e f   ExceptFilterWin32.obj
 0001:00002150       ?win32ExceptFilter2@@YAHXZ 00403150 f   ExceptFilterWin32.obj
 0001:0000215c       ?SCR_StopCinematic@@YAXXZ  0040315c f   cl_cin.obj
 0001:000021f0       ?SCR_DrawCinematic@@YA_NXZ 004031f0 f   cl_cin.obj
 0001:00002648       ?SCR_PlayCinematic@@YAXPBD@Z 00403648 f   cl_cin.obj
 0001:0000299e       ?sprintf@?$TString@$0EA@@@QAAHPBDZZ 0040399e f i cl_cin.obj
 0001:000029b7       ?CL_Download_f@@YAX_NHPAPAD@Z 004039b7 f   cl_download.obj
 0001:00002d4f       ?CL_ParseDownload@@YAXXZ   00403d4f f   cl_download.obj
 0001:00003565       ?CL_Precache_f@@YAXHPAPAD@Z 00404565 f   cl_download.obj
 0001:000035c3       ?sprintf@?$TString@$0IA@@@QAAHPBDZZ 004045c3 f i cl_download.obj
 0001:000035df       ?CL_ParseDelta@@YAXPAUclEntityState_t@@0HI_N@Z 004045df f   cl_ents.obj
 0001:0000375f       ?CL_ParseFrame@@YAXXZ      0040475f f   cl_ents.obj
 0001:00003e0e       ?CL_AddEntityBox@@YAXPAUclEntityState_t@@I@Z 00404e0e f   cl_ents.obj
 0001:00003f12       ?Lerp@@YAXABUCVec3@@0MAAU1@@Z 00404f12 f i cl_ents.obj
 0001:00003f49       ?CL_OffsetThirdPersonView@@YAXXZ 00404f49 f   cl_ents.obj
 0001:00004031       ?CL_AddEntities@@YAXXZ     00405031 f   cl_ents.obj
 0001:00004f66       ?CL_ClearLightStyles@@YAXXZ 00405f66 f   cl_fx.obj
 0001:00004fe8       ?CL_SetLightstyle@@YAXHPBD@Z 00405fe8 f   cl_fx.obj
 0001:00005049       ?CL_AllocDlight@@YAPAUcdlight_t@@HABUCVec3@@@Z 00406049 f   cl_fx.obj
 0001:000050b2       ?CL_AllocParticleTrace@@YAPAUparticleTrace_t@@ABUCVec3@@0MM@Z 004060b2 f   cl_fx.obj
 0001:00005141       ?CL_AllocParticleBeam@@YAPAUbeam_t@@ABUCVec3@@0MM@Z 00406141 f   cl_fx.obj
 0001:000051b5       ?CL_AllocParticle@@YAPAUparticle_t@@XZ 004061b5 f   cl_fx.obj
 0001:00005208       ?CL_MetalSparks@@YAXABUCVec3@@0H@Z 00406208 f   cl_fx.obj
 0001:000052f5       ?CL_AddEffects@@YAXXZ      004062f5 f   cl_fx.obj
 0001:000059fa       ?CL_ClearEffects@@YAXXZ    004069fa f   cl_fx.obj
 0001:00005a7c       ?CL_EntityEvent@@YAXPAUclEntityState_t@@@Z 00406a7c f   cl_fx.obj
 0001:00005c30       ?CL_ParseMuzzleFlash@@YAXXZ 00406c30 f   cl_fx.obj
 0001:00005fa0       ?CL_ParseMuzzleFlash2@@YAXXZ 00406fa0 f   cl_fx.obj
 0001:00006416       ?CL_ParticleEffect@@YAXABUCVec3@@0HH@Z 00407416 f   cl_fx.obj
 0001:000065c0       ?CL_ParticleEffect2@@YAXABUCVec3@@0HH@Z 004075c0 f   cl_fx.obj
 0001:000065e8       ?CL_ParticleEffect3@@YAXABUCVec3@@0HH@Z 004075e8 f   cl_fx.obj
 0001:00006610       ?CL_TeleporterParticles@@YAXPAUclEntityState_t@@@Z 00407610 f   cl_fx.obj
 0001:0000662f       ?CL_LogoutEffect@@YAXABUCVec3@@H@Z 0040762f f   cl_fx.obj
 0001:00006665       ?CL_ItemRespawnParticles@@YAXABUCVec3@@@Z 00407665 f   cl_fx.obj
 0001:00006680       ?CL_ExplosionParticles@@YAXABUCVec3@@@Z 00407680 f   cl_fx.obj
 0001:0000669e       ?CL_BFGExplosionParticles@@YAXABUCVec3@@@Z 0040769e f   cl_fx.obj
 0001:000066bc       ?CL_TrackerExplosionParticles@@YAXABUCVec3@@@Z 004076bc f   cl_fx.obj
 0001:000066da       ?CL_BlasterParticles@@YAXABUCVec3@@0I@Z 004076da f   cl_fx.obj
 0001:00006700       ?CL_BlasterTrail@@YAXAAUcentity_t@@@Z 00407700 f   cl_fx.obj
 0001:00006803       ?CL_BlasterTrail2@@YAXAAUcentity_t@@@Z 00407803 f   cl_fx.obj
 0001:00006816       ?CL_FlagTrail@@YAXAAUcentity_t@@H@Z 00407816 f   cl_fx.obj
 0001:00006832       ?CL_RocketTrail@@YAXAAUcentity_t@@@Z 00407832 f   cl_fx.obj
 0001:00006871       ?CL_BubbleTrail@@YAXABUCVec3@@0@Z 00407871 f   cl_fx.obj
 0001:0000690b       ?CL_BubbleTrail2@@YAXABUCVec3@@0@Z 0040790b f   cl_fx.obj
 0001:00006923       ?CL_TagTrail@@YAXAAUcentity_t@@@Z 00407923 f   cl_fx.obj
 0001:00006936       ?CL_DebugTrail@@YAXABUCVec3@@0@Z 00407936 f   cl_fx.obj
 0001:0000694e       ?CL_ForceWall@@YAXABUCVec3@@0H@Z 0040794e f   cl_fx.obj
 0001:0000696f       ?CL_BigTeleportParticles@@YAXABUCVec3@@@Z 0040796f f   cl_fx.obj
 0001:00006aa1       ?CL_BfgParticles@@YAXABUCVec3@@@Z 00407aa1 f   cl_fx.obj
 0001:00006c09       ?CL_FlyEffect@@YAXAAUcentity_t@@@Z 00407c09 f   cl_fx.obj
 0001:00006d95       ?CL_DiminishingTrail@@YAXAAUcentity_t@@H@Z 00407d95 f   cl_fx.obj
 0001:00006eef       ?CL_RailTrail@@YAXABUCVec3@@0@Z 00407eef f   cl_fx.obj
 0001:00007056       ?CL_RailTrailExt@@YAXABUCVec3@@0EE@Z 00408056 f   cl_fx.obj
 0001:0000719b       ?CL_IonripperTrail@@YAXAAUcentity_t@@@Z 0040819b f   cl_fx.obj
 0001:000072ea       ?CL_TrapParticles@@YAXABUCVec3@@@Z 004082ea f   cl_fx.obj
 0001:0000747e       ?CL_TeleportParticles@@YAXABUCVec3@@@Z 0040847e f   cl_fx.obj
 0001:000075b4       ?CL_Heatbeam@@YAXABUCVec3@@0@Z 004085b4 f   cl_fx.obj
 0001:0000785a       ?CL_ParticleSteamEffect@@YAXABUCVec3@@0HHH@Z 0040885a f   cl_fx.obj
 0001:00007986       ?CL_ParticleSmokeEffect@@YAXABUCVec3@@0@Z 00408986 f   cl_fx.obj
 0001:00007a91       ?CL_TrackerTrail@@YAXAAUcentity_t@@@Z 00408a91 f   cl_fx.obj
 0001:00007c0f       ?CL_TrackerShell@@YAXABUCVec3@@@Z 00408c0f f   cl_fx.obj
 0001:00007c9b       ?CL_MonsterPlasmaShell@@YAXABUCVec3@@@Z 00408c9b f   cl_fx.obj
 0001:00007d24       ?CL_WidowSplash@@YAXABUCVec3@@@Z 00408d24 f   cl_fx.obj
 0001:00007df5       ?IN_CenterView@@YAXXZ      00408df5 f   cl_input.obj
 0001:00007e16       ?CL_InitInput@@YAXXZ       00408e16 f   cl_input.obj
 0001:000083b2       ?CL_SendCmd@@YAXXZ         004093b2 f   cl_input.obj
 0001:00008a30       ?CL_WriteDemoMessage@@YAXXZ 00409a30 f   cl_main.obj
 0001:00008a72       ?Cmd_ForwardToServer@@YAXHPAPAD@Z 00409a72 f   cl_main.obj
 0001:00008b35       ?CL_ForwardToServer_f@@YAXHPAPAD@Z 00409b35 f   cl_main.obj
 0001:00008b7d       ?CL_Pause@@YAX_N@Z         00409b7d f   cl_main.obj
 0001:00008bbf       ?CL_Quit_f@@YAXXZ          00409bbf f   cl_main.obj
 0001:00008bc9       ?CL_Drop@@YAX_N@Z          00409bc9 f   cl_main.obj
 0001:00008bf0       ?CL_SendConnectPacket@@YAXXZ 00409bf0 f   cl_main.obj
 0001:00008c5e       ?CL_Connect_f@@YAX_NHPAPAD@Z 00409c5e f   cl_main.obj
 0001:00008cde       ?CL_Rcon_f@@YAXHPAPAD@Z    00409cde f   cl_main.obj
 0001:00008ddf       ?CL_Disconnect@@YAXXZ      00409ddf f   cl_main.obj
 0001:00008f81       ?CL_Disconnect_f@@YAXXZ    00409f81 f   cl_main.obj
 0001:00008f8b       ?CL_Changing_f@@YAXXZ      00409f8b f   cl_main.obj
 0001:00008faf       ?CL_Reconnect_f@@YAXXZ     00409faf f   cl_main.obj
 0001:0000904b       ?CL_PingServers_f@@YAXXZ   0040a04b f   cl_main.obj
 0001:000091b6       ?CL_Skins_f@@YAXXZ         0040a1b6 f   cl_main.obj
 0001:000094a6       ?CL_ConnectionlessPacket@@YAXXZ 0040a4a6 f   cl_main.obj
 0001:000095a3       ?CL_ReadPackets@@YAXXZ     0040a5a3 f   cl_main.obj
 0001:000096e6       ?CL_Userinfo_f@@YAXXZ      0040a6e6 f   cl_main.obj
 0001:000096fe       ?CL_RegisterSounds@@YAXXZ  0040a6fe f   cl_main.obj
 0001:0000973d       ?CL_Snd_Restart_f@@YAXXZ   0040a73d f   cl_main.obj
 0001:0000974c       ?CL_WriteConfiguration@@YAXPBD@Z 0040a74c f   cl_main.obj
 0001:00009807       ?CL_WriteConfig_f@@YAX_NHPAPAD@Z 0040a807 f   cl_main.obj
 0001:00009872       ?CL_FixCvarCheats@@YAXXZ   0040a872 f   cl_main.obj
 0001:000098c3       ?CL_Frame@@YAXMM@Z         0040a8c3 f   cl_main.obj
 0001:00009c00       ?CL_ClearState@@YAXXZ      0040ac00 f   cl_main.obj
 0001:00009c3e       ?CL_Init@@YAXXZ            0040ac3e f   cl_main.obj
 0001:0000a10c       ?CL_Shutdown@@YAX_N@Z      0040b10c f   cl_main.obj
 0001:0000a161       ?sprintf@?$TString@$0EAA@@@QAAHPBDZZ 0040b161 f i cl_main.obj
 0001:0000a17d       ?CL_ParseClientinfo@@YAXH@Z 0040b17d f   cl_parse.obj
 0001:0000a232       ?CL_UpdatePlayerClientInfo@@YAXXZ 0040b232 f   cl_parse.obj
 0001:0000a273       ?CL_ParseServerMessage@@YAXXZ 0040b273 f   cl_parse.obj
 0001:0000aa4d       ?FreePlayerModelsInfo@@YAXXZ 0040ba4d f   cl_playermodel.obj
 0001:0000aa73       ?ScanQuake3Models@@YAXPBD@Z 0040ba73 f   cl_playermodel.obj
 0001:0000abf2       ?ScanPlayerModels@@YA_NXZ  0040bbf2 f   cl_playermodel.obj
 0001:0000aeb0       ?RunAnimation@@YAXAAUclientInfo_t@@AAUanimState_t@@H@Z 0040beb0 f   cl_playermodel.obj
 0001:0000b091       ?CL_LoadClientinfo@@YAXAAUclientInfo_t@@PBD_N@Z 0040c091 f   cl_playermodel.obj
 0001:0000bc6d       ?ParsePlayerEntity@@YAHAAUcentity_t@@AAUclientInfo_t@@PAUclEntityState_t@@ABUentity_t@@PAU4@HH@Z 0040cc6d f   cl_playermodel.obj
 0001:0000c7c3       ?CL_CheckPredictionError@@YAXXZ 0040d7c3 f   cl_pred.obj
 0001:0000c959       ?CL_EntityTrace@@YAXAAUtrace_t@@ABUCVec3@@1ABUCBox@@H@Z 0040d959 f   cl_pred.obj
 0001:0000ccf2       ?CL_Trace@@YAXAAUtrace_t@@ABUCVec3@@1ABUCBox@@H@Z 0040dcf2 f   cl_pred.obj
 0001:0000cd6e       ?CL_PMpointcontents@@YAHABUCVec3@@@Z 0040dd6e f   cl_pred.obj
 0001:0000cefa       ?CL_PredictMovement@@YAXXZ 0040defa f   cl_pred.obj
 0001:0000d2ad       ?DrawString@@YAXHHPBD@Z    0040e2ad f   cl_scrn.obj
 0001:0000d2f2       ?SCR_DebugGraph@@YAXMH@Z   0040e2f2 f   cl_scrn.obj
 0001:0000d31a       ?SCR_CenterPrint@@YAXPBD@Z 0040e31a f   cl_scrn.obj
 0001:0000d420       ?Key_Message@@YAXH@Z       0040e420 f   cl_scrn.obj
 0001:0000d4bc       ?SCR_SetLevelshot@@YAXPBD@Z 0040e4bc f   cl_scrn.obj
 0001:0000d5b5       ?SCR_BeginLoadingPlaque@@YAXXZ 0040e5b5 f   cl_scrn.obj
 0001:0000d63a       ?SCR_EndLoadingPlaque@@YAX_N@Z 0040e63a f   cl_scrn.obj
 0001:0000d6bf       ?SCR_ShowConsole@@YAX_N0@Z 0040e6bf f   cl_scrn.obj
 0001:0000d784       ?SCR_ToggleConsole@@YAXXZ  0040e784 f   cl_scrn.obj
 0001:0000d7ac       ?SCR_TouchPics@@YAXXZ      0040e7ac f   cl_scrn.obj
 0001:0000d802       ?SCR_UpdateScreen@@YAXXZ   0040e802 f   cl_scrn.obj
 0001:0000ea46       ?SCR_Init@@YAXXZ           0040fa46 f   cl_scrn.obj
 0001:0000ed75       ?sprintf@?$TString@$0BA@@@QAAHPBDZZ 0040fd75 f i cl_scrn.obj
 0001:0000ed8e       ?CL_RegisterTEntSounds@@YAXXZ 0040fd8e f   cl_tent.obj
 0001:0000efd3       ?CL_RegisterTEntModels@@YAXXZ 0040ffd3 f   cl_tent.obj
 0001:0000f120       ?CL_ClearTEnts@@YAXXZ      00410120 f   cl_tent.obj
 0001:0000f151       ?CL_SmokeAndFlash@@YAXABUCVec3@@@Z 00410151 f   cl_tent.obj
 0001:0000f2e7       ?CL_ParsePlayerBeam@@YAHPAVCRenderModel@@@Z 004102e7 f   cl_tent.obj
 0001:0000f3f2       ?CL_ParseLightning@@YAHPAVCRenderModel@@@Z 004103f2 f   cl_tent.obj
 0001:0000f4b4       ?CL_ParseWidow@@YAXXZ      004104b4 f   cl_tent.obj
 0001:0000f5ea       ?CL_ParseNuke@@YAXXZ       004105ea f   cl_tent.obj
 0001:0000f6fd       ?CL_ParseTEnt@@YAXXZ       004106fd f   cl_tent.obj
 0001:000104e4       ?CL_AddBeams@@YAXXZ        004114e4 f   cl_tent.obj
 0001:000106e6       ?CL_AddPlayerBeams@@YAXXZ  004116e6 f   cl_tent.obj
 0001:00010ced       ?CL_AddTEnts@@YAXXZ        00411ced f   cl_tent.obj
 0001:00010eed       ?V_AddEntity@@YAXPAUentity_t@@@Z 00411eed f   cl_view.obj
 0001:00010f28       ?V_AddEntity2@@YAXPAUentity_t@@@Z 00411f28 f   cl_view.obj
 0001:00010f57       ?AddEntityWithEffects2@@YAXPAUentity_t@@I@Z 00411f57 f   cl_view.obj
 0001:00011013       ?AddEntityWithEffects@@YAXPAUentity_t@@I@Z 00412013 f   cl_view.obj
 0001:00011032       ?V_AddLight@@YAXABUCVec3@@MMMM@Z 00412032 f   cl_view.obj
 0001:00011077       ?V_TestEntities@@YAXXZ     00412077 f   cl_view.obj
 0001:000111a4       ?V_TestLights@@YAXXZ       004121a4 f   cl_view.obj
 0001:0001127a       ?V_InitRenderer@@YAXXZ     0041227a f   cl_view.obj
 0001:00011662       ?CalcFov@@YAMMMM@Z         00412662 f   cl_view.obj
 0001:000116d0       ?V_RenderView@@YA_NXZ      004126d0 f   cl_view.obj
 0001:00012304       ?V_Init@@YAXXZ             00413304 f   cl_view.obj
 0001:000123b3       ?Con_ClearNotify@@YAXXZ    004133b3 f   console.obj
 0001:000123c2       ?Con_CheckResize@@YAXXZ    004133c2 f   console.obj
 0001:000124e9       ?Con_Print@@YAXPBD@Z       004134e9 f   console.obj
 0001:000127e1       ?Con_DrawNotify@@YAX_N@Z   004137e1 f   console.obj
 0001:000128f9       ?Con_DrawConsole@@YAXM@Z   004138f9 f   console.obj
 0001:00012b81       ?Con_ClearTyping@@YAXXZ    00413b81 f   console.obj
 0001:00012b9a       ?Key_Console@@YAXHH@Z      00413b9a f   console.obj
 0001:00012fe2       ?Con_Init@@YAXXZ           00413fe2 f   console.obj
 0001:00013154       ?Key_KeynumToString@@YAPBDH@Z 00414154 f   keys.obj
 0001:00013214       ?Draw@completeMenu_t@@UAEXXZ 00414214 f i keys.obj
 0001:00013245       ?KeyDown@completeMenu_t@@UAEPBDH@Z 00414245 f i keys.obj
 0001:0001326e       ?Init@completeMenu_t@@UAE_NXZ 0041426e f i keys.obj
 0001:00013395       ?CompleteMenuCallback@completeMenu_t@@SAXPAX@Z 00414395 f i keys.obj
 0001:00013423       ?CompleteCommand@@YAXXZ    00414423 f   keys.obj
 0001:00013b58       ?Key_SetBinding@@YAXHPBD@Z 00414b58 f   keys.obj
 0001:00013b96       ?Key_FindBinding@@YAHPBDPAHH@Z 00414b96 f   keys.obj
 0001:00013be4       ?Key_WriteBindings@@YAXPAU_iobuf@@@Z 00414be4 f   keys.obj
 0001:00013c2c       ?Key_Init@@YAXXZ           00414c2c f   keys.obj
 0001:00013f10       ?Key_Event@@YAXH_N@Z       00414f10 f   keys.obj
 0001:00014269       ?Key_ClearStates@@YAXXZ    00415269 f   keys.obj
 0001:0001429e       ?M_ForceMenuOn@@YAXXZ      0041529e f   menu.obj
 0001:000142bd       ?Draw@menuMain_t@@UAEXXZ   004152bd f i menu.obj
 0001:000143f9       ?KeyDown@menuMain_t@@UAEPBDH@Z 004153f9 f i menu.obj
 0001:000144b5       ?Init@menuMain_t@@UAE_NXZ  004154b5 f i menu.obj
 0001:000144bd       ?M_Menu_Main_f@@YAXXZ      004154bd f   menu.obj
 0001:000144d7       ?Init@multiplayerMenu_t@@UAE_NXZ 004154d7 f i menu.obj
 0001:000145fb       ?Init@keysMenu_t@@UAE_NXZ  004155fb f i menu.obj
 0001:000147e0       ?KeyCursorDrawFunc@keysMenu_t@@SAXPAUmenuFramework_t@@@Z 004157e0 f i menu.obj
 0001:00014820       ?DrawKeyBindingFunc@keysMenu_t@@SAXPAX@Z 00415820 f i menu.obj
 0001:000148e7       ?KeyDown@keysMenu_t@@UAEPBDH@Z 004158e7 f i menu.obj
 0001:00014994       ?UnbindCommand@keysMenu_t@@QAEXPAD@Z 00415994 f i menu.obj
 0001:000149d9       ?KeyBindingFunc@keysMenu_t@@QAEXPAX@Z 004159d9 f i menu.obj
 0001:00014a38       ?Init@optionsMenu_t@@UAE_NXZ 00415a38 f i menu.obj
 0001:00014e96       ?CrosshairFunc@optionsMenu_t@@SAXPAX@Z 00415e96 f i menu.obj
 0001:00014ebe       ?JoystickFunc@optionsMenu_t@@SAXPAX@Z 00415ebe f i menu.obj
 0001:00014ed3       ?AlwaysRunFunc@optionsMenu_t@@SAXPAX@Z 00415ed3 f i menu.obj
 0001:00014ee8       ?FreeLookFunc@optionsMenu_t@@SAXPAX@Z 00415ee8 f i menu.obj
 0001:00014efd       ?MouseSpeedFunc@optionsMenu_t@@SAXPAX@Z 00415efd f i menu.obj
 0001:00014f1a       ?InvertMouseFunc@optionsMenu_t@@SAXPAX@Z 00415f1a f i menu.obj
 0001:00014f35       ?LookspringFunc@optionsMenu_t@@SAXPAX@Z 00415f35 f i menu.obj
 0001:00014f51       ?LookstrafeFunc@optionsMenu_t@@SAXPAX@Z 00415f51 f i menu.obj
 0001:00014f6d       ?UpdateVolumeFunc@optionsMenu_t@@SAXPAX@Z 00415f6d f i menu.obj
 0001:00014f8a       ?UpdateCDVolumeFunc@optionsMenu_t@@SAXPAX@Z 00415f8a f i menu.obj
 0001:00014fa4       ?SetMenuItemValues@optionsMenu_t@@SAXXZ 00415fa4 f i menu.obj
 0001:00015182       ?ResetDefaultsFunc@optionsMenu_t@@SAXPAX@Z 00416182 f i menu.obj
 0001:00015197       ?UpdateSoundFunc@optionsMenu_t@@SAXPAX@Z 00416197 f i menu.obj
 0001:0001539a       ?ScanCrosshairs@optionsMenu_t@@SAXXZ 0041639a f i menu.obj
 0001:000153f7       ?Draw@optionsMenu_t@@UAEXXZ 004163f7 f i menu.obj
 0001:0001545c       ?Draw@creditsMenu_t@@UAEXXZ 0041645c f i menu.obj
 0001:00015503       ?KeyDown@creditsMenu_t@@UAEPBDH@Z 00416503 f i menu.obj
 0001:0001553e       ?Init@creditsMenu_t@@UAE_NXZ 0041653e f i menu.obj
 0001:00015606       ?Init@gameMenu_t@@UAE_NXZ  00416606 f i menu.obj
 0001:00015791       ?EasyGameFunc@gameMenu_t@@SAXPAX@Z 00416791 f i menu.obj
 0001:0001579d       ?StartGame@gameMenu_t@@SAXPBD@Z 0041679d f i menu.obj
 0001:000157f5       ?MediumGameFunc@gameMenu_t@@SAXPAX@Z 004167f5 f i menu.obj
 0001:00015801       ?HardGameFunc@gameMenu_t@@SAXPAX@Z 00416801 f i menu.obj
 0001:0001581d       ?Init@savegameMenu_t@@UAE_NXZ 0041681d f i menu.obj
 0001:0001592d       ?Create_Savestrings@savegameMenu_t@@QAEXXZ 0041692d f i menu.obj
 0001:000159d7       ?LoadGameCallback@savegameMenu_t@@SAXPAX@Z 004169d7 f i menu.obj
 0001:00015a00       ?SaveGameCallback@savegameMenu_t@@SAXPAX@Z 00416a00 f i menu.obj
 0001:00015a1f       ?Draw@savegameMenu_t@@UAEXXZ 00416a1f f i menu.obj
 0001:00015a3a       ?DrawSavegameShot@savegameMenu_t@@QAEXHH@Z 00416a3a f i menu.obj
 0001:00015b15       ?Init@joinserverMenu_t@@UAE_NXZ 00416b15 f i menu.obj
 0001:00015c3e       ?JoinServerFunc@joinserverMenu_t@@SAXPAX@Z 00416c3e f i menu.obj
 0001:00015ca0       ?SearchLocalGames@joinserverMenu_t@@SAXXZ 00416ca0 f i menu.obj
 0001:00015d0b       ?M_AddToServerList@@YAXUnetadr_t@@PAD@Z 00416d0b f   menu.obj
 0001:00015d8e       ?Init@startserverMenu_t@@UAE_NXZ 00416d8e f i menu.obj
 0001:00016230       ?DMOptionsFunc@startserverMenu_t@@SAXPAX@Z 00417230 f i menu.obj
 0001:00016240       ?RulesChangeFunc@startserverMenu_t@@SAXPAX@Z 00417240 f i menu.obj
 0001:000162ba       ?StartServerActionFunc@startserverMenu_t@@SAXPAX@Z 004172ba f i menu.obj
 0001:000162e5       ?StartServerFunc@startserverMenu_t@@SAXPAD@Z 004172e5 f i menu.obj
 0001:0001651c       ?KeyDown@startserverMenu_t@@UAEPBDH@Z 0041751c f i menu.obj
 0001:00016579       ?Init@dmoptionsMenu_t@@UAE_NXZ 00417579 f i menu.obj
 0001:00016b58       ?DMFlagCallback@dmoptionsMenu_t@@SAXPAX@Z 00417b58 f i menu.obj
 0001:00016d33       ?Init@downloadOptionsMenu_t@@UAE_NXZ 00417d33 f i menu.obj
 0001:00016efe       ?DownloadCallback@downloadOptionsMenu_t@@SAXPAX@Z 00417efe f i menu.obj
 0001:00016f69       ?Init@addressBookMenu_t@@UAE_NXZ 00417f69 f i menu.obj
 0001:00017011       ?KeyDown@addressBookMenu_t@@UAEPBDH@Z 00418011 f i menu.obj
 0001:0001706e       ?Init@playerConfigMenu_t@@UAE_NXZ 0041806e f i menu.obj
 0001:000175b5       ?HandednessCallback@playerConfigMenu_t@@SAXPAX@Z 004185b5 f i menu.obj
 0001:000175ca       ?RTypeCallback@playerConfigMenu_t@@SAXPAX@Z 004185ca f i menu.obj
 0001:000175df       ?RColorCallback@playerConfigMenu_t@@SAXPAX@Z 004185df f i menu.obj
 0001:000175f4       ?RateCallback@playerConfigMenu_t@@SAXPAX@Z 004185f4 f i menu.obj
 0001:00017617       ?ModelCallback@playerConfigMenu_t@@SAXPAX@Z 00418617 f i menu.obj
 0001:0001764b       ?SkinCallback@playerConfigMenu_t@@SAXPAX@Z 0041864b f i menu.obj
 0001:00017653       ?Draw@playerConfigMenu_t@@UAEXXZ 00418653 f i menu.obj
 0001:0001792b       ?KeyDown@playerConfigMenu_t@@UAEPBDH@Z 0041892b f i menu.obj
 0001:00017a0a       ?Init@dmbrowseMenu_t@@UAE_NXZ 00418a0a f i menu.obj
 0001:00017c10       ?KeyDown@dmbrowseMenu_t@@UAEPBDH@Z 00418c10 f i menu.obj
 0001:00017dd4       ?Draw@dmbrowseMenu_t@@UAEXXZ 00418dd4 f i menu.obj
 0001:00017f19       ?DrawThumbnail@dmbrowseMenu_t@@SAXHHHHPAD_N@Z 00418f19 f i menu.obj
 0001:00018000       ?Init@videoMenu_t@@UAE_NXZ 00419000 f i menu.obj
 0001:000185b9       ?ScreenSizeCallback@videoMenu_t@@SAXPAX@Z 004195b9 f i menu.obj
 0001:000185d7       ?BrightnessCallback@videoMenu_t@@SAXPAX@Z 004195d7 f i menu.obj
 0001:000185f5       ?ContrastCallback@videoMenu_t@@SAXPAX@Z 004195f5 f i menu.obj
 0001:0001862e       ?CancelChanges@videoMenu_t@@SAXPAX@Z 0041962e f i menu.obj
 0001:0001864f       ?KeyDown@videoMenu_t@@UAEPBDH@Z 0041964f f i menu.obj
 0001:00018696       ?ApplyChanges@videoMenu_t@@SAXPAX@Z 00419696 f i menu.obj
 0001:0001884d       ?KeyDown@quitMenu_t@@UAEPBDH@Z 0041984d f i menu.obj
 0001:00018885       ?Draw@quitMenu_t@@UAEXXZ   00419885 f i menu.obj
 0001:000188f5       ?M_Init@@YAXXZ             004198f5 f   menu.obj
 0001:00018ad7       ?ItemAtCursor@menuFramework_t@@QAEPAUmenuCommon_t@@XZ 00419ad7 f   qmenu.obj
 0001:00018b2b       ?AddItem@menuFramework_t@@QAEXPAUmenuCommon_t@@@Z 00419b2b f   qmenu.obj
 0001:00018be7       ?AdjustCursor@menuFramework_t@@QAEXH@Z 00419be7 f   qmenu.obj
 0001:00018d56       ?Center@menuFramework_t@@QAEXXZ 00419d56 f   qmenu.obj
 0001:00018d97       ?Draw@menuFramework_t@@UAEXXZ 00419d97 f   qmenu.obj
 0001:0001935c       ?SelectItem@menuFramework_t@@QAE_NXZ 0041a35c f   qmenu.obj
 0001:000193ba       ?SetStatusBar@menuFramework_t@@QAEXPBD@Z 0041a3ba f   qmenu.obj
 0001:000193c4       ?SlideItem@menuFramework_t@@QAEXH@Z 0041a3c4 f   qmenu.obj
 0001:00019941       ?Push@menuFramework_t@@QAEXXZ 0041a941 f   qmenu.obj
 0001:000199c0       ?M_ForceMenuOff@@YAXXZ     0041a9c0 f   qmenu.obj
 0001:000199ed       ?Pop@menuFramework_t@@QAEXXZ 0041a9ed f   qmenu.obj
 0001:00019a27       ?KeyDown@menuFramework_t@@UAEPBDH@Z 0041aa27 f   qmenu.obj
 0001:00019c9b       ?Init@menuFramework_t@@UAE_NXZ 0041ac9b f   qmenu.obj
 0001:00019c9e       ?M_Draw@@YAXXZ             0041ac9e f   qmenu.obj
 0001:00019cd9       ?M_Keydown@@YAXH@Z         0041acd9 f   qmenu.obj
 0001:00019cf8       ?InitRendererVars@@YAXXZ   0041acf8 f   ref_vars.obj
 0001:00019d17       ?S_SoundInfo_f@@YAXXZ      0041ad17 f   snd_dma.obj
 0001:00019da1       ?S_Init@@YAXXZ             0041ada1 f   snd_dma.obj
 0001:00019e73       ?S_Shutdown@@YAXXZ         0041ae73 f   snd_dma.obj
 0001:00019f06       ?S_BeginRegistration@@YAXXZ 0041af06 f   snd_dma.obj
 0001:00019f14       ?S_RegisterSound@@YAPAUsfx_t@@PBD@Z 0041af14 f   snd_dma.obj
 0001:0001a0aa       ?S_EndRegistration@@YAXXZ  0041b0aa f   snd_dma.obj
 0001:0001a12d       ?S_PickChannel@@YAPAUchannel_t@@HH@Z 0041b12d f   snd_dma.obj
 0001:0001a1ba       ?S_Spatialize@@YAXPAUchannel_t@@@Z 0041b1ba f   snd_dma.obj
 0001:0001a39a       ?S_AllocPlaysound@@YAPAUplaysound_t@@XZ 0041b39a f   snd_dma.obj
 0001:0001a3bc       ?S_FreePlaysound@@YAXPAUplaysound_t@@@Z 0041b3bc f   snd_dma.obj
 0001:0001a3ec       ?S_IssuePlaysound@@YAXPAUplaysound_t@@@Z 0041b3ec f   snd_dma.obj
 0001:0001a4b9       ?S_StartSound@@YAXPBUCVec3@@HHPAUsfx_t@@MMM@Z 0041b4b9 f   snd_dma.obj
 0001:0001a868       ?S_StartLocalSound@@YAXPBD@Z 0041b868 f   snd_dma.obj
 0001:0001a8b7       ?S_ClearBuffer@@YAXXZ      0041b8b7 f   snd_dma.obj
 0001:0001a920       ?S_StopAllSounds_f@@YAXXZ  0041b920 f   snd_dma.obj
 0001:0001a990       ?S_AddLoopSounds@@YAXXZ    0041b990 f   snd_dma.obj
 0001:0001ab66       ?S_RawSamples@@YAXHHHHPAE@Z 0041bb66 f   snd_dma.obj
 0001:0001ad6a       ?S_Update@@YAXABUCVec3@@0@Z 0041bd6a f   snd_dma.obj
 0001:0001ae40       ?GetSoundtime@@YAXXZ       0041be40 f   snd_dma.obj
 0001:0001aea7       ?S_Update_@@YAXXZ          0041bea7 f   snd_dma.obj
 0001:0001b15a       ?ResampleSfx@@YAXPAUsfx_t@@HHPAE@Z 0041c15a f   snd_mem.obj
 0001:0001b275       ?S_LoadSound@@YAPAUsfxcache_t@@PAUsfx_t@@@Z 0041c275 f   snd_mem.obj
 0001:0001b3ad       ?GetWavinfo@@YA?AUwavinfo_t@@PADPAEH@Z 0041c3ad f   snd_mem.obj
 0001:0001b5ef       ?S_WriteLinearBlastStereo16@@YAXXZ 0041c5ef f   snd_mix.obj
 0001:0001b663       ?S_TransferStereo16@@YAXPAKH@Z 0041c663 f   snd_mix.obj
 0001:0001b6cc       ?S_TransferPaintBuffer@@YAXH@Z 0041c6cc f   snd_mix.obj
 0001:0001b830       ?S_PaintChannels@@YAXH@Z   0041c830 f   snd_mix.obj
 0001:0001baac       ?S_InitScaletable@@YAXXZ   0041caac f   snd_mix.obj
 0001:0001bc6d       ?SV_ComputeAnimation@@YAXPAUplayer_state_t@@AAUentityStateEx_t@@PAU2@PAUedict_s@@@Z 0041cc6d f   sv_anim.obj
 0001:0001c06a       ?SV_ReadLevelFile@@YAXXZ   0041d06a f   sv_ccmds.obj
 0001:0001c118       ?SV_AddressBanned@@YA_NPAUnetadr_t@@@Z 0041d118 f   sv_ccmds.obj
 0001:0001c159       ?SV_InitCommands@@YAXXZ    0041d159 f   sv_ccmds.obj
 0001:0001d5b7       ?SV_WriteFrameToClient@@YAXPAUclient_t@@PAVsizebuf_t@@@Z 0041e5b7 f   sv_ents.obj
 0001:0001dcfd       ?SV_RecordDemoMessage@@YAXXZ 0041ecfd f   sv_ents.obj
 0001:0001e8cf       ?SV_InitGameLibrary@@YAX_N@Z 0041f8cf f   sv_game.obj
 0001:0001ea15       ?SV_ShutdownGameLibrary@@YAXXZ 0041fa15 f   sv_game.obj
 0001:0001eb72       ?SV_FindIndex@@YAHPBDHH_N@Z 0041fb72 f   sv_init.obj
 0001:0001ec7f       ?SV_ModelIndex@@YAHPBD@Z   0041fc7f f   sv_init.obj
 0001:0001ec95       ?SV_SoundIndex@@YAHPBD@Z   0041fc95 f   sv_init.obj
 0001:0001ecae       ?SV_ImageIndex@@YAHPBD@Z   0041fcae f   sv_init.obj
 0001:0001ecc7       ?SV_CreateBaseline@@YAXXZ  0041fcc7 f   sv_init.obj
 0001:0001ed44       ?SV_SpawnServer@@YAXPAD0W4server_state_t@@_N2@Z 0041fd44 f   sv_init.obj
 0001:0001f06c       ?SV_InitGame@@YAXXZ        0042006c f   sv_init.obj
 0001:0001f2a2       ?SV_Map@@YAX_NPBD0@Z       004202a2 f   sv_init.obj
 0001:0001f464       ?SV_DropClient@@YAXPAUclient_t@@PAD@Z 00420464 f   sv_main.obj
 0001:0001fd73       ?SV_ConnectionlessPacket@@YAXXZ 00420d73 f   sv_main.obj
 0001:0001fe3e       ?SV_CalcPings@@YAXXZ       00420e3e f   sv_main.obj
 0001:0001fec5       ?SV_GiveMsec@@YAXXZ        00420ec5 f   sv_main.obj
 0001:0001ff04       ?SV_ReadPackets@@YAXXZ     00420f04 f   sv_main.obj
 0001:0002004c       ?SV_CheckTimeouts@@YAXXZ   0042104c f   sv_main.obj
 0001:0002015d       ?SV_PostprocessFrame@@YAXXZ 0042115d f   sv_main.obj
 0001:0002061a       ?SV_MulticastHook@@YAPAVsizebuf_t@@PAV1@0@Z 0042161a f   sv_main.obj
 0001:00020a0a       ?SV_TraceHook@@YA?AUtrace_t@@ABUCVec3@@PBU2@10PAUedict_s@@H@Z 00421a0a f   sv_main.obj
 0001:00020ba8       ?SV_Frame@@YAXM@Z          00421ba8 f   sv_main.obj
 0001:00020e5b       ?SV_UserinfoChanged@@YAXPAUclient_t@@@Z 00421e5b f   sv_main.obj
 0001:00020f1f       ?SV_InitVars@@YAXXZ        00421f1f f   sv_main.obj
 0001:00020f2e       ?SV_Init@@YAXXZ            00421f2e f   sv_main.obj
 0001:00020f87       ?SV_Shutdown@@YAXPBD_N@Z   00421f87 f   sv_main.obj
 0001:0002118e       ?SV_BeginRedirect@@YAXXZ   0042218e f   sv_send.obj
 0001:00021238       ?SV_ClientPrintf@@YAXPAUclient_t@@HPBDZZ 00422238 f   sv_send.obj
 0001:00021293       ?SV_BroadcastPrintf@@YAXHPBDZZ 00422293 f   sv_send.obj
 0001:00021369       ?SV_BroadcastCommand@@YAXPBDZZ 00422369 f   sv_send.obj
 0001:000213c1       ?SV_Multicast@@YAXABUCVec3@@W4multicast_t@@_N@Z 004223c1 f   sv_send.obj
 0001:000215e7       ?SV_MulticastOld@@YAXABUCVec3@@W4multicast_t@@@Z 004225e7 f   sv_send.obj
 0001:000215fa       ?SV_MulticastNew@@YAXABUCVec3@@W4multicast_t@@@Z 004225fa f   sv_send.obj
 0001:0002160d       ?SV_StartSound@@YAXPBUCVec3@@PAUedict_s@@HHMMM_N@Z 0042260d f   sv_send.obj
 0001:000218da       ?SV_StartSoundOld@@YAXPBUCVec3@@PAUedict_s@@HHMMM@Z 004228da f   sv_send.obj
 0001:0002190a       ?SV_StartSoundNew@@YAXPBUCVec3@@PAUedict_s@@HHMMM@Z 0042290a f   sv_send.obj
 0001:0002193a       ?SV_SendClientDatagram@@YA_NPAUclient_t@@@Z 0042293a f   sv_send.obj
 0001:000219fc       ?SV_DemoCompleted@@YAXXZ   004229fc f   sv_send.obj
 0001:00021a18       ?SV_RateDrop@@YA_NPAUclient_t@@@Z 00422a18 f   sv_send.obj
 0001:00021a62       ?SV_SendClientMessages@@YAXXZ 00422a62 f   sv_send.obj
 0001:00021bc9       ?SV_DrawText3D@@YAXABUCVec3@@PBDI@Z 00422bc9 f   sv_text.obj
 0001:00021c00       ?SV_ClearTexts@@YAXXZ      00422c00 f   sv_text.obj
 0001:00021c08       ?SV_DrawTexts@@YAXXZ       00422c08 f   sv_text.obj
 0001:00021c59       ?SV_TokenizeString@@YAXPBD@Z 00422c59 f   sv_tokenize.obj
 0001:00021d30       ?SV_Argc@@YAHXZ            00422d30 f   sv_tokenize.obj
 0001:00021d36       ?SV_Argv@@YAPADH@Z         00422d36 f   sv_tokenize.obj
 0001:00021d50       ?SV_Args@@YAPADXZ          00422d50 f   sv_tokenize.obj
 0001:000225f6       ?SV_Nextserver@@YAXXZ      004235f6 f   sv_user.obj
 0001:00022685       ?SV_ClientThink@@YAXPAUclient_t@@PAUusercmd_t@@@Z 00423685 f   sv_user.obj
 0001:000226c8       ?SV_ExecuteClientMessage@@YAXPAUclient_t@@@Z 004236c8 f   sv_user.obj
 0001:0002298f       ?SV_ClearWorld@@YAXXZ      0042398f f   sv_world.obj
 0001:00022aca       ?SV_UnlinkEdict@@YAXPAUedict_s@@@Z 00423aca f   sv_world.obj
 0001:00022b8d       ?SV_LinkEdict@@YAXPAUedict_s@@@Z 00423b8d f   sv_world.obj
 0001:00023178       ?SV_AreaEdicts@@YAHABUCVec3@@0PAPAUedict_s@@HH@Z 00424178 f   sv_world.obj
 0001:00023329       ?SV_PointContents@@YAHABUCVec3@@@Z 00424329 f   sv_world.obj
 0001:00023450       ?SV_Trace@@YAXAAUtrace_t@@ABUCVec3@@1ABUCBox@@PAUedict_s@@H@Z 00424450 f   sv_world.obj
 0001:000238cf       ?InitByteDirs@@YAXXZ       004248cf f   anorms.obj
 0001:0002390e       ?Cbuf_AddText@@YAXPBD@Z    0042490e f   cmd.obj
 0001:00023970       ?Cbuf_CopyToDefer@@YAXXZ   00424970 f   cmd.obj
 0001:000239b8       ?Cbuf_InsertFromDefer@@YAXXZ 004249b8 f   cmd.obj
 0001:00023a71       ?Cbuf_Execute@@YAXXZ       00424a71 f   cmd.obj
 0001:00023b77       ?Cmd_Unalias_f@@YAX_NHPAPAD@Z 00424b77 f   cmd.obj
 0001:00023bed       ?Cmd_WriteAliases@@YAXPAU_iobuf@@@Z 00424bed f   cmd.obj
 0001:00023c1e       ?RegisterCommand@@YA_NPBDP6AXXZH@Z 00424c1e f   cmd.obj
 0001:00023cec       ?UnregisterCommand@@YA_NPBD@Z 00424cec f   cmd.obj
 0001:00023d7d       ?Cmd_ExecuteString@@YA_NPBD@Z 00424d7d f   cmd.obj
 0001:000241d0       ?ExecuteCommand@@YA_NPBDPBUCSimpleCommand@@H@Z 004251d0 f   cmd.obj
 0001:000245fa       ?CM_LoadMap@@YAPAUcmodel_t@@PBD_NPAI@Z 004255fa f   cmodel.obj
 0001:00024d2b       ?SetSignbits@cplane_t@@QAEXXZ 00425d2b f i cmodel.obj
 0001:00024d5f       ?SetType@cplane_t@@QAEXXZ  00425d5f f i cmodel.obj
 0001:00024f1b       ?CM_InlineModel@@YAPAUcmodel_t@@PBD@Z 00425f1b f   cmodel.obj
 0001:00024f5c       ?CM_NumClusters@@YAHXZ     00425f5c f   cmodel.obj
 0001:00024f62       ?CM_NumInlineModels@@YAHXZ 00425f62 f   cmodel.obj
 0001:00024f68       ?CM_EntityString@@YAPBDXZ  00425f68 f   cmodel.obj
 0001:00024f6e       ?CM_LeafContents@@YAHH@Z   00425f6e f   cmodel.obj
 0001:00024f95       ?CM_LeafCluster@@YAHH@Z    00425f95 f   cmodel.obj
 0001:0002500b       ?CM_LeafArea@@YAHH@Z       0042600b f   cmodel.obj
 0001:000251ce       ?CM_HeadnodeForBox@@YAHABUCBox@@@Z 004261ce f   cmodel.obj
 0001:00025283       ?CM_PointLeafnum@@YAHABUCVec3@@H@Z 00426283 f   cmodel.obj
 0001:00025326       ?DistanceTo@cplane_t@@QAEMABUCVec3@@@Z 00426326 f i cmodel.obj
 0001:0002536a       ?CM_PointContents@@YAHABUCVec3@@H@Z 0042636a f   cmodel.obj
 0001:000253df       ?CM_TransformedPointContents@@YAHABUCVec3@@H00@Z 004263df f   cmodel.obj
 0001:000254c0       ?CM_TransformedPointContents@@YAHABUCVec3@@H0ABUCAxis@@@Z 004264c0 f   cmodel.obj
 0001:0002556b       ?CM_BoxLeafnums@@YAHABUCBox@@PAHH1H@Z 0042656b f   cmodel.obj
 0001:00025674       ?BOX_ON_PLANE_SIDE@@YAHABUCBox@@ABUcplane_t@@@Z 00426674 f i cmodel.obj
 0001:000256de       ?CM_BoxTrace@@YAXAAUtrace_t@@ABUCVec3@@1ABUCBox@@HH@Z 004266de f   cmodel.obj
 0001:00026080       ?CM_TransformedBoxTrace@@YAXAAUtrace_t@@ABUCVec3@@1ABUCBox@@HH11@Z 00427080 f   cmodel.obj
 0001:000261fd       ?CM_TransformedBoxTrace@@YAXAAUtrace_t@@ABUCVec3@@1ABUCBox@@HH1ABUCAxis@@@Z 004271fd f   cmodel.obj
 0001:000262ba       ?CM_BrushTrace@@YAHABUCVec3@@0PAHH@Z 004272ba f   cmodel.obj
 0001:000266cc       ?CM_RefineBrushTrace@@YAHABUCVec3@@0PAHH@Z 004276cc f   cmodel.obj
 0001:00026772       ?CM_ClusterPVS@@YAPAEH@Z   00427772 f   cmodel.obj
 0001:000268b6       ?CM_ClusterPHS@@YAPAEH@Z   004278b6 f   cmodel.obj
 0001:00026a19       ?CM_SetAreaPortalState@@YAXH_N@Z 00427a19 f   cmodel.obj
 0001:00026a3e       ?CM_AreasConnected@@YA_NHH@Z 00427a3e f   cmodel.obj
 0001:00026a82       ?CM_WriteAreaBits@@YAHPAEH@Z 00427a82 f   cmodel.obj
 0001:00026b24       ?CM_WritePortalState@@YAXPAU_iobuf@@@Z 00427b24 f   cmodel.obj
 0001:00026b3e       ?CM_ReadPortalState@@YAXPAU_iobuf@@@Z 00427b3e f   cmodel.obj
 0001:00026b5c       ?CM_HeadnodeVisible@@YA_NHPBE@Z 00427b5c f   cmodel.obj
 0001:00026c37       ?Com_BeginRedirect@@YAXPADHP6AX0@Z@Z 00427c37 f   common.obj
 0001:00026c64       ?Com_EndRedirect@@YAXXZ    00427c64 f   common.obj
 0001:00026c83       ?Com_Printf@@YAXPBDZZ      00427c83 f   common.obj
 0001:00026e7b       ?Com_DPrintf@@YAXPBDZZ     00427e7b f   common.obj
 0001:00026ef4       ?DebugPrintf@@YAXPBDZZ     00427ef4 f   common.obj
 0001:00026f9e       ?Com_WPrintf@@YAXPBDZZ     00427f9e f   common.obj
 0001:00026ff8       ?Com_Quit@@YAXXZ           00427ff8 f   common.obj
 0001:00027018       ?IPWildcard@@YA_NPAUnetadr_t@@PBD@Z 00428018 f   common.obj
 0001:000270f2       ?Com_ServerState@@YA?AW4server_state_t@@XZ 004280f2 f   common.obj
 0001:000270f8       ?Com_SetServerState@@YAXW4server_state_t@@@Z 004280f8 f   common.obj
 0001:00027102       ?frand@@YAMXZ              00428102 f   common.obj
 0001:0002711a       ?crand@@YAMXZ              0042811a f   common.obj
 0001:00027138       ?Info_ValueForKey@@YAPBDPBD0@Z 00428138 f   common.obj
 0001:000271b7       ?Info_SetValueForKey@@YAXPADPBD1@Z 004281b7 f   common.obj
 0001:0002731a       ?Info_Print@@YAXPBD@Z      0042831a f   common.obj
 0001:000273a0       ?Com_CheckCmdlineVar@@YA_NPBD@Z 004283a0 f   common.obj
 0001:000273f6       ?Com_Init@@YAXPBD@Z        004283f6 f   common.obj
 0001:000277b5       ?Com_Frame@@YAXM@Z         004287b5 f   common.obj
 0001:00027ae2       ?Com_Shutdown@@YAXXZ       00428ae2 f   common.obj
 0001:00027afb       ?Com_BlockSequenceCRCByte@@YAEPAEHH@Z 00428afb f   crc.obj
 0001:00027bb1       ?Cvar_VariableValue@@YAMPBD@Z 00428bb1 f   cvar.obj
 0001:00027c1f       ?Cvar_VariableInt@@YAHPBD@Z 00428c1f f   cvar.obj
 0001:00027c32       ?Cvar_VariableString@@YAPBDPBD@Z 00428c32 f   cvar.obj
 0001:00027c4a       ?Cvar_Get@@YAPAUcvar_t@@PBD0H@Z 00428c4a f   cvar.obj
 0001:00027f93       ?Cvar_GetVars@@YAXPBUcvarInfo_t@@H@Z 00428f93 f   cvar.obj
 0001:0002803d       ?Cvar_FullSet@@YAXPAUcvar_t@@PBDI@Z 0042903d f   cvar.obj
 0001:0002806f       ?Cvar_FullSet@@YAPAUcvar_t@@PBD0I@Z 0042906f f   cvar.obj
 0001:000280af       ?Cvar_SetValue@@YAPAUcvar_t@@PBDM@Z 004290af f   cvar.obj
 0001:0002827c       ?Cvar_SetInteger@@YAPAUcvar_t@@PBDH@Z 0042927c f   cvar.obj
 0001:0002829e       ?Cvar_Set@@YAPAUcvar_t@@PBD0@Z 0042929e f   cvar.obj
 0001:000282b3       ?Cvar_ForceSet@@YAPAUcvar_t@@PBD0@Z 004292b3 f   cvar.obj
 0001:000282c8       ?Cvar_Clamp@@YAMPAUcvar_t@@MM@Z 004292c8 f   cvar.obj
 0001:00028326       ?Cvar_Command@@YA_NHPAPAD@Z 00429326 f   cvar.obj
 0001:000283bf       ?IsDefault@cvar_t@@QAE_NXZ 004293bf f i cvar.obj
 0001:000283dc       ?Cvar_WriteVariables@@YAXPAU_iobuf@@HHPBD@Z 004293dc f   cvar.obj
 0001:00028464       ?Cvar_Userinfo@@YAPBDXZ    00429464 f   cvar.obj
 0001:000284bf       ?Cvar_Serverinfo@@YAPBDXZ  004294bf f   cvar.obj
 0001:000284c8       ?Cvar_Cheats@@YAX_N@Z      004294c8 f   cvar.obj
 0001:00028d3c       ?MSG_WriteDeltaEntity@@YAXPAVsizebuf_t@@PBUentityStateEx_t@@PAU2@_N33@Z 00429d3c f   entdelta.obj
 0001:000292f8       ?MSG_WriteRemoveEntity@@YAXPAVsizebuf_t@@H@Z 0042a2f8 f   entdelta.obj
 0001:00029338       ?MSG_ReadEntityBits@@YAHPAVsizebuf_t@@PAIPA_N@Z 0042a338 f   entdelta.obj
 0001:000293a9       ?MSG_ReadDeltaEntity@@YAXPAVsizebuf_t@@PBUentityStateEx_t@@PAU2@I@Z 0042a3a9 f   entdelta.obj
 0001:0002942c       ?MSG_WriteDeltaUsercmd@@YAXPAVsizebuf_t@@PBUusercmd_t@@PAU2@@Z 0042a42c f   entdelta.obj
 0001:000294bb       ?MSG_ReadDeltaUsercmd@@YAXPAVsizebuf_t@@PBUusercmd_t@@PAU2@@Z 0042a4bb f   entdelta.obj
 0001:000297be       ?MSG_WriteDeltaPlayerstate@@YAXPAVsizebuf_t@@PBUplayer_state_t@@PAU2@@Z 0042a7be f   entdelta.obj
 0001:000298c7       ?MSG_ReadDeltaPlayerstate@@YAXPAVsizebuf_t@@PBUplayer_state_t@@PAU2@@Z 0042a8c7 f   entdelta.obj
 0001:0002999b       ?FS_CreatePath@@YAXPBD@Z   0042a99b f   files.obj
 0001:00029a07       ?FS_CopyFile@@YAXPBD0@Z    0042aa07 f   files.obj
 0001:00029b0a       ?FS_CopyFiles@@YAXPBD0@Z   0042ab0a f   files.obj
 0001:00029be3       ?FS_RemoveFiles@@YAXPBD@Z  0042abe3 f   files.obj
 0001:00029c57       ?FS_FCloseFile@@YAXPAVQFILE@@@Z 0042ac57 f   files.obj
 0001:00029cf5       ?FS_FOpenFile@@YAPAVQFILE@@PBDPAH@Z 0042acf5 f   files.obj
 0001:0002a211       ?FS_FileExists@@YA_NPBD@Z  0042b211 f   files.obj
 0001:0002a42a       ?FS_Read@@YAXPAXHPAVQFILE@@@Z 0042b42a f   files.obj
 0001:0002a68e       ?FS_LoadFile@@YAPAXPBDPAI@Z 0042b68e f   files.obj
 0001:0002a731       ?FS_FreeFile@@YAXPAX@Z     0042b731 f   files.obj
 0001:0002a73c       ?FS_Gamedir@@YAPBDXZ       0042b73c f   files.obj
 0001:0002a750       ?FS_LoadGameConfig@@YAXXZ  0042b750 f   files.obj
 0001:0002a810       ?FS_SetGamedir@@YA_NPBD@Z  0042b810 f   files.obj
 0001:0002aee6       ?FS_ListFiles@@YA?AV?$TList@VCStringItem@@@@PBDH@Z 0042bee6 f   files.obj
 0001:0002b287       ?FS_NextPath@@YAPADPBD@Z   0042c287 f   files.obj
 0001:0002b2ab       ?FS_InitFilesystem@@YAXXZ  0042c2ab f   files.obj
 0001:0002bc24       ?CreateAndInsert@?$TList@VCStringItem@@@@QAEPAVCStringItem@@PBD@Z 0042cc24 f i files.obj
 0001:0002bc46       ?LoadPCX@@YAXPBDAAPAE1AAH2@Z 0042cc46 f   images.obj
 0001:0002bd7d       ?LoadTGA@@YAXPBDAAPAEAAH2@Z 0042cd7d f   images.obj
 0001:0002bf53       ?LoadJPG@@YAXPBDAAPAEAAH2@Z 0042cf53 f   images.obj
 0001:0002c1e0       ?ImageExists@@YAHPBDH@Z    0042d1e0 f   images.obj
 0001:0002c302       ?WriteTGA@@YA_NPBDPAEHH@Z  0042d302 f   images.obj
 0001:0002c4f6       ?WriteJPG@@YA_NPBDPAEHH_N@Z 0042d4f6 f   images.obj
 0001:0002c627       ?MD4Init@@YAXPAUMD4_CTX@@@Z 0042d627 f   md4.obj
 0001:0002c64f       ?MD4Update@@YAXPAUMD4_CTX@@PAEI@Z 0042d64f f   md4.obj
 0001:0002c6ed       ?MD4Final@@YAXQAEPAUMD4_CTX@@@Z 0042d6ed f   md4.obj
 0001:0002cdde       ?Com_BlockChecksum@@YAIPAXH@Z 0042ddde f   md4.obj
 0001:0002ce1a       ?LoadQ2BspFile@@YAXXZ      0042de1a f   model.obj
 0001:0002d1d0       ?LoadBspFile@@YAPAUbspfile_t@@PBD_NPAI@Z 0042e1d0 f   model.obj
 0001:0002d37e       ?ProcessEntstring@@YAPADPAD@Z 0042e37e f   model.obj
 0001:0002e225       ?Init@sizebuf_t@@QAEXPAXH@Z 0042f225 f   msg.obj
 0001:0002e240       ?Write@sizebuf_t@@QAEXPBXH@Z 0042f240 f   msg.obj
 0001:0002e2b0       ?MSG_WriteChar@@YAXPAVsizebuf_t@@H@Z 0042f2b0 f   msg.obj
 0001:0002e2b0       ?MSG_WriteByte@@YAXPAVsizebuf_t@@H@Z 0042f2b0 f   msg.obj
 0001:0002e2c1       ?MSG_WriteShort@@YAXPAVsizebuf_t@@H@Z 0042f2c1 f   msg.obj
 0001:0002e2d2       ?MSG_WriteFloat@@YAXPAVsizebuf_t@@M@Z 0042f2d2 f   msg.obj
 0001:0002e2d2       ?MSG_WriteLong@@YAXPAVsizebuf_t@@H@Z 0042f2d2 f   msg.obj
 0001:0002e2e3       ?MSG_WriteString@@YAXPAVsizebuf_t@@PBD@Z 0042f2e3 f   msg.obj
 0001:0002e30d       ?MSG_WritePos@@YAXPAVsizebuf_t@@ABUCVec3@@@Z 0042f30d f   msg.obj
 0001:0002e371       ?MSG_WriteAngle@@YAXPAVsizebuf_t@@M@Z 0042f371 f   msg.obj
 0001:0002e39c       ?MSG_WriteAngle16@@YAXPAVsizebuf_t@@M@Z 0042f39c f   msg.obj
 0001:0002e3c7       ?MSG_WriteDir@@YAXPAVsizebuf_t@@ABUCVec3@@@Z 0042f3c7 f   msg.obj
 0001:0002e42f       ?MSG_ReadDir@@YAXPAVsizebuf_t@@AAUCVec3@@@Z 0042f42f f   msg.obj
 0001:0002e460       ?MSG_ReadChar@@YAHPAVsizebuf_t@@@Z 0042f460 f   msg.obj
 0001:0002e480       ?MSG_ReadByte@@YAHPAVsizebuf_t@@@Z 0042f480 f   msg.obj
 0001:0002e4a0       ?MSG_ReadShort@@YAHPAVsizebuf_t@@@Z 0042f4a0 f   msg.obj
 0001:0002e4c0       ?MSG_ReadLong@@YAHPAVsizebuf_t@@@Z 0042f4c0 f   msg.obj
 0001:0002e4df       ?MSG_ReadString@@YAPADPAVsizebuf_t@@@Z 0042f4df f   msg.obj
 0001:0002e512       ?MSG_ReadPos@@YAXPAVsizebuf_t@@AAUCVec3@@@Z 0042f512 f   msg.obj
 0001:0002e564       ?MSG_ReadAngle@@YAMPAVsizebuf_t@@@Z 0042f564 f   msg.obj
 0001:0002e57e       ?MSG_ReadAngle16@@YAMPAVsizebuf_t@@@Z 0042f57e f   msg.obj
 0001:0002e598       ?MSG_ReadData@@YAXPAVsizebuf_t@@PAXH@Z 0042f598 f   msg.obj
 0001:0002e5bb       ?Netchan_Init@@YAXXZ       0042f5bb f   net_chan.obj
 0001:0002e62f       ?Netchan_OutOfBandPrint@@YAXW4netsrc_t@@Unetadr_t@@PBDZZ 0042f62f f   net_chan.obj
 0001:0002e6b6       ?Setup@netchan_t@@QAEXW4netsrc_t@@Unetadr_t@@H@Z 0042f6b6 f   net_chan.obj
 0001:0002e70e       ?NeedReliable@netchan_t@@QAE_NXZ 0042f70e f   net_chan.obj
 0001:0002e733       ?Transmit@netchan_t@@QAEXPAXH@Z 0042f733 f   net_chan.obj
 0001:0002e8d0       ?Process@netchan_t@@QAE_NPAVsizebuf_t@@@Z 0042f8d0 f   net_chan.obj
 0001:0002e9fe       ?Pmove@@YAXPAUpmove_t@@@Z  0042f9fe f   pmove.obj
 0001:000306e7       ?NormalizeColor@@YAMABUCVec3@@AAU1@@Z 004316e7 f   q_shared2.obj
 0001:00030743       ?NormalizeColor255@@YAMABUCVec3@@AAU1@@Z 00431743 f   q_shared2.obj
 0001:000307a3       ?appRsqrt@@YAMM@Z          004317a3 f   q_shared2.obj
 0001:000307cf       ?AngleVectors@@YAXABUCVec3@@PAU1@11@Z 004317cf f   q_shared2.obj
 0001:00030930       ?MakeNormalVectors@@YAXABUCVec3@@AAU1@1@Z 00431930 f   q_shared2.obj
 0001:0003099f       ?Vec2Angles@@YAXABUCVec3@@AAU1@@Z 0043199f f   q_shared2.obj
 0001:00030aa2       ?Vec2Yaw@@YAMABUCVec3@@@Z  00431aa2 f   q_shared2.obj
 0001:00030b15       ?VectorLength@@YAMABUCVec3@@@Z 00431b15 f   q_shared2.obj
 0001:00030b44       ?VectorDistance@@YAMABUCVec3@@0@Z 00431b44 f   q_shared2.obj
 0001:00030b75       ?LerpAngle@@YAMMMM@Z       00431b75 f   q_shared2.obj
 0001:00030bb8       ?AngleMod@@YAMM@Z          00431bb8 f   q_shared2.obj
 0001:00030be4       ?AngleSubtract@@YAMMM@Z    00431be4 f   q_shared2.obj
 0001:00030c1b       ?AnglesSubtract@@YAXABUCVec3@@0AAU1@@Z 00431c1b f   q_shared2.obj
 0001:00030c73       ?Normalize@CVec3@@QAEMXZ   00431c73 f   q_shared2.obj
 0001:00030cc5       ?VectorNormalize@@YAMABUCVec3@@AAU1@@Z 00431cc5 f   q_shared2.obj
 0001:00030d1d       ?NormalizeFast@CVec3@@QAEMXZ 00431d1d f   q_shared2.obj
 0001:00030d6e       ?cross@@YAXABUCVec3@@0AAU1@@Z 00431d6e f   q_shared2.obj
 0001:00030da9       ?Clear@CBox@@QAEXXZ        00431da9 f   q_shared2.obj
 0001:00030dc7       ?Expand@CBox@@QAEXABUCVec3@@@Z 00431dc7 f   q_shared2.obj
 0001:00030df6       ?Expand@CBox@@QAEXABU1@@Z  00431df6 f   q_shared2.obj
 0001:00030e32       ?GetCenter@CBox@@QAEXAAUCVec3@@@Z 00431e32 f   q_shared2.obj
 0001:00030e52       ?OnPlaneSide@CBox@@QBEHABUcplane_t@@@Z 00431e52 f   q_shared2.obj
 0001:00030f81       ?FromAngles@CAxis@@QAEXABUCVec3@@@Z 00431f81 f   q_shared2.obj
 0001:00030fc0       ?TransformVector@CAxis@@QBEXABUCVec3@@AAU2@@Z 00431fc0 f   q_shared2.obj
 0001:00031011       ?UnTransformVector@CAxis@@QBEXABUCVec3@@AAU2@@Z 00432011 f   q_shared2.obj
 0001:00031075       ?TransformAxis@CAxis@@QBEXABU1@AAU1@@Z 00432075 f   q_shared2.obj
 0001:000310bb       ?UnTransformAxis@CAxis@@QBEXABU1@AAU1@@Z 004320bb f   q_shared2.obj
 0001:00031101       ?TransformPoint@CCoords@@QBEXABUCVec3@@AAU2@@Z 00432101 f   q_shared2.obj
 0001:0003115f       ?UnTransformPoint@CCoords@@QBEXABUCVec3@@AAU2@@Z 0043215f f   q_shared2.obj
 0001:000311cc       ?UnTransformCoords@CCoords@@QBEXABU1@AAU1@@Z 004321cc f   q_shared2.obj
 0001:000311f6       ?TransformPlane@CCoords@@QBEXABUcplane_t@@AAU2@@Z 004321f6 f   q_shared2.obj
 0001:0003122e       ?TransformPoint@@YAXABUCVec3@@ABUCAxis@@0AAU1@@Z 0043222e f   q_shared2.obj
 0001:00031291       ?UnTransformPoint@@YAXABUCVec3@@ABUCAxis@@0AAU1@@Z 00432291 f   q_shared2.obj
 0001:00031301       ?ShortSwap@@YAFF@Z         00432301 f   q_shared2.obj
 0001:00031316       ?COM_Parse@@YAPADAAPBD_N@Z 00432316 f   q_shared2.obj
 0001:00031436       ?COM_QuoteString@@YAPBDPBD_N@Z 00432436 f   q_shared2.obj
 0001:00031491       ?Zip_OpenArchive@@YAPAU_iobuf@@PBD@Z 00432491 f   zip.obj
 0001:000314fc       ?Zip_CloseArchive@@YAXPAU_iobuf@@@Z 004324fc f   zip.obj
 0001:00031508       ?Zip_EnumArchive@@YA_NPAU_iobuf@@P6A_NPAUzipFile_t@@@Z@Z 00432508 f   zip.obj
 0001:000316e5       ?Zip_OpenFile@@YAPAUZFILE@@PAU_iobuf@@PAUzipFile_t@@@Z 004326e5 f   zip.obj
 0001:000317c9       ?Zip_ReadFile@@YAHPAUZFILE@@PAXH@Z 004327c9 f   zip.obj
 0001:000318bf       ?Zip_CloseFile@@YA_NPAUZFILE@@@Z 004328bf f   zip.obj
 0001:00031903       ?Zip_OpenBuf@@YAPAUZBUF@@PAXH@Z 00432903 f   zip.obj
 0001:00031941       ?Zip_ReadBuf@@YAHPAUZBUF@@PAXH@Z 00432941 f   zip.obj
 0001:00031989       ?Zip_CloseBuf@@YAXPAUZBUF@@@Z 00432989 f   zip.obj
 0001:0003199e       _zcalloc                   0043299e f   zip.obj
 0001:000319b2       _zcfree                    004329b2 f   zip.obj
 0001:000319bd       ?CDAudio_Play2@@YAXH_N@Z   004329bd f   cd_win.obj
 0001:00031b9c       ?CDAudio_Play@@YAXH_N@Z    00432b9c f   cd_win.obj
 0001:00031bb3       ?CDAudio_Stop@@YAXXZ       00432bb3 f   cd_win.obj
 0001:00031bf8       ?CDAudio_Pause@@YAXXZ      00432bf8 f   cd_win.obj
 0001:00031c51       ?CDAudio_Resume@@YAXXZ     00432c51 f   cd_win.obj
 0001:00031cc0       ?CDAudio_Update@@YAXXZ     00432cc0 f   cd_win.obj
 0001:00031cf4       ?CDAudio_Init@@YAHXZ       00432cf4 f   cd_win.obj
 0001:00032156       ?CDAudio_Shutdown@@YAXXZ   00433156 f   cd_win.obj
 0001:00032189       ?CDAudio_Activate@@YAX_N@Z 00433189 f   cd_win.obj
 0001:0003219a       ?IN_Commands@@YAXXZ        0043319a f   in_win.obj
 0001:000322c2       ?IN_Init@@YAXXZ            004332c2 f   in_win.obj
 0001:00032701       ?IN_Shutdown@@YAXXZ        00433701 f   in_win.obj
 0001:00032950       ?IN_Move@@YAXPAUusercmd_t@@@Z 00433950 f   in_win.obj
 0001:00032f2d       ?IN_Activate@@YAX_N@Z      00433f2d f   in_win.obj
 0001:00032f37       ?IN_Frame@@YAXXZ           00433f37 f   in_win.obj
 0001:0003329f       ?NetadrToSockadr@@YAXPAUnetadr_t@@PAUsockaddr@@@Z 0043429f f   net_wins.obj
 0001:00033324       ?SockadrToNetadr@@YAXPAUsockaddr@@PAUnetadr_t@@@Z 00434324 f   net_wins.obj
 0001:00033374       ?NET_CompareAdr@@YA_NPAUnetadr_t@@0@Z 00434374 f   net_wins.obj
 0001:000333ca       ?NET_CompareBaseAdr@@YA_NPAUnetadr_t@@0@Z 004343ca f   net_wins.obj
 0001:00033415       ?NET_AdrToString@@YAPADPAUnetadr_t@@@Z 00434415 f   net_wins.obj
 0001:000334cb       ?NET_StringToAdr@@YA_NPBDPAUnetadr_t@@@Z 004344cb f   net_wins.obj
 0001:00033755       ?NET_IsLocalAddress@@YA_NPAUnetadr_t@@@Z 00434755 f   net_wins.obj
 0001:00033761       ?NET_GetLoopPacket@@YA_NW4netsrc_t@@PAUnetadr_t@@PAVsizebuf_t@@@Z 00434761 f   net_wins.obj
 0001:000337ec       ?NET_SendLoopPacket@@YAXW4netsrc_t@@HPAXUnetadr_t@@@Z 004347ec f   net_wins.obj
 0001:00033841       ?NET_GetPacket@@YA_NW4netsrc_t@@PAUnetadr_t@@PAVsizebuf_t@@@Z 00434841 f   net_wins.obj
 0001:0003395e       ?NET_SendPacket@@YAXW4netsrc_t@@HPAXUnetadr_t@@@Z 0043495e f   net_wins.obj
 0001:00033a2f       ?NET_Config@@YAX_N@Z       00434a2f f   net_wins.obj
 0001:00033da4       ?NET_Init@@YAXXZ           00434da4 f   net_wins.obj
 0001:00033e5e       ?Sys_Mkdir@@YAXPAD@Z       00434e5e f   fs_win.obj
 0001:00033e6a       ?Sys_FindFirst@@YAPBDPBDH@Z 00434e6a f   fs_win.obj
 0001:00033f24       ?Sys_FindNext@@YAPBDXZ     00434f24 f   fs_win.obj
 0001:00033f8e       ?Sys_FindClose@@YAXXZ      00434f8e f   fs_win.obj
 0001:00033fa8       ?Sys_FileExists@@YA_NPBDH@Z 00434fa8 f   fs_win.obj
 0001:00033fc6       ?SNDDMA_Init@@YA_NXZ       00434fc6 f   snd_win.obj
 0001:00034605       ?SNDDMA_GetDMAPos@@YAHXZ   00435605 f   snd_win.obj
 0001:0003464f       ?SNDDMA_BeginPainting@@YAXXZ 0043564f f   snd_win.obj
 0001:00034767       ?SNDDMA_Submit@@YAXXZ      00435767 f   snd_win.obj
 0001:0003478c       ?SNDDMA_Shutdown@@YAXXZ    0043578c f   snd_win.obj
 0001:00034791       ?S_Activate@@YAX_N@Z       00435791 f   snd_win.obj
 0001:000347bc       ?Sys_Quit@@YAXXZ           004357bc f   sys_win.obj
 0001:000347da       ?Sys_ConsoleInput@@YAPADXZ 004357da f   sys_win.obj
 0001:00034a95       ?Sys_ConsoleOutput@@YAXPBD@Z 00435a95 f   sys_win.obj
 0001:00034b5c       ?Sys_ProcessMessages@@YAXXZ 00435b5c f   sys_win.obj
 0001:00034c14       ?Sys_UnloadGame@@YAXXZ     00435c14 f   sys_win.obj
 0001:00034c8f       ?Sys_GetGameAPI@@YAPAXPAX@Z 00435c8f f   sys_win.obj
 0001:00034ddb       _WinMain@16                00435ddb f   sys_win.obj
 0001:000350de       ?AddMsgHook@@YAXP6A_NIIJ@Z@Z 004360de f   vid_dll.obj
 0001:00035122       ?RemoveMsgHook@@YAXP6A_NIIJ@Z@Z 00436122 f   vid_dll.obj
 0001:00035151       ?Vid_CreateWindow@@YAPAXHH_N@Z 00436151 f   vid_dll.obj
 0001:00035853       ?Vid_DestroyWindow@@YAX_N@Z 00436853 f   vid_dll.obj
 0001:0003588e       ?Vid_Restart@@YAXXZ        0043688e f   vid_dll.obj
 0001:0003589a       ?Vid_GetModeInfo@@YA_NPAH0H@Z 0043689a f   vid_dll.obj
 0001:000358ca       ?Vid_Tick@@YAXXZ           004368ca f   vid_dll.obj
 0001:00035a7a       ?Vid_Init@@YAXXZ           00436a7a f   vid_dll.obj
 0001:00035b40       ?Vid_Shutdown@@YAXXZ       00436b40 f   vid_dll.obj
 0001:00035b5f       ?Tesselate@surfacePlanar_t@OpenGLDrv@@UAEXAAUrefEntity_t@2@@Z 00436b5f f   gl_backend.obj
 0001:0003653b       ?Negate@CVec3@@QAEXXZ      0043753b f i gl_backend.obj
 0001:00037e6a       ?Tesselate@surfacePoly_t@OpenGLDrv@@UAEXAAUrefEntity_t@2@@Z 00438e6a f   gl_backend.obj
 0001:00037f71       ?Tesselate@surfaceMd3_t@OpenGLDrv@@UAEXAAUrefEntity_t@2@@Z 00438f71 f   gl_backend.obj
 0001:0003835b       ?DrawTriangles@OpenGLDrv@@YA_NXZ 0043935b f   gl_backend.obj
 0001:00038470       ?DrawNormals@OpenGLDrv@@YA_NXZ 00439470 f   gl_backend.obj
 0001:0003857a       ?Tesselate@surfaceEntity_t@OpenGLDrv@@UAEXAAUrefEntity_t@2@@Z 0043957a f   gl_backend.obj
 0001:0003865e       ?Tesselate@surfaceParticle_t@OpenGLDrv@@UAEXAAUrefEntity_t@2@@Z 0043965e f   gl_backend.obj
 0001:000388ae       ?BK_DrawScene@OpenGLDrv@@YAXXZ 004398ae f   gl_backend.obj
 0001:00038ed5       ?BK_DrawPic@OpenGLDrv@@YAXPAVshader_t@1@HHHHMMMMIE@Z 00439ed5 f   gl_backend.obj
 0001:000390b6       ?BK_DrawText@OpenGLDrv@@YAXPBDHHHHHI@Z 0043a0b6 f   gl_backend.obj
 0001:000392ab       ?BK_BeginFrame@OpenGLDrv@@YAXXZ 0043a2ab f   gl_backend.obj
 0001:0003930f       ?BK_EndFrame@OpenGLDrv@@YAXXZ 0043a30f f   gl_backend.obj
 0001:0003934e       ?BK_Init@OpenGLDrv@@YAXXZ  0043a34e f   gl_backend.obj
 0001:0003937d       ?BK_Shutdown@OpenGLDrv@@YAXXZ 0043a37d f   gl_backend.obj
 0001:00039395       ?AllocDynamicMemory@OpenGLDrv@@YAPAXH@Z 0043a395 f   gl_buffers.obj
 0001:00039400       ?ResizeDynamicMemory@OpenGLDrv@@YAXPAXH@Z 0043a400 f   gl_buffers.obj
 0001:00039442       ?AddSurfaceToPortal@OpenGLDrv@@YAXPAVsurfaceBase_t@1@PAVshader_t@1@HH@Z 0043a442 f   gl_buffers.obj
 0001:000394b3       ?InsertShaderIndex@OpenGLDrv@@YAXH@Z 0043a4b3 f   gl_buffers.obj
 0001:000394ec       ?ClearPortal@OpenGLDrv@@YAXXZ 0043a4ec f   gl_buffers.obj
 0001:0003950a       ?SortSurfaces@OpenGLDrv@@YAXPAUviewPortal_t@1@PAPAUsurfaceInfo_t@1@@Z 0043a50a f   gl_buffers.obj
 0001:0003969c       ?ClearBuffers@OpenGLDrv@@YAXXZ 0043a69c f   gl_buffers.obj
 0001:000396b3       ?CreateBuffers@OpenGLDrv@@YAXXZ 0043a6b3 f   gl_buffers.obj
 0001:000396d9       ?FreeBuffers@OpenGLDrv@@YAXXZ 0043a6d9 f   gl_buffers.obj
 0001:000396fd       ?InitEntity@model_t@OpenGLDrv@@UAEXPAUentity_t@@PAUrefEntity_t@2@@Z 0043a6fd f   gl_frontend.obj
 0001:00039700       ?AddSurfaces@model_t@OpenGLDrv@@UAEXPAUrefEntity_t@2@@Z 0043a700 f   gl_frontend.obj
 0001:0003972e       ?GetLeaf@model_t@OpenGLDrv@@UAEPAUnode_t@2@PAUrefEntity_t@2@@Z 0043a72e f   gl_frontend.obj
 0001:0003973f       ?DrawLabel@model_t@OpenGLDrv@@UAEXPAUrefEntity_t@2@@Z 0043a73f f   gl_frontend.obj
 0001:00039742       ?InitEntity@inlineModel_t@OpenGLDrv@@UAEXPAUentity_t@@PAUrefEntity_t@2@@Z 0043a742 f   gl_frontend.obj
 0001:00039792       ?AddSurfaces@inlineModel_t@OpenGLDrv@@UAEXPAUrefEntity_t@2@@Z 0043a792 f   gl_frontend.obj
 0001:00039c70       ?GetLeaf@inlineModel_t@OpenGLDrv@@UAEPAUnode_t@2@PAUrefEntity_t@2@@Z 0043ac70 f   gl_frontend.obj
 0001:00039e15       ?DrawLabel@inlineModel_t@OpenGLDrv@@UAEXPAUrefEntity_t@2@@Z 0043ae15 f   gl_frontend.obj
 0001:00039e5b       ?InitEntity@md3Model_t@OpenGLDrv@@UAEXPAUentity_t@@PAUrefEntity_t@2@@Z 0043ae5b f   gl_frontend.obj
 0001:0003a02a       ?AddSurfaces@md3Model_t@OpenGLDrv@@UAEXPAUrefEntity_t@2@@Z 0043b02a f   gl_frontend.obj
 0001:0003a164       ?GetLeaf@md3Model_t@OpenGLDrv@@UAEPAUnode_t@2@PAUrefEntity_t@2@@Z 0043b164 f   gl_frontend.obj
 0001:0003a19c       ?DrawLabel@md3Model_t@OpenGLDrv@@UAEXPAUrefEntity_t@2@@Z 0043b19c f   gl_frontend.obj
 0001:0003a202       ?InitEntity@sprModel_t@OpenGLDrv@@UAEXPAUentity_t@@PAUrefEntity_t@2@@Z 0043b202 f   gl_frontend.obj
 0001:0003a220       ?AddSurfaces@sprModel_t@OpenGLDrv@@UAEXPAUrefEntity_t@2@@Z 0043b220 f   gl_frontend.obj
 0001:0003a3a3       ?GetLeaf@sprModel_t@OpenGLDrv@@UAEPAUnode_t@2@PAUrefEntity_t@2@@Z 0043b3a3 f   gl_frontend.obj
 0001:0003a484       ?AddEntity@OpenGLDrv@@YAXPAUentity_t@@@Z 0043b484 f   gl_frontend.obj
 0001:0003a610       ?AddDlight@OpenGLDrv@@YAXPAUdlight_t@@@Z 0043b610 f   gl_frontend.obj
 0001:0003a7c8       ?DrawPortal@OpenGLDrv@@YAXXZ 0043b7c8 f   gl_frontend.obj
 0001:0003c76c       ?GL_TextureMode@OpenGLDrv@@YAXPBD@Z 0043d76c f   gl_image.obj
 0001:0003c814       ?CreateImage@OpenGLDrv@@YAPAVimage_t@1@PBDPAXHHI@Z 0043d814 f   gl_image.obj
 0001:0003d50a       ?LoadDelayedImages@OpenGLDrv@@YAXXZ 0043e50a f   gl_image.obj
 0001:0003d59d       ?DrawStretchRaw8@OpenGLDrv@@YAXHHHHHHPAEPAI@Z 0043e59d f   gl_image.obj
 0001:0003d96c       ?SetupGamma@OpenGLDrv@@YAXXZ 0043e96c f   gl_image.obj
 0001:0003dab2       ?PerformScreenshot@OpenGLDrv@@YAXXZ 0043eab2 f   gl_image.obj
 0001:0003dd33       ?InitImages@OpenGLDrv@@YAXXZ 0043ed33 f   gl_image.obj
 0001:0003e4e8       ?ShutdownImages@OpenGLDrv@@YAXXZ 0043f4e8 f   gl_image.obj
 0001:0003e54f       ?ShowImages@OpenGLDrv@@YAXXZ 0043f54f f   gl_image.obj
 0001:0003e7db       ?FindImage@OpenGLDrv@@YAPAVimage_t@1@PBDI@Z 0043f7db f   gl_image.obj
 0001:0003eb4c       ?GL_Lock@OpenGLDrv@@YAXXZ  0043fb4c f   gl_interface.obj
 0001:0003ebc4       ?GL_Unlock@OpenGLDrv@@YAXXZ 0043fbc4 f   gl_interface.obj
 0001:0003ed86       ?GL_Bind@OpenGLDrv@@YAXPBVimage_t@1@@Z 0043fd86 f   gl_interface.obj
 0001:0003eeb0       ?GL_BindForce@OpenGLDrv@@YAXPBVimage_t@1@@Z 0043feb0 f   gl_interface.obj
 0001:0003ef2e       ?GL_TexEnv@OpenGLDrv@@YAXI@Z 0043ff2e f   gl_interface.obj
 0001:0003f0ad       ?GL_TexMipBias@OpenGLDrv@@YAXM@Z 004400ad f   gl_interface.obj
 0001:0003f108       ?GL_TexEnvColor@OpenGLDrv@@YAXPBTcolor_t@@@Z 00440108 f   gl_interface.obj
 0001:0003f1b8       ?GL_SelectTexture@OpenGLDrv@@YAXH@Z 004401b8 f   gl_interface.obj
 0001:0003f219       ?GL_TexCoordPointer@OpenGLDrv@@YAXPAX@Z 00440219 f   gl_interface.obj
 0001:0003f249       ?GL_SetMultitexture@OpenGLDrv@@YAXH@Z 00440249 f   gl_interface.obj
 0001:0003f32f       ?GL_DisableTexCoordArrays@OpenGLDrv@@YAXXZ 0044032f f   gl_interface.obj
 0001:0003f383       ?GL_CullFace@OpenGLDrv@@YAXW4gl_cullMode_t@1@@Z 00440383 f   gl_interface.obj
 0001:0003f3d4       ?GL_DepthRange@OpenGLDrv@@YAXW4gl_depthMode_t@1@@Z 004403d4 f   gl_interface.obj
 0001:0003f407       ?GL_State@OpenGLDrv@@YAXI@Z 00440407 f   gl_interface.obj
 0001:0003f557       ?GL_EnableFog@OpenGLDrv@@YAX_N@Z 00440557 f   gl_interface.obj
 0001:0003f64f       ?GL_SetDefaultState@OpenGLDrv@@YAXXZ 0044064f f   gl_interface.obj
 0001:0003f7ab       ?GL_Set2DMode@OpenGLDrv@@YAXXZ 004407ab f   gl_interface.obj
 0001:0003f8a6       ?GL_Set3DMode@OpenGLDrv@@YAXPAUviewPortal_t@1@@Z 004408a6 f   gl_interface.obj
 0001:0003f98e       ?ShowLights@OpenGLDrv@@YAXXZ 0044098e f   gl_light.obj
 0001:0003fd77       ?LightForEntity@OpenGLDrv@@YAXPAUrefEntity_t@1@@Z 00440d77 f   gl_light.obj
 0001:00040feb       ?DiffuseLight@OpenGLDrv@@YAXPATcolor_t@@M@Z 00441feb f   gl_light.obj
 0001:00041227       ?InitLightGrid@OpenGLDrv@@YAXXZ 00442227 f   gl_light.obj
 0001:000412cd       ?PostLoadLights@OpenGLDrv@@YAXXZ 004422cd f   gl_light.obj
 0001:0004155d       ?LM_Init@OpenGLDrv@@YAXXZ  0044255d f   gl_lightmap.obj
 0001:00041573       ?LM_Flush@OpenGLDrv@@YAXPAUlightmapBlock_t@1@@Z 00442573 f   gl_lightmap.obj
 0001:000415d0       ?LM_Done@OpenGLDrv@@YAXXZ  004425d0 f   gl_lightmap.obj
 0001:000415f7       ?LM_Save@OpenGLDrv@@YAXPAUlightmapBlock_t@1@@Z 004425f7 f   gl_lightmap.obj
 0001:0004160f       ?LM_Restore@OpenGLDrv@@YAXPAUlightmapBlock_t@1@@Z 0044260f f   gl_lightmap.obj
 0001:00041627       ?LM_NewBlock@OpenGLDrv@@YAPAUlightmapBlock_t@1@XZ 00442627 f   gl_lightmap.obj
 0001:00041686       ?LM_Rewind@OpenGLDrv@@YAXXZ 00442686 f   gl_lightmap.obj
 0001:0004168e       ?LM_NextBlock@OpenGLDrv@@YAPAUlightmapBlock_t@1@XZ 0044268e f   gl_lightmap.obj
 0001:000416bb       ?LM_CheckMinlight@OpenGLDrv@@YAXPAUdynamicLightmap_t@1@@Z 004426bb f   gl_lightmap.obj
 0001:00041751       ?LM_AllocBlock@OpenGLDrv@@YA_NPAUlightmapBlock_t@1@PAUdynamicLightmap_t@1@@Z 00442751 f   gl_lightmap.obj
 0001:00041808       ?LM_PutBlock@OpenGLDrv@@YAXPAUdynamicLightmap_t@1@@Z 00442808 f   gl_lightmap.obj
 0001:00041c35       ?LM_SortLightStyles@OpenGLDrv@@YAXPAUdynamicLightmap_t@1@@Z 00442c35 f   gl_lightmap.obj
 0001:00041cc6       ?UpdateDynamicLightmap@OpenGLDrv@@YAXPAVsurfacePlanar_t@1@_NI@Z 00442cc6 f   gl_lightmap.obj
 0001:000421c8       ?LM_IsMonotone@OpenGLDrv@@YA_NPAUdynamicLightmap_t@1@PATcolor_t@@@Z 004431c8 f   gl_lightmap.obj
 0001:000422cf       ?Init@OpenGLDrv@@YA_NXZ    004432cf f   gl_main.obj
 0001:00042908       ?Shutdown@OpenGLDrv@@YAX_N@Z 00443908 f   gl_main.obj
 0001:00042991       ?GL_EnableRendering@OpenGLDrv@@YAX_N@Z 00443991 f   gl_main.obj
 0001:000429ac       ?BeginFrame@OpenGLDrv@@YAXN@Z 004439ac f   gl_main.obj
 0001:00042ad6       ?EndFrame@OpenGLDrv@@YAXXZ 00443ad6 f   gl_main.obj
 0001:00042aee       ?RenderFrame@OpenGLDrv@@YAXPAUrefdef_t@@@Z 00443aee f   gl_main.obj
 0001:0004331f       ?Fill8@OpenGLDrv@@YAXHHHHH@Z 0044431f f   gl_main.obj
 0001:00043362       ?Fill@OpenGLDrv@@YAXHHHHI@Z 00444362 f   gl_main.obj
 0001:0004339e       ?TileClear@OpenGLDrv@@YAXHHHHPBD@Z 0044439e f   gl_main.obj
 0001:0004343f       ?DrawStretchPic@OpenGLDrv@@YAXHHHHPBD@Z 0044443f f   gl_main.obj
 0001:0004349f       ?DrawDetailedPic@OpenGLDrv@@YAXHHHHPBD@Z 0044449f f   gl_main.obj
 0001:00043546       ?DrawPic@OpenGLDrv@@YAXHHPBDHH@Z 00444546 f   gl_main.obj
 0001:000435cb       ?BeginRegistration@OpenGLDrv@@YAXPBD@Z 004445cb f   gl_main.obj
 0001:000435ef       ?RegisterPic@OpenGLDrv@@YAPAVCBasicImage@@PBD@Z 004445ef f   gl_main.obj
 0001:000435fd       ?RegisterSkin@OpenGLDrv@@YAPAVCBasicImage@@PBD_N@Z 004445fd f   gl_main.obj
 0001:0004361b       ?RegisterModel@OpenGLDrv@@YAPAVCRenderModel@@PBD@Z 0044461b f   gl_main.obj
 0001:00043626       ?SetSky@OpenGLDrv@@YAXPBDMABUCVec3@@@Z 00444626 f   gl_main.obj
 0001:000436c4       ?Screenshot@OpenGLDrv@@YAXHPBD@Z 004446c4 f   gl_main.obj
 0001:000436eb       ?GetClientLight@OpenGLDrv@@YAMXZ 004446eb f   gl_main.obj
 0001:000436f2       ?InitFuncTables@OpenGLDrv@@YAXXZ 004446f2 f   gl_math.obj
 0001:00043898       ?BuildRotationAxis@OpenGLDrv@@YAXAAUCAxis@@ABUCVec3@@M@Z 00444898 f   gl_math.obj
 0001:0004398f       ?GetBoxRect@OpenGLDrv@@YA_NPBUrefEntity_t@1@ABUCVec3@@QAM2_N@Z 0044498f f   gl_math.obj
 0001:00043c99       ?ProjectToScreen@OpenGLDrv@@YA_NABUCVec3@@QAH@Z 00444c99 f   gl_math.obj
 0001:00043ddc       ?SaturateColor3f@OpenGLDrv@@YAXAAUCVec3@@@Z 00444ddc f   gl_math.obj
 0001:00043ecc       ?SaturateColor4b@OpenGLDrv@@YAXPATcolor_t@@@Z 00444ecc f   gl_math.obj
 0001:00043fda       ?SubdividePlane@OpenGLDrv@@YAHPAPAUCVec3@@HM@Z 00444fda f   gl_poly.obj
 0001:0004445b       ?FreeSubdividedPlane@OpenGLDrv@@YAXXZ 0044545b f   gl_poly.obj
 0001:00044473       ?GetSubdivideIndexes@OpenGLDrv@@YAXPAH@Z 00445473 f   gl_poly.obj
 0001:000444c6       ?RemoveCollinearPoints@OpenGLDrv@@YAHPAPAUCVec3@@H@Z 004454c6 f   gl_poly.obj
 0001:000445bc       ?GetPolyArea@OpenGLDrv@@YAMPAPAUCVec3@@H@Z 004455bc f   gl_poly.obj
 0001:00044650       ?InitShaders@OpenGLDrv@@YAXXZ 00445650 f   gl_shader.obj
 0001:000447bb       ?ShutdownShaders@OpenGLDrv@@YAXXZ 004457bb f   gl_shader.obj
 0001:000447f9       ?GetLightmapImage@OpenGLDrv@@YAPAVimage_t@1@H@Z 004457f9 f   gl_shader.obj
 0001:00044821       ?SetShaderLightmap@OpenGLDrv@@YAPAVshader_t@1@PAV21@H@Z 00445821 f   gl_shader.obj
 0001:00044b40       ??4shader_t@OpenGLDrv@@QAEAAV01@ABV01@@Z 00445b40 f i gl_shader.obj
 0001:00044d76       ?SetShaderLightstyles@OpenGLDrv@@YAPAVshader_t@1@PAV21@I@Z 00445d76 f   gl_shader.obj
 0001:00044e12       ?GetAlphaShader@OpenGLDrv@@YAPAVshader_t@1@PAV21@@Z 00445e12 f   gl_shader.obj
 0001:000451f0       ?FindShader@OpenGLDrv@@YAPAVshader_t@1@PBDI@Z 004461f0 f   gl_shader.obj
 0001:00046aed       ?GetShaderByNum@OpenGLDrv@@YAPAVshader_t@1@H@Z 00447aed f   gl_shader.obj
 0001:00046b0b       ?ResetShaders@OpenGLDrv@@YAXXZ 00447b0b f   gl_shader.obj
 0001:00046cf6       ?Reload@shader_t@OpenGLDrv@@UAEXXZ 00447cf6 f   gl_shader.obj
 0001:00046d25       ?Insert@?$TList@VCStringItem@@@@QAE_NPAVCStringItem@@@Z 00447d25 f i gl_shader.obj
 0001:00046d25       ?Insert@?$TList@VshaderScript_t@OpenGLDrv@@@@QAE_NPAVshaderScript_t@OpenGLDrv@@@Z 00447d25 f i gl_shader.obj
 0001:00046d25       ?Insert@?$TList@VplayerModelInfo_t@@@@QAE_NPAVplayerModelInfo_t@@@Z 00447d25 f i gl_shader.obj
 0001:00046d5b       ?ClearSky@OpenGLDrv@@YAXXZ 00447d5b f   gl_sky.obj
 0001:00046db8       ?AddSkySurface@OpenGLDrv@@YAXPAVsurfacePlanar_t@1@E@Z 00447db8 f   gl_sky.obj
 0001:00047380       ?DrawSky@OpenGLDrv@@YAXXZ  00448380 f   gl_sky.obj
 0001:00047a24       ?DrawChar@OpenGLDrv@@YAXHHHH@Z 00448a24 f   gl_text.obj
 0001:00047a75       ?ClearTexts@OpenGLDrv@@YAXXZ 00448a75 f   gl_text.obj
 0001:00047a8a       ?FlushTexts@OpenGLDrv@@YAXXZ 00448a8a f   gl_text.obj
 0001:00047b36       ?DrawTextPos@OpenGLDrv@@YAXHHPBDI@Z 00448b36 f   gl_text.obj
 0001:00047b62       ?DrawTextLeft@OpenGLDrv@@YAXPBDI@Z 00448b62 f   gl_text.obj
 0001:00047be9       ?DrawTextRight@OpenGLDrv@@YAXPBDI@Z 00448be9 f   gl_text.obj
 0001:00047c33       ?DrawText3D@OpenGLDrv@@YAXABUCVec3@@PBDI@Z 00448c33 f   gl_text.obj
 0001:00047c60       ?InitTexts@OpenGLDrv@@YAXXZ 00448c60 f   gl_text.obj
 0001:00047c7a       ?FindModel@OpenGLDrv@@YAPAVmodel_t@1@PBD@Z 00448c7a f   gl_model.obj
 0001:00047e4f       ?FreeModels@OpenGLDrv@@YAXXZ 00448e4f f   gl_model.obj
 0001:00047ec1       ?InitModels@OpenGLDrv@@YAXXZ 00448ec1 f   gl_model.obj
 0001:00047fb7       ?ShutdownModels@OpenGLDrv@@YAXXZ 00448fb7 f   gl_model.obj
 0001:00047fc8       ?LoadWorldMap@OpenGLDrv@@YAXPBD@Z 00448fc8 f   gl_bspmodel.obj
 0001:00049ad0       ?PointInLeaf@OpenGLDrv@@YAPAUnode_t@1@ABUCVec3@@@Z 0044aad0 f   gl_bspmodel.obj
 0001:00049b1b       ?CALL_CONSTRUCTOR@@YAXPAVinlineModel_t@OpenGLDrv@@@Z 0044ab1b f i gl_bspmodel.obj
 0001:00049b31       ?LerpTag@model_t@OpenGLDrv@@UBE_NHHMPBDAAUCCoords@@@Z 0044ab31 f   gl_trimodel.obj
 0001:00049b3f       ?LerpTag@md3Model_t@OpenGLDrv@@UBE_NHHMPBDAAUCCoords@@@Z 0044ab3f f   gl_trimodel.obj
 0001:00049c4f       ?LoadMd2@OpenGLDrv@@YAPAVmd3Model_t@1@PBDPAEI@Z 0044ac4f f   gl_trimodel.obj
 0001:0004a77d       ?ATAN2_FUNC@OpenGLDrv@@YAMMM@Z 0044b77d f i gl_trimodel.obj
 0001:0004a933       ?LoadMd3@OpenGLDrv@@YAPAVmd3Model_t@1@PBDPAEI@Z 0044b933 f   gl_trimodel.obj
 0001:0004ade8       ?LoadSp2@OpenGLDrv@@YAPAVsprModel_t@1@PBDPAEI@Z 0044bde8 f   gl_trimodel.obj
 0001:0004b000       ?LoadSpr@OpenGLDrv@@YAPAVsprModel_t@1@PBDPAEI@Z 0044c000 f   gl_trimodel.obj
 0001:0004b109       ?CALL_CONSTRUCTOR@@YAXPAVmd3Model_t@OpenGLDrv@@@Z 0044c109 f i gl_trimodel.obj
 0001:0004b11f       ?CALL_CONSTRUCTOR@@YAXPAVsprModel_t@OpenGLDrv@@@Z 0044c11f f i gl_trimodel.obj
 0001:0004c720       ?QGL_Init@OpenGLDrv@@YA_NPBD@Z 0044d720 f   qgl_win.obj
 0001:0004c802       ?QGL_Shutdown@OpenGLDrv@@YAXXZ 0044d802 f   qgl_win.obj
 0001:0004c840       ?QGL_InitExtensions@OpenGLDrv@@YAXXZ 0044d840 f   qgl_win.obj
 0001:0004cd2c       ?QGL_PrintExtensionsString@OpenGLDrv@@YAXPBD00@Z 0044dd2c f   qgl_win.obj
 0001:0004ce79       ?QGL_EnableLogging@OpenGLDrv@@YAX_N@Z 0044de79 f   qgl_win.obj
 0001:0004cf33       ?QGL_LogMessage@OpenGLDrv@@YAXPBD@Z 0044df33 f   qgl_win.obj
 0001:0004cf4a       ?QGL_SwapBuffers@OpenGLDrv@@YAXXZ 0044df4a f   qgl_win.obj
 0001:0004cfcc       ?GLimp_HasGamma@OpenGLDrv@@YA_NXZ 0044dfcc f   gl_win.obj
 0001:0004cfe0       ?GLimp_SetGamma@OpenGLDrv@@YAXM@Z 0044dfe0 f   gl_win.obj
 0001:0004d188       ?GLimp_SetMode@OpenGLDrv@@YA_NPAI0H_N@Z 0044e188 f   gl_win.obj
 0001:0004d57e       ?GLimp_Shutdown@OpenGLDrv@@YAX_N@Z 0044e57e f   gl_win.obj
 0001:0004d62b       ?AppActivate@OpenGLDrv@@YAX_N@Z 0044e62b f   gl_win.obj
 0001:0004d69b       _jpeg_CreateDecompress     0044e69b f   lib:jdapimin.obj
 0001:0004d75b       _jpeg_destroy_compress     0044e75b f   lib:jdapimin.obj
 0001:0004d75b       _jpeg_destroy_decompress   0044e75b f   lib:jdapimin.obj
 0001:0004d766       _jpeg_read_header          0044e766 f   lib:jdapimin.obj
 0001:0004d7c8       _jpeg_consume_input        0044e7c8 f   lib:jdapimin.obj
 0001:0004da17       _jpeg_finish_decompress    0044ea17 f   lib:jdapimin.obj
 0001:0004daae       _jpeg_start_decompress     0044eaae f   lib:jdapistd.obj
 0001:0004dc1b       _jpeg_read_scanlines       0044ec1b f   lib:jdapistd.obj
 0001:0004dc9f       _jpeg_resync_to_restart    0044ec9f f   lib:jdmarker.obj
 0001:0004de64       _jinit_marker_reader       0044ee64 f   lib:jdmarker.obj
 0001:0004f32f       _jpeg_CreateCompress       0045032f f   lib:jcapimin.obj
 0001:0004f3e3       _jpeg_suppress_tables      004503e3 f   lib:jcapimin.obj
 0001:0004f42d       _jpeg_finish_compress      0045042d f   lib:jcapimin.obj
 0001:0004f517       _jpeg_start_compress       00450517 f   lib:jcapistd.obj
 0001:0004f583       _jpeg_write_scanlines      00450583 f   lib:jcapistd.obj
 0001:0004f62e       _jpeg_add_quant_table      0045062e f   lib:jcparam.obj
 0001:0004f6e0       _jpeg_quality_scaling      004506e0 f   lib:jcparam.obj
 0001:0004f707       _jpeg_set_quality          00450707 f   lib:jcparam.obj
 0001:0004f741       _jpeg_set_defaults         00450741 f   lib:jcparam.obj
 0001:0004f907       _jpeg_default_colorspace   00450907 f   lib:jcparam.obj
 0001:0004f957       _jpeg_set_colorspace       00450957 f   lib:jcparam.obj
 0001:0004fc72       _jpeg_stdio_dest           00450c72 f   lib:jdatadst.obj
 0001:0004fe92       _crc32                     00450e92 f   lib:crc32.obj
 0001:0005012c       _inflateReset              0045112c f   lib:inflate.obj
 0001:0005017a       _inflateInit2_             0045117a f   lib:inflate.obj
 0001:00050233       _inflate                   00451233 f   lib:inflate.obj
 0001:00051508       _inflateEnd                00452508 f   lib:inflate.obj
 0001:00051546       _jinit_input_controller    00452546 f   lib:jdinput.obj
 0001:00051a29       _jinit_memory_mgr          00452a29 f   lib:jmemmgr.obj
 0001:00052565       _jpeg_abort                00453565 f   lib:jcomapi.obj
 0001:00052598       _jpeg_destroy              00453598 f   lib:jcomapi.obj
 0001:000525b3       _jpeg_alloc_quant_table    004535b3 f   lib:jcomapi.obj
 0001:000525cf       _jpeg_alloc_huff_table     004535cf f   lib:jcomapi.obj
 0001:000525eb       _jpeg_calc_output_dimensions 004535eb f   lib:jdmaster.obj
 0001:000526eb       _jinit_master_decompress   004536eb f   lib:jdmaster.obj
 0001:00052a41       _jdiv_round_up             00453a41 f   lib:jutils.obj
 0001:00052a51       _jround_up                 00453a51 f   lib:jutils.obj
 0001:00052a69       _jcopy_sample_rows         00453a69 f   lib:jutils.obj
 0001:00052aa7       _jcopy_block_row           00453aa7 f   lib:jutils.obj
 0001:00052ac0       _jzero_far                 00453ac0 f   lib:jutils.obj
 0001:00052ad3       _jinit_marker_writer       00453ad3 f   lib:jcmarker.obj
 0001:000533af       _jinit_compress_master     004543af f   lib:jcinit.obj
 0001:00053408       _inflate_fast              00454408 f   lib:inffast.obj
 0001:000537bd       _inflate_table             004547bd f   lib:inftrees.obj
 0001:00053b71       _adler32                   00454b71 f   lib:adler32.obj
 0001:00053c8a       _jinit_c_codec             00454c8a f   lib:jcodec.obj
 0001:00053ca6       _jinit_d_codec             00454ca6 f   lib:jcodec.obj
 0001:00053cc2       _jpeg_get_large            00454cc2 f   lib:jmemnobs.obj
 0001:00053cc2       _jpeg_get_small            00454cc2 f   lib:jmemnobs.obj
 0001:00053cce       _jpeg_free_small           00454cce f   lib:jmemnobs.obj
 0001:00053cce       _jpeg_free_large           00454cce f   lib:jmemnobs.obj
 0001:00053cda       _jpeg_mem_available        00454cda f   lib:jmemnobs.obj
 0001:00053cdf       _jpeg_open_backing_store   00454cdf f   lib:jmemnobs.obj
 0001:00053cf3       ?EndRegistration@OpenGLDrv@@YAXXZ 00454cf3 f   lib:jmemnobs.obj
 0001:00053cf3       _jpeg_mem_term             00454cf3 f   lib:jmemnobs.obj
 0001:00053cf3       __setargv                  00454cf3 f   lib:jmemnobs.obj
 0001:00053cf4       _jinit_d_main_controller   00454cf4 f   lib:jdmainct.obj
 0001:0005433f       _jinit_d_post_controller   0045533f f   lib:jdpostct.obj
 0001:000545ea       _jinit_upsampler           004555ea f   lib:jdsample.obj
 0001:00054c28       _jinit_color_deconverter   00455c28 f   lib:jdcolor.obj
 0001:0005513e       _jinit_merged_upsampler    0045613e f   lib:jdmerge.obj
 0001:0005568e       _jinit_2pass_quantizer     0045668e f   lib:jquant2.obj
 0001:00056751       _jinit_1pass_quantizer     00457751 f   lib:jquant1.obj
 0001:00057177       _jinit_c_main_controller   00458177 f   lib:jcmainct.obj
 0001:000572e4       _jinit_c_prep_controller   004582e4 f   lib:jcprepct.obj
 0001:0005782f       _jinit_downsampler         0045882f f   lib:jcsample.obj
 0001:000580af       _jinit_color_converter     004590af f   lib:jccolor.obj
 0001:00058699       _jinit_c_master_control    00459699 f   lib:jcmaster.obj
 0001:00059188       _jinit_lossy_c_codec       0045a188 f   lib:jclossy.obj
 0001:00059223       _jinit_lossless_c_codec    0045a223 f   lib:jclossls.obj
 0001:000592bb       _jinit_lossy_d_codec       0045a2bb f   lib:jdlossy.obj
 0001:0005958e       _jinit_lossless_d_codec    0045a58e f   lib:jdlossls.obj
 0001:0005963e       _jinit_c_coef_controller   0045a63e f   lib:jccoefct.obj
 0001:00059cdd       _jinit_shuff_encoder       0045acdd f   lib:jcshuff.obj
 0001:0005a545       _jinit_phuff_encoder       0045b545 f   lib:jcphuff.obj
 0001:0005afea       _jinit_forward_dct         0045bfea f   lib:jcdctmgr.obj
 0001:0005b2b9       _jinit_c_diff_controller   0045c2b9 f   lib:jcdiffct.obj
 0001:0005b81f       _jinit_lhuff_encoder       0045c81f f   lib:jclhuff.obj
 0001:0005bf4c       _jinit_differencer         0045cf4c f   lib:jcpred.obj
 0001:0005c466       _jinit_c_scaler            0045d466 f   lib:jcscale.obj
 0001:0005c4dc       _jinit_d_coef_controller   0045d4dc f   lib:jdcoefct.obj
 0001:0005d1b8       _jinit_shuff_decoder       0045e1b8 f   lib:jdshuff.obj
 0001:0005d74d       _jinit_phuff_decoder       0045e74d f   lib:jdphuff.obj
 0001:0005e2ea       _jinit_inverse_dct         0045f2ea f   lib:jddctmgr.obj
 0001:0005e4ce       _jinit_d_diff_controller   0045f4ce f   lib:jddiffct.obj
 0001:0005e9fc       _jinit_d_scaler            0045f9fc f   lib:jdscale.obj
 0001:0005eafb       _jinit_undifferencer       0045fafb f   lib:jdpred.obj
 0001:0005eeb5       _jinit_lhuff_decoder       0045feb5 f   lib:jdlhuff.obj
 0001:0005f2aa       _jpeg_make_c_derived_tbl   004602aa f   lib:jchuff.obj
 0001:0005f4ac       _jpeg_gen_optimal_table    004604ac f   lib:jchuff.obj
 0001:0005f66b       _jpeg_fdct_float           0046066b f   lib:jfdctflt.obj
 0001:0005f870       _jpeg_make_d_derived_tbl   00460870 f   lib:jdhuff.obj
 0001:0005fb0d       _jpeg_fill_bit_buffer      00460b0d f   lib:jdhuff.obj
 0001:0005fc1c       _jpeg_huff_decode          00460c1c f   lib:jdhuff.obj
 0001:0005fcfc       _jpeg_idct_4x4             00460cfc f   lib:jidctred.obj
 0001:0005ffea       _jpeg_idct_2x2             00460fea f   lib:jidctred.obj
 0001:000601ac       _jpeg_idct_1x1             004611ac f   lib:jidctred.obj
 0001:000601e8       _jpeg_idct_float           004611e8 f   lib:jidctflt.obj
 0001:000605c0       __except_handler3          004615c0 f   MSVCRT:MSVCRT.dll
 0001:000605d0       __alloca_probe             004615d0 f   MSVCRT:chkstk.obj
 0001:000605d0       __chkstk                   004615d0 f   MSVCRT:chkstk.obj
 0001:000605ff       ??_Etype_info@@UAEPAXI@Z   004615ff f i MSVCRT:ti_inst.obj
 0001:000605ff       ??_Gtype_info@@UAEPAXI@Z   004615ff f i MSVCRT:ti_inst.obj
 0001:0006061c       __CxxThrowException@8      0046161c f   MSVCRT:MSVCRT.dll
 0001:00060622       _strlen                    00461622 f   MSVCRT:MSVCRT.dll
 0001:00060628       _strcmp                    00461628 f   MSVCRT:MSVCRT.dll
 0001:0006062e       _strcpy                    0046162e f   MSVCRT:MSVCRT.dll
 0001:00060634       _sin                       00461634 f   MSVCRT:MSVCRT.dll
 0001:0006063a       _tan                       0046163a f   MSVCRT:MSVCRT.dll
 0001:00060640       _cos                       00461640 f   MSVCRT:MSVCRT.dll
 0001:00060646       _fmod                      00461646 f   MSVCRT:MSVCRT.dll
 0001:0006064c       _acos                      0046164c f   MSVCRT:MSVCRT.dll
 0001:00060652       _atan                      00461652 f   MSVCRT:MSVCRT.dll
 0001:00060658       _strcat                    00461658 f   MSVCRT:MSVCRT.dll
 0001:0006065e       _memcpy                    0046165e f   MSVCRT:MSVCRT.dll
 0001:00060664       _memset                    00461664 f   MSVCRT:MSVCRT.dll
 0001:0006066a       _sqrt                      0046166a f   MSVCRT:MSVCRT.dll
 0001:00060670       _atan2                     00461670 f   MSVCRT:MSVCRT.dll
 0001:00060676       __purecall                 00461676 f   MSVCRT:MSVCRT.dll
 0001:0006067c       _pow                       0046167c f   MSVCRT:MSVCRT.dll
 0001:00060682       _asin                      00461682 f   MSVCRT:MSVCRT.dll
 0001:00060688       _WinMainCRTStartup         00461688 f   MSVCRT:crtexew.obj
 0001:000607e6       __ftol                     004617e6 f   MSVCRT:MSVCRT.dll
 0001:000607ec       ??1type_info@@UAE@XZ       004617ec f   MSVCRT:MSVCRT.dll
 0001:000607f2       __XcptFilter               004617f2 f   MSVCRT:MSVCRT.dll
 0001:000607f8       __initterm                 004617f8 f   MSVCRT:MSVCRT.dll
[...]
 0001:0005e66c       _start_iMCU_row            0045f66c f   lib:jddiffct.obj
 0001:0005e6b1       _start_output_pass         0045f6b1 f   lib:jddiffct.obj
 0001:0005e6bd       _decompress_data           0045f6bd f   lib:jddiffct.obj
 0001:0005e82d       _process_restart           0045f82d f   lib:jddiffct.obj
 0001:0005c84d       _dummy_consume_data        0045d84d f   lib:jdcoefct.obj
 0001:0005e862       _consume_data              0045f862 f   lib:jddiffct.obj
 0001:0005e8d9       _output_data               0045f8d9 f   lib:jddiffct.obj
 0001:0005e360       _start_pass                0045f360 f   lib:jddctmgr.obj
 0001:0005d7b2       _start_pass_phuff_decoder  0045e7b2 f   lib:jdphuff.obj
 0001:0005d9fb       _decode_mcu_DC_first       0045e9fb f   lib:jdphuff.obj
 0001:0005dbf3       _process_restart           0045ebf3 f   lib:jdphuff.obj
 0001:0005dc62       _decode_mcu_AC_first       0045ec62 f   lib:jdphuff.obj
 0001:0005de82       _decode_mcu_DC_refine      0045ee82 f   lib:jdphuff.obj
 0001:0005df57       _decode_mcu_AC_refine      0045ef57 f   lib:jdphuff.obj
 0001:0005d1f9       _start_pass_huff_decoder   0045e1f9 f   lib:jdshuff.obj
 0001:0005d331       _decode_mcu                0045e331 f   lib:jdshuff.obj
 0001:0005d6e1       _process_restart           0045e6e1 f   lib:jdshuff.obj
 0001:0005c5df       _start_input_pass          0045d5df f   lib:jdcoefct.obj
 0001:0005c5f2       _start_iMCU_row            0045d5f2 f   lib:jdcoefct.obj
 0001:0005c637       _start_output_pass         0045d637 f   lib:jdcoefct.obj
 0001:0005c674       _decompress_onepass        0045d674 f   lib:jdcoefct.obj
 0001:0005c84d       _dummy_consume_data        0045d84d f   lib:jdcoefct.obj
 0001:0005c850       _consume_data              0045d850 f   lib:jdcoefct.obj
 0001:0005ca09       _decompress_data           0045da09 f   lib:jdcoefct.obj
 0001:0005cb75       _smoothing_ok              0045db75 f   lib:jdcoefct.obj
 0001:0005cc60       _decompress_smooth_data    0045dc60 f   lib:jdcoefct.obj
 0001:0005c478       _scaler_start_pass         0045d478 f   lib:jcscale.obj
 0001:0005c49b       _simple_downscale          0045d49b f   lib:jcscale.obj
 0001:0005c4c7       _noscale                   0045d4c7 f   lib:jcscale.obj
 0001:0005bf70       _start_pass                0045cf70 f   lib:jcpred.obj
 0001:0005bfc8       _reset_predictor           0045cfc8 f   lib:jcpred.obj
 0001:0005bff5       _jpeg_difference_first_row 0045cff5 f   lib:jcpred.obj
 0001:0005c0df       _jpeg_difference1          0045d0df f   lib:jcpred.obj
 0001:0005c14d       _jpeg_difference2          0045d14d f   lib:jcpred.obj
 0001:0005c1be       _jpeg_difference3          0045d1be f   lib:jcpred.obj
 0001:0005c236       _jpeg_difference4          0045d236 f   lib:jcpred.obj
 0001:0005c2c1       _jpeg_difference5          0045d2c1 f   lib:jcpred.obj
 0001:0005c354       _jpeg_difference6          0045d354 f   lib:jcpred.obj
 0001:0005c3e3       _jpeg_difference7          0045d3e3 f   lib:jcpred.obj
 0001:0005b85f       _start_pass_huff           0045c85f f   lib:jclhuff.obj
 0001:0005b9fc       _encode_mcus_huff          0045c9fc f   lib:jclhuff.obj
 0001:0005bbe7       _emit_bits                 0045cbe7 f   lib:jclhuff.obj
 0001:0005bc8a       _dump_buffer               0045cc8a f   lib:jclhuff.obj
 0001:0005bcae       _emit_restart              0045ccae f   lib:jclhuff.obj
 0001:0005bcf9       _flush_bits                0045ccf9 f   lib:jclhuff.obj
 0001:0005bd1d       _finish_pass_huff          0045cd1d f   lib:jclhuff.obj
 0001:0005bd8a       _encode_mcus_gather        0045cd8a f   lib:jclhuff.obj
 0001:0005beb3       _finish_pass_gather        0045ceb3 f   lib:jclhuff.obj
 0001:0005bf49       _need_optimization_pass    0045cf49 f   lib:jclhuff.obj
 0001:0005b43d       _start_pass_diff           0045c43d f   lib:jcdiffct.obj
 0001:0005b4db       _start_iMCU_row            0045c4db f   lib:jcdiffct.obj
 0001:0005b51d       _compress_data             0045c51d f   lib:jcdiffct.obj
 0001:0005b6b3       _compress_first_pass       0045c6b3 f   lib:jcdiffct.obj
 0001:0005b7a8       _compress_output           0045c7a8 f   lib:jcdiffct.obj
 0001:0005b050       _start_pass_fdctmgr        0045c050 f   lib:jcdctmgr.obj
 0001:0005b152       _forward_DCT_float         0045c152 f   lib:jcdctmgr.obj
 0001:0005a585       _start_pass_phuff          0045b585 f   lib:jcphuff.obj
 0001:0005a6f2       _encode_mcu_DC_first       0045b6f2 f   lib:jcphuff.obj
 0001:0005a824       _emit_bits                 0045b824 f   lib:jcphuff.obj
 0001:0005a8cf       _dump_buffer               0045b8cf f   lib:jcphuff.obj
 0001:0005a907       _emit_symbol               0045b907 f   lib:jcphuff.obj
 0001:0005a947       _emit_restart              0045b947 f   lib:jcphuff.obj
 0001:0005a9d0       _emit_eobrun               0045b9d0 f   lib:jcphuff.obj
 0001:0005aa56       _encode_mcu_AC_first       0045ba56 f   lib:jcphuff.obj
 0001:0005abea       _encode_mcu_DC_refine      0045bbea f   lib:jcphuff.obj
 0001:0005aca4       _encode_mcu_AC_refine      0045bca4 f   lib:jcphuff.obj
 0001:0005aebb       _finish_pass_phuff         0045bebb f   lib:jcphuff.obj
 0001:0005af0a       _finish_pass_gather_phuff  0045bf0a f   lib:jcphuff.obj
 0001:0005afcd       _need_optimization_pass    0045bfcd f   lib:jcphuff.obj
 0001:00059d20       _start_pass_huff           0045ad20 f   lib:jcshuff.obj
 0001:00059e95       _encode_mcu_huff           0045ae95 f   lib:jcshuff.obj
 0001:00059fa0       _encode_one_block          0045afa0 f   lib:jcshuff.obj
 0001:0005a117       _emit_bits                 0045b117 f   lib:jcshuff.obj
 0001:0005a1ba       _dump_buffer               0045b1ba f   lib:jcshuff.obj
 0001:0005a1de       _emit_restart              0045b1de f   lib:jcshuff.obj
 0001:0005a24b       _flush_bits                0045b24b f   lib:jcshuff.obj
 0001:0005a26f       _finish_pass_huff          0045b26f f   lib:jcshuff.obj
 0001:0005a2de       _encode_mcu_gather         0045b2de f   lib:jcshuff.obj
 0001:0005a394       _htest_one_block           0045b394 f   lib:jcshuff.obj
 0001:0005a45b       _finish_pass_gather        0045b45b f   lib:jcshuff.obj
 0001:0005bf49       _need_optimization_pass    0045cf49 f   lib:jclhuff.obj
 0001:000596f3       _start_pass_coef           0045a6f3 f   lib:jccoefct.obj
 0001:0005b4db       _start_iMCU_row            0045c4db f   lib:jcdiffct.obj
 0001:00059788       _compress_data             0045a788 f   lib:jccoefct.obj
 0001:0005996f       _compress_first_pass       0045a96f f   lib:jccoefct.obj
 0001:00059b55       _compress_output           0045ab55 f   lib:jccoefct.obj
 0001:0005960b       _calc_output_dimensions    0045a60b f   lib:jdlossls.obj
 0001:0005961c       _start_input_pass          0045a61c f   lib:jdlossls.obj
 0001:0005934a       _calc_output_dimensions    0045a34a f   lib:jdlossy.obj
 0001:000594bd       _start_input_pass          0045a4bd f   lib:jdlossy.obj
 0001:000594dd       _latch_quant_tables        0045a4dd f   lib:jdlossy.obj
 0001:00059575       _start_output_pass         0045a575 f   lib:jdlossy.obj
 0001:00059299       _start_pass                0045a299 f   lib:jclossls.obj
 0001:00059205       _start_pass                0045a205 f   lib:jclossy.obj
 0001:0005875a       _initial_setup             0045975a f   lib:jcmaster.obj
 0001:0005890d       _validate_script           0045990d f   lib:jcmaster.obj
 0001:00058ce5       _prepare_for_pass          00459ce5 f   lib:jcmaster.obj
 0001:00058e5d       _select_scan_parameters    00459e5d f   lib:jcmaster.obj
 0001:00058f5e       _per_scan_setup            00459f5e f   lib:jcmaster.obj
 0001:00059109       _pass_startup              0045a109 f   lib:jcmaster.obj
 0001:00059130       _finish_pass_master        0045a130 f   lib:jcmaster.obj
 0001:00058246       _rgb_ycc_start             00459246 f   lib:jccolor.obj
 0001:0005830a       _rgb_ycc_convert           0045930a f   lib:jccolor.obj
 0001:00058409       _rgb_gray_convert          00459409 f   lib:jccolor.obj
 0001:0005848e       _cmyk_ycck_convert         0045948e f   lib:jccolor.obj
 0001:000585c6       _grayscale_convert         004595c6 f   lib:jccolor.obj
 0001:00058620       _null_convert              00459620 f   lib:jccolor.obj
 0001:0002c17d       _null_method               0042d17d f   images.obj
 0001:0002c17d       _start_pass_downsample     0042d17d f   images.obj
 0001:00057992       _sep_downsample            00458992 f   lib:jcsample.obj
 0001:00057a07       _int_downsample            00458a07 f   lib:jcsample.obj
 0001:00057aff       _expand_right_edge         00458aff f   lib:jcsample.obj
 0001:00057b54       _fullsize_downsample       00458b54 f   lib:jcsample.obj
 0001:00057b98       _h2v1_downsample           00458b98 f   lib:jcsample.obj
 0001:00057c2c       _h2v2_downsample           00458c2c f   lib:jcsample.obj
 0001:00057cd9       _h2v2_smooth_downsample    00458cd9 f   lib:jcsample.obj
 0001:00057f51       _fullsize_smooth_downsample 00458f51 f   lib:jcsample.obj
 0001:0005738e       _start_pass_prep           0045838e f   lib:jcprepct.obj
 0001:000573cc       _pre_process_data          004583cc f   lib:jcprepct.obj
 0001:0005757a       _pre_process_context       0045857a f   lib:jcprepct.obj
 0001:00057733       _create_context_buffer     00458733 f   lib:jcprepct.obj
 0001:00057206       _start_pass_main           00458206 f   lib:jcmainct.obj
 0001:00057248       _process_data_simple_main  00458248 f   lib:jcmainct.obj
 0001:000567dc       _create_colormap           004577dc f   lib:jquant1.obj
 0001:0005690e       _select_ncolors            0045790e f   lib:jquant1.obj
 0001:000569e5       _create_colorindex         004579e5 f   lib:jquant1.obj
 0001:00056b11       _alloc_fs_workspace        00457b11 f   lib:jquant1.obj
 0001:00056b4d       _start_pass_1_quant        00457b4d f   lib:jquant1.obj
 0001:00056c19       _create_odither_tables     00457c19 f   lib:jquant1.obj
 0001:00056c78       _make_odither_array        00457c78 f   lib:jquant1.obj
 0001:00056cdb       _color_quantize            00457cdb f   lib:jquant1.obj
 0001:00056d66       _color_quantize3           00457d66 f   lib:jquant1.obj
 0001:00056df4       _quantize_ord_dither       00457df4 f   lib:jquant1.obj
 0001:00056edf       _quantize3_ord_dither      00457edf f   lib:jquant1.obj
 0001:00056fdf       _quantize_fs_dither        00457fdf f   lib:jquant1.obj
 0001:0002c17d       _finish_pass_1_quant       0042d17d f   images.obj
 0001:00057163       _new_color_map_1_quant     00458163 f   lib:jquant1.obj
 0001:0005579d       _init_error_limit          0045679d f   lib:jquant2.obj
 0001:0005583c       _start_pass_2_quant        0045683c f   lib:jquant2.obj
 0001:0005593e       _prescan_quantize          0045693e f   lib:jquant2.obj
 0001:000559ad       _pass2_no_dither           004569ad f   lib:jquant2.obj
 0001:00055a5a       _fill_inverse_cmap         00456a5a f   lib:jquant2.obj
 0001:00055b25       _find_nearby_colors        00456b25 f   lib:jquant2.obj
 0001:00055cc9       _find_best_colors          00456cc9 f   lib:jquant2.obj
 0001:00055de3       _pass2_fs_dither           00456de3 f   lib:jquant2.obj
 0001:00056052       _finish_pass1              00457052 f   lib:jquant2.obj
 0001:00056074       _select_colors             00457074 f   lib:jquant2.obj
 0001:00056100       _update_box                00457100 f   lib:jquant2.obj
 0001:0005649a       _median_cut                0045749a f   lib:jquant2.obj
 0001:000565ae       _find_biggest_color_pop    004575ae f   lib:jquant2.obj
 0001:000565dd       _find_biggest_volume       004575dd f   lib:jquant2.obj
 0001:00056606       _compute_color             00457606 f   lib:jquant2.obj
 0001:0002c17d       _finish_pass2              0042d17d f   images.obj
 0001:00056742       _new_color_map_2_quant     00457742 f   lib:jquant2.obj
 0001:000551b4       _build_ycc_rgb_table       004561b4 f   lib:jdmerge.obj
 0001:00055264       _start_pass_merged_upsample 00456264 f   lib:jdmerge.obj
 0001:00055279       _merged_2v_upsample        00456279 f   lib:jdmerge.obj
 0001:00055320       _merged_1v_upsample        00456320 f   lib:jdmerge.obj
 0001:00055351       _h2v1_merged_upsample      00456351 f   lib:jdmerge.obj
 0001:000554a7       _h2v2_merged_upsample      004564a7 f   lib:jdmerge.obj
 0001:00054d58       _build_ycc_rgb_table       00455d58 f   lib:jdcolor.obj
 0001:00054e08       _ycc_rgb_convert           00455e08 f   lib:jdcolor.obj
 0001:00054f16       _null_convert              00455f16 f   lib:jdcolor.obj
 0001:00054f8e       _grayscale_convert         00455f8e f   lib:jdcolor.obj
 0001:00054fb1       _gray_rgb_convert          00455fb1 f   lib:jdcolor.obj
 0001:0005500a       _ycck_cmyk_convert         0045600a f   lib:jdcolor.obj
 0001:0002c17d       _start_pass_dcolor         0042d17d f   images.obj
 0001:000547b9       _start_pass_upsample       004557b9 f   lib:jdsample.obj
 0001:000547d3       _sep_upsample              004557d3 f   lib:jdsample.obj
 0001:000548a0       _fullsize_upsample         004558a0 f   lib:jdsample.obj
 0001:000548ab       _noop_upsample             004558ab f   lib:jdsample.obj
 0001:000548b3       _int_upsample              004558b3 f   lib:jdsample.obj
 0001:0005499d       _h2v1_upsample             0045599d f   lib:jdsample.obj
 0001:000549f4       _h2v2_upsample             004559f4 f   lib:jdsample.obj
 0001:00054a66       _h2v1_fancy_upsample       00455a66 f   lib:jdsample.obj
 0001:00054b09       _h2v2_fancy_upsample       00455b09 f   lib:jdsample.obj
 0001:000543c2       _start_pass_dpost          004553c2 f   lib:jdpostct.obj
 0001:00054468       _post_process_1pass        00455468 f   lib:jdpostct.obj
 0001:000544cd       _post_process_prepass      004554cd f   lib:jdpostct.obj
 0001:0005455e       _post_process_2pass        0045555e f   lib:jdpostct.obj
 0001:00053dc9       _alloc_funny_pointers      00454dc9 f   lib:jdmainct.obj
 0001:00053e76       _start_pass_main           00454e76 f   lib:jdmainct.obj
 0001:00053ede       _make_funny_pointers       00454ede f   lib:jdmainct.obj
 0001:0005401e       _process_data_simple_main  0045501e f   lib:jdmainct.obj
 0001:00054086       _process_data_context_main 00455086 f   lib:jdmainct.obj
 0001:00054198       _set_wraparound_pointers   00455198 f   lib:jdmainct.obj
 0001:00054282       _set_bottom_pointers       00455282 f   lib:jdmainct.obj
 0001:0005431c       _process_data_crank_post   0045531c f   lib:jdmainct.obj
 0001:00052b21       _write_marker_header       00453b21 f   lib:jcmarker.obj
 0001:00052b77       _emit_byte                 00453b77 f   lib:jcmarker.obj
 0001:00052ba8       _write_marker_byte         00453ba8 f   lib:jcmarker.obj
 0001:00052bb8       _write_file_header         00453bb8 f   lib:jcmarker.obj
 0001:00052c04       _emit_jfif_app0            00453c04 f   lib:jcmarker.obj
 0001:00052cd7       _emit_adobe_app14          00453cd7 f   lib:jcmarker.obj
 0001:00052d7d       _write_frame_header        00453d7d f   lib:jcmarker.obj
 0001:00052e5c       _emit_dqt                  00453e5c f   lib:jcmarker.obj
 0001:00052f4b       _emit_sof                  00453f4b f   lib:jcmarker.obj
 0001:00053027       _write_scan_header         00454027 f   lib:jcmarker.obj
 0001:000530e7       _emit_dht                  004540e7 f   lib:jcmarker.obj
 0001:000531c0       _emit_dri                  004541c0 f   lib:jcmarker.obj
 0001:0005320f       _emit_sos                  0045420f f   lib:jcmarker.obj
 0001:000532fd       _write_file_trailer        004542fd f   lib:jcmarker.obj
 0001:0005331d       _write_tables_only         0045431d f   lib:jcmarker.obj
 0001:00052676       _use_merged_upsample       00453676 f   lib:jdmaster.obj
 0001:0005271c       _master_selection          0045371c f   lib:jdmaster.obj
 0001:00052879       _prepare_range_limit_table 00453879 f   lib:jdmaster.obj
 0001:000528ff       _prepare_for_output_pass   004538ff f   lib:jdmaster.obj
 0001:00052a20       _finish_output_pass        00453a20 f   lib:jdmaster.obj
 0001:00051aed       _alloc_small               00452aed f   lib:jmemmgr.obj
 0001:00051c0b       _alloc_large               00452c0b f   lib:jmemmgr.obj
 0001:00051cbc       _alloc_sarray              00452cbc f   lib:jmemmgr.obj
 0001:00051d54       _alloc_barray              00452d54 f   lib:jmemmgr.obj
 0001:00051df8       _alloc_darray              00452df8 f   lib:jmemmgr.obj
 0001:00051ea3       _request_virt_sarray       00452ea3 f   lib:jmemmgr.obj
 0001:00051f04       _request_virt_barray       00452f04 f   lib:jmemmgr.obj
 0001:00051f65       _realize_virt_arrays       00452f65 f   lib:jmemmgr.obj
 0001:000520e8       _access_virt_sarray        004530e8 f   lib:jmemmgr.obj
 0001:00052208       _do_sarray_io              00453208 f   lib:jmemmgr.obj
 0001:00052298       _access_virt_barray        00453298 f   lib:jmemmgr.obj
 0001:000523bd       _do_barray_io              004533bd f   lib:jmemmgr.obj
 0001:0005244e       _free_pool                 0045344e f   lib:jmemmgr.obj
 0001:00052535       _self_destruct             00453535 f   lib:jmemmgr.obj
 0001:00051587       _start_input_pass          00452587 f   lib:jdinput.obj
 0001:000515b5       _per_scan_setup            004525b5 f   lib:jdinput.obj
 0001:0005173b       _finish_input_pass         0045273b f   lib:jdinput.obj
 0001:0005174c       _consume_markers           0045274c f   lib:jdinput.obj
 0001:000517e8       _initial_setup             004527e8 f   lib:jdinput.obj
 0001:000519f2       _reset_input_controller    004529f2 f   lib:jdinput.obj
 0001:00051340       _fixedtables               00452340 f   lib:inflate.obj
 0001:0005142a       _updatewindow              0045242a f   lib:inflate.obj
 0001:0004fd72       _make_crc_table            00450d72 f   lib:crc32.obj
 0001:0004febf       _crc32_little              00450ebf f   lib:crc32.obj
 0001:0004fcae       _init_destination          00450cae f   lib:jdatadst.obj
 0001:0004fcd4       _empty_output_buffer       00450cd4 f   lib:jdatadst.obj
 0001:0004fd16       _term_destination          00450d16 f   lib:jdatadst.obj
 0001:0004f835       _std_huff_tables           00450835 f   lib:jcparam.obj
 0001:0004f88f       _add_huff_table            0045088f f   lib:jcparam.obj
 0001:0004dd8d       _next_marker               0044ed8d f   lib:jdmarker.obj
 0001:0004dec7       _get_interesting_appn      0044eec7 f   lib:jdmarker.obj
 0001:0004dff2       _examine_app0              0044eff2 f   lib:jdmarker.obj
 0001:0004e200       _examine_app14             0044f200 f   lib:jdmarker.obj
 0001:0004e2c1       _skip_variable             0044f2c1 f   lib:jdmarker.obj
 0001:0004e364       _read_markers              0044f364 f   lib:jdmarker.obj
 0001:0004e56c       _get_soi                   0044f56c f   lib:jdmarker.obj
 0001:0004e617       _get_sof                   0044f617 f   lib:jdmarker.obj
 0001:0004e920       _get_sos                   0044f920 f   lib:jdmarker.obj
 0001:0004ec0e       _get_dht                   0044fc0e f   lib:jdmarker.obj
 0001:0004eeaf       _get_dqt                   0044feaf f   lib:jdmarker.obj
 0001:0004f10b       _get_dri                   0045010b f   lib:jdmarker.obj
 0001:0004f1ea       _first_marker              004501ea f   lib:jdmarker.obj
 0001:0004f286       _read_restart_marker       00450286 f   lib:jdmarker.obj
 0001:0004f304       _reset_marker_reader       00450304 f   lib:jdmarker.obj
 0001:0004db71       _output_pass_setup         0044eb71 f   lib:jdapistd.obj
 0001:0004d864       _default_decompress_parms  0044e864 f   lib:jdapimin.obj

 182 bytes saved through ICF

