 Quake2

 Timestamp is 44df4379 (Sun Aug 13 19:21:29 2006)

 Preferred load address is 00400000

 Start         Length     Name                   Class
 0001:00000000 00067660H .text                   CODE
 0002:00000000 00000294H .idata$5                DATA
 0002:00000298 000075bcH .rdata                  DATA
 0002:00007858 00000044H .rdata$r                DATA
 0002:000078a0 00000038H .xdata$x                DATA
 0002:000078d8 00000078H .idata$2                DATA
 0002:00007950 00000014H .idata$3                DATA
 0002:00007964 00000294H .idata$4                DATA
 0002:00007bf8 0000086aH .idata$6                DATA
 0002:00008462 00000000H .edata                  DATA
 0003:00000000 00000004H .CRT$XCA                DATA
 0003:00000004 00000088H .CRT$XCU                DATA
 0003:0000008c 00000004H .CRT$XCZ                DATA
 0003:00000090 00000004H .CRT$XIA                DATA
 0003:00000094 00000004H .CRT$XIZ                DATA
 0003:000000a0 0000e64cH .data                   DATA
 0003:0000e6f0 0045b868H .bss                    DATA
 0004:00000000 00000130H .rsrc$01                DATA
 0004:00000130 00003f20H .rsrc$02                DATA

  Address         Publics by Value              Rva+Base     Lib:Object

 0001:00000000       ??3@YAXPAX@Z               00401000 f i CoreMain.obj
 0001:0000000e       ?appTimestamp@@YAPBDXZ     0040100e f   CoreMain.obj
 0001:00000043       ?appInit@@YAXXZ            00401043 f   CoreMain.obj
 0001:000000c3       ?appExit@@YAXXZ            004010c3 f   CoreMain.obj
 0001:000000cd       ?appMilliseconds@@YAIXZ    004010cd f   CoreWin32.obj
 0001:000000d3       ?appPackage@@YAPBDXZ       004010d3 f   CoreWin32.obj
 0001:0000012b       ?appGetSystemErrorMessage@@YAPBDI@Z 0040112b f   CoreWin32.obj
 0001:0000018f       ?appDisplayError@@YAXXZ    0040118f f   CoreWin32.obj
 0001:000001e0       ?appInitPlatform@@YAXXZ    004011e0 f   CoreWin32.obj
 0001:00000373       ?appShutdownPlatform@@YAXXZ 00401373 f   CoreWin32.obj
 0001:0000037c       ?sprintf@?$TString@$0BAA@@@QAAHPBDZZ 0040137c f i CoreWin32.obj
 0001:00000399       ?appDetectCPU@@YAXXZ       00401399 f   CoreCpuid.obj
 0001:0000064d       ?appLoadDebugSymbols@@YAXXZ 0040164d f   DbgSymbols.obj
 0001:0000080b       ?appSymbolName@@YA_NIPADH@Z 0040180b f   DbgSymbols.obj
 0001:00000901       ?appSymbolName@@YAPBDI@Z   00401901 f   DbgSymbols.obj
 0001:00000939       ?osGetAddressPackage@@YA_NIPADHAAH@Z 00401939 f   DbgSymbolsWin32.obj
 0001:000009cd       ?osGetAddressSymbol@@YA_NIPADHAAH@Z 004019cd f   DbgSymbolsWin32.obj
 0001:00000b74       ?appMalloc@@YAPAXIH@Z      00401b74 f   Memory.obj
 0001:00000c79       ?appFree@@YAXPAX@Z         00401c79 f   Memory.obj
 0001:00000cf8       ?Unlink@FMemHeader@@QAEXXZ 00401cf8 f i Memory.obj
 0001:00000d23       ?Link@CMemoryChain@@AAEXXZ 00401d23 f   Memory.obj
 0001:00000d42       ?Unlink@CMemoryChain@@AAEXXZ 00401d42 f   Memory.obj
 0001:00000d6d       ??2CMemoryChain@@SAPAXIH@Z 00401d6d f   Memory.obj
 0001:00000e36       ??3CMemoryChain@@SAXPAX@Z  00401e36 f   Memory.obj
 0001:00000eb7       ?Alloc@CMemoryChain@@QAEPAXIH@Z 00401eb7 f   Memory.obj
 0001:00000f83       ?GetSize@CMemoryChain@@QAEHXZ 00401f83 f   Memory.obj
 0001:00000f91       ?BuildAllocatorsTable@@YAHPAXH@Z 00401f91 f   Memory.obj
 0001:00001102       ?appInitMemory@@YAXXZ      00402102 f   Memory.obj
 0001:000014ea       ?Write@COutputDeviceNull@@UAEXPBD@Z 004024ea f i OutputDevice.obj
 0001:00001504       ??_ECOutputDevice@@UAEPAXI@Z 00402504 f i OutputDevice.obj
 0001:00001504       ??_ECOutputDeviceNull@@UAEPAXI@Z 00402504 f i OutputDevice.obj
 0001:00001504       ??_GCOutputDeviceNull@@UAEPAXI@Z 00402504 f i OutputDevice.obj
 0001:00001504       ??_GCOutputDevice@@UAEPAXI@Z 00402504 f i OutputDevice.obj
 0001:00001547       ?Write@COutputDeviceLog@@UAEXPBD@Z 00402547 f i OutputDevice.obj
 0001:00001592       ??_GCOutputDeviceLog@@UAEPAXI@Z 00402592 f i OutputDevice.obj
 0001:00001592       ??_ECOutputDeviceLog@@UAEPAXI@Z 00402592 f i OutputDevice.obj
 0001:000015b2       ?Printf@COutputDevice@@QAAXPBDZZ 004025b2 f   OutputDevice.obj
 0001:00001623       ?Register@COutputDevice@@QAEXXZ 00402623 f   OutputDevice.obj
 0001:0000167f       ?Unregister@COutputDevice@@QAEXXZ 0040267f f   OutputDevice.obj
 0001:000016d2       ?appPrintf@@YAXPBDZZ       004026d2 f   OutputDevice.obj
 0001:00001809       ?appWPrintf@@YAXPBDZZ      00402809 f   OutputDevice.obj
 0001:0000186c       ??0COutputDeviceMemTail@@QAE@H@Z 0040286c f i ErrorMgr.obj
 0001:0000189d       ?Write@COutputDeviceMemTail@@UAEXPBD@Z 0040289d f i ErrorMgr.obj
 0001:000019b9       ??_ECOutputDeviceMemTail@@UAEPAXI@Z 004029b9 f i ErrorMgr.obj
 0001:000019b9       ??_GCOutputDeviceMemTail@@UAEPAXI@Z 004029b9 f i ErrorMgr.obj
 0001:000019d8       ??1COutputDeviceMemTail@@UAE@XZ 004029d8 f i ErrorMgr.obj
 0001:00001a21       ??0COutputDeviceFile@@QAE@XZ 00402a21 f i ErrorMgr.obj
 0001:00001a36       ?Write@COutputDeviceFile@@UAEXPBD@Z 00402a36 f i ErrorMgr.obj
 0001:00001a8d       ?Flush@COutputDeviceFile@@UAEXXZ 00402a8d f i ErrorMgr.obj
 0001:00001a9d       ?Close@COutputDeviceFile@@UAEXXZ 00402a9d f i ErrorMgr.obj
 0001:00001ab5       ??_ECOutputDeviceFile@@UAEPAXI@Z 00402ab5 f i ErrorMgr.obj
 0001:00001ab5       ??_GCOutputDeviceFile@@UAEPAXI@Z 00402ab5 f i ErrorMgr.obj
 0001:00001ad4       ??1COutputDeviceFile@@UAE@XZ 00402ad4 f i ErrorMgr.obj
 0001:00001b13       ?appBeginError@@YAPAVCOutputDevice@@PBD@Z 00402b13 f   ErrorMgr.obj
 0001:00001bde       ?appGetErrorLog@@YAPAVCOutputDevice@@XZ 00402bde f   ErrorMgr.obj
 0001:00001c49       ?Open@COutputDeviceFile@@QAEXPBD_N@Z 00402c49 f i ErrorMgr.obj
 0001:00001c8f       ?appFatalError@@YAXPBDZZ   00402c8f f   ErrorMgr.obj
 0001:00001ce5       ?appNonFatalError@@YAXPBDZZ 00402ce5 f   ErrorMgr.obj
 0001:00001d47       ?appUnwindPrefix@@YAXPBD@Z 00402d47 f   ErrorMgr.obj
 0001:00001df9       ?appUnwindThrow@@YAXPBDZZ  00402df9 f   ErrorMgr.obj
 0001:00001e6f       ?Reset@CErrorHandler@@QAEXXZ 00402e6f f   ErrorMgr.obj
 0001:00001ea0       ?appInitError@@YAXXZ       00402ea0 f   ErrorMgr.obj
 0001:00001f95       ?appShutdownError@@YAXXZ   00402f95 f   ErrorMgr.obj
 0001:0000201f       ?GetTail@COutputDeviceMemTail@@QAEPBDH@Z 0040301f f i ErrorMgr.obj
 0001:00002045       ?sprintf@?$TString@$0CAA@@@QAAHPBDZZ 00403045 f i ErrorMgr.obj
 0001:00002062       ?win32ExceptFilter@@YGJPAU_EXCEPTION_POINTERS@@@Z 00403062 f   ExceptHandlerWin32.obj
 0001:00002205       ?win32ExceptFilter2@@YAIXZ 00403205 f   ExceptHandlerWin32.obj
 0001:0000220e       ?sprintf@?$TString@$0EAA@@@QAAHPBDZZ 0040320e f i ExceptHandlerWin32.obj
 0001:0000222b       ?DumpRegs@@YAXPAVCOutputDevice@@PAU_CONTEXT@@@Z 0040322b f   ExceptDumpers.obj
 0001:0000233c       ?DumpMem@@YAXPAVCOutputDevice@@PBIPAU_CONTEXT@@@Z 0040333c f   ExceptDumpers.obj
 0001:0000257b       ?UnwindEbpFrame@@YAXPAVCOutputDevice@@PBI@Z 0040357b f   ExceptDumpers.obj
 0001:0000260c       ?GetLine@CSimpleParser@@QAEPBDXZ 0040360c f   ScriptParser.obj
 0001:00002723       ?SkipBraces@CSimpleParser@@QAEPBDXZ 00403723 f   ScriptParser.obj
 0001:00002759       ?appStricmp@@YAHPBD0@Z     00403759 f   Strings.obj
 0001:00002790       ?toLower@@YADD@Z           00403790 f i Strings.obj
 0001:000027ab       ?appStrncpylwr@@YAXPADPBDH@Z 004037ab f   Strings.obj
 0001:000027e3       ?appStrncpyz@@YAXPADPBDH@Z 004037e3 f   Strings.obj
 0001:00002810       ?appStrcatn@@YAXPADHPBD@Z  00403810 f   Strings.obj
 0001:0000283c       ?appCopyFilename@@YAXPADPBDH@Z 0040383c f   Strings.obj
 0001:00002964       ?appCStrlen@@YAHPBD@Z      00403964 f   Strings.obj
 0001:0000298c       ?appUncolorizeString@@YAXPADPBD@Z 0040398c f   Strings.obj
 0001:000029be       ?va@@YAPBDPBDZZ            004039be f   Strings.obj
 0001:00002ab2       ?appSprintf@@YAHPADHPBDZZ  00403ab2 f   Strings.obj
 0001:00002b51       ?appMatchWildcard@@YA_NPBD0_N@Z 00403b51 f   Strings.obj
 0001:00002d96       ?appIsWildcard@@YA_NPBD@Z  00403d96 f   Strings.obj
 0001:00002dc2       ?appStrdup@@YAPADPBD@Z     00403dc2 f   Strings.obj
 0001:00002e03       ?appStrdup@@YAPADPBDPAVCMemoryChain@@@Z 00403e03 f   Strings.obj
 0001:00002e38       ??0CStringItem@@QAE@XZ     00403e38 f   Strings.obj
 0001:00002e43       ??2CStringItem@@SAPAXIPBD@Z 00403e43 f   Strings.obj
 0001:00002edd       ??2CStringItem@@SAPAXIPBDPAVCMemoryChain@@@Z 00403edd f   Strings.obj
 0001:00002f52       ?Find@CStringList@@IAEPAVCStringItem@@PBDPAPAV2@@Z 00403f52 f   Strings.obj
 0001:00002fdd       ?Find@CStringList@@IAEPAVCStringItem@@H@Z 00403fdd f   Strings.obj
 0001:00003049       ?IndexOf@CStringList@@QAEHPBD@Z 00404049 f   Strings.obj
 0001:000030cb       ?Remove@CStringList@@QAE_NPAVCStringItem@@@Z 004040cb f   Strings.obj
 0001:0000314f       ?Add@CTextContainer@@QAEPAUCTextRec@@PBD@Z 0040414f f   TextContainer.obj
 0001:000031fb       ?Enumerate@CTextContainer@@QAEXP6AXPBUCTextRec@@@Z@Z 004041fb f   TextContainer.obj
 0001:00003267       ?SubtractPath@@YAPBDPBD0@Z 00404267 f   FileSystem.obj
 0001:000032ff       ?appMakeDirectoryForFile@@YAXPBD@Z 004042ff f   FileSystem.obj
 0001:00003335       ?appOpenFile@@YAPAVCFile@@PBD@Z 00404335 f   FileSystem.obj
 0001:00003372       ?Read@CFileOS@@UAEHPAXH@Z  00404372 f i FileSystem.obj
 0001:00003399       ?GetSize@CFileOS@@UAEHXZ   00404399 f i FileSystem.obj
 0001:000033e4       ?Eof@CFileOS@@UAE_NXZ      004043e4 f i FileSystem.obj
 0001:000033f8       ??_ECFileOS@@UAEPAXI@Z     004043f8 f i FileSystem.obj
 0001:000033f8       ??_GCFileOS@@UAEPAXI@Z     004043f8 f i FileSystem.obj
 0001:0000342d       ??_ECFile@@UAEPAXI@Z       0040442d f i FileSystem.obj
 0001:0000342d       ??_GCFile@@UAEPAXI@Z       0040442d f i FileSystem.obj
 0001:0000344d       ?ReadByte@CFile@@QAEEXZ    0040444d f   FileSystem.obj
 0001:00003465       ?ReadInt@CFile@@QAEHXZ     00404465 f   FileSystem.obj
 0001:0000347d       ?ReadString@CFile@@QAEXPADH@Z 0040447d f   FileSystem.obj
 0001:000034ba       ?GetType@CFileContainer@@MAEPBDXZ 004044ba f   FileSystem.obj
 0001:000034c0       ?Mount@CFileSystem@@QAEXAAVCFileContainer@@PBD@Z 004044c0 f   FileSystem.obj
 0001:00003516       ?Umount@CFileSystem@@QAEXAAVCFileContainer@@@Z 00404516 f   FileSystem.obj
 0001:00003550       ?MountDirectory@CFileSystem@@QAEPAVCFileContainer@@PBD0@Z 00404550 f   FileSystem.obj
 0001:00003595       ?GetType@CFileContainerOS@@MAEPBDXZ 00404595 f i FileSystem.obj
 0001:0000359b       ?FileExists@CFileContainerOS@@UAE_NPBD@Z 0040459b f i FileSystem.obj
 0001:000035c5       ?OpenFile@CFileContainerOS@@UAEPAVCFile@@PBD@Z 004045c5 f i FileSystem.obj
 0001:000035e5       ?List@CFileContainerOS@@UAEXAAVCFileList@@PBDI@Z 004045e5 f i FileSystem.obj
 0001:0000360e       ??_GCFileContainerOS@@UAEPAXI@Z 0040460e f i FileSystem.obj
 0001:0000360e       ??_ECFileContainerOS@@UAEPAXI@Z 0040460e f i FileSystem.obj
 0001:0000362e       ??_ECFileContainer@@UAEPAXI@Z 0040462e f i FileSystem.obj
 0001:0000362e       ??_GCFileContainer@@UAEPAXI@Z 0040462e f i FileSystem.obj
 0001:0000364e       ?MountArchive@CFileSystem@@QAEPAVCFileContainer@@PBD0@Z 0040464e f   FileSystem.obj
 0001:00003765       ?Mount@CFileSystem@@QAEXPBD0@Z 00404765 f   FileSystem.obj
 0001:00003997       ?Umount@CFileSystem@@QAEXPBD@Z 00404997 f   FileSystem.obj
 0001:00003a33       ?List@CFileSystem@@UAEPAVCFileList@@PBDIPAV2@@Z 00404a33 f   FileSystem.obj
 0001:00003bee       ?RegisterFormat@CFileSystem@@SAXP6APAVCFileContainer@@PBDPAU_iobuf@@@Z@Z 00404bee f   FileSystem.obj
 0001:00003c32       ?FileExists@CFileSystem@@UAE_NPBDI@Z 00404c32 f   FileSystem.obj
 0001:00003cb1       ?OpenFile@CFileSystem@@UAEPAVCFile@@PBDI@Z 00404cb1 f   FileSystem.obj
 0001:00003d56       ?LoadFile@CFileSystem@@QAEPAXPBDPAI@Z 00404d56 f   FileSystem.obj
 0001:00003e26       ?cMount@@YAX_NHPAPAD@Z     00404e26 f   FileSystem.obj
 0001:00003f64       ?cUmount@@YAX_NHPAPAD@Z    00404f64 f   FileSystem.obj
 0001:00003f93       ?appInitFileSystem@@YAXAAVCFileSystem@@@Z 00404f93 f   FileSystem.obj
 0001:0000438a       ?appListDirectory@@YAXPBDAAVCFileList@@I@Z 0040538a f   FileSystemWin32.obj
 0001:000045d1       ?appMakeDirectory@@YAXPBD@Z 004055d1 f   FileSystemWin32.obj
 0001:0000463b       ?appFileType@@YAIPBD@Z     0040563b f   FileSystemWin32.obj
 0001:0000467b       ?FindDir@CFileContainerArc@@IAEPAVFDirInfo@1@PBD_N@Z 0040567b f   FileContainerArc.obj
 0001:00004734       ?FindFile@CFileContainerArc@@IAEPAVCStringItem@@PBD@Z 00405734 f   FileContainerArc.obj
 0001:0000479f       ?FileExists@CFileContainerArc@@UAE_NPBD@Z 0040579f f   FileContainerArc.obj
 0001:000047b4       ?OpenFile@CFileContainerArc@@UAEPAVCFile@@PBD@Z 004057b4 f   FileContainerArc.obj
 0001:000047d3       ?List@CFileContainerArc@@UAEXAAVCFileList@@PBDI@Z 004057d3 f   FileContainerArc.obj
 0001:00004940       ??E?$TStringSplitter@$0BAA@$0CP@@@QAEXXZ 00405940 f i FileContainerArc.obj
 0001:000049c2       ?GetLength@CVec3@@QAEMXZ   004059c2 f   Math3D.obj
 0001:000049ed       ?Normalize@CVec3@@QAEMXZ   004059ed f   Math3D.obj
 0001:00004a3f       ?VectorNormalize@@YAMABUCVec3@@AAU1@@Z 00405a3f f   Math3D.obj
 0001:00004aa9       ?NormalizeFast@CVec3@@QAEMXZ 00405aa9 f   Math3D.obj
 0001:00004afa       ?FindAxisVectors@CVec3@@QBEXAAU1@0@Z 00405afa f   Math3D.obj
 0001:00004b6a       ?cross@@YAXABUCVec3@@0AAU1@@Z 00405b6a f   Math3D.obj
 0001:00004ba6       ?VectorDistance@@YAMABUCVec3@@0@Z 00405ba6 f   Math3D.obj
 0001:00004bd5       ?Setup@CPlane@@QAEXXZ      00405bd5 f   Math3D.obj
 0001:00004c83       ?Clear@CBox@@QAEXXZ        00405c83 f   Math3D.obj
 0001:00004ca1       ?Expand@CBox@@QAEXABUCVec3@@@Z 00405ca1 f   Math3D.obj
 0001:00004cd3       ?Expand@CBox@@QAEXABU1@@Z  00405cd3 f   Math3D.obj
 0001:00004d12       ?GetCenter@CBox@@QBEXAAUCVec3@@@Z 00405d12 f   Math3D.obj
 0001:00004d35       ?Contains@CBox@@QBE_NABUCVec3@@@Z 00405d35 f   Math3D.obj
 0001:00004d69       ?Intersects@CBox@@QBE_NABU1@@Z 00405d69 f   Math3D.obj
 0001:00004da8       ?OnPlaneSide@CBox@@QBEHABUCPlane@@@Z 00405da8 f   Math3D.obj
 0001:00004ed7       ?FromEuler@CAxis@@QAEXABUCVec3@@@Z 00405ed7 f   Math3D.obj
 0001:00004f16       ?TransformVector@CAxis@@QBEXABUCVec3@@AAU2@@Z 00405f16 f   Math3D.obj
 0001:00004f69       ?UnTransformVector@CAxis@@QBEXABUCVec3@@AAU2@@Z 00405f69 f   Math3D.obj
 0001:00004fcd       ?TransformAxis@CAxis@@QBEXABU1@AAU1@@Z 00405fcd f   Math3D.obj
 0001:00005013       ?UnTransformAxis@CAxis@@QBEXABU1@AAU1@@Z 00406013 f   Math3D.obj
 0001:00005059       ?TransformPoint@CCoords@@QBEXABUCVec3@@AAU2@@Z 00406059 f   Math3D.obj
 0001:000050b9       ?UnTransformPoint@CCoords@@QBEXABUCVec3@@AAU2@@Z 004060b9 f   Math3D.obj
 0001:00005126       ?UnTransformCoords@CCoords@@QBEXABU1@AAU1@@Z 00406126 f   Math3D.obj
 0001:00005152       ?TransformPlane@CCoords@@QBEXABUCPlane@@AAU2@@Z 00406152 f   Math3D.obj
 0001:0000518c       ?TransformPoint@@YAXABUCVec3@@ABUCAxis@@0AAU1@@Z 0040618c f   Math3D.obj
 0001:000051ef       ?UnTransformPoint@@YAXABUCVec3@@ABUCAxis@@0AAU1@@Z 004061ef f   Math3D.obj
 0001:0000525f       ?Euler2Vecs@@YAXABUCVec3@@PAU1@11@Z 0040625f f   Math3D.obj
 0001:000053bf       ?Vec2Euler@@YAXABUCVec3@@AAU1@@Z 004063bf f   Math3D.obj
 0001:000054c2       ?Vec2Yaw@@YAMABUCVec3@@@Z  004064c2 f   Math3D.obj
 0001:00005535       ?appRsqrt@@YAMM@Z          00406535 f   MathMisc.obj
 0001:00005561       ?NormalizeColor@@YAMABUCVec3@@AAU1@@Z 00406561 f   MathMisc.obj
 0001:000055bf       ?NormalizeColor255@@YAMABUCVec3@@AAU1@@Z 004065bf f   MathMisc.obj
 0001:00005621       ?SCR_StopCinematic@@YAXXZ  00406621 f   cl_cin.obj
 0001:000056b5       ?SCR_DrawCinematic@@YA_NXZ 004066b5 f   cl_cin.obj
 0001:00005aac       ?SCR_PlayCinematic@@YAXPBD@Z 00406aac f   cl_cin.obj
 0001:00005e03       ?sprintf@?$TString@$0EA@@@QAAHPBDZZ 00406e03 f i cl_cin.obj
 0001:00005e1d       ?CL_Download_f@@YAX_NHPAPAD@Z 00406e1d f   cl_download.obj
 0001:000061ca       ?CL_ParseDownload@@YAXXZ   004071ca f   cl_download.obj
 0001:000069ec       ?CL_Precache_f@@YAXHPAPAD@Z 004079ec f   cl_download.obj
 0001:00006a4a       ?sprintf@?$TString@$0IA@@@QAAHPBDZZ 00407a4a f i cl_download.obj
 0001:00006a67       ?CL_ParseDelta@@YAXPAUclEntityState_t@@0HI_N@Z 00407a67 f   cl_ents.obj
 0001:00006be7       ?CL_ParseFrame@@YAXXZ      00407be7 f   cl_ents.obj
 0001:0000729c       ?CL_AddEntityBox@@YAXPAUclEntityState_t@@I@Z 0040829c f   cl_ents.obj
 0001:000073a0       ?Lerp@@YAXABUCVec3@@0MAAU1@@Z 004083a0 f i cl_ents.obj
 0001:000073d7       ?CL_OffsetThirdPersonView@@YAXXZ 004083d7 f   cl_ents.obj
 0001:000074bf       ?CL_AddEntities@@YAXXZ     004084bf f   cl_ents.obj
 0001:00008400       ?CL_ClearLightStyles@@YAXXZ 00409400 f   cl_fx.obj
 0001:00008482       ?CL_SetLightstyle@@YAXHPBD@Z 00409482 f   cl_fx.obj
 0001:000084e3       ?CL_AllocDlight@@YAPAUcdlight_t@@HABUCVec3@@@Z 004094e3 f   cl_fx.obj
 0001:0000854e       ?CL_AllocParticleTrace@@YAPAUparticleTrace_t@@ABUCVec3@@0MM@Z 0040954e f   cl_fx.obj
 0001:000085dd       ?CL_AllocParticleBeam@@YAPAUbeam_t@@ABUCVec3@@0MM@Z 004095dd f   cl_fx.obj
 0001:00008652       ?CL_AllocParticle@@YAPAUparticle_t@@XZ 00409652 f   cl_fx.obj
 0001:000086a5       ?CL_MetalSparks@@YAXABUCVec3@@0H@Z 004096a5 f   cl_fx.obj
 0001:000087a3       ?CL_AddEffects@@YAXXZ      004097a3 f   cl_fx.obj
 0001:00008ea6       ?CL_ClearEffects@@YAXXZ    00409ea6 f   cl_fx.obj
 0001:00008f28       ?CL_EntityEvent@@YAXPAUclEntityState_t@@@Z 00409f28 f   cl_fx.obj
 0001:000090df       ?CL_ParseMuzzleFlash@@YAXXZ 0040a0df f   cl_fx.obj
 0001:0000944f       ?CL_ParseMuzzleFlash2@@YAXXZ 0040a44f f   cl_fx.obj
 0001:000098c5       ?CL_ParticleEffect@@YAXABUCVec3@@0HH@Z 0040a8c5 f   cl_fx.obj
 0001:00009aae       ?CL_ParticleEffect2@@YAXABUCVec3@@0HH@Z 0040aaae f   cl_fx.obj
 0001:00009ad6       ?CL_ParticleEffect3@@YAXABUCVec3@@0HH@Z 0040aad6 f   cl_fx.obj
 0001:00009afe       ?CL_TeleporterParticles@@YAXPAUclEntityState_t@@@Z 0040aafe f   cl_fx.obj
 0001:00009b20       ?CL_LogoutEffect@@YAXABUCVec3@@H@Z 0040ab20 f   cl_fx.obj
 0001:00009b58       ?CL_ItemRespawnParticles@@YAXABUCVec3@@@Z 0040ab58 f   cl_fx.obj
 0001:00009b76       ?CL_ExplosionParticles@@YAXABUCVec3@@@Z 0040ab76 f   cl_fx.obj
 0001:00009b97       ?CL_BFGExplosionParticles@@YAXABUCVec3@@@Z 0040ab97 f   cl_fx.obj
 0001:00009bb8       ?CL_TrackerExplosionParticles@@YAXABUCVec3@@@Z 0040abb8 f   cl_fx.obj
 0001:00009bd9       ?CL_BlasterParticles@@YAXABUCVec3@@0I@Z 0040abd9 f   cl_fx.obj
 0001:00009c00       ?CL_BlasterTrail@@YAXAAUcentity_t@@@Z 0040ac00 f   cl_fx.obj
 0001:00009d07       ?CL_BlasterTrail2@@YAXAAUcentity_t@@@Z 0040ad07 f   cl_fx.obj
 0001:00009d1e       ?CL_FlagTrail@@YAXAAUcentity_t@@H@Z 0040ad1e f   cl_fx.obj
 0001:00009d3d       ?CL_RocketTrail@@YAXAAUcentity_t@@@Z 0040ad3d f   cl_fx.obj
 0001:00009d7c       ?CL_BubbleTrail@@YAXABUCVec3@@0@Z 0040ad7c f   cl_fx.obj
 0001:00009e18       ?CL_BubbleTrail2@@YAXABUCVec3@@0@Z 0040ae18 f   cl_fx.obj
 0001:00009e32       ?CL_TagTrail@@YAXAAUcentity_t@@@Z 0040ae32 f   cl_fx.obj
 0001:00009e49       ?CL_DebugTrail@@YAXABUCVec3@@0@Z 0040ae49 f   cl_fx.obj
 0001:00009e63       ?CL_ForceWall@@YAXABUCVec3@@0H@Z 0040ae63 f   cl_fx.obj
 0001:00009e85       ?CL_BigTeleportParticles@@YAXABUCVec3@@@Z 0040ae85 f   cl_fx.obj
 0001:00009fc0       ?CL_BfgParticles@@YAXABUCVec3@@@Z 0040afc0 f   cl_fx.obj
 0001:0000a13a       ?CL_FlyEffect@@YAXAAUcentity_t@@@Z 0040b13a f   cl_fx.obj
 0001:0000a2c6       ?CL_DiminishingTrail@@YAXAAUcentity_t@@H@Z 0040b2c6 f   cl_fx.obj
 0001:0000a420       ?CL_RailTrail@@YAXABUCVec3@@0@Z 0040b420 f   cl_fx.obj
 0001:0000a592       ?CL_RailTrailExt@@YAXABUCVec3@@0EE@Z 0040b592 f   cl_fx.obj
 0001:0000a6d7       ?CL_IonripperTrail@@YAXAAUcentity_t@@@Z 0040b6d7 f   cl_fx.obj
 0001:0000a831       ?CL_TrapParticles@@YAXABUCVec3@@@Z 0040b831 f   cl_fx.obj
 0001:0000a9a4       ?CL_TeleportParticles@@YAXABUCVec3@@@Z 0040b9a4 f   cl_fx.obj
 0001:0000aada       ?CL_Heatbeam@@YAXABUCVec3@@0@Z 0040bada f   cl_fx.obj
 0001:0000ad80       ?CL_ParticleSteamEffect@@YAXABUCVec3@@0HHH@Z 0040bd80 f   cl_fx.obj
 0001:0000aeb6       ?CL_ParticleSmokeEffect@@YAXABUCVec3@@0@Z 0040beb6 f   cl_fx.obj
 0001:0000afcf       ?CL_TrackerTrail@@YAXAAUcentity_t@@@Z 0040bfcf f   cl_fx.obj
 0001:0000b149       ?CL_TrackerShell@@YAXABUCVec3@@@Z 0040c149 f   cl_fx.obj
 0001:0000b1d5       ?CL_MonsterPlasmaShell@@YAXABUCVec3@@@Z 0040c1d5 f   cl_fx.obj
 0001:0000b25e       ?CL_WidowSplash@@YAXABUCVec3@@@Z 0040c25e f   cl_fx.obj
 0001:0000b33f       ?CL_InitInput@@YAXXZ       0040c33f f   cl_input.obj
 0001:0000b8ed       ?CL_SendCmd@@YAXXZ         0040c8ed f   cl_input.obj
 0001:0000bed0       ?CL_WriteDemoMessage@@YAXXZ 0040ced0 f   cl_main.obj
 0001:0000bf12       ?Cmd_ForwardToServer@@YAXHPAPAD@Z 0040cf12 f   cl_main.obj
 0001:0000bfd7       ?CL_ForwardToServer_f@@YAXHPAPAD@Z 0040cfd7 f   cl_main.obj
 0001:0000c020       ?CL_Pause@@YAX_N@Z         0040d020 f   cl_main.obj
 0001:0000c065       ?CL_Drop@@YAX_N@Z          0040d065 f   cl_main.obj
 0001:0000c090       ?CL_SendConnectPacket@@YAXXZ 0040d090 f   cl_main.obj
 0001:0000c0f6       ?CL_Connect_f@@YAX_NHPAPAD@Z 0040d0f6 f   cl_main.obj
 0001:0000c163       ?CL_Rcon_f@@YAXHPAPAD@Z    0040d163 f   cl_main.obj
 0001:0000c24f       ?CL_Disconnect@@YAXXZ      0040d24f f   cl_main.obj
 0001:0000c3fa       ?CL_Disconnect_f@@YAXXZ    0040d3fa f   cl_main.obj
 0001:0000c404       ?CL_Changing_f@@YAXXZ      0040d404 f   cl_main.obj
 0001:0000c42c       ?CL_Reconnect_f@@YAXXZ     0040d42c f   cl_main.obj
 0001:0000c4c8       ?CL_PingServers_f@@YAXXZ   0040d4c8 f   cl_main.obj
 0001:0000c884       ?CL_ConnectionlessPacket@@YAXXZ 0040d884 f   cl_main.obj
 0001:0000c981       ?CL_Userinfo_f@@YAXXZ      0040d981 f   cl_main.obj
 0001:0000c99c       ?CL_RegisterSounds@@YAXXZ  0040d99c f   cl_main.obj
 0001:0000c9db       ?CL_Snd_Restart_f@@YAXXZ   0040d9db f   cl_main.obj
 0001:0000c9ea       ?CL_WriteConfiguration@@YAXPBD@Z 0040d9ea f   cl_main.obj
 0001:0000cad1       ?CL_WriteConfig_f@@YAX_NHPAPAD@Z 0040dad1 f   cl_main.obj
 0001:0000cb3c       ?CL_FixCvarCheats@@YAXXZ   0040db3c f   cl_main.obj
 0001:0000cb8d       ?CL_Frame@@YAXMM@Z         0040db8d f   cl_main.obj
 0001:0000d00a       ?CL_ClearState@@YAXXZ      0040e00a f   cl_main.obj
 0001:0000d048       ?CL_Init@@YAXXZ            0040e048 f   cl_main.obj
 0001:0000d4f7       ?CL_Shutdown@@YAXXZ        0040e4f7 f   cl_main.obj
 0001:0000d553       ?CL_ParseClientinfo@@YAXH@Z 0040e553 f   cl_parse.obj
 0001:0000d60b       ?CL_UpdatePlayerClientInfo@@YAXXZ 0040e60b f   cl_parse.obj
 0001:0000d64c       ?CL_ParseServerMessage@@YAXXZ 0040e64c f   cl_parse.obj
 0001:0000de32       ?FreePlayerModelsInfo@@YAXXZ 0040ee32 f   cl_playermodel.obj
 0001:0000de58       ?ScanPlayerModels@@YA_NXZ  0040ee58 f   cl_playermodel.obj
 0001:0000e252       ?RunAnimation@@YAXAAUclientInfo_t@@AAUanimState_t@@H@Z 0040f252 f   cl_playermodel.obj
 0001:0000e440       ?CL_LoadClientinfo@@YAXAAUclientInfo_t@@PBD_N@Z 0040f440 f   cl_playermodel.obj
 0001:0000f0d1       ?ParsePlayerEntity@@YAHAAUcentity_t@@AAUclientInfo_t@@PAUclEntityState_t@@ABUentity_t@@PAU4@HH@Z 004100d1 f   cl_playermodel.obj
 0001:0000fc2a       ?CreateAndInsert@?$TList@VCStringItem@@@@QAEPAVCStringItem@@PBDPAVCMemoryChain@@@Z 00410c2a f i cl_playermodel.obj
 0001:0000fc62       ?Insert@?$TList@VCStringItem@@@@QAE_NPAVCStringItem@@@Z 00410c62 f i cl_playermodel.obj
 0001:0000fc62       ?Insert@?$TList@VshaderScript_t@OpenGLDrv@@@@QAE_NPAVshaderScript_t@OpenGLDrv@@@Z 00410c62 f i cl_playermodel.obj
 0001:0000fc62       ?Insert@?$TList@VplayerModelInfo_t@@@@QAE_NPAVplayerModelInfo_t@@@Z 00410c62 f i cl_playermodel.obj
 0001:0000fc98       ?CL_CheckPredictionError@@YAXXZ 00410c98 f   cl_pred.obj
 0001:0000fe2b       ?CL_EntityTrace@@YAXAAUtrace_t@@ABUCVec3@@1ABUCBox@@H@Z 00410e2b f   cl_pred.obj
 0001:00010185       ?CL_Trace@@YAXAAUtrace_t@@ABUCVec3@@1ABUCBox@@H@Z 00411185 f   cl_pred.obj
 0001:00010236       ?CL_PMpointcontents@@YAHABUCVec3@@@Z 00411236 f   cl_pred.obj
 0001:000103cc       ?CL_PredictMovement@@YAXXZ 004113cc f   cl_pred.obj
 0001:00010793       ?DrawString@@YAXHHPBD@Z    00411793 f   cl_scrn.obj
 0001:000107d8       ?SCR_DebugGraph@@YAXMH@Z   004117d8 f   cl_scrn.obj
 0001:00010802       ?SCR_CenterPrint@@YAXPBD@Z 00411802 f   cl_scrn.obj
 0001:00010908       ?Key_Message@@YAXH@Z       00411908 f   cl_scrn.obj
 0001:000109a8       ?SCR_SetLevelshot@@YAXPBD@Z 004119a8 f   cl_scrn.obj
 0001:00010aa8       ?SCR_BeginLoadingPlaque@@YAX_N@Z 00411aa8 f   cl_scrn.obj
 0001:00010b3e       ?SCR_EndLoadingPlaque@@YAX_N@Z 00411b3e f   cl_scrn.obj
 0001:00010bc3       ?SCR_LoadingNotify@@YAXPBDM@Z 00411bc3 f   cl_scrn.obj
 0001:00010bed       ?SCR_ShowConsole@@YAX_N0@Z 00411bed f   cl_scrn.obj
 0001:00010cb2       ?SCR_ToggleConsole@@YAXXZ  00411cb2 f   cl_scrn.obj
 0001:00010cda       ?SCR_TouchPics@@YAXXZ      00411cda f   cl_scrn.obj
 0001:00010d30       ?SCR_UpdateScreen@@YAXXZ   00411d30 f   cl_scrn.obj
 0001:000120bf       ?SCR_Init@@YAXXZ           004130bf f   cl_scrn.obj
 0001:000123f0       ?sprintf@?$TString@$0BA@@@QAAHPBDZZ 004133f0 f i cl_scrn.obj
 0001:0001240a       ?CL_RegisterTEntSounds@@YAXXZ 0041340a f   cl_tent.obj
 0001:0001265f       ?CL_RegisterTEntModels@@YAXXZ 0041365f f   cl_tent.obj
 0001:000127b0       ?CL_ClearTEnts@@YAXXZ      004137b0 f   cl_tent.obj
 0001:000127e1       ?CL_SmokeAndFlash@@YAXABUCVec3@@@Z 004137e1 f   cl_tent.obj
 0001:00012979       ?CL_ParseTEnt@@YAXXZ       00413979 f   cl_tent.obj
 0001:00013c9f       ?CL_AddTEnts@@YAXXZ        00414c9f f   cl_tent.obj
 0001:000146a4       ?V_AddEntity@@YAXPAUentity_t@@@Z 004156a4 f   cl_view.obj
 0001:000146e2       ?V_AddEntity2@@YAXPAUentity_t@@@Z 004156e2 f   cl_view.obj
 0001:00014714       ?AddEntityWithEffects2@@YAXPAUentity_t@@I@Z 00415714 f   cl_view.obj
 0001:000147b5       ?AddEntityWithEffects@@YAXPAUentity_t@@I@Z 004157b5 f   cl_view.obj
 0001:000147d6       ?V_AddLight@@YAXABUCVec3@@MMMM@Z 004157d6 f   cl_view.obj
 0001:0001481b       ?V_TestEntities@@YAXXZ     0041581b f   cl_view.obj
 0001:00014948       ?V_TestLights@@YAXXZ       00415948 f   cl_view.obj
 0001:00014a1e       ?V_InitRenderer@@YAXXZ     00415a1e f   cl_view.obj
 0001:00014e43       ?CalcFov@@YAMMMM@Z         00415e43 f   cl_view.obj
 0001:00014eb1       ?V_RenderView@@YA_NXZ      00415eb1 f   cl_view.obj
 0001:00015c41       ?V_Init@@YAXXZ             00416c41 f   cl_view.obj
 0001:00015cf0       ?Con_ClearNotify@@YAXXZ    00416cf0 f   console.obj
 0001:00015cff       ?Con_CheckResize@@YAXXZ    00416cff f   console.obj
 0001:00015e26       ?Write@COutputDeviceCon@@UAEXPBD@Z 00416e26 f   console.obj
 0001:0001602c       ?Con_DrawNotify@@YAX_N@Z   0041702c f   console.obj
 0001:00016202       ?Con_DrawConsole@@YAXM@Z   00417202 f   console.obj
 0001:000164b6       ?Con_ClearTyping@@YAXXZ    004174b6 f   console.obj
 0001:000164cf       ?Key_Console@@YAXHH@Z      004174cf f   console.obj
 0001:0001691c       ?Con_Init@@YAXXZ           0041791c f   console.obj
 0001:00016a8a       ?Key_KeynumToString@@YAPBDH@Z 00417a8a f   keys.obj
 0001:00016b50       ?Draw@completeMenu_t@@UAEXXZ 00417b50 f i keys.obj
 0001:00016b81       ?KeyDown@completeMenu_t@@UAEPBDH@Z 00417b81 f i keys.obj
 0001:00016bad       ?Init@completeMenu_t@@UAE_NXZ 00417bad f i keys.obj
 0001:00016cd4       ?CompleteMenuCallback@completeMenu_t@@SAXPAX@Z 00417cd4 f i keys.obj
 0001:00016d65       ?CompleteCommand@@YAXXZ    00417d65 f   keys.obj
 0001:00017476       ?Key_SetBinding@@YAXHPBD@Z 00418476 f   keys.obj
 0001:000174b6       ?Key_FindBinding@@YAHPBDPAHH@Z 004184b6 f   keys.obj
 0001:00017504       ?Key_WriteBindings@@YAXPAVCOutputDevice@@@Z 00418504 f   keys.obj
 0001:0001754e       ?Key_Init@@YAXXZ           0041854e f   keys.obj
 0001:00017832       ?Key_Event@@YAXH_N@Z       00418832 f   keys.obj
 0001:00017b91       ?Key_ClearStates@@YAXXZ    00418b91 f   keys.obj
 0001:00017bc6       ?M_ForceMenuOn@@YAXXZ      00418bc6 f   menu.obj
 0001:00017be5       ?Draw@menuMain_t@@UAEXXZ   00418be5 f i menu.obj
 0001:00017d21       ?KeyDown@menuMain_t@@UAEPBDH@Z 00418d21 f i menu.obj
 0001:00017de2       ?Init@menuMain_t@@UAE_NXZ  00418de2 f i menu.obj
 0001:00017dea       ?M_Menu_Main_f@@YAXXZ      00418dea f   menu.obj
 0001:00017e04       ?Init@multiplayerMenu_t@@UAE_NXZ 00418e04 f i menu.obj
 0001:00017f28       ?Init@keysMenu_t@@UAE_NXZ  00418f28 f i menu.obj
 0001:00018116       ?KeyCursorDrawFunc@keysMenu_t@@SAXPAUmenuFramework_t@@@Z 00419116 f i menu.obj
 0001:00018159       ?DrawKeyBindingFunc@keysMenu_t@@SAXPAX@Z 00419159 f i menu.obj
 0001:00018220       ?KeyDown@keysMenu_t@@UAEPBDH@Z 00419220 f i menu.obj
 0001:000182cd       ?UnbindCommand@keysMenu_t@@QAEXPAD@Z 004192cd f i menu.obj
 0001:00018312       ?KeyBindingFunc@keysMenu_t@@QAEXPAX@Z 00419312 f i menu.obj
 0001:00018374       ?Init@optionsMenu_t@@UAE_NXZ 00419374 f i menu.obj
 0001:00018727       ?CrosshairFunc@optionsMenu_t@@SAXPAX@Z 00419727 f i menu.obj
 0001:0001874f       ?JoystickFunc@optionsMenu_t@@SAXPAX@Z 0041974f f i menu.obj
 0001:00018764       ?AlwaysRunFunc@optionsMenu_t@@SAXPAX@Z 00419764 f i menu.obj
 0001:00018779       ?MouseSpeedFunc@optionsMenu_t@@SAXPAX@Z 00419779 f i menu.obj
 0001:00018796       ?InvertMouseFunc@optionsMenu_t@@SAXPAX@Z 00419796 f i menu.obj
 0001:000187cf       ?UpdateVolumeFunc@optionsMenu_t@@SAXPAX@Z 004197cf f i menu.obj
 0001:000187ec       ?UpdateCDVolumeFunc@optionsMenu_t@@SAXPAX@Z 004197ec f i menu.obj
 0001:00018806       ?SetMenuItemValues@optionsMenu_t@@SAXXZ 00419806 f i menu.obj
 0001:0001894e       ?ResetDefaultsFunc@optionsMenu_t@@SAXPAX@Z 0041994e f i menu.obj
 0001:00018963       ?UpdateSoundFunc@optionsMenu_t@@SAXPAX@Z 00419963 f i menu.obj
 0001:00018b67       ?ScanCrosshairs@optionsMenu_t@@SAXXZ 00419b67 f i menu.obj
 0001:00018bc4       ?Draw@optionsMenu_t@@UAEXXZ 00419bc4 f i menu.obj
 0001:00018c29       ?Draw@creditsMenu_t@@UAEXXZ 00419c29 f i menu.obj
 0001:00018cd0       ?KeyDown@creditsMenu_t@@UAEPBDH@Z 00419cd0 f i menu.obj
 0001:00018d10       ?Init@creditsMenu_t@@UAE_NXZ 00419d10 f i menu.obj
 0001:00018d91       ?Init@gameMenu_t@@UAE_NXZ  00419d91 f i menu.obj
 0001:00018f1c       ?EasyGameFunc@gameMenu_t@@SAXPAX@Z 00419f1c f i menu.obj
 0001:00018f28       ?StartGame@gameMenu_t@@SAXPBD@Z 00419f28 f i menu.obj
 0001:00018f83       ?MediumGameFunc@gameMenu_t@@SAXPAX@Z 00419f83 f i menu.obj
 0001:00018f8f       ?HardGameFunc@gameMenu_t@@SAXPAX@Z 00419f8f f i menu.obj
 0001:00018fab       ?Init@savegameMenu_t@@UAE_NXZ 00419fab f i menu.obj
 0001:000190bb       ?Create_Savestrings@savegameMenu_t@@QAEXXZ 0041a0bb f i menu.obj
 0001:0001917b       ?LoadGameCallback@savegameMenu_t@@SAXPAX@Z 0041a17b f i menu.obj
 0001:000191a8       ?SaveGameCallback@savegameMenu_t@@SAXPAX@Z 0041a1a8 f i menu.obj
 0001:000191cb       ?Draw@savegameMenu_t@@UAEXXZ 0041a1cb f i menu.obj
 0001:000191e6       ?DrawSavegameShot@savegameMenu_t@@QAEXHH@Z 0041a1e6 f i menu.obj
 0001:000192c1       ?Init@joinserverMenu_t@@UAE_NXZ 0041a2c1 f i menu.obj
 0001:000193f8       ?JoinServerFunc@joinserverMenu_t@@SAXPAX@Z 0041a3f8 f i menu.obj
 0001:0001945d       ?SearchLocalGames@joinserverMenu_t@@SAXXZ 0041a45d f i menu.obj
 0001:000194c8       ?M_AddToServerList@@YAXUnetadr_t@@PAD@Z 0041a4c8 f   menu.obj
 0001:00019553       ?Init@startserverMenu_t@@UAE_NXZ 0041a553 f i menu.obj
 0001:000199e1       ?DMOptionsFunc@startserverMenu_t@@SAXPAX@Z 0041a9e1 f i menu.obj
 0001:000199f1       ?RulesChangeFunc@startserverMenu_t@@SAXPAX@Z 0041a9f1 f i menu.obj
 0001:00019a69       ?StartServerActionFunc@startserverMenu_t@@SAXPAX@Z 0041aa69 f i menu.obj
 0001:00019a94       ?StartServerFunc@startserverMenu_t@@SAXPBD@Z 0041aa94 f i menu.obj
 0001:00019c70       ?KeyDown@startserverMenu_t@@UAEPBDH@Z 0041ac70 f i menu.obj
 0001:00019ccf       ?Init@dmoptionsMenu_t@@UAE_NXZ 0041accf f i menu.obj
 0001:0001a2ac       ?DMFlagCallback@dmoptionsMenu_t@@SAXPAX@Z 0041b2ac f i menu.obj
 0001:0001a48a       ?Init@downloadOptionsMenu_t@@UAE_NXZ 0041b48a f i menu.obj
 0001:0001a664       ?DownloadCallback@downloadOptionsMenu_t@@SAXPAX@Z 0041b664 f i menu.obj
 0001:0001a6d2       ?Init@addressBookMenu_t@@UAE_NXZ 0041b6d2 f i menu.obj
 0001:0001a778       ?KeyDown@addressBookMenu_t@@UAEPBDH@Z 0041b778 f i menu.obj
 0001:0001a7d7       ?Init@playerConfigMenu_t@@UAE_NXZ 0041b7d7 f i menu.obj
 0001:0001ad1e       ?HandednessCallback@playerConfigMenu_t@@SAXPAX@Z 0041bd1e f i menu.obj
 0001:0001ad33       ?RTypeCallback@playerConfigMenu_t@@SAXPAX@Z 0041bd33 f i menu.obj
 0001:0001ad48       ?RColorCallback@playerConfigMenu_t@@SAXPAX@Z 0041bd48 f i menu.obj
 0001:0001ad5d       ?RateCallback@playerConfigMenu_t@@SAXPAX@Z 0041bd5d f i menu.obj
 0001:0001ad80       ?ModelCallback@playerConfigMenu_t@@SAXPAX@Z 0041bd80 f i menu.obj
 0001:0001adb4       ?SkinCallback@playerConfigMenu_t@@SAXPAX@Z 0041bdb4 f i menu.obj
 0001:0001adbc       ?Draw@playerConfigMenu_t@@UAEXXZ 0041bdbc f i menu.obj
 0001:0001b09e       ?KeyDown@playerConfigMenu_t@@UAEPBDH@Z 0041c09e f i menu.obj
 0001:0001b17e       ?Init@dmbrowseMenu_t@@UAE_NXZ 0041c17e f i menu.obj
 0001:0001b387       ?KeyDown@dmbrowseMenu_t@@UAEPBDH@Z 0041c387 f i menu.obj
 0001:0001b55f       ?Draw@dmbrowseMenu_t@@UAEXXZ 0041c55f f i menu.obj
 0001:0001b6ac       ?DrawThumbnail@dmbrowseMenu_t@@SAXHHHHPAD_N@Z 0041c6ac f i menu.obj
 0001:0001b786       ?Init@videoMenu_t@@UAE_NXZ 0041c786 f i menu.obj
 0001:0001bd5f       ?ScreenSizeCallback@videoMenu_t@@SAXPAX@Z 0041cd5f f i menu.obj
 0001:0001bd80       ?BrightnessCallback@videoMenu_t@@SAXPAX@Z 0041cd80 f i menu.obj
 0001:0001bda1       ?ContrastCallback@videoMenu_t@@SAXPAX@Z 0041cda1 f i menu.obj
 0001:0001bddd       ?CancelChanges@videoMenu_t@@SAXPAX@Z 0041cddd f i menu.obj
 0001:0001be2a       ?KeyDown@videoMenu_t@@UAEPBDH@Z 0041ce2a f i menu.obj
 0001:0001be73       ?ApplyChanges@videoMenu_t@@SAXPAX@Z 0041ce73 f i menu.obj
 0001:0001c02a       ?KeyDown@quitMenu_t@@UAEPBDH@Z 0041d02a f i menu.obj
 0001:0001c067       ?Draw@quitMenu_t@@UAEXXZ   0041d067 f i menu.obj
 0001:0001c0d7       ?M_Init@@YAXXZ             0041d0d7 f   menu.obj
 0001:0001c2b9       ?ItemAtCursor@menuFramework_t@@QAEPAUmenuCommon_t@@XZ 0041d2b9 f   qmenu.obj
 0001:0001c30d       ?AddItem@menuFramework_t@@QAEXPAUmenuCommon_t@@@Z 0041d30d f   qmenu.obj
 0001:0001c3c9       ?AdjustCursor@menuFramework_t@@QAEXH@Z 0041d3c9 f   qmenu.obj
 0001:0001c541       ?Center@menuFramework_t@@QAEXXZ 0041d541 f   qmenu.obj
 0001:0001c582       ?Draw@menuFramework_t@@UAEXXZ 0041d582 f   qmenu.obj
 0001:0001cb3b       ?SelectItem@menuFramework_t@@QAE_NXZ 0041db3b f   qmenu.obj
 0001:0001cba0       ?SetStatusBar@menuFramework_t@@QAEXPBD@Z 0041dba0 f   qmenu.obj
 0001:0001cbad       ?SlideItem@menuFramework_t@@QAEXH@Z 0041dbad f   qmenu.obj
 0001:0001d14b       ?Push@menuFramework_t@@QAEXXZ 0041e14b f   qmenu.obj
 0001:0001d1ca       ?M_ForceMenuOff@@YAXXZ     0041e1ca f   qmenu.obj
 0001:0001d1f7       ?Pop@menuFramework_t@@QAEXXZ 0041e1f7 f   qmenu.obj
 0001:0001d231       ?KeyDown@menuFramework_t@@UAEPBDH@Z 0041e231 f   qmenu.obj
 0001:0001d4a9       ?Init@menuFramework_t@@UAE_NXZ 0041e4a9 f   qmenu.obj
 0001:0001d4ac       ?M_Draw@@YAXXZ             0041e4ac f   qmenu.obj
 0001:0001d4e7       ?M_Keydown@@YAXH@Z         0041e4e7 f   qmenu.obj
 0001:0001d509       ?InitRendererVars@@YAXXZ   0041e509 f   ref_vars.obj
 0001:0001d528       ?S_SoundInfo_f@@YAXXZ      0041e528 f   snd_dma.obj
 0001:0001d5a2       ?S_Init@@YAXXZ             0041e5a2 f   snd_dma.obj
 0001:0001d674       ?S_Shutdown@@YAXXZ         0041e674 f   snd_dma.obj
 0001:0001d707       ?S_BeginRegistration@@YAXXZ 0041e707 f   snd_dma.obj
 0001:0001d715       ?S_RegisterSound@@YAPAUsfx_t@@PBD@Z 0041e715 f   snd_dma.obj
 0001:0001d8c0       ?S_EndRegistration@@YAXXZ  0041e8c0 f   snd_dma.obj
 0001:0001d949       ?S_PickChannel@@YAPAUchannel_t@@HH@Z 0041e949 f   snd_dma.obj
 0001:0001d9d7       ?S_Spatialize@@YAXPAUchannel_t@@@Z 0041e9d7 f   snd_dma.obj
 0001:0001dbb9       ?S_AllocPlaysound@@YAPAUplaysound_t@@XZ 0041ebb9 f   snd_dma.obj
 0001:0001dbdb       ?S_FreePlaysound@@YAXPAUplaysound_t@@@Z 0041ebdb f   snd_dma.obj
 0001:0001dc0e       ?S_IssuePlaysound@@YAXPAUplaysound_t@@@Z 0041ec0e f   snd_dma.obj
 0001:0001dcdf       ?S_StartSound@@YAXPBUCVec3@@HHPAUsfx_t@@MMM@Z 0041ecdf f   snd_dma.obj
 0001:0001e0a0       ?S_StartLocalSound@@YAXPBD@Z 0041f0a0 f   snd_dma.obj
 0001:0001e0f2       ?S_ClearBuffer@@YAXXZ      0041f0f2 f   snd_dma.obj
 0001:0001e15b       ?S_StopAllSounds_f@@YAXXZ  0041f15b f   snd_dma.obj
 0001:0001e1cb       ?S_AddLoopSounds@@YAXXZ    0041f1cb f   snd_dma.obj
 0001:0001e3a1       ?S_RawSamples@@YAXHHHHPAE@Z 0041f3a1 f   snd_dma.obj
 0001:0001e5a5       ?S_Update@@YAXABUCVec3@@0@Z 0041f5a5 f   snd_dma.obj
 0001:0001e67b       ?GetSoundtime@@YAXXZ       0041f67b f   snd_dma.obj
 0001:0001e6e2       ?S_Update_@@YAXXZ          0041f6e2 f   snd_dma.obj
 0001:0001e995       ?S_LoadSound@@YAPAUsfxcache_t@@PAUsfx_t@@@Z 0041f995 f   snd_mem.obj
 0001:0001ef26       ?S_WriteLinearBlastStereo16@@YAXXZ 0041ff26 f   snd_mix.obj
 0001:0001ef90       ?S_TransferStereo16@@YAXPAKH@Z 0041ff90 f   snd_mix.obj
 0001:0001effb       ?S_TransferPaintBuffer@@YAXH@Z 0041fffb f   snd_mix.obj
 0001:0001f15f       ?S_PaintChannels@@YAXH@Z   0042015f f   snd_mix.obj
 0001:0001f3db       ?S_InitScaletable@@YAXXZ   004203db f   snd_mix.obj
 0001:0001f520       ?SV_ComputeAnimation@@YAXPAUplayer_state_t@@AAUentityStateEx_t@@PAU2@PAUedict_s@@@Z 00420520 f   sv_anim.obj
 0001:0001f9dd       ?SV_ReadLevelFile@@YAXXZ   004209dd f   sv_ccmds.obj
 0001:0001fa82       ?SV_AddressBanned@@YA_NPAUnetadr_t@@@Z 00420a82 f   sv_ccmds.obj
 0001:0001fac6       ?SV_InitCommands@@YAXXZ    00420ac6 f   sv_ccmds.obj
 0001:00020f52       ?sprintf@?$TString@$0CI@@@QAAHPBDZZ 00421f52 f i sv_ccmds.obj
 0001:00020f6c       ?SV_WriteFrameToClient@@YAXPAUclient_t@@PAVsizebuf_t@@@Z 00421f6c f   sv_ents.obj
 0001:0002169b       ?SV_RecordDemoMessage@@YAXXZ 0042269b f   sv_ents.obj
 0001:00021869       ?SV_MulticastOld@@YAXABUCVec3@@W4multicast_t@@@Z 00422869 f i sv_game.obj
 0001:0002187e       ?SV_StartSoundOld@@YAXPBUCVec3@@PAUedict_s@@HHMMM@Z 0042287e f i sv_game.obj
 0001:000222d6       ?SV_InitGameLibrary@@YAX_N@Z 004232d6 f   sv_game.obj
 0001:000225cb       ?SV_ShutdownGameLibrary@@YAXXZ 004235cb f   sv_game.obj
 0001:00022728       ?SV_FindIndex@@YAHPBDHH_N@Z 00423728 f   sv_init.obj
 0001:0002283f       ?SV_ModelIndex@@YAHPBD@Z   0042383f f   sv_init.obj
 0001:00022858       ?SV_SoundIndex@@YAHPBD@Z   00423858 f   sv_init.obj
 0001:00022874       ?SV_ImageIndex@@YAHPBD@Z   00423874 f   sv_init.obj
 0001:00022890       ?SV_CreateBaseline@@YAXXZ  00423890 f   sv_init.obj
 0001:0002290d       ?SV_SpawnServer@@YAXPAD0W4server_state_t@@_N2@Z 0042390d f   sv_init.obj
 0001:00022c7a       ?SV_InitGame@@YAXXZ        00423c7a f   sv_init.obj
 0001:00022ea3       ?SV_Map@@YAX_NPBD0@Z       00423ea3 f   sv_init.obj
 0001:00023068       ?SV_DropClient@@YAXPAUclient_t@@PAD@Z 00424068 f   sv_main.obj
 0001:00023a9d       ??0COutputDeviceMem@@QAE@H@Z 00424a9d f i sv_main.obj
 0001:00023ace       ?Write@COutputDeviceMem@@UAEXPBD@Z 00424ace f i sv_main.obj
 0001:00023b55       ??_ECOutputDeviceMem@@UAEPAXI@Z 00424b55 f i sv_main.obj
 0001:00023b55       ??_GCOutputDeviceMem@@UAEPAXI@Z 00424b55 f i sv_main.obj
 0001:00023b74       ??1COutputDeviceMem@@UAE@XZ 00424b74 f i sv_main.obj
 0001:00023b93       ?SV_CalcPings@@YAXXZ       00424b93 f   sv_main.obj
 0001:00023c1a       ?SV_GiveMsec@@YAXXZ        00424c1a f   sv_main.obj
 0001:00023c59       ?SV_ReadPackets@@YAXXZ     00424c59 f   sv_main.obj
 0001:00023e6c       ?SV_CheckTimeouts@@YAXXZ   00424e6c f   sv_main.obj
 0001:00023f7d       ?SV_PostprocessFrame@@YAXXZ 00424f7d f   sv_main.obj
 0001:00024442       ?SV_MulticastHook@@YAPAVsizebuf_t@@PAV1@0@Z 00425442 f   sv_main.obj
 0001:0002481e       ?SV_TraceHook@@YAXAAUtrace0_t@@ABUCVec3@@PBU2@21PAUedict_s@@H@Z 0042581e f   sv_main.obj
 0001:000249ac       ?SV_Frame@@YAXM@Z          004259ac f   sv_main.obj
 0001:00024c69       ?SV_UserinfoChanged@@YAXPAUclient_t@@@Z 00425c69 f   sv_main.obj
 0001:00024d2b       ?SV_InitVars@@YAXXZ        00425d2b f   sv_main.obj
 0001:00024d3a       ?SV_Init@@YAXXZ            00425d3a f   sv_main.obj
 0001:00024d93       ?SV_Shutdown@@YAXPBD_N@Z   00425d93 f   sv_main.obj
 0001:00024fa0       ?SV_ClientPrintf@@YAXPAUclient_t@@HPBDZZ 00425fa0 f   sv_send.obj
 0001:00024ffb       ?SV_BroadcastPrintf@@YAXHPBDZZ 00425ffb f   sv_send.obj
 0001:000250d1       ?SV_BroadcastCommand@@YAXPBDZZ 004260d1 f   sv_send.obj
 0001:0002512b       ?SV_Multicast@@YAXABUCVec3@@W4multicast_t@@_N@Z 0042612b f   sv_send.obj
 0001:0002532c       ?SV_StartSound@@YAXPBUCVec3@@PAUedict_s@@HHMMM_N@Z 0042632c f   sv_send.obj
 0001:000255c5       ?SV_SendClientDatagram@@YA_NPAUclient_t@@@Z 004265c5 f   sv_send.obj
 0001:00025687       ?SV_DemoCompleted@@YAXXZ   00426687 f   sv_send.obj
 0001:000256a3       ?SV_SendClientMessages@@YAXXZ 004266a3 f   sv_send.obj
 0001:00025856       ?SV_DrawText3D@@YAXABUCVec3@@PBDI@Z 00426856 f   sv_text.obj
 0001:0002588e       ?SV_ClearTexts@@YAXXZ      0042688e f   sv_text.obj
 0001:00025896       ?SV_DrawTexts@@YAXXZ       00426896 f   sv_text.obj
 0001:000258eb       ??0?$TTextContainer@UCSVText@@$0BAAAA@@@QAE@XZ 004268eb f i sv_text.obj
 0001:00025910       ?SV_TokenizeString@@YAXPBD@Z 00426910 f   sv_tokenize.obj
 0001:000259e7       ?SV_Argc@@YAHXZ            004269e7 f   sv_tokenize.obj
 0001:000259ed       ?SV_Argv@@YAPADH@Z         004269ed f   sv_tokenize.obj
 0001:00025a0b       ?SV_Args@@YAPADXZ          00426a0b f   sv_tokenize.obj
 0001:000262d6       ?SV_Nextserver@@YAXXZ      004272d6 f   sv_user.obj
 0001:0002636a       ?SV_ClientThink@@YAXPAUclient_t@@PAUusercmd_t@@@Z 0042736a f   sv_user.obj
 0001:000263fb       ?SV_ExecuteClientMessage@@YAXPAUclient_t@@@Z 004273fb f   sv_user.obj
 0001:0002674b       ?SV_ClearWorld@@YAXXZ      0042774b f   sv_world.obj
 0001:00026889       ?SV_UnlinkEdict@@YAXPAUedict_s@@@Z 00427889 f   sv_world.obj
 0001:0002694f       ?SV_LinkEdict@@YAXPAUedict_s@@@Z 0042794f f   sv_world.obj
 0001:00026f69       ?SV_AreaEdicts@@YAHABUCVec3@@0PAPAUedict_s@@HH@Z 00427f69 f   sv_world.obj
 0001:00027107       ?SV_PointContents@@YAHABUCVec3@@@Z 00428107 f   sv_world.obj
 0001:0002722d       ?SV_Trace@@YAXAAUtrace_t@@ABUCVec3@@1ABUCBox@@PAUedict_s@@H@Z 0042822d f   sv_world.obj
 0001:000276aa       ?InitByteDirs@@YAXXZ       004286aa f   anorms.obj
 0001:000276e9       ?Cbuf_AddText@@YAXPBD@Z    004286e9 f   cmd.obj
 0001:0002774f       ?Cbuf_CopyToDefer@@YAXXZ   0042874f f   cmd.obj
 0001:00027797       ?Cbuf_InsertFromDefer@@YAXXZ 00428797 f   cmd.obj
 0001:00027853       ?Cbuf_Execute@@YAXXZ       00428853 f   cmd.obj
 0001:00027963       ?Cmd_Unalias_f@@YAX_NHPAPAD@Z 00428963 f   cmd.obj
 0001:000279db       ?Cmd_WriteAliases@@YAXPAVCOutputDevice@@@Z 004289db f   cmd.obj
 0001:00027a0e       ?RegisterCommand@@YA_NPBDP6AXXZI@Z 00428a0e f   cmd.obj
 0001:00027aef       ?UnregisterCommand@@YA_NPBD@Z 00428aef f   cmd.obj
 0001:00027b80       ?ExecuteCommand@@YA_NPBD@Z 00428b80 f   cmd.obj
 0001:00027fc3       ?ExecuteCommand@@YA_NPBDPBUCSimpleCommand@@H@Z 00428fc3 f   cmd.obj
 0001:00028405       ?CM_LoadMap@@YAPAUCBspModel@@PBD_NPAI@Z 00429405 f   cmodel.obj
 0001:00028b1e       ?LoadLeafBrushes@@YAXPAGH@Z 00429b1e f i cmodel.obj
 0001:000298d9       ?CM_BuildBrush@@YAPAUCBrush@@HPAVCMemoryChain@@@Z 0042a8d9 f   cmodel.obj
 0001:000299a2       ?CM_InlineModel@@YAPAUCBspModel@@PBD@Z 0042a9a2 f   cmodel.obj
 0001:000299cd       ?CM_InlineModel@@YAPAUCBspModel@@H@Z 0042a9cd f   cmodel.obj
 0001:00029aa8       ?CM_HeadnodeForBox@@YAHABUCBox@@@Z 0042aaa8 f   cmodel.obj
 0001:00029af0       ?CM_FindLeaf@@YAPBUCBspLeaf@@ABUCVec3@@H@Z 0042aaf0 f   cmodel.obj
 0001:00029b9f       ?DistanceTo@CPlane@@QBEMABUCVec3@@@Z 0042ab9f f i cmodel.obj
 0001:00029be4       ?CM_PointContents@@YAHABUCVec3@@H@Z 0042abe4 f   cmodel.obj
 0001:00029c4e       ?CM_TransformedPointContents@@YAHABUCVec3@@H00@Z 0042ac4e f   cmodel.obj
 0001:00029d26       ?CM_TransformedPointContents@@YAHABUCVec3@@H0ABUCAxis@@@Z 0042ad26 f   cmodel.obj
 0001:00029dc8       ?CM_BoxLeafs@@YAHABUCBox@@PAPAUCBspLeaf@@HPAHH@Z 0042adc8 f   cmodel.obj
 0001:00029eda       ?BOX_ON_PLANE_SIDE@@YAHABUCBox@@ABUCPlane@@@Z 0042aeda f i cmodel.obj
 0001:00029f45       ?CM_BoxTrace@@YAXAAUtrace_t@@ABUCVec3@@1ABUCBox@@HI@Z 0042af45 f   cmodel.obj
 0001:0002a69f       ?SplitTrace@@YAMABUCVec3@@0ABUCPlane@@AAM2_N@Z 0042b69f f i cmodel.obj
 0001:0002ab4c       ?CM_TransformedBoxTrace@@YAXAAUtrace_t@@ABUCVec3@@1ABUCBox@@HI11@Z 0042bb4c f   cmodel.obj
 0001:0002acbf       ?CM_TransformedBoxTrace@@YAXAAUtrace_t@@ABUCVec3@@1ABUCBox@@HI1ABUCAxis@@@Z 0042bcbf f   cmodel.obj
 0001:0002ad7c       ?CM_CombineTrace@@YA_NAAUtrace_t@@ABU1@@Z 0042bd7c f   cmodel.obj
 0001:0002adc9       ?CM_ClipTraceToModels@@YAXAAUtrace_t@@ABUCVec3@@1ABUCBox@@I@Z 0042bdc9 f   cmodel.obj
 0001:0002aecb       ?CM_PointModelContents@@YAHABUCVec3@@@Z 0042becb f   cmodel.obj
 0001:0002af1a       ?CM_BrushTrace@@YAHABUCVec3@@0PAHH@Z 0042bf1a f   cmodel.obj
 0001:0002b220       ?CM_RefineBrushTrace@@YAHABUCVec3@@0PAHH@Z 0042c220 f   cmodel.obj
 0001:0002b2c6       ?CM_ClusterPVS@@YAPBEH@Z   0042c2c6 f   cmodel.obj
 0001:0002b3fe       ?CM_SetAreaPortalState@@YAXH_N@Z 0042c3fe f   cmodel.obj
 0001:0002b426       ?CM_AreasConnected@@YA_NHH@Z 0042c426 f   cmodel.obj
 0001:0002b46d       ?CM_WriteAreaBits@@YAHPAEH@Z 0042c46d f   cmodel.obj
 0001:0002b50f       ?CM_WritePortalState@@YAXPAU_iobuf@@@Z 0042c50f f   cmodel.obj
 0001:0002b52c       ?CM_ReadPortalState@@YAXPAU_iobuf@@@Z 0042c52c f   cmodel.obj
 0001:0002b54e       ?CM_HeadnodeVisible@@YA_NHPBE@Z 0042c54e f   cmodel.obj
 0001:0002b62b       ??E?$TStringSplitter@$0EA@$0DL@@@QAEXXZ 0042c62b f i cmodel.obj
 0001:0002b68d       ?LoadNodes@@YAXPAUdBsp2Node_t@@H@Z 0042c68d f i cmodel.obj
 0001:0002b7a4       ?LoadNodes@@YAXPAUdBsp1Node_t@@H@Z 0042c7a4 f i cmodel.obj
 0001:0002b867       ?Com_DPrintf@@YAXPBDZZ     0042c867 f   common.obj
 0001:0002b8e0       ?DebugPrintf@@YAXPBDZZ     0042c8e0 f   common.obj
 0001:0002b98f       ?IPWildcard@@YA_NPAUnetadr_t@@PBD@Z 0042c98f f   common.obj
 0001:0002ba69       ?Com_ServerState@@YA?AW4server_state_t@@XZ 0042ca69 f   common.obj
 0001:0002ba6f       ?Com_SetServerState@@YAXW4server_state_t@@@Z 0042ca6f f   common.obj
 0001:0002ba7c       ?crand@@YAMXZ              0042ca7c f   common.obj
 0001:0002ba9a       ?Info_ValueForKey@@YAPBDPBD0@Z 0042ca9a f   common.obj
 0001:0002bb19       ?Info_SetValueForKey@@YAXPADPBD1@Z 0042cb19 f   common.obj
 0001:0002bc50       ?Info_Print@@YAXPBD@Z      0042cc50 f   common.obj
 0001:0002bcd6       ?LerpAngle@@YAMMMM@Z       0042ccd6 f   common.obj
 0001:0002bd1a       ?ReduceAngle@@YAMM@Z       0042cd1a f   common.obj
 0001:0002bd46       ?AngleSubtract@@YAMMM@Z    0042cd46 f   common.obj
 0001:0002bd7f       ?AnglesSubtract@@YAXABUCVec3@@0AAU1@@Z 0042cd7f f   common.obj
 0001:0002bdd8       ?COM_Parse@@YAPADAAPBD_N@Z 0042cdd8 f   common.obj
 0001:0002befa       ?COM_QuoteString@@YAPBDPBD_N@Z 0042cefa f   common.obj
 0001:0002bf57       ?Com_CheckCmdlineVar@@YA_NPBD@Z 0042cf57 f   common.obj
 0001:0002bfb0       ?Com_Init@@YAXPBD@Z        0042cfb0 f   common.obj
 0001:0002c357       ?Com_Frame@@YAXM@Z         0042d357 f   common.obj
 0001:0002c76b       ?Com_BlockSequenceCRCByte@@YAEPAEHH@Z 0042d76b f   crc.obj
 0001:0002c823       ?Cvar_VariableValue@@YAMPBD@Z 0042d823 f   cvar.obj
 0001:0002c89a       ?Cvar_VariableInt@@YAHPBD@Z 0042d89a f   cvar.obj
 0001:0002c8b1       ?Cvar_VariableString@@YAPBDPBD@Z 0042d8b1 f   cvar.obj
 0001:0002c8cd       ?Cvar_Get@@YAPAUcvar_t@@PBD0H@Z 0042d8cd f   cvar.obj
 0001:0002cb9a       ?Cvar_GetVars@@YAXPBUcvarInfo_t@@H@Z 0042db9a f   cvar.obj
 0001:0002cc44       ?Cvar_FullSet@@YAXPAUcvar_t@@PBDI@Z 0042dc44 f   cvar.obj
 0001:0002cc64       ?Cvar_FullSet@@YAPAUcvar_t@@PBD0I@Z 0042dc64 f   cvar.obj
 0001:0002cca4       ?Cvar_SetValue@@YAPAUcvar_t@@PBDM@Z 0042dca4 f   cvar.obj
 0001:0002ce3d       ?Cvar_SetInteger@@YAPAUcvar_t@@PBDH@Z 0042de3d f   cvar.obj
 0001:0002ce61       ?Cvar_Set@@YAPAUcvar_t@@PBD0@Z 0042de61 f   cvar.obj
 0001:0002ce78       ?Cvar_ForceSet@@YAPAUcvar_t@@PBD0@Z 0042de78 f   cvar.obj
 0001:0002ce8f       ?Cvar_Clamp@@YAMPAUcvar_t@@MM@Z 0042de8f f   cvar.obj
 0001:0002ceed       ?Cvar_Command@@YA_NHPAPAD@Z 0042deed f   cvar.obj
 0001:0002cf88       ?IsDefault@cvar_t@@QAE_NXZ 0042df88 f i cvar.obj
 0001:0002cfa5       ?Cvar_WriteVariables@@YAXPAVCOutputDevice@@HHPBD@Z 0042dfa5 f   cvar.obj
 0001:0002d02b       ?Cvar_BitInfo@@YAPBDI@Z    0042e02b f   cvar.obj
 0001:0002d07d       ?Cvar_Cheats@@YAX_N@Z      0042e07d f   cvar.obj
 0001:0002d8f4       ?MSG_WriteDeltaEntity@@YAXPAVsizebuf_t@@PBUentityStateEx_t@@PAU2@_N33@Z 0042e8f4 f   entdelta.obj
 0001:0002deb0       ?MSG_WriteRemoveEntity@@YAXPAVsizebuf_t@@H@Z 0042eeb0 f   entdelta.obj
 0001:0002def0       ?MSG_ReadEntityBits@@YAHPAVsizebuf_t@@PAIPA_N@Z 0042eef0 f   entdelta.obj
 0001:0002df62       ?MSG_ReadDeltaEntity@@YAXPAVsizebuf_t@@PBUentityStateEx_t@@PAU2@I@Z 0042ef62 f   entdelta.obj
 0001:0002dfe5       ?MSG_WriteDeltaUsercmd@@YAXPAVsizebuf_t@@PBUusercmd_t@@PAU2@@Z 0042efe5 f   entdelta.obj
 0001:0002e074       ?MSG_ReadDeltaUsercmd@@YAXPAVsizebuf_t@@PBUusercmd_t@@PAU2@@Z 0042f074 f   entdelta.obj
 0001:0002e377       ?MSG_WriteDeltaPlayerstate@@YAXPAVsizebuf_t@@PBUplayer_state_t@@PAU2@@Z 0042f377 f   entdelta.obj
 0001:0002e480       ?MSG_ReadDeltaPlayerstate@@YAXPAVsizebuf_t@@PBUplayer_state_t@@PAU2@@Z 0042f480 f   entdelta.obj
 0001:0002e53a       ?ProcessEntstring@@YAPBDPBD@Z 0042f53a f   EntityParser.obj
 0001:000303fa       ?LoadPCX@@YAPAEPBDAAH1AAPAE@Z 004313fa f   images.obj
 0001:00030535       ?LoadTGA@@YAPAEPBDAAH1@Z   00431535 f   images.obj
 0001:000307c9       ?LoadJPG@@YAPAEPBDAAH1@Z   004317c9 f   images.obj
 0001:00030a7d       ?ImageExists@@YAHPBDH@Z    00431a7d f   images.obj
 0001:00030ba1       ?WriteTGA@@YA_NPBDPAEHH@Z  00431ba1 f   images.obj
 0001:00030d95       ?WriteJPG@@YA_NPBDPAEHH_N@Z 00431d95 f   images.obj
 0001:00030ec6       ??0CBrush@@QAE@ABUCBox@@@Z 00431ec6 f   MapBrush.obj
 0001:00031017       ?Split@CBrush@@QAEPAU1@PAUCPlane@@@Z 00432017 f   MapBrush.obj
 0001:00031a69       ?GetVec@CAllocVertexPool@@QAEPAUCVec3@@ABU2@@Z 00432a69 f i MapBrush.obj
 0001:00031afd       ?GetBounds@CBrush@@QAEXAAUCBox@@@Z 00432afd f   MapBrush.obj
 0001:00031b7f       ?AddBevels@CBrush@@QAEXP6APAUCPlane@@ABUCVec3@@M@Z@Z 00432b7f f   MapBrush.obj
 0001:00031e73       ?Negate@CVec3@@QAEXXZ      00432e73 f i MapBrush.obj
 0001:00031e81       ?MD4Init@@YAXPAUMD4_CTX@@@Z 00432e81 f   md4.obj
 0001:00031ea9       ?MD4Update@@YAXPAUMD4_CTX@@PAEI@Z 00432ea9 f   md4.obj
 0001:00031f47       ?MD4Final@@YAXQAEPAUMD4_CTX@@@Z 00432f47 f   md4.obj
 0001:00032638       ?Com_BlockChecksum@@YAIPAXH@Z 00433638 f   md4.obj
 0001:00032674       ?LoadQ2BspFile@@YAXXZ      00433674 f   model.obj
 0001:00032bf2       ?LoadQ1BspFile@@YAXXZ      00433bf2 f   model.obj
 0001:00032f79       ?LoadQ3BspFile@@YAXXZ      00433f79 f   model.obj
 0001:000331ea       ?LoadBspFile@@YAPAUbspfile_t@@PBD_NPAI@Z 004341ea f   model.obj
 0001:000333eb       ?Init@sizebuf_t@@QAEXPAXH@Z 004343eb f   msg.obj
 0001:00033408       ?Write@sizebuf_t@@QAEXPBXH@Z 00434408 f   msg.obj
 0001:0003347a       ?MSG_WriteByte@@YAXPAVsizebuf_t@@H@Z 0043447a f   msg.obj
 0001:0003347a       ?MSG_WriteChar@@YAXPAVsizebuf_t@@H@Z 0043447a f   msg.obj
 0001:0003348d       ?MSG_WriteShort@@YAXPAVsizebuf_t@@H@Z 0043448d f   msg.obj
 0001:000334a0       ?MSG_WriteLong@@YAXPAVsizebuf_t@@H@Z 004344a0 f   msg.obj
 0001:000334b3       ?MSG_WriteFloat@@YAXPAVsizebuf_t@@M@Z 004344b3 f   msg.obj
 0001:000334c6       ?MSG_WriteString@@YAXPAVsizebuf_t@@PBD@Z 004344c6 f   msg.obj
 0001:000334f0       ?MSG_WritePos@@YAXPAVsizebuf_t@@ABUCVec3@@@Z 004344f0 f   msg.obj
 0001:00033554       ?MSG_WriteAngle@@YAXPAVsizebuf_t@@M@Z 00434554 f   msg.obj
 0001:0003357f       ?MSG_WriteAngle16@@YAXPAVsizebuf_t@@M@Z 0043457f f   msg.obj
 0001:000335aa       ?MSG_WriteDir@@YAXPAVsizebuf_t@@ABUCVec3@@@Z 004345aa f   msg.obj
 0001:00033612       ?MSG_ReadDir@@YAXPAVsizebuf_t@@AAUCVec3@@@Z 00434612 f   msg.obj
 0001:00033645       ?MSG_ReadChar@@YAHPAVsizebuf_t@@@Z 00434645 f   msg.obj
 0001:00033668       ?MSG_ReadByte@@YAHPAVsizebuf_t@@@Z 00434668 f   msg.obj
 0001:00033690       ?MSG_ReadShort@@YAHPAVsizebuf_t@@@Z 00434690 f   msg.obj
 0001:000336b9       ?MSG_ReadLong@@YAHPAVsizebuf_t@@@Z 004346b9 f   msg.obj
 0001:000336db       ?MSG_ReadString@@YAPADPAVsizebuf_t@@@Z 004346db f   msg.obj
 0001:00033711       ?MSG_ReadPos@@YAXPAVsizebuf_t@@AAUCVec3@@@Z 00434711 f   msg.obj
 0001:00033763       ?MSG_ReadAngle@@YAMPAVsizebuf_t@@@Z 00434763 f   msg.obj
 0001:0003377d       ?MSG_ReadAngle16@@YAMPAVsizebuf_t@@@Z 0043477d f   msg.obj
 0001:00033797       ?MSG_ReadData@@YAXPAVsizebuf_t@@PAXH@Z 00434797 f   msg.obj
 0001:000337ba       ?Netchan_Init@@YAXXZ       004347ba f   net_chan.obj
 0001:00033829       ?Netchan_OutOfBandPrint@@YAXW4netsrc_t@@Unetadr_t@@PBDZZ 00434829 f   net_chan.obj
 0001:000338ae       ?Setup@netchan_t@@QAEXW4netsrc_t@@Unetadr_t@@H@Z 004348ae f   net_chan.obj
 0001:00033904       ?NeedReliable@netchan_t@@QAE_NXZ 00434904 f   net_chan.obj
 0001:00033929       ?Transmit@netchan_t@@QAEXPAXH@Z 00434929 f   net_chan.obj
 0001:00033abf       ?Process@netchan_t@@QAE_NPAVsizebuf_t@@@Z 00434abf f   net_chan.obj
 0001:00033bec       ?Pmove@@YAXPAUpmove_t@@@Z  00434bec f   pmove.obj
 0001:00035862       ?FileExists@CQuakeFileSystem@@UAE_NPBDI@Z 00436862 f i QuakeFileSystem.obj
 0001:000358c9       ?CheckFilename@CQuakeFileSystem@@AAEXPBD@Z 004368c9 f i QuakeFileSystem.obj
 0001:00035968       ?OpenFile@CQuakeFileSystem@@UAEPAVCFile@@PBDI@Z 00436968 f i QuakeFileSystem.obj
 0001:000359f8       ?List@CQuakeFileSystem@@UAEPAVCFileList@@PBDIPAV2@@Z 004369f8 f i QuakeFileSystem.obj
 0001:00035a8a       ??_GCFileSystem@@UAEPAXI@Z 00436a8a f i QuakeFileSystem.obj
 0001:00035a8a       ??_ECQuakeFileSystem@@UAEPAXI@Z 00436a8a f i QuakeFileSystem.obj
 0001:00035a8a       ??_GCQuakeFileSystem@@UAEPAXI@Z 00436a8a f i QuakeFileSystem.obj
 0001:00035a8a       ??_ECFileSystem@@UAEPAXI@Z 00436a8a f i QuakeFileSystem.obj
 0001:00035aaa       ?FS_Gamedir@@YAPBDXZ       00436aaa f   QuakeFileSystem.obj
 0001:00035ab0       ?FS_NextPath@@YAPBDPBD@Z   00436ab0 f   QuakeFileSystem.obj
 0001:00035af4       ?FS_CopyFile@@YAXPBD0@Z    00436af4 f   QuakeFileSystem.obj
 0001:00035bca       ?FS_CopyFiles@@YAXPBD0@Z   00436bca f   QuakeFileSystem.obj
 0001:00035ce4       ?FS_RemoveFiles@@YAXPBD@Z  00436ce4 f   QuakeFileSystem.obj
 0001:00035d9f       ?InitFileSystem@@YAXXZ     00436d9f f   QuakeFileSystem.obj
 0001:00035ed3       ?Create@CFileContainerPak@@SAPAVCFileContainer@@PBDPAU_iobuf@@@Z 00436ed3 f i QuakeFileSystem.obj
 0001:0003603c       ??0CFileContainerArc@@QAE@XZ 0043703c f i QuakeFileSystem.obj
 0001:00036083       ??_GCFileContainerArc@@UAEPAXI@Z 00437083 f i QuakeFileSystem.obj
 0001:00036083       ??_ECFileContainerArc@@UAEPAXI@Z 00437083 f i QuakeFileSystem.obj
 0001:000360b2       ?GetType@CFileContainerPak@@MAEPBDXZ 004370b2 f i QuakeFileSystem.obj
 0001:000360b8       ?OpenLocalFile@CFileContainerPak@@MAEPAVCFile@@ABVCStringItem@@@Z 004370b8 f i QuakeFileSystem.obj
 0001:00036108       ?Read@CFilePak@CFileContainerPak@@UAEHPAXH@Z 00437108 f i QuakeFileSystem.obj
 0001:00036142       ?GetSize@CFilePak@CFileContainerPak@@UAEHXZ 00437142 f i QuakeFileSystem.obj
 0001:00036149       ?Eof@CFilePak@CFileContainerPak@@UAE_NXZ 00437149 f i QuakeFileSystem.obj
 0001:00036156       ??_GCFilePak@CFileContainerPak@@UAEPAXI@Z 00437156 f i QuakeFileSystem.obj
 0001:00036156       ??_ECFilePak@CFileContainerPak@@UAEPAXI@Z 00437156 f i QuakeFileSystem.obj
 0001:0003618b       ??_GCFileContainerPak@@UAEPAXI@Z 0043718b f i QuakeFileSystem.obj
 0001:0003618b       ??_ECFileContainerPak@@UAEPAXI@Z 0043718b f i QuakeFileSystem.obj
 0001:000361ba       ?Create@CFileContainerZip@@SAPAVCFileContainer@@PBDPAU_iobuf@@@Z 004371ba f i QuakeFileSystem.obj
 0001:000364b9       ?GetType@CFileContainerZip@@MAEPBDXZ 004374b9 f i QuakeFileSystem.obj
 0001:000364bf       ?OpenLocalFile@CFileContainerZip@@MAEPAVCFile@@ABVCStringItem@@@Z 004374bf f i QuakeFileSystem.obj
 0001:0003655b       ??0CFilePak@CFileContainerZip@@QAE@ABVCFileInfo@1@PAU_iobuf@@@Z 0043755b f i QuakeFileSystem.obj
 0001:000365ad       ?Read@CFilePak@CFileContainerZip@@UAEHPAXH@Z 004375ad f i QuakeFileSystem.obj
 0001:000366f6       ?GetSize@CFilePak@CFileContainerZip@@UAEHXZ 004376f6 f i QuakeFileSystem.obj
 0001:00036700       ?Eof@CFilePak@CFileContainerZip@@UAE_NXZ 00437700 f i QuakeFileSystem.obj
 0001:00036713       ??_ECFilePak@CFileContainerZip@@UAEPAXI@Z 00437713 f i QuakeFileSystem.obj
 0001:00036713       ??_GCFilePak@CFileContainerZip@@UAEPAXI@Z 00437713 f i QuakeFileSystem.obj
 0001:00036732       ??1CFilePak@CFileContainerZip@@UAE@XZ 00437732 f i QuakeFileSystem.obj
 0001:000367a1       ??_GCFileContainerZip@@UAEPAXI@Z 004377a1 f i QuakeFileSystem.obj
 0001:000367a1       ??_ECFileContainerZip@@UAEPAXI@Z 004377a1 f i QuakeFileSystem.obj
 0001:000367d0       ?Mount@CZResource@@SAPAVCFileContainer@@PBDPBE0PAVCFileSystem@@@Z 004377d0 f i QuakeFileSystem.obj
 0001:0003697c       ?GetType@CZResource@@MAEPBDXZ 0043797c f i QuakeFileSystem.obj
 0001:00036982       ?OpenLocalFile@CZResource@@MAEPAVCFile@@ABVCStringItem@@@Z 00437982 f i QuakeFileSystem.obj
 0001:000369b3       ??0CFileRes@CZResource@@QAE@ABVCFileInfo@1@PBXH@Z 004379b3 f i QuakeFileSystem.obj
 0001:00036a66       ?Read@CFileRes@CZResource@@UAEHPAXH@Z 00437a66 f i QuakeFileSystem.obj
 0001:00036ab9       ?GetSize@CFileRes@CZResource@@UAEHXZ 00437ab9 f i QuakeFileSystem.obj
 0001:00036ac0       ?Eof@CFileRes@CZResource@@UAE_NXZ 00437ac0 f i QuakeFileSystem.obj
 0001:00036acd       ??_ECFileRes@CZResource@@UAEPAXI@Z 00437acd f i QuakeFileSystem.obj
 0001:00036acd       ??_GCFileRes@CZResource@@UAEPAXI@Z 00437acd f i QuakeFileSystem.obj
 0001:00036aff       ??_GCZResource@@UAEPAXI@Z  00437aff f i QuakeFileSystem.obj
 0001:00036aff       ??_ECZResource@@UAEPAXI@Z  00437aff f i QuakeFileSystem.obj
 0001:00036b2e       ?MountGame@CQuakeFileSystem@@QAEXPBD@Z 00437b2e f i QuakeFileSystem.obj
 0001:00036b79       ?SetGameDir@CQuakeFileSystem@@QAE_NPBD@Z 00437b79 f i QuakeFileSystem.obj
 0001:00036d7b       ?FS_Tick@@YAXXZ            00437d7b f   QuakeFileSystem.obj
 0001:00036ec8       ?CDAudio_Play@@YAXH_N@Z    00437ec8 f   cd_win.obj
 0001:000370bb       ?CDAudio_Stop@@YAXXZ       004380bb f   cd_win.obj
 0001:0003717c       ?CDAudio_Update@@YAXXZ     0043817c f   cd_win.obj
 0001:0003721f       ?CDAudio_Init@@YA_NXZ      0043821f f   cd_win.obj
 0001:00037640       ?CDAudio_Shutdown@@YAXXZ   00438640 f   cd_win.obj
 0001:00037663       ?CDAudio_Activate@@YAX_N@Z 00438663 f   cd_win.obj
 0001:0003767a       ?IN_Init@@YAXXZ            0043867a f   in_win.obj
 0001:00037907       ?IN_Shutdown@@YAXXZ        00438907 f   in_win.obj
 0001:00037b68       ?IN_Activate@@YAX_N@Z      00438b68 f   in_win.obj
 0001:00037b75       ?IN_Frame@@YAXXZ           00438b75 f   in_win.obj
 0001:00037ed7       ?IN_Move@@YAXPAUusercmd_t@@@Z 00438ed7 f   in_win.obj
 0001:00038382       ?NET_CompareAdr@@YA_NPAUnetadr_t@@0@Z 00439382 f   net_wins.obj
 0001:000383bd       ?NET_CompareBaseAdr@@YA_NPAUnetadr_t@@0@Z 004393bd f   net_wins.obj
 0001:000383ea       ?NET_AdrToString@@YAPBDPAUnetadr_t@@@Z 004393ea f   net_wins.obj
 0001:00038430       ?NET_StringToAdr@@YA_NPBDPAUnetadr_t@@F@Z 00439430 f   net_wins.obj
 0001:00038546       ?NET_IsLocalAddress@@YA_NPAUnetadr_t@@@Z 00439546 f   net_wins.obj
 0001:00038555       ?NET_GetPacket@@YA_NW4netsrc_t@@PAUnetadr_t@@PAVsizebuf_t@@@Z 00439555 f   net_wins.obj
 0001:000386d4       ?NET_SendPacket@@YAXW4netsrc_t@@HPAXUnetadr_t@@@Z 004396d4 f   net_wins.obj
 0001:000387f2       ?NET_Config@@YAX_N@Z       004397f2 f   net_wins.obj
 0001:000389cd       ?NET_Init@@YAXXZ           004399cd f   net_wins.obj
 0001:00038a80       ?SNDDMA_Init@@YA_NXZ       00439a80 f   snd_win.obj
 0001:000390cb       ?SNDDMA_GetDMAPos@@YAHXZ   0043a0cb f   snd_win.obj
 0001:00039115       ?SNDDMA_BeginPainting@@YAXXZ 0043a115 f   snd_win.obj
 0001:00039234       ?SNDDMA_Submit@@YAXXZ      0043a234 f   snd_win.obj
 0001:00039259       ?SNDDMA_Shutdown@@YAXXZ    0043a259 f   snd_win.obj
 0001:0003925e       ?S_Activate@@YAX_N@Z       0043a25e f   snd_win.obj
 0001:000392b1       ?Write@COutputDeviceWin32Console@@UAEXPBD@Z 0043a2b1 f i sys_win.obj
 0001:00039329       ?EraseInput@COutputDeviceWin32Console@@QAEXXZ 0043a329 f i sys_win.obj
 0001:000393af       ??_GCOutputDeviceWin32Console@@UAEPAXI@Z 0043a3af f i sys_win.obj
 0001:000393af       ??_ECOutputDeviceWin32Console@@UAEPAXI@Z 0043a3af f i sys_win.obj
 0001:000393cf       ?Sys_ConsoleInput@@YAPADXZ 0043a3cf f   sys_win.obj
 0001:00039658       ?Sys_ProcessMessages@@YAXXZ 0043a658 f   sys_win.obj
 0001:00039711       _WinMain@16                0043a711 f   sys_win.obj
 0001:00039a0e       ??_ECOutputDeviceCon@@UAEPAXI@Z 0043aa0e f i sys_win.obj
 0001:00039a0e       ??_GCOutputDeviceCon@@UAEPAXI@Z 0043aa0e f i sys_win.obj
 0001:00039ab6       ?Init@COutputDeviceWin32Console@@QAEXXZ 0043aab6 f i sys_win.obj
 0001:00039ae0       ?AddMsgHook@@YAXP6A_NIIJ@Z@Z 0043aae0 f   vid_dll.obj
 0001:00039b27       ?RemoveMsgHook@@YAXP6A_NIIJ@Z@Z 0043ab27 f   vid_dll.obj
 0001:00039b5a       ?Vid_CreateWindow@@YAPAXHH_N@Z 0043ab5a f   vid_dll.obj
 0001:0003a27c       ?Vid_DestroyWindow@@YAX_N@Z 0043b27c f   vid_dll.obj
 0001:0003a2bb       ?Vid_Restart@@YAXXZ        0043b2bb f   vid_dll.obj
 0001:0003a2c7       ?Vid_GetModeInfo@@YA_NPAH0H@Z 0043b2c7 f   vid_dll.obj
 0001:0003a2f9       ?Vid_Tick@@YAXXZ           0043b2f9 f   vid_dll.obj
 0001:0003a4aa       ?Vid_Init@@YAXXZ           0043b4aa f   vid_dll.obj
 0001:0003a54d       ?Vid_Shutdown@@YAXXZ       0043b54d f   vid_dll.obj
 0001:0003a56c       ?BK_FlushShader@OpenGLDrv@@YAXXZ 0043b56c f   gl_backend.obj
 0001:0003cd48       ?Tesselate@surfacePlanar_t@OpenGLDrv@@UAEXAAUrefEntity_t@2@@Z 0043dd48 f   gl_backend.obj
 0001:0003ceae       ?Tesselate@surfacePoly_t@OpenGLDrv@@UAEXAAUrefEntity_t@2@@Z 0043deae f   gl_backend.obj
 0001:0003cfb5       ?Tesselate@surfaceMd3_t@OpenGLDrv@@UAEXAAUrefEntity_t@2@@Z 0043dfb5 f   gl_backend.obj
 0001:0003d563       ?DrawBrush@OpenGLDrv@@YAXPBUCBrush@@PBDH@Z 0043e563 f   gl_backend.obj
 0001:0003d5c6       ?Tesselate@surfaceEntity_t@OpenGLDrv@@UAEXAAUrefEntity_t@2@@Z 0043e5c6 f   gl_backend.obj
 0001:0003d6aa       ?Tesselate@surfaceParticle_t@OpenGLDrv@@UAEXAAUrefEntity_t@2@@Z 0043e6aa f   gl_backend.obj
 0001:0003d8fa       ?BK_DrawScene@OpenGLDrv@@YAXXZ 0043e8fa f   gl_backend.obj
 0001:0003e107       ?BK_DrawPic@OpenGLDrv@@YAXPAVshader_t@1@HHHHMMMMIE@Z 0043f107 f   gl_backend.obj
 0001:0003e2e8       ?BK_DrawText@OpenGLDrv@@YAXPBDHHHHHI@Z 0043f2e8 f   gl_backend.obj
 0001:0003e4dd       ?BK_BeginFrame@OpenGLDrv@@YAXXZ 0043f4dd f   gl_backend.obj
 0001:0003e541       ?BK_EndFrame@OpenGLDrv@@YAXXZ 0043f541 f   gl_backend.obj
 0001:0003e580       ?BK_Init@OpenGLDrv@@YAXXZ  0043f580 f   gl_backend.obj
 0001:0003e5af       ?BK_Shutdown@OpenGLDrv@@YAXXZ 0043f5af f   gl_backend.obj
 0001:0003e5c7       ?AllocDynamicMemory@OpenGLDrv@@YAPAXH@Z 0043f5c7 f   gl_buffers.obj
 0001:0003e635       ?ResizeDynamicMemory@OpenGLDrv@@YAXPAXH@Z 0043f635 f   gl_buffers.obj
 0001:0003e679       ?AddSurfaceToPortal@OpenGLDrv@@YAXPAVsurfaceBase_t@1@PAVshader_t@1@HH@Z 0043f679 f   gl_buffers.obj
 0001:0003e6ea       ?InsertShaderIndex@OpenGLDrv@@YAXH@Z 0043f6ea f   gl_buffers.obj
 0001:0003e726       ?ClearPortal@OpenGLDrv@@YAXXZ 0043f726 f   gl_buffers.obj
 0001:0003e744       ?SortSurfaces@OpenGLDrv@@YAXPAUviewPortal_t@1@PAPAUsurfaceInfo_t@1@@Z 0043f744 f   gl_buffers.obj
 0001:0003e8d6       ?ClearBuffers@OpenGLDrv@@YAXXZ 0043f8d6 f   gl_buffers.obj
 0001:0003e8ed       ?CreateBuffers@OpenGLDrv@@YAXXZ 0043f8ed f   gl_buffers.obj
 0001:0003e913       ?FreeBuffers@OpenGLDrv@@YAXXZ 0043f913 f   gl_buffers.obj
 0001:0003e937       ?InitEntity@model_t@OpenGLDrv@@UAE_NPAUentity_t@@PAUrefEntity_t@2@@Z 0043f937 f   gl_frontend.obj
 0001:0003e93c       ?AddSurfaces@model_t@OpenGLDrv@@UAEXPAUrefEntity_t@2@@Z 0043f93c f   gl_frontend.obj
 0001:0003e96d       ?GetLeaf@model_t@OpenGLDrv@@UAEPBUCBspLeaf@@PAUrefEntity_t@2@@Z 0043f96d f   gl_frontend.obj
 0001:0003e984       ?DrawLabel@model_t@OpenGLDrv@@UAEXPAUrefEntity_t@2@@Z 0043f984 f   gl_frontend.obj
 0001:0003e987       ?InitEntity@inlineModel_t@OpenGLDrv@@UAE_NPAUentity_t@@PAUrefEntity_t@2@@Z 0043f987 f   gl_frontend.obj
 0001:0003e9f4       ?AddSurfaces@inlineModel_t@OpenGLDrv@@UAEXPAUrefEntity_t@2@@Z 0043f9f4 f   gl_frontend.obj
 0001:0003eefd       ?GetLeaf@inlineModel_t@OpenGLDrv@@UAEPBUCBspLeaf@@PAUrefEntity_t@2@@Z 0043fefd f   gl_frontend.obj
 0001:0003f0a8       ?DrawLabel@inlineModel_t@OpenGLDrv@@UAEXPAUrefEntity_t@2@@Z 004400a8 f   gl_frontend.obj
 0001:0003f0f1       ?InitEntity@md3Model_t@OpenGLDrv@@UAE_NPAUentity_t@@PAUrefEntity_t@2@@Z 004400f1 f   gl_frontend.obj
 0001:0003f2cf       ?AddSurfaces@md3Model_t@OpenGLDrv@@UAEXPAUrefEntity_t@2@@Z 004402cf f   gl_frontend.obj
 0001:0003f409       ?GetLeaf@md3Model_t@OpenGLDrv@@UAEPBUCBspLeaf@@PAUrefEntity_t@2@@Z 00440409 f   gl_frontend.obj
 0001:0003f444       ?DrawLabel@md3Model_t@OpenGLDrv@@UAEXPAUrefEntity_t@2@@Z 00440444 f   gl_frontend.obj
 0001:0003f4ad       ?InitEntity@sprModel_t@OpenGLDrv@@UAE_NPAUentity_t@@PAUrefEntity_t@2@@Z 004404ad f   gl_frontend.obj
 0001:0003f4d0       ?AddSurfaces@sprModel_t@OpenGLDrv@@UAEXPAUrefEntity_t@2@@Z 004404d0 f   gl_frontend.obj
 0001:0003f653       ?GetLeaf@sprModel_t@OpenGLDrv@@UAEPBUCBspLeaf@@PAUrefEntity_t@2@@Z 00440653 f   gl_frontend.obj
 0001:0003f73b       ?AddEntity@OpenGLDrv@@YAXPAUentity_t@@@Z 0044073b f   gl_frontend.obj
 0001:0003f8f4       ?AddDlight@OpenGLDrv@@YAXPAUdlight_t@@@Z 004408f4 f   gl_frontend.obj
 0001:0003faac       ?DrawPortal@OpenGLDrv@@YAXXZ 00440aac f   gl_frontend.obj
 0001:00041cda       ?GL_TextureMode@OpenGLDrv@@YAXPBD@Z 00442cda f   gl_image.obj
 0001:00041d85       ?CreateImage@OpenGLDrv@@YAPAVimage_t@1@PBDPAXHHI@Z 00442d85 f   gl_image.obj
 0001:00042b2d       ?CreateImage8@OpenGLDrv@@YAPAVimage_t@1@PBDPAXHHIPAI@Z 00443b2d f   gl_image.obj
 0001:00042c0c       ?LoadDelayedImages@OpenGLDrv@@YAXXZ 00443c0c f   gl_image.obj
 0001:00042c9f       ?DrawStretchRaw8@OpenGLDrv@@YAXHHHHHHPAEPAI@Z 00443c9f f   gl_image.obj
 0001:00042fd2       ?SetupGamma@OpenGLDrv@@YAXXZ 00443fd2 f   gl_image.obj
 0001:00043118       ?PerformScreenshot@OpenGLDrv@@YAXXZ 00444118 f   gl_image.obj
 0001:00043389       ?InitImages@OpenGLDrv@@YAXXZ 00444389 f   gl_image.obj
 0001:00043b62       ?ShutdownImages@OpenGLDrv@@YAXXZ 00444b62 f   gl_image.obj
 0001:00043bc9       ?ShowImages@OpenGLDrv@@YAXXZ 00444bc9 f   gl_image.obj
 0001:00043e55       ?FindImage@OpenGLDrv@@YAPAVimage_t@1@PBDI@Z 00444e55 f   gl_image.obj
 0001:000441c2       ?GL_Lock@OpenGLDrv@@YAXXZ  004451c2 f   gl_interface.obj
 0001:0004423a       ?GL_Unlock@OpenGLDrv@@YAXXZ 0044523a f   gl_interface.obj
 0001:000443fc       ?GL_Bind@OpenGLDrv@@YAXPBVimage_t@1@@Z 004453fc f   gl_interface.obj
 0001:00044591       ?GL_BindForce@OpenGLDrv@@YAXPBVimage_t@1@@Z 00445591 f   gl_interface.obj
 0001:00044629       ?GL_TexEnv@OpenGLDrv@@YAXI@Z 00445629 f   gl_interface.obj
 0001:000447a8       ?GL_TexMipBias@OpenGLDrv@@YAXM@Z 004457a8 f   gl_interface.obj
 0001:00044804       ?GL_TexEnvColor@OpenGLDrv@@YAXPBTcolor_t@@@Z 00445804 f   gl_interface.obj
 0001:000448b4       ?GL_SelectTexture@OpenGLDrv@@YAXH@Z 004458b4 f   gl_interface.obj
 0001:00044917       ?GL_TexCoordPointer@OpenGLDrv@@YAXPAX@Z 00445917 f   gl_interface.obj
 0001:0004494a       ?GL_SetMultitexture@OpenGLDrv@@YAXH@Z 0044594a f   gl_interface.obj
 0001:00044a3b       ?GL_DisableTexCoordArrays@OpenGLDrv@@YAXXZ 00445a3b f   gl_interface.obj
 0001:00044a8f       ?GL_CullFace@OpenGLDrv@@YAXW4gl_cullMode_t@1@@Z 00445a8f f   gl_interface.obj
 0001:00044ae3       ?GL_DepthRange@OpenGLDrv@@YAXW4gl_depthMode_t@1@@Z 00445ae3 f   gl_interface.obj
 0001:00044b19       ?GL_State@OpenGLDrv@@YAXI@Z 00445b19 f   gl_interface.obj
 0001:00044c69       ?GL_EnableFog@OpenGLDrv@@YAX_N@Z 00445c69 f   gl_interface.obj
 0001:00044d43       ?GL_SetDefaultState@OpenGLDrv@@YAXXZ 00445d43 f   gl_interface.obj
 0001:00044e9a       ?GL_Set2DMode@OpenGLDrv@@YAXXZ 00445e9a f   gl_interface.obj
 0001:00044f95       ?GL_Set3DMode@OpenGLDrv@@YAXPAUviewPortal_t@1@@Z 00445f95 f   gl_interface.obj
 0001:00045080       ?Show@CPointLight@OpenGLDrv@@UBEXXZ 00446080 f   gl_light.obj
 0001:00045289       ?Show@CSurfLight@OpenGLDrv@@UBEXXZ 00446289 f   gl_light.obj
 0001:000453e3       ?ShowLights@OpenGLDrv@@YAXXZ 004463e3 f   gl_light.obj
 0001:00045452       ?Init@CPointLight@OpenGLDrv@@UAEXXZ 00446452 f   gl_light.obj
 0001:0004546a       ?Init@CLightLinear@OpenGLDrv@@EAEXXZ 0044646a f   gl_light.obj
 0001:0004549e       ?GetScale@CLightLinear@OpenGLDrv@@EBEMM@Z 0044649e f   gl_light.obj
 0001:000454ae       ?Init@CLightInv@OpenGLDrv@@EAEXXZ 004464ae f   gl_light.obj
 0001:000454ca       ?GetScale@CLightInv@OpenGLDrv@@EBEMM@Z 004464ca f   gl_light.obj
 0001:000454e6       ?Init@CLightInv2@OpenGLDrv@@EAEXXZ 004464e6 f   gl_light.obj
 0001:0004554d       ?GetScale@CLightInv2@OpenGLDrv@@EBEMM@Z 0044654d f   gl_light.obj
 0001:0004556f       ?Init@CLightNofade@OpenGLDrv@@EAEXXZ 0044656f f   gl_light.obj
 0001:00045580       ?GetScale@CLightNofade@OpenGLDrv@@EBEMM@Z 00446580 f   gl_light.obj
 0001:00045586       ?Add@CPointLight@OpenGLDrv@@UBEXABUCVec3@@ABUCAxis@@@Z 00446586 f   gl_light.obj
 0001:000459d2       ?Init@CSurfLight@OpenGLDrv@@UAEXXZ 004469d2 f   gl_light.obj
 0001:00045aab       ?Add@CSurfLight@OpenGLDrv@@UBEXABUCVec3@@ABUCAxis@@@Z 00446aab f   gl_light.obj
 0001:00045ecc       ?Init@CSunLight@OpenGLDrv@@UAEXXZ 00446ecc f   gl_light.obj
 0001:00045f79       ?Add@CSunLight@OpenGLDrv@@UBEXABUCVec3@@ABUCAxis@@@Z 00446f79 f   gl_light.obj
 0001:0004603f       ?LightForEntity@OpenGLDrv@@YAXPAUrefEntity_t@1@@Z 0044703f f   gl_light.obj
 0001:0004691a       ?DiffuseLight@OpenGLDrv@@YAXPATcolor_t@@M@Z 0044791a f   gl_light.obj
 0001:00046b66       ?InitLightGrid@OpenGLDrv@@YAXXZ 00447b66 f   gl_light.obj
 0001:00046c0c       ?PostLoadLights@OpenGLDrv@@YAXXZ 00447c0c f   gl_light.obj
 0001:00046cf5       ?LM_Init@OpenGLDrv@@YAXXZ  00447cf5 f   gl_lightmap.obj
 0001:00046d0b       ?LM_Flush@OpenGLDrv@@YAXPAUlightmapBlock_t@1@@Z 00447d0b f   gl_lightmap.obj
 0001:00046d6b       ?LM_Done@OpenGLDrv@@YAXXZ  00447d6b f   gl_lightmap.obj
 0001:00046d92       ?LM_Save@OpenGLDrv@@YAXPAUlightmapBlock_t@1@@Z 00447d92 f   gl_lightmap.obj
 0001:00046dad       ?LM_Restore@OpenGLDrv@@YAXPAUlightmapBlock_t@1@@Z 00447dad f   gl_lightmap.obj
 0001:00046dc8       ?LM_NewBlock@OpenGLDrv@@YAPAUlightmapBlock_t@1@XZ 00447dc8 f   gl_lightmap.obj
 0001:00046e27       ?LM_Rewind@OpenGLDrv@@YAXXZ 00447e27 f   gl_lightmap.obj
 0001:00046e2f       ?LM_NextBlock@OpenGLDrv@@YAPAUlightmapBlock_t@1@XZ 00447e2f f   gl_lightmap.obj
 0001:00046e5c       ?LM_CheckMinlight@OpenGLDrv@@YAXPAUdynamicLightmap_t@1@@Z 00447e5c f   gl_lightmap.obj
 0001:00046ef2       ?LM_AllocBlock@OpenGLDrv@@YA_NPAUlightmapBlock_t@1@PAUdynamicLightmap_t@1@@Z 00447ef2 f   gl_lightmap.obj
 0001:00047018       ?LM_PutBlock@OpenGLDrv@@YAXPAUdynamicLightmap_t@1@@Z 00448018 f   gl_lightmap.obj
 0001:0004748c       ?LM_PutBlock1@OpenGLDrv@@YAXPAUdynamicLightmap_t@1@@Z 0044848c f   gl_lightmap.obj
 0001:000475dd       ?LM_SortLightStyles@OpenGLDrv@@YAXPAUdynamicLightmap_t@1@@Z 004485dd f   gl_lightmap.obj
 0001:0004766f       ?UpdateDynamicLightmap@OpenGLDrv@@YAXPAVsurfacePlanar_t@1@_NI@Z 0044866f f   gl_lightmap.obj
 0001:00047eb5       ?LM_IsMonotone@OpenGLDrv@@YA_NPAUdynamicLightmap_t@1@PATcolor_t@@@Z 00448eb5 f   gl_lightmap.obj
 0001:00047fbc       ?Init@OpenGLDrv@@YA_NXZ    00448fbc f   gl_main.obj
 0001:000486af       ?Shutdown@OpenGLDrv@@YAX_N@Z 004496af f   gl_main.obj
 0001:00048738       ?GL_EnableRendering@OpenGLDrv@@YAX_N@Z 00449738 f   gl_main.obj
 0001:00048756       ?BeginFrame@OpenGLDrv@@YAXN@Z 00449756 f   gl_main.obj
 0001:00048883       ?EndFrame@OpenGLDrv@@YAXXZ 00449883 f   gl_main.obj
 0001:0004889b       ?RenderFrame@OpenGLDrv@@YAXPAUrefdef_t@@@Z 0044989b f   gl_main.obj
 0001:000491e9       ?Fill8@OpenGLDrv@@YAXHHHHH@Z 0044a1e9 f   gl_main.obj
 0001:0004922c       ?Fill@OpenGLDrv@@YAXHHHHI@Z 0044a22c f   gl_main.obj
 0001:00049268       ?TileClear@OpenGLDrv@@YAXHHHHPBD@Z 0044a268 f   gl_main.obj
 0001:00049309       ?DrawStretchPic@OpenGLDrv@@YAXHHHHPBD@Z 0044a309 f   gl_main.obj
 0001:0004934e       ?DrawDetailedPic@OpenGLDrv@@YAXHHHHPBD@Z 0044a34e f   gl_main.obj
 0001:000493f8       ?DrawPic@OpenGLDrv@@YAXHHPBDHH@Z 0044a3f8 f   gl_main.obj
 0001:00049480       ?LoadNewWorld@OpenGLDrv@@YAXPBD@Z 0044a480 f   gl_main.obj
 0001:000494b5       ?DumpLoadStats@OpenGLDrv@@YAXXZ 0044a4b5 f   gl_main.obj
 0001:0004953b       ?FinishLoadingWorld@OpenGLDrv@@YAXXZ 0044a53b f   gl_main.obj
 0001:00049540       ?RegisterPic@OpenGLDrv@@YAPAVCBasicImage@@PBD@Z 0044a540 f   gl_main.obj
 0001:00049554       ?RegisterSkin@OpenGLDrv@@YAPAVCBasicImage@@PBD_N@Z 0044a554 f   gl_main.obj
 0001:00049574       ?RegisterModel@OpenGLDrv@@YAPAVCRenderModel@@PBD@Z 0044a574 f   gl_main.obj
 0001:00049582       ?SetSky@OpenGLDrv@@YAXPBDMABUCVec3@@@Z 0044a582 f   gl_main.obj
 0001:00049661       ?Screenshot@OpenGLDrv@@YAXHPBD@Z 0044a661 f   gl_main.obj
 0001:0004968a       ?GetClientLight@OpenGLDrv@@YAMXZ 0044a68a f   gl_main.obj
 0001:00049691       ?InitFuncTables@OpenGLDrv@@YAXXZ 0044a691 f   gl_math.obj
 0001:00049837       ?BuildRotationAxis@OpenGLDrv@@YAXAAUCAxis@@ABUCVec3@@M@Z 0044a837 f   gl_math.obj
 0001:0004992e       ?GetBoxRect@OpenGLDrv@@YA_NPBUrefEntity_t@1@ABUCVec3@@QAM2_N@Z 0044a92e f   gl_math.obj
 0001:00049c38       ?ProjectToScreen@OpenGLDrv@@YA_NABUCVec3@@QAH@Z 0044ac38 f   gl_math.obj
 0001:00049d7b       ?SaturateColor3f@OpenGLDrv@@YAXAAUCVec3@@@Z 0044ad7b f   gl_math.obj
 0001:00049e6b       ?SaturateColor4b@OpenGLDrv@@YAXPATcolor_t@@@Z 0044ae6b f   gl_math.obj
 0001:00049f79       ?SubdividePlane@OpenGLDrv@@YAHPAPAUCVec3@@HM@Z 0044af79 f   gl_poly.obj
 0001:0004a458       ?FreeSubdividedPlane@OpenGLDrv@@YAXXZ 0044b458 f   gl_poly.obj
 0001:0004a470       ?GetSubdivideIndexes@OpenGLDrv@@YAXPAH@Z 0044b470 f   gl_poly.obj
 0001:0004a4c6       ?RemoveCollinearPoints@OpenGLDrv@@YAHPAPAUCVec3@@H@Z 0044b4c6 f   gl_poly.obj
 0001:0004a5bc       ?GetPolyArea@OpenGLDrv@@YAMPAPAUCVec3@@H@Z 0044b5bc f   gl_poly.obj
 0001:0004a64f       ?InitShaders@OpenGLDrv@@YAXXZ 0044b64f f   gl_shader.obj
 0001:0004a7ed       ?ShutdownShaders@OpenGLDrv@@YAXXZ 0044b7ed f   gl_shader.obj
 0001:0004a82b       ?GetLightmapImage@OpenGLDrv@@YAPAVimage_t@1@H@Z 0044b82b f   gl_shader.obj
 0001:0004a856       ?SetShaderLightmap@OpenGLDrv@@YAPAVshader_t@1@PAV21@H@Z 0044b856 f   gl_shader.obj
 0001:0004ab70       ??4shader_t@OpenGLDrv@@QAEAAV01@ABV01@@Z 0044bb70 f i gl_shader.obj
 0001:0004adc4       ?SetShaderLightstyles@OpenGLDrv@@YAPAVshader_t@1@PAV21@I_N@Z 0044bdc4 f   gl_shader.obj
 0001:0004ae76       ?GetAlphaShader@OpenGLDrv@@YAPAVshader_t@1@PAV21@@Z 0044be76 f   gl_shader.obj
 0001:0004b2d7       ?SetShaderAnimFreq@OpenGLDrv@@YAXPAVshader_t@1@H@Z 0044c2d7 f   gl_shader.obj
 0001:0004b32d       ?FindShader@OpenGLDrv@@YAPAVshader_t@1@PBDI@Z 0044c32d f   gl_shader.obj
 0001:0004ce3f       ?GetShaderByNum@OpenGLDrv@@YAPAVshader_t@1@H@Z 0044de3f f   gl_shader.obj
 0001:0004ce61       ?ResetShaders@OpenGLDrv@@YAXXZ 0044de61 f   gl_shader.obj
 0001:0004d099       ?Reload@shader_t@OpenGLDrv@@UAEXXZ 0044e099 f   gl_shader.obj
 0001:0004d0c8       ?ClearSky@OpenGLDrv@@YAXXZ 0044e0c8 f   gl_sky.obj
 0001:0004d125       ?AddSkySurface@OpenGLDrv@@YAXPAVsurfacePlanar_t@1@E@Z 0044e125 f   gl_sky.obj
 0001:0004d6ed       ?DrawSky@OpenGLDrv@@YAXXZ  0044e6ed f   gl_sky.obj
 0001:0004deeb       ?DrawChar@OpenGLDrv@@YAXHHHH@Z 0044eeeb f   gl_text.obj
 0001:0004df45       ?ClearTexts@OpenGLDrv@@YAXXZ 0044ef45 f   gl_text.obj
 0001:0004df5a       ?FlushTexts@OpenGLDrv@@YAXXZ 0044ef5a f   gl_text.obj
 0001:0004e006       ?DrawTextPos@OpenGLDrv@@YAXHHPBDI@Z 0044f006 f   gl_text.obj
 0001:0004e032       ?DrawTextLeft@OpenGLDrv@@YAXPBDI@Z 0044f032 f   gl_text.obj
 0001:0004e0ba       ?DrawTextRight@OpenGLDrv@@YAXPBDI@Z 0044f0ba f   gl_text.obj
 0001:0004e104       ?DrawText3D@OpenGLDrv@@YAXABUCVec3@@PBDI@Z 0044f104 f   gl_text.obj
 0001:0004e131       ?InitTexts@OpenGLDrv@@YAXXZ 0044f131 f   gl_text.obj
 0001:0004e14b       ??0?$TTextContainer@UCRText@OpenGLDrv@@$0BAAAA@@@QAE@XZ 0044f14b f i gl_text.obj
 0001:0004e170       ?FindModel@OpenGLDrv@@YAPAVmodel_t@1@PBD@Z 0044f170 f   gl_model.obj
 0001:0004e34c       ?FreeModels@OpenGLDrv@@YAXXZ 0044f34c f   gl_model.obj
 0001:0004e3be       ?InitModels@OpenGLDrv@@YAXXZ 0044f3be f   gl_model.obj
 0001:0004e4b4       ?ShutdownModels@OpenGLDrv@@YAXXZ 0044f4b4 f   gl_model.obj
 0001:0004e4c5       ?LoadWorldMap@OpenGLDrv@@YAXPBD@Z 0044f4c5 f   gl_bspmodel.obj
 0001:0004e955       ?GetName@CLightLinear@OpenGLDrv@@EBEPBDXZ 0044f955 f i gl_bspmodel.obj
 0001:0004e95b       ?GetName@CLightInv@OpenGLDrv@@EBEPBDXZ 0044f95b f i gl_bspmodel.obj
 0001:0004e961       ?GetName@CLightInv2@OpenGLDrv@@EBEPBDXZ 0044f961 f i gl_bspmodel.obj
 0001:0004e967       ?GetName@CLightNofade@OpenGLDrv@@EBEPBDXZ 0044f967 f i gl_bspmodel.obj
 0001:0004e96d       ?Close@COutputDevice@@UAEXXZ 0044f96d f i gl_bspmodel.obj
 0001:0004e96d       ?Show@CSunLight@OpenGLDrv@@UBEXXZ 0044f96d f i gl_bspmodel.obj
 0001:0004e96d       ?Flush@COutputDevice@@UAEXXZ 0044f96d f i gl_bspmodel.obj
 0001:00050771       ?LerpTag@model_t@OpenGLDrv@@UBE_NHHMPBDAAUCCoords@@@Z 00451771 f   gl_trimodel.obj
 0001:0005077f       ?LerpTag@md3Model_t@OpenGLDrv@@UBE_NHHMPBDAAUCCoords@@@Z 0045177f f   gl_trimodel.obj
 0001:0005088f       ?LoadMd2@OpenGLDrv@@YAPAVmd3Model_t@1@PBDPAEI@Z 0045188f f   gl_trimodel.obj
 0001:00051424       ?ATAN2_FUNC@OpenGLDrv@@YAMMM@Z 00452424 f i gl_trimodel.obj
 0001:000515da       ?LoadMd3@OpenGLDrv@@YAPAVmd3Model_t@1@PBDPAEI@Z 004525da f   gl_trimodel.obj
 0001:00051abb       ?LoadSp2@OpenGLDrv@@YAPAVsprModel_t@1@PBDPAEI@Z 00452abb f   gl_trimodel.obj
 0001:00051ce6       ?LoadSpr@OpenGLDrv@@YAPAVsprModel_t@1@PBDPAEI@Z 00452ce6 f   gl_trimodel.obj
 0001:0005345f       ?QGL_Init@OpenGLDrv@@YA_NPBD@Z 0045445f f   GLBind.obj
 0001:0005354b       ?QGL_Shutdown@OpenGLDrv@@YAXXZ 0045454b f   GLBind.obj
 0001:00053588       ?QGL_InitExtensions@OpenGLDrv@@YAXXZ 00454588 f   GLBind.obj
[...]
 0001:0006320f       _noscale                   0046420f f   libs-vc-win32:jcscale.obj
 0001:00062cb8       _start_pass                00463cb8 f   libs-vc-win32:jcpred.obj
 0001:00062d10       _reset_predictor           00463d10 f   libs-vc-win32:jcpred.obj
 0001:00062d3d       _jpeg_difference_first_row 00463d3d f   libs-vc-win32:jcpred.obj
 0001:00062e27       _jpeg_difference1          00463e27 f   libs-vc-win32:jcpred.obj
 0001:00062e95       _jpeg_difference2          00463e95 f   libs-vc-win32:jcpred.obj
 0001:00062f06       _jpeg_difference3          00463f06 f   libs-vc-win32:jcpred.obj
 0001:00062f7e       _jpeg_difference4          00463f7e f   libs-vc-win32:jcpred.obj
 0001:00063009       _jpeg_difference5          00464009 f   libs-vc-win32:jcpred.obj
 0001:0006309c       _jpeg_difference6          0046409c f   libs-vc-win32:jcpred.obj
 0001:0006312b       _jpeg_difference7          0046412b f   libs-vc-win32:jcpred.obj
 0001:000625a7       _start_pass_huff           004635a7 f   libs-vc-win32:jclhuff.obj
 0001:00062744       _encode_mcus_huff          00463744 f   libs-vc-win32:jclhuff.obj
 0001:0006292f       _emit_bits                 0046392f f   libs-vc-win32:jclhuff.obj
 0001:000629d2       _dump_buffer               004639d2 f   libs-vc-win32:jclhuff.obj
 0001:000629f6       _emit_restart              004639f6 f   libs-vc-win32:jclhuff.obj
 0001:00062a41       _flush_bits                00463a41 f   libs-vc-win32:jclhuff.obj
 0001:00062a65       _finish_pass_huff          00463a65 f   libs-vc-win32:jclhuff.obj
 0001:00062ad2       _encode_mcus_gather        00463ad2 f   libs-vc-win32:jclhuff.obj
 0001:00062bfb       _finish_pass_gather        00463bfb f   libs-vc-win32:jclhuff.obj
 0001:00062c91       _need_optimization_pass    00463c91 f   libs-vc-win32:jclhuff.obj
 0001:000621c7       _start_pass_diff           004631c7 f   libs-vc-win32:jcdiffct.obj
 0001:000604d0       _start_iMCU_row            004614d0 f   libs-vc-win32:jccoefct.obj
 0001:00062265       _compress_data             00463265 f   libs-vc-win32:jcdiffct.obj
 0001:000623fb       _compress_first_pass       004633fb f   libs-vc-win32:jcdiffct.obj
 0001:000624f0       _compress_output           004634f0 f   libs-vc-win32:jcdiffct.obj
 0001:00061dda       _start_pass_fdctmgr        00462dda f   libs-vc-win32:jcdctmgr.obj
 0001:00061edc       _forward_DCT_float         00462edc f   libs-vc-win32:jcdctmgr.obj
 0001:0006130f       _start_pass_phuff          0046230f f   libs-vc-win32:jcphuff.obj
 0001:0006147c       _encode_mcu_DC_first       0046247c f   libs-vc-win32:jcphuff.obj
 0001:000615ae       _emit_bits                 004625ae f   libs-vc-win32:jcphuff.obj
 0001:00061659       _dump_buffer               00462659 f   libs-vc-win32:jcphuff.obj
 0001:00061691       _emit_symbol               00462691 f   libs-vc-win32:jcphuff.obj
 0001:000616d1       _emit_restart              004626d1 f   libs-vc-win32:jcphuff.obj
 0001:0006175a       _emit_eobrun               0046275a f   libs-vc-win32:jcphuff.obj
 0001:000617e0       _encode_mcu_AC_first       004627e0 f   libs-vc-win32:jcphuff.obj
 0001:00061974       _encode_mcu_DC_refine      00462974 f   libs-vc-win32:jcphuff.obj
 0001:00061a2e       _encode_mcu_AC_refine      00462a2e f   libs-vc-win32:jcphuff.obj
 0001:00061c45       _finish_pass_phuff         00462c45 f   libs-vc-win32:jcphuff.obj
 0001:00061c94       _finish_pass_gather_phuff  00462c94 f   libs-vc-win32:jcphuff.obj
 0001:00061d57       _need_optimization_pass    00462d57 f   libs-vc-win32:jcphuff.obj
 0001:00060aaa       _start_pass_huff           00461aaa f   libs-vc-win32:jcshuff.obj
 0001:00060c1f       _encode_mcu_huff           00461c1f f   libs-vc-win32:jcshuff.obj
 0001:00060d2a       _encode_one_block          00461d2a f   libs-vc-win32:jcshuff.obj
 0001:00060ea1       _emit_bits                 00461ea1 f   libs-vc-win32:jcshuff.obj
 0001:00060f44       _dump_buffer               00461f44 f   libs-vc-win32:jcshuff.obj
 0001:00060f68       _emit_restart              00461f68 f   libs-vc-win32:jcshuff.obj
 0001:00060fd5       _flush_bits                00461fd5 f   libs-vc-win32:jcshuff.obj
 0001:00060ff9       _finish_pass_huff          00461ff9 f   libs-vc-win32:jcshuff.obj
 0001:00061068       _encode_mcu_gather         00462068 f   libs-vc-win32:jcshuff.obj
 0001:0006111e       _htest_one_block           0046211e f   libs-vc-win32:jcshuff.obj
 0001:000611e5       _finish_pass_gather        004621e5 f   libs-vc-win32:jcshuff.obj
 0001:00062c91       _need_optimization_pass    00463c91 f   libs-vc-win32:jclhuff.obj
 0001:0006043b       _start_pass_coef           0046143b f   libs-vc-win32:jccoefct.obj
 0001:000604d0       _start_iMCU_row            004614d0 f   libs-vc-win32:jccoefct.obj
 0001:00060512       _compress_data             00461512 f   libs-vc-win32:jccoefct.obj
 0001:000606f9       _compress_first_pass       004616f9 f   libs-vc-win32:jccoefct.obj
 0001:000608df       _compress_output           004618df f   libs-vc-win32:jccoefct.obj
 0001:00060353       _calc_output_dimensions    00461353 f   libs-vc-win32:jdlossls.obj
 0001:00060364       _start_input_pass          00461364 f   libs-vc-win32:jdlossls.obj
 0001:00060092       _calc_output_dimensions    00461092 f   libs-vc-win32:jdlossy.obj
 0001:00060205       _start_input_pass          00461205 f   libs-vc-win32:jdlossy.obj
 0001:00060225       _latch_quant_tables        00461225 f   libs-vc-win32:jdlossy.obj
 0001:000602bd       _start_output_pass         004612bd f   libs-vc-win32:jdlossy.obj
 0001:0005ffe1       _start_pass                00460fe1 f   libs-vc-win32:jclossls.obj
 0001:0005ff4d       _start_pass                00460f4d f   libs-vc-win32:jclossy.obj
 0001:0005f4a2       _initial_setup             004604a2 f   libs-vc-win32:jcmaster.obj
 0001:0005f655       _validate_script           00460655 f   libs-vc-win32:jcmaster.obj
 0001:0005fa2d       _prepare_for_pass          00460a2d f   libs-vc-win32:jcmaster.obj
 0001:0005fba5       _select_scan_parameters    00460ba5 f   libs-vc-win32:jcmaster.obj
 0001:0005fca6       _per_scan_setup            00460ca6 f   libs-vc-win32:jcmaster.obj
 0001:0005fe51       _pass_startup              00460e51 f   libs-vc-win32:jcmaster.obj
 0001:0005fe78       _finish_pass_master        00460e78 f   libs-vc-win32:jcmaster.obj
 0001:0005ef8e       _rgb_ycc_start             0045ff8e f   libs-vc-win32:jccolor.obj
 0001:0005f052       _rgb_ycc_convert           00460052 f   libs-vc-win32:jccolor.obj
 0001:0005f151       _rgb_gray_convert          00460151 f   libs-vc-win32:jccolor.obj
 0001:0005f1d6       _cmyk_ycck_convert         004601d6 f   libs-vc-win32:jccolor.obj
 0001:0005f30e       _grayscale_convert         0046030e f   libs-vc-win32:jccolor.obj
 0001:0005f368       _null_convert              00460368 f   libs-vc-win32:jccolor.obj
 0001:00030a07       _null_method               00431a07 f   images.obj
 0001:00030a07       _start_pass_downsample     00431a07 f   images.obj
 0001:0005e6da       _sep_downsample            0045f6da f   libs-vc-win32:jcsample.obj
 0001:0005e74f       _int_downsample            0045f74f f   libs-vc-win32:jcsample.obj
 0001:0005e847       _expand_right_edge         0045f847 f   libs-vc-win32:jcsample.obj
 0001:0005e89c       _fullsize_downsample       0045f89c f   libs-vc-win32:jcsample.obj
 0001:0005e8e0       _h2v1_downsample           0045f8e0 f   libs-vc-win32:jcsample.obj
 0001:0005e974       _h2v2_downsample           0045f974 f   libs-vc-win32:jcsample.obj
 0001:0005ea21       _h2v2_smooth_downsample    0045fa21 f   libs-vc-win32:jcsample.obj
 0001:0005ec99       _fullsize_smooth_downsample 0045fc99 f   libs-vc-win32:jcsample.obj
 0001:0005e0d6       _start_pass_prep           0045f0d6 f   libs-vc-win32:jcprepct.obj
 0001:0005e114       _pre_process_data          0045f114 f   libs-vc-win32:jcprepct.obj
 0001:0005e2c2       _pre_process_context       0045f2c2 f   libs-vc-win32:jcprepct.obj
 0001:0005e47b       _create_context_buffer     0045f47b f   libs-vc-win32:jcprepct.obj
 0001:0005df4e       _start_pass_main           0045ef4e f   libs-vc-win32:jcmainct.obj
 0001:0005df90       _process_data_simple_main  0045ef90 f   libs-vc-win32:jcmainct.obj
 0001:0005d524       _create_colormap           0045e524 f   libs-vc-win32:jquant1.obj
 0001:0005d656       _select_ncolors            0045e656 f   libs-vc-win32:jquant1.obj
 0001:0005d72d       _create_colorindex         0045e72d f   libs-vc-win32:jquant1.obj
 0001:0005d859       _alloc_fs_workspace        0045e859 f   libs-vc-win32:jquant1.obj
 0001:0005d895       _start_pass_1_quant        0045e895 f   libs-vc-win32:jquant1.obj
 0001:0005d961       _create_odither_tables     0045e961 f   libs-vc-win32:jquant1.obj
 0001:0005d9c0       _make_odither_array        0045e9c0 f   libs-vc-win32:jquant1.obj
 0001:0005da23       _color_quantize            0045ea23 f   libs-vc-win32:jquant1.obj
 0001:0005daae       _color_quantize3           0045eaae f   libs-vc-win32:jquant1.obj
 0001:0005db3c       _quantize_ord_dither       0045eb3c f   libs-vc-win32:jquant1.obj
 0001:0005dc27       _quantize3_ord_dither      0045ec27 f   libs-vc-win32:jquant1.obj
 0001:0005dd27       _quantize_fs_dither        0045ed27 f   libs-vc-win32:jquant1.obj
 0001:00030a07       _finish_pass_1_quant       00431a07 f   images.obj
 0001:0005deab       _new_color_map_1_quant     0045eeab f   libs-vc-win32:jquant1.obj
 0001:0005c4e5       _init_error_limit          0045d4e5 f   libs-vc-win32:jquant2.obj
 0001:0005c584       _start_pass_2_quant        0045d584 f   libs-vc-win32:jquant2.obj
 0001:0005c686       _prescan_quantize          0045d686 f   libs-vc-win32:jquant2.obj
 0001:0005c6f5       _pass2_no_dither           0045d6f5 f   libs-vc-win32:jquant2.obj
 0001:0005c7a2       _fill_inverse_cmap         0045d7a2 f   libs-vc-win32:jquant2.obj
 0001:0005c86d       _find_nearby_colors        0045d86d f   libs-vc-win32:jquant2.obj
 0001:0005ca11       _find_best_colors          0045da11 f   libs-vc-win32:jquant2.obj
 0001:0005cb2b       _pass2_fs_dither           0045db2b f   libs-vc-win32:jquant2.obj
 0001:0005cd9a       _finish_pass1              0045dd9a f   libs-vc-win32:jquant2.obj
 0001:0005cdbc       _select_colors             0045ddbc f   libs-vc-win32:jquant2.obj
 0001:0005ce48       _update_box                0045de48 f   libs-vc-win32:jquant2.obj
 0001:0005d1e2       _median_cut                0045e1e2 f   libs-vc-win32:jquant2.obj
 0001:0005d2f6       _find_biggest_color_pop    0045e2f6 f   libs-vc-win32:jquant2.obj
 0001:0005d325       _find_biggest_volume       0045e325 f   libs-vc-win32:jquant2.obj
 0001:0005d34e       _compute_color             0045e34e f   libs-vc-win32:jquant2.obj
 0001:00030a07       _finish_pass2              00431a07 f   images.obj
 0001:0005d48a       _new_color_map_2_quant     0045e48a f   libs-vc-win32:jquant2.obj
 0001:0005befc       _build_ycc_rgb_table       0045cefc f   libs-vc-win32:jdmerge.obj
 0001:0005bfac       _start_pass_merged_upsample 0045cfac f   libs-vc-win32:jdmerge.obj
 0001:0005bfc1       _merged_2v_upsample        0045cfc1 f   libs-vc-win32:jdmerge.obj
 0001:0005c068       _merged_1v_upsample        0045d068 f   libs-vc-win32:jdmerge.obj
 0001:0005c099       _h2v1_merged_upsample      0045d099 f   libs-vc-win32:jdmerge.obj
 0001:0005c1ef       _h2v2_merged_upsample      0045d1ef f   libs-vc-win32:jdmerge.obj
 0001:0005baa0       _build_ycc_rgb_table       0045caa0 f   libs-vc-win32:jdcolor.obj
 0001:0005bb50       _ycc_rgb_convert           0045cb50 f   libs-vc-win32:jdcolor.obj
 0001:0005bc5e       _null_convert              0045cc5e f   libs-vc-win32:jdcolor.obj
 0001:0005bcd6       _grayscale_convert         0045ccd6 f   libs-vc-win32:jdcolor.obj
 0001:0005bcf9       _gray_rgb_convert          0045ccf9 f   libs-vc-win32:jdcolor.obj
 0001:0005bd52       _ycck_cmyk_convert         0045cd52 f   libs-vc-win32:jdcolor.obj
 0001:00030a07       _start_pass_dcolor         00431a07 f   images.obj
 0001:0005b501       _start_pass_upsample       0045c501 f   libs-vc-win32:jdsample.obj
 0001:0005b51b       _sep_upsample              0045c51b f   libs-vc-win32:jdsample.obj
 0001:0005b5e8       _fullsize_upsample         0045c5e8 f   libs-vc-win32:jdsample.obj
 0001:0005b5f3       _noop_upsample             0045c5f3 f   libs-vc-win32:jdsample.obj
 0001:0005b5fb       _int_upsample              0045c5fb f   libs-vc-win32:jdsample.obj
 0001:0005b6e5       _h2v1_upsample             0045c6e5 f   libs-vc-win32:jdsample.obj
 0001:0005b73c       _h2v2_upsample             0045c73c f   libs-vc-win32:jdsample.obj
 0001:0005b7ae       _h2v1_fancy_upsample       0045c7ae f   libs-vc-win32:jdsample.obj
 0001:0005b851       _h2v2_fancy_upsample       0045c851 f   libs-vc-win32:jdsample.obj
 0001:0005b10a       _start_pass_dpost          0045c10a f   libs-vc-win32:jdpostct.obj
 0001:0005b1b0       _post_process_1pass        0045c1b0 f   libs-vc-win32:jdpostct.obj
 0001:0005b215       _post_process_prepass      0045c215 f   libs-vc-win32:jdpostct.obj
 0001:0005b2a6       _post_process_2pass        0045c2a6 f   libs-vc-win32:jdpostct.obj
 0001:0005ab11       _alloc_funny_pointers      0045bb11 f   libs-vc-win32:jdmainct.obj
 0001:0005abbe       _start_pass_main           0045bbbe f   libs-vc-win32:jdmainct.obj
 0001:0005ac26       _make_funny_pointers       0045bc26 f   libs-vc-win32:jdmainct.obj
 0001:0005ad66       _process_data_simple_main  0045bd66 f   libs-vc-win32:jdmainct.obj
 0001:0005adce       _process_data_context_main 0045bdce f   libs-vc-win32:jdmainct.obj
 0001:0005aee0       _set_wraparound_pointers   0045bee0 f   libs-vc-win32:jdmainct.obj
 0001:0005afca       _set_bottom_pointers       0045bfca f   libs-vc-win32:jdmainct.obj
 0001:0005b064       _process_data_crank_post   0045c064 f   libs-vc-win32:jdmainct.obj
 0001:0005983d       _write_marker_header       0045a83d f   libs-vc-win32:jcmarker.obj
 0001:00059893       _emit_byte                 0045a893 f   libs-vc-win32:jcmarker.obj
 0001:000598c4       _write_marker_byte         0045a8c4 f   libs-vc-win32:jcmarker.obj
 0001:000598d4       _write_file_header         0045a8d4 f   libs-vc-win32:jcmarker.obj
 0001:00059920       _emit_jfif_app0            0045a920 f   libs-vc-win32:jcmarker.obj
 0001:000599f3       _emit_adobe_app14          0045a9f3 f   libs-vc-win32:jcmarker.obj
 0001:00059a99       _write_frame_header        0045aa99 f   libs-vc-win32:jcmarker.obj
 0001:00059b78       _emit_dqt                  0045ab78 f   libs-vc-win32:jcmarker.obj
 0001:00059c67       _emit_sof                  0045ac67 f   libs-vc-win32:jcmarker.obj
 0001:00059d43       _write_scan_header         0045ad43 f   libs-vc-win32:jcmarker.obj
 0001:00059e03       _emit_dht                  0045ae03 f   libs-vc-win32:jcmarker.obj
 0001:00059edc       _emit_dri                  0045aedc f   libs-vc-win32:jcmarker.obj
 0001:00059f2b       _emit_sos                  0045af2b f   libs-vc-win32:jcmarker.obj
 0001:0005a019       _write_file_trailer        0045b019 f   libs-vc-win32:jcmarker.obj
 0001:0005a039       _write_tables_only         0045b039 f   libs-vc-win32:jcmarker.obj
 0001:00059392       _use_merged_upsample       0045a392 f   libs-vc-win32:jdmaster.obj
 0001:00059438       _master_selection          0045a438 f   libs-vc-win32:jdmaster.obj
 0001:00059595       _prepare_range_limit_table 0045a595 f   libs-vc-win32:jdmaster.obj
 0001:0005961b       _prepare_for_output_pass   0045a61b f   libs-vc-win32:jdmaster.obj
 0001:0005973c       _finish_output_pass        0045a73c f   libs-vc-win32:jdmaster.obj
 0001:00058809       _alloc_small               00459809 f   libs-vc-win32:jmemmgr.obj
 0001:00058927       _alloc_large               00459927 f   libs-vc-win32:jmemmgr.obj
 0001:000589d8       _alloc_sarray              004599d8 f   libs-vc-win32:jmemmgr.obj
 0001:00058a70       _alloc_barray              00459a70 f   libs-vc-win32:jmemmgr.obj
 0001:00058b14       _alloc_darray              00459b14 f   libs-vc-win32:jmemmgr.obj
 0001:00058bbf       _request_virt_sarray       00459bbf f   libs-vc-win32:jmemmgr.obj
 0001:00058c20       _request_virt_barray       00459c20 f   libs-vc-win32:jmemmgr.obj
 0001:00058c81       _realize_virt_arrays       00459c81 f   libs-vc-win32:jmemmgr.obj
 0001:00058e04       _access_virt_sarray        00459e04 f   libs-vc-win32:jmemmgr.obj
 0001:00058f24       _do_sarray_io              00459f24 f   libs-vc-win32:jmemmgr.obj
 0001:00058fb4       _access_virt_barray        00459fb4 f   libs-vc-win32:jmemmgr.obj
 0001:000590d9       _do_barray_io              0045a0d9 f   libs-vc-win32:jmemmgr.obj
 0001:0005916a       _free_pool                 0045a16a f   libs-vc-win32:jmemmgr.obj
 0001:00059251       _self_destruct             0045a251 f   libs-vc-win32:jmemmgr.obj
 0001:000582a3       _start_input_pass          004592a3 f   libs-vc-win32:jdinput.obj
 0001:000582d1       _per_scan_setup            004592d1 f   libs-vc-win32:jdinput.obj
 0001:00058457       _finish_input_pass         00459457 f   libs-vc-win32:jdinput.obj
 0001:00058468       _consume_markers           00459468 f   libs-vc-win32:jdinput.obj
 0001:00058504       _initial_setup             00459504 f   libs-vc-win32:jdinput.obj
 0001:0005870e       _reset_input_controller    0045970e f   libs-vc-win32:jdinput.obj
 0001:00057ea8       _make_crc_table            00458ea8 f   libs-vc-win32:crc32.obj
 0001:00057ff5       _crc32_little              00458ff5 f   libs-vc-win32:crc32.obj
 0001:00057ca2       _fixedtables               00458ca2 f   libs-vc-win32:inflate.obj
 0001:00057d8c       _updatewindow              00458d8c f   libs-vc-win32:inflate.obj
 0001:000569ca       _init_destination          004579ca f   libs-vc-win32:jdatadst.obj
 0001:000569f0       _empty_output_buffer       004579f0 f   libs-vc-win32:jdatadst.obj
 0001:00056a32       _term_destination          00457a32 f   libs-vc-win32:jdatadst.obj
 0001:00056551       _std_huff_tables           00457551 f   libs-vc-win32:jcparam.obj
 0001:000565ab       _add_huff_table            004575ab f   libs-vc-win32:jcparam.obj
 0001:00054aa9       _next_marker               00455aa9 f   libs-vc-win32:jdmarker.obj
 0001:00054be3       _get_interesting_appn      00455be3 f   libs-vc-win32:jdmarker.obj
 0001:00054d0e       _examine_app0              00455d0e f   libs-vc-win32:jdmarker.obj
 0001:00054f1c       _examine_app14             00455f1c f   libs-vc-win32:jdmarker.obj
 0001:00054fdd       _skip_variable             00455fdd f   libs-vc-win32:jdmarker.obj
 0001:00055080       _read_markers              00456080 f   libs-vc-win32:jdmarker.obj
 0001:00055288       _get_soi                   00456288 f   libs-vc-win32:jdmarker.obj
 0001:00055333       _get_sof                   00456333 f   libs-vc-win32:jdmarker.obj
 0001:0005563c       _get_sos                   0045663c f   libs-vc-win32:jdmarker.obj
 0001:0005592a       _get_dht                   0045692a f   libs-vc-win32:jdmarker.obj
 0001:00055bcb       _get_dqt                   00456bcb f   libs-vc-win32:jdmarker.obj
 0001:00055e27       _get_dri                   00456e27 f   libs-vc-win32:jdmarker.obj
 0001:00055f06       _first_marker              00456f06 f   libs-vc-win32:jdmarker.obj
 0001:00055fa2       _read_restart_marker       00456fa2 f   libs-vc-win32:jdmarker.obj
 0001:00056020       _reset_marker_reader       00457020 f   libs-vc-win32:jdmarker.obj
 0001:0005488d       _output_pass_setup         0045588d f   libs-vc-win32:jdapistd.obj
 0001:00054580       _default_decompress_parms  00455580 f   libs-vc-win32:jdapimin.obj

 296 bytes saved through ICF

