 quake2

 Timestamp is 42949f23 (Wed May 25 19:52:03 2005)

 Preferred load address is 00400000

 Start         Length     Name                   Class
 0001:00000000 0005e640H .text                   CODE
 0002:00000000 0000027cH .idata$5                DATA
 0002:00000280 00005a8cH .rdata                  DATA
 0002:00005d10 00000044H .rdata$r                DATA
 0002:00005d58 00000038H .xdata$x                DATA
 0002:00005d90 00000078H .idata$2                DATA
 0002:00005e08 00000014H .idata$3                DATA
 0002:00005e1c 0000027cH .idata$4                DATA
 0002:00006098 00000808H .idata$6                DATA
 0002:000068a0 00000000H .edata                  DATA
 0003:00000000 00000004H .CRT$XCA                DATA
 0003:00000004 00000078H .CRT$XCU                DATA
 0003:0000007c 00000004H .CRT$XCZ                DATA
 0003:00000080 00000004H .CRT$XIA                DATA
 0003:00000084 00000004H .CRT$XIZ                DATA
 0003:00000090 0000cb5cH .data                   DATA
 0003:0000cbf0 002f5388H .bss                    DATA
 0004:00000000 00000130H .rsrc$01                DATA
 0004:00000130 00003f20H .rsrc$02                DATA

  Address         Publics by Value              Rva+Base     Lib:Object

 0001:00000000       ??3@YAXPAX@Z               00401000 f i CoreMain.obj
 0001:0000000b       ?appInit@@YAXXZ            0040100b f   CoreMain.obj
 0001:0000006e       ?appExit@@YAXXZ            0040106e f   CoreMain.obj
 0001:00000073       ?appLoadDebugSymbols@@YAXXZ 00401073 f   DbgSymbols.obj
 0001:00000276       ?appSymbolName@@YA_NIPADH@Z 00401276 f   DbgSymbols.obj
 0001:00000362       ?appSymbolName@@YAPBDI@Z   00401362 f   DbgSymbols.obj
 0001:00000394       ?appMalloc@@YAPAXIH@Z      00401394 f   Memory.obj
 0001:00000442       ?appFree@@YAXPAX@Z         00401442 f   Memory.obj
 0001:00000470       ?Unlink@FMemHeader@@QAEXXZ 00401470 f i Memory.obj
 0001:0000049b       ?Link@CMemoryChain@@AAEXXZ 0040149b f   Memory.obj
 0001:000004ba       ?Unlink@CMemoryChain@@AAEXXZ 004014ba f   Memory.obj
 0001:000004e5       ??2CMemoryChain@@SAPAXIH@Z 004014e5 f   Memory.obj
 0001:00000557       ??3CMemoryChain@@SAXPAX@Z  00401557 f   Memory.obj
 0001:0000058a       ?Alloc@CMemoryChain@@QAEPAXIH@Z 0040158a f   Memory.obj
 0001:000005f4       ?appInitMemory@@YAXXZ      004015f4 f   Memory.obj
 0001:00000b2d       ?Write@COutputDeviceNull@@UAEXPBD@Z 00401b2d f i OutputDevice.obj
 0001:00000b30       ?appWPrintf@@YAXPBDZZ      00401b30 f   OutputDevice.obj
 0001:00000b81       ?appFatalError@@YAXPBDZZ   00401b81 f   ErrorMgr.obj
 0001:00000bbb       ?appNonFatalError@@YAXPBDZZ 00401bbb f   ErrorMgr.obj
 0001:00000c19       ?appUnwindPrefix@@YAXPBD@Z 00401c19 f   ErrorMgr.obj
 0001:00000c70       ?appUnwindThrow@@YAXPBDZZ  00401c70 f   ErrorMgr.obj
 0001:00000cf7       ?Reset@CErrorHandler@@QAEXXZ 00401cf7 f   ErrorMgr.obj
 0001:00000d21       ?appInitError@@YAXXZ       00401d21 f   ErrorMgr.obj
 0001:00000ddf       ?appStricmp@@YAHPBD0@Z     00401ddf f   Strings.obj
 0001:00000e14       ?toLower@@YADD@Z           00401e14 f i Strings.obj
 0001:00000e2b       ?appStrcpy@@YAXPADPBD@Z    00401e2b f   Strings.obj
 0001:00000e3e       ?appStrncpylwr@@YAXPADPBDH@Z 00401e3e f   Strings.obj
 0001:00000e76       ?appStrncpyz@@YAXPADPBDH@Z 00401e76 f   Strings.obj
 0001:00000ea3       ?appStrcatn@@YAXPADHPBD@Z  00401ea3 f   Strings.obj
 0001:00000ece       ?appCopyFilename@@YAXPADPBDH@Z 00401ece f   Strings.obj
 0001:00000f6a       ?appCStrlen@@YAHPBD@Z      00401f6a f   Strings.obj
 0001:00000f8f       ?appUncolorizeString@@YAXPADPBD@Z 00401f8f f   Strings.obj
 0001:00000fbf       ?va@@YAPBDPBDZZ            00401fbf f   Strings.obj
 0001:0000105b       ?appSprintf@@YAHPADHPBDZZ  0040205b f   Strings.obj
 0001:000010a6       ?appMatchWildcard@@YA_NPBD0_N@Z 004020a6 f   Strings.obj
 0001:00001226       ?CopyString@@YAPADPBD@Z    00402226 f   Strings.obj
 0001:00001266       ?CopyString@@YAPADPBDPAVCMemoryChain@@@Z 00402266 f   Strings.obj
 0001:0000129a       ??2CStringItem@@SAPAXIPBD@Z 0040229a f   Strings.obj
 0001:000012e3       ??2CStringItem@@SAPAXIPBDPAVCMemoryChain@@@Z 004022e3 f   Strings.obj
 0001:00001320       ?Find@CStringList@@IAEPAVCStringItem@@PBDPAPAV2@@Z 00402320 f   Strings.obj
 0001:00001363       ?Find@CStringList@@IAEPAVCStringItem@@H@Z 00402363 f   Strings.obj
 0001:0000137c       ?IndexOf@CStringList@@QAEHPBD@Z 0040237c f   Strings.obj
 0001:000013a9       ?Remove@CStringList@@QAE_NPAVCStringItem@@@Z 004023a9 f   Strings.obj
 0001:000013d5       ?Free@CStringList@@QAEXXZ  004023d5 f   Strings.obj
 0001:000013ee       ?appMillisecondsf@@YANXZ   004023ee f   CoreWin32.obj
 0001:00001427       ?appMilliseconds@@YAIXZ    00402427 f   CoreWin32.obj
 0001:0000145c       ?cpuid@@YAXI@Z             0040245c f   CoreWin32.obj
 0001:0000147f       ?appInitPlatform@@YAXXZ    0040247f f   CoreWin32.obj
 0001:00001712       ?appShutdownPlatform@@YAXXZ 00402712 f   CoreWin32.obj
 0001:0000171b       ?osAddressInfo@@YA_NIPADHPAH@Z 0040271b f   DbgSymbolsWin32.obj
 0001:000017af       ?osModuleInfo@@YA_NIPADHPAH@Z 004027af f   DbgSymbolsWin32.obj
 0001:00001957       ?win32ExceptFilter@@YAHPAU_EXCEPTION_POINTERS@@@Z 00402957 f   ExceptFilterWin32.obj
 0001:00001e8d       ?win32ExceptFilter2@@YAHXZ 00402e8d f   ExceptFilterWin32.obj
 0001:00001e99       ?SCR_StopCinematic@@YAXXZ  00402e99 f   cl_cin.obj
 0001:00001f2d       ?SCR_DrawCinematic@@YA_NXZ 00402f2d f   cl_cin.obj
 0001:0000238e       ?SCR_PlayCinematic@@YAXPAD@Z 0040338e f   cl_cin.obj
 0001:000026fe       ?CL_Download_f@@YAX_NHPAPAD@Z 004036fe f   cl_download.obj
 0001:00002aaf       ?CL_ParseDownload@@YAXXZ   00403aaf f   cl_download.obj
 0001:000032bc       ?CL_Precache_f@@YAXHPAPAD@Z 004042bc f   cl_download.obj
 0001:0000331a       ?CL_ParseDelta@@YAXPAUentityState_t@@0HI_N@Z 0040431a f   cl_ents.obj
 0001:00003499       ?CL_ParsePacketEntities@@YAXPAUframe_t@@0@Z 00404499 f   cl_ents.obj
 0001:00003804       ?CL_FireEntityEvents@@YAXPAUframe_t@@@Z 00404804 f   cl_ents.obj
 0001:00003856       ?CL_ParseFrame@@YAXXZ      00404856 f   cl_ents.obj
 0001:00003b48       ?CL_AddEntityBox@@YAXPAUentityState_t@@I@Z 00404b48 f   cl_ents.obj
 0001:00003c7e       ?CL_OffsetThirdPersonView@@YAXXZ 00404c7e f   cl_ents.obj
 0001:00003d3f       ?CL_CalcViewValues@@YAXXZ  00404d3f f   cl_ents.obj
 0001:0000404a       ?CL_AddEntities@@YAXXZ     0040504a f   cl_ents.obj
 0001:00004dbf       ?CL_GetEntitySoundOrigin@@YAXHAAUCVec3@@@Z 00405dbf f   cl_ents.obj
 0001:00004df7       ?CL_ClearLightStyles@@YAXXZ 00405df7 f   cl_fx.obj
 0001:00004e79       ?CL_RunLightStyles@@YAXXZ  00405e79 f   cl_fx.obj
 0001:00004f18       ?CL_SetLightstyle@@YAXHPBD@Z 00405f18 f   cl_fx.obj
 0001:00004f79       ?CL_ClearDlights@@YAXXZ    00405f79 f   cl_fx.obj
 0001:00004f8a       ?CL_AllocDlight@@YAPAUcdlight_t@@HABUCVec3@@@Z 00405f8a f   cl_fx.obj
 0001:00004ff3       ?CL_AddDLights@@YAXXZ      00405ff3 f   cl_fx.obj
 0001:00005053       ?CL_ClearParticles@@YAXXZ  00406053 f   cl_fx.obj
 0001:000050ba       ?CL_AllocParticleTrace@@YAPAUparticleTrace_t@@ABUCVec3@@0MM@Z 004060ba f   cl_fx.obj
 0001:0000515a       ?CL_AllocParticleBeam@@YAPAUbeam_t@@ABUCVec3@@0MM@Z 0040615a f   cl_fx.obj
 0001:000051cd       ?CL_AllocParticle@@YAPAUparticle_t@@XZ 004061cd f   cl_fx.obj
 0001:0000521b       ?CL_UpdateParticles@@YAXXZ 0040621b f   cl_fx.obj
 0001:0000580c       ?CL_MetalSparks@@YAXABUCVec3@@0H@Z 0040680c f   cl_fx.obj
 0001:000058f9       ?CL_ParseMuzzleFlash@@YAXXZ 004068f9 f   cl_fx.obj
 0001:00005c8d       ?CL_ParseMuzzleFlash2@@YAXXZ 00406c8d f   cl_fx.obj
 0001:000062ca       ?CL_ParticleEffect@@YAXABUCVec3@@0HH@Z 004072ca f   cl_fx.obj
 0001:00006399       ?CL_ParticleEffect2@@YAXABUCVec3@@0HH@Z 00407399 f   cl_fx.obj
 0001:00006464       ?CL_ParticleEffect3@@YAXABUCVec3@@0HH@Z 00407464 f   cl_fx.obj
 0001:00006534       ?CL_TeleporterParticles@@YAXPAUentityState_t@@@Z 00407534 f   cl_fx.obj
 0001:000065eb       ?CL_LogoutEffect@@YAXABUCVec3@@H@Z 004075eb f   cl_fx.obj
 0001:000066d6       ?CL_ItemRespawnParticles@@YAXABUCVec3@@@Z 004076d6 f   cl_fx.obj
 0001:00006785       ?CL_ExplosionParticles@@YAXABUCVec3@@@Z 00407785 f   cl_fx.obj
 0001:0000682f       ?CL_BigTeleportParticles@@YAXABUCVec3@@@Z 0040782f f   cl_fx.obj
 0001:00006986       ?CL_BlasterParticles@@YAXABUCVec3@@0@Z 00407986 f   cl_fx.obj
 0001:00006a52       ?CL_BlasterTrail@@YAXABUCVec3@@0@Z 00407a52 f   cl_fx.obj
 0001:00006b60       ?CL_FlagTrail@@YAXABUCVec3@@0H@Z 00407b60 f   cl_fx.obj
 0001:00006c7a       ?CL_DiminishingTrail@@YAXABUCVec3@@0PAUcentity_t@@H@Z 00407c7a f   cl_fx.obj
 0001:00006eec       ?CL_RocketTrail@@YAXABUCVec3@@0PAUcentity_t@@@Z 00407eec f   cl_fx.obj
 0001:00007015       ?CL_RailTrail@@YAXABUCVec3@@0@Z 00408015 f   cl_fx.obj
 0001:00007258       ?CL_RailTrailExt@@YAXABUCVec3@@0EE@Z 00408258 f   cl_fx.obj
 0001:0000735c       ?CL_IonripperTrail@@YAXABUCVec3@@0@Z 0040835c f   cl_fx.obj
 0001:0000748a       ?CL_BubbleTrail@@YAXABUCVec3@@0@Z 0040848a f   cl_fx.obj
 0001:000075a1       ?CL_FlyParticles@@YAXABUCVec3@@H@Z 004085a1 f   cl_fx.obj
 0001:0000773b       ?CL_FlyEffect@@YAXPAUcentity_t@@ABUCVec3@@@Z 0040873b f   cl_fx.obj
 0001:000077a3       ?CL_BfgParticles@@YAXPAUentity_t@@@Z 004087a3 f   cl_fx.obj
 0001:00007982       ?CL_TrapParticles@@YAXPAUentity_t@@@Z 00408982 f   cl_fx.obj
 0001:00007c26       ?CL_BFGExplosionParticles@@YAXABUCVec3@@@Z 00408c26 f   cl_fx.obj
 0001:00007cd0       ?CL_TeleportParticles@@YAXABUCVec3@@@Z 00408cd0 f   cl_fx.obj
 0001:00007e0f       ?CL_EntityEvent@@YAXPAUentityState_t@@@Z 00408e0f f   cl_fx.obj
 0001:00007fe9       ?CL_ClearEffects@@YAXXZ    00408fe9 f   cl_fx.obj
 0001:00007ff8       ?IN_CenterView@@YAXXZ      00408ff8 f   cl_input.obj
 0001:00008019       ?CL_InitInput@@YAXXZ       00409019 f   cl_input.obj
 0001:000085b5       ?CL_SendCmd@@YAXXZ         004095b5 f   cl_input.obj
 0001:00008cb5       ?CL_WriteDemoMessage@@YAXXZ 00409cb5 f   cl_main.obj
 0001:00008cf7       ?Cmd_ForwardToServer@@YAXHPAPAD@Z 00409cf7 f   cl_main.obj
 0001:00008dba       ?CL_ForwardToServer_f@@YAXHPAPAD@Z 00409dba f   cl_main.obj
 0001:00008e02       ?CL_Pause@@YAX_N@Z         00409e02 f   cl_main.obj
 0001:00008e44       ?CL_Quit_f@@YAXXZ          00409e44 f   cl_main.obj
 0001:00008e4e       ?CL_Drop@@YAX_N@Z          00409e4e f   cl_main.obj
 0001:00008e71       ?CL_SendConnectPacket@@YAXXZ 00409e71 f   cl_main.obj
 0001:00008f48       ?CL_CheckForResend@@YAXXZ  00409f48 f   cl_main.obj
 0001:0000904d       ?CL_Connect_f@@YAX_NHPAPAD@Z 0040a04d f   cl_main.obj
 0001:000090d0       ?CL_Rcon_f@@YAXHPAPAD@Z    0040a0d0 f   cl_main.obj
 0001:000091d8       ?CL_Disconnect@@YAXXZ      0040a1d8 f   cl_main.obj
 0001:0000937e       ?CL_Disconnect_f@@YAXXZ    0040a37e f   cl_main.obj
 0001:00009388       ?CL_Changing_f@@YAXXZ      0040a388 f   cl_main.obj
 0001:000093ac       ?CL_Reconnect_f@@YAXXZ     0040a3ac f   cl_main.obj
 0001:00009448       ?CL_PingServers_f@@YAXXZ   0040a448 f   cl_main.obj
 0001:000095b3       ?CL_Skins_f@@YAXXZ         0040a5b3 f   cl_main.obj
 0001:0000989e       ?CL_ConnectionlessPacket@@YAXXZ 0040a89e f   cl_main.obj
 0001:0000999e       ?CL_ReadPackets@@YAXXZ     0040a99e f   cl_main.obj
 0001:00009ae1       ?CL_FixUpGender@@YAXXZ     0040aae1 f   cl_main.obj
 0001:00009b93       ?CL_Userinfo_f@@YAXXZ      0040ab93 f   cl_main.obj
 0001:00009bab       ?CL_RegisterSounds@@YAXXZ  0040abab f   cl_main.obj
 0001:00009bea       ?CL_Snd_Restart_f@@YAXXZ   0040abea f   cl_main.obj
 0001:00009bf9       ?CL_WriteConfiguration@@YAXPBD@Z 0040abf9 f   cl_main.obj
 0001:00009cb4       ?CL_WriteConfig_f@@YAX_NHPAPAD@Z 0040acb4 f   cl_main.obj
 0001:00009d13       ?CL_FixCvarCheats@@YAXXZ   0040ad13 f   cl_main.obj
 0001:00009d6d       ?CL_Frame@@YAXMM@Z         0040ad6d f   cl_main.obj
 0001:00009f73       ?CL_ClearState@@YAXXZ      0040af73 f   cl_main.obj
 0001:00009fac       ?CL_Init@@YAXXZ            0040afac f   cl_main.obj
 0001:0000a483       ?CL_Shutdown@@YAX_N@Z      0040b483 f   cl_main.obj
 0001:0000a4d8       ?CL_Flashlight@@YAXHABUCVec3@@@Z 0040b4d8 f   cl_newfx.obj
 0001:0000a512       ?CL_ColorFlash@@YAXABUCVec3@@HHMMM@Z 0040b512 f   cl_newfx.obj
 0001:0000a54e       ?CL_DebugTrail@@YAXABUCVec3@@0@Z 0040b54e f   cl_newfx.obj
 0001:0000a645       ?CL_ForceWall@@YAXABUCVec3@@0H@Z 0040b645 f   cl_newfx.obj
 0001:0000a787       ?CL_BubbleTrail2@@YAXABUCVec3@@0H@Z 0040b787 f   cl_newfx.obj
 0001:0000a8b5       ?CL_Heatbeam@@YAXABUCVec3@@0@Z 0040b8b5 f   cl_newfx.obj
 0001:0000ab43       ?CL_ParticleSteamEffect@@YAXABUCVec3@@0HHH@Z 0040bb43 f   cl_newfx.obj
 0001:0000ac77       ?CL_ParticleSteamEffect2@@YAXPAUcl_sustain_t@@@Z 0040bc77 f   cl_newfx.obj
 0001:0000adb8       ?CL_TrackerTrail@@YAXABUCVec3@@0H@Z 0040bdb8 f   cl_newfx.obj
 0001:0000af06       ?CL_Tracker_Shell@@YAXABUCVec3@@@Z 0040bf06 f   cl_newfx.obj
 0001:0000af8f       ?CL_MonsterPlasma_Shell@@YAXABUCVec3@@@Z 0040bf8f f   cl_newfx.obj
 0001:0000b015       ?CL_Widowbeamout@@YAXPAUcl_sustain_t@@@Z 0040c015 f   cl_newfx.obj
 0001:0000b0d1       ?CL_Nukeblast@@YAXPAUcl_sustain_t@@@Z 0040c0d1 f   cl_newfx.obj
 0001:0000b18d       ?CL_WidowSplash@@YAXABUCVec3@@@Z 0040c18d f   cl_newfx.obj
 0001:0000b25b       ?CL_TagTrail@@YAXABUCVec3@@0H@Z 0040c25b f   cl_newfx.obj
 0001:0000b375       ?CL_ColorExplosionParticles@@YAXABUCVec3@@HH@Z 0040c375 f   cl_newfx.obj
 0001:0000b422       ?CL_ParticleSmokeEffect@@YAXABUCVec3@@0HHH@Z 0040c422 f   cl_newfx.obj
 0001:0000b554       ?CL_BlasterParticles2@@YAXABUCVec3@@0I@Z 0040c554 f   cl_newfx.obj
 0001:0000b621       ?CL_BlasterTrail2@@YAXABUCVec3@@0@Z 0040c621 f   cl_newfx.obj
 0001:0000b72f       ?CL_LoadClientinfo@@YAXPAUclientinfo_t@@PAD@Z 0040c72f f   cl_parse.obj
 0001:0000ba09       ?CL_ParseClientinfo@@YAXH@Z 0040ca09 f   cl_parse.obj
 0001:0000ba2d       ?CL_ParseServerMessage@@YAXXZ 0040ca2d f   cl_parse.obj
 0001:0000c1e4       ?CL_CheckPredictionError@@YAXXZ 0040d1e4 f   cl_pred.obj
 0001:0000c37a       ?CL_EntityTrace@@YAXPAUtrace_t@@ABUCVec3@@111H@Z 0040d37a f   cl_pred.obj
 0001:0000c71c       ?CL_Trace@@YAXPAUtrace_t@@ABUCVec3@@111H@Z 0040d71c f   cl_pred.obj
 0001:0000c79e       ?CL_PMpointcontents@@YAHABUCVec3@@@Z 0040d79e f   cl_pred.obj
 0001:0000c92a       ?CL_PredictMovement@@YAXXZ 0040d92a f   cl_pred.obj
 0001:0000cccc       ?DrawString@@YAXHHPBD@Z    0040dccc f   cl_scrn.obj
 0001:0000cd10       ?SCR_DebugGraph@@YAXMH@Z   0040dd10 f   cl_scrn.obj
 0001:0000cd38       ?SCR_CenterPrint@@YAXPAD@Z 0040dd38 f   cl_scrn.obj
 0001:0000ce3c       ?Key_Message@@YAXH@Z       0040de3c f   cl_scrn.obj
 0001:0000ced8       ?SCR_SetLevelshot@@YAXPBD@Z 0040ded8 f   cl_scrn.obj
 0001:0000cfcb       ?SCR_BeginLoadingPlaque@@YAXXZ 0040dfcb f   cl_scrn.obj
 0001:0000d050       ?SCR_EndLoadingPlaque@@YAX_N@Z 0040e050 f   cl_scrn.obj
 0001:0000d0d5       ?SCR_ShowConsole@@YAX_N0@Z 0040e0d5 f   cl_scrn.obj
 0001:0000d1ac       ?SCR_ToggleConsole@@YAXXZ  0040e1ac f   cl_scrn.obj
 0001:0000d1d4       ?SCR_TouchPics@@YAXXZ      0040e1d4 f   cl_scrn.obj
 0001:0000d233       ?SCR_UpdateScreen@@YAXXZ   0040e233 f   cl_scrn.obj
 0001:0000e4ae       ?SCR_Init@@YAXXZ           0040f4ae f   cl_scrn.obj
 0001:0000e7f8       ?CL_RegisterTEntSounds@@YAXXZ 0040f7f8 f   cl_tent.obj
 0001:0000ea3d       ?CL_RegisterTEntModels@@YAXXZ 0040fa3d f   cl_tent.obj
 0001:0000eb7b       ?CL_ClearTEnts@@YAXXZ      0040fb7b f   cl_tent.obj
 0001:0000ebaf       ?CL_AllocExplosion@@YAPAUexplosion_t@@ABUCVec3@@W4exptype_t@@@Z 0040fbaf f   cl_tent.obj
 0001:0000ec4c       ?CL_AddExplosions@@YAXXZ   0040fc4c f   cl_tent.obj
 0001:0000ede6       ?CL_SmokeAndFlash@@YAXABUCVec3@@@Z 0040fde6 f   cl_tent.obj
 0001:0000ee2e       ?CL_ParseBeam@@YAHPAVCRenderModel@@@Z 0040fe2e f   cl_tent.obj
 0001:0000eefa       ?CL_ParseBeam2@@YAHPAVCRenderModel@@@Z 0040fefa f   cl_tent.obj
 0001:0000efd1       ?CL_ParsePlayerBeam@@YAHPAVCRenderModel@@@Z 0040ffd1 f   cl_tent.obj
 0001:0000f0df       ?CL_ParseLightning@@YAHPAVCRenderModel@@@Z 004100df f   cl_tent.obj
 0001:0000f1a1       ?CL_ParseLaser@@YAXI@Z     004101a1 f   cl_tent.obj
 0001:0000f21d       ?CL_ParseSteam@@YAXXZ      0041021d f   cl_tent.obj
 0001:0000f32e       ?CL_ParseWidow@@YAXXZ      0041032e f   cl_tent.obj
 0001:0000f39a       ?CL_ParseNuke@@YAXXZ       0041039a f   cl_tent.obj
 0001:0000f404       ?CL_ParseTEnt@@YAXXZ       00410404 f   cl_tent.obj
 0001:00010217       ?CL_AddBeams@@YAXXZ        00411217 f   cl_tent.obj
 0001:00010554       ?CL_AddPlayerBeams@@YAXXZ  00411554 f   cl_tent.obj
 0001:00010c80       ?CL_ProcessSustain@@YAXXZ  00411c80 f   cl_tent.obj
 0001:00010cc1       ?CL_AddTEnts@@YAXXZ        00411cc1 f   cl_tent.obj
 0001:00010cd5       ?V_AddEntity@@YAXPAUentity_t@@@Z 00411cd5 f   cl_view.obj
 0001:00010d04       ?V_AddLight@@YAXABUCVec3@@MMMM@Z 00411d04 f   cl_view.obj
 0001:00010d49       ?V_TestParticles@@YAXXZ    00411d49 f   cl_view.obj
 0001:00010e12       ?V_TestEntities@@YAXXZ     00411e12 f   cl_view.obj
 0001:00010eaf       ?V_TestLights@@YAXXZ       00411eaf f   cl_view.obj
 0001:00010f85       ?CL_PrepRefresh@@YAXXZ     00411f85 f   cl_view.obj
 0001:00011245       ?CalcFov@@YAMMMM@Z         00412245 f   cl_view.obj
 0001:000112b9       ?V_RenderView@@YA_NXZ      004122b9 f   cl_view.obj
 0001:00011f8f       ?V_Init@@YAXXZ             00412f8f f   cl_view.obj
 0001:0001203e       ?Con_ClearNotify@@YAXXZ    0041303e f   console.obj
 0001:0001204d       ?Con_CheckResize@@YAXXZ    0041304d f   console.obj
 0001:00012174       ?Con_Print@@YAXPBD@Z       00413174 f   console.obj
 0001:0001246c       ?Con_DrawNotify@@YAX_N@Z   0041346c f   console.obj
 0001:00012584       ?Con_DrawConsole@@YAXM@Z   00413584 f   console.obj
 0001:00012957       ?Con_ClearTyping@@YAXXZ    00413957 f   console.obj
 0001:00012970       ?Key_Console@@YAXHH@Z      00413970 f   console.obj
 0001:00012db8       ?Con_Init@@YAXXZ           00413db8 f   console.obj
 0001:00012f34       ?Key_KeynumToString@@YAPBDH@Z 00413f34 f   keys.obj
 0001:00012ff4       ?Draw@completeMenu_t@@UAEXXZ 00413ff4 f i keys.obj
 0001:00013025       ?KeyDown@completeMenu_t@@UAEPBDH@Z 00414025 f i keys.obj
 0001:0001304e       ?Init@completeMenu_t@@UAE_NXZ 0041404e f i keys.obj
 0001:00013175       ?CompleteMenuCallback@completeMenu_t@@SAXPAX@Z 00414175 f i keys.obj
 0001:00013203       ?CompleteCommand@@YAXXZ    00414203 f   keys.obj
 0001:00013938       ?Key_SetBinding@@YAXHPBD@Z 00414938 f   keys.obj
 0001:00013976       ?Key_FindBinding@@YAHPBDPAHH@Z 00414976 f   keys.obj
 0001:000139c4       ?Key_WriteBindings@@YAXPAU_iobuf@@@Z 004149c4 f   keys.obj
 0001:00013a0c       ?Key_Init@@YAXXZ           00414a0c f   keys.obj
 0001:00013cf0       ?Key_Event@@YAXH_N@Z       00414cf0 f   keys.obj
 0001:00014049       ?Key_ClearStates@@YAXXZ    00415049 f   keys.obj
 0001:0001407e       ?M_ForceMenuOn@@YAXXZ      0041507e f   menu.obj
 0001:0001409d       ?Draw@menuMain_t@@UAEXXZ   0041509d f i menu.obj
 0001:00014200       ?KeyDown@menuMain_t@@UAEPBDH@Z 00415200 f i menu.obj
 0001:000142bc       ?Init@menuMain_t@@UAE_NXZ  004152bc f i menu.obj
 0001:000142c4       ?M_Menu_Main_f@@YAXXZ      004152c4 f   menu.obj
 0001:000142de       ?Init@multiplayerMenu_t@@UAE_NXZ 004152de f i menu.obj
 0001:00014402       ?Init@keysMenu_t@@UAE_NXZ  00415402 f i menu.obj
 0001:000145e7       ?KeyCursorDrawFunc@keysMenu_t@@SAXPAUmenuFramework_t@@@Z 004155e7 f i menu.obj
 0001:00014627       ?DrawKeyBindingFunc@keysMenu_t@@SAXPAX@Z 00415627 f i menu.obj
 0001:000146ee       ?KeyDown@keysMenu_t@@UAEPBDH@Z 004156ee f i menu.obj
 0001:0001479b       ?UnbindCommand@keysMenu_t@@QAEXPAD@Z 0041579b f i menu.obj
 0001:000147e0       ?KeyBindingFunc@keysMenu_t@@QAEXPAX@Z 004157e0 f i menu.obj
 0001:0001483f       ?Init@optionsMenu_t@@UAE_NXZ 0041583f f i menu.obj
 0001:00014c9d       ?CrosshairFunc@optionsMenu_t@@SAXPAX@Z 00415c9d f i menu.obj
 0001:00014cc5       ?JoystickFunc@optionsMenu_t@@SAXPAX@Z 00415cc5 f i menu.obj
 0001:00014cda       ?AlwaysRunFunc@optionsMenu_t@@SAXPAX@Z 00415cda f i menu.obj
 0001:00014cef       ?FreeLookFunc@optionsMenu_t@@SAXPAX@Z 00415cef f i menu.obj
 0001:00014d04       ?MouseSpeedFunc@optionsMenu_t@@SAXPAX@Z 00415d04 f i menu.obj
 0001:00014d21       ?InvertMouseFunc@optionsMenu_t@@SAXPAX@Z 00415d21 f i menu.obj
 0001:00014d3c       ?LookspringFunc@optionsMenu_t@@SAXPAX@Z 00415d3c f i menu.obj
 0001:00014d58       ?LookstrafeFunc@optionsMenu_t@@SAXPAX@Z 00415d58 f i menu.obj
 0001:00014d74       ?UpdateVolumeFunc@optionsMenu_t@@SAXPAX@Z 00415d74 f i menu.obj
 0001:00014d91       ?UpdateCDVolumeFunc@optionsMenu_t@@SAXPAX@Z 00415d91 f i menu.obj
 0001:00014dab       ?SetMenuItemValues@optionsMenu_t@@SAXXZ 00415dab f i menu.obj
 0001:00014f89       ?ResetDefaultsFunc@optionsMenu_t@@SAXPAX@Z 00415f89 f i menu.obj
 0001:00014f9e       ?UpdateSoundFunc@optionsMenu_t@@SAXPAX@Z 00415f9e f i menu.obj
 0001:000151a1       ?ScanCrosshairs@optionsMenu_t@@SAXXZ 004161a1 f i menu.obj
 0001:000151fe       ?Draw@optionsMenu_t@@UAEXXZ 004161fe f i menu.obj
 0001:00015263       ?Draw@creditsMenu_t@@UAEXXZ 00416263 f i menu.obj
 0001:0001530a       ?KeyDown@creditsMenu_t@@UAEPBDH@Z 0041630a f i menu.obj
 0001:00015345       ?Init@creditsMenu_t@@UAE_NXZ 00416345 f i menu.obj
 0001:0001540d       ?Init@gameMenu_t@@UAE_NXZ  0041640d f i menu.obj
 0001:00015598       ?EasyGameFunc@gameMenu_t@@SAXPAX@Z 00416598 f i menu.obj
 0001:000155a4       ?StartGame@gameMenu_t@@SAXPBD@Z 004165a4 f i menu.obj
 0001:000155f7       ?MediumGameFunc@gameMenu_t@@SAXPAX@Z 004165f7 f i menu.obj
 0001:00015603       ?HardGameFunc@gameMenu_t@@SAXPAX@Z 00416603 f i menu.obj
 0001:0001561f       ?Init@savegameMenu_t@@UAE_NXZ 0041661f f i menu.obj
 0001:0001572f       ?Create_Savestrings@savegameMenu_t@@QAEXXZ 0041672f f i menu.obj
 0001:000157ea       ?LoadGameCallback@savegameMenu_t@@SAXPAX@Z 004167ea f i menu.obj
 0001:00015813       ?SaveGameCallback@savegameMenu_t@@SAXPAX@Z 00416813 f i menu.obj
 0001:00015832       ?Draw@savegameMenu_t@@UAEXXZ 00416832 f i menu.obj
 0001:0001584d       ?DrawSavegameShot@savegameMenu_t@@QAEXHH@Z 0041684d f i menu.obj
 0001:00015932       ?Init@joinserverMenu_t@@UAE_NXZ 00416932 f i menu.obj
 0001:00015a5b       ?JoinServerFunc@joinserverMenu_t@@SAXPAX@Z 00416a5b f i menu.obj
 0001:00015abd       ?SearchLocalGames@joinserverMenu_t@@SAXXZ 00416abd f i menu.obj
 0001:00015b28       ?M_AddToServerList@@YAXUnetadr_t@@PAD@Z 00416b28 f   menu.obj
 0001:00015bab       ?Init@startserverMenu_t@@UAE_NXZ 00416bab f i menu.obj
 0001:0001604d       ?DMOptionsFunc@startserverMenu_t@@SAXPAX@Z 0041704d f i menu.obj
 0001:0001605d       ?RulesChangeFunc@startserverMenu_t@@SAXPAX@Z 0041705d f i menu.obj
 0001:000160d7       ?StartServerActionFunc@startserverMenu_t@@SAXPAX@Z 004170d7 f i menu.obj
 0001:00016102       ?StartServerFunc@startserverMenu_t@@SAXPAD@Z 00417102 f i menu.obj
 0001:00016339       ?KeyDown@startserverMenu_t@@UAEPBDH@Z 00417339 f i menu.obj
 0001:00016396       ?Init@dmoptionsMenu_t@@UAE_NXZ 00417396 f i menu.obj
 0001:00016975       ?DMFlagCallback@dmoptionsMenu_t@@SAXPAX@Z 00417975 f i menu.obj
 0001:00016b50       ?Init@downloadOptionsMenu_t@@UAE_NXZ 00417b50 f i menu.obj
 0001:00016d1b       ?DownloadCallback@downloadOptionsMenu_t@@SAXPAX@Z 00417d1b f i menu.obj
 0001:00016d86       ?Init@addressBookMenu_t@@UAE_NXZ 00417d86 f i menu.obj
 0001:00016e2e       ?KeyDown@addressBookMenu_t@@UAEPBDH@Z 00417e2e f i menu.obj
 0001:00016e8b       ?Init@playerConfigMenu_t@@UAE_NXZ 00417e8b f i menu.obj
 0001:000173e2       ?HandednessCallback@playerConfigMenu_t@@SAXPAX@Z 004183e2 f i menu.obj
 0001:000173f7       ?RTypeCallback@playerConfigMenu_t@@SAXPAX@Z 004183f7 f i menu.obj
 0001:0001740c       ?RColorCallback@playerConfigMenu_t@@SAXPAX@Z 0041840c f i menu.obj
 0001:00017421       ?RateCallback@playerConfigMenu_t@@SAXPAX@Z 00418421 f i menu.obj
 0001:00017444       ?ModelCallback@playerConfigMenu_t@@SAXPAX@Z 00418444 f i menu.obj
 0001:00017471       ?ScanDirectories@playerConfigMenu_t@@SA_NXZ 00418471 f i menu.obj
 0001:000175eb       ?IsValidSkin@playerConfigMenu_t@@SA_NPADPAVCStringItem@@@Z 004185eb f i menu.obj
 0001:000176a6       ?Draw@playerConfigMenu_t@@UAEXXZ 004186a6 f i menu.obj
 0001:00017952       ?KeyDown@playerConfigMenu_t@@UAEPBDH@Z 00418952 f i menu.obj
 0001:00017a44       ?Init@dmbrowseMenu_t@@UAE_NXZ 00418a44 f i menu.obj
 0001:00017c4a       ?KeyDown@dmbrowseMenu_t@@UAEPBDH@Z 00418c4a f i menu.obj
 0001:00017e0e       ?Draw@dmbrowseMenu_t@@UAEXXZ 00418e0e f i menu.obj
 0001:00017f53       ?DrawThumbnail@dmbrowseMenu_t@@SAXHHHHPAD_N@Z 00418f53 f i menu.obj
 0001:0001803a       ?Init@videoMenu_t@@UAE_NXZ 0041903a f i menu.obj
 0001:000185f3       ?ScreenSizeCallback@videoMenu_t@@SAXPAX@Z 004195f3 f i menu.obj
 0001:00018611       ?BrightnessCallback@videoMenu_t@@SAXPAX@Z 00419611 f i menu.obj
 0001:0001862f       ?ContrastCallback@videoMenu_t@@SAXPAX@Z 0041962f f i menu.obj
 0001:00018668       ?CancelChanges@videoMenu_t@@SAXPAX@Z 00419668 f i menu.obj
 0001:00018689       ?KeyDown@videoMenu_t@@UAEPBDH@Z 00419689 f i menu.obj
 0001:000186d0       ?ApplyChanges@videoMenu_t@@SAXPAX@Z 004196d0 f i menu.obj
 0001:00018887       ?KeyDown@quitMenu_t@@UAEPBDH@Z 00419887 f i menu.obj
 0001:000188bf       ?Draw@quitMenu_t@@UAEXXZ   004198bf f i menu.obj
 0001:0001893f       ?KeyDown@testMenu_t@@UAEPBDH@Z 0041993f f i menu.obj
 0001:00018950       ?Draw@testMenu_t@@UAEXXZ   00419950 f i menu.obj
 0001:00018b4b       ?M_Init@@YAXXZ             00419b4b f   menu.obj
 0001:00018d47       ?Insert@?$TList@VCStringItem@@@@QAE_NPAVCStringItem@@@Z 00419d47 f i menu.obj
 0001:00018d47       ?Insert@?$TList@VplayerModelInfo_t@@@@QAE_NPAVplayerModelInfo_t@@@Z 00419d47 f i menu.obj
 0001:00018d7d       ?ItemAtCursor@menuFramework_t@@QAEPAUmenuCommon_t@@XZ 00419d7d f   qmenu.obj
 0001:00018dd1       ?AddItem@menuFramework_t@@QAEXPAUmenuCommon_t@@@Z 00419dd1 f   qmenu.obj
 0001:00018e8d       ?AdjustCursor@menuFramework_t@@QAEXH@Z 00419e8d f   qmenu.obj
 0001:00018ffc       ?Center@menuFramework_t@@QAEXXZ 00419ffc f   qmenu.obj
 0001:0001903d       ?Draw@menuFramework_t@@UAEXXZ 0041a03d f   qmenu.obj
 0001:000195f5       ?SelectItem@menuFramework_t@@QAE_NXZ 0041a5f5 f   qmenu.obj
 0001:00019653       ?SetStatusBar@menuFramework_t@@QAEXPBD@Z 0041a653 f   qmenu.obj
 0001:0001965d       ?SlideItem@menuFramework_t@@QAEXH@Z 0041a65d f   qmenu.obj
 0001:00019bda       ?Push@menuFramework_t@@QAEXXZ 0041abda f   qmenu.obj
 0001:00019c62       ?M_ForceMenuOff@@YAXXZ     0041ac62 f   qmenu.obj
 0001:00019c85       ?Pop@menuFramework_t@@QAEXXZ 0041ac85 f   qmenu.obj
 0001:00019cbf       ?KeyDown@menuFramework_t@@UAEPBDH@Z 0041acbf f   qmenu.obj
 0001:00019f33       ?Init@menuFramework_t@@UAE_NXZ 0041af33 f   qmenu.obj
 0001:00019f36       ?M_Draw@@YAXXZ             0041af36 f   qmenu.obj
 0001:00019f71       ?M_Keydown@@YAXH@Z         0041af71 f   qmenu.obj
 0001:00019f90       ?InitRendererVars@@YAXXZ   0041af90 f   ref_vars.obj
 0001:00019faf       ?S_SoundInfo_f@@YAXXZ      0041afaf f   snd_dma.obj
 0001:0001a039       ?S_ReadModelsSex@@YAXXZ    0041b039 f   snd_dma.obj
 0001:0001a11e       ?S_IsFemale@@YA_NPBD@Z     0041b11e f   snd_dma.obj
 0001:0001a172       ?S_Init@@YAXXZ             0041b172 f   snd_dma.obj
 0001:0001a248       ?S_Shutdown@@YAXXZ         0041b248 f   snd_dma.obj
 0001:0001a2db       ?S_BeginRegistration@@YAXXZ 0041b2db f   snd_dma.obj
 0001:0001a2e9       ?S_RegisterSound@@YAPAUsfx_t@@PBD@Z 0041b2e9 f   snd_dma.obj
 0001:0001a482       ?S_EndRegistration@@YAXXZ  0041b482 f   snd_dma.obj
 0001:0001a51a       ?S_PickChannel@@YAPAUchannel_t@@HH@Z 0041b51a f   snd_dma.obj
 0001:0001a5a7       ?S_Spatialize@@YAXPAUchannel_t@@@Z 0041b5a7 f   snd_dma.obj
 0001:0001a740       ?S_AllocPlaysound@@YAPAUplaysound_t@@XZ 0041b740 f   snd_dma.obj
 0001:0001a762       ?S_FreePlaysound@@YAXPAUplaysound_t@@@Z 0041b762 f   snd_dma.obj
 0001:0001a792       ?S_IssuePlaysound@@YAXPAUplaysound_t@@@Z 0041b792 f   snd_dma.obj
 0001:0001a85f       ?S_StartSound@@YAXPBUCVec3@@HHPAUsfx_t@@MMM@Z 0041b85f f   snd_dma.obj
 0001:0001abd5       ?S_StartLocalSound@@YAXPBD@Z 0041bbd5 f   snd_dma.obj
 0001:0001ac24       ?S_ClearBuffer@@YAXXZ      0041bc24 f   snd_dma.obj
 0001:0001ac8d       ?S_StopAllSounds_f@@YAXXZ  0041bc8d f   snd_dma.obj
 0001:0001acfd       ?S_AddLoopSounds@@YAXXZ    0041bcfd f   snd_dma.obj
 0001:0001aed3       ?S_RawSamples@@YAXHHHHPAE@Z 0041bed3 f   snd_dma.obj
 0001:0001b0d7       ?S_Update@@YAXABUCVec3@@000@Z 0041c0d7 f   snd_dma.obj
 0001:0001b1d0       ?GetSoundtime@@YAXXZ       0041c1d0 f   snd_dma.obj
 0001:0001b237       ?S_Update_@@YAXXZ          0041c237 f   snd_dma.obj
 0001:0001b4ea       ?ResampleSfx@@YAXPAUsfx_t@@HHPAE@Z 0041c4ea f   snd_mem.obj
 0001:0001b605       ?S_LoadSound@@YAPAUsfxcache_t@@PAUsfx_t@@@Z 0041c605 f   snd_mem.obj
 0001:0001b73d       ?GetWavinfo@@YA?AUwavinfo_t@@PADPAEH@Z 0041c73d f   snd_mem.obj
 0001:0001b97f       ?S_WriteLinearBlastStereo16@@YAXXZ 0041c97f f   snd_mix.obj
 0001:0001b9f3       ?S_TransferStereo16@@YAXPAKH@Z 0041c9f3 f   snd_mix.obj
 0001:0001ba5c       ?S_TransferPaintBuffer@@YAXH@Z 0041ca5c f   snd_mix.obj
 0001:0001bbc0       ?S_PaintChannels@@YAXH@Z   0041cbc0 f   snd_mix.obj
 0001:0001be5c       ?S_InitScaletable@@YAXXZ   0041ce5c f   snd_mix.obj
 0001:0001c01d       ?SV_WipeSavegame@@YAXPAD@Z 0041d01d f   sv_ccmds.obj
 0001:0001c04b       ?SV_CopySaveGame@@YAXPAD0@Z 0041d04b f   sv_ccmds.obj
 0001:0001c0a0       ?SV_WriteLevelFile@@YAXXZ  0041d0a0 f   sv_ccmds.obj
 0001:0001c14e       ?SV_ReadLevelFile@@YAXXZ   0041d14e f   sv_ccmds.obj
 0001:0001c1fc       ?SV_WriteServerFile@@YAX_NPAD@Z 0041d1fc f   sv_ccmds.obj
 0001:0001c438       ?SV_ReadServerFile@@YAXXZ  0041d438 f   sv_ccmds.obj
 0001:0001c55d       ?SV_AddressBanned@@YA_NPAUnetadr_t@@@Z 0041d55d f   sv_ccmds.obj
 0001:0001c59e       ?SV_InitOperatorCommands@@YAXXZ 0041d59e f   sv_ccmds.obj
 0001:0001d59c       ?SV_WriteFrameToClient@@YAXPAUclient_t@@PAVsizebuf_t@@@Z 0041e59c f   sv_ents.obj
 0001:0001d788       ?SV_BuildClientFrame@@YAXPAUclient_t@@@Z 0041e788 f   sv_ents.obj
 0001:0001dba2       ?SV_RecordDemoMessage@@YAXXZ 0041eba2 f   sv_ents.obj
 0001:0001e6d1       ?SV_InitGameLibrary@@YAX_N@Z 0041f6d1 f   sv_game.obj
 0001:0001e817       ?SV_ShutdownGameLibrary@@YAXXZ 0041f817 f   sv_game.obj
 0001:0001e974       ?SV_FindIndex@@YAHPADHH_N@Z 0041f974 f   sv_init.obj
 0001:0001ea81       ?SV_ModelIndex@@YAHPAD@Z   0041fa81 f   sv_init.obj
 0001:0001ea97       ?SV_SoundIndex@@YAHPAD@Z   0041fa97 f   sv_init.obj
 0001:0001eab0       ?SV_ImageIndex@@YAHPAD@Z   0041fab0 f   sv_init.obj
 0001:0001eac9       ?SV_CreateBaseline@@YAXXZ  0041fac9 f   sv_init.obj
 0001:0001eb27       ?SV_CheckForSavegame@@YAXXZ 0041fb27 f   sv_init.obj
 0001:0001ebaf       ?SV_SpawnServer@@YAXPAD0W4server_state_t@@_N2@Z 0041fbaf f   sv_init.obj
 0001:0001ee7d       ?SV_InitGame@@YAXXZ        0041fe7d f   sv_init.obj
 0001:0001f0c7       ?SV_Map@@YAX_NPBD0@Z       004200c7 f   sv_init.obj
 0001:0001f290       ?SV_DropClient@@YAXPAUclient_t@@PAD@Z 00420290 f   sv_main.obj
 0001:0001f341       ?SV_StatusString@@YAPADXZ  00420341 f   sv_main.obj
 0001:0001fb74       ?SV_ConnectionlessPacket@@YAXXZ 00420b74 f   sv_main.obj
 0001:0001fc3f       ?SV_CalcPings@@YAXXZ       00420c3f f   sv_main.obj
 0001:0001fcc6       ?SV_GiveMsec@@YAXXZ        00420cc6 f   sv_main.obj
 0001:0001fd05       ?SV_ReadPackets@@YAXXZ     00420d05 f   sv_main.obj
 0001:0001fe4d       ?SV_CheckTimeouts@@YAXXZ   00420e4d f   sv_main.obj
 0001:0001ff5e       ?SV_PostprocessFrame@@YAXXZ 00420f5e f   sv_main.obj
 0001:0002042a       ?SV_MulticastHook@@YAPAVsizebuf_t@@PAV1@0@Z 0042142a f   sv_main.obj
 0001:0002081b       ?SV_TraceHook@@YA?AUtrace_t@@QAM000PAUedict_s@@H@Z 0042181b f   sv_main.obj
 0001:00020992       ?SV_Frame@@YAXM@Z          00421992 f   sv_main.obj
 0001:00020c46       ?SV_UserinfoChanged@@YAXPAUclient_t@@@Z 00421c46 f   sv_main.obj
 0001:00020d0a       ?SV_Init@@YAXXZ            00421d0a f   sv_main.obj
 0001:00020d6c       ?SV_Shutdown@@YAXPBD_N@Z   00421d6c f   sv_main.obj
 0001:00020f73       ?SV_BeginRedirect@@YAXXZ   00421f73 f   sv_send.obj
 0001:0002101d       ?SV_ClientPrintf@@YAXPAUclient_t@@HPBDZZ 0042201d f   sv_send.obj
 0001:00021078       ?SV_BroadcastPrintf@@YAXHPBDZZ 00422078 f   sv_send.obj
 0001:0002114e       ?SV_BroadcastCommand@@YAXPBDZZ 0042214e f   sv_send.obj
 0001:000211a3       ?SV_Multicast@@YAXQAMW4multicast_t@@_N@Z 004221a3 f   sv_send.obj
 0001:000213e1       ?SV_MulticastOld@@YAXQAMW4multicast_t@@@Z 004223e1 f   sv_send.obj
 0001:000213f4       ?SV_MulticastNew@@YAXQAMW4multicast_t@@@Z 004223f4 f   sv_send.obj
 0001:00021407       ?SV_StartSound@@YAXQAMPAUedict_s@@HHMMM_N@Z 00422407 f   sv_send.obj
 0001:000216cf       ?SV_StartSoundOld@@YAXQAMPAUedict_s@@HHMMM@Z 004226cf f   sv_send.obj
 0001:000216ff       ?SV_StartSoundNew@@YAXQAMPAUedict_s@@HHMMM@Z 004226ff f   sv_send.obj
 0001:0002172f       ?SV_SendClientDatagram@@YA_NPAUclient_t@@@Z 0042272f f   sv_send.obj
 0001:000217f8       ?SV_DemoCompleted@@YAXXZ   004227f8 f   sv_send.obj
 0001:00021814       ?SV_RateDrop@@YA_NPAUclient_t@@@Z 00422814 f   sv_send.obj
 0001:0002185e       ?SV_SendClientMessages@@YAXXZ 0042285e f   sv_send.obj
 0001:000219a1       ?SV_TokenizeString@@YAXPBD@Z 004229a1 f   sv_tokenize.obj
 0001:00021a78       ?SV_Argc@@YAHXZ            00422a78 f   sv_tokenize.obj
 0001:00021a7e       ?SV_Argv@@YAPADH@Z         00422a7e f   sv_tokenize.obj
 0001:00021a98       ?SV_Args@@YAPADXZ          00422a98 f   sv_tokenize.obj
 0001:000222e5       ?SV_Nextserver@@YAXXZ      004232e5 f   sv_user.obj
 0001:00022374       ?SV_ExecuteUserCommand@@YAXPAD@Z 00423374 f   sv_user.obj
 0001:00022436       ?SV_ClientThink@@YAXPAUclient_t@@PAUusercmd_t@@@Z 00423436 f   sv_user.obj
 0001:00022479       ?SV_ExecuteClientMessage@@YAXPAUclient_t@@@Z 00423479 f   sv_user.obj
 0001:00022697       ?SV_ClearWorld@@YAXXZ      00423697 f   sv_world.obj
 0001:000227d2       ?SV_UnlinkEdict@@YAXPAUedict_s@@@Z 004237d2 f   sv_world.obj
 0001:00022895       ?SV_LinkEdict@@YAXPAUedict_s@@@Z 00423895 f   sv_world.obj
 0001:00022e86       ?SV_AreaEdicts@@YAHQBM0PAPAUedict_s@@HH@Z 00423e86 f   sv_world.obj
 0001:00023037       ?SV_PointContents@@YAHQBM@Z 00424037 f   sv_world.obj
 0001:0002315d       ?SV_ClipMoveToEntities@@YAXPAUtrace_t@@QBM111PAUedict_s@@H@Z 0042415d f   sv_world.obj
 0001:0002354e       ?SV_Trace@@YAXPAUtrace_t@@QBM111PAUedict_s@@H@Z 0042454e f   sv_world.obj
 0001:00023608       ?InitByteDirs@@YAXXZ       00424608 f   anorms.obj
 0001:00023647       ?Cbuf_AddText@@YAXPBD@Z    00424647 f   cmd.obj
 0001:000236a9       ?Cbuf_CopyToDefer@@YAXXZ   004246a9 f   cmd.obj
 0001:000236f1       ?Cbuf_InsertFromDefer@@YAXXZ 004246f1 f   cmd.obj
 0001:000237aa       ?Cbuf_Execute@@YAXXZ       004247aa f   cmd.obj
 0001:000238b0       ?Cmd_Unalias_f@@YAX_NHPAPAD@Z 004248b0 f   cmd.obj
 0001:00023926       ?Cmd_WriteAliases@@YAXPAU_iobuf@@@Z 00424926 f   cmd.obj
 0001:00023957       ?RegisterCommand@@YA_NPBDP6AXXZH@Z 00424957 f   cmd.obj
 0001:00023a10       ?UnregisterCommand@@YA_NPBD@Z 00424a10 f   cmd.obj
 0001:00023aa1       ?Cmd_ExecuteString@@YA_NPBD@Z 00424aa1 f   cmd.obj
 0001:00023ef4       ?ExecuteCommand@@YA_NPBDPBUCSimpleCommand@@H@Z 00424ef4 f   cmd.obj
 0001:00023fbb       ?Cmd_Init@@YAXXZ           00424fbb f   cmd.obj
 0001:0002430d       ?CM_LoadMap@@YAPAUcmodel_t@@PBD_NPAI@Z 0042530d f   cmodel.obj
 0001:00024a3e       ?SetSignbits@cplane_t@@QAEXXZ 00425a3e f i cmodel.obj
 0001:00024a72       ?SetType@cplane_t@@QAEXXZ  00425a72 f i cmodel.obj
 0001:00024c2e       ?CM_InlineModel@@YAPAUcmodel_t@@PBD@Z 00425c2e f   cmodel.obj
 0001:00024c6f       ?CM_NumClusters@@YAHXZ     00425c6f f   cmodel.obj
 0001:00024c75       ?CM_NumInlineModels@@YAHXZ 00425c75 f   cmodel.obj
 0001:00024c7b       ?CM_EntityString@@YAPBDXZ  00425c7b f   cmodel.obj
 0001:00024c81       ?CM_LeafContents@@YAHH@Z   00425c81 f   cmodel.obj
 0001:00024ca8       ?CM_LeafCluster@@YAHH@Z    00425ca8 f   cmodel.obj
 0001:00024d1e       ?CM_LeafArea@@YAHH@Z       00425d1e f   cmodel.obj
 0001:00024edf       ?CM_HeadnodeForBox@@YAHQAM0@Z 00425edf f   cmodel.obj
 0001:00024f94       ?CM_PointLeafnum@@YAHQBMH@Z 00425f94 f   cmodel.obj
 0001:00025037       ?DistanceTo@cplane_t@@QAEMQBM@Z 00426037 f i cmodel.obj
 0001:0002507b       ?CM_PointContents@@YAHQBMH@Z 0042607b f   cmodel.obj
 0001:000250f0       ?CM_TransformedPointContents@@YAHQBMH00@Z 004260f0 f   cmodel.obj
 0001:000251d1       ?CM_TransformedPointContents@@YAHQBMH0ABUCAxis@@@Z 004261d1 f   cmodel.obj
 0001:0002527c       ?CM_BoxLeafnums@@YAHQBM0PAHH1H@Z 0042627c f   cmodel.obj
 0001:00025390       ?BOX_ON_PLANE_SIDE@@YAHQBM0PBUcplane_t@@@Z 00426390 f i cmodel.obj
 0001:00025415       ?CM_BoxTrace@@YAXPAUtrace_t@@QBM111HH@Z 00426415 f   cmodel.obj
 0001:00025e8d       ?CM_TransformedBoxTrace@@YAXPAUtrace_t@@QBM111HH11@Z 00426e8d f   cmodel.obj
 0001:0002600d       ?CM_TransformedBoxTrace@@YAXPAUtrace_t@@QBM111HH1ABUCAxis@@@Z 0042700d f   cmodel.obj
 0001:000260cd       ?CM_BrushTrace@@YAHQBM0PAHH@Z 004270cd f   cmodel.obj
 0001:000264fd       ?CM_RefineBrushTrace@@YAHQBM0PAHH@Z 004274fd f   cmodel.obj
 0001:000265a3       ?CM_ClusterPVS@@YAPAEH@Z   004275a3 f   cmodel.obj
 0001:000266e7       ?CM_ClusterPHS@@YAPAEH@Z   004276e7 f   cmodel.obj
 0001:0002684a       ?CM_SetAreaPortalState@@YAXH_N@Z 0042784a f   cmodel.obj
 0001:0002686f       ?CM_AreasConnected@@YA_NHH@Z 0042786f f   cmodel.obj
 0001:000268b3       ?CM_WriteAreaBits@@YAHPAEH@Z 004278b3 f   cmodel.obj
 0001:00026955       ?CM_WritePortalState@@YAXPAU_iobuf@@@Z 00427955 f   cmodel.obj
 0001:0002696f       ?CM_ReadPortalState@@YAXPAU_iobuf@@@Z 0042796f f   cmodel.obj
 0001:0002698d       ?CM_HeadnodeVisible@@YA_NHPAE@Z 0042798d f   cmodel.obj
 0001:00026a68       ?Com_BeginRedirect@@YAXPADHP6AX0@Z@Z 00427a68 f   common.obj
 0001:00026a95       ?Com_EndRedirect@@YAXXZ    00427a95 f   common.obj
 0001:00026ab4       ?Com_Printf@@YAXPBDZZ      00427ab4 f   common.obj
 0001:00026cac       ?Com_DPrintf@@YAXPBDZZ     00427cac f   common.obj
 0001:00026d25       ?DebugPrintf@@YAXPBDZZ     00427d25 f   common.obj
 0001:00026dcf       ?Com_WPrintf@@YAXPBDZZ     00427dcf f   common.obj
 0001:00026e29       ?Com_Quit@@YAXXZ           00427e29 f   common.obj
 0001:00026e49       ?IPWildcard@@YA_NPAUnetadr_t@@PAD@Z 00427e49 f   common.obj
 0001:00026f23       ?Com_ServerState@@YA?AW4server_state_t@@XZ 00427f23 f   common.obj
 0001:00026f29       ?Com_SetServerState@@YAXW4server_state_t@@@Z 00427f29 f   common.obj
 0001:00026f33       ?frand@@YAMXZ              00427f33 f   common.obj
 0001:00026f4b       ?crand@@YAMXZ              00427f4b f   common.obj
 0001:00026f69       ?Info_ValueForKey@@YAPBDPBD0@Z 00427f69 f   common.obj
 0001:00026fe8       ?Info_SetValueForKey@@YAXPADPBD1@Z 00427fe8 f   common.obj
 0001:0002714b       ?Info_Print@@YAXPBD@Z      0042814b f   common.obj
 0001:000271d1       ?Com_CheckCmdlineVar@@YA_NPBD@Z 004281d1 f   common.obj
 0001:00027227       ?Com_Init@@YAXPBD@Z        00428227 f   common.obj
 0001:000275f5       ?Com_Frame@@YAXM@Z         004285f5 f   common.obj
 0001:00027933       ?Com_Shutdown@@YAXXZ       00428933 f   common.obj
 0001:0002794c       ?Com_BlockSequenceCRCByte@@YAEPAEHH@Z 0042894c f   crc.obj
 0001:00027a02       ?Cvar_VariableValue@@YAMPBD@Z 00428a02 f   cvar.obj
 0001:00027a70       ?Cvar_VariableInt@@YAHPBD@Z 00428a70 f   cvar.obj
 0001:00027a83       ?Cvar_VariableString@@YAPBDPBD@Z 00428a83 f   cvar.obj
 0001:00027a9b       ?Cvar_Get@@YAPAUcvar_t@@PBD0H@Z 00428a9b f   cvar.obj
 0001:00027d52       ?Cvar_GetVars@@YAXPBUcvarInfo_t@@H@Z 00428d52 f   cvar.obj
 0001:00027dfc       ?Cvar_FullSet@@YAPAUcvar_t@@PBD0I@Z 00428dfc f   cvar.obj
 0001:00027e56       ?Cvar_SetValue@@YAPAUcvar_t@@PBDM@Z 00428e56 f   cvar.obj
 0001:0002807c       ?Cvar_SetInteger@@YAPAUcvar_t@@PBDH@Z 0042907c f   cvar.obj
 0001:0002809e       ?Cvar_Set@@YAPAUcvar_t@@PBD0@Z 0042909e f   cvar.obj
 0001:000280b3       ?Cvar_ForceSet@@YAPAUcvar_t@@PBD0@Z 004290b3 f   cvar.obj
 0001:000280c8       ?Cvar_Clamp@@YAMPAUcvar_t@@MM@Z 004290c8 f   cvar.obj
 0001:00028126       ?Cvar_GetLatchedVars@@YAXXZ 00429126 f   cvar.obj
 0001:00028155       ?Cvar_Command@@YA_NHPAPAD@Z 00429155 f   cvar.obj
 0001:000281ee       ?IsDefault@cvar_t@@QAE_NXZ 004291ee f i cvar.obj
 0001:0002820b       ?Cvar_WriteVariables@@YAXPAU_iobuf@@HHPBD@Z 0042920b f   cvar.obj
 0001:00028293       ?Cvar_Userinfo@@YAPBDXZ    00429293 f   cvar.obj
 0001:000282ee       ?Cvar_Serverinfo@@YAPBDXZ  004292ee f   cvar.obj
 0001:000282f7       ?Cvar_Cheats@@YAX_N@Z      004292f7 f   cvar.obj
 0001:00028348       ?Cvar_Init@@YAXXZ          00429348 f   cvar.obj
 0001:00028b51       ?MSG_WriteDeltaEntity@@YAXPAVsizebuf_t@@PBUentity_state_t@@PAU2@_N3@Z 00429b51 f   entdelta.obj
 0001:000290f4       ?MSG_WriteRemoveEntity@@YAXPAVsizebuf_t@@H@Z 0042a0f4 f   entdelta.obj
 0001:00029134       ?MSG_ReadEntityBits@@YAHPAVsizebuf_t@@PAIPA_N@Z 0042a134 f   entdelta.obj
 0001:000291a5       ?MSG_ReadDeltaEntity@@YAXPAVsizebuf_t@@PBUentity_state_t@@PAU2@I@Z 0042a1a5 f   entdelta.obj
 0001:00029228       ?MSG_WriteDeltaUsercmd@@YAXPAVsizebuf_t@@PBUusercmd_t@@PAU2@@Z 0042a228 f   entdelta.obj
 0001:000292b7       ?MSG_ReadDeltaUsercmd@@YAXPAVsizebuf_t@@PBUusercmd_t@@PAU2@@Z 0042a2b7 f   entdelta.obj
 0001:000295ba       ?MSG_WriteDeltaPlayerstate@@YAXPAVsizebuf_t@@PBUplayer_state_t@@PAU2@@Z 0042a5ba f   entdelta.obj
 0001:000296c3       ?MSG_ReadDeltaPlayerstate@@YAXPAVsizebuf_t@@PBUplayer_state_t@@PAU2@@Z 0042a6c3 f   entdelta.obj
 0001:00029797       ?FS_CreatePath@@YAXPBD@Z   0042a797 f   files.obj
 0001:000297fd       ?FS_CopyFile@@YAXPBD0@Z    0042a7fd f   files.obj
 0001:00029900       ?FS_CopyFiles@@YAXPBD0@Z   0042a900 f   files.obj
 0001:000299d9       ?FS_RemoveFiles@@YAXPBD@Z  0042a9d9 f   files.obj
 0001:00029a4d       ?FS_FCloseFile@@YAXPAVQFILE@@@Z 0042aa4d f   files.obj
 0001:00029ae8       ?FS_FOpenFile@@YAPAVQFILE@@PBDPAH@Z 0042aae8 f   files.obj
 0001:00029ff4       ?FS_FileExists@@YA_NPBD@Z  0042aff4 f   files.obj
 0001:0002a20d       ?FS_Read@@YAXPAXHPAVQFILE@@@Z 0042b20d f   files.obj
 0001:0002a46f       ?FS_LoadFile@@YAPAXPBDPAI@Z 0042b46f f   files.obj
 0001:0002a4c5       ?FS_FreeFile@@YAXPAX@Z     0042b4c5 f   files.obj
 0001:0002a4d0       ?FS_Gamedir@@YAPADXZ       0042b4d0 f   files.obj
 0001:0002a4e4       ?FS_LoadGameConfig@@YAXXZ  0042b4e4 f   files.obj
 0001:0002a5a9       ?FS_SetGamedir@@YA_NPBD@Z  0042b5a9 f   files.obj
 0001:0002ac94       ?FS_ListFiles@@YA?AV?$TList@VCStringItem@@@@PBDH@Z 0042bc94 f   files.obj
 0001:0002af9c       ?FS_NextPath@@YAPADPBD@Z   0042bf9c f   files.obj
 0001:0002afc0       ?FS_InitFilesystem@@YAXXZ  0042bfc0 f   files.obj
 0001:0002b96c       ?LoadPCX@@YAXPBDPAPAE1PAH2@Z 0042c96c f   images.obj
 0001:0002bab6       ?LoadTGA@@YAXPBDPAPAEPAH2@Z 0042cab6 f   images.obj
 0001:0002bcb1       ?LoadJPG@@YAXPBDPAPAEPAH2@Z 0042ccb1 f   images.obj
 0001:0002bf3d       ?ImageExists@@YAHPBDH@Z    0042cf3d f   images.obj
 0001:0002c03b       ?WriteTGA@@YA_NPBDPAEHH@Z  0042d03b f   images.obj
 0001:0002c225       ?WriteJPG@@YA_NPBDPAEHH_N@Z 0042d225 f   images.obj
 0001:0002c34c       ?MD4Init@@YAXPAUMD4_CTX@@@Z 0042d34c f   md4.obj
 0001:0002c374       ?MD4Update@@YAXPAUMD4_CTX@@PAEI@Z 0042d374 f   md4.obj
 0001:0002c412       ?MD4Final@@YAXQAEPAUMD4_CTX@@@Z 0042d412 f   md4.obj
 0001:0002cb03       ?Com_BlockChecksum@@YAIPAXH@Z 0042db03 f   md4.obj
 0001:0002cb3f       ?LoadQ2BspFile@@YAXXZ      0042db3f f   model.obj
 0001:0002cefb       ?LoadBspFile@@YAPAUbspfile_t@@PBD_NPAI@Z 0042defb f   model.obj
 0001:0002d0a9       ?ProcessEntstring@@YAPADPAD@Z 0042e0a9 f   model.obj
 0001:0002df59       ?Init@sizebuf_t@@QAEXPAXH@Z 0042ef59 f   msg.obj
 0001:0002df74       ?Write@sizebuf_t@@QAEXPBXH@Z 0042ef74 f   msg.obj
 0001:0002dfe4       ?MSG_WriteChar@@YAXPAVsizebuf_t@@H@Z 0042efe4 f   msg.obj
 0001:0002dfe4       ?MSG_WriteByte@@YAXPAVsizebuf_t@@H@Z 0042efe4 f   msg.obj
 0001:0002dff5       ?MSG_WriteShort@@YAXPAVsizebuf_t@@H@Z 0042eff5 f   msg.obj
 0001:0002e006       ?MSG_WriteLong@@YAXPAVsizebuf_t@@H@Z 0042f006 f   msg.obj
 0001:0002e006       ?MSG_WriteFloat@@YAXPAVsizebuf_t@@M@Z 0042f006 f   msg.obj
 0001:0002e017       ?MSG_WriteString@@YAXPAVsizebuf_t@@PBD@Z 0042f017 f   msg.obj
 0001:0002e041       ?MSG_WritePos@@YAXPAVsizebuf_t@@QAM@Z 0042f041 f   msg.obj
 0001:0002e0a5       ?MSG_WriteAngle@@YAXPAVsizebuf_t@@M@Z 0042f0a5 f   msg.obj
 0001:0002e0d0       ?MSG_WriteAngle16@@YAXPAVsizebuf_t@@M@Z 0042f0d0 f   msg.obj
 0001:0002e0fb       ?MSG_WriteDir@@YAXPAVsizebuf_t@@QAM@Z 0042f0fb f   msg.obj
 0001:0002e162       ?MSG_ReadDir@@YAXPAVsizebuf_t@@QAM@Z 0042f162 f   msg.obj
 0001:0002e193       ?MSG_ReadChar@@YAHPAVsizebuf_t@@@Z 0042f193 f   msg.obj
 0001:0002e1b3       ?MSG_ReadByte@@YAHPAVsizebuf_t@@@Z 0042f1b3 f   msg.obj
 0001:0002e1d3       ?MSG_ReadShort@@YAHPAVsizebuf_t@@@Z 0042f1d3 f   msg.obj
 0001:0002e1f3       ?MSG_ReadLong@@YAHPAVsizebuf_t@@@Z 0042f1f3 f   msg.obj
 0001:0002e212       ?MSG_ReadString@@YAPADPAVsizebuf_t@@@Z 0042f212 f   msg.obj
 0001:0002e245       ?MSG_ReadPos@@YAXPAVsizebuf_t@@QAM@Z 0042f245 f   msg.obj
 0001:0002e297       ?MSG_ReadAngle@@YAMPAVsizebuf_t@@@Z 0042f297 f   msg.obj
 0001:0002e2b1       ?MSG_ReadAngle16@@YAMPAVsizebuf_t@@@Z 0042f2b1 f   msg.obj
 0001:0002e2cb       ?MSG_ReadData@@YAXPAVsizebuf_t@@PAXH@Z 0042f2cb f   msg.obj
 0001:0002e2ee       ?Netchan_Init@@YAXXZ       0042f2ee f   net_chan.obj
 0001:0002e362       ?Netchan_OutOfBandPrint@@YAXW4netsrc_t@@Unetadr_t@@PBDZZ 0042f362 f   net_chan.obj
 0001:0002e3e9       ?Setup@netchan_t@@QAEXW4netsrc_t@@Unetadr_t@@H@Z 0042f3e9 f   net_chan.obj
 0001:0002e441       ?NeedReliable@netchan_t@@QAE_NXZ 0042f441 f   net_chan.obj
 0001:0002e466       ?Transmit@netchan_t@@QAEXPAXH@Z 0042f466 f   net_chan.obj
 0001:0002e603       ?Process@netchan_t@@QAE_NPAVsizebuf_t@@@Z 0042f603 f   net_chan.obj
 0001:0002e731       ?Pmove@@YAXPAUpmove_t@@@Z  0042f731 f   pmove.obj
 0001:000304c3       ?NormalizeColor@@YAMQBMQAM@Z 004314c3 f   q_shared2.obj
 0001:0003051d       ?NormalizeColor255@@YAMQBMQAM@Z 0043151d f   q_shared2.obj
 0001:0003057b       ?Q_rsqrt@@YAMM@Z           0043157b f   q_shared2.obj
 0001:000305ab       ?AngleVectors@@YAXQBMQAM11@Z 004315ab f   q_shared2.obj
 0001:0003070c       ?MakeNormalVectors@@YAXQBMQAM1@Z 0043170c f   q_shared2.obj
 0001:00030773       ?VectorNormalize@@YAMQAM@Z 00431773 f   q_shared2.obj
 0001:000307c7       ?VectorNormalize@@YAMQBMQAM@Z 004317c7 f   q_shared2.obj
 0001:0003081f       ?VectorNormalizeFast@@YAMQAM@Z 0043181f f   q_shared2.obj
 0001:00030870       ?CrossProduct@@YAXQBM0QAM@Z 00431870 f   q_shared2.obj
 0001:000308ab       ?VectorLength@@YAMQBM@Z    004318ab f   q_shared2.obj
 0001:000308da       ?VectorDistance@@YAMQBM0@Z 004318da f   q_shared2.obj
 0001:0003090b       ?LerpAngle@@YAMMMM@Z       0043190b f   q_shared2.obj
 0001:0003094e       ?anglemod@@YAMM@Z          0043194e f   q_shared2.obj
 0001:0003097a       ?BoxOnPlaneSide@@YAHQBM0PBUcplane_t@@@Z 0043197a f   q_shared2.obj
 0001:00030a9d       ?Clear@CBox@@QAEXXZ        00431a9d f   q_shared2.obj
 0001:00030abb       ?Expand@CBox@@QAEXQBM@Z    00431abb f   q_shared2.obj
 0001:00030aea       ?Expand@CBox@@QAEXABU1@@Z  00431aea f   q_shared2.obj
 0001:00030b26       ?GetCenter@CBox@@QAEXQAM@Z 00431b26 f   q_shared2.obj
 0001:00030b46       ?FromAngles@CAxis@@QAEXQBM@Z 00431b46 f   q_shared2.obj
 0001:00030b85       ?TransformVector@CAxis@@QBEXQBMQAM@Z 00431b85 f   q_shared2.obj
 0001:00030bd6       ?UnTransformVector@CAxis@@QBEXQBMQAM@Z 00431bd6 f   q_shared2.obj
 0001:00030c3a       ?TransformPoint@CCoords@@QBEXQBMQAM@Z 00431c3a f   q_shared2.obj
 0001:00030c98       ?UnTransformPoint@CCoords@@QBEXQBMQAM@Z 00431c98 f   q_shared2.obj
 0001:00030d05       ?TransformPlane@CCoords@@QBEXABUcplane_t@@AAU2@@Z 00431d05 f   q_shared2.obj
 0001:00030d3d       ?TransformPoint@@YAXQBMABUCAxis@@0QAM@Z 00431d3d f   q_shared2.obj
 0001:00030da0       ?UnTransformPoint@@YAXQBMABUCAxis@@0QAM@Z 00431da0 f   q_shared2.obj
 0001:00030e10       ?ShortSwap@@YAFF@Z         00431e10 f   q_shared2.obj
 0001:00030e25       ?COM_Parse@@YAPADAAPBD_N@Z 00431e25 f   q_shared2.obj
 0001:00030f49       ?COM_QuoteString@@YAPBDPBD_N@Z 00431f49 f   q_shared2.obj
 0001:00030fa4       ?Com_PageInMemory@@YAXPAXH@Z 00431fa4 f   q_shared2.obj
 0001:00030fc3       ?Zip_OpenArchive@@YAPAU_iobuf@@PBD@Z 00431fc3 f   zip.obj
 0001:0003102e       ?Zip_CloseArchive@@YAXPAU_iobuf@@@Z 0043202e f   zip.obj
 0001:0003103a       ?Zip_EnumArchive@@YA_NPAU_iobuf@@P6A_NPAUzipFile_t@@@Z@Z 0043203a f   zip.obj
 0001:00031217       ?Zip_OpenFile@@YAPAUZFILE@@PAU_iobuf@@PAUzipFile_t@@@Z 00432217 f   zip.obj
 0001:000312fb       ?Zip_ReadFile@@YAHPAUZFILE@@PAXH@Z 004322fb f   zip.obj
 0001:000313f1       ?Zip_CloseFile@@YA_NPAUZFILE@@@Z 004323f1 f   zip.obj
 0001:00031435       ?Zip_OpenBuf@@YAPAUZBUF@@PAXH@Z 00432435 f   zip.obj
 0001:00031473       ?Zip_ReadBuf@@YAHPAUZBUF@@PAXH@Z 00432473 f   zip.obj
 0001:000314bb       ?Zip_CloseBuf@@YAXPAUZBUF@@@Z 004324bb f   zip.obj
 0001:000314d0       _zcalloc                   004324d0 f   zip.obj
 0001:000314e4       _zcfree                    004324e4 f   zip.obj
 0001:000314ef       ?CDAudio_Play2@@YAXH_N@Z   004324ef f   cd_win.obj
 0001:000316ce       ?CDAudio_Play@@YAXH_N@Z    004326ce f   cd_win.obj
 0001:000316e5       ?CDAudio_Stop@@YAXXZ       004326e5 f   cd_win.obj
 0001:0003172a       ?CDAudio_Pause@@YAXXZ      0043272a f   cd_win.obj
 0001:00031783       ?CDAudio_Resume@@YAXXZ     00432783 f   cd_win.obj
 0001:000317f2       ?CDAudio_Update@@YAXXZ     004327f2 f   cd_win.obj
 0001:00031826       ?CDAudio_Init@@YAHXZ       00432826 f   cd_win.obj
 0001:00031c88       ?CDAudio_Shutdown@@YAXXZ   00432c88 f   cd_win.obj
 0001:00031cbb       ?CDAudio_Activate@@YAX_N@Z 00432cbb f   cd_win.obj
 0001:00031ccc       ?IN_Commands@@YAXXZ        00432ccc f   in_win.obj
 0001:00031df4       ?IN_Init@@YAXXZ            00432df4 f   in_win.obj
 0001:000320eb       ?IN_Shutdown@@YAXXZ        004330eb f   in_win.obj
 0001:000322c5       ?IN_Move@@YAXPAUusercmd_t@@@Z 004332c5 f   in_win.obj
 0001:000328a2       ?IN_Activate@@YAX_N@Z      004338a2 f   in_win.obj
 0001:000328ac       ?IN_Frame@@YAXXZ           004338ac f   in_win.obj
 0001:00032c14       ?NetadrToSockadr@@YAXPAUnetadr_t@@PAUsockaddr@@@Z 00433c14 f   net_wins.obj
 0001:00032c99       ?SockadrToNetadr@@YAXPAUsockaddr@@PAUnetadr_t@@@Z 00433c99 f   net_wins.obj
 0001:00032ce9       ?NET_CompareAdr@@YA_NPAUnetadr_t@@0@Z 00433ce9 f   net_wins.obj
 0001:00032d3f       ?NET_CompareBaseAdr@@YA_NPAUnetadr_t@@0@Z 00433d3f f   net_wins.obj
 0001:00032d8a       ?NET_AdrToString@@YAPADPAUnetadr_t@@@Z 00433d8a f   net_wins.obj
 0001:00032e43       ?NET_StringToAdr@@YA_NPBDPAUnetadr_t@@@Z 00433e43 f   net_wins.obj
 0001:000330cd       ?NET_IsLocalAddress@@YA_NPAUnetadr_t@@@Z 004340cd f   net_wins.obj
 0001:000330d9       ?NET_GetLoopPacket@@YA_NW4netsrc_t@@PAUnetadr_t@@PAVsizebuf_t@@@Z 004340d9 f   net_wins.obj
 0001:00033164       ?NET_SendLoopPacket@@YAXW4netsrc_t@@HPAXUnetadr_t@@@Z 00434164 f   net_wins.obj
 0001:000331b9       ?NET_GetPacket@@YA_NW4netsrc_t@@PAUnetadr_t@@PAVsizebuf_t@@@Z 004341b9 f   net_wins.obj
 0001:000332d6       ?NET_SendPacket@@YAXW4netsrc_t@@HPAXUnetadr_t@@@Z 004342d6 f   net_wins.obj
 0001:000333a7       ?NET_Config@@YAX_N@Z       004343a7 f   net_wins.obj
 0001:0003371c       ?NET_Init@@YAXXZ           0043471c f   net_wins.obj
 0001:000337d6       ?Sys_Mkdir@@YAXPAD@Z       004347d6 f   fs_win.obj
 0001:000337e2       ?Sys_FindFirst@@YAPBDPBDH@Z 004347e2 f   fs_win.obj
 0001:0003389c       ?Sys_FindNext@@YAPBDXZ     0043489c f   fs_win.obj
 0001:00033906       ?Sys_FindClose@@YAXXZ      00434906 f   fs_win.obj
 0001:00033920       ?Sys_FileExists@@YA_NPBDH@Z 00434920 f   fs_win.obj
 0001:0003393e       ?SNDDMA_Init@@YA_NXZ       0043493e f   snd_win.obj
 0001:00033f7d       ?SNDDMA_GetDMAPos@@YAHXZ   00434f7d f   snd_win.obj
 0001:00033fc7       ?SNDDMA_BeginPainting@@YAXXZ 00434fc7 f   snd_win.obj
 0001:000340df       ?SNDDMA_Submit@@YAXXZ      004350df f   snd_win.obj
 0001:00034104       ?SNDDMA_Shutdown@@YAXXZ    00435104 f   snd_win.obj
 0001:00034109       ?S_Activate@@YAX_N@Z       00435109 f   snd_win.obj
 0001:00034134       ?Sys_Quit@@YAXXZ           00435134 f   sys_win.obj
 0001:000341ec       ?Sys_Init@@YAXXZ           004351ec f   sys_win.obj
 0001:00034264       ?Sys_ConsoleInput@@YAPADXZ 00435264 f   sys_win.obj
 0001:0003451f       ?Sys_ConsoleOutput@@YAXPBD@Z 0043551f f   sys_win.obj
 0001:000345ac       ?Sys_SendKeyEvents@@YAXXZ  004355ac f   sys_win.obj
 0001:00034664       ?Sys_UnloadGame@@YAXXZ     00435664 f   sys_win.obj
 0001:000346df       ?Sys_GetGameAPI@@YAPAXPAX@Z 004356df f   sys_win.obj
 0001:00034836       _WinMain@16                00435836 f   sys_win.obj
 0001:00034abc       ?AddMsgHook@@YAXP6A_NIIJ@Z@Z 00435abc f   vid_dll.obj
 0001:00034b00       ?RemoveMsgHook@@YAXP6A_NIIJ@Z@Z 00435b00 f   vid_dll.obj
 0001:00034b2f       ?Vid_CreateWindow@@YAPAXHH_N@Z 00435b2f f   vid_dll.obj
 0001:00035233       ?Vid_DestroyWindow@@YAX_N@Z 00436233 f   vid_dll.obj
 0001:0003526e       ?Vid_Restart@@YAXXZ        0043626e f   vid_dll.obj
 0001:00035276       ?Vid_GetModeInfo@@YA_NPAH0H@Z 00436276 f   vid_dll.obj
 0001:000352a6       ?Vid_Tick@@YAXXZ           004362a6 f   vid_dll.obj
 0001:00035456       ?Vid_Init@@YAXXZ           00436456 f   vid_dll.obj
 0001:00035527       ?Vid_Shutdown@@YAXXZ       00436527 f   vid_dll.obj
 0001:00035546       ?Tesselate@surfacePlanar_t@OpenGLDrv@@UAEXXZ 00436546 f   gl_backend.obj
 0001:0003715f       ?Tesselate@surfacePoly_t@OpenGLDrv@@UAEXXZ 0043815f f   gl_backend.obj
 0001:0003725a       ?Tesselate@surfaceMd3_t@OpenGLDrv@@UAEXXZ 0043825a f   gl_backend.obj
 0001:0003780f       ?Tesselate@surfaceEntity_t@OpenGLDrv@@UAEXXZ 0043880f f   gl_backend.obj
 0001:000378f9       ?Tesselate@surfaceParticle_t@OpenGLDrv@@UAEXXZ 004388f9 f   gl_backend.obj
 0001:00037b47       ?BK_DrawScene@OpenGLDrv@@YAXXZ 00438b47 f   gl_backend.obj
 0001:000385db       ?BK_DrawPic@OpenGLDrv@@YAXPAVshader_t@1@HHHHMMMMIE@Z 004395db f   gl_backend.obj
 0001:000387bc       ?BK_DrawText@OpenGLDrv@@YAXPBDHHHHHI@Z 004397bc f   gl_backend.obj
 0001:000389a7       ?BK_BeginFrame@OpenGLDrv@@YAXXZ 004399a7 f   gl_backend.obj
 0001:00038a40       ?BK_EndFrame@OpenGLDrv@@YAXXZ 00439a40 f   gl_backend.obj
 0001:00038a7f       ?BK_Init@OpenGLDrv@@YAXXZ  00439a7f f   gl_backend.obj
 0001:00038aae       ?BK_Shutdown@OpenGLDrv@@YAXXZ 00439aae f   gl_backend.obj
 0001:00038ac6       ?AllocDynamicMemory@OpenGLDrv@@YAPAXH@Z 00439ac6 f   gl_buffers.obj
 0001:00038b31       ?ResizeDynamicMemory@OpenGLDrv@@YAXPAXH@Z 00439b31 f   gl_buffers.obj
 0001:00038b73       ?AddSurfaceToPortal@OpenGLDrv@@YAXPAVsurfaceBase_t@1@PAVshader_t@1@HH@Z 00439b73 f   gl_buffers.obj
 0001:00038bdc       ?InsertShaderIndex@OpenGLDrv@@YAXH@Z 00439bdc f   gl_buffers.obj
 0001:00038c15       ?ClearPortal@OpenGLDrv@@YAXXZ 00439c15 f   gl_buffers.obj
 0001:00038c33       ?SortSurfaces@OpenGLDrv@@YAXPAUviewPortal_t@1@PAPAUsurfaceInfo_t@1@@Z 00439c33 f   gl_buffers.obj
 0001:00038dc5       ?ClearBuffers@OpenGLDrv@@YAXXZ 00439dc5 f   gl_buffers.obj
 0001:00038ddc       ?CreateBuffers@OpenGLDrv@@YAXXZ 00439ddc f   gl_buffers.obj
 0001:00038e02       ?FreeBuffers@OpenGLDrv@@YAXXZ 00439e02 f   gl_buffers.obj
 0001:00038e26       ?InitEntity@model_t@OpenGLDrv@@UAEXPAUentity_t@@PAUrefEntity_t@2@@Z 00439e26 f   gl_frontend.obj
 0001:00038e3e       ?AddSurfaces@model_t@OpenGLDrv@@UAEXPAUrefEntity_t@2@@Z 00439e3e f   gl_frontend.obj
 0001:00038e6c       ?GetLeaf@model_t@OpenGLDrv@@UAEPAUnode_t@2@PAUrefEntity_t@2@@Z 00439e6c f   gl_frontend.obj
 0001:00038e7d       ?DrawLabel@model_t@OpenGLDrv@@UAEXPAUrefEntity_t@2@@Z 00439e7d f   gl_frontend.obj
 0001:00038e80       ?InitEntity@inlineModel_t@OpenGLDrv@@UAEXPAUentity_t@@PAUrefEntity_t@2@@Z 00439e80 f   gl_frontend.obj
 0001:00038ed0       ?AddSurfaces@inlineModel_t@OpenGLDrv@@UAEXPAUrefEntity_t@2@@Z 00439ed0 f   gl_frontend.obj
 0001:0003939e       ?GetLeaf@inlineModel_t@OpenGLDrv@@UAEPAUnode_t@2@PAUrefEntity_t@2@@Z 0043a39e f   gl_frontend.obj
 0001:00039543       ?DrawLabel@inlineModel_t@OpenGLDrv@@UAEXPAUrefEntity_t@2@@Z 0043a543 f   gl_frontend.obj
 0001:00039589       ?InitEntity@md3Model_t@OpenGLDrv@@UAEXPAUentity_t@@PAUrefEntity_t@2@@Z 0043a589 f   gl_frontend.obj
 0001:00039778       ?AddSurfaces@md3Model_t@OpenGLDrv@@UAEXPAUrefEntity_t@2@@Z 0043a778 f   gl_frontend.obj
 0001:000397de       ?GetLeaf@md3Model_t@OpenGLDrv@@UAEPAUnode_t@2@PAUrefEntity_t@2@@Z 0043a7de f   gl_frontend.obj
 0001:00039816       ?DrawLabel@md3Model_t@OpenGLDrv@@UAEXPAUrefEntity_t@2@@Z 0043a816 f   gl_frontend.obj
 0001:00039871       ?InitEntity@sp2Model_t@OpenGLDrv@@UAEXPAUentity_t@@PAUrefEntity_t@2@@Z 0043a871 f   gl_frontend.obj
 0001:0003988b       ?AddSurfaces@sp2Model_t@OpenGLDrv@@UAEXPAUrefEntity_t@2@@Z 0043a88b f   gl_frontend.obj
 0001:00039a0c       ??0surfacePoly_t@OpenGLDrv@@QAE@XZ 0043aa0c f i gl_frontend.obj
 0001:00039a1c       ?GetLeaf@sp2Model_t@OpenGLDrv@@UAEPAUnode_t@2@PAUrefEntity_t@2@@Z 0043aa1c f   gl_frontend.obj
 0001:00039afd       ?AddEntity@OpenGLDrv@@YAXPAUentity_t@@@Z 0043aafd f   gl_frontend.obj
 0001:00039ccc       ?AddDlight@OpenGLDrv@@YAXPAUdlight_t@@@Z 0043accc f   gl_frontend.obj
 0001:00039e84       ?DrawPortal@OpenGLDrv@@YAXXZ 0043ae84 f   gl_frontend.obj
 0001:0003a033       ?VectorNegate@@YAXQAM@Z    0043b033 f i gl_frontend.obj
 0001:0003bdfe       ?GL_TextureMode@OpenGLDrv@@YAXPBD@Z 0043cdfe f   gl_image.obj
 0001:0003bea6       ?CreateImage@OpenGLDrv@@YAPAVimage_t@1@PBDPAXHHI@Z 0043cea6 f   gl_image.obj
 0001:0003cc17       ?LoadDelayedImages@OpenGLDrv@@YAXXZ 0043dc17 f   gl_image.obj
 0001:0003ccaa       ?DrawStretchRaw8@OpenGLDrv@@YAXHHHHHHPAEPAI@Z 0043dcaa f   gl_image.obj
 0001:0003d06b       ?SetupGamma@OpenGLDrv@@YAXXZ 0043e06b f   gl_image.obj
 0001:0003d1b1       ?PerformScreenshot@OpenGLDrv@@YAXXZ 0043e1b1 f   gl_image.obj
 0001:0003d43e       ?InitImages@OpenGLDrv@@YAXXZ 0043e43e f   gl_image.obj
 0001:0003dc0f       ?ShutdownImages@OpenGLDrv@@YAXXZ 0043ec0f f   gl_image.obj
 0001:0003dc76       ?ShowImages@OpenGLDrv@@YAXXZ 0043ec76 f   gl_image.obj
 0001:0003defe       ?FindImage@OpenGLDrv@@YAPAVimage_t@1@PBDI@Z 0043eefe f   gl_image.obj
 0001:0003e19e       ?GL_Lock@OpenGLDrv@@YAXXZ  0043f19e f   gl_interface.obj
 0001:0003e216       ?GL_Unlock@OpenGLDrv@@YAXXZ 0043f216 f   gl_interface.obj
 0001:0003e3d8       ?GL_Bind@OpenGLDrv@@YAXPAVimage_t@1@@Z 0043f3d8 f   gl_interface.obj
 0001:0003e502       ?GL_BindForce@OpenGLDrv@@YAXPAVimage_t@1@@Z 0043f502 f   gl_interface.obj
 0001:0003e580       ?GL_TexEnv@OpenGLDrv@@YAXI@Z 0043f580 f   gl_interface.obj
 0001:0003e6ff       ?GL_TexMipBias@OpenGLDrv@@YAXM@Z 0043f6ff f   gl_interface.obj
 0001:0003e75a       ?GL_TexEnvColor@OpenGLDrv@@YAXPATcolor_t@@@Z 0043f75a f   gl_interface.obj
 0001:0003e80a       ?GL_SelectTexture@OpenGLDrv@@YAXH@Z 0043f80a f   gl_interface.obj
 0001:0003e86b       ?GL_TexCoordPointer@OpenGLDrv@@YAXPAX@Z 0043f86b f   gl_interface.obj
 0001:0003e89b       ?GL_SetMultitexture@OpenGLDrv@@YAXH@Z 0043f89b f   gl_interface.obj
 0001:0003e981       ?GL_DisableTexCoordArrays@OpenGLDrv@@YAXXZ 0043f981 f   gl_interface.obj
 0001:0003e9d5       ?GL_CullFace@OpenGLDrv@@YAXW4gl_cullMode_t@1@@Z 0043f9d5 f   gl_interface.obj
 0001:0003ea26       ?GL_DepthRange@OpenGLDrv@@YAXW4gl_depthMode_t@1@@Z 0043fa26 f   gl_interface.obj
 0001:0003ea59       ?GL_State@OpenGLDrv@@YAXI@Z 0043fa59 f   gl_interface.obj
 0001:0003ebae       ?GL_EnableFog@OpenGLDrv@@YAX_N@Z 0043fbae f   gl_interface.obj
 0001:0003eca6       ?GL_SetDefaultState@OpenGLDrv@@YAXXZ 0043fca6 f   gl_interface.obj
 0001:0003edf4       ?GL_Set2DMode@OpenGLDrv@@YAXXZ 0043fdf4 f   gl_interface.obj
 0001:0003eeef       ?GL_Set3DMode@OpenGLDrv@@YAXPAUviewPortal_t@1@@Z 0043feef f   gl_interface.obj
 0001:0003efd7       ?ShowLights@OpenGLDrv@@YAXXZ 0043ffd7 f   gl_light.obj
 0001:0003f3c0       ?LightForEntity@OpenGLDrv@@YAXPAUrefEntity_t@1@@Z 004403c0 f   gl_light.obj
 0001:0004062d       ?DiffuseLight@OpenGLDrv@@YAXPATcolor_t@@M@Z 0044162d f   gl_light.obj
 0001:000407a6       ?InitLightGrid@OpenGLDrv@@YAXXZ 004417a6 f   gl_light.obj
 0001:0004084c       ?PostLoadLights@OpenGLDrv@@YAXXZ 0044184c f   gl_light.obj
 0001:00040adc       ?LM_Init@OpenGLDrv@@YAXXZ  00441adc f   gl_lightmap.obj
 0001:00040af2       ?LM_Flush@OpenGLDrv@@YAXPAUlightmapBlock_t@1@@Z 00441af2 f   gl_lightmap.obj
 0001:00040b4f       ?LM_Done@OpenGLDrv@@YAXXZ  00441b4f f   gl_lightmap.obj
 0001:00040b76       ?LM_Save@OpenGLDrv@@YAXPAUlightmapBlock_t@1@@Z 00441b76 f   gl_lightmap.obj
 0001:00040b8e       ?LM_Restore@OpenGLDrv@@YAXPAUlightmapBlock_t@1@@Z 00441b8e f   gl_lightmap.obj
 0001:00040ba6       ?LM_NewBlock@OpenGLDrv@@YAPAUlightmapBlock_t@1@XZ 00441ba6 f   gl_lightmap.obj
 0001:00040c16       ?LM_Rewind@OpenGLDrv@@YAXXZ 00441c16 f   gl_lightmap.obj
 0001:00040c1e       ?LM_NextBlock@OpenGLDrv@@YAPAUlightmapBlock_t@1@XZ 00441c1e f   gl_lightmap.obj
 0001:00040c4b       ?LM_CheckMinlight@OpenGLDrv@@YAXPAUdynamicLightmap_t@1@@Z 00441c4b f   gl_lightmap.obj
 0001:00040ce1       ?LM_AllocBlock@OpenGLDrv@@YA_NPAUlightmapBlock_t@1@PAUdynamicLightmap_t@1@@Z 00441ce1 f   gl_lightmap.obj
 0001:00040d98       ?LM_PutBlock@OpenGLDrv@@YAXPAUdynamicLightmap_t@1@@Z 00441d98 f   gl_lightmap.obj
 0001:000411c5       ?LM_SortLightStyles@OpenGLDrv@@YAXPAUdynamicLightmap_t@1@@Z 004421c5 f   gl_lightmap.obj
 0001:00041256       ?UpdateDynamicLightmap@OpenGLDrv@@YAXPAVsurfacePlanar_t@1@_NI@Z 00442256 f   gl_lightmap.obj
 0001:00041758       ?LM_IsMonotone@OpenGLDrv@@YA_NPAUdynamicLightmap_t@1@PATcolor_t@@@Z 00442758 f   gl_lightmap.obj
 0001:0004185f       ?Init@OpenGLDrv@@YA_NXZ    0044285f f   gl_main.obj
 0001:00041ec5       ?Shutdown@OpenGLDrv@@YAX_N@Z 00442ec5 f   gl_main.obj
 0001:00041f4e       ?GL_EnableRendering@OpenGLDrv@@YAX_N@Z 00442f4e f   gl_main.obj
 0001:00041f69       ?BeginFrame@OpenGLDrv@@YAXXZ 00442f69 f   gl_main.obj
 0001:00042083       ?EndFrame@OpenGLDrv@@YAXXZ 00443083 f   gl_main.obj
 0001:0004209b       ?RenderFrame@OpenGLDrv@@YAXPAUrefdef_t@@@Z 0044309b f   gl_main.obj
 0001:000428c4       ?Fill8@OpenGLDrv@@YAXHHHHH@Z 004438c4 f   gl_main.obj
 0001:00042907       ?Fill@OpenGLDrv@@YAXHHHHI@Z 00443907 f   gl_main.obj
 0001:00042943       ?TileClear@OpenGLDrv@@YAXHHHHPBD@Z 00443943 f   gl_main.obj
 0001:000429fa       ?DrawStretchPic@OpenGLDrv@@YAXHHHHPBD@Z 004439fa f   gl_main.obj
 0001:00042a77       ?DrawDetailedPic@OpenGLDrv@@YAXHHHHPBD@Z 00443a77 f   gl_main.obj
 0001:00042b1e       ?DrawPic@OpenGLDrv@@YAXHHPBDHH@Z 00443b1e f   gl_main.obj
 0001:00042ba3       ?BeginRegistration@OpenGLDrv@@YAXPBD@Z 00443ba3 f   gl_main.obj
 0001:00042bc7       ?RegisterPic@OpenGLDrv@@YAPAVCBasicImage@@PBD@Z 00443bc7 f   gl_main.obj
 0001:00042bd5       ?RegisterSkin@OpenGLDrv@@YAPAVCBasicImage@@PBD@Z 00443bd5 f   gl_main.obj
 0001:00042be0       ?RegisterModel@OpenGLDrv@@YAPAVCRenderModel@@PBD@Z 00443be0 f   gl_main.obj
 0001:00042bf4       ?SetSky@OpenGLDrv@@YAXPBDMABUCVec3@@@Z 00443bf4 f   gl_main.obj
 0001:00042c9a       ?Screenshot@OpenGLDrv@@YAXHPBD@Z 00443c9a f   gl_main.obj
 0001:00042cbd       ?GetClientLight@OpenGLDrv@@YAMXZ 00443cbd f   gl_main.obj
 0001:00042cc4       ?GetCaps@OpenGLDrv@@YAIXZ  00443cc4 f   gl_main.obj
 0001:00042cca       ?InitFuncTables@OpenGLDrv@@YAXXZ 00443cca f   gl_math.obj
 0001:00042e7b       ?BuildRotationAxis@OpenGLDrv@@YAXAAUCAxis@@ABUCVec3@@M@Z 00443e7b f   gl_math.obj
 0001:00042f72       ?GetBoxRect@OpenGLDrv@@YA_NPBUrefEntity_t@1@ABUCVec3@@QAM2_N@Z 00443f72 f   gl_math.obj
 0001:0004327c       ?ProjectToScreen@OpenGLDrv@@YA_NABUCVec3@@QAH@Z 0044427c f   gl_math.obj
 0001:000433bf       ?SaturateColor3f@OpenGLDrv@@YAXAAUCVec3@@@Z 004443bf f   gl_math.obj
 0001:000434af       ?SaturateColor4b@OpenGLDrv@@YAXPATcolor_t@@@Z 004444af f   gl_math.obj
 0001:000435bd       ?FindModel@OpenGLDrv@@YAPAVmodel_t@1@PBD@Z 004445bd f   gl_model.obj
 0001:0004370b       ?LoadWorldMap@OpenGLDrv@@YAXPBD@Z 0044470b f   gl_model.obj
 0001:00045211       ?PointInLeaf@OpenGLDrv@@YAPAUnode_t@1@ABUCVec3@@@Z 00446211 f   gl_model.obj
 0001:00045d9b       ?ATAN2_FUNC@OpenGLDrv@@YAMMM@Z 00446d9b f i gl_model.obj
 0001:000463e0       ?FindSkin@OpenGLDrv@@YAPAVshader_t@1@PBD@Z 004473e0 f   gl_model.obj
 0001:000465b8       ?InitModels@OpenGLDrv@@YAXXZ 004475b8 f   gl_model.obj
 0001:000466ae       ?ShutdownModels@OpenGLDrv@@YAXXZ 004476ae f   gl_model.obj
 0001:000466bf       ?CALL_CONSTRUCTOR@@YAXPAVinlineModel_t@OpenGLDrv@@@Z 004476bf f i gl_model.obj
 0001:000466d5       ?CALL_CONSTRUCTOR@@YAXPAVmd3Model_t@OpenGLDrv@@@Z 004476d5 f i gl_model.obj
 0001:000466eb       ?CALL_CONSTRUCTOR@@YAXPAVsp2Model_t@OpenGLDrv@@@Z 004476eb f i gl_model.obj
 0001:00046701       ?SubdividePlane@OpenGLDrv@@YAHPAPAUCVec3@@HM@Z 00447701 f   gl_poly.obj
 0001:00046b50       ?FreeSubdividedPlane@OpenGLDrv@@YAXXZ 00447b50 f   gl_poly.obj
 0001:00046b68       ?GetSubdivideIndexes@OpenGLDrv@@YAXPAH@Z 00447b68 f   gl_poly.obj
 0001:00046bbb       ?RemoveCollinearPoints@OpenGLDrv@@YAHPAPAUCVec3@@H@Z 00447bbb f   gl_poly.obj
 0001:00046cb6       ?GetPolyArea@OpenGLDrv@@YAMPAPAUCVec3@@H@Z 00447cb6 f   gl_poly.obj
 0001:00046d4a       ?InitShaders@OpenGLDrv@@YAXXZ 00447d4a f   gl_shader.obj
 0001:00046ea1       ?ShutdownShaders@OpenGLDrv@@YAXXZ 00447ea1 f   gl_shader.obj
 0001:00046edb       ?GetLightmapImage@OpenGLDrv@@YAPAVimage_t@1@H@Z 00447edb f   gl_shader.obj
 0001:00046f03       ?SetShaderLightmap@OpenGLDrv@@YAPAVshader_t@1@PAV21@H@Z 00447f03 f   gl_shader.obj
 0001:00047228       ??4shader_t@OpenGLDrv@@QAEAAV01@ABV01@@Z 00448228 f i gl_shader.obj
 0001:0004735a       ??4CBasicImage@@QAEAAV0@ABV0@@Z 0044835a f i gl_shader.obj
 0001:00047462       ?SetShaderLightstyles@OpenGLDrv@@YAPAVshader_t@1@PAV21@I@Z 00448462 f   gl_shader.obj
 0001:00047500       ?GetAlphaShader@OpenGLDrv@@YAPAVshader_t@1@PAV21@@Z 00448500 f   gl_shader.obj
 0001:000477c3       ?FindShader@OpenGLDrv@@YAPAVshader_t@1@PBDI@Z 004487c3 f   gl_shader.obj
 0001:00047ddc       ?GetShaderByNum@OpenGLDrv@@YAPAVshader_t@1@H@Z 00448ddc f   gl_shader.obj
 0001:00047dfa       ?ResetShaders@OpenGLDrv@@YAXXZ 00448dfa f   gl_shader.obj
 0001:000482cc       ?Reload@shader_t@OpenGLDrv@@UAEXXZ 004492cc f   gl_shader.obj
 0001:000482f7       ?ClearSkyBox@OpenGLDrv@@YAXXZ 004492f7 f   gl_sky.obj
 0001:0004830e       ?SetSkyRotate@OpenGLDrv@@YAXMABUCVec3@@@Z 0044930e f   gl_sky.obj
 0001:00048346       ?SkyVisible@OpenGLDrv@@YA_NXZ 00449346 f   gl_sky.obj
 0001:0004835f       ?AddSkySurface@OpenGLDrv@@YAXPAVsurfacePlanar_t@1@ABUCVec3@@E@Z 0044935f f   gl_sky.obj
 0001:000488fa       ?TesselateSkySide@OpenGLDrv@@YAHHPAUbufVertex_t@1@PAUbufTexCoord_t@1@M@Z 004498fa f   gl_sky.obj
 0001:00048bbf       ?DrawChar@OpenGLDrv@@YAXHHHH@Z 00449bbf f   gl_text.obj
 0001:00048bec       ?DrawConChar@OpenGLDrv@@YAXHHHH@Z 00449bec f   gl_text.obj
 0001:00048c21       ?ClearTexts@OpenGLDrv@@YAXXZ 00449c21 f   gl_text.obj
 0001:00048c36       ?FlushTexts@OpenGLDrv@@YAXXZ 00449c36 f   gl_text.obj
 0001:00048cc8       ?DrawTextPos@OpenGLDrv@@YAXHHPBDI@Z 00449cc8 f   gl_text.obj
 0001:00048daf       ?DrawTextLeft@OpenGLDrv@@YAXPBDI@Z 00449daf f   gl_text.obj
 0001:00048e36       ?DrawTextRight@OpenGLDrv@@YAXPBDI@Z 00449e36 f   gl_text.obj
 0001:00048e80       ?DrawText3D@OpenGLDrv@@YAXABUCVec3@@PBDI@Z 00449e80 f   gl_text.obj
 0001:00048ead       ?InitTexts@OpenGLDrv@@YAXXZ 00449ead f   gl_text.obj
 0001:0004a4bc       ?QGL_Init@OpenGLDrv@@YA_NPBD@Z 0044b4bc f   qgl_win.obj
 0001:0004a59e       ?QGL_Shutdown@OpenGLDrv@@YAXXZ 0044b59e f   qgl_win.obj
 0001:0004a5dc       ?QGL_InitExtensions@OpenGLDrv@@YAXXZ 0044b5dc f   qgl_win.obj
 0001:0004aac8       ?QGL_PrintExtensionsString@OpenGLDrv@@YAXPBD00@Z 0044bac8 f   qgl_win.obj
 0001:0004ac15       ?QGL_EnableLogging@OpenGLDrv@@YAX_N@Z 0044bc15 f   qgl_win.obj
 0001:0004accf       ?QGL_LogMessage@OpenGLDrv@@YAXPBD@Z 0044bccf f   qgl_win.obj
 0001:0004ace6       ?QGL_SwapBuffers@OpenGLDrv@@YAXXZ 0044bce6 f   qgl_win.obj
 0001:0004ad3d       ?GLimp_HasGamma@OpenGLDrv@@YA_NXZ 0044bd3d f   gl_win.obj
 0001:0004ad51       ?GLimp_SetGamma@OpenGLDrv@@YAXM@Z 0044bd51 f   gl_win.obj
 0001:0004aef9       ?GLimp_SetMode@OpenGLDrv@@YA_NPAI0H_N@Z 0044bef9 f   gl_win.obj
 0001:0004b2ef       ?GLimp_Shutdown@OpenGLDrv@@YAX_N@Z 0044c2ef f   gl_win.obj
 0001:0004b39c       ?AppActivate@OpenGLDrv@@YAX_N@Z 0044c39c f   gl_win.obj
 0001:0004b40c       _jpeg_CreateDecompress     0044c40c f   lib:jdapimin.obj
 0001:0004b4cc       _jpeg_read_header          0044c4cc f   lib:jdapimin.obj
 0001:0004b52e       _jpeg_consume_input        0044c52e f   lib:jdapimin.obj
 0001:0004b77d       _jpeg_finish_decompress    0044c77d f   lib:jdapimin.obj
 0001:0004b814       _jpeg_start_decompress     0044c814 f   lib:jdapistd.obj
 0001:0004b981       _jpeg_read_scanlines       0044c981 f   lib:jdapistd.obj
 0001:0004ba05       _jpeg_resync_to_restart    0044ca05 f   lib:jdmarker.obj
 0001:0004bbca       _jinit_marker_reader       0044cbca f   lib:jdmarker.obj
 0001:0004d095       _jpeg_CreateCompress       0044e095 f   lib:jcapimin.obj
 0001:0004d149       _jpeg_destroy_compress     0044e149 f   lib:jcapimin.obj
 0001:0004d149       _jpeg_destroy_decompress   0044e149 f   lib:jcapimin.obj
 0001:0004d154       _jpeg_suppress_tables      0044e154 f   lib:jcapimin.obj
 0001:0004d19e       _jpeg_finish_compress      0044e19e f   lib:jcapimin.obj
 0001:0004d288       _jpeg_start_compress       0044e288 f   lib:jcapistd.obj
 0001:0004d2f4       _jpeg_write_scanlines      0044e2f4 f   lib:jcapistd.obj
 0001:0004d39f       _jpeg_add_quant_table      0044e39f f   lib:jcparam.obj
 0001:0004d451       _jpeg_quality_scaling      0044e451 f   lib:jcparam.obj
 0001:0004d478       _jpeg_set_quality          0044e478 f   lib:jcparam.obj
 0001:0004d4b2       _jpeg_set_defaults         0044e4b2 f   lib:jcparam.obj
 0001:0004d678       _jpeg_default_colorspace   0044e678 f   lib:jcparam.obj
 0001:0004d6c8       _jpeg_set_colorspace       0044e6c8 f   lib:jcparam.obj
 0001:0004d9e3       _jpeg_stdio_dest           0044e9e3 f   lib:jdatadst.obj
 0001:0004dc03       _crc32                     0044ec03 f   lib:crc32.obj
 0001:0004de9d       _inflateReset              0044ee9d f   lib:inflate.obj
 0001:0004deeb       _inflateInit2_             0044eeeb f   lib:inflate.obj
 0001:0004dfa4       _inflate                   0044efa4 f   lib:inflate.obj
 0001:0004f279       _inflateEnd                00450279 f   lib:inflate.obj
 0001:0004f2b7       _jinit_input_controller    004502b7 f   lib:jdinput.obj
 0001:0004f79a       _jinit_memory_mgr          0045079a f   lib:jmemmgr.obj
 0001:000502d6       _jpeg_abort                004512d6 f   lib:jcomapi.obj
 0001:00050309       _jpeg_destroy              00451309 f   lib:jcomapi.obj
 0001:00050324       _jpeg_alloc_quant_table    00451324 f   lib:jcomapi.obj
 0001:00050340       _jpeg_alloc_huff_table     00451340 f   lib:jcomapi.obj
 0001:0005035c       _jpeg_calc_output_dimensions 0045135c f   lib:jdmaster.obj
 0001:0005045c       _jinit_master_decompress   0045145c f   lib:jdmaster.obj
 0001:000507b2       _jdiv_round_up             004517b2 f   lib:jutils.obj
 0001:000507c2       _jround_up                 004517c2 f   lib:jutils.obj
 0001:000507da       _jcopy_sample_rows         004517da f   lib:jutils.obj
 0001:00050818       _jcopy_block_row           00451818 f   lib:jutils.obj
 0001:00050831       _jzero_far                 00451831 f   lib:jutils.obj
 0001:00050844       _jinit_marker_writer       00451844 f   lib:jcmarker.obj
 0001:00051120       _jinit_compress_master     00452120 f   lib:jcinit.obj
 0001:00051179       _inflate_fast              00452179 f   lib:inffast.obj
 0001:0005152e       _inflate_table             0045252e f   lib:inftrees.obj
 0001:000518e2       _adler32                   004528e2 f   lib:adler32.obj
 0001:000519fb       _jinit_c_codec             004529fb f   lib:jcodec.obj
 0001:00051a17       _jinit_d_codec             00452a17 f   lib:jcodec.obj
 0001:00051a33       _jpeg_get_large            00452a33 f   lib:jmemnobs.obj
 0001:00051a33       _jpeg_get_small            00452a33 f   lib:jmemnobs.obj
 0001:00051a3f       _jpeg_free_small           00452a3f f   lib:jmemnobs.obj
 0001:00051a3f       _jpeg_free_large           00452a3f f   lib:jmemnobs.obj
 0001:00051a4b       _jpeg_mem_available        00452a4b f   lib:jmemnobs.obj
 0001:00051a50       _jpeg_open_backing_store   00452a50 f   lib:jmemnobs.obj
 0001:00051a64       _jpeg_mem_init             00452a64 f   lib:jmemnobs.obj
 0001:00051a64       __matherr                  00452a64 f   lib:jmemnobs.obj
 0001:00051a67       _jinit_d_main_controller   00452a67 f   lib:jdmainct.obj
 0001:000520b2       _jinit_d_post_controller   004530b2 f   lib:jdpostct.obj
 0001:0005235d       _jinit_upsampler           0045335d f   lib:jdsample.obj
 0001:0005299b       _jinit_color_deconverter   0045399b f   lib:jdcolor.obj
 0001:00052eb1       _jinit_merged_upsampler    00453eb1 f   lib:jdmerge.obj
 0001:00053401       _jinit_2pass_quantizer     00454401 f   lib:jquant2.obj
 0001:000544c4       _jinit_1pass_quantizer     004554c4 f   lib:jquant1.obj
 0001:00054eeb       _jinit_c_main_controller   00455eeb f   lib:jcmainct.obj
 0001:00055058       _jinit_c_prep_controller   00456058 f   lib:jcprepct.obj
 0001:000555a3       _jinit_downsampler         004565a3 f   lib:jcsample.obj
 0001:00055e23       _jinit_color_converter     00456e23 f   lib:jccolor.obj
 0001:0005640d       _jinit_c_master_control    0045740d f   lib:jcmaster.obj
 0001:00056efc       _jinit_lossy_c_codec       00457efc f   lib:jclossy.obj
 0001:00056f97       _jinit_lossless_c_codec    00457f97 f   lib:jclossls.obj
 0001:0005702f       _jinit_lossy_d_codec       0045802f f   lib:jdlossy.obj
 0001:00057302       _jinit_lossless_d_codec    00458302 f   lib:jdlossls.obj
 0001:000573b2       _jinit_c_coef_controller   004583b2 f   lib:jccoefct.obj
 0001:00057a93       _jinit_shuff_encoder       00458a93 f   lib:jcshuff.obj
 0001:000582fe       _jinit_phuff_encoder       004592fe f   lib:jcphuff.obj
 0001:00058da3       _jinit_forward_dct         00459da3 f   lib:jcdctmgr.obj
 0001:00059072       _jinit_c_diff_controller   0045a072 f   lib:jcdiffct.obj
 0001:00059596       _jinit_lhuff_encoder       0045a596 f   lib:jclhuff.obj
 0001:00059cc0       _jinit_differencer         0045acc0 f   lib:jcpred.obj
 0001:0005a1da       _jinit_c_scaler            0045b1da f   lib:jcscale.obj
 0001:0005a250       _jinit_d_coef_controller   0045b250 f   lib:jdcoefct.obj
 0001:0005af2c       _jinit_shuff_decoder       0045bf2c f   lib:jdshuff.obj
 0001:0005b4c1       _jinit_phuff_decoder       0045c4c1 f   lib:jdphuff.obj
 0001:0005c05e       _jinit_inverse_dct         0045d05e f   lib:jddctmgr.obj
 0001:0005c242       _jinit_d_diff_controller   0045d242 f   lib:jddiffct.obj
 0001:0005c770       _jinit_d_scaler            0045d770 f   lib:jdscale.obj
 0001:0005c86f       _jinit_undifferencer       0045d86f f   lib:jdpred.obj
 0001:0005cc29       _jinit_lhuff_decoder       0045dc29 f   lib:jdlhuff.obj
 0001:0005d01e       _jpeg_make_c_derived_tbl   0045e01e f   lib:jchuff.obj
 0001:0005d220       _jpeg_gen_optimal_table    0045e220 f   lib:jchuff.obj
 0001:0005d3df       _jpeg_fdct_float           0045e3df f   lib:jfdctflt.obj
 0001:0005d5e4       _jpeg_make_d_derived_tbl   0045e5e4 f   lib:jdhuff.obj
 0001:0005d881       _jpeg_fill_bit_buffer      0045e881 f   lib:jdhuff.obj
 0001:0005d990       _jpeg_huff_decode          0045e990 f   lib:jdhuff.obj
 0001:0005da70       _jpeg_idct_4x4             0045ea70 f   lib:jidctred.obj
 0001:0005dd5e       _jpeg_idct_2x2             0045ed5e f   lib:jidctred.obj
 0001:0005df20       _jpeg_idct_1x1             0045ef20 f   lib:jidctred.obj
 0001:0005df5c       _jpeg_idct_float           0045ef5c f   lib:jidctflt.obj
 0001:0005e330       __except_handler3          0045f330 f   MSVCRT:MSVCRT.dll
 0001:0005e340       __alloca_probe             0045f340 f   MSVCRT:chkstk.obj
 0001:0005e340       __chkstk                   0045f340 f   MSVCRT:chkstk.obj
 0001:0005e36f       ??_Gtype_info@@UAEPAXI@Z   0045f36f f i MSVCRT:ti_inst.obj
 0001:0005e36f       ??_Etype_info@@UAEPAXI@Z   0045f36f f i MSVCRT:ti_inst.obj
 0001:0005e38c       __CxxThrowException@8      0045f38c f   MSVCRT:MSVCRT.dll
 0001:0005e392       _strcpy                    0045f392 f   MSVCRT:MSVCRT.dll
 0001:0005e398       _strlen                    0045f398 f   MSVCRT:MSVCRT.dll
 0001:0005e39e       _strcmp                    0045f39e f   MSVCRT:MSVCRT.dll
 0001:0005e3a4       _sin                       0045f3a4 f   MSVCRT:MSVCRT.dll
 0001:0005e3aa       _tan                       0045f3aa f   MSVCRT:MSVCRT.dll
 0001:0005e3b0       _cos                       0045f3b0 f   MSVCRT:MSVCRT.dll
 0001:0005e3b6       _strcat                    0045f3b6 f   MSVCRT:MSVCRT.dll
 0001:0005e3bc       _fmod                      0045f3bc f   MSVCRT:MSVCRT.dll
 0001:0005e3c2       _atan2                     0045f3c2 f   MSVCRT:MSVCRT.dll
 0001:0005e3c8       _acos                      0045f3c8 f   MSVCRT:MSVCRT.dll
 0001:0005e3ce       _sqrt                      0045f3ce f   MSVCRT:MSVCRT.dll
 0001:0005e3d4       _atan                      0045f3d4 f   MSVCRT:MSVCRT.dll
 0001:0005e3da       _memcpy                    0045f3da f   MSVCRT:MSVCRT.dll
 0001:0005e3e0       _memset                    0045f3e0 f   MSVCRT:MSVCRT.dll
 0001:0005e3e6       _pow                       0045f3e6 f   MSVCRT:MSVCRT.dll
 0001:0005e3ec       _asin                      0045f3ec f   MSVCRT:MSVCRT.dll
 0001:0005e3f2       __purecall                 0045f3f2 f   MSVCRT:MSVCRT.dll
 0001:0005e3f8       _WinMainCRTStartup         0045f3f8 f   MSVCRT:crtexew.obj
 0001:0005e556       __ftol                     0045f556 f   MSVCRT:MSVCRT.dll
 0001:0005e55c       ??1type_info@@UAE@XZ       0045f55c f   MSVCRT:MSVCRT.dll
 0001:0005e562       __XcptFilter               0045f562 f   MSVCRT:MSVCRT.dll
 0001:0005e568       __initterm                 0045f568 f   MSVCRT:MSVCRT.dll
 0001:0005e56e       __setdefaultprecision      0045f56e f   MSVCRT:fp8.obj
 0001:0005e580       ?EndRegistration@OpenGLDrv@@YAXXZ 0045f580 f   MSVCRT:dllargv.obj
 0001:0005e580       __setargv                  0045f580 f   MSVCRT:dllargv.obj
 0001:0005e580       _jpeg_mem_term             0045f580 f   MSVCRT:dllargv.obj
[...]
 0001:0005c3e0       _start_iMCU_row            0045d3e0 f   lib:jddiffct.obj
 0001:0005c425       _start_output_pass         0045d425 f   lib:jddiffct.obj
 0001:0005c431       _decompress_data           0045d431 f   lib:jddiffct.obj
 0001:0005c5a1       _process_restart           0045d5a1 f   lib:jddiffct.obj
 0001:0005a5c1       _dummy_consume_data        0045b5c1 f   lib:jdcoefct.obj
 0001:0005c5d6       _consume_data              0045d5d6 f   lib:jddiffct.obj
 0001:0005c64d       _output_data               0045d64d f   lib:jddiffct.obj
 0001:0005c0d4       _start_pass                0045d0d4 f   lib:jddctmgr.obj
 0001:0005b526       _start_pass_phuff_decoder  0045c526 f   lib:jdphuff.obj
 0001:0005b76f       _decode_mcu_DC_first       0045c76f f   lib:jdphuff.obj
 0001:0005b967       _process_restart           0045c967 f   lib:jdphuff.obj
 0001:0005b9d6       _decode_mcu_AC_first       0045c9d6 f   lib:jdphuff.obj
 0001:0005bbf6       _decode_mcu_DC_refine      0045cbf6 f   lib:jdphuff.obj
 0001:0005bccb       _decode_mcu_AC_refine      0045cccb f   lib:jdphuff.obj
 0001:0005af6d       _start_pass_huff_decoder   0045bf6d f   lib:jdshuff.obj
 0001:0005b0a5       _decode_mcu                0045c0a5 f   lib:jdshuff.obj
 0001:0005b455       _process_restart           0045c455 f   lib:jdshuff.obj
 0001:0005a353       _start_input_pass          0045b353 f   lib:jdcoefct.obj
 0001:0005a366       _start_iMCU_row            0045b366 f   lib:jdcoefct.obj
 0001:0005a3ab       _start_output_pass         0045b3ab f   lib:jdcoefct.obj
 0001:0005a3e8       _decompress_onepass        0045b3e8 f   lib:jdcoefct.obj
 0001:0005a5c1       _dummy_consume_data        0045b5c1 f   lib:jdcoefct.obj
 0001:0005a5c4       _consume_data              0045b5c4 f   lib:jdcoefct.obj
 0001:0005a77d       _decompress_data           0045b77d f   lib:jdcoefct.obj
 0001:0005a8e9       _smoothing_ok              0045b8e9 f   lib:jdcoefct.obj
 0001:0005a9d4       _decompress_smooth_data    0045b9d4 f   lib:jdcoefct.obj
 0001:0005a1ec       _scaler_start_pass         0045b1ec f   lib:jcscale.obj
 0001:0005a20f       _simple_downscale          0045b20f f   lib:jcscale.obj
 0001:0005a23b       _noscale                   0045b23b f   lib:jcscale.obj
 0001:00059ce4       _start_pass                0045ace4 f   lib:jcpred.obj
 0001:00059d3c       _reset_predictor           0045ad3c f   lib:jcpred.obj
 0001:00059d69       _jpeg_difference_first_row 0045ad69 f   lib:jcpred.obj
 0001:00059e53       _jpeg_difference1          0045ae53 f   lib:jcpred.obj
 0001:00059ec1       _jpeg_difference2          0045aec1 f   lib:jcpred.obj
 0001:00059f32       _jpeg_difference3          0045af32 f   lib:jcpred.obj
 0001:00059faa       _jpeg_difference4          0045afaa f   lib:jcpred.obj
 0001:0005a035       _jpeg_difference5          0045b035 f   lib:jcpred.obj
 0001:0005a0c8       _jpeg_difference6          0045b0c8 f   lib:jcpred.obj
 0001:0005a157       _jpeg_difference7          0045b157 f   lib:jcpred.obj
 0001:000595d6       _start_pass_huff           0045a5d6 f   lib:jclhuff.obj
 0001:00059773       _encode_mcus_huff          0045a773 f   lib:jclhuff.obj
 0001:0005995e       _emit_bits                 0045a95e f   lib:jclhuff.obj
 0001:00059a01       _dump_buffer               0045aa01 f   lib:jclhuff.obj
 0001:00059a25       _emit_restart              0045aa25 f   lib:jclhuff.obj
 0001:00059a70       _flush_bits                0045aa70 f   lib:jclhuff.obj
 0001:00059a94       _finish_pass_huff          0045aa94 f   lib:jclhuff.obj
 0001:00059b01       _encode_mcus_gather        0045ab01 f   lib:jclhuff.obj
 0001:00059c2a       _finish_pass_gather        0045ac2a f   lib:jclhuff.obj
 0001:000582fb       _need_optimization_pass    004592fb f   lib:jcshuff.obj
 0001:000591f6       _start_pass_diff           0045a1f6 f   lib:jcdiffct.obj
 0001:000574fc       _start_iMCU_row            004584fc f   lib:jccoefct.obj
 0001:00059294       _compress_data             0045a294 f   lib:jcdiffct.obj
 0001:0005942a       _compress_first_pass       0045a42a f   lib:jcdiffct.obj
 0001:0005951f       _compress_output           0045a51f f   lib:jcdiffct.obj
 0001:00058e09       _start_pass_fdctmgr        00459e09 f   lib:jcdctmgr.obj
 0001:00058f0b       _forward_DCT_float         00459f0b f   lib:jcdctmgr.obj
 0001:0005833e       _start_pass_phuff          0045933e f   lib:jcphuff.obj
 0001:000584ab       _encode_mcu_DC_first       004594ab f   lib:jcphuff.obj
 0001:000585dd       _emit_bits                 004595dd f   lib:jcphuff.obj
 0001:00058688       _dump_buffer               00459688 f   lib:jcphuff.obj
 0001:000586c0       _emit_symbol               004596c0 f   lib:jcphuff.obj
 0001:00058700       _emit_restart              00459700 f   lib:jcphuff.obj
 0001:00058789       _emit_eobrun               00459789 f   lib:jcphuff.obj
 0001:0005880f       _encode_mcu_AC_first       0045980f f   lib:jcphuff.obj
 0001:000589a3       _encode_mcu_DC_refine      004599a3 f   lib:jcphuff.obj
 0001:00058a5d       _encode_mcu_AC_refine      00459a5d f   lib:jcphuff.obj
 0001:00058c74       _finish_pass_phuff         00459c74 f   lib:jcphuff.obj
 0001:00058cc3       _finish_pass_gather_phuff  00459cc3 f   lib:jcphuff.obj
 0001:00058d86       _need_optimization_pass    00459d86 f   lib:jcphuff.obj
 0001:00057ad6       _start_pass_huff           00458ad6 f   lib:jcshuff.obj
 0001:00057c4b       _encode_mcu_huff           00458c4b f   lib:jcshuff.obj
 0001:00057d56       _encode_one_block          00458d56 f   lib:jcshuff.obj
 0001:00057ecd       _emit_bits                 00458ecd f   lib:jcshuff.obj
 0001:00057f70       _dump_buffer               00458f70 f   lib:jcshuff.obj
 0001:00057f94       _emit_restart              00458f94 f   lib:jcshuff.obj
 0001:00058001       _flush_bits                00459001 f   lib:jcshuff.obj
 0001:00058025       _finish_pass_huff          00459025 f   lib:jcshuff.obj
 0001:00058094       _encode_mcu_gather         00459094 f   lib:jcshuff.obj
 0001:0005814a       _htest_one_block           0045914a f   lib:jcshuff.obj
 0001:00058211       _finish_pass_gather        00459211 f   lib:jcshuff.obj
 0001:000582fb       _need_optimization_pass    004592fb f   lib:jcshuff.obj
 0001:00057467       _start_pass_coef           00458467 f   lib:jccoefct.obj
 0001:000574fc       _start_iMCU_row            004584fc f   lib:jccoefct.obj
 0001:0005753e       _compress_data             0045853e f   lib:jccoefct.obj
 0001:00057725       _compress_first_pass       00458725 f   lib:jccoefct.obj
 0001:0005790b       _compress_output           0045890b f   lib:jccoefct.obj
 0001:0005737f       _calc_output_dimensions    0045837f f   lib:jdlossls.obj
 0001:00057390       _start_input_pass          00458390 f   lib:jdlossls.obj
 0001:000570be       _calc_output_dimensions    004580be f   lib:jdlossy.obj
 0001:00057231       _start_input_pass          00458231 f   lib:jdlossy.obj
 0001:00057251       _latch_quant_tables        00458251 f   lib:jdlossy.obj
 0001:000572e9       _start_output_pass         004582e9 f   lib:jdlossy.obj
 0001:0005700d       _start_pass                0045800d f   lib:jclossls.obj
 0001:00056f79       _start_pass                00457f79 f   lib:jclossy.obj
 0001:000564ce       _initial_setup             004574ce f   lib:jcmaster.obj
 0001:00056681       _validate_script           00457681 f   lib:jcmaster.obj
 0001:00056a59       _prepare_for_pass          00457a59 f   lib:jcmaster.obj
 0001:00056bd1       _select_scan_parameters    00457bd1 f   lib:jcmaster.obj
 0001:00056cd2       _per_scan_setup            00457cd2 f   lib:jcmaster.obj
 0001:00056e7d       _pass_startup              00457e7d f   lib:jcmaster.obj
 0001:00056ea4       _finish_pass_master        00457ea4 f   lib:jcmaster.obj
 0001:00055fba       _rgb_ycc_start             00456fba f   lib:jccolor.obj
 0001:0005607e       _rgb_ycc_convert           0045707e f   lib:jccolor.obj
 0001:0005617d       _rgb_gray_convert          0045717d f   lib:jccolor.obj
 0001:00056202       _cmyk_ycck_convert         00457202 f   lib:jccolor.obj
 0001:0005633a       _grayscale_convert         0045733a f   lib:jccolor.obj
 0001:00056394       _null_convert              00457394 f   lib:jccolor.obj
 0001:00054ed6       _null_method               00455ed6 f   lib:jquant1.obj
 0001:00054ed6       _start_pass_downsample     00455ed6 f   lib:jquant1.obj
 0001:00055706       _sep_downsample            00456706 f   lib:jcsample.obj
 0001:0005577b       _int_downsample            0045677b f   lib:jcsample.obj
 0001:00055873       _expand_right_edge         00456873 f   lib:jcsample.obj
 0001:000558c8       _fullsize_downsample       004568c8 f   lib:jcsample.obj
 0001:0005590c       _h2v1_downsample           0045690c f   lib:jcsample.obj
 0001:000559a0       _h2v2_downsample           004569a0 f   lib:jcsample.obj
 0001:00055a4d       _h2v2_smooth_downsample    00456a4d f   lib:jcsample.obj
 0001:00055cc5       _fullsize_smooth_downsample 00456cc5 f   lib:jcsample.obj
 0001:00055102       _start_pass_prep           00456102 f   lib:jcprepct.obj
 0001:00055140       _pre_process_data          00456140 f   lib:jcprepct.obj
 0001:000552ee       _pre_process_context       004562ee f   lib:jcprepct.obj
 0001:000554a7       _create_context_buffer     004564a7 f   lib:jcprepct.obj
 0001:00054f7a       _start_pass_main           00455f7a f   lib:jcmainct.obj
 0001:00054fbc       _process_data_simple_main  00455fbc f   lib:jcmainct.obj
 0001:0005454f       _create_colormap           0045554f f   lib:jquant1.obj
 0001:00054681       _select_ncolors            00455681 f   lib:jquant1.obj
 0001:00054758       _create_colorindex         00455758 f   lib:jquant1.obj
 0001:00054884       _alloc_fs_workspace        00455884 f   lib:jquant1.obj
 0001:000548c0       _start_pass_1_quant        004558c0 f   lib:jquant1.obj
 0001:0005498c       _create_odither_tables     0045598c f   lib:jquant1.obj
 0001:000549eb       _make_odither_array        004559eb f   lib:jquant1.obj
 0001:00054a4e       _color_quantize            00455a4e f   lib:jquant1.obj
 0001:00054ad9       _color_quantize3           00455ad9 f   lib:jquant1.obj
 0001:00054b67       _quantize_ord_dither       00455b67 f   lib:jquant1.obj
 0001:00054c52       _quantize3_ord_dither      00455c52 f   lib:jquant1.obj
 0001:00054d52       _quantize_fs_dither        00455d52 f   lib:jquant1.obj
 0001:00054ed6       _finish_pass_1_quant       00455ed6 f   lib:jquant1.obj
 0001:00054ed7       _new_color_map_1_quant     00455ed7 f   lib:jquant1.obj
 0001:00053510       _init_error_limit          00454510 f   lib:jquant2.obj
 0001:000535af       _start_pass_2_quant        004545af f   lib:jquant2.obj
 0001:000536b1       _prescan_quantize          004546b1 f   lib:jquant2.obj
 0001:00053720       _pass2_no_dither           00454720 f   lib:jquant2.obj
 0001:000537cd       _fill_inverse_cmap         004547cd f   lib:jquant2.obj
 0001:00053898       _find_nearby_colors        00454898 f   lib:jquant2.obj
 0001:00053a3c       _find_best_colors          00454a3c f   lib:jquant2.obj
 0001:00053b56       _pass2_fs_dither           00454b56 f   lib:jquant2.obj
 0001:00053dc5       _finish_pass1              00454dc5 f   lib:jquant2.obj
 0001:00053de7       _select_colors             00454de7 f   lib:jquant2.obj
 0001:00053e73       _update_box                00454e73 f   lib:jquant2.obj
 0001:0005420d       _median_cut                0045520d f   lib:jquant2.obj
 0001:00054321       _find_biggest_color_pop    00455321 f   lib:jquant2.obj
 0001:00054350       _find_biggest_volume       00455350 f   lib:jquant2.obj
 0001:00054379       _compute_color             00455379 f   lib:jquant2.obj
 0001:00054ed6       _finish_pass2              00455ed6 f   lib:jquant1.obj
 0001:000544b5       _new_color_map_2_quant     004554b5 f   lib:jquant2.obj
 0001:00052f27       _build_ycc_rgb_table       00453f27 f   lib:jdmerge.obj
 0001:00052fd7       _start_pass_merged_upsample 00453fd7 f   lib:jdmerge.obj
 0001:00052fec       _merged_2v_upsample        00453fec f   lib:jdmerge.obj
 0001:00053093       _merged_1v_upsample        00454093 f   lib:jdmerge.obj
 0001:000530c4       _h2v1_merged_upsample      004540c4 f   lib:jdmerge.obj
 0001:0005321a       _h2v2_merged_upsample      0045421a f   lib:jdmerge.obj
 0001:00052acb       _build_ycc_rgb_table       00453acb f   lib:jdcolor.obj
 0001:00052b7b       _ycc_rgb_convert           00453b7b f   lib:jdcolor.obj
 0001:00052c89       _null_convert              00453c89 f   lib:jdcolor.obj
 0001:00052d01       _grayscale_convert         00453d01 f   lib:jdcolor.obj
 0001:00052d24       _gray_rgb_convert          00453d24 f   lib:jdcolor.obj
 0001:00052d7d       _ycck_cmyk_convert         00453d7d f   lib:jdcolor.obj
 0001:00054ed6       _start_pass_dcolor         00455ed6 f   lib:jquant1.obj
 0001:0005252c       _start_pass_upsample       0045352c f   lib:jdsample.obj
 0001:00052546       _sep_upsample              00453546 f   lib:jdsample.obj
 0001:00052613       _fullsize_upsample         00453613 f   lib:jdsample.obj
 0001:0005261e       _noop_upsample             0045361e f   lib:jdsample.obj
 0001:00052626       _int_upsample              00453626 f   lib:jdsample.obj
 0001:00052710       _h2v1_upsample             00453710 f   lib:jdsample.obj
 0001:00052767       _h2v2_upsample             00453767 f   lib:jdsample.obj
 0001:000527d9       _h2v1_fancy_upsample       004537d9 f   lib:jdsample.obj
 0001:0005287c       _h2v2_fancy_upsample       0045387c f   lib:jdsample.obj
 0001:00052135       _start_pass_dpost          00453135 f   lib:jdpostct.obj
 0001:000521db       _post_process_1pass        004531db f   lib:jdpostct.obj
 0001:00052240       _post_process_prepass      00453240 f   lib:jdpostct.obj
 0001:000522d1       _post_process_2pass        004532d1 f   lib:jdpostct.obj
 0001:00051b3c       _alloc_funny_pointers      00452b3c f   lib:jdmainct.obj
 0001:00051be9       _start_pass_main           00452be9 f   lib:jdmainct.obj
 0001:00051c51       _make_funny_pointers       00452c51 f   lib:jdmainct.obj
 0001:00051d91       _process_data_simple_main  00452d91 f   lib:jdmainct.obj
 0001:00051df9       _process_data_context_main 00452df9 f   lib:jdmainct.obj
 0001:00051f0b       _set_wraparound_pointers   00452f0b f   lib:jdmainct.obj
 0001:00051ff5       _set_bottom_pointers       00452ff5 f   lib:jdmainct.obj
 0001:0005208f       _process_data_crank_post   0045308f f   lib:jdmainct.obj
 0001:00050892       _write_marker_header       00451892 f   lib:jcmarker.obj
 0001:000508e8       _emit_byte                 004518e8 f   lib:jcmarker.obj
 0001:00050919       _write_marker_byte         00451919 f   lib:jcmarker.obj
 0001:00050929       _write_file_header         00451929 f   lib:jcmarker.obj
 0001:00050975       _emit_jfif_app0            00451975 f   lib:jcmarker.obj
 0001:00050a48       _emit_adobe_app14          00451a48 f   lib:jcmarker.obj
 0001:00050aee       _write_frame_header        00451aee f   lib:jcmarker.obj
 0001:00050bcd       _emit_dqt                  00451bcd f   lib:jcmarker.obj
 0001:00050cbc       _emit_sof                  00451cbc f   lib:jcmarker.obj
 0001:00050d98       _write_scan_header         00451d98 f   lib:jcmarker.obj
 0001:00050e58       _emit_dht                  00451e58 f   lib:jcmarker.obj
 0001:00050f31       _emit_dri                  00451f31 f   lib:jcmarker.obj
 0001:00050f80       _emit_sos                  00451f80 f   lib:jcmarker.obj
 0001:0005106e       _write_file_trailer        0045206e f   lib:jcmarker.obj
 0001:0005108e       _write_tables_only         0045208e f   lib:jcmarker.obj
 0001:000503e7       _use_merged_upsample       004513e7 f   lib:jdmaster.obj
 0001:0005048d       _master_selection          0045148d f   lib:jdmaster.obj
 0001:000505ea       _prepare_range_limit_table 004515ea f   lib:jdmaster.obj
 0001:00050670       _prepare_for_output_pass   00451670 f   lib:jdmaster.obj
 0001:00050791       _finish_output_pass        00451791 f   lib:jdmaster.obj
 0001:0004f85e       _alloc_small               0045085e f   lib:jmemmgr.obj
 0001:0004f97c       _alloc_large               0045097c f   lib:jmemmgr.obj
 0001:0004fa2d       _alloc_sarray              00450a2d f   lib:jmemmgr.obj
 0001:0004fac5       _alloc_barray              00450ac5 f   lib:jmemmgr.obj
 0001:0004fb69       _alloc_darray              00450b69 f   lib:jmemmgr.obj
 0001:0004fc14       _request_virt_sarray       00450c14 f   lib:jmemmgr.obj
 0001:0004fc75       _request_virt_barray       00450c75 f   lib:jmemmgr.obj
 0001:0004fcd6       _realize_virt_arrays       00450cd6 f   lib:jmemmgr.obj
 0001:0004fe59       _access_virt_sarray        00450e59 f   lib:jmemmgr.obj
 0001:0004ff79       _do_sarray_io              00450f79 f   lib:jmemmgr.obj
 0001:00050009       _access_virt_barray        00451009 f   lib:jmemmgr.obj
 0001:0005012e       _do_barray_io              0045112e f   lib:jmemmgr.obj
 0001:000501bf       _free_pool                 004511bf f   lib:jmemmgr.obj
 0001:000502a6       _self_destruct             004512a6 f   lib:jmemmgr.obj
 0001:0004f2f8       _start_input_pass          004502f8 f   lib:jdinput.obj
 0001:0004f326       _per_scan_setup            00450326 f   lib:jdinput.obj
 0001:0004f4ac       _finish_input_pass         004504ac f   lib:jdinput.obj
 0001:0004f4bd       _consume_markers           004504bd f   lib:jdinput.obj
 0001:0004f559       _initial_setup             00450559 f   lib:jdinput.obj
 0001:0004f763       _reset_input_controller    00450763 f   lib:jdinput.obj
 0001:0004f0b1       _fixedtables               004500b1 f   lib:inflate.obj
 0001:0004f19b       _updatewindow              0045019b f   lib:inflate.obj
 0001:0004dae3       _make_crc_table            0044eae3 f   lib:crc32.obj
 0001:0004dc30       _crc32_little              0044ec30 f   lib:crc32.obj
 0001:0004da1f       _init_destination          0044ea1f f   lib:jdatadst.obj
 0001:0004da45       _empty_output_buffer       0044ea45 f   lib:jdatadst.obj
 0001:0004da87       _term_destination          0044ea87 f   lib:jdatadst.obj
 0001:0004d5a6       _std_huff_tables           0044e5a6 f   lib:jcparam.obj
 0001:0004d600       _add_huff_table            0044e600 f   lib:jcparam.obj
 0001:0004baf3       _next_marker               0044caf3 f   lib:jdmarker.obj
 0001:0004bc2d       _get_interesting_appn      0044cc2d f   lib:jdmarker.obj
 0001:0004bd58       _examine_app0              0044cd58 f   lib:jdmarker.obj
 0001:0004bf66       _examine_app14             0044cf66 f   lib:jdmarker.obj
 0001:0004c027       _skip_variable             0044d027 f   lib:jdmarker.obj
 0001:0004c0ca       _read_markers              0044d0ca f   lib:jdmarker.obj
 0001:0004c2d2       _get_soi                   0044d2d2 f   lib:jdmarker.obj
 0001:0004c37d       _get_sof                   0044d37d f   lib:jdmarker.obj
 0001:0004c686       _get_sos                   0044d686 f   lib:jdmarker.obj
 0001:0004c974       _get_dht                   0044d974 f   lib:jdmarker.obj
 0001:0004cc15       _get_dqt                   0044dc15 f   lib:jdmarker.obj
 0001:0004ce71       _get_dri                   0044de71 f   lib:jdmarker.obj
 0001:0004cf50       _first_marker              0044df50 f   lib:jdmarker.obj
 0001:0004cfec       _read_restart_marker       0044dfec f   lib:jdmarker.obj
 0001:0004d06a       _reset_marker_reader       0044e06a f   lib:jdmarker.obj
 0001:0004b8d7       _output_pass_setup         0044c8d7 f   lib:jdapistd.obj
 0001:0004b5ca       _default_decompress_parms  0044c5ca f   lib:jdapimin.obj

 128 bytes saved through ICF

