 quake2

 Timestamp is 3f896312 (Sun Oct 12 18:20:02 2003)

 Preferred load address is 00400000

 Start         Length     Name                   Class
 0001:00000000 0006cb90H .text                   CODE
 0002:00000000 00000324H .idata$5                DATA
 0002:00000328 0000195cH .rdata                  DATA
 0002:00001c84 00000078H .idata$2                DATA
 0002:00001cfc 00000014H .idata$3                DATA
 0002:00001d10 00000324H .idata$4                DATA
 0002:00002034 00000a36H .idata$6                DATA
 0002:00002a6a 00000000H .edata                  DATA
 0003:00000000 00000004H .CRT$XCA                DATA
 0003:00000004 00000004H .CRT$XCZ                DATA
 0003:00000008 00000004H .CRT$XIA                DATA
 0003:0000000c 00000004H .CRT$XIZ                DATA
 0003:00000010 000153c4H .data                   DATA
 0003:000153d8 00ab67c0H .bss                    DATA
 0004:00000000 00000130H .rsrc$01                DATA
 0004:00000130 00003f20H .rsrc$02                DATA

  Address         Publics by Value              Rva+Base     Lib:Object

 0001:00000000       _CDAudio_Play2             00401000 f   cd_win.obj
 0001:000001e5       _CDAudio_Play              004011e5 f   cd_win.obj
 0001:000001fc       _CDAudio_Stop              004011fc f   cd_win.obj
 0001:00000241       _CDAudio_Pause             00401241 f   cd_win.obj
 0001:0000029a       _CDAudio_Resume            0040129a f   cd_win.obj
 0001:0000030c       _CDAudio_MessageHandler    0040130c f   cd_win.obj
 0001:000003a3       _CDAudio_Update            004013a3 f   cd_win.obj
 0001:000003da       _CDAudio_Init              004013da f   cd_win.obj
 0001:000007d1       _CDAudio_Shutdown          004017d1 f   cd_win.obj
 0001:00000804       _CDAudio_Activate          00401804 f   cd_win.obj
 0001:00000815       _SCR_StopCinematic         00401815 f   cl_cin.obj
 0001:000008b1       _SCR_FinishCinematic       004018b1 f   cl_cin.obj
 0001:000008f3       _SCR_RunCinematic          004018f3 f   cl_cin.obj
 0001:00000d10       _SCR_DrawCinematic         00401d10 f   cl_cin.obj
 0001:00000db4       _SCR_PlayCinematic         00401db4 f   cl_cin.obj
 0001:00001101       _CL_ParseEntityBits        00402101 f   cl_ents.obj
 0001:00001163       _CL_ParseDelta             00402163 f   cl_ents.obj
 0001:00001502       _CL_DeltaEntity            00402502 f   cl_ents.obj
 0001:0000167f       _CL_ParsePacketEntities    0040267f f   cl_ents.obj
 0001:00001884       _CL_ParsePlayerstate       00402884 f   cl_ents.obj
 0001:00001b92       _CL_FireEntityEvents       00402b92 f   cl_ents.obj
 0001:00001be4       _CL_ParseFrame             00402be4 f   cl_ents.obj
 0001:00001ede       _CL_AddEntityBox           00402ede f   cl_ents.obj
 0001:00001fce       _CL_OffsetThirdPersonView  00402fce f   cl_ents.obj
 0001:00002088       _CL_CalcViewValues         00403088 f   cl_ents.obj
 0001:00002395       _CL_AddEntities            00403395 f   cl_ents.obj
 0001:000031ab       _CL_GetEntitySoundOrigin   004041ab f   cl_ents.obj
 0001:000031e1       _CL_ClearLightStyles       004041e1 f   cl_fx.obj
 0001:00003265       _CL_RunLightStyles         00404265 f   cl_fx.obj
 0001:00003302       _CL_SetLightstyle          00404302 f   cl_fx.obj
 0001:0000336c       _CL_AllocDlight            0040436c f   cl_fx.obj
 0001:000033d9       _CL_AddDLights             004043d9 f   cl_fx.obj
 0001:00003439       _CL_ClearParticles         00404439 f   cl_fx.obj
 0001:000034a3       _CL_AllocParticleTrace     004044a3 f   cl_fx.obj
 0001:00003546       _CL_AllocParticleBeam      00404546 f   cl_fx.obj
 0001:000035b9       _CL_AllocParticle          004045b9 f   cl_fx.obj
 0001:00003607       _CL_UpdateParticles        00404607 f   cl_fx.obj
 0001:00003bab       _CL_MetalSparks            00404bab f   cl_fx.obj
 0001:00003c98       _CL_ParseMuzzleFlash       00404c98 f   cl_fx.obj
 0001:000044d9       _CL_ParseMuzzleFlash2      004054d9 f   cl_fx.obj
 0001:00004bbf       _CL_ParticleEffect         00405bbf f   cl_fx.obj
 0001:00004c8e       _CL_ParticleEffect2        00405c8e f   cl_fx.obj
 0001:00004d59       _CL_ParticleEffect3        00405d59 f   cl_fx.obj
 0001:00004e29       _CL_TeleporterParticles    00405e29 f   cl_fx.obj
 0001:00004ee0       _CL_LogoutEffect           00405ee0 f   cl_fx.obj
 0001:00004fcb       _CL_ItemRespawnParticles   00405fcb f   cl_fx.obj
 0001:0000507a       _CL_ExplosionParticles     0040607a f   cl_fx.obj
 0001:00005124       _CL_BigTeleportParticles   00406124 f   cl_fx.obj
 0001:0000527b       _CL_BlasterParticles       0040627b f   cl_fx.obj
 0001:00005347       _CL_BlasterTrail           00406347 f   cl_fx.obj
 0001:0000543a       _CL_FlagTrail              0040643a f   cl_fx.obj
 0001:0000553a       _CL_DiminishingTrail       0040653a f   cl_fx.obj
 0001:0000579e       _CL_RocketTrail            0040679e f   cl_fx.obj
 0001:000058cb       _CL_RailTrail              004068cb f   cl_fx.obj
 0001:00005af1       _CL_RailTrailExt           00406af1 f   cl_fx.obj
 0001:00005bf3       _CL_IonripperTrail         00406bf3 f   cl_fx.obj
 0001:00005d06       _CL_BubbleTrail            00406d06 f   cl_fx.obj
 0001:00005e24       _CL_FlyParticles           00406e24 f   cl_fx.obj
 0001:00005fc3       _CL_FlyEffect              00406fc3 f   cl_fx.obj
 0001:00006046       _CL_BfgParticles           00407046 f   cl_fx.obj
 0001:00006220       _CL_TrapParticles          00407220 f   cl_fx.obj
 0001:000064a3       _CL_BFGExplosionParticles  004074a3 f   cl_fx.obj
 0001:0000654d       _CL_TeleportParticles      0040754d f   cl_fx.obj
 0001:00006686       _CL_EntityEvent            00407686 f   cl_fx.obj
 0001:00006864       _CL_ClearEffects           00407864 f   cl_fx.obj
 0001:00006882       _IN_CenterView             00407882 f   cl_input.obj
 0001:000068a3       _CL_InitInput              004078a3 f   cl_input.obj
 0001:00006d83       _CL_SendCmd                00407d83 f   cl_input.obj
 0001:0000747e       _CL_ParseInventory         0040847e f   cl_inv.obj
 0001:0000749e       _CL_DrawInventory          0040849e f   cl_inv.obj
 0001:000076f4       _CL_WriteDemoMessage       004086f4 f   cl_main.obj
 0001:00007736       _CL_Stop_f                 00408736 f   cl_main.obj
 0001:00007791       _CL_Record_f               00408791 f   cl_main.obj
 0001:00007a34       _Cmd_ForwardToServer       00408a34 f   cl_main.obj
 0001:00007aa0       _CL_Setenv_f               00408aa0 f   cl_main.obj
 0001:00007b64       _CL_ForwardToServer_f      00408b64 f   cl_main.obj
 0001:00007bb2       _CL_Pause_f                00408bb2 f   cl_main.obj
 0001:00007bf4       _CL_Quit_f                 00408bf4 f   cl_main.obj
 0001:00007bfe       _CL_Drop                   00408bfe f   cl_main.obj
 0001:00007c20       _CL_SendConnectPacket      00408c20 f   cl_main.obj
 0001:00007cf7       _CL_CheckForResend         00408cf7 f   cl_main.obj
 0001:00007dfb       _CL_Connect_f              00408dfb f   cl_main.obj
 0001:00007e7c       _CL_Rcon_f                 00408e7c f   cl_main.obj
 0001:00007f87       _CL_ClearState             00408f87 f   cl_main.obj
 0001:00007fc6       _CL_Disconnect             00408fc6 f   cl_main.obj
 0001:00008108       _CL_Disconnect_f           00409108 f   cl_main.obj
 0001:00008117       _CL_Changing_f             00409117 f   cl_main.obj
 0001:0000813b       _CL_Reconnect_f            0040913b f   cl_main.obj
 0001:000081d7       _CL_PingServers_f          004091d7 f   cl_main.obj
 0001:0000833f       _CL_Skins_f                0040933f f   cl_main.obj
 0001:0000837b       _CL_ConnectionlessPacket   0040937b f   cl_main.obj
 0001:000086d9       _CL_ReadPackets            004096d9 f   cl_main.obj
 0001:000087cd       _CL_FixUpGender            004097cd f   cl_main.obj
 0001:0000887d       _CL_Userinfo_f             0040987d f   cl_main.obj
 0001:00008895       _CL_Snd_Restart_f          00409895 f   cl_main.obj
 0001:000088a4       _CL_RequestNextDownload    004098a4 f   cl_main.obj
 0001:00008ee7       _CL_Precache_f             00409ee7 f   cl_main.obj
 0001:00008fad       _CL_WriteConfiguration     00409fad f   cl_main.obj
 0001:00009068       _CL_WriteConfig_f          0040a068 f   cl_main.obj
 0001:000090c7       _CL_InitLocal              0040a0c7 f   cl_main.obj
 0001:000092e7       _CL_FixCvarCheats          0040a2e7 f   cl_main.obj
 0001:00009338       _CL_Frame                  0040a338 f   cl_main.obj
 0001:0000957a       _CL_Init                   0040a57a f   cl_main.obj
 0001:000095c7       _CL_Shutdown               0040a5c7 f   cl_main.obj
 0001:0000960d       _vectoangles2              0040a60d f   cl_newfx.obj
 0001:0000970f       _CL_Flashlight             0040a70f f   cl_newfx.obj
 0001:00009749       _CL_ColorFlash             0040a749 f   cl_newfx.obj
 0001:00009785       _CL_DebugTrail             0040a785 f   cl_newfx.obj
 0001:00009865       _CL_ForceWall              0040a865 f   cl_newfx.obj
 0001:0000998c       _CL_BubbleTrail2           0040a98c f   cl_newfx.obj
 0001:00009ab6       _CL_Heatbeam               0040aab6 f   cl_newfx.obj
 0001:00009d67       _CL_ParticleSteamEffect    0040ad67 f   cl_newfx.obj
 0001:00009e91       _CL_ParticleSteamEffect2   0040ae91 f   cl_newfx.obj
 0001:00009fc8       _CL_TrackerTrail           0040afc8 f   cl_newfx.obj
 0001:0000a129       _CL_Tracker_Shell          0040b129 f   cl_newfx.obj
 0001:0000a1b2       _CL_MonsterPlasma_Shell    0040b1b2 f   cl_newfx.obj
 0001:0000a238       _CL_Widowbeamout           0040b238 f   cl_newfx.obj
 0001:0000a2f4       _CL_Nukeblast              0040b2f4 f   cl_newfx.obj
 0001:0000a3b0       _CL_WidowSplash            0040b3b0 f   cl_newfx.obj
 0001:0000a478       _CL_TagTrail               0040b478 f   cl_newfx.obj
 0001:0000a578       _CL_ColorExplosionParticles 0040b578 f   cl_newfx.obj
 0001:0000a625       _CL_ParticleSmokeEffect    0040b625 f   cl_newfx.obj
 0001:0000a74d       _CL_BlasterParticles2      0040b74d f   cl_newfx.obj
 0001:0000a81a       _CL_BlasterTrail2          0040b81a f   cl_newfx.obj
 0001:0000a90d       _CL_DownloadFileName       0040b90d f   cl_parse.obj
 0001:0000a94c       _CL_CheckOrDownloadFile    0040b94c f   cl_parse.obj
 0001:0000ab87       _CL_Download_f             0040bb87 f   cl_parse.obj
 0001:0000ac52       _CL_RegisterSounds         0040bc52 f   cl_parse.obj
 0001:0000ac91       _CL_ParseDownload          0040bc91 f   cl_parse.obj
 0001:0000adfe       _CL_ParseServerData        0040bdfe f   cl_parse.obj
 0001:0000af01       _CL_ParseBaseline          0040bf01 f   cl_parse.obj
 0001:0000af49       _CL_LoadClientinfo         0040bf49 f   cl_parse.obj
 0001:0000b233       _CL_ParseClientinfo        0040c233 f   cl_parse.obj
 0001:0000b257       _CL_ParseConfigString      0040c257 f   cl_parse.obj
 0001:0000b3f4       _CL_ParseStartSoundPacket  0040c3f4 f   cl_parse.obj
 0001:0000b4f6       _CL_ParseServerMessage     0040c4f6 f   cl_parse.obj
 0001:0000b7eb       _CL_CheckPredictionError   0040c7eb f   cl_pred.obj
 0001:0000b930       _CL_EntityTrace            0040c930 f   cl_pred.obj
 0001:0000bc14       _CL_Trace                  0040cc14 f   cl_pred.obj
 0001:0000bc4c       _CL_PMpointcontents        0040cc4c f   cl_pred.obj
 0001:0000bd81       _CL_PredictMovement        0040cd81 f   cl_pred.obj
 0001:0000c03c       _CL_AddNetgraph            0040d03c f   cl_scrn.obj
 0001:0000c116       _SCR_DebugGraph            0040d116 f   cl_scrn.obj
 0001:0000c13e       _SCR_DrawDebugGraph        0040d13e f   cl_scrn.obj
 0001:0000c238       _SCR_CenterPrint           0040d238 f   cl_scrn.obj
 0001:0000c33c       _SCR_DrawCenterString      0040d33c f   cl_scrn.obj
 0001:0000c40a       _SCR_Sky_f                 0040d40a f   cl_scrn.obj
 0001:0000c4b5       _SCR_Init                  0040d4b5 f   cl_scrn.obj
 0001:0000c4fc       _SCR_DrawPause             0040d4fc f   cl_scrn.obj
 0001:0000c55a       _SCR_RunConsole            0040d55a f   cl_scrn.obj
 0001:0000c63c       _SCR_DrawConsole           0040d63c f   cl_scrn.obj
 0001:0000c6c6       _SCR_SetLevelshot          0040d6c6 f   cl_scrn.obj
 0001:0000c731       _SCR_DrawLoading           0040d731 f   cl_scrn.obj
 0001:0000c7ea       _SCR_BeginLoadingPlaque    0040d7ea f   cl_scrn.obj
 0001:0000c84a       _SCR_EndLoadingPlaque      0040d84a f   cl_scrn.obj
 0001:0000c868       _SCR_Loading_f             0040d868 f   cl_scrn.obj
 0001:0000c86d       _SCR_TimeRefresh_f         0040d86d f   cl_scrn.obj
 0001:0000c944       _SCR_TileClear             0040d944 f   cl_scrn.obj
 0001:0000c9ed       _DrawHUDString             0040d9ed f   cl_scrn.obj
 0001:0000ca9f       _SCR_DrawField             0040da9f f   cl_scrn.obj
 0001:0000cb46       _SCR_TouchPics             0040db46 f   cl_scrn.obj
 0001:0000cbd9       _SCR_ExecuteLayoutString   0040dbd9 f   cl_scrn.obj
 0001:0000d3aa       _SCR_UpdateScreen          0040e3aa f   cl_scrn.obj
 0001:0000d6df       _CL_RegisterTEntSounds     0040e6df f   cl_tent.obj
 0001:0000d917       _CL_RegisterTEntModels     0040e917 f   cl_tent.obj
 0001:0000da9d       _CL_ClearTEnts             0040ea9d f   cl_tent.obj
 0001:0000dae4       _CL_AllocExplosion         0040eae4 f   cl_tent.obj
 0001:0000db82       _CL_AddExplosions          0040eb82 f   cl_tent.obj
 0001:0000dd57       _CL_SmokeAndFlash          0040ed57 f   cl_tent.obj
 0001:0000dd9f       _CL_ParseBeam              0040ed9f f   cl_tent.obj
 0001:0000de7e       _CL_ParseBeam2             0040ee7e f   cl_tent.obj
 0001:0000df55       _CL_ParsePlayerBeam        0040ef55 f   cl_tent.obj
 0001:0000e063       _CL_ParseLightning         0040f063 f   cl_tent.obj
 0001:0000e12f       _CL_ParseLaser             0040f12f f   cl_tent.obj
 0001:0000e1ab       _CL_ParseSteam             0040f1ab f   cl_tent.obj
 0001:0000e2bc       _CL_ParseWidow             0040f2bc f   cl_tent.obj
 0001:0000e328       _CL_ParseNuke              0040f328 f   cl_tent.obj
 0001:0000e392       _CL_ParseTEnt              0040f392 f   cl_tent.obj
 0001:0000f1ba       _CL_AddBeams               004101ba f   cl_tent.obj
 0001:0000f4fb       _CL_AddPlayerBeams         004104fb f   cl_tent.obj
 0001:0000fbf0       _CL_ProcessSustain         00410bf0 f   cl_tent.obj
 0001:0000fc31       _CL_AddTEnts               00410c31 f   cl_tent.obj
 0001:0000fc45       _V_AddEntity               00410c45 f   cl_view.obj
 0001:0000fc74       _V_AddLight                00410c74 f   cl_view.obj
 0001:0000fcb9       _V_TestParticles           00410cb9 f   cl_view.obj
 0001:0000fd77       _V_TestEntities            00410d77 f   cl_view.obj
 0001:0000fe19       _V_TestLights              00410e19 f   cl_view.obj
 0001:0000feec       _CL_PrepRefresh            00410eec f   cl_view.obj
 0001:0001016c       _CalcFov                   0041116c f   cl_view.obj
 0001:000101e5       _V_Gun_Next_f              004111e5 f   cl_view.obj
 0001:000101fe       _V_Gun_Prev_f              004111fe f   cl_view.obj
 0001:00010220       _V_Gun_Model_f             00411220 f   cl_view.obj
 0001:00010254       _SCR_DrawCrosshair         00411254 f   cl_view.obj
 0001:000102c9       _V_RenderView              004112c9 f   cl_view.obj
 0001:00010e3a       _V_Init                    00411e3a f   cl_view.obj
 0001:0001104f       _Cbuf_Init                 0041204f f   cmd.obj
 0001:00011067       _Cbuf_AddText              00412067 f   cmd.obj
 0001:000110cc       _Cbuf_InsertText           004120cc f   cmd.obj
 0001:00011133       _Cbuf_CopyToDefer          00412133 f   cmd.obj
 0001:0001115f       _Cbuf_InsertFromDefer      0041215f f   cmd.obj
 0001:00011172       _Cbuf_Execute              00412172 f   cmd.obj
 0001:00011258       _Cmd_Exec_f                00412258 f   cmd.obj
 0001:000112dd       _Cmd_Echo_f                004122dd f   cmd.obj
 0001:0001131f       _Cmd_Alias_f               0041231f f   cmd.obj
 0001:00011446       _Cmd_Unalias_f             00412446 f   cmd.obj
 0001:000114d2       _Cmd_WriteAliases          004124d2 f   cmd.obj
 0001:00011503       _Cmd_Argc                  00412503 f   cmd.obj
 0001:00011509       _Cmd_Argv                  00412509 f   cmd.obj
 0001:00011523       _Cmd_Args                  00412523 f   cmd.obj
 0001:00011529       _Cmd_TokenizeString        00412529 f   cmd.obj
 0001:00011805       _Cmd_AddCommand            00412805 f   cmd.obj
 0001:0001186d       _Cmd_RemoveCommand         0041286d f   cmd.obj
 0001:000118af       _Cmd_ExecuteString         004128af f   cmd.obj
 0001:00011992       _Cmd_Init                  00412992 f   cmd.obj
 0001:00011aab       _CMod_GetSurfMaterial      00412aab f   cmodel.obj
 0001:00011b08       _CM_LoadMap                00412b08 f   cmodel.obj
 0001:00012170       _PlaneTypeForNormal        00413170 f i cmodel.obj
 0001:000122f0       _CM_InlineModel            004132f0 f   cmodel.obj
 0001:0001233f       _CM_NumClusters            0041333f f   cmodel.obj
 0001:00012345       _CM_NumInlineModels        00413345 f   cmodel.obj
 0001:0001234b       _CM_EntityString           0041334b f   cmodel.obj
 0001:00012351       _CM_LeafContents           00413351 f   cmodel.obj
 0001:0001237b       _CM_LeafCluster            0041337b f   cmodel.obj
 0001:000123a6       _CM_LeafArea               004133a6 f   cmodel.obj
 0001:000123d1       _CM_InitBoxHull            004133d1 f   cmodel.obj
 0001:00012561       _CM_HeadnodeForBox         00413561 f   cmodel.obj
 0001:00012616       _CM_PointLeafnum           00413616 f   cmodel.obj
 0001:00012675       _DISTANCE_TO_PLANE         00413675 f i cmodel.obj
 0001:000126bd       _CM_PointContents          004136bd f   cmodel.obj
 0001:000126e2       _CM_TransformedPointContents 004136e2 f   cmodel.obj
 0001:000127c7       _CM_TransformedPointContents2 004137c7 f   cmodel.obj
 0001:00012862       _CM_BoxLeafnums            00413862 f   cmodel.obj
 0001:00012937       _BOX_ON_PLANE_SIDE         00413937 f i cmodel.obj
 0001:000129bc       _CM_BoxTrace               004139bc f   cmodel.obj
 0001:000133ef       _CM_TransformedBoxTrace    004143ef f   cmodel.obj
 0001:0001365f       _CM_TransformedBoxTrace2   0041465f f   cmodel.obj
 0001:0001381c       _CM_BrushTrace             0041481c f   cmodel.obj
 0001:00013bf1       _CM_RefineBrushTrace       00414bf1 f   cmodel.obj
 0001:00013c41       _CM_DecompressVis          00414c41 f   cmodel.obj
 0001:00013cca       _CM_ClusterPVS             00414cca f   cmodel.obj
 0001:00013d17       _CM_ClusterPHS             00414d17 f   cmodel.obj
 0001:00013d64       _FloodAreaConnections      00414d64 f   cmodel.obj
 0001:00013e1e       _CM_SetAreaPortalState     00414e1e f   cmodel.obj
 0001:00013e4a       _CM_AreasConnected         00414e4a f   cmodel.obj
 0001:00013e98       _CM_WriteAreaBits          00414e98 f   cmodel.obj
 0001:00013f28       _CM_WritePortalState       00414f28 f   cmodel.obj
 0001:00013f42       _CM_ReadPortalState        00414f42 f   cmodel.obj
 0001:00013f60       _CM_HeadnodeVisible        00414f60 f   cmodel.obj
 0001:00013fd7       _Com_BeginRedirect         00414fd7 f   common.obj
 0001:00014014       _Com_EndRedirect           00415014 f   common.obj
 0001:0001403f       _Com_Printf                0041503f f   common.obj
 0001:0001419e       _Com_DPrintf               0041519e f   common.obj
 0001:00014202       _DebugPrintf               00415202 f   common.obj
 0001:000142aa       _Com_WPrintf               004152aa f   common.obj
 0001:00014303       _Com_Error                 00415303 f   common.obj
 0001:000143fe       _Com_Quit                  004153fe f   common.obj
 0001:0001442e       _MatchWildcard             0041542e f   common.obj
 0001:00014584       _MatchWildcard2            00415584 f   common.obj
 0001:000145d9       _IPWildcard                004155d9 f   common.obj
 0001:000146b4       _Com_ServerState           004156b4 f   common.obj
 0001:000146ba       _Com_SetServerState        004156ba f   common.obj
 0001:000146c4       _MSG_WriteByte             004156c4 f   common.obj
 0001:000146c4       _MSG_WriteChar             004156c4 f   common.obj
 0001:000146d8       _MSG_WriteShort            004156d8 f   common.obj
 0001:000146f2       _MSG_WriteLong             004156f2 f   common.obj
 0001:0001471c       _MSG_WriteFloat            0041571c f   common.obj
 0001:00014742       _MSG_WriteString           00415742 f   common.obj
 0001:0001477a       _MSG_WriteCoord            0041577a f   common.obj
 0001:000147a9       _MSG_WritePos              004157a9 f   common.obj
 0001:0001482b       _MSG_WriteAngle            0041582b f   common.obj
 0001:00014854       _MSG_WriteAngle16          00415854 f   common.obj
 0001:0001488b       _MSG_WriteDeltaUsercmd     0041588b f   common.obj
 0001:00014a13       _MSG_WriteDir              00415a13 f   common.obj
 0001:00014a80       _MSG_ReadDir               00415a80 f   common.obj
 0001:00014ab8       _MSG_WriteDeltaEntity      00415ab8 f   common.obj
 0001:00014fc2       _MSG_BeginReading          00415fc2 f   common.obj
 0001:00014fcb       _MSG_ReadChar              00415fcb f   common.obj
 0001:00014fec       _MSG_ReadByte              00415fec f   common.obj
 0001:0001500d       _MSG_ReadShort             0041600d f   common.obj
 0001:0001503d       _MSG_ReadLong              0041603d f   common.obj
 0001:0001507c       _MSG_ReadString            0041607c f   common.obj
 0001:000150af       _MSG_ReadCoord             004160af f   common.obj
 0001:000150c9       _MSG_ReadPos               004160c9 f   common.obj
 0001:0001511b       _MSG_ReadAngle             0041611b f   common.obj
 0001:00015135       _MSG_ReadAngle16           00416135 f   common.obj
 0001:0001514f       _MSG_ReadDeltaUsercmd      0041614f f   common.obj
 0001:00015206       _MSG_ReadData              00416206 f   common.obj
 0001:00015229       _SZ_Init                   00416229 f   common.obj
 0001:0001524b       _SZ_Clear                  0041624b f   common.obj
 0001:00015258       _SZ_GetSpace               00416258 f   common.obj
 0001:000152bb       _SZ_Write                  004162bb f   common.obj
 0001:000152dc       _SZ_Insert                 004162dc f   common.obj
 0001:0001532f       _SZ_Print                  0041632f f   common.obj
 0001:00015378       _Info_Print                00416378 f   common.obj
 0001:00015435       _COM_BlockSequenceCRCByte  00416435 f   common.obj
 0001:000154c1       _frand                     004164c1 f   common.obj
 0001:000154de       _crand                     004164de f   common.obj
 0001:00015501       _COM_CheckCmdlineVar       00416501 f   common.obj
 0001:00015557       _QCommon_Init              00416557 f   common.obj
 0001:000158aa       _QCommon_Frame             004168aa f   common.obj
 0001:00015b95       _DeinitConProc             00416b95 f   conproc.obj
 0001:00015ba6       _DrawStringCommon          00416ba6 f   console.obj
 0001:00015c00       _DrawString                00416c00 f   console.obj
 0001:00015c20       _Con_ToggleConsole_f       00416c20 f   console.obj
 0001:00015c9c       _Con_ClearNotify           00416c9c f   console.obj
 0001:00015cae       _Con_CheckResize           00416cae f   console.obj
 0001:00015dd4       _Con_Print                 00416dd4 f   console.obj
 0001:000160d8       _Con_DrawNotify            004170d8 f   console.obj
 0001:00016311       _Con_DrawConsole           00417311 f   console.obj
 0001:000168b9       _Key_Console               004178b9 f   console.obj
 0001:00016e27       _Key_Message               00417e27 f   console.obj
 0001:00016ec3       _Con_Init                  00417ec3 f   console.obj
 0001:000170d3       _CRC_Block                 004180d3 f   crc.obj
 0001:0001710f       _Cvar_VariableValue        0041810f f   cvar.obj
 0001:0001717d       _Cvar_VariableInt          0041817d f   cvar.obj
 0001:00017190       _Cvar_VariableString       00418190 f   cvar.obj
 0001:000171a8       _Cvar_Get                  004181a8 f   cvar.obj
 0001:00017444       _Cvar_GetVars              00418444 f   cvar.obj
 0001:00017498       _Cvar_FullSet              00418498 f   cvar.obj
 0001:000174f5       _Cvar_SetValue             004184f5 f   cvar.obj
 0001:00017756       _Cvar_SetInteger           00418756 f   cvar.obj
 0001:00017778       _Cvar_Set                  00418778 f   cvar.obj
 0001:0001778d       _Cvar_ForceSet             0041878d f   cvar.obj
 0001:000177a2       _Cvar_Clamp                004187a2 f   cvar.obj
 0001:0001782c       _Cvar_ClampName            0041882c f   cvar.obj
 0001:0001787d       _Cvar_GetLatchedVars       0041887d f   cvar.obj
 0001:000178ac       _Cvar_Command              004188ac f   cvar.obj
 0001:00017958       _Cvar_WriteVariables       00418958 f   cvar.obj
 0001:000179eb       _Cvar_BitInfo              004189eb f   cvar.obj
 0001:00017a24       _Cvar_Userinfo             00418a24 f   cvar.obj
 0001:00017a2d       _Cvar_Serverinfo           00418a2d f   cvar.obj
 0001:00017a36       _Cvar_Cheats               00418a36 f   cvar.obj
 0001:00017a8f       _Cvar_Init                 00418a8f f   cvar.obj
 0001:0001812b       _FS_CreatePath             0041912b f   files.obj
 0001:00018175       _FS_CopyFile               00419175 f   files.obj
 0001:00018278       _FS_CopyFiles              00419278 f   files.obj
 0001:00018351       _FS_RemoveFiles            00419351 f   files.obj
 0001:000183c5       _Developer_searchpath      004193c5 f   files.obj
 0001:0001840a       _FS_FCloseFile             0041940a f   files.obj
 0001:000184a0       _FS_FOpenFile              004194a0 f   files.obj
 0001:000189c8       _FS_FileExists             004199c8 f   files.obj
 0001:00018c04       _FS_Read                   00419c04 f   files.obj
 0001:00018e4c       _FS_LoadFile               00419e4c f   files.obj
 0001:00018eae       _FS_FreeFile               00419eae f   files.obj
 0001:00018eb9       _FS_Gamedir                00419eb9 f   files.obj
 0001:00018ecd       _FS_LoadGameConfig         00419ecd f   files.obj
 0001:00018f92       _FS_SetGamedir             00419f92 f   files.obj
 0001:0001963d       _FS_ListFiles              0041a63d f   files.obj
 0001:0001994b       _FS_NextPath               0041a94b f   files.obj
 0001:0001996f       _FS_InitFilesystem         0041a96f f   files.obj
 0001:0001a338       _LoadPCX                   0041b338 f   images.obj
 0001:0001a46f       _LoadTGA                   0041b46f f   images.obj
 0001:0001a662       _LoadJPG                   0041b662 f   images.obj
 0001:0001a8f5       _ImageExists               0041b8f5 f   images.obj
 0001:0001a9ef       _WriteTGA                  0041b9ef f   images.obj
 0001:0001abe0       _WriteJPG                  0041bbe0 f   images.obj
 0001:0001ad08       _IN_MLookDown              0041bd08 f   in_win.obj
 0001:0001ad13       _IN_MLookUp                0041bd13 f   in_win.obj
 0001:0001ad36       _IN_MouseEvent             0041bd36 f   in_win.obj
 0001:0001ada0       _IN_Commands               0041bda0 f   in_win.obj
 0001:0001aecf       _IN_Init                   0041becf f   in_win.obj
 0001:0001b1f9       _IN_Shutdown               0041c1f9 f   in_win.obj
 0001:0001b2dd       _IN_Move                   0041c2dd f   in_win.obj
 0001:0001b837       _IN_Activate               0041c837 f   in_win.obj
 0001:0001b84e       _IN_Frame                  0041c84e f   in_win.obj
 0001:0001bc3b       _Key_KeynumToString        0041cc3b f   keys.obj
 0001:0001bcd5       _CompleteCommand           0041ccd5 f   keys.obj
 0001:0001c62a       _Key_SetBinding            0041d62a f   keys.obj
 0001:0001c668       _Key_FindBinding           0041d668 f   keys.obj
 0001:0001c6b6       _Key_Bindlist_f            0041d6b6 f   keys.obj
 0001:0001c752       _Key_WriteBindings         0041d752 f   keys.obj
 0001:0001c79a       _Key_Init                  0041d79a f   keys.obj
 0001:0001ca2a       _Key_Event                 0041da2a f   keys.obj
 0001:0001cd6a       _Key_ClearStates           0041dd6a f   keys.obj
 0001:0001cda1       _Key_ClearTyping           0041dda1 f   keys.obj
 0001:0001cdba       _MD4Init                   0041ddba f   md4.obj
 0001:0001cde2       _MD4Update                 0041dde2 f   md4.obj
 0001:0001ce80       _MD4Final                  0041de80 f   md4.obj
 0001:0001d571       _Com_BlockChecksum         0041e571 f   md4.obj
 0001:0001d5ad       _Z_Free                    0041e5ad f   memory.obj
 0001:0001d607       _Z_FreeTags                0041e607 f   memory.obj
 0001:0001d637       _Z_TagMalloc               0041e637 f   memory.obj
 0001:0001d6a8       _Z_Malloc                  0041e6a8 f   memory.obj
 0001:0001d6ca       _Z_BlockMalloc             0041e6ca f   memory.obj
 0001:0001d6e5       _CreateMemoryChain         0041e6e5 f   memory.obj
 0001:0001d74d       _FreeMemoryChain           0041e74d f   memory.obj
 0001:0001d777       _AllocChainBlock           0041e777 f   memory.obj
 0001:0001d7c2       _CopyString                0041e7c2 f   memory.obj
 0001:0001d7e6       _ChainCopyString           0041e7e6 f   memory.obj
 0001:0001d80e       _AllocNamedStruc           0041e80e f   memory.obj
 0001:0001d849       _ChainAllocNamedStruc      0041e849 f   memory.obj
 0001:0001d888       _FindNamedStruc            0041e888 f   memory.obj
 0001:0001d8cc       _FindNamedStrucByIndex     0041e8cc f   memory.obj
 0001:0001d8e3       _IndexOfNamedStruc         0041e8e3 f   memory.obj
 0001:0001d911       _AddToNamedList            0041e911 f   memory.obj
 0001:0001d95b       _ChainAddToNamedList       0041e95b f   memory.obj
 0001:0001d9a5       _FreeNamedList             0041e9a5 f   memory.obj
 0001:0001d9c0       _Z_Init                    0041e9c0 f   memory.obj
 0001:0001d9fb       _M_PushMenu                0041e9fb f   menu.obj
 0001:0001dab8       _M_ForceMenuOff            0041eab8 f   menu.obj
 0001:0001dae5       _M_PopMenu                 0041eae5 f   menu.obj
 0001:0001db39       _Default_MenuKey           0041eb39 f   menu.obj
 0001:0001dc59       _M_Print                   0041ec59 f   menu.obj
 0001:0001dca4       _M_DrawTextBox             0041eca4 f   menu.obj
 0001:0001de90       _M_Main_Draw               0041ee90 f   menu.obj
 0001:0001e014       _M_Main_Key                0041f014 f   menu.obj
 0001:0001e10f       _M_Menu_Main_f             0041f10f f   menu.obj
 0001:0001e12b       _M_Menu_Multiplayer_f      0041f12b f   menu.obj
 0001:0001e2b0       _M_Menu_Keys_f             0041f2b0 f   menu.obj
 0001:0001e72f       _M_Menu_Options_f          0041f72f f   menu.obj
 0001:0001f03a       _M_Menu_Video_f            0042003a f   menu.obj
 0001:0001f05b       _M_Menu_Credits_f          0042005b f   menu.obj
 0001:0001f220       _M_Menu_Game_f             00420220 f   menu.obj
 0001:0001f4b3       _M_Menu_LoadGame_f         004204b3 f   menu.obj
 0001:0001f783       _M_Menu_SaveGame_f         00420783 f   menu.obj
 0001:0001f8e3       _M_AddToServerList         004208e3 f   menu.obj
 0001:0001f956       _M_Menu_JoinServer_f       00420956 f   menu.obj
 0001:0001fbba       _M_Menu_StartServer_f      00420bba f   menu.obj
 0001:000203e5       _M_Menu_DMOptions_f        004213e5 f   menu.obj
 0001:00020b61       _M_Menu_DownloadOptions_f  00421b61 f   menu.obj
 0001:00020de3       _M_Menu_AddressBook_f      00421de3 f   menu.obj
 0001:0002219e       _M_Init                    0042319e f   menu.obj
 0001:000222c2       _M_Draw                    004232c2 f   menu.obj
 0001:00022353       _M_Keydown                 00423353 f   menu.obj
 0001:0002236f       _LoadQ2BspFile             0042336f f   model.obj
 0001:0002293f       _LoadBspFile               0042393f f   model.obj
 0001:00022a5f       _ProcessEntstring          00423a5f f   model.obj
 0001:000238cf       _Netchan_Init              004248cf f   net_chan.obj
 0001:0002392f       _Netchan_OutOfBand         0042492f f   net_chan.obj
 0001:0002398f       _Netchan_OutOfBandPrint    0042498f f   net_chan.obj
 0001:000239cf       _Netchan_Setup             004249cf f   net_chan.obj
 0001:00023a2c       _Netchan_NeedReliable      00424a2c f   net_chan.obj
 0001:00023a58       _Netchan_Transmit          00424a58 f   net_chan.obj
 0001:00023bfd       _Netchan_Process           00424bfd f   net_chan.obj
 0001:00023d24       _NetadrToSockadr           00424d24 f   net_wins.obj
 0001:00023dc6       _SockadrToNetadr           00424dc6 f   net_wins.obj
 0001:00023e29       _NET_CompareAdr            00424e29 f   net_wins.obj
 0001:00023e8f       _NET_CompareBaseAdr        00424e8f f   net_wins.obj
 0001:00023ee8       _NET_AdrToString           00424ee8 f   net_wins.obj
 0001:00023fa1       _NET_StringToSockaddr      00424fa1 f   net_wins.obj
 0001:000241da       _NET_StringToAdr           004251da f   net_wins.obj
 0001:00024233       _NET_IsLocalAddress        00425233 f   net_wins.obj
 0001:0002423f       _NET_GetLoopPacket         0042523f f   net_wins.obj
 0001:000242c6       _NET_SendLoopPacket        004252c6 f   net_wins.obj
 0001:00024312       _NET_GetPacket             00425312 f   net_wins.obj
 0001:00024430       _NET_SendPacket            00425430 f   net_wins.obj
 0001:0002450a       _NET_IPSocket              0042550a f   net_wins.obj
 0001:00024620       _NET_OpenIP                00425620 f   net_wins.obj
 0001:0002469c       _NET_OpenIPX               0042569c f   net_wins.obj
 0001:000247f4       _NET_Config                004257f4 f   net_wins.obj
 0001:00024887       _NET_Init                  00425887 f   net_wins.obj
 0001:000248f1       _Pmove                     004258f1 f   pmove.obj
 0001:00026649       _NormalizeColor            00427649 f   q_shared2.obj
 0001:000266aa       _NormalizeColor255         004276aa f   q_shared2.obj
 0001:0002670f       _Q_rsqrt                   0042770f f   q_shared2.obj
 0001:0002673f       _RotatePointAroundVector   0042773f f   q_shared2.obj
 0001:000268af       _AngleVectors              004278af f   q_shared2.obj
 0001:00026a10       _ProjectPointOnPlane       00427a10 f   q_shared2.obj
 0001:00026a8f       _PerpendicularVector       00427a8f f   q_shared2.obj
 0001:00026b0e       _MakeNormalVectors         00427b0e f   q_shared2.obj
 0001:00026b75       _MatrixMultiply            00427b75 f   q_shared2.obj
 0001:00026c5c       _SetPlaneSignbits          00427c5c f   q_shared2.obj
 0001:00026c7f       _LerpAngle                 00427c7f f   q_shared2.obj
 0001:00026cc2       _anglemod                  00427cc2 f   q_shared2.obj
 0001:00026cee       _BoxOnPlaneSide            00427cee f   q_shared2.obj
 0001:00026e11       _ClearBounds               00427e11 f   q_shared2.obj
 0001:00026e3a       _AddPointToBounds          00427e3a f   q_shared2.obj
 0001:00026e73       _VectorCompare             00427e73 f   q_shared2.obj
 0001:00026ea1       _VectorNormalize           00427ea1 f   q_shared2.obj
 0001:00026ef5       _VectorNormalize2          00427ef5 f   q_shared2.obj
 0001:00026f4d       _VectorNormalizeFast       00427f4d f   q_shared2.obj
 0001:00026f9e       _CrossProduct              00427f9e f   q_shared2.obj
 0001:00026fd9       _VectorLength              00427fd9 f   q_shared2.obj
 0001:00027008       _VectorDistance            00428008 f   q_shared2.obj
 0001:00027039       _VectorInverse             00428039 f   q_shared2.obj
 0001:00027054       _VectorScale               00428054 f   q_shared2.obj
 0001:00027078       _AnglesToAxis              00428078 f   q_shared2.obj
 0001:000270b6       _COM_FilePath              004280b6 f   q_shared2.obj
 0001:000270ec       _ShortSwap                 004280ec f   q_shared2.obj
 0001:00027101       _va                        00428101 f   q_shared2.obj
 0001:0002714e       _COM_ParseExt              0042814e f   q_shared2.obj
 0001:00027257       _COM_QuoteString           00428257 f   q_shared2.obj
 0001:000272b2       _Com_PageInMemory          004282b2 f   q_shared2.obj
 0001:000272d1       _Q_stricmp                 004282d1 f   q_shared2.obj
 0001:000272e2       _Q_strncasecmp             004282e2 f   q_shared2.obj
 0001:0002733a       _Q_strcasecmp              0042833a f   q_shared2.obj
 0001:00027350       _Q_strncpyz                00428350 f   q_shared2.obj
 0001:00027374       _Q_strncpylower            00428374 f   q_shared2.obj
 0001:000273ae       _Q_CopyFilename            004283ae f   q_shared2.obj
 0001:0002744a       _Com_sprintf               0042844a f   q_shared2.obj
 0001:00027490       _Info_ValueForKey          00428490 f   q_shared2.obj
 0001:0002751b       _Info_RemoveKey            0042851b f   q_shared2.obj
 0001:000275a1       _Info_SetValueForKey       004285a1 f   q_shared2.obj
 0001:000276df       _Field_Key                 004286df f   qmenu.obj
 0001:0002794f       _Menu_AddItem              0042894f f   qmenu.obj
 0001:00027984       _Menu_AdjustCursor         00428984 f   qmenu.obj
 0001:00027ac3       _Menu_Center               00428ac3 f   qmenu.obj
 0001:00027afb       _Menu_DrawDotsItem         00428afb f   qmenu.obj
 0001:00027b3a       _Menu_Draw                 00428b3a f   qmenu.obj
 0001:00028072       _Menu_ItemAtCursor         00429072 f   qmenu.obj
 0001:0002808a       _Menu_SelectItem           0042908a f   qmenu.obj
 0001:000280cc       _Menu_SetStatusBar         004290cc f   qmenu.obj
 0001:000280db       _Menu_SlideItem            004290db f   qmenu.obj
 0001:00028637       _S_SoundInfo_f             00429637 f   snd_dma.obj
 0001:000286c1       _S_ReadModelsSex           004296c1 f   snd_dma.obj
 0001:000287a9       _S_IsFemale                004297a9 f   snd_dma.obj
 0001:00028837       _S_Init                    00429837 f   snd_dma.obj
 0001:0002890a       _S_Shutdown                0042990a f   snd_dma.obj
 0001:00028994       _S_FindName                00429994 f   snd_dma.obj
 0001:00028a80       _S_AliasName               00429a80 f   snd_dma.obj
 0001:00028b0c       _S_BeginRegistration       00429b0c f   snd_dma.obj
 0001:00028b1d       _S_RegisterSound           00429b1d f   snd_dma.obj
 0001:00028b83       _S_EndRegistration         00429b83 f   snd_dma.obj
 0001:00028c16       _S_PickChannel             00429c16 f   snd_dma.obj
 0001:00028cad       _S_SpatializeOrigin        00429cad f   snd_dma.obj
 0001:00028dd4       _S_Spatialize              00429dd4 f   snd_dma.obj
 0001:00028e45       _S_AllocPlaysound          00429e45 f   snd_dma.obj
 0001:00028e64       _S_FreePlaysound           00429e64 f   snd_dma.obj
 0001:00028e94       _S_IssuePlaysound          00429e94 f   snd_dma.obj
 0001:00028f61       _S_RegisterSexedSound      00429f61 f   snd_dma.obj
 0001:00029045       _S_StartSound              0042a045 f   snd_dma.obj
 0001:00029214       _S_StartLocalSound         0042a214 f   snd_dma.obj
 0001:00029263       _S_ClearBuffer             0042a263 f   snd_dma.obj
 0001:000292bb       _S_StopAllSounds           0042a2bb f   snd_dma.obj
 0001:00029336       _S_AddLoopSounds           0042a336 f   snd_dma.obj
 0001:00029508       _S_RawSamples              0042a508 f   snd_dma.obj
 0001:0002970c       _S_Update                  0042a70c f   snd_dma.obj
 0001:00029822       _GetSoundtime              0042a822 f   snd_dma.obj
 0001:00029889       _S_Update_                 0042a889 f   snd_dma.obj
 0001:0002992f       _S_Play                    0042a92f f   snd_dma.obj
 0001:000299df       _S_SoundList               0042a9df f   snd_dma.obj
 0001:00029aa0       _ResampleSfx               0042aaa0 f   snd_mem.obj
 0001:00029bb8       _S_LoadSound               0042abb8 f   snd_mem.obj
 0001:00029ce1       _FindNextChunk             0042ace1 f   snd_mem.obj
 0001:00029d6b       _GetWavinfo                0042ad6b f   snd_mem.obj
 0001:00029f5b       _S_WriteLinearBlastStereo16 0042af5b f   snd_mix.obj
 0001:00029fcf       _S_TransferStereo16        0042afcf f   snd_mix.obj
 0001:0002a038       _S_TransferPaintBuffer     0042b038 f   snd_mix.obj
 0001:0002a194       _S_PaintChannels           0042b194 f   snd_mix.obj
 0001:0002a3c1       _S_InitScaletable          0042b3c1 f   snd_mix.obj
 0001:0002a415       _S_PaintChannelFrom8       0042b415 f   snd_mix.obj
 0001:0002a517       _S_PaintChannelFrom16      0042b517 f   snd_mix.obj
 0001:0002a582       _FreeSound                 0042b582 f   snd_win.obj
 0001:0002a692       _SNDDMA_InitDirect         0042b692 f   snd_win.obj
 0001:0002ab65       _SNDDMA_Init               0042bb65 f   snd_win.obj
 0001:0002abe1       _SNDDMA_GetDMAPos          0042bbe1 f   snd_win.obj
 0001:0002ac2b       _SNDDMA_BeginPainting      0042bc2b f   snd_win.obj
 0001:0002ad2d       _SNDDMA_Submit             0042bd2d f   snd_win.obj
 0001:0002ad52       _SNDDMA_Shutdown           0042bd52 f   snd_win.obj
 0001:0002ad57       _S_Activate                0042bd57 f   snd_win.obj
 0001:0002ad82       _SV_SetMaster_f            0042bd82 f   sv_ccmds.obj
 0001:0002ae94       _SV_WipeSavegame           0042be94 f   sv_ccmds.obj
 0001:0002aec2       _SV_CopySaveGame           0042bec2 f   sv_ccmds.obj
 0001:0002af17       _SV_WriteLevelFile         0042bf17 f   sv_ccmds.obj
 0001:0002afc5       _SV_ReadLevelFile          0042bfc5 f   sv_ccmds.obj
 0001:0002b073       _SV_WriteServerFile        0042c073 f   sv_ccmds.obj
 0001:0002b2af       _SV_ReadServerFile         0042c2af f   sv_ccmds.obj
 0001:0002b3c9       _SV_DemoMap_f              0042c3c9 f   sv_ccmds.obj
 0001:0002b453       _SV_GameMap_f              0042c453 f   sv_ccmds.obj
 0001:0002b5c5       _SV_Map_f                  0042c5c5 f   sv_ccmds.obj
 0001:0002b632       _SV_Loadgame_f             0042c632 f   sv_ccmds.obj
 0001:0002b737       _SV_Savegame_f             0042c737 f   sv_ccmds.obj
 0001:0002b83c       _SV_AddressBanned          0042c83c f   sv_ccmds.obj
 0001:0002b87e       _SV_InitOperatorCommands   0042c87e f   sv_ccmds.obj
 0001:0002c21d       _SV_WritePlayerstateToClient 0042d21d f   sv_ents.obj
 0001:0002c741       _SV_WriteFrameToClient     0042d741 f   sv_ents.obj
 0001:0002c96b       _SV_FatPVS                 0042d96b f   sv_ents.obj
 0001:0002ca98       _SV_BuildClientFrame       0042da98 f   sv_ents.obj
 0001:0002cd63       _SV_RecordDemoMessage      0042dd63 f   sv_ents.obj
 0001:0002ce82       _SV_ShutdownGameProgs      0042de82 f   sv_game.obj
 0001:0002ce9b       _SV_InitGameProgs          0042de9b f   sv_game.obj
 0001:0002d73b       _SV_FindIndex              0042e73b f   sv_init.obj
 0001:0002d802       _SV_ModelIndex             0042e802 f   sv_init.obj
 0001:0002d818       _SV_SoundIndex             0042e818 f   sv_init.obj
 0001:0002d831       _SV_ImageIndex             0042e831 f   sv_init.obj
 0001:0002d84a       _SV_CreateBaseline         0042e84a f   sv_init.obj
 0001:0002d8a8       _SV_CheckForSavegame       0042e8a8 f   sv_init.obj
 0001:0002d930       _SV_SpawnServer            0042e930 f   sv_init.obj
 0001:0002dbce       _SV_InitGame               0042ebce f   sv_init.obj
 0001:0002ddb9       _SV_Map                    0042edb9 f   sv_init.obj
 0001:0002df77       _SV_DropClient             0042ef77 f   sv_main.obj
 0001:0002dfec       _SV_StatusString           0042efec f   sv_main.obj
 0001:0002e0cb       _SVC_Info                  0042f0cb f   sv_main.obj
 0001:0002e1a1       _SVC_GetChallenge          0042f1a1 f   sv_main.obj
 0001:0002e249       _SVC_DirectConnect         0042f249 f   sv_main.obj
 0001:0002e6b5       _Rcon_Validate             0042f6b5 f   sv_main.obj
 0001:0002e6e6       _SVC_RemoteCommand         0042f6e6 f   sv_main.obj
 0001:0002e7b8       _SV_ConnectionlessPacket   0042f7b8 f   sv_main.obj
 0001:0002e91a       _SV_CalcPings              0042f91a f   sv_main.obj
 0001:0002e9a1       _SV_GiveMsec               0042f9a1 f   sv_main.obj
 0001:0002e9e0       _SV_ReadPackets            0042f9e0 f   sv_main.obj
 0001:0002eaf6       _SV_CheckTimeouts          0042faf6 f   sv_main.obj
 0001:0002ebb6       _SV_PostprocessFrame       0042fbb6 f   sv_main.obj
 0001:0002efa2       _SV_MulticastHook          0042ffa2 f   sv_main.obj
 0001:0002f350       _SV_TraceHook              00430350 f   sv_main.obj
 0001:0002f471       _SV_Frame                  00430471 f   sv_main.obj
 0001:0002f6ae       _SV_UserinfoChanged        004306ae f   sv_main.obj
 0001:0002f772       _SV_Init                   00430772 f   sv_main.obj
 0001:0002f7d5       _SV_Shutdown               004307d5 f   sv_main.obj
 0001:0002f9b2       _SV_FlushRedirect          004309b2 f   sv_send.obj
 0001:0002fa24       _SV_ClientPrintf           00430a24 f   sv_send.obj
 0001:0002fa7a       _SV_BroadcastPrintf        00430a7a f   sv_send.obj
 0001:0002fb4b       _SV_BroadcastCommand       00430b4b f   sv_send.obj
 0001:0002fb9d       _SV_Multicast              00430b9d f   sv_send.obj
 0001:0002fd8d       _SV_MulticastOld           00430d8d f   sv_send.obj
 0001:0002fda0       _SV_StartSound             00430da0 f   sv_send.obj
 0001:0003000f       _SV_StartSoundOld          0043100f f   sv_send.obj
 0001:0003003f       _SV_StartSoundNew          0043103f f   sv_send.obj
 0001:0003006f       _SV_SendClientDatagram     0043106f f   sv_send.obj
 0001:00030143       _SV_DemoCompleted          00431143 f   sv_send.obj
 0001:0003015f       _SV_RateDrop               0043115f f   sv_send.obj
 0001:000301aa       _SV_SendClientMessages     004311aa f   sv_send.obj
 0001:000302fc       _SV_BeginDemoserver        004312fc f   sv_user.obj
 0001:0003034c       _SV_New_f                  0043134c f   sv_user.obj
 0001:000304c1       _SV_Configstrings_f        004314c1 f   sv_user.obj
 0001:0003061b       _SV_Baselines_f            0043161b f   sv_user.obj
 0001:0003078f       _SV_Begin_f                0043178f f   sv_user.obj
 0001:000307ec       _SV_NextDownload_f         004317ec f   sv_user.obj
 0001:000308c0       _SV_BeginDownload_f        004318c0 f   sv_user.obj
 0001:00030ad8       _SV_Disconnect_f           00431ad8 f   sv_user.obj
 0001:00030ae8       _SV_ShowServerinfo_f       00431ae8 f   sv_user.obj
 0001:00030af5       _SV_Nextserver             00431af5 f   sv_user.obj
 0001:00030b54       _SV_Nextserver_f           00431b54 f   sv_user.obj
 0001:00030b9b       _SV_ExecuteUserCommand     00431b9b f   sv_user.obj
 0001:00030c08       _SV_ClientThink            00431c08 f   sv_user.obj
 0001:00030c4b       _SV_ExecuteClientMessage   00431c4b f   sv_user.obj
 0001:00030e78       _SV_ClearWorld             00431e78 f   sv_world.obj
 0001:00030fcc       _SV_UnlinkEdict            00431fcc f   sv_world.obj
 0001:0003102f       _SV_LinkEdict              0043202f f   sv_world.obj
 0001:0003160b       _SV_AreaEdicts             0043260b f   sv_world.obj
 0001:00031776       _SV_PointContents          00432776 f   sv_world.obj
 0001:0003185b       _SV_ClipMoveToEntities     0043285b f   sv_world.obj
 0001:00031ba2       _SV_Trace                  00432ba2 f   sv_world.obj
 0001:00031c0d       _Sys_Error                 00432c0d f   sys_win.obj
 0001:00031c6d       _Sys_Quit                  00432c6d f   sys_win.obj
 0001:00031d4f       _Sys_Init                  00432d4f f   sys_win.obj
 0001:0003215c       _Sys_ConsoleInput          0043315c f   sys_win.obj
 0001:000322bc       _Sys_ConsoleOutput         004332bc f   sys_win.obj
 0001:0003236d       _Sys_SendKeyEvents         0043336d f   sys_win.obj
 0001:000323d6       _Sys_GetClipboardData      004333d6 f   sys_win.obj
 0001:0003242f       _Sys_AppActivate           0043342f f   sys_win.obj
 0001:0003244a       _Sys_UnloadGame            0043344a f   sys_win.obj
 0001:0003246f       _Sys_GetGameAPI            0043346f f   sys_win.obj
 0001:0003255c       _WinMain@16                0043355c f   sys_win.obj
 0001:0003263c       _Vid_CreateWindow          0043363c f   vid_dll.obj
 0001:00032ddd       _Vid_DestroyWindow         00433ddd f   vid_dll.obj
 0001:00032e18       _Vid_GetModeInfo           00433e18 f   vid_dll.obj
 0001:00032e47       _Vid_UpdateWindowPosAndSize 00433e47 f   vid_dll.obj
 0001:00032eae       _Vid_FreeReflib            00433eae f   vid_dll.obj
 0001:00032eef       _Vid_CheckChanges          00433eef f   vid_dll.obj
 0001:000332af       _Vid_Init                  004342af f   vid_dll.obj
 0001:00033320       _Vid_Shutdown              00434320 f   vid_dll.obj
 0001:0003334e       _Vid_MenuInit              0043434e f   vid_menu.obj
 0001:00033bb0       _Vid_MenuDraw              00434bb0 f   vid_menu.obj
 0001:00033c44       _Vid_MenuKey               00434c44 f   vid_menu.obj
 0001:00033fac       _GL_BackEnd                00434fac f   gl_backend.obj
 0001:000373a4       _GL_InitBackend            004383a4 f   gl_backend.obj
 0001:000373e7       _GL_ShutdownBackend        004383e7 f   gl_backend.obj
 0001:000373fb       _GL_AllocDynamicMemory     004383fb f   gl_buffers.obj
 0001:0003745b       _GL_ResizeDynamicMemory    0043845b f   gl_buffers.obj
 0001:000374ad       _GL_AddSurfaceToPortal     004384ad f   gl_buffers.obj
 0001:00037510       _GL_AddDynamicSurface      00438510 f   gl_buffers.obj
 0001:00037538       _GL_InsertShaderIndex      00438538 f   gl_buffers.obj
 0001:0003756b       _GL_ClearPortal            0043856b f   gl_buffers.obj
 0001:00037587       _GL_FinishPortal           00438587 f   gl_buffers.obj
 0001:000375d8       _GL_SortSurfaces           004385d8 f   gl_buffers.obj
 0001:00037773       _GL_ClearBuffers           00438773 f   gl_buffers.obj
 0001:0003778a       _GL_AddEntity              0043878a f   gl_frontend.obj
 0001:00037be0       _GL_AddDlight              00438be0 f   gl_frontend.obj
 0001:00037d98       _GL_DrawPortal             00438d98 f   gl_frontend.obj
 0001:0003a891       _GL_TextureMode            0043b891 f   gl_image.obj
 0001:0003a931       _GL_CreateImage            0043b931 f   gl_image.obj
 0001:0003b5ec       _GL_SetRawPalette          0043c5ec f   gl_image.obj
 0001:0003b61d       _GL_DrawStretchRaw         0043c61d f   gl_image.obj
 0001:0003b8cd       _GL_SetupGamma             0043c8cd f   gl_image.obj
 0001:0003ba10       _GL_PerformScreenshot      0043ca10 f   gl_image.obj
 0001:0003bc99       _GL_InitImages             0043cc99 f   gl_image.obj
 0001:0003c261       _GL_ShutdownImages         0043d261 f   gl_image.obj
 0001:0003c2ec       _GL_LoadDelayedImages      0043d2ec f   gl_image.obj
 0001:0003c37b       _GL_ShowImages             0043d37b f   gl_image.obj
 0001:0003c5ba       _GL_FindImage              0043d5ba f   gl_image.obj
 0001:0003c9b7       _GL_Lock                   0043d9b7 f   gl_interface.obj
 0001:0003ca48       _GL_Unlock                 0043da48 f   gl_interface.obj
 0001:0003cbf7       _GL_Bind                   0043dbf7 f   gl_interface.obj
 0001:0003cd19       _GL_BindForce              0043dd19 f   gl_interface.obj
 0001:0003cd66       _GL_TexEnv                 0043dd66 f   gl_interface.obj
 0001:0003cee5       _GL_TexMipBias             0043dee5 f   gl_interface.obj
 0001:0003cf40       _GL_TexEnvColor            0043df40 f   gl_interface.obj
 0001:0003cff0       _GL_SelectTexture          0043dff0 f   gl_interface.obj
 0001:0003d051       _GL_TexCoordPointer        0043e051 f   gl_interface.obj
 0001:0003d081       _GL_SetMultitexture        0043e081 f   gl_interface.obj
 0001:0003d159       _GL_DisableTexCoordArrays  0043e159 f   gl_interface.obj
 0001:0003d1b2       _GL_CullFace               0043e1b2 f   gl_interface.obj
 0001:0003d203       _GL_DepthRange             0043e203 f   gl_interface.obj
 0001:0003d236       _GL_State                  0043e236 f   gl_interface.obj
 0001:0003d38f       _GL_EnableFog              0043e38f f   gl_interface.obj
 0001:0003d493       _GL_SetDefaultState        0043e493 f   gl_interface.obj
 0001:0003d5b2       _GL_Set2DMode              0043e5b2 f   gl_interface.obj
 0001:0003d6ad       _GL_Setup                  0043e6ad f   gl_interface.obj
 0001:0003d7b9       _GL_ShowLights             0043e7b9 f   gl_light.obj
 0001:0003dbde       _GL_LightForEntity         0043ebde f   gl_light.obj
 0001:0003ee57       _GL_DiffuseLight           0043fe57 f   gl_light.obj
 0001:0003efcf       _GL_InitLightGrid          0043ffcf f   gl_light.obj
 0001:0003f06b       _GL_PostLoadLights         0044006b f   gl_light.obj
 0001:0003f309       _LM_Init                   00440309 f   gl_lightmap.obj
 0001:0003f31f       _LM_Flush                  0044031f f   gl_lightmap.obj
 0001:0003f37c       _LM_Done                   0044037c f   gl_lightmap.obj
 0001:0003f3a3       _LM_Save                   004403a3 f   gl_lightmap.obj
 0001:0003f3bd       _LM_Restore                004403bd f   gl_lightmap.obj
 0001:0003f3d7       _LM_NewBlock               004403d7 f   gl_lightmap.obj
 0001:0003f44d       _LM_Rewind                 0044044d f   gl_lightmap.obj
 0001:0003f455       _LM_NextBlock              00440455 f   gl_lightmap.obj
 0001:0003f482       _LM_CheckMinlight          00440482 f   gl_lightmap.obj
 0001:0003f518       _LM_AllocBlock             00440518 f   gl_lightmap.obj
 0001:0003f5cf       _LM_PutBlock               004405cf f   gl_lightmap.obj
 0001:0003fa09       _LM_SortLightStyles        00440a09 f   gl_lightmap.obj
 0001:0003fa9a       _GL_UpdateDynamicLightmap  00440a9a f   gl_lightmap.obj
 0001:0003ff88       _LM_IsMonotone             00440f88 f   gl_lightmap.obj
 0001:0004008f       _GL_EnableRendering        0044108f f   gl_main.obj
 0001:000400aa       _DrawTextLeft              004410aa f   gl_main.obj
 0001:00040174       _DrawTextRight             00441174 f   gl_main.obj
 0001:000401b2       _DrawText3D                004411b2 f   gl_main.obj
 0001:0004022a       _GL_GetRefAPI              0044122a f   gl_main.obj
 0001:00041a4b       _GL_InitFuncTables         00442a4b f   gl_math.obj
 0001:00041bfc       _ModelToWorldCoord         00442bfc f   gl_math.obj
 0001:00041c6d       _WorldToModelCoord         00442c6d f   gl_math.obj
 0001:00041cb4       _BuildRotationMatrix       00442cb4 f   gl_math.obj
 0001:00041dae       _GetBoxRect                00442dae f   gl_math.obj
 0001:0004211f       _ProjectToScreen           0044311f f   gl_math.obj
 0001:00042262       _GL_FindModel              00443262 f   gl_model.obj
 0001:000423dd       _GL_LoadWorldMap           004433dd f   gl_model.obj
 0001:00043f08       _GL_PointInLeaf            00444f08 f   gl_model.obj
 0001:0004483e       _ATAN2_FUNC                0044583e f i gl_model.obj
 0001:000449dd       _GL_FindSkin               004459dd f   gl_model.obj
 0001:00044b36       _GL_ResetModels            00445b36 f   gl_model.obj
 0001:00044c00       _GL_InitModels             00445c00 f   gl_model.obj
 0001:00044c6d       _GL_ShutdownModels         00445c6d f   gl_model.obj
 0001:00044c83       _SubdividePlane            00445c83 f   gl_poly.obj
 0001:000450d9       _FreeSubdividedPlane       004460d9 f   gl_poly.obj
 0001:000450f1       _GetSubdivideIndexes       004460f1 f   gl_poly.obj
 0001:00045144       _RemoveCollinearPoints     00446144 f   gl_poly.obj
 0001:00045258       _GetPolyArea               00446258 f   gl_poly.obj
 0001:000452ec       _GL_InitShaders            004462ec f   gl_shader.obj
 0001:00045422       _GL_ShutdownShaders        00446422 f   gl_shader.obj
 0001:0004544c       _GL_SetShaderLightmap      0044644c f   gl_shader.obj
 0001:00045855       _GL_SetShaderLightstyles   00446855 f   gl_shader.obj
 0001:000458f1       _GL_GetAlphaShader         004468f1 f   gl_shader.obj
 0001:00045c01       _GL_FindShader             00446c01 f   gl_shader.obj
 0001:00046163       _GL_GetShaderByNum         00447163 f   gl_shader.obj
 0001:00046181       _GL_ResetShaders           00447181 f   gl_shader.obj
 0001:00046591       _GL_ClearSkyBox            00447591 f   gl_sky.obj
 0001:000465b4       _GL_SetSkyRotate           004475b4 f   gl_sky.obj
 0001:000465ec       _GL_SkyVisible             004475ec f   gl_sky.obj
 0001:00046605       _GL_AddSkySurface          00447605 f   gl_sky.obj
 0001:00046c35       _GL_TesselateSkySide       00447c35 f   gl_sky.obj
 0001:00046f07       _GLimp_SetMode             00447f07 f   glw_imp.obj
 0001:000471a9       _GLimp_HasGamma            004481a9 f   glw_imp.obj
 0001:000471bd       _GLimp_SetGamma            004481bd f   glw_imp.obj
 0001:00047356       _GLimp_Init                00448356 f   glw_imp.obj
 0001:000476b4       _GLimp_Shutdown            004486b4 f   glw_imp.obj
 0001:00047762       _GLimp_EndFrame            00448762 f   glw_imp.obj
 0001:000477fe       _GLimp_AppActivate         004487fe f   glw_imp.obj
 0001:00048ee5       _QGL_Shutdown              00449ee5 f   qgl_win.obj
 0001:00048f23       _QGL_Init                  00449f23 f   qgl_win.obj
 0001:00048fa6       _QGL_InitExtensions        00449fa6 f   qgl_win.obj
 0001:00049310       _QGL_EnableLogging         0044a310 f   qgl_win.obj
 0001:000493db       _QGL_LogMessage            0044a3db f   qgl_win.obj
 0001:000493f2       _Hunk_Begin                0044a3f2 f   q_shwin.obj
 0001:0004942c       _Hunk_Alloc                0044a42c f   q_shwin.obj
 0001:000494b3       _Hunk_End                  0044a4b3 f   q_shwin.obj
 0001:000494b9       _Hunk_Free                 0044a4b9 f   q_shwin.obj
 0001:000494d2       _Sys_Milliseconds          0044a4d2 f   q_shwin.obj
 0001:00049506       _Sys_Mkdir                 0044a506 f   q_shwin.obj
 0001:00049512       _Sys_FindFirst             0044a512 f   q_shwin.obj
 0001:00049590       _Sys_FindNext              0044a590 f   q_shwin.obj
 0001:00049605       _Sys_FindClose             0044a605 f   q_shwin.obj
 0001:0004961f       _R_Alias_clip_z            0044a61f f   r_aclip.obj
 0001:000496e1       _R_Alias_clip_left         0044a6e1 f   r_aclip.obj
 0001:000498ed       _R_Alias_clip_right        0044a8ed f   r_aclip.obj
 0001:00049af9       _R_Alias_clip_top          0044aaf9 f   r_aclip.obj
 0001:00049d0d       _R_Alias_clip_bottom       0044ad0d f   r_aclip.obj
 0001:00049f21       _R_AliasClip               0044af21 f   r_aclip.obj
 0001:00049ff1       _R_AliasClipTriangle       0044aff1 f   r_aclip.obj
 0001:0004a1e3       _R_AliasCheckFrameBBox     0044b1e3 f   r_alias.obj
 0001:0004a316       _R_AliasCheckBBox          0044b316 f   r_alias.obj
 0001:0004a37a       _R_AliasTransformVector    0044b37a f   r_alias.obj
 0001:0004a3d6       _R_AliasPreparePoints      0044b3d6 f   r_alias.obj
 0001:0004a66e       _R_AliasSetUpTransform     0044b66e f   r_alias.obj
 0001:0004a931       _R_AliasTransformFinalVerts 0044b931 f   r_alias.obj
 0001:0004ab00       _R_AliasProjectAndClipTestFinalVert 0044bb00 f   r_alias.obj
 0001:0004abaf       _R_AliasSetupLighting      0044bbaf f   r_alias.obj
 0001:0004ad19       _R_AliasSetupFrames        0044bd19 f   r_alias.obj
 0001:0004ad8d       _R_AliasSetUpLerpData      0044bd8d f   r_alias.obj
 0001:0004aeb5       _R_AliasDrawModel          0044beb5 f   r_alias.obj
 0001:0004b149       _R_EntityRotate            0044c149 f   r_bsp.obj
 0001:0004b1c5       _R_RotateBmodel            0044c1c5 f   r_bsp.obj
 0001:0004b320       _R_RecursiveClipBPoly      0044c320 f   r_bsp.obj
 0001:0004b650       _R_DrawSolidClippedSubmodelPolygons 0044c650 f   r_bsp.obj
 0001:0004b7d7       _R_DrawSubmodelPolygons    0044c7d7 f   r_bsp.obj
 0001:0004b867       _R_RecursiveWorldNode      0044c867 f   r_bsp.obj
 0001:0004ba99       _R_RenderWorld             0044ca99 f   r_bsp.obj
 0001:0004bb14       _Draw_FindPic              0044cb14 f   r_draw.obj
 0001:0004bb57       _Draw_InitLocal            0044cb57 f   r_draw.obj
 0001:0004bb68       _Draw_Char                 0044cb68 f   r_draw.obj
 0001:0004bc49       _Draw_CharColor            0044cc49 f   r_draw.obj
 0001:0004bd58       _R_DrawTexts               0044cd58 f   r_draw.obj
 0001:0004bdce       _DrawText_Pos              0044cdce f   r_draw.obj
 0001:0004bea6       _DrawText_Left             0044cea6 f   r_draw.obj
 0001:0004bece       _DrawText_Right            0044cece f   r_draw.obj
 0001:0004bf0a       _Draw_GetPicSize           0044cf0a f   r_draw.obj
 0001:0004bf4a       _Draw_StretchPicImplementation 0044cf4a f   r_draw.obj
 0001:0004c074       _Draw_StretchPic           0044d074 f   r_draw.obj
 0001:0004c0ac       _Draw_StretchRaw           0044d0ac f   r_draw.obj
 0001:0004c0de       _Draw_Pic                  0044d0de f   r_draw.obj
 0001:0004c297       _Draw_PicColor             0044d297 f   r_draw.obj
 0001:0004c450       _Draw_TileClear            0044d450 f   r_draw.obj
 0001:0004c520       _Draw_Fill                 0044d520 f   r_draw.obj
 0001:0004c5bc       _Draw_Fade                 0044d5bc f   r_draw.obj
 0001:0004c61e       _R_BeginEdgeFrame          0044d61e f   r_edge.obj
 0001:0004c6da       _R_InsertNewEdges          0044d6da f   r_edge.obj
 0001:0004c720       _R_RemoveEdges             0044d720 f   r_edge.obj
 0001:0004c73e       _R_StepActiveU             0044d73e f   r_edge.obj
 0001:0004c7d2       _R_CleanupSpan             0044d7d2 f   r_edge.obj
 0001:0004c822       _R_LeadingEdgeBackwards    0044d822 f   r_edge.obj
 0001:0004c8b7       _R_TrailingEdge            0044d8b7 f   r_edge.obj
 0001:0004c91b       _R_LeadingEdge             0044d91b f   r_edge.obj
 0001:0004cabe       _R_GenerateSpans           0044dabe f   r_edge.obj
 0001:0004cb2c       _R_GenerateSpansBackward   0044db2c f   r_edge.obj
 0001:0004cb9a       _R_ScanEdges               0044db9a f   r_edge.obj
 0001:0004cd71       _D_FlatFillSurface         0044dd71 f   r_edge.obj
 0001:0004cdcb       _D_CalcGradients           0044ddcb f   r_edge.obj
 0001:0004d02b       _D_BackgroundSurf          0044e02b f   r_edge.obj
 0001:0004d06b       _D_TurbulentSurf           0044e06b f   r_edge.obj
 0001:0004d17a       _D_SkySurf                 0044e17a f   r_edge.obj
 0001:0004d1fb       _D_SolidSurf               0044e1fb f   r_edge.obj
 0001:0004d353       _D_DrawflatSurfaces        0044e353 f   r_edge.obj
 0001:0004d3a3       _D_DrawSurfaces            0044e3a3 f   r_edge.obj
 0001:0004d49c       _R_ImageList_f             0044e49c f   r_image.obj
 0001:0004d55d       _R_FindFreeImage           0044e55d f   r_image.obj
 0001:0004d5ab       _R_LoadPic                 0044e5ab f   r_image.obj
 0001:0004d63b       _R_LoadTex                 0044e63b f   r_image.obj
 0001:0004d6c7       _R_LoadWal                 0044e6c7 f   r_image.obj
 0001:0004d71d       _R_MipMap                  0044e71d f   r_image.obj
 0001:0004d84b       _R_DownsampleImage         0044e84b f   r_image.obj
 0001:0004d950       _R_FindImage               0044e950 f   r_image.obj
 0001:0004dcf5       _R_RegisterSkin            0044ecf5 f   r_image.obj
 0001:0004dd03       _R_FreeUnusedImages        0044ed03 f   r_image.obj
 0001:0004dd63       _R_InitImages              0044ed63 f   r_image.obj
 0001:0004ddc9       _R_ShutdownImages          0044edc9 f   r_image.obj
 0001:0004de06       _R_MarkLights              0044ee06 f   r_light.obj
 0001:0004decc       _R_PushDlights             0044eecc f   r_light.obj
 0001:0004df2a       _R_LightPoint              0044ef2a f   r_light.obj
 0001:0004e2f5       _R_AddDynamicLights        0044f2f5 f   r_light.obj
 0001:0004e593       _R_BuildLightMap           0044f593 f   r_light.obj
 0001:0004e689       _R_InitTextures            0044f689 f   r_main.obj
 0001:0004e74a       _R_InitTurb                0044f74a f   r_main.obj
 0001:0004e7c7       _R_Register                0044f7c7 f   r_main.obj
 0001:0004e82f       _R_Init                    0044f82f f   r_main.obj
 0001:0004e8c0       _R_Shutdown                0044f8c0 f   r_main.obj
 0001:0004e935       _R_NewMap                  0044f935 f   r_main.obj
 0001:0004e9df       _R_MarkLeaves              0044f9df f   r_main.obj
 0001:0004eb06       _R_DrawEntitiesOnList      0044fb06 f   r_main.obj
 0001:0004ecae       _R_BmodelCheckBBox         0044fcae f   r_main.obj
 0001:0004ed60       _R_FindTopnode             0044fd60 f   r_main.obj
 0001:0004edb5       _RotatedBBox               0044fdb5 f   r_main.obj
 0001:0004ef17       _R_DrawBEntitiesOnList     0044ff17 f   r_main.obj
 0001:0004f118       _R_EdgeDrawing             00450118 f   r_main.obj
 0001:0004f1ed       _R_CalcPalette             004501ed f   r_main.obj
 0001:0004f2f2       _R_SetLightLevel           004502f2 f   r_main.obj
 0001:0004f342       _R_RenderFrame             00450342 f   r_main.obj
 0001:0004f529       _R_InitGraphics            00450529 f   r_main.obj
 0001:0004f59f       _R_BeginFrame              0045059f f   r_main.obj
 0001:0004f6e6       _R_GammaCorrectAndSetPalette 004506e6 f   r_main.obj
 0001:0004f745       _R_CinematicSetPalette     00450745 f   r_main.obj
 0001:0004f7dc       _Draw_BuildGammaTable      004507dc f   r_main.obj
 0001:0004f8d9       _R_DrawBeam                004508d9 f   r_main.obj
 0001:0004fa2e       _R_SetSky                  00450a2e f   r_main.obj
 0001:0004faa5       _Draw_GetPalette           00450aa5 f   r_main.obj
 0001:0004fbed       _Draw_ConCharColor         00450bed f   r_main.obj
 0001:0004fc0e       _GetRefAPI                 00450c0e f   r_main.obj
 0001:0004fe5e       _D_ViewChanged             00450e5e f   r_misc.obj
 0001:0004ffd1       _R_PrintTimes              00450fd1 f   r_misc.obj
 0001:00050039       _R_PrintDSpeeds            00451039 f   r_misc.obj
 0001:000500ee       _R_PrintAliasStats         004510ee f   r_misc.obj
 0001:00050101       _R_TransformFrustum        00451101 f   r_misc.obj
 0001:000501bf       _TransformVector           004511bf f   r_misc.obj
 0001:0005022a       _R_SetUpFrustumIndexes     0045122a f   r_misc.obj
 0001:0005028f       _R_ViewChanged             0045128f f   r_misc.obj
 0001:000505d8       _R_SetupFrame              004515d8 f   r_misc.obj
 0001:000507b3       _WritePCXfile              004517b3 f   r_misc.obj
 0001:000508d5       _R_ScreenShot              004518d5 f   r_misc.obj
 0001:000509e4       _Mod_Modellist_f           004519e4 f   r_model.obj
 0001:00050a42       _Mod_Init                  00451a42 f   r_model.obj
 0001:00050a5a       _Mod_ForName               00451a5a f   r_model.obj
 0001:00050c96       _Mod_PointInLeaf           00451c96 f   r_model.obj
 0001:00050cf8       _Mod_DecompressVis         00451cf8 f   r_model.obj
 0001:00050d78       _Mod_ClusterPVS            00451d78 f   r_model.obj
 0001:00050da5       _Mod_LoadLighting          00451da5 f   r_model.obj
 0001:00050e24       _R_NumberLeafs             00451e24 f   r_model.obj
 0001:00050e72       _Mod_LoadVertexes          00451e72 f   r_model.obj
 0001:00050eb4       _Mod_LoadEdges             00451eb4 f   r_model.obj
 0001:00050f02       _Mod_LoadTexinfo           00451f02 f   r_model.obj
 0001:0005106a       _CalcSurfaceExtents        0045206a f   r_model.obj
 0001:000511ea       _Mod_LoadFaces             004521ea f   r_model.obj
 0001:00051351       _Mod_SetParent             00452351 f   r_model.obj
 0001:00051376       _Mod_LoadNodes             00452376 f   r_model.obj
 0001:0005146c       _Mod_LoadLeafs             0045246c f   r_model.obj
 0001:00051515       _Mod_LoadMarksurfaces      00452515 f   r_model.obj
 0001:00051591       _Mod_LoadSurfedges         00452591 f   r_model.obj
 0001:000515d0       _Mod_LoadPlanes            004525d0 f   r_model.obj
 0001:0005163f       _Mod_LoadBrushModel        0045263f f   r_model.obj
 0001:00051823       _Mod_LoadAliasModel        00452823 f   r_model.obj
 0001:00051a9e       _Mod_LoadSpriteModel       00452a9e f   r_model.obj
 0001:00051b85       _R_BeginRegistration       00452b85 f   r_model.obj
 0001:00051c15       _R_RegisterModel           00452c15 f   r_model.obj
 0001:00051d0d       _R_EndRegistration         00452d0d f   r_model.obj
 0001:00051d78       _Mod_FreeAll               00452d78 f   r_model.obj
 0001:00051dbd       _R_DrawParticle            00452dbd f   r_part.obj
 0001:00052057       _R_DrawParticles           00453057 f   r_part.obj
 0001:000520ff       _R_DrawSpanletOpaque       004530ff f   r_poly.obj
 0001:0005218f       _R_DrawSpanletTurbulentStipple33 0045318f f   r_poly.obj
 0001:000522ba       _R_DrawSpanletTurbulentStipple66 004532ba f   r_poly.obj
 0001:0005249b       _R_DrawSpanletTurbulentBlended66 0045349b f   r_poly.obj
 0001:00052550       _R_DrawSpanletTurbulentBlended33 00453550 f   r_poly.obj
 0001:00052605       _R_DrawSpanlet33           00453605 f   r_poly.obj
 0001:0005269f       _R_DrawSpanletConstant33   0045369f f   r_poly.obj
 0001:000526f8       _R_DrawSpanlet66           004536f8 f   r_poly.obj
 0001:00052796       _R_DrawSpanlet33Stipple    00453796 f   r_poly.obj
 0001:000528b1       _R_DrawSpanlet66Stipple    004538b1 f   r_poly.obj
 0001:00052a42       _R_ClipPolyFace            00453a42 f   r_poly.obj
 0001:00052bb3       _R_PolygonDrawSpans        00453bb3 f   r_poly.obj
 0001:00052fb2       _R_PolygonScanLeftEdge     00453fb2 f   r_poly.obj
 0001:00053116       _R_PolygonScanRightEdge    00454116 f   r_poly.obj
 0001:00053320       _R_ClipAndDrawPoly         00454320 f   r_poly.obj
 0001:00053522       _R_BuildPolygonFromSurface 00454522 f   r_poly.obj
 0001:00053718       _R_PolygonCalculateGradients 00454718 f   r_poly.obj
 0001:000539eb       _R_DrawAlphaSurfaces       004549eb f   r_poly.obj
 0001:00053a81       _R_IMFlatShadedQuad        00454a81 f   r_poly.obj
 0001:00053baf       _R_InitAdivtab             00454baf f   r_polyse.obj
 0001:00053c1b       _R_PolysetUpdateTables     00454c1b f   r_polyse.obj
 0001:00053c56       _R_DrawTriangle            00454c56 f   r_polyse.obj
 0001:00053d67       _R_PolysetScanLeftEdge_C   00454d67 f   r_polyse.obj
 0001:00053f31       _FloorDivMod               00454f31 f   r_polyse.obj
 0001:00053fcb       _R_PolysetSetUpForLineScan 00454fcb f   r_polyse.obj
 0001:00054059       _R_PolysetCalcGradients    00455059 f   r_polyse.obj
 0001:000542cc       _R_PolysetDrawSpans8_33    004552cc f   r_polyse.obj
 0001:000543fc       _R_PolysetDrawSpansConstant8_33 004553fc f   r_polyse.obj
 0001:00054496       _R_PolysetDrawSpans8_66    00455496 f   r_polyse.obj
 0001:000545d2       _R_PolysetDrawSpansConstant8_66 004555d2 f   r_polyse.obj
 0001:0005467a       _R_PolysetDrawSpans8_Opaque 0045567a f   r_polyse.obj
 0001:000547c5       _R_RasterizeAliasPolySmooth 004557c5 f   r_polyse.obj
 0001:00054da5       _R_PolysetSetEdgeTable     00455da5 f   r_polyse.obj
 0001:00054e40       _R_InitSkyBox              00455e40 f   r_rast.obj
 0001:000550ac       _R_EmitSkyBox              004560ac f   r_rast.obj
 0001:000551bf       _R_EmitEdge                004561bf f   r_rast.obj
 0001:00055591       _R_ClipEdge                00456591 f   r_rast.obj
 0001:0005573f       _R_EmitCachedEdge          0045673f f   r_rast.obj
 0001:00055796       _R_RenderFace              00456796 f   r_rast.obj
 0001:00055b5d       _R_RenderBmodelFace        00456b5d f   r_rast.obj
 0001:00055dc6       _D_WarpScreen              00456dc6 f   r_scan.obj
 0001:00055f88       _D_DrawTurbulent8Span      00456f88 f   r_scan.obj
 0001:0005600c       _Turbulent8                0045700c f   r_scan.obj
 0001:00056368       _NonTurbulent8             00457368 f   r_scan.obj
 0001:000566a2       _D_DrawSpans16             004576a2 f   r_scan.obj
 0001:000569bf       _D_DrawZSpans              004579bf f   r_scan.obj
 0001:00056a8f       _R_DrawSprite              00457a8f f   r_sprite.obj
 0001:00056d19       _R_TextureAnimation        00457d19 f   r_surf.obj
 0001:00056d3d       _R_DrawSurface             00457d3d f   r_surf.obj
 0001:00056ea2       _R_DrawSurfaceBlock8_mip0  00457ea2 f   r_surf.obj
 0001:00056fa1       _R_DrawSurfaceBlock8_mip1  00457fa1 f   r_surf.obj
 0001:000570a0       _R_DrawSurfaceBlock8_mip2  004580a0 f   r_surf.obj
 0001:0005719f       _R_DrawSurfaceBlock8_mip3  0045819f f   r_surf.obj
 0001:0005729b       _R_InitCaches              0045829b f   r_surf.obj
 0001:0005731c       _D_FlushCaches             0045831c f   r_surf.obj
 0001:00057361       _D_SCAlloc                 00458361 f   r_surf.obj
 0001:000574f5       _D_CacheSurface            004584f5 f   r_surf.obj
 0001:0005766a       _DDRAW_Init                0045866a f   rw_ddraw.obj
 0001:00057a7a       _DDRAW_SetPalette          00458a7a f   rw_ddraw.obj
 0001:00057ae3       _DDRAW_Shutdown            00458ae3 f   rw_ddraw.obj
 0001:00057c4e       _DIB_Init                  00458c4e f   rw_dib.obj
 0001:00057e33       _DIB_SetPalette            00458e33 f   rw_dib.obj
 0001:00057ff7       _DIB_Shutdown              00458ff7 f   rw_dib.obj
 0001:000580f0       _SWimp_Init                004590f0 f   rw_imp.obj
 0001:000580f4       _SWimp_EndFrame            004590f4 f   rw_imp.obj
 0001:00058260       _SWimp_SetMode             00459260 f   rw_imp.obj
 0001:00058382       _SWimp_SetPalette          00459382 f   rw_imp.obj
 0001:000583a7       _SWimp_Shutdown            004593a7 f   rw_imp.obj
 0001:000583ee       _SWimp_AppActivate         004593ee f   rw_imp.obj
 0001:00058428       _adler32                   00459428 f   adler32.obj
 0001:00058541       _crc32                     00459541 f   crc32.obj
 0001:00058657       _inflate_blocks_reset      00459657 f   infblock.obj
 0001:000586c2       _inflate_blocks_new        004596c2 f   infblock.obj
 0001:0005874d       _inflate_blocks            0045974d f   infblock.obj
 0001:00058f64       _inflate_blocks_free       00459f64 f   infblock.obj
 0001:00058f98       _inflate_codes_new         00459f98 f   infcodes.obj
 0001:00058fcc       _inflate_codes             00459fcc f   infcodes.obj
 0001:0005958a       _inflate_codes_free        0045a58a f   infcodes.obj
 0001:0005959b       _inflate_fast              0045a59b f   inffast.obj
 0001:00059866       _inflateReset              0045a866 f   inflate.obj
 0001:000598a5       _inflateEnd                0045a8a5 f   inflate.obj
 0001:000598e3       _inflateInit2_             0045a8e3 f   inflate.obj
 0001:000599cd       _inflate                   0045a9cd f   inflate.obj
 0001:00059d30       _inflate_trees_bits        0045ad30 f   inftrees.obj
 0001:0005a13e       _inflate_trees_dynamic     0045b13e f   inftrees.obj
 0001:0005a241       _inflate_trees_fixed       0045b241 f   inftrees.obj
 0001:0005a270       _inflate_flush             0045b270 f   infutil.obj
 0001:0005a35c       _Zip_OpenArchive           0045b35c f   zip.obj
 0001:0005a3c7       _Zip_CloseArchive          0045b3c7 f   zip.obj
 0001:0005a3d3       _Zip_EnumArchive           0045b3d3 f   zip.obj
 0001:0005a5b4       _Zip_OpenFile              0045b5b4 f   zip.obj
 0001:0005a6c3       _Zip_ReadFile              0045b6c3 f   zip.obj
 0001:0005a7ba       _Zip_CloseFile             0045b7ba f   zip.obj
 0001:0005a802       _Zip_OpenBuf               0045b802 f   zip.obj
 0001:0005a855       _Zip_ReadBuf               0045b855 f   zip.obj
 0001:0005a89d       _Zip_CloseBuf              0045b89d f   zip.obj
 0001:0005a8b3       _zcalloc                   0045b8b3 f   zutil.obj
 0001:0005a8c4       _jpeg_CreateCompress       0045b8c4 f   jcapimin.obj
 0001:0005a978       _jpeg_destroy_compress     0045b978 f   jcapimin.obj
 0001:0005a978       _jpeg_destroy_decompress   0045b978 f   jcapimin.obj
 0001:0005a983       _jpeg_suppress_tables      0045b983 f   jcapimin.obj
 0001:0005a9cd       _jpeg_finish_compress      0045b9cd f   jcapimin.obj
 0001:0005aab7       _jpeg_start_compress       0045bab7 f   jcapistd.obj
 0001:0005ab23       _jpeg_write_scanlines      0045bb23 f   jcapistd.obj
 0001:0005abce       _jinit_c_coef_controller   0045bbce f   jccoefct.obj
 0001:0005b26d       _jinit_color_converter     0045c26d f   jccolor.obj
 0001:0005b857       _jinit_forward_dct         0045c857 f   jcdctmgr.obj
 0001:0005bd33       _jinit_c_diff_controller   0045cd33 f   jcdiffct.obj
 0001:0005c299       _jpeg_make_c_derived_tbl   0045d299 f   jchuff.obj
 0001:0005c49b       _jpeg_gen_optimal_table    0045d49b f   jchuff.obj
 0001:0005c65a       _jinit_compress_master     0045d65a f   jcinit.obj
 0001:0005c6b3       _jinit_lhuff_encoder       0045d6b3 f   jclhuff.obj
 0001:0005cde0       _jinit_lossless_c_codec    0045dde0 f   jclossls.obj
 0001:0005ce78       _jinit_lossy_c_codec       0045de78 f   jclossy.obj
 0001:0005cf13       _jinit_c_main_controller   0045df13 f   jcmainct.obj
 0001:0005d080       _jinit_marker_writer       0045e080 f   jcmarker.obj
 0001:0005d95c       _jinit_c_master_control    0045e95c f   jcmaster.obj
 0001:0005e44b       _jinit_c_codec             0045f44b f   jcodec.obj
 0001:0005e467       _jinit_d_codec             0045f467 f   jcodec.obj
 0001:0005e483       _jpeg_abort                0045f483 f   jcomapi.obj
 0001:0005e4b6       _jpeg_destroy              0045f4b6 f   jcomapi.obj
 0001:0005e4d1       _jpeg_alloc_quant_table    0045f4d1 f   jcomapi.obj
 0001:0005e4ed       _jpeg_alloc_huff_table     0045f4ed f   jcomapi.obj
 0001:0005e509       _jpeg_add_quant_table      0045f509 f   jcparam.obj
 0001:0005e5bb       _jpeg_quality_scaling      0045f5bb f   jcparam.obj
 0001:0005e5e2       _jpeg_set_quality          0045f5e2 f   jcparam.obj
 0001:0005e61c       _jpeg_set_defaults         0045f61c f   jcparam.obj
 0001:0005e7de       _jpeg_default_colorspace   0045f7de f   jcparam.obj
 0001:0005e82e       _jpeg_set_colorspace       0045f82e f   jcparam.obj
 0001:0005eb49       _jinit_phuff_encoder       0045fb49 f   jcphuff.obj
 0001:0005f5ee       _jinit_differencer         004605ee f   jcpred.obj
 0001:0005fb08       _jinit_c_prep_controller   00460b08 f   jcprepct.obj
 0001:00060053       _jinit_downsampler         00461053 f   jcsample.obj
 0001:000608d4       _jinit_c_scaler            004618d4 f   jcscale.obj
 0001:0006094a       _jinit_shuff_encoder       0046194a f   jcshuff.obj
 0001:000611b2       _jpeg_CreateDecompress     004621b2 f   jdapimin.obj
 0001:00061272       _jpeg_read_header          00462272 f   jdapimin.obj
 0001:000612d4       _jpeg_consume_input        004622d4 f   jdapimin.obj
 0001:00061522       _jpeg_finish_decompress    00462522 f   jdapimin.obj
 0001:000615b9       _jpeg_start_decompress     004625b9 f   jdapistd.obj
 0001:00061726       _jpeg_read_scanlines       00462726 f   jdapistd.obj
 0001:000617aa       _jpeg_stdio_dest           004627aa f   jdatadst.obj
 0001:000618aa       _jinit_d_coef_controller   004628aa f   jdcoefct.obj
 0001:00062586       _jinit_color_deconverter   00463586 f   jdcolor.obj
 0001:00062a9c       _jinit_inverse_dct         00463a9c f   jddctmgr.obj
 0001:00062cdb       _jinit_d_diff_controller   00463cdb f   jddiffct.obj
 0001:00063209       _jpeg_make_d_derived_tbl   00464209 f   jdhuff.obj
 0001:000634a6       _jpeg_fill_bit_buffer      004644a6 f   jdhuff.obj
 0001:000635b5       _jpeg_huff_decode          004645b5 f   jdhuff.obj
[...]
 0001:00022d7a       _FindField                 00423d7a f   model.obj
 0001:00022db3       _GetVector                 00423db3 f   model.obj
 0001:00022de4       _ProcessEntity             00423de4 f   model.obj
 0001:00023841       _AddField                  00424841 f   model.obj
 0001:0002387e       _FindEntityTarget          0042487e f   model.obj
 0001:0001e14c       _Multiplayer_MenuDraw      0041f14c f   menu.obj
 0001:0001e16f       _M_Banner                  0041f16f f   menu.obj
 0001:0001e1b1       _Multiplayer_MenuInit      0041f1b1 f   menu.obj
 0001:0001e29f       _Multiplayer_MenuKey       0041f29f f   menu.obj
 0001:0001e2d1       _Keys_MenuInit             0041f2d1 f   menu.obj
 0001:0001e464       _KeyCursorDrawFunc         0041f464 f   menu.obj
 0001:0001e4a5       _DrawKeyBindingFunc        0041f4a5 f   menu.obj
 0001:0001e565       _SeekLine                  0041f565 f   menu.obj
 0001:0001e58c       _AppendToken               0041f58c f   menu.obj
 0001:0001e5b6       _Keys_MenuDraw             0041f5b6 f   menu.obj
 0001:0001e5cf       _Keys_MenuKey              0041f5cf f   menu.obj
 0001:0001e69c       _M_UnbindCommand           0041f69c f   menu.obj
 0001:0001e6e2       _KeyBindingFunc            0041f6e2 f   menu.obj
 0001:0001e750       _Options_MenuInit          0041f750 f   menu.obj
 0001:0001eba6       _CrosshairFunc             0041fba6 f   menu.obj
 0001:0001ebca       _JoystickFunc              0041fbca f   menu.obj
 0001:0001ebdd       _CustomizeControlsFunc     0041fbdd f   menu.obj
 0001:0001ebe2       _AlwaysRunFunc             0041fbe2 f   menu.obj
 0001:0001ebf5       _FreeLookFunc              0041fbf5 f   menu.obj
 0001:0001ec08       _MouseSpeedFunc            0041fc08 f   menu.obj
 0001:0001ec25       _ControlsSetMenuItemValues 0041fc25 f   menu.obj
 0001:0001edf1       _ControlsResetDefaultsFunc 0041fdf1 f   menu.obj
 0001:0001ee06       _InvertMouseFunc           0041fe06 f   menu.obj
 0001:0001ee21       _LookspringFunc            0041fe21 f   menu.obj
 0001:0001ee3d       _LookstrafeFunc            0041fe3d f   menu.obj
 0001:0001ee59       _UpdateVolumeFunc          0041fe59 f   menu.obj
 0001:0001ee76       _UpdateCDVolumeFunc        0041fe76 f   menu.obj
 0001:0001ee8f       _UpdateSoundFunc           0041fe8f f   menu.obj
 0001:0001ef37       _Options_ScanCrosshairs    0041ff37 f   menu.obj
 0001:0001ef8a       _Options_MenuDraw          0041ff8a f   menu.obj
 0001:0001efb2       _Options_CrosshairDraw     0041ffb2 f   menu.obj
 0001:0001f029       _Options_MenuKey           00420029 f   menu.obj
 0001:0001f10f       _M_Credits_MenuDraw        0042010f f   menu.obj
 0001:0001f1ee       _M_Credits_Key             004201ee f   menu.obj
 0001:0001f24b       _Game_MenuInit             0042024b f   menu.obj
 0001:0001f3f8       _EasyGameFunc              004203f8 f   menu.obj
 0001:0001f40e       _StartGame                 0042040e f   menu.obj
 0001:0001f453       _MediumGameFunc            00420453 f   menu.obj
 0001:0001f469       _HardGameFunc              00420469 f   menu.obj
 0001:0001f47f       _Game_MenuDraw             0042047f f   menu.obj
 0001:0001f4a2       _Game_MenuKey              004204a2 f   menu.obj
 0001:0001f4d4       _LoadGame_MenuInit         004204d4 f   menu.obj
 0001:0001f57d       _Create_Savestrings        0042057d f   menu.obj
 0001:0001f641       _LoadGameCallback          00420641 f   menu.obj
 0001:0001f66a       _LoadGame_MenuDraw         0042066a f   menu.obj
 0001:0001f693       _DrawSavegameShot          00420693 f   menu.obj
 0001:0001f751       _LoadGame_MenuKey          00420751 f   menu.obj
 0001:0001f7b2       _SaveGame_MenuDraw         004207b2 f   menu.obj
 0001:0001f7e7       _SaveGame_MenuInit         004207e7 f   menu.obj
 0001:0001f882       _SaveGameCallback          00420882 f   menu.obj
 0001:0001f8a1       _SaveGame_MenuKey          004208a1 f   menu.obj
 0001:0001f977       _JoinServer_MenuInit       00420977 f   menu.obj
 0001:0001fac8       _JoinServerFunc            00420ac8 f   menu.obj
 0001:0001fb25       _SearchLocalGames          00420b25 f   menu.obj
 0001:0001fb91       _JoinServer_MenuDraw       00420b91 f   menu.obj
 0001:0001fba9       _JoinServer_MenuKey        00420ba9 f   menu.obj
 0001:0001fbdb       _StartServer_MenuInit      00420bdb f   menu.obj
 0001:0002008b       _DMOptionsFunc             0042108b f   menu.obj
 0001:0002009a       _RulesChangeFunc           0042109a f   menu.obj
 0001:00020103       _StartServerActionFunc     00421103 f   menu.obj
 0001:0002012f       _StartServerFunc           0042112f f   menu.obj
 0001:0002039a       _StartServer_MenuDraw      0042139a f   menu.obj
 0001:000203a6       _StartServer_MenuKey       004213a6 f   menu.obj
 0001:00020406       _DMOptions_MenuInit        00421406 f   menu.obj
 0001:00020996       _DMFlagCallback            00421996 f   menu.obj
 0001:00020b44       _DMOptions_MenuDraw        00421b44 f   menu.obj
 0001:00020b50       _DMOptions_MenuKey         00421b50 f   menu.obj
 0001:00020b82       _DownloadOptions_MenuInit  00421b82 f   menu.obj
 0001:00020d6d       _DownloadCallback          00421d6d f   menu.obj
 0001:00020dc6       _DownloadOptions_MenuDraw  00421dc6 f   menu.obj
 0001:00020dd2       _DownloadOptions_MenuKey   00421dd2 f   menu.obj
 0001:00020e04       _AddressBook_MenuInit      00421e04 f   menu.obj
 0001:00020eba       _AddressBook_MenuKey       00421eba f   menu.obj
 0001:00020f0b       _AddressBook_MenuDraw      00421f0b f   menu.obj
 0001:00020f23       _M_Menu_PlayerConfig_f     00421f23 f   menu.obj
 0001:00020f7e       _PlayerConfig_MenuInit     00421f7e f   menu.obj
 0001:000214b0       _HandednessCallback        004224b0 f   menu.obj
 0001:000214c3       _RTypeCallback             004224c3 f   menu.obj
 0001:000214d6       _RColorCallback            004224d6 f   menu.obj
 0001:000214e9       _RateCallback              004224e9 f   menu.obj
 0001:00021507       _ModelCallback             00422507 f   menu.obj
 0001:00021548       _PlayerConfig_ScanDirectories 00422548 f   menu.obj
 0001:0002170f       _IsValidSkin               0042270f f   menu.obj
 0001:000217d8       _PlayerConfig_MenuDraw     004227d8 f   menu.obj
 0001:00021a80       _PlayerConfig_MenuKey      00422a80 f   menu.obj
 0001:00021b54       _M_Menu_DMBrowse_f         00422b54 f   menu.obj
 0001:00021b98       _DMBrowse_MenuInit         00422b98 f   menu.obj
 0001:00021d7e       _DMBrowse_MenuKey          00422d7e f   menu.obj
 0001:00021f2f       _DMBrowse_MenuDraw         00422f2f f   menu.obj
 0001:00022054       _DrawThumbnail             00423054 f   menu.obj
 0001:00022119       _M_Quit_Key                00423119 f   menu.obj
 0001:00022159       _M_Quit_Draw               00423159 f   menu.obj
 0001:000222a6       _M_Menu_Quit_f             004232a6 f   menu.obj
 0001:0001d6f1       _AllocChain                0041e6f1 f   memory.obj
 0001:0001d9e1       _Z_Stats_f                 0041e9e1 f   memory.obj
 0001:0001cee4       _MD4Transform              0041dee4 f   md4.obj
 0001:0001d4e6       _Encode                    0041e4e6 f   md4.obj
 0001:0001d52b       _Decode                    0041e52b f   md4.obj
 0001:0001bd4c       _Do_CompleteCommand        0041cd4c f   keys.obj
 0001:0001c204       _Key_StringToKeynum        0041d204 f   keys.obj
 0001:0001c2ef       _HexDigit                  0041d2ef f   keys.obj
 0001:0001c315       _TryComplete               0041d315 f   keys.obj
 0001:0001c3aa       _CompleteMenu              0041d3aa f   keys.obj
 0001:0001c511       _CompleteMenuDraw          0041d511 f   keys.obj
 0001:0001c570       _CompleteMenuKey           0041d570 f   keys.obj
 0001:0001c5a2       _CompleteMenuCallback      0041d5a2 f   keys.obj
 0001:0001c839       _Key_Unbind_f              0041d839 f   keys.obj
 0001:0001c920       _Key_Unbindall_f           0041d920 f   keys.obj
 0001:0001c94a       _Key_Bind_f                0041d94a f   keys.obj
 0001:0001af15       _IN_StartupMouse           0041bf15 f   in_win.obj
 0001:0001af5b       _IN_StartupJoystick        0041bf5b f   in_win.obj
 0001:0001b07c       _Joy_AdvancedUpdate_f      0041c07c f   in_win.obj
 0001:0001b1fe       _IN_DeactivateMouse        0041c1fe f   in_win.obj
 0001:0001b221       _IN_FreeDirect             0041c221 f   in_win.obj
 0001:0001b28a       _IN_FreeWin32              0041c28a f   in_win.obj
 0001:0001b2fb       _IN_MouseMove              0041c2fb f   in_win.obj
 0001:0001b4b6       _IN_JoyMove                0041c4b6 f   in_win.obj
 0001:0001b7fc       _IN_ReadJoystick           0041c7fc f   in_win.obj
 0001:0001b971       _IN_ActivateMouse          0041c971 f   in_win.obj
 0001:0001b9e1       _IN_InitDirect             0041c9e1 f   in_win.obj
 0001:0001bb2b       _IN_InitWin32              0041cb2b f   in_win.obj
 0001:000601b6       _J_InitSource              004611b6 f   jcsample.obj
 0001:0001a847       _J_FillInputBuffer         0041b847 f   images.obj
 0001:0001a86f       _J_SkipInputData           0041b86f f   images.obj
 0001:000601b6       _J_TermSource              004611b6 f   jcsample.obj
 0001:0001a887       _InitJpegError             0041b887 f   images.obj
 0001:0001a8b8       _J_ErrorExit               0041b8b8 f   images.obj
 0001:0001a8c7       _J_EmitMessage             0041b8c7 f   images.obj
 0001:0001a8e4       _J_ResetErrorMgr           0041b8e4 f   images.obj
 0001:00018892       _FindPakFile               00419892 f   files.obj
 0001:00018902       _FindPakDirectory          00419902 f   files.obj
 0001:00018993       _FileLength                00419993 f   files.obj
 0001:00018de7       _FOpenCached               00419de7 f   files.obj
 0001:00019130       _UnloadPackFile            0041a130 f   files.obj
 0001:00019156       _ClearFileCache            0041a156 f   files.obj
 0001:0001917d       _AddGameDirectory          0041a17d f   files.obj
 0001:00019242       _AddDirFilesToList         0041a242 f   files.obj
 0001:00019305       _LoadPackFile              0041a305 f   files.obj
 0001:00019474       _AddPakFile                0041a474 f   files.obj
 0001:00019513       _AddPakDirectory           0041a513 f   files.obj
 0001:000195f1       _EnumZippedPak             0041a5f1 f   files.obj
 0001:0001988b       _ListPakDirectory          0041a88b f   files.obj
 0001:00019a4d       _InitResFiles              0041aa4d f   files.obj
 0001:00019b30       _FS_LoadPak_f              0041ab30 f   files.obj
 0001:00019bfd       _TryLoadPak                0041abfd f   files.obj
 0001:00019c6a       _FindPakStruc              0041ac6a f   files.obj
 0001:00019cbf       _FS_UnloadPak_f            0041acbf f   files.obj
 0001:00019e64       _FS_Link_f                 0041ae64 f   files.obj
 0001:00019f30       _FS_Dir_f                  0041af30 f   files.obj
 0001:0001a141       _FS_Path_f                 0041b141 f   files.obj
 0001:0001a1da       _FS_Cat_f                  0041b1da f   files.obj
 0001:0001a2b3       _FS_Type_f                 0041b2b3 f   files.obj
 0001:00017128       _Cvar_FindVar              00418128 f   cvar.obj
 0001:0001715d       _ComputeHash               0041815d f   cvar.obj
 0001:00017378       _Cvar_SetString            00418378 f   cvar.obj
 0001:0001740e       _Cvar_InfoValidate         0041840e f   cvar.obj
 0001:0001751d       _Cvar_Set2                 0041851d f   cvar.obj
 0001:000176ef       _Cvar_SetHardcoded         004186ef f   cvar.obj
 0001:00017b36       _Cvar_Set_f                00418b36 f   cvar.obj
 0001:00017bb3       _Cvar_SetWithFlags         00418bb3 f   cvar.obj
 0001:00017c06       _Cvar_Seta_f               00418c06 f   cvar.obj
 0001:00017c28       _Cvar_Setu_f               00418c28 f   cvar.obj
 0001:00017c4a       _Cvar_Sets_f               00418c4a f   cvar.obj
 0001:00017c6c       _Cvar_Reset_f              00418c6c f   cvar.obj
 0001:00017cd1       _Cvar_List_f               00418cd1 f   cvar.obj
 0001:00017de1       _Cvar_Add_f                00418de1 f   cvar.obj
 0001:00017f6d       _Cvar_Scale_f              00418f6d f   cvar.obj
 0001:00017fe0       _Cvar_Toggle_f             00418fe0 f   cvar.obj
 0001:00018043       _Cvar_Cycle_f              00419043 f   cvar.obj
 0001:00015e39       _Con_Clear_f               00416e39 f   console.obj
 0001:00015ea2       _PlaceChar                 00416ea2 f   console.obj
 0001:0001601d       _FindLine                  0041701d f   console.obj
 0001:0001678d       _Con_DrawInput             0041778d f   console.obj
 0001:00016e00       _iswordsym                 00417e00 f   console.obj
 0001:00016f91       _Con_Dump_f                00417f91 f   console.obj
 0001:000170af       _Con_MessageMode_f         004180af f   console.obj
 0001:000170c1       _Con_MessageMode2_f        004180c1 f   console.obj
 0001:0001468e       _GetInt                    0041568e f   common.obj
 0001:000156a0       _Com_Error_f               004166a0 f   common.obj
 0001:000156b8       _ParseCmdline              004166b8 f   common.obj
 0001:0001586d       _PushCmdline               0041686d f   common.obj
 0001:00011d19       _CMod_LoadSurfaces         00412d19 f   cmodel.obj
 0001:00011e1b       _CMod_ReadSurfMaterials    00412e1b f   cmodel.obj
 0001:00011f56       _CMod_LoadNodes            00412f56 f   cmodel.obj
 0001:00011fb8       _CMod_LoadBrushes          00412fb8 f   cmodel.obj
 0001:00012004       _CMod_LoadLeafs            00413004 f   cmodel.obj
 0001:000120d3       _CMod_LoadPlanes           004130d3 f   cmodel.obj
 0001:000121e1       _CMod_LoadLeafBrushes      004131e1 f   cmodel.obj
 0001:0001222c       _CMod_LoadBrushSides       0041322c f   cmodel.obj
 0001:000122a5       _CMod_LoadAreas            004132a5 f   cmodel.obj
 0001:00012630       _PointLeafnum              00413630 f   cmodel.obj
 0001:00012886       _BoxLeafnums_headnode      00413886 f   cmodel.obj
 0001:00012c41       _TestInLeaf                00413c41 f   cmodel.obj
 0001:00012ca6       _TestBoxInBrush            00413ca6 f   cmodel.obj
 0001:00012e17       _RecursiveHullCheck        00413e17 f   cmodel.obj
 0001:000130ee       _TraceToLeaf               004140ee f   cmodel.obj
 0001:0001316e       _ClipBoxToBrush            0041416e f   cmodel.obj
 0001:00013853       _RecursiveBrushTest        00414853 f   cmodel.obj
 0001:00013ac2       _TestBrush                 00414ac2 f   cmodel.obj
 0001:00013da3       _FloodArea_r               00414da3 f   cmodel.obj
 0001:000116c8       _Cmd_MacroExpandString     004126c8 f   cmd.obj
 0001:00011a06       _Cmd_Wait_f                00412a06 f   cmd.obj
 0001:00011a3b       _Cmd_List_f                00412a3b f   cmd.obj
 0001:00010630       _DrawSurfInfo              00411630 f   cl_view.obj
 0001:0001098b       _DrawFlag                  0041198b f   cl_view.obj
 0001:00010a8c       _DecodeContents            00411a8c f   cl_view.obj
 0001:00010abf       _DrawOriginInfo            00411abf f   cl_view.obj
 0001:00010bc3       _DrawFpsInfo               00411bc3 f   cl_view.obj
 0001:00010d1f       _FixWaterVis               00411d1f f   cl_view.obj
 0001:00010e1d       _entitycmpfnc              00411e1d f   cl_view.obj
 0001:00010e86       _Screenshot_f              00411e86 f   cl_view.obj
 0001:0000d646       _SCR_CalcVrect             0040e646 f   cl_scrn.obj
 0001:0000bfd5       _CL_PMTrace                0040cfd5 f   cl_pred.obj
 0001:00008618       _TryParseStatus            00409618 f   cl_main.obj
 0001:00006ab8       _IN_KLookUp                00407ab8 f   cl_input.obj
 0001:00006ac4       _KeyUp                     00407ac4 f   cl_input.obj
 0001:00006b3e       _IN_KLookDown              00407b3e f   cl_input.obj
 0001:00006b4a       _KeyDown                   00407b4a f   cl_input.obj
 0001:00006bc0       _IN_UpUp                   00407bc0 f   cl_input.obj
 0001:00006bcc       _IN_UpDown                 00407bcc f   cl_input.obj
 0001:00006bd8       _IN_DownUp                 00407bd8 f   cl_input.obj
 0001:00006be4       _IN_DownDown               00407be4 f   cl_input.obj
 0001:00006bf0       _IN_RightUp                00407bf0 f   cl_input.obj
 0001:00006bfc       _IN_RightDown              00407bfc f   cl_input.obj
 0001:00006c08       _IN_LeftUp                 00407c08 f   cl_input.obj
 0001:00006c14       _IN_LeftDown               00407c14 f   cl_input.obj
 0001:00006c20       _IN_ForwardUp              00407c20 f   cl_input.obj
 0001:00006c2c       _IN_ForwardDown            00407c2c f   cl_input.obj
 0001:00006c38       _IN_BackUp                 00407c38 f   cl_input.obj
 0001:00006c44       _IN_BackDown               00407c44 f   cl_input.obj
 0001:00006c50       _IN_LookupUp               00407c50 f   cl_input.obj
 0001:00006c5c       _IN_LookupDown             00407c5c f   cl_input.obj
 0001:00006c68       _IN_LookdownUp             00407c68 f   cl_input.obj
 0001:00006c74       _IN_LookdownDown           00407c74 f   cl_input.obj
 0001:00006c80       _IN_MoveleftUp             00407c80 f   cl_input.obj
 0001:00006c8c       _IN_MoveleftDown           00407c8c f   cl_input.obj
 0001:00006c98       _IN_MoverightUp            00407c98 f   cl_input.obj
 0001:00006ca4       _IN_MoverightDown          00407ca4 f   cl_input.obj
 0001:00006cb0       _IN_SpeedUp                00407cb0 f   cl_input.obj
 0001:00006cbc       _IN_SpeedDown              00407cbc f   cl_input.obj
 0001:00006cc8       _IN_StrafeUp               00407cc8 f   cl_input.obj
 0001:00006cd4       _IN_StrafeDown             00407cd4 f   cl_input.obj
 0001:00006ce0       _IN_AttackUp               00407ce0 f   cl_input.obj
 0001:00006cec       _IN_AttackDown             00407cec f   cl_input.obj
 0001:00006cf8       _IN_UseUp                  00407cf8 f   cl_input.obj
 0001:00006d04       _IN_UseDown                00407d04 f   cl_input.obj
 0001:00006d10       _IN_Lookdown               00407d10 f   cl_input.obj
 0001:00006d43       _IN_Lookup                 00407d43 f   cl_input.obj
 0001:00006fdb       _CreateCmd                 00407fdb f   cl_input.obj
 0001:00007027       _BaseMove                  00408027 f   cl_input.obj
 0001:000071e4       _KeyState                  004081e4 f   cl_input.obj
 0001:00007244       _AdjustAngles              00408244 f   cl_input.obj
 0001:00007353       _FinishMove                00408353 f   cl_input.obj
 0001:0000740c       _ClampPitch                0040840c f   cl_input.obj
 0001:0000377f       _CL_AddParticleTraces      0040477f f   cl_fx.obj
 0001:00003ad8       _CL_UpdateParticleBeams    00404ad8 f   cl_fx.obj
 0001:00002487       _CL_AddDebugLines          00403487 f   cl_ents.obj
 0001:000024db       _CL_AddPacketEntities      004034db f   cl_ents.obj
 0001:00002f30       _GetEntityInfo             00403f30 f   cl_ents.obj
 0001:0000303f       _AddEntityWithEffects      0040403f f   cl_ents.obj
 0001:0000306b       _AddViewWeapon             0040406b f   cl_ents.obj
 0001:0000083e       _FreeCinematic             0040183e f   cl_cin.obj
 0001:000009f1       _ReadNextFrame             004019f1 f   cl_cin.obj
 0001:00000b0e       _Huff1Decompress           00401b0e f   cl_cin.obj
 0001:00000fb7       _Huff1TableInit            00401fb7 f   cl_cin.obj
 0001:000010b1       _SmallestNode1             004020b1 f   cl_cin.obj
 0001:0000014c       _CDAudio_GetAudioDiskInfo  0040114c f   cd_win.obj
 0001:000004c4       _CD_f                      004014c4 f   cd_win.obj
 0001:0000077d       _CDAudio_Eject             0040177d f   cd_win.obj
 0001:000007a7       _CDAudio_CloseDoor         004017a7 f   cd_win.obj

 70 bytes saved through ICF

