 quake2

 Timestamp is 421b84fc (Tue Feb 22 22:16:12 2005)

 Preferred load address is 00400000

 Start         Length     Name                   Class
 0001:00000000 0005fc10H .text                   CODE
 0002:00000000 00000278H .idata$5                DATA
 0002:00000278 00004484H .rdata                  DATA
 0002:00004700 00000044H .rdata$r                DATA
 0002:00004748 00000038H .xdata$x                DATA
 0002:00004780 00000078H .idata$2                DATA
 0002:000047f8 00000014H .idata$3                DATA
 0002:0000480c 00000278H .idata$4                DATA
 0002:00004a84 000007fcH .idata$6                DATA
 0002:00005280 00000000H .edata                  DATA
 0003:00000000 00000004H .CRT$XCA                DATA
 0003:00000004 00000024H .CRT$XCU                DATA
 0003:00000028 00000004H .CRT$XCZ                DATA
 0003:0000002c 00000004H .CRT$XIA                DATA
 0003:00000030 00000004H .CRT$XIZ                DATA
 0003:00000040 0000e58cH .data                   DATA
 0003:0000e5d0 00316894H .bss                    DATA
 0004:00000000 00000130H .rsrc$01                DATA
 0004:00000130 00003f20H .rsrc$02                DATA

  Address         Publics by Value              Rva+Base     Lib:Object

 0001:00000000       ??3@YAXPAX@Z               00401000 f i CoreMain.obj
 0001:0000000b       ?appInit@@YAXXZ            0040100b f   CoreMain.obj
 0001:00000069       ?appLoadDebugSymbols@@YAXXZ 00401069 f   DbgSymbols.obj
 0001:0000026c       ?appSymbolName@@YA_NIPADH@Z 0040126c f   DbgSymbols.obj
 0001:00000358       ?appSymbolName@@YAPBDI@Z   00401358 f   DbgSymbols.obj
 0001:0000038a       ?appMalloc@@YAPAXIH@Z      0040138a f   Memory.obj
 0001:00000438       ?appFree@@YAXPAX@Z         00401438 f   Memory.obj
 0001:00000466       ?Unlink@FMemHeader@@QAEXXZ 00401466 f i Memory.obj
 0001:00000491       ?Link@CMemoryChain@@AAEXXZ 00401491 f   Memory.obj
 0001:000004b0       ?Unlink@CMemoryChain@@AAEXXZ 004014b0 f   Memory.obj
 0001:000004db       ??2CMemoryChain@@SAPAXIH@Z 004014db f   Memory.obj
 0001:0000054d       ??3CMemoryChain@@SAXPAX@Z  0040154d f   Memory.obj
 0001:00000580       ?Alloc@CMemoryChain@@QAEPAXIH@Z 00401580 f   Memory.obj
 0001:000005ea       ?appInitMemory@@YAXXZ      004015ea f   Memory.obj
 0001:00000b08       ?Write@COutputDeviceNull@@UAEXPBD@Z 00401b08 f i OutputDevice.obj
 0001:00000b0b       ?appWPrintf@@YAXPBDZZ      00401b0b f   OutputDevice.obj
 0001:00000b5c       ?appFatalError@@YAXPBDZZ   00401b5c f   ErrorMgr.obj
 0001:00000b96       ?appNonFatalError@@YAXPBDZZ 00401b96 f   ErrorMgr.obj
 0001:00000bf4       ?appUnwindPrefix@@YAXPBD@Z 00401bf4 f   ErrorMgr.obj
 0001:00000c4b       ?appUnwindThrow@@YAXPBDZZ  00401c4b f   ErrorMgr.obj
 0001:00000cd2       ?Reset@CErrorHandler@@QAEXXZ 00401cd2 f   ErrorMgr.obj
 0001:00000cfc       ?appInitError@@YAXXZ       00401cfc f   ErrorMgr.obj
 0001:00000dba       ?appStricmp@@YAHPBD0@Z     00401dba f   Strings.obj
 0001:00000def       ?toLower@@YADD@Z           00401def f i Strings.obj
 0001:00000e06       ?appStrcpy@@YAXPADPBD@Z    00401e06 f   Strings.obj
 0001:00000e19       ?appStrncpylwr@@YAXPADPBDH@Z 00401e19 f   Strings.obj
 0001:00000e4b       ?appStrncpyz@@YAXPADPBDH@Z 00401e4b f   Strings.obj
 0001:00000e78       ?appStrcatn@@YAXPADHPBD@Z  00401e78 f   Strings.obj
 0001:00000ea3       ?appCopyFilename@@YAXPADPBDH@Z 00401ea3 f   Strings.obj
 0001:00000f3f       ?va@@YAPBDPBDZZ            00401f3f f   Strings.obj
 0001:00000fdb       ?appSprintf@@YAHPADHPBDZZ  00401fdb f   Strings.obj
 0001:00001026       ?appMatchWildcard@@YA_NPBD0_N@Z 00402026 f   Strings.obj
 0001:000011a6       ?CopyString@@YAPADPBD@Z    004021a6 f   Strings.obj
 0001:000011e6       ?CopyString@@YAPADPBDPAVCMemoryChain@@@Z 004021e6 f   Strings.obj
 0001:0000121a       ??2CStringItem@@SAPAXIPBD@Z 0040221a f   Strings.obj
 0001:00001263       ??2CStringItem@@SAPAXIPBDPAVCMemoryChain@@@Z 00402263 f   Strings.obj
 0001:000012a0       ?Find@CStringList@@IAEPAVCStringItem@@PBDPAPAV2@@Z 004022a0 f   Strings.obj
 0001:000012e3       ?Find@CStringList@@IAEPAVCStringItem@@H@Z 004022e3 f   Strings.obj
 0001:000012fc       ?IndexOf@CStringList@@QAEHPBD@Z 004022fc f   Strings.obj
 0001:00001329       ?Remove@CStringList@@QAE_NPAVCStringItem@@@Z 00402329 f   Strings.obj
 0001:00001355       ?Free@CStringList@@QAEXXZ  00402355 f   Strings.obj
 0001:0000136e       ?osAddressInfo@@YA_NIPADHPAH@Z 0040236e f   DbgSymbolsWin32.obj
 0001:00001402       ?osModuleInfo@@YA_NIPADHPAH@Z 00402402 f   DbgSymbolsWin32.obj
 0001:000015aa       ?win32ExceptFilter@@YAHPAU_EXCEPTION_POINTERS@@@Z 004025aa f   ExceptFilterWin32.obj
 0001:00001b4c       ?win32ExceptFilter2@@YAHXZ 00402b4c f   ExceptFilterWin32.obj
 0001:00001b58       ?SCR_StopCinematic@@YAXXZ  00402b58 f   cl_cin.obj
 0001:00001bec       ?SCR_DrawCinematic@@YA_NXZ 00402bec f   cl_cin.obj
 0001:0000204f       ?SCR_PlayCinematic@@YAXPAD@Z 0040304f f   cl_cin.obj
 0001:000023b0       ?CL_Download_f@@YAX_NHPAPAD@Z 004033b0 f   cl_download.obj
 0001:00002761       ?CL_ParseDownload@@YAXXZ   00403761 f   cl_download.obj
 0001:00002f6e       ?CL_Precache_f@@YAXHPAPAD@Z 00403f6e f   cl_download.obj
 0001:00002fcc       ?CL_ParseEntityBits@@YAHPAI@Z 00403fcc f   cl_ents.obj
 0001:0000302e       ?CL_ParseDelta@@YAXPAUentityState_t@@0HH_N@Z 0040402e f   cl_ents.obj
 0001:00003414       ?CL_DeltaEntity@@YAXPAUframe_t@@HPAUentityState_t@@H@Z 00404414 f   cl_ents.obj
 0001:00003569       ?CL_ParsePacketEntities@@YAXPAUframe_t@@0@Z 00404569 f   cl_ents.obj
 0001:00003774       ?CL_ParsePlayerstate@@YAXPAUframe_t@@0@Z 00404774 f   cl_ents.obj
 0001:00003a7c       ?CL_FireEntityEvents@@YAXPAUframe_t@@@Z 00404a7c f   cl_ents.obj
 0001:00003ace       ?CL_ParseFrame@@YAXXZ      00404ace f   cl_ents.obj
 0001:00003d9c       ?CL_AddEntityBox@@YAXPAUentityState_t@@I@Z 00404d9c f   cl_ents.obj
 0001:00003e7a       ?CL_OffsetThirdPersonView@@YAXXZ 00404e7a f   cl_ents.obj
 0001:00003f34       ?CL_CalcViewValues@@YAXXZ  00404f34 f   cl_ents.obj
 0001:0000423d       ?CL_AddEntities@@YAXXZ     0040523d f   cl_ents.obj
 0001:00004ff1       ?CL_GetEntitySoundOrigin@@YAXHQAM@Z 00405ff1 f   cl_ents.obj
 0001:00005029       ?CL_ClearLightStyles@@YAXXZ 00406029 f   cl_fx.obj
 0001:000050ab       ?CL_RunLightStyles@@YAXXZ  004060ab f   cl_fx.obj
 0001:0000514a       ?CL_SetLightstyle@@YAXHPBD@Z 0040614a f   cl_fx.obj
 0001:000051ab       ?CL_ClearDlights@@YAXXZ    004061ab f   cl_fx.obj
 0001:000051bc       ?CL_AllocDlight@@YAPAUcdlight_t@@HQAM@Z 004061bc f   cl_fx.obj
 0001:00005225       ?CL_AddDLights@@YAXXZ      00406225 f   cl_fx.obj
 0001:00005285       ?CL_ClearParticles@@YAXXZ  00406285 f   cl_fx.obj
 0001:000052ec       ?CL_AllocParticleTrace@@YAPAUparticleTrace_t@@QAM0MM@Z 004062ec f   cl_fx.obj
 0001:0000538c       ?CL_AllocParticleBeam@@YAPAUbeam_s@@QAM0MM@Z 0040638c f   cl_fx.obj
 0001:000053ff       ?CL_AllocParticle@@YAPAUparticle_s@@XZ 004063ff f   cl_fx.obj
 0001:0000544d       ?CL_UpdateParticles@@YAXXZ 0040644d f   cl_fx.obj
 0001:00005a3f       ?CL_MetalSparks@@YAXQAM0H@Z 00406a3f f   cl_fx.obj
 0001:00005b2c       ?CL_ParseMuzzleFlash@@YAXXZ 00406b2c f   cl_fx.obj
 0001:00005ec2       ?CL_ParseMuzzleFlash2@@YAXXZ 00406ec2 f   cl_fx.obj
 0001:00006505       ?CL_ParticleEffect@@YAXQAM0HH@Z 00407505 f   cl_fx.obj
 0001:000065d4       ?CL_ParticleEffect2@@YAXQAM0HH@Z 004075d4 f   cl_fx.obj
 0001:0000669f       ?CL_ParticleEffect3@@YAXQAM0HH@Z 0040769f f   cl_fx.obj
 0001:0000676f       ?CL_TeleporterParticles@@YAXPAUentityState_t@@@Z 0040776f f   cl_fx.obj
 0001:00006826       ?CL_LogoutEffect@@YAXQAMH@Z 00407826 f   cl_fx.obj
 0001:00006911       ?CL_ItemRespawnParticles@@YAXQAM@Z 00407911 f   cl_fx.obj
 0001:000069c0       ?CL_ExplosionParticles@@YAXQAM@Z 004079c0 f   cl_fx.obj
 0001:00006a6a       ?CL_BigTeleportParticles@@YAXQAM@Z 00407a6a f   cl_fx.obj
 0001:00006bc1       ?CL_BlasterParticles@@YAXQAM0@Z 00407bc1 f   cl_fx.obj
 0001:00006c8d       ?CL_BlasterTrail@@YAXQAM0@Z 00407c8d f   cl_fx.obj
 0001:00006d80       ?CL_FlagTrail@@YAXQAM0M@Z  00407d80 f   cl_fx.obj
 0001:00006e80       ?CL_DiminishingTrail@@YAXQAM0PAUcentity_t@@H@Z 00407e80 f   cl_fx.obj
 0001:000070e4       ?CL_RocketTrail@@YAXQAM0PAUcentity_t@@@Z 004080e4 f   cl_fx.obj
 0001:00007211       ?CL_RailTrail@@YAXQAM0@Z   00408211 f   cl_fx.obj
 0001:00007437       ?CL_RailTrailExt@@YAXQAM0EE@Z 00408437 f   cl_fx.obj
 0001:0000753b       ?CL_IonripperTrail@@YAXQAM0@Z 0040853b f   cl_fx.obj
 0001:0000764e       ?CL_BubbleTrail@@YAXQAM0@Z 0040864e f   cl_fx.obj
 0001:0000776c       ?CL_FlyParticles@@YAXQAMH@Z 0040876c f   cl_fx.obj
 0001:0000790b       ?CL_FlyEffect@@YAXPAUcentity_t@@QAM@Z 0040890b f   cl_fx.obj
 0001:0000798e       ?CL_BfgParticles@@YAXPAUentity_t@@@Z 0040898e f   cl_fx.obj
 0001:00007b68       ?CL_TrapParticles@@YAXPAUentity_t@@@Z 00408b68 f   cl_fx.obj
 0001:00007deb       ?CL_BFGExplosionParticles@@YAXQAM@Z 00408deb f   cl_fx.obj
 0001:00007e95       ?CL_TeleportParticles@@YAXQAM@Z 00408e95 f   cl_fx.obj
 0001:00007fce       ?CL_EntityEvent@@YAXPAUentityState_t@@@Z 00408fce f   cl_fx.obj
 0001:000081ad       ?CL_ClearEffects@@YAXXZ    004091ad f   cl_fx.obj
 0001:000081bc       ?IN_CenterView@@YAXXZ      004091bc f   cl_input.obj
 0001:000081dd       ?CL_InitInput@@YAXXZ       004091dd f   cl_input.obj
 0001:00008779       ?CL_SendCmd@@YAXXZ         00409779 f   cl_input.obj
 0001:00008e74       ?CL_WriteDemoMessage@@YAXXZ 00409e74 f   cl_main.obj
 0001:00008eb6       ?Cmd_ForwardToServer@@YAXHPAPAD@Z 00409eb6 f   cl_main.obj
 0001:00008f49       ?CL_ForwardToServer_f@@YAXHPAPAD@Z 00409f49 f   cl_main.obj
 0001:00008f91       ?CL_Pause@@YAX_N@Z         00409f91 f   cl_main.obj
 0001:00008fd3       ?CL_Quit_f@@YAXXZ          00409fd3 f   cl_main.obj
 0001:00008fdd       ?CL_Drop@@YAX_N@Z          00409fdd f   cl_main.obj
 0001:00009000       ?CL_SendConnectPacket@@YAXXZ 0040a000 f   cl_main.obj
 0001:000090d7       ?CL_CheckForResend@@YAXXZ  0040a0d7 f   cl_main.obj
 0001:000091dc       ?CL_Connect_f@@YAX_NHPAPAD@Z 0040a1dc f   cl_main.obj
 0001:0000925f       ?CL_Rcon_f@@YAXHPAPAD@Z    0040a25f f   cl_main.obj
 0001:00009367       ?CL_Disconnect@@YAXXZ      0040a367 f   cl_main.obj
 0001:00009517       ?CL_Disconnect_f@@YAXXZ    0040a517 f   cl_main.obj
 0001:00009521       ?CL_Changing_f@@YAXXZ      0040a521 f   cl_main.obj
 0001:00009545       ?CL_Reconnect_f@@YAXXZ     0040a545 f   cl_main.obj
 0001:000095e1       ?CL_PingServers_f@@YAXXZ   0040a5e1 f   cl_main.obj
 0001:0000974c       ?CL_Skins_f@@YAXXZ         0040a74c f   cl_main.obj
 0001:00009a1f       ?CL_ConnectionlessPacket@@YAXXZ 0040aa1f f   cl_main.obj
 0001:00009b1e       ?CL_ReadPackets@@YAXXZ     0040ab1e f   cl_main.obj
 0001:00009c63       ?CL_FixUpGender@@YAXXZ     0040ac63 f   cl_main.obj
 0001:00009d15       ?CL_Userinfo_f@@YAXXZ      0040ad15 f   cl_main.obj
 0001:00009d2d       ?CL_RegisterSounds@@YAXXZ  0040ad2d f   cl_main.obj
 0001:00009d6c       ?CL_Snd_Restart_f@@YAXXZ   0040ad6c f   cl_main.obj
 0001:00009d7b       ?CL_WriteConfiguration@@YAXPAD@Z 0040ad7b f   cl_main.obj
 0001:00009e36       ?CL_WriteConfig_f@@YAX_NHPAPAD@Z 0040ae36 f   cl_main.obj
 0001:00009e95       ?CL_FixCvarCheats@@YAXXZ   0040ae95 f   cl_main.obj
 0001:00009eef       ?CL_Frame@@YAXMH@Z         0040aeef f   cl_main.obj
 0001:0000a0d3       ?CL_ClearState@@YAXXZ      0040b0d3 f   cl_main.obj
 0001:0000a10b       ?CL_Init@@YAXXZ            0040b10b f   cl_main.obj
 0001:0000a5f8       ?CL_Shutdown@@YAX_N@Z      0040b5f8 f   cl_main.obj
 0001:0000a64d       ?CL_Flashlight@@YAXHQAM@Z  0040b64d f   cl_newfx.obj
 0001:0000a687       ?CL_ColorFlash@@YAXQAMHHMMM@Z 0040b687 f   cl_newfx.obj
 0001:0000a6c3       ?CL_DebugTrail@@YAXQAM0@Z  0040b6c3 f   cl_newfx.obj
 0001:0000a7a3       ?CL_ForceWall@@YAXQAM0H@Z  0040b7a3 f   cl_newfx.obj
 0001:0000a8ca       ?CL_BubbleTrail2@@YAXQAM0H@Z 0040b8ca f   cl_newfx.obj
 0001:0000a9f4       ?CL_Heatbeam@@YAXQAM0@Z    0040b9f4 f   cl_newfx.obj
 0001:0000aca5       ?CL_ParticleSteamEffect@@YAXQAM0HHH@Z 0040bca5 f   cl_newfx.obj
 0001:0000adcf       ?CL_ParticleSteamEffect2@@YAXPAUcl_sustain_s@@@Z 0040bdcf f   cl_newfx.obj
 0001:0000af06       ?CL_TrackerTrail@@YAXQAM0H@Z 0040bf06 f   cl_newfx.obj
 0001:0000b056       ?CL_Tracker_Shell@@YAXQAM@Z 0040c056 f   cl_newfx.obj
 0001:0000b0df       ?CL_MonsterPlasma_Shell@@YAXQAM@Z 0040c0df f   cl_newfx.obj
 0001:0000b165       ?CL_Widowbeamout@@YAXPAUcl_sustain_s@@@Z 0040c165 f   cl_newfx.obj
 0001:0000b221       ?CL_Nukeblast@@YAXPAUcl_sustain_s@@@Z 0040c221 f   cl_newfx.obj
 0001:0000b2dd       ?CL_WidowSplash@@YAXQAM@Z  0040c2dd f   cl_newfx.obj
 0001:0000b3a5       ?CL_TagTrail@@YAXQAM0M@Z   0040c3a5 f   cl_newfx.obj
 0001:0000b4a5       ?CL_ColorExplosionParticles@@YAXQAMHH@Z 0040c4a5 f   cl_newfx.obj
 0001:0000b552       ?CL_ParticleSmokeEffect@@YAXQAM0HHH@Z 0040c552 f   cl_newfx.obj
 0001:0000b67a       ?CL_BlasterParticles2@@YAXQAM0I@Z 0040c67a f   cl_newfx.obj
 0001:0000b747       ?CL_BlasterTrail2@@YAXQAM0@Z 0040c747 f   cl_newfx.obj
 0001:0000b83a       ?CL_LoadClientinfo@@YAXPAUclientinfo_t@@PAD@Z 0040c83a f   cl_parse.obj
 0001:0000bb21       ?CL_ParseClientinfo@@YAXH@Z 0040cb21 f   cl_parse.obj
 0001:0000bb45       ?CL_ParseServerMessage@@YAXXZ 0040cb45 f   cl_parse.obj
 0001:0000c306       ?CL_CheckPredictionError@@YAXXZ 0040d306 f   cl_pred.obj
 0001:0000c4a6       ?CL_EntityTrace@@YAXPAUtrace_t@@QAM111H@Z 0040d4a6 f   cl_pred.obj
 0001:0000c85f       ?CL_Trace@@YAXPAUtrace_t@@QAM111H@Z 0040d85f f   cl_pred.obj
 0001:0000c8e1       ?CL_PMpointcontents@@YAHQAM@Z 0040d8e1 f   cl_pred.obj
 0001:0000ca6f       ?CL_PredictMovement@@YAXXZ 0040da6f f   cl_pred.obj
 0001:0000ce11       ?DrawString@@YAXHHPBD@Z    0040de11 f   cl_scrn.obj
 0001:0000ce56       ?SCR_DebugGraph@@YAXMH@Z   0040de56 f   cl_scrn.obj
 0001:0000ce7e       ?SCR_CenterPrint@@YAXPAD@Z 0040de7e f   cl_scrn.obj
 0001:0000cf82       ?Key_Message@@YAXH@Z       0040df82 f   cl_scrn.obj
 0001:0000d01e       ?SCR_SetLevelshot@@YAXPBD@Z 0040e01e f   cl_scrn.obj
 0001:0000d102       ?SCR_BeginLoadingPlaque@@YAXXZ 0040e102 f   cl_scrn.obj
 0001:0000d187       ?SCR_EndLoadingPlaque@@YAX_N@Z 0040e187 f   cl_scrn.obj
 0001:0000d20c       ?SCR_ShowConsole@@YAX_N0@Z 0040e20c f   cl_scrn.obj
 0001:0000d2e5       ?SCR_ToggleConsole@@YAXXZ  0040e2e5 f   cl_scrn.obj
 0001:0000d30d       ?SCR_TouchPics@@YAXXZ      0040e30d f   cl_scrn.obj
 0001:0000d37d       ?SCR_UpdateScreen@@YAXXZ   0040e37d f   cl_scrn.obj
 0001:0000e6d1       ?SCR_Init@@YAXXZ           0040f6d1 f   cl_scrn.obj
 0001:0000e9b1       ?CL_RegisterTEntSounds@@YAXXZ 0040f9b1 f   cl_tent.obj
 0001:0000ebf6       ?CL_RegisterTEntModels@@YAXXZ 0040fbf6 f   cl_tent.obj
 0001:0000ed2e       ?CL_ClearTEnts@@YAXXZ      0040fd2e f   cl_tent.obj
 0001:0000ed62       ?CL_AllocExplosion@@YAPAUexplosion_t@@QAMW4exptype_t@@@Z 0040fd62 f   cl_tent.obj
 0001:0000edfe       ?CL_AddExplosions@@YAXXZ   0040fdfe f   cl_tent.obj
 0001:0000ef98       ?CL_SmokeAndFlash@@YAXQAM@Z 0040ff98 f   cl_tent.obj
 0001:0000efe0       ?CL_ParseBeam@@YAHPAUmodel_s@@@Z 0040ffe0 f   cl_tent.obj
 0001:0000f0bf       ?CL_ParseBeam2@@YAHPAUmodel_s@@@Z 004100bf f   cl_tent.obj
 0001:0000f196       ?CL_ParsePlayerBeam@@YAHPAUmodel_s@@@Z 00410196 f   cl_tent.obj
 0001:0000f2a4       ?CL_ParseLightning@@YAHPAUmodel_s@@@Z 004102a4 f   cl_tent.obj
 0001:0000f370       ?CL_ParseLaser@@YAXI@Z     00410370 f   cl_tent.obj
 0001:0000f3ec       ?CL_ParseSteam@@YAXXZ      004103ec f   cl_tent.obj
 0001:0000f4fd       ?CL_ParseWidow@@YAXXZ      004104fd f   cl_tent.obj
 0001:0000f569       ?CL_ParseNuke@@YAXXZ       00410569 f   cl_tent.obj
 0001:0000f5d3       ?CL_ParseTEnt@@YAXXZ       004105d3 f   cl_tent.obj
 0001:000103ee       ?CL_AddBeams@@YAXXZ        004113ee f   cl_tent.obj
 0001:0001072a       ?CL_AddPlayerBeams@@YAXXZ  0041172a f   cl_tent.obj
 0001:00010e1a       ?CL_ProcessSustain@@YAXXZ  00411e1a f   cl_tent.obj
 0001:00010e5b       ?CL_AddTEnts@@YAXXZ        00411e5b f   cl_tent.obj
 0001:00010e6f       ?V_AddEntity@@YAXPAUentity_t@@@Z 00411e6f f   cl_view.obj
 0001:00010e9e       ?V_AddLight@@YAXQAMMMMM@Z  00411e9e f   cl_view.obj
 0001:00010ee3       ?V_TestParticles@@YAXXZ    00411ee3 f   cl_view.obj
 0001:00010fa1       ?V_TestEntities@@YAXXZ     00411fa1 f   cl_view.obj
 0001:00011037       ?V_TestLights@@YAXXZ       00412037 f   cl_view.obj
 0001:00011105       ?CL_PrepRefresh@@YAXXZ     00412105 f   cl_view.obj
 0001:000113ca       ?CalcFov@@YAMMMM@Z         004123ca f   cl_view.obj
 0001:0001143e       ?V_RenderView@@YA_NM@Z     0041243e f   cl_view.obj
 0001:000120f1       ?V_Init@@YAXXZ             004130f1 f   cl_view.obj
 0001:000121a1       ?Con_ClearNotify@@YAXXZ    004131a1 f   console.obj
 0001:000121b0       ?Con_CheckResize@@YAXXZ    004131b0 f   console.obj
 0001:000122d7       ?Con_Print@@YAXPBD@Z       004132d7 f   console.obj
 0001:000125cf       ?Con_DrawNotify@@YAX_N@Z   004135cf f   console.obj
 0001:000126e9       ?Con_DrawConsole@@YAXM@Z   004136e9 f   console.obj
 0001:00012ac3       ?Con_ClearTyping@@YAXXZ    00413ac3 f   console.obj
 0001:00012adc       ?Key_Console@@YAXHH@Z      00413adc f   console.obj
 0001:00012f24       ?Con_Init@@YAXXZ           00413f24 f   console.obj
 0001:000130a0       ?Key_KeynumToString@@YAPBDH@Z 004140a0 f   keys.obj
 0001:00013150       ?CompleteCommand@@YAXXZ    00414150 f   keys.obj
 0001:00013aab       ?Key_SetBinding@@YAXHPBD@Z 00414aab f   keys.obj
 0001:00013ae9       ?Key_FindBinding@@YAHPBDPAHH@Z 00414ae9 f   keys.obj
 0001:00013b37       ?Key_WriteBindings@@YAXPAU_iobuf@@@Z 00414b37 f   keys.obj
 0001:00013b7f       ?Key_Init@@YAXXZ           00414b7f f   keys.obj
 0001:00013e63       ?Key_Event@@YAXH_NI@Z      00414e63 f   keys.obj
 0001:000141b1       ?Key_ClearStates@@YAXXZ    004151b1 f   keys.obj
 0001:000141e8       ?M_PushMenu@@YAXP6AXXZP6APBDH@Z@Z 004151e8 f   menu.obj
 0001:00014277       ?M_ForceMenuOff@@YAXXZ     00415277 f   menu.obj
 0001:000142a0       ?M_ForceMenuOn@@YAXXZ      004152a0 f   menu.obj
 0001:000142b9       ?M_PopMenu@@YAXXZ          004152b9 f   menu.obj
 0001:00014305       ?Default_MenuKey@@YAPBDPAUmenuFramework_s@@H@Z 00415305 f   menu.obj
 0001:00014425       ?M_DrawCharacter@@YAXHHH@Z 00415425 f   menu.obj
 0001:00014457       ?M_Print@@YAXHHPAD@Z       00415457 f   menu.obj
 0001:0001449d       ?M_DrawCursor@@YAXHHH@Z    0041549d f   menu.obj
 0001:000144c2       ?M_DrawTextBox@@YAXHHHH@Z  004154c2 f   menu.obj
 0001:00014594       ?M_Main_Draw@@YAXXZ        00415594 f   menu.obj
 0001:00014708       ?M_Main_Key@@YAPBDH@Z      00415708 f   menu.obj
 0001:000147e6       ?M_Menu_Main_f@@YAXXZ      004157e6 f   menu.obj
 0001:00014807       ?M_Menu_Multiplayer_f@@YAXXZ 00415807 f   menu.obj
 0001:000149df       ?M_Menu_Keys_f@@YAXXZ      004159df f   menu.obj
 0001:00014e3b       ?M_Menu_Options_f@@YAXXZ   00415e3b f   menu.obj
 0001:00015750       ?M_Menu_Video_f@@YAXXZ     00416750 f   menu.obj
 0001:00015771       ?M_Menu_Credits_f@@YAXXZ   00416771 f   menu.obj
 0001:0001591e       ?M_Menu_Game_f@@YAXXZ      0041691e f   menu.obj
 0001:00015b91       ?M_Menu_LoadGame_f@@YAXXZ  00416b91 f   menu.obj
 0001:00015e5f       ?M_Menu_SaveGame_f@@YAXXZ  00416e5f f   menu.obj
 0001:00015fbf       ?M_AddToServerList@@YAXUnetadr_t@@PAD@Z 00416fbf f   menu.obj
 0001:00016032       ?M_Menu_JoinServer_f@@YAXXZ 00417032 f   menu.obj
 0001:000162a3       ?M_Menu_StartServer_f@@YAXXZ 004172a3 f   menu.obj
 0001:00016aa9       ?M_Menu_DMOptions_f@@YAXXZ 00417aa9 f   menu.obj
 0001:0001724a       ?M_Menu_DownloadOptions_f@@YAXXZ 0041824a f   menu.obj
 0001:000174cc       ?M_Menu_AddressBook_f@@YAXXZ 004184cc f   menu.obj
 0001:00018880       ?M_Init@@YAXXZ             00419880 f   menu.obj
 0001:0001899e       ?M_Draw@@YAXXZ             0041999e f   menu.obj
 0001:000189ef       ?M_Keydown@@YAXH@Z         004199ef f   menu.obj
 0001:00018a0b       ?Insert@?$TList@VCStringItem@@@@QAE_NPAVCStringItem@@@Z 00419a0b f i menu.obj
 0001:00018a0b       ?Insert@?$TList@VplayerModelInfo_t@@@@QAE_NPAVplayerModelInfo_t@@@Z 00419a0b f i menu.obj
 0001:00018a41       ?Menu_ItemAtCursor@@YAPAUmenuCommon_s@@PAUmenuFramework_s@@@Z 00419a41 f   qmenu.obj
 0001:00018a91       ?Field_Key@@YA_NPAUmenuField_t@@H@Z 00419a91 f   qmenu.obj
 0001:00018c3e       ?Menu_AddItem@@YAXPAUmenuFramework_s@@PAX@Z 00419c3e f   qmenu.obj
 0001:00018cf9       ?Menu_AdjustCursor@@YAXPAUmenuFramework_s@@H@Z 00419cf9 f   qmenu.obj
 0001:00018e44       ?Menu_Center@@YAXPAUmenuFramework_s@@@Z 00419e44 f   qmenu.obj
 0001:00018e84       ?Menu_Draw@@YAXPAUmenuFramework_s@@@Z 00419e84 f   qmenu.obj
 0001:000193d3       ?Menu_SelectItem@@YA_NPAUmenuFramework_s@@@Z 0041a3d3 f   qmenu.obj
 0001:00019426       ?Menu_SetStatusBar@@YAXPAUmenuFramework_s@@PBD@Z 0041a426 f   qmenu.obj
 0001:00019432       ?Menu_SlideItem@@YAXPAUmenuFramework_s@@H@Z 0041a432 f   qmenu.obj
 0001:0001992d       ?InitRendererVars@@YAXXZ   0041a92d f   ref_vars.obj
 0001:0001994c       ?S_SoundInfo_f@@YAXXZ      0041a94c f   snd_dma.obj
 0001:000199d6       ?S_ReadModelsSex@@YAXXZ    0041a9d6 f   snd_dma.obj
 0001:00019abb       ?S_IsFemale@@YA_NPAD@Z     0041aabb f   snd_dma.obj
 0001:00019b0f       ?S_Init@@YAXXZ             0041ab0f f   snd_dma.obj
 0001:00019be5       ?S_Shutdown@@YAXXZ         0041abe5 f   snd_dma.obj
 0001:00019c78       ?S_BeginRegistration@@YAXXZ 0041ac78 f   snd_dma.obj
 0001:00019c86       ?S_RegisterSound@@YAPAUsfx_s@@PBD@Z 0041ac86 f   snd_dma.obj
 0001:00019e1f       ?S_EndRegistration@@YAXXZ  0041ae1f f   snd_dma.obj
 0001:00019eb7       ?S_PickChannel@@YAPAUchannel_t@@HH@Z 0041aeb7 f   snd_dma.obj
 0001:00019f44       ?S_SpatializeOrigin@@YAXQAMMMPAH1@Z 0041af44 f   snd_dma.obj
 0001:0001a06b       ?S_Spatialize@@YAXPAUchannel_t@@@Z 0041b06b f   snd_dma.obj
 0001:0001a0dc       ?S_AllocPlaysound@@YAPAUplaysound_s@@XZ 0041b0dc f   snd_dma.obj
 0001:0001a0fe       ?S_FreePlaysound@@YAXPAUplaysound_s@@@Z 0041b0fe f   snd_dma.obj
 0001:0001a12e       ?S_IssuePlaysound@@YAXPAUplaysound_s@@@Z 0041b12e f   snd_dma.obj
 0001:0001a1fb       ?S_StartSound@@YAXQAMHHPAUsfx_s@@MMM@Z 0041b1fb f   snd_dma.obj
 0001:0001a573       ?S_StartLocalSound@@YAXPBD@Z 0041b573 f   snd_dma.obj
 0001:0001a5c2       ?S_ClearBuffer@@YAXXZ      0041b5c2 f   snd_dma.obj
 0001:0001a62b       ?S_StopAllSounds_f@@YAXXZ  0041b62b f   snd_dma.obj
 0001:0001a69b       ?S_AddLoopSounds@@YAXXZ    0041b69b f   snd_dma.obj
 0001:0001a872       ?S_RawSamples@@YAXHHHHPAE@Z 0041b872 f   snd_dma.obj
 0001:0001aa76       ?S_Update@@YAXQAM000@Z     0041ba76 f   snd_dma.obj
 0001:0001ab70       ?GetSoundtime@@YAXXZ       0041bb70 f   snd_dma.obj
 0001:0001abd7       ?S_Update_@@YAXXZ          0041bbd7 f   snd_dma.obj
 0001:0001ae8a       ?ResampleSfx@@YAXPAUsfx_s@@HHPAE@Z 0041be8a f   snd_mem.obj
 0001:0001afa5       ?S_LoadSound@@YAPAUsfxcache_t@@PAUsfx_s@@@Z 0041bfa5 f   snd_mem.obj
 0001:0001b0dd       ?GetWavinfo@@YA?AUwavinfo_t@@PADPAEH@Z 0041c0dd f   snd_mem.obj
 0001:0001b31f       ?S_WriteLinearBlastStereo16@@YAXXZ 0041c31f f   snd_mix.obj
 0001:0001b393       ?S_TransferStereo16@@YAXPAKH@Z 0041c393 f   snd_mix.obj
 0001:0001b3fc       ?S_TransferPaintBuffer@@YAXH@Z 0041c3fc f   snd_mix.obj
 0001:0001b558       ?S_PaintChannels@@YAXH@Z   0041c558 f   snd_mix.obj
 0001:0001b7f4       ?S_InitScaletable@@YAXXZ   0041c7f4 f   snd_mix.obj
 0001:0001b9b5       ?SV_WipeSavegame@@YAXPAD@Z 0041c9b5 f   sv_ccmds.obj
 0001:0001b9e3       ?SV_CopySaveGame@@YAXPAD0@Z 0041c9e3 f   sv_ccmds.obj
 0001:0001ba38       ?SV_WriteLevelFile@@YAXXZ  0041ca38 f   sv_ccmds.obj
 0001:0001bae6       ?SV_ReadLevelFile@@YAXXZ   0041cae6 f   sv_ccmds.obj
 0001:0001bb94       ?SV_WriteServerFile@@YAX_NPAD@Z 0041cb94 f   sv_ccmds.obj
 0001:0001bdd1       ?SV_ReadServerFile@@YAXXZ  0041cdd1 f   sv_ccmds.obj
 0001:0001bef6       ?SV_AddressBanned@@YA_NPAUnetadr_t@@@Z 0041cef6 f   sv_ccmds.obj
 0001:0001bf37       ?SV_InitOperatorCommands@@YAXXZ 0041cf37 f   sv_ccmds.obj
 0001:0001cf39       ?SV_WritePlayerstateToClient@@YAXPAUclient_frame_t@@0PAUsizebuf_s@@@Z 0041df39 f   sv_ents.obj
 0001:0001d455       ?SV_WriteFrameToClient@@YAXPAUclient_s@@PAUsizebuf_s@@@Z 0041e455 f   sv_ents.obj
 0001:0001d67d       ?SV_FatPVS@@YAXQAM@Z       0041e67d f   sv_ents.obj
 0001:0001d79b       ?SV_BuildClientFrame@@YAXPAUclient_s@@@Z 0041e79b f   sv_ents.obj
 0001:0001dab0       ?SV_RecordDemoMessage@@YAXXZ 0041eab0 f   sv_ents.obj
 0001:0001e639       ?SV_InitGameLibrary@@YAX_N@Z 0041f639 f   sv_game.obj
 0001:0001e77f       ?SV_ShutdownGameLibrary@@YAXXZ 0041f77f f   sv_game.obj
 0001:0001e8dc       ?SV_FindIndex@@YAHPADHH_N@Z 0041f8dc f   sv_init.obj
 0001:0001e9e1       ?SV_ModelIndex@@YAHPAD@Z   0041f9e1 f   sv_init.obj
 0001:0001e9f7       ?SV_SoundIndex@@YAHPAD@Z   0041f9f7 f   sv_init.obj
 0001:0001ea10       ?SV_ImageIndex@@YAHPAD@Z   0041fa10 f   sv_init.obj
 0001:0001ea29       ?SV_CreateBaseline@@YAXXZ  0041fa29 f   sv_init.obj
 0001:0001ea87       ?SV_CheckForSavegame@@YAXXZ 0041fa87 f   sv_init.obj
 0001:0001eb0f       ?SV_SpawnServer@@YAXPAD0W4server_state_t@@_N2@Z 0041fb0f f   sv_init.obj
 0001:0001edde       ?SV_InitGame@@YAXXZ        0041fdde f   sv_init.obj
 0001:0001f01c       ?SV_Map@@YAX_NPBD0@Z       0042001c f   sv_init.obj
 0001:0001f1e5       ?SV_DropClient@@YAXPAUclient_s@@PAD@Z 004201e5 f   sv_main.obj
 0001:0001f296       ?SV_StatusString@@YAPADXZ  00420296 f   sv_main.obj
 0001:0001facd       ?SV_ConnectionlessPacket@@YAXXZ 00420acd f   sv_main.obj
 0001:0001fb98       ?SV_CalcPings@@YAXXZ       00420b98 f   sv_main.obj
 0001:0001fc1f       ?SV_GiveMsec@@YAXXZ        00420c1f f   sv_main.obj
 0001:0001fc5e       ?SV_ReadPackets@@YAXXZ     00420c5e f   sv_main.obj
 0001:0001fda8       ?SV_CheckTimeouts@@YAXXZ   00420da8 f   sv_main.obj
 0001:0001feb9       ?SV_PostprocessFrame@@YAXXZ 00420eb9 f   sv_main.obj
 0001:00020390       ?SV_MulticastHook@@YAPAUsizebuf_s@@PAU1@0@Z 00421390 f   sv_main.obj
 0001:00020784       ?SV_TraceHook@@YA?AUtrace_t@@QAM000PAUedict_s@@H@Z 00421784 f   sv_main.obj
 0001:000208ff       ?SV_Frame@@YAXM@Z          004218ff f   sv_main.obj
 0001:00020bb9       ?SV_UserinfoChanged@@YAXPAUclient_s@@@Z 00421bb9 f   sv_main.obj
 0001:00020c7d       ?SV_Init@@YAXXZ            00421c7d f   sv_main.obj
 0001:00020cf4       ?SV_Shutdown@@YAXPBD_N@Z   00421cf4 f   sv_main.obj
 0001:00020ef1       ?SV_BeginRedirect@@YAXXZ   00421ef1 f   sv_send.obj
 0001:00020f9b       ?SV_ClientPrintf@@YAXPAUclient_s@@HPADZZ 00421f9b f   sv_send.obj
 0001:00020ff6       ?SV_BroadcastPrintf@@YAXHPADZZ 00421ff6 f   sv_send.obj
 0001:000210cc       ?SV_BroadcastCommand@@YAXPADZZ 004220cc f   sv_send.obj
 0001:00021121       ?SV_Multicast@@YAXQAMW4multicast_t@@_N@Z 00422121 f   sv_send.obj
 0001:00021364       ?SV_MulticastOld@@YAXQAMW4multicast_t@@@Z 00422364 f   sv_send.obj
 0001:00021377       ?SV_MulticastNew@@YAXQAMW4multicast_t@@@Z 00422377 f   sv_send.obj
 0001:0002138a       ?SV_StartSound@@YAXQAMPAUedict_s@@HHMMM_N@Z 0042238a f   sv_send.obj
 0001:00021652       ?SV_StartSoundOld@@YAXQAMPAUedict_s@@HHMMM@Z 00422652 f   sv_send.obj
 0001:00021682       ?SV_StartSoundNew@@YAXQAMPAUedict_s@@HHMMM@Z 00422682 f   sv_send.obj
 0001:000216b2       ?SV_SendClientDatagram@@YA_NPAUclient_s@@@Z 004226b2 f   sv_send.obj
 0001:00021785       ?SV_DemoCompleted@@YAXXZ   00422785 f   sv_send.obj
 0001:000217a1       ?SV_RateDrop@@YA_NPAUclient_s@@@Z 004227a1 f   sv_send.obj
 0001:000217eb       ?SV_SendClientMessages@@YAXXZ 004227eb f   sv_send.obj
 0001:00021939       ?SV_TokenizeString@@YAXPBD@Z 00422939 f   sv_tokenize.obj
 0001:00021a10       ?SV_Argc@@YAHXZ            00422a10 f   sv_tokenize.obj
 0001:00021a16       ?SV_Argv@@YAPADH@Z         00422a16 f   sv_tokenize.obj
 0001:00021a30       ?SV_Args@@YAPADXZ          00422a30 f   sv_tokenize.obj
 0001:00022281       ?SV_Nextserver@@YAXXZ      00423281 f   sv_user.obj
 0001:00022310       ?SV_ExecuteUserCommand@@YAXPAD@Z 00423310 f   sv_user.obj
 0001:000223d2       ?SV_ClientThink@@YAXPAUclient_s@@PAUusercmd_t@@@Z 004233d2 f   sv_user.obj
 0001:00022415       ?SV_ExecuteClientMessage@@YAXPAUclient_s@@@Z 00423415 f   sv_user.obj
 0001:00022633       ?SV_ClearWorld@@YAXXZ      00423633 f   sv_world.obj
 0001:0002278b       ?SV_UnlinkEdict@@YAXPAUedict_s@@@Z 0042378b f   sv_world.obj
 0001:0002284e       ?SV_LinkEdict@@YAXPAUedict_s@@@Z 0042384e f   sv_world.obj
 0001:00022ea6       ?SV_AreaEdicts@@YAHQAM0PAPAUedict_s@@HH@Z 00423ea6 f   sv_world.obj
 0001:00023057       ?SV_PointContents@@YAHQAM@Z 00424057 f   sv_world.obj
 0001:0002317d       ?SV_ClipMoveToEntities@@YAXPAUtrace_t@@QAM111PAUedict_s@@H@Z 0042417d f   sv_world.obj
 0001:0002355c       ?SV_Trace@@YAXPAUtrace_t@@QAM111PAUedict_s@@H@Z 0042455c f   sv_world.obj
 0001:00023630       ?Cbuf_Init@@YAXXZ          00424630 f   cmd.obj
 0001:00023648       ?Cbuf_AddText@@YAXPBD@Z    00424648 f   cmd.obj
 0001:000236ad       ?Cbuf_InsertText@@YAXPBD@Z 004246ad f   cmd.obj
 0001:00023714       ?Cbuf_CopyToDefer@@YAXXZ   00424714 f   cmd.obj
 0001:0002375c       ?Cbuf_InsertFromDefer@@YAXXZ 0042475c f   cmd.obj
 0001:00023785       ?Cbuf_Execute@@YAXXZ       00424785 f   cmd.obj
 0001:00023887       ?Cmd_Unalias_f@@YAX_NHPAPAD@Z 00424887 f   cmd.obj
 0001:000238fd       ?Cmd_WriteAliases@@YAXPAU_iobuf@@@Z 004248fd f   cmd.obj
 0001:0002392e       ?RegisterCommand@@YA_NPBDP6AXXZH@Z 0042492e f   cmd.obj
 0001:000239e7       ?UnregisterCommand@@YA_NPBD@Z 004249e7 f   cmd.obj
 0001:00023a78       ?Cmd_ExecuteString@@YA_NPBD@Z 00424a78 f   cmd.obj
 0001:00023eda       ?ExecuteCommand@@YA_NPBDPBUCSimpleCommand@@H@Z 00424eda f   cmd.obj
 0001:00023fa1       ?Cmd_Init@@YAXXZ           00424fa1 f   cmd.obj
 0001:000242df       ?CMod_GetSurfMaterial@@YA?AW4material_t@@PAD@Z 004252df f   cmodel.obj
 0001:0002433c       ?CM_LoadMap@@YAPAUcmodel_t@@PAD_NPAI@Z 0042533c f   cmodel.obj
 0001:000249cb       ?PlaneTypeForNormal@@YAHQBM@Z 004259cb f i cmodel.obj
 0001:00024b83       ?CM_InlineModel@@YAPAUcmodel_t@@PAD@Z 00425b83 f   cmodel.obj
 0001:00024bc4       ?CM_NumClusters@@YAHXZ     00425bc4 f   cmodel.obj
 0001:00024bca       ?CM_NumInlineModels@@YAHXZ 00425bca f   cmodel.obj
 0001:00024bd0       ?CM_EntityString@@YAPADXZ  00425bd0 f   cmodel.obj
 0001:00024bd6       ?CM_LeafContents@@YAHH@Z   00425bd6 f   cmodel.obj
 0001:00024bfd       ?CM_LeafCluster@@YAHH@Z    00425bfd f   cmodel.obj
 0001:00024c73       ?CM_LeafArea@@YAHH@Z       00425c73 f   cmodel.obj
 0001:00024e3a       ?CM_HeadnodeForBox@@YAHQAM0@Z 00425e3a f   cmodel.obj
 0001:00024eef       ?CM_PointLeafnum@@YAHQAMH@Z 00425eef f   cmodel.obj
 0001:00024f91       ?DISTANCE_TO_PLANE@@YAMQBMPBUcplane_t@@@Z 00425f91 f i cmodel.obj
 0001:00024fd9       ?CM_PointContents@@YAHQAMH@Z 00425fd9 f   cmodel.obj
 0001:0002504e       ?CM_TransformedPointContents@@YAHQAMH00@Z 0042604e f   cmodel.obj
 0001:00025187       ?CM_TransformedPointContents2@@YAHQAMH0PAY02M@Z 00426187 f   cmodel.obj
 0001:00025278       ?CM_BoxLeafnums@@YAHQAM0PAHH1H@Z 00426278 f   cmodel.obj
 0001:0002538c       ?BOX_ON_PLANE_SIDE@@YAHQBM0PBUcplane_t@@@Z 0042638c f i cmodel.obj
 0001:00025411       ?CM_BoxTrace@@YAXPAUtrace_t@@QBM111HH@Z 00426411 f   cmodel.obj
 0001:00025e36       ?CM_TransformedBoxTrace@@YAXPAUtrace_t@@QBM111HH11@Z 00426e36 f   cmodel.obj
 0001:00026106       ?CM_TransformedBoxTrace2@@YAXPAUtrace_t@@QBM111HH1PAY02$$CBM@Z 00427106 f   cmodel.obj
 0001:0002631b       ?CM_BrushTrace@@YAHQBM0PAHH@Z 0042731b f   cmodel.obj
 0001:00026741       ?CM_RefineBrushTrace@@YAHQBM0PAHH@Z 00427741 f   cmodel.obj
 0001:000267e7       ?CM_ClusterPVS@@YAPAEH@Z   004277e7 f   cmodel.obj
 0001:0002692b       ?CM_ClusterPHS@@YAPAEH@Z   0042792b f   cmodel.obj
 0001:00026a8e       ?CM_SetAreaPortalState@@YAXH_N@Z 00427a8e f   cmodel.obj
 0001:00026ab3       ?CM_AreasConnected@@YA_NHH@Z 00427ab3 f   cmodel.obj
 0001:00026af7       ?CM_WriteAreaBits@@YAHPAEH@Z 00427af7 f   cmodel.obj
 0001:00026b99       ?CM_WritePortalState@@YAXPAU_iobuf@@@Z 00427b99 f   cmodel.obj
 0001:00026bb3       ?CM_ReadPortalState@@YAXPAU_iobuf@@@Z 00427bb3 f   cmodel.obj
 0001:00026bd1       ?CM_HeadnodeVisible@@YA_NHPAE@Z 00427bd1 f   cmodel.obj
 0001:00026ca9       ?Com_BeginRedirect@@YAXPADHP6AX0@Z@Z 00427ca9 f   common.obj
 0001:00026cd6       ?Com_EndRedirect@@YAXXZ    00427cd6 f   common.obj
 0001:00026cf5       ?Com_Printf@@YAXPBDZZ      00427cf5 f   common.obj
 0001:00026f02       ?Com_DPrintf@@YAXPBDZZ     00427f02 f   common.obj
 0001:00026f7b       ?DebugPrintf@@YAXPBDZZ     00427f7b f   common.obj
 0001:00027025       ?Com_WPrintf@@YAXPBDZZ     00428025 f   common.obj
 0001:0002707f       ?Com_Quit@@YAXXZ           0042807f f   common.obj
 0001:0002709f       ?IPWildcard@@YA_NPAUnetadr_t@@PAD@Z 0042809f f   common.obj
 0001:00027179       ?Com_ServerState@@YA?AW4server_state_t@@XZ 00428179 f   common.obj
 0001:0002717f       ?Com_SetServerState@@YAXW4server_state_t@@@Z 0042817f f   common.obj
 0001:00027189       ?frand@@YAMXZ              00428189 f   common.obj
 0001:000271a1       ?crand@@YAMXZ              004281a1 f   common.obj
 0001:000271bf       ?MSG_WriteChar@@YAXPAUsizebuf_s@@H@Z 004281bf f   common.obj
 0001:000271bf       ?MSG_WriteByte@@YAXPAUsizebuf_s@@H@Z 004281bf f   common.obj
 0001:000271d3       ?MSG_WriteShort@@YAXPAUsizebuf_s@@H@Z 004281d3 f   common.obj
 0001:000271ed       ?MSG_WriteLong@@YAXPAUsizebuf_s@@H@Z 004281ed f   common.obj
 0001:00027217       ?MSG_WriteFloat@@YAXPAUsizebuf_s@@M@Z 00428217 f   common.obj
 0001:00027233       ?MSG_WriteString@@YAXPAUsizebuf_s@@PBD@Z 00428233 f   common.obj
 0001:0002726a       ?MSG_WriteCoord@@YAXPAUsizebuf_s@@M@Z 0042826a f   common.obj
 0001:0002728f       ?MSG_WritePos@@YAXPAUsizebuf_s@@QAM@Z 0042828f f   common.obj
 0001:000272f3       ?MSG_WriteAngle@@YAXPAUsizebuf_s@@M@Z 004282f3 f   common.obj
 0001:0002731e       ?MSG_WriteAngle16@@YAXPAUsizebuf_s@@M@Z 0042831e f   common.obj
 0001:00027349       ?MSG_WriteDeltaUsercmd@@YAXPAUsizebuf_s@@PAUusercmd_t@@1@Z 00428349 f   common.obj
 0001:00027473       ?MSG_WriteDir@@YAXPAUsizebuf_s@@QAM@Z 00428473 f   common.obj
 0001:000274da       ?MSG_ReadDir@@YAXPAUsizebuf_s@@QAM@Z 004284da f   common.obj
 0001:0002750b       ?MSG_WriteDeltaEntity@@YAXPAUentity_state_t@@0PAUsizebuf_s@@_N2@Z 0042850b f   common.obj
 0001:00027953       ?MSG_BeginReading@@YAXPAUsizebuf_s@@@Z 00428953 f   common.obj
 0001:0002795c       ?MSG_ReadChar@@YAHPAUsizebuf_s@@@Z 0042895c f   common.obj
 0001:0002797d       ?MSG_ReadByte@@YAHPAUsizebuf_s@@@Z 0042897d f   common.obj
 0001:0002799e       ?MSG_ReadShort@@YAHPAUsizebuf_s@@@Z 0042899e f   common.obj
 0001:000279ce       ?MSG_ReadLong@@YAHPAUsizebuf_s@@@Z 004289ce f   common.obj
 0001:00027a0d       ?MSG_ReadString@@YAPADPAUsizebuf_s@@@Z 00428a0d f   common.obj
 0001:00027a40       ?MSG_ReadCoord@@YAMPAUsizebuf_s@@@Z 00428a40 f   common.obj
 0001:00027a5a       ?MSG_ReadPos@@YAXPAUsizebuf_s@@QAM@Z 00428a5a f   common.obj
 0001:00027aac       ?MSG_ReadAngle@@YAMPAUsizebuf_s@@@Z 00428aac f   common.obj
 0001:00027ac6       ?MSG_ReadAngle16@@YAMPAUsizebuf_s@@@Z 00428ac6 f   common.obj
 0001:00027ae0       ?MSG_ReadDeltaUsercmd@@YAXPAUsizebuf_s@@PAUusercmd_t@@1@Z 00428ae0 f   common.obj
 0001:00027b9b       ?MSG_ReadData@@YAXPAUsizebuf_s@@PAXH@Z 00428b9b f   common.obj
 0001:00027bbe       ?SZ_Init@@YAXPAUsizebuf_s@@PAXH@Z 00428bbe f   common.obj
 0001:00027bdc       ?SZ_Clear@@YAXPAUsizebuf_s@@@Z 00428bdc f   common.obj
 0001:00027be9       ?SZ_GetSpace@@YAPAXPAUsizebuf_s@@H@Z 00428be9 f   common.obj
 0001:00027c46       ?SZ_Write@@YAXPAUsizebuf_s@@PBXH@Z 00428c46 f   common.obj
 0001:00027c72       ?SZ_Insert@@YAXPAUsizebuf_s@@PBXHH@Z 00428c72 f   common.obj
 0001:00027ccb       ?SZ_Print@@YAXPAUsizebuf_s@@PBD@Z 00428ccb f   common.obj
 0001:00027d21       ?Info_ValueForKey@@YAPADPAD0@Z 00428d21 f   common.obj
 0001:00027dac       ?Info_RemoveKey@@YAXPAD0@Z 00428dac f   common.obj
 0001:00027e32       ?Info_SetValueForKey@@YAXPAD00@Z 00428e32 f   common.obj
 0001:00027f6a       ?Info_Print@@YAXPAD@Z      00428f6a f   common.obj
 0001:0002802f       ?COM_BlockSequenceCRCByte@@YAEPAEHH@Z 0042902f f   common.obj
 0001:000280c0       ?COM_CheckCmdlineVar@@YA_NPBD@Z 004290c0 f   common.obj
 0001:00028116       ?QCommon_Init@@YAXPAD@Z    00429116 f   common.obj
 0001:000284e4       ?QCommon_Frame@@YAXH@Z     004294e4 f   common.obj
 0001:000287bb       ?QCommon_Shutdown@@YAXXZ   004297bb f   common.obj
 0001:000287d4       ?CRC_Init@@YAXPAG@Z        004297d4 f   crc.obj
 0001:000287de       ?CRC_Block@@YAGPAEH@Z      004297de f   crc.obj
 0001:00028827       ?Cvar_VariableValue@@YAMPBD@Z 00429827 f   cvar.obj
 0001:00028895       ?Cvar_VariableInt@@YAHPBD@Z 00429895 f   cvar.obj
 0001:000288a8       ?Cvar_VariableString@@YAPADPBD@Z 004298a8 f   cvar.obj
 0001:000288c0       ?Cvar_Get@@YAPAUcvar_s@@PBD0H@Z 004298c0 f   cvar.obj
 0001:00028b77       ?Cvar_GetVars@@YAXPBUcvarInfo_t@@H@Z 00429b77 f   cvar.obj
 0001:00028c21       ?Cvar_FullSet@@YAPAUcvar_s@@PBD0H@Z 00429c21 f   cvar.obj
 0001:00028c7b       ?Cvar_SetValue@@YAPAUcvar_s@@PBDM@Z 00429c7b f   cvar.obj
 0001:00028ea1       ?Cvar_SetInteger@@YAPAUcvar_s@@PBDH@Z 00429ea1 f   cvar.obj
 0001:00028ec3       ?Cvar_Set@@YAPAUcvar_s@@PBD0@Z 00429ec3 f   cvar.obj
 0001:00028ed8       ?Cvar_ForceSet@@YAPAUcvar_s@@PBD0@Z 00429ed8 f   cvar.obj
 0001:00028eed       ?Cvar_Clamp@@YAMPAUcvar_s@@MM@Z 00429eed f   cvar.obj
 0001:00028f4b       ?Cvar_ClampName@@YAMPBDMM@Z 00429f4b f   cvar.obj
 0001:00028f8a       ?Cvar_GetLatchedVars@@YAXXZ 00429f8a f   cvar.obj
 0001:00028fb9       ?Cvar_Command@@YA_NHPAPAD@Z 00429fb9 f   cvar.obj
 0001:0002905a       ?Cvar_WriteVariables@@YAXPAU_iobuf@@HHPBD@Z 0042a05a f   cvar.obj
 0001:000290ed       ?Cvar_BitInfo@@YAPADH@Z    0042a0ed f   cvar.obj
 0001:00029126       ?Cvar_Userinfo@@YAPADXZ    0042a126 f   cvar.obj
 0001:0002912f       ?Cvar_Serverinfo@@YAPADXZ  0042a12f f   cvar.obj
 0001:00029138       ?Cvar_Cheats@@YAX_N@Z      0042a138 f   cvar.obj
 0001:0002918e       ?Cvar_Init@@YAXXZ          0042a18e f   cvar.obj
 0001:00029867       ?FS_CreatePath@@YAXPBD@Z   0042a867 f   files.obj
 0001:000298cd       ?FS_CopyFile@@YAXPBD0@Z    0042a8cd f   files.obj
 0001:000299d0       ?FS_CopyFiles@@YAXPBD0@Z   0042a9d0 f   files.obj
 0001:00029aa9       ?FS_RemoveFiles@@YAXPBD@Z  0042aaa9 f   files.obj
 0001:00029b1d       ?FS_FCloseFile@@YAXPAU_iobuf@@@Z 0042ab1d f   files.obj
 0001:00029bb8       ?FS_FOpenFile@@YAHPBDPAPAU_iobuf@@@Z 0042abb8 f   files.obj
 0001:0002a0dd       ?FS_FileExists@@YA_NPBD@Z  0042b0dd f   files.obj
 0001:0002a2fa       ?FS_Read@@YAXPAXHPAU_iobuf@@@Z 0042b2fa f   files.obj
 0001:0002a59a       ?FS_LoadFile@@YAPAXPBDPAI@Z 0042b59a f   files.obj
 0001:0002a5f1       ?FS_FreeFile@@YAXPAX@Z     0042b5f1 f   files.obj
 0001:0002a5fc       ?FS_Gamedir@@YAPADXZ       0042b5fc f   files.obj
 0001:0002a610       ?FS_LoadGameConfig@@YAXXZ  0042b610 f   files.obj
 0001:0002a6d5       ?FS_SetGamedir@@YA_NPBD@Z  0042b6d5 f   files.obj
 0001:0002adf9       ?FS_ListFiles@@YA?AV?$TList@VCStringItem@@@@PBDPAHH@Z 0042bdf9 f   files.obj
 0001:0002b11e       ?FS_NextPath@@YAPADPBD@Z   0042c11e f   files.obj
 0001:0002b142       ?FS_InitFilesystem@@YAXXZ  0042c142 f   files.obj
 0001:0002baf2       ?LoadPCX@@YAXPBDPAPAE1PAH2@Z 0042caf2 f   images.obj
 0001:0002bc3c       ?LoadTGA@@YAXPBDPAPAEPAH2@Z 0042cc3c f   images.obj
 0001:0002be37       ?LoadJPG@@YAXPBDPAPAEPAH2@Z 0042ce37 f   images.obj
 0001:0002c0c9       ?ImageExists@@YAHPBDH@Z    0042d0c9 f   images.obj
 0001:0002c1ca       ?WriteTGA@@YA_NPBDPAEHH@Z  0042d1ca f   images.obj
 0001:0002c3b4       ?WriteJPG@@YA_NPBDPAEHH_N@Z 0042d3b4 f   images.obj
 0001:0002c4db       ?MD4Init@@YAXPAUMD4_CTX@@@Z 0042d4db f   md4.obj
 0001:0002c503       ?MD4Update@@YAXPAUMD4_CTX@@PAEI@Z 0042d503 f   md4.obj
 0001:0002c5a1       ?MD4Final@@YAXQAEPAUMD4_CTX@@@Z 0042d5a1 f   md4.obj
 0001:0002cc92       ?Com_BlockChecksum@@YAIPAXH@Z 0042dc92 f   md4.obj
 0001:0002ccce       ?LoadQ2BspFile@@YAXXZ      0042dcce f   model.obj
 0001:0002d09a       ?LoadBspFile@@YAPAUbspfile_t@@PBD_NPAI@Z 0042e09a f   model.obj
 0001:0002d248       ?ProcessEntstring@@YAPADPAD@Z 0042e248 f   model.obj
 0001:0002e0f8       ?Netchan_Init@@YAXXZ       0042f0f8 f   net_chan.obj
 0001:0002e158       ?Netchan_OutOfBand@@YAXW4netsrc_t@@Unetadr_t@@HPAX@Z 0042f158 f   net_chan.obj
 0001:0002e1b8       ?Netchan_OutOfBandPrint@@YAXW4netsrc_t@@Unetadr_t@@PBDZZ 0042f1b8 f   net_chan.obj
 0001:0002e1fd       ?Netchan_Setup@@YAXW4netsrc_t@@PAUnetchan_t@@Unetadr_t@@H@Z 0042f1fd f   net_chan.obj
 0001:0002e256       ?Netchan_NeedReliable@@YA_NPAUnetchan_t@@@Z 0042f256 f   net_chan.obj
 0001:0002e280       ?Netchan_Transmit@@YAXPAUnetchan_t@@HPAX@Z 0042f280 f   net_chan.obj
 0001:0002e426       ?Netchan_Process@@YA_NPAUnetchan_t@@PAUsizebuf_s@@@Z 0042f426 f   net_chan.obj
 0001:0002e54c       ?Pmove@@YAXPAUpmove_t@@@Z  0042f54c f   pmove.obj
 0001:000302e6       ?NormalizeColor@@YAMQBMQAM@Z 004312e6 f   q_shared2.obj
 0001:00030347       ?NormalizeColor255@@YAMQBMQAM@Z 00431347 f   q_shared2.obj
 0001:000303ac       ?Q_rsqrt@@YAMM@Z           004313ac f   q_shared2.obj
 0001:000303dc       ?AngleVectors@@YAXQBMQAM11@Z 004313dc f   q_shared2.obj
 0001:0003053d       ?MakeNormalVectors@@YAXQAM00@Z 0043153d f   q_shared2.obj
 0001:000305a4       ?SetPlaneSignbits@@YAXPAUcplane_t@@@Z 004315a4 f   q_shared2.obj
 0001:000305c7       ?LerpAngle@@YAMMMM@Z       004315c7 f   q_shared2.obj
 0001:0003060a       ?anglemod@@YAMM@Z          0043160a f   q_shared2.obj
 0001:00030636       ?BoxOnPlaneSide@@YAHQBM0PBUcplane_t@@@Z 00431636 f   q_shared2.obj
 0001:00030759       ?ClearBounds@@YAXQAM0@Z    00431759 f   q_shared2.obj
 0001:00030782       ?AddPointToBounds@@YAXQBMQAM1@Z 00431782 f   q_shared2.obj
 0001:000307bb       ?VectorCompare@@YA_NQBM0@Z 004317bb f   q_shared2.obj
 0001:000307e8       ?VectorNormalize@@YAMQAM@Z 004317e8 f   q_shared2.obj
 0001:00030841       ?VectorNormalize2@@YAMQBMQAM@Z 00431841 f   q_shared2.obj
 0001:0003089c       ?VectorNormalizeFast@@YAMQAM@Z 0043189c f   q_shared2.obj
 0001:000308ef       ?CrossProduct@@YAXQBM0QAM@Z 004318ef f   q_shared2.obj
 0001:0003092a       ?VectorLength@@YAMQBM@Z    0043192a f   q_shared2.obj
 0001:00030959       ?VectorDistance@@YAMQBM0@Z 00431959 f   q_shared2.obj
 0001:0003098a       ?VectorScale@@YAXQBMMQAM@Z 0043198a f   q_shared2.obj
 0001:000309ae       ?AnglesToAxis@@YAXQBMQAY02M@Z 004319ae f   q_shared2.obj
 0001:000309ec       ?ShortSwap@@YAFF@Z         004319ec f   q_shared2.obj
 0001:00030a01       ?COM_Parse@@YAPADAAPBD_N@Z 00431a01 f   q_shared2.obj
 0001:00030b25       ?COM_QuoteString@@YAPBDPBD_N@Z 00431b25 f   q_shared2.obj
 0001:00030b80       ?Com_PageInMemory@@YAXPAXH@Z 00431b80 f   q_shared2.obj
 0001:00030b9f       ?Q_strncpylower@@YAXPADPBDH@Z 00431b9f f   q_shared2.obj
 0001:00030bd9       ?Zip_OpenArchive@@YAPAU_iobuf@@PAD@Z 00431bd9 f   zip.obj
 0001:00030c44       ?Zip_CloseArchive@@YAXPAU_iobuf@@@Z 00431c44 f   zip.obj
 0001:00030c50       ?Zip_EnumArchive@@YA_NPAU_iobuf@@P6A_NPAUzipFile_t@@@Z@Z 00431c50 f   zip.obj
 0001:00030e2d       ?Zip_OpenFile@@YAPAUZFILE@@PAU_iobuf@@PAUzipFile_t@@@Z 00431e2d f   zip.obj
 0001:00030f11       ?Zip_ReadFile@@YAHPAUZFILE@@PAXH@Z 00431f11 f   zip.obj
 0001:00031007       ?Zip_CloseFile@@YA_NPAUZFILE@@@Z 00432007 f   zip.obj
 0001:0003104b       ?Zip_OpenBuf@@YAPAUZBUF@@PAXH@Z 0043204b f   zip.obj
 0001:00031089       ?Zip_ReadBuf@@YAHPAUZBUF@@PAXH@Z 00432089 f   zip.obj
 0001:000310d1       ?Zip_CloseBuf@@YAXPAUZBUF@@@Z 004320d1 f   zip.obj
 0001:000310e6       ?CDAudio_Play2@@YAXH_N@Z   004320e6 f   cd_win.obj
 0001:000312c5       ?CDAudio_Play@@YAXH_N@Z    004322c5 f   cd_win.obj
 0001:000312dc       ?CDAudio_Stop@@YAXXZ       004322dc f   cd_win.obj
 0001:00031321       ?CDAudio_Pause@@YAXXZ      00432321 f   cd_win.obj
 0001:0003137a       ?CDAudio_Resume@@YAXXZ     0043237a f   cd_win.obj
 0001:000313e9       ?CDAudio_MessageHandler@@YAJPAUHWND__@@IIJ@Z 004323e9 f   cd_win.obj
 0001:00031480       ?CDAudio_Update@@YAXXZ     00432480 f   cd_win.obj
 0001:000314b4       ?CDAudio_Init@@YAHXZ       004324b4 f   cd_win.obj
 0001:00031866       ?CDAudio_Shutdown@@YAXXZ   00432866 f   cd_win.obj
 0001:00031899       ?CDAudio_Activate@@YAX_N@Z 00432899 f   cd_win.obj
 0001:000318aa       ?IN_MouseEvent@@YAXH@Z     004328aa f   in_win.obj
 0001:00031914       ?IN_Commands@@YAXXZ        00432914 f   in_win.obj
 0001:00031a45       ?IN_Init@@YAXXZ            00432a45 f   in_win.obj
 0001:00031d8b       ?IN_Shutdown@@YAXXZ        00432d8b f   in_win.obj
 0001:00031e6f       ?IN_Move@@YAXPAUusercmd_t@@@Z 00432e6f f   in_win.obj
 0001:00032371       ?IN_Activate@@YAX_N@Z      00433371 f   in_win.obj
 0001:0003237b       ?IN_Frame@@YAXXZ           0043337b f   in_win.obj
 0001:00032785       ?NetadrToSockadr@@YAXPAUnetadr_t@@PAUsockaddr@@@Z 00433785 f   net_wins.obj
 0001:0003280a       ?SockadrToNetadr@@YAXPAUsockaddr@@PAUnetadr_t@@@Z 0043380a f   net_wins.obj
 0001:0003285a       ?NET_CompareAdr@@YA_NPAUnetadr_t@@0@Z 0043385a f   net_wins.obj
 0001:000328ba       ?NET_CompareBaseAdr@@YA_NPAUnetadr_t@@0@Z 004338ba f   net_wins.obj
 0001:00032910       ?NET_AdrToString@@YAPADPAUnetadr_t@@@Z 00433910 f   net_wins.obj
 0001:000329c9       ?NET_StringToAdr@@YA_NPBDPAUnetadr_t@@@Z 004339c9 f   net_wins.obj
 0001:00032c53       ?NET_IsLocalAddress@@YA_NPAUnetadr_t@@@Z 00433c53 f   net_wins.obj
 0001:00032c5f       ?NET_GetLoopPacket@@YA_NW4netsrc_t@@PAUnetadr_t@@PAUsizebuf_s@@@Z 00433c5f f   net_wins.obj
 0001:00032ceb       ?NET_SendLoopPacket@@YAXW4netsrc_t@@HPAXUnetadr_t@@@Z 00433ceb f   net_wins.obj
 0001:00032d40       ?NET_GetPacket@@YA_NW4netsrc_t@@PAUnetadr_t@@PAUsizebuf_s@@@Z 00433d40 f   net_wins.obj
 0001:00032e5e       ?NET_SendPacket@@YAXW4netsrc_t@@HPAXUnetadr_t@@@Z 00433e5e f   net_wins.obj
 0001:00032f2f       ?NET_IPSocket@@YAHPADH@Z   00433f2f f   net_wins.obj
 0001:00033044       ?NET_OpenIP@@YAXXZ         00434044 f   net_wins.obj
 0001:000330c0       ?NET_OpenIPX@@YAXXZ        004340c0 f   net_wins.obj
 0001:00033200       ?NET_Config@@YAX_N@Z       00434200 f   net_wins.obj
 0001:000332a4       ?NET_Init@@YAXXZ           004342a4 f   net_wins.obj
 0001:00033310       ?Sys_Milliseconds@@YAHXZ   00434310 f   q_shwin.obj
 0001:00033341       ?Sys_Mkdir@@YAXPAD@Z       00434341 f   q_shwin.obj
 0001:0003334d       ?Sys_FindFirst@@YAPBDPBDH@Z 0043434d f   q_shwin.obj
 0001:00033407       ?Sys_FindNext@@YAPBDXZ     00434407 f   q_shwin.obj
 0001:00033471       ?Sys_FindClose@@YAXXZ      00434471 f   q_shwin.obj
 0001:0003348b       ?SNDDMA_Init@@YA_NXZ       0043448b f   snd_win.obj
 0001:00033aca       ?SNDDMA_GetDMAPos@@YAHXZ   00434aca f   snd_win.obj
 0001:00033b14       ?SNDDMA_BeginPainting@@YAXXZ 00434b14 f   snd_win.obj
 0001:00033c2c       ?SNDDMA_Submit@@YAXXZ      00434c2c f   snd_win.obj
 0001:00033c51       ?SNDDMA_Shutdown@@YAXXZ    00434c51 f   snd_win.obj
 0001:00033c56       ?S_Activate@@YAX_N@Z       00434c56 f   snd_win.obj
 0001:00033c81       ?Sys_Quit@@YAXXZ           00434c81 f   sys_win.obj
 0001:00033d3c       ?Sys_Init@@YAXXZ           00434d3c f   sys_win.obj
 0001:00034085       ?Sys_ConsoleInput@@YAPADXZ 00435085 f   sys_win.obj
 0001:0003433c       ?Sys_ConsoleOutput@@YAXPBD@Z 0043533c f   sys_win.obj
 0001:000343ca       ?Sys_SendKeyEvents@@YAXXZ  004353ca f   sys_win.obj
 0001:000344b6       ?Sys_UnloadGame@@YAXXZ     004354b6 f   sys_win.obj
 0001:00034531       ?Sys_GetGameAPI@@YAPAXPAX@Z 00435531 f   sys_win.obj
 0001:00034688       _WinMain@16                00435688 f   sys_win.obj
 0001:0003496c       ?Vid_CreateWindow@@YAPAXHH_N@Z 0043596c f   vid_dll.obj
 0001:00035195       ?Vid_DestroyWindow@@YAX_N@Z 00436195 f   vid_dll.obj
 0001:000351d0       ?Vid_GetModeInfo@@YA_NPAH0H@Z 004361d0 f   vid_dll.obj
 0001:000351fe       ?Vid_UpdateWindowPosAndSize@@YAXHH@Z 004361fe f   vid_dll.obj
 0001:00035265       ?Vid_FreeReflib@@YAXXZ     00436265 f   vid_dll.obj
 0001:0003529f       ?Vid_CheckChanges@@YAXXZ   0043629f f   vid_dll.obj
 0001:00035635       ?Vid_Init@@YAXXZ           00436635 f   vid_dll.obj
 0001:00035726       ?Vid_Shutdown@@YAXXZ       00436726 f   vid_dll.obj
 0001:00035754       ?Vid_MenuInit@@YAXXZ       00436754 f   vid_menu.obj
 0001:00035faa       ?Vid_MenuDraw@@YAXXZ       00436faa f   vid_menu.obj
 0001:0003602d       ?Vid_MenuKey@@YAPBDH@Z     0043702d f   vid_menu.obj
 0001:00036398       ?GL_BackEnd@@YAXXZ         00437398 f   gl_backend.obj
 0001:000399a1       ?GL_InitBackend@@YAXXZ     0043a9a1 f   gl_backend.obj
 0001:000399d5       ?GL_ShutdownBackend@@YAXXZ 0043a9d5 f   gl_backend.obj
 0001:000399e9       ?GL_AllocDynamicMemory@@YAPAXH@Z 0043a9e9 f   gl_buffers.obj
 0001:00039a54       ?GL_ResizeDynamicMemory@@YAXPAXH@Z 0043aa54 f   gl_buffers.obj
 0001:00039a96       ?GL_AddSurfaceToPortal@@YAXPAUsurfaceCommon_s@@PAUshader_s@@HH@Z 0043aa96 f   gl_buffers.obj
 0001:00039aff       ?GL_AddDynamicSurface@@YAPAUsurfaceCommon_s@@PAUshader_s@@H@Z 0043aaff f   gl_buffers.obj
 0001:00039b27       ?GL_InsertShaderIndex@@YAXH@Z 0043ab27 f   gl_buffers.obj
 0001:00039b60       ?GL_ClearPortal@@YAXXZ     0043ab60 f   gl_buffers.obj
 0001:00039b7e       ?GL_FinishPortal@@YAXXZ    0043ab7e f   gl_buffers.obj
 0001:00039bcf       ?GL_SortSurfaces@@YAXPAUviewPortal_s@@PAPAUsurfaceInfo_s@@@Z 0043abcf f   gl_buffers.obj
 0001:00039d61       ?GL_ClearBuffers@@YAXXZ    0043ad61 f   gl_buffers.obj
 0001:00039d78       ?GL_CreateBuffers@@YAXXZ   0043ad78 f   gl_buffers.obj
 0001:00039d9e       ?GL_FreeBuffers@@YAXXZ     0043ad9e f   gl_buffers.obj
 0001:00039dc2       ?GL_AddEntity@@YAXPAUentity_t@@@Z 0043adc2 f   gl_frontend.obj
 0001:0003a236       ?GL_AddDlight@@YAXPAUdlight_t@@@Z 0043b236 f   gl_frontend.obj
 0001:0003a3ee       ?GL_DrawPortal@@YAXXZ      0043b3ee f   gl_frontend.obj
 0001:0003ced7       ?GL_TextureMode@@YAXPAD@Z  0043ded7 f   gl_image.obj
 0001:0003cf7f       ?GL_CreateImage@@YAPAUimage_s@@PBDPAXHHH@Z 0043df7f f   gl_image.obj
 0001:0003dd71       ?GL_LoadDelayedImages@@YAXXZ 0043ed71 f   gl_image.obj
 0001:0003ddee       ?GL_DrawStretchRaw8@@YAXHHHHHHPAEPAI@Z 0043edee f   gl_image.obj
 0001:0003e1a8       ?GL_SetupGamma@@YAXXZ      0043f1a8 f   gl_image.obj
 0001:0003e2ed       ?GL_PerformScreenshot@@YAXXZ 0043f2ed f   gl_image.obj
 0001:0003e57a       ?GL_InitImages@@YAXXZ      0043f57a f   gl_image.obj
 0001:0003ed4a       ?GL_ShutdownImages@@YAXXZ  0043fd4a f   gl_image.obj
 0001:0003edb1       ?GL_ShowImages@@YAXXZ      0043fdb1 f   gl_image.obj
 0001:0003f039       ?GL_FindImage@@YAPAUimage_s@@PBDH@Z 00440039 f   gl_image.obj
 0001:0003f3c6       ?GL_Lock@@YAXXZ            004403c6 f   gl_interface.obj
 0001:0003f43e       ?GL_Unlock@@YAXXZ          0044043e f   gl_interface.obj
 0001:0003f600       ?GL_Bind@@YAXPAUimage_s@@@Z 00440600 f   gl_interface.obj
 0001:0003f72a       ?GL_BindForce@@YAXPAUimage_s@@@Z 0044072a f   gl_interface.obj
 0001:0003f7a8       ?GL_TexEnv@@YAXI@Z         004407a8 f   gl_interface.obj
 0001:0003f927       ?GL_TexMipBias@@YAXM@Z     00440927 f   gl_interface.obj
 0001:0003f982       ?GL_TexEnvColor@@YAXPATcolor_t@@@Z 00440982 f   gl_interface.obj
 0001:0003fa32       ?GL_SelectTexture@@YAXH@Z  00440a32 f   gl_interface.obj
 0001:0003fa93       ?GL_TexCoordPointer@@YAXPAX@Z 00440a93 f   gl_interface.obj
 0001:0003fac3       ?GL_SetMultitexture@@YAXH@Z 00440ac3 f   gl_interface.obj
 0001:0003fba9       ?GL_DisableTexCoordArrays@@YAXXZ 00440ba9 f   gl_interface.obj
 0001:0003fbfd       ?GL_CullFace@@YAXW4gl_cullMode_t@@@Z 00440bfd f   gl_interface.obj
 0001:0003fc4e       ?GL_DepthRange@@YAXW4gl_depthMode_t@@@Z 00440c4e f   gl_interface.obj
 0001:0003fc81       ?GL_State@@YAXI@Z          00440c81 f   gl_interface.obj
 0001:0003fdda       ?GL_EnableFog@@YAX_N@Z     00440dda f   gl_interface.obj
 0001:0003fed2       ?GL_SetDefaultState@@YAXXZ 00440ed2 f   gl_interface.obj
 0001:00040020       ?GL_Set2DMode@@YAXXZ       00441020 f   gl_interface.obj
 0001:0004011b       ?GL_Setup@@YAXPAUviewPortal_s@@@Z 0044111b f   gl_interface.obj
 0001:00040203       ?GL_ShowLights@@YAXXZ      00441203 f   gl_light.obj
 0001:00040628       ?GL_LightForEntity@@YAXPAUrefEntity_s@@@Z 00441628 f   gl_light.obj
 0001:0004188e       ?GL_DiffuseLight@@YAXPATcolor_t@@M@Z 0044288e f   gl_light.obj
 0001:00041a06       ?GL_InitLightGrid@@YAXXZ   00442a06 f   gl_light.obj
 0001:00041aac       ?GL_PostLoadLights@@YAXXZ  00442aac f   gl_light.obj
 0001:00041d4a       ?LM_Init@@YAXXZ            00442d4a f   gl_lightmap.obj
 0001:00041d60       ?LM_Flush@@YAXPAUlightmapBlock_t@@@Z 00442d60 f   gl_lightmap.obj
 0001:00041dbd       ?LM_Done@@YAXXZ            00442dbd f   gl_lightmap.obj
 0001:00041de4       ?LM_Save@@YAXPAUlightmapBlock_t@@@Z 00442de4 f   gl_lightmap.obj
 0001:00041dfc       ?LM_Restore@@YAXPAUlightmapBlock_t@@@Z 00442dfc f   gl_lightmap.obj
 0001:00041e14       ?LM_NewBlock@@YAPAUlightmapBlock_t@@XZ 00442e14 f   gl_lightmap.obj
 0001:00041e84       ?LM_Rewind@@YAXXZ          00442e84 f   gl_lightmap.obj
 0001:00041e8c       ?LM_NextBlock@@YAPAUlightmapBlock_t@@XZ 00442e8c f   gl_lightmap.obj
 0001:00041eb9       ?LM_CheckMinlight@@YAXPAUdynamicLightmap_s@@@Z 00442eb9 f   gl_lightmap.obj
 0001:00041f4f       ?LM_AllocBlock@@YA_NPAUlightmapBlock_t@@PAUdynamicLightmap_s@@@Z 00442f4f f   gl_lightmap.obj
 0001:00042006       ?LM_PutBlock@@YAXPAUdynamicLightmap_s@@@Z 00443006 f   gl_lightmap.obj
 0001:00042433       ?LM_SortLightStyles@@YAXPAUdynamicLightmap_s@@@Z 00443433 f   gl_lightmap.obj
 0001:000424c4       ?GL_UpdateDynamicLightmap@@YAXPAUshader_s@@PAUsurfacePlanar_s@@_NI@Z 004434c4 f   gl_lightmap.obj
 0001:000429c0       ?LM_IsMonotone@@YA_NPAUdynamicLightmap_s@@PATcolor_t@@@Z 004439c0 f   gl_lightmap.obj
 0001:00042ac7       ?GL_EnableRendering@@YAX_N@Z 00443ac7 f   gl_main.obj
 0001:00042ae2       ?GL_DrawStretchPic@@YAXPAUshader_s@@HHHHMMMMIE@Z 00443ae2 f   gl_main.obj
 0001:00042bae       ?DrawTextLeft@@YAXPBDI@Z   00443bae f   gl_main.obj
 0001:00042d1c       ?DrawTextRight@@YAXPBDI@Z  00443d1c f   gl_main.obj
 0001:00042d66       ?DrawText3D@@YAXQAMPBDI@Z  00443d66 f   gl_main.obj
 0001:00042d93       _GL_GetRefAPI              00443d93 f   gl_main.obj
 0001:0004469f       ?GL_InitFuncTables@@YAXXZ  0044569f f   gl_math.obj
 0001:00044850       ?ModelToWorldCoord@@YAXQAMPAUrefEntity_s@@0@Z 00445850 f   gl_math.obj
 0001:000448c1       ?WorldToModelCoord@@YAXQAMPAUrefEntity_s@@0@Z 004458c1 f   gl_math.obj
 0001:00044908       ?BuildRotationMatrix@@YAXQAY02MQAMM@Z 00445908 f   gl_math.obj
 0001:00044a02       ?GetBoxRect@@YA_NPAUrefEntity_s@@QAM11_N@Z 00445a02 f   gl_math.obj
 0001:00044d73       ?ProjectToScreen@@YA_NQAMPAH@Z 00445d73 f   gl_math.obj
 0001:00044eb6       ?SaturateColor3f@@YAXQAM@Z 00445eb6 f   gl_math.obj
 0001:00044fa6       ?SaturateColor4b@@YAXPATcolor_t@@@Z 00445fa6 f   gl_math.obj
 0001:000450b4       ?GL_FindModel@@YAPAUmodel_s@@PBD@Z 004460b4 f   gl_model.obj
 0001:0004522e       ?GL_LoadWorldMap@@YAXPBD@Z 0044622e f   gl_model.obj
 0001:00046e39       ?GL_PointInLeaf@@YAPAUnode_s@@QAM@Z 00447e39 f   gl_model.obj
 0001:00047abd       ?ATAN2_FUNC@@YAMMM@Z       00448abd f i gl_model.obj
 0001:00047c68       ?GL_FindSkin@@YAPAUshader_s@@PBD@Z 00448c68 f   gl_model.obj
 0001:00047dca       ?GL_ResetModels@@YAXXZ     00448dca f   gl_model.obj
 0001:00047e93       ?GL_InitModels@@YAXXZ      00448e93 f   gl_model.obj
 0001:00047f7b       ?GL_ShutdownModels@@YAXXZ  00448f7b f   gl_model.obj
 0001:00047f91       ?SubdividePlane@@YAHPAPAY02MHM@Z 00448f91 f   gl_poly.obj
 0001:000483e4       ?FreeSubdividedPlane@@YAXXZ 004493e4 f   gl_poly.obj
 0001:000483fc       ?GetSubdivideIndexes@@YAXPAH@Z 004493fc f   gl_poly.obj
 0001:0004844f       ?RemoveCollinearPoints@@YAHPAPAY02MH@Z 0044944f f   gl_poly.obj
 0001:0004854a       ?GetPolyArea@@YAMPAPAY02MH@Z 0044954a f   gl_poly.obj
 0001:000485de       ?GL_InitShaders@@YAXXZ     004495de f   gl_shader.obj
 0001:0004872f       ?GL_ShutdownShaders@@YAXXZ 0044972f f   gl_shader.obj
 0001:00048759       ?GetLightmapImage@@YAPAUimage_s@@H@Z 00449759 f   gl_shader.obj
 0001:00048781       ?GL_SetShaderLightmap@@YAPAUshader_s@@PAU1@H@Z 00449781 f   gl_shader.obj
 0001:00048b56       ?GL_SetShaderLightstyles@@YAPAUshader_s@@PAU1@H@Z 00449b56 f   gl_shader.obj
 0001:00048bf2       ?GL_GetAlphaShader@@YAPAUshader_s@@PAU1@@Z 00449bf2 f   gl_shader.obj
 0001:00048eb8       ?GL_FindShader@@YAPAUshader_s@@PBDH@Z 00449eb8 f   gl_shader.obj
 0001:000494d6       ?GL_GetShaderByNum@@YAPAUshader_s@@H@Z 0044a4d6 f   gl_shader.obj
 0001:000494f4       ?GL_ResetShaders@@YAXXZ    0044a4f4 f   gl_shader.obj
 0001:000499c6       ?GL_ClearSkyBox@@YAXXZ     0044a9c6 f   gl_sky.obj
 0001:000499dd       ?GL_SetSkyRotate@@YAXMQAM@Z 0044a9dd f   gl_sky.obj
 0001:00049a15       ?GL_SkyVisible@@YA_NXZ     0044aa15 f   gl_sky.obj
 0001:00049a2e       ?GL_AddSkySurface@@YAXPAUsurfacePlanar_s@@QAME@Z 0044aa2e f   gl_sky.obj
 0001:0004a03d       ?GL_TesselateSkySide@@YAHHPAUbufVertex_t@@PAUbufTexCoord_t@@M@Z 0044b03d f   gl_sky.obj
 0001:0004b958       ?QGL_Shutdown@@YAXXZ       0044c958 f   qgl_win.obj
 0001:0004b996       ?QGL_Init@@YA_NPBD@Z       0044c996 f   qgl_win.obj
 0001:0004ba19       ?QGL_InitExtensions@@YAXXZ 0044ca19 f   qgl_win.obj
 0001:0004bf05       ?QGL_PrintExtensionsString@@YAXPBD00@Z 0044cf05 f   qgl_win.obj
 0001:0004c055       ?QGL_EnableLogging@@YAX_N@Z 0044d055 f   qgl_win.obj
 0001:0004c10c       ?QGL_LogMessage@@YAXPBD@Z  0044d10c f   qgl_win.obj
 0001:0004c123       ?GLimp_SetMode@@YA?AW4rserr_t@@PAI0H_N@Z 0044d123 f   glw_imp.obj
 0001:0004c3b6       ?GLimp_HasGamma@@YA_NXZ    0044d3b6 f   glw_imp.obj
 0001:0004c3ca       ?GLimp_SetGamma@@YAXM@Z    0044d3ca f   glw_imp.obj
 0001:0004c572       ?GLimp_Init@@YAHXZ         0044d572 f   glw_imp.obj
 0001:0004c8ba       ?GLimp_Shutdown@@YAXXZ     0044d8ba f   glw_imp.obj
 0001:0004c962       ?GLimp_EndFrame@@YAXXZ     0044d962 f   glw_imp.obj
 0001:0004c9e3       ?GLimp_AppActivate@@YAX_N@Z 0044d9e3 f   glw_imp.obj
 0001:0004cad0       _jpeg_CreateDecompress     0044dad0 f   lib:jdapimin.obj
 0001:0004cb90       _jpeg_read_header          0044db90 f   lib:jdapimin.obj
 0001:0004cbf2       _jpeg_consume_input        0044dbf2 f   lib:jdapimin.obj
 0001:0004ce41       _jpeg_finish_decompress    0044de41 f   lib:jdapimin.obj
 0001:0004ced8       _jpeg_start_decompress     0044ded8 f   lib:jdapistd.obj
 0001:0004d045       _jpeg_read_scanlines       0044e045 f   lib:jdapistd.obj
 0001:0004d0c9       _jpeg_resync_to_restart    0044e0c9 f   lib:jdmarker.obj
 0001:0004d28e       _jinit_marker_reader       0044e28e f   lib:jdmarker.obj
 0001:0004e759       _jpeg_CreateCompress       0044f759 f   lib:jcapimin.obj
 0001:0004e80d       _jpeg_destroy_compress     0044f80d f   lib:jcapimin.obj
 0001:0004e80d       _jpeg_destroy_decompress   0044f80d f   lib:jcapimin.obj
 0001:0004e818       _jpeg_suppress_tables      0044f818 f   lib:jcapimin.obj
 0001:0004e862       _jpeg_finish_compress      0044f862 f   lib:jcapimin.obj
 0001:0004e94c       _jpeg_start_compress       0044f94c f   lib:jcapistd.obj
 0001:0004e9b8       _jpeg_write_scanlines      0044f9b8 f   lib:jcapistd.obj
 0001:0004ea63       _jpeg_add_quant_table      0044fa63 f   lib:jcparam.obj
 0001:0004eb15       _jpeg_quality_scaling      0044fb15 f   lib:jcparam.obj
 0001:0004eb3c       _jpeg_set_quality          0044fb3c f   lib:jcparam.obj
 0001:0004eb76       _jpeg_set_defaults         0044fb76 f   lib:jcparam.obj
 0001:0004ed3c       _jpeg_default_colorspace   0044fd3c f   lib:jcparam.obj
 0001:0004ed8c       _jpeg_set_colorspace       0044fd8c f   lib:jcparam.obj
 0001:0004f0a7       _jpeg_stdio_dest           004500a7 f   lib:jdatadst.obj
 0001:0004f2a6       _crc32                     004502a6 f   lib:crc32.obj
 0001:0004f540       _inflateReset              00450540 f   lib:inflate.obj
 0001:0004f587       _inflateInit2_             00450587 f   lib:inflate.obj
 0001:0004f640       _inflate                   00450640 f   lib:inflate.obj
 0001:0005090f       _inflateEnd                0045190f f   lib:inflate.obj
 0001:0005094d       _jinit_input_controller    0045194d f   lib:jdinput.obj
 0001:00050e30       _jinit_memory_mgr          00451e30 f   lib:jmemmgr.obj
 0001:0005196c       _jpeg_abort                0045296c f   lib:jcomapi.obj
 0001:0005199f       _jpeg_destroy              0045299f f   lib:jcomapi.obj
 0001:000519ba       _jpeg_alloc_quant_table    004529ba f   lib:jcomapi.obj
 0001:000519d6       _jpeg_alloc_huff_table     004529d6 f   lib:jcomapi.obj
 0001:000519f2       _jpeg_calc_output_dimensions 004529f2 f   lib:jdmaster.obj
 0001:00051af2       _jinit_master_decompress   00452af2 f   lib:jdmaster.obj
 0001:00051e48       _jdiv_round_up             00452e48 f   lib:jutils.obj
 0001:00051e58       _jround_up                 00452e58 f   lib:jutils.obj
 0001:00051e70       _jcopy_sample_rows         00452e70 f   lib:jutils.obj
 0001:00051eae       _jcopy_block_row           00452eae f   lib:jutils.obj
 0001:00051ec7       _jzero_far                 00452ec7 f   lib:jutils.obj
 0001:00051eda       _jinit_marker_writer       00452eda f   lib:jcmarker.obj
 0001:000527b6       _jinit_compress_master     004537b6 f   lib:jcinit.obj
 0001:0005280f       _zcalloc                   0045380f f   lib:zutil.obj
 0001:00052821       _inflate_fast              00453821 f   lib:inffast.obj
 0001:00052bd6       _inflate_table             00453bd6 f   lib:inftrees.obj
 0001:00052f5f       _adler32                   00453f5f f   lib:adler32.obj
 0001:00053078       _jinit_c_codec             00454078 f   lib:jcodec.obj
 0001:00053094       _jinit_d_codec             00454094 f   lib:jcodec.obj
 0001:000530b0       _jpeg_get_small            004540b0 f   lib:jmemnobs.obj
 0001:000530b0       _jpeg_get_large            004540b0 f   lib:jmemnobs.obj
 0001:000530bc       _zcfree                    004540bc f   lib:jmemnobs.obj
 0001:000530bc       _jpeg_free_large           004540bc f   lib:jmemnobs.obj
 0001:000530bc       _jpeg_free_small           004540bc f   lib:jmemnobs.obj
 0001:000530c8       _jpeg_mem_available        004540c8 f   lib:jmemnobs.obj
 0001:000530cd       _jpeg_open_backing_store   004540cd f   lib:jmemnobs.obj
 0001:000530e1       _jinit_d_main_controller   004540e1 f   lib:jdmainct.obj
 0001:0005372c       _jinit_d_post_controller   0045472c f   lib:jdpostct.obj
 0001:000539d7       _jinit_upsampler           004549d7 f   lib:jdsample.obj
 0001:00054015       _jinit_color_deconverter   00455015 f   lib:jdcolor.obj
 0001:0005452b       _jinit_merged_upsampler    0045552b f   lib:jdmerge.obj
 0001:00054a7b       _jinit_2pass_quantizer     00455a7b f   lib:jquant2.obj
 0001:00055b3e       _jinit_1pass_quantizer     00456b3e f   lib:jquant1.obj
 0001:00056564       _jinit_c_main_controller   00457564 f   lib:jcmainct.obj
 0001:000566d1       _jinit_c_prep_controller   004576d1 f   lib:jcprepct.obj
 0001:00056c1c       _jinit_downsampler         00457c1c f   lib:jcsample.obj
 0001:0005749c       _jinit_color_converter     0045849c f   lib:jccolor.obj
 0001:00057a86       _jinit_c_master_control    00458a86 f   lib:jcmaster.obj
 0001:00058575       _jinit_lossy_c_codec       00459575 f   lib:jclossy.obj
 0001:00058610       _jinit_lossless_c_codec    00459610 f   lib:jclossls.obj
 0001:000586a8       _jinit_lossy_d_codec       004596a8 f   lib:jdlossy.obj
 0001:0005897b       _jinit_lossless_d_codec    0045997b f   lib:jdlossls.obj
 0001:00058a2b       _jinit_c_coef_controller   00459a2b f   lib:jccoefct.obj
 0001:000590ca       _jinit_shuff_encoder       0045a0ca f   lib:jcshuff.obj
 0001:00059932       _jinit_phuff_encoder       0045a932 f   lib:jcphuff.obj
 0001:0005a3d7       _jinit_forward_dct         0045b3d7 f   lib:jcdctmgr.obj
 0001:0005a6a6       _jinit_c_diff_controller   0045b6a6 f   lib:jcdiffct.obj
 0001:0005ac0c       _jinit_lhuff_encoder       0045bc0c f   lib:jclhuff.obj
 0001:0005b339       _jinit_differencer         0045c339 f   lib:jcpred.obj
 0001:0005b853       _jinit_c_scaler            0045c853 f   lib:jcscale.obj
 0001:0005b8c9       _jinit_d_coef_controller   0045c8c9 f   lib:jdcoefct.obj
 0001:0005c5a2       _jinit_shuff_decoder       0045d5a2 f   lib:jdshuff.obj
 0001:0005cb37       _jinit_phuff_decoder       0045db37 f   lib:jdphuff.obj
 0001:0005d6d4       _jinit_inverse_dct         0045e6d4 f   lib:jddctmgr.obj
 0001:0005d8b8       _jinit_d_diff_controller   0045e8b8 f   lib:jddiffct.obj
 0001:0005dde9       _jinit_d_scaler            0045ede9 f   lib:jdscale.obj
 0001:0005dee8       _jinit_undifferencer       0045eee8 f   lib:jdpred.obj
 0001:0005e2a2       _jinit_lhuff_decoder       0045f2a2 f   lib:jdlhuff.obj
 0001:0005e697       _jpeg_make_c_derived_tbl   0045f697 f   lib:jchuff.obj
 0001:0005e899       _jpeg_gen_optimal_table    0045f899 f   lib:jchuff.obj
 0001:0005ea58       _jpeg_fdct_float           0045fa58 f   lib:jfdctflt.obj
 0001:0005ec5d       _jpeg_make_d_derived_tbl   0045fc5d f   lib:jdhuff.obj
 0001:0005eefa       _jpeg_fill_bit_buffer      0045fefa f   lib:jdhuff.obj
 0001:0005f009       _jpeg_huff_decode          00460009 f   lib:jdhuff.obj
 0001:0005f0e9       _jpeg_idct_4x4             004600e9 f   lib:jidctred.obj
 0001:0005f3d7       _jpeg_idct_2x2             004603d7 f   lib:jidctred.obj
 0001:0005f599       _jpeg_idct_1x1             00460599 f   lib:jidctred.obj
 0001:0005f5d5       _jpeg_idct_float           004605d5 f   lib:jidctflt.obj
 0001:0005f9b0       __except_handler3          004609b0 f   MSVCRT:MSVCRT.dll
 0001:0005f9c0       __alloca_probe             004609c0 f   MSVCRT:chkstk.obj
 0001:0005f9c0       __chkstk                   004609c0 f   MSVCRT:chkstk.obj
 0001:0005f9ef       ??_Gtype_info@@UAEPAXI@Z   004609ef f i MSVCRT:ti_inst.obj
 0001:0005f9ef       ??_Etype_info@@UAEPAXI@Z   004609ef f i MSVCRT:ti_inst.obj
 0001:0005fa0c       __CxxThrowException@8      00460a0c f   MSVCRT:MSVCRT.dll
 0001:0005fa12       _strcpy                    00460a12 f   MSVCRT:MSVCRT.dll
 0001:0005fa18       _strlen                    00460a18 f   MSVCRT:MSVCRT.dll
 0001:0005fa1e       _strcmp                    00460a1e f   MSVCRT:MSVCRT.dll
 0001:0005fa24       _sin                       00460a24 f   MSVCRT:MSVCRT.dll
 0001:0005fa2a       _tan                       00460a2a f   MSVCRT:MSVCRT.dll
 0001:0005fa30       _cos                       00460a30 f   MSVCRT:MSVCRT.dll
 0001:0005fa36       __ftol                     00460a36 f   MSVCRT:MSVCRT.dll
 0001:0005fa3c       _strcat                    00460a3c f   MSVCRT:MSVCRT.dll
 0001:0005fa42       _fmod                      00460a42 f   MSVCRT:MSVCRT.dll
 0001:0005fa48       _atan2                     00460a48 f   MSVCRT:MSVCRT.dll
 0001:0005fa4e       _acos                      00460a4e f   MSVCRT:MSVCRT.dll
 0001:0005fa54       _sqrt                      00460a54 f   MSVCRT:MSVCRT.dll
 0001:0005fa5a       _atan                      00460a5a f   MSVCRT:MSVCRT.dll
 0001:0005fa60       _memcpy                    00460a60 f   MSVCRT:MSVCRT.dll
 0001:0005fa66       _memset                    00460a66 f   MSVCRT:MSVCRT.dll
 0001:0005fa6c       _pow                       00460a6c f   MSVCRT:MSVCRT.dll
 0001:0005fa72       _asin                      00460a72 f   MSVCRT:MSVCRT.dll
 0001:0005fa78       _WinMainCRTStartup         00460a78 f   MSVCRT:crtexew.obj
 0001:0005fbd6       ??1type_info@@UAE@XZ       00460bd6 f   MSVCRT:MSVCRT.dll
 0001:0005fbdc       __XcptFilter               00460bdc f   MSVCRT:MSVCRT.dll
 0001:0005fbe2       __initterm                 00460be2 f   MSVCRT:MSVCRT.dll
 0001:0005fbe8       __setdefaultprecision      00460be8 f   MSVCRT:fp8.obj
 0001:0005fbfa       _jpeg_mem_init             00460bfa f   MSVCRT:merr.obj
 0001:0005fbfa       __matherr                  00460bfa f   MSVCRT:merr.obj
 0001:0005fbfd       _jpeg_mem_term             00460bfd f   MSVCRT:dllargv.obj
 0001:0005fbfd       __setargv                  00460bfd f   MSVCRT:dllargv.obj
 0001:0005fbfe       __controlfp                00460bfe f   MSVCRT:MSVCRT.dll
 0002:00000000       __imp__SetDeviceGammaRamp@8 00461000     gdi32:GDI32.dll
 0002:00000004       __imp__GetDeviceGammaRamp@8 00461004     gdi32:GDI32.dll
 0002:00000008       __imp__DescribePixelFormat@16 00461008     gdi32:GDI32.dll
 0002:0000000c       __imp__SetPixelFormat@12   0046100c     gdi32:GDI32.dll
 0002:00000010       __imp__ChoosePixelFormat@8 00461010     gdi32:GDI32.dll
 0002:00000014       __imp__SwapBuffers@4       00461014     gdi32:GDI32.dll
 0002:00000018       __imp__GetDeviceCaps@8     00461018     gdi32:GDI32.dll
 0002:0000001c       \177GDI32_NULL_THUNK_DATA  0046101c     gdi32:GDI32.dll
 0002:00000020       __imp__GetDriveTypeA@4     00461020     kernel32:KERNEL32.dll
 0002:00000024       __imp__SetErrorMode@4      00461024     kernel32:KERNEL32.dll
 0002:00000028       __imp__GetStdHandle@4      00461028     kernel32:KERNEL32.dll
 0002:0000002c       __imp__AllocConsole@0      0046102c     kernel32:KERNEL32.dll
 0002:00000030       __imp__ReadConsoleInputA@16 00461030     kernel32:KERNEL32.dll
 0002:00000034       __imp__GetNumberOfConsoleInputEvents@8 00461034     kernel32:KERNEL32.dll
 0002:00000038       __imp__FreeConsole@0       00461038     kernel32:KERNEL32.dll
 0002:0000003c       __imp__SetConsoleTextAttribute@8 0046103c     kernel32:KERNEL32.dll
 0002:00000040       __imp__SetPriorityClass@8  00461040     kernel32:KERNEL32.dll
 0002:00000044       __imp__GetCurrentProcess@0 00461044     kernel32:KERNEL32.dll
 0002:00000048       __imp__GetVersionExA@4     00461048     kernel32:KERNEL32.dll
 0002:0000004c       __imp__Sleep@4             0046104c     kernel32:KERNEL32.dll
 0002:00000050       __imp__LoadLibraryA@4      00461050     kernel32:KERNEL32.dll
 0002:00000054       __imp__GetStartupInfoA@4   00461054     kernel32:KERNEL32.dll
 0002:00000058       __imp__GetModuleHandleA@4  00461058     kernel32:KERNEL32.dll
 0002:0000005c       __imp__GetProcAddress@8    0046105c     kernel32:KERNEL32.dll
 0002:00000060       __imp__FreeLibrary@4       00461060     kernel32:KERNEL32.dll
 0002:00000064       __imp__IsBadReadPtr@8      00461064     kernel32:KERNEL32.dll
 0002:00000068       __imp__VirtualQuery@12     00461068     kernel32:KERNEL32.dll
 0002:0000006c       __imp__WriteFile@20        0046106c     kernel32:KERNEL32.dll
 0002:00000070       __imp__GetModuleFileNameA@12 00461070     kernel32:KERNEL32.dll
 0002:00000074       \177KERNEL32_NULL_THUNK_DATA 00461074     kernel32:KERNEL32.dll
 0002:00000078       __imp____p__commode        00461078     MSVCRT:MSVCRT.dll
 0002:0000007c       __imp___adjust_fdiv        0046107c     MSVCRT:MSVCRT.dll
 0002:00000080       __imp____setusermatherr    00461080     MSVCRT:MSVCRT.dll
 0002:00000084       __imp____p__fmode          00461084     MSVCRT:MSVCRT.dll
 0002:00000088       __imp____getmainargs       00461088     MSVCRT:MSVCRT.dll
 0002:0000008c       __imp___acmdln             0046108c     MSVCRT:MSVCRT.dll
 0002:00000090       __imp___XcptFilter         00461090     MSVCRT:MSVCRT.dll
 0002:00000094       __imp___exit               00461094     MSVCRT:MSVCRT.dll
 0002:00000098       __imp_??1type_info@@UAE@XZ 00461098     MSVCRT:MSVCRT.dll
 0002:0000009c       __imp__fflush              0046109c     MSVCRT:MSVCRT.dll
 0002:000000a0       __imp___winmajor           004610a0     MSVCRT:MSVCRT.dll
 0002:000000a4       __imp__asin                004610a4     MSVCRT:MSVCRT.dll
 0002:000000a8       __imp__pow                 004610a8     MSVCRT:MSVCRT.dll
 0002:000000ac       __imp__exit                004610ac     MSVCRT:MSVCRT.dll
 0002:000000b0       __imp___findclose          004610b0     MSVCRT:MSVCRT.dll
 0002:000000b4       __imp___findnext           004610b4     MSVCRT:MSVCRT.dll
 0002:000000b8       __imp___findfirst          004610b8     MSVCRT:MSVCRT.dll
 0002:000000bc       __imp___mkdir              004610bc     MSVCRT:MSVCRT.dll
 0002:000000c0       __imp__memset              004610c0     MSVCRT:MSVCRT.dll
 0002:000000c4       __imp__memcpy              004610c4     MSVCRT:MSVCRT.dll
 0002:000000c8       __imp__remove              004610c8     MSVCRT:MSVCRT.dll
 0002:000000cc       __imp__srand               004610cc     MSVCRT:MSVCRT.dll
 0002:000000d0       __imp__strstr              004610d0     MSVCRT:MSVCRT.dll
 0002:000000d4       __imp__memmove             004610d4     MSVCRT:MSVCRT.dll
 0002:000000d8       __imp__atan                004610d8     MSVCRT:MSVCRT.dll
 0002:000000dc       __imp__strncpy             004610dc     MSVCRT:MSVCRT.dll
 0002:000000e0       __imp__sscanf              004610e0     MSVCRT:MSVCRT.dll
 0002:000000e4       __imp__sqrt                004610e4     MSVCRT:MSVCRT.dll
 0002:000000e8       __imp____set_app_type      004610e8     MSVCRT:MSVCRT.dll
 0002:000000ec       __imp___controlfp          004610ec     MSVCRT:MSVCRT.dll
 0002:000000f0       __imp___stricmp            004610f0     MSVCRT:MSVCRT.dll
 0002:000000f0       __imp__stricmp             004610f0     MSVCRT:MSVCRT.dll
 0002:000000f4       __imp__strnicmp            004610f4     MSVCRT:MSVCRT.dll
 0002:000000f4       __imp___strnicmp           004610f4     MSVCRT:MSVCRT.dll
 0002:000000f8       __imp___initterm           004610f8     MSVCRT:MSVCRT.dll
 0002:000000fc       __imp__acos                004610fc     MSVCRT:MSVCRT.dll
 0002:00000100       __imp__atan2               00461100     MSVCRT:MSVCRT.dll
 0002:00000104       __imp__fmod                00461104     MSVCRT:MSVCRT.dll
 0002:00000108       __imp__strcat              00461108     MSVCRT:MSVCRT.dll
 0002:0000010c       __imp__atof                0046110c     MSVCRT:MSVCRT.dll
 0002:00000110       __imp___ftol               00461110     MSVCRT:MSVCRT.dll
 0002:00000114       __imp__cos                 00461114     MSVCRT:MSVCRT.dll
 0002:00000118       __imp__tan                 00461118     MSVCRT:MSVCRT.dll
 0002:0000011c       __imp__rand                0046111c     MSVCRT:MSVCRT.dll
 0002:00000120       __imp__sin                 00461120     MSVCRT:MSVCRT.dll
 0002:00000124       __imp__atoi                00461124     MSVCRT:MSVCRT.dll
 0002:00000128       __imp__fwrite              00461128     MSVCRT:MSVCRT.dll
 0002:0000012c       __imp__rename              0046112c     MSVCRT:MSVCRT.dll
 0002:00000130       __imp__fseek               00461130     MSVCRT:MSVCRT.dll
 0002:00000134       __imp__putenv              00461134     MSVCRT:MSVCRT.dll
 0002:00000134       __imp___putenv             00461134     MSVCRT:MSVCRT.dll
 0002:00000138       __imp__ftell               00461138     MSVCRT:MSVCRT.dll
 0002:0000013c       __imp__strcmp              0046113c     MSVCRT:MSVCRT.dll
 0002:00000140       __imp__time                00461140     MSVCRT:MSVCRT.dll
 0002:00000144       __imp__localtime           00461144     MSVCRT:MSVCRT.dll
 0002:00000148       __imp__strftime            00461148     MSVCRT:MSVCRT.dll
 0002:0000014c       __imp__fprintf             0046114c     MSVCRT:MSVCRT.dll
 0002:00000150       __imp__strrchr             00461150     MSVCRT:MSVCRT.dll
 0002:00000154       __imp__strlen              00461154     MSVCRT:MSVCRT.dll
 0002:00000158       __imp___except_handler3    00461158     MSVCRT:MSVCRT.dll
 0002:0000015c       __imp__fclose              0046115c     MSVCRT:MSVCRT.dll
 0002:00000160       __imp__fread               00461160     MSVCRT:MSVCRT.dll
 0002:00000164       __imp__fopen               00461164     MSVCRT:MSVCRT.dll
 0002:00000168       __imp__malloc              00461168     MSVCRT:MSVCRT.dll
 0002:0000016c       __imp__free                0046116c     MSVCRT:MSVCRT.dll
 0002:00000170       __imp__qsort               00461170     MSVCRT:MSVCRT.dll
 0002:00000174       __imp___vsnprintf          00461174     MSVCRT:MSVCRT.dll
 0002:00000178       __imp___CxxThrowException@8 00461178     MSVCRT:MSVCRT.dll
 0002:0000017c       __imp__strcpy              0046117c     MSVCRT:MSVCRT.dll
 0002:00000180       __imp__strchr              00461180     MSVCRT:MSVCRT.dll
 0002:00000184       \177MSVCRT_NULL_THUNK_DATA 00461184     MSVCRT:MSVCRT.dll
 0002:00000188       __imp__DefWindowProcA@16   00461188     user32:USER32.dll
 0002:0000018c       __imp__ShowCursor@4        0046118c     user32:USER32.dll
 0002:00000190       __imp__ReleaseCapture@0    00461190     user32:USER32.dll
 0002:00000194       __imp__ClipCursor@4        00461194     user32:USER32.dll
 0002:00000198       __imp__SetCursorPos@8      00461198     user32:USER32.dll
 0002:0000019c       __imp__GetCursorPos@4      0046119c     user32:USER32.dll
 0002:000001a0       __imp__SetCursor@4         004611a0     user32:USER32.dll
 0002:000001a4       __imp__SetCapture@4        004611a4     user32:USER32.dll
 0002:000001a8       __imp__GetWindowRect@8     004611a8     user32:USER32.dll
 0002:000001ac       __imp__GetSystemMetrics@4  004611ac     user32:USER32.dll
 0002:000001b0       __imp__DispatchMessageA@4  004611b0     user32:USER32.dll
 0002:000001b4       __imp__TranslateMessage@4  004611b4     user32:USER32.dll
 0002:000001b8       __imp__PeekMessageA@20     004611b8     user32:USER32.dll
 0002:000001bc       __imp__MessageBoxA@16      004611bc     user32:USER32.dll
 0002:000001c0       __imp__CreateWindowExA@48  004611c0     user32:USER32.dll
 0002:000001c4       __imp__RegisterClassA@4    004611c4     user32:USER32.dll
 0002:000001c8       __imp__LoadCursorA@8       004611c8     user32:USER32.dll
 0002:000001cc       __imp__LoadIconA@8         004611cc     user32:USER32.dll
 0002:000001d0       __imp__SetFocus@4          004611d0     user32:USER32.dll
 0002:000001d4       __imp__SetForegroundWindow@4 004611d4     user32:USER32.dll
 0002:000001d8       __imp__UpdateWindow@4      004611d8     user32:USER32.dll
 0002:000001dc       __imp__SetWindowPos@28     004611dc     user32:USER32.dll
 0002:000001e0       __imp__GetDesktopWindow@0  004611e0     user32:USER32.dll
 0002:000001e4       __imp__ReleaseDC@8         004611e4     user32:USER32.dll
 0002:000001e8       __imp__MoveWindow@24       004611e8     user32:USER32.dll
 0002:000001ec       __imp__DestroyWindow@4     004611ec     user32:USER32.dll
 0002:000001f0       __imp__UnregisterClassA@8  004611f0     user32:USER32.dll
 0002:000001f4       __imp__UnregisterHotKey@8  004611f4     user32:USER32.dll
 0002:000001f8       __imp__RegisterHotKey@16   004611f8     user32:USER32.dll
 0002:000001fc       __imp__SystemParametersInfoA@16 004611fc     user32:USER32.dll
 0002:00000200       __imp__GetDC@4             00461200     user32:USER32.dll
[...]
 0001:0005da56       _start_iMCU_row            0045ea56 f   lib:jddiffct.obj
 0001:0005da9b       _start_output_pass         0045ea9b f   lib:jddiffct.obj
 0001:0005daa7       _decompress_data           0045eaa7 f   lib:jddiffct.obj
 0001:0005dc17       _process_restart           0045ec17 f   lib:jddiffct.obj
 0001:0005dc4c       _dummy_consume_data        0045ec4c f   lib:jddiffct.obj
 0001:0005dc4f       _consume_data              0045ec4f f   lib:jddiffct.obj
 0001:0005dcc6       _output_data               0045ecc6 f   lib:jddiffct.obj
 0001:0005d74a       _start_pass                0045e74a f   lib:jddctmgr.obj
 0001:0005cb9c       _start_pass_phuff_decoder  0045db9c f   lib:jdphuff.obj
 0001:0005cde5       _decode_mcu_DC_first       0045dde5 f   lib:jdphuff.obj
 0001:0005cfdd       _process_restart           0045dfdd f   lib:jdphuff.obj
 0001:0005d04c       _decode_mcu_AC_first       0045e04c f   lib:jdphuff.obj
 0001:0005d26c       _decode_mcu_DC_refine      0045e26c f   lib:jdphuff.obj
 0001:0005d341       _decode_mcu_AC_refine      0045e341 f   lib:jdphuff.obj
 0001:0005c5e3       _start_pass_huff_decoder   0045d5e3 f   lib:jdshuff.obj
 0001:0005c71b       _decode_mcu                0045d71b f   lib:jdshuff.obj
 0001:0005cacb       _process_restart           0045dacb f   lib:jdshuff.obj
 0001:0005b9cc       _start_input_pass          0045c9cc f   lib:jdcoefct.obj
 0001:0005b9df       _start_iMCU_row            0045c9df f   lib:jdcoefct.obj
 0001:0005ba24       _start_output_pass         0045ca24 f   lib:jdcoefct.obj
 0001:0005ba61       _decompress_onepass        0045ca61 f   lib:jdcoefct.obj
 0001:0005dc4c       _dummy_consume_data        0045ec4c f   lib:jddiffct.obj
 0001:0005bc3a       _consume_data              0045cc3a f   lib:jdcoefct.obj
 0001:0005bdf3       _decompress_data           0045cdf3 f   lib:jdcoefct.obj
 0001:0005bf5f       _smoothing_ok              0045cf5f f   lib:jdcoefct.obj
 0001:0005c04a       _decompress_smooth_data    0045d04a f   lib:jdcoefct.obj
 0001:0005b865       _scaler_start_pass         0045c865 f   lib:jcscale.obj
 0001:0005b888       _simple_downscale          0045c888 f   lib:jcscale.obj
 0001:0005b8b4       _noscale                   0045c8b4 f   lib:jcscale.obj
 0001:0005b35d       _start_pass                0045c35d f   lib:jcpred.obj
 0001:0005b3b5       _reset_predictor           0045c3b5 f   lib:jcpred.obj
 0001:0005b3e2       _jpeg_difference_first_row 0045c3e2 f   lib:jcpred.obj
 0001:0005b4cc       _jpeg_difference1          0045c4cc f   lib:jcpred.obj
 0001:0005b53a       _jpeg_difference2          0045c53a f   lib:jcpred.obj
 0001:0005b5ab       _jpeg_difference3          0045c5ab f   lib:jcpred.obj
 0001:0005b623       _jpeg_difference4          0045c623 f   lib:jcpred.obj
 0001:0005b6ae       _jpeg_difference5          0045c6ae f   lib:jcpred.obj
 0001:0005b741       _jpeg_difference6          0045c741 f   lib:jcpred.obj
 0001:0005b7d0       _jpeg_difference7          0045c7d0 f   lib:jcpred.obj
 0001:0005ac4c       _start_pass_huff           0045bc4c f   lib:jclhuff.obj
 0001:0005ade9       _encode_mcus_huff          0045bde9 f   lib:jclhuff.obj
 0001:0005afd4       _emit_bits                 0045bfd4 f   lib:jclhuff.obj
 0001:0005b077       _dump_buffer               0045c077 f   lib:jclhuff.obj
 0001:0005b09b       _emit_restart              0045c09b f   lib:jclhuff.obj
 0001:0005b0e6       _flush_bits                0045c0e6 f   lib:jclhuff.obj
 0001:0005b10a       _finish_pass_huff          0045c10a f   lib:jclhuff.obj
 0001:0005b177       _encode_mcus_gather        0045c177 f   lib:jclhuff.obj
 0001:0005b2a0       _finish_pass_gather        0045c2a0 f   lib:jclhuff.obj
 0001:0005b336       _need_optimization_pass    0045c336 f   lib:jclhuff.obj
 0001:0005a82a       _start_pass_diff           0045b82a f   lib:jcdiffct.obj
 0001:0005a8c8       _start_iMCU_row            0045b8c8 f   lib:jcdiffct.obj
 0001:0005a90a       _compress_data             0045b90a f   lib:jcdiffct.obj
 0001:0005aaa0       _compress_first_pass       0045baa0 f   lib:jcdiffct.obj
 0001:0005ab95       _compress_output           0045bb95 f   lib:jcdiffct.obj
 0001:0005a43d       _start_pass_fdctmgr        0045b43d f   lib:jcdctmgr.obj
 0001:0005a53f       _forward_DCT_float         0045b53f f   lib:jcdctmgr.obj
 0001:00059972       _start_pass_phuff          0045a972 f   lib:jcphuff.obj
 0001:00059adf       _encode_mcu_DC_first       0045aadf f   lib:jcphuff.obj
 0001:00059c11       _emit_bits                 0045ac11 f   lib:jcphuff.obj
 0001:00059cbc       _dump_buffer               0045acbc f   lib:jcphuff.obj
 0001:00059cf4       _emit_symbol               0045acf4 f   lib:jcphuff.obj
 0001:00059d34       _emit_restart              0045ad34 f   lib:jcphuff.obj
 0001:00059dbd       _emit_eobrun               0045adbd f   lib:jcphuff.obj
 0001:00059e43       _encode_mcu_AC_first       0045ae43 f   lib:jcphuff.obj
 0001:00059fd7       _encode_mcu_DC_refine      0045afd7 f   lib:jcphuff.obj
 0001:0005a091       _encode_mcu_AC_refine      0045b091 f   lib:jcphuff.obj
 0001:0005a2a8       _finish_pass_phuff         0045b2a8 f   lib:jcphuff.obj
 0001:0005a2f7       _finish_pass_gather_phuff  0045b2f7 f   lib:jcphuff.obj
 0001:0005a3ba       _need_optimization_pass    0045b3ba f   lib:jcphuff.obj
 0001:0005910d       _start_pass_huff           0045a10d f   lib:jcshuff.obj
 0001:00059282       _encode_mcu_huff           0045a282 f   lib:jcshuff.obj
 0001:0005938d       _encode_one_block          0045a38d f   lib:jcshuff.obj
 0001:00059504       _emit_bits                 0045a504 f   lib:jcshuff.obj
 0001:000595a7       _dump_buffer               0045a5a7 f   lib:jcshuff.obj
 0001:000595cb       _emit_restart              0045a5cb f   lib:jcshuff.obj
 0001:00059638       _flush_bits                0045a638 f   lib:jcshuff.obj
 0001:0005965c       _finish_pass_huff          0045a65c f   lib:jcshuff.obj
 0001:000596cb       _encode_mcu_gather         0045a6cb f   lib:jcshuff.obj
 0001:00059781       _htest_one_block           0045a781 f   lib:jcshuff.obj
 0001:00059848       _finish_pass_gather        0045a848 f   lib:jcshuff.obj
 0001:0005b336       _need_optimization_pass    0045c336 f   lib:jclhuff.obj
 0001:00058ae0       _start_pass_coef           00459ae0 f   lib:jccoefct.obj
 0001:0005a8c8       _start_iMCU_row            0045b8c8 f   lib:jcdiffct.obj
 0001:00058b75       _compress_data             00459b75 f   lib:jccoefct.obj
 0001:00058d5c       _compress_first_pass       00459d5c f   lib:jccoefct.obj
 0001:00058f42       _compress_output           00459f42 f   lib:jccoefct.obj
 0001:000589f8       _calc_output_dimensions    004599f8 f   lib:jdlossls.obj
 0001:00058a09       _start_input_pass          00459a09 f   lib:jdlossls.obj
 0001:00058737       _calc_output_dimensions    00459737 f   lib:jdlossy.obj
 0001:000588aa       _start_input_pass          004598aa f   lib:jdlossy.obj
 0001:000588ca       _latch_quant_tables        004598ca f   lib:jdlossy.obj
 0001:00058962       _start_output_pass         00459962 f   lib:jdlossy.obj
 0001:00058686       _start_pass                00459686 f   lib:jclossls.obj
 0001:000585f2       _start_pass                004595f2 f   lib:jclossy.obj
 0001:00057b47       _initial_setup             00458b47 f   lib:jcmaster.obj
 0001:00057cfa       _validate_script           00458cfa f   lib:jcmaster.obj
 0001:000580d2       _prepare_for_pass          004590d2 f   lib:jcmaster.obj
 0001:0005824a       _select_scan_parameters    0045924a f   lib:jcmaster.obj
 0001:0005834b       _per_scan_setup            0045934b f   lib:jcmaster.obj
 0001:000584f6       _pass_startup              004594f6 f   lib:jcmaster.obj
 0001:0005851d       _finish_pass_master        0045951d f   lib:jcmaster.obj
 0001:00057633       _rgb_ycc_start             00458633 f   lib:jccolor.obj
 0001:000576f7       _rgb_ycc_convert           004586f7 f   lib:jccolor.obj
 0001:000577f6       _rgb_gray_convert          004587f6 f   lib:jccolor.obj
 0001:0005787b       _cmyk_ycck_convert         0045887b f   lib:jccolor.obj
 0001:000579b3       _grayscale_convert         004589b3 f   lib:jccolor.obj
 0001:00057a0d       _null_convert              00458a0d f   lib:jccolor.obj
 0001:0003562d       _null_method               0043662d f   vid_dll.obj
 0001:0003562d       _start_pass_downsample     0043662d f   vid_dll.obj
 0001:00056d7f       _sep_downsample            00457d7f f   lib:jcsample.obj
 0001:00056df4       _int_downsample            00457df4 f   lib:jcsample.obj
 0001:00056eec       _expand_right_edge         00457eec f   lib:jcsample.obj
 0001:00056f41       _fullsize_downsample       00457f41 f   lib:jcsample.obj
 0001:00056f85       _h2v1_downsample           00457f85 f   lib:jcsample.obj
 0001:00057019       _h2v2_downsample           00458019 f   lib:jcsample.obj
 0001:000570c6       _h2v2_smooth_downsample    004580c6 f   lib:jcsample.obj
 0001:0005733e       _fullsize_smooth_downsample 0045833e f   lib:jcsample.obj
 0001:0005677b       _start_pass_prep           0045777b f   lib:jcprepct.obj
 0001:000567b9       _pre_process_data          004577b9 f   lib:jcprepct.obj
 0001:00056967       _pre_process_context       00457967 f   lib:jcprepct.obj
 0001:00056b20       _create_context_buffer     00457b20 f   lib:jcprepct.obj
 0001:000565f3       _start_pass_main           004575f3 f   lib:jcmainct.obj
 0001:00056635       _process_data_simple_main  00457635 f   lib:jcmainct.obj
 0001:00055bc9       _create_colormap           00456bc9 f   lib:jquant1.obj
 0001:00055cfb       _select_ncolors            00456cfb f   lib:jquant1.obj
 0001:00055dd2       _create_colorindex         00456dd2 f   lib:jquant1.obj
 0001:00055efe       _alloc_fs_workspace        00456efe f   lib:jquant1.obj
 0001:00055f3a       _start_pass_1_quant        00456f3a f   lib:jquant1.obj
 0001:00056006       _create_odither_tables     00457006 f   lib:jquant1.obj
 0001:00056065       _make_odither_array        00457065 f   lib:jquant1.obj
 0001:000560c8       _color_quantize            004570c8 f   lib:jquant1.obj
 0001:00056153       _color_quantize3           00457153 f   lib:jquant1.obj
 0001:000561e1       _quantize_ord_dither       004571e1 f   lib:jquant1.obj
 0001:000562cc       _quantize3_ord_dither      004572cc f   lib:jquant1.obj
 0001:000563cc       _quantize_fs_dither        004573cc f   lib:jquant1.obj
 0001:0003562d       _finish_pass_1_quant       0043662d f   vid_dll.obj
 0001:00056550       _new_color_map_1_quant     00457550 f   lib:jquant1.obj
 0001:00054b8a       _init_error_limit          00455b8a f   lib:jquant2.obj
 0001:00054c29       _start_pass_2_quant        00455c29 f   lib:jquant2.obj
 0001:00054d2b       _prescan_quantize          00455d2b f   lib:jquant2.obj
 0001:00054d9a       _pass2_no_dither           00455d9a f   lib:jquant2.obj
 0001:00054e47       _fill_inverse_cmap         00455e47 f   lib:jquant2.obj
 0001:00054f12       _find_nearby_colors        00455f12 f   lib:jquant2.obj
 0001:000550b6       _find_best_colors          004560b6 f   lib:jquant2.obj
 0001:000551d0       _pass2_fs_dither           004561d0 f   lib:jquant2.obj
 0001:0005543f       _finish_pass1              0045643f f   lib:jquant2.obj
 0001:00055461       _select_colors             00456461 f   lib:jquant2.obj
 0001:000554ed       _update_box                004564ed f   lib:jquant2.obj
 0001:00055887       _median_cut                00456887 f   lib:jquant2.obj
 0001:0005599b       _find_biggest_color_pop    0045699b f   lib:jquant2.obj
 0001:000559ca       _find_biggest_volume       004569ca f   lib:jquant2.obj
 0001:000559f3       _compute_color             004569f3 f   lib:jquant2.obj
 0001:0003562d       _finish_pass2              0043662d f   vid_dll.obj
 0001:00055b2f       _new_color_map_2_quant     00456b2f f   lib:jquant2.obj
 0001:000545a1       _build_ycc_rgb_table       004555a1 f   lib:jdmerge.obj
 0001:00054651       _start_pass_merged_upsample 00455651 f   lib:jdmerge.obj
 0001:00054666       _merged_2v_upsample        00455666 f   lib:jdmerge.obj
 0001:0005470d       _merged_1v_upsample        0045570d f   lib:jdmerge.obj
 0001:0005473e       _h2v1_merged_upsample      0045573e f   lib:jdmerge.obj
 0001:00054894       _h2v2_merged_upsample      00455894 f   lib:jdmerge.obj
 0001:00054145       _build_ycc_rgb_table       00455145 f   lib:jdcolor.obj
 0001:000541f5       _ycc_rgb_convert           004551f5 f   lib:jdcolor.obj
 0001:00054303       _null_convert              00455303 f   lib:jdcolor.obj
 0001:0005437b       _grayscale_convert         0045537b f   lib:jdcolor.obj
 0001:0005439e       _gray_rgb_convert          0045539e f   lib:jdcolor.obj
 0001:000543f7       _ycck_cmyk_convert         004553f7 f   lib:jdcolor.obj
 0001:0003562d       _start_pass_dcolor         0043662d f   vid_dll.obj
 0001:00053ba6       _start_pass_upsample       00454ba6 f   lib:jdsample.obj
 0001:00053bc0       _sep_upsample              00454bc0 f   lib:jdsample.obj
 0001:00053c8d       _fullsize_upsample         00454c8d f   lib:jdsample.obj
 0001:00053c98       _noop_upsample             00454c98 f   lib:jdsample.obj
 0001:00053ca0       _int_upsample              00454ca0 f   lib:jdsample.obj
 0001:00053d8a       _h2v1_upsample             00454d8a f   lib:jdsample.obj
 0001:00053de1       _h2v2_upsample             00454de1 f   lib:jdsample.obj
 0001:00053e53       _h2v1_fancy_upsample       00454e53 f   lib:jdsample.obj
 0001:00053ef6       _h2v2_fancy_upsample       00454ef6 f   lib:jdsample.obj
 0001:000537af       _start_pass_dpost          004547af f   lib:jdpostct.obj
 0001:00053855       _post_process_1pass        00454855 f   lib:jdpostct.obj
 0001:000538ba       _post_process_prepass      004548ba f   lib:jdpostct.obj
 0001:0005394b       _post_process_2pass        0045494b f   lib:jdpostct.obj
 0001:000531b6       _alloc_funny_pointers      004541b6 f   lib:jdmainct.obj
 0001:00053263       _start_pass_main           00454263 f   lib:jdmainct.obj
 0001:000532cb       _make_funny_pointers       004542cb f   lib:jdmainct.obj
 0001:0005340b       _process_data_simple_main  0045440b f   lib:jdmainct.obj
 0001:00053473       _process_data_context_main 00454473 f   lib:jdmainct.obj
 0001:00053585       _set_wraparound_pointers   00454585 f   lib:jdmainct.obj
 0001:0005366f       _set_bottom_pointers       0045466f f   lib:jdmainct.obj
 0001:00053709       _process_data_crank_post   00454709 f   lib:jdmainct.obj
 0001:00051f28       _write_marker_header       00452f28 f   lib:jcmarker.obj
 0001:00051f7e       _emit_byte                 00452f7e f   lib:jcmarker.obj
 0001:00051faf       _write_marker_byte         00452faf f   lib:jcmarker.obj
 0001:00051fbf       _write_file_header         00452fbf f   lib:jcmarker.obj
 0001:0005200b       _emit_jfif_app0            0045300b f   lib:jcmarker.obj
 0001:000520de       _emit_adobe_app14          004530de f   lib:jcmarker.obj
 0001:00052184       _write_frame_header        00453184 f   lib:jcmarker.obj
 0001:00052263       _emit_dqt                  00453263 f   lib:jcmarker.obj
 0001:00052352       _emit_sof                  00453352 f   lib:jcmarker.obj
 0001:0005242e       _write_scan_header         0045342e f   lib:jcmarker.obj
 0001:000524ee       _emit_dht                  004534ee f   lib:jcmarker.obj
 0001:000525c7       _emit_dri                  004535c7 f   lib:jcmarker.obj
 0001:00052616       _emit_sos                  00453616 f   lib:jcmarker.obj
 0001:00052704       _write_file_trailer        00453704 f   lib:jcmarker.obj
 0001:00052724       _write_tables_only         00453724 f   lib:jcmarker.obj
 0001:00051a7d       _use_merged_upsample       00452a7d f   lib:jdmaster.obj
 0001:00051b23       _master_selection          00452b23 f   lib:jdmaster.obj
 0001:00051c80       _prepare_range_limit_table 00452c80 f   lib:jdmaster.obj
 0001:00051d06       _prepare_for_output_pass   00452d06 f   lib:jdmaster.obj
 0001:00051e27       _finish_output_pass        00452e27 f   lib:jdmaster.obj
 0001:00050ef4       _alloc_small               00451ef4 f   lib:jmemmgr.obj
 0001:00051012       _alloc_large               00452012 f   lib:jmemmgr.obj
 0001:000510c3       _alloc_sarray              004520c3 f   lib:jmemmgr.obj
 0001:0005115b       _alloc_barray              0045215b f   lib:jmemmgr.obj
 0001:000511ff       _alloc_darray              004521ff f   lib:jmemmgr.obj
 0001:000512aa       _request_virt_sarray       004522aa f   lib:jmemmgr.obj
 0001:0005130b       _request_virt_barray       0045230b f   lib:jmemmgr.obj
 0001:0005136c       _realize_virt_arrays       0045236c f   lib:jmemmgr.obj
 0001:000514ef       _access_virt_sarray        004524ef f   lib:jmemmgr.obj
 0001:0005160f       _do_sarray_io              0045260f f   lib:jmemmgr.obj
 0001:0005169f       _access_virt_barray        0045269f f   lib:jmemmgr.obj
 0001:000517c4       _do_barray_io              004527c4 f   lib:jmemmgr.obj
 0001:00051855       _free_pool                 00452855 f   lib:jmemmgr.obj
 0001:0005193c       _self_destruct             0045293c f   lib:jmemmgr.obj
 0001:0005098e       _start_input_pass          0045198e f   lib:jdinput.obj
 0001:000509bc       _per_scan_setup            004519bc f   lib:jdinput.obj
 0001:00050b42       _finish_input_pass         00451b42 f   lib:jdinput.obj
 0001:00050b53       _consume_markers           00451b53 f   lib:jdinput.obj
 0001:00050bef       _initial_setup             00451bef f   lib:jdinput.obj
 0001:00050df9       _reset_input_controller    00451df9 f   lib:jdinput.obj
 0001:00050747       _fixedtables               00451747 f   lib:inflate.obj
 0001:00050831       _updatewindow              00451831 f   lib:inflate.obj
 0001:0004f1a7       _make_crc_table            004501a7 f   lib:crc32.obj
 0001:0004f2d3       _crc32_little              004502d3 f   lib:crc32.obj
 0001:0004f0e3       _init_destination          004500e3 f   lib:jdatadst.obj
 0001:0004f109       _empty_output_buffer       00450109 f   lib:jdatadst.obj
 0001:0004f14b       _term_destination          0045014b f   lib:jdatadst.obj
 0001:0004ec6a       _std_huff_tables           0044fc6a f   lib:jcparam.obj
 0001:0004ecc4       _add_huff_table            0044fcc4 f   lib:jcparam.obj
 0001:0004d1b7       _next_marker               0044e1b7 f   lib:jdmarker.obj
 0001:0004d2f1       _get_interesting_appn      0044e2f1 f   lib:jdmarker.obj
 0001:0004d41c       _examine_app0              0044e41c f   lib:jdmarker.obj
 0001:0004d62a       _examine_app14             0044e62a f   lib:jdmarker.obj
 0001:0004d6eb       _skip_variable             0044e6eb f   lib:jdmarker.obj
 0001:0004d78e       _read_markers              0044e78e f   lib:jdmarker.obj
 0001:0004d996       _get_soi                   0044e996 f   lib:jdmarker.obj
 0001:0004da41       _get_sof                   0044ea41 f   lib:jdmarker.obj
 0001:0004dd4a       _get_sos                   0044ed4a f   lib:jdmarker.obj
 0001:0004e038       _get_dht                   0044f038 f   lib:jdmarker.obj
 0001:0004e2d9       _get_dqt                   0044f2d9 f   lib:jdmarker.obj
 0001:0004e535       _get_dri                   0044f535 f   lib:jdmarker.obj
 0001:0004e614       _first_marker              0044f614 f   lib:jdmarker.obj
 0001:0004e6b0       _read_restart_marker       0044f6b0 f   lib:jdmarker.obj
 0001:0004e72e       _reset_marker_reader       0044f72e f   lib:jdmarker.obj
 0001:0004cf9b       _output_pass_setup         0044df9b f   lib:jdapistd.obj
 0001:0004cc8e       _default_decompress_parms  0044dc8e f   lib:jdapimin.obj

 125 bytes saved through ICF

