 quake2

 Timestamp is 3e1c5b17 (Wed Jan 08 20:08:39 2003)

 Preferred load address is 00400000

 Start         Length     Name                   Class
 0001:00000000 000635b0H .text                   CODE
 0002:00000000 00000358H .idata$5                DATA
 0002:00000358 0000192cH .rdata                  DATA
 0002:00001c84 00000078H .idata$2                DATA
 0002:00001cfc 00000014H .idata$3                DATA
 0002:00001d10 00000358H .idata$4                DATA
 0002:00002068 00000b44H .idata$6                DATA
 0002:00002bac 00000000H .edata                  DATA
 0003:00000000 00000004H .CRT$XCA                DATA
 0003:00000004 00000004H .CRT$XCZ                DATA
 0003:00000008 00000004H .CRT$XIA                DATA
 0003:0000000c 00000004H .CRT$XIZ                DATA
 0003:00000010 00013dc4H .data                   DATA
 0003:00013dd8 009937f4H .bss                    DATA
 0004:00000000 000000a0H .rsrc$01                DATA
 0004:000000a0 00000300H .rsrc$02                DATA

  Address         Publics by Value              Rva+Base     Lib:Object

 0001:00000000       _CDAudio_Play2             00401000 f   cd_win.obj
 0001:000001e5       _CDAudio_Play              004011e5 f   cd_win.obj
 0001:000001fc       _CDAudio_Stop              004011fc f   cd_win.obj
 0001:00000241       _CDAudio_Pause             00401241 f   cd_win.obj
 0001:0000029a       _CDAudio_Resume            0040129a f   cd_win.obj
 0001:0000030c       _CDAudio_MessageHandler    0040130c f   cd_win.obj
 0001:000003a3       _CDAudio_Update            004013a3 f   cd_win.obj
 0001:000003da       _CDAudio_Init              004013da f   cd_win.obj
 0001:000007d1       _CDAudio_Shutdown          004017d1 f   cd_win.obj
 0001:00000804       _CDAudio_Activate          00401804 f   cd_win.obj
 0001:00000815       _SCR_StopCinematic         00401815 f   cl_cin.obj
 0001:000008a1       _SCR_FinishCinematic       004018a1 f   cl_cin.obj
 0001:000008cb       _SCR_ReadNextFrame         004018cb f   cl_cin.obj
 0001:00000bec       _SCR_RunCinematic          00401bec f   cl_cin.obj
 0001:00000ce5       _SCR_DrawCinematic         00401ce5 f   cl_cin.obj
 0001:00000d84       _SCR_PlayCinematic         00401d84 f   cl_cin.obj
 0001:000010bb       _CL_ParseEntityBits        004020bb f   cl_ents.obj
 0001:0000113a       _CL_ParseDelta             0040213a f   cl_ents.obj
 0001:00001318       _CL_DeltaEntity            00402318 f   cl_ents.obj
 0001:0000146e       _CL_ParsePacketEntities    0040246e f   cl_ents.obj
 0001:00001691       _CL_ParsePlayerstate       00402691 f   cl_ents.obj
 0001:0000199f       _CL_FireEntityEvents       0040299f f   cl_ents.obj
 0001:000019ee       _CL_ParseFrame             004029ee f   cl_ents.obj
 0001:00001c51       _CL_AddPacketEntities      00402c51 f   cl_ents.obj
 0001:000026a1       _CL_AddViewWeapon          004036a1 f   cl_ents.obj
 0001:000027da       _CL_CalcViewValues         004037da f   cl_ents.obj
 0001:00002a78       _CL_AddEntities            00403a78 f   cl_ents.obj
 0001:00002b45       _CL_GetEntitySoundOrigin   00403b45 f   cl_ents.obj
 0001:00002b81       _CL_RunLightStyles         00403b81 f   cl_fx.obj
 0001:00002c1b       _CL_SetLightstyle          00403c1b f   cl_fx.obj
 0001:00002c85       _CL_AllocDlight            00403c85 f   cl_fx.obj
 0001:00002cf0       _CL_RunDLights             00403cf0 f   cl_fx.obj
 0001:00002d42       _CL_AddDLights             00403d42 f   cl_fx.obj
 0001:00002d8b       _CL_ClearParticles         00403d8b f   cl_fx.obj
 0001:00002dcb       _CL_AllocParticleTrace     00403dcb f   cl_fx.obj
 0001:00002e70       _CL_AllocParticle          00403e70 f   cl_fx.obj
 0001:00002ebf       _CL_UpdateParticles        00403ebf f   cl_fx.obj
 0001:000033a2       _CL_MetalSparks            004043a2 f   cl_fx.obj
 0001:00003481       _CL_ParseMuzzleFlash       00404481 f   cl_fx.obj
 0001:00003c95       _CL_ParseMuzzleFlash2      00404c95 f   cl_fx.obj
 0001:0000439c       _CL_ParticleEffect         0040539c f   cl_fx.obj
 0001:0000446b       _CL_ParticleEffect2        0040546b f   cl_fx.obj
 0001:00004536       _CL_ParticleEffect3        00405536 f   cl_fx.obj
 0001:00004606       _CL_TeleporterParticles    00405606 f   cl_fx.obj
 0001:000046bd       _CL_LogoutEffect           004056bd f   cl_fx.obj
 0001:000047a8       _CL_ItemRespawnParticles   004057a8 f   cl_fx.obj
 0001:00004857       _CL_ExplosionParticles     00405857 f   cl_fx.obj
 0001:00004901       _CL_BigTeleportParticles   00405901 f   cl_fx.obj
 0001:00004a58       _CL_BlasterParticles       00405a58 f   cl_fx.obj
 0001:00004b24       _CL_BlasterTrail           00405b24 f   cl_fx.obj
 0001:00004c1d       _CL_FlagTrail              00405c1d f   cl_fx.obj
 0001:00004d23       _CL_DiminishingTrail       00405d23 f   cl_fx.obj
 0001:00004f8d       _CL_RocketTrail            00405f8d f   cl_fx.obj
 0001:000050bc       _CL_RailTrail              004060bc f   cl_fx.obj
 0001:000052ec       _CL_IonripperTrail         004062ec f   cl_fx.obj
 0001:00005400       _CL_BubbleTrail            00406400 f   cl_fx.obj
 0001:00005524       _CL_FlyParticles           00406524 f   cl_fx.obj
 0001:000056c9       _CL_FlyEffect              004066c9 f   cl_fx.obj
 0001:0000574c       _CL_BfgParticles           0040674c f   cl_fx.obj
 0001:00005929       _CL_TrapParticles          00406929 f   cl_fx.obj
 0001:00005bcb       _CL_BFGExplosionParticles  00406bcb f   cl_fx.obj
 0001:00005c75       _CL_TeleportParticles      00406c75 f   cl_fx.obj
 0001:00005dae       _CL_EntityEvent            00406dae f   cl_fx.obj
 0001:00005f8b       _CL_ClearEffects           00406f8b f   cl_fx.obj
 0001:00005fb6       _KeyDown                   00406fb6 f   cl_input.obj
 0001:0000602c       _KeyUp                     0040702c f   cl_input.obj
 0001:000060a6       _IN_KLookDown              004070a6 f   cl_input.obj
 0001:000060b2       _IN_KLookUp                004070b2 f   cl_input.obj
 0001:000060be       _IN_UpDown                 004070be f   cl_input.obj
 0001:000060ca       _IN_UpUp                   004070ca f   cl_input.obj
 0001:000060d6       _IN_DownDown               004070d6 f   cl_input.obj
 0001:000060e2       _IN_DownUp                 004070e2 f   cl_input.obj
 0001:000060ee       _IN_LeftDown               004070ee f   cl_input.obj
 0001:000060fa       _IN_LeftUp                 004070fa f   cl_input.obj
 0001:00006106       _IN_RightDown              00407106 f   cl_input.obj
 0001:00006112       _IN_RightUp                00407112 f   cl_input.obj
 0001:0000611e       _IN_ForwardDown            0040711e f   cl_input.obj
 0001:0000612a       _IN_ForwardUp              0040712a f   cl_input.obj
 0001:00006136       _IN_BackDown               00407136 f   cl_input.obj
 0001:00006142       _IN_BackUp                 00407142 f   cl_input.obj
 0001:0000614e       _IN_LookupDown             0040714e f   cl_input.obj
 0001:0000615a       _IN_LookupUp               0040715a f   cl_input.obj
 0001:00006166       _IN_LookdownDown           00407166 f   cl_input.obj
 0001:00006172       _IN_LookdownUp             00407172 f   cl_input.obj
 0001:0000617e       _IN_MoveleftDown           0040717e f   cl_input.obj
 0001:0000618a       _IN_MoveleftUp             0040718a f   cl_input.obj
 0001:00006196       _IN_MoverightDown          00407196 f   cl_input.obj
 0001:000061a2       _IN_MoverightUp            004071a2 f   cl_input.obj
 0001:000061ae       _IN_SpeedDown              004071ae f   cl_input.obj
 0001:000061ba       _IN_SpeedUp                004071ba f   cl_input.obj
 0001:000061c6       _IN_StrafeDown             004071c6 f   cl_input.obj
 0001:000061d2       _IN_StrafeUp               004071d2 f   cl_input.obj
 0001:000061de       _IN_AttackDown             004071de f   cl_input.obj
 0001:000061ea       _IN_AttackUp               004071ea f   cl_input.obj
 0001:000061f6       _IN_UseDown                004071f6 f   cl_input.obj
 0001:00006202       _IN_UseUp                  00407202 f   cl_input.obj
 0001:0000620e       _IN_Impulse                0040720e f   cl_input.obj
 0001:00006224       _CL_KeyState               00407224 f   cl_input.obj
 0001:00006282       _CL_AdjustAngles           00407282 f   cl_input.obj
 0001:00006391       _CL_BaseMove               00407391 f   cl_input.obj
 0001:0000656b       _CL_ClampPitch             0040756b f   cl_input.obj
 0001:00006619       _CL_FinishMove             00407619 f   cl_input.obj
 0001:000066d5       _CL_CreateCmd              004076d5 f   cl_input.obj
 0001:00006741       _IN_CenterView             00407741 f   cl_input.obj
 0001:00006762       _CL_InitInput              00407762 f   cl_input.obj
 0001:00006968       _CL_SendCmd                00407968 f   cl_input.obj
 0001:00006b62       _CL_ParseInventory         00407b62 f   cl_inv.obj
 0001:00006b82       _CL_DrawInventory          00407b82 f   cl_inv.obj
 0001:00006de3       _CL_WriteDemoMessage       00407de3 f   cl_main.obj
 0001:00006e25       _CL_Stop_f                 00407e25 f   cl_main.obj
 0001:00006e80       _CL_Record_f               00407e80 f   cl_main.obj
 0001:000070f9       _Cmd_ForwardToServer       004080f9 f   cl_main.obj
 0001:00007165       _CL_Setenv_f               00408165 f   cl_main.obj
 0001:00007229       _CL_ForwardToServer_f      00408229 f   cl_main.obj
 0001:00007277       _CL_Pause_f                00408277 f   cl_main.obj
 0001:000072b0       _CL_Quit_f                 004082b0 f   cl_main.obj
 0001:000072ba       _CL_Drop                   004082ba f   cl_main.obj
 0001:000072dc       _CL_SendConnectPacket      004082dc f   cl_main.obj
 0001:000073b0       _CL_CheckForResend         004083b0 f   cl_main.obj
 0001:00007490       _CL_Connect_f              00408490 f   cl_main.obj
 0001:0000750f       _CL_Rcon_f                 0040850f f   cl_main.obj
 0001:0000765c       _CL_ClearState             0040865c f   cl_main.obj
 0001:0000769b       _CL_Disconnect             0040869b f   cl_main.obj
 0001:000077d8       _CL_Disconnect_f           004087d8 f   cl_main.obj
 0001:000077e7       _CL_Changing_f             004087e7 f   cl_main.obj
 0001:0000780b       _CL_Reconnect_f            0040880b f   cl_main.obj
 0001:000078a7       _CL_ParseStatusMessage     004088a7 f   cl_main.obj
 0001:000078de       _CL_PingServers_f          004088de f   cl_main.obj
 0001:00007a38       _CL_Skins_f                00408a38 f   cl_main.obj
 0001:00007a74       _CL_ConnectionlessPacket   00408a74 f   cl_main.obj
 0001:00007cb6       _CL_ReadPackets            00408cb6 f   cl_main.obj
 0001:00007df4       _CL_FixUpGender            00408df4 f   cl_main.obj
 0001:00007ec7       _CL_Userinfo_f             00408ec7 f   cl_main.obj
 0001:00007edf       _CL_Snd_Restart_f          00408edf f   cl_main.obj
 0001:00007eee       _CL_RequestNextDownload    00408eee f   cl_main.obj
 0001:0000851e       _CL_Precache_f             0040951e f   cl_main.obj
 0001:00008587       _CL_WriteConfiguration     00409587 f   cl_main.obj
 0001:00008618       _CL_WriteConfig_f          00409618 f   cl_main.obj
 0001:00008677       _CL_InitLocal              00409677 f   cl_main.obj
 0001:00008897       _CL_FixCvarCheats          00409897 f   cl_main.obj
 0001:00008954       _CL_SendCommand            00409954 f   cl_main.obj
 0001:00008972       _CL_Frame                  00409972 f   cl_main.obj
 0001:00008b45       _CL_Init                   00409b45 f   cl_main.obj
 0001:00008b92       _CL_Shutdown               00409b92 f   cl_main.obj
 0001:00008bd8       _vectoangles2              00409bd8 f   cl_newfx.obj
 0001:00008cda       _CL_Flashlight             00409cda f   cl_newfx.obj
 0001:00008d2a       _CL_ColorFlash             00409d2a f   cl_newfx.obj
 0001:00008d7c       _CL_DebugTrail             00409d7c f   cl_newfx.obj
 0001:00008e73       _CL_ForceWall              00409e73 f   cl_newfx.obj
 0001:00008fad       _CL_BubbleTrail2           00409fad f   cl_newfx.obj
 0001:000090dd       _CL_Heatbeam               0040a0dd f   cl_newfx.obj
 0001:00009355       _CL_ParticleSteamEffect    0040a355 f   cl_newfx.obj
 0001:00009461       _CL_ParticleSteamEffect2   0040a461 f   cl_newfx.obj
 0001:00009580       _CL_TrackerTrail           0040a580 f   cl_newfx.obj
 0001:000096c5       _CL_Tracker_Shell          0040a6c5 f   cl_newfx.obj
 0001:0000973c       _CL_MonsterPlasma_Shell    0040a73c f   cl_newfx.obj
 0001:000097b0       _CL_Widowbeamout           0040a7b0 f   cl_newfx.obj
 0001:00009857       _CL_Nukeblast              0040a857 f   cl_newfx.obj
 0001:000098fe       _CL_WidowSplash            0040a8fe f   cl_newfx.obj
 0001:000099b9       _CL_TagTrail               0040a9b9 f   cl_newfx.obj
 0001:00009abf       _CL_ColorExplosionParticles 0040aabf f   cl_newfx.obj
 0001:00009b6c       _CL_ParticleSmokeEffect    0040ab6c f   cl_newfx.obj
 0001:00009c76       _CL_BlasterParticles2      0040ac76 f   cl_newfx.obj
 0001:00009d43       _CL_BlasterTrail2          0040ad43 f   cl_newfx.obj
 0001:00009e3c       _CL_DownloadFileName       0040ae3c f   cl_parse.obj
 0001:00009e7b       _CL_CheckOrDownloadFile    0040ae7b f   cl_parse.obj
 0001:0000a001       _CL_Download_f             0040b001 f   cl_parse.obj
 0001:0000a0c9       _CL_RegisterSounds         0040b0c9 f   cl_parse.obj
 0001:0000a108       _CL_ParseDownload          0040b108 f   cl_parse.obj
 0001:0000a275       _CL_ParseServerData        0040b275 f   cl_parse.obj
 0001:0000a384       _CL_ParseBaseline          0040b384 f   cl_parse.obj
 0001:0000a3be       _CL_LoadClientinfo         0040b3be f   cl_parse.obj
 0001:0000a689       _CL_ParseClientinfo        0040b689 f   cl_parse.obj
 0001:0000a6ad       _CL_ParseConfigString      0040b6ad f   cl_parse.obj
 0001:0000a830       _CL_ParseStartSoundPacket  0040b830 f   cl_parse.obj
 0001:0000a932       _SHOWNET                   0040b932 f   cl_parse.obj
 0001:0000a956       _CL_ParseServerMessage     0040b956 f   cl_parse.obj
 0001:0000abf6       _CL_CheckPredictionError   0040bbf6 f   cl_pred.obj
 0001:0000ad15       _CL_ClipMoveToEntities     0040bd15 f   cl_pred.obj
 0001:0000b03e       _CL_PMTrace                0040c03e f   cl_pred.obj
 0001:0000b0ad       _CL_PMpointcontents        0040c0ad f   cl_pred.obj
 0001:0000b117       _CL_PredictMovement        0040c117 f   cl_pred.obj
 0001:0000b320       _CL_AddNetgraph            0040c320 f   cl_scrn.obj
 0001:0000b3fa       _SCR_DebugGraph            0040c3fa f   cl_scrn.obj
 0001:0000b422       _SCR_DrawDebugGraph        0040c422 f   cl_scrn.obj
 0001:0000b501       _SCR_CenterPrint           0040c501 f   cl_scrn.obj
 0001:0000b612       _SCR_DrawCenterString      0040c612 f   cl_scrn.obj
 0001:0000b767       _SCR_SizeUp_f              0040c767 f   cl_scrn.obj
 0001:0000b780       _SCR_SizeDown_f            0040c780 f   cl_scrn.obj
 0001:0000b7a1       _SCR_Sky_f                 0040c7a1 f   cl_scrn.obj
 0001:0000b84c       _SCR_Init                  0040c84c f   cl_scrn.obj
 0001:0000b8b1       _SCR_DrawNet               0040c8b1 f   cl_scrn.obj
 0001:0000b8ec       _SCR_DrawPause             0040c8ec f   cl_scrn.obj
 0001:0000b955       _SCR_RunConsole            0040c955 f   cl_scrn.obj
 0001:0000b9f2       _SCR_DrawConsole           0040c9f2 f   cl_scrn.obj
 0001:0000ba85       _SCR_SetLevelshot          0040ca85 f   cl_scrn.obj
 0001:0000bb17       _SCR_DrawLoading           0040cb17 f   cl_scrn.obj
 0001:0000bbbb       _SCR_BeginLoadingPlaque    0040cbbb f   cl_scrn.obj
 0001:0000bc11       _SCR_EndLoadingPlaque      0040cc11 f   cl_scrn.obj
 0001:0000bc2c       _SCR_Loading_f             0040cc2c f   cl_scrn.obj
 0001:0000bc31       _SCR_TimeRefresh_f         0040cc31 f   cl_scrn.obj
 0001:0000bd08       _SCR_AddDirtyPoint         0040cd08 f   cl_scrn.obj
 0001:0000bd45       _SCR_DirtyScreen           0040cd45 f   cl_scrn.obj
 0001:0000bdc0       _SCR_TileClear             0040cdc0 f   cl_scrn.obj
 0001:0000bf9b       _DrawHUDString             0040cf9b f   cl_scrn.obj
 0001:0000c04d       _SCR_DrawField             0040d04d f   cl_scrn.obj
 0001:0000c171       _SCR_TouchPics             0040d171 f   cl_scrn.obj
 0001:0000c203       _SCR_ExecuteLayoutString   0040d203 f   cl_scrn.obj
 0001:0000cbb5       _SCR_UpdateScreen          0040dbb5 f   cl_scrn.obj
 0001:0000cea0       _CL_RegisterTEntSounds     0040dea0 f   cl_tent.obj
 0001:0000d0d8       _CL_RegisterTEntModels     0040e0d8 f   cl_tent.obj
 0001:0000d25e       _CL_ClearTEnts             0040e25e f   cl_tent.obj
 0001:0000d2b5       _CL_AllocExplosion         0040e2b5 f   cl_tent.obj
 0001:0000d307       _CL_AddExplosions          0040e307 f   cl_tent.obj
 0001:0000d556       _CL_SmokeAndFlash          0040e556 f   cl_tent.obj
 0001:0000d5bd       _CL_ParseBeam              0040e5bd f   cl_tent.obj
 0001:0000d6ac       _CL_ParseBeam2             0040e6ac f   cl_tent.obj
 0001:0000d7ac       _CL_ParsePlayerBeam        0040e7ac f   cl_tent.obj
 0001:0000d8e8       _CL_ParseLightning         0040e8e8 f   cl_tent.obj
 0001:0000d9be       _CL_ParseLaser             0040e9be f   cl_tent.obj
 0001:0000da63       _CL_ParseSteam             0040ea63 f   cl_tent.obj
 0001:0000db74       _CL_ParseWidow             0040eb74 f   cl_tent.obj
 0001:0000dbe0       _CL_ParseNuke              0040ebe0 f   cl_tent.obj
 0001:0000dc4a       _CL_ParseTEnt              0040ec4a f   cl_tent.obj
 0001:0000ea64       _CL_AddBeams               0040fa64 f   cl_tent.obj
 0001:0000ed8d       _CL_AddPlayerBeams         0040fd8d f   cl_tent.obj
 0001:0000f494       _CL_AddLasers              00410494 f   cl_tent.obj
 0001:0000f4b9       _CL_ProcessSustain         004104b9 f   cl_tent.obj
 0001:0000f4fa       _CL_AddTEnts               004104fa f   cl_tent.obj
 0001:0000f513       _V_AddEntity               00410513 f   cl_view.obj
 0001:0000f53d       _V_AddLight                0041053d f   cl_view.obj
 0001:0000f588       _V_TestParticles           00410588 f   cl_view.obj
 0001:0000f646       _V_TestEntities            00410646 f   cl_view.obj
 0001:0000f6e8       _V_TestLights              004106e8 f   cl_view.obj
 0001:0000f7bb       _CL_PrepRefresh            004107bb f   cl_view.obj
 0001:0000fa8e       _CalcFov                   00410a8e f   cl_view.obj
 0001:0000fb07       _V_Gun_Next_f              00410b07 f   cl_view.obj
 0001:0000fb20       _V_Gun_Prev_f              00410b20 f   cl_view.obj
 0001:0000fb42       _V_Gun_Model_f             00410b42 f   cl_view.obj
 0001:0000fb76       _SCR_DrawCrosshair         00410b76 f   cl_view.obj
 0001:0000fbe2       _V_RenderView              00410be2 f   cl_view.obj
 0001:000107c4       _V_Viewpos_f               004117c4 f   cl_view.obj
 0001:00010802       _V_Init                    00411802 f   cl_view.obj
 0001:0001084e       _Cbuf_Init                 0041184e f   cmd.obj
 0001:00010866       _Cbuf_AddText              00411866 f   cmd.obj
 0001:000108c2       _Cbuf_InsertText           004118c2 f   cmd.obj
 0001:0001091a       _Cbuf_CopyToDefer          0041191a f   cmd.obj
 0001:00010946       _Cbuf_InsertFromDefer      00411946 f   cmd.obj
 0001:00010959       _Cbuf_ExecuteText          00411959 f   cmd.obj
 0001:00010998       _Cbuf_Execute              00411998 f   cmd.obj
 0001:00010a4c       _Cbuf_AddEarlyCommands     00411a4c f   cmd.obj
 0001:00010ace       _Cbuf_AddLateCommands      00411ace f   cmd.obj
 0001:00010be3       _Cmd_Exec_f                00411be3 f   cmd.obj
 0001:00010c68       _Cmd_Echo_f                00411c68 f   cmd.obj
 0001:00010caa       _Cmd_Alias_f               00411caa f   cmd.obj
 0001:00010dd1       _Cmd_Unalias_f             00411dd1 f   cmd.obj
 0001:00010e5a       _Cmd_WriteAliases          00411e5a f   cmd.obj
 0001:00010e83       _Cmd_Argc                  00411e83 f   cmd.obj
 0001:00010e89       _Cmd_Argv                  00411e89 f   cmd.obj
 0001:00010ea3       _Cmd_Args                  00411ea3 f   cmd.obj
 0001:00010ea9       _Cmd_TokenizeString        00411ea9 f   cmd.obj
 0001:000110db       _Cmd_AddCommand            004120db f   cmd.obj
 0001:00011146       _Cmd_RemoveCommand         00412146 f   cmd.obj
 0001:00011188       _Cmd_CompleteCommand       00412188 f   cmd.obj
 0001:00011687       _Cmd_ExecuteString         00412687 f   cmd.obj
 0001:0001175f       _Cmd_Init                  0041275f f   cmd.obj
 0001:00011838       _CMod_GetSurfMaterial      00412838 f   cmodel.obj
 0001:00011892       _CM_LoadMap                00412892 f   cmodel.obj
 0001:00012099       _CM_InlineModel            00413099 f   cmodel.obj
 0001:000120e7       _CM_NumClusters            004130e7 f   cmodel.obj
 0001:000120ed       _CM_NumInlineModels        004130ed f   cmodel.obj
 0001:000120f3       _CM_EntityString           004130f3 f   cmodel.obj
 0001:000120f9       _CM_LeafContents           004130f9 f   cmodel.obj
 0001:00012123       _CM_LeafCluster            00413123 f   cmodel.obj
 0001:0001214e       _CM_LeafArea               0041314e f   cmodel.obj
 0001:00012179       _CM_InitBoxHull            00413179 f   cmodel.obj
 0001:00012358       _CM_HeadnodeForBox         00413358 f   cmodel.obj
 0001:0001240d       _CM_PointLeafnum           0041340d f   cmodel.obj
 0001:00012490       _CM_BoxLeafnums            00413490 f   cmodel.obj
 0001:00012599       _CM_PointContents          00413599 f   cmodel.obj
 0001:000125be       _CM_TransformedPointContents 004135be f   cmodel.obj
 0001:000126a8       _CM_BoxTrace               004136a8 f   cmodel.obj
 0001:000130a1       _CM_TransformedBoxTrace    004140a1 f   cmodel.obj
 0001:0001332a       _CM_DecompressVis          0041432a f   cmodel.obj
 0001:000133d3       _CM_ClusterPVS             004143d3 f   cmodel.obj
 0001:00013420       _CM_ClusterPHS             00414420 f   cmodel.obj
 0001:0001346d       _FloodAreaConnections      0041446d f   cmodel.obj
 0001:00013528       _CM_SetAreaPortalState     00414528 f   cmodel.obj
 0001:00013555       _CM_AreasConnected         00414555 f   cmodel.obj
 0001:000135a3       _CM_WriteAreaBits          004145a3 f   cmodel.obj
 0001:00013633       _CM_WritePortalState       00414633 f   cmodel.obj
 0001:0001364d       _CM_ReadPortalState        0041464d f   cmodel.obj
 0001:0001366b       _CM_HeadnodeVisible        0041466b f   cmodel.obj
 0001:000136d3       _Com_BeginRedirect         004146d3 f   common.obj
 0001:00013710       _Com_EndRedirect           00414710 f   common.obj
 0001:0001373b       _Com_Printf                0041473b f   common.obj
 0001:0001389a       _Com_DPrintf               0041489a f   common.obj
 0001:00013914       _DebugPrintf               00414914 f   common.obj
 0001:000139bc       _Com_WPrintf               004149bc f   common.obj
 0001:00013a15       _Com_Error                 00414a15 f   common.obj
 0001:00013af3       _Com_Quit                  00414af3 f   common.obj
 0001:00013b23       _MatchWildcard             00414b23 f   common.obj
 0001:00013c60       _Com_ServerState           00414c60 f   common.obj
 0001:00013c66       _Com_SetServerState        00414c66 f   common.obj
 0001:00013c70       _MSG_WriteChar             00414c70 f   common.obj
 0001:00013c70       _MSG_WriteByte             00414c70 f   common.obj
 0001:00013c84       _MSG_WriteShort            00414c84 f   common.obj
 0001:00013c9e       _MSG_WriteLong             00414c9e f   common.obj
 0001:00013cc8       _MSG_WriteFloat            00414cc8 f   common.obj
 0001:00013cee       _MSG_WriteString           00414cee f   common.obj
 0001:00013d26       _MSG_WriteCoord            00414d26 f   common.obj
 0001:00013d4f       _MSG_WritePos              00414d4f f   common.obj
 0001:00013dc3       _MSG_WriteAngle            00414dc3 f   common.obj
 0001:00013de6       _MSG_WriteAngle16          00414de6 f   common.obj
 0001:00013e15       _MSG_WriteDeltaUsercmd     00414e15 f   common.obj
 0001:00013f9d       _MSG_WriteDir              00414f9d f   common.obj
 0001:0001400a       _MSG_ReadDir               0041500a f   common.obj
 0001:00014048       _MSG_WriteDeltaEntity      00415048 f   common.obj
 0001:00014541       _MSG_BeginReading          00415541 f   common.obj
 0001:0001454a       _MSG_ReadChar              0041554a f   common.obj
 0001:0001456b       _MSG_ReadByte              0041556b f   common.obj
 0001:0001458c       _MSG_ReadShort             0041558c f   common.obj
 0001:000145bc       _MSG_ReadLong              004155bc f   common.obj
 0001:000145fb       _MSG_ReadString            004155fb f   common.obj
 0001:0001462e       _MSG_ReadStringLine        0041562e f   common.obj
 0001:00014666       _MSG_ReadCoord             00415666 f   common.obj
 0001:00014680       _MSG_ReadPos               00415680 f   common.obj
 0001:000146d2       _MSG_ReadAngle             004156d2 f   common.obj
 0001:000146ec       _MSG_ReadAngle16           004156ec f   common.obj
 0001:00014706       _MSG_ReadDeltaUsercmd      00415706 f   common.obj
 0001:000147bd       _MSG_ReadData              004157bd f   common.obj
 0001:000147e0       _SZ_Init                   004157e0 f   common.obj
 0001:00014802       _SZ_Clear                  00415802 f   common.obj
 0001:0001480f       _SZ_GetSpace               0041580f f   common.obj
 0001:00014871       _SZ_Write                  00415871 f   common.obj
 0001:00014892       _SZ_Print                  00415892 f   common.obj
 0001:000148db       _COM_Argc                  004158db f   common.obj
 0001:000148e1       _COM_Argv                  004158e1 f   common.obj
 0001:00014902       _COM_ClearArgv             00415902 f   common.obj
 0001:0001492a       _COM_InitArgv              0041592a f   common.obj
 0001:00014985       _Info_Print                00415985 f   common.obj
 0001:00014a42       _COM_BlockSequenceCRCByte  00415a42 f   common.obj
 0001:00014ace       _frand                     00415ace f   common.obj
 0001:00014aeb       _crand                     00415aeb f   common.obj
 0001:00014b0e       _Qcommon_Init              00415b0e f   common.obj
 0001:00014c62       _Qcommon_Frame             00415c62 f   common.obj
 0001:00014e45       _R_SurfacePatch            00415e45 f   common.obj
 0001:00014e45       _jpeg_mem_term             00415e45 f   common.obj
 0001:00014e45       _Qcommon_Shutdown          00415e45 f   common.obj
 0001:00014e45       __setargv                  00415e45 f   common.obj
 0001:00014e46       _CCheckParm                00415e46 f   conproc.obj
 0001:00014e7f       _InitConProc               00415e7f f   conproc.obj
 0001:00014fd1       _DeinitConProc             00415fd1 f   conproc.obj
 0001:00014fe2       _RequestProc@4             00415fe2 f   conproc.obj
 0001:000150f3       _WriteText                 004160f3 f   conproc.obj
 0001:000151ba       _CharToCode                004161ba f   conproc.obj
 0001:00015242       _SetConsoleCXCY            00416242 f   conproc.obj
 0001:00015379       _DrawStringCommon          00416379 f   console.obj
 0001:000153d6       _DrawString                004163d6 f   console.obj
 0001:000153f8       _DrawAltString             004163f8 f   console.obj
 0001:0001541d       _Con_ToggleConsole_f       0041641d f   console.obj
 0001:0001549e       _Con_ClearNotify           0041649e f   console.obj
 0001:000154ac       _Con_CheckResize           004164ac f   console.obj
 0001:000155cc       _Con_Init                  004165cc f   console.obj
 0001:00015869       _Con_Print                 00416869 f   console.obj
 0001:00015b39       _Con_DrawNotify            00416b39 f   console.obj
 0001:00015d3c       _Con_DrawConsole           00416d3c f   console.obj
 0001:000162a4       _CRC_Block                 004172a4 f   crc.obj
 0001:000162e0       _Cvar_VariableValue        004172e0 f   cvar.obj
 0001:0001634e       _Cvar_VariableInt          0041734e f   cvar.obj
 0001:00016361       _Cvar_VariableString       00417361 f   cvar.obj
 0001:00016379       _Cvar_Get                  00417379 f   cvar.obj
 0001:000165d5       _Cvar_GetVars              004175d5 f   cvar.obj
 0001:00016629       _Cvar_FullSet              00417629 f   cvar.obj
 0001:00016686       _Cvar_SetValue             00417686 f   cvar.obj
 0001:00016871       _Cvar_SetInteger           00417871 f   cvar.obj
 0001:00016893       _Cvar_Set                  00417893 f   cvar.obj
 0001:000168a8       _Cvar_ForceSet             004178a8 f   cvar.obj
 0001:000168bd       _Cvar_Clamp                004178bd f   cvar.obj
 0001:00016947       _Cvar_ClampName            00417947 f   cvar.obj
 0001:00016998       _Cvar_GetLatchedVars       00417998 f   cvar.obj
 0001:000169c7       _Cvar_Command              004179c7 f   cvar.obj
 0001:00016a35       _Cvar_WriteVariables       00417a35 f   cvar.obj
 0001:00016a9a       _Cvar_BitInfo              00417a9a f   cvar.obj
 0001:00016ad3       _Cvar_Userinfo             00417ad3 f   cvar.obj
 0001:00016adc       _Cvar_Serverinfo           00417adc f   cvar.obj
 0001:00016ae5       _Cvar_Init                 00417ae5 f   cvar.obj
 0001:00017113       _FS_CreatePath             00418113 f   files.obj
 0001:00017139       _Developer_searchpath      00418139 f   files.obj
 0001:0001717e       _FS_FCloseFile             0041817e f   files.obj
 0001:00017214       _FS_FOpenFile              00418214 f   files.obj
 0001:000176ae       _FS_FileExists             004186ae f   files.obj
 0001:000178cc       _FS_Read                   004188cc f   files.obj
 0001:00017b79       _FS_LoadFile               00418b79 f   files.obj
 0001:00017bdb       _FS_FreeFile               00418bdb f   files.obj
 0001:00017be6       _FS_LoadPackFile           00418be6 f   files.obj
 0001:00017f1e       _FS_UnloadPackFile         00418f1e f   files.obj
 0001:00017f6b       _FS_AddGameDirectory       00418f6b f   files.obj
 0001:000180ff       _FS_Gamedir                004190ff f   files.obj
 0001:00018113       _FS_LoadGameConfig         00419113 f   files.obj
 0001:000181d8       _FS_SetGamedir             004191d8 f   files.obj
 0001:00018371       _FS_ListFiles              00419371 f   files.obj
 0001:00018668       _FS_NextPath               00419668 f   files.obj
 0001:0001868c       _FS_InitFilesystem         0041968c f   files.obj
 0001:00019054       _LoadPCX                   0041a054 f   images.obj
 0001:00019238       _LoadTGA                   0041a238 f   images.obj
 0001:000195ce       _LoadJPG                   0041a5ce f   images.obj
 0001:00019861       _ImageExists               0041a861 f   images.obj
 0001:00019967       _WriteTGA                  0041a967 f   images.obj
 0001:00019a13       _WriteJPG                  0041aa13 f   images.obj
 0001:00019b3b       _IN_MLookDown              0041ab3b f   in_win.obj
 0001:00019b46       _IN_MLookUp                0041ab46 f   in_win.obj
 0001:00019b69       _IN_StartupMouse           0041ab69 f   in_win.obj
 0001:00019bc3       _IN_MouseEvent             0041abc3 f   in_win.obj
 0001:00019c40       _IN_Init                   0041ac40 f   in_win.obj
 0001:00019c86       _IN_Shutdown               0041ac86 f   in_win.obj
 0001:00019d6b       _IN_Activate               0041ad6b f   in_win.obj
 0001:00019d82       _IN_Frame                  0041ad82 f   in_win.obj
 0001:0001a156       _IN_Move                   0041b156 f   in_win.obj
 0001:0001a321       _IN_StartupJoystick        0041b321 f   in_win.obj
 0001:0001a442       _Joy_AdvancedUpdate_f      0041b442 f   in_win.obj
 0001:0001a5d9       _IN_Commands               0041b5d9 f   in_win.obj
 0001:0001a708       _IN_ReadJoystick           0041b708 f   in_win.obj
 0001:0001a743       _IN_JoyMove                0041b743 f   in_win.obj
 0001:0001aa93       _CompleteCommand           0041ba93 f   keys.obj
 0001:0001aae3       _Key_Console               0041bae3 f   keys.obj
 0001:0001b068       _Key_Message               0041c068 f   keys.obj
 0001:0001b0f9       _Key_StringToKeynum        0041c0f9 f   keys.obj
 0001:0001b143       _Key_KeynumToString        0041c143 f   keys.obj
 0001:0001b196       _Key_SetBinding            0041c196 f   keys.obj
 0001:0001b1f0       _Key_Bindlist_f            0041c1f0 f   keys.obj
 0001:0001b281       _Key_WriteBindings         0041c281 f   keys.obj
 0001:0001b2bf       _Key_Init                  0041c2bf f   keys.obj
 0001:0001b592       _Key_Event                 0041c592 f   keys.obj
 0001:0001b870       _Key_ClearStates           0041c870 f   keys.obj
 0001:0001b8b5       _Key_ClearTyping           0041c8b5 f   keys.obj
 0001:0001b8ce       _MD4Init                   0041c8ce f   md4.obj
 0001:0001b8f6       _MD4Update                 0041c8f6 f   md4.obj
 0001:0001b994       _MD4Final                  0041c994 f   md4.obj
 0001:0001c085       _Com_BlockChecksum         0041d085 f   md4.obj
 0001:0001c0c1       _Z_Free                    0041d0c1 f   memory.obj
 0001:0001c117       _Z_FreeTags                0041d117 f   memory.obj
 0001:0001c147       _Z_TagMalloc               0041d147 f   memory.obj
 0001:0001c1b8       _Z_Malloc                  0041d1b8 f   memory.obj
 0001:0001c1da       _Z_BlockMalloc             0041d1da f   memory.obj
 0001:0001c1f5       _CreateMemoryChain         0041d1f5 f   memory.obj
 0001:0001c25e       _FreeMemoryChain           0041d25e f   memory.obj
 0001:0001c288       _AllocChainBlock           0041d288 f   memory.obj
 0001:0001c2d3       _CopyString                0041d2d3 f   memory.obj
 0001:0001c2f7       _ChainCopyString           0041d2f7 f   memory.obj
 0001:0001c31f       _AllocNamedStruc           0041d31f f   memory.obj
 0001:0001c35a       _ChainAllocNamedStruc      0041d35a f   memory.obj
 0001:0001c399       _FindNamedStruc            0041d399 f   memory.obj
 0001:0001c3dd       _FindNamedStrucByIndex     0041d3dd f   memory.obj
 0001:0001c3f4       _IndexOfNamedStruc         0041d3f4 f   memory.obj
 0001:0001c422       _AddToNamedList            0041d422 f   memory.obj
 0001:0001c46c       _ChainAddToNamedList       0041d46c f   memory.obj
 0001:0001c4b6       _FreeNamedList             0041d4b6 f   memory.obj
 0001:0001c4d1       _Z_Init                    0041d4d1 f   memory.obj
 0001:0001c50c       _M_PushMenu                0041d50c f   menu.obj
 0001:0001c5c9       _M_ForceMenuOff            0041d5c9 f   menu.obj
 0001:0001c5f6       _M_PopMenu                 0041d5f6 f   menu.obj
 0001:0001c64a       _Default_MenuKey           0041d64a f   menu.obj
 0001:0001c774       _M_Print                   0041d774 f   menu.obj
 0001:0001c7bf       _M_DrawTextBox             0041d7bf f   menu.obj
 0001:0001c9ab       _M_Main_Draw               0041d9ab f   menu.obj
 0001:0001cb1c       _M_Main_Key                0041db1c f   menu.obj
 0001:0001cbff       _M_Menu_Main_f             0041dbff f   menu.obj
 0001:0001cc1a       _M_Menu_Multiplayer_f      0041dc1a f   menu.obj
 0001:0001cd9e       _M_Menu_Keys_f             0041dd9e f   menu.obj
 0001:0001d27e       _M_Menu_Options_f          0041e27e f   menu.obj
 0001:0001db6e       _M_Menu_Video_f            0041eb6e f   menu.obj
 0001:0001db8e       _M_Menu_Credits_f          0041eb8e f   menu.obj
 0001:0001dd5b       _M_Menu_Game_f             0041ed5b f   menu.obj
 0001:0001dfed       _M_Menu_LoadGame_f         0041efed f   menu.obj
 0001:0001e199       _M_Menu_SaveGame_f         0041f199 f   menu.obj
 0001:0001e2d3       _M_AddToServerList         0041f2d3 f   menu.obj
 0001:0001e351       _M_Menu_JoinServer_f       0041f351 f   menu.obj
 0001:0001e5bf       _M_Menu_StartServer_f      0041f5bf f   menu.obj
 0001:0001ede9       _M_Menu_DMOptions_f        0041fde9 f   menu.obj
 0001:0001f5a1       _M_Menu_DownloadOptions_f  004205a1 f   menu.obj
 0001:0001f828       _M_Menu_AddressBook_f      00420828 f   menu.obj
 0001:00020a03       _M_Init                    00421a03 f   menu.obj
 0001:00020b26       _M_Draw                    00421b26 f   menu.obj
 0001:00020b81       _M_Keydown                 00421b81 f   menu.obj
 0001:00020b9d       _SwapQ2BspFile             00421b9d f   model.obj
 0001:00020db9       _ProcessQ2BspFile          00421db9 f   model.obj
 0001:00020e89       _CheckLump                 00421e89 f   model.obj
 0001:00020ece       _LoadQ2BspFile             00421ece f   model.obj
 0001:00021075       _LoadBspFile               00422075 f   model.obj
 0001:0002116f       _Netchan_Init              0042216f f   net_chan.obj
 0001:000211cf       _Netchan_OutOfBand         004221cf f   net_chan.obj
 0001:0002122b       _Netchan_OutOfBandPrint    0042222b f   net_chan.obj
 0001:0002126b       _Netchan_Setup             0042226b f   net_chan.obj
 0001:000212c6       _Netchan_NeedReliable      004222c6 f   net_chan.obj
 0001:000212f2       _Netchan_Transmit          004222f2 f   net_chan.obj
 0001:0002149b       _Netchan_Process           0042249b f   net_chan.obj
 0001:000215e6       _NetadrToSockadr           004225e6 f   net_wins.obj
 0001:0002168d       _SockadrToNetadr           0042268d f   net_wins.obj
 0001:000216f0       _NET_CompareAdr            004226f0 f   net_wins.obj
 0001:00021752       _NET_CompareBaseAdr        00422752 f   net_wins.obj
 0001:000217aa       _NET_AdrToString           004227aa f   net_wins.obj
 0001:0002185e       _NET_StringToSockaddr      0042285e f   net_wins.obj
 0001:00021a93       _NET_StringToAdr           00422a93 f   net_wins.obj
 0001:00021aec       _NET_IsLocalAddress        00422aec f   net_wins.obj
 0001:00021af6       _NET_GetLoopPacket         00422af6 f   net_wins.obj
 0001:00021b7d       _NET_SendLoopPacket        00422b7d f   net_wins.obj
 0001:00021bc9       _NET_GetPacket             00422bc9 f   net_wins.obj
 0001:00021cfe       _NET_SendPacket            00422cfe f   net_wins.obj
 0001:00021e5f       _NET_IPSocket              00422e5f f   net_wins.obj
 0001:00021f6e       _NET_OpenIP                00422f6e f   net_wins.obj
 0001:0002208f       _NET_IPXSocket             0042308f f   net_wins.obj
 0001:0002218a       _NET_OpenIPX               0042318a f   net_wins.obj
 0001:00022272       _NET_Config                00423272 f   net_wins.obj
 0001:000222e8       _NET_Sleep                 004232e8 f   net_wins.obj
 0001:00022392       _NET_Init                  00423392 f   net_wins.obj
 0001:00022609       _Pmove                     00423609 f   pmove.obj
 0001:0002414a       _Q_rsqrt                   0042514a f   q_shared2.obj
 0001:0002417a       _RotatePointAroundVector   0042517a f   q_shared2.obj
 0001:000242ea       _AngleVectors              004252ea f   q_shared2.obj
 0001:000243ee       _ProjectPointOnPlane       004253ee f   q_shared2.obj
 0001:0002446d       _PerpendicularVector       0042546d f   q_shared2.obj
 0001:000244ec       _MakeNormalVectors         004254ec f   q_shared2.obj
 0001:00024553       _MatrixMultiply            00425553 f   q_shared2.obj
 0001:0002463a       _R_ConcatTransforms        0042563a f   q_shared2.obj
 0001:00024774       _SetPlaneSignbits          00425774 f   q_shared2.obj
 0001:000247a4       _LerpAngle                 004257a4 f   q_shared2.obj
 0001:000247e7       _anglemod                  004257e7 f   q_shared2.obj
 0001:0002480b       _BoxOnPlaneSide            0042580b f   q_shared2.obj
 0001:00024927       _ClearBounds               00425927 f   q_shared2.obj
 0001:00024950       _AddPointToBounds          00425950 f   q_shared2.obj
 0001:00024989       _VectorCompare             00425989 f   q_shared2.obj
 0001:000249b7       _VectorNormalize           004259b7 f   q_shared2.obj
 0001:00024a0b       _VectorNormalize2          00425a0b f   q_shared2.obj
 0001:00024a63       _VectorNormalizeFast       00425a63 f   q_shared2.obj
 0001:00024aa6       _VectorMA                  00425aa6 f   q_shared2.obj
 0001:00024ad5       _CrossProduct              00425ad5 f   q_shared2.obj
 0001:00024b10       _VectorLength              00425b10 f   q_shared2.obj
 0001:00024b3f       _VectorDistance            00425b3f f   q_shared2.obj
 0001:00024b70       _VectorInverse             00425b70 f   q_shared2.obj
 0001:00024b8b       _VectorScale               00425b8b f   q_shared2.obj
 0001:00024baf       _AnglesToAxis              00425baf f   q_shared2.obj
 0001:00024bf4       _COM_StripExtension        00425bf4 f   q_shared2.obj
 0001:00024c15       _COM_FilePath              00425c15 f   q_shared2.obj
 0001:00024c4b       _ShortSwap                 00425c4b f   q_shared2.obj
 0001:00024c60       _va                        00425c60 f   q_shared2.obj
 0001:00024cad       _COM_ParseExt              00425cad f   q_shared2.obj
 0001:00024da8       _Com_PageInMemory          00425da8 f   q_shared2.obj
 0001:00024dc7       _Q_stricmp                 00425dc7 f   q_shared2.obj
 0001:00024dd8       _Q_strncasecmp             00425dd8 f   q_shared2.obj
 0001:00024e30       _Q_strcasecmp              00425e30 f   q_shared2.obj
 0001:00024e46       _Q_strncpyz                00425e46 f   q_shared2.obj
 0001:00024e6a       _Q_strncpylower            00425e6a f   q_shared2.obj
 0001:00024ea4       _Q_CopyFilename            00425ea4 f   q_shared2.obj
 0001:00024f3e       _Com_sprintf               00425f3e f   q_shared2.obj
 0001:00024f83       _Info_ValueForKey          00425f83 f   q_shared2.obj
 0001:0002500e       _Info_RemoveKey            0042600e f   q_shared2.obj
 0001:00025094       _Info_SetValueForKey       00426094 f   q_shared2.obj
 0001:000251d2       _Field_Draw                004261d2 f   qmenu.obj
 0001:000253e6       _Field_Key                 004263e6 f   qmenu.obj
 0001:0002564f       _Menu_AddItem              0042664f f   qmenu.obj
 0001:00025684       _Menu_AdjustCursor         00426684 f   qmenu.obj
 0001:000257c3       _Menu_Center               004267c3 f   qmenu.obj
 0001:000257fb       _Menu_DrawDotsItem         004267fb f   qmenu.obj
 0001:00025860       _Menu_Draw                 00426860 f   qmenu.obj
 0001:00025b31       _Menu_ItemAtCursor         00426b31 f   qmenu.obj
 0001:00025b49       _Menu_SelectItem           00426b49 f   qmenu.obj
 0001:00025b8b       _Menu_SetStatusBar         00426b8b f   qmenu.obj
 0001:00025b9a       _Menu_SlideItem            00426b9a f   qmenu.obj
 0001:00025bea       _Menu_TallySlots           00426bea f   qmenu.obj
 0001:0002609a       _S_SoundInfo_f             0042709a f   snd_dma.obj
 0001:00026124       _S_ReadModelsSex           00427124 f   snd_dma.obj
 0001:0002620d       _S_IsFemale                0042720d f   snd_dma.obj
 0001:00026268       _S_Init                    00427268 f   snd_dma.obj
 0001:0002633b       _S_Shutdown                0042733b f   snd_dma.obj
 0001:000263c5       _S_FindName                004273c5 f   snd_dma.obj
 0001:000264b1       _S_AliasName               004274b1 f   snd_dma.obj
 0001:0002653d       _S_BeginRegistration       0042753d f   snd_dma.obj
 0001:0002654e       _S_RegisterSound           0042754e f   snd_dma.obj
 0001:000265b4       _S_EndRegistration         004275b4 f   snd_dma.obj
 0001:00026647       _S_PickChannel             00427647 f   snd_dma.obj
 0001:000266de       _S_SpatializeOrigin        004276de f   snd_dma.obj
 0001:000267e6       _S_Spatialize              004277e6 f   snd_dma.obj
 0001:00026854       _S_AllocPlaysound          00427854 f   snd_dma.obj
 0001:00026873       _S_FreePlaysound           00427873 f   snd_dma.obj
 0001:000268a3       _S_IssuePlaysound          004278a3 f   snd_dma.obj
 0001:00026961       _S_RegisterSexedSound      00427961 f   snd_dma.obj
 0001:00026a45       _S_StartSound              00427a45 f   snd_dma.obj
 0001:00026bda       _S_StartLocalSound         00427bda f   snd_dma.obj
 0001:00026c29       _S_ClearBuffer             00427c29 f   snd_dma.obj
 0001:00026c81       _S_StopAllSounds           00427c81 f   snd_dma.obj
 0001:00026cfc       _S_AddLoopSounds           00427cfc f   snd_dma.obj
 0001:00026ec8       _S_RawSamples              00427ec8 f   snd_dma.obj
 0001:000270cc       _S_Update                  004280cc f   snd_dma.obj
 0001:000271f2       _GetSoundtime              004281f2 f   snd_dma.obj
 0001:00027259       _S_Update_                 00428259 f   snd_dma.obj
 0001:000272ef       _S_Play                    004282ef f   snd_dma.obj
 0001:0002739f       _S_SoundList               0042839f f   snd_dma.obj
 0001:00027460       _ResampleSfx               00428460 f   snd_mem.obj
 0001:00027564       _S_LoadSound               00428564 f   snd_mem.obj
 0001:0002768a       _GetLittleShort            0042868a f   snd_mem.obj
 0001:000276a7       _GetLittleLong             004286a7 f   snd_mem.obj
 0001:000276d5       _FindNextChunk             004286d5 f   snd_mem.obj
 0001:00027731       _GetWavinfo                00428731 f   snd_mem.obj
 0001:00027904       _S_WriteLinearBlastStereo16 00428904 f   snd_mix.obj
 0001:00027978       _S_TransferStereo16        00428978 f   snd_mix.obj
 0001:000279e1       _S_TransferPaintBuffer     004289e1 f   snd_mix.obj
 0001:00027b3d       _S_PaintChannels           00428b3d f   snd_mix.obj
 0001:00027d62       _S_InitScaletable          00428d62 f   snd_mix.obj
 0001:00027db5       _S_PaintChannelFrom8       00428db5 f   snd_mix.obj
 0001:00027eb7       _S_PaintChannelFrom16      00428eb7 f   snd_mix.obj
 0001:00027f22       _FreeSound                 00428f22 f   snd_win.obj
 0001:00028032       _SNDDMA_InitDirect         00429032 f   snd_win.obj
 0001:00028501       _SNDDMA_Init               00429501 f   snd_win.obj
 0001:0002857d       _SNDDMA_GetDMAPos          0042957d f   snd_win.obj
 0001:000285c7       _SNDDMA_BeginPainting      004295c7 f   snd_win.obj
 0001:000286c9       _SNDDMA_Submit             004296c9 f   snd_win.obj
 0001:000286ee       _SNDDMA_Shutdown           004296ee f   snd_win.obj
 0001:000286f3       _S_Activate                004296f3 f   snd_win.obj
 0001:0002871e       _SV_SetMaster_f            0042971e f   sv_ccmds.obj
 0001:0002883b       _SV_SetPlayer              0042983b f   sv_ccmds.obj
 0001:00028927       _SV_WipeSavegame           00429927 f   sv_ccmds.obj
 0001:000289dd       _CopyFile                  004299dd f   sv_ccmds.obj
 0001:00028a76       _SV_CopySaveGame           00429a76 f   sv_ccmds.obj
 0001:00028c43       _SV_WriteLevelFile         00429c43 f   sv_ccmds.obj
 0001:00028cf1       _SV_ReadLevelFile          00429cf1 f   sv_ccmds.obj
 0001:00028d9f       _SV_WriteServerFile        00429d9f f   sv_ccmds.obj
 0001:00028fb3       _SV_ReadServerFile         00429fb3 f   sv_ccmds.obj
 0001:000290c1       _SV_DemoMap_f              0042a0c1 f   sv_ccmds.obj
 0001:000290f9       _SV_GameMap_f              0042a0f9 f   sv_ccmds.obj
 0001:00029272       _SV_Map_f                  0042a272 f   sv_ccmds.obj
 0001:000292df       _SV_Loadgame_f             0042a2df f   sv_ccmds.obj
 0001:000293d7       _SV_Savegame_f             0042a3d7 f   sv_ccmds.obj
 0001:000294d6       _SV_Kick_f                 0042a4d6 f   sv_ccmds.obj
 0001:00029553       _SV_Status_f               0042a553 f   sv_ccmds.obj
 0001:000296f5       _SV_ConSay_f               0042a6f5 f   sv_ccmds.obj
 0001:00029788       _SV_Heartbeat_f            0042a788 f   sv_ccmds.obj
 0001:00029793       _SV_Serverinfo_f           0042a793 f   sv_ccmds.obj
 0001:000297ab       _SV_DumpUser_f             0042a7ab f   sv_ccmds.obj
 0001:000297f1       _SV_ServerRecord_f         0042a7f1 f   sv_ccmds.obj
 0001:000299a8       _SV_ServerStop_f           0042a9a8 f   sv_ccmds.obj
 0001:000299d4       _SV_KillServer_f           0042a9d4 f   sv_ccmds.obj
 0001:000299f4       _SV_ServerCommand_f        0042a9f4 f   sv_ccmds.obj
 0001:00029a0c       _SV_InitOperatorCommands   0042aa0c f   sv_ccmds.obj
 0001:00029b12       _SV_EmitPacketEntities     0042ab12 f   sv_ents.obj
 0001:00029c80       _SV_WritePlayerstateToClient 0042ac80 f   sv_ents.obj
 0001:0002a13e       _SV_WriteFrameToClient     0042b13e f   sv_ents.obj
 0001:0002a1fa       _SV_FatPVS                 0042b1fa f   sv_ents.obj
 0001:0002a327       _SV_BuildClientFrame       0042b327 f   sv_ents.obj
 0001:0002a5f2       _SV_RecordDemoMessage      0042b5f2 f   sv_ents.obj
 0001:0002a717       _SV_ShutdownGameProgs      0042b717 f   sv_game.obj
 0001:0002a730       _SV_InitGameProgs          0042b730 f   sv_game.obj
 0001:0002ad7e       _SV_FindIndex              0042bd7e f   sv_init.obj
 0001:0002ae45       _SV_ModelIndex             0042be45 f   sv_init.obj
 0001:0002ae5b       _SV_SoundIndex             0042be5b f   sv_init.obj
 0001:0002ae74       _SV_ImageIndex             0042be74 f   sv_init.obj
 0001:0002ae8d       _SV_CreateBaseline         0042be8d f   sv_init.obj
 0001:0002aef0       _SV_CheckForSavegame       0042bef0 f   sv_init.obj
 0001:0002af78       _SV_SpawnServer            0042bf78 f   sv_init.obj
 0001:0002b1f5       _SV_InitGame               0042c1f5 f   sv_init.obj
 0001:0002b3e0       _SV_Map                    0042c3e0 f   sv_init.obj
 0001:0002b5d7       _SV_DropClient             0042c5d7 f   sv_main.obj
 0001:0002b62b       _SV_StatusString           0042c62b f   sv_main.obj
 0001:0002b712       _SVC_Status                0042c712 f   sv_main.obj
 0001:0002b73b       _SVC_Info                  0042c73b f   sv_main.obj
 0001:0002b7f1       _SVC_GetChallenge          0042c7f1 f   sv_main.obj
 0001:0002b8bc       _SVC_DirectConnect         0042c8bc f   sv_main.obj
 0001:0002bd99       _Rcon_Validate             0042cd99 f   sv_main.obj
 0001:0002bdca       _SVC_RemoteCommand         0042cdca f   sv_main.obj
 0001:0002beb6       _SV_ConnectionlessPacket   0042ceb6 f   sv_main.obj
 0001:0002c012       _SV_CalcPings              0042d012 f   sv_main.obj
 0001:0002c099       _SV_GiveMsec               0042d099 f   sv_main.obj
 0001:0002c0d8       _SV_ReadPackets            0042d0d8 f   sv_main.obj
 0001:0002c209       _SV_CheckTimeouts          0042d209 f   sv_main.obj
 0001:0002c2c5       _SV_PrepWorldFrame         0042d2c5 f   sv_main.obj
 0001:0002c2eb       _SV_RunGameFrame           0042d2eb f   sv_main.obj
 0001:0002c374       _SV_PostprocessFrame       0042d374 f   sv_main.obj
 0001:0002c794       _SV_Frame                  0042d794 f   sv_main.obj
 0001:0002c84e       _Master_Heartbeat          0042d84e f   sv_main.obj
 0001:0002c905       _Master_Shutdown           0042d905 f   sv_main.obj
 0001:0002c983       _SV_UserinfoChanged        0042d983 f   sv_main.obj
 0001:0002ca4b       _SV_Init                   0042da4b f   sv_main.obj
 0001:0002caae       _SV_FinalMessage           0042daae f   sv_main.obj
 0001:0002cb75       _SV_Shutdown               0042db75 f   sv_main.obj
 0001:0002cc0c       _SV_FlushRedirect          0042dc0c f   sv_send.obj
 0001:0002cc7e       _SV_ClientPrintf           0042dc7e f   sv_send.obj
 0001:0002ccd4       _SV_BroadcastPrintf        0042dcd4 f   sv_send.obj
 0001:0002cda5       _SV_BroadcastCommand       0042dda5 f   sv_send.obj
 0001:0002cdf7       _SV_Multicast              0042ddf7 f   sv_send.obj
 0001:0002cfa2       _SV_MulticastOld           0042dfa2 f   sv_send.obj
 0001:0002cfb5       _SV_StartSound             0042dfb5 f   sv_send.obj
 0001:0002d20f       _SV_StartSoundOld          0042e20f f   sv_send.obj
 0001:0002d23f       _SV_StartSoundNew          0042e23f f   sv_send.obj
 0001:0002d26f       _SV_SendClientDatagram     0042e26f f   sv_send.obj
 0001:0002d343       _SV_DemoCompleted          0042e343 f   sv_send.obj
 0001:0002d35f       _SV_RateDrop               0042e35f f   sv_send.obj
 0001:0002d3aa       _SV_SendClientMessages     0042e3aa f   sv_send.obj
 0001:0002d507       _SV_BeginDemoserver        0042e507 f   sv_user.obj
 0001:0002d557       _SV_New_f                  0042e557 f   sv_user.obj
 0001:0002d6cc       _SV_Configstrings_f        0042e6cc f   sv_user.obj
 0001:0002d819       _SV_Baselines_f            0042e819 f   sv_user.obj
 0001:0002d981       _SV_Begin_f                0042e981 f   sv_user.obj
 0001:0002d9de       _SV_NextDownload_f         0042e9de f   sv_user.obj
 0001:0002dab2       _SV_BeginDownload_f        0042eab2 f   sv_user.obj
 0001:0002dce9       _SV_Disconnect_f           0042ece9 f   sv_user.obj
 0001:0002dcf6       _SV_ShowServerinfo_f       0042ecf6 f   sv_user.obj
 0001:0002dd03       _SV_Nextserver             0042ed03 f   sv_user.obj
 0001:0002dd62       _SV_Nextserver_f           0042ed62 f   sv_user.obj
 0001:0002dda9       _SV_ExecuteUserCommand     0042eda9 f   sv_user.obj
 0001:0002de16       _SV_ClientThink            0042ee16 f   sv_user.obj
 0001:0002de59       _SV_ExecuteClientMessage   0042ee59 f   sv_user.obj
 0001:0002e087       _SV_ClearWorld             0042f087 f   sv_world.obj
 0001:0002e1ae       _SV_UnlinkEdict            0042f1ae f   sv_world.obj
 0001:0002e1d3       _SV_LinkEdict              0042f1d3 f   sv_world.obj
 0001:0002e617       _SV_AreaEdicts             0042f617 f   sv_world.obj
 0001:0002e768       _SV_PointContents          0042f768 f   sv_world.obj
 0001:0002e84e       _SV_ClipMoveToEntities     0042f84e f   sv_world.obj
 0001:0002eaec       _SV_Trace                  0042faec f   sv_world.obj
 0001:0002eb78       _Sys_Error                 0042fb78 f   sys_win.obj
 0001:0002ebd8       _Sys_Quit                  0042fbd8 f   sys_win.obj
 0001:0002ec18       _Sys_ScanForCD             0042fc18 f   sys_win.obj
 0001:0002ecb4       _Sys_Init                  0042fcb4 f   sys_win.obj
 0001:0002f0d3       _Sys_ConsoleInput          004300d3 f   sys_win.obj
 0001:0002f233       _Sys_ConsoleOutput         00430233 f   sys_win.obj
 0001:0002f2e4       _Sys_SendKeyEvents         004302e4 f   sys_win.obj
 0001:0002f34d       _Sys_GetClipboardData      0043034d f   sys_win.obj
 0001:0002f3a6       _Sys_AppActivate           004303a6 f   sys_win.obj
 0001:0002f3c1       _Sys_UnloadGame            004303c1 f   sys_win.obj
 0001:0002f3e6       _Sys_GetGameAPI            004303e6 f   sys_win.obj
 0001:0002f4d3       _ParseCommandLine          004304d3 f   sys_win.obj
 0001:0002f548       _WinMain@16                00430548 f   sys_win.obj
 0001:0002f685       _AppActivate               00430685 f   vid_dll.obj
 0001:0002f7ba       _Vid_CreateWindow          004307ba f   vid_dll.obj
 0001:0002fd99       _Vid_DestroyWindow         00430d99 f   vid_dll.obj
 0001:0002fdd7       _Vid_GetModeInfo           00430dd7 f   vid_dll.obj
 0001:0002fe06       _Vid_UpdateWindowPosAndSize 00430e06 f   vid_dll.obj
 0001:0002fe6d       _Vid_FreeReflib            00430e6d f   vid_dll.obj
 0001:0002feae       _Vid_CheckChanges          00430eae f   vid_dll.obj
 0001:0003024d       _Vid_Init                  0043124d f   vid_dll.obj
 0001:000302be       _Vid_Shutdown              004312be f   vid_dll.obj
 0001:000302ec       _Vid_MenuInit              004312ec f   vid_menu.obj
 0001:00030a27       _Vid_MenuDraw              00431a27 f   vid_menu.obj
 0001:00030abb       _Vid_MenuKey               00431abb f   vid_menu.obj
 0001:00030e68       _TesselateText             00431e68 f   gl_backend.obj
 0001:00032184       _GL_BackEnd                00433184 f   gl_backend.obj
 0001:00033dd5       _GL_InitBackend            00434dd5 f   gl_backend.obj
 0001:00034009       _GL_ShutdownBackend        00435009 f   gl_backend.obj
 0001:00034056       _GL_TextureMode            00435056 f   gl_image.obj
 0001:00034105       _GL_CreateImage            00435105 f   gl_image.obj
 0001:00034c1c       _GL_SetRawPalette          00435c1c f   gl_image.obj
 0001:00034c4d       _GL_DrawStretchRaw         00435c4d f   gl_image.obj
 0001:00034f08       _GL_SetupGamma             00435f08 f   gl_image.obj
 0001:000350a6       _GL_InitImages             004360a6 f   gl_image.obj
 0001:0003581d       _GL_ShutdownImages         0043681d f   gl_image.obj
 0001:000358a4       _GL_ShowImages             004368a4 f   gl_image.obj
 0001:00035ad4       _GL_FindImage              00436ad4 f   gl_image.obj
 0001:00035d9b       _GL_Lock                   00436d9b f   gl_interface.obj
 0001:00035e18       _GL_Unlock                 00436e18 f   gl_interface.obj
 0001:00035f9c       _GL_Bind                   00436f9c f   gl_interface.obj
 0001:00036074       _GL_BindForce              00437074 f   gl_interface.obj
 0001:000360c1       _GL_TexEnv                 004370c1 f   gl_interface.obj
 0001:00036272       _GL_TexEnvColor            00437272 f   gl_interface.obj
 0001:0003631e       _GL_SelectTexture          0043731e f   gl_interface.obj
 0001:0003637c       _GL_TexCoordPointer        0043737c f   gl_interface.obj
 0001:000363ab       _GL_SetMultitexture        004373ab f   gl_interface.obj
 0001:00036483       _GL_DisableTexCoordArrays  00437483 f   gl_interface.obj
 0001:000364dc       _GL_CullFace               004374dc f   gl_interface.obj
 0001:0003651c       _GL_State                  0043751c f   gl_interface.obj
 0001:00036661       _GL_SetDefaultState        00437661 f   gl_interface.obj
 0001:00036762       _GL_Set2DMode              00437762 f   gl_interface.obj
 0001:0003683d       _GL_Setup                  0043783d f   gl_interface.obj
 0001:00036968       _GL_SetMode                00437968 f   gl_main.obj
 0001:00036a45       _GL_DrawStretchPic         00437a45 f   gl_main.obj
 0001:00036b01       _DrawTextLeft              00437b01 f   gl_main.obj
 0001:00036c0c       _DrawTextRight             00437c0c f   gl_main.obj
 0001:00036c5d       _GL_GetRefAPI              00437c5d f   gl_main.obj
 0001:0003800e       _GL_FindModel              0043900e f   gl_model.obj
 0001:0003811a       _GL_UpdateDynamicLightmap  0043911a f   gl_model.obj
 0001:0003866c       _GL_LoadWorldMap           0043966c f   gl_model.obj
 0001:0003a42c       _GL_PointInLeaf            0043b42c f   gl_model.obj
 0001:0003aa75       _GL_FindSkin               0043ba75 f   gl_model.obj
 0001:0003abbf       _GL_ResetModels            0043bbbf f   gl_model.obj
 0001:0003ac7d       _GL_InitModels             0043bc7d f   gl_model.obj
 0001:0003ace7       _GL_ShutdownModels         0043bce7 f   gl_model.obj
 0001:0003ad03       _GL_InitShaders            0043bd03 f   gl_shader.obj
 0001:0003ae23       _GL_ShutdownShaders        0043be23 f   gl_shader.obj
 0001:0003ae4d       _GL_SetShaderLightmap      0043be4d f   gl_shader.obj
 0001:0003b214       _GL_SetShaderLightstyles   0043c214 f   gl_shader.obj
 0001:0003b2b0       _GL_GetAlphaShader         0043c2b0 f   gl_shader.obj
 0001:0003b544       _GL_FindShader             0043c544 f   gl_shader.obj
 0001:0003b9d9       _GL_GetShaderByNum         0043c9d9 f   gl_shader.obj
 0001:0003b9f7       _GL_ResetShaders           0043c9f7 f   gl_shader.obj
 0001:0003bb24       _GL_AddEntity              0043cb24 f   gl_world.obj
 0001:0003bd69       _GL_AddDlight              0043cd69 f   gl_world.obj
 0001:0003bf40       _GL_DrawPortal             0043cf40 f   gl_world.obj
 0001:0003d5c8       _GLimp_SetMode             0043e5c8 f   glw_imp.obj
 0001:0003d873       _GLimp_HasGamma            0043e873 f   glw_imp.obj
 0001:0003d888       _GLimp_SetGamma            0043e888 f   glw_imp.obj
 0001:0003d977       _GLimp_Shutdown            0043e977 f   glw_imp.obj
 0001:0003da72       _GLimp_Init                0043ea72 f   glw_imp.obj
 0001:0003db29       _GLimp_InitGL              0043eb29 f   glw_imp.obj
 0001:0003ddaf       _GLimp_EndFrame            0043edaf f   glw_imp.obj
 0001:0003de4b       _GLimp_AppActivate         0043ee4b f   glw_imp.obj
 0001:0003f6fd       _QGL_Shutdown              004406fd f   qgl_win.obj
 0001:0003f723       _QGL_Init                  00440723 f   qgl_win.obj
 0001:0003f7a7       _QGL_InitExtensions        004407a7 f   qgl_win.obj
 0001:0003f9a3       _QGL_EnableLogging         004409a3 f   qgl_win.obj
 0001:0003fa6e       _QGL_LogMessage            00440a6e f   qgl_win.obj
 0001:0003fa85       _Hunk_Begin                00440a85 f   q_shwin.obj
 0001:0003fabf       _Hunk_Alloc                00440abf f   q_shwin.obj
 0001:0003fb46       _Hunk_End                  00440b46 f   q_shwin.obj
 0001:0003fb4c       _Hunk_Free                 00440b4c f   q_shwin.obj
 0001:0003fb65       _Sys_Milliseconds          00440b65 f   q_shwin.obj
 0001:0003fb99       _Sys_Mkdir                 00440b99 f   q_shwin.obj
 0001:0003fba5       _Sys_FindFirst             00440ba5 f   q_shwin.obj
 0001:0003fcc6       _Sys_FindNext              00440cc6 f   q_shwin.obj
 0001:0003fd38       _Sys_FindClose             00440d38 f   q_shwin.obj
 0001:0003fd52       _R_Alias_clip_z            00440d52 f   r_aclip.obj
 0001:0003fdff       _R_Alias_clip_left         00440dff f   r_aclip.obj
 0001:0003ffcd       _R_Alias_clip_right        00440fcd f   r_aclip.obj
 0001:0004019b       _R_Alias_clip_top          0044119b f   r_aclip.obj
 0001:0004036b       _R_Alias_clip_bottom       0044136b f   r_aclip.obj
 0001:0004053b       _R_AliasClip               0044153b f   r_aclip.obj
 0001:0004060b       _R_AliasClipTriangle       0044160b f   r_aclip.obj
 0001:000407fd       _R_AliasCheckFrameBBox     004417fd f   r_alias.obj
 0001:00040930       _R_AliasCheckBBox          00441930 f   r_alias.obj
 0001:00040994       _R_AliasTransformVector    00441994 f   r_alias.obj
 0001:000409f0       _R_AliasPreparePoints      004419f0 f   r_alias.obj
 0001:00040c88       _R_AliasSetUpTransform     00441c88 f   r_alias.obj
 0001:00040e17       _R_AliasTransformFinalVerts 00441e17 f   r_alias.obj
 0001:00040fe8       _R_AliasProjectAndClipTestFinalVert 00441fe8 f   r_alias.obj
 0001:00041070       _R_AliasSetupLighting      00442070 f   r_alias.obj
 0001:000411da       _R_AliasSetupFrames        004421da f   r_alias.obj
 0001:0004124e       _R_AliasSetUpLerpData      0044224e f   r_alias.obj
 0001:00041376       _R_AliasDrawModel          00442376 f   r_alias.obj
 0001:000415fd       _R_EntityRotate            004425fd f   r_bsp.obj
 0001:0004167e       _R_RotateBmodel            0044267e f   r_bsp.obj
 0001:000417d9       _R_RecursiveClipBPoly      004427d9 f   r_bsp.obj
 0001:00041b09       _R_DrawSolidClippedSubmodelPolygons 00442b09 f   r_bsp.obj
 0001:00041c90       _R_DrawSubmodelPolygons    00442c90 f   r_bsp.obj
 0001:00041d20       _R_RecursiveWorldNode      00442d20 f   r_bsp.obj
 0001:00041f7b       _R_RenderWorld             00442f7b f   r_bsp.obj
 0001:00041fea       _Draw_FindPic              00442fea f   r_draw.obj
 0001:0004202d       _Draw_InitLocal            0044302d f   r_draw.obj
 0001:0004203e       _Draw_Char                 0044303e f   r_draw.obj
 0001:0004211f       _Draw_CharColor            0044311f f   r_draw.obj
 0001:0004222e       _R_DrawTexts               0044322e f   r_draw.obj
 0001:000422a4       _DrawText_Pos              004432a4 f   r_draw.obj
 0001:000423b0       _DrawText_Left             004433b0 f   r_draw.obj
 0001:000423ec       _DrawText_Right            004433ec f   r_draw.obj
 0001:0004243b       _Draw_GetPicSize           0044343b f   r_draw.obj
 0001:0004247b       _Draw_StretchPicImplementation 0044347b f   r_draw.obj
 0001:000425a5       _Draw_StretchPic           004435a5 f   r_draw.obj
 0001:000425dd       _Draw_StretchRaw           004435dd f   r_draw.obj
 0001:0004260f       _Draw_Pic                  0044360f f   r_draw.obj
 0001:000427c8       _Draw_PicColor             004437c8 f   r_draw.obj
 0001:00042981       _Draw_TileClear            00443981 f   r_draw.obj
 0001:00042a51       _Draw_Fill                 00443a51 f   r_draw.obj
 0001:00042aed       _Draw_FadeScreen           00443aed f   r_draw.obj
 0001:00042b3a       _R_BeginEdgeFrame          00443b3a f   r_edge.obj
 0001:00042bf6       _R_InsertNewEdges          00443bf6 f   r_edge.obj
 0001:00042c3c       _R_RemoveEdges             00443c3c f   r_edge.obj
 0001:00042c5a       _R_StepActiveU             00443c5a f   r_edge.obj
 0001:00042cee       _R_CleanupSpan             00443cee f   r_edge.obj
 0001:00042d3e       _R_LeadingEdgeBackwards    00443d3e f   r_edge.obj
 0001:00042dd3       _R_TrailingEdge            00443dd3 f   r_edge.obj
 0001:00042e37       _R_LeadingEdge             00443e37 f   r_edge.obj
 0001:00042fda       _R_GenerateSpans           00443fda f   r_edge.obj
 0001:00043048       _R_GenerateSpansBackward   00444048 f   r_edge.obj
 0001:000430b6       _R_ScanEdges               004440b6 f   r_edge.obj
 0001:0004328d       _D_FlatFillSurface         0044428d f   r_edge.obj
 0001:000432e7       _D_CalcGradients           004442e7 f   r_edge.obj
 0001:000434fe       _D_BackgroundSurf          004444fe f   r_edge.obj
 0001:0004353e       _D_TurbulentSurf           0044453e f   r_edge.obj
 0001:00043660       _D_SkySurf                 00444660 f   r_edge.obj
 0001:000436e1       _D_SolidSurf               004446e1 f   r_edge.obj
 0001:0004384c       _D_DrawflatSurfaces        0044484c f   r_edge.obj
 0001:0004389c       _D_DrawSurfaces            0044489c f   r_edge.obj
 0001:0004399a       _R_ImageList_f             0044499a f   r_image.obj
 0001:00043a5b       _R_FindFreeImage           00444a5b f   r_image.obj
 0001:00043aa9       _R_LoadPic                 00444aa9 f   r_image.obj
 0001:00043b39       _R_LoadTex                 00444b39 f   r_image.obj
 0001:00043bc5       _R_LoadWal                 00444bc5 f   r_image.obj
 0001:00043c1b       _R_MipMap                  00444c1b f   r_image.obj
 0001:00043d49       _R_DownsampleImage         00444d49 f   r_image.obj
 0001:00043e4e       _R_FindImage               00444e4e f   r_image.obj
 0001:000441f3       _R_RegisterSkin            004451f3 f   r_image.obj
 0001:00044201       _R_FreeUnusedImages        00445201 f   r_image.obj
 0001:00044261       _R_InitImages              00445261 f   r_image.obj
 0001:000442c7       _R_ShutdownImages          004452c7 f   r_image.obj
 0001:00044304       _R_MarkLights              00445304 f   r_light.obj
 0001:000443d3       _R_PushDlights             004453d3 f   r_light.obj
 0001:00044428       _RecursiveLightPoint       00445428 f   r_light.obj
 0001:000446d7       _R_LightPoint              004456d7 f   r_light.obj
 0001:000447ee       _R_AddDynamicLights        004457ee f   r_light.obj
 0001:00044a88       _R_BuildLightMap           00445a88 f   r_light.obj
 0001:00044b7e       _R_InitTextures            00445b7e f   r_main.obj
 0001:00044c3f       _R_InitTurb                00445c3f f   r_main.obj
 0001:00044cbc       _R_Register                00445cbc f   r_main.obj
 0001:00044d33       _R_UnRegister              00445d33 f   r_main.obj
 0001:00044d57       _R_Init                    00445d57 f   r_main.obj
 0001:00044de8       _R_Shutdown                00445de8 f   r_main.obj
 0001:00044e4b       _R_NewMap                  00445e4b f   r_main.obj
 0001:00044ef5       _R_MarkLeaves              00445ef5 f   r_main.obj
 0001:0004501c       _R_DrawEntitiesOnList      0044601c f   r_main.obj
 0001:0004522b       _R_BmodelCheckBBox         0044622b f   r_main.obj
 0001:000452dd       _R_FindTopnode             004462dd f   r_main.obj
 0001:00045365       _RotatedBBox               00446365 f   r_main.obj
 0001:000454c4       _R_DrawBEntitiesOnList     004464c4 f   r_main.obj
 0001:000456dc       _R_EdgeDrawing             004466dc f   r_main.obj
 0001:000457b1       _R_CalcPalette             004467b1 f   r_main.obj
 0001:000458b6       _R_SetLightLevel           004468b6 f   r_main.obj
 0001:00045906       _R_RenderFrame             00446906 f   r_main.obj
 0001:00045ae1       _R_InitGraphics            00446ae1 f   r_main.obj
 0001:00045b57       _R_BeginFrame              00446b57 f   r_main.obj
 0001:00045c7a       _R_GammaCorrectAndSetPalette 00446c7a f   r_main.obj
 0001:00045cd9       _R_CinematicSetPalette     00446cd9 f   r_main.obj
 0001:00045d70       _Draw_BuildGammaTable      00446d70 f   r_main.obj
 0001:00045e1b       _R_DrawBeam                00446e1b f   r_main.obj
 0001:00045f81       _R_SetSky                  00446f81 f   r_main.obj
 0001:00045ffc       _Draw_GetPalette           00446ffc f   r_main.obj
 0001:00046144       _Draw_ConCharColor         00447144 f   r_main.obj
 0001:00046165       _GetRefAPI                 00447165 f   r_main.obj
 0001:000462bd       _D_ViewChanged             004472bd f   r_misc.obj
 0001:00046419       _R_PrintTimes              00447419 f   r_misc.obj
 0001:00046493       _R_PrintDSpeeds            00447493 f   r_misc.obj
 0001:0004655a       _R_PrintAliasStats         0044755a f   r_misc.obj
 0001:0004656d       _R_TransformFrustum        0044756d f   r_misc.obj
 0001:00046635       _TransformVector           00447635 f   r_misc.obj
 0001:000466a0       _R_SetUpFrustumIndexes     004476a0 f   r_misc.obj
 0001:00046705       _R_ViewChanged             00447705 f   r_misc.obj
 0001:00046a14       _R_SetupFrame              00447a14 f   r_misc.obj
 0001:00046c00       _WritePCXfile              00447c00 f   r_misc.obj
 0001:00046d22       _R_ScreenShot_f            00447d22 f   r_misc.obj
 0001:00046df8       _Mod_Modellist_f           00447df8 f   r_model.obj
 0001:00046e56       _Mod_Init                  00447e56 f   r_model.obj
 0001:00046e6e       _Mod_ForName               00447e6e f   r_model.obj
 0001:000470a3       _Mod_PointInLeaf           004480a3 f   r_model.obj
 0001:00047105       _Mod_DecompressVis         00448105 f   r_model.obj
 0001:00047185       _Mod_ClusterPVS            00448185 f   r_model.obj
 0001:000471b2       _Mod_LoadLighting          004481b2 f   r_model.obj
 0001:00047231       _R_NumberLeafs             00448231 f   r_model.obj
 0001:0004727f       _Mod_LoadVertexes          0044827f f   r_model.obj
 0001:000472c1       _Mod_LoadEdges             004482c1 f   r_model.obj
 0001:0004730f       _Mod_LoadTexinfo           0044830f f   r_model.obj
 0001:00047477       _CalcSurfaceExtents        00448477 f   r_model.obj
 0001:000475e2       _Mod_LoadFaces             004485e2 f   r_model.obj
 0001:00047749       _Mod_SetParent             00448749 f   r_model.obj
 0001:0004776e       _Mod_LoadNodes             0044876e f   r_model.obj
 0001:00047864       _Mod_LoadLeafs             00448864 f   r_model.obj
 0001:0004790d       _Mod_LoadMarksurfaces      0044890d f   r_model.obj
 0001:00047989       _Mod_LoadSurfedges         00448989 f   r_model.obj
 0001:000479c8       _Mod_LoadPlanes            004489c8 f   r_model.obj
 0001:00047a2d       _Mod_LoadBrushModel        00448a2d f   r_model.obj
 0001:00047c1f       _Mod_LoadAliasModel        00448c1f f   r_model.obj
 0001:00047e9a       _Mod_LoadSpriteModel       00448e9a f   r_model.obj
 0001:00047f81       _R_BeginRegistration       00448f81 f   r_model.obj
 0001:00048011       _R_RegisterModel           00449011 f   r_model.obj
 0001:00048109       _R_EndRegistration         00449109 f   r_model.obj
 0001:00048174       _Mod_FreeAll               00449174 f   r_model.obj
 0001:000481b9       _R_DrawParticle            004491b9 f   r_part.obj
 0001:00048442       _R_DrawParticles           00449442 f   r_part.obj
 0001:000484ec       _R_DrawSpanletOpaque       004494ec f   r_poly.obj
 0001:0004857c       _R_DrawSpanletTurbulentStipple33 0044957c f   r_poly.obj
 0001:000486a7       _R_DrawSpanletTurbulentStipple66 004496a7 f   r_poly.obj
 0001:00048888       _R_DrawSpanletTurbulentBlended66 00449888 f   r_poly.obj
 0001:0004893d       _R_DrawSpanletTurbulentBlended33 0044993d f   r_poly.obj
 0001:000489f2       _R_DrawSpanlet33           004499f2 f   r_poly.obj
 0001:00048a8c       _R_DrawSpanletConstant33   00449a8c f   r_poly.obj
 0001:00048ae5       _R_DrawSpanlet66           00449ae5 f   r_poly.obj
 0001:00048b83       _R_DrawSpanlet33Stipple    00449b83 f   r_poly.obj
 0001:00048c9e       _R_DrawSpanlet66Stipple    00449c9e f   r_poly.obj
 0001:00048e2f       _R_ClipPolyFace            00449e2f f   r_poly.obj
 0001:00048fa0       _R_PolygonDrawSpans        00449fa0 f   r_poly.obj
 0001:00049328       _R_PolygonScanLeftEdge     0044a328 f   r_poly.obj
 0001:0004945c       _R_PolygonScanRightEdge    0044a45c f   r_poly.obj
 0001:0004964c       _R_ClipAndDrawPoly         0044a64c f   r_poly.obj
 0001:0004984e       _R_BuildPolygonFromSurface 0044a84e f   r_poly.obj
 0001:00049a5a       _R_PolygonCalculateGradients 0044aa5a f   r_poly.obj
 0001:00049d13       _R_DrawAlphaSurfaces       0044ad13 f   r_poly.obj
 0001:00049da9       _R_IMFlatShadedQuad        0044ada9 f   r_poly.obj
 0001:00049eeb       _R_InitAdivtab             0044aeeb f   r_polyse.obj
 0001:00049f56       _R_PolysetUpdateTables     0044af56 f   r_polyse.obj
 0001:00049f91       _R_DrawTriangle            0044af91 f   r_polyse.obj
 0001:0004a0a2       _R_PolysetScanLeftEdge_C   0044b0a2 f   r_polyse.obj
 0001:0004a26c       _FloorDivMod               0044b26c f   r_polyse.obj
 0001:0004a308       _R_PolysetSetUpForLineScan 0044b308 f   r_polyse.obj
 0001:0004a396       _R_PolysetCalcGradients    0044b396 f   r_polyse.obj
 0001:0004a5a1       _R_PolysetDrawSpans8_33    0044b5a1 f   r_polyse.obj
 0001:0004a6d1       _R_PolysetDrawSpansConstant8_33 0044b6d1 f   r_polyse.obj
 0001:0004a76b       _R_PolysetDrawSpans8_66    0044b76b f   r_polyse.obj
 0001:0004a8a7       _R_PolysetDrawSpansConstant8_66 0044b8a7 f   r_polyse.obj
 0001:0004a94f       _R_PolysetDrawSpans8_Opaque 0044b94f f   r_polyse.obj
 0001:0004aa9a       _R_RasterizeAliasPolySmooth 0044ba9a f   r_polyse.obj
 0001:0004b07a       _R_PolysetSetEdgeTable     0044c07a f   r_polyse.obj
 0001:0004b115       _R_InitSkyBox              0044c115 f   r_rast.obj
 0001:0004b38f       _R_EmitSkyBox              0044c38f f   r_rast.obj
 0001:0004b4a2       _R_EmitEdge                0044c4a2 f   r_rast.obj
 0001:0004b876       _R_ClipEdge                0044c876 f   r_rast.obj
 0001:0004ba24       _R_EmitCachedEdge          0044ca24 f   r_rast.obj
 0001:0004ba7b       _R_RenderFace              0044ca7b f   r_rast.obj
 0001:0004be42       _R_RenderBmodelFace        0044ce42 f   r_rast.obj
 0001:0004c0ab       _D_WarpScreen              0044d0ab f   r_scan.obj
 0001:0004c253       _D_DrawTurbulent8Span      0044d253 f   r_scan.obj
 0001:0004c2d7       _Turbulent8                0044d2d7 f   r_scan.obj
 0001:0004c5ab       _NonTurbulent8             0044d5ab f   r_scan.obj
 0001:0004c869       _D_DrawSpans16             0044d869 f   r_scan.obj
 0001:0004cb03       _D_DrawZSpans              0044db03 f   r_scan.obj
 0001:0004cbc0       _R_DrawSprite              0044dbc0 f   r_sprite.obj
 0001:0004ce55       _R_TextureAnimation        0044de55 f   r_surf.obj
 0001:0004ce79       _R_DrawSurface             0044de79 f   r_surf.obj
 0001:0004cfde       _R_DrawSurfaceBlock8_mip0  0044dfde f   r_surf.obj
 0001:0004d0dd       _R_DrawSurfaceBlock8_mip1  0044e0dd f   r_surf.obj
 0001:0004d1dc       _R_DrawSurfaceBlock8_mip2  0044e1dc f   r_surf.obj
 0001:0004d2db       _R_DrawSurfaceBlock8_mip3  0044e2db f   r_surf.obj
 0001:0004d3d7       _R_InitCaches              0044e3d7 f   r_surf.obj
 0001:0004d458       _D_FlushCaches             0044e458 f   r_surf.obj
 0001:0004d49d       _D_SCAlloc                 0044e49d f   r_surf.obj
 0001:0004d631       _D_CacheSurface            0044e631 f   r_surf.obj
 0001:0004d7a6       _DDRAW_Init                0044e7a6 f   rw_ddraw.obj
 0001:0004dbb6       _DDRAW_SetPalette          0044ebb6 f   rw_ddraw.obj
 0001:0004dc1f       _DDRAW_Shutdown            0044ec1f f   rw_ddraw.obj
 0001:0004e26a       _DIB_Init                  0044f26a f   rw_dib.obj
 0001:0004e44f       _DIB_SetPalette            0044f44f f   rw_dib.obj
 0001:0004e613       _DIB_Shutdown              0044f613 f   rw_dib.obj
 0001:0004e70c       _SWimp_Init                0044f70c f   rw_imp.obj
 0001:0004e710       _SWimp_EndFrame            0044f710 f   rw_imp.obj
 0001:0004e87c       _SWimp_SetMode             0044f87c f   rw_imp.obj
 0001:0004e99e       _SWimp_SetPalette          0044f99e f   rw_imp.obj
 0001:0004e9c3       _SWimp_Shutdown            0044f9c3 f   rw_imp.obj
 0001:0004ea0a       _SWimp_AppActivate         0044fa0a f   rw_imp.obj
 0001:0004ea44       _adler32                   0044fa44 f   adler32.obj
 0001:0004eb5d       _crc32                     0044fb5d f   crc32.obj
 0001:0004ec73       _inflate_blocks_reset      0044fc73 f   infblock.obj
 0001:0004ecde       _inflate_blocks_new        0044fcde f   infblock.obj
 0001:0004ed69       _inflate_blocks            0044fd69 f   infblock.obj
 0001:0004f580       _inflate_blocks_free       00450580 f   infblock.obj
 0001:0004f5b4       _inflate_codes_new         004505b4 f   infcodes.obj
 0001:0004f5e8       _inflate_codes             004505e8 f   infcodes.obj
 0001:0004fba6       _inflate_codes_free        00450ba6 f   infcodes.obj
 0001:0004fbb7       _inflate_fast              00450bb7 f   inffast.obj
 0001:0004fe82       _inflateReset              00450e82 f   inflate.obj
 0001:0004fec1       _inflateEnd                00450ec1 f   inflate.obj
 0001:0004feff       _inflateInit2_             00450eff f   inflate.obj
 0001:0004ffe9       _inflate                   00450fe9 f   inflate.obj
 0001:0005034c       _inflate_trees_bits        0045134c f   inftrees.obj
 0001:0005075a       _inflate_trees_dynamic     0045175a f   inftrees.obj
 0001:0005085d       _inflate_trees_fixed       0045185d f   inftrees.obj
 0001:0005088c       _inflate_flush             0045188c f   infutil.obj
 0001:00050978       _ZipOpen                   00451978 f   zip.obj
 0001:000509e3       _ZipClose                  004519e3 f   zip.obj
 0001:000509ef       _ZipEnum                   004519ef f   zip.obj
 0001:00050bd0       _ZipOpenFile               00451bd0 f   zip.obj
 0001:00050cdf       _ZipReadFile               00451cdf f   zip.obj
 0001:00050dd6       _ZipCloseFile              00451dd6 f   zip.obj
 0001:00050e1e       _ZipOpenBuf                00451e1e f   zip.obj
 0001:00050e71       _ZipReadBuf                00451e71 f   zip.obj
 0001:00050eb9       _ZipCloseBuf               00451eb9 f   zip.obj
 0001:00050ecf       _zcalloc                   00451ecf f   zutil.obj
 0001:00050ee0       _jpeg_free_small           00451ee0 f   zutil.obj
 0001:00050ee0       _jpeg_free_large           00451ee0 f   zutil.obj
 0001:00050ee0       _zcfree                    00451ee0 f   zutil.obj
 0001:00050eec       _jpeg_CreateCompress       00451eec f   jcapimin.obj
 0001:00050fa0       _jpeg_destroy_decompress   00451fa0 f   jcapimin.obj
 0001:00050fa0       _jpeg_destroy_compress     00451fa0 f   jcapimin.obj
 0001:00050fab       _jpeg_suppress_tables      00451fab f   jcapimin.obj
 0001:00050ff5       _jpeg_finish_compress      00451ff5 f   jcapimin.obj
 0001:000510df       _jpeg_start_compress       004520df f   jcapistd.obj
 0001:0005114b       _jpeg_write_scanlines      0045214b f   jcapistd.obj
 0001:000511f6       _jinit_c_coef_controller   004521f6 f   jccoefct.obj
[...]
 0001:0003022f       _D_Draw_GetPicSize         0043122f f   vid_dll.obj
 0001:00062e51       _D_Draw_PicColor           00463e51 f   jquant2.obj
 0001:00062e51       _D_Draw_StretchPic         00463e51 f   jquant2.obj
 0001:00062e51       _D_Draw_CharColor          00463e51 f   jquant2.obj
 0001:00062e51       _D_Draw_TileClear          00463e51 f   jquant2.obj
 0001:00062e51       _D_Draw_Fill               00463e51 f   jquant2.obj
 0001:00062e51       _D_Draw_FadeScreen         00463e51 f   jquant2.obj
 0001:00062e51       _D_DrawTextPos             00463e51 f   jquant2.obj
 0001:00062e51       _D_DrawTextSide            00463e51 f   jquant2.obj
 0001:00062e51       _D_Draw_StretchRaw         00463e51 f   jquant2.obj
 0001:00062e51       _D_SetPalette              00463e51 f   jquant2.obj
 0001:00030246       _D_GetClientLight          00431246 f   vid_dll.obj
 0001:00030294       _Vid_Restart_f             00431294 f   vid_dll.obj
 0001:000302a1       _Vid_Front_f               004312a1 f   vid_dll.obj
 0001:0002ed7e       _ExceptionFilter@4         0042fd7e f   sys_win.obj
 0001:0002eff0       _DumpReg4                  0042fff0 f   sys_win.obj
 0001:0002f088       _DumpMem                   00430088 f   sys_win.obj
 0001:0002e0b4       _SV_CreateAreaNode         0042f0b4 f   sv_world.obj
 0001:0002e65b       _SV_AreaEdicts_r           0042f65b f   sv_world.obj
 0001:0002a8eb       _PF_Unicast                0042b8eb f   sv_game.obj
 0001:0002a957       _PF_dprintf                0042b957 f   sv_game.obj
 0001:0002a98a       _PF_cprintf                0042b98a f   sv_game.obj
 0001:0002aa21       _PF_centerprintf           0042ba21 f   sv_game.obj
 0001:0002aa89       _PF_error                  0042ba89 f   sv_game.obj
 0001:0002aabe       _PF_setmodel               0042babe f   sv_game.obj
 0001:0002ab1e       _PF_Configstring           0042bb1e f   sv_game.obj
 0001:0002ab9e       _PF_WriteChar              0042bb9e f   sv_game.obj
 0001:0002ab9e       _PF_WriteByte              0042bb9e f   sv_game.obj
 0001:0002abaf       _PF_WriteShort             0042bbaf f   sv_game.obj
 0001:0002abc0       _PF_WriteLong              0042bbc0 f   sv_game.obj
 0001:0002abd1       _PF_WriteFloat             0042bbd1 f   sv_game.obj
 0001:0002abe6       _PF_WriteString            0042bbe6 f   sv_game.obj
 0001:0002abf7       _PF_WritePos               0042bbf7 f   sv_game.obj
 0001:0002ac08       _PF_WriteDir               0042bc08 f   sv_game.obj
 0001:0002ac19       _PF_WriteAngle             0042bc19 f   sv_game.obj
 0001:0002ac2e       _PF_inPVS                  0042bc2e f   sv_game.obj
 0001:0002aca6       _PF_inPHS                  0042bca6 f   sv_game.obj
 0001:0002ad1e       _PF_StartSound             0042bd1e f   sv_game.obj
 0001:0002ad51       _PF_TagMalloc              0042bd51 f   sv_game.obj
 0001:0002ad63       _PF_Cvar_Get               0042bd63 f   sv_game.obj
 0001:00027f9a       _DS_DestroyBuffers         00428f9a f   snd_win.obj
 0001:00028183       _DS_CreateBuffers          00429183 f   snd_win.obj
 0001:00025708       _Menu_MakeVisible          00426708 f   qmenu.obj
 0001:00025792       _Menu_CompletelyVisible    00426792 f   qmenu.obj
 0001:0002583a       _strlen_color              0042683a f   qmenu.obj
 0001:000259e8       _Action_Draw               004269e8 f   qmenu.obj
 0001:00025a63       _Menu_ItemVisible          00426a63 f   qmenu.obj
 0001:00025aac       _Menu_DrawStatusBar        00426aac f   qmenu.obj
 0001:00025c21       _MenuList_Draw             00426c21 f   qmenu.obj
 0001:00025ca9       _DrawCaption               00426ca9 f   qmenu.obj
 0001:00025ce8       _Separator_Draw            00426ce8 f   qmenu.obj
 0001:00025d39       _Slider_DoSlide            00426d39 f   qmenu.obj
 0001:00025d70       _Slider_Draw               00426d70 f   qmenu.obj
 0001:00025e63       _SpinControl_DoSlide       00426e63 f   qmenu.obj
 0001:00025e92       _SpinControl_Draw          00426e92 f   qmenu.obj
 0001:00025f6d       _SpinControl2_DoSlide      00426f6d f   qmenu.obj
 0001:00025fae       _SpinControl2_Draw         00426fae f   qmenu.obj
 0001:000228ac       _StepSlideMove             004238ac f   pmove.obj
 0001:00022a55       _StepSlideMove_            00423a55 f   pmove.obj
 0001:00022ca8       _ClipVelocity              00423ca8 f   pmove.obj
 0001:00022d11       _Friction                  00423d11 f   pmove.obj
 0001:00022e20       _WaterMove                 00423e20 f   pmove.obj
 0001:00022f06       _Accelerate                00423f06 f   pmove.obj
 0001:00022f72       _AddCurrents               00423f72 f   pmove.obj
 0001:00023211       _AirMove                   00424211 f   pmove.obj
 0001:0002346a       _AirAccelerate             0042446a f   pmove.obj
 0001:000234f0       _CatagorizePosition        004244f0 f   pmove.obj
 0001:00023746       _CheckJump                 00424746 f   pmove.obj
 0001:0002380d       _CheckSpecialMovement      0042480d f   pmove.obj
 0001:00023970       _FlyMove                   00424970 f   pmove.obj
 0001:00023bc3       _CheckDuck                 00424bc3 f   pmove.obj
 0001:00023cf8       _DeadMove                  00424cf8 f   pmove.obj
 0001:00023d56       _SnapPosition              00424d56 f   pmove.obj
 0001:00023ebf       _GoodPosition              00424ebf f   pmove.obj
 0001:00023f35       _InitialSnapPosition       00424f35 f   pmove.obj
 0001:0002404e       _ClampAngles               0042504e f   pmove.obj
 0001:000223cd       _NET_ErrorString           004233cd f   net_wins.obj
 0001:0001cc3a       _Multiplayer_MenuDraw      0041dc3a f   menu.obj
 0001:0001cc5d       _M_Banner                  0041dc5d f   menu.obj
 0001:0001cc9f       _Multiplayer_MenuInit      0041dc9f f   menu.obj
 0001:0001cd8d       _Multiplayer_MenuKey       0041dd8d f   menu.obj
 0001:0001cdbe       _Keys_MenuInit             0041ddbe f   menu.obj
 0001:0001cf58       _KeyCursorDrawFunc         0041df58 f   menu.obj
 0001:0001cf99       _DrawKeyBindingFunc        0041df99 f   menu.obj
 0001:0001d071       _M_FindKeysForCommand      0041e071 f   menu.obj
 0001:0001d0c1       _SeekLine                  0041e0c1 f   menu.obj
 0001:0001d0e8       _AppendToken               0041e0e8 f   menu.obj
 0001:0001d112       _Keys_MenuDraw             0041e112 f   menu.obj
 0001:0001d12b       _Keys_MenuKey              0041e12b f   menu.obj
 0001:0001d1e0       _M_UnbindCommand           0041e1e0 f   menu.obj
 0001:0001d22c       _KeyBindingFunc            0041e22c f   menu.obj
 0001:0001d29e       _Options_MenuInit          0041e29e f   menu.obj
 0001:0001d6fc       _CrosshairFunc             0041e6fc f   menu.obj
 0001:0001d720       _JoystickFunc              0041e720 f   menu.obj
 0001:0001d733       _CustomizeControlsFunc     0041e733 f   menu.obj
 0001:0001d738       _AlwaysRunFunc             0041e738 f   menu.obj
 0001:0001d74b       _FreeLookFunc              0041e74b f   menu.obj
 0001:0001d75e       _MouseSpeedFunc            0041e75e f   menu.obj
 0001:0001d77b       _ControlsSetMenuItemValues 0041e77b f   menu.obj
 0001:0001d915       _ControlsResetDefaultsFunc 0041e915 f   menu.obj
 0001:0001d92a       _InvertMouseFunc           0041e92a f   menu.obj
 0001:0001d945       _LookspringFunc            0041e945 f   menu.obj
 0001:0001d961       _LookstrafeFunc            0041e961 f   menu.obj
 0001:0001d97d       _UpdateVolumeFunc          0041e97d f   menu.obj
 0001:0001d99a       _UpdateCDVolumeFunc        0041e99a f   menu.obj
 0001:0001d9b3       _ConsoleFunc               0041e9b3 f   menu.obj
 0001:0001d9e2       _UpdateSoundQualityFunc    0041e9e2 f   menu.obj
 0001:0001da6b       _Options_ScanCrosshairs    0041ea6b f   menu.obj
 0001:0001dabe       _Options_MenuDraw          0041eabe f   menu.obj
 0001:0001dae6       _Options_CrosshairDraw     0041eae6 f   menu.obj
 0001:0001db5d       _Options_MenuKey           0041eb5d f   menu.obj
 0001:0001dc41       _M_Credits_MenuDraw        0041ec41 f   menu.obj
 0001:0001dd29       _M_Credits_Key             0041ed29 f   menu.obj
 0001:0001dd85       _Game_MenuInit             0041ed85 f   menu.obj
 0001:0001df32       _EasyGameFunc              0041ef32 f   menu.obj
 0001:0001df48       _StartGame                 0041ef48 f   menu.obj
 0001:0001df8d       _MediumGameFunc            0041ef8d f   menu.obj
 0001:0001dfa3       _HardGameFunc              0041efa3 f   menu.obj
 0001:0001dfb9       _Game_MenuDraw             0041efb9 f   menu.obj
 0001:0001dfdc       _Game_MenuKey              0041efdc f   menu.obj
 0001:0001e00d       _LoadGame_MenuInit         0041f00d f   menu.obj
 0001:0001e0a3       _Create_Savestrings        0041f0a3 f   menu.obj
 0001:0001e125       _LoadGameCallback          0041f125 f   menu.obj
 0001:0001e14f       _LoadGame_MenuDraw         0041f14f f   menu.obj
 0001:0001e167       _LoadGame_MenuKey          0041f167 f   menu.obj
 0001:0001e1c7       _SaveGame_MenuDraw         0041f1c7 f   menu.obj
 0001:0001e1ea       _SaveGame_MenuInit         0041f1ea f   menu.obj
 0001:0001e272       _SaveGameCallback          0041f272 f   menu.obj
 0001:0001e291       _SaveGame_MenuKey          0041f291 f   menu.obj
 0001:0001e371       _JoinServer_MenuInit       0041f371 f   menu.obj
 0001:0001e4c2       _JoinServerFunc            0041f4c2 f   menu.obj
 0001:0001e52a       _SearchLocalGames          0041f52a f   menu.obj
 0001:0001e596       _JoinServer_MenuDraw       0041f596 f   menu.obj
 0001:0001e5ae       _JoinServer_MenuKey        0041f5ae f   menu.obj
 0001:0001e5df       _StartServer_MenuInit      0041f5df f   menu.obj
 0001:0001ea8f       _DMOptionsFunc             0041fa8f f   menu.obj
 0001:0001ea9e       _RulesChangeFunc           0041fa9e f   menu.obj
 0001:0001eb07       _StartServerActionFunc     0041fb07 f   menu.obj
 0001:0001eb33       _StartServerFunc           0041fb33 f   menu.obj
 0001:0001ed9e       _StartServer_MenuDraw      0041fd9e f   menu.obj
 0001:0001edaa       _StartServer_MenuKey       0041fdaa f   menu.obj
 0001:0001ee09       _DMOptions_MenuInit        0041fe09 f   menu.obj
 0001:0001f399       _DMFlagCallback            00420399 f   menu.obj
 0001:0001f584       _DMOptions_MenuDraw        00420584 f   menu.obj
 0001:0001f590       _DMOptions_MenuKey         00420590 f   menu.obj
 0001:0001f5c1       _DownloadOptions_MenuInit  004205c1 f   menu.obj
 0001:0001f7ac       _DownloadCallback          004207ac f   menu.obj
 0001:0001f80b       _DownloadOptions_MenuDraw  0042080b f   menu.obj
 0001:0001f817       _DownloadOptions_MenuKey   00420817 f   menu.obj
 0001:0001f848       _AddressBook_MenuInit      00420848 f   menu.obj
 0001:0001f8fe       _AddressBook_MenuKey       004208fe f   menu.obj
 0001:0001f94f       _AddressBook_MenuDraw      0042094f f   menu.obj
 0001:0001f967       _M_Menu_PlayerConfig_f     00420967 f   menu.obj
 0001:0001f9c1       _PlayerConfig_MenuInit     004209c1 f   menu.obj
 0001:0001fdea       _HandednessCallback        00420dea f   menu.obj
 0001:0001fdfd       _RateCallback              00420dfd f   menu.obj
 0001:0001fe1b       _ModelCallback             00420e1b f   menu.obj
 0001:0001fe52       _PlayerConfig_ScanDirectories 00420e52 f   menu.obj
 0001:0002001a       _IconOfSkinExists          0042101a f   menu.obj
 0001:000200bc       _PlayerConfig_MenuDraw     004210bc f   menu.obj
 0001:0002032e       _PlayerConfig_MenuKey      0042132e f   menu.obj
 0001:00020402       _M_Menu_DMBrowse_f         00421402 f   menu.obj
 0001:00020445       _DMBrowse_MenuInit         00421445 f   menu.obj
 0001:000205ef       _DMBrowse_MenuKey          004215ef f   menu.obj
 0001:00020792       _DMBrowse_MenuDraw         00421792 f   menu.obj
 0001:000208b7       _DrawThumbnail             004218b7 f   menu.obj
 0001:0002097e       _M_Quit_Key                0042197e f   menu.obj
 0001:000209be       _M_Quit_Draw               004219be f   menu.obj
 0001:00020b0b       _M_Menu_Quit_f             00421b0b f   menu.obj
 0001:0001c201       _AllocChain                0041d201 f   memory.obj
 0001:0001c4f2       _Z_Stats_f                 0041d4f2 f   memory.obj
 0001:0001b9f8       _MD4Transform              0041c9f8 f   md4.obj
 0001:0001bffa       _Encode                    0041cffa f   md4.obj
 0001:0001c03f       _Decode                    0041d03f f   md4.obj
 0001:0001b041       _iswordsym                 0041c041 f   keys.obj
 0001:0001b3a5       _Key_Unbind_f              0041c3a5 f   keys.obj
 0001:0001b488       _Key_Unbindall_f           0041c488 f   keys.obj
 0001:0001b4b2       _Key_Bind_f                0041c4b2 f   keys.obj
 0001:00019c8b       _IN_DeactivateMouse        0041ac8b f   in_win.obj
 0001:00019cb7       _IN_FreeDirect             0041acb7 f   in_win.obj
 0001:00019d18       _IN_FreeWin32              0041ad18 f   in_win.obj
 0001:00019e99       _IN_ActivateMouse          0041ae99 f   in_win.obj
 0001:00019f11       _IN_InitDirect             0041af11 f   in_win.obj
 0001:0001a054       _IN_InitWin32              0041b054 f   in_win.obj
 0001:0001a174       _IN_MouseMove              0041b174 f   in_win.obj
 0001:00062e51       _J_InitSource              00463e51 f   jquant2.obj
 0001:000197a7       _J_FillInputBuffer         0041a7a7 f   images.obj
 0001:000197cf       _J_SkipInputData           0041a7cf f   images.obj
 0001:00062e51       _J_TermSource              00463e51 f   jquant2.obj
 0001:000197e7       _InitJpegError             0041a7e7 f   images.obj
 0001:00019824       _J_ErrorExit               0041a824 f   images.obj
 0001:00019833       _J_EmitMessage             0041a833 f   images.obj
 0001:00019850       _J_ResetErrorMgr           0041a850 f   images.obj
 0001:00017578       _FindPakFile               00418578 f   files.obj
 0001:000175e8       _FindPakDirectory          004185e8 f   files.obj
 0001:00017679       _FileLength                00418679 f   files.obj
 0001:00017b14       _FOpenCached               00418b14 f   files.obj
 0001:00017d54       _AddPakFile                00418d54 f   files.obj
 0001:00017df3       _AddPakDirectory           00418df3 f   files.obj
 0001:00017ed1       _EnumZippedPak             00418ed1 f   files.obj
 0001:00017f44       _ClearFileCache            00418f44 f   files.obj
 0001:00018035       _AddDirFilesToList         00419035 f   files.obj
 0001:000185ae       _ListPakDirectory          004195ae f   files.obj
 0001:00018763       _InitResFiles              00419763 f   files.obj
 0001:00018846       _FS_LoadPak_f              00419846 f   files.obj
 0001:00018915       _TryLoadPak                00419915 f   files.obj
 0001:00018983       _FindPakStruc              00419983 f   files.obj
 0001:000189d8       _FS_UnloadPak_f            004199d8 f   files.obj
 0001:00018b7c       _FS_Link_f                 00419b7c f   files.obj
 0001:00018c48       _FS_Dir_f                  00419c48 f   files.obj
 0001:00018e59       _FS_Path_f                 00419e59 f   files.obj
 0001:00018ef1       _FS_Cat_f                  00419ef1 f   files.obj
 0001:00018fca       _FS_Type_f                 00419fca f   files.obj
 0001:000162f9       _Cvar_FindVar              004172f9 f   cvar.obj
 0001:0001632e       _ComputeHash               0041732e f   cvar.obj
 0001:00016508       _Cvar_SetString            00417508 f   cvar.obj
 0001:0001659e       _Cvar_InfoValidate         0041759e f   cvar.obj
 0001:000166ae       _Cvar_Set2                 004176ae f   cvar.obj
 0001:0001680a       _Cvar_SetHardcoded         0041780a f   cvar.obj
 0001:00016b8c       _Cvar_Set_f                00417b8c f   cvar.obj
 0001:00016c09       _Cvar_SetWithFlags         00417c09 f   cvar.obj
 0001:00016c4e       _Cvar_Seta_f               00417c4e f   cvar.obj
 0001:00016c70       _Cvar_Setu_f               00417c70 f   cvar.obj
 0001:00016c92       _Cvar_Sets_f               00417c92 f   cvar.obj
 0001:00016cb4       _Cvar_Reset_f              00417cb4 f   cvar.obj
 0001:00016d16       _Cvar_List_f               00417d16 f   cvar.obj
 0001:00016e1a       _Cvar_Add_f                00417e1a f   cvar.obj
 0001:00016f91       _Cvar_Scale_f              00417f91 f   cvar.obj
 0001:00017004       _Cvar_Toggle_f             00418004 f   cvar.obj
 0001:00017067       _Cvar_Cycle_f              00418067 f   cvar.obj
 0001:000156a8       _Con_ToggleChat_f          004166a8 f   console.obj
 0001:000156d9       _Con_Clear_f               004166d9 f   console.obj
 0001:0001572f       _Con_Dump_f                0041672f f   console.obj
 0001:00015842       _Con_MessageMode_f         00416842 f   console.obj
 0001:00015854       _Con_MessageMode2_f        00416854 f   console.obj
 0001:000158f4       _PlaceChar                 004168f4 f   console.obj
 0001:00015a7e       _FindLine                  00416a7e f   console.obj
 0001:000161bc       _Con_DrawInput             004171bc f   console.obj
 0001:00014c4a       _Com_Error_f               00415c4a f   common.obj
 0001:00011a8f       _CMod_LoadSubmodels        00412a8f f   cmodel.obj
 0001:00011b35       _CMod_LoadSurfaces         00412b35 f   cmodel.obj
 0001:00011c4f       _CMod_ReadSurfMaterials    00412c4f f   cmodel.obj
 0001:00011d8a       _CMod_LoadNodes            00412d8a f   cmodel.obj
 0001:00011dec       _CMod_LoadBrushes          00412dec f   cmodel.obj
 0001:00011e38       _CMod_LoadLeafs            00412e38 f   cmodel.obj
 0001:00011f07       _CMod_LoadPlanes           00412f07 f   cmodel.obj
 0001:00011f8a       _CMod_LoadLeafBrushes      00412f8a f   cmodel.obj
 0001:00011fd5       _CMod_LoadBrushSides       00412fd5 f   cmodel.obj
 0001:0001204e       _CMod_LoadAreas            0041304e f   cmodel.obj
 0001:00012427       _CM_PointLeafnum_r         00413427 f   cmodel.obj
 0001:000124e3       _CM_BoxLeafnums_r          004134e3 f   cmodel.obj
 0001:0001298d       _CM_TestInLeaf             0041398d f   cmodel.obj
 0001:00012a15       _CM_TestBoxInBrush         00413a15 f   cmodel.obj
 0001:00012af6       _CM_RecursiveHullCheck     00413af6 f   cmodel.obj
 0001:00012dc8       _CM_TraceToLeaf            00413dc8 f   cmodel.obj
 0001:00012ea5       _CM_ClipBoxToBrush         00413ea5 f   cmodel.obj
 0001:000134ac       _FloodArea_r               004144ac f   cmodel.obj
 0001:00010fa0       _Cmd_MacroExpandString     00411fa0 f   cmd.obj
 0001:0001160d       _TryComplete               0041260d f   cmd.obj
 0001:000117bd       _Cmd_Wait_f                004127bd f   cmd.obj
 0001:000117c8       _Cmd_List_f                004127c8 f   cmd.obj
 0001:0000ffb1       _DrawSurfInfo              00410fb1 f   cl_view.obj
 0001:0001031d       _DecodeContents            0041131d f   cl_view.obj
 0001:000103ed       _DrawOriginInfo            004113ed f   cl_view.obj
 0001:0001057e       _DrawFpsInfo               0041157e f   cl_view.obj
 0001:000106a7       _FixWaterVis               004116a7 f   cl_view.obj
 0001:000107a7       _entitycmpfnc              004117a7 f   cl_view.obj
 0001:0000ce1c       _SCR_CalcVrect             0040de1c f   cl_scrn.obj
 0001:00003034       _CL_AddParticleTraces      00404034 f   cl_fx.obj
 0001:000009ea       _Huff1Decompress           004019ea f   cl_cin.obj
 0001:00000f71       _Huff1TableInit            00401f71 f   cl_cin.obj
 0001:0000106b       _SmallestNode1             0040206b f   cl_cin.obj
 0001:0000014c       _CDAudio_GetAudioDiskInfo  0040114c f   cd_win.obj
 0001:000004c4       _CD_f                      004014c4 f   cd_win.obj
 0001:0000077d       _CDAudio_Eject             0040177d f   cd_win.obj
 0001:000007a7       _CDAudio_CloseDoor         004017a7 f   cd_win.obj

 70 bytes saved through ICF

