 quake2

 Timestamp is 42f0b969 (Wed Aug 03 16:32:41 2005)

 Preferred load address is 00400000

 Start         Length     Name                   Class
 0001:00000000 00060860H .text                   CODE
 0002:00000000 00000278H .idata$5                DATA
 0002:00000278 00006664H .rdata                  DATA
 0002:000068e0 00000044H .rdata$r                DATA
 0002:00006928 00000038H .xdata$x                DATA
 0002:00006960 00000078H .idata$2                DATA
 0002:000069d8 00000014H .idata$3                DATA
 0002:000069ec 00000278H .idata$4                DATA
 0002:00006c64 000007feH .idata$6                DATA
 0002:00007462 00000000H .edata                  DATA
 0003:00000000 00000004H .CRT$XCA                DATA
 0003:00000004 00000080H .CRT$XCU                DATA
 0003:00000084 00000004H .CRT$XCZ                DATA
 0003:00000088 00000004H .CRT$XIA                DATA
 0003:0000008c 00000004H .CRT$XIZ                DATA
 0003:00000090 0000d8ecH .data                   DATA
 0003:0000d980 0047f644H .bss                    DATA
 0004:00000000 00000130H .rsrc$01                DATA
 0004:00000130 00003f20H .rsrc$02                DATA

  Address         Publics by Value              Rva+Base     Lib:Object

 0001:00000000       ??3@YAXPAX@Z               00401000 f i CoreMain.obj
 0001:0000000b       ?appInit@@YAXXZ            0040100b f   CoreMain.obj
 0001:0000006e       ?appExit@@YAXXZ            0040106e f   CoreMain.obj
 0001:00000073       ?appLoadDebugSymbols@@YAXXZ 00401073 f   DbgSymbols.obj
 0001:00000276       ?appSymbolName@@YA_NIPADH@Z 00401276 f   DbgSymbols.obj
 0001:00000362       ?appSymbolName@@YAPBDI@Z   00401362 f   DbgSymbols.obj
 0001:00000394       ?appMalloc@@YAPAXIH@Z      00401394 f   Memory.obj
 0001:00000442       ?appFree@@YAXPAX@Z         00401442 f   Memory.obj
 0001:00000470       ?Unlink@FMemHeader@@QAEXXZ 00401470 f i Memory.obj
 0001:0000049b       ?Link@CMemoryChain@@AAEXXZ 0040149b f   Memory.obj
 0001:000004ba       ?Unlink@CMemoryChain@@AAEXXZ 004014ba f   Memory.obj
 0001:000004e5       ??2CMemoryChain@@SAPAXIH@Z 004014e5 f   Memory.obj
 0001:00000557       ??3CMemoryChain@@SAXPAX@Z  00401557 f   Memory.obj
 0001:0000058a       ?Alloc@CMemoryChain@@QAEPAXIH@Z 0040158a f   Memory.obj
 0001:000005f4       ?appInitMemory@@YAXXZ      004015f4 f   Memory.obj
 0001:00000b3f       ?Write@COutputDeviceNull@@UAEXPBD@Z 00401b3f f i OutputDevice.obj
 0001:00000b42       ?appWPrintf@@YAXPBDZZ      00401b42 f   OutputDevice.obj
 0001:00000b93       ?appFatalError@@YAXPBDZZ   00401b93 f   ErrorMgr.obj
 0001:00000bcd       ?appNonFatalError@@YAXPBDZZ 00401bcd f   ErrorMgr.obj
 0001:00000c2b       ?appUnwindPrefix@@YAXPBD@Z 00401c2b f   ErrorMgr.obj
 0001:00000c82       ?appUnwindThrow@@YAXPBDZZ  00401c82 f   ErrorMgr.obj
 0001:00000d09       ?Reset@CErrorHandler@@QAEXXZ 00401d09 f   ErrorMgr.obj
 0001:00000d33       ?appInitError@@YAXXZ       00401d33 f   ErrorMgr.obj
 0001:00000df1       ?GetLine@CSimpleParser@@QAEPBDXZ 00401df1 f   ScriptParser.obj
 0001:00000f06       ?SkipBraces@CSimpleParser@@QAEPBDXZ 00401f06 f   ScriptParser.obj
 0001:00000f3c       ?appStricmp@@YAHPBD0@Z     00401f3c f   Strings.obj
 0001:00000f71       ?toLower@@YADD@Z           00401f71 f i Strings.obj
 0001:00000f88       ?appStrcpy@@YAXPADPBD@Z    00401f88 f   Strings.obj
 0001:00000f9b       ?appStrncpylwr@@YAXPADPBDH@Z 00401f9b f   Strings.obj
 0001:00000fd3       ?appStrncpyz@@YAXPADPBDH@Z 00401fd3 f   Strings.obj
 0001:00001000       ?appStrcatn@@YAXPADHPBD@Z  00402000 f   Strings.obj
 0001:0000102b       ?appCopyFilename@@YAXPADPBDH@Z 0040202b f   Strings.obj
 0001:000010c7       ?appCStrlen@@YAHPBD@Z      004020c7 f   Strings.obj
 0001:000010ec       ?appUncolorizeString@@YAXPADPBD@Z 004020ec f   Strings.obj
 0001:0000111c       ?va@@YAPBDPBDZZ            0040211c f   Strings.obj
 0001:000011b8       ?appSprintf@@YAHPADHPBDZZ  004021b8 f   Strings.obj
 0001:00001203       ?appMatchWildcard@@YA_NPBD0_N@Z 00402203 f   Strings.obj
 0001:00001383       ?appIsWildcard@@YA_NPBD@Z  00402383 f   Strings.obj
 0001:000013ad       ?CopyString@@YAPADPBD@Z    004023ad f   Strings.obj
 0001:000013ed       ?CopyString@@YAPADPBDPAVCMemoryChain@@@Z 004023ed f   Strings.obj
 0001:00001421       ??2CStringItem@@SAPAXIPBD@Z 00402421 f   Strings.obj
 0001:0000146a       ??2CStringItem@@SAPAXIPBDPAVCMemoryChain@@@Z 0040246a f   Strings.obj
 0001:000014a7       ?Find@CStringList@@IAEPAVCStringItem@@PBDPAPAV2@@Z 004024a7 f   Strings.obj
 0001:000014e3       ?Find@CStringList@@IAEPAVCStringItem@@H@Z 004024e3 f   Strings.obj
 0001:000014fc       ?IndexOf@CStringList@@QAEHPBD@Z 004024fc f   Strings.obj
 0001:00001529       ?Remove@CStringList@@QAE_NPAVCStringItem@@@Z 00402529 f   Strings.obj
 0001:00001555       ?Free@CStringList@@QAEXXZ  00402555 f   Strings.obj
 0001:0000156e       ?Add@CTextContainer@@QAEPAUCTextRec@@PBD@Z 0040256e f   TextContainer.obj
 0001:0000161a       ?Enumerate@CTextContainer@@QAEXP6AXPBUCTextRec@@@Z@Z 0040261a f   TextContainer.obj
 0001:00001686       ?appMillisecondsf@@YANXZ   00402686 f   CoreWin32.obj
 0001:000016bf       ?appMilliseconds@@YAIXZ    004026bf f   CoreWin32.obj
 0001:000016f4       ?cpuid@@YAXI@Z             004026f4 f   CoreWin32.obj
 0001:00001717       ?appInitPlatform@@YAXXZ    00402717 f   CoreWin32.obj
 0001:000019aa       ?appShutdownPlatform@@YAXXZ 004029aa f   CoreWin32.obj
 0001:000019b3       ?osAddressInfo@@YA_NIPADHPAH@Z 004029b3 f   DbgSymbolsWin32.obj
 0001:00001a47       ?osModuleInfo@@YA_NIPADHPAH@Z 00402a47 f   DbgSymbolsWin32.obj
 0001:00001bef       ?win32ExceptFilter@@YAHPAU_EXCEPTION_POINTERS@@@Z 00402bef f   ExceptFilterWin32.obj
 0001:00002123       ?win32ExceptFilter2@@YAHXZ 00403123 f   ExceptFilterWin32.obj
 0001:0000212f       ?SCR_StopCinematic@@YAXXZ  0040312f f   cl_cin.obj
 0001:000021c3       ?SCR_DrawCinematic@@YA_NXZ 004031c3 f   cl_cin.obj
 0001:00002624       ?SCR_PlayCinematic@@YAXPBD@Z 00403624 f   cl_cin.obj
 0001:0000297c       ?CL_Download_f@@YAX_NHPAPAD@Z 0040397c f   cl_download.obj
 0001:00002d2d       ?CL_ParseDownload@@YAXXZ   00403d2d f   cl_download.obj
 0001:0000352e       ?CL_Precache_f@@YAXHPAPAD@Z 0040452e f   cl_download.obj
 0001:0000358c       ?CL_ParseDelta@@YAXPAUclEntityState_t@@0HI_N@Z 0040458c f   cl_ents.obj
 0001:0000370c       ?CL_ParseFrame@@YAXXZ      0040470c f   cl_ents.obj
 0001:00003dbb       ?CL_AddEntityBox@@YAXPAUclEntityState_t@@I@Z 00404dbb f   cl_ents.obj
 0001:00003ebf       ?Lerp@@YAXABUCVec3@@0MAAU1@@Z 00404ebf f i cl_ents.obj
 0001:00003ef6       ?CL_OffsetThirdPersonView@@YAXXZ 00404ef6 f   cl_ents.obj
 0001:00003fde       ?CL_AddEntities@@YAXXZ     00404fde f   cl_ents.obj
 0001:00004f13       ?CL_ClearLightStyles@@YAXXZ 00405f13 f   cl_fx.obj
 0001:00004f95       ?CL_SetLightstyle@@YAXHPBD@Z 00405f95 f   cl_fx.obj
 0001:00004ff6       ?CL_AllocDlight@@YAPAUcdlight_t@@HABUCVec3@@@Z 00405ff6 f   cl_fx.obj
 0001:0000505f       ?CL_AllocParticleTrace@@YAPAUparticleTrace_t@@ABUCVec3@@0MM@Z 0040605f f   cl_fx.obj
 0001:000050ee       ?CL_AllocParticleBeam@@YAPAUbeam_t@@ABUCVec3@@0MM@Z 004060ee f   cl_fx.obj
 0001:00005162       ?CL_AllocParticle@@YAPAUparticle_t@@XZ 00406162 f   cl_fx.obj
 0001:000051b5       ?CL_MetalSparks@@YAXABUCVec3@@0H@Z 004061b5 f   cl_fx.obj
 0001:000052a2       ?CL_AddEffects@@YAXXZ      004062a2 f   cl_fx.obj
 0001:00005986       ?CL_ClearEffects@@YAXXZ    00406986 f   cl_fx.obj
 0001:00005a08       ?CL_EntityEvent@@YAXPAUclEntityState_t@@@Z 00406a08 f   cl_fx.obj
 0001:00005bbc       ?CL_ParseMuzzleFlash@@YAXXZ 00406bbc f   cl_fx.obj
 0001:00005f2c       ?CL_ParseMuzzleFlash2@@YAXXZ 00406f2c f   cl_fx.obj
 0001:000063a2       ?CL_ParticleEffect@@YAXABUCVec3@@0HH@Z 004073a2 f   cl_fx.obj
 0001:0000654c       ?CL_ParticleEffect2@@YAXABUCVec3@@0HH@Z 0040754c f   cl_fx.obj
 0001:00006574       ?CL_ParticleEffect3@@YAXABUCVec3@@0HH@Z 00407574 f   cl_fx.obj
 0001:0000659c       ?CL_TeleporterParticles@@YAXPAUclEntityState_t@@@Z 0040759c f   cl_fx.obj
 0001:000065bb       ?CL_LogoutEffect@@YAXABUCVec3@@H@Z 004075bb f   cl_fx.obj
 0001:000065f1       ?CL_ItemRespawnParticles@@YAXABUCVec3@@@Z 004075f1 f   cl_fx.obj
 0001:0000660c       ?CL_ExplosionParticles@@YAXABUCVec3@@@Z 0040760c f   cl_fx.obj
 0001:0000662a       ?CL_BFGExplosionParticles@@YAXABUCVec3@@@Z 0040762a f   cl_fx.obj
 0001:00006648       ?CL_TrackerExplosionParticles@@YAXABUCVec3@@@Z 00407648 f   cl_fx.obj
 0001:00006666       ?CL_BlasterParticles@@YAXABUCVec3@@0I@Z 00407666 f   cl_fx.obj
 0001:0000668c       ?CL_BlasterTrail@@YAXAAUcentity_t@@@Z 0040768c f   cl_fx.obj
 0001:0000678f       ?CL_BlasterTrail2@@YAXAAUcentity_t@@@Z 0040778f f   cl_fx.obj
 0001:000067a2       ?CL_FlagTrail@@YAXAAUcentity_t@@H@Z 004077a2 f   cl_fx.obj
 0001:000067be       ?CL_RocketTrail@@YAXAAUcentity_t@@@Z 004077be f   cl_fx.obj
 0001:000067fd       ?CL_BubbleTrail@@YAXABUCVec3@@0@Z 004077fd f   cl_fx.obj
 0001:00006897       ?CL_BubbleTrail2@@YAXABUCVec3@@0@Z 00407897 f   cl_fx.obj
 0001:000068af       ?CL_TagTrail@@YAXAAUcentity_t@@@Z 004078af f   cl_fx.obj
 0001:000068c2       ?CL_DebugTrail@@YAXABUCVec3@@0@Z 004078c2 f   cl_fx.obj
 0001:000068da       ?CL_ForceWall@@YAXABUCVec3@@0H@Z 004078da f   cl_fx.obj
 0001:000068fb       ?CL_BigTeleportParticles@@YAXABUCVec3@@@Z 004078fb f   cl_fx.obj
 0001:00006a2d       ?CL_BfgParticles@@YAXABUCVec3@@@Z 00407a2d f   cl_fx.obj
 0001:00006b95       ?CL_FlyEffect@@YAXAAUcentity_t@@@Z 00407b95 f   cl_fx.obj
 0001:00006d21       ?CL_DiminishingTrail@@YAXAAUcentity_t@@H@Z 00407d21 f   cl_fx.obj
 0001:00006e7b       ?CL_RailTrail@@YAXABUCVec3@@0@Z 00407e7b f   cl_fx.obj
 0001:00006fe2       ?CL_RailTrailExt@@YAXABUCVec3@@0EE@Z 00407fe2 f   cl_fx.obj
 0001:00007127       ?CL_IonripperTrail@@YAXAAUcentity_t@@@Z 00408127 f   cl_fx.obj
 0001:00007276       ?CL_TrapParticles@@YAXABUCVec3@@@Z 00408276 f   cl_fx.obj
 0001:0000740a       ?CL_TeleportParticles@@YAXABUCVec3@@@Z 0040840a f   cl_fx.obj
 0001:00007540       ?CL_Heatbeam@@YAXABUCVec3@@0@Z 00408540 f   cl_fx.obj
 0001:000077e8       ?CL_ParticleSteamEffect@@YAXABUCVec3@@0HHH@Z 004087e8 f   cl_fx.obj
 0001:00007914       ?CL_ParticleSmokeEffect@@YAXABUCVec3@@0@Z 00408914 f   cl_fx.obj
 0001:00007a1f       ?CL_TrackerTrail@@YAXAAUcentity_t@@@Z 00408a1f f   cl_fx.obj
 0001:00007b9d       ?CL_TrackerShell@@YAXABUCVec3@@@Z 00408b9d f   cl_fx.obj
 0001:00007c29       ?CL_MonsterPlasmaShell@@YAXABUCVec3@@@Z 00408c29 f   cl_fx.obj
 0001:00007cb2       ?CL_WidowSplash@@YAXABUCVec3@@@Z 00408cb2 f   cl_fx.obj
 0001:00007d83       ?IN_CenterView@@YAXXZ      00408d83 f   cl_input.obj
 0001:00007da4       ?CL_InitInput@@YAXXZ       00408da4 f   cl_input.obj
 0001:00008340       ?CL_SendCmd@@YAXXZ         00409340 f   cl_input.obj
 0001:000089be       ?CL_WriteDemoMessage@@YAXXZ 004099be f   cl_main.obj
 0001:00008a00       ?Cmd_ForwardToServer@@YAXHPAPAD@Z 00409a00 f   cl_main.obj
 0001:00008ac3       ?CL_ForwardToServer_f@@YAXHPAPAD@Z 00409ac3 f   cl_main.obj
 0001:00008b0b       ?CL_Pause@@YAX_N@Z         00409b0b f   cl_main.obj
 0001:00008b4d       ?CL_Quit_f@@YAXXZ          00409b4d f   cl_main.obj
 0001:00008b57       ?CL_Drop@@YAX_N@Z          00409b57 f   cl_main.obj
 0001:00008b7e       ?CL_SendConnectPacket@@YAXXZ 00409b7e f   cl_main.obj
 0001:00008bec       ?CL_Connect_f@@YAX_NHPAPAD@Z 00409bec f   cl_main.obj
 0001:00008c6c       ?CL_Rcon_f@@YAXHPAPAD@Z    00409c6c f   cl_main.obj
 0001:00008d74       ?CL_Disconnect@@YAXXZ      00409d74 f   cl_main.obj
 0001:00008f16       ?CL_Disconnect_f@@YAXXZ    00409f16 f   cl_main.obj
 0001:00008f20       ?CL_Changing_f@@YAXXZ      00409f20 f   cl_main.obj
 0001:00008f44       ?CL_Reconnect_f@@YAXXZ     00409f44 f   cl_main.obj
 0001:00008fe0       ?CL_PingServers_f@@YAXXZ   00409fe0 f   cl_main.obj
 0001:0000914b       ?CL_Skins_f@@YAXXZ         0040a14b f   cl_main.obj
 0001:0000943b       ?CL_ConnectionlessPacket@@YAXXZ 0040a43b f   cl_main.obj
 0001:00009538       ?CL_ReadPackets@@YAXXZ     0040a538 f   cl_main.obj
 0001:0000967b       ?CL_Userinfo_f@@YAXXZ      0040a67b f   cl_main.obj
 0001:00009693       ?CL_RegisterSounds@@YAXXZ  0040a693 f   cl_main.obj
 0001:000096d2       ?CL_Snd_Restart_f@@YAXXZ   0040a6d2 f   cl_main.obj
 0001:000096e1       ?CL_WriteConfiguration@@YAXPBD@Z 0040a6e1 f   cl_main.obj
 0001:0000979c       ?CL_WriteConfig_f@@YAX_NHPAPAD@Z 0040a79c f   cl_main.obj
 0001:000097fb       ?CL_FixCvarCheats@@YAXXZ   0040a7fb f   cl_main.obj
 0001:0000984c       ?CL_Frame@@YAXMM@Z         0040a84c f   cl_main.obj
 0001:00009b89       ?CL_ClearState@@YAXXZ      0040ab89 f   cl_main.obj
 0001:00009bc7       ?CL_Init@@YAXXZ            0040abc7 f   cl_main.obj
 0001:0000a09a       ?CL_Shutdown@@YAX_N@Z      0040b09a f   cl_main.obj
 0001:0000a0ef       ?CL_ParseClientinfo@@YAXH@Z 0040b0ef f   cl_parse.obj
 0001:0000a1a4       ?CL_UpdatePlayerClientInfo@@YAXXZ 0040b1a4 f   cl_parse.obj
 0001:0000a1e5       ?CL_ParseServerMessage@@YAXXZ 0040b1e5 f   cl_parse.obj
 0001:0000a9bf       ?FreePlayerModelsInfo@@YAXXZ 0040b9bf f   cl_playermodel.obj
 0001:0000a9e5       ?ScanQuake3Models@@YAXPBD@Z 0040b9e5 f   cl_playermodel.obj
 0001:0000ab64       ?ScanPlayerModels@@YA_NXZ  0040bb64 f   cl_playermodel.obj
 0001:0000ae1f       ?RunAnimation@@YAXAAUclientInfo_t@@AAUanimState_t@@H@Z 0040be1f f   cl_playermodel.obj
 0001:0000b000       ?CL_LoadClientinfo@@YAXAAUclientInfo_t@@PBD_N@Z 0040c000 f   cl_playermodel.obj
 0001:0000bbb4       ?ParsePlayerEntity@@YAHAAUcentity_t@@AAUclientInfo_t@@PAUclEntityState_t@@ABUentity_t@@PAU4@HH@Z 0040cbb4 f   cl_playermodel.obj
 0001:0000c70a       ?Insert@?$TList@VCStringItem@@@@QAE_NPAVCStringItem@@@Z 0040d70a f i cl_playermodel.obj
 0001:0000c70a       ?Insert@?$TList@VshaderScript_t@OpenGLDrv@@@@QAE_NPAVshaderScript_t@OpenGLDrv@@@Z 0040d70a f i cl_playermodel.obj
 0001:0000c70a       ?Insert@?$TList@VplayerModelInfo_t@@@@QAE_NPAVplayerModelInfo_t@@@Z 0040d70a f i cl_playermodel.obj
 0001:0000c740       ?CL_CheckPredictionError@@YAXXZ 0040d740 f   cl_pred.obj
 0001:0000c8d6       ?CL_EntityTrace@@YAXAAUtrace_t@@ABUCVec3@@1ABUCBox@@H@Z 0040d8d6 f   cl_pred.obj
 0001:0000cc6f       ?CL_Trace@@YAXAAUtrace_t@@ABUCVec3@@1ABUCBox@@H@Z 0040dc6f f   cl_pred.obj
 0001:0000cceb       ?CL_PMpointcontents@@YAHABUCVec3@@@Z 0040dceb f   cl_pred.obj
 0001:0000ce77       ?CL_PredictMovement@@YAXXZ 0040de77 f   cl_pred.obj
 0001:0000d22a       ?DrawString@@YAXHHPBD@Z    0040e22a f   cl_scrn.obj
 0001:0000d26f       ?SCR_DebugGraph@@YAXMH@Z   0040e26f f   cl_scrn.obj
 0001:0000d297       ?SCR_CenterPrint@@YAXPBD@Z 0040e297 f   cl_scrn.obj
 0001:0000d39d       ?Key_Message@@YAXH@Z       0040e39d f   cl_scrn.obj
 0001:0000d439       ?SCR_SetLevelshot@@YAXPBD@Z 0040e439 f   cl_scrn.obj
 0001:0000d52c       ?SCR_BeginLoadingPlaque@@YAXXZ 0040e52c f   cl_scrn.obj
 0001:0000d5b1       ?SCR_EndLoadingPlaque@@YAX_N@Z 0040e5b1 f   cl_scrn.obj
 0001:0000d636       ?SCR_ShowConsole@@YAX_N0@Z 0040e636 f   cl_scrn.obj
 0001:0000d6fb       ?SCR_ToggleConsole@@YAXXZ  0040e6fb f   cl_scrn.obj
 0001:0000d723       ?SCR_TouchPics@@YAXXZ      0040e723 f   cl_scrn.obj
 0001:0000d779       ?SCR_UpdateScreen@@YAXXZ   0040e779 f   cl_scrn.obj
 0001:0000e9bf       ?SCR_Init@@YAXXZ           0040f9bf f   cl_scrn.obj
 0001:0000ed39       ?CL_RegisterTEntSounds@@YAXXZ 0040fd39 f   cl_tent.obj
 0001:0000ef7e       ?CL_RegisterTEntModels@@YAXXZ 0040ff7e f   cl_tent.obj
 0001:0000f0cb       ?CL_ClearTEnts@@YAXXZ      004100cb f   cl_tent.obj
 0001:0000f0fc       ?CL_SmokeAndFlash@@YAXABUCVec3@@@Z 004100fc f   cl_tent.obj
 0001:0000f292       ?CL_ParsePlayerBeam@@YAHPAVCRenderModel@@@Z 00410292 f   cl_tent.obj
 0001:0000f39d       ?CL_ParseLightning@@YAHPAVCRenderModel@@@Z 0041039d f   cl_tent.obj
 0001:0000f45f       ?CL_ParseWidow@@YAXXZ      0041045f f   cl_tent.obj
 0001:0000f595       ?CL_ParseNuke@@YAXXZ       00410595 f   cl_tent.obj
 0001:0000f6a8       ?CL_ParseTEnt@@YAXXZ       004106a8 f   cl_tent.obj
 0001:0001048f       ?CL_AddBeams@@YAXXZ        0041148f f   cl_tent.obj
 0001:00010691       ?CL_AddPlayerBeams@@YAXXZ  00411691 f   cl_tent.obj
 0001:00010c98       ?CL_AddTEnts@@YAXXZ        00411c98 f   cl_tent.obj
 0001:00010e98       ?V_AddEntity@@YAXPAUentity_t@@@Z 00411e98 f   cl_view.obj
 0001:00010ed3       ?V_AddEntity2@@YAXPAUentity_t@@@Z 00411ed3 f   cl_view.obj
 0001:00010f02       ?AddEntityWithEffects2@@YAXPAUentity_t@@I@Z 00411f02 f   cl_view.obj
 0001:00010fbe       ?AddEntityWithEffects@@YAXPAUentity_t@@I@Z 00411fbe f   cl_view.obj
 0001:00010fdd       ?V_AddLight@@YAXABUCVec3@@MMMM@Z 00411fdd f   cl_view.obj
 0001:00011022       ?V_TestEntities@@YAXXZ     00412022 f   cl_view.obj
 0001:0001114f       ?V_TestLights@@YAXXZ       0041214f f   cl_view.obj
 0001:00011225       ?V_InitRenderer@@YAXXZ     00412225 f   cl_view.obj
 0001:0001160d       ?CalcFov@@YAMMMM@Z         0041260d f   cl_view.obj
 0001:0001167b       ?V_RenderView@@YA_NXZ      0041267b f   cl_view.obj
 0001:000122c7       ?V_Init@@YAXXZ             004132c7 f   cl_view.obj
 0001:00012376       ?Con_ClearNotify@@YAXXZ    00413376 f   console.obj
 0001:00012385       ?Con_CheckResize@@YAXXZ    00413385 f   console.obj
 0001:000124ac       ?Con_Print@@YAXPBD@Z       004134ac f   console.obj
 0001:000127a4       ?Con_DrawNotify@@YAX_N@Z   004137a4 f   console.obj
 0001:000128bc       ?Con_DrawConsole@@YAXM@Z   004138bc f   console.obj
 0001:00012b44       ?Con_ClearTyping@@YAXXZ    00413b44 f   console.obj
 0001:00012b5d       ?Key_Console@@YAXHH@Z      00413b5d f   console.obj
 0001:00012fa5       ?Con_Init@@YAXXZ           00413fa5 f   console.obj
 0001:0001311c       ?Key_KeynumToString@@YAPBDH@Z 0041411c f   keys.obj
 0001:000131dc       ?Draw@completeMenu_t@@UAEXXZ 004141dc f i keys.obj
 0001:0001320d       ?KeyDown@completeMenu_t@@UAEPBDH@Z 0041420d f i keys.obj
 0001:00013236       ?Init@completeMenu_t@@UAE_NXZ 00414236 f i keys.obj
 0001:0001335d       ?CompleteMenuCallback@completeMenu_t@@SAXPAX@Z 0041435d f i keys.obj
 0001:000133eb       ?CompleteCommand@@YAXXZ    004143eb f   keys.obj
 0001:00013b20       ?Key_SetBinding@@YAXHPBD@Z 00414b20 f   keys.obj
 0001:00013b5e       ?Key_FindBinding@@YAHPBDPAHH@Z 00414b5e f   keys.obj
 0001:00013bac       ?Key_WriteBindings@@YAXPAU_iobuf@@@Z 00414bac f   keys.obj
 0001:00013bf4       ?Key_Init@@YAXXZ           00414bf4 f   keys.obj
 0001:00013ed8       ?Key_Event@@YAXH_N@Z       00414ed8 f   keys.obj
 0001:00014231       ?Key_ClearStates@@YAXXZ    00415231 f   keys.obj
 0001:00014266       ?M_ForceMenuOn@@YAXXZ      00415266 f   menu.obj
 0001:00014285       ?Draw@menuMain_t@@UAEXXZ   00415285 f i menu.obj
 0001:000143c1       ?KeyDown@menuMain_t@@UAEPBDH@Z 004153c1 f i menu.obj
 0001:0001447d       ?Init@menuMain_t@@UAE_NXZ  0041547d f i menu.obj
 0001:00014485       ?M_Menu_Main_f@@YAXXZ      00415485 f   menu.obj
 0001:0001449f       ?Init@multiplayerMenu_t@@UAE_NXZ 0041549f f i menu.obj
 0001:000145c3       ?Init@keysMenu_t@@UAE_NXZ  004155c3 f i menu.obj
 0001:000147a8       ?KeyCursorDrawFunc@keysMenu_t@@SAXPAUmenuFramework_t@@@Z 004157a8 f i menu.obj
 0001:000147e8       ?DrawKeyBindingFunc@keysMenu_t@@SAXPAX@Z 004157e8 f i menu.obj
 0001:000148af       ?KeyDown@keysMenu_t@@UAEPBDH@Z 004158af f i menu.obj
 0001:0001495c       ?UnbindCommand@keysMenu_t@@QAEXPAD@Z 0041595c f i menu.obj
 0001:000149a1       ?KeyBindingFunc@keysMenu_t@@QAEXPAX@Z 004159a1 f i menu.obj
 0001:00014a00       ?Init@optionsMenu_t@@UAE_NXZ 00415a00 f i menu.obj
 0001:00014e5e       ?CrosshairFunc@optionsMenu_t@@SAXPAX@Z 00415e5e f i menu.obj
 0001:00014e86       ?JoystickFunc@optionsMenu_t@@SAXPAX@Z 00415e86 f i menu.obj
 0001:00014e9b       ?AlwaysRunFunc@optionsMenu_t@@SAXPAX@Z 00415e9b f i menu.obj
 0001:00014eb0       ?FreeLookFunc@optionsMenu_t@@SAXPAX@Z 00415eb0 f i menu.obj
 0001:00014ec5       ?MouseSpeedFunc@optionsMenu_t@@SAXPAX@Z 00415ec5 f i menu.obj
 0001:00014ee2       ?InvertMouseFunc@optionsMenu_t@@SAXPAX@Z 00415ee2 f i menu.obj
 0001:00014efd       ?LookspringFunc@optionsMenu_t@@SAXPAX@Z 00415efd f i menu.obj
 0001:00014f19       ?LookstrafeFunc@optionsMenu_t@@SAXPAX@Z 00415f19 f i menu.obj
 0001:00014f35       ?UpdateVolumeFunc@optionsMenu_t@@SAXPAX@Z 00415f35 f i menu.obj
 0001:00014f52       ?UpdateCDVolumeFunc@optionsMenu_t@@SAXPAX@Z 00415f52 f i menu.obj
 0001:00014f6c       ?SetMenuItemValues@optionsMenu_t@@SAXXZ 00415f6c f i menu.obj
 0001:0001514a       ?ResetDefaultsFunc@optionsMenu_t@@SAXPAX@Z 0041614a f i menu.obj
 0001:0001515f       ?UpdateSoundFunc@optionsMenu_t@@SAXPAX@Z 0041615f f i menu.obj
 0001:00015362       ?ScanCrosshairs@optionsMenu_t@@SAXXZ 00416362 f i menu.obj
 0001:000153bf       ?Draw@optionsMenu_t@@UAEXXZ 004163bf f i menu.obj
 0001:00015424       ?Draw@creditsMenu_t@@UAEXXZ 00416424 f i menu.obj
 0001:000154cb       ?KeyDown@creditsMenu_t@@UAEPBDH@Z 004164cb f i menu.obj
 0001:00015506       ?Init@creditsMenu_t@@UAE_NXZ 00416506 f i menu.obj
 0001:000155ce       ?Init@gameMenu_t@@UAE_NXZ  004165ce f i menu.obj
 0001:00015759       ?EasyGameFunc@gameMenu_t@@SAXPAX@Z 00416759 f i menu.obj
 0001:00015765       ?StartGame@gameMenu_t@@SAXPBD@Z 00416765 f i menu.obj
 0001:000157bd       ?MediumGameFunc@gameMenu_t@@SAXPAX@Z 004167bd f i menu.obj
 0001:000157c9       ?HardGameFunc@gameMenu_t@@SAXPAX@Z 004167c9 f i menu.obj
 0001:000157e5       ?Init@savegameMenu_t@@UAE_NXZ 004167e5 f i menu.obj
 0001:000158f5       ?Create_Savestrings@savegameMenu_t@@QAEXXZ 004168f5 f i menu.obj
 0001:0001599f       ?LoadGameCallback@savegameMenu_t@@SAXPAX@Z 0041699f f i menu.obj
 0001:000159c8       ?SaveGameCallback@savegameMenu_t@@SAXPAX@Z 004169c8 f i menu.obj
 0001:000159e7       ?Draw@savegameMenu_t@@UAEXXZ 004169e7 f i menu.obj
 0001:00015a02       ?DrawSavegameShot@savegameMenu_t@@QAEXHH@Z 00416a02 f i menu.obj
 0001:00015add       ?Init@joinserverMenu_t@@UAE_NXZ 00416add f i menu.obj
 0001:00015c06       ?JoinServerFunc@joinserverMenu_t@@SAXPAX@Z 00416c06 f i menu.obj
 0001:00015c68       ?SearchLocalGames@joinserverMenu_t@@SAXXZ 00416c68 f i menu.obj
 0001:00015cd3       ?M_AddToServerList@@YAXUnetadr_t@@PAD@Z 00416cd3 f   menu.obj
 0001:00015d56       ?Init@startserverMenu_t@@UAE_NXZ 00416d56 f i menu.obj
 0001:000161f8       ?DMOptionsFunc@startserverMenu_t@@SAXPAX@Z 004171f8 f i menu.obj
 0001:00016208       ?RulesChangeFunc@startserverMenu_t@@SAXPAX@Z 00417208 f i menu.obj
 0001:00016282       ?StartServerActionFunc@startserverMenu_t@@SAXPAX@Z 00417282 f i menu.obj
 0001:000162ad       ?StartServerFunc@startserverMenu_t@@SAXPAD@Z 004172ad f i menu.obj
 0001:000164e4       ?KeyDown@startserverMenu_t@@UAEPBDH@Z 004174e4 f i menu.obj
 0001:00016541       ?Init@dmoptionsMenu_t@@UAE_NXZ 00417541 f i menu.obj
 0001:00016b20       ?DMFlagCallback@dmoptionsMenu_t@@SAXPAX@Z 00417b20 f i menu.obj
 0001:00016cfb       ?Init@downloadOptionsMenu_t@@UAE_NXZ 00417cfb f i menu.obj
 0001:00016ec6       ?DownloadCallback@downloadOptionsMenu_t@@SAXPAX@Z 00417ec6 f i menu.obj
 0001:00016f31       ?Init@addressBookMenu_t@@UAE_NXZ 00417f31 f i menu.obj
 0001:00016fd9       ?KeyDown@addressBookMenu_t@@UAEPBDH@Z 00417fd9 f i menu.obj
 0001:00017036       ?Init@playerConfigMenu_t@@UAE_NXZ 00418036 f i menu.obj
 0001:0001757d       ?HandednessCallback@playerConfigMenu_t@@SAXPAX@Z 0041857d f i menu.obj
 0001:00017592       ?RTypeCallback@playerConfigMenu_t@@SAXPAX@Z 00418592 f i menu.obj
 0001:000175a7       ?RColorCallback@playerConfigMenu_t@@SAXPAX@Z 004185a7 f i menu.obj
 0001:000175bc       ?RateCallback@playerConfigMenu_t@@SAXPAX@Z 004185bc f i menu.obj
 0001:000175df       ?ModelCallback@playerConfigMenu_t@@SAXPAX@Z 004185df f i menu.obj
 0001:00017613       ?SkinCallback@playerConfigMenu_t@@SAXPAX@Z 00418613 f i menu.obj
 0001:0001761b       ?Draw@playerConfigMenu_t@@UAEXXZ 0041861b f i menu.obj
 0001:000178f3       ?KeyDown@playerConfigMenu_t@@UAEPBDH@Z 004188f3 f i menu.obj
 0001:000179d2       ?Init@dmbrowseMenu_t@@UAE_NXZ 004189d2 f i menu.obj
 0001:00017bd8       ?KeyDown@dmbrowseMenu_t@@UAEPBDH@Z 00418bd8 f i menu.obj
 0001:00017d9c       ?Draw@dmbrowseMenu_t@@UAEXXZ 00418d9c f i menu.obj
 0001:00017ee1       ?DrawThumbnail@dmbrowseMenu_t@@SAXHHHHPAD_N@Z 00418ee1 f i menu.obj
 0001:00017fc8       ?Init@videoMenu_t@@UAE_NXZ 00418fc8 f i menu.obj
 0001:00018581       ?ScreenSizeCallback@videoMenu_t@@SAXPAX@Z 00419581 f i menu.obj
 0001:0001859f       ?BrightnessCallback@videoMenu_t@@SAXPAX@Z 0041959f f i menu.obj
 0001:000185bd       ?ContrastCallback@videoMenu_t@@SAXPAX@Z 004195bd f i menu.obj
 0001:000185f6       ?CancelChanges@videoMenu_t@@SAXPAX@Z 004195f6 f i menu.obj
 0001:00018617       ?KeyDown@videoMenu_t@@UAEPBDH@Z 00419617 f i menu.obj
 0001:0001865e       ?ApplyChanges@videoMenu_t@@SAXPAX@Z 0041965e f i menu.obj
 0001:00018815       ?KeyDown@quitMenu_t@@UAEPBDH@Z 00419815 f i menu.obj
 0001:0001884d       ?Draw@quitMenu_t@@UAEXXZ   0041984d f i menu.obj
 0001:000188bd       ?M_Init@@YAXXZ             004198bd f   menu.obj
 0001:00018a9f       ?ItemAtCursor@menuFramework_t@@QAEPAUmenuCommon_t@@XZ 00419a9f f   qmenu.obj
 0001:00018af3       ?AddItem@menuFramework_t@@QAEXPAUmenuCommon_t@@@Z 00419af3 f   qmenu.obj
 0001:00018baf       ?AdjustCursor@menuFramework_t@@QAEXH@Z 00419baf f   qmenu.obj
 0001:00018d1e       ?Center@menuFramework_t@@QAEXXZ 00419d1e f   qmenu.obj
 0001:00018d5f       ?Draw@menuFramework_t@@UAEXXZ 00419d5f f   qmenu.obj
 0001:00019324       ?SelectItem@menuFramework_t@@QAE_NXZ 0041a324 f   qmenu.obj
 0001:00019382       ?SetStatusBar@menuFramework_t@@QAEXPBD@Z 0041a382 f   qmenu.obj
 0001:0001938c       ?SlideItem@menuFramework_t@@QAEXH@Z 0041a38c f   qmenu.obj
 0001:00019909       ?Push@menuFramework_t@@QAEXXZ 0041a909 f   qmenu.obj
 0001:00019988       ?M_ForceMenuOff@@YAXXZ     0041a988 f   qmenu.obj
 0001:000199b5       ?Pop@menuFramework_t@@QAEXXZ 0041a9b5 f   qmenu.obj
 0001:000199ef       ?KeyDown@menuFramework_t@@UAEPBDH@Z 0041a9ef f   qmenu.obj
 0001:00019c63       ?Init@menuFramework_t@@UAE_NXZ 0041ac63 f   qmenu.obj
 0001:00019c66       ?M_Draw@@YAXXZ             0041ac66 f   qmenu.obj
 0001:00019ca1       ?M_Keydown@@YAXH@Z         0041aca1 f   qmenu.obj
 0001:00019cc0       ?InitRendererVars@@YAXXZ   0041acc0 f   ref_vars.obj
 0001:00019cdf       ?S_SoundInfo_f@@YAXXZ      0041acdf f   snd_dma.obj
 0001:00019d69       ?S_Init@@YAXXZ             0041ad69 f   snd_dma.obj
 0001:00019e3b       ?S_Shutdown@@YAXXZ         0041ae3b f   snd_dma.obj
 0001:00019ece       ?S_BeginRegistration@@YAXXZ 0041aece f   snd_dma.obj
 0001:00019edc       ?S_RegisterSound@@YAPAUsfx_t@@PBD@Z 0041aedc f   snd_dma.obj
 0001:0001a072       ?S_EndRegistration@@YAXXZ  0041b072 f   snd_dma.obj
 0001:0001a10a       ?S_PickChannel@@YAPAUchannel_t@@HH@Z 0041b10a f   snd_dma.obj
 0001:0001a197       ?S_Spatialize@@YAXPAUchannel_t@@@Z 0041b197 f   snd_dma.obj
 0001:0001a377       ?S_AllocPlaysound@@YAPAUplaysound_t@@XZ 0041b377 f   snd_dma.obj
 0001:0001a399       ?S_FreePlaysound@@YAXPAUplaysound_t@@@Z 0041b399 f   snd_dma.obj
 0001:0001a3c9       ?S_IssuePlaysound@@YAXPAUplaysound_t@@@Z 0041b3c9 f   snd_dma.obj
 0001:0001a496       ?S_StartSound@@YAXPBUCVec3@@HHPAUsfx_t@@MMM@Z 0041b496 f   snd_dma.obj
 0001:0001a845       ?S_StartLocalSound@@YAXPBD@Z 0041b845 f   snd_dma.obj
 0001:0001a894       ?S_ClearBuffer@@YAXXZ      0041b894 f   snd_dma.obj
 0001:0001a8fd       ?S_StopAllSounds_f@@YAXXZ  0041b8fd f   snd_dma.obj
 0001:0001a96d       ?S_AddLoopSounds@@YAXXZ    0041b96d f   snd_dma.obj
 0001:0001ab43       ?S_RawSamples@@YAXHHHHPAE@Z 0041bb43 f   snd_dma.obj
 0001:0001ad47       ?S_Update@@YAXABUCVec3@@0@Z 0041bd47 f   snd_dma.obj
 0001:0001ae1d       ?GetSoundtime@@YAXXZ       0041be1d f   snd_dma.obj
 0001:0001ae84       ?S_Update_@@YAXXZ          0041be84 f   snd_dma.obj
 0001:0001b137       ?ResampleSfx@@YAXPAUsfx_t@@HHPAE@Z 0041c137 f   snd_mem.obj
 0001:0001b252       ?S_LoadSound@@YAPAUsfxcache_t@@PAUsfx_t@@@Z 0041c252 f   snd_mem.obj
 0001:0001b38a       ?GetWavinfo@@YA?AUwavinfo_t@@PADPAEH@Z 0041c38a f   snd_mem.obj
 0001:0001b5cc       ?S_WriteLinearBlastStereo16@@YAXXZ 0041c5cc f   snd_mix.obj
 0001:0001b640       ?S_TransferStereo16@@YAXPAKH@Z 0041c640 f   snd_mix.obj
 0001:0001b6a9       ?S_TransferPaintBuffer@@YAXH@Z 0041c6a9 f   snd_mix.obj
 0001:0001b80d       ?S_PaintChannels@@YAXH@Z   0041c80d f   snd_mix.obj
 0001:0001ba89       ?S_InitScaletable@@YAXXZ   0041ca89 f   snd_mix.obj
 0001:0001bc4a       ?SV_ComputeAnimation@@YAXPAUplayer_state_t@@AAUentityStateEx_t@@PAU2@PAUedict_s@@@Z 0041cc4a f   sv_anim.obj
 0001:0001c047       ?SV_ReadLevelFile@@YAXXZ   0041d047 f   sv_ccmds.obj
 0001:0001c0f5       ?SV_AddressBanned@@YA_NPAUnetadr_t@@@Z 0041d0f5 f   sv_ccmds.obj
 0001:0001c136       ?SV_InitCommands@@YAXXZ    0041d136 f   sv_ccmds.obj
 0001:0001d5a2       ?SV_WriteFrameToClient@@YAXPAUclient_t@@PAVsizebuf_t@@@Z 0041e5a2 f   sv_ents.obj
 0001:0001dce8       ?SV_RecordDemoMessage@@YAXXZ 0041ece8 f   sv_ents.obj
 0001:0001e8ba       ?SV_InitGameLibrary@@YAX_N@Z 0041f8ba f   sv_game.obj
 0001:0001ea00       ?SV_ShutdownGameLibrary@@YAXXZ 0041fa00 f   sv_game.obj
 0001:0001eb5d       ?SV_FindIndex@@YAHPBDHH_N@Z 0041fb5d f   sv_init.obj
 0001:0001ec6a       ?SV_ModelIndex@@YAHPBD@Z   0041fc6a f   sv_init.obj
 0001:0001ec80       ?SV_SoundIndex@@YAHPBD@Z   0041fc80 f   sv_init.obj
 0001:0001ec99       ?SV_ImageIndex@@YAHPBD@Z   0041fc99 f   sv_init.obj
 0001:0001ecb2       ?SV_CreateBaseline@@YAXXZ  0041fcb2 f   sv_init.obj
 0001:0001ed2f       ?SV_SpawnServer@@YAXPAD0W4server_state_t@@_N2@Z 0041fd2f f   sv_init.obj
 0001:0001f057       ?SV_InitGame@@YAXXZ        00420057 f   sv_init.obj
 0001:0001f28d       ?SV_Map@@YAX_NPBD0@Z       0042028d f   sv_init.obj
 0001:0001f44f       ?SV_DropClient@@YAXPAUclient_t@@PAD@Z 0042044f f   sv_main.obj
 0001:0001fd5e       ?SV_ConnectionlessPacket@@YAXXZ 00420d5e f   sv_main.obj
 0001:0001fe29       ?SV_CalcPings@@YAXXZ       00420e29 f   sv_main.obj
 0001:0001feb0       ?SV_GiveMsec@@YAXXZ        00420eb0 f   sv_main.obj
 0001:0001feef       ?SV_ReadPackets@@YAXXZ     00420eef f   sv_main.obj
 0001:00020037       ?SV_CheckTimeouts@@YAXXZ   00421037 f   sv_main.obj
 0001:00020148       ?SV_PostprocessFrame@@YAXXZ 00421148 f   sv_main.obj
 0001:00020605       ?SV_MulticastHook@@YAPAVsizebuf_t@@PAV1@0@Z 00421605 f   sv_main.obj
 0001:000209f5       ?SV_TraceHook@@YA?AUtrace_t@@ABUCVec3@@PBU2@10PAUedict_s@@H@Z 004219f5 f   sv_main.obj
 0001:00020b93       ?SV_Frame@@YAXM@Z          00421b93 f   sv_main.obj
 0001:00020e46       ?SV_UserinfoChanged@@YAXPAUclient_t@@@Z 00421e46 f   sv_main.obj
 0001:00020f0a       ?SV_InitVars@@YAXXZ        00421f0a f   sv_main.obj
 0001:00020f19       ?SV_Init@@YAXXZ            00421f19 f   sv_main.obj
 0001:00020f72       ?SV_Shutdown@@YAXPBD_N@Z   00421f72 f   sv_main.obj
 0001:00021179       ?SV_BeginRedirect@@YAXXZ   00422179 f   sv_send.obj
 0001:00021223       ?SV_ClientPrintf@@YAXPAUclient_t@@HPBDZZ 00422223 f   sv_send.obj
 0001:0002127e       ?SV_BroadcastPrintf@@YAXHPBDZZ 0042227e f   sv_send.obj
 0001:00021354       ?SV_BroadcastCommand@@YAXPBDZZ 00422354 f   sv_send.obj
 0001:000213ac       ?SV_Multicast@@YAXABUCVec3@@W4multicast_t@@_N@Z 004223ac f   sv_send.obj
 0001:000215d2       ?SV_MulticastOld@@YAXABUCVec3@@W4multicast_t@@@Z 004225d2 f   sv_send.obj
 0001:000215e5       ?SV_MulticastNew@@YAXABUCVec3@@W4multicast_t@@@Z 004225e5 f   sv_send.obj
 0001:000215f8       ?SV_StartSound@@YAXPBUCVec3@@PAUedict_s@@HHMMM_N@Z 004225f8 f   sv_send.obj
 0001:000218c5       ?SV_StartSoundOld@@YAXPBUCVec3@@PAUedict_s@@HHMMM@Z 004228c5 f   sv_send.obj
 0001:000218f5       ?SV_StartSoundNew@@YAXPBUCVec3@@PAUedict_s@@HHMMM@Z 004228f5 f   sv_send.obj
 0001:00021925       ?SV_SendClientDatagram@@YA_NPAUclient_t@@@Z 00422925 f   sv_send.obj
 0001:000219e7       ?SV_DemoCompleted@@YAXXZ   004229e7 f   sv_send.obj
 0001:00021a03       ?SV_RateDrop@@YA_NPAUclient_t@@@Z 00422a03 f   sv_send.obj
 0001:00021a4d       ?SV_SendClientMessages@@YAXXZ 00422a4d f   sv_send.obj
 0001:00021bb4       ?SV_DrawText3D@@YAXABUCVec3@@PBDI@Z 00422bb4 f   sv_text.obj
 0001:00021beb       ?SV_ClearTexts@@YAXXZ      00422beb f   sv_text.obj
 0001:00021bf3       ?SV_DrawTexts@@YAXXZ       00422bf3 f   sv_text.obj
 0001:00021c44       ?SV_TokenizeString@@YAXPBD@Z 00422c44 f   sv_tokenize.obj
 0001:00021d1b       ?SV_Argc@@YAHXZ            00422d1b f   sv_tokenize.obj
 0001:00021d21       ?SV_Argv@@YAPADH@Z         00422d21 f   sv_tokenize.obj
 0001:00021d3b       ?SV_Args@@YAPADXZ          00422d3b f   sv_tokenize.obj
 0001:000225db       ?SV_Nextserver@@YAXXZ      004235db f   sv_user.obj
 0001:0002266a       ?SV_ClientThink@@YAXPAUclient_t@@PAUusercmd_t@@@Z 0042366a f   sv_user.obj
 0001:000226ad       ?SV_ExecuteClientMessage@@YAXPAUclient_t@@@Z 004236ad f   sv_user.obj
 0001:00022974       ?SV_ClearWorld@@YAXXZ      00423974 f   sv_world.obj
 0001:00022aaf       ?SV_UnlinkEdict@@YAXPAUedict_s@@@Z 00423aaf f   sv_world.obj
 0001:00022b72       ?SV_LinkEdict@@YAXPAUedict_s@@@Z 00423b72 f   sv_world.obj
 0001:0002315d       ?SV_AreaEdicts@@YAHABUCVec3@@0PAPAUedict_s@@HH@Z 0042415d f   sv_world.obj
 0001:0002330e       ?SV_PointContents@@YAHABUCVec3@@@Z 0042430e f   sv_world.obj
 0001:00023435       ?SV_Trace@@YAXAAUtrace_t@@ABUCVec3@@1ABUCBox@@PAUedict_s@@H@Z 00424435 f   sv_world.obj
 0001:000238b4       ?InitByteDirs@@YAXXZ       004248b4 f   anorms.obj
 0001:000238f3       ?Cbuf_AddText@@YAXPBD@Z    004248f3 f   cmd.obj
 0001:00023955       ?Cbuf_CopyToDefer@@YAXXZ   00424955 f   cmd.obj
 0001:0002399d       ?Cbuf_InsertFromDefer@@YAXXZ 0042499d f   cmd.obj
 0001:00023a56       ?Cbuf_Execute@@YAXXZ       00424a56 f   cmd.obj
 0001:00023b5c       ?Cmd_Unalias_f@@YAX_NHPAPAD@Z 00424b5c f   cmd.obj
 0001:00023bd2       ?Cmd_WriteAliases@@YAXPAU_iobuf@@@Z 00424bd2 f   cmd.obj
 0001:00023c03       ?RegisterCommand@@YA_NPBDP6AXXZH@Z 00424c03 f   cmd.obj
 0001:00023cd1       ?UnregisterCommand@@YA_NPBD@Z 00424cd1 f   cmd.obj
 0001:00023d62       ?Cmd_ExecuteString@@YA_NPBD@Z 00424d62 f   cmd.obj
 0001:000241b5       ?ExecuteCommand@@YA_NPBDPBUCSimpleCommand@@H@Z 004251b5 f   cmd.obj
 0001:000245df       ?CM_LoadMap@@YAPAUcmodel_t@@PBD_NPAI@Z 004255df f   cmodel.obj
 0001:00024d10       ?SetSignbits@cplane_t@@QAEXXZ 00425d10 f i cmodel.obj
 0001:00024d44       ?SetType@cplane_t@@QAEXXZ  00425d44 f i cmodel.obj
 0001:00024f00       ?CM_InlineModel@@YAPAUcmodel_t@@PBD@Z 00425f00 f   cmodel.obj
 0001:00024f41       ?CM_NumClusters@@YAHXZ     00425f41 f   cmodel.obj
 0001:00024f47       ?CM_NumInlineModels@@YAHXZ 00425f47 f   cmodel.obj
 0001:00024f4d       ?CM_EntityString@@YAPBDXZ  00425f4d f   cmodel.obj
 0001:00024f53       ?CM_LeafContents@@YAHH@Z   00425f53 f   cmodel.obj
 0001:00024f7a       ?CM_LeafCluster@@YAHH@Z    00425f7a f   cmodel.obj
 0001:00024ff0       ?CM_LeafArea@@YAHH@Z       00425ff0 f   cmodel.obj
 0001:000251b3       ?CM_HeadnodeForBox@@YAHABUCBox@@@Z 004261b3 f   cmodel.obj
 0001:00025268       ?CM_PointLeafnum@@YAHABUCVec3@@H@Z 00426268 f   cmodel.obj
 0001:0002530b       ?DistanceTo@cplane_t@@QAEMABUCVec3@@@Z 0042630b f i cmodel.obj
 0001:0002534f       ?CM_PointContents@@YAHABUCVec3@@H@Z 0042634f f   cmodel.obj
 0001:000253c4       ?CM_TransformedPointContents@@YAHABUCVec3@@H00@Z 004263c4 f   cmodel.obj
 0001:000254a5       ?CM_TransformedPointContents@@YAHABUCVec3@@H0ABUCAxis@@@Z 004264a5 f   cmodel.obj
 0001:00025550       ?CM_BoxLeafnums@@YAHABUCBox@@PAHH1H@Z 00426550 f   cmodel.obj
 0001:00025659       ?BOX_ON_PLANE_SIDE@@YAHABUCBox@@ABUcplane_t@@@Z 00426659 f i cmodel.obj
 0001:000256c3       ?CM_BoxTrace@@YAXAAUtrace_t@@ABUCVec3@@1ABUCBox@@HH@Z 004266c3 f   cmodel.obj
 0001:00026065       ?CM_TransformedBoxTrace@@YAXAAUtrace_t@@ABUCVec3@@1ABUCBox@@HH11@Z 00427065 f   cmodel.obj
 0001:000261e2       ?CM_TransformedBoxTrace@@YAXAAUtrace_t@@ABUCVec3@@1ABUCBox@@HH1ABUCAxis@@@Z 004271e2 f   cmodel.obj
 0001:0002629f       ?CM_BrushTrace@@YAHABUCVec3@@0PAHH@Z 0042729f f   cmodel.obj
 0001:000266b1       ?CM_RefineBrushTrace@@YAHABUCVec3@@0PAHH@Z 004276b1 f   cmodel.obj
 0001:00026757       ?CM_ClusterPVS@@YAPAEH@Z   00427757 f   cmodel.obj
 0001:0002689b       ?CM_ClusterPHS@@YAPAEH@Z   0042789b f   cmodel.obj
 0001:000269fe       ?CM_SetAreaPortalState@@YAXH_N@Z 004279fe f   cmodel.obj
 0001:00026a23       ?CM_AreasConnected@@YA_NHH@Z 00427a23 f   cmodel.obj
 0001:00026a67       ?CM_WriteAreaBits@@YAHPAEH@Z 00427a67 f   cmodel.obj
 0001:00026b09       ?CM_WritePortalState@@YAXPAU_iobuf@@@Z 00427b09 f   cmodel.obj
 0001:00026b23       ?CM_ReadPortalState@@YAXPAU_iobuf@@@Z 00427b23 f   cmodel.obj
 0001:00026b41       ?CM_HeadnodeVisible@@YA_NHPBE@Z 00427b41 f   cmodel.obj
 0001:00026c1c       ?Com_BeginRedirect@@YAXPADHP6AX0@Z@Z 00427c1c f   common.obj
 0001:00026c49       ?Com_EndRedirect@@YAXXZ    00427c49 f   common.obj
 0001:00026c68       ?Com_Printf@@YAXPBDZZ      00427c68 f   common.obj
 0001:00026e60       ?Com_DPrintf@@YAXPBDZZ     00427e60 f   common.obj
 0001:00026ed9       ?DebugPrintf@@YAXPBDZZ     00427ed9 f   common.obj
 0001:00026f83       ?Com_WPrintf@@YAXPBDZZ     00427f83 f   common.obj
 0001:00026fdd       ?Com_Quit@@YAXXZ           00427fdd f   common.obj
 0001:00026ffd       ?IPWildcard@@YA_NPAUnetadr_t@@PBD@Z 00427ffd f   common.obj
 0001:000270d7       ?Com_ServerState@@YA?AW4server_state_t@@XZ 004280d7 f   common.obj
 0001:000270dd       ?Com_SetServerState@@YAXW4server_state_t@@@Z 004280dd f   common.obj
 0001:000270e7       ?frand@@YAMXZ              004280e7 f   common.obj
 0001:000270ff       ?crand@@YAMXZ              004280ff f   common.obj
 0001:0002711d       ?Info_ValueForKey@@YAPBDPBD0@Z 0042811d f   common.obj
 0001:0002719c       ?Info_SetValueForKey@@YAXPADPBD1@Z 0042819c f   common.obj
 0001:000272ff       ?Info_Print@@YAXPBD@Z      004282ff f   common.obj
 0001:00027385       ?Com_CheckCmdlineVar@@YA_NPBD@Z 00428385 f   common.obj
 0001:000273db       ?Com_Init@@YAXPBD@Z        004283db f   common.obj
 0001:0002779a       ?Com_Frame@@YAXM@Z         0042879a f   common.obj
 0001:00027ac7       ?Com_Shutdown@@YAXXZ       00428ac7 f   common.obj
 0001:00027ae0       ?Com_BlockSequenceCRCByte@@YAEPAEHH@Z 00428ae0 f   crc.obj
 0001:00027b96       ?Cvar_VariableValue@@YAMPBD@Z 00428b96 f   cvar.obj
 0001:00027c04       ?Cvar_VariableInt@@YAHPBD@Z 00428c04 f   cvar.obj
 0001:00027c17       ?Cvar_VariableString@@YAPBDPBD@Z 00428c17 f   cvar.obj
 0001:00027c2f       ?Cvar_Get@@YAPAUcvar_t@@PBD0H@Z 00428c2f f   cvar.obj
 0001:00027f78       ?Cvar_GetVars@@YAXPBUcvarInfo_t@@H@Z 00428f78 f   cvar.obj
 0001:00028022       ?Cvar_FullSet@@YAXPAUcvar_t@@PBDI@Z 00429022 f   cvar.obj
 0001:00028054       ?Cvar_FullSet@@YAPAUcvar_t@@PBD0I@Z 00429054 f   cvar.obj
 0001:00028094       ?Cvar_SetValue@@YAPAUcvar_t@@PBDM@Z 00429094 f   cvar.obj
 0001:00028261       ?Cvar_SetInteger@@YAPAUcvar_t@@PBDH@Z 00429261 f   cvar.obj
 0001:00028283       ?Cvar_Set@@YAPAUcvar_t@@PBD0@Z 00429283 f   cvar.obj
 0001:00028298       ?Cvar_ForceSet@@YAPAUcvar_t@@PBD0@Z 00429298 f   cvar.obj
 0001:000282ad       ?Cvar_Clamp@@YAMPAUcvar_t@@MM@Z 004292ad f   cvar.obj
 0001:0002830b       ?Cvar_Command@@YA_NHPAPAD@Z 0042930b f   cvar.obj
 0001:000283a4       ?IsDefault@cvar_t@@QAE_NXZ 004293a4 f i cvar.obj
 0001:000283c1       ?Cvar_WriteVariables@@YAXPAU_iobuf@@HHPBD@Z 004293c1 f   cvar.obj
 0001:00028449       ?Cvar_Userinfo@@YAPBDXZ    00429449 f   cvar.obj
 0001:000284a4       ?Cvar_Serverinfo@@YAPBDXZ  004294a4 f   cvar.obj
 0001:000284ad       ?Cvar_Cheats@@YAX_N@Z      004294ad f   cvar.obj
 0001:00028d21       ?MSG_WriteDeltaEntity@@YAXPAVsizebuf_t@@PBUentityStateEx_t@@PAU2@_N33@Z 00429d21 f   entdelta.obj
 0001:000292dd       ?MSG_WriteRemoveEntity@@YAXPAVsizebuf_t@@H@Z 0042a2dd f   entdelta.obj
 0001:0002931d       ?MSG_ReadEntityBits@@YAHPAVsizebuf_t@@PAIPA_N@Z 0042a31d f   entdelta.obj
 0001:0002938e       ?MSG_ReadDeltaEntity@@YAXPAVsizebuf_t@@PBUentityStateEx_t@@PAU2@I@Z 0042a38e f   entdelta.obj
 0001:00029411       ?MSG_WriteDeltaUsercmd@@YAXPAVsizebuf_t@@PBUusercmd_t@@PAU2@@Z 0042a411 f   entdelta.obj
 0001:000294a0       ?MSG_ReadDeltaUsercmd@@YAXPAVsizebuf_t@@PBUusercmd_t@@PAU2@@Z 0042a4a0 f   entdelta.obj
 0001:000297a3       ?MSG_WriteDeltaPlayerstate@@YAXPAVsizebuf_t@@PBUplayer_state_t@@PAU2@@Z 0042a7a3 f   entdelta.obj
 0001:000298ac       ?MSG_ReadDeltaPlayerstate@@YAXPAVsizebuf_t@@PBUplayer_state_t@@PAU2@@Z 0042a8ac f   entdelta.obj
 0001:00029980       ?FS_CreatePath@@YAXPBD@Z   0042a980 f   files.obj
 0001:000299e6       ?FS_CopyFile@@YAXPBD0@Z    0042a9e6 f   files.obj
 0001:00029ae9       ?FS_CopyFiles@@YAXPBD0@Z   0042aae9 f   files.obj
 0001:00029bc2       ?FS_RemoveFiles@@YAXPBD@Z  0042abc2 f   files.obj
 0001:00029c36       ?FS_FCloseFile@@YAXPAVQFILE@@@Z 0042ac36 f   files.obj
 0001:00029cd4       ?FS_FOpenFile@@YAPAVQFILE@@PBDPAH@Z 0042acd4 f   files.obj
 0001:0002a1f7       ?FS_FileExists@@YA_NPBD@Z  0042b1f7 f   files.obj
 0001:0002a410       ?FS_Read@@YAXPAXHPAVQFILE@@@Z 0042b410 f   files.obj
 0001:0002a674       ?FS_LoadFile@@YAPAXPBDPAI@Z 0042b674 f   files.obj
 0001:0002a6ca       ?FS_FreeFile@@YAXPAX@Z     0042b6ca f   files.obj
 0001:0002a6d5       ?FS_Gamedir@@YAPBDXZ       0042b6d5 f   files.obj
 0001:0002a6e9       ?FS_LoadGameConfig@@YAXXZ  0042b6e9 f   files.obj
 0001:0002a7a9       ?FS_SetGamedir@@YA_NPBD@Z  0042b7a9 f   files.obj
 0001:0002ae7f       ?FS_ListFiles@@YA?AV?$TList@VCStringItem@@@@PBDH@Z 0042be7f f   files.obj
 0001:0002b22b       ?FS_NextPath@@YAPADPBD@Z   0042c22b f   files.obj
 0001:0002b24f       ?FS_InitFilesystem@@YAXXZ  0042c24f f   files.obj
 0001:0002bbee       ?LoadPCX@@YAXPBDAAPAE1AAH2@Z 0042cbee f   images.obj
 0001:0002bd25       ?LoadTGA@@YAXPBDAAPAEAAH2@Z 0042cd25 f   images.obj
 0001:0002befb       ?LoadJPG@@YAXPBDAAPAEAAH2@Z 0042cefb f   images.obj
 0001:0002c187       ?ImageExists@@YAHPBDH@Z    0042d187 f   images.obj
 0001:0002c2a9       ?WriteTGA@@YA_NPBDPAEHH@Z  0042d2a9 f   images.obj
 0001:0002c49d       ?WriteJPG@@YA_NPBDPAEHH_N@Z 0042d49d f   images.obj
 0001:0002c5ce       ?MD4Init@@YAXPAUMD4_CTX@@@Z 0042d5ce f   md4.obj
 0001:0002c5f6       ?MD4Update@@YAXPAUMD4_CTX@@PAEI@Z 0042d5f6 f   md4.obj
 0001:0002c694       ?MD4Final@@YAXQAEPAUMD4_CTX@@@Z 0042d694 f   md4.obj
 0001:0002cd85       ?Com_BlockChecksum@@YAIPAXH@Z 0042dd85 f   md4.obj
 0001:0002cdc1       ?LoadQ2BspFile@@YAXXZ      0042ddc1 f   model.obj
 0001:0002d177       ?LoadBspFile@@YAPAUbspfile_t@@PBD_NPAI@Z 0042e177 f   model.obj
 0001:0002d325       ?ProcessEntstring@@YAPADPAD@Z 0042e325 f   model.obj
 0001:0002e1cc       ?Init@sizebuf_t@@QAEXPAXH@Z 0042f1cc f   msg.obj
 0001:0002e1e7       ?Write@sizebuf_t@@QAEXPBXH@Z 0042f1e7 f   msg.obj
 0001:0002e257       ?MSG_WriteByte@@YAXPAVsizebuf_t@@H@Z 0042f257 f   msg.obj
 0001:0002e257       ?MSG_WriteChar@@YAXPAVsizebuf_t@@H@Z 0042f257 f   msg.obj
 0001:0002e268       ?MSG_WriteShort@@YAXPAVsizebuf_t@@H@Z 0042f268 f   msg.obj
 0001:0002e279       ?MSG_WriteFloat@@YAXPAVsizebuf_t@@M@Z 0042f279 f   msg.obj
 0001:0002e279       ?MSG_WriteLong@@YAXPAVsizebuf_t@@H@Z 0042f279 f   msg.obj
 0001:0002e28a       ?MSG_WriteString@@YAXPAVsizebuf_t@@PBD@Z 0042f28a f   msg.obj
 0001:0002e2b4       ?MSG_WritePos@@YAXPAVsizebuf_t@@ABUCVec3@@@Z 0042f2b4 f   msg.obj
 0001:0002e318       ?MSG_WriteAngle@@YAXPAVsizebuf_t@@M@Z 0042f318 f   msg.obj
 0001:0002e343       ?MSG_WriteAngle16@@YAXPAVsizebuf_t@@M@Z 0042f343 f   msg.obj
 0001:0002e36e       ?MSG_WriteDir@@YAXPAVsizebuf_t@@ABUCVec3@@@Z 0042f36e f   msg.obj
 0001:0002e3d6       ?MSG_ReadDir@@YAXPAVsizebuf_t@@AAUCVec3@@@Z 0042f3d6 f   msg.obj
 0001:0002e407       ?MSG_ReadChar@@YAHPAVsizebuf_t@@@Z 0042f407 f   msg.obj
 0001:0002e427       ?MSG_ReadByte@@YAHPAVsizebuf_t@@@Z 0042f427 f   msg.obj
 0001:0002e447       ?MSG_ReadShort@@YAHPAVsizebuf_t@@@Z 0042f447 f   msg.obj
 0001:0002e467       ?MSG_ReadLong@@YAHPAVsizebuf_t@@@Z 0042f467 f   msg.obj
 0001:0002e486       ?MSG_ReadString@@YAPADPAVsizebuf_t@@@Z 0042f486 f   msg.obj
 0001:0002e4b9       ?MSG_ReadPos@@YAXPAVsizebuf_t@@AAUCVec3@@@Z 0042f4b9 f   msg.obj
 0001:0002e50b       ?MSG_ReadAngle@@YAMPAVsizebuf_t@@@Z 0042f50b f   msg.obj
 0001:0002e525       ?MSG_ReadAngle16@@YAMPAVsizebuf_t@@@Z 0042f525 f   msg.obj
 0001:0002e53f       ?MSG_ReadData@@YAXPAVsizebuf_t@@PAXH@Z 0042f53f f   msg.obj
 0001:0002e562       ?Netchan_Init@@YAXXZ       0042f562 f   net_chan.obj
 0001:0002e5d6       ?Netchan_OutOfBandPrint@@YAXW4netsrc_t@@Unetadr_t@@PBDZZ 0042f5d6 f   net_chan.obj
 0001:0002e65d       ?Setup@netchan_t@@QAEXW4netsrc_t@@Unetadr_t@@H@Z 0042f65d f   net_chan.obj
 0001:0002e6b5       ?NeedReliable@netchan_t@@QAE_NXZ 0042f6b5 f   net_chan.obj
 0001:0002e6da       ?Transmit@netchan_t@@QAEXPAXH@Z 0042f6da f   net_chan.obj
 0001:0002e877       ?Process@netchan_t@@QAE_NPAVsizebuf_t@@@Z 0042f877 f   net_chan.obj
 0001:0002e9a5       ?Pmove@@YAXPAUpmove_t@@@Z  0042f9a5 f   pmove.obj
 0001:0003068e       ?NormalizeColor@@YAMABUCVec3@@AAU1@@Z 0043168e f   q_shared2.obj
 0001:000306ea       ?NormalizeColor255@@YAMABUCVec3@@AAU1@@Z 004316ea f   q_shared2.obj
 0001:0003074a       ?appRsqrt@@YAMM@Z          0043174a f   q_shared2.obj
 0001:00030776       ?AngleVectors@@YAXABUCVec3@@PAU1@11@Z 00431776 f   q_shared2.obj
 0001:000308d7       ?MakeNormalVectors@@YAXABUCVec3@@AAU1@1@Z 004318d7 f   q_shared2.obj
 0001:00030946       ?Vec2Angles@@YAXABUCVec3@@AAU1@@Z 00431946 f   q_shared2.obj
 0001:00030a49       ?Vec2Yaw@@YAMABUCVec3@@@Z  00431a49 f   q_shared2.obj
 0001:00030abc       ?VectorLength@@YAMABUCVec3@@@Z 00431abc f   q_shared2.obj
 0001:00030aeb       ?VectorDistance@@YAMABUCVec3@@0@Z 00431aeb f   q_shared2.obj
 0001:00030b1c       ?LerpAngle@@YAMMMM@Z       00431b1c f   q_shared2.obj
 0001:00030b5f       ?AngleMod@@YAMM@Z          00431b5f f   q_shared2.obj
 0001:00030b8b       ?AngleSubtract@@YAMMM@Z    00431b8b f   q_shared2.obj
 0001:00030bc2       ?AnglesSubtract@@YAXABUCVec3@@0AAU1@@Z 00431bc2 f   q_shared2.obj
 0001:00030c1a       ?Normalize@CVec3@@QAEMXZ   00431c1a f   q_shared2.obj
 0001:00030c6c       ?VectorNormalize@@YAMABUCVec3@@AAU1@@Z 00431c6c f   q_shared2.obj
 0001:00030cc4       ?NormalizeFast@CVec3@@QAEMXZ 00431cc4 f   q_shared2.obj
 0001:00030d15       ?cross@@YAXABUCVec3@@0AAU1@@Z 00431d15 f   q_shared2.obj
 0001:00030d50       ?Clear@CBox@@QAEXXZ        00431d50 f   q_shared2.obj
 0001:00030d6e       ?Expand@CBox@@QAEXABUCVec3@@@Z 00431d6e f   q_shared2.obj
 0001:00030d9d       ?Expand@CBox@@QAEXABU1@@Z  00431d9d f   q_shared2.obj
 0001:00030dd9       ?GetCenter@CBox@@QAEXAAUCVec3@@@Z 00431dd9 f   q_shared2.obj
 0001:00030df9       ?OnPlaneSide@CBox@@QBEHABUcplane_t@@@Z 00431df9 f   q_shared2.obj
 0001:00030f28       ?FromAngles@CAxis@@QAEXABUCVec3@@@Z 00431f28 f   q_shared2.obj
 0001:00030f67       ?TransformVector@CAxis@@QBEXABUCVec3@@AAU2@@Z 00431f67 f   q_shared2.obj
 0001:00030fb8       ?UnTransformVector@CAxis@@QBEXABUCVec3@@AAU2@@Z 00431fb8 f   q_shared2.obj
 0001:0003101c       ?TransformAxis@CAxis@@QBEXABU1@AAU1@@Z 0043201c f   q_shared2.obj
 0001:00031062       ?UnTransformAxis@CAxis@@QBEXABU1@AAU1@@Z 00432062 f   q_shared2.obj
 0001:000310a8       ?TransformPoint@CCoords@@QBEXABUCVec3@@AAU2@@Z 004320a8 f   q_shared2.obj
 0001:00031106       ?UnTransformPoint@CCoords@@QBEXABUCVec3@@AAU2@@Z 00432106 f   q_shared2.obj
 0001:00031173       ?UnTransformCoords@CCoords@@QBEXABU1@AAU1@@Z 00432173 f   q_shared2.obj
 0001:0003119d       ?TransformPlane@CCoords@@QBEXABUcplane_t@@AAU2@@Z 0043219d f   q_shared2.obj
 0001:000311d5       ?TransformPoint@@YAXABUCVec3@@ABUCAxis@@0AAU1@@Z 004321d5 f   q_shared2.obj
 0001:00031238       ?UnTransformPoint@@YAXABUCVec3@@ABUCAxis@@0AAU1@@Z 00432238 f   q_shared2.obj
 0001:000312a8       ?ShortSwap@@YAFF@Z         004322a8 f   q_shared2.obj
 0001:000312bd       ?COM_Parse@@YAPADAAPBD_N@Z 004322bd f   q_shared2.obj
 0001:000313e1       ?COM_QuoteString@@YAPBDPBD_N@Z 004323e1 f   q_shared2.obj
 0001:0003143c       ?Com_PageInMemory@@YAXPAXH@Z 0043243c f   q_shared2.obj
 0001:0003145b       ?Zip_OpenArchive@@YAPAU_iobuf@@PBD@Z 0043245b f   zip.obj
 0001:000314c6       ?Zip_CloseArchive@@YAXPAU_iobuf@@@Z 004324c6 f   zip.obj
 0001:000314d2       ?Zip_EnumArchive@@YA_NPAU_iobuf@@P6A_NPAUzipFile_t@@@Z@Z 004324d2 f   zip.obj
 0001:000316af       ?Zip_OpenFile@@YAPAUZFILE@@PAU_iobuf@@PAUzipFile_t@@@Z 004326af f   zip.obj
 0001:00031793       ?Zip_ReadFile@@YAHPAUZFILE@@PAXH@Z 00432793 f   zip.obj
 0001:00031889       ?Zip_CloseFile@@YA_NPAUZFILE@@@Z 00432889 f   zip.obj
 0001:000318cd       ?Zip_OpenBuf@@YAPAUZBUF@@PAXH@Z 004328cd f   zip.obj
 0001:0003190b       ?Zip_ReadBuf@@YAHPAUZBUF@@PAXH@Z 0043290b f   zip.obj
 0001:00031953       ?Zip_CloseBuf@@YAXPAUZBUF@@@Z 00432953 f   zip.obj
 0001:00031968       _zcalloc                   00432968 f   zip.obj
 0001:0003197c       _zcfree                    0043297c f   zip.obj
 0001:00031987       ?CDAudio_Play2@@YAXH_N@Z   00432987 f   cd_win.obj
 0001:00031b66       ?CDAudio_Play@@YAXH_N@Z    00432b66 f   cd_win.obj
 0001:00031b7d       ?CDAudio_Stop@@YAXXZ       00432b7d f   cd_win.obj
 0001:00031bc2       ?CDAudio_Pause@@YAXXZ      00432bc2 f   cd_win.obj
 0001:00031c1b       ?CDAudio_Resume@@YAXXZ     00432c1b f   cd_win.obj
 0001:00031c8a       ?CDAudio_Update@@YAXXZ     00432c8a f   cd_win.obj
 0001:00031cbe       ?CDAudio_Init@@YAHXZ       00432cbe f   cd_win.obj
 0001:00032120       ?CDAudio_Shutdown@@YAXXZ   00433120 f   cd_win.obj
 0001:00032153       ?CDAudio_Activate@@YAX_N@Z 00433153 f   cd_win.obj
 0001:00032164       ?IN_Commands@@YAXXZ        00433164 f   in_win.obj
 0001:0003228c       ?IN_Init@@YAXXZ            0043328c f   in_win.obj
 0001:000326cb       ?IN_Shutdown@@YAXXZ        004336cb f   in_win.obj
 0001:0003291a       ?IN_Move@@YAXPAUusercmd_t@@@Z 0043391a f   in_win.obj
 0001:00032ef7       ?IN_Activate@@YAX_N@Z      00433ef7 f   in_win.obj
 0001:00032f01       ?IN_Frame@@YAXXZ           00433f01 f   in_win.obj
 0001:00033269       ?NetadrToSockadr@@YAXPAUnetadr_t@@PAUsockaddr@@@Z 00434269 f   net_wins.obj
 0001:000332ee       ?SockadrToNetadr@@YAXPAUsockaddr@@PAUnetadr_t@@@Z 004342ee f   net_wins.obj
 0001:0003333e       ?NET_CompareAdr@@YA_NPAUnetadr_t@@0@Z 0043433e f   net_wins.obj
 0001:00033394       ?NET_CompareBaseAdr@@YA_NPAUnetadr_t@@0@Z 00434394 f   net_wins.obj
 0001:000333df       ?NET_AdrToString@@YAPADPAUnetadr_t@@@Z 004343df f   net_wins.obj
 0001:00033498       ?NET_StringToAdr@@YA_NPBDPAUnetadr_t@@@Z 00434498 f   net_wins.obj
 0001:00033722       ?NET_IsLocalAddress@@YA_NPAUnetadr_t@@@Z 00434722 f   net_wins.obj
 0001:0003372e       ?NET_GetLoopPacket@@YA_NW4netsrc_t@@PAUnetadr_t@@PAVsizebuf_t@@@Z 0043472e f   net_wins.obj
 0001:000337b9       ?NET_SendLoopPacket@@YAXW4netsrc_t@@HPAXUnetadr_t@@@Z 004347b9 f   net_wins.obj
 0001:0003380e       ?NET_GetPacket@@YA_NW4netsrc_t@@PAUnetadr_t@@PAVsizebuf_t@@@Z 0043480e f   net_wins.obj
 0001:0003392b       ?NET_SendPacket@@YAXW4netsrc_t@@HPAXUnetadr_t@@@Z 0043492b f   net_wins.obj
 0001:000339fc       ?NET_Config@@YAX_N@Z       004349fc f   net_wins.obj
 0001:00033d71       ?NET_Init@@YAXXZ           00434d71 f   net_wins.obj
 0001:00033e2b       ?Sys_Mkdir@@YAXPAD@Z       00434e2b f   fs_win.obj
 0001:00033e37       ?Sys_FindFirst@@YAPBDPBDH@Z 00434e37 f   fs_win.obj
 0001:00033ef1       ?Sys_FindNext@@YAPBDXZ     00434ef1 f   fs_win.obj
 0001:00033f5b       ?Sys_FindClose@@YAXXZ      00434f5b f   fs_win.obj
 0001:00033f75       ?Sys_FileExists@@YA_NPBDH@Z 00434f75 f   fs_win.obj
 0001:00033f93       ?SNDDMA_Init@@YA_NXZ       00434f93 f   snd_win.obj
 0001:000345d2       ?SNDDMA_GetDMAPos@@YAHXZ   004355d2 f   snd_win.obj
 0001:0003461c       ?SNDDMA_BeginPainting@@YAXXZ 0043561c f   snd_win.obj
 0001:00034734       ?SNDDMA_Submit@@YAXXZ      00435734 f   snd_win.obj
 0001:00034759       ?SNDDMA_Shutdown@@YAXXZ    00435759 f   snd_win.obj
 0001:0003475e       ?S_Activate@@YAX_N@Z       0043575e f   snd_win.obj
 0001:00034789       ?Sys_Quit@@YAXXZ           00435789 f   sys_win.obj
 0001:00034841       ?Sys_ConsoleInput@@YAPADXZ 00435841 f   sys_win.obj
 0001:00034afc       ?Sys_ConsoleOutput@@YAXPBD@Z 00435afc f   sys_win.obj
 0001:00034bc3       ?Sys_SendKeyEvents@@YAXXZ  00435bc3 f   sys_win.obj
 0001:00034c7b       ?Sys_UnloadGame@@YAXXZ     00435c7b f   sys_win.obj
 0001:00034cf6       ?Sys_GetGameAPI@@YAPAXPAX@Z 00435cf6 f   sys_win.obj
 0001:00034e4d       _WinMain@16                00435e4d f   sys_win.obj
 0001:000350d3       ?AddMsgHook@@YAXP6A_NIIJ@Z@Z 004360d3 f   vid_dll.obj
 0001:00035117       ?RemoveMsgHook@@YAXP6A_NIIJ@Z@Z 00436117 f   vid_dll.obj
 0001:00035146       ?Vid_CreateWindow@@YAPAXHH_N@Z 00436146 f   vid_dll.obj
 0001:00035848       ?Vid_DestroyWindow@@YAX_N@Z 00436848 f   vid_dll.obj
 0001:00035883       ?Vid_Restart@@YAXXZ        00436883 f   vid_dll.obj
 0001:0003588f       ?Vid_GetModeInfo@@YA_NPAH0H@Z 0043688f f   vid_dll.obj
 0001:000358bf       ?Vid_Tick@@YAXXZ           004368bf f   vid_dll.obj
 0001:00035a6f       ?Vid_Init@@YAXXZ           00436a6f f   vid_dll.obj
 0001:00035b35       ?Vid_Shutdown@@YAXXZ       00436b35 f   vid_dll.obj
 0001:00035b54       ?Tesselate@surfacePlanar_t@OpenGLDrv@@UAEXAAUrefEntity_t@2@@Z 00436b54 f   gl_backend.obj
 0001:00036530       ?Negate@CVec3@@QAEXXZ      00437530 f i gl_backend.obj
 0001:00037e5f       ?Tesselate@surfacePoly_t@OpenGLDrv@@UAEXAAUrefEntity_t@2@@Z 00438e5f f   gl_backend.obj
 0001:00037f66       ?Tesselate@surfaceMd3_t@OpenGLDrv@@UAEXAAUrefEntity_t@2@@Z 00438f66 f   gl_backend.obj
 0001:00038350       ?DrawTriangles@OpenGLDrv@@YA_NXZ 00439350 f   gl_backend.obj
 0001:00038465       ?DrawNormals@OpenGLDrv@@YA_NXZ 00439465 f   gl_backend.obj
 0001:0003856f       ?Tesselate@surfaceEntity_t@OpenGLDrv@@UAEXAAUrefEntity_t@2@@Z 0043956f f   gl_backend.obj
 0001:00038653       ?Tesselate@surfaceParticle_t@OpenGLDrv@@UAEXAAUrefEntity_t@2@@Z 00439653 f   gl_backend.obj
 0001:000388a3       ?BK_DrawScene@OpenGLDrv@@YAXXZ 004398a3 f   gl_backend.obj
 0001:00038eca       ?BK_DrawPic@OpenGLDrv@@YAXPAVshader_t@1@HHHHMMMMIE@Z 00439eca f   gl_backend.obj
 0001:000390ab       ?BK_DrawText@OpenGLDrv@@YAXPBDHHHHHI@Z 0043a0ab f   gl_backend.obj
 0001:000392a0       ?BK_BeginFrame@OpenGLDrv@@YAXXZ 0043a2a0 f   gl_backend.obj
 0001:00039304       ?BK_EndFrame@OpenGLDrv@@YAXXZ 0043a304 f   gl_backend.obj
 0001:00039343       ?BK_Init@OpenGLDrv@@YAXXZ  0043a343 f   gl_backend.obj
 0001:00039372       ?BK_Shutdown@OpenGLDrv@@YAXXZ 0043a372 f   gl_backend.obj
 0001:0003938a       ?AllocDynamicMemory@OpenGLDrv@@YAPAXH@Z 0043a38a f   gl_buffers.obj
 0001:000393f5       ?ResizeDynamicMemory@OpenGLDrv@@YAXPAXH@Z 0043a3f5 f   gl_buffers.obj
 0001:00039437       ?AddSurfaceToPortal@OpenGLDrv@@YAXPAVsurfaceBase_t@1@PAVshader_t@1@HH@Z 0043a437 f   gl_buffers.obj
 0001:000394a8       ?InsertShaderIndex@OpenGLDrv@@YAXH@Z 0043a4a8 f   gl_buffers.obj
 0001:000394e1       ?ClearPortal@OpenGLDrv@@YAXXZ 0043a4e1 f   gl_buffers.obj
 0001:000394ff       ?SortSurfaces@OpenGLDrv@@YAXPAUviewPortal_t@1@PAPAUsurfaceInfo_t@1@@Z 0043a4ff f   gl_buffers.obj
 0001:00039691       ?ClearBuffers@OpenGLDrv@@YAXXZ 0043a691 f   gl_buffers.obj
 0001:000396a8       ?CreateBuffers@OpenGLDrv@@YAXXZ 0043a6a8 f   gl_buffers.obj
 0001:000396ce       ?FreeBuffers@OpenGLDrv@@YAXXZ 0043a6ce f   gl_buffers.obj
 0001:000396f2       ?InitEntity@model_t@OpenGLDrv@@UAEXPAUentity_t@@PAUrefEntity_t@2@@Z 0043a6f2 f   gl_frontend.obj
 0001:000396f5       ?AddSurfaces@model_t@OpenGLDrv@@UAEXPAUrefEntity_t@2@@Z 0043a6f5 f   gl_frontend.obj
 0001:00039723       ?GetLeaf@model_t@OpenGLDrv@@UAEPAUnode_t@2@PAUrefEntity_t@2@@Z 0043a723 f   gl_frontend.obj
 0001:00039734       ?DrawLabel@model_t@OpenGLDrv@@UAEXPAUrefEntity_t@2@@Z 0043a734 f   gl_frontend.obj
 0001:00039737       ?InitEntity@inlineModel_t@OpenGLDrv@@UAEXPAUentity_t@@PAUrefEntity_t@2@@Z 0043a737 f   gl_frontend.obj
 0001:00039787       ?AddSurfaces@inlineModel_t@OpenGLDrv@@UAEXPAUrefEntity_t@2@@Z 0043a787 f   gl_frontend.obj
 0001:00039c65       ?GetLeaf@inlineModel_t@OpenGLDrv@@UAEPAUnode_t@2@PAUrefEntity_t@2@@Z 0043ac65 f   gl_frontend.obj
 0001:00039e0a       ?DrawLabel@inlineModel_t@OpenGLDrv@@UAEXPAUrefEntity_t@2@@Z 0043ae0a f   gl_frontend.obj
 0001:00039e50       ?InitEntity@md3Model_t@OpenGLDrv@@UAEXPAUentity_t@@PAUrefEntity_t@2@@Z 0043ae50 f   gl_frontend.obj
 0001:0003a01f       ?AddSurfaces@md3Model_t@OpenGLDrv@@UAEXPAUrefEntity_t@2@@Z 0043b01f f   gl_frontend.obj
 0001:0003a159       ?GetLeaf@md3Model_t@OpenGLDrv@@UAEPAUnode_t@2@PAUrefEntity_t@2@@Z 0043b159 f   gl_frontend.obj
 0001:0003a191       ?DrawLabel@md3Model_t@OpenGLDrv@@UAEXPAUrefEntity_t@2@@Z 0043b191 f   gl_frontend.obj
 0001:0003a1f7       ?InitEntity@sprModel_t@OpenGLDrv@@UAEXPAUentity_t@@PAUrefEntity_t@2@@Z 0043b1f7 f   gl_frontend.obj
 0001:0003a215       ?AddSurfaces@sprModel_t@OpenGLDrv@@UAEXPAUrefEntity_t@2@@Z 0043b215 f   gl_frontend.obj
 0001:0003a398       ?GetLeaf@sprModel_t@OpenGLDrv@@UAEPAUnode_t@2@PAUrefEntity_t@2@@Z 0043b398 f   gl_frontend.obj
 0001:0003a479       ?AddEntity@OpenGLDrv@@YAXPAUentity_t@@@Z 0043b479 f   gl_frontend.obj
 0001:0003a605       ?AddDlight@OpenGLDrv@@YAXPAUdlight_t@@@Z 0043b605 f   gl_frontend.obj
 0001:0003a7bd       ?DrawPortal@OpenGLDrv@@YAXXZ 0043b7bd f   gl_frontend.obj
 0001:0003c761       ?GL_TextureMode@OpenGLDrv@@YAXPBD@Z 0043d761 f   gl_image.obj
 0001:0003c809       ?CreateImage@OpenGLDrv@@YAPAVimage_t@1@PBDPAXHHI@Z 0043d809 f   gl_image.obj
 0001:0003d4fa       ?LoadDelayedImages@OpenGLDrv@@YAXXZ 0043e4fa f   gl_image.obj
 0001:0003d58d       ?DrawStretchRaw8@OpenGLDrv@@YAXHHHHHHPAEPAI@Z 0043e58d f   gl_image.obj
 0001:0003d95c       ?SetupGamma@OpenGLDrv@@YAXXZ 0043e95c f   gl_image.obj
 0001:0003daa2       ?PerformScreenshot@OpenGLDrv@@YAXXZ 0043eaa2 f   gl_image.obj
 0001:0003dd2f       ?InitImages@OpenGLDrv@@YAXXZ 0043ed2f f   gl_image.obj
 0001:0003e4e4       ?ShutdownImages@OpenGLDrv@@YAXXZ 0043f4e4 f   gl_image.obj
 0001:0003e54b       ?ShowImages@OpenGLDrv@@YAXXZ 0043f54b f   gl_image.obj
 0001:0003e7d3       ?FindImage@OpenGLDrv@@YAPAVimage_t@1@PBDI@Z 0043f7d3 f   gl_image.obj
 0001:0003eb44       ?GL_Lock@OpenGLDrv@@YAXXZ  0043fb44 f   gl_interface.obj
 0001:0003ebbc       ?GL_Unlock@OpenGLDrv@@YAXXZ 0043fbbc f   gl_interface.obj
 0001:0003ed7e       ?GL_Bind@OpenGLDrv@@YAXPBVimage_t@1@@Z 0043fd7e f   gl_interface.obj
 0001:0003eea8       ?GL_BindForce@OpenGLDrv@@YAXPBVimage_t@1@@Z 0043fea8 f   gl_interface.obj
 0001:0003ef26       ?GL_TexEnv@OpenGLDrv@@YAXI@Z 0043ff26 f   gl_interface.obj
 0001:0003f0a5       ?GL_TexMipBias@OpenGLDrv@@YAXM@Z 004400a5 f   gl_interface.obj
 0001:0003f100       ?GL_TexEnvColor@OpenGLDrv@@YAXPBTcolor_t@@@Z 00440100 f   gl_interface.obj
 0001:0003f1b0       ?GL_SelectTexture@OpenGLDrv@@YAXH@Z 004401b0 f   gl_interface.obj
 0001:0003f211       ?GL_TexCoordPointer@OpenGLDrv@@YAXPAX@Z 00440211 f   gl_interface.obj
 0001:0003f241       ?GL_SetMultitexture@OpenGLDrv@@YAXH@Z 00440241 f   gl_interface.obj
 0001:0003f327       ?GL_DisableTexCoordArrays@OpenGLDrv@@YAXXZ 00440327 f   gl_interface.obj
 0001:0003f37b       ?GL_CullFace@OpenGLDrv@@YAXW4gl_cullMode_t@1@@Z 0044037b f   gl_interface.obj
 0001:0003f3cc       ?GL_DepthRange@OpenGLDrv@@YAXW4gl_depthMode_t@1@@Z 004403cc f   gl_interface.obj
 0001:0003f3ff       ?GL_State@OpenGLDrv@@YAXI@Z 004403ff f   gl_interface.obj
 0001:0003f54f       ?GL_EnableFog@OpenGLDrv@@YAX_N@Z 0044054f f   gl_interface.obj
 0001:0003f647       ?GL_SetDefaultState@OpenGLDrv@@YAXXZ 00440647 f   gl_interface.obj
 0001:0003f7a3       ?GL_Set2DMode@OpenGLDrv@@YAXXZ 004407a3 f   gl_interface.obj
 0001:0003f89e       ?GL_Set3DMode@OpenGLDrv@@YAXPAUviewPortal_t@1@@Z 0044089e f   gl_interface.obj
 0001:0003f986       ?ShowLights@OpenGLDrv@@YAXXZ 00440986 f   gl_light.obj
 0001:0003fd6f       ?LightForEntity@OpenGLDrv@@YAXPAUrefEntity_t@1@@Z 00440d6f f   gl_light.obj
 0001:00040fe3       ?DiffuseLight@OpenGLDrv@@YAXPATcolor_t@@M@Z 00441fe3 f   gl_light.obj
 0001:0004121f       ?InitLightGrid@OpenGLDrv@@YAXXZ 0044221f f   gl_light.obj
 0001:000412c5       ?PostLoadLights@OpenGLDrv@@YAXXZ 004422c5 f   gl_light.obj
 0001:00041555       ?LM_Init@OpenGLDrv@@YAXXZ  00442555 f   gl_lightmap.obj
 0001:0004156b       ?LM_Flush@OpenGLDrv@@YAXPAUlightmapBlock_t@1@@Z 0044256b f   gl_lightmap.obj
 0001:000415c8       ?LM_Done@OpenGLDrv@@YAXXZ  004425c8 f   gl_lightmap.obj
 0001:000415ef       ?LM_Save@OpenGLDrv@@YAXPAUlightmapBlock_t@1@@Z 004425ef f   gl_lightmap.obj
 0001:00041607       ?LM_Restore@OpenGLDrv@@YAXPAUlightmapBlock_t@1@@Z 00442607 f   gl_lightmap.obj
 0001:0004161f       ?LM_NewBlock@OpenGLDrv@@YAPAUlightmapBlock_t@1@XZ 0044261f f   gl_lightmap.obj
 0001:0004167e       ?LM_Rewind@OpenGLDrv@@YAXXZ 0044267e f   gl_lightmap.obj
 0001:00041686       ?LM_NextBlock@OpenGLDrv@@YAPAUlightmapBlock_t@1@XZ 00442686 f   gl_lightmap.obj
 0001:000416b3       ?LM_CheckMinlight@OpenGLDrv@@YAXPAUdynamicLightmap_t@1@@Z 004426b3 f   gl_lightmap.obj
 0001:00041749       ?LM_AllocBlock@OpenGLDrv@@YA_NPAUlightmapBlock_t@1@PAUdynamicLightmap_t@1@@Z 00442749 f   gl_lightmap.obj
 0001:00041800       ?LM_PutBlock@OpenGLDrv@@YAXPAUdynamicLightmap_t@1@@Z 00442800 f   gl_lightmap.obj
 0001:00041c2d       ?LM_SortLightStyles@OpenGLDrv@@YAXPAUdynamicLightmap_t@1@@Z 00442c2d f   gl_lightmap.obj
 0001:00041cbe       ?UpdateDynamicLightmap@OpenGLDrv@@YAXPAVsurfacePlanar_t@1@_NI@Z 00442cbe f   gl_lightmap.obj
 0001:000421c0       ?LM_IsMonotone@OpenGLDrv@@YA_NPAUdynamicLightmap_t@1@PATcolor_t@@@Z 004431c0 f   gl_lightmap.obj
 0001:000422c7       ?Init@OpenGLDrv@@YA_NXZ    004432c7 f   gl_main.obj
 0001:000428f0       ?Shutdown@OpenGLDrv@@YAX_N@Z 004438f0 f   gl_main.obj
 0001:00042979       ?GL_EnableRendering@OpenGLDrv@@YAX_N@Z 00443979 f   gl_main.obj
 0001:00042994       ?BeginFrame@OpenGLDrv@@YAXN@Z 00443994 f   gl_main.obj
 0001:00042abe       ?EndFrame@OpenGLDrv@@YAXXZ 00443abe f   gl_main.obj
 0001:00042ad6       ?RenderFrame@OpenGLDrv@@YAXPAUrefdef_t@@@Z 00443ad6 f   gl_main.obj
 0001:00043307       ?Fill8@OpenGLDrv@@YAXHHHHH@Z 00444307 f   gl_main.obj
 0001:0004334a       ?Fill@OpenGLDrv@@YAXHHHHI@Z 0044434a f   gl_main.obj
 0001:00043386       ?TileClear@OpenGLDrv@@YAXHHHHPBD@Z 00444386 f   gl_main.obj
 0001:00043427       ?DrawStretchPic@OpenGLDrv@@YAXHHHHPBD@Z 00444427 f   gl_main.obj
 0001:00043487       ?DrawDetailedPic@OpenGLDrv@@YAXHHHHPBD@Z 00444487 f   gl_main.obj
 0001:0004352e       ?DrawPic@OpenGLDrv@@YAXHHPBDHH@Z 0044452e f   gl_main.obj
 0001:000435b3       ?BeginRegistration@OpenGLDrv@@YAXPBD@Z 004445b3 f   gl_main.obj
 0001:000435d7       ?RegisterPic@OpenGLDrv@@YAPAVCBasicImage@@PBD@Z 004445d7 f   gl_main.obj
 0001:000435e5       ?RegisterSkin@OpenGLDrv@@YAPAVCBasicImage@@PBD_N@Z 004445e5 f   gl_main.obj
 0001:00043603       ?RegisterModel@OpenGLDrv@@YAPAVCRenderModel@@PBD@Z 00444603 f   gl_main.obj
 0001:0004360e       ?SetSky@OpenGLDrv@@YAXPBDMABUCVec3@@@Z 0044460e f   gl_main.obj
 0001:000436b4       ?Screenshot@OpenGLDrv@@YAXHPBD@Z 004446b4 f   gl_main.obj
 0001:000436d7       ?GetClientLight@OpenGLDrv@@YAMXZ 004446d7 f   gl_main.obj
 0001:000436de       ?InitFuncTables@OpenGLDrv@@YAXXZ 004446de f   gl_math.obj
 0001:00043884       ?BuildRotationAxis@OpenGLDrv@@YAXAAUCAxis@@ABUCVec3@@M@Z 00444884 f   gl_math.obj
 0001:0004397b       ?GetBoxRect@OpenGLDrv@@YA_NPBUrefEntity_t@1@ABUCVec3@@QAM2_N@Z 0044497b f   gl_math.obj
 0001:00043c85       ?ProjectToScreen@OpenGLDrv@@YA_NABUCVec3@@QAH@Z 00444c85 f   gl_math.obj
 0001:00043dc8       ?SaturateColor3f@OpenGLDrv@@YAXAAUCVec3@@@Z 00444dc8 f   gl_math.obj
 0001:00043eb8       ?SaturateColor4b@OpenGLDrv@@YAXPATcolor_t@@@Z 00444eb8 f   gl_math.obj
 0001:00043fc6       ?SubdividePlane@OpenGLDrv@@YAHPAPAUCVec3@@HM@Z 00444fc6 f   gl_poly.obj
 0001:00044447       ?FreeSubdividedPlane@OpenGLDrv@@YAXXZ 00445447 f   gl_poly.obj
 0001:0004445f       ?GetSubdivideIndexes@OpenGLDrv@@YAXPAH@Z 0044545f f   gl_poly.obj
 0001:000444b2       ?RemoveCollinearPoints@OpenGLDrv@@YAHPAPAUCVec3@@H@Z 004454b2 f   gl_poly.obj
 0001:000445a8       ?GetPolyArea@OpenGLDrv@@YAMPAPAUCVec3@@H@Z 004455a8 f   gl_poly.obj
 0001:0004463c       ?InitShaders@OpenGLDrv@@YAXXZ 0044563c f   gl_shader.obj
 0001:000447a7       ?ShutdownShaders@OpenGLDrv@@YAXXZ 004457a7 f   gl_shader.obj
 0001:000447e5       ?GetLightmapImage@OpenGLDrv@@YAPAVimage_t@1@H@Z 004457e5 f   gl_shader.obj
 0001:0004480d       ?SetShaderLightmap@OpenGLDrv@@YAPAVshader_t@1@PAV21@H@Z 0044580d f   gl_shader.obj
 0001:00044b2c       ??4shader_t@OpenGLDrv@@QAEAAV01@ABV01@@Z 00445b2c f i gl_shader.obj
 0001:00044c77       ??4CBasicImage@@QAEAAV0@ABV0@@Z 00445c77 f i gl_shader.obj
 0001:00044d7f       ?SetShaderLightstyles@OpenGLDrv@@YAPAVshader_t@1@PAV21@I@Z 00445d7f f   gl_shader.obj
 0001:00044e1d       ?GetAlphaShader@OpenGLDrv@@YAPAVshader_t@1@PAV21@@Z 00445e1d f   gl_shader.obj
 0001:000451f8       ?FindShader@OpenGLDrv@@YAPAVshader_t@1@PBDI@Z 004461f8 f   gl_shader.obj
 0001:00046ae5       ?GetShaderByNum@OpenGLDrv@@YAPAVshader_t@1@H@Z 00447ae5 f   gl_shader.obj
 0001:00046b03       ?ResetShaders@OpenGLDrv@@YAXXZ 00447b03 f   gl_shader.obj
 0001:00046ceb       ?Reload@shader_t@OpenGLDrv@@UAEXXZ 00447ceb f   gl_shader.obj
 0001:00046d1a       ?ClearSky@OpenGLDrv@@YAXXZ 00447d1a f   gl_sky.obj
 0001:00046d77       ?AddSkySurface@OpenGLDrv@@YAXPAVsurfacePlanar_t@1@E@Z 00447d77 f   gl_sky.obj
 0001:0004733f       ?DrawSky@OpenGLDrv@@YAXXZ  0044833f f   gl_sky.obj
 0001:000479e3       ?DrawChar@OpenGLDrv@@YAXHHHH@Z 004489e3 f   gl_text.obj
 0001:00047a34       ?ClearTexts@OpenGLDrv@@YAXXZ 00448a34 f   gl_text.obj
 0001:00047a49       ?FlushTexts@OpenGLDrv@@YAXXZ 00448a49 f   gl_text.obj
 0001:00047af5       ?DrawTextPos@OpenGLDrv@@YAXHHPBDI@Z 00448af5 f   gl_text.obj
 0001:00047b21       ?DrawTextLeft@OpenGLDrv@@YAXPBDI@Z 00448b21 f   gl_text.obj
 0001:00047ba8       ?DrawTextRight@OpenGLDrv@@YAXPBDI@Z 00448ba8 f   gl_text.obj
 0001:00047bf2       ?DrawText3D@OpenGLDrv@@YAXABUCVec3@@PBDI@Z 00448bf2 f   gl_text.obj
 0001:00047c1f       ?InitTexts@OpenGLDrv@@YAXXZ 00448c1f f   gl_text.obj
 0001:00047c39       ?FindModel@OpenGLDrv@@YAPAVmodel_t@1@PBD@Z 00448c39 f   gl_model.obj
 0001:00047e13       ?FreeModels@OpenGLDrv@@YAXXZ 00448e13 f   gl_model.obj
 0001:00047e85       ?InitModels@OpenGLDrv@@YAXXZ 00448e85 f   gl_model.obj
 0001:00047f7b       ?ShutdownModels@OpenGLDrv@@YAXXZ 00448f7b f   gl_model.obj
 0001:00047f8c       ?LoadWorldMap@OpenGLDrv@@YAXPBD@Z 00448f8c f   gl_bspmodel.obj
 0001:00049a97       ?PointInLeaf@OpenGLDrv@@YAPAUnode_t@1@ABUCVec3@@@Z 0044aa97 f   gl_bspmodel.obj
 0001:00049ae2       ?CALL_CONSTRUCTOR@@YAXPAVinlineModel_t@OpenGLDrv@@@Z 0044aae2 f i gl_bspmodel.obj
 0001:00049af8       ?LerpTag@model_t@OpenGLDrv@@UBE_NHHMPBDAAUCCoords@@@Z 0044aaf8 f   gl_trimodel.obj
 0001:00049b06       ?LerpTag@md3Model_t@OpenGLDrv@@UBE_NHHMPBDAAUCCoords@@@Z 0044ab06 f   gl_trimodel.obj
 0001:00049c16       ?LoadMd2@OpenGLDrv@@YAPAVmd3Model_t@1@PBDPAEI@Z 0044ac16 f   gl_trimodel.obj
 0001:0004a731       ?ATAN2_FUNC@OpenGLDrv@@YAMMM@Z 0044b731 f i gl_trimodel.obj
 0001:0004a8d5       ?LoadMd3@OpenGLDrv@@YAPAVmd3Model_t@1@PBDPAEI@Z 0044b8d5 f   gl_trimodel.obj
 0001:0004ad81       ?LoadSp2@OpenGLDrv@@YAPAVsprModel_t@1@PBDPAEI@Z 0044bd81 f   gl_trimodel.obj
 0001:0004af96       ?LoadSpr@OpenGLDrv@@YAPAVsprModel_t@1@PBDPAEI@Z 0044bf96 f   gl_trimodel.obj
 0001:0004b09c       ?CALL_CONSTRUCTOR@@YAXPAVmd3Model_t@OpenGLDrv@@@Z 0044c09c f i gl_trimodel.obj
 0001:0004b0b2       ?CALL_CONSTRUCTOR@@YAXPAVsprModel_t@OpenGLDrv@@@Z 0044c0b2 f i gl_trimodel.obj
 0001:0004c6b3       ?QGL_Init@OpenGLDrv@@YA_NPBD@Z 0044d6b3 f   qgl_win.obj
 0001:0004c795       ?QGL_Shutdown@OpenGLDrv@@YAXXZ 0044d795 f   qgl_win.obj
 0001:0004c7d3       ?QGL_InitExtensions@OpenGLDrv@@YAXXZ 0044d7d3 f   qgl_win.obj
 0001:0004ccbf       ?QGL_PrintExtensionsString@OpenGLDrv@@YAXPBD00@Z 0044dcbf f   qgl_win.obj
 0001:0004ce0c       ?QGL_EnableLogging@OpenGLDrv@@YAX_N@Z 0044de0c f   qgl_win.obj
 0001:0004cec6       ?QGL_LogMessage@OpenGLDrv@@YAXPBD@Z 0044dec6 f   qgl_win.obj
 0001:0004cedd       ?QGL_SwapBuffers@OpenGLDrv@@YAXXZ 0044dedd f   qgl_win.obj
 0001:0004cf5f       ?GLimp_HasGamma@OpenGLDrv@@YA_NXZ 0044df5f f   gl_win.obj
 0001:0004cf73       ?GLimp_SetGamma@OpenGLDrv@@YAXM@Z 0044df73 f   gl_win.obj
 0001:0004d11b       ?GLimp_SetMode@OpenGLDrv@@YA_NPAI0H_N@Z 0044e11b f   gl_win.obj
 0001:0004d511       ?GLimp_Shutdown@OpenGLDrv@@YAX_N@Z 0044e511 f   gl_win.obj
 0001:0004d5be       ?AppActivate@OpenGLDrv@@YAX_N@Z 0044e5be f   gl_win.obj
 0001:0004d62e       _jpeg_CreateDecompress     0044e62e f   lib:jdapimin.obj
 0001:0004d6ee       _jpeg_read_header          0044e6ee f   lib:jdapimin.obj
 0001:0004d750       _jpeg_consume_input        0044e750 f   lib:jdapimin.obj
 0001:0004d99f       _jpeg_finish_decompress    0044e99f f   lib:jdapimin.obj
 0001:0004da36       _jpeg_start_decompress     0044ea36 f   lib:jdapistd.obj
 0001:0004dba3       _jpeg_read_scanlines       0044eba3 f   lib:jdapistd.obj
 0001:0004dc27       _jpeg_resync_to_restart    0044ec27 f   lib:jdmarker.obj
 0001:0004ddec       _jinit_marker_reader       0044edec f   lib:jdmarker.obj
 0001:0004f2b7       _jpeg_CreateCompress       004502b7 f   lib:jcapimin.obj
 0001:0004f36b       _jpeg_destroy_decompress   0045036b f   lib:jcapimin.obj
 0001:0004f36b       _jpeg_destroy_compress     0045036b f   lib:jcapimin.obj
 0001:0004f376       _jpeg_suppress_tables      00450376 f   lib:jcapimin.obj
 0001:0004f3c0       _jpeg_finish_compress      004503c0 f   lib:jcapimin.obj
 0001:0004f4aa       _jpeg_start_compress       004504aa f   lib:jcapistd.obj
 0001:0004f516       _jpeg_write_scanlines      00450516 f   lib:jcapistd.obj
 0001:0004f5c1       _jpeg_add_quant_table      004505c1 f   lib:jcparam.obj
 0001:0004f673       _jpeg_quality_scaling      00450673 f   lib:jcparam.obj
 0001:0004f69a       _jpeg_set_quality          0045069a f   lib:jcparam.obj
 0001:0004f6d4       _jpeg_set_defaults         004506d4 f   lib:jcparam.obj
 0001:0004f89a       _jpeg_default_colorspace   0045089a f   lib:jcparam.obj
 0001:0004f8ea       _jpeg_set_colorspace       004508ea f   lib:jcparam.obj
 0001:0004fc05       _jpeg_stdio_dest           00450c05 f   lib:jdatadst.obj
 0001:0004fe25       _crc32                     00450e25 f   lib:crc32.obj
 0001:000500bf       _inflateReset              004510bf f   lib:inflate.obj
 0001:0005010d       _inflateInit2_             0045110d f   lib:inflate.obj
 0001:000501c6       _inflate                   004511c6 f   lib:inflate.obj
 0001:0005149b       _inflateEnd                0045249b f   lib:inflate.obj
 0001:000514d9       _jinit_input_controller    004524d9 f   lib:jdinput.obj
 0001:000519bc       _jinit_memory_mgr          004529bc f   lib:jmemmgr.obj
 0001:000524f8       _jpeg_abort                004534f8 f   lib:jcomapi.obj
 0001:0005252b       _jpeg_destroy              0045352b f   lib:jcomapi.obj
 0001:00052546       _jpeg_alloc_quant_table    00453546 f   lib:jcomapi.obj
 0001:00052562       _jpeg_alloc_huff_table     00453562 f   lib:jcomapi.obj
 0001:0005257e       _jpeg_calc_output_dimensions 0045357e f   lib:jdmaster.obj
 0001:0005267e       _jinit_master_decompress   0045367e f   lib:jdmaster.obj
 0001:000529d4       _jdiv_round_up             004539d4 f   lib:jutils.obj
 0001:000529e4       _jround_up                 004539e4 f   lib:jutils.obj
 0001:000529fc       _jcopy_sample_rows         004539fc f   lib:jutils.obj
 0001:00052a3a       _jcopy_block_row           00453a3a f   lib:jutils.obj
 0001:00052a53       _jzero_far                 00453a53 f   lib:jutils.obj
 0001:00052a66       _jinit_marker_writer       00453a66 f   lib:jcmarker.obj
 0001:00053342       _jinit_compress_master     00454342 f   lib:jcinit.obj
 0001:0005339b       _inflate_fast              0045439b f   lib:inffast.obj
 0001:00053750       _inflate_table             00454750 f   lib:inftrees.obj
 0001:00053b04       _adler32                   00454b04 f   lib:adler32.obj
 0001:00053c1d       _jinit_c_codec             00454c1d f   lib:jcodec.obj
 0001:00053c39       _jinit_d_codec             00454c39 f   lib:jcodec.obj
 0001:00053c55       _jpeg_get_large            00454c55 f   lib:jmemnobs.obj
 0001:00053c55       _jpeg_get_small            00454c55 f   lib:jmemnobs.obj
 0001:00053c61       _jpeg_free_large           00454c61 f   lib:jmemnobs.obj
 0001:00053c61       _jpeg_free_small           00454c61 f   lib:jmemnobs.obj
 0001:00053c6d       _jpeg_mem_available        00454c6d f   lib:jmemnobs.obj
 0001:00053c72       _jpeg_open_backing_store   00454c72 f   lib:jmemnobs.obj
 0001:00053c86       _jpeg_mem_init             00454c86 f   lib:jmemnobs.obj
 0001:00053c86       __matherr                  00454c86 f   lib:jmemnobs.obj
 0001:00053c89       _jinit_d_main_controller   00454c89 f   lib:jdmainct.obj
 0001:000542d4       _jinit_d_post_controller   004552d4 f   lib:jdpostct.obj
 0001:0005457f       _jinit_upsampler           0045557f f   lib:jdsample.obj
 0001:00054bbd       _jinit_color_deconverter   00455bbd f   lib:jdcolor.obj
 0001:000550d3       _jinit_merged_upsampler    004560d3 f   lib:jdmerge.obj
 0001:00055623       _jinit_2pass_quantizer     00456623 f   lib:jquant2.obj
 0001:000566e7       _jinit_1pass_quantizer     004576e7 f   lib:jquant1.obj
 0001:0005710d       _jinit_c_main_controller   0045810d f   lib:jcmainct.obj
 0001:0005727a       _jinit_c_prep_controller   0045827a f   lib:jcprepct.obj
 0001:000577c5       _jinit_downsampler         004587c5 f   lib:jcsample.obj
 0001:00058045       _jinit_color_converter     00459045 f   lib:jccolor.obj
 0001:0005862f       _jinit_c_master_control    0045962f f   lib:jcmaster.obj
 0001:0005911e       _jinit_lossy_c_codec       0045a11e f   lib:jclossy.obj
 0001:000591b9       _jinit_lossless_c_codec    0045a1b9 f   lib:jclossls.obj
 0001:00059251       _jinit_lossy_d_codec       0045a251 f   lib:jdlossy.obj
 0001:00059524       _jinit_lossless_d_codec    0045a524 f   lib:jdlossls.obj
 0001:000595d4       _jinit_c_coef_controller   0045a5d4 f   lib:jccoefct.obj
 0001:00059c73       _jinit_shuff_encoder       0045ac73 f   lib:jcshuff.obj
 0001:0005a4de       _jinit_phuff_encoder       0045b4de f   lib:jcphuff.obj
 0001:0005af83       _jinit_forward_dct         0045bf83 f   lib:jcdctmgr.obj
 0001:0005b252       _jinit_c_diff_controller   0045c252 f   lib:jcdiffct.obj
 0001:0005b7b8       _jinit_lhuff_encoder       0045c7b8 f   lib:jclhuff.obj
 0001:0005bee2       _jinit_differencer         0045cee2 f   lib:jcpred.obj
 0001:0005c3fc       _jinit_c_scaler            0045d3fc f   lib:jcscale.obj
 0001:0005c472       _jinit_d_coef_controller   0045d472 f   lib:jdcoefct.obj
 0001:0005d14e       _jinit_shuff_decoder       0045e14e f   lib:jdshuff.obj
 0001:0005d6e3       _jinit_phuff_decoder       0045e6e3 f   lib:jdphuff.obj
 0001:0005e280       _jinit_inverse_dct         0045f280 f   lib:jddctmgr.obj
 0001:0005e464       _jinit_d_diff_controller   0045f464 f   lib:jddiffct.obj
 0001:0005e992       _jinit_d_scaler            0045f992 f   lib:jdscale.obj
 0001:0005ea91       _jinit_undifferencer       0045fa91 f   lib:jdpred.obj
 0001:0005ee4b       _jinit_lhuff_decoder       0045fe4b f   lib:jdlhuff.obj
 0001:0005f240       _jpeg_make_c_derived_tbl   00460240 f   lib:jchuff.obj
 0001:0005f442       _jpeg_gen_optimal_table    00460442 f   lib:jchuff.obj
 0001:0005f601       _jpeg_fdct_float           00460601 f   lib:jfdctflt.obj
 0001:0005f806       _jpeg_make_d_derived_tbl   00460806 f   lib:jdhuff.obj
 0001:0005faa3       _jpeg_fill_bit_buffer      00460aa3 f   lib:jdhuff.obj
 0001:0005fbb2       _jpeg_huff_decode          00460bb2 f   lib:jdhuff.obj
 0001:0005fc92       _jpeg_idct_4x4             00460c92 f   lib:jidctred.obj
 0001:0005ff80       _jpeg_idct_2x2             00460f80 f   lib:jidctred.obj
 0001:00060142       _jpeg_idct_1x1             00461142 f   lib:jidctred.obj
 0001:0006017e       _jpeg_idct_float           0046117e f   lib:jidctflt.obj
 0001:00060550       __except_handler3          00461550 f   MSVCRT:MSVCRT.dll
 0001:00060560       __alloca_probe             00461560 f   MSVCRT:chkstk.obj
 0001:00060560       __chkstk                   00461560 f   MSVCRT:chkstk.obj
 0001:0006058f       ??_Etype_info@@UAEPAXI@Z   0046158f f i MSVCRT:ti_inst.obj
 0001:0006058f       ??_Gtype_info@@UAEPAXI@Z   0046158f f i MSVCRT:ti_inst.obj
 0001:000605ac       __CxxThrowException@8      004615ac f   MSVCRT:MSVCRT.dll
 0001:000605b2       _strcpy                    004615b2 f   MSVCRT:MSVCRT.dll
 0001:000605b8       _strlen                    004615b8 f   MSVCRT:MSVCRT.dll
 0001:000605be       _strcmp                    004615be f   MSVCRT:MSVCRT.dll
 0001:000605c4       _sin                       004615c4 f   MSVCRT:MSVCRT.dll
 0001:000605ca       _tan                       004615ca f   MSVCRT:MSVCRT.dll
 0001:000605d0       _cos                       004615d0 f   MSVCRT:MSVCRT.dll
 0001:000605d6       _fmod                      004615d6 f   MSVCRT:MSVCRT.dll
 0001:000605dc       _strcat                    004615dc f   MSVCRT:MSVCRT.dll
 0001:000605e2       _acos                      004615e2 f   MSVCRT:MSVCRT.dll
 0001:000605e8       _atan                      004615e8 f   MSVCRT:MSVCRT.dll
 0001:000605ee       _memcpy                    004615ee f   MSVCRT:MSVCRT.dll
 0001:000605f4       _memset                    004615f4 f   MSVCRT:MSVCRT.dll
 0001:000605fa       _sqrt                      004615fa f   MSVCRT:MSVCRT.dll
 0001:00060600       _atan2                     00461600 f   MSVCRT:MSVCRT.dll
 0001:00060606       __purecall                 00461606 f   MSVCRT:MSVCRT.dll
 0001:0006060c       _pow                       0046160c f   MSVCRT:MSVCRT.dll
 0001:00060612       _asin                      00461612 f   MSVCRT:MSVCRT.dll
 0001:00060618       _WinMainCRTStartup         00461618 f   MSVCRT:crtexew.obj
 0001:00060776       __ftol                     00461776 f   MSVCRT:MSVCRT.dll
 0001:0006077c       ??1type_info@@UAE@XZ       0046177c f   MSVCRT:MSVCRT.dll
 0001:00060782       __XcptFilter               00461782 f   MSVCRT:MSVCRT.dll
 0001:00060788       __initterm                 00461788 f   MSVCRT:MSVCRT.dll
 0001:0006078e       __setdefaultprecision      0046178e f   MSVCRT:fp8.obj
 0001:000607a0       __setargv                  004617a0 f   MSVCRT:dllargv.obj
 0001:000607a0       ?EndRegistration@OpenGLDrv@@YAXXZ 004617a0 f   MSVCRT:dllargv.obj
 0001:000607a0       _jpeg_mem_term             004617a0 f   MSVCRT:dllargv.obj
 0001:000607a2       __controlfp                004617a2 f   MSVCRT:MSVCRT.dll
 0002:00000000       __imp__SwapBuffers@4       00462000     gdi32:GDI32.dll
[...]
 0001:0005e602       _start_iMCU_row            0045f602 f   lib:jddiffct.obj
 0001:0005e647       _start_output_pass         0045f647 f   lib:jddiffct.obj
 0001:0005e653       _decompress_data           0045f653 f   lib:jddiffct.obj
 0001:0005e7c3       _process_restart           0045f7c3 f   lib:jddiffct.obj
 0001:0005c7e3       _dummy_consume_data        0045d7e3 f   lib:jdcoefct.obj
 0001:0005e7f8       _consume_data              0045f7f8 f   lib:jddiffct.obj
 0001:0005e86f       _output_data               0045f86f f   lib:jddiffct.obj
 0001:0005e2f6       _start_pass                0045f2f6 f   lib:jddctmgr.obj
 0001:0005d748       _start_pass_phuff_decoder  0045e748 f   lib:jdphuff.obj
 0001:0005d991       _decode_mcu_DC_first       0045e991 f   lib:jdphuff.obj
 0001:0005db89       _process_restart           0045eb89 f   lib:jdphuff.obj
 0001:0005dbf8       _decode_mcu_AC_first       0045ebf8 f   lib:jdphuff.obj
 0001:0005de18       _decode_mcu_DC_refine      0045ee18 f   lib:jdphuff.obj
 0001:0005deed       _decode_mcu_AC_refine      0045eeed f   lib:jdphuff.obj
 0001:0005d18f       _start_pass_huff_decoder   0045e18f f   lib:jdshuff.obj
 0001:0005d2c7       _decode_mcu                0045e2c7 f   lib:jdshuff.obj
 0001:0005d677       _process_restart           0045e677 f   lib:jdshuff.obj
 0001:0005c575       _start_input_pass          0045d575 f   lib:jdcoefct.obj
 0001:0005c588       _start_iMCU_row            0045d588 f   lib:jdcoefct.obj
 0001:0005c5cd       _start_output_pass         0045d5cd f   lib:jdcoefct.obj
 0001:0005c60a       _decompress_onepass        0045d60a f   lib:jdcoefct.obj
 0001:0005c7e3       _dummy_consume_data        0045d7e3 f   lib:jdcoefct.obj
 0001:0005c7e6       _consume_data              0045d7e6 f   lib:jdcoefct.obj
 0001:0005c99f       _decompress_data           0045d99f f   lib:jdcoefct.obj
 0001:0005cb0b       _smoothing_ok              0045db0b f   lib:jdcoefct.obj
 0001:0005cbf6       _decompress_smooth_data    0045dbf6 f   lib:jdcoefct.obj
 0001:0005c40e       _scaler_start_pass         0045d40e f   lib:jcscale.obj
 0001:0005c431       _simple_downscale          0045d431 f   lib:jcscale.obj
 0001:0005c45d       _noscale                   0045d45d f   lib:jcscale.obj
 0001:0005bf06       _start_pass                0045cf06 f   lib:jcpred.obj
 0001:0005bf5e       _reset_predictor           0045cf5e f   lib:jcpred.obj
 0001:0005bf8b       _jpeg_difference_first_row 0045cf8b f   lib:jcpred.obj
 0001:0005c075       _jpeg_difference1          0045d075 f   lib:jcpred.obj
 0001:0005c0e3       _jpeg_difference2          0045d0e3 f   lib:jcpred.obj
 0001:0005c154       _jpeg_difference3          0045d154 f   lib:jcpred.obj
 0001:0005c1cc       _jpeg_difference4          0045d1cc f   lib:jcpred.obj
 0001:0005c257       _jpeg_difference5          0045d257 f   lib:jcpred.obj
 0001:0005c2ea       _jpeg_difference6          0045d2ea f   lib:jcpred.obj
 0001:0005c379       _jpeg_difference7          0045d379 f   lib:jcpred.obj
 0001:0005b7f8       _start_pass_huff           0045c7f8 f   lib:jclhuff.obj
 0001:0005b995       _encode_mcus_huff          0045c995 f   lib:jclhuff.obj
 0001:0005bb80       _emit_bits                 0045cb80 f   lib:jclhuff.obj
 0001:0005bc23       _dump_buffer               0045cc23 f   lib:jclhuff.obj
 0001:0005bc47       _emit_restart              0045cc47 f   lib:jclhuff.obj
 0001:0005bc92       _flush_bits                0045cc92 f   lib:jclhuff.obj
 0001:0005bcb6       _finish_pass_huff          0045ccb6 f   lib:jclhuff.obj
 0001:0005bd23       _encode_mcus_gather        0045cd23 f   lib:jclhuff.obj
 0001:0005be4c       _finish_pass_gather        0045ce4c f   lib:jclhuff.obj
 0001:0005a4db       _need_optimization_pass    0045b4db f   lib:jcshuff.obj
 0001:0005b3d6       _start_pass_diff           0045c3d6 f   lib:jcdiffct.obj
 0001:0005b474       _start_iMCU_row            0045c474 f   lib:jcdiffct.obj
 0001:0005b4b6       _compress_data             0045c4b6 f   lib:jcdiffct.obj
 0001:0005b64c       _compress_first_pass       0045c64c f   lib:jcdiffct.obj
 0001:0005b741       _compress_output           0045c741 f   lib:jcdiffct.obj
 0001:0005afe9       _start_pass_fdctmgr        0045bfe9 f   lib:jcdctmgr.obj
 0001:0005b0eb       _forward_DCT_float         0045c0eb f   lib:jcdctmgr.obj
 0001:0005a51e       _start_pass_phuff          0045b51e f   lib:jcphuff.obj
 0001:0005a68b       _encode_mcu_DC_first       0045b68b f   lib:jcphuff.obj
 0001:0005a7bd       _emit_bits                 0045b7bd f   lib:jcphuff.obj
 0001:0005a868       _dump_buffer               0045b868 f   lib:jcphuff.obj
 0001:0005a8a0       _emit_symbol               0045b8a0 f   lib:jcphuff.obj
 0001:0005a8e0       _emit_restart              0045b8e0 f   lib:jcphuff.obj
 0001:0005a969       _emit_eobrun               0045b969 f   lib:jcphuff.obj
 0001:0005a9ef       _encode_mcu_AC_first       0045b9ef f   lib:jcphuff.obj
 0001:0005ab83       _encode_mcu_DC_refine      0045bb83 f   lib:jcphuff.obj
 0001:0005ac3d       _encode_mcu_AC_refine      0045bc3d f   lib:jcphuff.obj
 0001:0005ae54       _finish_pass_phuff         0045be54 f   lib:jcphuff.obj
 0001:0005aea3       _finish_pass_gather_phuff  0045bea3 f   lib:jcphuff.obj
 0001:0005af66       _need_optimization_pass    0045bf66 f   lib:jcphuff.obj
 0001:00059cb6       _start_pass_huff           0045acb6 f   lib:jcshuff.obj
 0001:00059e2b       _encode_mcu_huff           0045ae2b f   lib:jcshuff.obj
 0001:00059f36       _encode_one_block          0045af36 f   lib:jcshuff.obj
 0001:0005a0ad       _emit_bits                 0045b0ad f   lib:jcshuff.obj
 0001:0005a150       _dump_buffer               0045b150 f   lib:jcshuff.obj
 0001:0005a174       _emit_restart              0045b174 f   lib:jcshuff.obj
 0001:0005a1e1       _flush_bits                0045b1e1 f   lib:jcshuff.obj
 0001:0005a205       _finish_pass_huff          0045b205 f   lib:jcshuff.obj
 0001:0005a274       _encode_mcu_gather         0045b274 f   lib:jcshuff.obj
 0001:0005a32a       _htest_one_block           0045b32a f   lib:jcshuff.obj
 0001:0005a3f1       _finish_pass_gather        0045b3f1 f   lib:jcshuff.obj
 0001:0005a4db       _need_optimization_pass    0045b4db f   lib:jcshuff.obj
 0001:00059689       _start_pass_coef           0045a689 f   lib:jccoefct.obj
 0001:0005b474       _start_iMCU_row            0045c474 f   lib:jcdiffct.obj
 0001:0005971e       _compress_data             0045a71e f   lib:jccoefct.obj
 0001:00059905       _compress_first_pass       0045a905 f   lib:jccoefct.obj
 0001:00059aeb       _compress_output           0045aaeb f   lib:jccoefct.obj
 0001:000595a1       _calc_output_dimensions    0045a5a1 f   lib:jdlossls.obj
 0001:000595b2       _start_input_pass          0045a5b2 f   lib:jdlossls.obj
 0001:000592e0       _calc_output_dimensions    0045a2e0 f   lib:jdlossy.obj
 0001:00059453       _start_input_pass          0045a453 f   lib:jdlossy.obj
 0001:00059473       _latch_quant_tables        0045a473 f   lib:jdlossy.obj
 0001:0005950b       _start_output_pass         0045a50b f   lib:jdlossy.obj
 0001:0005922f       _start_pass                0045a22f f   lib:jclossls.obj
 0001:0005919b       _start_pass                0045a19b f   lib:jclossy.obj
 0001:000586f0       _initial_setup             004596f0 f   lib:jcmaster.obj
 0001:000588a3       _validate_script           004598a3 f   lib:jcmaster.obj
 0001:00058c7b       _prepare_for_pass          00459c7b f   lib:jcmaster.obj
 0001:00058df3       _select_scan_parameters    00459df3 f   lib:jcmaster.obj
 0001:00058ef4       _per_scan_setup            00459ef4 f   lib:jcmaster.obj
 0001:0005909f       _pass_startup              0045a09f f   lib:jcmaster.obj
 0001:000590c6       _finish_pass_master        0045a0c6 f   lib:jcmaster.obj
 0001:000581dc       _rgb_ycc_start             004591dc f   lib:jccolor.obj
 0001:000582a0       _rgb_ycc_convert           004592a0 f   lib:jccolor.obj
 0001:0005839f       _rgb_gray_convert          0045939f f   lib:jccolor.obj
 0001:00058424       _cmyk_ycck_convert         00459424 f   lib:jccolor.obj
 0001:0005855c       _grayscale_convert         0045955c f   lib:jccolor.obj
 0001:000585b6       _null_convert              004595b6 f   lib:jccolor.obj
 0001:000566d7       _null_method               004576d7 f   lib:jquant2.obj
 0001:000566d7       _start_pass_downsample     004576d7 f   lib:jquant2.obj
 0001:00057928       _sep_downsample            00458928 f   lib:jcsample.obj
 0001:0005799d       _int_downsample            0045899d f   lib:jcsample.obj
 0001:00057a95       _expand_right_edge         00458a95 f   lib:jcsample.obj
 0001:00057aea       _fullsize_downsample       00458aea f   lib:jcsample.obj
 0001:00057b2e       _h2v1_downsample           00458b2e f   lib:jcsample.obj
 0001:00057bc2       _h2v2_downsample           00458bc2 f   lib:jcsample.obj
 0001:00057c6f       _h2v2_smooth_downsample    00458c6f f   lib:jcsample.obj
 0001:00057ee7       _fullsize_smooth_downsample 00458ee7 f   lib:jcsample.obj
 0001:00057324       _start_pass_prep           00458324 f   lib:jcprepct.obj
 0001:00057362       _pre_process_data          00458362 f   lib:jcprepct.obj
 0001:00057510       _pre_process_context       00458510 f   lib:jcprepct.obj
 0001:000576c9       _create_context_buffer     004586c9 f   lib:jcprepct.obj
 0001:0005719c       _start_pass_main           0045819c f   lib:jcmainct.obj
 0001:000571de       _process_data_simple_main  004581de f   lib:jcmainct.obj
 0001:00056772       _create_colormap           00457772 f   lib:jquant1.obj
 0001:000568a4       _select_ncolors            004578a4 f   lib:jquant1.obj
 0001:0005697b       _create_colorindex         0045797b f   lib:jquant1.obj
 0001:00056aa7       _alloc_fs_workspace        00457aa7 f   lib:jquant1.obj
 0001:00056ae3       _start_pass_1_quant        00457ae3 f   lib:jquant1.obj
 0001:00056baf       _create_odither_tables     00457baf f   lib:jquant1.obj
 0001:00056c0e       _make_odither_array        00457c0e f   lib:jquant1.obj
 0001:00056c71       _color_quantize            00457c71 f   lib:jquant1.obj
 0001:00056cfc       _color_quantize3           00457cfc f   lib:jquant1.obj
 0001:00056d8a       _quantize_ord_dither       00457d8a f   lib:jquant1.obj
 0001:00056e75       _quantize3_ord_dither      00457e75 f   lib:jquant1.obj
 0001:00056f75       _quantize_fs_dither        00457f75 f   lib:jquant1.obj
 0001:000566d7       _finish_pass_1_quant       004576d7 f   lib:jquant2.obj
 0001:000570f9       _new_color_map_1_quant     004580f9 f   lib:jquant1.obj
 0001:00055732       _init_error_limit          00456732 f   lib:jquant2.obj
 0001:000557d1       _start_pass_2_quant        004567d1 f   lib:jquant2.obj
 0001:000558d3       _prescan_quantize          004568d3 f   lib:jquant2.obj
 0001:00055942       _pass2_no_dither           00456942 f   lib:jquant2.obj
 0001:000559ef       _fill_inverse_cmap         004569ef f   lib:jquant2.obj
 0001:00055aba       _find_nearby_colors        00456aba f   lib:jquant2.obj
 0001:00055c5e       _find_best_colors          00456c5e f   lib:jquant2.obj
 0001:00055d78       _pass2_fs_dither           00456d78 f   lib:jquant2.obj
 0001:00055fe7       _finish_pass1              00456fe7 f   lib:jquant2.obj
 0001:00056009       _select_colors             00457009 f   lib:jquant2.obj
 0001:00056095       _update_box                00457095 f   lib:jquant2.obj
 0001:0005642f       _median_cut                0045742f f   lib:jquant2.obj
 0001:00056543       _find_biggest_color_pop    00457543 f   lib:jquant2.obj
 0001:00056572       _find_biggest_volume       00457572 f   lib:jquant2.obj
 0001:0005659b       _compute_color             0045759b f   lib:jquant2.obj
 0001:000566d7       _finish_pass2              004576d7 f   lib:jquant2.obj
 0001:000566d8       _new_color_map_2_quant     004576d8 f   lib:jquant2.obj
 0001:00055149       _build_ycc_rgb_table       00456149 f   lib:jdmerge.obj
 0001:000551f9       _start_pass_merged_upsample 004561f9 f   lib:jdmerge.obj
 0001:0005520e       _merged_2v_upsample        0045620e f   lib:jdmerge.obj
 0001:000552b5       _merged_1v_upsample        004562b5 f   lib:jdmerge.obj
 0001:000552e6       _h2v1_merged_upsample      004562e6 f   lib:jdmerge.obj
 0001:0005543c       _h2v2_merged_upsample      0045643c f   lib:jdmerge.obj
 0001:00054ced       _build_ycc_rgb_table       00455ced f   lib:jdcolor.obj
 0001:00054d9d       _ycc_rgb_convert           00455d9d f   lib:jdcolor.obj
 0001:00054eab       _null_convert              00455eab f   lib:jdcolor.obj
 0001:00054f23       _grayscale_convert         00455f23 f   lib:jdcolor.obj
 0001:00054f46       _gray_rgb_convert          00455f46 f   lib:jdcolor.obj
 0001:00054f9f       _ycck_cmyk_convert         00455f9f f   lib:jdcolor.obj
 0001:000566d7       _start_pass_dcolor         004576d7 f   lib:jquant2.obj
 0001:0005474e       _start_pass_upsample       0045574e f   lib:jdsample.obj
 0001:00054768       _sep_upsample              00455768 f   lib:jdsample.obj
 0001:00054835       _fullsize_upsample         00455835 f   lib:jdsample.obj
 0001:00054840       _noop_upsample             00455840 f   lib:jdsample.obj
 0001:00054848       _int_upsample              00455848 f   lib:jdsample.obj
 0001:00054932       _h2v1_upsample             00455932 f   lib:jdsample.obj
 0001:00054989       _h2v2_upsample             00455989 f   lib:jdsample.obj
 0001:000549fb       _h2v1_fancy_upsample       004559fb f   lib:jdsample.obj
 0001:00054a9e       _h2v2_fancy_upsample       00455a9e f   lib:jdsample.obj
 0001:00054357       _start_pass_dpost          00455357 f   lib:jdpostct.obj
 0001:000543fd       _post_process_1pass        004553fd f   lib:jdpostct.obj
 0001:00054462       _post_process_prepass      00455462 f   lib:jdpostct.obj
 0001:000544f3       _post_process_2pass        004554f3 f   lib:jdpostct.obj
 0001:00053d5e       _alloc_funny_pointers      00454d5e f   lib:jdmainct.obj
 0001:00053e0b       _start_pass_main           00454e0b f   lib:jdmainct.obj
 0001:00053e73       _make_funny_pointers       00454e73 f   lib:jdmainct.obj
 0001:00053fb3       _process_data_simple_main  00454fb3 f   lib:jdmainct.obj
 0001:0005401b       _process_data_context_main 0045501b f   lib:jdmainct.obj
 0001:0005412d       _set_wraparound_pointers   0045512d f   lib:jdmainct.obj
 0001:00054217       _set_bottom_pointers       00455217 f   lib:jdmainct.obj
 0001:000542b1       _process_data_crank_post   004552b1 f   lib:jdmainct.obj
 0001:00052ab4       _write_marker_header       00453ab4 f   lib:jcmarker.obj
 0001:00052b0a       _emit_byte                 00453b0a f   lib:jcmarker.obj
 0001:00052b3b       _write_marker_byte         00453b3b f   lib:jcmarker.obj
 0001:00052b4b       _write_file_header         00453b4b f   lib:jcmarker.obj
 0001:00052b97       _emit_jfif_app0            00453b97 f   lib:jcmarker.obj
 0001:00052c6a       _emit_adobe_app14          00453c6a f   lib:jcmarker.obj
 0001:00052d10       _write_frame_header        00453d10 f   lib:jcmarker.obj
 0001:00052def       _emit_dqt                  00453def f   lib:jcmarker.obj
 0001:00052ede       _emit_sof                  00453ede f   lib:jcmarker.obj
 0001:00052fba       _write_scan_header         00453fba f   lib:jcmarker.obj
 0001:0005307a       _emit_dht                  0045407a f   lib:jcmarker.obj
 0001:00053153       _emit_dri                  00454153 f   lib:jcmarker.obj
 0001:000531a2       _emit_sos                  004541a2 f   lib:jcmarker.obj
 0001:00053290       _write_file_trailer        00454290 f   lib:jcmarker.obj
 0001:000532b0       _write_tables_only         004542b0 f   lib:jcmarker.obj
 0001:00052609       _use_merged_upsample       00453609 f   lib:jdmaster.obj
 0001:000526af       _master_selection          004536af f   lib:jdmaster.obj
 0001:0005280c       _prepare_range_limit_table 0045380c f   lib:jdmaster.obj
 0001:00052892       _prepare_for_output_pass   00453892 f   lib:jdmaster.obj
 0001:000529b3       _finish_output_pass        004539b3 f   lib:jdmaster.obj
 0001:00051a80       _alloc_small               00452a80 f   lib:jmemmgr.obj
 0001:00051b9e       _alloc_large               00452b9e f   lib:jmemmgr.obj
 0001:00051c4f       _alloc_sarray              00452c4f f   lib:jmemmgr.obj
 0001:00051ce7       _alloc_barray              00452ce7 f   lib:jmemmgr.obj
 0001:00051d8b       _alloc_darray              00452d8b f   lib:jmemmgr.obj
 0001:00051e36       _request_virt_sarray       00452e36 f   lib:jmemmgr.obj
 0001:00051e97       _request_virt_barray       00452e97 f   lib:jmemmgr.obj
 0001:00051ef8       _realize_virt_arrays       00452ef8 f   lib:jmemmgr.obj
 0001:0005207b       _access_virt_sarray        0045307b f   lib:jmemmgr.obj
 0001:0005219b       _do_sarray_io              0045319b f   lib:jmemmgr.obj
 0001:0005222b       _access_virt_barray        0045322b f   lib:jmemmgr.obj
 0001:00052350       _do_barray_io              00453350 f   lib:jmemmgr.obj
 0001:000523e1       _free_pool                 004533e1 f   lib:jmemmgr.obj
 0001:000524c8       _self_destruct             004534c8 f   lib:jmemmgr.obj
 0001:0005151a       _start_input_pass          0045251a f   lib:jdinput.obj
 0001:00051548       _per_scan_setup            00452548 f   lib:jdinput.obj
 0001:000516ce       _finish_input_pass         004526ce f   lib:jdinput.obj
 0001:000516df       _consume_markers           004526df f   lib:jdinput.obj
 0001:0005177b       _initial_setup             0045277b f   lib:jdinput.obj
 0001:00051985       _reset_input_controller    00452985 f   lib:jdinput.obj
 0001:000512d3       _fixedtables               004522d3 f   lib:inflate.obj
 0001:000513bd       _updatewindow              004523bd f   lib:inflate.obj
 0001:0004fd05       _make_crc_table            00450d05 f   lib:crc32.obj
 0001:0004fe52       _crc32_little              00450e52 f   lib:crc32.obj
 0001:0004fc41       _init_destination          00450c41 f   lib:jdatadst.obj
 0001:0004fc67       _empty_output_buffer       00450c67 f   lib:jdatadst.obj
 0001:0004fca9       _term_destination          00450ca9 f   lib:jdatadst.obj
 0001:0004f7c8       _std_huff_tables           004507c8 f   lib:jcparam.obj
 0001:0004f822       _add_huff_table            00450822 f   lib:jcparam.obj
 0001:0004dd15       _next_marker               0044ed15 f   lib:jdmarker.obj
 0001:0004de4f       _get_interesting_appn      0044ee4f f   lib:jdmarker.obj
 0001:0004df7a       _examine_app0              0044ef7a f   lib:jdmarker.obj
 0001:0004e188       _examine_app14             0044f188 f   lib:jdmarker.obj
 0001:0004e249       _skip_variable             0044f249 f   lib:jdmarker.obj
 0001:0004e2ec       _read_markers              0044f2ec f   lib:jdmarker.obj
 0001:0004e4f4       _get_soi                   0044f4f4 f   lib:jdmarker.obj
 0001:0004e59f       _get_sof                   0044f59f f   lib:jdmarker.obj
 0001:0004e8a8       _get_sos                   0044f8a8 f   lib:jdmarker.obj
 0001:0004eb96       _get_dht                   0044fb96 f   lib:jdmarker.obj
 0001:0004ee37       _get_dqt                   0044fe37 f   lib:jdmarker.obj
 0001:0004f093       _get_dri                   00450093 f   lib:jdmarker.obj
 0001:0004f172       _first_marker              00450172 f   lib:jdmarker.obj
 0001:0004f20e       _read_restart_marker       0045020e f   lib:jdmarker.obj
 0001:0004f28c       _reset_marker_reader       0045028c f   lib:jdmarker.obj
 0001:0004daf9       _output_pass_setup         0044eaf9 f   lib:jdapistd.obj
 0001:0004d7ec       _default_decompress_parms  0044e7ec f   lib:jdapimin.obj

 182 bytes saved through ICF

