 quake2

 Timestamp is 3f2fb61b (Tue Aug 05 17:50:19 2003)

 Preferred load address is 00400000

 Start         Length     Name                   Class
 0001:00000000 0006bc70H .text                   CODE
 0002:00000000 00000330H .idata$5                DATA
 0002:00000330 0000196cH .rdata                  DATA
 0002:00001c9c 00000078H .idata$2                DATA
 0002:00001d14 00000014H .idata$3                DATA
 0002:00001d28 00000330H .idata$4                DATA
 0002:00002058 00000a56H .idata$6                DATA
 0002:00002aae 00000000H .edata                  DATA
 0003:00000000 00000004H .CRT$XCA                DATA
 0003:00000004 00000004H .CRT$XCZ                DATA
 0003:00000008 00000004H .CRT$XIA                DATA
 0003:0000000c 00000004H .CRT$XIZ                DATA
 0003:00000010 00015044H .data                   DATA
 0003:00015058 00a78a84H .bss                    DATA
 0004:00000000 00000130H .rsrc$01                DATA
 0004:00000130 00003f20H .rsrc$02                DATA

  Address         Publics by Value              Rva+Base     Lib:Object

 0001:00000000       _CDAudio_Play2             00401000 f   cd_win.obj
 0001:000001e5       _CDAudio_Play              004011e5 f   cd_win.obj
 0001:000001fc       _CDAudio_Stop              004011fc f   cd_win.obj
 0001:00000241       _CDAudio_Pause             00401241 f   cd_win.obj
 0001:0000029a       _CDAudio_Resume            0040129a f   cd_win.obj
 0001:0000030c       _CDAudio_MessageHandler    0040130c f   cd_win.obj
 0001:000003a3       _CDAudio_Update            004013a3 f   cd_win.obj
 0001:000003da       _CDAudio_Init              004013da f   cd_win.obj
 0001:000007d1       _CDAudio_Shutdown          004017d1 f   cd_win.obj
 0001:00000804       _CDAudio_Activate          00401804 f   cd_win.obj
 0001:00000815       _SCR_StopCinematic         00401815 f   cl_cin.obj
 0001:000008b1       _SCR_FinishCinematic       004018b1 f   cl_cin.obj
 0001:000008f3       _SCR_RunCinematic          004018f3 f   cl_cin.obj
 0001:00000d0f       _SCR_DrawCinematic         00401d0f f   cl_cin.obj
 0001:00000db3       _SCR_PlayCinematic         00401db3 f   cl_cin.obj
 0001:000010fd       _CL_ParseEntityBits        004020fd f   cl_ents.obj
 0001:0000115f       _CL_ParseDelta             0040215f f   cl_ents.obj
 0001:000014d9       _CL_DeltaEntity            004024d9 f   cl_ents.obj
 0001:00001646       _CL_ParsePacketEntities    00402646 f   cl_ents.obj
 0001:00001872       _CL_ParsePlayerstate       00402872 f   cl_ents.obj
 0001:00001b80       _CL_FireEntityEvents       00402b80 f   cl_ents.obj
 0001:00001bd2       _CL_ParseFrame             00402bd2 f   cl_ents.obj
 0001:00001e96       _CL_AddEntityBox           00402e96 f   cl_ents.obj
 0001:00001f93       _CL_OffsetThirdPersonView  00402f93 f   cl_ents.obj
 0001:00002060       _CL_CalcViewValues         00403060 f   cl_ents.obj
 0001:00002322       _CL_AddEntities            00403322 f   cl_ents.obj
 0001:00003134       _CL_GetEntitySoundOrigin   00404134 f   cl_ents.obj
 0001:00003170       _CL_ClearLightStyles       00404170 f   cl_fx.obj
 0001:000031f4       _CL_RunLightStyles         004041f4 f   cl_fx.obj
 0001:0000328e       _CL_SetLightstyle          0040428e f   cl_fx.obj
 0001:000032f8       _CL_AllocDlight            004042f8 f   cl_fx.obj
 0001:00003368       _CL_AddDLights             00404368 f   cl_fx.obj
 0001:000033c8       _CL_ClearParticles         004043c8 f   cl_fx.obj
 0001:0000341a       _CL_AllocParticleTrace     0040441a f   cl_fx.obj
 0001:000034bf       _CL_AllocParticleBeam      004044bf f   cl_fx.obj
 0001:00003529       _CL_AllocParticle          00404529 f   cl_fx.obj
 0001:00003578       _CL_UpdateParticles        00404578 f   cl_fx.obj
 0001:00003b49       _CL_MetalSparks            00404b49 f   cl_fx.obj
 0001:00003c1f       _CL_ParseMuzzleFlash       00404c1f f   cl_fx.obj
 0001:0000443a       _CL_ParseMuzzleFlash2      0040543a f   cl_fx.obj
 0001:00004b07       _CL_ParticleEffect         00405b07 f   cl_fx.obj
 0001:00004bd6       _CL_ParticleEffect2        00405bd6 f   cl_fx.obj
 0001:00004ca1       _CL_ParticleEffect3        00405ca1 f   cl_fx.obj
 0001:00004d71       _CL_TeleporterParticles    00405d71 f   cl_fx.obj
 0001:00004e28       _CL_LogoutEffect           00405e28 f   cl_fx.obj
 0001:00004f13       _CL_ItemRespawnParticles   00405f13 f   cl_fx.obj
 0001:00004fc2       _CL_ExplosionParticles     00405fc2 f   cl_fx.obj
 0001:0000506c       _CL_BigTeleportParticles   0040606c f   cl_fx.obj
 0001:000051c3       _CL_BlasterParticles       004061c3 f   cl_fx.obj
 0001:0000528f       _CL_BlasterTrail           0040628f f   cl_fx.obj
 0001:00005388       _CL_FlagTrail              00406388 f   cl_fx.obj
 0001:0000548e       _CL_DiminishingTrail       0040648e f   cl_fx.obj
 0001:000056f8       _CL_RocketTrail            004066f8 f   cl_fx.obj
 0001:00005827       _CL_RailTrail              00406827 f   cl_fx.obj
 0001:00005a57       _CL_RailTrailExt           00406a57 f   cl_fx.obj
 0001:00005b52       _CL_IonripperTrail         00406b52 f   cl_fx.obj
 0001:00005c66       _CL_BubbleTrail            00406c66 f   cl_fx.obj
 0001:00005d8a       _CL_FlyParticles           00406d8a f   cl_fx.obj
 0001:00005f28       _CL_FlyEffect              00406f28 f   cl_fx.obj
 0001:00005fab       _CL_BfgParticles           00406fab f   cl_fx.obj
 0001:00006183       _CL_TrapParticles          00407183 f   cl_fx.obj
 0001:00006425       _CL_BFGExplosionParticles  00407425 f   cl_fx.obj
 0001:000064cf       _CL_TeleportParticles      004074cf f   cl_fx.obj
 0001:00006608       _CL_EntityEvent            00407608 f   cl_fx.obj
 0001:000067e6       _CL_ClearEffects           004077e6 f   cl_fx.obj
 0001:00006804       _IN_CenterView             00407804 f   cl_input.obj
 0001:00006825       _CL_InitInput              00407825 f   cl_input.obj
 0001:00006d05       _CL_SendCmd                00407d05 f   cl_input.obj
 0001:0000740c       _CL_ParseInventory         0040840c f   cl_inv.obj
 0001:0000742c       _CL_DrawInventory          0040842c f   cl_inv.obj
 0001:000076a3       _CL_WriteDemoMessage       004086a3 f   cl_main.obj
 0001:000076e5       _CL_Stop_f                 004086e5 f   cl_main.obj
 0001:00007740       _CL_Record_f               00408740 f   cl_main.obj
 0001:000079e3       _Cmd_ForwardToServer       004089e3 f   cl_main.obj
 0001:00007a4f       _CL_Setenv_f               00408a4f f   cl_main.obj
 0001:00007b13       _CL_ForwardToServer_f      00408b13 f   cl_main.obj
 0001:00007b61       _CL_Pause_f                00408b61 f   cl_main.obj
 0001:00007ba3       _CL_Quit_f                 00408ba3 f   cl_main.obj
 0001:00007bad       _CL_Drop                   00408bad f   cl_main.obj
 0001:00007bcf       _CL_SendConnectPacket      00408bcf f   cl_main.obj
 0001:00007ca6       _CL_CheckForResend         00408ca6 f   cl_main.obj
 0001:00007daa       _CL_Connect_f              00408daa f   cl_main.obj
 0001:00007e29       _CL_Rcon_f                 00408e29 f   cl_main.obj
 0001:00007f34       _CL_ClearState             00408f34 f   cl_main.obj
 0001:00007f73       _CL_Disconnect             00408f73 f   cl_main.obj
 0001:000080b0       _CL_Disconnect_f           004090b0 f   cl_main.obj
 0001:000080bf       _CL_Changing_f             004090bf f   cl_main.obj
 0001:000080e3       _CL_Reconnect_f            004090e3 f   cl_main.obj
 0001:0000817f       _CL_PingServers_f          0040917f f   cl_main.obj
 0001:000082e7       _CL_Skins_f                004092e7 f   cl_main.obj
 0001:00008323       _CL_ConnectionlessPacket   00409323 f   cl_main.obj
 0001:00008681       _CL_ReadPackets            00409681 f   cl_main.obj
 0001:0000876c       _CL_FixUpGender            0040976c f   cl_main.obj
 0001:0000881d       _CL_Userinfo_f             0040981d f   cl_main.obj
 0001:00008835       _CL_Snd_Restart_f          00409835 f   cl_main.obj
 0001:00008844       _CL_RequestNextDownload    00409844 f   cl_main.obj
 0001:00008e87       _CL_Precache_f             00409e87 f   cl_main.obj
 0001:00008f4d       _CL_WriteConfiguration     00409f4d f   cl_main.obj
 0001:00008ff1       _CL_WriteConfig_f          00409ff1 f   cl_main.obj
 0001:00009050       _CL_InitLocal              0040a050 f   cl_main.obj
 0001:00009270       _CL_FixCvarCheats          0040a270 f   cl_main.obj
 0001:000092c1       _CL_Frame                  0040a2c1 f   cl_main.obj
 0001:00009504       _CL_Init                   0040a504 f   cl_main.obj
 0001:00009551       _CL_Shutdown               0040a551 f   cl_main.obj
 0001:00009597       _vectoangles2              0040a597 f   cl_newfx.obj
 0001:00009699       _CL_Flashlight             0040a699 f   cl_newfx.obj
 0001:000096d3       _CL_ColorFlash             0040a6d3 f   cl_newfx.obj
 0001:0000970f       _CL_DebugTrail             0040a70f f   cl_newfx.obj
 0001:00009806       _CL_ForceWall              0040a806 f   cl_newfx.obj
 0001:00009940       _CL_BubbleTrail2           0040a940 f   cl_newfx.obj
 0001:00009a70       _CL_Heatbeam               0040aa70 f   cl_newfx.obj
 0001:00009ce2       _CL_ParticleSteamEffect    0040ace2 f   cl_newfx.obj
 0001:00009dee       _CL_ParticleSteamEffect2   0040adee f   cl_newfx.obj
 0001:00009f0d       _CL_TrackerTrail           0040af0d f   cl_newfx.obj
 0001:0000a052       _CL_Tracker_Shell          0040b052 f   cl_newfx.obj
 0001:0000a0c9       _CL_MonsterPlasma_Shell    0040b0c9 f   cl_newfx.obj
 0001:0000a13d       _CL_Widowbeamout           0040b13d f   cl_newfx.obj
 0001:0000a1e4       _CL_Nukeblast              0040b1e4 f   cl_newfx.obj
 0001:0000a28b       _CL_WidowSplash            0040b28b f   cl_newfx.obj
 0001:0000a346       _CL_TagTrail               0040b346 f   cl_newfx.obj
 0001:0000a44c       _CL_ColorExplosionParticles 0040b44c f   cl_newfx.obj
 0001:0000a4f9       _CL_ParticleSmokeEffect    0040b4f9 f   cl_newfx.obj
 0001:0000a603       _CL_BlasterParticles2      0040b603 f   cl_newfx.obj
 0001:0000a6d0       _CL_BlasterTrail2          0040b6d0 f   cl_newfx.obj
 0001:0000a7c9       _CL_DownloadFileName       0040b7c9 f   cl_parse.obj
 0001:0000a808       _CL_CheckOrDownloadFile    0040b808 f   cl_parse.obj
 0001:0000aa43       _CL_Download_f             0040ba43 f   cl_parse.obj
 0001:0000ab0e       _CL_RegisterSounds         0040bb0e f   cl_parse.obj
 0001:0000ab4d       _CL_ParseDownload          0040bb4d f   cl_parse.obj
 0001:0000acba       _CL_ParseServerData        0040bcba f   cl_parse.obj
 0001:0000adc0       _CL_ParseBaseline          0040bdc0 f   cl_parse.obj
 0001:0000ae08       _CL_LoadClientinfo         0040be08 f   cl_parse.obj
 0001:0000b0f7       _CL_ParseClientinfo        0040c0f7 f   cl_parse.obj
 0001:0000b11b       _CL_ParseConfigString      0040c11b f   cl_parse.obj
 0001:0000b2bd       _CL_ParseStartSoundPacket  0040c2bd f   cl_parse.obj
 0001:0000b3bf       _CL_ParseServerMessage     0040c3bf f   cl_parse.obj
 0001:0000b6b9       _CL_CheckPredictionError   0040c6b9 f   cl_pred.obj
 0001:0000b7f7       _CL_ClipMoveToEntities     0040c7f7 f   cl_pred.obj
 0001:0000badd       _CL_PMTrace                0040cadd f   cl_pred.obj
 0001:0000bb42       _CL_PMpointcontents        0040cb42 f   cl_pred.obj
 0001:0000bc75       _CL_PredictMovement        0040cc75 f   cl_pred.obj
 0001:0000bead       _CL_AddNetgraph            0040cead f   cl_scrn.obj
 0001:0000bf87       _SCR_DebugGraph            0040cf87 f   cl_scrn.obj
 0001:0000bfaf       _SCR_DrawDebugGraph        0040cfaf f   cl_scrn.obj
 0001:0000c0a9       _SCR_CenterPrint           0040d0a9 f   cl_scrn.obj
 0001:0000c1ba       _SCR_DrawCenterString      0040d1ba f   cl_scrn.obj
 0001:0000c30f       _SCR_SizeUp_f              0040d30f f   cl_scrn.obj
 0001:0000c328       _SCR_SizeDown_f            0040d328 f   cl_scrn.obj
 0001:0000c349       _SCR_Sky_f                 0040d349 f   cl_scrn.obj
 0001:0000c3f4       _SCR_Init                  0040d3f4 f   cl_scrn.obj
 0001:0000c459       _SCR_DrawPause             0040d459 f   cl_scrn.obj
 0001:0000c4c2       _SCR_RunConsole            0040d4c2 f   cl_scrn.obj
 0001:0000c5a4       _SCR_DrawConsole           0040d5a4 f   cl_scrn.obj
 0001:0000c63c       _SCR_SetLevelshot          0040d63c f   cl_scrn.obj
 0001:0000c6a7       _SCR_DrawLoading           0040d6a7 f   cl_scrn.obj
 0001:0000c760       _SCR_BeginLoadingPlaque    0040d760 f   cl_scrn.obj
 0001:0000c7c0       _SCR_EndLoadingPlaque      0040d7c0 f   cl_scrn.obj
 0001:0000c7de       _SCR_Loading_f             0040d7de f   cl_scrn.obj
 0001:0000c7e3       _SCR_TimeRefresh_f         0040d7e3 f   cl_scrn.obj
 0001:0000c8ba       _SCR_AddDirtyPoint         0040d8ba f   cl_scrn.obj
 0001:0000c8f7       _SCR_DirtyScreen           0040d8f7 f   cl_scrn.obj
 0001:0000c972       _SCR_TileClear             0040d972 f   cl_scrn.obj
 0001:0000cb4d       _DrawHUDString             0040db4d f   cl_scrn.obj
 0001:0000cbff       _SCR_DrawField             0040dbff f   cl_scrn.obj
 0001:0000cd23       _SCR_TouchPics             0040dd23 f   cl_scrn.obj
 0001:0000cdb6       _SCR_ExecuteLayoutString   0040ddb6 f   cl_scrn.obj
 0001:0000d767       _SCR_UpdateScreen          0040e767 f   cl_scrn.obj
 0001:0000da87       _CL_RegisterTEntSounds     0040ea87 f   cl_tent.obj
 0001:0000dcbf       _CL_RegisterTEntModels     0040ecbf f   cl_tent.obj
 0001:0000de45       _CL_ClearTEnts             0040ee45 f   cl_tent.obj
 0001:0000de9c       _CL_AllocExplosion         0040ee9c f   cl_tent.obj
 0001:0000df3f       _CL_AddExplosions          0040ef3f f   cl_tent.obj
 0001:0000e115       _CL_SmokeAndFlash          0040f115 f   cl_tent.obj
 0001:0000e15d       _CL_ParseBeam              0040f15d f   cl_tent.obj
 0001:0000e24c       _CL_ParseBeam2             0040f24c f   cl_tent.obj
 0001:0000e34c       _CL_ParsePlayerBeam        0040f34c f   cl_tent.obj
 0001:0000e488       _CL_ParseLightning         0040f488 f   cl_tent.obj
 0001:0000e55e       _CL_ParseLaser             0040f55e f   cl_tent.obj
 0001:0000e603       _CL_ParseSteam             0040f603 f   cl_tent.obj
 0001:0000e714       _CL_ParseWidow             0040f714 f   cl_tent.obj
 0001:0000e780       _CL_ParseNuke              0040f780 f   cl_tent.obj
 0001:0000e7ea       _CL_ParseTEnt              0040f7ea f   cl_tent.obj
 0001:0000f62a       _CL_AddBeams               0041062a f   cl_tent.obj
 0001:0000f97f       _CL_AddPlayerBeams         0041097f f   cl_tent.obj
 0001:00010079       _CL_AddLasers              00411079 f   cl_tent.obj
 0001:0001009e       _CL_ProcessSustain         0041109e f   cl_tent.obj
 0001:000100df       _CL_AddTEnts               004110df f   cl_tent.obj
 0001:000100f8       _V_AddEntity               004110f8 f   cl_view.obj
 0001:00010127       _V_AddLight                00411127 f   cl_view.obj
 0001:00010172       _V_TestParticles           00411172 f   cl_view.obj
 0001:00010230       _V_TestEntities            00411230 f   cl_view.obj
 0001:000102d2       _V_TestLights              004112d2 f   cl_view.obj
 0001:000103a5       _CL_PrepRefresh            004113a5 f   cl_view.obj
 0001:00010678       _CalcFov                   00411678 f   cl_view.obj
 0001:000106f1       _V_Gun_Next_f              004116f1 f   cl_view.obj
 0001:0001070a       _V_Gun_Prev_f              0041170a f   cl_view.obj
 0001:0001072c       _V_Gun_Model_f             0041172c f   cl_view.obj
 0001:00010760       _SCR_DrawCrosshair         00411760 f   cl_view.obj
 0001:000107d5       _V_RenderView              004117d5 f   cl_view.obj
 0001:00011619       _V_Init                    00412619 f   cl_view.obj
 0001:00011813       _Cbuf_Init                 00412813 f   cmd.obj
 0001:0001182b       _Cbuf_AddText              0041282b f   cmd.obj
 0001:00011887       _Cbuf_InsertText           00412887 f   cmd.obj
 0001:000118df       _Cbuf_CopyToDefer          004128df f   cmd.obj
 0001:0001190b       _Cbuf_InsertFromDefer      0041290b f   cmd.obj
 0001:0001191e       _Cbuf_Execute              0041291e f   cmd.obj
 0001:00011a04       _Cmd_Exec_f                00412a04 f   cmd.obj
 0001:00011a89       _Cmd_Echo_f                00412a89 f   cmd.obj
 0001:00011acb       _Cmd_Alias_f               00412acb f   cmd.obj
 0001:00011bf2       _Cmd_Unalias_f             00412bf2 f   cmd.obj
 0001:00011c7e       _Cmd_WriteAliases          00412c7e f   cmd.obj
 0001:00011ca7       _Cmd_Argc                  00412ca7 f   cmd.obj
 0001:00011cad       _Cmd_Argv                  00412cad f   cmd.obj
 0001:00011cc7       _Cmd_Args                  00412cc7 f   cmd.obj
 0001:00011ccd       _Cmd_TokenizeString        00412ccd f   cmd.obj
 0001:00011f8f       _Cmd_AddCommand            00412f8f f   cmd.obj
 0001:00011ff7       _Cmd_RemoveCommand         00412ff7 f   cmd.obj
 0001:00012039       _Cmd_ExecuteString         00413039 f   cmd.obj
 0001:00012111       _Cmd_Init                  00413111 f   cmd.obj
 0001:00012214       _CMod_GetSurfMaterial      00413214 f   cmodel.obj
 0001:00012271       _CM_LoadMap                00413271 f   cmodel.obj
 0001:00012a40       _CM_InlineModel            00413a40 f   cmodel.obj
 0001:00012a8f       _CM_NumClusters            00413a8f f   cmodel.obj
 0001:00012a95       _CM_NumInlineModels        00413a95 f   cmodel.obj
 0001:00012a9b       _CM_EntityString           00413a9b f   cmodel.obj
 0001:00012aa1       _CM_LeafContents           00413aa1 f   cmodel.obj
 0001:00012acb       _CM_LeafCluster            00413acb f   cmodel.obj
 0001:00012af6       _CM_LeafArea               00413af6 f   cmodel.obj
 0001:00012b21       _CM_InitBoxHull            00413b21 f   cmodel.obj
 0001:00012d00       _CM_HeadnodeForBox         00413d00 f   cmodel.obj
 0001:00012db5       _CM_PointLeafnum           00413db5 f   cmodel.obj
 0001:00012e38       _CM_BoxLeafnums            00413e38 f   cmodel.obj
 0001:00012f52       _CM_PointContents          00413f52 f   cmodel.obj
 0001:00012f77       _CM_TransformedPointContents 00413f77 f   cmodel.obj
 0001:0001305c       _CM_TransformedPointContents2 0041405c f   cmodel.obj
 0001:000130f7       _CM_BoxTrace               004140f7 f   cmodel.obj
 0001:00013ab3       _CM_TransformedBoxTrace    00414ab3 f   cmodel.obj
 0001:00013d09       _CM_TransformedBoxTrace2   00414d09 f   cmodel.obj
 0001:00013ea1       _CM_BrushTrace             00414ea1 f   cmodel.obj
 0001:0001425b       _CM_RefineBrushTrace       0041525b f   cmodel.obj
 0001:000142ab       _CM_DecompressVis          004152ab f   cmodel.obj
 0001:00014334       _CM_ClusterPVS             00415334 f   cmodel.obj
 0001:00014381       _CM_ClusterPHS             00415381 f   cmodel.obj
 0001:000143ce       _FloodAreaConnections      004153ce f   cmodel.obj
 0001:00014489       _CM_SetAreaPortalState     00415489 f   cmodel.obj
 0001:000144b6       _CM_AreasConnected         004154b6 f   cmodel.obj
 0001:00014504       _CM_WriteAreaBits          00415504 f   cmodel.obj
 0001:00014594       _CM_WritePortalState       00415594 f   cmodel.obj
 0001:000145ae       _CM_ReadPortalState        004155ae f   cmodel.obj
 0001:000145cc       _CM_HeadnodeVisible        004155cc f   cmodel.obj
 0001:00014634       _Com_BeginRedirect         00415634 f   common.obj
 0001:00014671       _Com_EndRedirect           00415671 f   common.obj
 0001:0001469c       _Com_Printf                0041569c f   common.obj
 0001:000147fb       _Com_DPrintf               004157fb f   common.obj
 0001:0001485f       _DebugPrintf               0041585f f   common.obj
 0001:00014907       _Com_WPrintf               00415907 f   common.obj
 0001:00014960       _Com_Error                 00415960 f   common.obj
 0001:00014a5b       _Com_Quit                  00415a5b f   common.obj
 0001:00014a8b       _MatchWildcard             00415a8b f   common.obj
 0001:00014be2       _MatchWildcard2            00415be2 f   common.obj
 0001:00014c2e       _IPWildcard                00415c2e f   common.obj
 0001:00014d09       _Com_ServerState           00415d09 f   common.obj
 0001:00014d0f       _Com_SetServerState        00415d0f f   common.obj
 0001:00014d19       _MSG_WriteByte             00415d19 f   common.obj
 0001:00014d19       _MSG_WriteChar             00415d19 f   common.obj
 0001:00014d2d       _MSG_WriteShort            00415d2d f   common.obj
 0001:00014d47       _MSG_WriteLong             00415d47 f   common.obj
 0001:00014d71       _MSG_WriteFloat            00415d71 f   common.obj
 0001:00014d97       _MSG_WriteString           00415d97 f   common.obj
 0001:00014dcf       _MSG_WriteCoord            00415dcf f   common.obj
 0001:00014dfe       _MSG_WritePos              00415dfe f   common.obj
 0001:00014e80       _MSG_WriteAngle            00415e80 f   common.obj
 0001:00014ea9       _MSG_WriteAngle16          00415ea9 f   common.obj
 0001:00014ee4       _MSG_WriteDeltaUsercmd     00415ee4 f   common.obj
 0001:0001506c       _MSG_WriteDir              0041606c f   common.obj
 0001:000150d9       _MSG_ReadDir               004160d9 f   common.obj
 0001:00015117       _MSG_WriteDeltaEntity      00416117 f   common.obj
 0001:00015621       _MSG_BeginReading          00416621 f   common.obj
 0001:0001562a       _MSG_ReadChar              0041662a f   common.obj
 0001:0001564b       _MSG_ReadByte              0041664b f   common.obj
 0001:0001566c       _MSG_ReadShort             0041666c f   common.obj
 0001:0001569c       _MSG_ReadLong              0041669c f   common.obj
 0001:000156db       _MSG_ReadString            004166db f   common.obj
 0001:0001570e       _MSG_ReadCoord             0041670e f   common.obj
 0001:00015728       _MSG_ReadPos               00416728 f   common.obj
 0001:0001577a       _MSG_ReadAngle             0041677a f   common.obj
 0001:00015794       _MSG_ReadAngle16           00416794 f   common.obj
 0001:000157ae       _MSG_ReadDeltaUsercmd      004167ae f   common.obj
 0001:00015865       _MSG_ReadData              00416865 f   common.obj
 0001:00015888       _SZ_Init                   00416888 f   common.obj
 0001:000158aa       _SZ_Clear                  004168aa f   common.obj
 0001:000158b7       _SZ_GetSpace               004168b7 f   common.obj
 0001:0001591d       _SZ_Write                  0041691d f   common.obj
 0001:0001593e       _SZ_Print                  0041693e f   common.obj
 0001:00015987       _Info_Print                00416987 f   common.obj
 0001:00015a44       _COM_BlockSequenceCRCByte  00416a44 f   common.obj
 0001:00015ad0       _frand                     00416ad0 f   common.obj
 0001:00015aed       _crand                     00416aed f   common.obj
 0001:00015b10       _COM_CheckCmdlineVar       00416b10 f   common.obj
 0001:00015b66       _QCommon_Init              00416b66 f   common.obj
 0001:00015ebc       _QCommon_Frame             00416ebc f   common.obj
 0001:000161e8       _DeinitConProc             004171e8 f   conproc.obj
 0001:000161f9       _DrawStringCommon          004171f9 f   console.obj
 0001:00016256       _DrawString                00417256 f   console.obj
 0001:00016278       _DrawAltString             00417278 f   console.obj
 0001:0001629d       _Con_ToggleConsole_f       0041729d f   console.obj
 0001:00016304       _Con_ClearNotify           00417304 f   console.obj
 0001:00016312       _Con_CheckResize           00417312 f   console.obj
 0001:00016432       _Con_Init                  00417432 f   console.obj
 0001:000166d4       _Con_Print                 004176d4 f   console.obj
 0001:000169a4       _Con_DrawNotify            004179a4 f   console.obj
 0001:00016bfe       _Con_DrawConsole           00417bfe f   console.obj
 0001:0001713a       _CRC_Block                 0041813a f   crc.obj
 0001:00017176       _Cvar_VariableValue        00418176 f   cvar.obj
 0001:000171e4       _Cvar_VariableInt          004181e4 f   cvar.obj
 0001:000171f7       _Cvar_VariableString       004181f7 f   cvar.obj
 0001:0001720f       _Cvar_Get                  0041820f f   cvar.obj
 0001:000174a3       _Cvar_GetVars              004184a3 f   cvar.obj
 0001:000174f7       _Cvar_FullSet              004184f7 f   cvar.obj
 0001:00017554       _Cvar_SetValue             00418554 f   cvar.obj
 0001:000177a2       _Cvar_SetInteger           004187a2 f   cvar.obj
 0001:000177c4       _Cvar_Set                  004187c4 f   cvar.obj
 0001:000177d9       _Cvar_ForceSet             004187d9 f   cvar.obj
 0001:000177ee       _Cvar_Clamp                004187ee f   cvar.obj
 0001:00017878       _Cvar_ClampName            00418878 f   cvar.obj
 0001:000178c9       _Cvar_GetLatchedVars       004188c9 f   cvar.obj
 0001:000178f8       _Cvar_Command              004188f8 f   cvar.obj
 0001:000179a4       _Cvar_WriteVariables       004189a4 f   cvar.obj
 0001:00017a1e       _Cvar_BitInfo              00418a1e f   cvar.obj
 0001:00017a57       _Cvar_Userinfo             00418a57 f   cvar.obj
 0001:00017a60       _Cvar_Serverinfo           00418a60 f   cvar.obj
 0001:00017a69       _Cvar_Cheats               00418a69 f   cvar.obj
 0001:00017abf       _Cvar_Init                 00418abf f   cvar.obj
 0001:0001810a       _FS_CreatePath             0041910a f   files.obj
 0001:00018154       _FS_CopyFile               00419154 f   files.obj
 0001:00018257       _FS_CopyFiles              00419257 f   files.obj
 0001:0001832a       _FS_RemoveFiles            0041932a f   files.obj
 0001:0001839e       _Developer_searchpath      0041939e f   files.obj
 0001:000183e3       _FS_FCloseFile             004193e3 f   files.obj
 0001:00018479       _FS_FOpenFile              00419479 f   files.obj
 0001:000189a1       _FS_FileExists             004199a1 f   files.obj
 0001:00018bdb       _FS_Read                   00419bdb f   files.obj
 0001:00018e23       _FS_LoadFile               00419e23 f   files.obj
 0001:00018e85       _FS_FreeFile               00419e85 f   files.obj
 0001:00018e90       _FS_Gamedir                00419e90 f   files.obj
 0001:00018ea4       _FS_LoadGameConfig         00419ea4 f   files.obj
 0001:00018f69       _FS_SetGamedir             00419f69 f   files.obj
 0001:0001960a       _FS_ListFiles              0041a60a f   files.obj
 0001:00019915       _FS_NextPath               0041a915 f   files.obj
 0001:00019939       _FS_InitFilesystem         0041a939 f   files.obj
 0001:0001a2fd       _LoadPCX                   0041b2fd f   images.obj
 0001:0001a434       _LoadTGA                   0041b434 f   images.obj
 0001:0001a627       _LoadJPG                   0041b627 f   images.obj
 0001:0001a8ba       _ImageExists               0041b8ba f   images.obj
 0001:0001a9b4       _WriteTGA                  0041b9b4 f   images.obj
 0001:0001aba5       _WriteJPG                  0041bba5 f   images.obj
 0001:0001accd       _IN_MLookDown              0041bccd f   in_win.obj
 0001:0001acd8       _IN_MLookUp                0041bcd8 f   in_win.obj
 0001:0001acfb       _IN_StartupMouse           0041bcfb f   in_win.obj
 0001:0001ad55       _IN_MouseEvent             0041bd55 f   in_win.obj
 0001:0001add2       _IN_Init                   0041bdd2 f   in_win.obj
 0001:0001ae18       _IN_Shutdown               0041be18 f   in_win.obj
 0001:0001af05       _IN_Activate               0041bf05 f   in_win.obj
 0001:0001af1c       _IN_Frame                  0041bf1c f   in_win.obj
 0001:0001b31d       _IN_Move                   0041c31d f   in_win.obj
 0001:0001b4e8       _IN_StartupJoystick        0041c4e8 f   in_win.obj
 0001:0001b609       _Joy_AdvancedUpdate_f      0041c609 f   in_win.obj
 0001:0001b7a0       _IN_Commands               0041c7a0 f   in_win.obj
 0001:0001b8cf       _IN_ReadJoystick           0041c8cf f   in_win.obj
 0001:0001b90a       _IN_JoyMove                0041c90a f   in_win.obj
 0001:0001bc5a       _Key_StringToKeynum        0041cc5a f   keys.obj
 0001:0001bca4       _Key_KeynumToString        0041cca4 f   keys.obj
 0001:0001bcf7       _Key_Console               0041ccf7 f   keys.obj
 0001:0001ca3c       _Key_Message               0041da3c f   keys.obj
 0001:0001cacd       _Key_SetBinding            0041dacd f   keys.obj
 0001:0001cb27       _Key_Bindlist_f            0041db27 f   keys.obj
 0001:0001cbc3       _Key_WriteBindings         0041dbc3 f   keys.obj
 0001:0001cc01       _Key_Init                  0041dc01 f   keys.obj
 0001:0001ced7       _Key_Event                 0041ded7 f   keys.obj
 0001:0001d1ce       _Key_ClearStates           0041e1ce f   keys.obj
 0001:0001d213       _Key_ClearTyping           0041e213 f   keys.obj
 0001:0001d22c       _MD4Init                   0041e22c f   md4.obj
 0001:0001d254       _MD4Update                 0041e254 f   md4.obj
 0001:0001d2f2       _MD4Final                  0041e2f2 f   md4.obj
 0001:0001d9e3       _Com_BlockChecksum         0041e9e3 f   md4.obj
 0001:0001da1f       _Z_Free                    0041ea1f f   memory.obj
 0001:0001da75       _Z_FreeTags                0041ea75 f   memory.obj
 0001:0001daa5       _Z_TagMalloc               0041eaa5 f   memory.obj
 0001:0001db16       _Z_Malloc                  0041eb16 f   memory.obj
 0001:0001db38       _Z_BlockMalloc             0041eb38 f   memory.obj
 0001:0001db53       _CreateMemoryChain         0041eb53 f   memory.obj
 0001:0001dbbb       _FreeMemoryChain           0041ebbb f   memory.obj
 0001:0001dbe5       _AllocChainBlock           0041ebe5 f   memory.obj
 0001:0001dc30       _CopyString                0041ec30 f   memory.obj
 0001:0001dc54       _ChainCopyString           0041ec54 f   memory.obj
 0001:0001dc7c       _AllocNamedStruc           0041ec7c f   memory.obj
 0001:0001dcb7       _ChainAllocNamedStruc      0041ecb7 f   memory.obj
 0001:0001dcf6       _FindNamedStruc            0041ecf6 f   memory.obj
 0001:0001dd3a       _FindNamedStrucByIndex     0041ed3a f   memory.obj
 0001:0001dd51       _IndexOfNamedStruc         0041ed51 f   memory.obj
 0001:0001dd7f       _AddToNamedList            0041ed7f f   memory.obj
 0001:0001ddc9       _ChainAddToNamedList       0041edc9 f   memory.obj
 0001:0001de13       _FreeNamedList             0041ee13 f   memory.obj
 0001:0001de2e       _Z_Init                    0041ee2e f   memory.obj
 0001:0001de69       _M_PushMenu                0041ee69 f   menu.obj
 0001:0001df26       _M_ForceMenuOff            0041ef26 f   menu.obj
 0001:0001df53       _M_PopMenu                 0041ef53 f   menu.obj
 0001:0001dfa7       _Default_MenuKey           0041efa7 f   menu.obj
 0001:0001e0d1       _M_Print                   0041f0d1 f   menu.obj
 0001:0001e11c       _M_DrawTextBox             0041f11c f   menu.obj
 0001:0001e308       _M_Main_Draw               0041f308 f   menu.obj
 0001:0001e48f       _M_Main_Key                0041f48f f   menu.obj
 0001:0001e573       _M_Menu_Main_f             0041f573 f   menu.obj
 0001:0001e58f       _M_Menu_Multiplayer_f      0041f58f f   menu.obj
 0001:0001e714       _M_Menu_Keys_f             0041f714 f   menu.obj
 0001:0001ebf1       _M_Menu_Options_f          0041fbf1 f   menu.obj
 0001:0001f560       _M_Menu_Video_f            00420560 f   menu.obj
 0001:0001f581       _M_Menu_Credits_f          00420581 f   menu.obj
 0001:0001f751       _M_Menu_Game_f             00420751 f   menu.obj
 0001:0001f9e4       _M_Menu_LoadGame_f         004209e4 f   menu.obj
 0001:0001fcb7       _M_Menu_SaveGame_f         00420cb7 f   menu.obj
 0001:0001fe17       _M_AddToServerList         00420e17 f   menu.obj
 0001:0001fe95       _M_Menu_JoinServer_f       00420e95 f   menu.obj
 0001:000200f9       _M_Menu_StartServer_f      004210f9 f   menu.obj
 0001:00020924       _M_Menu_DMOptions_f        00421924 f   menu.obj
 0001:000210a0       _M_Menu_DownloadOptions_f  004220a0 f   menu.obj
 0001:00021322       _M_Menu_AddressBook_f      00422322 f   menu.obj
 0001:000226dd       _M_Init                    004236dd f   menu.obj
 0001:00022801       _M_Draw                    00423801 f   menu.obj
 0001:0002289b       _M_Keydown                 0042389b f   menu.obj
 0001:000228b7       _LoadQ2BspFile             004238b7 f   model.obj
 0001:00022e80       _LoadBspFile               00423e80 f   model.obj
 0001:00022fa0       _ProcessEntstring          00423fa0 f   model.obj
 0001:00023e29       _Netchan_Init              00424e29 f   net_chan.obj
 0001:00023e89       _Netchan_OutOfBand         00424e89 f   net_chan.obj
 0001:00023ee9       _Netchan_OutOfBandPrint    00424ee9 f   net_chan.obj
 0001:00023f29       _Netchan_Setup             00424f29 f   net_chan.obj
 0001:00023f84       _Netchan_NeedReliable      00424f84 f   net_chan.obj
 0001:00023fb0       _Netchan_Transmit          00424fb0 f   net_chan.obj
 0001:00024154       _Netchan_Process           00425154 f   net_chan.obj
 0001:0002427b       _NetadrToSockadr           0042527b f   net_wins.obj
 0001:0002431d       _SockadrToNetadr           0042531d f   net_wins.obj
 0001:00024380       _NET_CompareAdr            00425380 f   net_wins.obj
 0001:000243e6       _NET_CompareBaseAdr        004253e6 f   net_wins.obj
 0001:0002443f       _NET_AdrToString           0042543f f   net_wins.obj
 0001:000244f8       _NET_StringToSockaddr      004254f8 f   net_wins.obj
 0001:00024731       _NET_StringToAdr           00425731 f   net_wins.obj
 0001:0002478a       _NET_IsLocalAddress        0042578a f   net_wins.obj
 0001:00024796       _NET_GetLoopPacket         00425796 f   net_wins.obj
 0001:0002481d       _NET_SendLoopPacket        0042581d f   net_wins.obj
 0001:00024869       _NET_GetPacket             00425869 f   net_wins.obj
 0001:00024987       _NET_SendPacket            00425987 f   net_wins.obj
 0001:00024a61       _NET_IPSocket              00425a61 f   net_wins.obj
 0001:00024b77       _NET_OpenIP                00425b77 f   net_wins.obj
 0001:00024bf3       _NET_OpenIPX               00425bf3 f   net_wins.obj
 0001:00024d4b       _NET_Config                00425d4b f   net_wins.obj
 0001:00024dde       _NET_Init                  00425dde f   net_wins.obj
 0001:00024e48       _Pmove                     00425e48 f   pmove.obj
 0001:000269a8       _NormalizeColor            004279a8 f   q_shared2.obj
 0001:00026a14       _NormalizeColor255         00427a14 f   q_shared2.obj
 0001:00026a84       _Q_rsqrt                   00427a84 f   q_shared2.obj
 0001:00026ab4       _RotatePointAroundVector   00427ab4 f   q_shared2.obj
 0001:00026c24       _AngleVectors              00427c24 f   q_shared2.obj
 0001:00026d85       _ProjectPointOnPlane       00427d85 f   q_shared2.obj
 0001:00026e04       _PerpendicularVector       00427e04 f   q_shared2.obj
 0001:00026e83       _MakeNormalVectors         00427e83 f   q_shared2.obj
 0001:00026eea       _MatrixMultiply            00427eea f   q_shared2.obj
 0001:00026fd1       _R_ConcatTransforms        00427fd1 f   q_shared2.obj
 0001:0002710b       _SetPlaneSignbits          0042810b f   q_shared2.obj
 0001:0002713b       _LerpAngle                 0042813b f   q_shared2.obj
 0001:0002717e       _anglemod                  0042817e f   q_shared2.obj
 0001:000271aa       _BoxOnPlaneSide            004281aa f   q_shared2.obj
 0001:000272c6       _ClearBounds               004282c6 f   q_shared2.obj
 0001:000272ef       _AddPointToBounds          004282ef f   q_shared2.obj
 0001:00027328       _VectorCompare             00428328 f   q_shared2.obj
 0001:00027356       _VectorNormalize           00428356 f   q_shared2.obj
 0001:000273aa       _VectorNormalize2          004283aa f   q_shared2.obj
 0001:00027402       _VectorNormalizeFast       00428402 f   q_shared2.obj
 0001:00027445       _VectorMA                  00428445 f   q_shared2.obj
 0001:00027474       _CrossProduct              00428474 f   q_shared2.obj
 0001:000274af       _VectorLength              004284af f   q_shared2.obj
 0001:000274de       _VectorDistance            004284de f   q_shared2.obj
 0001:0002750f       _VectorInverse             0042850f f   q_shared2.obj
 0001:0002752a       _VectorScale               0042852a f   q_shared2.obj
 0001:0002754e       _AnglesToAxis              0042854e f   q_shared2.obj
 0001:00027593       _COM_FilePath              00428593 f   q_shared2.obj
 0001:000275c9       _ShortSwap                 004285c9 f   q_shared2.obj
 0001:000275de       _va                        004285de f   q_shared2.obj
 0001:0002762b       _COM_ParseExt              0042862b f   q_shared2.obj
 0001:00027726       _Com_PageInMemory          00428726 f   q_shared2.obj
 0001:00027745       _Q_stricmp                 00428745 f   q_shared2.obj
 0001:00027756       _Q_strncasecmp             00428756 f   q_shared2.obj
 0001:000277ae       _Q_strcasecmp              004287ae f   q_shared2.obj
 0001:000277c4       _Q_strncpyz                004287c4 f   q_shared2.obj
 0001:000277e8       _Q_strncpylower            004287e8 f   q_shared2.obj
 0001:00027822       _Q_CopyFilename            00428822 f   q_shared2.obj
 0001:000278bc       _Com_sprintf               004288bc f   q_shared2.obj
 0001:00027902       _Info_ValueForKey          00428902 f   q_shared2.obj
 0001:0002798d       _Info_RemoveKey            0042898d f   q_shared2.obj
 0001:00027a13       _Info_SetValueForKey       00428a13 f   q_shared2.obj
 0001:00027b51       _Field_Draw                00428b51 f   qmenu.obj
 0001:00027d65       _Field_Key                 00428d65 f   qmenu.obj
 0001:00027fce       _Menu_AddItem              00428fce f   qmenu.obj
 0001:00028003       _Menu_AdjustCursor         00429003 f   qmenu.obj
 0001:00028142       _Menu_Center               00429142 f   qmenu.obj
 0001:0002817a       _Menu_DrawDotsItem         0042917a f   qmenu.obj
 0001:000281df       _Menu_Draw                 004291df f   qmenu.obj
 0001:00028490       _Menu_ItemAtCursor         00429490 f   qmenu.obj
 0001:000284a8       _Menu_SelectItem           004294a8 f   qmenu.obj
 0001:000284ea       _Menu_SetStatusBar         004294ea f   qmenu.obj
 0001:000284f9       _Menu_SlideItem            004294f9 f   qmenu.obj
 0001:00028549       _Menu_TallySlots           00429549 f   qmenu.obj
 0001:000289f9       _S_SoundInfo_f             004299f9 f   snd_dma.obj
 0001:00028a83       _S_ReadModelsSex           00429a83 f   snd_dma.obj
 0001:00028b6c       _S_IsFemale                00429b6c f   snd_dma.obj
 0001:00028bfa       _S_Init                    00429bfa f   snd_dma.obj
 0001:00028ccd       _S_Shutdown                00429ccd f   snd_dma.obj
 0001:00028d57       _S_FindName                00429d57 f   snd_dma.obj
 0001:00028e43       _S_AliasName               00429e43 f   snd_dma.obj
 0001:00028ecf       _S_BeginRegistration       00429ecf f   snd_dma.obj
 0001:00028ee0       _S_RegisterSound           00429ee0 f   snd_dma.obj
 0001:00028f46       _S_EndRegistration         00429f46 f   snd_dma.obj
 0001:00028fd9       _S_PickChannel             00429fd9 f   snd_dma.obj
 0001:00029070       _S_SpatializeOrigin        0042a070 f   snd_dma.obj
 0001:00029197       _S_Spatialize              0042a197 f   snd_dma.obj
 0001:00029205       _S_AllocPlaysound          0042a205 f   snd_dma.obj
 0001:00029224       _S_FreePlaysound           0042a224 f   snd_dma.obj
 0001:00029254       _S_IssuePlaysound          0042a254 f   snd_dma.obj
 0001:00029312       _S_RegisterSexedSound      0042a312 f   snd_dma.obj
 0001:000293f6       _S_StartSound              0042a3f6 f   snd_dma.obj
 0001:0002958c       _S_StartLocalSound         0042a58c f   snd_dma.obj
 0001:000295db       _S_ClearBuffer             0042a5db f   snd_dma.obj
 0001:00029633       _S_StopAllSounds           0042a633 f   snd_dma.obj
 0001:000296ae       _S_AddLoopSounds           0042a6ae f   snd_dma.obj
 0001:00029883       _S_RawSamples              0042a883 f   snd_dma.obj
 0001:00029a87       _S_Update                  0042aa87 f   snd_dma.obj
 0001:00029bae       _GetSoundtime              0042abae f   snd_dma.obj
 0001:00029c15       _S_Update_                 0042ac15 f   snd_dma.obj
 0001:00029cab       _S_Play                    0042acab f   snd_dma.obj
 0001:00029d5b       _S_SoundList               0042ad5b f   snd_dma.obj
 0001:00029e1c       _ResampleSfx               0042ae1c f   snd_mem.obj
 0001:00029f20       _S_LoadSound               0042af20 f   snd_mem.obj
 0001:0002a046       _FindNextChunk             0042b046 f   snd_mem.obj
 0001:0002a0d0       _GetWavinfo                0042b0d0 f   snd_mem.obj
 0001:0002a2c0       _S_WriteLinearBlastStereo16 0042b2c0 f   snd_mix.obj
 0001:0002a334       _S_TransferStereo16        0042b334 f   snd_mix.obj
 0001:0002a39d       _S_TransferPaintBuffer     0042b39d f   snd_mix.obj
 0001:0002a4f9       _S_PaintChannels           0042b4f9 f   snd_mix.obj
 0001:0002a71e       _S_InitScaletable          0042b71e f   snd_mix.obj
 0001:0002a771       _S_PaintChannelFrom8       0042b771 f   snd_mix.obj
 0001:0002a873       _S_PaintChannelFrom16      0042b873 f   snd_mix.obj
 0001:0002a8de       _FreeSound                 0042b8de f   snd_win.obj
 0001:0002a9ee       _SNDDMA_InitDirect         0042b9ee f   snd_win.obj
 0001:0002aebd       _SNDDMA_Init               0042bebd f   snd_win.obj
 0001:0002af39       _SNDDMA_GetDMAPos          0042bf39 f   snd_win.obj
 0001:0002af83       _SNDDMA_BeginPainting      0042bf83 f   snd_win.obj
 0001:0002b085       _SNDDMA_Submit             0042c085 f   snd_win.obj
 0001:0002b0aa       _SNDDMA_Shutdown           0042c0aa f   snd_win.obj
 0001:0002b0af       _S_Activate                0042c0af f   snd_win.obj
 0001:0002b0da       _SV_SetMaster_f            0042c0da f   sv_ccmds.obj
 0001:0002b1ec       _SV_WipeSavegame           0042c1ec f   sv_ccmds.obj
 0001:0002b21a       _SV_CopySaveGame           0042c21a f   sv_ccmds.obj
 0001:0002b26f       _SV_WriteLevelFile         0042c26f f   sv_ccmds.obj
 0001:0002b31d       _SV_ReadLevelFile          0042c31d f   sv_ccmds.obj
 0001:0002b3cb       _SV_WriteServerFile        0042c3cb f   sv_ccmds.obj
 0001:0002b626       _SV_ReadServerFile         0042c626 f   sv_ccmds.obj
 0001:0002b740       _SV_DemoMap_f              0042c740 f   sv_ccmds.obj
 0001:0002b7cf       _SV_GameMap_f              0042c7cf f   sv_ccmds.obj
 0001:0002b93f       _SV_Map_f                  0042c93f f   sv_ccmds.obj
 0001:0002b9ac       _SV_Loadgame_f             0042c9ac f   sv_ccmds.obj
 0001:0002bab1       _SV_Savegame_f             0042cab1 f   sv_ccmds.obj
 0001:0002bbb6       _SV_AddressBanned          0042cbb6 f   sv_ccmds.obj
 0001:0002bbf8       _SV_InitOperatorCommands   0042cbf8 f   sv_ccmds.obj
 0001:0002c597       _SV_EmitPacketEntities     0042d597 f   sv_ents.obj
 0001:0002c705       _SV_WritePlayerstateToClient 0042d705 f   sv_ents.obj
 0001:0002cbc3       _SV_WriteFrameToClient     0042dbc3 f   sv_ents.obj
 0001:0002cc7f       _SV_FatPVS                 0042dc7f f   sv_ents.obj
 0001:0002cdac       _SV_BuildClientFrame       0042ddac f   sv_ents.obj
 0001:0002d077       _SV_RecordDemoMessage      0042e077 f   sv_ents.obj
 0001:0002d196       _SV_ShutdownGameProgs      0042e196 f   sv_game.obj
 0001:0002d1af       _SV_InitGameProgs          0042e1af f   sv_game.obj
 0001:0002da5a       _SV_FindIndex              0042ea5a f   sv_init.obj
 0001:0002db21       _SV_ModelIndex             0042eb21 f   sv_init.obj
 0001:0002db37       _SV_SoundIndex             0042eb37 f   sv_init.obj
 0001:0002db50       _SV_ImageIndex             0042eb50 f   sv_init.obj
 0001:0002db69       _SV_CreateBaseline         0042eb69 f   sv_init.obj
 0001:0002dbcc       _SV_CheckForSavegame       0042ebcc f   sv_init.obj
 0001:0002dc54       _SV_SpawnServer            0042ec54 f   sv_init.obj
 0001:0002deea       _SV_InitGame               0042eeea f   sv_init.obj
 0001:0002e0d5       _SV_Map                    0042f0d5 f   sv_init.obj
 0001:0002e293       _SV_DropClient             0042f293 f   sv_main.obj
 0001:0002e308       _SV_StatusString           0042f308 f   sv_main.obj
 0001:0002e3e7       _SVC_Info                  0042f3e7 f   sv_main.obj
 0001:0002e4bd       _SVC_GetChallenge          0042f4bd f   sv_main.obj
 0001:0002e565       _SVC_DirectConnect         0042f565 f   sv_main.obj
 0001:0002e9d3       _Rcon_Validate             0042f9d3 f   sv_main.obj
 0001:0002ea04       _SVC_RemoteCommand         0042fa04 f   sv_main.obj
 0001:0002ead6       _SV_ConnectionlessPacket   0042fad6 f   sv_main.obj
 0001:0002ec38       _SV_CalcPings              0042fc38 f   sv_main.obj
 0001:0002ecbf       _SV_GiveMsec               0042fcbf f   sv_main.obj
 0001:0002ecfe       _SV_ReadPackets            0042fcfe f   sv_main.obj
 0001:0002ee14       _SV_CheckTimeouts          0042fe14 f   sv_main.obj
 0001:0002eeba       _SV_PostprocessFrame       0042feba f   sv_main.obj
 0001:0002f2a6       _SV_MulticastHook          004302a6 f   sv_main.obj
 0001:0002f54d       _SV_TraceHook              0043054d f   sv_main.obj
 0001:0002f683       _SV_Frame                  00430683 f   sv_main.obj
 0001:0002f8ca       _SV_UserinfoChanged        004308ca f   sv_main.obj
 0001:0002f98d       _SV_Init                   0043098d f   sv_main.obj
 0001:0002f9f0       _SV_Shutdown               004309f0 f   sv_main.obj
 0001:0002fbbe       _SV_FlushRedirect          00430bbe f   sv_send.obj
 0001:0002fc30       _SV_ClientPrintf           00430c30 f   sv_send.obj
 0001:0002fc86       _SV_BroadcastPrintf        00430c86 f   sv_send.obj
 0001:0002fd57       _SV_BroadcastCommand       00430d57 f   sv_send.obj
 0001:0002fda9       _SV_Multicast              00430da9 f   sv_send.obj
 0001:0002ff99       _SV_MulticastOld           00430f99 f   sv_send.obj
 0001:0002ffac       _SV_StartSound             00430fac f   sv_send.obj
 0001:00030206       _SV_StartSoundOld          00431206 f   sv_send.obj
 0001:00030236       _SV_StartSoundNew          00431236 f   sv_send.obj
 0001:00030266       _SV_SendClientDatagram     00431266 f   sv_send.obj
 0001:0003033d       _SV_DemoCompleted          0043133d f   sv_send.obj
 0001:00030359       _SV_RateDrop               00431359 f   sv_send.obj
 0001:000303a4       _SV_SendClientMessages     004313a4 f   sv_send.obj
 0001:000304f7       _SV_BeginDemoserver        004314f7 f   sv_user.obj
 0001:00030547       _SV_New_f                  00431547 f   sv_user.obj
 0001:000306bc       _SV_Configstrings_f        004316bc f   sv_user.obj
 0001:00030816       _SV_Baselines_f            00431816 f   sv_user.obj
 0001:0003098a       _SV_Begin_f                0043198a f   sv_user.obj
 0001:000309e7       _SV_NextDownload_f         004319e7 f   sv_user.obj
 0001:00030abb       _SV_BeginDownload_f        00431abb f   sv_user.obj
 0001:00030cd3       _SV_Disconnect_f           00431cd3 f   sv_user.obj
 0001:00030ce3       _SV_ShowServerinfo_f       00431ce3 f   sv_user.obj
 0001:00030cf0       _SV_Nextserver             00431cf0 f   sv_user.obj
 0001:00030d4f       _SV_Nextserver_f           00431d4f f   sv_user.obj
 0001:00030d96       _SV_ExecuteUserCommand     00431d96 f   sv_user.obj
 0001:00030e03       _SV_ClientThink            00431e03 f   sv_user.obj
 0001:00030e46       _SV_ExecuteClientMessage   00431e46 f   sv_user.obj
 0001:00031077       _SV_ClearWorld             00432077 f   sv_world.obj
 0001:000311db       _SV_UnlinkEdict            004321db f   sv_world.obj
 0001:0003123e       _SV_LinkEdict              0043223e f   sv_world.obj
 0001:000317fb       _SV_AreaEdicts             004327fb f   sv_world.obj
 0001:0003196c       _SV_PointContents          0043296c f   sv_world.obj
 0001:00031a57       _SV_ClipMoveToEntities     00432a57 f   sv_world.obj
 0001:00031da9       _SV_Trace                  00432da9 f   sv_world.obj
 0001:00031e14       _Sys_Error                 00432e14 f   sys_win.obj
 0001:00031e74       _Sys_Quit                  00432e74 f   sys_win.obj
 0001:00031f50       _Sys_Init                  00432f50 f   sys_win.obj
 0001:0003235d       _Sys_ConsoleInput          0043335d f   sys_win.obj
 0001:000324bd       _Sys_ConsoleOutput         004334bd f   sys_win.obj
 0001:0003256e       _Sys_SendKeyEvents         0043356e f   sys_win.obj
 0001:000325d7       _Sys_GetClipboardData      004335d7 f   sys_win.obj
 0001:00032630       _Sys_AppActivate           00433630 f   sys_win.obj
 0001:0003264b       _Sys_UnloadGame            0043364b f   sys_win.obj
 0001:00032670       _Sys_GetGameAPI            00433670 f   sys_win.obj
 0001:0003275d       _WinMain@16                0043375d f   sys_win.obj
 0001:00032851       _Vid_CreateWindow          00433851 f   vid_dll.obj
 0001:00032f4c       _Vid_DestroyWindow         00433f4c f   vid_dll.obj
 0001:00032f95       _Vid_GetModeInfo           00433f95 f   vid_dll.obj
 0001:00032fc4       _Vid_UpdateWindowPosAndSize 00433fc4 f   vid_dll.obj
 0001:0003302b       _Vid_FreeReflib            0043402b f   vid_dll.obj
 0001:0003306c       _Vid_CheckChanges          0043406c f   vid_dll.obj
 0001:0003342d       _Vid_Init                  0043442d f   vid_dll.obj
 0001:0003349e       _Vid_Shutdown              0043449e f   vid_dll.obj
 0001:000334cc       _Vid_MenuInit              004344cc f   vid_menu.obj
 0001:00033c07       _Vid_MenuDraw              00434c07 f   vid_menu.obj
 0001:00033c9b       _Vid_MenuKey               00434c9b f   vid_menu.obj
 0001:00033fd3       _TesselateText             00434fd3 f   gl_backend.obj
 0001:00035ab9       _GL_BackEnd                00436ab9 f   gl_backend.obj
 0001:0003736c       _GL_InitBackend            0043836c f   gl_backend.obj
 0001:000373a3       _GL_ShutdownBackend        004383a3 f   gl_backend.obj
 0001:000373b7       _GL_AllocDynamicMemory     004383b7 f   gl_buffers.obj
 0001:00037425       _GL_ResizeDynamicMemory    00438425 f   gl_buffers.obj
 0001:00037477       _GL_AddSurfaceToPortal     00438477 f   gl_buffers.obj
 0001:000374da       _GL_AddDynamicSurface      004384da f   gl_buffers.obj
 0001:00037502       _GL_InsertShaderIndex      00438502 f   gl_buffers.obj
 0001:0003754e       _GL_ClearPortal            0043854e f   gl_buffers.obj
 0001:0003756a       _GL_FinishPortal           0043856a f   gl_buffers.obj
 0001:000375c0       _GL_SortSurfaces           004385c0 f   gl_buffers.obj
 0001:0003775b       _GL_ClearBuffers           0043875b f   gl_buffers.obj
 0001:00037772       _GL_TextureMode            00438772 f   gl_image.obj
 0001:00037821       _GL_CreateImage            00438821 f   gl_image.obj
 0001:0003852e       _GL_SetRawPalette          0043952e f   gl_image.obj
 0001:0003855f       _GL_DrawStretchRaw         0043955f f   gl_image.obj
 0001:00038823       _GL_SetupGamma             00439823 f   gl_image.obj
 0001:000389c5       _GL_PerformScreenshot      004399c5 f   gl_image.obj
 0001:00038be4       _GL_InitImages             00439be4 f   gl_image.obj
 0001:00039159       _GL_ShutdownImages         0043a159 f   gl_image.obj
 0001:000391d4       _GL_ShowImages             0043a1d4 f   gl_image.obj
 0001:0003940a       _GL_FindImage              0043a40a f   gl_image.obj
 0001:00039807       _GL_Lock                   0043a807 f   gl_interface.obj
 0001:00039884       _GL_Unlock                 0043a884 f   gl_interface.obj
 0001:00039a0d       _GL_Bind                   0043aa0d f   gl_interface.obj
 0001:00039b00       _GL_BindForce              0043ab00 f   gl_interface.obj
 0001:00039b4c       _GL_TexEnv                 0043ab4c f   gl_interface.obj
 0001:00039cc9       _GL_TexEnvColor            0043acc9 f   gl_interface.obj
 0001:00039d75       _GL_SelectTexture          0043ad75 f   gl_interface.obj
 0001:00039dd3       _GL_TexCoordPointer        0043add3 f   gl_interface.obj
 0001:00039e02       _GL_SetMultitexture        0043ae02 f   gl_interface.obj
 0001:00039eda       _GL_DisableTexCoordArrays  0043aeda f   gl_interface.obj
 0001:00039f33       _GL_CullFace               0043af33 f   gl_interface.obj
 0001:00039f84       _GL_DepthRange             0043af84 f   gl_interface.obj
 0001:00039fb7       _GL_State                  0043afb7 f   gl_interface.obj
 0001:0003a110       _GL_EnableFog              0043b110 f   gl_interface.obj
 0001:0003a214       _GL_SetDefaultState        0043b214 f   gl_interface.obj
 0001:0003a333       _GL_Set2DMode              0043b333 f   gl_interface.obj
 0001:0003a431       _GL_Setup                  0043b431 f   gl_interface.obj
 0001:0003a56a       _GL_ShowLights             0043b56a f   gl_light.obj
 0001:0003a827       _GL_LightForEntity         0043b827 f   gl_light.obj
 0001:0003b981       _GL_ApplyEntitySpherelights 0043c981 f   gl_light.obj
 0001:0003bb02       _LM_Init                   0043cb02 f   gl_lightmap.obj
 0001:0003bb18       _LM_Flush                  0043cb18 f   gl_lightmap.obj
 0001:0003bb76       _LM_Done                   0043cb76 f   gl_lightmap.obj
 0001:0003bb9d       _LM_Save                   0043cb9d f   gl_lightmap.obj
 0001:0003bbb7       _LM_Restore                0043cbb7 f   gl_lightmap.obj
 0001:0003bbd1       _LM_NewBlock               0043cbd1 f   gl_lightmap.obj
 0001:0003bc4a       _LM_Rewind                 0043cc4a f   gl_lightmap.obj
 0001:0003bc52       _LM_NextBlock              0043cc52 f   gl_lightmap.obj
 0001:0003bc83       _LM_AllocBlock             0043cc83 f   gl_lightmap.obj
 0001:0003bd36       _LM_PutBlock               0043cd36 f   gl_lightmap.obj
 0001:0003becb       _LM_SortLightStyles        0043cecb f   gl_lightmap.obj
 0001:0003bf59       _GL_UpdateDynamicLightmap  0043cf59 f   gl_lightmap.obj
 0001:0003c438       _GL_DrawStretchPic         0043d438 f   gl_main.obj
 0001:0003c4f4       _DrawTextLeft              0043d4f4 f   gl_main.obj
 0001:0003c5ff       _DrawTextRight             0043d5ff f   gl_main.obj
 0001:0003c650       _GL_GetRefAPI              0043d650 f   gl_main.obj
 0001:0003deb5       _GL_InitFuncTables         0043eeb5 f   gl_math.obj
 0001:0003e066       _ModelToWorldCoord         0043f066 f   gl_math.obj
 0001:0003e0ba       _WorldToModelCoord         0043f0ba f   gl_math.obj
 0001:0003e101       _GL_FindModel              0043f101 f   gl_model.obj
 0001:0003e27c       _GL_LoadWorldMap           0043f27c f   gl_model.obj
 0001:00040318       _GL_PointInLeaf            00441318 f   gl_model.obj
 0001:00040c37       _ATAN2_FUNC                00441c37 f i gl_model.obj
 0001:00040dd6       _GL_FindSkin               00441dd6 f   gl_model.obj
 0001:00040f2c       _GL_ResetModels            00441f2c f   gl_model.obj
 0001:00040ff6       _GL_InitModels             00441ff6 f   gl_model.obj
 0001:00041063       _GL_ShutdownModels         00442063 f   gl_model.obj
 0001:00041079       _SubdividePlane            00442079 f   gl_poly.obj
 0001:000414cf       _FreeSubdividedPlane       004424cf f   gl_poly.obj
 0001:000414e7       _GetSubdivideIndexes       004424e7 f   gl_poly.obj
 0001:0004153a       _RemoveCollinearPoints     0044253a f   gl_poly.obj
 0001:0004164e       _GetPolyArea               0044264e f   gl_poly.obj
 0001:000416e2       _GL_InitShaders            004426e2 f   gl_shader.obj
 0001:0004180b       _GL_ShutdownShaders        0044280b f   gl_shader.obj
 0001:00041835       _GL_SetShaderLightmap      00442835 f   gl_shader.obj
 0001:00041bfc       _GL_SetShaderLightstyles   00442bfc f   gl_shader.obj
 0001:00041c98       _GL_GetAlphaShader         00442c98 f   gl_shader.obj
 0001:00041fcd       _GL_FindShader             00442fcd f   gl_shader.obj
 0001:0004251e       _GL_GetShaderByNum         0044351e f   gl_shader.obj
 0001:0004253c       _GL_ResetShaders           0044353c f   gl_shader.obj
 0001:00042932       _GL_ClearSkyBox            00443932 f   gl_sky.obj
 0001:00042955       _GL_ShowWholeSky           00443955 f   gl_sky.obj
 0001:0004297d       _GL_AddSkySurface          0044397d f   gl_sky.obj
 0001:00042f6f       _GL_TesselateSkySide       00443f6f f   gl_sky.obj
 0001:00043232       _GL_AddEntity              00444232 f   gl_world.obj
 0001:0004372f       _GL_AddDlight              0044472f f   gl_world.obj
 0001:000438f7       _GL_DrawPortal             004448f7 f   gl_world.obj
 0001:000460c6       _GLimp_SetMode             004470c6 f   glw_imp.obj
 0001:00046368       _GLimp_HasGamma            00447368 f   glw_imp.obj
 0001:0004637d       _GLimp_SetGamma            0044737d f   glw_imp.obj
 0001:00046523       _GLimp_Shutdown            00447523 f   glw_imp.obj
 0001:00046630       _GLimp_Init                00447630 f   glw_imp.obj
 0001:00046974       _GLimp_EndFrame            00447974 f   glw_imp.obj
 0001:00046a10       _GLimp_AppActivate         00447a10 f   glw_imp.obj
 0001:000480f1       _QGL_Shutdown              004490f1 f   qgl_win.obj
 0001:00048123       _QGL_Init                  00449123 f   qgl_win.obj
 0001:000481a7       _QGL_InitExtensions        004491a7 f   qgl_win.obj
 0001:00048532       _QGL_EnableLogging         00449532 f   qgl_win.obj
 0001:000485fd       _QGL_LogMessage            004495fd f   qgl_win.obj
 0001:00048614       _Hunk_Begin                00449614 f   q_shwin.obj
 0001:0004864e       _Hunk_Alloc                0044964e f   q_shwin.obj
 0001:000486d5       _Hunk_End                  004496d5 f   q_shwin.obj
 0001:000486db       _Hunk_Free                 004496db f   q_shwin.obj
 0001:000486f4       _Sys_Milliseconds          004496f4 f   q_shwin.obj
 0001:00048728       _Sys_Mkdir                 00449728 f   q_shwin.obj
 0001:00048734       _Sys_FindFirst             00449734 f   q_shwin.obj
 0001:000487b2       _Sys_FindNext              004497b2 f   q_shwin.obj
 0001:00048827       _Sys_FindClose             00449827 f   q_shwin.obj
 0001:00048841       _R_Alias_clip_z            00449841 f   r_aclip.obj
 0001:000488ee       _R_Alias_clip_left         004498ee f   r_aclip.obj
 0001:00048abc       _R_Alias_clip_right        00449abc f   r_aclip.obj
 0001:00048c8a       _R_Alias_clip_top          00449c8a f   r_aclip.obj
 0001:00048e5a       _R_Alias_clip_bottom       00449e5a f   r_aclip.obj
 0001:0004902a       _R_AliasClip               0044a02a f   r_aclip.obj
 0001:000490fa       _R_AliasClipTriangle       0044a0fa f   r_aclip.obj
 0001:000492ec       _R_AliasCheckFrameBBox     0044a2ec f   r_alias.obj
 0001:0004941f       _R_AliasCheckBBox          0044a41f f   r_alias.obj
 0001:00049483       _R_AliasTransformVector    0044a483 f   r_alias.obj
 0001:000494df       _R_AliasPreparePoints      0044a4df f   r_alias.obj
 0001:00049777       _R_AliasSetUpTransform     0044a777 f   r_alias.obj
 0001:00049906       _R_AliasTransformFinalVerts 0044a906 f   r_alias.obj
 0001:00049ad5       _R_AliasProjectAndClipTestFinalVert 0044aad5 f   r_alias.obj
 0001:00049b5d       _R_AliasSetupLighting      0044ab5d f   r_alias.obj
 0001:00049cc7       _R_AliasSetupFrames        0044acc7 f   r_alias.obj
 0001:00049d3b       _R_AliasSetUpLerpData      0044ad3b f   r_alias.obj
 0001:00049e63       _R_AliasDrawModel          0044ae63 f   r_alias.obj
 0001:0004a0ea       _R_EntityRotate            0044b0ea f   r_bsp.obj
 0001:0004a16b       _R_RotateBmodel            0044b16b f   r_bsp.obj
 0001:0004a2c6       _R_RecursiveClipBPoly      0044b2c6 f   r_bsp.obj
 0001:0004a5f6       _R_DrawSolidClippedSubmodelPolygons 0044b5f6 f   r_bsp.obj
 0001:0004a77d       _R_DrawSubmodelPolygons    0044b77d f   r_bsp.obj
 0001:0004a80d       _R_RecursiveWorldNode      0044b80d f   r_bsp.obj
 0001:0004aa68       _R_RenderWorld             0044ba68 f   r_bsp.obj
 0001:0004aae4       _Draw_FindPic              0044bae4 f   r_draw.obj
 0001:0004ab27       _Draw_InitLocal            0044bb27 f   r_draw.obj
 0001:0004ab38       _Draw_Char                 0044bb38 f   r_draw.obj
 0001:0004ac19       _Draw_CharColor            0044bc19 f   r_draw.obj
 0001:0004ad28       _R_DrawTexts               0044bd28 f   r_draw.obj
 0001:0004ad9e       _DrawText_Pos              0044bd9e f   r_draw.obj
 0001:0004aeac       _DrawText_Left             0044beac f   r_draw.obj
 0001:0004aee8       _DrawText_Right            0044bee8 f   r_draw.obj
 0001:0004af37       _Draw_GetPicSize           0044bf37 f   r_draw.obj
 0001:0004af77       _Draw_StretchPicImplementation 0044bf77 f   r_draw.obj
 0001:0004b0a1       _Draw_StretchPic           0044c0a1 f   r_draw.obj
 0001:0004b0d9       _Draw_StretchRaw           0044c0d9 f   r_draw.obj
 0001:0004b10b       _Draw_Pic                  0044c10b f   r_draw.obj
 0001:0004b2c4       _Draw_PicColor             0044c2c4 f   r_draw.obj
 0001:0004b47d       _Draw_TileClear            0044c47d f   r_draw.obj
 0001:0004b54d       _Draw_Fill                 0044c54d f   r_draw.obj
 0001:0004b5e9       _Draw_Fade                 0044c5e9 f   r_draw.obj
 0001:0004b64b       _R_BeginEdgeFrame          0044c64b f   r_edge.obj
 0001:0004b707       _R_InsertNewEdges          0044c707 f   r_edge.obj
 0001:0004b74d       _R_RemoveEdges             0044c74d f   r_edge.obj
 0001:0004b76b       _R_StepActiveU             0044c76b f   r_edge.obj
 0001:0004b7ff       _R_CleanupSpan             0044c7ff f   r_edge.obj
 0001:0004b84f       _R_LeadingEdgeBackwards    0044c84f f   r_edge.obj
 0001:0004b8e4       _R_TrailingEdge            0044c8e4 f   r_edge.obj
 0001:0004b948       _R_LeadingEdge             0044c948 f   r_edge.obj
 0001:0004baeb       _R_GenerateSpans           0044caeb f   r_edge.obj
 0001:0004bb59       _R_GenerateSpansBackward   0044cb59 f   r_edge.obj
 0001:0004bbc7       _R_ScanEdges               0044cbc7 f   r_edge.obj
 0001:0004bd9e       _D_FlatFillSurface         0044cd9e f   r_edge.obj
 0001:0004bdf8       _D_CalcGradients           0044cdf8 f   r_edge.obj
 0001:0004c031       _D_BackgroundSurf          0044d031 f   r_edge.obj
 0001:0004c071       _D_TurbulentSurf           0044d071 f   r_edge.obj
 0001:0004c193       _D_SkySurf                 0044d193 f   r_edge.obj
 0001:0004c214       _D_SolidSurf               0044d214 f   r_edge.obj
 0001:0004c37f       _D_DrawflatSurfaces        0044d37f f   r_edge.obj
 0001:0004c3cf       _D_DrawSurfaces            0044d3cf f   r_edge.obj
 0001:0004c4cd       _R_ImageList_f             0044d4cd f   r_image.obj
 0001:0004c58e       _R_FindFreeImage           0044d58e f   r_image.obj
 0001:0004c5dc       _R_LoadPic                 0044d5dc f   r_image.obj
 0001:0004c66c       _R_LoadTex                 0044d66c f   r_image.obj
 0001:0004c6f8       _R_LoadWal                 0044d6f8 f   r_image.obj
 0001:0004c74e       _R_MipMap                  0044d74e f   r_image.obj
 0001:0004c87c       _R_DownsampleImage         0044d87c f   r_image.obj
 0001:0004c981       _R_FindImage               0044d981 f   r_image.obj
 0001:0004cd26       _R_RegisterSkin            0044dd26 f   r_image.obj
 0001:0004cd34       _R_FreeUnusedImages        0044dd34 f   r_image.obj
 0001:0004cd94       _R_InitImages              0044dd94 f   r_image.obj
 0001:0004cdfa       _R_ShutdownImages          0044ddfa f   r_image.obj
 0001:0004ce37       _R_MarkLights              0044de37 f   r_light.obj
 0001:0004cf06       _R_PushDlights             0044df06 f   r_light.obj
 0001:0004cf64       _RecursiveLightPoint       0044df64 f   r_light.obj
 0001:0004d213       _R_LightPoint              0044e213 f   r_light.obj
 0001:0004d32a       _R_AddDynamicLights        0044e32a f   r_light.obj
 0001:0004d5c4       _R_BuildLightMap           0044e5c4 f   r_light.obj
 0001:0004d6ba       _R_InitTextures            0044e6ba f   r_main.obj
 0001:0004d77b       _R_InitTurb                0044e77b f   r_main.obj
 0001:0004d7f8       _R_Register                0044e7f8 f   r_main.obj
 0001:0004d860       _R_Init                    0044e860 f   r_main.obj
 0001:0004d8f1       _R_Shutdown                0044e8f1 f   r_main.obj
 0001:0004d966       _R_NewMap                  0044e966 f   r_main.obj
 0001:0004da10       _R_MarkLeaves              0044ea10 f   r_main.obj
 0001:0004db37       _R_DrawEntitiesOnList      0044eb37 f   r_main.obj
 0001:0004dd46       _R_BmodelCheckBBox         0044ed46 f   r_main.obj
 0001:0004ddf8       _R_FindTopnode             0044edf8 f   r_main.obj
 0001:0004de80       _RotatedBBox               0044ee80 f   r_main.obj
 0001:0004dfdf       _R_DrawBEntitiesOnList     0044efdf f   r_main.obj
 0001:0004e1f7       _R_EdgeDrawing             0044f1f7 f   r_main.obj
 0001:0004e2cc       _R_CalcPalette             0044f2cc f   r_main.obj
 0001:0004e3d1       _R_SetLightLevel           0044f3d1 f   r_main.obj
 0001:0004e421       _R_RenderFrame             0044f421 f   r_main.obj
 0001:0004e612       _R_InitGraphics            0044f612 f   r_main.obj
 0001:0004e688       _R_BeginFrame              0044f688 f   r_main.obj
 0001:0004e7ab       _R_GammaCorrectAndSetPalette 0044f7ab f   r_main.obj
 0001:0004e80a       _R_CinematicSetPalette     0044f80a f   r_main.obj
 0001:0004e8a1       _Draw_BuildGammaTable      0044f8a1 f   r_main.obj
 0001:0004e94c       _R_DrawBeam                0044f94c f   r_main.obj
 0001:0004eab2       _R_SetSky                  0044fab2 f   r_main.obj
 0001:0004eb2d       _Draw_GetPalette           0044fb2d f   r_main.obj
 0001:0004ec75       _Draw_ConCharColor         0044fc75 f   r_main.obj
 0001:0004ec96       _GetRefAPI                 0044fc96 f   r_main.obj
 0001:0004eee6       _D_ViewChanged             0044fee6 f   r_misc.obj
 0001:0004f059       _R_PrintTimes              00450059 f   r_misc.obj
 0001:0004f0d3       _R_PrintDSpeeds            004500d3 f   r_misc.obj
 0001:0004f19a       _R_PrintAliasStats         0045019a f   r_misc.obj
 0001:0004f1ad       _R_TransformFrustum        004501ad f   r_misc.obj
 0001:0004f275       _TransformVector           00450275 f   r_misc.obj
 0001:0004f2e0       _R_SetUpFrustumIndexes     004502e0 f   r_misc.obj
 0001:0004f345       _R_ViewChanged             00450345 f   r_misc.obj
 0001:0004f68e       _R_SetupFrame              0045068e f   r_misc.obj
 0001:0004f87a       _jpeg_mem_term             0045087a f   r_misc.obj
 0001:0004f87a       _R_SurfacePatch            0045087a f   r_misc.obj
 0001:0004f87a       _QCommon_Shutdown          0045087a f   r_misc.obj
 0001:0004f87a       __setargv                  0045087a f   r_misc.obj
 0001:0004f87b       _WritePCXfile              0045087b f   r_misc.obj
 0001:0004f99d       _R_ScreenShot              0045099d f   r_misc.obj
 0001:0004faac       _Mod_Modellist_f           00450aac f   r_model.obj
 0001:0004fb0a       _Mod_Init                  00450b0a f   r_model.obj
 0001:0004fb22       _Mod_ForName               00450b22 f   r_model.obj
 0001:0004fd5e       _Mod_PointInLeaf           00450d5e f   r_model.obj
 0001:0004fdc0       _Mod_DecompressVis         00450dc0 f   r_model.obj
 0001:0004fe40       _Mod_ClusterPVS            00450e40 f   r_model.obj
 0001:0004fe6d       _Mod_LoadLighting          00450e6d f   r_model.obj
 0001:0004feec       _R_NumberLeafs             00450eec f   r_model.obj
 0001:0004ff3a       _Mod_LoadVertexes          00450f3a f   r_model.obj
 0001:0004ff7c       _Mod_LoadEdges             00450f7c f   r_model.obj
 0001:0004ffca       _Mod_LoadTexinfo           00450fca f   r_model.obj
 0001:00050132       _CalcSurfaceExtents        00451132 f   r_model.obj
 0001:000502b2       _Mod_LoadFaces             004512b2 f   r_model.obj
 0001:00050419       _Mod_SetParent             00451419 f   r_model.obj
 0001:0005043e       _Mod_LoadNodes             0045143e f   r_model.obj
 0001:00050534       _Mod_LoadLeafs             00451534 f   r_model.obj
 0001:000505dd       _Mod_LoadMarksurfaces      004515dd f   r_model.obj
 0001:00050659       _Mod_LoadSurfedges         00451659 f   r_model.obj
 0001:00050698       _Mod_LoadPlanes            00451698 f   r_model.obj
 0001:000506fd       _Mod_LoadBrushModel        004516fd f   r_model.obj
 0001:000508ef       _Mod_LoadAliasModel        004518ef f   r_model.obj
 0001:00050b6a       _Mod_LoadSpriteModel       00451b6a f   r_model.obj
 0001:00050c51       _R_BeginRegistration       00451c51 f   r_model.obj
 0001:00050ce1       _R_RegisterModel           00451ce1 f   r_model.obj
 0001:00050dd9       _R_EndRegistration         00451dd9 f   r_model.obj
 0001:00050e44       _Mod_FreeAll               00451e44 f   r_model.obj
 0001:00050e89       _R_DrawParticle            00451e89 f   r_part.obj
 0001:00051123       _R_DrawParticles           00452123 f   r_part.obj
 0001:000511cd       _R_DrawSpanletOpaque       004521cd f   r_poly.obj
 0001:0005125d       _R_DrawSpanletTurbulentStipple33 0045225d f   r_poly.obj
 0001:00051388       _R_DrawSpanletTurbulentStipple66 00452388 f   r_poly.obj
 0001:00051569       _R_DrawSpanletTurbulentBlended66 00452569 f   r_poly.obj
 0001:0005161e       _R_DrawSpanletTurbulentBlended33 0045261e f   r_poly.obj
 0001:000516d3       _R_DrawSpanlet33           004526d3 f   r_poly.obj
 0001:0005176d       _R_DrawSpanletConstant33   0045276d f   r_poly.obj
 0001:000517c6       _R_DrawSpanlet66           004527c6 f   r_poly.obj
 0001:00051864       _R_DrawSpanlet33Stipple    00452864 f   r_poly.obj
 0001:0005197f       _R_DrawSpanlet66Stipple    0045297f f   r_poly.obj
 0001:00051b10       _R_ClipPolyFace            00452b10 f   r_poly.obj
 0001:00051c81       _R_PolygonDrawSpans        00452c81 f   r_poly.obj
 0001:00052073       _R_PolygonScanLeftEdge     00453073 f   r_poly.obj
 0001:000521d7       _R_PolygonScanRightEdge    004531d7 f   r_poly.obj
 0001:000523e1       _R_ClipAndDrawPoly         004533e1 f   r_poly.obj
 0001:000525e3       _R_BuildPolygonFromSurface 004535e3 f   r_poly.obj
 0001:000527f6       _R_PolygonCalculateGradients 004537f6 f   r_poly.obj
 0001:00052aaf       _R_DrawAlphaSurfaces       00453aaf f   r_poly.obj
 0001:00052b45       _R_IMFlatShadedQuad        00453b45 f   r_poly.obj
 0001:00052c87       _R_InitAdivtab             00453c87 f   r_polyse.obj
 0001:00052cf3       _R_PolysetUpdateTables     00453cf3 f   r_polyse.obj
 0001:00052d2e       _R_DrawTriangle            00453d2e f   r_polyse.obj
 0001:00052e3f       _R_PolysetScanLeftEdge_C   00453e3f f   r_polyse.obj
 0001:00053009       _FloorDivMod               00454009 f   r_polyse.obj
 0001:000530a3       _R_PolysetSetUpForLineScan 004540a3 f   r_polyse.obj
 0001:00053131       _R_PolysetCalcGradients    00454131 f   r_polyse.obj
 0001:000533a4       _R_PolysetDrawSpans8_33    004543a4 f   r_polyse.obj
 0001:000534d4       _R_PolysetDrawSpansConstant8_33 004544d4 f   r_polyse.obj
 0001:0005356e       _R_PolysetDrawSpans8_66    0045456e f   r_polyse.obj
 0001:000536aa       _R_PolysetDrawSpansConstant8_66 004546aa f   r_polyse.obj
 0001:00053752       _R_PolysetDrawSpans8_Opaque 00454752 f   r_polyse.obj
 0001:0005389d       _R_RasterizeAliasPolySmooth 0045489d f   r_polyse.obj
 0001:00053e7d       _R_PolysetSetEdgeTable     00454e7d f   r_polyse.obj
 0001:00053f18       _R_InitSkyBox              00454f18 f   r_rast.obj
 0001:00054192       _R_EmitSkyBox              00455192 f   r_rast.obj
 0001:000542a5       _R_EmitEdge                004552a5 f   r_rast.obj
 0001:0005466a       _R_ClipEdge                0045566a f   r_rast.obj
 0001:00054818       _R_EmitCachedEdge          00455818 f   r_rast.obj
 0001:0005486f       _R_RenderFace              0045586f f   r_rast.obj
 0001:00054c36       _R_RenderBmodelFace        00455c36 f   r_rast.obj
 0001:00054e9f       _D_WarpScreen              00455e9f f   r_scan.obj
 0001:00055061       _D_DrawTurbulent8Span      00456061 f   r_scan.obj
 0001:000550e5       _Turbulent8                004560e5 f   r_scan.obj
 0001:00055441       _NonTurbulent8             00456441 f   r_scan.obj
 0001:0005577b       _D_DrawSpans16             0045677b f   r_scan.obj
 0001:00055a98       _D_DrawZSpans              00456a98 f   r_scan.obj
 0001:00055b68       _R_DrawSprite              00456b68 f   r_sprite.obj
 0001:00055dfd       _R_TextureAnimation        00456dfd f   r_surf.obj
 0001:00055e21       _R_DrawSurface             00456e21 f   r_surf.obj
 0001:00055f86       _R_DrawSurfaceBlock8_mip0  00456f86 f   r_surf.obj
 0001:00056085       _R_DrawSurfaceBlock8_mip1  00457085 f   r_surf.obj
 0001:00056184       _R_DrawSurfaceBlock8_mip2  00457184 f   r_surf.obj
 0001:00056283       _R_DrawSurfaceBlock8_mip3  00457283 f   r_surf.obj
 0001:0005637f       _R_InitCaches              0045737f f   r_surf.obj
 0001:00056400       _D_FlushCaches             00457400 f   r_surf.obj
 0001:00056445       _D_SCAlloc                 00457445 f   r_surf.obj
 0001:000565d9       _D_CacheSurface            004575d9 f   r_surf.obj
 0001:0005674e       _DDRAW_Init                0045774e f   rw_ddraw.obj
 0001:00056b5e       _DDRAW_SetPalette          00457b5e f   rw_ddraw.obj
 0001:00056bc7       _DDRAW_Shutdown            00457bc7 f   rw_ddraw.obj
 0001:00056d32       _DIB_Init                  00457d32 f   rw_dib.obj
 0001:00056f17       _DIB_SetPalette            00457f17 f   rw_dib.obj
 0001:000570db       _DIB_Shutdown              004580db f   rw_dib.obj
 0001:000571d4       _SWimp_Init                004581d4 f   rw_imp.obj
 0001:000571d8       _SWimp_EndFrame            004581d8 f   rw_imp.obj
 0001:00057344       _SWimp_SetMode             00458344 f   rw_imp.obj
 0001:00057466       _SWimp_SetPalette          00458466 f   rw_imp.obj
 0001:0005748b       _SWimp_Shutdown            0045848b f   rw_imp.obj
 0001:000574d2       _SWimp_AppActivate         004584d2 f   rw_imp.obj
 0001:0005750c       _adler32                   0045850c f   adler32.obj
 0001:00057625       _crc32                     00458625 f   crc32.obj
 0001:0005773b       _inflate_blocks_reset      0045873b f   infblock.obj
 0001:000577a6       _inflate_blocks_new        004587a6 f   infblock.obj
 0001:00057831       _inflate_blocks            00458831 f   infblock.obj
 0001:00058048       _inflate_blocks_free       00459048 f   infblock.obj
 0001:0005807c       _inflate_codes_new         0045907c f   infcodes.obj
 0001:000580b0       _inflate_codes             004590b0 f   infcodes.obj
 0001:0005866e       _inflate_codes_free        0045966e f   infcodes.obj
 0001:0005867f       _inflate_fast              0045967f f   inffast.obj
 0001:0005894a       _inflateReset              0045994a f   inflate.obj
 0001:00058989       _inflateEnd                00459989 f   inflate.obj
 0001:000589c7       _inflateInit2_             004599c7 f   inflate.obj
 0001:00058ab1       _inflate                   00459ab1 f   inflate.obj
 0001:00058e14       _inflate_trees_bits        00459e14 f   inftrees.obj
 0001:00059222       _inflate_trees_dynamic     0045a222 f   inftrees.obj
 0001:00059325       _inflate_trees_fixed       0045a325 f   inftrees.obj
 0001:00059354       _inflate_flush             0045a354 f   infutil.obj
 0001:00059440       _Zip_OpenArchive           0045a440 f   zip.obj
 0001:000594ab       _Zip_CloseArchive          0045a4ab f   zip.obj
 0001:000594b7       _Zip_EnumArchive           0045a4b7 f   zip.obj
 0001:00059698       _Zip_OpenFile              0045a698 f   zip.obj
 0001:000597a7       _Zip_ReadFile              0045a7a7 f   zip.obj
 0001:0005989e       _Zip_CloseFile             0045a89e f   zip.obj
 0001:000598e6       _Zip_OpenBuf               0045a8e6 f   zip.obj
 0001:00059939       _Zip_ReadBuf               0045a939 f   zip.obj
 0001:00059981       _Zip_CloseBuf              0045a981 f   zip.obj
 0001:00059997       _zcalloc                   0045a997 f   zutil.obj
 0001:000599a8       _jpeg_CreateCompress       0045a9a8 f   jcapimin.obj
 0001:00059a5c       _jpeg_destroy_compress     0045aa5c f   jcapimin.obj
 0001:00059a5c       _jpeg_destroy_decompress   0045aa5c f   jcapimin.obj
 0001:00059a67       _jpeg_suppress_tables      0045aa67 f   jcapimin.obj
 0001:00059ab1       _jpeg_finish_compress      0045aab1 f   jcapimin.obj
 0001:00059b9b       _jpeg_start_compress       0045ab9b f   jcapistd.obj
 0001:00059c07       _jpeg_write_scanlines      0045ac07 f   jcapistd.obj
 0001:00059cb2       _jinit_c_coef_controller   0045acb2 f   jccoefct.obj
 0001:0005a351       _jinit_color_converter     0045b351 f   jccolor.obj
 0001:0005a93b       _jinit_forward_dct         0045b93b f   jcdctmgr.obj
 0001:0005ae17       _jinit_c_diff_controller   0045be17 f   jcdiffct.obj
 0001:0005b37d       _jpeg_make_c_derived_tbl   0045c37d f   jchuff.obj
 0001:0005b57f       _jpeg_gen_optimal_table    0045c57f f   jchuff.obj
 0001:0005b73e       _jinit_compress_master     0045c73e f   jcinit.obj
 0001:0005b797       _jinit_lhuff_encoder       0045c797 f   jclhuff.obj
 0001:0005bec4       _jinit_lossless_c_codec    0045cec4 f   jclossls.obj
 0001:0005bf5c       _jinit_lossy_c_codec       0045cf5c f   jclossy.obj
 0001:0005bff7       _jinit_c_main_controller   0045cff7 f   jcmainct.obj
 0001:0005c164       _jinit_marker_writer       0045d164 f   jcmarker.obj
 0001:0005ca40       _jinit_c_master_control    0045da40 f   jcmaster.obj
 0001:0005d52f       _jinit_c_codec             0045e52f f   jcodec.obj
 0001:0005d54b       _jinit_d_codec             0045e54b f   jcodec.obj
 0001:0005d567       _jpeg_abort                0045e567 f   jcomapi.obj
 0001:0005d59a       _jpeg_destroy              0045e59a f   jcomapi.obj
 0001:0005d5b5       _jpeg_alloc_quant_table    0045e5b5 f   jcomapi.obj
 0001:0005d5d1       _jpeg_alloc_huff_table     0045e5d1 f   jcomapi.obj
 0001:0005d5ed       _jpeg_add_quant_table      0045e5ed f   jcparam.obj
 0001:0005d69f       _jpeg_quality_scaling      0045e69f f   jcparam.obj
 0001:0005d6c6       _jpeg_set_quality          0045e6c6 f   jcparam.obj
 0001:0005d700       _jpeg_set_defaults         0045e700 f   jcparam.obj
 0001:0005d8c2       _jpeg_default_colorspace   0045e8c2 f   jcparam.obj
 0001:0005d912       _jpeg_set_colorspace       0045e912 f   jcparam.obj
 0001:0005dc2d       _jinit_phuff_encoder       0045ec2d f   jcphuff.obj
 0001:0005e6d2       _jinit_differencer         0045f6d2 f   jcpred.obj
 0001:0005ebec       _jinit_c_prep_controller   0045fbec f   jcprepct.obj
 0001:0005f137       _jinit_downsampler         00460137 f   jcsample.obj
 0001:0005f9b7       _jinit_c_scaler            004609b7 f   jcscale.obj
 0001:0005fa2d       _jinit_shuff_encoder       00460a2d f   jcshuff.obj
 0001:00060295       _jpeg_CreateDecompress     00461295 f   jdapimin.obj
 0001:00060355       _jpeg_read_header          00461355 f   jdapimin.obj
 0001:000603b7       _jpeg_consume_input        004613b7 f   jdapimin.obj
 0001:00060605       _jpeg_finish_decompress    00461605 f   jdapimin.obj
 0001:0006069c       _jpeg_start_decompress     0046169c f   jdapistd.obj
 0001:00060809       _jpeg_read_scanlines       00461809 f   jdapistd.obj
 0001:0006088d       _jpeg_stdio_dest           0046188d f   jdatadst.obj
 0001:0006098d       _jinit_d_coef_controller   0046198d f   jdcoefct.obj
 0001:00061666       _jinit_color_deconverter   00462666 f   jdcolor.obj
 0001:00061b7c       _jinit_inverse_dct         00462b7c f   jddctmgr.obj
[...]
 0001:00022d69       _LoadQ2Submodels           00423d69 f   model.obj
 0001:00022e3b       _CheckLump                 00423e3b f   model.obj
 0001:00023113       _ReadEntity                00424113 f   model.obj
 0001:000231d7       _WriteEntity               004241d7 f   model.obj
 0001:00023278       _ProcessEntityTarget       00424278 f   model.obj
 0001:000232f1       _FindField                 004242f1 f   model.obj
 0001:0002332a       _GetVector                 0042432a f   model.obj
 0001:0002335b       _ProcessEntity             0042435b f   model.obj
 0001:00023d9b       _AddField                  00424d9b f   model.obj
 0001:00023dd8       _FindEntityTarget          00424dd8 f   model.obj
 0001:0001e5b0       _Multiplayer_MenuDraw      0041f5b0 f   menu.obj
 0001:0001e5d3       _M_Banner                  0041f5d3 f   menu.obj
 0001:0001e615       _Multiplayer_MenuInit      0041f615 f   menu.obj
 0001:0001e703       _Multiplayer_MenuKey       0041f703 f   menu.obj
 0001:0001e735       _Keys_MenuInit             0041f735 f   menu.obj
 0001:0001e8c8       _KeyCursorDrawFunc         0041f8c8 f   menu.obj
 0001:0001e909       _DrawKeyBindingFunc        0041f909 f   menu.obj
 0001:0001e9e1       _M_FindKeysForCommand      0041f9e1 f   menu.obj
 0001:0001ea31       _SeekLine                  0041fa31 f   menu.obj
 0001:0001ea58       _AppendToken               0041fa58 f   menu.obj
 0001:0001ea82       _Keys_MenuDraw             0041fa82 f   menu.obj
 0001:0001ea9b       _Keys_MenuKey              0041fa9b f   menu.obj
 0001:0001eb53       _M_UnbindCommand           0041fb53 f   menu.obj
 0001:0001eb9f       _KeyBindingFunc            0041fb9f f   menu.obj
 0001:0001ec12       _Options_MenuInit          0041fc12 f   menu.obj
 0001:0001f09d       _CrosshairFunc             0042009d f   menu.obj
 0001:0001f0c1       _JoystickFunc              004200c1 f   menu.obj
 0001:0001f0d4       _CustomizeControlsFunc     004200d4 f   menu.obj
 0001:0001f0d9       _AlwaysRunFunc             004200d9 f   menu.obj
 0001:0001f0ec       _FreeLookFunc              004200ec f   menu.obj
 0001:0001f0ff       _MouseSpeedFunc            004200ff f   menu.obj
 0001:0001f11c       _ControlsSetMenuItemValues 0042011c f   menu.obj
 0001:0001f2e8       _ControlsResetDefaultsFunc 004202e8 f   menu.obj
 0001:0001f2fd       _InvertMouseFunc           004202fd f   menu.obj
 0001:0001f318       _LookspringFunc            00420318 f   menu.obj
 0001:0001f334       _LookstrafeFunc            00420334 f   menu.obj
 0001:0001f350       _UpdateVolumeFunc          00420350 f   menu.obj
 0001:0001f36d       _UpdateCDVolumeFunc        0042036d f   menu.obj
 0001:0001f386       _ConsoleFunc               00420386 f   menu.obj
 0001:0001f3b5       _UpdateSoundFunc           004203b5 f   menu.obj
 0001:0001f45d       _Options_ScanCrosshairs    0042045d f   menu.obj
 0001:0001f4b0       _Options_MenuDraw          004204b0 f   menu.obj
 0001:0001f4d8       _Options_CrosshairDraw     004204d8 f   menu.obj
 0001:0001f54f       _Options_MenuKey           0042054f f   menu.obj
 0001:0001f635       _M_Credits_MenuDraw        00420635 f   menu.obj
 0001:0001f71f       _M_Credits_Key             0042071f f   menu.obj
 0001:0001f77c       _Game_MenuInit             0042077c f   menu.obj
 0001:0001f929       _EasyGameFunc              00420929 f   menu.obj
 0001:0001f93f       _StartGame                 0042093f f   menu.obj
 0001:0001f984       _MediumGameFunc            00420984 f   menu.obj
 0001:0001f99a       _HardGameFunc              0042099a f   menu.obj
 0001:0001f9b0       _Game_MenuDraw             004209b0 f   menu.obj
 0001:0001f9d3       _Game_MenuKey              004209d3 f   menu.obj
 0001:0001fa05       _LoadGame_MenuInit         00420a05 f   menu.obj
 0001:0001faae       _Create_Savestrings        00420aae f   menu.obj
 0001:0001fb73       _LoadGameCallback          00420b73 f   menu.obj
 0001:0001fb9d       _LoadGame_MenuDraw         00420b9d f   menu.obj
 0001:0001fbc6       _DrawSavegameShot          00420bc6 f   menu.obj
 0001:0001fc85       _LoadGame_MenuKey          00420c85 f   menu.obj
 0001:0001fce6       _SaveGame_MenuDraw         00420ce6 f   menu.obj
 0001:0001fd1b       _SaveGame_MenuInit         00420d1b f   menu.obj
 0001:0001fdb6       _SaveGameCallback          00420db6 f   menu.obj
 0001:0001fdd5       _SaveGame_MenuKey          00420dd5 f   menu.obj
 0001:0001feb6       _JoinServer_MenuInit       00420eb6 f   menu.obj
 0001:00020007       _JoinServerFunc            00421007 f   menu.obj
 0001:00020064       _SearchLocalGames          00421064 f   menu.obj
 0001:000200d0       _JoinServer_MenuDraw       004210d0 f   menu.obj
 0001:000200e8       _JoinServer_MenuKey        004210e8 f   menu.obj
 0001:0002011a       _StartServer_MenuInit      0042111a f   menu.obj
 0001:000205ca       _DMOptionsFunc             004215ca f   menu.obj
 0001:000205d9       _RulesChangeFunc           004215d9 f   menu.obj
 0001:00020642       _StartServerActionFunc     00421642 f   menu.obj
 0001:0002066e       _StartServerFunc           0042166e f   menu.obj
 0001:000208d9       _StartServer_MenuDraw      004218d9 f   menu.obj
 0001:000208e5       _StartServer_MenuKey       004218e5 f   menu.obj
 0001:00020945       _DMOptions_MenuInit        00421945 f   menu.obj
 0001:00020ed5       _DMFlagCallback            00421ed5 f   menu.obj
 0001:00021083       _DMOptions_MenuDraw        00422083 f   menu.obj
 0001:0002108f       _DMOptions_MenuKey         0042208f f   menu.obj
 0001:000210c1       _DownloadOptions_MenuInit  004220c1 f   menu.obj
 0001:000212ac       _DownloadCallback          004222ac f   menu.obj
 0001:00021305       _DownloadOptions_MenuDraw  00422305 f   menu.obj
 0001:00021311       _DownloadOptions_MenuKey   00422311 f   menu.obj
 0001:00021343       _AddressBook_MenuInit      00422343 f   menu.obj
 0001:000213f9       _AddressBook_MenuKey       004223f9 f   menu.obj
 0001:0002144a       _AddressBook_MenuDraw      0042244a f   menu.obj
 0001:00021462       _M_Menu_PlayerConfig_f     00422462 f   menu.obj
 0001:000214bd       _PlayerConfig_MenuInit     004224bd f   menu.obj
 0001:000219ef       _HandednessCallback        004229ef f   menu.obj
 0001:00021a02       _RTypeCallback             00422a02 f   menu.obj
 0001:00021a15       _RColorCallback            00422a15 f   menu.obj
 0001:00021a28       _RateCallback              00422a28 f   menu.obj
 0001:00021a46       _ModelCallback             00422a46 f   menu.obj
 0001:00021a87       _PlayerConfig_ScanDirectories 00422a87 f   menu.obj
 0001:00021c4e       _IsValidSkin               00422c4e f   menu.obj
 0001:00021d17       _PlayerConfig_MenuDraw     00422d17 f   menu.obj
 0001:00021fcb       _PlayerConfig_MenuKey      00422fcb f   menu.obj
 0001:0002209f       _M_Menu_DMBrowse_f         0042309f f   menu.obj
 0001:000220e3       _DMBrowse_MenuInit         004230e3 f   menu.obj
 0001:000222c9       _DMBrowse_MenuKey          004232c9 f   menu.obj
 0001:0002246c       _DMBrowse_MenuDraw         0042346c f   menu.obj
 0001:00022591       _DrawThumbnail             00423591 f   menu.obj
 0001:00022658       _M_Quit_Key                00423658 f   menu.obj
 0001:00022698       _M_Quit_Draw               00423698 f   menu.obj
 0001:000227e5       _M_Menu_Quit_f             004237e5 f   menu.obj
 0001:0001db5f       _AllocChain                0041eb5f f   memory.obj
 0001:0001de4f       _Z_Stats_f                 0041ee4f f   memory.obj
 0001:0001d356       _MD4Transform              0041e356 f   md4.obj
 0001:0001d958       _Encode                    0041e958 f   md4.obj
 0001:0001d99d       _Decode                    0041e99d f   md4.obj
 0001:0001c237       _CompleteCommand           0041d237 f   keys.obj
 0001:0001c2ae       _Do_CompleteCommand        0041d2ae f   keys.obj
 0001:0001c725       _TryComplete               0041d725 f   keys.obj
 0001:0001c7ba       _CompleteMenu              0041d7ba f   keys.obj
 0001:0001c8fc       _CompleteMenuDraw          0041d8fc f   keys.obj
 0001:0001c95b       _CompleteMenuKey           0041d95b f   keys.obj
 0001:0001c98d       _CompleteMenuCallback      0041d98d f   keys.obj
 0001:0001ca15       _iswordsym                 0041da15 f   keys.obj
 0001:0001cce7       _Key_Unbind_f              0041dce7 f   keys.obj
 0001:0001cdcd       _Key_Unbindall_f           0041ddcd f   keys.obj
 0001:0001cdf7       _Key_Bind_f                0041ddf7 f   keys.obj
 0001:0001ae1d       _IN_DeactivateMouse        0041be1d f   in_win.obj
 0001:0001ae49       _IN_FreeDirect             0041be49 f   in_win.obj
 0001:0001aeb2       _IN_FreeWin32              0041beb2 f   in_win.obj
 0001:0001b04b       _IN_ActivateMouse          0041c04b f   in_win.obj
 0001:0001b0c3       _IN_InitDirect             0041c0c3 f   in_win.obj
 0001:0001b20d       _IN_InitWin32              0041c20d f   in_win.obj
 0001:0001b33b       _IN_MouseMove              0041c33b f   in_win.obj
 0001:00033402       _J_InitSource              00434402 f   vid_dll.obj
 0001:0001a80c       _J_FillInputBuffer         0041b80c f   images.obj
 0001:0001a834       _J_SkipInputData           0041b834 f   images.obj
 0001:00033402       _J_TermSource              00434402 f   vid_dll.obj
 0001:0001a84c       _InitJpegError             0041b84c f   images.obj
 0001:0001a87d       _J_ErrorExit               0041b87d f   images.obj
 0001:0001a88c       _J_EmitMessage             0041b88c f   images.obj
 0001:0001a8a9       _J_ResetErrorMgr           0041b8a9 f   images.obj
 0001:0001886b       _FindPakFile               0041986b f   files.obj
 0001:000188db       _FindPakDirectory          004198db f   files.obj
 0001:0001896c       _FileLength                0041996c f   files.obj
 0001:00018dbe       _FOpenCached               00419dbe f   files.obj
 0001:000190ff       _UnloadPackFile            0041a0ff f   files.obj
 0001:00019125       _ClearFileCache            0041a125 f   files.obj
 0001:0001914c       _AddGameDirectory          0041a14c f   files.obj
 0001:00019211       _AddDirFilesToList         0041a211 f   files.obj
 0001:000192d2       _LoadPackFile              0041a2d2 f   files.obj
 0001:00019440       _AddPakFile                0041a440 f   files.obj
 0001:000194df       _AddPakDirectory           0041a4df f   files.obj
 0001:000195bd       _EnumZippedPak             0041a5bd f   files.obj
 0001:00019855       _ListPakDirectory          0041a855 f   files.obj
 0001:00019a10       _InitResFiles              0041aa10 f   files.obj
 0001:00019af3       _FS_LoadPak_f              0041aaf3 f   files.obj
 0001:00019bc0       _TryLoadPak                0041abc0 f   files.obj
 0001:00019c2e       _FindPakStruc              0041ac2e f   files.obj
 0001:00019c83       _FS_UnloadPak_f            0041ac83 f   files.obj
 0001:00019e2a       _FS_Link_f                 0041ae2a f   files.obj
 0001:00019ef6       _FS_Dir_f                  0041aef6 f   files.obj
 0001:0001a107       _FS_Path_f                 0041b107 f   files.obj
 0001:0001a19f       _FS_Cat_f                  0041b19f f   files.obj
 0001:0001a278       _FS_Type_f                 0041b278 f   files.obj
 0001:0001718f       _Cvar_FindVar              0041818f f   cvar.obj
 0001:000171c4       _ComputeHash               004181c4 f   cvar.obj
 0001:000173d6       _Cvar_SetString            004183d6 f   cvar.obj
 0001:0001746c       _Cvar_InfoValidate         0041846c f   cvar.obj
 0001:0001757c       _Cvar_Set2                 0041857c f   cvar.obj
 0001:0001773b       _Cvar_SetHardcoded         0041873b f   cvar.obj
 0001:00017b66       _Cvar_Set_f                00418b66 f   cvar.obj
 0001:00017be3       _Cvar_SetWithFlags         00418be3 f   cvar.obj
 0001:00017c36       _Cvar_Seta_f               00418c36 f   cvar.obj
 0001:00017c58       _Cvar_Setu_f               00418c58 f   cvar.obj
 0001:00017c7a       _Cvar_Sets_f               00418c7a f   cvar.obj
 0001:00017c9c       _Cvar_Reset_f              00418c9c f   cvar.obj
 0001:00017d01       _Cvar_List_f               00418d01 f   cvar.obj
 0001:00017e11       _Cvar_Add_f                00418e11 f   cvar.obj
 0001:00017f88       _Cvar_Scale_f              00418f88 f   cvar.obj
 0001:00017ffb       _Cvar_Toggle_f             00418ffb f   cvar.obj
 0001:0001805e       _Cvar_Cycle_f              0041905e f   cvar.obj
 0001:0001650e       _Con_ToggleChat_f          0041750e f   console.obj
 0001:0001653f       _Con_Clear_f               0041753f f   console.obj
 0001:0001659a       _Con_Dump_f                0041759a f   console.obj
 0001:000166ad       _Con_MessageMode_f         004176ad f   console.obj
 0001:000166bf       _Con_MessageMode2_f        004176bf f   console.obj
 0001:0001675f       _PlaceChar                 0041775f f   console.obj
 0001:000168e9       _FindLine                  004178e9 f   console.obj
 0001:00017065       _Con_DrawInput             00418065 f   console.obj
 0001:00014ce3       _GetInt                    00415ce3 f   common.obj
 0001:00015cb2       _Com_Error_f               00416cb2 f   common.obj
 0001:00015cca       _ParseCmdline              00416cca f   common.obj
 0001:00015e7f       _PushCmdline               00416e7f f   common.obj
 0001:00012477       _CMod_LoadSurfaces         00413477 f   cmodel.obj
 0001:00012591       _CMod_ReadSurfMaterials    00413591 f   cmodel.obj
 0001:000126cc       _CMod_LoadNodes            004136cc f   cmodel.obj
 0001:0001272e       _CMod_LoadBrushes          0041372e f   cmodel.obj
 0001:0001277a       _CMod_LoadLeafs            0041377a f   cmodel.obj
 0001:00012849       _CMod_LoadPlanes           00413849 f   cmodel.obj
 0001:00012931       _CMod_LoadLeafBrushes      00413931 f   cmodel.obj
 0001:0001297c       _CMod_LoadBrushSides       0041397c f   cmodel.obj
 0001:000129f5       _CMod_LoadAreas            004139f5 f   cmodel.obj
 0001:00012dcf       _PointLeafnum_r            00413dcf f   cmodel.obj
 0001:00012e92       _BoxLeafnums_r             00413e92 f   cmodel.obj
 0001:000133ab       _TestInLeaf                004143ab f   cmodel.obj
 0001:0001341d       _TestBoxInBrush            0041441d f   cmodel.obj
 0001:000134ff       _RecursiveHullCheck        004144ff f   cmodel.obj
 0001:000137af       _TraceToLeaf               004147af f   cmodel.obj
 0001:0001386a       _ClipBoxToBrush            0041486a f   cmodel.obj
 0001:00013ed8       _RecursiveBrushTest        00414ed8 f   cmodel.obj
 0001:0001414a       _TestBrush                 0041514a f   cmodel.obj
 0001:0001440d       _FloodArea_r               0041540d f   cmodel.obj
 0001:00011e54       _Cmd_MacroExpandString     00412e54 f   cmd.obj
 0001:0001216f       _Cmd_Wait_f                0041316f f   cmd.obj
 0001:000121a4       _Cmd_List_f                004131a4 f   cmd.obj
 0001:00010baa       _DrawSurfInfo              00411baa f   cl_view.obj
 0001:000110a8       _DrawFlag                  004120a8 f   cl_view.obj
 0001:000111f9       _DecodeContents            004121f9 f   cl_view.obj
 0001:00011244       _DrawOriginInfo            00412244 f   cl_view.obj
 0001:000113d5       _DrawFpsInfo               004123d5 f   cl_view.obj
 0001:000114fe       _FixWaterVis               004124fe f   cl_view.obj
 0001:000115fc       _entitycmpfnc              004125fc f   cl_view.obj
 0001:00011665       _Screenshot_f              00412665 f   cl_view.obj
 0001:0000da03       _SCR_CalcVrect             0040ea03 f   cl_scrn.obj
 0001:000085c0       _TryParseStatus            004095c0 f   cl_main.obj
 0001:00006a3a       _IN_KLookUp                00407a3a f   cl_input.obj
 0001:00006a46       _KeyUp                     00407a46 f   cl_input.obj
 0001:00006ac0       _IN_KLookDown              00407ac0 f   cl_input.obj
 0001:00006acc       _KeyDown                   00407acc f   cl_input.obj
 0001:00006b42       _IN_UpUp                   00407b42 f   cl_input.obj
 0001:00006b4e       _IN_UpDown                 00407b4e f   cl_input.obj
 0001:00006b5a       _IN_DownUp                 00407b5a f   cl_input.obj
 0001:00006b66       _IN_DownDown               00407b66 f   cl_input.obj
 0001:00006b72       _IN_RightUp                00407b72 f   cl_input.obj
 0001:00006b7e       _IN_RightDown              00407b7e f   cl_input.obj
 0001:00006b8a       _IN_LeftUp                 00407b8a f   cl_input.obj
 0001:00006b96       _IN_LeftDown               00407b96 f   cl_input.obj
 0001:00006ba2       _IN_ForwardUp              00407ba2 f   cl_input.obj
 0001:00006bae       _IN_ForwardDown            00407bae f   cl_input.obj
 0001:00006bba       _IN_BackUp                 00407bba f   cl_input.obj
 0001:00006bc6       _IN_BackDown               00407bc6 f   cl_input.obj
 0001:00006bd2       _IN_LookupUp               00407bd2 f   cl_input.obj
 0001:00006bde       _IN_LookupDown             00407bde f   cl_input.obj
 0001:00006bea       _IN_LookdownUp             00407bea f   cl_input.obj
 0001:00006bf6       _IN_LookdownDown           00407bf6 f   cl_input.obj
 0001:00006c02       _IN_MoveleftUp             00407c02 f   cl_input.obj
 0001:00006c0e       _IN_MoveleftDown           00407c0e f   cl_input.obj
 0001:00006c1a       _IN_MoverightUp            00407c1a f   cl_input.obj
 0001:00006c26       _IN_MoverightDown          00407c26 f   cl_input.obj
 0001:00006c32       _IN_SpeedUp                00407c32 f   cl_input.obj
 0001:00006c3e       _IN_SpeedDown              00407c3e f   cl_input.obj
 0001:00006c4a       _IN_StrafeUp               00407c4a f   cl_input.obj
 0001:00006c56       _IN_StrafeDown             00407c56 f   cl_input.obj
 0001:00006c62       _IN_AttackUp               00407c62 f   cl_input.obj
 0001:00006c6e       _IN_AttackDown             00407c6e f   cl_input.obj
 0001:00006c7a       _IN_UseUp                  00407c7a f   cl_input.obj
 0001:00006c86       _IN_UseDown                00407c86 f   cl_input.obj
 0001:00006c92       _IN_Lookdown               00407c92 f   cl_input.obj
 0001:00006cc5       _IN_Lookup                 00407cc5 f   cl_input.obj
 0001:00006f41       _CreateCmd                 00407f41 f   cl_input.obj
 0001:00006f8d       _BaseMove                  00407f8d f   cl_input.obj
 0001:00007167       _CL_KeyState               00408167 f   cl_input.obj
 0001:000071c7       _AdjustAngles              004081c7 f   cl_input.obj
 0001:000072d6       _FinishMove                004082d6 f   cl_input.obj
 0001:0000739a       _ClampPitch                0040839a f   cl_input.obj
 0001:000036f2       _CL_AddParticleTraces      004046f2 f   cl_fx.obj
 0001:00003a64       _CL_AddParticleBeams       00404a64 f   cl_fx.obj
 0001:00002427       _CL_AddDebugLines          00403427 f   cl_ents.obj
 0001:0000247b       _CL_AddPacketEntities      0040347b f   cl_ents.obj
 0001:00002ea3       _GetEntityInfo             00403ea3 f   cl_ents.obj
 0001:00002fb2       _AddEntityWithEffects      00403fb2 f   cl_ents.obj
 0001:00002fde       _AddViewWeapon             00403fde f   cl_ents.obj
 0001:0000083e       _FreeCinematic             0040183e f   cl_cin.obj
 0001:000009f0       _ReadNextFrame             004019f0 f   cl_cin.obj
 0001:00000b0d       _Huff1Decompress           00401b0d f   cl_cin.obj
 0001:00000fb3       _Huff1TableInit            00401fb3 f   cl_cin.obj
 0001:000010ad       _SmallestNode1             004020ad f   cl_cin.obj
 0001:0000014c       _CDAudio_GetAudioDiskInfo  0040114c f   cd_win.obj
 0001:000004c4       _CD_f                      004014c4 f   cd_win.obj
 0001:0000077d       _CDAudio_Eject             0040177d f   cd_win.obj
 0001:000007a7       _CDAudio_CloseDoor         004017a7 f   cd_win.obj

 70 bytes saved through ICF

