 ref_oldgl

 Timestamp is 3dce4135 (Sun Nov 10 14:21:25 2002)

 Preferred load address is 10000000

 Start         Length     Name                   Class
 0001:00000000 0000e1f0H .text                   CODE
 0002:00000000 00000104H .idata$5                DATA
 0002:00000108 000002e0H .rdata                  DATA
 0002:000003e8 00000050H .idata$2                DATA
 0002:00000438 00000014H .idata$3                DATA
 0002:0000044c 00000104H .idata$4                DATA
 0002:00000550 00000348H .idata$6                DATA
 0002:000008a0 0000004aH .edata                  DATA
 0003:00000000 00000004H .CRT$XCA                DATA
 0003:00000004 00000004H .CRT$XCZ                DATA
 0003:00000008 00000004H .CRT$XIA                DATA
 0003:0000000c 00000004H .CRT$XIZ                DATA
 0003:00000010 000034f0H .data                   DATA
 0003:00003500 0015bdc0H .bss                    DATA

  Address         Publics by Value              Rva+Base     Lib:Object

 0001:00000000       _Draw_InitLocal            10001000 f   gl_draw.obj
 0001:0000004d       _Draw_Char                 1000104d f   gl_draw.obj
 0001:000001a0       _Draw_CharColor            100011a0 f   gl_draw.obj
 0001:00000229       _Draw_FindPic              10001229 f   gl_draw.obj
 0001:0000026c       _Draw_GetPicSize           1000126c f   gl_draw.obj
 0001:000002ac       _Draw_StretchPic           100012ac f   gl_draw.obj
 0001:00000412       _Draw_Pic                  10001412 f   gl_draw.obj
 0001:000005b8       _Draw_PicColor             100015b8 f   gl_draw.obj
 0001:00000629       _Draw_TileClear            10001629 f   gl_draw.obj
 0001:000007b0       _Draw_Fill                 100017b0 f   gl_draw.obj
 0001:000008cc       _Draw_FadeScreen           100018cc f   gl_draw.obj
 0001:000009c7       _Draw_StretchRaw           100019c7 f   gl_draw.obj
 0001:00000bdc       _GL_SetTexturePalette      10001bdc f   gl_image.obj
 0001:00000bdd       _GL_EnableMultitexture     10001bdd f   gl_image.obj
 0001:00000c35       _GL_SelectTexture          10001c35 f   gl_image.obj
 0001:00000c8a       _qglMTexCoord2f            10001c8a f   gl_image.obj
 0001:00000ce8       _GL_TexEnv                 10001ce8 f   gl_image.obj
 0001:00000d1a       _GL_Bind                   10001d1a f   gl_image.obj
 0001:00000d71       _GL_MBind                  10001d71 f   gl_image.obj
 0001:00000d93       _GL_TextureMode            10001d93 f   gl_image.obj
 0001:00000e52       _GL_TextureAlphaMode       10001e52 f   gl_image.obj
 0001:00000e9a       _GL_TextureSolidMode       10001e9a f   gl_image.obj
 0001:00000ee2       _GL_ImageList_f            10001ee2 f   gl_image.obj
 0001:00000fff       _Scrap_AllocBlock          10001fff f   gl_image.obj
 0001:000010bb       _Scrap_Upload              100020bb f   gl_image.obj
 0001:000010eb       _R_FloodFillSkin           100020eb f   gl_image.obj
 0001:0000127e       _GL_ResampleTexture        1000227e f   gl_image.obj
 0001:00001419       _GL_BufCorrectGamma        10002419 f   gl_image.obj
 0001:0000144a       _GL_LightScaleTexture      1000244a f   gl_image.obj
 0001:00001606       _GL_MipMap                 10002606 f   gl_image.obj
 0001:0000175d       _GL_Upload32               1000275d f   gl_image.obj
 0001:00001a20       _GL_Upload8                10002a20 f   gl_image.obj
 0001:00001b0b       _GL_LoadPic                10002b0b f   gl_image.obj
 0001:00001d80       _GL_LoadWal                10002d80 f   gl_image.obj
 0001:00001ddf       _GL_FindImage              10002ddf f   gl_image.obj
 0001:00002121       _R_RegisterSkin            10003121 f   gl_image.obj
 0001:0000212f       _GL_FreeUnusedImages       1000312f f   gl_image.obj
 0001:000021a1       _Draw_GetPalette           100031a1 f   gl_image.obj
 0001:0000222f       _GL_InitImages             1000322f f   gl_image.obj
 0001:00002363       _GL_ShutdownImages         10003363 f   gl_image.obj
 0001:000023a2       _R_RenderDlight            100033a2 f   gl_light.obj
 0001:000024bf       _R_RenderDlights           100034bf f   gl_light.obj
 0001:00002576       _R_MarkLights              10003576 f   gl_light.obj
 0001:00002638       _R_PushDlights             10003638 f   gl_light.obj
 0001:0000268a       _RecursiveLightPoint       1000368a f   gl_light.obj
 0001:00002962       _R_LightPoint              10003962 f   gl_light.obj
 0001:00002aa9       _R_AddDynamicLights        10003aa9 f   gl_light.obj
 0001:00002cdf       _R_SetCacheState           10003cdf f   gl_light.obj
 0001:00002d18       _R_BuildLightMap           10003d18 f   gl_light.obj
 0001:000032d8       _GL_LerpVerts              100042d8 f   gl_mesh.obj
 0001:00003462       _GL_DrawAliasFrameLerp     10004462 f   gl_mesh.obj
 0001:00003812       _GL_DrawAliasShadow        10004812 f   gl_mesh.obj
 0001:000038b4       _R_DrawAliasModel          100048b4 f   gl_mesh.obj
 0001:0000415e       _Mod_PointInLeaf           1000515e f   gl_model.obj
 0001:000041c1       _Mod_DecompressVis         100051c1 f   gl_model.obj
 0001:00004241       _Mod_ClusterPVS            10005241 f   gl_model.obj
 0001:00004277       _Mod_Modellist_f           10005277 f   gl_model.obj
 0001:000042d8       _Mod_Init                  100052d8 f   gl_model.obj
 0001:000042f0       _Mod_ForName               100052f0 f   gl_model.obj
 0001:00004536       _CreateSolarColor          10005536 f   gl_model.obj
 0001:00004609       _Mod_LoadLighting          10005609 f   gl_model.obj
 0001:00004844       _RadiusFromBounds          10005844 f   gl_model.obj
 0001:000048b2       _Mod_LoadSubmodels         100058b2 f   gl_model.obj
 0001:00004953       _Mod_LoadEdges             10005953 f   gl_model.obj
 0001:000049a2       _Mod_LoadTexinfo           100059a2 f   gl_model.obj
 0001:00004aaf       _CalcSurfaceExtents        10005aaf f   gl_model.obj
 0001:00004bf6       _Mod_LoadFaces             10005bf6 f   gl_model.obj
 0001:00004d52       _Mod_SetParent             10005d52 f   gl_model.obj
 0001:00004d77       _Mod_LoadNodes             10005d77 f   gl_model.obj
 0001:00004e75       _Mod_LoadLeafs             10005e75 f   gl_model.obj
 0001:00004f18       _Mod_LoadMarksurfaces      10005f18 f   gl_model.obj
 0001:00004f9a       _Mod_LoadPlanes            10005f9a f   gl_model.obj
 0001:0000502e       _Mod_LoadBrushModel        1000602e f   gl_model.obj
 0001:0000524f       _Mod_LoadAliasModel        1000624f f   gl_model.obj
 0001:000054fa       _Mod_LoadSpriteModel       100064fa f   gl_model.obj
 0001:00005601       _R_BeginRegistration       10006601 f   gl_model.obj
 0001:0000569b       _R_RegisterModel           1000669b f   gl_model.obj
 0001:00005798       _R_EndRegistration         10006798 f   gl_model.obj
 0001:000057eb       _Mod_FreeAll               100067eb f   gl_model.obj
 0001:00005831       _R_CullBox                 10006831 f   gl_rmain.obj
 0001:0000589b       _R_RotateForEntity         1000689b f   gl_rmain.obj
 0001:0000591e       _R_DrawSpriteModel         1000691e f   gl_rmain.obj
 0001:00005c06       _R_DrawNullModel           10006c06 f   gl_rmain.obj
 0001:00005d99       _R_DrawEntitiesOnList      10006d99 f   gl_rmain.obj
 0001:00005ece       _GL_DrawParticles          10006ece f   gl_rmain.obj
 0001:000060ac       _R_PolyBlend               100070ac f   gl_rmain.obj
 0001:0000622c       _SignbitsForPlane          1000722c f   gl_rmain.obj
 0001:00006256       _R_SetFrustum              10007256 f   gl_rmain.obj
 0001:00006340       _R_SetupFrame              10007340 f   gl_rmain.obj
 0001:000064ef       _MYgluPerspective          100074ef f   gl_rmain.obj
 0001:0000655b       _R_SetupGL                 1000755b f   gl_rmain.obj
 0001:000067dd       _R_Clear                   100077dd f   gl_rmain.obj
 0001:000068bd       _R_RenderView              100078bd f   gl_rmain.obj
 0001:00006a1d       _R_SetGL2D                 10007a1d f   gl_rmain.obj
 0001:00006af8       _R_SetLightLevel           10007af8 f   gl_rmain.obj
 0001:00006b55       _R_RenderFrame             10007b55 f   gl_rmain.obj
 0001:00006b6e       _R_Register                10007b6e f   gl_rmain.obj
 0001:00006bbf       _R_SetMode                 10007bbf f   gl_rmain.obj
 0001:00006ca1       _R_Init                    10007ca1 f   gl_rmain.obj
 0001:00007084       _R_Shutdown                10008084 f   gl_rmain.obj
 0001:000070cb       _R_BeginFrame              100080cb f   gl_rmain.obj
 0001:000073d6       _R_SetPalette              100083d6 f   gl_rmain.obj
 0001:000074a1       _R_DrawBeam                100084a1 f   gl_rmain.obj
 0001:000076b9       _Draw_ConCharColor         100086b9 f   gl_rmain.obj
 0001:000076da       _GetRefAPI                 100086da f   gl_rmain.obj
 0001:000078f4       _R_InitParticleTexture     100088f4 f   gl_rmisc.obj
 0001:000079c3       _GL_Levelshot              100089c3 f   gl_rmisc.obj
 0001:00007b84       _GL_ScreenShot_f           10008b84 f   gl_rmisc.obj
 0001:00007d82       _GL_Strings_f              10008d82 f   gl_rmisc.obj
 0001:00007dc6       _GL_SetDefaultState        10008dc6 f   gl_rmisc.obj
 0001:00007f21       _GL_UpdateSwapInterval     10008f21 f   gl_rmisc.obj
 0001:00007f55       _R_TextureAnimation        10008f55 f   gl_rsurf.obj
 0001:00007f79       _DrawGLPoly                10008f79 f   gl_rsurf.obj
 0001:00007fd5       _DrawGLFlowingPoly         10008fd5 f   gl_rsurf.obj
 0001:0000805d       _R_DrawTriangleOutlines    1000905d f   gl_rsurf.obj
 0001:0000815a       _DrawGLPolyChain           1000915a f   gl_rsurf.obj
 0001:00008231       _R_BlendLightmaps          10009231 f   gl_rsurf.obj
 0001:00008537       _R_RenderBrushPoly         10009537 f   gl_rsurf.obj
 0001:000086f6       _DrawReflectPoly3          100096f6 f   gl_rsurf.obj
 0001:000087c9       _R_DrawAlphaSurfaces       100097c9 f   gl_rsurf.obj
 0001:00008d2d       _DrawTextureChains         10009d2d f   gl_rsurf.obj
 0001:00008e5b       _R_DrawInlineBModel        10009e5b f   gl_rsurf.obj
 0001:000093c9       _R_DrawBrushModel          1000a3c9 f   gl_rsurf.obj
 0001:000095f7       _R_RecursiveWorldNode      1000a5f7 f   gl_rsurf.obj
 0001:0000979b       _R_DrawWorld               1000a79b f   gl_rsurf.obj
 0001:0000992d       _R_MarkLeaves              1000a92d f   gl_rsurf.obj
 0001:00009cbf       _GL_BuildPolygonFromSurface 1000acbf f   gl_rsurf.obj
 0001:00009e66       _GL_CreateSurfaceLightmap  1000ae66 f   gl_rsurf.obj
 0001:00009f10       _GL_BeginBuildingLightmaps 1000af10 f   gl_rsurf.obj
 0001:0000a074       _GL_EndBuildingLightmaps   1000b074 f   gl_rsurf.obj
 0001:0000a085       _DrawColoredText           1000b085 f   gl_textout.obj
 0001:0000a22c       _R_DrawTexts               1000b22c f   gl_textout.obj
 0001:0000a283       _DrawTextPos               1000b283 f   gl_textout.obj
 0001:0000a331       _DrawTextLeft              1000b331 f   gl_textout.obj
 0001:0000a36d       _DrawTextRight             1000b36d f   gl_textout.obj
 0001:0000a3be       _BoundPoly                 1000b3be f   gl_warp.obj
 0001:0000a43c       _SubdividePolygon          1000b43c f   gl_warp.obj
 0001:0000a7bd       _GL_SubdivideSurface       1000b7bd f   gl_warp.obj
 0001:0000a856       _EmitWaterPolys            1000b856 f   gl_warp.obj
 0001:0000a94c       _DrawSkyPolygon            1000b94c f   gl_warp.obj
 0001:0000ab31       _ClipSkyPolygon            1000bb31 f   gl_warp.obj
 0001:0000adb4       _R_AddSkySurface           1000bdb4 f   gl_warp.obj
 0001:0000ae21       _R_ClearSkyBox             1000be21 f   gl_warp.obj
 0001:0000ae57       _MakeSkyVec                1000be57 f   gl_warp.obj
 0001:0000af53       _R_DrawSkyBox              1000bf53 f   gl_warp.obj
 0001:0000b112       _R_SetSky                  1000c112 f   gl_warp.obj
 0001:0000b22f       _Vid_CreateWindow          1000c22f f   glw_imp.obj
 0001:0000b37a       _GLimp_SetMode             1000c37a f   glw_imp.obj
 0001:0000b600       _GLimp_HasGamma            1000c600 f   glw_imp.obj
 0001:0000b615       _GLimp_SetGamma            1000c615 f   glw_imp.obj
 0001:0000b704       _GLimp_Shutdown            1000c704 f   glw_imp.obj
 0001:0000b829       _GLimp_Init                1000c829 f   glw_imp.obj
 0001:0000b8f1       _GLimp_InitGL              1000c8f1 f   glw_imp.obj
 0001:0000bb7c       _GLimp_BeginFrame          1000cb7c f   glw_imp.obj
 0001:0000bbcf       _GLimp_EndFrame            1000cbcf f   glw_imp.obj
 0001:0000bc6c       _GLimp_AppActivate         1000cc6c f   glw_imp.obj
 0001:0000bce6       _Q_rsqrt                   1000cce6 f   q_shared2.obj
 0001:0000bd16       _RotatePointAroundVector   1000cd16 f   q_shared2.obj
 0001:0000be86       _AngleVectors              1000ce86 f   q_shared2.obj
 0001:0000bf8a       _ProjectPointOnPlane       1000cf8a f   q_shared2.obj
 0001:0000c009       _PerpendicularVector       1000d009 f   q_shared2.obj
 0001:0000c088       _MatrixMultiply            1000d088 f   q_shared2.obj
 0001:0000c16f       _Q_ftol                    1000d16f f   q_shared2.obj
 0001:0000c17f       _BoxOnPlaneSide            1000d17f f   q_shared2.obj
 0001:0000c3b6       _VectorNormalize           1000d3b6 f   q_shared2.obj
 0001:0000c40a       _VectorNormalizeFast       1000d40a f   q_shared2.obj
 0001:0000c44d       _VectorMA                  1000d44d f   q_shared2.obj
 0001:0000c47c       _CrossProduct              1000d47c f   q_shared2.obj
 0001:0000c4b7       _VectorLength              1000d4b7 f   q_shared2.obj
 0001:0000c4df       _VectorScale               1000d4df f   q_shared2.obj
 0001:0000c503       _va                        1000d503 f   q_shared2.obj
 0001:0000c520       _Q_stricmp                 1000d520 f   q_shared2.obj
 0001:0000c531       _Q_strncpyz                1000d531 f   q_shared2.obj
 0001:0000c591       _Com_sprintf               1000d591 f   q_shared2.obj
 0001:0000dc63       _QGL_Shutdown              1000ec63 f   qgl_win.obj
 0001:0000dc89       _QGL_Init                  1000ec89 f   qgl_win.obj
 0001:0000dd0f       _QGL_InitExtensions        1000ed0f f   qgl_win.obj
 0001:0000df10       _GLimp_EnableLogging       1000ef10 f   qgl_win.obj
 0001:0000dfdc       _GLimp_LogMessage          1000efdc f   qgl_win.obj
 0001:0000e000       __chkstk                   1000f000 f   MSVCRT:chkstk.obj
 0001:0000e000       __alloca_probe             1000f000 f   MSVCRT:chkstk.obj
 0001:0000e030       __ftol                     1000f030 f   MSVCRT:MSVCRT.dll
 0001:0000e036       _memcpy                    1000f036 f   MSVCRT:MSVCRT.dll
 0001:0000e03c       _strcpy                    1000f03c f   MSVCRT:MSVCRT.dll
 0001:0000e042       _strlen                    1000f042 f   MSVCRT:MSVCRT.dll
 0001:0000e048       _strcmp                    1000f048 f   MSVCRT:MSVCRT.dll
 0001:0000e04e       _memset                    1000f04e f   MSVCRT:MSVCRT.dll
 0001:0000e054       _pow                       1000f054 f   MSVCRT:MSVCRT.dll
 0001:0000e05a       _cos                       1000f05a f   MSVCRT:MSVCRT.dll
 0001:0000e060       _sin                       1000f060 f   MSVCRT:MSVCRT.dll
 0001:0000e066       _fabs                      1000f066 f   MSVCRT:MSVCRT.dll
 0001:0000e06c       _tan                       1000f06c f   MSVCRT:MSVCRT.dll
 0001:0000e072       _strcat                    1000f072 f   MSVCRT:MSVCRT.dll
 0001:0000e078       _sqrt                      1000f078 f   MSVCRT:MSVCRT.dll
 0001:0000e07e       __CRT_INIT@12              1000f07e f   MSVCRT:crtdll.obj
 0001:0000e129       __DllMainCRTStartup@12     1000f129 f   MSVCRT:crtdll.obj
 0001:0000e1c6       __initterm                 1000f1c6 f   MSVCRT:MSVCRT.dll
 0001:0000e1cc       _DllMain@12                1000f1cc f   MSVCRT:dllmain.obj
 0002:00000000       __imp__GetDeviceCaps@8     10010000     gdi32:GDI32.dll
 0002:00000004       __imp__SwapBuffers@4       10010004     gdi32:GDI32.dll
 0002:00000008       __imp__SetPixelFormat@12   10010008     gdi32:GDI32.dll
 0002:0000000c       __imp__ChoosePixelFormat@8 1001000c     gdi32:GDI32.dll
 0002:00000010       __imp__SetDeviceGammaRamp@8 10010010     gdi32:GDI32.dll
 0002:00000014       __imp__GetDeviceGammaRamp@8 10010014     gdi32:GDI32.dll
 0002:00000018       __imp__DescribePixelFormat@16 10010018     gdi32:GDI32.dll
 0002:0000001c       \177GDI32_NULL_THUNK_DATA  1001001c     gdi32:GDI32.dll
 0002:00000020       __imp__GetVersionExA@4     10010020     kernel32:KERNEL32.dll
 0002:00000024       __imp__DisableThreadLibraryCalls@4 10010024     kernel32:KERNEL32.dll
 0002:00000028       __imp__FreeLibrary@4       10010028     kernel32:KERNEL32.dll
 0002:0000002c       __imp__LoadLibraryA@4      1001002c     kernel32:KERNEL32.dll
 0002:00000030       __imp__GetProcAddress@8    10010030     kernel32:KERNEL32.dll
 0002:00000034       \177KERNEL32_NULL_THUNK_DATA 10010034     kernel32:KERNEL32.dll
 0002:00000038       __imp__pow                 10010038     MSVCRT:MSVCRT.dll
 0002:0000003c       __imp__floor               1001003c     MSVCRT:MSVCRT.dll
 0002:00000040       __imp__tan                 10010040     MSVCRT:MSVCRT.dll
 0002:00000044       __imp__ceil                10010044     MSVCRT:MSVCRT.dll
 0002:00000048       __imp___strlwr             10010048     MSVCRT:MSVCRT.dll
 0002:00000048       __imp__strlwr              10010048     MSVCRT:MSVCRT.dll
 0002:0000004c       __imp___adjust_fdiv        1001004c     MSVCRT:MSVCRT.dll
 0002:00000050       __imp__malloc              10010050     MSVCRT:MSVCRT.dll
 0002:00000054       __imp___initterm           10010054     MSVCRT:MSVCRT.dll
 0002:00000058       __imp__free                10010058     MSVCRT:MSVCRT.dll
 0002:0000005c       __imp__time                1001005c     MSVCRT:MSVCRT.dll
 0002:00000060       __imp___ftol               10010060     MSVCRT:MSVCRT.dll
 0002:00000064       __imp__memcpy              10010064     MSVCRT:MSVCRT.dll
 0002:00000068       __imp__strcpy              10010068     MSVCRT:MSVCRT.dll
 0002:0000006c       __imp__strlen              1001006c     MSVCRT:MSVCRT.dll
 0002:00000070       __imp__strncmp             10010070     MSVCRT:MSVCRT.dll
 0002:00000074       __imp__strcmp              10010074     MSVCRT:MSVCRT.dll
 0002:00000078       __imp__memset              10010078     MSVCRT:MSVCRT.dll
 0002:0000007c       __imp__fclose              1001007c     MSVCRT:MSVCRT.dll
 0002:00000080       __imp__cos                 10010080     MSVCRT:MSVCRT.dll
 0002:00000084       __imp__sin                 10010084     MSVCRT:MSVCRT.dll
 0002:00000088       __imp__fabs                10010088     MSVCRT:MSVCRT.dll
 0002:0000008c       __imp__strrchr             1001008c     MSVCRT:MSVCRT.dll
 0002:00000090       __imp__atoi                10010090     MSVCRT:MSVCRT.dll
 0002:00000094       __imp__localtime           10010094     MSVCRT:MSVCRT.dll
 0002:00000098       __imp__strcat              10010098     MSVCRT:MSVCRT.dll
 0002:0000009c       __imp__putenv              1001009c     MSVCRT:MSVCRT.dll
 0002:0000009c       __imp___putenv             1001009c     MSVCRT:MSVCRT.dll
 0002:000000a0       __imp__toupper             100100a0     MSVCRT:MSVCRT.dll
 0002:000000a4       __imp__strstr              100100a4     MSVCRT:MSVCRT.dll
 0002:000000a8       __imp__sqrt                100100a8     MSVCRT:MSVCRT.dll
 0002:000000ac       __imp__fwrite              100100ac     MSVCRT:MSVCRT.dll
 0002:000000b0       __imp__fopen               100100b0     MSVCRT:MSVCRT.dll
 0002:000000b4       __imp__strncpy             100100b4     MSVCRT:MSVCRT.dll
 0002:000000b8       __imp__fprintf             100100b8     MSVCRT:MSVCRT.dll
 0002:000000bc       __imp__vsprintf            100100bc     MSVCRT:MSVCRT.dll
 0002:000000c0       __imp__stricmp             100100c0     MSVCRT:MSVCRT.dll
 0002:000000c0       __imp___stricmp            100100c0     MSVCRT:MSVCRT.dll
 0002:000000c4       __imp__asctime             100100c4     MSVCRT:MSVCRT.dll
 0002:000000c8       \177MSVCRT_NULL_THUNK_DATA 100100c8     MSVCRT:MSVCRT.dll
 0002:000000cc       __imp__UpdateWindow@4      100100cc     user32:USER32.dll
 0002:000000d0       __imp__ShowWindow@8        100100d0     user32:USER32.dll
 0002:000000d4       __imp__CreateWindowExA@48  100100d4     user32:USER32.dll
 0002:000000d8       __imp__AdjustWindowRect@12 100100d8     user32:USER32.dll
 0002:000000dc       __imp__RegisterClassA@4    100100dc     user32:USER32.dll
 0002:000000e0       __imp__ChangeDisplaySettingsA@8 100100e0     user32:USER32.dll
 0002:000000e4       __imp__ReleaseDC@8         100100e4     user32:USER32.dll
 0002:000000e8       __imp__GetDC@4             100100e8     user32:USER32.dll
 0002:000000ec       __imp__UnregisterClassA@8  100100ec     user32:USER32.dll
 0002:000000f0       __imp__DestroyWindow@4     100100f0     user32:USER32.dll
 0002:000000f4       __imp__SetForegroundWindow@4 100100f4     user32:USER32.dll
 0002:000000f8       __imp__SetWindowPos@28     100100f8     user32:USER32.dll
 0002:000000fc       __imp__GetDesktopWindow@0  100100fc     user32:USER32.dll
 0002:00000100       \177USER32_NULL_THUNK_DATA 10010100     user32:USER32.dll
 0002:00000108       __real@4@400c9800000000000000 10010108     gl_draw.obj
 0002:0000010c       __real@4@3ffb8000000000000000 1001010c     gl_draw.obj
 0002:00000110       __real@8@3ffb8000000000000000 10010110     gl_draw.obj
 0002:00000118       __real@8@3ff98000000000000000 10010118     gl_draw.obj
 0002:00000120       __real@8@3ff78080808080808000 10010120     gl_draw.obj
 0002:00000128       __real@4@3ffeccccccccccccd000 10010128     gl_draw.obj
 0002:0000012c       __real@4@400c9804000000000000 1001012c     gl_draw.obj
 0002:00000130       __real@4@3ff78000000000000000 10010130     gl_draw.obj
 0002:00000138       __real@8@3ff78000000000000000 10010138     gl_draw.obj
 0002:00000140       _fmt_names                 10010140     gl_image.obj
 0002:000001d8       __real@8@3ffec000000000000000 100101d8     gl_image.obj
 0002:000001e0       __real@8@3ffd8000000000000000 100101e0     gl_image.obj
 0002:000001e8       __real@8@3ffdaaaaaaaaaaaaa800 100101e8     gl_image.obj
 0002:000001f0       __real@4@4006ff00000000000000 100101f0     gl_image.obj
 0002:000001f4       __real@4@00000000000000000000 100101f4     gl_image.obj
 0002:000001f8       __real@8@3ffe8000000000000000 100101f8     gl_image.obj
 0002:00000200       __real@8@3fff8000000000000000 10010200     gl_image.obj
 0002:00000208       __real@8@3ff8a3d70a3d70a3d800 10010208     gl_image.obj
 0002:00000210       __real@8@4006ff00000000000000 10010210     gl_image.obj
 0002:00000218       __real@8@3ff78040201008040000 10010218     gl_image.obj
 0002:00000220       __real@4@3fff8000000000000000 10010220     gl_image.obj
 0002:00000228       __real@8@3ffdc90fdaa22168c000 10010228     gl_light.obj
 0002:00000230       __real@8@3ffcccccccccccccd000 10010230     gl_light.obj
 0002:00000238       __real@8@3ffdb333333333333000 10010238     gl_light.obj
 0002:00000240       __real@4@40058000000000000000 10010240     gl_light.obj
 0002:00000244       __real@4@bfff8000000000000000 10010244     gl_light.obj
 0002:00000248       __real@4@400a8000000000000000 10010248     gl_light.obj
 0002:0000024c       __real@4@40038000000000000000 1001024c     gl_light.obj
 0002:00000250       __real@8@40088000000000000000 10010250     gl_light.obj
 0002:00000258       __real@4@4002c000000000000000 10010258     gl_light.obj
 0002:0000025c       __real@4@40028000000000000000 1001025c     gl_light.obj
 0002:00000260       __real@4@40018000000000000000 10010260     gl_mesh.obj
 0002:00000264       __real@4@3ffe8000000000000000 10010264     gl_mesh.obj
 0002:00000268       __real@8@40018000000000000000 10010268     gl_mesh.obj
 0002:00000270       __real@8@400b8000000000000000 10010270     gl_mesh.obj
 0002:00000278       __real@8@3ffd9999999999999800 10010278     gl_mesh.obj
 0002:00000280       __real@8@4000c90fdaa22168c000 10010280     gl_mesh.obj
 0002:00000288       __real@4@3ff7b60b60b60b60b800 10010288     gl_mesh.obj
 0002:00000290       __real@8@3ffeccccccccccccd000 10010290     gl_mesh.obj
 0002:00000298       __real@4@4001e000000000000000 10010298     gl_mesh.obj
 0002:0000029c       __real@4@3ffbccccccccccccd000 1001029c     gl_mesh.obj
 0002:000002a0       __real@8@3ffbccccccccccccd000 100102a0     gl_mesh.obj
 0002:000002a8       __real@4@40069600000000000000 100102a8     gl_mesh.obj
 0002:000002ac       __real@4@4001a000000000000000 100102ac     gl_model.obj
 0002:000002b0       __real@8@3ffda8f5c28f5c28f800 100102b0     gl_model.obj
 0002:000002b8       __real@8@3ffab0c34c1a8ac5c800 100102b8     gl_model.obj
 0002:000002c0       __real@4@c00fc34f800000000000 100102c0     gl_model.obj
 0002:000002c4       __real@4@4012f423f00000000000 100102c4     gl_model.obj
 0002:000002c8       __real@4@40048000000000000000 100102c8     gl_model.obj
 0002:000002cc       __real@4@c0048000000000000000 100102cc     gl_model.obj
 0002:000002d0       __real@4@3ffeaa7ef9db22d0e800 100102d0     gl_rmain.obj
 0002:000002d4       __real@4@3ffaccccccccccccd000 100102d4     gl_rmain.obj
 0002:000002d8       __real@8@40038000000000000000 100102d8     gl_rmain.obj
 0002:000002e0       __real@8@3fffc90fdaa22168c000 100102e0     gl_rmain.obj
 0002:000002e8       __real@4@c0038000000000000000 100102e8     gl_rmain.obj
 0002:000002ec       __real@4@3fff8800000000000000 100102ec     gl_rmain.obj
 0002:000002f0       __real@8@3ff783126e978d4fe000 100102f0     gl_rmain.obj
 0002:000002f8       __real@4@4003a000000000000000 100102f8     gl_rmain.obj
 0002:000002fc       __real@4@3fffc000000000000000 100102fc     gl_rmain.obj
 0002:00000300       __real@4@c005c800000000000000 10010300     gl_rmain.obj
 0002:00000304       __real@4@4002a000000000000000 10010304     gl_rmain.obj
 0002:00000308       __real@4@4005c800000000000000 10010308     gl_rmain.obj
 0002:0000030c       __real@4@4005b400000000000000 1001030c     gl_rmain.obj
 0002:00000310       __real@4@c005b400000000000000 10010310     gl_rmain.obj
 0002:00000314       __real@4@3ffd9999999999999800 10010314     gl_rmain.obj
 0002:00000318       __real@8@3ff88efa351294e9c800 10010318     gl_rmain.obj
 0002:00000320       __real@8@4000a000000000000000 10010320     gl_rmain.obj
 0002:00000328       __real@8@c00fc34f800000000000 10010328     gl_rmain.obj
 0002:00000330       __real@8@400fc34f800000000000 10010330     gl_rmain.obj
 0002:00000338       __real@4@3ff88000000000000000 10010338     gl_rmain.obj
 0002:0000033c       __real@4@3ff78080810000000000 1001033c     gl_rmain.obj
 0002:00000340       __real@8@4004f000000000000000 10010340     gl_rmain.obj
 0002:00000348       __real@4@400ca404000000000000 10010348     gl_rmisc.obj
 0002:00000350       __real@8@00000000000000000000 10010350     gl_rsurf.obj
 0002:00000358       __real@8@c0058000000000000000 10010358     gl_rsurf.obj
 0002:00000360       __real@8@3ff9ccccccccccccd000 10010360     gl_rsurf.obj
 0002:00000368       __real@4@3ffea8f5c28f5c28f800 10010368     gl_rsurf.obj
 0002:0000036c       __real@4@3ffda8f5c28f5c28f800 1001036c     gl_rsurf.obj
 0002:00000370       __real@4@3ffce147ae147ae14800 10010370     gl_rsurf.obj
 0002:00000378       __real@8@bff8a3d70a3d70a3d800 10010378     gl_rsurf.obj
 0002:00000380       __real@4@3ffd8000000000000000 10010380     gl_rsurf.obj
 0002:00000384       __real@4@3ff38000000000000000 10010384     gl_rsurf.obj
 0002:00000388       __real@4@c00c9c3c000000000000 10010388     gl_warp.obj
 0002:0000038c       __real@4@400c9c3c000000000000 1001038c     gl_warp.obj
 0002:00000390       __real@8@40058000000000000000 10010390     gl_warp.obj
 0002:00000398       __real@4@3ff98000000000000000 10010398     gl_warp.obj
 0002:000003a0       __real@8@4004a2f9836e4e441800 100103a0     gl_warp.obj
 0002:000003a8       __real@8@3ffc8000000000000000 100103a8     gl_warp.obj
 0002:000003b0       __real@8@3ff583126e978d4fe000 100103b0     gl_warp.obj
 0002:000003b8       __real@8@bffbccccccccccccd000 100103b8     gl_warp.obj
 0002:000003c0       __real@8@400effff000000000000 100103c0     glw_imp.obj
 0002:000003c8       __real@4@3fef8000400020001000 100103c8     glw_imp.obj
 0002:000003cc       __real@4@40068000000000000000 100103cc     glw_imp.obj
 0002:000003d0       __real@4@4000c000000000000000 100103d0     glw_imp.obj
 0002:000003d8       __real@8@3ff7b60b60b60b60b800 100103d8     q_shared2.obj
 0002:000003e0       __real@8@3ff98efa351294e9c800 100103e0     q_shared2.obj
 0002:000003e8       __IMPORT_DESCRIPTOR_KERNEL32 100103e8     kernel32:KERNEL32.dll
 0002:000003fc       __IMPORT_DESCRIPTOR_USER32 100103fc     user32:USER32.dll
 0002:00000410       __IMPORT_DESCRIPTOR_GDI32  10010410     gdi32:GDI32.dll
 0002:00000424       __IMPORT_DESCRIPTOR_MSVCRT 10010424     MSVCRT:MSVCRT.dll
 0002:00000438       __NULL_IMPORT_DESCRIPTOR   10010438     kernel32:KERNEL32.dll
 0003:00000000       ___xc_a                    10011000     MSVCRT:cinitexe.obj
 0003:00000004       ___xc_z                    10011004     MSVCRT:cinitexe.obj
 0003:00000008       ___xi_a                    10011008     MSVCRT:cinitexe.obj
 0003:0000000c       ___xi_z                    1001100c     MSVCRT:cinitexe.obj
 0003:00000070       ??_C@_08CFBM@conchars?$AA@ 10011070     gl_draw.obj
 0003:0000007c       ??_C@_0M@BOLH@pics?1?$CFs?4?$DP?$DP?$DP?$AA@ 1001107c     gl_draw.obj
 0003:00000088       ??_C@_0BE@OFJF@Can?8t?5find?5pic?3?5?$CFs?6?$AA@ 10011088     gl_draw.obj
 0003:0000009c       ??_C@_0BF@FJLG@Draw_Fill?3?5bad?5color?$AA@ 1001109c     gl_draw.obj
 0003:000000b4       ??_C@_03EDOL@PAL?$AA@      100110b4     gl_image.obj
 0003:000000b8       ??_C@_08IECI@RGBA_ARB?$AA@ 100110b8     gl_image.obj
 0003:000000c4       ??_C@_07MDOP@RGB_ARB?$AA@  100110c4     gl_image.obj
 0003:000000cc       ??_C@_04DLAJ@S3TC?$AA@     100110cc     gl_image.obj
 0003:000000d4       ??_C@_04PIGM@RGBA?$AA@     100110d4     gl_image.obj
 0003:000000dc       ??_C@_03DLPD@RGB?$AA@      100110dc     gl_image.obj
 0003:000000e0       ??_C@_02GAM@IA?$AA@        100110e0     gl_image.obj
 0003:000000e4       ??_C@_01FLOP@I?$AA@        100110e4     gl_image.obj
 0003:000000e8       ??_C@_04PDBB@?$DP?$DP?$DP?$DP?$AA@ 100110e8     gl_image.obj
 0003:000000f0       _gl_solid_format           100110f0     gl_image.obj
 0003:000000f4       _gl_alpha_format           100110f4     gl_image.obj
 0003:000000f8       _gl_tex_solid_format       100110f8     gl_image.obj
 0003:000000fc       _gl_tex_alpha_format       100110fc     gl_image.obj
 0003:00000100       _gl_filter_min             10011100     gl_image.obj
 0003:00000104       _gl_filter_max             10011104     gl_image.obj
 0003:00000110       _modes                     10011110     gl_image.obj
 0003:00000158       _gl_alpha_modes            10011158     gl_image.obj
 0003:00000188       _gl_solid_modes            10011188     gl_image.obj
 0003:000001b8       ??_C@_0M@BAKM@GL_R3_G3_B2?$AA@ 100111b8     gl_image.obj
 0003:000001c4       ??_C@_07DDCO@GL_RGB4?$AA@  100111c4     gl_image.obj
 0003:000001cc       ??_C@_07JJLJ@GL_RGB5?$AA@  100111cc     gl_image.obj
 0003:000001d4       ??_C@_07MNMK@GL_RGB8?$AA@  100111d4     gl_image.obj
 0003:000001dc       ??_C@_06OCPL@GL_RGB?$AA@   100111dc     gl_image.obj
 0003:000001e4       ??_C@_08DJND@GL_RGBA2?$AA@ 100111e4     gl_image.obj
 0003:000001f0       ??_C@_08MGKB@GL_RGBA4?$AA@ 100111f0     gl_image.obj
 0003:000001fc       ??_C@_0L@BGEN@GL_RGB5_A1?$AA@ 100111fc     gl_image.obj
 0003:00000208       ??_C@_08DIEF@GL_RGBA8?$AA@ 10011208     gl_image.obj
 0003:00000214       ??_C@_07GNLF@GL_RGBA?$AA@  10011214     gl_image.obj
 0003:0000021c       ??_C@_07FMEP@default?$AA@  1001121c     gl_image.obj
 0003:00000224       ??_C@_0BI@KDJA@GL_LINEAR_MIPMAP_LINEAR?$AA@ 10011224     gl_image.obj
 0003:0000023c       ??_C@_0BJ@FEEC@GL_NEAREST_MIPMAP_LINEAR?$AA@ 1001123c     gl_image.obj
 0003:00000258       ??_C@_0BJ@CJFK@GL_LINEAR_MIPMAP_NEAREST?$AA@ 10011258     gl_image.obj
 0003:00000274       ??_C@_0BK@NEKN@GL_NEAREST_MIPMAP_NEAREST?$AA@ 10011274     gl_image.obj
 0003:00000290       ??_C@_09KGLC@GL_LINEAR?$AA@ 10011290     gl_image.obj
 0003:0000029c       ??_C@_0L@FLFP@GL_NEAREST?$AA@ 1001129c     gl_image.obj
 0003:000002a8       ??_C@_0CG@IONK@MTexCoord?5call?5without?5multitext@ 100112a8     gl_image.obj
 0003:000002d0       ??_C@_0BB@KGGC@bad?5filter?5name?6?$AA@ 100112d0     gl_image.obj
 0003:000002e4       ??_C@_0BN@OHAB@bad?5alpha?5texture?5mode?5name?6?$AA@ 100112e4     gl_image.obj
 0003:00000304       ??_C@_0BN@DBG@bad?5solid?5texture?5mode?5name?6?$AA@ 10011304     gl_image.obj
 0003:00000324       ??_C@_0DM@JAA@Total?5?$CFi?5images?5with?5texel?5count@ 10011324     gl_image.obj
 0003:00000360       ??_C@_0BL@JFMM@?$CF?93i?5?$CFs?5?$CF?93i?5?$CF?93i?5?$CF?98s?5?$CFs?6?$AA@ 10011360     gl_image.obj
 0003:0000037c       ??_C@_08JNFO@?$CIscrap?$CJ?5?$AA@ 1001137c     gl_image.obj
 0003:00000388       ??_C@_07ONBG@0x?$CF4X?5?5?$AA@ 10011388     gl_image.obj
 0003:00000390       ??_C@_03LNJI@skn?$AA@      10011390     gl_image.obj
 0003:00000394       ??_C@_03OAO@spr?$AA@       10011394     gl_image.obj
 0003:00000398       ??_C@_03DION@wal?$AA@      10011398     gl_image.obj
 0003:0000039c       ??_C@_03DCIF@pic?$AA@      1001139c     gl_image.obj
 0003:000003a0       ??_C@_03EBAN@sky?$AA@      100113a0     gl_image.obj
 0003:000003a4       ??_C@_03HGLM@tmp?$AA@      100113a4     gl_image.obj
 0003:000003a8       ??_C@_03HLMP@?5?$DP?5?$AA@ 100113a8     gl_image.obj
 0003:000003ac       ??_C@_0CL@IAG@?9?9?9?9t?9?9?9w?9?9?9h?9?9?9fmt?9?9?9?9?9?9name?9?9?9@ 100113ac     gl_image.obj
 0003:000003d8       ??_C@_0CJ@IOFB@Unknown?5number?5of?5texture?5compon@ 100113d8     gl_image.obj
 0003:00000404       ??_C@_0BF@OLFC@GL_Upload32?3?5too?5big?$AA@ 10011404     gl_image.obj
 0003:0000041c       ??_C@_0BG@GJHB@GL_Upload8?3?5too?5large?$AA@ 1001141c     gl_image.obj
 0003:00000434       ??_C@_0BP@NGM@Draw_LoadPic?3?5?$CC?$CFs?$CC?5is?5too?5long?$AA@ 10011434     gl_image.obj
 0003:00000454       ??_C@_0P@MCNK@MAX_GLTEXTURES?$AA@ 10011454     gl_image.obj
 0003:00000464       ??_C@_0BN@FDBO@GL_FindImage?3?5can?8t?5load?5?$CFs?6?$AA@ 10011464     gl_image.obj
 0003:00000484       ??_C@_0CC@DGNL@Unrecognized?5image?5extension?3?5?$CFs@ 10011484     gl_image.obj
 0003:000004a8       ??_C@_0BI@BLMG@Cannot?5load?5texture?5?$CFs?6?$AA@ 100114a8     gl_image.obj
 0003:000004c0       ??_C@_0BI@EEPA@Cannot?5find?5image?5?$CFs?4?$CK?6?$AA@ 100114c0     gl_image.obj
 0003:000004d8       ??_C@_05LCPG@pics?1?$AA@   100114d8     gl_image.obj
 0003:000004e0       ??_C@_04BLEC@?4jpg?$AA@    100114e0     gl_image.obj
 0003:000004e8       ??_C@_04LCGE@?4tga?$AA@    100114e8     gl_image.obj
 0003:000004f0       ??_C@_04GHND@?4wal?$AA@    100114f0     gl_image.obj
 0003:000004f8       ??_C@_04PHML@?4pcx?$AA@    100114f8     gl_image.obj
 0003:00000500       ??_C@_04IDGC@?4?$DP?$DP?$DP?$AA@ 10011500     gl_image.obj
 0003:00000508       ??_C@_0CA@GDHD@Couldn?8t?5load?5pics?1colormap?4pcx?$AA@ 10011508     gl_image.obj
 0003:00000528       ??_C@_0BC@EOBO@pics?1colormap?4pcx?$AA@ 10011528     gl_image.obj
 0003:0000053c       ??_C@_0N@BPDG@r_saturation?$AA@ 1001153c     gl_image.obj
 0003:0000054c       ??_C@_09CNFC@intensity?$AA@ 1001154c     gl_image.obj
 0003:00000558       ??_C@_01FBAH@1?$AA@        10011558     gl_image.obj
 0003:0000055c       ??_C@_0CF@IIHL@Bad?5s_blocklights?5size?3?5?$CFd?5x?5?$CFd?5@ 1001155c     gl_light.obj
 0003:00000584       ??_C@_0CL@IBMO@R_BuildLightMap?5called?5for?5non?9l@ 10011584     gl_light.obj
 0003:000005b0       _r_avertexnormals          100115b0     gl_mesh.obj
 0003:00000d48       ??_C@_0CK@MHJA@R_DrawAliasModel?5?$CFs?3?5no?5such?5old@ 10011d48     gl_mesh.obj
 0003:00000d74       ??_C@_0CH@BMCP@R_DrawAliasModel?5?$CFs?3?5no?5such?5fra@ 10011d74     gl_mesh.obj
 0003:00000d9c       ??_C@_0CK@BKAK@R_CullAliasModel?5?$CFs?3?5no?5such?5old@ 10011d9c     gl_mesh.obj
 0003:00000dc8       ??_C@_0CH@HHDH@R_CullAliasModel?5?$CFs?3?5no?5such?5fra@ 10011dc8     gl_mesh.obj
 0003:00000e2c       ??_C@_0BK@GJON@GL_PointInLeaf?3?5bad?5model?$AA@ 10011e2c     gl_model.obj
 0003:00000e48       ??_C@_0BE@KMED@Total?5resident?3?5?$CFi?6?$AA@ 10011e48     gl_model.obj
 0003:00000e5c       ??_C@_09EHLB@?$CF8i?5?3?5?$CFs?6?$AA@ 10011e5c     gl_model.obj
 0003:00000e68       ??_C@_0BA@GMNB@Loaded?5models?3?6?$AA@ 10011e68     gl_model.obj
 0003:00000e78       ??_C@_0CG@HPCL@Mod_NumForName?3?5unknown?5fileid?5f@ 10011e78     gl_model.obj
 0003:00000ea0       ??_C@_0BN@GEDF@Mod_ModForName?3?5?$CFs?5not?5found?$AA@ 10011ea0     gl_model.obj
 0003:00000ec0       ??_C@_0CG@INFO@Internal?5error?5while?5loading?5BSP@ 10011ec0     gl_model.obj
 0003:00000ee8       ??_C@_04EMJN@?4bsp?$AA@    10011ee8     gl_model.obj
 0003:00000ef0       ??_C@_0BO@PLCA@mod_numknown?5?$DN?$DN?5MAX_MOD_KNOWN?$AA@ 10011ef0     gl_model.obj
 0003:00000f10       ??_C@_0BI@DAMF@bad?5inline?5model?5number?$AA@ 10011f10     gl_model.obj
 0003:00000f28       ??_C@_0BH@LKJJ@Mod_ForName?3?5NULL?5name?$AA@ 10011f28     gl_model.obj
 0003:00000f40       ??_C@_0BC@DJDD@Couldn?8t?5load?5?$CFs?6?$AA@ 10011f40     gl_model.obj
 0003:00000f54       ??_C@_0BA@IDAI@textures?1?$CFs?4wal?$AA@ 10011f54     gl_model.obj
 0003:00000f64       ??_C@_0CD@COFD@MOD_LoadBmodel?3?5bad?5texinfo?5numb@ 10011f64     gl_model.obj
 0003:00000f88       ??_C@_0CK@NMOI@Mod_ParseMarksurfaces?3?5bad?5surfa@ 10011f88     gl_model.obj
 0003:00000fb4       ??_C@_0CC@NIFN@Inline?5model?5?$CFi?5has?5bad?5firstnod@ 10011fb4     gl_model.obj
 0003:00000fd8       ??_C@_0CF@GBO@Loaded?5a?5brush?5model?5after?5the?5w@ 10011fd8     gl_model.obj
 0003:00001000       ??_C@_0BH@IMJD@model?5?$CFs?5has?5no?5frames?$AA@ 10012000     gl_model.obj
 0003:00001018       ??_C@_0BK@EBGJ@model?5?$CFs?5has?5no?5triangles?$AA@ 10012018     gl_model.obj
 0003:00001034       ??_C@_0BM@MLIA@model?5?$CFs?5has?5no?5st?5vertices?$AA@ 10012034     gl_model.obj
 0003:00001050       ??_C@_0BP@KFMM@model?5?$CFs?5has?5too?5many?5vertices?$AA@ 10012050     gl_model.obj
 0003:00001070       ??_C@_0BJ@BMCG@model?5?$CFs?5has?5no?5vertices?$AA@ 10012070     gl_model.obj
 0003:0000108c       ??_C@_0CD@DNIE@model?5?$CFs?5has?5a?5skin?5taller?5than?5@ 1001208c     gl_model.obj
 0003:000010b0       ??_C@_0CO@LDOK@?$CFs?5has?5wrong?5version?5number?5?$CI?$CFi?5@ 100120b0     gl_model.obj
 0003:000010e0       ??_C@_0BM@NFLG@Cannot?5find?5frame?5?$CD?$CFd?5?$CI?$CFs?$CJ?6?$AA@ 100120e0     gl_model.obj
 0003:000010fc       ??_C@_0CB@KANI@?$CFs?5has?5too?5many?5frames?5?$CI?$CFi?5?$DO?5?$CFi?$CJ@ 100120fc     gl_model.obj
 0003:00001120       ??_C@_08DIA@flushmap?$AA@  10012120     gl_model.obj
 0003:0000112c       ??_C@_01PLJA@0?$AA@        1001212c     gl_model.obj
 0003:00001130       ??_C@_0M@HBDC@maps?1?$CFs?4bsp?$AA@ 10012130     gl_model.obj
 0003:000014d0       ??_C@_04NBLP@soft?$AA@     100124d0     gl_rmain.obj
 0003:000014d8       ??_C@_07LICL@vid_ref?$AA@  100124d8     gl_rmain.obj
 0003:000014e0       ??_C@_07JEME@r_gamma?$AA@  100124e0     gl_rmain.obj
 0003:000014e8       ??_C@_0N@EEGM@r_fullscreen?$AA@ 100124e8     gl_rmain.obj
 0003:000014f8       ??_C@_0BB@KNCM@gl_3dlabs_broken?$AA@ 100124f8     gl_rmain.obj
 0003:0000150c       ??_C@_0BE@BIIO@gl_saturatelighting?$AA@ 1001250c     gl_rmain.obj
 0003:00001520       ??_C@_0BA@NBPP@gl_swapinterval?$AA@ 10012520     gl_rmain.obj
 0003:00001530       ??_C@_07MDNP@GL_BACK?$AA@  10012530     gl_rmain.obj
 0003:00001538       ??_C@_0O@KCBC@gl_drawbuffer?$AA@ 10012538     gl_rmain.obj
 0003:00001548       ??_C@_0BN@OJDH@gl_ext_compiled_vertex_array?$AA@ 10012548     gl_rmain.obj
 0003:00001568       ??_C@_0BL@OLPN@gl_ext_compressed_textures?$AA@ 10012568     gl_rmain.obj
 0003:00001584       ??_C@_0BE@IOJK@gl_ext_multitexture?$AA@ 10012584     gl_rmain.obj
 0003:00001598       ??_C@_0BB@KLFD@gl_vertex_arrays?$AA@ 10012598     gl_rmain.obj
 0003:000015ac       ??_C@_0L@BFHO@gl_winrefl?$AA@ 100125ac     gl_rmain.obj
 0003:000015b8       ??_C@_04GECI@2300?$AA@     100125b8     gl_rmain.obj
 0003:000015c0       ??_C@_07BGII@gl_zmax?$AA@  100125c0     gl_rmain.obj
 0003:000015c8       ??_C@_0L@ECM@gl_lockpvs?$AA@ 100125c8     gl_rmain.obj
 0003:000015d4       ??_C@_0BE@PLJ@gl_texturesolidmode?$AA@ 100125d4     gl_rmain.obj
 0003:000015e8       ??_C@_0BE@OFGJ@gl_texturealphamode?$AA@ 100125e8     gl_rmain.obj
 0003:000015fc       ??_C@_0P@NBDD@gl_texturemode?$AA@ 100125fc     gl_rmain.obj
 0003:0000160c       ??_C@_08MLDJ@opengl32?$AA@ 1001260c     gl_rmain.obj
 0003:00001618       ??_C@_09MLK@gl_driver?$AA@ 10012618     gl_rmain.obj
 0003:00001624       ??_C@_0BA@PDAA@gl_monolightmap?$AA@ 10012624     gl_rmain.obj
 0003:00001634       ??_C@_0N@GDME@gl_playermip?$AA@ 10012634     gl_rmain.obj
 0003:00001644       ??_C@_0O@BGPL@gl_flashblend?$AA@ 10012644     gl_rmain.obj
 0003:00001654       ??_C@_0N@GJLC@gl_polyblend?$AA@ 10012654     gl_rmain.obj
 0003:00001664       ??_C@_07HMM@gl_cull?$AA@   10012664     gl_rmain.obj
 0003:0000166c       ??_C@_08CLGN@gl_clear?$AA@ 1001266c     gl_rmain.obj
 0003:00001678       ??_C@_09IEFK@gl_finish?$AA@ 10012678     gl_rmain.obj
 0003:00001684       ??_C@_09HJPP@gl_ztrick?$AA@ 10012684     gl_rmain.obj
 0003:00001690       ??_C@_0M@GFIA@gl_showtris?$AA@ 10012690     gl_rmain.obj
 0003:0000169c       ??_C@_09LFJH@gl_skymip?$AA@ 1001269c     gl_rmain.obj
 0003:000016a8       ??_C@_09HOCI@gl_picmip?$AA@ 100126a8     gl_rmain.obj
 0003:000016b4       ??_C@_0O@DCEE@gl_round_down?$AA@ 100126b4     gl_rmain.obj
 0003:000016c4       ??_C@_09DLEF@gl_nobind?$AA@ 100126c4     gl_rmain.obj
 0003:000016d0       ??_C@_0L@KKKG@gl_dynamic?$AA@ 100126d0     gl_rmain.obj
 0003:000016dc       ??_C@_0L@DBCD@gl_shadows?$AA@ 100126dc     gl_rmain.obj
 0003:000016e8       ??_C@_0M@PLJG@gl_lightmap?$AA@ 100126e8     gl_rmain.obj
 0003:000016f4       ??_C@_01ECJ@3?$AA@         100126f4     gl_rmain.obj
 0003:000016f8       ??_C@_07KMDJ@gl_mode?$AA@  100126f8     gl_rmain.obj
 0003:00001700       ??_C@_0M@GPNJ@gl_bitdepth?$AA@ 10012700     gl_rmain.obj
 0003:0000170c       ??_C@_0L@PDBC@gl_logFile?$AA@ 1001270c     gl_rmain.obj
 0003:00001718       ??_C@_0M@OBKG@gl_modulate?$AA@ 10012718     gl_rmain.obj
 0003:00001724       ??_C@_0BC@OLAN@gl_particle_att_c?$AA@ 10012724     gl_rmain.obj
 0003:00001738       ??_C@_0BC@EBJK@gl_particle_att_b?$AA@ 10012738     gl_rmain.obj
 0003:0000174c       ??_C@_04CPII@0?401?$AA@    1001274c     gl_rmain.obj
 0003:00001754       ??_C@_0BC@LOCD@gl_particle_att_a?$AA@ 10012754     gl_rmain.obj
 0003:00001768       ??_C@_0BB@BIOA@gl_particle_size?$AA@ 10012768     gl_rmain.obj
 0003:0000177c       ??_C@_02BOMB@40?$AA@       1001277c     gl_rmain.obj
 0003:00001780       ??_C@_0BF@IIKN@gl_particle_max_size?$AA@ 10012780     gl_rmain.obj
 0003:00001798       ??_C@_01KOLO@2?$AA@        10012798     gl_rmain.obj
 0003:0000179c       ??_C@_0BF@NLMC@gl_particle_min_size?$AA@ 1001279c     gl_rmain.obj
 0003:000017b4       ??_C@_0BC@HKAH@gl_allow_software?$AA@ 100127b4     gl_rmain.obj
 0003:000017c8       ??_C@_0O@NIJN@gl_nosubimage?$AA@ 100127c8     gl_rmain.obj
 0003:000017d8       ??_C@_0N@JNBI@r_lightlevel?$AA@ 100127d8     gl_rmain.obj
 0003:000017e8       ??_C@_0BA@BLLL@r_ignorehwgamma?$AA@ 100127e8     gl_rmain.obj
 0003:000017f8       ??_C@_08MNKK@r_speeds?$AA@ 100127f8     gl_rmain.obj
 0003:00001804       ??_C@_0N@IKOP@r_lerpmodels?$AA@ 10012804     gl_rmain.obj
 0003:00001814       ??_C@_08HJPD@r_nocull?$AA@ 10012814     gl_rmain.obj
 0003:00001820       ??_C@_07CBKH@r_novis?$AA@  10012820     gl_rmain.obj
 0003:00001828       ??_C@_0M@GFDO@r_drawworld?$AA@ 10012828     gl_rmain.obj
 0003:00001834       ??_C@_0P@LECL@r_drawentities?$AA@ 10012834     gl_rmain.obj
 0003:00001844       ??_C@_0N@MMGG@r_fullbright?$AA@ 10012844     gl_rmain.obj
 0003:00001854       ??_C@_0M@BNM@r_norefresh?$AA@ 10012854     gl_rmain.obj
 0003:00001860       ??_C@_04KBBO@hand?$AA@     10012860     gl_rmain.obj
 0003:00001868       ??_C@_0O@OAGB@Bad?5modeltype?$AA@ 10012868     gl_rmain.obj
 0003:00001878       ??_C@_0CJ@KPOM@?$CF4i?5visleafs?5?$CF4i?5frustleafs?5of?5?$CF@ 10012878     gl_rmain.obj
 0003:000018a4       ??_C@_0CE@MNBE@?$CF4i?5wpoly?5?$CF4i?5epoly?5?$CFi?5tex?5?$CFi?5lm@ 100128a4     gl_rmain.obj
 0003:000018c8       ??_C@_0BO@BODI@R_RenderView?3?5NULL?5worldmodel?$AA@ 100128c8     gl_rmain.obj
 0003:000018e8       ??_C@_0L@NAKP@gl_strings?$AA@ 100128e8     gl_rmain.obj
 0003:000018f4       ??_C@_09HFGF@modellist?$AA@ 100128f4     gl_rmain.obj
 0003:00001900       ??_C@_0L@BJLF@screenshot?$AA@ 10012900     gl_rmain.obj
 0003:0000190c       ??_C@_09PCJE@imagelist?$AA@ 1001290c     gl_rmain.obj
 0003:00001918       ??_C@_0DF@EHEG@ref_gl?3?3R_SetMode?$CI?$CJ?5?9?5could?5not?5@ 10012918     gl_rmain.obj
 0003:00001950       ??_C@_0CE@HIMO@ref_gl?3?3R_SetMode?$CI?$CJ?5?9?5invalid?5mo@ 10012950     gl_rmain.obj
 0003:00001974       ??_C@_0DL@BJEC@ref_gl?3?3R_SetMode?$CI?$CJ?5?9?5fullscreen@ 10012974     gl_rmain.obj
 0003:000019b0       ??_C@_0BF@LPBA@glGetError?$CI?$CJ?5?$DN?50x?$CFx?6?$AA@ 100129b0     gl_rmain.obj
 0003:000019c8       ??_C@_0BB@HHFL@?4?4?4allowing?5CDS?6?$AA@ 100129c8     gl_rmain.obj
 0003:000019dc       ??_C@_0BC@KNNB@?4?4?4disabling?5CDS?6?$AA@ 100129dc     gl_rmain.obj
 0003:000019f0       ??_C@_0M@CGPG@scr_drawall?$AA@ 100129f0     gl_rmain.obj
 0003:000019fc       ??_C@_0BO@LPNL@?4?4?4using?5gl_monolightmap?5?8a?8?6?$AA@ 100129fc     gl_rmain.obj
 0003:00001a1c       ??_C@_01PFH@A?$AA@         10012a1c     gl_rmain.obj
 0003:00001a20       ??_C@_06IKAA@verite?$AA@   10012a20     gl_rmain.obj
 0003:00001a28       ??_C@_04JEBG@pcx2?$AA@     10012a28     gl_rmain.obj
 0003:00001a30       ??_C@_03FFEM@gdi?$AA@      10012a30     gl_rmain.obj
 0003:00001a34       ??_C@_06GPFG@glzicd?$AA@   10012a34     gl_rmain.obj
 0003:00001a3c       ??_C@_05GAJH@glint?$AA@    10012a3c     gl_rmain.obj
 0003:00001a44       ??_C@_08KOOM@permedia?$AA@ 10012a44     gl_rmain.obj
 0003:00001a50       ??_C@_03HID@sgi?$AA@       10012a50     gl_rmain.obj
 0003:00001a54       ??_C@_04JACC@rush?$AA@     10012a54     gl_rmain.obj
 0003:00001a5c       ??_C@_06GLKG@voodoo?$AA@   10012a5c     gl_rmain.obj
 0003:00001a64       ??_C@_0BA@PCBE@GL_VERSION?3?5?$CFs?6?$AA@ 10012a64     gl_rmain.obj
 0003:00001a74       ??_C@_0BB@KKEK@GL_RENDERER?3?5?$CFs?6?$AA@ 10012a74     gl_rmain.obj
 0003:00001a88       ??_C@_0P@KDAA@GL_VENDOR?3?5?$CFs?6?$AA@ 10012a88     gl_rmain.obj
 0003:00001a98       ??_C@_0CK@LCCO@ref_gl?3?3R_Init?$CI?$CJ?5?9?5could?5not?5R_S@ 10012a98     gl_rmain.obj
 0003:00001ac4       ??_C@_0CI@LCAE@ref_gl?3?3R_Init?$CI?$CJ?5?9?5could?5not?5loa@ 10012ac4     gl_rmain.obj
 0003:00001aec       ??_C@_0BJ@ECO@ref_gl?5version?3?5GL?50?401?6?$AA@ 10012aec     gl_rmain.obj
 0003:00001b08       ??_C@_08IIC@GL_FRONT?$AA@  10012b08     gl_rmain.obj
 0003:00001b14       ??_C@_0N@KBMB@SST_GAMMA?$DN?$CFf?$AA@ 10012b14     gl_rmain.obj
 0003:00001b24       ??_C@_0P@IHBO@SSTV2_GAMMA?$DN?$CFf?$AA@ 10012b24     gl_rmain.obj
 0003:00001b34       ??_C@_0CP@DFHB@?6?9?9?9?9?9?9?9?9?9?9?5Begin?5Frame?5?$CIold?5ref@ 10012b34     gl_rmain.obj
 0003:00001b64       ??_C@_0BA@CPDK@gl_console_only?$AA@ 10012b64     gl_rmain.obj
 0003:00001b74       ??_C@_0BI@MLJK@binds?3?5?$CF2d?5uploads?3?5?$CF2d?$AA@ 10012b74     gl_rmain.obj
 0003:00001b8c       ??_C@_0CC@FJIA@bef?3?5?$CF2d?5fe?3?5?$CF2d?5bk?3?5?$CF2d?5aft?3?5?$CF2@ 10012b8c     gl_rmain.obj
 0003:00001bb0       _dottexture                10012bb0     gl_rmisc.obj
 0003:00001bf0       ??_C@_0BC@LOCA@?$CK?$CK?$CKr_notexture?$CK?$CK?$CK?$AA@ 10012bf0     gl_rmisc.obj
 0003:00001c04       ??_C@_0P@KKPF@?$CK?$CK?$CKparticle?$CK?$CK?$CK?$AA@ 10012c04     gl_rmisc.obj
 0003:00001c14       ??_C@_0BG@JOCO@Cannot?5write?5file?5?$CFs?6?$AA@ 10012c14     gl_rmisc.obj
 0003:00001c2c       ??_C@_02NGAF@wb?$AA@       10012c2c     gl_rmisc.obj
 0003:00001c30       ??_C@_03FELK@?1?$CFs?$AA@  10012c30     gl_rmisc.obj
 0003:00001c34       ??_C@_0O@JLEC@?$CFs?1levelshots?$AA@ 10012c34     gl_rmisc.obj
 0003:00001c44       ??_C@_09PAG@Wrote?5?$CFs?6?$AA@ 10012c44     gl_rmisc.obj
 0003:00001c50       ??_C@_06EBGC@silent?$AA@   10012c50     gl_rmisc.obj
 0003:00001c58       ??_C@_0CK@GBDB@SCR_ScreenShot_f?3?5Couldn?8t?5creat@ 10012c58     gl_rmisc.obj
 0003:00001c84       ??_C@_02JKAF@rb?$AA@       10012c84     gl_rmisc.obj
 0003:00001c88       ??_C@_0BC@LJDI@?$CFs?1screenshots?1?$CFs?$AA@ 10012c88     gl_rmisc.obj
 0003:00001c9c       ??_C@_0M@MDPL@quake00?4tga?$AA@ 10012c9c     gl_rmisc.obj
 0003:00001ca8       ??_C@_0P@FIPG@?$CFs?1screenshots?$AA@ 10012ca8     gl_rmisc.obj
 0003:00001cb8       ??_C@_09IADL@levelshot?$AA@ 10012cb8     gl_rmisc.obj
 0003:00001cc4       ??_C@_0BD@PFIA@GL_EXTENSIONS?3?5?$CFs?6?$AA@ 10012cc4     gl_rmisc.obj
 0003:00001cd8       ??_C@_0BG@LALE@?$CK?$CK?$CK?5DrawGLPoly?$CI?$CJ?5?$CK?$CK?$CK?6?$AA@ 10012cd8     gl_rsurf.obj
 0003:00001cf0       ??_C@_0BL@BNDJ@?$CK?$CK?$CK?5DrawGLPolyChain?$CI?$CJ?5?$CK?$CK?$CK?6?$AA@ 10012cf0     gl_rsurf.obj
 0003:00001d0c       ??_C@_0DM@MGEH@Consecutive?5calls?5to?5LM_AllocBlo@ 10012d0c     gl_rsurf.obj
 0003:00001d48       ??_C@_0BM@CMED@?$CK?$CK?$CK?5R_BlendLightmaps?$CI?$CJ?5?$CK?$CK?$CK?6?$AA@ 10012d48     gl_rsurf.obj
 0003:00001d64       ??_C@_0CB@FKIE@?$CK?$CK?$CK?$CK?5R_DrawAlphaSurfaces?$CI?$CJ?5?$CK?$CK?$CK?$CK?6@ 10012d64     gl_rsurf.obj
 0003:00001d88       ??_C@_0CL@JCJM@LM_UploadBlock?$CI?$CJ?5?9?5MAX_LIGHTMAPS@ 10012d88     gl_rsurf.obj
 0003:00001db4       ??_C@_0DC@IEOP@Consecutive?5calls?5to?5LM_AllocBlo@ 10012db4     gl_rsurf.obj
 0003:00001de8       _gl_next_left_y            10012de8     gl_textout.obj
 0003:00001dec       _gl_next_right_y           10012dec     gl_textout.obj
 0003:00001df0       _skyclip                   10012df0     gl_warp.obj
 0003:00001e38       _st_to_vec                 10012e38     gl_warp.obj
 0003:00001e80       _vec_to_st                 10012e80     gl_warp.obj
 0003:00001ec8       _skytexorder               10012ec8     gl_warp.obj
 0003:00001ee0       _suf                       10012ee0     gl_warp.obj
 0003:00001ef8       ??_C@_02HJLH@dn?$AA@       10012ef8     gl_warp.obj
 0003:00001efc       ??_C@_02HAO@up?$AA@        10012efc     gl_warp.obj
 0003:00001f00       ??_C@_02PMAE@ft?$AA@       10012f00     gl_warp.obj
 0003:00001f04       ??_C@_02JIFL@lf?$AA@       10012f04     gl_warp.obj
 0003:00001f08       ??_C@_02OID@bk?$AA@        10012f08     gl_warp.obj
 0003:00001f0c       ??_C@_02MMAH@rt?$AA@       10012f0c     gl_warp.obj
 0003:00001f10       ??_C@_0O@EIDL@numverts?5?$DN?5?$CFi?$AA@ 10012f10     gl_warp.obj
 0003:00001f20       ??_C@_0BP@NDMM@ClipSkyPolygon?3?5MAX_CLIP_VERTS?$AA@ 10012f20     gl_warp.obj
 0003:00001f40       ??_C@_0BA@FKGL@env?1defrefl?4?$DP?$DP?$DP?$AA@ 10012f40     gl_warp.obj
 0003:00001f50       ??_C@_0N@OLHP@env?1?$CFs?$CFs?4pcx?$AA@ 10012f50     gl_warp.obj
 0003:00001f60       ??_C@_0CK@JILM@Vid_CreateWindow?$CI?$CJ?5?9?5GLimp_InitG@ 10012f60     glw_imp.obj
 0003:00001f8c       ??_C@_0BH@EAPI@Couldn?8t?5create?5window?$AA@ 10012f8c     glw_imp.obj
 0003:00001fa4       ??_C@_08LJOP@vid_ypos?$AA@ 10012fa4     glw_imp.obj
 0003:00001fb0       ??_C@_08JMLN@vid_xpos?$AA@ 10012fb0     glw_imp.obj
 0003:00001fbc       ??_C@_0BP@ODO@Couldn?8t?5register?5window?5class?$AA@ 10012fbc     glw_imp.obj
 0003:00001fdc       ??_C@_07JHCN@Quake?52?$AA@ 10012fdc     glw_imp.obj
 0003:00001fe4       ??_C@_04LDCD@?5ok?6?$AA@   10012fe4     glw_imp.obj
 0003:00001fec       ??_C@_0BK@GIGP@?4?4?4setting?5windowed?5mode?6?$AA@ 10012fec     glw_imp.obj
 0003:00002008       ??_C@_08MIMI@?5failed?6?$AA@ 10013008     glw_imp.obj
 0003:00002014       ??_C@_0CH@FLII@?4?4?4calling?5CDS?5assuming?5dual?5mon@ 10013014     glw_imp.obj
 0003:0000203c       ??_C@_07MNBK@failed?6?$AA@ 1001303c     glw_imp.obj
 0003:00002044       ??_C@_03BJGB@ok?6?$AA@     10013044     glw_imp.obj
 0003:00002048       ??_C@_0BB@GOGC@?4?4?4calling?5CDS?3?5?$AA@ 10013048     glw_imp.obj
 0003:0000205c       ??_C@_0CG@DLHK@?4?4?4using?5desktop?5display?5depth?5o@ 1001305c     glw_imp.obj
 0003:00002084       ??_C@_0BM@IACG@?4?4?4using?5gl_bitdepth?5of?5?$CFd?6?$AA@ 10013084     glw_imp.obj
 0003:000020a0       ??_C@_0BK@NIFM@?4?4?4attempting?5fullscreen?6?$AA@ 100130a0     glw_imp.obj
 0003:000020bc       ??_C@_0L@KBPO@?5?$CFd?5?$CFd?5?$CFs?6?$AA@ 100130bc     glw_imp.obj
 0003:000020c8       ??_C@_0P@MBPJ@?5invalid?5mode?6?$AA@ 100130c8     glw_imp.obj
 0003:000020d8       ??_C@_0BE@GOGB@?4?4?4setting?5mode?5?$CFd?3?$AA@ 100130d8     glw_imp.obj
 0003:000020ec       ??_C@_02COFD@FS?$AA@       100130ec     glw_imp.obj
 0003:000020f0       ??_C@_01FJFF@W?$AA@        100130f0     glw_imp.obj
 0003:000020f4       ??_C@_0BN@OHDF@Initializing?5OpenGL?5display?6?$AA@ 100130f4     glw_imp.obj
 0003:00002114       ??_C@_0CJ@MFPO@ref_gl?3?3R_Shutdown?$CI?$CJ?5?9?5ReleaseDC@ 10013114     glw_imp.obj
 0003:00002140       ??_C@_0DA@KAJM@ref_gl?3?3R_Shutdown?$CI?$CJ?5?9?5wglDelete@ 10013140     glw_imp.obj
 0003:00002170       ??_C@_0CO@MLGK@ref_gl?3?3R_Shutdown?$CI?$CJ?5?9?5wglMakeCu@ 10013170     glw_imp.obj
 0003:000021a0       ??_C@_0CE@GAIP@GLimp_Init?$CI?$CJ?5?9?5GetVersionEx?5fail@ 100131a0     glw_imp.obj
 0003:000021c4       ??_C@_0L@PAH@GAMMA?3?5?$CFs?6?$AA@ 100131c4     glw_imp.obj
 0003:000021d0       ??_C@_08LLFG@software?$AA@ 100131d0     glw_imp.obj
 0003:000021dc       ??_C@_08DNLP@hardware?$AA@ 100131dc     glw_imp.obj
 0003:000021e8       ??_C@_0CC@HECM@GL?5PFD?3?5color?$CI?$CFd?9bits?$CJ?5Z?$CI?$CFd?9bit?$CJ@ 100131e8     glw_imp.obj
 0003:0000220c       ??_C@_0DC@GDGP@GLimp_Init?$CI?$CJ?5?9?5no?5hardware?5accel@ 1001320c     glw_imp.obj
 0003:00002240       ??_C@_0CH@HGPG@GLimp_Init?$CI?$CJ?5?9?5qwglMakeCurrent?5f@ 10013240     glw_imp.obj
 0003:00002268       ??_C@_0CJ@OMIM@GLimp_Init?$CI?$CJ?5?9?5qwglCreateContext@ 10013268     glw_imp.obj
 0003:00002294       ??_C@_0CG@FAPB@GLimp_Init?$CI?$CJ?5?9?5SetPixelFormat?5fa@ 10013294     glw_imp.obj
 0003:000022bc       ??_C@_0CJ@JNOB@GLimp_Init?$CI?$CJ?5?9?5ChoosePixelFormat@ 100132bc     glw_imp.obj
 0003:000022e8       ??_C@_0CK@DGCM@GLimp_Init?$CI?$CJ?5?9?5qwglSetPixelForma@ 100132e8     glw_imp.obj
 0003:00002314       ??_C@_0CN@INPE@GLimp_Init?$CI?$CJ?5?9?5qwglChoosePixelFo@ 10013314     glw_imp.obj
 0003:00002344       ??_C@_0BN@LOIH@GLimp_Init?$CI?$CJ?5?9?5GetDC?5failed?6?$AA@ 10013344     glw_imp.obj
 0003:00002364       ??_C@_0CD@KPOD@GLimp_Init?$CI?$CJ?5?9?5non?9NULL?5DC?5exist@ 10013364     glw_imp.obj
 0003:00002388       ??_C@_0M@OLMH@gdi?5generic?$AA@ 10013388     glw_imp.obj
 0003:00002394       ??_C@_0DA@ELCL@gl_bitdepth?5requires?5Win95?5OSR2?4@ 10013394     glw_imp.obj
 0003:000023c4       ??_C@_0BE@KPKB@GLimp_BeginFrame?$CI?$CJ?6?$AA@ 100133c4     glw_imp.obj
 0003:000023d8       ??_C@_0CK@PHLH@GLimp_EndFrame?$CI?$CJ?5?9?5SwapBuffers?$CI?$CJ@ 100133d8     glw_imp.obj
 0003:00002404       ??_C@_0P@BDAP@SwapBuffers?$CI?$CJ?6?$AA@ 10013404     glw_imp.obj
 0003:00002414       ??_C@_0BC@BACP@GLimp_EndFrame?$CI?$CJ?6?$AA@ 10013414     glw_imp.obj
 0003:00002428       ??_C@_0BJ@GDCK@Q_strncpyz?3?5destsize?5?$DM?51?$AA@ 10013428     q_shared2.obj
 0003:00002444       ??_C@_0BF@OBLI@Q_strncpyz?3?5NULL?5src?$AA@ 10013444     q_shared2.obj
 0003:0000245c       ??_C@_0BG@BANA@Q_strncpyz?3?5NULL?5dest?$AA@ 1001345c     q_shared2.obj
 0003:00002474       ??_C@_0CD@KCEE@Com_sprintf?3?5overflow?5of?5?$CFi?5in?5?$CF@ 10013474     q_shared2.obj
 0003:000027c8       ??_C@_0BJ@MCO@GL_NV_vertex_array_range?$AA@ 100137c8     qgl_win.obj
 0003:000027e4       ??_C@_0BF@NADO@WGL_EXT_swap_control?$AA@ 100137e4     qgl_win.obj
 0003:000027fc       ??_C@_0BK@IJOJ@gl_ext_vertex_array_range?$AA@ 100137fc     qgl_win.obj
 0003:00002818       ??_C@_0M@MBFH@GL_NV_fence?$AA@ 10013818     qgl_win.obj
 0003:00002824       ??_C@_0BN@MLLO@GL_EXT_compiled_vertex_array?$AA@ 10013824     qgl_win.obj
 0003:00002844       ??_C@_0BL@CKIC@GL_ARB_texture_compression?$AA@ 10013844     qgl_win.obj
 0003:00002860       ??_C@_0L@PFAE@GL_S3_s3tc?$AA@ 10013860     qgl_win.obj
 0003:0000286c       ??_C@_0BE@EHGK@GL_ARB_multitexture?$AA@ 1001386c     qgl_win.obj
 0003:00002880       ??_C@_0BF@IIHM@GL_SGIS_multitexture?$AA@ 10013880     qgl_win.obj
 0003:00002898       ??_C@_0BA@CMIE@wglFreeMemoryNV?$AA@ 10013898     qgl_win.obj
 0003:000028a8       ??_C@_0BE@JMCI@wglAllocateMemoryNV?$AA@ 100138a8     qgl_win.obj
 0003:000028bc       ??_C@_0BK@PALM@glFlushVertexArrayRangeNV?$AA@ 100138bc     qgl_win.obj
 0003:000028d8       ??_C@_0BF@NEKF@glVertexArrayRangeNV?$AA@ 100138d8     qgl_win.obj
 0003:000028f0       ??_C@_0BD@LGGF@wglSwapIntervalEXT?$AA@ 100138f0     qgl_win.obj
 0003:00002904       ??_C@_0BA@MFGK@glFinishFenceNV?$AA@ 10013904     qgl_win.obj
 0003:00002914       ??_C@_0N@KMGB@glSetFenceNV?$AA@ 10013914     qgl_win.obj
 0003:00002924       ??_C@_0BB@LDDE@glDeleteFencesNV?$AA@ 10013924     qgl_win.obj
 0003:00002938       ??_C@_0O@GJEF@glGenFencesNV?$AA@ 10013938     qgl_win.obj
 0003:00002948       ??_C@_0BC@MMDJ@glUnlockArraysEXT?$AA@ 10013948     qgl_win.obj
 0003:0000295c       ??_C@_0BA@NLCH@glLockArraysEXT?$AA@ 1001395c     qgl_win.obj
 0003:0000296c       ??_C@_0BF@HBBL@glMultiTexCoord2fARB?$AA@ 1001396c     qgl_win.obj
 0003:00002984       ??_C@_0BJ@NIEC@glClientActiveTextureARB?$AA@ 10013984     qgl_win.obj
 0003:000029a0       ??_C@_0BD@IJD@glActiveTextureARB?$AA@ 100139a0     qgl_win.obj
 0003:000029b4       ??_C@_0BG@OAHA@glMultiTexCoord2fSGIS?$AA@ 100139b4     qgl_win.obj
 0003:000029cc       ??_C@_0BE@LEFG@glSelectTextureSGIS?$AA@ 100139cc     qgl_win.obj
 0003:000029e0       ??_C@_0P@NFHG@wglMakeCurrent?$AA@ 100139e0     qgl_win.obj
 0003:000029f0       ??_C@_0BC@HKHL@wglGetProcAddress?$AA@ 100139f0     qgl_win.obj
 0003:00002a04       ??_C@_0BB@IOBP@wglDeleteContext?$AA@ 10013a04     qgl_win.obj
 0003:00002a18       ??_C@_0BB@GGNL@wglCreateContext?$AA@ 10013a18     qgl_win.obj
 0003:00002a2c       ??_C@_0P@EKFP@wglSwapBuffers?$AA@ 10013a2c     qgl_win.obj
 0003:00002a3c       ??_C@_0BC@PJLC@wglSetPixelFormat?$AA@ 10013a3c     qgl_win.obj
 0003:00002a50       ??_C@_0BH@IJMD@wglDescribePixelFormat?$AA@ 10013a50     qgl_win.obj
 0003:00002a68       ??_C@_0BF@HPKH@wglChoosePixelFormat?$AA@ 10013a68     qgl_win.obj
 0003:00002a80       ??_C@_0L@INIC@glViewport?$AA@ 10013a80     qgl_win.obj
 0003:00002a8c       ??_C@_0BA@OGPO@glVertexPointer?$AA@ 10013a8c     qgl_win.obj
 0003:00002a9c       ??_C@_0M@PAAJ@glVertex3fv?$AA@ 10013a9c     qgl_win.obj
 0003:00002aa8       ??_C@_0L@CLBF@glVertex3f?$AA@ 10013aa8     qgl_win.obj
 0003:00002ab4       ??_C@_0L@DNLP@glVertex2f?$AA@ 10013ab4     qgl_win.obj
 0003:00002ac0       ??_C@_0N@NKAJ@glTranslatef?$AA@ 10013ac0     qgl_win.obj
 0003:00002ad0       ??_C@_0BA@KFAN@glTexSubImage2D?$AA@ 10013ad0     qgl_win.obj
 0003:00002ae0       ??_C@_0BA@CLDA@glTexParameterf?$AA@ 10013ae0     qgl_win.obj
 0003:00002af0       ??_C@_0N@IAMC@glTexImage2D?$AA@ 10013af0     qgl_win.obj
 0003:00002b00       ??_C@_09CIAL@glTexEnvi?$AA@ 10013b00     qgl_win.obj
 0003:00002b0c       ??_C@_0BC@EKAK@glTexCoordPointer?$AA@ 10013b0c     qgl_win.obj
 0003:00002b20       ??_C@_0N@PDBC@glTexCoord2f?$AA@ 10013b20     qgl_win.obj
 0003:00002b30       ??_C@_0N@LIFO@glShadeModel?$AA@ 10013b30     qgl_win.obj
 0003:00002b40       ??_C@_09HOGJ@glScissor?$AA@ 10013b40     qgl_win.obj
 0003:00002b4c       ??_C@_08NBED@glScalef?$AA@ 10013b4c     qgl_win.obj
 0003:00002b58       ??_C@_09LCHL@glRotatef?$AA@ 10013b58     qgl_win.obj
 0003:00002b64       ??_C@_0N@LBPG@glReadPixels?$AA@ 10013b64     qgl_win.obj
 0003:00002b74       ??_C@_0N@KEGE@glPushMatrix?$AA@ 10013b74     qgl_win.obj
 0003:00002b84       ??_C@_0M@LACG@glPopMatrix?$AA@ 10013b84     qgl_win.obj
 0003:00002b90       ??_C@_0BA@BALB@glPolygonOffset?$AA@ 10013b90     qgl_win.obj
 0003:00002ba0       ??_C@_0O@FGKK@glPolygonMode?$AA@ 10013ba0     qgl_win.obj
 0003:00002bb0       ??_C@_07ICOP@glOrtho?$AA@  10013bb0     qgl_win.obj
 0003:00002bb8       ??_C@_0N@JNJF@glMatrixMode?$AA@ 10013bb8     qgl_win.obj
 0003:00002bc8       ??_C@_0O@KDCF@glLoadMatrixf?$AA@ 10013bc8     qgl_win.obj
 0003:00002bd8       ??_C@_0P@MLMG@glLoadIdentity?$AA@ 10013bd8     qgl_win.obj
 0003:00002be8       ??_C@_0M@EJHF@glGetString?$AA@ 10013be8     qgl_win.obj
 0003:00002bf4       ??_C@_0O@PMHI@glGetIntegerv?$AA@ 10013bf4     qgl_win.obj
 0003:00002c04       ??_C@_0M@HNHJ@glGetFloatv?$AA@ 10013c04     qgl_win.obj
 0003:00002c10       ??_C@_0L@INBB@glGetError?$AA@ 10013c10     qgl_win.obj
 0003:00002c1c       ??_C@_09KLFM@glFrustum?$AA@ 10013c1c     qgl_win.obj
 0003:00002c28       ??_C@_08HFPP@glFinish?$AA@ 10013c28     qgl_win.obj
 0003:00002c34       ??_C@_05FDNN@glEnd?$AA@    10013c34     qgl_win.obj
 0003:00002c3c       ??_C@_0BE@JJFB@glEnableClientState?$AA@ 10013c3c     qgl_win.obj
 0003:00002c50       ??_C@_08PHJO@glEnable?$AA@ 10013c50     qgl_win.obj
 0003:00002c5c       ??_C@_0P@EAHC@glDrawElements?$AA@ 10013c5c     qgl_win.obj
 0003:00002c6c       ??_C@_0N@DBGG@glDrawBuffer?$AA@ 10013c6c     qgl_win.obj
 0003:00002c7c       ??_C@_0BF@HABO@glDisableClientState?$AA@ 10013c7c     qgl_win.obj
 0003:00002c94       ??_C@_09DADM@glDisable?$AA@ 10013c94     qgl_win.obj
 0003:00002ca0       ??_C@_0N@OLL@glDepthRange?$AA@ 10013ca0     qgl_win.obj
 0003:00002cb0       ??_C@_0M@LIJE@glDepthMask?$AA@ 10013cb0     qgl_win.obj
 0003:00002cbc       ??_C@_0M@FDIH@glDepthFunc?$AA@ 10013cbc     qgl_win.obj
 0003:00002cc8       ??_C@_0BB@OKAI@glDeleteTextures?$AA@ 10013cc8     qgl_win.obj
 0003:00002cdc       ??_C@_0L@LIEG@glCullFace?$AA@ 10013cdc     qgl_win.obj
 0003:00002ce8       ??_C@_0P@PPM@glColorPointer?$AA@ 10013ce8     qgl_win.obj
 0003:00002cf8       ??_C@_0M@EHCG@glColor4ubv?$AA@ 10013cf8     qgl_win.obj
 0003:00002d04       ??_C@_0L@EOB@glColor4ub?$AA@ 10013d04     qgl_win.obj
 0003:00002d10       ??_C@_0L@FGJL@glColor4fv?$AA@ 10013d10     qgl_win.obj
 0003:00002d1c       ??_C@_09LJGG@glColor4f?$AA@ 10013d1c     qgl_win.obj
 0003:00002d28       ??_C@_0L@OIPK@glColor3fv?$AA@ 10013d28     qgl_win.obj
 0003:00002d34       ??_C@_09NIDD@glColor3f?$AA@ 10013d34     qgl_win.obj
 0003:00002d40       ??_C@_0N@DFBF@glClearDepth?$AA@ 10013d40     qgl_win.obj
 0003:00002d50       ??_C@_0N@IALK@glClearColor?$AA@ 10013d50     qgl_win.obj
 0003:00002d60       ??_C@_07IOIM@glClear?$AA@  10013d60     qgl_win.obj
 0003:00002d68       ??_C@_0M@PHAI@glBlendFunc?$AA@ 10013d68     qgl_win.obj
 0003:00002d74       ??_C@_0O@NAMD@glBindTexture?$AA@ 10013d74     qgl_win.obj
 0003:00002d84       ??_C@_07GHIG@glBegin?$AA@  10013d84     qgl_win.obj
 0003:00002d8c       ??_C@_0P@ODMD@glArrayElement?$AA@ 10013d8c     qgl_win.obj
 0003:00002d9c       ??_C@_0M@JBDJ@glAlphaFunc?$AA@ 10013d9c     qgl_win.obj
 0003:00002da8       ??_C@_0BA@CLML@?$CFs?5?$CIGL_?$CFs?0?5?$CFg?$CJ?6?$AA@ 10013da8     qgl_win.obj
 0003:00002db8       ??_C@_0BG@DAAF@MAX_TEXTURE_UNITS_ARB?$AA@ 10013db8     qgl_win.obj
 0003:00002dd0       ??_C@_0BD@GMGA@COMPRESSED_RGB_ARB?$AA@ 10013dd0     qgl_win.obj
 0003:00002de4       ??_C@_0BE@IH@COMPRESSED_RGBA_ARB?$AA@ 10013de4     qgl_win.obj
 0003:00002df8       ??_C@_03NMFM@?$DP?$DP?$DP?$AA@ 10013df8     qgl_win.obj
 0003:00002dfc       ??_C@_0BK@MMII@CLIENT_ACTIVE_TEXTURE_ARB?$AA@ 10013dfc     qgl_win.obj
 0003:00002e18       ??_C@_09NAGI@RGB4_S3TC?$AA@ 10013e18     qgl_win.obj
 0003:00002e24       ??_C@_0N@HLHK@TEXTURE0_ARB?$AA@ 10013e24     qgl_win.obj
 0003:00002e34       ??_C@_0N@NLFP@TEXTURE1_ARB?$AA@ 10013e34     qgl_win.obj
 0003:00002e44       ??_C@_0BD@KCJL@ACTIVE_TEXTURE_ARB?$AA@ 10013e44     qgl_win.obj
 0003:00002e58       ??_C@_0O@CPNK@TEXTURE1_SGIS?$AA@ 10013e58     qgl_win.obj
 0003:00002e68       ??_C@_0BE@JCFC@TEXTURE_COORD_ARRAY?$AA@ 10013e68     qgl_win.obj
 0003:00002e7c       ??_C@_0BC@OBEG@MAX_TEXTURES_SGIS?$AA@ 10013e7c     qgl_win.obj
 0003:00002e90       ??_C@_0O@LKHK@TEXTURE0_SGIS?$AA@ 10013e90     qgl_win.obj
 0003:00002ea0       ??_C@_0M@EMKC@COLOR_ARRAY?$AA@ 10013ea0     qgl_win.obj
 0003:00002eac       ??_C@_05CJDE@RGBA4?$AA@    10013eac     qgl_win.obj
 0003:00002eb4       ??_C@_07PAAL@RGB5_A1?$AA@  10013eb4     qgl_win.obj
 0003:00002ebc       ??_C@_05NHNA@RGBA8?$AA@    10013ebc     qgl_win.obj
 0003:00002ec4       ??_C@_0N@HGH@VERTEX_ARRAY?$AA@ 10013ec4     qgl_win.obj
 0003:00002ed4       ??_C@_04FIBD@RGB8?$AA@     10013ed4     qgl_win.obj
 0003:00002edc       ??_C@_05IKJL@CLAMP?$AA@    10013edc     qgl_win.obj
 0003:00002ee4       ??_C@_06LEAO@REPEAT?$AA@   10013ee4     qgl_win.obj
 0003:00002eec       ??_C@_04MGA@RGB5?$AA@      10013eec     qgl_win.obj
 0003:00002ef4       ??_C@_0P@FPDA@TEXTURE_WRAP_T?$AA@ 10013ef4     qgl_win.obj
 0003:00002f04       ??_C@_0BF@IDPG@LINEAR_MIPMAP_LINEAR?$AA@ 10013f04     qgl_win.obj
 0003:00002f1c       ??_C@_0BD@GPCO@TEXTURE_MAG_FILTER?$AA@ 10013f1c     qgl_win.obj
 0003:00002f30       ??_C@_0BD@HEDF@TEXTURE_MIN_FILTER?$AA@ 10013f30     qgl_win.obj
 0003:00002f44       ??_C@_0P@KNF@TEXTURE_WRAP_S?$AA@ 10013f44     qgl_win.obj
 0003:00002f54       ??_C@_0BG@KLGC@NEAREST_MIPMAP_LINEAR?$AA@ 10013f54     qgl_win.obj
 0003:00002f6c       ??_C@_07LNBJ@NEAREST?$AA@  10013f6c     qgl_win.obj
 0003:00002f74       ??_C@_06OAFN@LINEAR?$AA@   10013f74     qgl_win.obj
 0003:00002f7c       ??_C@_0BH@PDFC@NEAREST_MIPMAP_NEAREST?$AA@ 10013f7c     qgl_win.obj
 0003:00002f94       ??_C@_0BG@NGHK@LINEAR_MIPMAP_NEAREST?$AA@ 10013f94     qgl_win.obj
 0003:00002fac       ??_C@_0M@NBKK@TEXTURE_ENV?$AA@ 10013fac     qgl_win.obj
 0003:00002fb8       ??_C@_08CMBM@MODULATE?$AA@ 10013fb8     qgl_win.obj
 0003:00002fc4       ??_C@_05PJOE@DECAL?$AA@    10013fc4     qgl_win.obj
 0003:00002fcc       ??_C@_0BB@NLLP@TEXTURE_ENV_MODE?$AA@ 10013fcc     qgl_win.obj
 0003:00002fe0       ??_C@_0BC@DLAE@TEXTURE_ENV_COLOR?$AA@ 10013fe0     qgl_win.obj
 0003:00002ff4       ??_C@_07LJIB@REPLACE?$AA@  10013ff4     qgl_win.obj
 0003:00002ffc       ??_C@_09ODHH@MODELVIEW?$AA@ 10013ffc     qgl_win.obj
 0003:00003008       ??_C@_0L@OBAA@PROJECTION?$AA@ 10014008     qgl_win.obj
 0003:00003014       ??_C@_07DFFE@TEXTURE?$AA@  10014014     qgl_win.obj
 0003:0000301c       ??_C@_06CGGE@DOUBLE?$AA@   1001401c     qgl_win.obj
 0003:00003024       ??_C@_0P@CEOH@UNSIGNED_SHORT?$AA@ 10014024     qgl_win.obj
 0003:00003034       ??_C@_03IJOL@INT?$AA@      10014034     qgl_win.obj
 0003:00003038       ??_C@_0N@JHEK@UNSIGNED_INT?$AA@ 10014038     qgl_win.obj
 0003:00003048       ??_C@_05JDEL@FLOAT?$AA@    10014048     qgl_win.obj
 0003:00003050       ??_C@_05HFLA@SHORT?$AA@    10014050     qgl_win.obj
 0003:00003058       ??_C@_0L@BNFJ@TEXTURE_2D?$AA@ 10014058     qgl_win.obj
 0003:00003064       ??_C@_04EHOP@BYTE?$AA@     10014064     qgl_win.obj
 0003:0000306c       ??_C@_0O@BAPB@UNSIGNED_BYTE?$AA@ 1001406c     qgl_win.obj
 0003:0000307c       ??_C@_05FKDH@BLEND?$AA@    1001407c     qgl_win.obj
 0003:00003084       ??_C@_09MPEF@CULL_FACE?$AA@ 10014084     qgl_win.obj
 0003:00003090       ??_C@_03OHFM@FOG?$AA@      10014090     qgl_win.obj
 0003:00003094       ??_C@_0L@BABM@DEPTH_TEST?$AA@ 10014094     qgl_win.obj
 0003:000030a0       ??_C@_0L@GPNO@ALPHA_TEST?$AA@ 100140a0     qgl_win.obj
 0003:000030ac       ??_C@_04FGAG@BACK?$AA@     100140ac     qgl_win.obj
 0003:000030b4       ??_C@_0BE@LFCA@ONE_MINUS_DST_COLOR?$AA@ 100140b4     qgl_win.obj
 0003:000030c8       ??_C@_0BD@KGEA@SRC_ALPHA_SATURATE?$AA@ 100140c8     qgl_win.obj
 0003:000030dc       ??_C@_05OHBH@FRONT?$AA@    100140dc     qgl_win.obj
 0003:000030e4       ??_C@_09FMPF@DST_COLOR?$AA@ 100140e4     qgl_win.obj
 0003:000030f0       ??_C@_09LOLG@SRC_ALPHA?$AA@ 100140f0     qgl_win.obj
 0003:000030fc       ??_C@_0BE@FHGD@ONE_MINUS_SRC_ALPHA?$AA@ 100140fc     qgl_win.obj
 0003:00003110       ??_C@_09LNFA@DST_ALPHA?$AA@ 10014110     qgl_win.obj
 0003:0000311c       ??_C@_0BE@FEIF@ONE_MINUS_DST_ALPHA?$AA@ 1001411c     qgl_win.obj
 0003:00003130       ??_C@_0BE@LGMG@ONE_MINUS_SRC_COLOR?$AA@ 10014130     qgl_win.obj
 0003:00003144       ??_C@_08NCCF@NOTEQUAL?$AA@ 10014144     qgl_win.obj
 0003:00003150       ??_C@_06NENM@GEQUAL?$AA@   10014150     qgl_win.obj
 0003:00003158       ??_C@_06MJBP@ALWAYS?$AA@   10014158     qgl_win.obj
 0003:00003160       ??_C@_09FPBD@SRC_COLOR?$AA@ 10014160     qgl_win.obj
 0003:0000316c       ??_C@_07HOFJ@GREATER?$AA@  1001416c     qgl_win.obj
 0003:00003174       ??_C@_05NLLC@NEVER?$AA@    10014174     qgl_win.obj
 0003:0000317c       ??_C@_04HMEB@LESS?$AA@     1001417c     qgl_win.obj
 0003:00003184       ??_C@_05FELF@EQUAL?$AA@    10014184     qgl_win.obj
 0003:0000318c       ??_C@_06MHDN@LEQUAL?$AA@   1001418c     qgl_win.obj
 0003:00003194       ??_C@_03CICP@ADD?$AA@      10014194     qgl_win.obj
 0003:00003198       ??_C@_03GGHL@ONE?$AA@      10014198     qgl_win.obj
 0003:0000319c       ??_C@_04LHLC@ZERO?$AA@     1001419c     qgl_win.obj
 0003:000031a4       ??_C@_07KMLC@POLYGON?$AA@  100141a4     qgl_win.obj
 0003:000031ac       ??_C@_0L@KPMO@QUAD_STRIP?$AA@ 100141ac     qgl_win.obj
 0003:000031b8       ??_C@_05MOCA@QUADS?$AA@    100141b8     qgl_win.obj
 0003:000031c0       ??_C@_0N@LKDL@TRIANGLE_FAN?$AA@ 100141c0     qgl_win.obj
 0003:000031d0       ??_C@_0P@GLMF@TRIANGLE_STRIP?$AA@ 100141d0     qgl_win.obj
 0003:000031e0       ??_C@_09IKDC@TRIANGLES?$AA@ 100141e0     qgl_win.obj
 0003:000031ec       ??_C@_0L@DFPI@LINE_STRIP?$AA@ 100141ec     qgl_win.obj
 0003:000031f8       ??_C@_09EOOC@LINE_LOOP?$AA@ 100141f8     qgl_win.obj
 0003:00003204       ??_C@_08NDLN@?$CFs?5?$CI?$CFd?$CJ?6?$AA@ 10014204     qgl_win.obj
 0003:00003210       ??_C@_0M@JAMH@?$CFs?5?$CIGL_?$CFs?$CJ?6?$AA@ 10014210     qgl_win.obj
 0003:0000321c       ??_C@_0BA@NNPA@?$CFs?5?$CIGL_?$CFs?0?5?$CFd?$CJ?6?$AA@ 1001421c     qgl_win.obj
 0003:0000322c       ??_C@_0BD@LHJN@?$CFs?5?$CIGL_?$CFs?0?5GL_?$CFs?$CJ?6?$AA@ 1001422c     qgl_win.obj
 0003:00003240       ??_C@_03HHKO@?$CFs?6?$AA@  10014240     qgl_win.obj
 0003:00003244       ??_C@_0BF@PLKJ@?$CFs?5?$CI?$CFg?0?5?$CFg?0?5?$CFg?0?5?$CFg?$CJ?6?$AA@ 10014244     qgl_win.obj
 0003:0000325c       ??_C@_08CFIG@?$CFs?5?$CI?$CFg?$CJ?6?$AA@ 1001425c     qgl_win.obj
 0003:00003268       ??_C@_0BB@NPFI@?$CFs?5?$CI?$CFg?0?5?$CFg?0?5?$CFg?$CJ?6?$AA@ 10014268     qgl_win.obj
 0003:0000327c       ??_C@_0BF@GFM@?$CFs?5?$CI?$CFd?0?5?$CFd?0?5?$CFd?0?5?$CFd?$CJ?6?$AA@ 1001427c     qgl_win.obj
 0003:00003294       ??_C@_0BJ@MPOB@?$CFs?5?$CI?$CFd?0?5GL_?$CFs?0?5?$CFd?0?5$?$CFX?$CJ?6?$AA@ 10014294     qgl_win.obj
 0003:000032b0       ??_C@_0N@KINM@?$CFs?5?$CI?$CFd?0?5?$CFd?$CJ?6?$AA@ 100142b0     qgl_win.obj
 0003:000032c0       ??_C@_0N@CNFJ@?$CFs?5?$CI?$CFg?0?5?$CFg?$CJ?6?$AA@ 100142c0     qgl_win.obj
 0003:000032d0       ??_C@_0BM@EJLJ@?$CFs?5?$CIGL_?$CFs?0?5?$CFd?0?5GL_?$CFs?0?5$?$CFX?$CJ?6?$AA@ 100142d0     qgl_win.obj
 0003:000032ec       ??_C@_0BN@BCG@?$CFs?5?$CI?$CFg?0?5?$CFg?0?5?$CFg?0?5?$CFg?0?5?$CFg?0?5?$CFg?$CJ?6?$AA@ 100142ec     qgl_win.obj
 0003:0000330c       ??_C@_0CI@ENE@?$CFs?5?$CI?$CFd?0?5?$CFd?0?5?$CFd?0?5?$CFd?0?5GL_?$CFs?0?5GL_?$CFs@ 1001430c     qgl_win.obj
 0003:00003334       ??_C@_0BH@JFOK@?$CFs?5?$CIGL_?$CFs?0?5GL_?$CFs?0?5?$CFd?$CJ?6?$AA@ 10014334     qgl_win.obj
 0003:0000334c       ??_C@_0DD@PHF@?$CFs?5?$CIGL_?$CFs?0?5?$CFd?0?5?$CFd?0?5?$CFd?0?5?$CFd?0?5?$CFd?0?5G@ 1001434c     qgl_win.obj
 0003:00003380       ??_C@_0BH@GDNB@?$CFs?5?$CIGL_?$CFs?0?5GL_?$CFs?0?5?$CFg?$CJ?6?$AA@ 10014380     qgl_win.obj
 0003:00003398       ??_C@_0BE@KIHO@?$CFs?5?$CIGL_?$CFs?0?5?$CFg?0?5?$CFg?$CJ?6?$AA@ 10014398     qgl_win.obj
 0003:000033ac       ??_C@_0BD@MANN@glAllocateMemoryNV?$AA@ 100143ac     qgl_win.obj
 0003:000033c0       ??_C@_0P@LHPO@glFreeMemoryNV?$AA@ 100143c0     qgl_win.obj
 0003:000033d0       ??_C@_0EF@GBON@QGL_Init?3?5inconsistent?5OpenGL?5li@ 100143d0     qgl_win.obj
 0003:00003418       ??_C@_0CD@JMON@QGL_Init?3?5LoadLibrary?5?$CI?$CFs?$CJ?5faile@ 10014418     qgl_win.obj
 0003:0000343c       ??_C@_0BA@KECM@?4?4?4enabling?5?$CFs?6?$AA@ 1001443c     qgl_win.obj
 0003:0000344c       ??_C@_0CB@JDIA@?4?4?4?$CFs?5deprecated?5in?5favor?5of?5?$CFs?6@ 1001444c     qgl_win.obj
 0003:00003470       ??_C@_0DG@MIOL@Inconsistent?5extension?5?$CFs?5?9?5func@ 10014470     qgl_win.obj
 0003:000034a8       ??_C@_0BB@NFLG@?4?4?4?$CFs?5not?5found?6?$AA@ 100144a8     qgl_win.obj
 0003:000034bc       ??_C@_0BE@LAAD@?$CFs?5required?5for?5?$CFs?6?$AA@ 100144bc     qgl_win.obj
 0003:000034d0       ??_C@_0BC@IKHK@?$FO6?4?4?4ignoring?5?$CFs?6?$AA@ 100144d0     qgl_win.obj
 0003:000034e4       ??_C@_09EIMA@?$CFs?1gl?4log?$AA@ 100144e4     qgl_win.obj
 0003:000034f0       ??_C@_02JALM@a?$CL?$AA@    100144f0     qgl_win.obj
 0003:00079704       ??_C@_00A@?$AA@            1008a704     gl_rmain.obj
 0003:000bc1e0       _vec3_origin               100cd1e0     q_shared2.obj
 0003:000bc340       _qgl                       100cd340     <common>
 0003:000bc4a0       _glw_state                 100cd4a0     <common>
 0003:000bc4d0       _skyaxis                   100cd4d0     <common>
 0003:000bc4dc       _skyrotate                 100cd4dc     <common>
 0003:000bc4e0       _reflect_img               100cd4e0     <common>
 0003:000bc500       _sky_images                100cd500     <common>
 0003:000bc520       _r_turbsin                 100cd520     <common>
 0003:000bc920       _skymaxs                   100cd920     <common>
 0003:000bc960       _skyname                   100cd960     <common>
 0003:000bc9a0       _warpface                  100cd9a0     <common>
 0003:000bc9c0       _skymins                   100cd9c0     <common>
 0003:000bc9f0       _sky_max                   100cd9f0     <common>
 0003:000bc9f4       _sky_min                   100cd9f4     <common>
 0003:000bc9f8       _c_sky                     100cd9f8     <common>
 0003:000bca00       _gl_textbuf                100cda00     <common>
 0003:000cca00       _gl_textbuf_count          100dda00     <common>
 0003:000cca04       _gl_last_rec               100dda04     <common>
 0003:000cca08       _gl_textbuf_pos            100dda08     <common>
 0003:000cca0c       _c_visibleleafs            100dda0c     <common>
 0003:000cca10       _r_alpha_surfaces          100dda10     <common>
 0003:000cca14       _c_visible_textures        100dda14     <common>
 0003:000cca18       _c_visible_lightmaps       100dda18     <common>
 0003:000cca1c       _c_leafsinfrustum          100dda1c     <common>
 0003:000cca20       _gl_lockpvs                100dda20     <common>
 0003:000cca40       _gl_speeds                 100dda40     <common>
 0003:000cca5c       _r_norefresh               100dda5c     <common>
 0003:000cca60       _gl_particle_size          100dda60     <common>
 0003:000cca64       _vid_ref                   100dda64     <common>
 0003:000cca68       _gl_particle_min_size      100dda68     <common>
 0003:000cca80       _gl_config                 100dda80     <common>
 0003:000cf1c4       _r_oldviewcluster2         100e01c4     <common>
 0003:000cf1c8       _gl_drawbuffer             100e01c8     <common>
 0003:000cf1cc       _gl_particle_att_a         100e01cc     <common>
 0003:000cf1d0       _gl_particle_att_b         100e01d0     <common>
 0003:000cf1d4       _gl_particle_att_c         100e01d4     <common>
 0003:000cf1d8       _r_notexture               100e01d8     <common>
 0003:000cf1dc       _gl_monolightmap           100e01dc     <common>
 0003:000cf1e0       _r_worldmodel              100e01e0     <common>
 0003:000cf1e4       _r_ignorehwgamma           100e01e4     <common>
 0003:000cf1e8       _gl_showtris               100e01e8     <common>
 0003:000cf1ec       _currentmodel              100e01ec     <common>
 0003:000cf1f0       _gl_winrefl                100e01f0     <common>
 0003:000cf1f4       _gl_vertex_arrays          100e01f4     <common>
 0003:000cf1f8       _gl_texturealphamode       100e01f8     <common>
 0003:000cf1fc       _r_speeds                  100e01fc     <common>
 0003:000cf200       _gl_clear                  100e0200     <common>
 0003:000cf204       _gl_picmip                 100e0204     <common>
 0003:000cf220       _r_rawpalette              100e0220     <common>
 0003:000cf620       _v_blend                   100e0620     <common>
 0003:000cf630       _gl_allow_software         100e0630     <common>
 0003:000cf634       _gl_bitdepth               100e0634     <common>
 0003:000cf638       _gl_cull                   100e0638     <common>
 0003:000cf63c       _gl_nobind                 100e063c     <common>
 0003:000cf640       _gl_nosubimage             100e0640     <common>
 0003:000cf660       _r_newrefdef               100e0660     <common>
 0003:000cf6c8       _r_oldviewcluster          100e06c8     <common>
 0003:000cf6d0       _vid                       100e06d0     <common>
 0003:000cf6d8       _gl_skymip                 100e06d8     <common>
 0003:000cf6dc       _gl_texturesolidmode       100e06dc     <common>
 0003:000cf6e0       _vpn                       100e06e0     <common>
 0003:000cf6ec       _gl_modulate               100e06ec     <common>
 0003:000cf6f0       _r_framecount              100e06f0     <common>
 0003:000cf700       _vup                       100e0700     <common>
 0003:000cf70c       _c_brush_polys             100e070c     <common>
 0003:000cf710       _gl_flashblend             100e0710     <common>
 0003:000cf714       _r_lefthand                100e0714     <common>
 0003:000cf718       _gl_lightmap               100e0718     <common>
 0003:000cf71c       _gl_saturatelighting       100e071c     <common>
 0003:000cf720       _r_viewcluster2            100e0720     <common>
 0003:000cf724       _gl_logFile                100e0724     <common>
 0003:000cf728       _gl_texturemode            100e0728     <common>
 0003:000cf740       _ri                        100e0740     <common>
 0003:000cf804       _gl_dynamic                100e0804     <common>
 0003:000cf808       _gldepthmin                100e0808     <common>
 0003:000cf80c       _gl_round_down             100e080c     <common>
 0003:000cf810       _r_viewcluster             100e0810     <common>
 0003:000cf814       _gldepthmax                100e0814     <common>
 0003:000cf818       _gl_swapinterval           100e0818     <common>
 0003:000cf820       _frustum                   100e0820     <common>
 0003:000cf870       _con_only                  100e0870     <common>
 0003:000cf874       _gl_zmax                   100e0874     <common>
 0003:000cf878       _r_visframecount           100e0878     <common>
 0003:000cf87c       _r_novis                   100e087c     <common>
 0003:000cf880       _gl_shadows                100e0880     <common>
 0003:000cf884       _gl_playermip              100e0884     <common>
 0003:000cf888       _gl_3dlabs_broken          100e0888     <common>
 0003:000cf88c       _r_nocull                  100e088c     <common>
 0003:000cf890       _r_gamma                   100e0890     <common>
 0003:000cf8a0       _r_origin                  100e08a0     <common>
 0003:000cf8ac       _currententity             100e08ac     <common>
 0003:000cf8c0       _r_world_matrix            100e08c0     <common>
 0003:000cf900       _vright                    100e0900     <common>
 0003:000cf90c       _gl_mode                   100e090c     <common>
 0003:000cf910       _r_lerpmodels              100e0910     <common>
 0003:000cf914       _gl_driver                 100e0914     <common>
 0003:000cf918       _r_fullscreen              100e0918     <common>
 0003:000cf91c       _r_drawentities            100e091c     <common>
 0003:000cf920       _gl_particle_max_size      100e0920     <common>
 0003:000cf924       _gl_ztrick                 100e0924     <common>
 0003:000cf928       _c_alias_polys             100e0928     <common>
 0003:000cf92c       _gl_polyblend              100e092c     <common>
 0003:000cf930       _r_particletexture         100e0930     <common>
 0003:000cf934       _r_lightlevel              100e0934     <common>
 0003:000cf938       _r_fullbright              100e0938     <common>
 0003:000cf93c       _r_drawworld               100e093c     <common>
 0003:000cf940       _gl_finish                 100e0940     <common>
 0003:000cf960       _gl_state                  100e0960     <common>
 0003:000cf9c0       _mod_inline                100e09c0     <common>
 0003:000fe9c0       _gl_mod_numknown           1010f9c0     <common>
 0003:000fe9c4       _loadmodel                 1010f9c4     <common>
 0003:000fe9c8       _modfilelen                1010f9c8     <common>
 0003:000fe9cc       _registration_sequence     1010f9cc     <common>
 0003:000fe9e0       _mod_novis                 1010f9e0     <common>
 0003:00100a00       _gl_mod_known              10111a00     <common>
 0003:0012fa00       _shadevector               10140a00     <common>
 0003:0012fa10       _shadelight                10140a10     <common>
 0003:0012fa20       _pointcolor                10140a20     <common>
 0003:0012fa30       _lightspot                 10140a30     <common>
 0003:0012fa3c       _r_dlightframecount        10140a3c     <common>
 0003:0012fa40       _lightplane                10140a40     <common>
 0003:0012fa44       _saturation                10140a44     <common>
 0003:0012fa60       _scrap_texels              10140a60     <common>
 0003:0013fa80       _gltextures                10150a80     <common>
 0003:0015ea80       _upload_height             1016fa80     <common>
 0003:0015ea84       _upload_width              1016fa84     <common>
 0003:0015ea88       _upload_format             1016fa88     <common>
 0003:0015ea8c       _numgltextures             1016fa8c     <common>
 0003:0015eaa0       _scrap_allocated           1016faa0     <common>
 0003:0015eea0       _d_8to24table              1016fea0     <common>
 0003:0015f2a0       _scrap_uploads             101702a0     <common>
 0003:0015f2a4       _scrap_dirty               101702a4     <common>
 0003:0015f2a8       _intensity                 101702a8     <common>
 0003:0015f2ac       _draw_chars                101702ac     <common>
 0003:0015f2b0       __adjust_fdiv              101702b0     <common>
 0003:0015f2b4       ___onexitend               101702b4     <common>
 0003:0015f2b8       ___onexitbegin             101702b8     <common>
 0003:0015f2bc       __pRawDllMain              101702bc     <common>

 entry point at        0001:0000e129

 Static symbols

 0001:0000c5eb       _logAlphaFunc@8            1000d5eb f   qgl_win.obj
 0001:0000c62c       _EnumName                  1000d62c f   qgl_win.obj
 0001:0000ca80       _logArrayElement@4         1000da80 f   qgl_win.obj
 0001:0000caaa       _logBegin@4                1000daaa f   qgl_win.obj
 0001:0000cada       _logBindTexture@8          1000dada f   qgl_win.obj
 0001:0000cb13       _logBlendFunc@8            1000db13 f   qgl_win.obj
 0001:0000cb53       _logClear@4                1000db53 f   qgl_win.obj
 0001:0000cb79       _logClearColor@16          1000db79 f   qgl_win.obj
 0001:0000cbda       _logClearDepth@8           1000dbda f   qgl_win.obj
 0001:0000cc0c       _logColor3f@12             1000dc0c f   qgl_win.obj
 0001:0000cc5e       _logColor3fv@4             1000dc5e f   qgl_win.obj
 0001:0000cc84       _logColor4f@16             1000dc84 f   qgl_win.obj
 0001:0000cce5       _logColor4fv@4             1000dce5 f   qgl_win.obj
 0001:0000cd0b       _logColor4ub@16            1000dd0b f   qgl_win.obj
 0001:0000cd51       _logColor4ubv@4            1000dd51 f   qgl_win.obj
 0001:0000cd77       _logColorPointer@16        1000dd77 f   qgl_win.obj
 0001:0000cdbc       _logCullFace@4             1000ddbc f   qgl_win.obj
 0001:0000cdec       _logDeleteTextures@8       1000ddec f   qgl_win.obj
 0001:0000ce1e       _logDepthFunc@4            1000de1e f   qgl_win.obj
 0001:0000ce4e       _logDepthMask@4            1000de4e f   qgl_win.obj
 0001:0000ce7a       _logDepthRange@16          1000de7a f   qgl_win.obj
 0001:0000cebe       _logDisable@4              1000debe f   qgl_win.obj
 0001:0000ceee       _logDisableClientState@4   1000deee f   qgl_win.obj
 0001:0000cf1e       _logDrawBuffer@4           1000df1e f   qgl_win.obj
 0001:0000cf4e       _logDrawElements@16        1000df4e f   qgl_win.obj
 0001:0000cf9a       _logEnable@4               1000df9a f   qgl_win.obj
 0001:0000cfca       _logEnableClientState@4    1000dfca f   qgl_win.obj
 0001:0000cffa       _logEnd@0                  1000dffa f   qgl_win.obj
 0001:0000d019       _logFinish@0               1000e019 f   qgl_win.obj
 0001:0000d038       _logFrustum@48             1000e038 f   qgl_win.obj
 0001:0000d0bc       _logGetError@0             1000e0bc f   qgl_win.obj
 0001:0000d0db       _logGetFloatv@8            1000e0db f   qgl_win.obj
 0001:0000d105       _logGetIntegerv@8          1000e105 f   qgl_win.obj
 0001:0000d12f       _logGetString@4            1000e12f f   qgl_win.obj
 0001:0000d155       _logLoadIdentity@0         1000e155 f   qgl_win.obj
 0001:0000d174       _logLoadMatrixf@4          1000e174 f   qgl_win.obj
 0001:0000d19a       _logMatrixMode@4           1000e19a f   qgl_win.obj
 0001:0000d1ca       _logOrtho@48               1000e1ca f   qgl_win.obj
 0001:0000d24e       _logPolygonMode@8          1000e24e f   qgl_win.obj
 0001:0000d28e       _logPolygonOffset@8        1000e28e f   qgl_win.obj
 0001:0000d2d1       _logPopMatrix@0            1000e2d1 f   qgl_win.obj
 0001:0000d2f0       _logPushMatrix@0           1000e2f0 f   qgl_win.obj
 0001:0000d30f       _logReadPixels@28          1000e30f f   qgl_win.obj
 0001:0000d36d       _logRotatef@16             1000e36d f   qgl_win.obj
 0001:0000d3ce       _logScalef@12              1000e3ce f   qgl_win.obj
 0001:0000d420       _logScissor@16             1000e420 f   qgl_win.obj
 0001:0000d45e       _logShadeModel@4           1000e45e f   qgl_win.obj
 0001:0000d48e       _logTexCoord2f@8           1000e48e f   qgl_win.obj
 0001:0000d4d1       _logTexCoordPointer@16     1000e4d1 f   qgl_win.obj
 0001:0000d516       _logTexEnvi@12             1000e516 f   qgl_win.obj
 0001:0000d55c       _logTexImage2D@36          1000e55c f   qgl_win.obj
 0001:0000d5cd       _logTexParameterf@12       1000e5cd f   qgl_win.obj
 0001:0000d61b       _logTexSubImage2D@36       1000e61b f   qgl_win.obj
 0001:0000d68c       _logTranslatef@12          1000e68c f   qgl_win.obj
 0001:0000d6de       _logVertex2f@8             1000e6de f   qgl_win.obj
 0001:0000d721       _logVertex3f@12            1000e721 f   qgl_win.obj
 0001:0000d773       _logVertex3fv@4            1000e773 f   qgl_win.obj
 0001:0000d799       _logVertexPointer@16       1000e799 f   qgl_win.obj
 0001:0000d7de       _logViewport@16            1000e7de f   qgl_win.obj
 0001:0000d81c       _logwglChoosePixelFormat@8 1000e81c f   qgl_win.obj
 0001:0000d846       _logwglDescribePixelFormat@16 1000e846 f   qgl_win.obj
 0001:0000d878       _logwglSetPixelFormat@12   1000e878 f   qgl_win.obj
 0001:0000d8a6       _logwglSwapBuffers@4       1000e8a6 f   qgl_win.obj
 0001:0000d8cc       _logwglCreateContext@4     1000e8cc f   qgl_win.obj
 0001:0000d8f2       _logwglDeleteContext@4     1000e8f2 f   qgl_win.obj
 0001:0000d918       _logwglGetProcAddress@4    1000e918 f   qgl_win.obj
 0001:0000d93e       _logwglMakeCurrent@8       1000e93e f   qgl_win.obj
 0001:0000d968       _logSelectTextureSGIS@4    1000e968 f   qgl_win.obj
 0001:0000d998       _logMultiTexCoord2fSGIS@12 1000e998 f   qgl_win.obj
 0001:0000d9e8       _logActiveTextureARB@4     1000e9e8 f   qgl_win.obj
 0001:0000da18       _logClientActiveTextureARB@4 1000ea18 f   qgl_win.obj
 0001:0000da48       _logMultiTexCoord2fARB@12  1000ea48 f   qgl_win.obj
 0001:0000da98       _logLockArraysEXT@8        1000ea98 f   qgl_win.obj
 0001:0000daca       _logUnlockArraysEXT@0      1000eaca f   qgl_win.obj
 0001:0000dae9       _logGenFencesNV@8          1000eae9 f   qgl_win.obj
 0001:0000db13       _logDeleteFencesNV@8       1000eb13 f   qgl_win.obj
 0001:0000db3d       _logSetFenceNV@8           1000eb3d f   qgl_win.obj
 0001:0000db67       _logFinishFenceNV@4        1000eb67 f   qgl_win.obj
 0001:0000db8d       _logwglSwapIntervalEXT@4   1000eb8d f   qgl_win.obj
 0001:0000dbb7       _logglVertexArrayRangeNV@8 1000ebb7 f   qgl_win.obj
 0001:0000dbe1       _logglFlushVertexArrayRangeNV@0 1000ebe1 f   qgl_win.obj
 0001:0000dc00       _logglAllocateMemoryNV@16  1000ec00 f   qgl_win.obj
 0001:0000dc3d       _logglFreeMemoryNV@4       1000ec3d f   qgl_win.obj
 0001:0000b7f6       _RestoreGamma              1000c7f6 f   glw_imp.obj
 0001:0000b8af       _ReadGamma                 1000c8af f   glw_imp.obj
 0001:0000bb27       _VerifyDriver              1000cb27 f   glw_imp.obj
 0001:000089b5       _DrawReflectPoly           100099b5 f   gl_rsurf.obj
 0001:00009018       _GL_RenderLightmappedPoly  1000a018 f   gl_rsurf.obj
 0001:00009b41       _LM_UploadBlock            1000ab41 f   gl_rsurf.obj
 0001:00009c22       _LM_AllocBlock             1000ac22 f   gl_rsurf.obj
 0001:0000783e       _R_EndFrame                1000883e f   gl_rmain.obj
 0001:00003eb1       _R_CullAliasModel          10004eb1 f   gl_mesh.obj
