 ref_oldgl

 Timestamp is 41889b17 (Wed Nov 03 11:47:19 2004)

 Preferred load address is 10000000

 Start         Length     Name                   Class
 0001:00000000 0000dc10H .text                   CODE
 0002:00000000 000000e4H .idata$5                DATA
 0002:000000e8 00000648H .rdata                  DATA
 0002:00000730 00000050H .idata$2                DATA
 0002:00000780 00000014H .idata$3                DATA
 0002:00000794 000000e4H .idata$4                DATA
 0002:00000878 000002d0H .idata$6                DATA
 0002:00000b50 0000004aH .edata                  DATA
 0003:00000000 00000004H .CRT$XCA                DATA
 0003:00000004 00000004H .CRT$XCZ                DATA
 0003:00000008 00000004H .CRT$XIA                DATA
 0003:0000000c 00000004H .CRT$XIZ                DATA
 0003:00000010 00006ec0H .data                   DATA
 0003:00006ed0 0015dd10H .bss                    DATA

  Address         Publics by Value              Rva+Base     Lib:Object

 0001:00000000       _Draw_InitLocal            10001000 f   gl_draw.obj
 0001:0000004d       _Draw_Char                 1000104d f   gl_draw.obj
 0001:000001a0       _Draw_CharColor            100011a0 f   gl_draw.obj
 0001:00000229       _Draw_FindPic              10001229 f   gl_draw.obj
 0001:00000256       _Draw_GetPicSize           10001256 f   gl_draw.obj
 0001:00000296       _Draw_StretchPic           10001296 f   gl_draw.obj
 0001:000003fc       _Draw_Pic                  100013fc f   gl_draw.obj
 0001:000005a2       _Draw_PicColor             100015a2 f   gl_draw.obj
 0001:00000613       _Draw_TileClear            10001613 f   gl_draw.obj
 0001:0000079a       _Draw_Fill                 1000179a f   gl_draw.obj
 0001:000008b3       _Draw_Fill2                100018b3 f   gl_draw.obj
 0001:000009c0       _Draw_StretchRaw8          100019c0 f   gl_draw.obj
 0001:00000bd5       _GL_SetTexturePalette      10001bd5 f   gl_image.obj
 0001:00000bd6       _GL_EnableMultitexture     10001bd6 f   gl_image.obj
 0001:00000c2e       _GL_SelectTexture          10001c2e f   gl_image.obj
 0001:00000c78       _qglMTexCoord2f            10001c78 f   gl_image.obj
 0001:00000cd3       _GL_TexEnv                 10001cd3 f   gl_image.obj
 0001:00000d05       _GL_Bind                   10001d05 f   gl_image.obj
 0001:00000d5c       _GL_MBind                  10001d5c f   gl_image.obj
 0001:00000d7e       _GL_TextureMode            10001d7e f   gl_image.obj
 0001:00000e3d       _GL_TextureAlphaMode       10001e3d f   gl_image.obj
 0001:00000e85       _GL_TextureSolidMode       10001e85 f   gl_image.obj
 0001:00000ecd       _GL_ImageList_f            10001ecd f   gl_image.obj
 0001:00000fe0       _Scrap_AllocBlock          10001fe0 f   gl_image.obj
 0001:0000109c       _Scrap_Upload              1000209c f   gl_image.obj
 0001:000010cc       _R_FloodFillSkin           100020cc f   gl_image.obj
 0001:0000125f       _GL_ResampleTexture        1000225f f   gl_image.obj
 0001:000013fa       _GL_LightScaleTexture      100023fa f   gl_image.obj
 0001:000015b7       _GL_MipMap                 100025b7 f   gl_image.obj
 0001:0000170e       _GL_Upload32               1000270e f   gl_image.obj
 0001:000019cf       _GL_Upload8                100029cf f   gl_image.obj
 0001:00001ab7       _GL_LoadPic                10002ab7 f   gl_image.obj
 0001:00001d26       _GL_LoadWal                10002d26 f   gl_image.obj
 0001:00001d85       _GL_FindImage              10002d85 f   gl_image.obj
 0001:000020c7       _R_RegisterSkin            100030c7 f   gl_image.obj
 0001:000020d5       _GL_FreeUnusedImages       100030d5 f   gl_image.obj
 0001:00002147       _Draw_GetPalette           10003147 f   gl_image.obj
 0001:000021d2       _GL_InitImages             100031d2 f   gl_image.obj
 0001:00002306       _GL_ShutdownImages         10003306 f   gl_image.obj
 0001:00002345       _R_RenderDlight            10003345 f   gl_light.obj
 0001:00002462       _R_RenderDlights           10003462 f   gl_light.obj
 0001:00002519       _R_MarkLights              10003519 f   gl_light.obj
 0001:000025d8       _R_PushDlights             100035d8 f   gl_light.obj
 0001:00002633       _RecursiveLightPoint       10003633 f   gl_light.obj
 0001:000028dd       _R_LightPoint              100038dd f   gl_light.obj
 0001:00002a2a       _R_AddDynamicLights        10003a2a f   gl_light.obj
 0001:00002c92       _R_SetCacheState           10003c92 f   gl_light.obj
 0001:00002cbd       _R_BuildLightMap           10003cbd f   gl_light.obj
 0001:0000328b       _GL_LerpVerts              1000428b f   gl_mesh.obj
 0001:00003415       _GL_DrawAliasFrameLerp     10004415 f   gl_mesh.obj
 0001:00003800       _GL_DrawAliasShadow        10004800 f   gl_mesh.obj
 0001:000038a2       _R_DrawAliasModel          100048a2 f   gl_mesh.obj
 0001:000041a8       _Mod_PointInLeaf           100051a8 f   gl_model.obj
 0001:00004208       _Mod_DecompressVis         10005208 f   gl_model.obj
 0001:00004288       _Mod_ClusterPVS            10005288 f   gl_model.obj
 0001:000042be       _Mod_Modellist_f           100052be f   gl_model.obj
 0001:0000431f       _Mod_Init                  1000531f f   gl_model.obj
 0001:00004337       _Mod_ForName               10005337 f   gl_model.obj
 0001:00004573       _CreateSolarColor          10005573 f   gl_model.obj
 0001:00004646       _Mod_LoadLighting          10005646 f   gl_model.obj
 0001:00004881       _Mod_LoadSubmodels         10005881 f   gl_model.obj
 0001:00004914       _Mod_LoadEdges             10005914 f   gl_model.obj
 0001:00004963       _Mod_LoadTexinfo           10005963 f   gl_model.obj
 0001:00004a70       _CalcSurfaceExtents        10005a70 f   gl_model.obj
 0001:00004bb2       _Mod_LoadFaces             10005bb2 f   gl_model.obj
 0001:00004d0a       _Mod_SetParent             10005d0a f   gl_model.obj
 0001:00004d2f       _Mod_LoadNodes             10005d2f f   gl_model.obj
 0001:00004e2d       _Mod_LoadLeafs             10005e2d f   gl_model.obj
 0001:00004ed0       _Mod_LoadMarksurfaces      10005ed0 f   gl_model.obj
 0001:00004f4b       _Mod_LoadPlanes            10005f4b f   gl_model.obj
 0001:00004fe0       _PlaneTypeForNormal        10005fe0 f i gl_model.obj
 0001:00005051       _Mod_LoadBrushModel        10006051 f   gl_model.obj
 0001:00005240       _Mod_LoadAliasModel        10006240 f   gl_model.obj
 0001:000054d3       _Mod_LoadSpriteModel       100064d3 f   gl_model.obj
 0001:000055d6       _R_BeginRegistration       100065d6 f   gl_model.obj
 0001:00005670       _R_RegisterModel           10006670 f   gl_model.obj
 0001:0000576d       _R_EndRegistration         1000676d f   gl_model.obj
 0001:000057c0       _Mod_FreeAll               100067c0 f   gl_model.obj
 0001:00005806       _R_CullBox                 10006806 f   gl_rmain.obj
 0001:00005841       _BOX_ON_PLANE_SIDE         10006841 f i gl_rmain.obj
 0001:000058c6       _R_RotateForEntity         100068c6 f   gl_rmain.obj
 0001:00005949       _R_DrawSpriteModel         10006949 f   gl_rmain.obj
 0001:00005c4b       _R_DrawNullModel           10006c4b f   gl_rmain.obj
 0001:00005dde       _R_DrawEntitiesOnList      10006dde f   gl_rmain.obj
 0001:00005f0e       _GL_DrawParticles          10006f0e f   gl_rmain.obj
 0001:000060fb       _R_PolyBlend               100070fb f   gl_rmain.obj
 0001:0000627b       _SignbitsForPlane          1000727b f   gl_rmain.obj
 0001:000062a5       _R_SetFrustum              100072a5 f   gl_rmain.obj
 0001:0000638f       _R_SetupFrame              1000738f f   gl_rmain.obj
 0001:0000651a       _MYgluPerspective          1000751a f   gl_rmain.obj
 0001:00006586       _R_SetupGL                 10007586 f   gl_rmain.obj
 0001:00006806       _R_Clear                   10007806 f   gl_rmain.obj
 0001:000068e7       _R_RenderView              100078e7 f   gl_rmain.obj
 0001:000069f6       _R_SetGL2D                 100079f6 f   gl_rmain.obj
 0001:00006ae7       _R_SetLightLevel           10007ae7 f   gl_rmain.obj
 0001:00006b42       _R_RenderFrame             10007b42 f   gl_rmain.obj
 0001:00006b5b       _R_Register                10007b5b f   gl_rmain.obj
 0001:00006b9c       _R_SetMode                 10007b9c f   gl_rmain.obj
 0001:00006c8c       _R_Init                    10007c8c f   gl_rmain.obj
 0001:00007031       _R_Shutdown                10008031 f   gl_rmain.obj
 0001:0000706b       _R_BeginFrame              1000806b f   gl_rmain.obj
 0001:00007382       _R_SetPalette              10008382 f   gl_rmain.obj
 0001:0000744d       _R_DrawBeam                1000844d f   gl_rmain.obj
 0001:00007658       _Draw_ConCharColor         10008658 f   gl_rmain.obj
 0001:00007679       _GetRefAPI                 10008679 f   gl_rmain.obj
 0001:00007881       _CopyString                10008881 f   gl_rmain.obj
 0001:000078a6       _R_InitParticleTexture     100088a6 f   gl_rmisc.obj
 0001:00007975       _GL_PerformScreenshot      10008975 f   gl_rmisc.obj
 0001:00007baa       _GL_Strings_f              10008baa f   gl_rmisc.obj
 0001:00007bef       _GL_SetDefaultState        10008bef f   gl_rmisc.obj
 0001:00007d4a       _GL_UpdateSwapInterval     10008d4a f   gl_rmisc.obj
 0001:00007d7f       _R_TextureAnimation        10008d7f f   gl_rsurf.obj
 0001:00007da3       _DrawGLPoly                10008da3 f   gl_rsurf.obj
 0001:00007dff       _DrawGLFlowingPoly         10008dff f   gl_rsurf.obj
 0001:00007e87       _R_DrawTriangleOutlines    10008e87 f   gl_rsurf.obj
 0001:00007f84       _DrawGLPolyChain           10008f84 f   gl_rsurf.obj
 0001:0000805b       _R_BlendLightmaps          1000905b f   gl_rsurf.obj
 0001:00008360       _R_RenderBrushPoly         10009360 f   gl_rsurf.obj
 0001:0000852f       _DrawReflectPoly3          1000952f f   gl_rsurf.obj
 0001:00008604       _R_DrawAlphaSurfaces       10009604 f   gl_rsurf.obj
 0001:00008a29       _DrawTextureChains         10009a29 f   gl_rsurf.obj
 0001:00008b57       _R_DrawInlineBModel        10009b57 f   gl_rsurf.obj
 0001:000090ff       _R_DrawBrushModel          1000a0ff f   gl_rsurf.obj
 0001:00009319       _R_RecursiveWorldNode      1000a319 f   gl_rsurf.obj
 0001:0000948d       _DISTANCE_TO_PLANE         1000a48d f i gl_rsurf.obj
 0001:000094d5       _R_DrawWorld               1000a4d5 f   gl_rsurf.obj
 0001:0000965a       _R_MarkLeaves              1000a65a f   gl_rsurf.obj
 0001:000099e9       _GL_BuildPolygonFromSurface 1000a9e9 f   gl_rsurf.obj
 0001:00009b88       _GL_CreateSurfaceLightmap  1000ab88 f   gl_rsurf.obj
 0001:00009c31       _GL_BeginBuildingLightmaps 1000ac31 f   gl_rsurf.obj
 0001:00009d83       _GL_EndBuildingLightmaps   1000ad83 f   gl_rsurf.obj
 0001:00009d94       _DrawColoredText           1000ad94 f   gl_textout.obj
 0001:00009f2c       _R_DrawTexts               1000af2c f   gl_textout.obj
 0001:00009f71       _DrawTextPos               1000af71 f   gl_textout.obj
 0001:0000a013       _DrawTextLeft              1000b013 f   gl_textout.obj
 0001:0000a03b       _DrawTextRight             1000b03b f   gl_textout.obj
 0001:0000a079       _BoundPoly                 1000b079 f   gl_warp.obj
 0001:0000a0f7       _SubdividePolygon          1000b0f7 f   gl_warp.obj
 0001:0000a3ec       _GL_SubdivideSurface       1000b3ec f   gl_warp.obj
 0001:0000a47d       _EmitWaterPolys            1000b47d f   gl_warp.obj
 0001:0000a573       _DrawSkyPolygon            1000b573 f   gl_warp.obj
 0001:0000a74f       _ClipSkyPolygon            1000b74f f   gl_warp.obj
 0001:0000a95a       _R_AddSkySurface           1000b95a f   gl_warp.obj
 0001:0000a9c7       _R_ClearSkyBox             1000b9c7 f   gl_warp.obj
 0001:0000a9fd       _MakeSkyVec                1000b9fd f   gl_warp.obj
 0001:0000aaf9       _R_DrawSkyBox              1000baf9 f   gl_warp.obj
 0001:0000acb8       _R_SetSky                  1000bcb8 f   gl_warp.obj
 0001:0000adc6       _GLimp_SetMode             1000bdc6 f   glw_imp.obj
 0001:0000b07b       _GLimp_HasGamma            1000c07b f   glw_imp.obj
 0001:0000b08f       _GLimp_SetGamma            1000c08f f   glw_imp.obj
 0001:0000b216       _GLimp_Init                1000c216 f   glw_imp.obj
 0001:0000b5af       _GLimp_Shutdown            1000c5af f   glw_imp.obj
 0001:0000b660       _GLimp_EndFrame            1000c660 f   glw_imp.obj
 0001:0000b6fb       _GLimp_BeginFrame          1000c6fb f   glw_imp.obj
 0001:0000b74e       _GLimp_AppActivate         1000c74e f   glw_imp.obj
 0001:0000b7d2       _Q_rsqrt                   1000c7d2 f   q_shared2.obj
 0001:0000b802       _RotatePointAroundVector   1000c802 f   q_shared2.obj
 0001:0000b972       _AngleVectors              1000c972 f   q_shared2.obj
 0001:0000bad3       _ProjectPointOnPlane       1000cad3 f   q_shared2.obj
 0001:0000bb52       _PerpendicularVector       1000cb52 f   q_shared2.obj
 0001:0000bbd1       _MatrixMultiply            1000cbd1 f   q_shared2.obj
 0001:0000bcb8       _BoxOnPlaneSide            1000ccb8 f   q_shared2.obj
 0001:0000bddb       _VectorNormalize           1000cddb f   q_shared2.obj
 0001:0000be2f       _VectorNormalizeFast       1000ce2f f   q_shared2.obj
 0001:0000be80       _CrossProduct              1000ce80 f   q_shared2.obj
 0001:0000bebb       _VectorLength              1000cebb f   q_shared2.obj
 0001:0000beea       _VectorScale               1000ceea f   q_shared2.obj
 0001:0000bf0e       _va                        1000cf0e f   q_shared2.obj
 0001:0000bf5b       _Q_stricmp                 1000cf5b f   q_shared2.obj
 0001:0000bf6c       _Com_sprintf               1000cf6c f   q_shared2.obj
 0001:0000d52f       _QGL_Shutdown              1000e52f f   qgl_win.obj
 0001:0000d56e       _QGL_Init                  1000e56e f   qgl_win.obj
 0001:0000d5f4       _QGL_InitExtensions        1000e5f4 f   qgl_win.obj
 0001:0000d92f       _QGL_EnableLogging         1000e92f f   qgl_win.obj
 0001:0000d9fb       _QGL_LogMessage            1000e9fb f   qgl_win.obj
 0001:0000da20       __alloca_probe             1000ea20 f   MSVCRT:chkstk.obj
 0001:0000da20       __chkstk                   1000ea20 f   MSVCRT:chkstk.obj
 0001:0000da50       __ftol                     1000ea50 f   MSVCRT:MSVCRT.dll
 0001:0000da56       _memcpy                    1000ea56 f   MSVCRT:MSVCRT.dll
 0001:0000da5c       _strcpy                    1000ea5c f   MSVCRT:MSVCRT.dll
 0001:0000da62       _strlen                    1000ea62 f   MSVCRT:MSVCRT.dll
 0001:0000da68       _strcmp                    1000ea68 f   MSVCRT:MSVCRT.dll
 0001:0000da6e       _memset                    1000ea6e f   MSVCRT:MSVCRT.dll
 0001:0000da74       _pow                       1000ea74 f   MSVCRT:MSVCRT.dll
 0001:0000da7a       _cos                       1000ea7a f   MSVCRT:MSVCRT.dll
 0001:0000da80       _sin                       1000ea80 f   MSVCRT:MSVCRT.dll
 0001:0000da86       _fabs                      1000ea86 f   MSVCRT:MSVCRT.dll
 0001:0000da8c       _tan                       1000ea8c f   MSVCRT:MSVCRT.dll
 0001:0000da92       _strcat                    1000ea92 f   MSVCRT:MSVCRT.dll
 0001:0000da98       _sqrt                      1000ea98 f   MSVCRT:MSVCRT.dll
 0001:0000da9e       __CRT_INIT@12              1000ea9e f   MSVCRT:crtdll.obj
 0001:0000db49       __DllMainCRTStartup@12     1000eb49 f   MSVCRT:crtdll.obj
 0001:0000dbe6       __initterm                 1000ebe6 f   MSVCRT:MSVCRT.dll
 0001:0000dbec       _DllMain@12                1000ebec f   MSVCRT:dllmain.obj
 0002:00000000       __imp__SetDeviceGammaRamp@8 1000f000     gdi32:GDI32.dll
 0002:00000004       __imp__GetDeviceGammaRamp@8 1000f004     gdi32:GDI32.dll
 0002:00000008       __imp__DescribePixelFormat@16 1000f008     gdi32:GDI32.dll
 0002:0000000c       __imp__SetPixelFormat@12   1000f00c     gdi32:GDI32.dll
 0002:00000010       __imp__SwapBuffers@4       1000f010     gdi32:GDI32.dll
 0002:00000014       __imp__ChoosePixelFormat@8 1000f014     gdi32:GDI32.dll
 0002:00000018       __imp__GetDeviceCaps@8     1000f018     gdi32:GDI32.dll
 0002:0000001c       \177GDI32_NULL_THUNK_DATA  1000f01c     gdi32:GDI32.dll
 0002:00000020       __imp__LoadLibraryA@4      1000f020     kernel32:KERNEL32.dll
 0002:00000024       __imp__GetVersionExA@4     1000f024     kernel32:KERNEL32.dll
 0002:00000028       __imp__GetProcAddress@8    1000f028     kernel32:KERNEL32.dll
 0002:0000002c       __imp__FreeLibrary@4       1000f02c     kernel32:KERNEL32.dll
 0002:00000030       __imp__DisableThreadLibraryCalls@4 1000f030     kernel32:KERNEL32.dll
 0002:00000034       \177KERNEL32_NULL_THUNK_DATA 1000f034     kernel32:KERNEL32.dll
 0002:00000038       __imp__malloc              1000f038     MSVCRT:MSVCRT.dll
 0002:0000003c       __imp__strlwr              1000f03c     MSVCRT:MSVCRT.dll
 0002:0000003c       __imp___strlwr             1000f03c     MSVCRT:MSVCRT.dll
 0002:00000040       __imp___adjust_fdiv        1000f040     MSVCRT:MSVCRT.dll
 0002:00000044       __imp___initterm           1000f044     MSVCRT:MSVCRT.dll
 0002:00000048       __imp___ftol               1000f048     MSVCRT:MSVCRT.dll
 0002:0000004c       __imp__memcpy              1000f04c     MSVCRT:MSVCRT.dll
 0002:00000050       __imp__strcpy              1000f050     MSVCRT:MSVCRT.dll
 0002:00000054       __imp__strlen              1000f054     MSVCRT:MSVCRT.dll
 0002:00000058       __imp__strncmp             1000f058     MSVCRT:MSVCRT.dll
 0002:0000005c       __imp__strcmp              1000f05c     MSVCRT:MSVCRT.dll
 0002:00000060       __imp__memset              1000f060     MSVCRT:MSVCRT.dll
 0002:00000064       __imp__pow                 1000f064     MSVCRT:MSVCRT.dll
 0002:00000068       __imp__cos                 1000f068     MSVCRT:MSVCRT.dll
 0002:0000006c       __imp__sin                 1000f06c     MSVCRT:MSVCRT.dll
 0002:00000070       __imp__fabs                1000f070     MSVCRT:MSVCRT.dll
 0002:00000074       __imp__strrchr             1000f074     MSVCRT:MSVCRT.dll
 0002:00000078       __imp__atoi                1000f078     MSVCRT:MSVCRT.dll
 0002:0000007c       __imp__tan                 1000f07c     MSVCRT:MSVCRT.dll
 0002:00000080       __imp__toupper             1000f080     MSVCRT:MSVCRT.dll
 0002:00000084       __imp__strstr              1000f084     MSVCRT:MSVCRT.dll
 0002:00000088       __imp__fclose              1000f088     MSVCRT:MSVCRT.dll
 0002:0000008c       __imp__fopen               1000f08c     MSVCRT:MSVCRT.dll
 0002:00000090       __imp__strcat              1000f090     MSVCRT:MSVCRT.dll
 0002:00000094       __imp__strncpy             1000f094     MSVCRT:MSVCRT.dll
 0002:00000098       __imp___winmajor           1000f098     MSVCRT:MSVCRT.dll
 0002:0000009c       __imp__sqrt                1000f09c     MSVCRT:MSVCRT.dll
 0002:000000a0       __imp___vsnprintf          1000f0a0     MSVCRT:MSVCRT.dll
 0002:000000a4       __imp__stricmp             1000f0a4     MSVCRT:MSVCRT.dll
 0002:000000a4       __imp___stricmp            1000f0a4     MSVCRT:MSVCRT.dll
 0002:000000a8       __imp__fprintf             1000f0a8     MSVCRT:MSVCRT.dll
 0002:000000ac       __imp__asctime             1000f0ac     MSVCRT:MSVCRT.dll
 0002:000000b0       __imp__localtime           1000f0b0     MSVCRT:MSVCRT.dll
 0002:000000b4       __imp__time                1000f0b4     MSVCRT:MSVCRT.dll
 0002:000000b8       __imp__free                1000f0b8     MSVCRT:MSVCRT.dll
 0002:000000bc       __imp__putenv              1000f0bc     MSVCRT:MSVCRT.dll
 0002:000000bc       __imp___putenv             1000f0bc     MSVCRT:MSVCRT.dll
 0002:000000c0       \177MSVCRT_NULL_THUNK_DATA 1000f0c0     MSVCRT:MSVCRT.dll
 0002:000000c4       __imp__SetForegroundWindow@4 1000f0c4     user32:USER32.dll
 0002:000000c8       __imp__ShowWindow@8        1000f0c8     user32:USER32.dll
 0002:000000cc       __imp__SetWindowPos@28     1000f0cc     user32:USER32.dll
 0002:000000d0       __imp__GetDesktopWindow@0  1000f0d0     user32:USER32.dll
 0002:000000d4       __imp__GetDC@4             1000f0d4     user32:USER32.dll
 0002:000000d8       __imp__ReleaseDC@8         1000f0d8     user32:USER32.dll
 0002:000000dc       __imp__ChangeDisplaySettingsA@8 1000f0dc     user32:USER32.dll
 0002:000000e0       \177USER32_NULL_THUNK_DATA 1000f0e0     user32:USER32.dll
 0002:000000e8       __real@4@400c9800000000000000 1000f0e8     gl_draw.obj
 0002:000000ec       __real@4@3ffb8000000000000000 1000f0ec     gl_draw.obj
 0002:000000f0       __real@8@3ffb8000000000000000 1000f0f0     gl_draw.obj
 0002:000000f8       __real@8@3ff98000000000000000 1000f0f8     gl_draw.obj
 0002:00000100       __real@8@3ff78080808080808000 1000f100     gl_draw.obj
 0002:00000108       __real@8@3ffeb333333333333000 1000f108     gl_draw.obj
 0002:00000110       __real@4@400c9804000000000000 1000f110     gl_draw.obj
 0002:00000114       __real@4@3ff78000000000000000 1000f114     gl_draw.obj
 0002:00000118       __real@8@3ff78000000000000000 1000f118     gl_draw.obj
 0002:00000120       _fmt_names                 1000f120     gl_image.obj
 0002:000001c0       __real@8@3ffec000000000000000 1000f1c0     gl_image.obj
 0002:000001c8       __real@8@3ffd8000000000000000 1000f1c8     gl_image.obj
 0002:000001d0       __real@8@3ffdaaaaaaaaaaaaa800 1000f1d0     gl_image.obj
 0002:000001d8       __real@4@4006ff00000000000000 1000f1d8     gl_image.obj
 0002:000001dc       __real@4@00000000000000000000 1000f1dc     gl_image.obj
 0002:000001e0       __real@8@3ffe8000000000000000 1000f1e0     gl_image.obj
 0002:000001e8       __real@8@3fff8000000000000000 1000f1e8     gl_image.obj
 0002:000001f0       __real@8@3ff8a3d70a3d70a3d800 1000f1f0     gl_image.obj
 0002:000001f8       __real@8@4006ff00000000000000 1000f1f8     gl_image.obj
 0002:00000200       __real@8@3ff78040201008040000 1000f200     gl_image.obj
 0002:00000208       __real@4@3fff8000000000000000 1000f208     gl_image.obj
 0002:00000210       __real@8@3ffdc90fdaa22168c000 1000f210     gl_light.obj
 0002:00000218       __real@8@3ffcccccccccccccd000 1000f218     gl_light.obj
 0002:00000220       __real@8@3ffdb333333333333000 1000f220     gl_light.obj
 0002:00000228       __real@4@40048000000000000000 1000f228     gl_light.obj
 0002:0000022c       __real@4@3ff88000000000000000 1000f22c     gl_light.obj
 0002:00000230       __real@4@3ff78080808080808000 1000f230     gl_light.obj
 0002:00000234       __real@4@bfff8000000000000000 1000f234     gl_light.obj
 0002:00000238       __real@4@400a8000000000000000 1000f238     gl_light.obj
 0002:0000023c       __real@4@40038000000000000000 1000f23c     gl_light.obj
 0002:00000240       __real@8@40088000000000000000 1000f240     gl_light.obj
 0002:00000248       __real@4@4002c000000000000000 1000f248     gl_light.obj
 0002:0000024c       __real@4@40028000000000000000 1000f24c     gl_light.obj
 0002:00000250       __real@4@40018000000000000000 1000f250     gl_mesh.obj
 0002:00000254       __real@4@3ffe8000000000000000 1000f254     gl_mesh.obj
 0002:00000258       __real@8@40018000000000000000 1000f258     gl_mesh.obj
 0002:00000260       __real@8@400b8000000000000000 1000f260     gl_mesh.obj
 0002:00000268       __real@8@3ffd9999999999999800 1000f268     gl_mesh.obj
 0002:00000270       __real@8@4000c90fdaa22168c000 1000f270     gl_mesh.obj
 0002:00000278       __real@4@3ff7b60b60b60b60b800 1000f278     gl_mesh.obj
 0002:00000280       __real@8@3ffab60b60b60b60b800 1000f280     gl_mesh.obj
 0002:00000288       __real@4@40008000000000000000 1000f288     gl_mesh.obj
 0002:00000290       __real@8@3ffeccccccccccccd000 1000f290     gl_mesh.obj
 0002:00000298       __real@4@4001e000000000000000 1000f298     gl_mesh.obj
 0002:0000029c       __real@4@3ffbccccccccccccd000 1000f29c     gl_mesh.obj
 0002:000002a0       __real@8@3ffbccccccccccccd000 1000f2a0     gl_mesh.obj
 0002:000002a8       __real@4@40069600000000000000 1000f2a8     gl_mesh.obj
 0002:000002ac       __real@4@4001a000000000000000 1000f2ac     gl_model.obj
 0002:000002b0       __real@8@3ffda8f5c28f5c28f800 1000f2b0     gl_model.obj
 0002:000002b8       __real@8@3ffab0c34c1a8ac5c800 1000f2b8     gl_model.obj
 0002:000002c0       ?h@?1??Q_ceil@@9@9         1000f2c0     gl_model.obj
 0002:000002c4       ?h@?1??Q_floor@@9@9        1000f2c4     gl_model.obj
 0002:000002c8       __real@4@c0178000000000000000 1000f2c8     gl_model.obj
 0002:000002cc       __real@4@40178000000000000000 1000f2cc     gl_model.obj
 0002:000002d0       __real@4@c0048000000000000000 1000f2d0     gl_model.obj
 0002:00000628       __real@4@3ffeaa7ef9db22d0e800 1000f628     gl_rmain.obj
 0002:0000062c       __real@4@3ffaccccccccccccd000 1000f62c     gl_rmain.obj
 0002:00000630       __real@8@40038000000000000000 1000f630     gl_rmain.obj
 0002:00000638       __real@8@3fffc90fdaa22168c000 1000f638     gl_rmain.obj
 0002:00000640       __real@4@c0038000000000000000 1000f640     gl_rmain.obj
 0002:00000644       __real@4@3fff8800000000000000 1000f644     gl_rmain.obj
 0002:00000648       __real@8@3ff783126e978d4fe000 1000f648     gl_rmain.obj
 0002:00000650       __real@4@4003a000000000000000 1000f650     gl_rmain.obj
 0002:00000654       __real@4@3fffc000000000000000 1000f654     gl_rmain.obj
 0002:00000658       __real@4@c005c800000000000000 1000f658     gl_rmain.obj
 0002:0000065c       __real@4@4002a000000000000000 1000f65c     gl_rmain.obj
 0002:00000660       __real@4@4005c800000000000000 1000f660     gl_rmain.obj
 0002:00000664       __real@4@4005b400000000000000 1000f664     gl_rmain.obj
 0002:00000668       __real@4@c005b400000000000000 1000f668     gl_rmain.obj
 0002:0000066c       __real@4@3ffd9999999999999800 1000f66c     gl_rmain.obj
 0002:00000670       __real@8@3ff88efa351294e9c800 1000f670     gl_rmain.obj
 0002:00000678       __real@8@4000a000000000000000 1000f678     gl_rmain.obj
 0002:00000680       __real@8@c0178000000000000000 1000f680     gl_rmain.obj
 0002:00000688       __real@8@40178000000000000000 1000f688     gl_rmain.obj
 0002:00000690       __real@8@4004f000000000000000 1000f690     gl_rmain.obj
 0002:00000698       __real@4@400ca404000000000000 1000f698     gl_rmisc.obj
 0002:000006a0       __real@8@00000000000000000000 1000f6a0     gl_rsurf.obj
 0002:000006a8       __real@8@c0058000000000000000 1000f6a8     gl_rsurf.obj
 0002:000006b0       __real@8@3ff9ccccccccccccd000 1000f6b0     gl_rsurf.obj
 0002:000006b8       __real@4@3ffea8f5c28f5c28f800 1000f6b8     gl_rsurf.obj
 0002:000006bc       __real@4@3ffda8f5c28f5c28f800 1000f6bc     gl_rsurf.obj
 0002:000006c0       __real@4@3ffce147ae147ae14800 1000f6c0     gl_rsurf.obj
 0002:000006c8       __real@8@bff8a3d70a3d70a3d800 1000f6c8     gl_rsurf.obj
 0002:000006d0       __real@4@3ffd8000000000000000 1000f6d0     gl_rsurf.obj
 0002:000006d4       __real@4@3ff38000000000000000 1000f6d4     gl_rsurf.obj
 0002:000006d8       __real@4@3ff98000000000000000 1000f6d8     gl_warp.obj
 0002:000006e0       __real@8@4004a2f9836e4e441800 1000f6e0     gl_warp.obj
 0002:000006e8       __real@8@3ffc8000000000000000 1000f6e8     gl_warp.obj
 0002:000006f0       __real@8@3ff583126e978d4fe000 1000f6f0     gl_warp.obj
 0002:000006f8       __real@8@bffbccccccccccccd000 1000f6f8     gl_warp.obj
 0002:00000700       __real@8@400d8000000000000000 1000f700     glw_imp.obj
 0002:00000708       __real@8@400effff000000000000 1000f708     glw_imp.obj
 0002:00000710       __real@8@400e8000000000000000 1000f710     glw_imp.obj
 0002:00000718       __real@4@400e8000000000000000 1000f718     glw_imp.obj
 0002:0000071c       __real@4@4000c000000000000000 1000f71c     glw_imp.obj
 0002:00000720       __real@8@3ff7b60b60b60b60b800 1000f720     q_shared2.obj
 0002:00000728       __real@8@3ff98efa351294e9c800 1000f728     q_shared2.obj
 0002:00000730       __IMPORT_DESCRIPTOR_KERNEL32 1000f730     kernel32:KERNEL32.dll
 0002:00000744       __IMPORT_DESCRIPTOR_USER32 1000f744     user32:USER32.dll
 0002:00000758       __IMPORT_DESCRIPTOR_GDI32  1000f758     gdi32:GDI32.dll
 0002:0000076c       __IMPORT_DESCRIPTOR_MSVCRT 1000f76c     MSVCRT:MSVCRT.dll
 0002:00000780       __NULL_IMPORT_DESCRIPTOR   1000f780     kernel32:KERNEL32.dll
 0003:00000000       ___xc_a                    10010000     MSVCRT:cinitexe.obj
 0003:00000004       ___xc_z                    10010004     MSVCRT:cinitexe.obj
 0003:00000008       ___xi_a                    10010008     MSVCRT:cinitexe.obj
 0003:0000000c       ___xi_z                    1001000c     MSVCRT:cinitexe.obj
 0003:00000070       ??_C@_08CFBM@conchars?$AA@ 10010070     gl_draw.obj
 0003:0000007c       ??_C@_0M@BOLH@pics?1?$CFs?4?$DP?$DP?$DP?$AA@ 1001007c     gl_draw.obj
 0003:00000088       ??_C@_0BE@OFJF@Can?8t?5find?5pic?3?5?$CFs?6?$AA@ 10010088     gl_draw.obj
 0003:0000009c       ??_C@_0BF@FJLG@Draw_Fill?3?5bad?5color?$AA@ 1001009c     gl_draw.obj
 0003:000000b4       ??_C@_03EDOL@PAL?$AA@      100100b4     gl_image.obj
 0003:000000b8       ??_C@_08IECI@RGBA_ARB?$AA@ 100100b8     gl_image.obj
 0003:000000c4       ??_C@_07MDOP@RGB_ARB?$AA@  100100c4     gl_image.obj
 0003:000000cc       ??_C@_04DLAJ@S3TC?$AA@     100100cc     gl_image.obj
 0003:000000d4       ??_C@_0M@IBFD@GL_RGB2_EXT?$AA@ 100100d4     gl_image.obj
 0003:000000e0       ??_C@_04PIGM@RGBA?$AA@     100100e0     gl_image.obj
 0003:000000e8       ??_C@_03DLPD@RGB?$AA@      100100e8     gl_image.obj
 0003:000000ec       ??_C@_02GAM@IA?$AA@        100100ec     gl_image.obj
 0003:000000f0       ??_C@_01FLOP@I?$AA@        100100f0     gl_image.obj
 0003:000000f4       ??_C@_04PDBB@?$DP?$DP?$DP?$DP?$AA@ 100100f4     gl_image.obj
 0003:00000100       _gl_solid_format           10010100     gl_image.obj
 0003:00000104       _gl_alpha_format           10010104     gl_image.obj
 0003:00000108       _gl_tex_solid_format       10010108     gl_image.obj
 0003:0000010c       _gl_tex_alpha_format       1001010c     gl_image.obj
 0003:00000110       _gl_filter_min             10010110     gl_image.obj
 0003:00000114       _gl_filter_max             10010114     gl_image.obj
 0003:00000198       _gl_solid_modes            10010198     gl_image.obj
 0003:000001d0       ??_C@_07MMFM@GL_RGB2?$AA@  100101d0     gl_image.obj
 0003:000001d8       ??_C@_0M@BAKM@GL_R3_G3_B2?$AA@ 100101d8     gl_image.obj
 0003:000001e4       ??_C@_07DDCO@GL_RGB4?$AA@  100101e4     gl_image.obj
 0003:000001ec       ??_C@_07JJLJ@GL_RGB5?$AA@  100101ec     gl_image.obj
 0003:000001f4       ??_C@_07MNMK@GL_RGB8?$AA@  100101f4     gl_image.obj
 0003:000001fc       ??_C@_06OCPL@GL_RGB?$AA@   100101fc     gl_image.obj
 0003:00000204       ??_C@_08DJND@GL_RGBA2?$AA@ 10010204     gl_image.obj
 0003:00000210       ??_C@_08MGKB@GL_RGBA4?$AA@ 10010210     gl_image.obj
 0003:0000021c       ??_C@_0L@BGEN@GL_RGB5_A1?$AA@ 1001021c     gl_image.obj
 0003:00000228       ??_C@_08DIEF@GL_RGBA8?$AA@ 10010228     gl_image.obj
 0003:00000234       ??_C@_07GNLF@GL_RGBA?$AA@  10010234     gl_image.obj
 0003:0000023c       ??_C@_07FMEP@default?$AA@  1001023c     gl_image.obj
 0003:00000244       ??_C@_0BI@KDJA@GL_LINEAR_MIPMAP_LINEAR?$AA@ 10010244     gl_image.obj
 0003:0000025c       ??_C@_0BJ@FEEC@GL_NEAREST_MIPMAP_LINEAR?$AA@ 1001025c     gl_image.obj
 0003:00000278       ??_C@_0BJ@CJFK@GL_LINEAR_MIPMAP_NEAREST?$AA@ 10010278     gl_image.obj
 0003:00000294       ??_C@_0BK@NEKN@GL_NEAREST_MIPMAP_NEAREST?$AA@ 10010294     gl_image.obj
 0003:000002b0       ??_C@_09KGLC@GL_LINEAR?$AA@ 100102b0     gl_image.obj
 0003:000002bc       ??_C@_0L@FLFP@GL_NEAREST?$AA@ 100102bc     gl_image.obj
 0003:000002c8       ??_C@_0CG@IONK@MTexCoord?5call?5without?5multitext@ 100102c8     gl_image.obj
 0003:000002f0       ??_C@_0BB@KGGC@bad?5filter?5name?6?$AA@ 100102f0     gl_image.obj
 0003:00000304       ??_C@_0BN@OHAB@bad?5alpha?5texture?5mode?5name?6?$AA@ 10010304     gl_image.obj
 0003:00000324       ??_C@_0BN@DBG@bad?5solid?5texture?5mode?5name?6?$AA@ 10010324     gl_image.obj
 0003:00000344       ??_C@_0DM@JAA@Total?5?$CFi?5images?5with?5texel?5count@ 10010344     gl_image.obj
 0003:00000380       ??_C@_0BL@JFMM@?$CF?93i?5?$CFs?5?$CF?93i?5?$CF?93i?5?$CF?98s?5?$CFs?6?$AA@ 10010380     gl_image.obj
 0003:0000039c       ??_C@_08JNFO@?$CIscrap?$CJ?5?$AA@ 1001039c     gl_image.obj
 0003:000003a8       ??_C@_07ONBG@0x?$CF4X?5?5?$AA@ 100103a8     gl_image.obj
 0003:000003b0       ??_C@_03LNJI@skn?$AA@      100103b0     gl_image.obj
 0003:000003b4       ??_C@_03OAO@spr?$AA@       100103b4     gl_image.obj
 0003:000003b8       ??_C@_03DION@wal?$AA@      100103b8     gl_image.obj
 0003:000003bc       ??_C@_03DCIF@pic?$AA@      100103bc     gl_image.obj
 0003:000003c0       ??_C@_03EBAN@sky?$AA@      100103c0     gl_image.obj
 0003:000003c4       ??_C@_03HGLM@tmp?$AA@      100103c4     gl_image.obj
 0003:000003c8       ??_C@_03HLMP@?5?$DP?5?$AA@ 100103c8     gl_image.obj
 0003:000003cc       ??_C@_0CL@IAG@?9?9?9?9t?9?9?9w?9?9?9h?9?9?9fmt?9?9?9?9?9?9name?9?9?9@ 100103cc     gl_image.obj
 0003:000003f8       ??_C@_0CJ@IOFB@Unknown?5number?5of?5texture?5compon@ 100103f8     gl_image.obj
 0003:00000424       ??_C@_0BF@OLFC@GL_Upload32?3?5too?5big?$AA@ 10010424     gl_image.obj
 0003:0000043c       ??_C@_0BG@GJHB@GL_Upload8?3?5too?5large?$AA@ 1001043c     gl_image.obj
 0003:00000454       ??_C@_0BP@NGM@Draw_LoadPic?3?5?$CC?$CFs?$CC?5is?5too?5long?$AA@ 10010454     gl_image.obj
 0003:00000474       ??_C@_0P@MCNK@MAX_GLTEXTURES?$AA@ 10010474     gl_image.obj
 0003:00000484       ??_C@_0BN@FDBO@GL_FindImage?3?5can?8t?5load?5?$CFs?6?$AA@ 10010484     gl_image.obj
 0003:000004a4       ??_C@_0CC@DGNL@Unrecognized?5image?5extension?3?5?$CFs@ 100104a4     gl_image.obj
 0003:000004c8       ??_C@_0BI@BLMG@Cannot?5load?5texture?5?$CFs?6?$AA@ 100104c8     gl_image.obj
 0003:000004e0       ??_C@_0BI@EEPA@Cannot?5find?5image?5?$CFs?4?$CK?6?$AA@ 100104e0     gl_image.obj
 0003:000004f8       ??_C@_05LCPG@pics?1?$AA@   100104f8     gl_image.obj
 0003:00000500       ??_C@_04BLEC@?4jpg?$AA@    10010500     gl_image.obj
 0003:00000508       ??_C@_04LCGE@?4tga?$AA@    10010508     gl_image.obj
 0003:00000510       ??_C@_04GHND@?4wal?$AA@    10010510     gl_image.obj
 0003:00000518       ??_C@_04PHML@?4pcx?$AA@    10010518     gl_image.obj
 0003:00000520       ??_C@_04IDGC@?4?$DP?$DP?$DP?$AA@ 10010520     gl_image.obj
 0003:00000528       ??_C@_0CA@GDHD@Couldn?8t?5load?5pics?1colormap?4pcx?$AA@ 10010528     gl_image.obj
 0003:00000548       ??_C@_0BC@EOBO@pics?1colormap?4pcx?$AA@ 10010548     gl_image.obj
 0003:0000055c       ??_C@_0N@BPDG@r_saturation?$AA@ 1001055c     gl_image.obj
 0003:0000056c       ??_C@_09CNFC@intensity?$AA@ 1001056c     gl_image.obj
 0003:00000578       ??_C@_01FBAH@1?$AA@        10010578     gl_image.obj
 0003:0000057c       ??_C@_0CF@IIHL@Bad?5s_blocklights?5size?3?5?$CFd?5x?5?$CFd?5@ 1001057c     gl_light.obj
 0003:000005a4       ??_C@_0CL@IBMO@R_BuildLightMap?5called?5for?5non?9l@ 100105a4     gl_light.obj
 0003:00000d68       _r_avertexnormal_dots      10010d68     gl_mesh.obj
 0003:00004d68       _shadedots                 10014d68     gl_mesh.obj
 0003:00004d6c       ??_C@_0CK@MHJA@R_DrawAliasModel?5?$CFs?3?5no?5such?5old@ 10014d6c     gl_mesh.obj
 0003:00004d98       ??_C@_0CH@BMCP@R_DrawAliasModel?5?$CFs?3?5no?5such?5fra@ 10014d98     gl_mesh.obj
 0003:00004dc0       ??_C@_0CK@BKAK@R_CullAliasModel?5?$CFs?3?5no?5such?5old@ 10014dc0     gl_mesh.obj
 0003:00004dec       ??_C@_0CH@HHDH@R_CullAliasModel?5?$CFs?3?5no?5such?5fra@ 10014dec     gl_mesh.obj
 0003:00004e50       ??_C@_0BK@GJON@GL_PointInLeaf?3?5bad?5model?$AA@ 10014e50     gl_model.obj
 0003:00004e6c       ??_C@_0BE@KMED@Total?5resident?3?5?$CFi?6?$AA@ 10014e6c     gl_model.obj
 0003:00004e80       ??_C@_09EHLB@?$CF8i?5?3?5?$CFs?6?$AA@ 10014e80     gl_model.obj
 0003:00004e8c       ??_C@_0BA@GMNB@Loaded?5models?3?6?$AA@ 10014e8c     gl_model.obj
 0003:00004e9c       ??_C@_0CG@HPCL@Mod_NumForName?3?5unknown?5fileid?5f@ 10014e9c     gl_model.obj
 0003:00004ec4       ??_C@_0BN@GEDF@Mod_ModForName?3?5?$CFs?5not?5found?$AA@ 10014ec4     gl_model.obj
 0003:00004ee4       ??_C@_0CG@INFO@Internal?5error?5while?5loading?5BSP@ 10014ee4     gl_model.obj
 0003:00004f0c       ??_C@_04EMJN@?4bsp?$AA@    10014f0c     gl_model.obj
 0003:00004f14       ??_C@_0BO@PLCA@mod_numknown?5?$DN?$DN?5MAX_MOD_KNOWN?$AA@ 10014f14     gl_model.obj
 0003:00004f34       ??_C@_0BI@DAMF@bad?5inline?5model?5number?$AA@ 10014f34     gl_model.obj
 0003:00004f4c       ??_C@_0BH@LKJJ@Mod_ForName?3?5NULL?5name?$AA@ 10014f4c     gl_model.obj
 0003:00004f64       ??_C@_0BC@DJDD@Couldn?8t?5load?5?$CFs?6?$AA@ 10014f64     gl_model.obj
 0003:00004f78       ??_C@_0BA@IDAI@textures?1?$CFs?4wal?$AA@ 10014f78     gl_model.obj
 0003:00004f88       ??_C@_0CD@COFD@MOD_LoadBmodel?3?5bad?5texinfo?5numb@ 10014f88     gl_model.obj
 0003:00004fac       ??_C@_0CK@NMOI@Mod_ParseMarksurfaces?3?5bad?5surfa@ 10014fac     gl_model.obj
 0003:00004fd8       ??_C@_0CC@NIFN@Inline?5model?5?$CFi?5has?5bad?5firstnod@ 10014fd8     gl_model.obj
 0003:00004ffc       ??_C@_0CF@GBO@Loaded?5a?5brush?5model?5after?5the?5w@ 10014ffc     gl_model.obj
 0003:00005024       ??_C@_0BH@IMJD@model?5?$CFs?5has?5no?5frames?$AA@ 10015024     gl_model.obj
 0003:0000503c       ??_C@_0BK@EBGJ@model?5?$CFs?5has?5no?5triangles?$AA@ 1001503c     gl_model.obj
 0003:00005058       ??_C@_0BM@MLIA@model?5?$CFs?5has?5no?5st?5vertices?$AA@ 10015058     gl_model.obj
 0003:00005074       ??_C@_0BP@KFMM@model?5?$CFs?5has?5too?5many?5vertices?$AA@ 10015074     gl_model.obj
 0003:00005094       ??_C@_0BJ@BMCG@model?5?$CFs?5has?5no?5vertices?$AA@ 10015094     gl_model.obj
 0003:000050b0       ??_C@_0CD@DNIE@model?5?$CFs?5has?5a?5skin?5taller?5than?5@ 100150b0     gl_model.obj
 0003:000050d4       ??_C@_0CO@LDOK@?$CFs?5has?5wrong?5version?5number?5?$CI?$CFi?5@ 100150d4     gl_model.obj
 0003:00005104       ??_C@_0BM@NFLG@Cannot?5find?5frame?5?$CD?$CFd?5?$CI?$CFs?$CJ?6?$AA@ 10015104     gl_model.obj
 0003:00005120       ??_C@_0CB@KANI@?$CFs?5has?5too?5many?5frames?5?$CI?$CFi?5?$DO?5?$CFi?$CJ@ 10015120     gl_model.obj
 0003:00005144       ??_C@_08DIA@flushmap?$AA@  10015144     gl_model.obj
 0003:00005150       ??_C@_01PLJA@0?$AA@        10015150     gl_model.obj
 0003:00005154       ??_C@_0M@HBDC@maps?1?$CFs?4bsp?$AA@ 10015154     gl_model.obj
 0003:00005160       ??_C@_07LICL@vid_ref?$AA@  10015160     gl_rmain.obj
 0003:00005168       ??_C@_0L@DBKC@r_contrast?$AA@ 10015168     gl_rmain.obj
 0003:00005174       ??_C@_0N@HKPK@r_brightness?$AA@ 10015174     gl_rmain.obj
 0003:00005184       ??_C@_07JEME@r_gamma?$AA@  10015184     gl_rmain.obj
 0003:0000518c       ??_C@_0N@EEGM@r_fullscreen?$AA@ 1001518c     gl_rmain.obj
 0003:0000519c       ??_C@_0BB@KNCM@gl_3dlabs_broken?$AA@ 1001519c     gl_rmain.obj
 0003:000051b0       ??_C@_0BE@BIIO@gl_saturatelighting?$AA@ 100151b0     gl_rmain.obj
 0003:000051c4       ??_C@_0BA@NBPP@gl_swapinterval?$AA@ 100151c4     gl_rmain.obj
 0003:000051d4       ??_C@_07MDNP@GL_BACK?$AA@  100151d4     gl_rmain.obj
 0003:000051dc       ??_C@_0O@KCBC@gl_drawbuffer?$AA@ 100151dc     gl_rmain.obj
 0003:000051ec       ??_C@_0BN@OJDH@gl_ext_compiled_vertex_array?$AA@ 100151ec     gl_rmain.obj
 0003:0000520c       ??_C@_0BL@OLPN@gl_ext_compressed_textures?$AA@ 1001520c     gl_rmain.obj
 0003:00005228       ??_C@_0BE@IOJK@gl_ext_multitexture?$AA@ 10015228     gl_rmain.obj
 0003:0000523c       ??_C@_0BB@KLFD@gl_vertex_arrays?$AA@ 1001523c     gl_rmain.obj
 0003:00005250       ??_C@_0L@BFHO@gl_winrefl?$AA@ 10015250     gl_rmain.obj
 0003:0000525c       ??_C@_04GECI@2300?$AA@     1001525c     gl_rmain.obj
 0003:00005264       ??_C@_07BGII@gl_zmax?$AA@  10015264     gl_rmain.obj
 0003:0000526c       ??_C@_0L@ECM@gl_lockpvs?$AA@ 1001526c     gl_rmain.obj
 0003:00005278       ??_C@_0BE@PLJ@gl_texturesolidmode?$AA@ 10015278     gl_rmain.obj
 0003:0000528c       ??_C@_0BE@OFGJ@gl_texturealphamode?$AA@ 1001528c     gl_rmain.obj
 0003:000052a0       ??_C@_0P@NBDD@gl_texturemode?$AA@ 100152a0     gl_rmain.obj
 0003:000052b0       ??_C@_08MLDJ@opengl32?$AA@ 100152b0     gl_rmain.obj
 0003:000052bc       ??_C@_09MLK@gl_driver?$AA@ 100152bc     gl_rmain.obj
 0003:000052c8       ??_C@_0BA@PDAA@gl_monolightmap?$AA@ 100152c8     gl_rmain.obj
 0003:000052d8       ??_C@_0N@GDME@gl_playermip?$AA@ 100152d8     gl_rmain.obj
 0003:000052e8       ??_C@_0O@BGPL@gl_flashblend?$AA@ 100152e8     gl_rmain.obj
 0003:000052f8       ??_C@_0N@GJLC@gl_polyblend?$AA@ 100152f8     gl_rmain.obj
 0003:00005308       ??_C@_07HMM@gl_cull?$AA@   10015308     gl_rmain.obj
 0003:00005310       ??_C@_08CLGN@gl_clear?$AA@ 10015310     gl_rmain.obj
 0003:0000531c       ??_C@_09IEFK@gl_finish?$AA@ 1001531c     gl_rmain.obj
 0003:00005328       ??_C@_09HJPP@gl_ztrick?$AA@ 10015328     gl_rmain.obj
 0003:00005334       ??_C@_0M@GFIA@gl_showtris?$AA@ 10015334     gl_rmain.obj
 0003:00005340       ??_C@_09LFJH@gl_skymip?$AA@ 10015340     gl_rmain.obj
 0003:0000534c       ??_C@_09HOCI@gl_picmip?$AA@ 1001534c     gl_rmain.obj
 0003:00005358       ??_C@_0BD@BNAA@gl_roundImagesDown?$AA@ 10015358     gl_rmain.obj
 0003:0000536c       ??_C@_09DLEF@gl_nobind?$AA@ 1001536c     gl_rmain.obj
 0003:00005378       ??_C@_0P@MBNP@gl_dlightBacks?$AA@ 10015378     gl_rmain.obj
 0003:00005388       ??_C@_0L@KKKG@gl_dynamic?$AA@ 10015388     gl_rmain.obj
 0003:00005394       ??_C@_0L@DBCD@gl_shadows?$AA@ 10015394     gl_rmain.obj
 0003:000053a0       ??_C@_0L@DOIK@r_lightmap?$AA@ 100153a0     gl_rmain.obj
 0003:000053ac       ??_C@_01ECJ@3?$AA@         100153ac     gl_rmain.obj
 0003:000053b0       ??_C@_07KMDJ@gl_mode?$AA@  100153b0     gl_rmain.obj
 0003:000053b8       ??_C@_0M@GPNJ@gl_bitdepth?$AA@ 100153b8     gl_rmain.obj
 0003:000053c4       ??_C@_0L@PDBC@gl_logFile?$AA@ 100153c4     gl_rmain.obj
 0003:000053d0       ??_C@_0M@OBKG@gl_modulate?$AA@ 100153d0     gl_rmain.obj
 0003:000053dc       ??_C@_0BC@HKAH@gl_allow_software?$AA@ 100153dc     gl_rmain.obj
 0003:000053f0       ??_C@_0O@NIJN@gl_nosubimage?$AA@ 100153f0     gl_rmain.obj
 0003:00005400       ??_C@_0BA@BLLL@r_ignorehwgamma?$AA@ 10015400     gl_rmain.obj
 0003:00005410       ??_C@_08MNKK@r_speeds?$AA@ 10015410     gl_rmain.obj
 0003:0000541c       ??_C@_0N@IKOP@r_lerpmodels?$AA@ 1001541c     gl_rmain.obj
 0003:0000542c       ??_C@_0P@BIDD@gl_frustumCull?$AA@ 1001542c     gl_rmain.obj
 0003:0000543c       ??_C@_07CBKH@r_novis?$AA@  1001543c     gl_rmain.obj
 0003:00005444       ??_C@_0M@GFDO@r_drawworld?$AA@ 10015444     gl_rmain.obj
 0003:00005450       ??_C@_0P@LECL@r_drawentities?$AA@ 10015450     gl_rmain.obj
 0003:00005460       ??_C@_0N@MMGG@r_fullbright?$AA@ 10015460     gl_rmain.obj
 0003:00005470       ??_C@_0M@BNM@r_norefresh?$AA@ 10015470     gl_rmain.obj
 0003:0000547c       ??_C@_04KBBO@hand?$AA@     1001547c     gl_rmain.obj
 0003:00005484       ??_C@_0O@OAGB@Bad?5modeltype?$AA@ 10015484     gl_rmain.obj
 0003:00005494       ??_C@_0CJ@KPOM@?$CF4i?5visleafs?5?$CF4i?5frustleafs?5of?5?$CF@ 10015494     gl_rmain.obj
 0003:000054c0       ??_C@_0CE@MNBE@?$CF4i?5wpoly?5?$CF4i?5epoly?5?$CFi?5tex?5?$CFi?5lm@ 100154c0     gl_rmain.obj
 0003:000054e4       ??_C@_0BO@BODI@R_RenderView?3?5NULL?5worldmodel?$AA@ 100154e4     gl_rmain.obj
 0003:00005504       ??_C@_0L@NAKP@gl_strings?$AA@ 10015504     gl_rmain.obj
 0003:00005510       ??_C@_09HFGF@modellist?$AA@ 10015510     gl_rmain.obj
 0003:0000551c       ??_C@_09PCJE@imagelist?$AA@ 1001551c     gl_rmain.obj
 0003:00005528       ??_C@_0DF@EHEG@ref_gl?3?3R_SetMode?$CI?$CJ?5?9?5could?5not?5@ 10015528     gl_rmain.obj
 0003:00005560       ??_C@_0CE@HIMO@ref_gl?3?3R_SetMode?$CI?$CJ?5?9?5invalid?5mo@ 10015560     gl_rmain.obj
 0003:00005584       ??_C@_0DL@BJEC@ref_gl?3?3R_SetMode?$CI?$CJ?5?9?5fullscreen@ 10015584     gl_rmain.obj
 0003:000055c0       ??_C@_0BB@HHFL@?4?4?4allowing?5CDS?6?$AA@ 100155c0     gl_rmain.obj
 0003:000055d4       ??_C@_0BF@LPBA@glGetError?$CI?$CJ?5?$DN?50x?$CFx?6?$AA@ 100155d4     gl_rmain.obj
 0003:000055ec       ??_C@_0BC@KNNB@?4?4?4disabling?5CDS?6?$AA@ 100155ec     gl_rmain.obj
 0003:00005600       ??_C@_0M@CGPG@scr_drawall?$AA@ 10015600     gl_rmain.obj
 0003:0000560c       ??_C@_0BO@LPNL@?4?4?4using?5gl_monolightmap?5?8a?8?6?$AA@ 1001560c     gl_rmain.obj
 0003:0000562c       ??_C@_01PFH@A?$AA@         1001562c     gl_rmain.obj
 0003:00005630       ??_C@_06IKAA@verite?$AA@   10015630     gl_rmain.obj
 0003:00005638       ??_C@_04JEBG@pcx2?$AA@     10015638     gl_rmain.obj
 0003:00005640       ??_C@_03FFEM@gdi?$AA@      10015640     gl_rmain.obj
 0003:00005644       ??_C@_06GPFG@glzicd?$AA@   10015644     gl_rmain.obj
 0003:0000564c       ??_C@_05GAJH@glint?$AA@    1001564c     gl_rmain.obj
 0003:00005654       ??_C@_08KOOM@permedia?$AA@ 10015654     gl_rmain.obj
 0003:00005660       ??_C@_03HID@sgi?$AA@       10015660     gl_rmain.obj
 0003:00005664       ??_C@_04JACC@rush?$AA@     10015664     gl_rmain.obj
 0003:0000566c       ??_C@_06GLKG@voodoo?$AA@   1001566c     gl_rmain.obj
 0003:00005674       ??_C@_0BA@PCBE@GL_VERSION?3?5?$CFs?6?$AA@ 10015674     gl_rmain.obj
 0003:00005684       ??_C@_0BB@KKEK@GL_RENDERER?3?5?$CFs?6?$AA@ 10015684     gl_rmain.obj
 0003:00005698       ??_C@_0P@KDAA@GL_VENDOR?3?5?$CFs?6?$AA@ 10015698     gl_rmain.obj
 0003:000056a8       ??_C@_0CK@LCCO@ref_gl?3?3R_Init?$CI?$CJ?5?9?5could?5not?5R_S@ 100156a8     gl_rmain.obj
 0003:000056d4       ??_C@_0CI@LCAE@ref_gl?3?3R_Init?$CI?$CJ?5?9?5could?5not?5loa@ 100156d4     gl_rmain.obj
 0003:000056fc       ??_C@_0BJ@ECO@ref_gl?5version?3?5GL?50?401?6?$AA@ 100156fc     gl_rmain.obj
 0003:00005718       ??_C@_08IIC@GL_FRONT?$AA@  10015718     gl_rmain.obj
 0003:00005724       ??_C@_0N@KBMB@SST_GAMMA?$DN?$CFf?$AA@ 10015724     gl_rmain.obj
 0003:00005734       ??_C@_0P@IHBO@SSTV2_GAMMA?$DN?$CFf?$AA@ 10015734     gl_rmain.obj
 0003:00005744       ??_C@_0CP@DFHB@?6?9?9?9?9?9?9?9?9?9?9?5Begin?5Frame?5?$CIold?5ref@ 10015744     gl_rmain.obj
 0003:00005774       ??_C@_0BA@CPDK@gl_console_only?$AA@ 10015774     gl_rmain.obj
 0003:00005784       ??_C@_0BI@MLJK@binds?3?5?$CF2d?5uploads?3?5?$CF2d?$AA@ 10015784     gl_rmain.obj
 0003:0000579c       ??_C@_0CC@FJIA@bef?3?5?$CF2d?5fe?3?5?$CF2d?5bk?3?5?$CF2d?5aft?3?5?$CF2@ 1001579c     gl_rmain.obj
 0003:000057c0       _dottexture                100157c0     gl_rmisc.obj
 0003:00005800       ??_C@_0BC@LOCA@?$CK?$CK?$CKr_notexture?$CK?$CK?$CK?$AA@ 10015800     gl_rmisc.obj
 0003:00005814       ??_C@_0P@KKPF@?$CK?$CK?$CKparticle?$CK?$CK?$CK?$AA@ 10015814     gl_rmisc.obj
 0003:00005824       ??_C@_09PAG@Wrote?5?$CFs?6?$AA@ 10015824     gl_rmisc.obj
 0003:00005830       ??_C@_02JKAF@rb?$AA@       10015830     gl_rmisc.obj
 0003:00005834       ??_C@_0BL@NLIA@?$CFs?1screenshots?1quake?$CF04d?$CFs?$AA@ 10015834     gl_rmisc.obj
 0003:00005850       ??_C@_0BD@PFIA@GL_EXTENSIONS?3?5?$CFs?6?$AA@ 10015850     gl_rmisc.obj
 0003:00005864       ??_C@_0BG@LALE@?$CK?$CK?$CK?5DrawGLPoly?$CI?$CJ?5?$CK?$CK?$CK?6?$AA@ 10015864     gl_rsurf.obj
 0003:0000587c       ??_C@_0BL@BNDJ@?$CK?$CK?$CK?5DrawGLPolyChain?$CI?$CJ?5?$CK?$CK?$CK?6?$AA@ 1001587c     gl_rsurf.obj
 0003:00005898       ??_C@_0DM@MGEH@Consecutive?5calls?5to?5LM_AllocBlo@ 10015898     gl_rsurf.obj
 0003:000058d4       ??_C@_0BM@CMED@?$CK?$CK?$CK?5R_BlendLightmaps?$CI?$CJ?5?$CK?$CK?$CK?6?$AA@ 100158d4     gl_rsurf.obj
 0003:000058f0       ??_C@_0CB@FKIE@?$CK?$CK?$CK?$CK?5R_DrawAlphaSurfaces?$CI?$CJ?5?$CK?$CK?$CK?$CK?6@ 100158f0     gl_rsurf.obj
 0003:00005914       ??_C@_0CL@JCJM@LM_UploadBlock?$CI?$CJ?5?9?5MAX_LIGHTMAPS@ 10015914     gl_rsurf.obj
 0003:00005940       ??_C@_0DC@IEOP@Consecutive?5calls?5to?5LM_AllocBlo@ 10015940     gl_rsurf.obj
 0003:00005974       _gl_next_left_y            10015974     gl_textout.obj
 0003:00005978       _gl_next_right_y           10015978     gl_textout.obj
 0003:0000597c       _skyclip                   1001597c     gl_warp.obj
 0003:000059c4       _st_to_vec                 100159c4     gl_warp.obj
 0003:00005a0c       _vec_to_st                 10015a0c     gl_warp.obj
 0003:00005a54       _skytexorder               10015a54     gl_warp.obj
 0003:00005a6c       _suf                       10015a6c     gl_warp.obj
 0003:00005a84       ??_C@_02HJLH@dn?$AA@       10015a84     gl_warp.obj
 0003:00005a88       ??_C@_02HAO@up?$AA@        10015a88     gl_warp.obj
 0003:00005a8c       ??_C@_02PMAE@ft?$AA@       10015a8c     gl_warp.obj
 0003:00005a90       ??_C@_02JIFL@lf?$AA@       10015a90     gl_warp.obj
 0003:00005a94       ??_C@_02OID@bk?$AA@        10015a94     gl_warp.obj
 0003:00005a98       ??_C@_02MMAH@rt?$AA@       10015a98     gl_warp.obj
 0003:00005a9c       ??_C@_0O@EIDL@numverts?5?$DN?5?$CFi?$AA@ 10015a9c     gl_warp.obj
 0003:00005aac       ??_C@_0BP@NDMM@ClipSkyPolygon?3?5MAX_CLIP_VERTS?$AA@ 10015aac     gl_warp.obj
 0003:00005acc       ??_C@_0BA@HCLD@fx?1specular?4?$DP?$DP?$DP?$AA@ 10015acc     gl_warp.obj
 0003:00005adc       ??_C@_0N@OLHP@env?1?$CFs?$CFs?4pcx?$AA@ 10015adc     gl_warp.obj
 0003:00005aec       ??_C@_0CF@DGAI@GLimp_CreateWindow?3?5InitGL?$CI?$CJ?5fai@ 10015aec     glw_imp.obj
 0003:00005b14       ??_C@_04LDCD@?5ok?6?$AA@   10015b14     glw_imp.obj
 0003:00005b1c       ??_C@_0BK@GIGP@?4?4?4setting?5windowed?5mode?6?$AA@ 10015b1c     glw_imp.obj
 0003:00005b38       ??_C@_08MIMI@?5failed?6?$AA@ 10015b38     glw_imp.obj
 0003:00005b44       ??_C@_0CH@FLII@?4?4?4calling?5CDS?5assuming?5dual?5mon@ 10015b44     glw_imp.obj
 0003:00005b6c       ??_C@_07MNBK@failed?6?$AA@ 10015b6c     glw_imp.obj
 0003:00005b74       ??_C@_03BJGB@ok?6?$AA@     10015b74     glw_imp.obj
 0003:00005b78       ??_C@_0BB@GOGC@?4?4?4calling?5CDS?3?5?$AA@ 10015b78     glw_imp.obj
 0003:00005b8c       ??_C@_0CG@DLHK@?4?4?4using?5desktop?5display?5depth?5o@ 10015b8c     glw_imp.obj
 0003:00005bb4       ??_C@_0BJ@HJFI@?4?4?4using?5bitdepth?5of?5?$CFd?6?$AA@ 10015bb4     glw_imp.obj
 0003:00005bd0       ??_C@_0BK@NIFM@?4?4?4attempting?5fullscreen?6?$AA@ 10015bd0     glw_imp.obj
 0003:00005bec       ??_C@_0L@KBPO@?5?$CFd?5?$CFd?5?$CFs?6?$AA@ 10015bec     glw_imp.obj
 0003:00005bf8       ??_C@_01FJFF@W?$AA@        10015bf8     glw_imp.obj
 0003:00005bfc       ??_C@_02COFD@FS?$AA@       10015bfc     glw_imp.obj
 0003:00005c00       ??_C@_0P@MBPJ@?5invalid?5mode?6?$AA@ 10015c00     glw_imp.obj
 0003:00005c10       ??_C@_0BE@GOGB@?4?4?4setting?5mode?5?$CFd?3?$AA@ 10015c10     glw_imp.obj
 0003:00005c24       ??_C@_0BN@OHDF@Initializing?5OpenGL?5display?6?$AA@ 10015c24     glw_imp.obj
 0003:00005c44       ??_C@_0CD@BAPN@GLimp_Init?$CI?$CJ?3?5GetVersionEx?5faile@ 10015c44     glw_imp.obj
 0003:00005c68       ??_C@_0L@PAH@GAMMA?3?5?$CFs?6?$AA@ 10015c68     glw_imp.obj
 0003:00005c74       ??_C@_08LLFG@software?$AA@ 10015c74     glw_imp.obj
 0003:00005c80       ??_C@_08DNLP@hardware?$AA@ 10015c80     glw_imp.obj
 0003:00005c8c       ??_C@_0BD@PLGO@?4?4?4GetDC?$CI?$CJ?5failed?6?$AA@ 10015c8c     glw_imp.obj
 0003:00005ca0       ??_C@_0BH@DCFE@?4?4?4non?9NULL?5DC?5exists?6?$AA@ 10015ca0     glw_imp.obj
 0003:00005cb8       ??_C@_0CB@BECD@?4?4?4DestoryGLcontext?$CI?$CJ?5failed?4?4?4?6@ 10015cb8     glw_imp.obj
 0003:00005cdc       ??_C@_0CB@MDFO@?4?4?4DeactivateGLcontext?$CI?$CJ?5failed?6@ 10015cdc     glw_imp.obj
 0003:00005d00       ??_C@_0CC@HECM@GL?5PFD?3?5color?$CI?$CFd?9bits?$CJ?5Z?$CI?$CFd?9bit?$CJ@ 10015d00     glw_imp.obj
 0003:00005d24       ??_C@_0CG@KCEF@?4?4?4no?5hardware?5acceleration?5dete@ 10015d24     glw_imp.obj
 0003:00005d4c       ??_C@_0M@OLMH@gdi?5generic?$AA@ 10015d4c     glw_imp.obj
 0003:00005d58       ??_C@_0CG@FAPB@GLimp_Init?$CI?$CJ?5?9?5SetPixelFormat?5fa@ 10015d58     glw_imp.obj
 0003:00005d80       ??_C@_0CJ@JNOB@GLimp_Init?$CI?$CJ?5?9?5ChoosePixelFormat@ 10015d80     glw_imp.obj
 0003:00005dac       ??_C@_0CK@DGCM@GLimp_Init?$CI?$CJ?5?9?5qwglSetPixelForma@ 10015dac     glw_imp.obj
 0003:00005dd8       ??_C@_0CN@INPE@GLimp_Init?$CI?$CJ?5?9?5qwglChoosePixelFo@ 10015dd8     glw_imp.obj
 0003:00005e08       ??_C@_0BN@GJHJ@?4?4?4CreateGLcontext?$CI?$CJ?5failed?6?$AA@ 10015e08     glw_imp.obj
 0003:00005e28       ??_C@_0BP@CPAP@?4?4?4ActivateGLcontext?$CI?$CJ?5failed?6?$AA@ 10015e28     glw_imp.obj
 0003:00005e48       ??_C@_0BF@MKFF@?4?4?4ReleaseDC?5failed?6?$AA@ 10015e48     glw_imp.obj
 0003:00005e60       ??_C@_0BI@DDJC@?4?4?4performing?5shutdown?6?$AA@ 10015e60     glw_imp.obj
 0003:00005e78       ??_C@_0CK@PHLH@GLimp_EndFrame?$CI?$CJ?5?9?5SwapBuffers?$CI?$CJ@ 10015e78     glw_imp.obj
 0003:00005ea4       ??_C@_0P@BDAP@SwapBuffers?$CI?$CJ?6?$AA@ 10015ea4     glw_imp.obj
 0003:00005eb4       ??_C@_0BC@BACP@GLimp_EndFrame?$CI?$CJ?6?$AA@ 10015eb4     glw_imp.obj
 0003:00005ec8       ??_C@_0DA@ELCL@gl_bitdepth?5requires?5Win95?5OSR2?4@ 10015ec8     glw_imp.obj
 0003:00005ef8       ??_C@_0BE@KPKB@GLimp_BeginFrame?$CI?$CJ?6?$AA@ 10015ef8     glw_imp.obj
 0003:00005f0c       ??_C@_0DA@DOBA@Com_sprintf?3?5overflow?5?$CFd?5?$DO?5?$CFd?5?$CIc@ 10015f0c     q_shared2.obj
 0003:000061e0       ??_C@_0BF@NADO@WGL_EXT_swap_control?$AA@ 100161e0     qgl_win.obj
 0003:000061f8       ??_C@_0BN@MLLO@GL_EXT_compiled_vertex_array?$AA@ 100161f8     qgl_win.obj
 0003:00006218       ??_C@_0BE@EHGK@GL_ARB_multitexture?$AA@ 10016218     qgl_win.obj
 0003:0000622c       ??_C@_0BF@IIHM@GL_SGIS_multitexture?$AA@ 1001622c     qgl_win.obj
 0003:00006244       ??_C@_0BD@LGGF@wglSwapIntervalEXT?$AA@ 10016244     qgl_win.obj
 0003:00006258       ??_C@_0BC@MMDJ@glUnlockArraysEXT?$AA@ 10016258     qgl_win.obj
 0003:0000626c       ??_C@_0BA@NLCH@glLockArraysEXT?$AA@ 1001626c     qgl_win.obj
 0003:0000627c       ??_C@_0BF@HBBL@glMultiTexCoord2fARB?$AA@ 1001627c     qgl_win.obj
 0003:00006294       ??_C@_0BD@IJD@glActiveTextureARB?$AA@ 10016294     qgl_win.obj
 0003:000062a8       ??_C@_0BG@OAHA@glMultiTexCoord2fSGIS?$AA@ 100162a8     qgl_win.obj
 0003:000062c0       ??_C@_0BE@LEFG@glSelectTextureSGIS?$AA@ 100162c0     qgl_win.obj
 0003:000062d4       ??_C@_0P@NFHG@wglMakeCurrent?$AA@ 100162d4     qgl_win.obj
 0003:000062e4       ??_C@_0BC@HKHL@wglGetProcAddress?$AA@ 100162e4     qgl_win.obj
 0003:000062f8       ??_C@_0BB@IOBP@wglDeleteContext?$AA@ 100162f8     qgl_win.obj
 0003:0000630c       ??_C@_0BB@GGNL@wglCreateContext?$AA@ 1001630c     qgl_win.obj
 0003:00006320       ??_C@_0P@EKFP@wglSwapBuffers?$AA@ 10016320     qgl_win.obj
 0003:00006330       ??_C@_0BC@PJLC@wglSetPixelFormat?$AA@ 10016330     qgl_win.obj
 0003:00006344       ??_C@_0BH@IJMD@wglDescribePixelFormat?$AA@ 10016344     qgl_win.obj
 0003:0000635c       ??_C@_0BF@HPKH@wglChoosePixelFormat?$AA@ 1001635c     qgl_win.obj
 0003:00006374       ??_C@_0L@INIC@glViewport?$AA@ 10016374     qgl_win.obj
 0003:00006380       ??_C@_0BA@OGPO@glVertexPointer?$AA@ 10016380     qgl_win.obj
 0003:00006390       ??_C@_0M@PAAJ@glVertex3fv?$AA@ 10016390     qgl_win.obj
 0003:0000639c       ??_C@_0L@CLBF@glVertex3f?$AA@ 1001639c     qgl_win.obj
 0003:000063a8       ??_C@_0L@DNLP@glVertex2f?$AA@ 100163a8     qgl_win.obj
 0003:000063b4       ??_C@_0N@NKAJ@glTranslatef?$AA@ 100163b4     qgl_win.obj
 0003:000063c4       ??_C@_0BA@KFAN@glTexSubImage2D?$AA@ 100163c4     qgl_win.obj
 0003:000063d4       ??_C@_0BA@CLDA@glTexParameterf?$AA@ 100163d4     qgl_win.obj
 0003:000063e4       ??_C@_0N@IAMC@glTexImage2D?$AA@ 100163e4     qgl_win.obj
 0003:000063f4       ??_C@_09CIAL@glTexEnvi?$AA@ 100163f4     qgl_win.obj
 0003:00006400       ??_C@_0L@IHAL@glTexEnvfv?$AA@ 10016400     qgl_win.obj
 0003:0000640c       ??_C@_09CJFG@glTexEnvf?$AA@ 1001640c     qgl_win.obj
 0003:00006418       ??_C@_0BC@EKAK@glTexCoordPointer?$AA@ 10016418     qgl_win.obj
 0003:0000642c       ??_C@_0N@PDBC@glTexCoord2f?$AA@ 1001642c     qgl_win.obj
 0003:0000643c       ??_C@_0N@LIFO@glShadeModel?$AA@ 1001643c     qgl_win.obj
 0003:0000644c       ??_C@_09HOGJ@glScissor?$AA@ 1001644c     qgl_win.obj
 0003:00006458       ??_C@_08NBED@glScalef?$AA@ 10016458     qgl_win.obj
 0003:00006464       ??_C@_09LCHL@glRotatef?$AA@ 10016464     qgl_win.obj
 0003:00006470       ??_C@_0N@LBPG@glReadPixels?$AA@ 10016470     qgl_win.obj
 0003:00006480       ??_C@_0N@KEGE@glPushMatrix?$AA@ 10016480     qgl_win.obj
 0003:00006490       ??_C@_0M@LACG@glPopMatrix?$AA@ 10016490     qgl_win.obj
 0003:0000649c       ??_C@_0O@FGKK@glPolygonMode?$AA@ 1001649c     qgl_win.obj
 0003:000064ac       ??_C@_07ICOP@glOrtho?$AA@  100164ac     qgl_win.obj
 0003:000064b4       ??_C@_0N@JNJF@glMatrixMode?$AA@ 100164b4     qgl_win.obj
 0003:000064c4       ??_C@_0O@KDCF@glLoadMatrixf?$AA@ 100164c4     qgl_win.obj
 0003:000064d4       ??_C@_0P@MLMG@glLoadIdentity?$AA@ 100164d4     qgl_win.obj
 0003:000064e4       ??_C@_0M@EJHF@glGetString?$AA@ 100164e4     qgl_win.obj
 0003:000064f0       ??_C@_0O@PMHI@glGetIntegerv?$AA@ 100164f0     qgl_win.obj
 0003:00006500       ??_C@_0M@HNHJ@glGetFloatv?$AA@ 10016500     qgl_win.obj
 0003:0000650c       ??_C@_0L@INBB@glGetError?$AA@ 1001650c     qgl_win.obj
 0003:00006518       ??_C@_09KLFM@glFrustum?$AA@ 10016518     qgl_win.obj
 0003:00006524       ??_C@_07KOOO@glFogfv?$AA@  10016524     qgl_win.obj
 0003:0000652c       ??_C@_06MMBO@glFogf?$AA@   1001652c     qgl_win.obj
 0003:00006534       ??_C@_08HFPP@glFinish?$AA@ 10016534     qgl_win.obj
 0003:00006540       ??_C@_05FDNN@glEnd?$AA@    10016540     qgl_win.obj
 0003:00006548       ??_C@_0BE@JJFB@glEnableClientState?$AA@ 10016548     qgl_win.obj
 0003:0000655c       ??_C@_08PHJO@glEnable?$AA@ 1001655c     qgl_win.obj
 0003:00006568       ??_C@_0N@DBGG@glDrawBuffer?$AA@ 10016568     qgl_win.obj
 0003:00006578       ??_C@_09DADM@glDisable?$AA@ 10016578     qgl_win.obj
 0003:00006584       ??_C@_0N@OLL@glDepthRange?$AA@ 10016584     qgl_win.obj
 0003:00006594       ??_C@_0M@LIJE@glDepthMask?$AA@ 10016594     qgl_win.obj
 0003:000065a0       ??_C@_0M@FDIH@glDepthFunc?$AA@ 100165a0     qgl_win.obj
 0003:000065ac       ??_C@_0BB@OKAI@glDeleteTextures?$AA@ 100165ac     qgl_win.obj
 0003:000065c0       ??_C@_0L@LIEG@glCullFace?$AA@ 100165c0     qgl_win.obj
 0003:000065cc       ??_C@_0P@PPM@glColorPointer?$AA@ 100165cc     qgl_win.obj
 0003:000065dc       ??_C@_0M@EHCG@glColor4ubv?$AA@ 100165dc     qgl_win.obj
 0003:000065e8       ??_C@_0L@EOB@glColor4ub?$AA@ 100165e8     qgl_win.obj
 0003:000065f4       ??_C@_0L@FGJL@glColor4fv?$AA@ 100165f4     qgl_win.obj
 0003:00006600       ??_C@_09LJGG@glColor4f?$AA@ 10016600     qgl_win.obj
 0003:0000660c       ??_C@_0L@OIPK@glColor3fv?$AA@ 1001660c     qgl_win.obj
 0003:00006618       ??_C@_09NIDD@glColor3f?$AA@ 10016618     qgl_win.obj
 0003:00006624       ??_C@_0N@DFBF@glClearDepth?$AA@ 10016624     qgl_win.obj
 0003:00006634       ??_C@_0N@IALK@glClearColor?$AA@ 10016634     qgl_win.obj
 0003:00006644       ??_C@_07IOIM@glClear?$AA@  10016644     qgl_win.obj
 0003:0000664c       ??_C@_0M@PHAI@glBlendFunc?$AA@ 1001664c     qgl_win.obj
 0003:00006658       ??_C@_0O@NAMD@glBindTexture?$AA@ 10016658     qgl_win.obj
 0003:00006668       ??_C@_07GHIG@glBegin?$AA@  10016668     qgl_win.obj
 0003:00006670       ??_C@_0P@ODMD@glArrayElement?$AA@ 10016670     qgl_win.obj
 0003:00006680       ??_C@_0M@JBDJ@glAlphaFunc?$AA@ 10016680     qgl_win.obj
 0003:0000668c       ??_C@_0BA@CLML@?$CFs?5?$CIGL_?$CFs?0?5?$CFg?$CJ?6?$AA@ 1001668c     qgl_win.obj
 0003:0000669c       ??_C@_0BG@DAAF@MAX_TEXTURE_UNITS_ARB?$AA@ 1001669c     qgl_win.obj
 0003:000066b4       ??_C@_0BD@GMGA@COMPRESSED_RGB_ARB?$AA@ 100166b4     qgl_win.obj
 0003:000066c8       ??_C@_0BE@IH@COMPRESSED_RGBA_ARB?$AA@ 100166c8     qgl_win.obj
 0003:000066dc       ??_C@_03NMFM@?$DP?$DP?$DP?$AA@ 100166dc     qgl_win.obj
 0003:000066e0       ??_C@_0BK@MMII@CLIENT_ACTIVE_TEXTURE_ARB?$AA@ 100166e0     qgl_win.obj
 0003:000066fc       ??_C@_0N@NLFP@TEXTURE1_ARB?$AA@ 100166fc     qgl_win.obj
 0003:0000670c       ??_C@_0N@DLDA@TEXTURE2_ARB?$AA@ 1001670c     qgl_win.obj
 0003:0000671c       ??_C@_0N@JLBF@TEXTURE3_ARB?$AA@ 1001671c     qgl_win.obj
 0003:0000672c       ??_C@_0BD@KCJL@ACTIVE_TEXTURE_ARB?$AA@ 1001672c     qgl_win.obj
 0003:00006740       ??_C@_0N@HLHK@TEXTURE0_ARB?$AA@ 10016740     qgl_win.obj
 0003:00006750       ??_C@_0BC@OBEG@MAX_TEXTURES_SGIS?$AA@ 10016750     qgl_win.obj
 0003:00006764       ??_C@_0O@LKHK@TEXTURE0_SGIS?$AA@ 10016764     qgl_win.obj
 0003:00006774       ??_C@_0O@CPNK@TEXTURE1_SGIS?$AA@ 10016774     qgl_win.obj
 0003:00006784       ??_C@_09NAGI@RGB4_S3TC?$AA@ 10016784     qgl_win.obj
 0003:00006790       ??_C@_0BE@JCFC@TEXTURE_COORD_ARRAY?$AA@ 10016790     qgl_win.obj
 0003:000067a4       ??_C@_07PAAL@RGB5_A1?$AA@  100167a4     qgl_win.obj
 0003:000067ac       ??_C@_05NHNA@RGBA8?$AA@    100167ac     qgl_win.obj
 0003:000067b4       ??_C@_0N@HGH@VERTEX_ARRAY?$AA@ 100167b4     qgl_win.obj
 0003:000067c4       ??_C@_0M@EMKC@COLOR_ARRAY?$AA@ 100167c4     qgl_win.obj
 0003:000067d0       ??_C@_05CJDE@RGBA4?$AA@    100167d0     qgl_win.obj
 0003:000067d8       ??_C@_05IKJL@CLAMP?$AA@    100167d8     qgl_win.obj
 0003:000067e0       ??_C@_06LEAO@REPEAT?$AA@   100167e0     qgl_win.obj
 0003:000067e8       ??_C@_04MGA@RGB5?$AA@      100167e8     qgl_win.obj
 0003:000067f0       ??_C@_04FIBD@RGB8?$AA@     100167f0     qgl_win.obj
 0003:000067f8       ??_C@_0P@FPDA@TEXTURE_WRAP_T?$AA@ 100167f8     qgl_win.obj
 0003:00006808       ??_C@_0BF@IDPG@LINEAR_MIPMAP_LINEAR?$AA@ 10016808     qgl_win.obj
 0003:00006820       ??_C@_0BD@GPCO@TEXTURE_MAG_FILTER?$AA@ 10016820     qgl_win.obj
 0003:00006834       ??_C@_0BD@HEDF@TEXTURE_MIN_FILTER?$AA@ 10016834     qgl_win.obj
 0003:00006848       ??_C@_0P@KNF@TEXTURE_WRAP_S?$AA@ 10016848     qgl_win.obj
 0003:00006858       ??_C@_0BG@KLGC@NEAREST_MIPMAP_LINEAR?$AA@ 10016858     qgl_win.obj
 0003:00006870       ??_C@_07LNBJ@NEAREST?$AA@  10016870     qgl_win.obj
 0003:00006878       ??_C@_06OAFN@LINEAR?$AA@   10016878     qgl_win.obj
 0003:00006880       ??_C@_0BH@PDFC@NEAREST_MIPMAP_NEAREST?$AA@ 10016880     qgl_win.obj
 0003:00006898       ??_C@_0BG@NGHK@LINEAR_MIPMAP_NEAREST?$AA@ 10016898     qgl_win.obj
 0003:000068b0       ??_C@_0M@NBKK@TEXTURE_ENV?$AA@ 100168b0     qgl_win.obj
 0003:000068bc       ??_C@_08CMBM@MODULATE?$AA@ 100168bc     qgl_win.obj
 0003:000068c8       ??_C@_05PJOE@DECAL?$AA@    100168c8     qgl_win.obj
 0003:000068d0       ??_C@_0BB@NLLP@TEXTURE_ENV_MODE?$AA@ 100168d0     qgl_win.obj
 0003:000068e4       ??_C@_0BC@DLAE@TEXTURE_ENV_COLOR?$AA@ 100168e4     qgl_win.obj
 0003:000068f8       ??_C@_07LJIB@REPLACE?$AA@  100168f8     qgl_win.obj
 0003:00006900       ??_C@_0L@OBAA@PROJECTION?$AA@ 10016900     qgl_win.obj
 0003:0000690c       ??_C@_07DFFE@TEXTURE?$AA@  1001690c     qgl_win.obj
 0003:00006914       ??_C@_04GBFB@LINE?$AA@     10016914     qgl_win.obj
 0003:0000691c       ??_C@_04NCBP@FILL?$AA@     1001691c     qgl_win.obj
 0003:00006924       ??_C@_09ODHH@MODELVIEW?$AA@ 10016924     qgl_win.obj
 0003:00006930       ??_C@_03IJOL@INT?$AA@      10016930     qgl_win.obj
 0003:00006934       ??_C@_0N@JHEK@UNSIGNED_INT?$AA@ 10016934     qgl_win.obj
 0003:00006944       ??_C@_05JDEL@FLOAT?$AA@    10016944     qgl_win.obj
 0003:0000694c       ??_C@_06CGGE@DOUBLE?$AA@   1001694c     qgl_win.obj
 0003:00006954       ??_C@_0P@CEOH@UNSIGNED_SHORT?$AA@ 10016954     qgl_win.obj
 0003:00006964       ??_C@_0L@BNFJ@TEXTURE_2D?$AA@ 10016964     qgl_win.obj
 0003:00006970       ??_C@_04EHOP@BYTE?$AA@     10016970     qgl_win.obj
 0003:00006978       ??_C@_0O@BAPB@UNSIGNED_BYTE?$AA@ 10016978     qgl_win.obj
 0003:00006988       ??_C@_05HFLA@SHORT?$AA@    10016988     qgl_win.obj
 0003:00006990       ??_C@_05FKDH@BLEND?$AA@    10016990     qgl_win.obj
 0003:00006998       ??_C@_09MPEF@CULL_FACE?$AA@ 10016998     qgl_win.obj
 0003:000069a4       ??_C@_03OHFM@FOG?$AA@      100169a4     qgl_win.obj
 0003:000069a8       ??_C@_0L@BABM@DEPTH_TEST?$AA@ 100169a8     qgl_win.obj
 0003:000069b4       ??_C@_0L@GPNO@ALPHA_TEST?$AA@ 100169b4     qgl_win.obj
 0003:000069c0       ??_C@_0P@JON@FRONT_AND_BACK?$AA@ 100169c0     qgl_win.obj
 0003:000069d0       ??_C@_0BE@LFCA@ONE_MINUS_DST_COLOR?$AA@ 100169d0     qgl_win.obj
 0003:000069e4       ??_C@_0BD@KGEA@SRC_ALPHA_SATURATE?$AA@ 100169e4     qgl_win.obj
 0003:000069f8       ??_C@_05OHBH@FRONT?$AA@    100169f8     qgl_win.obj
 0003:00006a00       ??_C@_04FGAG@BACK?$AA@     10016a00     qgl_win.obj
 0003:00006a08       ??_C@_09FMPF@DST_COLOR?$AA@ 10016a08     qgl_win.obj
 0003:00006a14       ??_C@_09LOLG@SRC_ALPHA?$AA@ 10016a14     qgl_win.obj
 0003:00006a20       ??_C@_0BE@FHGD@ONE_MINUS_SRC_ALPHA?$AA@ 10016a20     qgl_win.obj
 0003:00006a34       ??_C@_09LNFA@DST_ALPHA?$AA@ 10016a34     qgl_win.obj
 0003:00006a40       ??_C@_0BE@FEIF@ONE_MINUS_DST_ALPHA?$AA@ 10016a40     qgl_win.obj
 0003:00006a54       ??_C@_0BE@LGMG@ONE_MINUS_SRC_COLOR?$AA@ 10016a54     qgl_win.obj
 0003:00006a68       ??_C@_08NCCF@NOTEQUAL?$AA@ 10016a68     qgl_win.obj
 0003:00006a74       ??_C@_06NENM@GEQUAL?$AA@   10016a74     qgl_win.obj
 0003:00006a7c       ??_C@_06MJBP@ALWAYS?$AA@   10016a7c     qgl_win.obj
 0003:00006a84       ??_C@_09FPBD@SRC_COLOR?$AA@ 10016a84     qgl_win.obj
 0003:00006a90       ??_C@_07HOFJ@GREATER?$AA@  10016a90     qgl_win.obj
 0003:00006a98       ??_C@_05NLLC@NEVER?$AA@    10016a98     qgl_win.obj
 0003:00006aa0       ??_C@_04HMEB@LESS?$AA@     10016aa0     qgl_win.obj
 0003:00006aa8       ??_C@_05FELF@EQUAL?$AA@    10016aa8     qgl_win.obj
 0003:00006ab0       ??_C@_06MHDN@LEQUAL?$AA@   10016ab0     qgl_win.obj
 0003:00006ab8       ??_C@_03CICP@ADD?$AA@      10016ab8     qgl_win.obj
 0003:00006abc       ??_C@_03GGHL@ONE?$AA@      10016abc     qgl_win.obj
 0003:00006ac0       ??_C@_04LHLC@ZERO?$AA@     10016ac0     qgl_win.obj
 0003:00006ac8       ??_C@_07KMLC@POLYGON?$AA@  10016ac8     qgl_win.obj
 0003:00006ad0       ??_C@_0L@KPMO@QUAD_STRIP?$AA@ 10016ad0     qgl_win.obj
 0003:00006adc       ??_C@_05MOCA@QUADS?$AA@    10016adc     qgl_win.obj
 0003:00006ae4       ??_C@_0N@LKDL@TRIANGLE_FAN?$AA@ 10016ae4     qgl_win.obj
 0003:00006af4       ??_C@_0P@GLMF@TRIANGLE_STRIP?$AA@ 10016af4     qgl_win.obj
 0003:00006b04       ??_C@_09IKDC@TRIANGLES?$AA@ 10016b04     qgl_win.obj
 0003:00006b10       ??_C@_0L@DFPI@LINE_STRIP?$AA@ 10016b10     qgl_win.obj
 0003:00006b1c       ??_C@_09EOOC@LINE_LOOP?$AA@ 10016b1c     qgl_win.obj
 0003:00006b28       ??_C@_08NDLN@?$CFs?5?$CI?$CFd?$CJ?6?$AA@ 10016b28     qgl_win.obj
 0003:00006b34       ??_C@_0M@JAMH@?$CFs?5?$CIGL_?$CFs?$CJ?6?$AA@ 10016b34     qgl_win.obj
 0003:00006b40       ??_C@_0BA@NNPA@?$CFs?5?$CIGL_?$CFs?0?5?$CFd?$CJ?6?$AA@ 10016b40     qgl_win.obj
 0003:00006b50       ??_C@_0BD@LHJN@?$CFs?5?$CIGL_?$CFs?0?5GL_?$CFs?$CJ?6?$AA@ 10016b50     qgl_win.obj
 0003:00006b64       ??_C@_03HHKO@?$CFs?6?$AA@  10016b64     qgl_win.obj
 0003:00006b68       ??_C@_0BF@PLKJ@?$CFs?5?$CI?$CFg?0?5?$CFg?0?5?$CFg?0?5?$CFg?$CJ?6?$AA@ 10016b68     qgl_win.obj
 0003:00006b80       ??_C@_08CFIG@?$CFs?5?$CI?$CFg?$CJ?6?$AA@ 10016b80     qgl_win.obj
 0003:00006b8c       ??_C@_0BB@NPFI@?$CFs?5?$CI?$CFg?0?5?$CFg?0?5?$CFg?$CJ?6?$AA@ 10016b8c     qgl_win.obj
 0003:00006ba0       ??_C@_0BF@GFM@?$CFs?5?$CI?$CFd?0?5?$CFd?0?5?$CFd?0?5?$CFd?$CJ?6?$AA@ 10016ba0     qgl_win.obj
 0003:00006bb8       ??_C@_0BJ@MPOB@?$CFs?5?$CI?$CFd?0?5GL_?$CFs?0?5?$CFd?0?5$?$CFX?$CJ?6?$AA@ 10016bb8     qgl_win.obj
 0003:00006bd4       ??_C@_0O@JIGC@?$CFs?5?$CI?$CFd?0?5$?$CFX?$CJ?6?$AA@ 10016bd4     qgl_win.obj
 0003:00006be4       ??_C@_0N@CNFJ@?$CFs?5?$CI?$CFg?0?5?$CFg?$CJ?6?$AA@ 10016be4     qgl_win.obj
 0003:00006bf4       ??_C@_0BB@PLBH@?$CFs?5?$CIGL_?$CFs?0?5$?$CFX?$CJ?6?$AA@ 10016bf4     qgl_win.obj
 0003:00006c08       ??_C@_0BN@BCG@?$CFs?5?$CI?$CFg?0?5?$CFg?0?5?$CFg?0?5?$CFg?0?5?$CFg?0?5?$CFg?$CJ?6?$AA@ 10016c08     qgl_win.obj
 0003:00006c28       ??_C@_0CI@ENE@?$CFs?5?$CI?$CFd?0?5?$CFd?0?5?$CFd?0?5?$CFd?0?5GL_?$CFs?0?5GL_?$CFs@ 10016c28     qgl_win.obj
 0003:00006c50       ??_C@_0BH@GDNB@?$CFs?5?$CIGL_?$CFs?0?5GL_?$CFs?0?5?$CFg?$CJ?6?$AA@ 10016c50     qgl_win.obj
 0003:00006c68       ??_C@_0BI@GBFP@?$CFs?5?$CIGL_?$CFs?0?5GL_?$CFs?0?5$?$CFX?$CJ?6?$AA@ 10016c68     qgl_win.obj
 0003:00006c80       ??_C@_0BK@DNBE@?$CFs?5?$CIGL_?$CFs?0?5GL_?$CFs?0?5GL_?$CFs?$CJ?6?$AA@ 10016c80     qgl_win.obj
 0003:00006c9c       ??_C@_0DD@PHF@?$CFs?5?$CIGL_?$CFs?0?5?$CFd?0?5?$CFd?0?5?$CFd?0?5?$CFd?0?5?$CFd?0?5G@ 10016c9c     qgl_win.obj
 0003:00006cd0       ??_C@_0BE@KIHO@?$CFs?5?$CIGL_?$CFs?0?5?$CFg?0?5?$CFg?$CJ?6?$AA@ 10016cd0     qgl_win.obj
 0003:00006ce4       ??_C@_0N@KINM@?$CFs?5?$CI?$CFd?0?5?$CFd?$CJ?6?$AA@ 10016ce4     qgl_win.obj
 0003:00006cf4       ??_C@_0BA@CFPH@QGL_Shutdown?$CI?$CJ?6?$AA@ 10016cf4     qgl_win.obj
 0003:00006d04       ??_C@_0EF@GBON@QGL_Init?3?5inconsistent?5OpenGL?5li@ 10016d04     qgl_win.obj
 0003:00006d4c       ??_C@_0CD@JMON@QGL_Init?3?5LoadLibrary?5?$CI?$CFs?$CJ?5faile@ 10016d4c     qgl_win.obj
 0003:00006d70       ??_C@_01BJG@?6?$AA@        10016d70     qgl_win.obj
 0003:00006d74       ??_C@_0BI@ECOL@?5?5?5?$CFs?5is?5covered?5by?5?$CFs?6?$AA@ 10016d74     qgl_win.obj
 0003:00006d8c       ??_C@_0BL@ELJI@?4?4?4undetected?5extensions?3?6?$AA@ 10016d8c     qgl_win.obj
 0003:00006da8       ??_C@_08MJAO@?$FO6?5?5?5?$CFs?6?$AA@ 10016da8     qgl_win.obj
 0003:00006db4       ??_C@_0BL@HBLH@?$FO6?4?4?4disabled?5extensions?3?6?$AA@ 10016db4     qgl_win.obj
 0003:00006dd0       ??_C@_0BM@LPPM@?4?4?4no?5extensions?5was?5found?6?$AA@ 10016dd0     qgl_win.obj
 0003:00006dec       ??_C@_06GNEC@?5?5?5?$CFs?6?$AA@ 10016dec     qgl_win.obj
 0003:00006df4       ??_C@_0CB@IAKB@?5?5?5?$CFs?5deprecated?5in?5favor?5of?5?$CFs?6@ 10016df4     qgl_win.obj
 0003:00006e18       ??_C@_0BF@IGJL@?4?4?4used?5extensions?3?6?$AA@ 10016e18     qgl_win.obj
 0003:00006e30       ??_C@_0BE@LAAD@?$CFs?5required?5for?5?$CFs?6?$AA@ 10016e30     qgl_win.obj
 0003:00006e44       ??_C@_0DG@MIOL@Inconsistent?5extension?5?$CFs?5?9?5func@ 10016e44     qgl_win.obj
 0003:00006e7c       ??_C@_0DG@BHLE@?6?9?9?9?9?9?9?9?9?9?9?9?9?9?9?9?9?9?9?9?9?9?9?9?9?6?$CFs?9?9?9?9@ 10016e7c     qgl_win.obj
 0003:00006eb4       ??_C@_09EIMA@?$CFs?1gl?4log?$AA@ 10016eb4     qgl_win.obj
 0003:00006ec0       ??_C@_02JALM@a?$CL?$AA@    10016ec0     qgl_win.obj
 0003:0007cfe8       ??_C@_00A@?$AA@            1008cfe8     gl_rmain.obj
 0003:000c3a6c       _vec3_origin               100d3a6c     q_shared2.obj
 0003:000c3bc0       _qgl                       100d3bc0     <common>
 0003:000c3d00       _glw_state                 100d3d00     <common>
 0003:000c3d20       _skyaxis                   100d3d20     <common>
 0003:000c3d2c       _skyrotate                 100d3d2c     <common>
 0003:000c3d30       _reflect_img               100d3d30     <common>
 0003:000c3d40       _sky_images                100d3d40     <common>
 0003:000c3d60       _r_turbsin                 100d3d60     <common>
 0003:000c4160       _skymaxs                   100d4160     <common>
 0003:000c41a0       _skyname                   100d41a0     <common>
 0003:000c41e0       _warpface                  100d41e0     <common>
 0003:000c4200       _skymins                   100d4200     <common>
 0003:000c4230       _sky_max                   100d4230     <common>
 0003:000c4234       _sky_min                   100d4234     <common>
 0003:000c4238       _c_sky                     100d4238     <common>
 0003:000c4240       _gl_textbuf                100d4240     <common>
 0003:000d4240       _gl_textbuf_count          100e4240     <common>
 0003:000d4244       _gl_last_rec               100e4244     <common>
 0003:000d4248       _gl_textbuf_pos            100e4248     <common>
 0003:000d424c       _c_visibleleafs            100e424c     <common>
 0003:000d4250       _r_alpha_surfaces          100e4250     <common>
 0003:000d4254       _c_visible_textures        100e4254     <common>
 0003:000d4258       _c_visible_lightmaps       100e4258     <common>
 0003:000d425c       _c_leafsinfrustum          100e425c     <common>
 0003:000d4260       _gl_screenshotFlags        100e4260     <common>
 0003:000d4264       _gl_screenshotName         100e4264     <common>
 0003:000d4268       _gl_lockpvs                100e4268     <common>
 0003:000d4280       _gl_speeds                 100e4280     <common>
 0003:000d429c       _r_norefresh               100e429c     <common>
 0003:000d42a0       _vid_ref                   100e42a0     <common>
 0003:000d42c0       _gl_config                 100e42c0     <common>
 0003:000d49ec       _r_oldviewcluster2         100e49ec     <common>
 0003:000d49f0       _gl_drawbuffer             100e49f0     <common>
 0003:000d49f4       _r_notexture               100e49f4     <common>
 0003:000d49f8       _gl_monolightmap           100e49f8     <common>
 0003:000d49fc       _r_worldmodel              100e49fc     <common>
 0003:000d4a00       _r_ignorehwgamma           100e4a00     <common>
 0003:000d4a04       _gl_showtris               100e4a04     <common>
 0003:000d4a08       _currentmodel              100e4a08     <common>
 0003:000d4a0c       _gl_winrefl                100e4a0c     <common>
 0003:000d4a10       _gl_vertex_arrays          100e4a10     <common>
 0003:000d4a14       _gl_texturealphamode       100e4a14     <common>
 0003:000d4a18       _r_speeds                  100e4a18     <common>
 0003:000d4a1c       _gl_clear                  100e4a1c     <common>
 0003:000d4a20       _gl_picmip                 100e4a20     <common>
 0003:000d4a40       _r_rawpalette              100e4a40     <common>
 0003:000d4e40       _v_blend                   100e4e40     <common>
 0003:000d4e50       _gl_allow_software         100e4e50     <common>
 0003:000d4e54       _gl_bitdepth               100e4e54     <common>
 0003:000d4e58       _gl_cull                   100e4e58     <common>
 0003:000d4e5c       _r_lightmap                100e4e5c     <common>
 0003:000d4e60       _gl_nobind                 100e4e60     <common>
 0003:000d4e64       _gl_nosubimage             100e4e64     <common>
 0003:000d4e80       _r_newrefdef               100e4e80     <common>
 0003:000d4ee8       _r_oldviewcluster          100e4ee8     <common>
 0003:000d4ef0       _vid                       100e4ef0     <common>
 0003:000d4ef8       _gl_skymip                 100e4ef8     <common>
 0003:000d4efc       _gl_texturesolidmode       100e4efc     <common>
 0003:000d4f00       _vpn                       100e4f00     <common>
 0003:000d4f0c       _gl_modulate               100e4f0c     <common>
 0003:000d4f10       _r_framecount              100e4f10     <common>
 0003:000d4f20       _vup                       100e4f20     <common>
 0003:000d4f2c       _c_brush_polys             100e4f2c     <common>
 0003:000d4f30       _gl_flashblend             100e4f30     <common>
 0003:000d4f34       _r_lefthand                100e4f34     <common>
 0003:000d4f38       _gl_saturatelighting       100e4f38     <common>
 0003:000d4f3c       _gl_frustumCull            100e4f3c     <common>
 0003:000d4f40       _r_viewcluster2            100e4f40     <common>
 0003:000d4f44       _gl_logFile                100e4f44     <common>
 0003:000d4f48       _gl_texturemode            100e4f48     <common>
 0003:000d4f60       _ri                        100e4f60     <common>
 0003:000d5058       _gl_dynamic                100e5058     <common>
 0003:000d505c       _gldepthmin                100e505c     <common>
 0003:000d5060       _gl_round_down             100e5060     <common>
 0003:000d5064       _r_viewcluster             100e5064     <common>
 0003:000d5068       _gldepthmax                100e5068     <common>
 0003:000d506c       _gl_swapinterval           100e506c     <common>
 0003:000d5080       _frustum                   100e5080     <common>
 0003:000d50d0       _gl_zmax                   100e50d0     <common>
 0003:000d50d4       _r_visframecount           100e50d4     <common>
 0003:000d50d8       _r_novis                   100e50d8     <common>
 0003:000d50dc       _gl_shadows                100e50dc     <common>
 0003:000d50e0       _gl_playermip              100e50e0     <common>
 0003:000d50e4       _gl_3dlabs_broken          100e50e4     <common>
 0003:000d50e8       _r_gamma                   100e50e8     <common>
 0003:000d50ec       _gl_dlightBacks            100e50ec     <common>
 0003:000d50f0       _r_origin                  100e50f0     <common>
 0003:000d50fc       _currententity             100e50fc     <common>
 0003:000d5100       _r_world_matrix            100e5100     <common>
 0003:000d5140       _vright                    100e5140     <common>
 0003:000d514c       _r_contrast                100e514c     <common>
 0003:000d5150       _gl_mode                   100e5150     <common>
 0003:000d5154       _r_lerpmodels              100e5154     <common>
 0003:000d5158       _gl_driver                 100e5158     <common>
 0003:000d515c       _r_brightness              100e515c     <common>
 0003:000d5160       _r_fullscreen              100e5160     <common>
 0003:000d5164       _r_drawentities            100e5164     <common>
 0003:000d5168       _gl_ztrick                 100e5168     <common>
 0003:000d516c       _gl_lightlevel             100e516c     <common>
 0003:000d5170       _c_alias_polys             100e5170     <common>
 0003:000d5174       _gl_polyblend              100e5174     <common>
 0003:000d5178       _r_particletexture         100e5178     <common>
 0003:000d517c       _r_fullbright              100e517c     <common>
 0003:000d5180       _r_drawworld               100e5180     <common>
 0003:000d5184       _gl_finish                 100e5184     <common>
 0003:000d51a0       _gl_state                  100e51a0     <common>
 0003:000d51e0       _mod_inline                100e51e0     <common>
 0003:001041e0       _gl_mod_numknown           101141e0     <common>
 0003:001041e4       _loadmodel                 101141e4     <common>
 0003:001041e8       _modfilelen                101141e8     <common>
 0003:001041ec       _registration_sequence     101141ec     <common>
 0003:00104200       _mod_novis                 10114200     <common>
 0003:00106220       _gl_mod_known              10116220     <common>
 0003:00135220       _pointcolor                10145220     <common>
 0003:00135230       _lightspot                 10145230     <common>
 0003:0013523c       _r_dlightframecount        1014523c     <common>
 0003:00135240       _lightplane                10145240     <common>
 0003:00135260       _scrap_texels              10145260     <common>
 0003:00145280       _gltextures                10155280     <common>
 0003:00164280       _upload_height             10174280     <common>
 0003:00164284       _upload_width              10174284     <common>
 0003:00164288       _upload_format             10174288     <common>
 0003:0016428c       _numgltextures             1017428c     <common>
 0003:001642a0       _gammatable                101742a0     <common>
 0003:001643a0       _r_saturation              101743a0     <common>
 0003:001643c0       _scrap_allocated           101743c0     <common>
 0003:001647c0       _d_8to24table              101747c0     <common>
 0003:00164bc0       _scrap_uploads             10174bc0     <common>
 0003:00164bc4       _scrap_dirty               10174bc4     <common>
 0003:00164bc8       _intensity                 10174bc8     <common>
 0003:00164bcc       _draw_chars                10174bcc     <common>
 0003:00164bd0       __adjust_fdiv              10174bd0     <common>
 0003:00164bd4       ___onexitend               10174bd4     <common>
 0003:00164bd8       ___onexitbegin             10174bd8     <common>
 0003:00164bdc       __pRawDllMain              10174bdc     <common>

 entry point at        0001:0000db49

 Static symbols

 0001:0000bfb3       _logAlphaFunc@8            1000cfb3 f   qgl_win.obj
 0001:0000bff4       _EnumName                  1000cff4 f   qgl_win.obj
 0001:0000c476       _logArrayElement@4         1000d476 f   qgl_win.obj
 0001:0000c4a0       _logBegin@4                1000d4a0 f   qgl_win.obj
 0001:0000c4d0       _logBindTexture@8          1000d4d0 f   qgl_win.obj
 0001:0000c509       _logBlendFunc@8            1000d509 f   qgl_win.obj
 0001:0000c549       _logClear@4                1000d549 f   qgl_win.obj
 0001:0000c56f       _logClearColor@16          1000d56f f   qgl_win.obj
 0001:0000c5d0       _logClearDepth@8           1000d5d0 f   qgl_win.obj
 0001:0000c602       _logColor3f@12             1000d602 f   qgl_win.obj
 0001:0000c654       _logColor3fv@4             1000d654 f   qgl_win.obj
 0001:0000c67a       _logColor4f@16             1000d67a f   qgl_win.obj
 0001:0000c6db       _logColor4fv@4             1000d6db f   qgl_win.obj
 0001:0000c701       _logColor4ub@16            1000d701 f   qgl_win.obj
 0001:0000c747       _logColor4ubv@4            1000d747 f   qgl_win.obj
 0001:0000c76d       _logColorPointer@16        1000d76d f   qgl_win.obj
 0001:0000c7b2       _logCullFace@4             1000d7b2 f   qgl_win.obj
 0001:0000c7e2       _logDeleteTextures@8       1000d7e2 f   qgl_win.obj
 0001:0000c814       _logDepthFunc@4            1000d814 f   qgl_win.obj
 0001:0000c844       _logDepthMask@4            1000d844 f   qgl_win.obj
 0001:0000c870       _logDepthRange@16          1000d870 f   qgl_win.obj
 0001:0000c8b4       _logDisable@4              1000d8b4 f   qgl_win.obj
 0001:0000c8e4       _logDrawBuffer@4           1000d8e4 f   qgl_win.obj
 0001:0000c914       _logEnable@4               1000d914 f   qgl_win.obj
 0001:0000c944       _logEnableClientState@4    1000d944 f   qgl_win.obj
 0001:0000c974       _logEnd@0                  1000d974 f   qgl_win.obj
 0001:0000c993       _logFinish@0               1000d993 f   qgl_win.obj
 0001:0000c9b2       _logFogf@8                 1000d9b2 f   qgl_win.obj
 0001:0000c9f3       _logFogfv@8                1000d9f3 f   qgl_win.obj
 0001:0000ca2c       _logFrustum@48             1000da2c f   qgl_win.obj
 0001:0000cab0       _logGetError@0             1000dab0 f   qgl_win.obj
 0001:0000cacf       _logGetFloatv@8            1000dacf f   qgl_win.obj
 0001:0000caf9       _logGetIntegerv@8          1000daf9 f   qgl_win.obj
 0001:0000cb23       _logGetString@4            1000db23 f   qgl_win.obj
 0001:0000cb49       _logLoadIdentity@0         1000db49 f   qgl_win.obj
 0001:0000cb68       _logLoadMatrixf@4          1000db68 f   qgl_win.obj
 0001:0000cb8e       _logMatrixMode@4           1000db8e f   qgl_win.obj
 0001:0000cbbe       _logOrtho@48               1000dbbe f   qgl_win.obj
 0001:0000cc42       _logPolygonMode@8          1000dc42 f   qgl_win.obj
 0001:0000cc82       _logPopMatrix@0            1000dc82 f   qgl_win.obj
 0001:0000cca1       _logPushMatrix@0           1000dca1 f   qgl_win.obj
 0001:0000ccc0       _logReadPixels@28          1000dcc0 f   qgl_win.obj
 0001:0000cd1e       _logRotatef@16             1000dd1e f   qgl_win.obj
 0001:0000cd7f       _logScalef@12              1000dd7f f   qgl_win.obj
 0001:0000cdd1       _logScissor@16             1000ddd1 f   qgl_win.obj
 0001:0000ce0f       _logShadeModel@4           1000de0f f   qgl_win.obj
 0001:0000ce3f       _logTexCoord2f@8           1000de3f f   qgl_win.obj
 0001:0000ce82       _logTexCoordPointer@16     1000de82 f   qgl_win.obj
 0001:0000cec7       _logTexEnvf@12             1000dec7 f   qgl_win.obj
 0001:0000cf15       _logTexEnvfv@12            1000df15 f   qgl_win.obj
 0001:0000cf5b       _logTexEnvi@12             1000df5b f   qgl_win.obj
 0001:0000cfa8       _logTexImage2D@36          1000dfa8 f   qgl_win.obj
 0001:0000d019       _logTexParameterf@12       1000e019 f   qgl_win.obj
 0001:0000d067       _logTexSubImage2D@36       1000e067 f   qgl_win.obj
 0001:0000d0d8       _logTranslatef@12          1000e0d8 f   qgl_win.obj
 0001:0000d12a       _logVertex2f@8             1000e12a f   qgl_win.obj
 0001:0000d16d       _logVertex3f@12            1000e16d f   qgl_win.obj
 0001:0000d1bf       _logVertex3fv@4            1000e1bf f   qgl_win.obj
 0001:0000d1e5       _logVertexPointer@16       1000e1e5 f   qgl_win.obj
 0001:0000d22a       _logViewport@16            1000e22a f   qgl_win.obj
 0001:0000d268       _logwglChoosePixelFormat@8 1000e268 f   qgl_win.obj
 0001:0000d292       _logwglDescribePixelFormat@16 1000e292 f   qgl_win.obj
 0001:0000d2c4       _logwglSetPixelFormat@12   1000e2c4 f   qgl_win.obj
 0001:0000d2f2       _logwglSwapBuffers@4       1000e2f2 f   qgl_win.obj
 0001:0000d318       _logwglCreateContext@4     1000e318 f   qgl_win.obj
 0001:0000d33e       _logwglDeleteContext@4     1000e33e f   qgl_win.obj
 0001:0000d364       _logwglGetProcAddress@4    1000e364 f   qgl_win.obj
 0001:0000d38a       _logwglMakeCurrent@8       1000e38a f   qgl_win.obj
 0001:0000d3b4       _logSelectTextureSGIS@4    1000e3b4 f   qgl_win.obj
 0001:0000d3e4       _logMultiTexCoord2fSGIS@12 1000e3e4 f   qgl_win.obj
 0001:0000d434       _logActiveTextureARB@4     1000e434 f   qgl_win.obj
 0001:0000d464       _logMultiTexCoord2fARB@12  1000e464 f   qgl_win.obj
 0001:0000d4b4       _logLockArraysEXT@8        1000e4b4 f   qgl_win.obj
 0001:0000d4e6       _logUnlockArraysEXT@0      1000e4e6 f   qgl_win.obj
 0001:0000d505       _logwglSwapIntervalEXT@4   1000e505 f   qgl_win.obj
 0001:0000d8dd       _ExtensionSupported        1000e8dd f   qgl_win.obj
 0001:0000b28c       _ReadGamma                 1000c28c f   glw_imp.obj
 0001:0000b2ce       _GLimp_InitGL              1000c2ce f   glw_imp.obj
 0001:0000b373       _DestoryGLcontext          1000c373 f   glw_imp.obj
 0001:0000b3ae       _DeactivateGLcontext       1000c3ae f   glw_imp.obj
 0001:0000b3e2       _GLimp_SetPixelFormat      1000c3e2 f   glw_imp.obj
 0001:0000b549       _CreateGLcontext           1000c549 f   glw_imp.obj
 0001:0000b577       _ActivateGLcontext         1000c577 f   glw_imp.obj
 0001:0000b62d       _RestoreGamma              1000c62d f   glw_imp.obj
 0001:000088d4       _DrawReflectPoly           100098d4 f   gl_rsurf.obj
 0001:00008d5a       _GL_RenderLightmappedPoly  10009d5a f   gl_rsurf.obj
 0001:0000986e       _LM_UploadBlock            1000a86e f   gl_rsurf.obj
 0001:0000994c       _LM_AllocBlock             1000a94c f   gl_rsurf.obj
 0001:000077bb       _R_EndFrame                100087bb f   gl_rmain.obj
 0001:00007856       _Screenshot                10008856 f   gl_rmain.obj
 0001:00007879       _GetClientLight            10008879 f   gl_rmain.obj
 0001:00007880       _ReloadImage               10008880 f   gl_rmain.obj
 0001:00003efc       _R_CullAliasModel          10004efc f   gl_mesh.obj
