 ref_oldgl

 Timestamp is 413cb65a (Mon Sep 06 23:11:22 2004)

 Preferred load address is 10000000

 Start         Length     Name                   Class
 0001:00000000 0000dc90H .text                   CODE
 0002:00000000 000000e4H .idata$5                DATA
 0002:000000e8 00000648H .rdata                  DATA
 0002:00000730 00000050H .idata$2                DATA
 0002:00000780 00000014H .idata$3                DATA
 0002:00000794 000000e4H .idata$4                DATA
 0002:00000878 000002d0H .idata$6                DATA
 0002:00000b50 0000004aH .edata                  DATA
 0003:00000000 00000004H .CRT$XCA                DATA
 0003:00000004 00000004H .CRT$XCZ                DATA
 0003:00000008 00000004H .CRT$XIA                DATA
 0003:0000000c 00000004H .CRT$XIZ                DATA
 0003:00000010 00006ec0H .data                   DATA
 0003:00006ed0 0015dcf0H .bss                    DATA

  Address         Publics by Value              Rva+Base     Lib:Object

 0001:00000000       _Draw_InitLocal            10001000 f   gl_draw.obj
 0001:0000004d       _Draw_Char                 1000104d f   gl_draw.obj
 0001:000001a0       _Draw_CharColor            100011a0 f   gl_draw.obj
 0001:00000229       _Draw_FindPic              10001229 f   gl_draw.obj
 0001:00000256       _Draw_GetPicSize           10001256 f   gl_draw.obj
 0001:00000296       _Draw_StretchPic           10001296 f   gl_draw.obj
 0001:000003fc       _Draw_Pic                  100013fc f   gl_draw.obj
 0001:000005a2       _Draw_PicColor             100015a2 f   gl_draw.obj
 0001:00000613       _Draw_TileClear            10001613 f   gl_draw.obj
 0001:0000079a       _Draw_Fill                 1000179a f   gl_draw.obj
 0001:000008b6       _Draw_Fill2                100018b6 f   gl_draw.obj
 0001:000009c3       _Draw_StretchRaw           100019c3 f   gl_draw.obj
 0001:00000bd8       _GL_SetTexturePalette      10001bd8 f   gl_image.obj
 0001:00000bd9       _GL_EnableMultitexture     10001bd9 f   gl_image.obj
 0001:00000c31       _GL_SelectTexture          10001c31 f   gl_image.obj
 0001:00000c7b       _qglMTexCoord2f            10001c7b f   gl_image.obj
 0001:00000cd9       _GL_TexEnv                 10001cd9 f   gl_image.obj
 0001:00000d0b       _GL_Bind                   10001d0b f   gl_image.obj
 0001:00000d62       _GL_MBind                  10001d62 f   gl_image.obj
 0001:00000d84       _GL_TextureMode            10001d84 f   gl_image.obj
 0001:00000e43       _GL_TextureAlphaMode       10001e43 f   gl_image.obj
 0001:00000e8b       _GL_TextureSolidMode       10001e8b f   gl_image.obj
 0001:00000ed3       _GL_ImageList_f            10001ed3 f   gl_image.obj
 0001:00000fe6       _Scrap_AllocBlock          10001fe6 f   gl_image.obj
 0001:000010a2       _Scrap_Upload              100020a2 f   gl_image.obj
 0001:000010d2       _R_FloodFillSkin           100020d2 f   gl_image.obj
 0001:00001265       _GL_ResampleTexture        10002265 f   gl_image.obj
 0001:00001400       _GL_LightScaleTexture      10002400 f   gl_image.obj
 0001:000015bd       _GL_MipMap                 100025bd f   gl_image.obj
 0001:00001714       _GL_Upload32               10002714 f   gl_image.obj
 0001:000019d7       _GL_Upload8                100029d7 f   gl_image.obj
 0001:00001ac2       _GL_LoadPic                10002ac2 f   gl_image.obj
 0001:00001d37       _GL_LoadWal                10002d37 f   gl_image.obj
 0001:00001d96       _GL_FindImage              10002d96 f   gl_image.obj
 0001:000020d8       _R_RegisterSkin            100030d8 f   gl_image.obj
 0001:000020e6       _GL_FreeUnusedImages       100030e6 f   gl_image.obj
 0001:00002158       _Draw_GetPalette           10003158 f   gl_image.obj
 0001:000021e6       _GL_InitImages             100031e6 f   gl_image.obj
 0001:0000231a       _GL_ShutdownImages         1000331a f   gl_image.obj
 0001:00002359       _R_RenderDlight            10003359 f   gl_light.obj
 0001:00002476       _R_RenderDlights           10003476 f   gl_light.obj
 0001:0000252d       _R_MarkLights              1000352d f   gl_light.obj
 0001:000025ec       _R_PushDlights             100035ec f   gl_light.obj
 0001:00002647       _RecursiveLightPoint       10003647 f   gl_light.obj
 0001:000028f1       _R_LightPoint              100038f1 f   gl_light.obj
 0001:00002a3e       _R_AddDynamicLights        10003a3e f   gl_light.obj
 0001:00002ca6       _R_SetCacheState           10003ca6 f   gl_light.obj
 0001:00002cd1       _R_BuildLightMap           10003cd1 f   gl_light.obj
 0001:000032a4       _GL_LerpVerts              100042a4 f   gl_mesh.obj
 0001:0000342e       _GL_DrawAliasFrameLerp     1000442e f   gl_mesh.obj
 0001:00003819       _GL_DrawAliasShadow        10004819 f   gl_mesh.obj
 0001:000038bb       _R_DrawAliasModel          100048bb f   gl_mesh.obj
 0001:000041c1       _Mod_PointInLeaf           100051c1 f   gl_model.obj
 0001:00004224       _Mod_DecompressVis         10005224 f   gl_model.obj
 0001:000042a4       _Mod_ClusterPVS            100052a4 f   gl_model.obj
 0001:000042da       _Mod_Modellist_f           100052da f   gl_model.obj
 0001:0000433b       _Mod_Init                  1000533b f   gl_model.obj
 0001:00004353       _Mod_ForName               10005353 f   gl_model.obj
 0001:000045a1       _CreateSolarColor          100055a1 f   gl_model.obj
 0001:00004674       _Mod_LoadLighting          10005674 f   gl_model.obj
 0001:000048af       _Mod_LoadSubmodels         100058af f   gl_model.obj
 0001:00004942       _Mod_LoadEdges             10005942 f   gl_model.obj
 0001:00004991       _Mod_LoadTexinfo           10005991 f   gl_model.obj
 0001:00004a9e       _CalcSurfaceExtents        10005a9e f   gl_model.obj
 0001:00004be0       _Mod_LoadFaces             10005be0 f   gl_model.obj
 0001:00004d3b       _Mod_SetParent             10005d3b f   gl_model.obj
 0001:00004d60       _Mod_LoadNodes             10005d60 f   gl_model.obj
 0001:00004e5e       _Mod_LoadLeafs             10005e5e f   gl_model.obj
 0001:00004f01       _Mod_LoadMarksurfaces      10005f01 f   gl_model.obj
 0001:00004f7f       _Mod_LoadPlanes            10005f7f f   gl_model.obj
 0001:00005014       _PlaneTypeForNormal        10006014 f i gl_model.obj
 0001:00005085       _Mod_LoadBrushModel        10006085 f   gl_model.obj
 0001:00005279       _Mod_LoadAliasModel        10006279 f   gl_model.obj
 0001:00005524       _Mod_LoadSpriteModel       10006524 f   gl_model.obj
 0001:0000562b       _R_BeginRegistration       1000662b f   gl_model.obj
 0001:000056c5       _R_RegisterModel           100066c5 f   gl_model.obj
 0001:000057c2       _R_EndRegistration         100067c2 f   gl_model.obj
 0001:00005815       _Mod_FreeAll               10006815 f   gl_model.obj
 0001:0000585b       _R_CullBox                 1000685b f   gl_rmain.obj
 0001:00005896       _BOX_ON_PLANE_SIDE         10006896 f i gl_rmain.obj
 0001:0000591b       _R_RotateForEntity         1000691b f   gl_rmain.obj
 0001:0000599e       _R_DrawSpriteModel         1000699e f   gl_rmain.obj
 0001:00005ca0       _R_DrawNullModel           10006ca0 f   gl_rmain.obj
 0001:00005e33       _R_DrawEntitiesOnList      10006e33 f   gl_rmain.obj
 0001:00005f68       _GL_DrawParticles          10006f68 f   gl_rmain.obj
 0001:00006155       _R_PolyBlend               10007155 f   gl_rmain.obj
 0001:000062d5       _SignbitsForPlane          100072d5 f   gl_rmain.obj
 0001:000062ff       _R_SetFrustum              100072ff f   gl_rmain.obj
 0001:000063e9       _R_SetupFrame              100073e9 f   gl_rmain.obj
 0001:00006574       _MYgluPerspective          10007574 f   gl_rmain.obj
 0001:000065e0       _R_SetupGL                 100075e0 f   gl_rmain.obj
 0001:00006860       _R_Clear                   10007860 f   gl_rmain.obj
 0001:00006941       _R_RenderView              10007941 f   gl_rmain.obj
 0001:00006a53       _R_SetGL2D                 10007a53 f   gl_rmain.obj
 0001:00006b44       _R_SetLightLevel           10007b44 f   gl_rmain.obj
 0001:00006b9f       _R_RenderFrame             10007b9f f   gl_rmain.obj
 0001:00006bb8       _R_Register                10007bb8 f   gl_rmain.obj
 0001:00006bf9       _R_SetMode                 10007bf9 f   gl_rmain.obj
 0001:00006ce9       _R_Init                    10007ce9 f   gl_rmain.obj
 0001:0000708e       _R_Shutdown                1000808e f   gl_rmain.obj
 0001:000070c8       _R_BeginFrame              100080c8 f   gl_rmain.obj
 0001:000073df       _R_SetPalette              100083df f   gl_rmain.obj
 0001:000074aa       _R_DrawBeam                100084aa f   gl_rmain.obj
 0001:000076b5       _Draw_ConCharColor         100086b5 f   gl_rmain.obj
 0001:000076d6       _GetRefAPI                 100086d6 f   gl_rmain.obj
 0001:000078df       _CopyString                100088df f   gl_rmain.obj
 0001:00007904       _R_InitParticleTexture     10008904 f   gl_rmisc.obj
 0001:000079d3       _GL_PerformScreenshot      100089d3 f   gl_rmisc.obj
 0001:00007c08       _GL_Strings_f              10008c08 f   gl_rmisc.obj
 0001:00007c4d       _GL_SetDefaultState        10008c4d f   gl_rmisc.obj
 0001:00007da8       _GL_UpdateSwapInterval     10008da8 f   gl_rmisc.obj
 0001:00007ddd       _R_TextureAnimation        10008ddd f   gl_rsurf.obj
 0001:00007e01       _DrawGLPoly                10008e01 f   gl_rsurf.obj
 0001:00007e5d       _DrawGLFlowingPoly         10008e5d f   gl_rsurf.obj
 0001:00007ee5       _R_DrawTriangleOutlines    10008ee5 f   gl_rsurf.obj
 0001:00007fe2       _DrawGLPolyChain           10008fe2 f   gl_rsurf.obj
 0001:000080b9       _R_BlendLightmaps          100090b9 f   gl_rsurf.obj
 0001:000083bf       _R_RenderBrushPoly         100093bf f   gl_rsurf.obj
 0001:0000858e       _DrawReflectPoly3          1000958e f   gl_rsurf.obj
 0001:00008663       _R_DrawAlphaSurfaces       10009663 f   gl_rsurf.obj
 0001:00008a88       _DrawTextureChains         10009a88 f   gl_rsurf.obj
 0001:00008bb6       _R_DrawInlineBModel        10009bb6 f   gl_rsurf.obj
 0001:0000915e       _R_DrawBrushModel          1000a15e f   gl_rsurf.obj
 0001:00009378       _R_RecursiveWorldNode      1000a378 f   gl_rsurf.obj
 0001:000094ec       _DISTANCE_TO_PLANE         1000a4ec f i gl_rsurf.obj
 0001:00009534       _R_DrawWorld               1000a534 f   gl_rsurf.obj
 0001:000096b9       _R_MarkLeaves              1000a6b9 f   gl_rsurf.obj
 0001:00009a4b       _GL_BuildPolygonFromSurface 1000aa4b f   gl_rsurf.obj
 0001:00009bea       _GL_CreateSurfaceLightmap  1000abea f   gl_rsurf.obj
 0001:00009c94       _GL_BeginBuildingLightmaps 1000ac94 f   gl_rsurf.obj
 0001:00009de6       _GL_EndBuildingLightmaps   1000ade6 f   gl_rsurf.obj
 0001:00009df7       _DrawColoredText           1000adf7 f   gl_textout.obj
 0001:00009f8f       _R_DrawTexts               1000af8f f   gl_textout.obj
 0001:00009fd4       _DrawTextPos               1000afd4 f   gl_textout.obj
 0001:0000a076       _DrawTextLeft              1000b076 f   gl_textout.obj
 0001:0000a09e       _DrawTextRight             1000b09e f   gl_textout.obj
 0001:0000a0dc       _BoundPoly                 1000b0dc f   gl_warp.obj
 0001:0000a15a       _SubdividePolygon          1000b15a f   gl_warp.obj
 0001:0000a452       _GL_SubdivideSurface       1000b452 f   gl_warp.obj
 0001:0000a4e3       _EmitWaterPolys            1000b4e3 f   gl_warp.obj
 0001:0000a5d9       _DrawSkyPolygon            1000b5d9 f   gl_warp.obj
 0001:0000a7b5       _ClipSkyPolygon            1000b7b5 f   gl_warp.obj
 0001:0000a9c3       _R_AddSkySurface           1000b9c3 f   gl_warp.obj
 0001:0000aa30       _R_ClearSkyBox             1000ba30 f   gl_warp.obj
 0001:0000aa66       _MakeSkyVec                1000ba66 f   gl_warp.obj
 0001:0000ab62       _R_DrawSkyBox              1000bb62 f   gl_warp.obj
 0001:0000ad21       _R_SetSky                  1000bd21 f   gl_warp.obj
 0001:0000ae2f       _GLimp_SetMode             1000be2f f   glw_imp.obj
 0001:0000b0e4       _GLimp_HasGamma            1000c0e4 f   glw_imp.obj
 0001:0000b0f8       _GLimp_SetGamma            1000c0f8 f   glw_imp.obj
 0001:0000b27f       _GLimp_Init                1000c27f f   glw_imp.obj
 0001:0000b634       _GLimp_Shutdown            1000c634 f   glw_imp.obj
 0001:0000b6e5       _GLimp_EndFrame            1000c6e5 f   glw_imp.obj
 0001:0000b782       _GLimp_BeginFrame          1000c782 f   glw_imp.obj
 0001:0000b7d5       _GLimp_AppActivate         1000c7d5 f   glw_imp.obj
 0001:0000b859       _Q_rsqrt                   1000c859 f   q_shared2.obj
 0001:0000b889       _RotatePointAroundVector   1000c889 f   q_shared2.obj
 0001:0000b9f9       _AngleVectors              1000c9f9 f   q_shared2.obj
 0001:0000bb5a       _ProjectPointOnPlane       1000cb5a f   q_shared2.obj
 0001:0000bbd9       _PerpendicularVector       1000cbd9 f   q_shared2.obj
 0001:0000bc58       _MatrixMultiply            1000cc58 f   q_shared2.obj
 0001:0000bd3f       _BoxOnPlaneSide            1000cd3f f   q_shared2.obj
 0001:0000be62       _VectorNormalize           1000ce62 f   q_shared2.obj
 0001:0000beb6       _VectorNormalizeFast       1000ceb6 f   q_shared2.obj
 0001:0000bf07       _CrossProduct              1000cf07 f   q_shared2.obj
 0001:0000bf42       _VectorLength              1000cf42 f   q_shared2.obj
 0001:0000bf71       _VectorScale               1000cf71 f   q_shared2.obj
 0001:0000bf95       _va                        1000cf95 f   q_shared2.obj
 0001:0000bfe2       _Q_stricmp                 1000cfe2 f   q_shared2.obj
 0001:0000bff3       _Com_sprintf               1000cff3 f   q_shared2.obj
 0001:0000d5b6       _QGL_Shutdown              1000e5b6 f   qgl_win.obj
 0001:0000d5f5       _QGL_Init                  1000e5f5 f   qgl_win.obj
 0001:0000d67b       _QGL_InitExtensions        1000e67b f   qgl_win.obj
 0001:0000d9b6       _QGL_EnableLogging         1000e9b6 f   qgl_win.obj
 0001:0000da82       _QGL_LogMessage            1000ea82 f   qgl_win.obj
 0001:0000daa0       __chkstk                   1000eaa0 f   MSVCRT:chkstk.obj
 0001:0000daa0       __alloca_probe             1000eaa0 f   MSVCRT:chkstk.obj
 0001:0000dad0       __ftol                     1000ead0 f   MSVCRT:MSVCRT.dll
 0001:0000dad6       _memcpy                    1000ead6 f   MSVCRT:MSVCRT.dll
 0001:0000dadc       _strcpy                    1000eadc f   MSVCRT:MSVCRT.dll
 0001:0000dae2       _strlen                    1000eae2 f   MSVCRT:MSVCRT.dll
 0001:0000dae8       _strcmp                    1000eae8 f   MSVCRT:MSVCRT.dll
 0001:0000daee       _memset                    1000eaee f   MSVCRT:MSVCRT.dll
 0001:0000daf4       _pow                       1000eaf4 f   MSVCRT:MSVCRT.dll
 0001:0000dafa       _cos                       1000eafa f   MSVCRT:MSVCRT.dll
 0001:0000db00       _sin                       1000eb00 f   MSVCRT:MSVCRT.dll
 0001:0000db06       _fabs                      1000eb06 f   MSVCRT:MSVCRT.dll
 0001:0000db0c       _tan                       1000eb0c f   MSVCRT:MSVCRT.dll
 0001:0000db12       _strcat                    1000eb12 f   MSVCRT:MSVCRT.dll
 0001:0000db18       _sqrt                      1000eb18 f   MSVCRT:MSVCRT.dll
 0001:0000db1e       __CRT_INIT@12              1000eb1e f   MSVCRT:crtdll.obj
 0001:0000dbc9       __DllMainCRTStartup@12     1000ebc9 f   MSVCRT:crtdll.obj
 0001:0000dc66       __initterm                 1000ec66 f   MSVCRT:MSVCRT.dll
 0001:0000dc6c       _DllMain@12                1000ec6c f   MSVCRT:dllmain.obj
 0002:00000000       __imp__SetDeviceGammaRamp@8 1000f000     gdi32:GDI32.dll
 0002:00000004       __imp__GetDeviceGammaRamp@8 1000f004     gdi32:GDI32.dll
 0002:00000008       __imp__DescribePixelFormat@16 1000f008     gdi32:GDI32.dll
 0002:0000000c       __imp__SetPixelFormat@12   1000f00c     gdi32:GDI32.dll
 0002:00000010       __imp__SwapBuffers@4       1000f010     gdi32:GDI32.dll
 0002:00000014       __imp__ChoosePixelFormat@8 1000f014     gdi32:GDI32.dll
 0002:00000018       __imp__GetDeviceCaps@8     1000f018     gdi32:GDI32.dll
 0002:0000001c       \177GDI32_NULL_THUNK_DATA  1000f01c     gdi32:GDI32.dll
 0002:00000020       __imp__LoadLibraryA@4      1000f020     kernel32:KERNEL32.dll
 0002:00000024       __imp__GetVersionExA@4     1000f024     kernel32:KERNEL32.dll
 0002:00000028       __imp__GetProcAddress@8    1000f028     kernel32:KERNEL32.dll
 0002:0000002c       __imp__FreeLibrary@4       1000f02c     kernel32:KERNEL32.dll
 0002:00000030       __imp__DisableThreadLibraryCalls@4 1000f030     kernel32:KERNEL32.dll
 0002:00000034       \177KERNEL32_NULL_THUNK_DATA 1000f034     kernel32:KERNEL32.dll
 0002:00000038       __imp__malloc              1000f038     MSVCRT:MSVCRT.dll
 0002:0000003c       __imp__strlwr              1000f03c     MSVCRT:MSVCRT.dll
 0002:0000003c       __imp___strlwr             1000f03c     MSVCRT:MSVCRT.dll
 0002:00000040       __imp___adjust_fdiv        1000f040     MSVCRT:MSVCRT.dll
 0002:00000044       __imp___initterm           1000f044     MSVCRT:MSVCRT.dll
 0002:00000048       __imp___ftol               1000f048     MSVCRT:MSVCRT.dll
 0002:0000004c       __imp__memcpy              1000f04c     MSVCRT:MSVCRT.dll
 0002:00000050       __imp__strcpy              1000f050     MSVCRT:MSVCRT.dll
 0002:00000054       __imp__strlen              1000f054     MSVCRT:MSVCRT.dll
 0002:00000058       __imp__strncmp             1000f058     MSVCRT:MSVCRT.dll
 0002:0000005c       __imp__strcmp              1000f05c     MSVCRT:MSVCRT.dll
 0002:00000060       __imp__memset              1000f060     MSVCRT:MSVCRT.dll
 0002:00000064       __imp__pow                 1000f064     MSVCRT:MSVCRT.dll
 0002:00000068       __imp__cos                 1000f068     MSVCRT:MSVCRT.dll
 0002:0000006c       __imp__sin                 1000f06c     MSVCRT:MSVCRT.dll
 0002:00000070       __imp__fabs                1000f070     MSVCRT:MSVCRT.dll
 0002:00000074       __imp__strrchr             1000f074     MSVCRT:MSVCRT.dll
 0002:00000078       __imp__atoi                1000f078     MSVCRT:MSVCRT.dll
 0002:0000007c       __imp__tan                 1000f07c     MSVCRT:MSVCRT.dll
 0002:00000080       __imp__toupper             1000f080     MSVCRT:MSVCRT.dll
 0002:00000084       __imp__strstr              1000f084     MSVCRT:MSVCRT.dll
 0002:00000088       __imp__fclose              1000f088     MSVCRT:MSVCRT.dll
 0002:0000008c       __imp__fopen               1000f08c     MSVCRT:MSVCRT.dll
 0002:00000090       __imp__strcat              1000f090     MSVCRT:MSVCRT.dll
 0002:00000094       __imp__strncpy             1000f094     MSVCRT:MSVCRT.dll
 0002:00000098       __imp___winmajor           1000f098     MSVCRT:MSVCRT.dll
 0002:0000009c       __imp__sqrt                1000f09c     MSVCRT:MSVCRT.dll
 0002:000000a0       __imp___vsnprintf          1000f0a0     MSVCRT:MSVCRT.dll
 0002:000000a4       __imp__stricmp             1000f0a4     MSVCRT:MSVCRT.dll
 0002:000000a4       __imp___stricmp            1000f0a4     MSVCRT:MSVCRT.dll
 0002:000000a8       __imp__fprintf             1000f0a8     MSVCRT:MSVCRT.dll
 0002:000000ac       __imp__asctime             1000f0ac     MSVCRT:MSVCRT.dll
 0002:000000b0       __imp__localtime           1000f0b0     MSVCRT:MSVCRT.dll
 0002:000000b4       __imp__time                1000f0b4     MSVCRT:MSVCRT.dll
 0002:000000b8       __imp__free                1000f0b8     MSVCRT:MSVCRT.dll
 0002:000000bc       __imp__putenv              1000f0bc     MSVCRT:MSVCRT.dll
 0002:000000bc       __imp___putenv             1000f0bc     MSVCRT:MSVCRT.dll
 0002:000000c0       \177MSVCRT_NULL_THUNK_DATA 1000f0c0     MSVCRT:MSVCRT.dll
 0002:000000c4       __imp__SetForegroundWindow@4 1000f0c4     user32:USER32.dll
 0002:000000c8       __imp__ShowWindow@8        1000f0c8     user32:USER32.dll
 0002:000000cc       __imp__SetWindowPos@28     1000f0cc     user32:USER32.dll
 0002:000000d0       __imp__GetDesktopWindow@0  1000f0d0     user32:USER32.dll
 0002:000000d4       __imp__GetDC@4             1000f0d4     user32:USER32.dll
 0002:000000d8       __imp__ReleaseDC@8         1000f0d8     user32:USER32.dll
 0002:000000dc       __imp__ChangeDisplaySettingsA@8 1000f0dc     user32:USER32.dll
 0002:000000e0       \177USER32_NULL_THUNK_DATA 1000f0e0     user32:USER32.dll
 0002:000000e8       __real@4@400c9800000000000000 1000f0e8     gl_draw.obj
 0002:000000ec       __real@4@3ffb8000000000000000 1000f0ec     gl_draw.obj
 0002:000000f0       __real@8@3ffb8000000000000000 1000f0f0     gl_draw.obj
 0002:000000f8       __real@8@3ff98000000000000000 1000f0f8     gl_draw.obj
 0002:00000100       __real@8@3ff78080808080808000 1000f100     gl_draw.obj
 0002:00000108       __real@8@3ffeb333333333333000 1000f108     gl_draw.obj
 0002:00000110       __real@4@400c9804000000000000 1000f110     gl_draw.obj
 0002:00000114       __real@4@3ff78000000000000000 1000f114     gl_draw.obj
 0002:00000118       __real@8@3ff78000000000000000 1000f118     gl_draw.obj
 0002:00000120       _fmt_names                 1000f120     gl_image.obj
 0002:000001c0       __real@8@3ffec000000000000000 1000f1c0     gl_image.obj
 0002:000001c8       __real@8@3ffd8000000000000000 1000f1c8     gl_image.obj
 0002:000001d0       __real@8@3ffdaaaaaaaaaaaaa800 1000f1d0     gl_image.obj
 0002:000001d8       __real@4@4006ff00000000000000 1000f1d8     gl_image.obj
 0002:000001dc       __real@4@00000000000000000000 1000f1dc     gl_image.obj
 0002:000001e0       __real@8@3ffe8000000000000000 1000f1e0     gl_image.obj
 0002:000001e8       __real@8@3fff8000000000000000 1000f1e8     gl_image.obj
 0002:000001f0       __real@8@3ff8a3d70a3d70a3d800 1000f1f0     gl_image.obj
 0002:000001f8       __real@8@4006ff00000000000000 1000f1f8     gl_image.obj
 0002:00000200       __real@8@3ff78040201008040000 1000f200     gl_image.obj
 0002:00000208       __real@4@3fff8000000000000000 1000f208     gl_image.obj
 0002:00000210       __real@8@3ffdc90fdaa22168c000 1000f210     gl_light.obj
 0002:00000218       __real@8@3ffcccccccccccccd000 1000f218     gl_light.obj
 0002:00000220       __real@8@3ffdb333333333333000 1000f220     gl_light.obj
 0002:00000228       __real@4@40048000000000000000 1000f228     gl_light.obj
 0002:0000022c       __real@4@3ff88000000000000000 1000f22c     gl_light.obj
 0002:00000230       __real@4@3ff78080808080808000 1000f230     gl_light.obj
 0002:00000234       __real@4@bfff8000000000000000 1000f234     gl_light.obj
 0002:00000238       __real@4@400a8000000000000000 1000f238     gl_light.obj
 0002:0000023c       __real@4@40038000000000000000 1000f23c     gl_light.obj
 0002:00000240       __real@8@40088000000000000000 1000f240     gl_light.obj
 0002:00000248       __real@4@4002c000000000000000 1000f248     gl_light.obj
 0002:0000024c       __real@4@40028000000000000000 1000f24c     gl_light.obj
 0002:00000250       __real@4@40018000000000000000 1000f250     gl_mesh.obj
 0002:00000254       __real@4@3ffe8000000000000000 1000f254     gl_mesh.obj
 0002:00000258       __real@8@40018000000000000000 1000f258     gl_mesh.obj
 0002:00000260       __real@8@400b8000000000000000 1000f260     gl_mesh.obj
 0002:00000268       __real@8@3ffd9999999999999800 1000f268     gl_mesh.obj
 0002:00000270       __real@8@4000c90fdaa22168c000 1000f270     gl_mesh.obj
 0002:00000278       __real@4@3ff7b60b60b60b60b800 1000f278     gl_mesh.obj
 0002:00000280       __real@8@3ffab60b60b60b60b800 1000f280     gl_mesh.obj
 0002:00000288       __real@4@40008000000000000000 1000f288     gl_mesh.obj
 0002:00000290       __real@8@3ffeccccccccccccd000 1000f290     gl_mesh.obj
 0002:00000298       __real@4@4001e000000000000000 1000f298     gl_mesh.obj
 0002:0000029c       __real@4@3ffbccccccccccccd000 1000f29c     gl_mesh.obj
 0002:000002a0       __real@8@3ffbccccccccccccd000 1000f2a0     gl_mesh.obj
 0002:000002a8       __real@4@40069600000000000000 1000f2a8     gl_mesh.obj
 0002:000002ac       __real@4@4001a000000000000000 1000f2ac     gl_model.obj
 0002:000002b0       __real@8@3ffda8f5c28f5c28f800 1000f2b0     gl_model.obj
 0002:000002b8       __real@8@3ffab0c34c1a8ac5c800 1000f2b8     gl_model.obj
 0002:000002c0       ?h@?1??Q_ceil@@9@9         1000f2c0     gl_model.obj
 0002:000002c4       ?h@?1??Q_floor@@9@9        1000f2c4     gl_model.obj
 0002:000002c8       __real@4@c0178000000000000000 1000f2c8     gl_model.obj
 0002:000002cc       __real@4@40178000000000000000 1000f2cc     gl_model.obj
 0002:000002d0       __real@4@c0048000000000000000 1000f2d0     gl_model.obj
 0002:00000628       __real@4@3ffeaa7ef9db22d0e800 1000f628     gl_rmain.obj
 0002:0000062c       __real@4@3ffaccccccccccccd000 1000f62c     gl_rmain.obj
 0002:00000630       __real@8@40038000000000000000 1000f630     gl_rmain.obj
 0002:00000638       __real@8@3fffc90fdaa22168c000 1000f638     gl_rmain.obj
 0002:00000640       __real@4@c0038000000000000000 1000f640     gl_rmain.obj
 0002:00000644       __real@4@3fff8800000000000000 1000f644     gl_rmain.obj
 0002:00000648       __real@8@3ff783126e978d4fe000 1000f648     gl_rmain.obj
 0002:00000650       __real@4@4003a000000000000000 1000f650     gl_rmain.obj
 0002:00000654       __real@4@3fffc000000000000000 1000f654     gl_rmain.obj
 0002:00000658       __real@4@c005c800000000000000 1000f658     gl_rmain.obj
 0002:0000065c       __real@4@4002a000000000000000 1000f65c     gl_rmain.obj
 0002:00000660       __real@4@4005c800000000000000 1000f660     gl_rmain.obj
 0002:00000664       __real@4@4005b400000000000000 1000f664     gl_rmain.obj
 0002:00000668       __real@4@c005b400000000000000 1000f668     gl_rmain.obj
 0002:0000066c       __real@4@3ffd9999999999999800 1000f66c     gl_rmain.obj
 0002:00000670       __real@8@3ff88efa351294e9c800 1000f670     gl_rmain.obj
 0002:00000678       __real@8@4000a000000000000000 1000f678     gl_rmain.obj
 0002:00000680       __real@8@c0178000000000000000 1000f680     gl_rmain.obj
 0002:00000688       __real@8@40178000000000000000 1000f688     gl_rmain.obj
 0002:00000690       __real@8@4004f000000000000000 1000f690     gl_rmain.obj
 0002:00000698       __real@4@400ca404000000000000 1000f698     gl_rmisc.obj
 0002:000006a0       __real@8@00000000000000000000 1000f6a0     gl_rsurf.obj
 0002:000006a8       __real@8@c0058000000000000000 1000f6a8     gl_rsurf.obj
 0002:000006b0       __real@8@3ff9ccccccccccccd000 1000f6b0     gl_rsurf.obj
 0002:000006b8       __real@4@3ffea8f5c28f5c28f800 1000f6b8     gl_rsurf.obj
 0002:000006bc       __real@4@3ffda8f5c28f5c28f800 1000f6bc     gl_rsurf.obj
 0002:000006c0       __real@4@3ffce147ae147ae14800 1000f6c0     gl_rsurf.obj
 0002:000006c8       __real@8@bff8a3d70a3d70a3d800 1000f6c8     gl_rsurf.obj
 0002:000006d0       __real@4@3ffd8000000000000000 1000f6d0     gl_rsurf.obj
 0002:000006d4       __real@4@3ff38000000000000000 1000f6d4     gl_rsurf.obj
 0002:000006d8       __real@4@3ff98000000000000000 1000f6d8     gl_warp.obj
 0002:000006e0       __real@8@4004a2f9836e4e441800 1000f6e0     gl_warp.obj
 0002:000006e8       __real@8@3ffc8000000000000000 1000f6e8     gl_warp.obj
 0002:000006f0       __real@8@3ff583126e978d4fe000 1000f6f0     gl_warp.obj
 0002:000006f8       __real@8@bffbccccccccccccd000 1000f6f8     gl_warp.obj
 0002:00000700       __real@8@400d8000000000000000 1000f700     glw_imp.obj
 0002:00000708       __real@8@400effff000000000000 1000f708     glw_imp.obj
 0002:00000710       __real@8@400e8000000000000000 1000f710     glw_imp.obj
 0002:00000718       __real@4@400e8000000000000000 1000f718     glw_imp.obj
 0002:0000071c       __real@4@4000c000000000000000 1000f71c     glw_imp.obj
 0002:00000720       __real@8@3ff7b60b60b60b60b800 1000f720     q_shared2.obj
 0002:00000728       __real@8@3ff98efa351294e9c800 1000f728     q_shared2.obj
 0002:00000730       __IMPORT_DESCRIPTOR_KERNEL32 1000f730     kernel32:KERNEL32.dll
 0002:00000744       __IMPORT_DESCRIPTOR_USER32 1000f744     user32:USER32.dll
 0002:00000758       __IMPORT_DESCRIPTOR_GDI32  1000f758     gdi32:GDI32.dll
 0002:0000076c       __IMPORT_DESCRIPTOR_MSVCRT 1000f76c     MSVCRT:MSVCRT.dll
 0002:00000780       __NULL_IMPORT_DESCRIPTOR   1000f780     kernel32:KERNEL32.dll
 0003:00000000       ___xc_a                    10010000     MSVCRT:cinitexe.obj
 0003:00000004       ___xc_z                    10010004     MSVCRT:cinitexe.obj
 0003:00000008       ___xi_a                    10010008     MSVCRT:cinitexe.obj
 0003:0000000c       ___xi_z                    1001000c     MSVCRT:cinitexe.obj
 0003:00000070       ??_C@_08CFBM@conchars?$AA@ 10010070     gl_draw.obj
 0003:0000007c       ??_C@_0M@BOLH@pics?1?$CFs?4?$DP?$DP?$DP?$AA@ 1001007c     gl_draw.obj
 0003:00000088       ??_C@_0BE@OFJF@Can?8t?5find?5pic?3?5?$CFs?6?$AA@ 10010088     gl_draw.obj
 0003:0000009c       ??_C@_0BF@FJLG@Draw_Fill?3?5bad?5color?$AA@ 1001009c     gl_draw.obj
 0003:000000b4       ??_C@_03EDOL@PAL?$AA@      100100b4     gl_image.obj
 0003:000000b8       ??_C@_08IECI@RGBA_ARB?$AA@ 100100b8     gl_image.obj
 0003:000000c4       ??_C@_07MDOP@RGB_ARB?$AA@  100100c4     gl_image.obj
 0003:000000cc       ??_C@_04DLAJ@S3TC?$AA@     100100cc     gl_image.obj
 0003:000000d4       ??_C@_0M@IBFD@GL_RGB2_EXT?$AA@ 100100d4     gl_image.obj
 0003:000000e0       ??_C@_04PIGM@RGBA?$AA@     100100e0     gl_image.obj
 0003:000000e8       ??_C@_03DLPD@RGB?$AA@      100100e8     gl_image.obj
 0003:000000ec       ??_C@_02GAM@IA?$AA@        100100ec     gl_image.obj
 0003:000000f0       ??_C@_01FLOP@I?$AA@        100100f0     gl_image.obj
 0003:000000f4       ??_C@_04PDBB@?$DP?$DP?$DP?$DP?$AA@ 100100f4     gl_image.obj
 0003:00000100       _gl_solid_format           10010100     gl_image.obj
 0003:00000104       _gl_alpha_format           10010104     gl_image.obj
 0003:00000108       _gl_tex_solid_format       10010108     gl_image.obj
 0003:0000010c       _gl_tex_alpha_format       1001010c     gl_image.obj
 0003:00000110       _gl_filter_min             10010110     gl_image.obj
 0003:00000114       _gl_filter_max             10010114     gl_image.obj
 0003:00000198       _gl_solid_modes            10010198     gl_image.obj
 0003:000001d0       ??_C@_07MMFM@GL_RGB2?$AA@  100101d0     gl_image.obj
 0003:000001d8       ??_C@_0M@BAKM@GL_R3_G3_B2?$AA@ 100101d8     gl_image.obj
 0003:000001e4       ??_C@_07DDCO@GL_RGB4?$AA@  100101e4     gl_image.obj
 0003:000001ec       ??_C@_07JJLJ@GL_RGB5?$AA@  100101ec     gl_image.obj
 0003:000001f4       ??_C@_07MNMK@GL_RGB8?$AA@  100101f4     gl_image.obj
 0003:000001fc       ??_C@_06OCPL@GL_RGB?$AA@   100101fc     gl_image.obj
 0003:00000204       ??_C@_08DJND@GL_RGBA2?$AA@ 10010204     gl_image.obj
 0003:00000210       ??_C@_08MGKB@GL_RGBA4?$AA@ 10010210     gl_image.obj
 0003:0000021c       ??_C@_0L@BGEN@GL_RGB5_A1?$AA@ 1001021c     gl_image.obj
 0003:00000228       ??_C@_08DIEF@GL_RGBA8?$AA@ 10010228     gl_image.obj
 0003:00000234       ??_C@_07GNLF@GL_RGBA?$AA@  10010234     gl_image.obj
 0003:0000023c       ??_C@_07FMEP@default?$AA@  1001023c     gl_image.obj
 0003:00000244       ??_C@_0BI@KDJA@GL_LINEAR_MIPMAP_LINEAR?$AA@ 10010244     gl_image.obj
 0003:0000025c       ??_C@_0BJ@FEEC@GL_NEAREST_MIPMAP_LINEAR?$AA@ 1001025c     gl_image.obj
 0003:00000278       ??_C@_0BJ@CJFK@GL_LINEAR_MIPMAP_NEAREST?$AA@ 10010278     gl_image.obj
 0003:00000294       ??_C@_0BK@NEKN@GL_NEAREST_MIPMAP_NEAREST?$AA@ 10010294     gl_image.obj
 0003:000002b0       ??_C@_09KGLC@GL_LINEAR?$AA@ 100102b0     gl_image.obj
 0003:000002bc       ??_C@_0L@FLFP@GL_NEAREST?$AA@ 100102bc     gl_image.obj
 0003:000002c8       ??_C@_0CG@IONK@MTexCoord?5call?5without?5multitext@ 100102c8     gl_image.obj
 0003:000002f0       ??_C@_0BB@KGGC@bad?5filter?5name?6?$AA@ 100102f0     gl_image.obj
 0003:00000304       ??_C@_0BN@OHAB@bad?5alpha?5texture?5mode?5name?6?$AA@ 10010304     gl_image.obj
 0003:00000324       ??_C@_0BN@DBG@bad?5solid?5texture?5mode?5name?6?$AA@ 10010324     gl_image.obj
 0003:00000344       ??_C@_0DM@JAA@Total?5?$CFi?5images?5with?5texel?5count@ 10010344     gl_image.obj
 0003:00000380       ??_C@_0BL@JFMM@?$CF?93i?5?$CFs?5?$CF?93i?5?$CF?93i?5?$CF?98s?5?$CFs?6?$AA@ 10010380     gl_image.obj
 0003:0000039c       ??_C@_08JNFO@?$CIscrap?$CJ?5?$AA@ 1001039c     gl_image.obj
 0003:000003a8       ??_C@_07ONBG@0x?$CF4X?5?5?$AA@ 100103a8     gl_image.obj
 0003:000003b0       ??_C@_03LNJI@skn?$AA@      100103b0     gl_image.obj
 0003:000003b4       ??_C@_03OAO@spr?$AA@       100103b4     gl_image.obj
 0003:000003b8       ??_C@_03DION@wal?$AA@      100103b8     gl_image.obj
 0003:000003bc       ??_C@_03DCIF@pic?$AA@      100103bc     gl_image.obj
 0003:000003c0       ??_C@_03EBAN@sky?$AA@      100103c0     gl_image.obj
 0003:000003c4       ??_C@_03HGLM@tmp?$AA@      100103c4     gl_image.obj
 0003:000003c8       ??_C@_03HLMP@?5?$DP?5?$AA@ 100103c8     gl_image.obj
 0003:000003cc       ??_C@_0CL@IAG@?9?9?9?9t?9?9?9w?9?9?9h?9?9?9fmt?9?9?9?9?9?9name?9?9?9@ 100103cc     gl_image.obj
 0003:000003f8       ??_C@_0CJ@IOFB@Unknown?5number?5of?5texture?5compon@ 100103f8     gl_image.obj
 0003:00000424       ??_C@_0BF@OLFC@GL_Upload32?3?5too?5big?$AA@ 10010424     gl_image.obj
 0003:0000043c       ??_C@_0BG@GJHB@GL_Upload8?3?5too?5large?$AA@ 1001043c     gl_image.obj
 0003:00000454       ??_C@_0BP@NGM@Draw_LoadPic?3?5?$CC?$CFs?$CC?5is?5too?5long?$AA@ 10010454     gl_image.obj
 0003:00000474       ??_C@_0P@MCNK@MAX_GLTEXTURES?$AA@ 10010474     gl_image.obj
 0003:00000484       ??_C@_0BN@FDBO@GL_FindImage?3?5can?8t?5load?5?$CFs?6?$AA@ 10010484     gl_image.obj
 0003:000004a4       ??_C@_0CC@DGNL@Unrecognized?5image?5extension?3?5?$CFs@ 100104a4     gl_image.obj
 0003:000004c8       ??_C@_0BI@BLMG@Cannot?5load?5texture?5?$CFs?6?$AA@ 100104c8     gl_image.obj
 0003:000004e0       ??_C@_0BI@EEPA@Cannot?5find?5image?5?$CFs?4?$CK?6?$AA@ 100104e0     gl_image.obj
 0003:000004f8       ??_C@_05LCPG@pics?1?$AA@   100104f8     gl_image.obj
 0003:00000500       ??_C@_04BLEC@?4jpg?$AA@    10010500     gl_image.obj
 0003:00000508       ??_C@_04LCGE@?4tga?$AA@    10010508     gl_image.obj
 0003:00000510       ??_C@_04GHND@?4wal?$AA@    10010510     gl_image.obj
 0003:00000518       ??_C@_04PHML@?4pcx?$AA@    10010518     gl_image.obj
 0003:00000520       ??_C@_04IDGC@?4?$DP?$DP?$DP?$AA@ 10010520     gl_image.obj
 0003:00000528       ??_C@_0CA@GDHD@Couldn?8t?5load?5pics?1colormap?4pcx?$AA@ 10010528     gl_image.obj
 0003:00000548       ??_C@_0BC@EOBO@pics?1colormap?4pcx?$AA@ 10010548     gl_image.obj
 0003:0000055c       ??_C@_0N@BPDG@r_saturation?$AA@ 1001055c     gl_image.obj
 0003:0000056c       ??_C@_09CNFC@intensity?$AA@ 1001056c     gl_image.obj
 0003:00000578       ??_C@_01FBAH@1?$AA@        10010578     gl_image.obj
 0003:0000057c       ??_C@_0CF@IIHL@Bad?5s_blocklights?5size?3?5?$CFd?5x?5?$CFd?5@ 1001057c     gl_light.obj
 0003:000005a4       ??_C@_0CL@IBMO@R_BuildLightMap?5called?5for?5non?9l@ 100105a4     gl_light.obj
 0003:00000d68       _r_avertexnormal_dots      10010d68     gl_mesh.obj
 0003:00004d68       _shadedots                 10014d68     gl_mesh.obj
 0003:00004d6c       ??_C@_0CK@MHJA@R_DrawAliasModel?5?$CFs?3?5no?5such?5old@ 10014d6c     gl_mesh.obj
 0003:00004d98       ??_C@_0CH@BMCP@R_DrawAliasModel?5?$CFs?3?5no?5such?5fra@ 10014d98     gl_mesh.obj
 0003:00004dc0       ??_C@_0CK@BKAK@R_CullAliasModel?5?$CFs?3?5no?5such?5old@ 10014dc0     gl_mesh.obj
 0003:00004dec       ??_C@_0CH@HHDH@R_CullAliasModel?5?$CFs?3?5no?5such?5fra@ 10014dec     gl_mesh.obj
 0003:00004e50       ??_C@_0BK@GJON@GL_PointInLeaf?3?5bad?5model?$AA@ 10014e50     gl_model.obj
 0003:00004e6c       ??_C@_0BE@KMED@Total?5resident?3?5?$CFi?6?$AA@ 10014e6c     gl_model.obj
 0003:00004e80       ??_C@_09EHLB@?$CF8i?5?3?5?$CFs?6?$AA@ 10014e80     gl_model.obj
 0003:00004e8c       ??_C@_0BA@GMNB@Loaded?5models?3?6?$AA@ 10014e8c     gl_model.obj
 0003:00004e9c       ??_C@_0CG@HPCL@Mod_NumForName?3?5unknown?5fileid?5f@ 10014e9c     gl_model.obj
 0003:00004ec4       ??_C@_0BN@GEDF@Mod_ModForName?3?5?$CFs?5not?5found?$AA@ 10014ec4     gl_model.obj
 0003:00004ee4       ??_C@_0CG@INFO@Internal?5error?5while?5loading?5BSP@ 10014ee4     gl_model.obj
 0003:00004f0c       ??_C@_04EMJN@?4bsp?$AA@    10014f0c     gl_model.obj
 0003:00004f14       ??_C@_0BO@PLCA@mod_numknown?5?$DN?$DN?5MAX_MOD_KNOWN?$AA@ 10014f14     gl_model.obj
 0003:00004f34       ??_C@_0BI@DAMF@bad?5inline?5model?5number?$AA@ 10014f34     gl_model.obj
 0003:00004f4c       ??_C@_0BH@LKJJ@Mod_ForName?3?5NULL?5name?$AA@ 10014f4c     gl_model.obj
 0003:00004f64       ??_C@_0BC@DJDD@Couldn?8t?5load?5?$CFs?6?$AA@ 10014f64     gl_model.obj
 0003:00004f78       ??_C@_0BA@IDAI@textures?1?$CFs?4wal?$AA@ 10014f78     gl_model.obj
 0003:00004f88       ??_C@_0CD@COFD@MOD_LoadBmodel?3?5bad?5texinfo?5numb@ 10014f88     gl_model.obj
 0003:00004fac       ??_C@_0CK@NMOI@Mod_ParseMarksurfaces?3?5bad?5surfa@ 10014fac     gl_model.obj
 0003:00004fd8       ??_C@_0CC@NIFN@Inline?5model?5?$CFi?5has?5bad?5firstnod@ 10014fd8     gl_model.obj
 0003:00004ffc       ??_C@_0CF@GBO@Loaded?5a?5brush?5model?5after?5the?5w@ 10014ffc     gl_model.obj
 0003:00005024       ??_C@_0BH@IMJD@model?5?$CFs?5has?5no?5frames?$AA@ 10015024     gl_model.obj
 0003:0000503c       ??_C@_0BK@EBGJ@model?5?$CFs?5has?5no?5triangles?$AA@ 1001503c     gl_model.obj
 0003:00005058       ??_C@_0BM@MLIA@model?5?$CFs?5has?5no?5st?5vertices?$AA@ 10015058     gl_model.obj
 0003:00005074       ??_C@_0BP@KFMM@model?5?$CFs?5has?5too?5many?5vertices?$AA@ 10015074     gl_model.obj
 0003:00005094       ??_C@_0BJ@BMCG@model?5?$CFs?5has?5no?5vertices?$AA@ 10015094     gl_model.obj
 0003:000050b0       ??_C@_0CD@DNIE@model?5?$CFs?5has?5a?5skin?5taller?5than?5@ 100150b0     gl_model.obj
 0003:000050d4       ??_C@_0CO@LDOK@?$CFs?5has?5wrong?5version?5number?5?$CI?$CFi?5@ 100150d4     gl_model.obj
 0003:00005104       ??_C@_0BM@NFLG@Cannot?5find?5frame?5?$CD?$CFd?5?$CI?$CFs?$CJ?6?$AA@ 10015104     gl_model.obj
 0003:00005120       ??_C@_0CB@KANI@?$CFs?5has?5too?5many?5frames?5?$CI?$CFi?5?$DO?5?$CFi?$CJ@ 10015120     gl_model.obj
 0003:00005144       ??_C@_08DIA@flushmap?$AA@  10015144     gl_model.obj
 0003:00005150       ??_C@_01PLJA@0?$AA@        10015150     gl_model.obj
 0003:00005154       ??_C@_0M@HBDC@maps?1?$CFs?4bsp?$AA@ 10015154     gl_model.obj
 0003:00005160       ??_C@_04NBLP@soft?$AA@     10015160     gl_rmain.obj
 0003:00005168       ??_C@_07LICL@vid_ref?$AA@  10015168     gl_rmain.obj
 0003:00005170       ??_C@_0L@DBKC@r_contrast?$AA@ 10015170     gl_rmain.obj
 0003:0000517c       ??_C@_0N@HKPK@r_brightness?$AA@ 1001517c     gl_rmain.obj
 0003:0000518c       ??_C@_07JEME@r_gamma?$AA@  1001518c     gl_rmain.obj
 0003:00005194       ??_C@_0N@EEGM@r_fullscreen?$AA@ 10015194     gl_rmain.obj
 0003:000051a4       ??_C@_0BB@KNCM@gl_3dlabs_broken?$AA@ 100151a4     gl_rmain.obj
 0003:000051b8       ??_C@_0BE@BIIO@gl_saturatelighting?$AA@ 100151b8     gl_rmain.obj
 0003:000051cc       ??_C@_0BA@NBPP@gl_swapinterval?$AA@ 100151cc     gl_rmain.obj
 0003:000051dc       ??_C@_07MDNP@GL_BACK?$AA@  100151dc     gl_rmain.obj
 0003:000051e4       ??_C@_0O@KCBC@gl_drawbuffer?$AA@ 100151e4     gl_rmain.obj
 0003:000051f4       ??_C@_0BN@OJDH@gl_ext_compiled_vertex_array?$AA@ 100151f4     gl_rmain.obj
 0003:00005214       ??_C@_0BL@OLPN@gl_ext_compressed_textures?$AA@ 10015214     gl_rmain.obj
 0003:00005230       ??_C@_0BE@IOJK@gl_ext_multitexture?$AA@ 10015230     gl_rmain.obj
 0003:00005244       ??_C@_0BB@KLFD@gl_vertex_arrays?$AA@ 10015244     gl_rmain.obj
 0003:00005258       ??_C@_0L@BFHO@gl_winrefl?$AA@ 10015258     gl_rmain.obj
 0003:00005264       ??_C@_04GECI@2300?$AA@     10015264     gl_rmain.obj
 0003:0000526c       ??_C@_07BGII@gl_zmax?$AA@  1001526c     gl_rmain.obj
 0003:00005274       ??_C@_0L@ECM@gl_lockpvs?$AA@ 10015274     gl_rmain.obj
 0003:00005280       ??_C@_0BE@PLJ@gl_texturesolidmode?$AA@ 10015280     gl_rmain.obj
 0003:00005294       ??_C@_0BE@OFGJ@gl_texturealphamode?$AA@ 10015294     gl_rmain.obj
 0003:000052a8       ??_C@_0P@NBDD@gl_texturemode?$AA@ 100152a8     gl_rmain.obj
 0003:000052b8       ??_C@_08MLDJ@opengl32?$AA@ 100152b8     gl_rmain.obj
 0003:000052c4       ??_C@_09MLK@gl_driver?$AA@ 100152c4     gl_rmain.obj
 0003:000052d0       ??_C@_0BA@PDAA@gl_monolightmap?$AA@ 100152d0     gl_rmain.obj
 0003:000052e0       ??_C@_0N@GDME@gl_playermip?$AA@ 100152e0     gl_rmain.obj
 0003:000052f0       ??_C@_0O@BGPL@gl_flashblend?$AA@ 100152f0     gl_rmain.obj
 0003:00005300       ??_C@_0N@GJLC@gl_polyblend?$AA@ 10015300     gl_rmain.obj
 0003:00005310       ??_C@_07HMM@gl_cull?$AA@   10015310     gl_rmain.obj
 0003:00005318       ??_C@_08CLGN@gl_clear?$AA@ 10015318     gl_rmain.obj
 0003:00005324       ??_C@_09IEFK@gl_finish?$AA@ 10015324     gl_rmain.obj
 0003:00005330       ??_C@_09HJPP@gl_ztrick?$AA@ 10015330     gl_rmain.obj
 0003:0000533c       ??_C@_0M@GFIA@gl_showtris?$AA@ 1001533c     gl_rmain.obj
 0003:00005348       ??_C@_09LFJH@gl_skymip?$AA@ 10015348     gl_rmain.obj
 0003:00005354       ??_C@_09HOCI@gl_picmip?$AA@ 10015354     gl_rmain.obj
 0003:00005360       ??_C@_0BD@BNAA@gl_roundImagesDown?$AA@ 10015360     gl_rmain.obj
 0003:00005374       ??_C@_09DLEF@gl_nobind?$AA@ 10015374     gl_rmain.obj
 0003:00005380       ??_C@_0P@MBNP@gl_dlightBacks?$AA@ 10015380     gl_rmain.obj
 0003:00005390       ??_C@_0L@KKKG@gl_dynamic?$AA@ 10015390     gl_rmain.obj
 0003:0000539c       ??_C@_0L@DBCD@gl_shadows?$AA@ 1001539c     gl_rmain.obj
 0003:000053a8       ??_C@_0L@DOIK@r_lightmap?$AA@ 100153a8     gl_rmain.obj
 0003:000053b4       ??_C@_01ECJ@3?$AA@         100153b4     gl_rmain.obj
 0003:000053b8       ??_C@_07KMDJ@gl_mode?$AA@  100153b8     gl_rmain.obj
 0003:000053c0       ??_C@_0M@GPNJ@gl_bitdepth?$AA@ 100153c0     gl_rmain.obj
 0003:000053cc       ??_C@_0L@PDBC@gl_logFile?$AA@ 100153cc     gl_rmain.obj
 0003:000053d8       ??_C@_0M@OBKG@gl_modulate?$AA@ 100153d8     gl_rmain.obj
 0003:000053e4       ??_C@_0BC@HKAH@gl_allow_software?$AA@ 100153e4     gl_rmain.obj
 0003:000053f8       ??_C@_0O@NIJN@gl_nosubimage?$AA@ 100153f8     gl_rmain.obj
 0003:00005408       ??_C@_0BA@BLLL@r_ignorehwgamma?$AA@ 10015408     gl_rmain.obj
 0003:00005418       ??_C@_08MNKK@r_speeds?$AA@ 10015418     gl_rmain.obj
 0003:00005424       ??_C@_0N@IKOP@r_lerpmodels?$AA@ 10015424     gl_rmain.obj
 0003:00005434       ??_C@_0P@BIDD@gl_frustumCull?$AA@ 10015434     gl_rmain.obj
 0003:00005444       ??_C@_07CBKH@r_novis?$AA@  10015444     gl_rmain.obj
 0003:0000544c       ??_C@_0M@GFDO@r_drawworld?$AA@ 1001544c     gl_rmain.obj
 0003:00005458       ??_C@_0P@LECL@r_drawentities?$AA@ 10015458     gl_rmain.obj
 0003:00005468       ??_C@_0N@MMGG@r_fullbright?$AA@ 10015468     gl_rmain.obj
 0003:00005478       ??_C@_0M@BNM@r_norefresh?$AA@ 10015478     gl_rmain.obj
 0003:00005484       ??_C@_04KBBO@hand?$AA@     10015484     gl_rmain.obj
 0003:0000548c       ??_C@_0O@OAGB@Bad?5modeltype?$AA@ 1001548c     gl_rmain.obj
 0003:0000549c       ??_C@_0CJ@KPOM@?$CF4i?5visleafs?5?$CF4i?5frustleafs?5of?5?$CF@ 1001549c     gl_rmain.obj
 0003:000054c8       ??_C@_0CE@MNBE@?$CF4i?5wpoly?5?$CF4i?5epoly?5?$CFi?5tex?5?$CFi?5lm@ 100154c8     gl_rmain.obj
 0003:000054ec       ??_C@_0BO@BODI@R_RenderView?3?5NULL?5worldmodel?$AA@ 100154ec     gl_rmain.obj
 0003:0000550c       ??_C@_0L@NAKP@gl_strings?$AA@ 1001550c     gl_rmain.obj
 0003:00005518       ??_C@_09HFGF@modellist?$AA@ 10015518     gl_rmain.obj
 0003:00005524       ??_C@_09PCJE@imagelist?$AA@ 10015524     gl_rmain.obj
 0003:00005530       ??_C@_0DF@EHEG@ref_gl?3?3R_SetMode?$CI?$CJ?5?9?5could?5not?5@ 10015530     gl_rmain.obj
 0003:00005568       ??_C@_0CE@HIMO@ref_gl?3?3R_SetMode?$CI?$CJ?5?9?5invalid?5mo@ 10015568     gl_rmain.obj
 0003:0000558c       ??_C@_0DL@BJEC@ref_gl?3?3R_SetMode?$CI?$CJ?5?9?5fullscreen@ 1001558c     gl_rmain.obj
 0003:000055c8       ??_C@_0BB@HHFL@?4?4?4allowing?5CDS?6?$AA@ 100155c8     gl_rmain.obj
 0003:000055dc       ??_C@_0BF@LPBA@glGetError?$CI?$CJ?5?$DN?50x?$CFx?6?$AA@ 100155dc     gl_rmain.obj
 0003:000055f4       ??_C@_0BC@KNNB@?4?4?4disabling?5CDS?6?$AA@ 100155f4     gl_rmain.obj
 0003:00005608       ??_C@_0M@CGPG@scr_drawall?$AA@ 10015608     gl_rmain.obj
 0003:00005614       ??_C@_0BO@LPNL@?4?4?4using?5gl_monolightmap?5?8a?8?6?$AA@ 10015614     gl_rmain.obj
 0003:00005634       ??_C@_01PFH@A?$AA@         10015634     gl_rmain.obj
 0003:00005638       ??_C@_06IKAA@verite?$AA@   10015638     gl_rmain.obj
 0003:00005640       ??_C@_04JEBG@pcx2?$AA@     10015640     gl_rmain.obj
 0003:00005648       ??_C@_03FFEM@gdi?$AA@      10015648     gl_rmain.obj
 0003:0000564c       ??_C@_06GPFG@glzicd?$AA@   1001564c     gl_rmain.obj
 0003:00005654       ??_C@_05GAJH@glint?$AA@    10015654     gl_rmain.obj
 0003:0000565c       ??_C@_08KOOM@permedia?$AA@ 1001565c     gl_rmain.obj
 0003:00005668       ??_C@_03HID@sgi?$AA@       10015668     gl_rmain.obj
 0003:0000566c       ??_C@_04JACC@rush?$AA@     1001566c     gl_rmain.obj
 0003:00005674       ??_C@_06GLKG@voodoo?$AA@   10015674     gl_rmain.obj
 0003:0000567c       ??_C@_0BA@PCBE@GL_VERSION?3?5?$CFs?6?$AA@ 1001567c     gl_rmain.obj
 0003:0000568c       ??_C@_0BB@KKEK@GL_RENDERER?3?5?$CFs?6?$AA@ 1001568c     gl_rmain.obj
 0003:000056a0       ??_C@_0P@KDAA@GL_VENDOR?3?5?$CFs?6?$AA@ 100156a0     gl_rmain.obj
 0003:000056b0       ??_C@_0CK@LCCO@ref_gl?3?3R_Init?$CI?$CJ?5?9?5could?5not?5R_S@ 100156b0     gl_rmain.obj
 0003:000056dc       ??_C@_0CI@LCAE@ref_gl?3?3R_Init?$CI?$CJ?5?9?5could?5not?5loa@ 100156dc     gl_rmain.obj
 0003:00005704       ??_C@_0BJ@ECO@ref_gl?5version?3?5GL?50?401?6?$AA@ 10015704     gl_rmain.obj
 0003:00005720       ??_C@_08IIC@GL_FRONT?$AA@  10015720     gl_rmain.obj
 0003:0000572c       ??_C@_0N@KBMB@SST_GAMMA?$DN?$CFf?$AA@ 1001572c     gl_rmain.obj
 0003:0000573c       ??_C@_0P@IHBO@SSTV2_GAMMA?$DN?$CFf?$AA@ 1001573c     gl_rmain.obj
 0003:0000574c       ??_C@_0CP@DFHB@?6?9?9?9?9?9?9?9?9?9?9?5Begin?5Frame?5?$CIold?5ref@ 1001574c     gl_rmain.obj
 0003:0000577c       ??_C@_0BA@CPDK@gl_console_only?$AA@ 1001577c     gl_rmain.obj
 0003:0000578c       ??_C@_0BI@MLJK@binds?3?5?$CF2d?5uploads?3?5?$CF2d?$AA@ 1001578c     gl_rmain.obj
 0003:000057a4       ??_C@_0CC@FJIA@bef?3?5?$CF2d?5fe?3?5?$CF2d?5bk?3?5?$CF2d?5aft?3?5?$CF2@ 100157a4     gl_rmain.obj
 0003:000057c8       _dottexture                100157c8     gl_rmisc.obj
 0003:00005808       ??_C@_0BC@LOCA@?$CK?$CK?$CKr_notexture?$CK?$CK?$CK?$AA@ 10015808     gl_rmisc.obj
 0003:0000581c       ??_C@_0P@KKPF@?$CK?$CK?$CKparticle?$CK?$CK?$CK?$AA@ 1001581c     gl_rmisc.obj
 0003:0000582c       ??_C@_09PAG@Wrote?5?$CFs?6?$AA@ 1001582c     gl_rmisc.obj
 0003:00005838       ??_C@_02JKAF@rb?$AA@       10015838     gl_rmisc.obj
 0003:0000583c       ??_C@_0BL@NLIA@?$CFs?1screenshots?1quake?$CF04d?$CFs?$AA@ 1001583c     gl_rmisc.obj
 0003:00005858       ??_C@_0BD@PFIA@GL_EXTENSIONS?3?5?$CFs?6?$AA@ 10015858     gl_rmisc.obj
 0003:0000586c       ??_C@_0BG@LALE@?$CK?$CK?$CK?5DrawGLPoly?$CI?$CJ?5?$CK?$CK?$CK?6?$AA@ 1001586c     gl_rsurf.obj
 0003:00005884       ??_C@_0BL@BNDJ@?$CK?$CK?$CK?5DrawGLPolyChain?$CI?$CJ?5?$CK?$CK?$CK?6?$AA@ 10015884     gl_rsurf.obj
 0003:000058a0       ??_C@_0DM@MGEH@Consecutive?5calls?5to?5LM_AllocBlo@ 100158a0     gl_rsurf.obj
 0003:000058dc       ??_C@_0BM@CMED@?$CK?$CK?$CK?5R_BlendLightmaps?$CI?$CJ?5?$CK?$CK?$CK?6?$AA@ 100158dc     gl_rsurf.obj
 0003:000058f8       ??_C@_0CB@FKIE@?$CK?$CK?$CK?$CK?5R_DrawAlphaSurfaces?$CI?$CJ?5?$CK?$CK?$CK?$CK?6@ 100158f8     gl_rsurf.obj
 0003:0000591c       ??_C@_0CL@JCJM@LM_UploadBlock?$CI?$CJ?5?9?5MAX_LIGHTMAPS@ 1001591c     gl_rsurf.obj
 0003:00005948       ??_C@_0DC@IEOP@Consecutive?5calls?5to?5LM_AllocBlo@ 10015948     gl_rsurf.obj
 0003:0000597c       _gl_next_left_y            1001597c     gl_textout.obj
 0003:00005980       _gl_next_right_y           10015980     gl_textout.obj
 0003:00005984       _skyclip                   10015984     gl_warp.obj
 0003:000059cc       _st_to_vec                 100159cc     gl_warp.obj
 0003:00005a14       _vec_to_st                 10015a14     gl_warp.obj
 0003:00005a5c       _skytexorder               10015a5c     gl_warp.obj
 0003:00005a74       _suf                       10015a74     gl_warp.obj
 0003:00005a8c       ??_C@_02HJLH@dn?$AA@       10015a8c     gl_warp.obj
 0003:00005a90       ??_C@_02HAO@up?$AA@        10015a90     gl_warp.obj
 0003:00005a94       ??_C@_02PMAE@ft?$AA@       10015a94     gl_warp.obj
 0003:00005a98       ??_C@_02JIFL@lf?$AA@       10015a98     gl_warp.obj
 0003:00005a9c       ??_C@_02OID@bk?$AA@        10015a9c     gl_warp.obj
 0003:00005aa0       ??_C@_02MMAH@rt?$AA@       10015aa0     gl_warp.obj
 0003:00005aa4       ??_C@_0O@EIDL@numverts?5?$DN?5?$CFi?$AA@ 10015aa4     gl_warp.obj
 0003:00005ab4       ??_C@_0BP@NDMM@ClipSkyPolygon?3?5MAX_CLIP_VERTS?$AA@ 10015ab4     gl_warp.obj
 0003:00005ad4       ??_C@_0BA@HCLD@fx?1specular?4?$DP?$DP?$DP?$AA@ 10015ad4     gl_warp.obj
 0003:00005ae4       ??_C@_0N@OLHP@env?1?$CFs?$CFs?4pcx?$AA@ 10015ae4     gl_warp.obj
 0003:00005af4       ??_C@_0CF@DGAI@GLimp_CreateWindow?3?5InitGL?$CI?$CJ?5fai@ 10015af4     glw_imp.obj
 0003:00005b1c       ??_C@_04LDCD@?5ok?6?$AA@   10015b1c     glw_imp.obj
 0003:00005b24       ??_C@_0BK@GIGP@?4?4?4setting?5windowed?5mode?6?$AA@ 10015b24     glw_imp.obj
 0003:00005b40       ??_C@_08MIMI@?5failed?6?$AA@ 10015b40     glw_imp.obj
 0003:00005b4c       ??_C@_0CH@FLII@?4?4?4calling?5CDS?5assuming?5dual?5mon@ 10015b4c     glw_imp.obj
 0003:00005b74       ??_C@_07MNBK@failed?6?$AA@ 10015b74     glw_imp.obj
 0003:00005b7c       ??_C@_03BJGB@ok?6?$AA@     10015b7c     glw_imp.obj
 0003:00005b80       ??_C@_0BB@GOGC@?4?4?4calling?5CDS?3?5?$AA@ 10015b80     glw_imp.obj
 0003:00005b94       ??_C@_0CG@DLHK@?4?4?4using?5desktop?5display?5depth?5o@ 10015b94     glw_imp.obj
 0003:00005bbc       ??_C@_0BJ@HJFI@?4?4?4using?5bitdepth?5of?5?$CFd?6?$AA@ 10015bbc     glw_imp.obj
 0003:00005bd8       ??_C@_0BK@NIFM@?4?4?4attempting?5fullscreen?6?$AA@ 10015bd8     glw_imp.obj
 0003:00005bf4       ??_C@_0L@KBPO@?5?$CFd?5?$CFd?5?$CFs?6?$AA@ 10015bf4     glw_imp.obj
 0003:00005c00       ??_C@_01FJFF@W?$AA@        10015c00     glw_imp.obj
 0003:00005c04       ??_C@_02COFD@FS?$AA@       10015c04     glw_imp.obj
 0003:00005c08       ??_C@_0P@MBPJ@?5invalid?5mode?6?$AA@ 10015c08     glw_imp.obj
 0003:00005c18       ??_C@_0BE@GOGB@?4?4?4setting?5mode?5?$CFd?3?$AA@ 10015c18     glw_imp.obj
 0003:00005c2c       ??_C@_0BN@OHDF@Initializing?5OpenGL?5display?6?$AA@ 10015c2c     glw_imp.obj
 0003:00005c4c       ??_C@_0CD@BAPN@GLimp_Init?$CI?$CJ?3?5GetVersionEx?5faile@ 10015c4c     glw_imp.obj
 0003:00005c70       ??_C@_0L@PAH@GAMMA?3?5?$CFs?6?$AA@ 10015c70     glw_imp.obj
 0003:00005c7c       ??_C@_08LLFG@software?$AA@ 10015c7c     glw_imp.obj
 0003:00005c88       ??_C@_08DNLP@hardware?$AA@ 10015c88     glw_imp.obj
 0003:00005c94       ??_C@_0BD@PLGO@?4?4?4GetDC?$CI?$CJ?5failed?6?$AA@ 10015c94     glw_imp.obj
 0003:00005ca8       ??_C@_0BH@DCFE@?4?4?4non?9NULL?5DC?5exists?6?$AA@ 10015ca8     glw_imp.obj
 0003:00005cc0       ??_C@_0CB@BECD@?4?4?4DestoryGLcontext?$CI?$CJ?5failed?4?4?4?6@ 10015cc0     glw_imp.obj
 0003:00005ce4       ??_C@_0CB@MDFO@?4?4?4DeactivateGLcontext?$CI?$CJ?5failed?6@ 10015ce4     glw_imp.obj
 0003:00005d08       ??_C@_0CC@HECM@GL?5PFD?3?5color?$CI?$CFd?9bits?$CJ?5Z?$CI?$CFd?9bit?$CJ@ 10015d08     glw_imp.obj
 0003:00005d2c       ??_C@_0CG@KCEF@?4?4?4no?5hardware?5acceleration?5dete@ 10015d2c     glw_imp.obj
 0003:00005d54       ??_C@_0CG@FAPB@GLimp_Init?$CI?$CJ?5?9?5SetPixelFormat?5fa@ 10015d54     glw_imp.obj
 0003:00005d7c       ??_C@_0CJ@JNOB@GLimp_Init?$CI?$CJ?5?9?5ChoosePixelFormat@ 10015d7c     glw_imp.obj
 0003:00005da8       ??_C@_0CK@DGCM@GLimp_Init?$CI?$CJ?5?9?5qwglSetPixelForma@ 10015da8     glw_imp.obj
 0003:00005dd4       ??_C@_0CN@INPE@GLimp_Init?$CI?$CJ?5?9?5qwglChoosePixelFo@ 10015dd4     glw_imp.obj
 0003:00005e04       ??_C@_0M@OLMH@gdi?5generic?$AA@ 10015e04     glw_imp.obj
 0003:00005e10       ??_C@_0BN@GJHJ@?4?4?4CreateGLcontext?$CI?$CJ?5failed?6?$AA@ 10015e10     glw_imp.obj
 0003:00005e30       ??_C@_0BP@CPAP@?4?4?4ActivateGLcontext?$CI?$CJ?5failed?6?$AA@ 10015e30     glw_imp.obj
 0003:00005e50       ??_C@_0BF@MKFF@?4?4?4ReleaseDC?5failed?6?$AA@ 10015e50     glw_imp.obj
 0003:00005e68       ??_C@_0BI@DDJC@?4?4?4performing?5shutdown?6?$AA@ 10015e68     glw_imp.obj
 0003:00005e80       ??_C@_0CK@PHLH@GLimp_EndFrame?$CI?$CJ?5?9?5SwapBuffers?$CI?$CJ@ 10015e80     glw_imp.obj
 0003:00005eac       ??_C@_0P@BDAP@SwapBuffers?$CI?$CJ?6?$AA@ 10015eac     glw_imp.obj
 0003:00005ebc       ??_C@_0BC@BACP@GLimp_EndFrame?$CI?$CJ?6?$AA@ 10015ebc     glw_imp.obj
 0003:00005ed0       ??_C@_0DA@ELCL@gl_bitdepth?5requires?5Win95?5OSR2?4@ 10015ed0     glw_imp.obj
 0003:00005f00       ??_C@_0BE@KPKB@GLimp_BeginFrame?$CI?$CJ?6?$AA@ 10015f00     glw_imp.obj
 0003:00005f14       ??_C@_0DA@DOBA@Com_sprintf?3?5overflow?5?$CFd?5?$DO?5?$CFd?5?$CIc@ 10015f14     q_shared2.obj
 0003:000061e8       ??_C@_0BF@NADO@WGL_EXT_swap_control?$AA@ 100161e8     qgl_win.obj
 0003:00006200       ??_C@_0BN@MLLO@GL_EXT_compiled_vertex_array?$AA@ 10016200     qgl_win.obj
 0003:00006220       ??_C@_0BE@EHGK@GL_ARB_multitexture?$AA@ 10016220     qgl_win.obj
 0003:00006234       ??_C@_0BF@IIHM@GL_SGIS_multitexture?$AA@ 10016234     qgl_win.obj
 0003:0000624c       ??_C@_0BD@LGGF@wglSwapIntervalEXT?$AA@ 1001624c     qgl_win.obj
 0003:00006260       ??_C@_0BC@MMDJ@glUnlockArraysEXT?$AA@ 10016260     qgl_win.obj
 0003:00006274       ??_C@_0BA@NLCH@glLockArraysEXT?$AA@ 10016274     qgl_win.obj
 0003:00006284       ??_C@_0BF@HBBL@glMultiTexCoord2fARB?$AA@ 10016284     qgl_win.obj
 0003:0000629c       ??_C@_0BD@IJD@glActiveTextureARB?$AA@ 1001629c     qgl_win.obj
 0003:000062b0       ??_C@_0BG@OAHA@glMultiTexCoord2fSGIS?$AA@ 100162b0     qgl_win.obj
 0003:000062c8       ??_C@_0BE@LEFG@glSelectTextureSGIS?$AA@ 100162c8     qgl_win.obj
 0003:000062dc       ??_C@_0P@NFHG@wglMakeCurrent?$AA@ 100162dc     qgl_win.obj
 0003:000062ec       ??_C@_0BC@HKHL@wglGetProcAddress?$AA@ 100162ec     qgl_win.obj
 0003:00006300       ??_C@_0BB@IOBP@wglDeleteContext?$AA@ 10016300     qgl_win.obj
 0003:00006314       ??_C@_0BB@GGNL@wglCreateContext?$AA@ 10016314     qgl_win.obj
 0003:00006328       ??_C@_0P@EKFP@wglSwapBuffers?$AA@ 10016328     qgl_win.obj
 0003:00006338       ??_C@_0BC@PJLC@wglSetPixelFormat?$AA@ 10016338     qgl_win.obj
 0003:0000634c       ??_C@_0BH@IJMD@wglDescribePixelFormat?$AA@ 1001634c     qgl_win.obj
 0003:00006364       ??_C@_0BF@HPKH@wglChoosePixelFormat?$AA@ 10016364     qgl_win.obj
 0003:0000637c       ??_C@_0L@INIC@glViewport?$AA@ 1001637c     qgl_win.obj
 0003:00006388       ??_C@_0BA@OGPO@glVertexPointer?$AA@ 10016388     qgl_win.obj
 0003:00006398       ??_C@_0M@PAAJ@glVertex3fv?$AA@ 10016398     qgl_win.obj
 0003:000063a4       ??_C@_0L@CLBF@glVertex3f?$AA@ 100163a4     qgl_win.obj
 0003:000063b0       ??_C@_0L@DNLP@glVertex2f?$AA@ 100163b0     qgl_win.obj
 0003:000063bc       ??_C@_0N@NKAJ@glTranslatef?$AA@ 100163bc     qgl_win.obj
 0003:000063cc       ??_C@_0BA@KFAN@glTexSubImage2D?$AA@ 100163cc     qgl_win.obj
 0003:000063dc       ??_C@_0BA@CLDA@glTexParameterf?$AA@ 100163dc     qgl_win.obj
 0003:000063ec       ??_C@_0N@IAMC@glTexImage2D?$AA@ 100163ec     qgl_win.obj
 0003:000063fc       ??_C@_09CIAL@glTexEnvi?$AA@ 100163fc     qgl_win.obj
 0003:00006408       ??_C@_0L@IHAL@glTexEnvfv?$AA@ 10016408     qgl_win.obj
 0003:00006414       ??_C@_09CJFG@glTexEnvf?$AA@ 10016414     qgl_win.obj
 0003:00006420       ??_C@_0BC@EKAK@glTexCoordPointer?$AA@ 10016420     qgl_win.obj
 0003:00006434       ??_C@_0N@PDBC@glTexCoord2f?$AA@ 10016434     qgl_win.obj
 0003:00006444       ??_C@_0N@LIFO@glShadeModel?$AA@ 10016444     qgl_win.obj
 0003:00006454       ??_C@_09HOGJ@glScissor?$AA@ 10016454     qgl_win.obj
 0003:00006460       ??_C@_08NBED@glScalef?$AA@ 10016460     qgl_win.obj
 0003:0000646c       ??_C@_09LCHL@glRotatef?$AA@ 1001646c     qgl_win.obj
 0003:00006478       ??_C@_0N@LBPG@glReadPixels?$AA@ 10016478     qgl_win.obj
 0003:00006488       ??_C@_0N@KEGE@glPushMatrix?$AA@ 10016488     qgl_win.obj
 0003:00006498       ??_C@_0M@LACG@glPopMatrix?$AA@ 10016498     qgl_win.obj
 0003:000064a4       ??_C@_0O@FGKK@glPolygonMode?$AA@ 100164a4     qgl_win.obj
 0003:000064b4       ??_C@_07ICOP@glOrtho?$AA@  100164b4     qgl_win.obj
 0003:000064bc       ??_C@_0N@JNJF@glMatrixMode?$AA@ 100164bc     qgl_win.obj
 0003:000064cc       ??_C@_0O@KDCF@glLoadMatrixf?$AA@ 100164cc     qgl_win.obj
 0003:000064dc       ??_C@_0P@MLMG@glLoadIdentity?$AA@ 100164dc     qgl_win.obj
 0003:000064ec       ??_C@_0M@EJHF@glGetString?$AA@ 100164ec     qgl_win.obj
 0003:000064f8       ??_C@_0O@PMHI@glGetIntegerv?$AA@ 100164f8     qgl_win.obj
 0003:00006508       ??_C@_0M@HNHJ@glGetFloatv?$AA@ 10016508     qgl_win.obj
 0003:00006514       ??_C@_0L@INBB@glGetError?$AA@ 10016514     qgl_win.obj
 0003:00006520       ??_C@_09KLFM@glFrustum?$AA@ 10016520     qgl_win.obj
 0003:0000652c       ??_C@_07KOOO@glFogfv?$AA@  1001652c     qgl_win.obj
 0003:00006534       ??_C@_06MMBO@glFogf?$AA@   10016534     qgl_win.obj
 0003:0000653c       ??_C@_08HFPP@glFinish?$AA@ 1001653c     qgl_win.obj
 0003:00006548       ??_C@_05FDNN@glEnd?$AA@    10016548     qgl_win.obj
 0003:00006550       ??_C@_0BE@JJFB@glEnableClientState?$AA@ 10016550     qgl_win.obj
 0003:00006564       ??_C@_08PHJO@glEnable?$AA@ 10016564     qgl_win.obj
 0003:00006570       ??_C@_0N@DBGG@glDrawBuffer?$AA@ 10016570     qgl_win.obj
 0003:00006580       ??_C@_09DADM@glDisable?$AA@ 10016580     qgl_win.obj
 0003:0000658c       ??_C@_0N@OLL@glDepthRange?$AA@ 1001658c     qgl_win.obj
 0003:0000659c       ??_C@_0M@LIJE@glDepthMask?$AA@ 1001659c     qgl_win.obj
 0003:000065a8       ??_C@_0M@FDIH@glDepthFunc?$AA@ 100165a8     qgl_win.obj
 0003:000065b4       ??_C@_0BB@OKAI@glDeleteTextures?$AA@ 100165b4     qgl_win.obj
 0003:000065c8       ??_C@_0L@LIEG@glCullFace?$AA@ 100165c8     qgl_win.obj
 0003:000065d4       ??_C@_0P@PPM@glColorPointer?$AA@ 100165d4     qgl_win.obj
 0003:000065e4       ??_C@_0M@EHCG@glColor4ubv?$AA@ 100165e4     qgl_win.obj
 0003:000065f0       ??_C@_0L@EOB@glColor4ub?$AA@ 100165f0     qgl_win.obj
 0003:000065fc       ??_C@_0L@FGJL@glColor4fv?$AA@ 100165fc     qgl_win.obj
 0003:00006608       ??_C@_09LJGG@glColor4f?$AA@ 10016608     qgl_win.obj
 0003:00006614       ??_C@_0L@OIPK@glColor3fv?$AA@ 10016614     qgl_win.obj
 0003:00006620       ??_C@_09NIDD@glColor3f?$AA@ 10016620     qgl_win.obj
 0003:0000662c       ??_C@_0N@DFBF@glClearDepth?$AA@ 1001662c     qgl_win.obj
 0003:0000663c       ??_C@_0N@IALK@glClearColor?$AA@ 1001663c     qgl_win.obj
 0003:0000664c       ??_C@_07IOIM@glClear?$AA@  1001664c     qgl_win.obj
 0003:00006654       ??_C@_0M@PHAI@glBlendFunc?$AA@ 10016654     qgl_win.obj
 0003:00006660       ??_C@_0O@NAMD@glBindTexture?$AA@ 10016660     qgl_win.obj
 0003:00006670       ??_C@_07GHIG@glBegin?$AA@  10016670     qgl_win.obj
 0003:00006678       ??_C@_0P@ODMD@glArrayElement?$AA@ 10016678     qgl_win.obj
 0003:00006688       ??_C@_0M@JBDJ@glAlphaFunc?$AA@ 10016688     qgl_win.obj
 0003:00006694       ??_C@_0BA@CLML@?$CFs?5?$CIGL_?$CFs?0?5?$CFg?$CJ?6?$AA@ 10016694     qgl_win.obj
 0003:000066a4       ??_C@_0BG@DAAF@MAX_TEXTURE_UNITS_ARB?$AA@ 100166a4     qgl_win.obj
 0003:000066bc       ??_C@_0BD@GMGA@COMPRESSED_RGB_ARB?$AA@ 100166bc     qgl_win.obj
 0003:000066d0       ??_C@_0BE@IH@COMPRESSED_RGBA_ARB?$AA@ 100166d0     qgl_win.obj
 0003:000066e4       ??_C@_03NMFM@?$DP?$DP?$DP?$AA@ 100166e4     qgl_win.obj
 0003:000066e8       ??_C@_0BK@MMII@CLIENT_ACTIVE_TEXTURE_ARB?$AA@ 100166e8     qgl_win.obj
 0003:00006704       ??_C@_0N@NLFP@TEXTURE1_ARB?$AA@ 10016704     qgl_win.obj
 0003:00006714       ??_C@_0N@DLDA@TEXTURE2_ARB?$AA@ 10016714     qgl_win.obj
 0003:00006724       ??_C@_0N@JLBF@TEXTURE3_ARB?$AA@ 10016724     qgl_win.obj
 0003:00006734       ??_C@_0BD@KCJL@ACTIVE_TEXTURE_ARB?$AA@ 10016734     qgl_win.obj
 0003:00006748       ??_C@_0N@HLHK@TEXTURE0_ARB?$AA@ 10016748     qgl_win.obj
 0003:00006758       ??_C@_0BC@OBEG@MAX_TEXTURES_SGIS?$AA@ 10016758     qgl_win.obj
 0003:0000676c       ??_C@_0O@LKHK@TEXTURE0_SGIS?$AA@ 1001676c     qgl_win.obj
 0003:0000677c       ??_C@_0O@CPNK@TEXTURE1_SGIS?$AA@ 1001677c     qgl_win.obj
 0003:0000678c       ??_C@_09NAGI@RGB4_S3TC?$AA@ 1001678c     qgl_win.obj
 0003:00006798       ??_C@_0BE@JCFC@TEXTURE_COORD_ARRAY?$AA@ 10016798     qgl_win.obj
 0003:000067ac       ??_C@_07PAAL@RGB5_A1?$AA@  100167ac     qgl_win.obj
 0003:000067b4       ??_C@_05NHNA@RGBA8?$AA@    100167b4     qgl_win.obj
 0003:000067bc       ??_C@_0N@HGH@VERTEX_ARRAY?$AA@ 100167bc     qgl_win.obj
 0003:000067cc       ??_C@_0M@EMKC@COLOR_ARRAY?$AA@ 100167cc     qgl_win.obj
 0003:000067d8       ??_C@_05CJDE@RGBA4?$AA@    100167d8     qgl_win.obj
 0003:000067e0       ??_C@_05IKJL@CLAMP?$AA@    100167e0     qgl_win.obj
 0003:000067e8       ??_C@_06LEAO@REPEAT?$AA@   100167e8     qgl_win.obj
 0003:000067f0       ??_C@_04MGA@RGB5?$AA@      100167f0     qgl_win.obj
 0003:000067f8       ??_C@_04FIBD@RGB8?$AA@     100167f8     qgl_win.obj
 0003:00006800       ??_C@_0P@FPDA@TEXTURE_WRAP_T?$AA@ 10016800     qgl_win.obj
 0003:00006810       ??_C@_0BF@IDPG@LINEAR_MIPMAP_LINEAR?$AA@ 10016810     qgl_win.obj
 0003:00006828       ??_C@_0BD@GPCO@TEXTURE_MAG_FILTER?$AA@ 10016828     qgl_win.obj
 0003:0000683c       ??_C@_0BD@HEDF@TEXTURE_MIN_FILTER?$AA@ 1001683c     qgl_win.obj
 0003:00006850       ??_C@_0P@KNF@TEXTURE_WRAP_S?$AA@ 10016850     qgl_win.obj
 0003:00006860       ??_C@_0BG@KLGC@NEAREST_MIPMAP_LINEAR?$AA@ 10016860     qgl_win.obj
 0003:00006878       ??_C@_07LNBJ@NEAREST?$AA@  10016878     qgl_win.obj
 0003:00006880       ??_C@_06OAFN@LINEAR?$AA@   10016880     qgl_win.obj
 0003:00006888       ??_C@_0BH@PDFC@NEAREST_MIPMAP_NEAREST?$AA@ 10016888     qgl_win.obj
 0003:000068a0       ??_C@_0BG@NGHK@LINEAR_MIPMAP_NEAREST?$AA@ 100168a0     qgl_win.obj
 0003:000068b8       ??_C@_0M@NBKK@TEXTURE_ENV?$AA@ 100168b8     qgl_win.obj
 0003:000068c4       ??_C@_08CMBM@MODULATE?$AA@ 100168c4     qgl_win.obj
 0003:000068d0       ??_C@_05PJOE@DECAL?$AA@    100168d0     qgl_win.obj
 0003:000068d8       ??_C@_0BB@NLLP@TEXTURE_ENV_MODE?$AA@ 100168d8     qgl_win.obj
 0003:000068ec       ??_C@_0BC@DLAE@TEXTURE_ENV_COLOR?$AA@ 100168ec     qgl_win.obj
 0003:00006900       ??_C@_07LJIB@REPLACE?$AA@  10016900     qgl_win.obj
 0003:00006908       ??_C@_0L@OBAA@PROJECTION?$AA@ 10016908     qgl_win.obj
 0003:00006914       ??_C@_07DFFE@TEXTURE?$AA@  10016914     qgl_win.obj
 0003:0000691c       ??_C@_04GBFB@LINE?$AA@     1001691c     qgl_win.obj
 0003:00006924       ??_C@_04NCBP@FILL?$AA@     10016924     qgl_win.obj
 0003:0000692c       ??_C@_09ODHH@MODELVIEW?$AA@ 1001692c     qgl_win.obj
 0003:00006938       ??_C@_03IJOL@INT?$AA@      10016938     qgl_win.obj
 0003:0000693c       ??_C@_0N@JHEK@UNSIGNED_INT?$AA@ 1001693c     qgl_win.obj
 0003:0000694c       ??_C@_05JDEL@FLOAT?$AA@    1001694c     qgl_win.obj
 0003:00006954       ??_C@_06CGGE@DOUBLE?$AA@   10016954     qgl_win.obj
 0003:0000695c       ??_C@_0P@CEOH@UNSIGNED_SHORT?$AA@ 1001695c     qgl_win.obj
 0003:0000696c       ??_C@_0L@BNFJ@TEXTURE_2D?$AA@ 1001696c     qgl_win.obj
 0003:00006978       ??_C@_04EHOP@BYTE?$AA@     10016978     qgl_win.obj
 0003:00006980       ??_C@_0O@BAPB@UNSIGNED_BYTE?$AA@ 10016980     qgl_win.obj
 0003:00006990       ??_C@_05HFLA@SHORT?$AA@    10016990     qgl_win.obj
 0003:00006998       ??_C@_05FKDH@BLEND?$AA@    10016998     qgl_win.obj
 0003:000069a0       ??_C@_09MPEF@CULL_FACE?$AA@ 100169a0     qgl_win.obj
 0003:000069ac       ??_C@_03OHFM@FOG?$AA@      100169ac     qgl_win.obj
 0003:000069b0       ??_C@_0L@BABM@DEPTH_TEST?$AA@ 100169b0     qgl_win.obj
 0003:000069bc       ??_C@_0L@GPNO@ALPHA_TEST?$AA@ 100169bc     qgl_win.obj
 0003:000069c8       ??_C@_0P@JON@FRONT_AND_BACK?$AA@ 100169c8     qgl_win.obj
 0003:000069d8       ??_C@_0BE@LFCA@ONE_MINUS_DST_COLOR?$AA@ 100169d8     qgl_win.obj
 0003:000069ec       ??_C@_0BD@KGEA@SRC_ALPHA_SATURATE?$AA@ 100169ec     qgl_win.obj
 0003:00006a00       ??_C@_05OHBH@FRONT?$AA@    10016a00     qgl_win.obj
 0003:00006a08       ??_C@_04FGAG@BACK?$AA@     10016a08     qgl_win.obj
 0003:00006a10       ??_C@_09FMPF@DST_COLOR?$AA@ 10016a10     qgl_win.obj
 0003:00006a1c       ??_C@_09LOLG@SRC_ALPHA?$AA@ 10016a1c     qgl_win.obj
 0003:00006a28       ??_C@_0BE@FHGD@ONE_MINUS_SRC_ALPHA?$AA@ 10016a28     qgl_win.obj
 0003:00006a3c       ??_C@_09LNFA@DST_ALPHA?$AA@ 10016a3c     qgl_win.obj
 0003:00006a48       ??_C@_0BE@FEIF@ONE_MINUS_DST_ALPHA?$AA@ 10016a48     qgl_win.obj
 0003:00006a5c       ??_C@_0BE@LGMG@ONE_MINUS_SRC_COLOR?$AA@ 10016a5c     qgl_win.obj
 0003:00006a70       ??_C@_08NCCF@NOTEQUAL?$AA@ 10016a70     qgl_win.obj
 0003:00006a7c       ??_C@_06NENM@GEQUAL?$AA@   10016a7c     qgl_win.obj
 0003:00006a84       ??_C@_06MJBP@ALWAYS?$AA@   10016a84     qgl_win.obj
 0003:00006a8c       ??_C@_09FPBD@SRC_COLOR?$AA@ 10016a8c     qgl_win.obj
 0003:00006a98       ??_C@_07HOFJ@GREATER?$AA@  10016a98     qgl_win.obj
 0003:00006aa0       ??_C@_05NLLC@NEVER?$AA@    10016aa0     qgl_win.obj
 0003:00006aa8       ??_C@_04HMEB@LESS?$AA@     10016aa8     qgl_win.obj
 0003:00006ab0       ??_C@_05FELF@EQUAL?$AA@    10016ab0     qgl_win.obj
 0003:00006ab8       ??_C@_06MHDN@LEQUAL?$AA@   10016ab8     qgl_win.obj
 0003:00006ac0       ??_C@_03CICP@ADD?$AA@      10016ac0     qgl_win.obj
 0003:00006ac4       ??_C@_03GGHL@ONE?$AA@      10016ac4     qgl_win.obj
 0003:00006ac8       ??_C@_04LHLC@ZERO?$AA@     10016ac8     qgl_win.obj
 0003:00006ad0       ??_C@_07KMLC@POLYGON?$AA@  10016ad0     qgl_win.obj
 0003:00006ad8       ??_C@_0L@KPMO@QUAD_STRIP?$AA@ 10016ad8     qgl_win.obj
 0003:00006ae4       ??_C@_05MOCA@QUADS?$AA@    10016ae4     qgl_win.obj
 0003:00006aec       ??_C@_0N@LKDL@TRIANGLE_FAN?$AA@ 10016aec     qgl_win.obj
 0003:00006afc       ??_C@_0P@GLMF@TRIANGLE_STRIP?$AA@ 10016afc     qgl_win.obj
 0003:00006b0c       ??_C@_09IKDC@TRIANGLES?$AA@ 10016b0c     qgl_win.obj
 0003:00006b18       ??_C@_0L@DFPI@LINE_STRIP?$AA@ 10016b18     qgl_win.obj
 0003:00006b24       ??_C@_09EOOC@LINE_LOOP?$AA@ 10016b24     qgl_win.obj
 0003:00006b30       ??_C@_08NDLN@?$CFs?5?$CI?$CFd?$CJ?6?$AA@ 10016b30     qgl_win.obj
 0003:00006b3c       ??_C@_0M@JAMH@?$CFs?5?$CIGL_?$CFs?$CJ?6?$AA@ 10016b3c     qgl_win.obj
 0003:00006b48       ??_C@_0BA@NNPA@?$CFs?5?$CIGL_?$CFs?0?5?$CFd?$CJ?6?$AA@ 10016b48     qgl_win.obj
 0003:00006b58       ??_C@_0BD@LHJN@?$CFs?5?$CIGL_?$CFs?0?5GL_?$CFs?$CJ?6?$AA@ 10016b58     qgl_win.obj
 0003:00006b6c       ??_C@_03HHKO@?$CFs?6?$AA@  10016b6c     qgl_win.obj
 0003:00006b70       ??_C@_0BF@PLKJ@?$CFs?5?$CI?$CFg?0?5?$CFg?0?5?$CFg?0?5?$CFg?$CJ?6?$AA@ 10016b70     qgl_win.obj
 0003:00006b88       ??_C@_08CFIG@?$CFs?5?$CI?$CFg?$CJ?6?$AA@ 10016b88     qgl_win.obj
 0003:00006b94       ??_C@_0BB@NPFI@?$CFs?5?$CI?$CFg?0?5?$CFg?0?5?$CFg?$CJ?6?$AA@ 10016b94     qgl_win.obj
 0003:00006ba8       ??_C@_0BF@GFM@?$CFs?5?$CI?$CFd?0?5?$CFd?0?5?$CFd?0?5?$CFd?$CJ?6?$AA@ 10016ba8     qgl_win.obj
 0003:00006bc0       ??_C@_0BJ@MPOB@?$CFs?5?$CI?$CFd?0?5GL_?$CFs?0?5?$CFd?0?5$?$CFX?$CJ?6?$AA@ 10016bc0     qgl_win.obj
 0003:00006bdc       ??_C@_0O@JIGC@?$CFs?5?$CI?$CFd?0?5$?$CFX?$CJ?6?$AA@ 10016bdc     qgl_win.obj
 0003:00006bec       ??_C@_0N@CNFJ@?$CFs?5?$CI?$CFg?0?5?$CFg?$CJ?6?$AA@ 10016bec     qgl_win.obj
 0003:00006bfc       ??_C@_0BB@PLBH@?$CFs?5?$CIGL_?$CFs?0?5$?$CFX?$CJ?6?$AA@ 10016bfc     qgl_win.obj
 0003:00006c10       ??_C@_0BN@BCG@?$CFs?5?$CI?$CFg?0?5?$CFg?0?5?$CFg?0?5?$CFg?0?5?$CFg?0?5?$CFg?$CJ?6?$AA@ 10016c10     qgl_win.obj
 0003:00006c30       ??_C@_0CI@ENE@?$CFs?5?$CI?$CFd?0?5?$CFd?0?5?$CFd?0?5?$CFd?0?5GL_?$CFs?0?5GL_?$CFs@ 10016c30     qgl_win.obj
 0003:00006c58       ??_C@_0BH@GDNB@?$CFs?5?$CIGL_?$CFs?0?5GL_?$CFs?0?5?$CFg?$CJ?6?$AA@ 10016c58     qgl_win.obj
 0003:00006c70       ??_C@_0BI@GBFP@?$CFs?5?$CIGL_?$CFs?0?5GL_?$CFs?0?5$?$CFX?$CJ?6?$AA@ 10016c70     qgl_win.obj
 0003:00006c88       ??_C@_0BK@DNBE@?$CFs?5?$CIGL_?$CFs?0?5GL_?$CFs?0?5GL_?$CFs?$CJ?6?$AA@ 10016c88     qgl_win.obj
 0003:00006ca4       ??_C@_0DD@PHF@?$CFs?5?$CIGL_?$CFs?0?5?$CFd?0?5?$CFd?0?5?$CFd?0?5?$CFd?0?5?$CFd?0?5G@ 10016ca4     qgl_win.obj
 0003:00006cd8       ??_C@_0BE@KIHO@?$CFs?5?$CIGL_?$CFs?0?5?$CFg?0?5?$CFg?$CJ?6?$AA@ 10016cd8     qgl_win.obj
 0003:00006cec       ??_C@_0N@KINM@?$CFs?5?$CI?$CFd?0?5?$CFd?$CJ?6?$AA@ 10016cec     qgl_win.obj
 0003:00006cfc       ??_C@_0BA@CFPH@QGL_Shutdown?$CI?$CJ?6?$AA@ 10016cfc     qgl_win.obj
 0003:00006d0c       ??_C@_0EF@GBON@QGL_Init?3?5inconsistent?5OpenGL?5li@ 10016d0c     qgl_win.obj
 0003:00006d54       ??_C@_0CD@JMON@QGL_Init?3?5LoadLibrary?5?$CI?$CFs?$CJ?5faile@ 10016d54     qgl_win.obj
 0003:00006d78       ??_C@_01BJG@?6?$AA@        10016d78     qgl_win.obj
 0003:00006d7c       ??_C@_0BI@ECOL@?5?5?5?$CFs?5is?5covered?5by?5?$CFs?6?$AA@ 10016d7c     qgl_win.obj
 0003:00006d94       ??_C@_0BL@ELJI@?4?4?4undetected?5extensions?3?6?$AA@ 10016d94     qgl_win.obj
 0003:00006db0       ??_C@_08MJAO@?$FO6?5?5?5?$CFs?6?$AA@ 10016db0     qgl_win.obj
 0003:00006dbc       ??_C@_0BL@HBLH@?$FO6?4?4?4disabled?5extensions?3?6?$AA@ 10016dbc     qgl_win.obj
 0003:00006dd8       ??_C@_0BM@LPPM@?4?4?4no?5extensions?5was?5found?6?$AA@ 10016dd8     qgl_win.obj
 0003:00006df4       ??_C@_06GNEC@?5?5?5?$CFs?6?$AA@ 10016df4     qgl_win.obj
 0003:00006dfc       ??_C@_0CB@IAKB@?5?5?5?$CFs?5deprecated?5in?5favor?5of?5?$CFs?6@ 10016dfc     qgl_win.obj
 0003:00006e20       ??_C@_0BF@IGJL@?4?4?4used?5extensions?3?6?$AA@ 10016e20     qgl_win.obj
 0003:00006e38       ??_C@_0BE@LAAD@?$CFs?5required?5for?5?$CFs?6?$AA@ 10016e38     qgl_win.obj
 0003:00006e4c       ??_C@_0DG@MIOL@Inconsistent?5extension?5?$CFs?5?9?5func@ 10016e4c     qgl_win.obj
 0003:00006e84       ??_C@_0DG@BHLE@?6?9?9?9?9?9?9?9?9?9?9?9?9?9?9?9?9?9?9?9?9?9?9?9?9?6?$CFs?9?9?9?9@ 10016e84     qgl_win.obj
 0003:00006ebc       ??_C@_09EIMA@?$CFs?1gl?4log?$AA@ 10016ebc     qgl_win.obj
 0003:00006ec8       ??_C@_02JALM@a?$CL?$AA@    10016ec8     qgl_win.obj
 0003:0007d030       ??_C@_00A@?$AA@            1008d030     gl_rmain.obj
 0003:000c3a6c       _vec3_origin               100d3a6c     q_shared2.obj
 0003:000c3bc0       _qgl                       100d3bc0     <common>
 0003:000c3d00       _glw_state                 100d3d00     <common>
 0003:000c3d20       _skyaxis                   100d3d20     <common>
 0003:000c3d2c       _skyrotate                 100d3d2c     <common>
 0003:000c3d30       _reflect_img               100d3d30     <common>
 0003:000c3d40       _sky_images                100d3d40     <common>
 0003:000c3d60       _r_turbsin                 100d3d60     <common>
 0003:000c4160       _skymaxs                   100d4160     <common>
 0003:000c41a0       _skyname                   100d41a0     <common>
 0003:000c41e0       _warpface                  100d41e0     <common>
 0003:000c4200       _skymins                   100d4200     <common>
 0003:000c4230       _sky_max                   100d4230     <common>
 0003:000c4234       _sky_min                   100d4234     <common>
 0003:000c4238       _c_sky                     100d4238     <common>
 0003:000c4240       _gl_textbuf                100d4240     <common>
 0003:000d4240       _gl_textbuf_count          100e4240     <common>
 0003:000d4244       _gl_last_rec               100e4244     <common>
 0003:000d4248       _gl_textbuf_pos            100e4248     <common>
 0003:000d424c       _c_visibleleafs            100e424c     <common>
 0003:000d4250       _r_alpha_surfaces          100e4250     <common>
 0003:000d4254       _c_visible_textures        100e4254     <common>
 0003:000d4258       _c_visible_lightmaps       100e4258     <common>
 0003:000d425c       _c_leafsinfrustum          100e425c     <common>
 0003:000d4260       _gl_screenshotFlags        100e4260     <common>
 0003:000d4264       _gl_screenshotName         100e4264     <common>
 0003:000d4268       _gl_lockpvs                100e4268     <common>
 0003:000d4280       _gl_speeds                 100e4280     <common>
 0003:000d429c       _r_norefresh               100e429c     <common>
 0003:000d42a0       _vid_ref                   100e42a0     <common>
 0003:000d42c0       _gl_config                 100e42c0     <common>
 0003:000d49ec       _r_oldviewcluster2         100e49ec     <common>
 0003:000d49f0       _gl_drawbuffer             100e49f0     <common>
 0003:000d49f4       _r_notexture               100e49f4     <common>
 0003:000d49f8       _gl_monolightmap           100e49f8     <common>
 0003:000d49fc       _r_worldmodel              100e49fc     <common>
 0003:000d4a00       _r_ignorehwgamma           100e4a00     <common>
 0003:000d4a04       _gl_showtris               100e4a04     <common>
 0003:000d4a08       _currentmodel              100e4a08     <common>
 0003:000d4a0c       _gl_winrefl                100e4a0c     <common>
 0003:000d4a10       _gl_vertex_arrays          100e4a10     <common>
 0003:000d4a14       _gl_texturealphamode       100e4a14     <common>
 0003:000d4a18       _r_speeds                  100e4a18     <common>
 0003:000d4a1c       _gl_clear                  100e4a1c     <common>
 0003:000d4a20       _gl_picmip                 100e4a20     <common>
 0003:000d4a40       _r_rawpalette              100e4a40     <common>
 0003:000d4e40       _v_blend                   100e4e40     <common>
 0003:000d4e50       _gl_allow_software         100e4e50     <common>
 0003:000d4e54       _gl_bitdepth               100e4e54     <common>
 0003:000d4e58       _gl_cull                   100e4e58     <common>
 0003:000d4e5c       _r_lightmap                100e4e5c     <common>
 0003:000d4e60       _gl_nobind                 100e4e60     <common>
 0003:000d4e64       _gl_nosubimage             100e4e64     <common>
 0003:000d4e80       _r_newrefdef               100e4e80     <common>
 0003:000d4ee8       _r_oldviewcluster          100e4ee8     <common>
 0003:000d4ef0       _vid                       100e4ef0     <common>
 0003:000d4ef8       _gl_skymip                 100e4ef8     <common>
 0003:000d4efc       _gl_texturesolidmode       100e4efc     <common>
 0003:000d4f00       _vpn                       100e4f00     <common>
 0003:000d4f0c       _gl_modulate               100e4f0c     <common>
 0003:000d4f10       _r_framecount              100e4f10     <common>
 0003:000d4f20       _vup                       100e4f20     <common>
 0003:000d4f2c       _c_brush_polys             100e4f2c     <common>
 0003:000d4f30       _gl_flashblend             100e4f30     <common>
 0003:000d4f34       _r_lefthand                100e4f34     <common>
 0003:000d4f38       _gl_saturatelighting       100e4f38     <common>
 0003:000d4f3c       _gl_frustumCull            100e4f3c     <common>
 0003:000d4f40       _r_viewcluster2            100e4f40     <common>
 0003:000d4f44       _gl_logFile                100e4f44     <common>
 0003:000d4f48       _gl_texturemode            100e4f48     <common>
 0003:000d4f60       _ri                        100e4f60     <common>
 0003:000d5048       _gl_dynamic                100e5048     <common>
 0003:000d504c       _gldepthmin                100e504c     <common>
 0003:000d5050       _gl_round_down             100e5050     <common>
 0003:000d5054       _r_viewcluster             100e5054     <common>
 0003:000d5058       _gldepthmax                100e5058     <common>
 0003:000d505c       _gl_swapinterval           100e505c     <common>
 0003:000d5060       _frustum                   100e5060     <common>
 0003:000d50b0       _gl_zmax                   100e50b0     <common>
 0003:000d50b4       _r_visframecount           100e50b4     <common>
 0003:000d50b8       _r_novis                   100e50b8     <common>
 0003:000d50bc       _gl_shadows                100e50bc     <common>
 0003:000d50c0       _gl_playermip              100e50c0     <common>
 0003:000d50c4       _gl_3dlabs_broken          100e50c4     <common>
 0003:000d50c8       _r_gamma                   100e50c8     <common>
 0003:000d50cc       _gl_dlightBacks            100e50cc     <common>
 0003:000d50d0       _r_origin                  100e50d0     <common>
 0003:000d50dc       _currententity             100e50dc     <common>
 0003:000d50e0       _r_world_matrix            100e50e0     <common>
 0003:000d5120       _vright                    100e5120     <common>
 0003:000d512c       _r_contrast                100e512c     <common>
 0003:000d5130       _gl_mode                   100e5130     <common>
 0003:000d5134       _r_lerpmodels              100e5134     <common>
 0003:000d5138       _gl_driver                 100e5138     <common>
 0003:000d513c       _r_brightness              100e513c     <common>
 0003:000d5140       _r_fullscreen              100e5140     <common>
 0003:000d5144       _r_drawentities            100e5144     <common>
 0003:000d5148       _gl_ztrick                 100e5148     <common>
 0003:000d514c       _gl_lightlevel             100e514c     <common>
 0003:000d5150       _c_alias_polys             100e5150     <common>
 0003:000d5154       _gl_polyblend              100e5154     <common>
 0003:000d5158       _r_particletexture         100e5158     <common>
 0003:000d515c       _r_fullbright              100e515c     <common>
 0003:000d5160       _r_drawworld               100e5160     <common>
 0003:000d5164       _gl_finish                 100e5164     <common>
 0003:000d5180       _gl_state                  100e5180     <common>
 0003:000d51c0       _mod_inline                100e51c0     <common>
 0003:001041c0       _gl_mod_numknown           101141c0     <common>
 0003:001041c4       _loadmodel                 101141c4     <common>
 0003:001041c8       _modfilelen                101141c8     <common>
 0003:001041cc       _registration_sequence     101141cc     <common>
 0003:001041e0       _mod_novis                 101141e0     <common>
 0003:00106200       _gl_mod_known              10116200     <common>
 0003:00135200       _pointcolor                10145200     <common>
 0003:00135210       _lightspot                 10145210     <common>
 0003:0013521c       _r_dlightframecount        1014521c     <common>
 0003:00135220       _lightplane                10145220     <common>
 0003:00135240       _scrap_texels              10145240     <common>
 0003:00145260       _gltextures                10155260     <common>
 0003:00164260       _upload_height             10174260     <common>
 0003:00164264       _upload_width              10174264     <common>
 0003:00164268       _upload_format             10174268     <common>
 0003:0016426c       _numgltextures             1017426c     <common>
 0003:00164280       _gammatable                10174280     <common>
 0003:00164380       _r_saturation              10174380     <common>
 0003:001643a0       _scrap_allocated           101743a0     <common>
 0003:001647a0       _d_8to24table              101747a0     <common>
 0003:00164ba0       _scrap_uploads             10174ba0     <common>
 0003:00164ba4       _scrap_dirty               10174ba4     <common>
 0003:00164ba8       _intensity                 10174ba8     <common>
 0003:00164bac       _draw_chars                10174bac     <common>
 0003:00164bb0       __adjust_fdiv              10174bb0     <common>
 0003:00164bb4       ___onexitend               10174bb4     <common>
 0003:00164bb8       ___onexitbegin             10174bb8     <common>
 0003:00164bbc       __pRawDllMain              10174bbc     <common>

 entry point at        0001:0000dbc9

 Static symbols

 0001:0000c03a       _logAlphaFunc@8            1000d03a f   qgl_win.obj
 0001:0000c07b       _EnumName                  1000d07b f   qgl_win.obj
 0001:0000c4fd       _logArrayElement@4         1000d4fd f   qgl_win.obj
 0001:0000c527       _logBegin@4                1000d527 f   qgl_win.obj
 0001:0000c557       _logBindTexture@8          1000d557 f   qgl_win.obj
 0001:0000c590       _logBlendFunc@8            1000d590 f   qgl_win.obj
 0001:0000c5d0       _logClear@4                1000d5d0 f   qgl_win.obj
 0001:0000c5f6       _logClearColor@16          1000d5f6 f   qgl_win.obj
 0001:0000c657       _logClearDepth@8           1000d657 f   qgl_win.obj
 0001:0000c689       _logColor3f@12             1000d689 f   qgl_win.obj
 0001:0000c6db       _logColor3fv@4             1000d6db f   qgl_win.obj
 0001:0000c701       _logColor4f@16             1000d701 f   qgl_win.obj
 0001:0000c762       _logColor4fv@4             1000d762 f   qgl_win.obj
 0001:0000c788       _logColor4ub@16            1000d788 f   qgl_win.obj
 0001:0000c7ce       _logColor4ubv@4            1000d7ce f   qgl_win.obj
 0001:0000c7f4       _logColorPointer@16        1000d7f4 f   qgl_win.obj
 0001:0000c839       _logCullFace@4             1000d839 f   qgl_win.obj
 0001:0000c869       _logDeleteTextures@8       1000d869 f   qgl_win.obj
 0001:0000c89b       _logDepthFunc@4            1000d89b f   qgl_win.obj
 0001:0000c8cb       _logDepthMask@4            1000d8cb f   qgl_win.obj
 0001:0000c8f7       _logDepthRange@16          1000d8f7 f   qgl_win.obj
 0001:0000c93b       _logDisable@4              1000d93b f   qgl_win.obj
 0001:0000c96b       _logDrawBuffer@4           1000d96b f   qgl_win.obj
 0001:0000c99b       _logEnable@4               1000d99b f   qgl_win.obj
 0001:0000c9cb       _logEnableClientState@4    1000d9cb f   qgl_win.obj
 0001:0000c9fb       _logEnd@0                  1000d9fb f   qgl_win.obj
 0001:0000ca1a       _logFinish@0               1000da1a f   qgl_win.obj
 0001:0000ca39       _logFogf@8                 1000da39 f   qgl_win.obj
 0001:0000ca7a       _logFogfv@8                1000da7a f   qgl_win.obj
 0001:0000cab3       _logFrustum@48             1000dab3 f   qgl_win.obj
 0001:0000cb37       _logGetError@0             1000db37 f   qgl_win.obj
 0001:0000cb56       _logGetFloatv@8            1000db56 f   qgl_win.obj
 0001:0000cb80       _logGetIntegerv@8          1000db80 f   qgl_win.obj
 0001:0000cbaa       _logGetString@4            1000dbaa f   qgl_win.obj
 0001:0000cbd0       _logLoadIdentity@0         1000dbd0 f   qgl_win.obj
 0001:0000cbef       _logLoadMatrixf@4          1000dbef f   qgl_win.obj
 0001:0000cc15       _logMatrixMode@4           1000dc15 f   qgl_win.obj
 0001:0000cc45       _logOrtho@48               1000dc45 f   qgl_win.obj
 0001:0000ccc9       _logPolygonMode@8          1000dcc9 f   qgl_win.obj
 0001:0000cd09       _logPopMatrix@0            1000dd09 f   qgl_win.obj
 0001:0000cd28       _logPushMatrix@0           1000dd28 f   qgl_win.obj
 0001:0000cd47       _logReadPixels@28          1000dd47 f   qgl_win.obj
 0001:0000cda5       _logRotatef@16             1000dda5 f   qgl_win.obj
 0001:0000ce06       _logScalef@12              1000de06 f   qgl_win.obj
 0001:0000ce58       _logScissor@16             1000de58 f   qgl_win.obj
 0001:0000ce96       _logShadeModel@4           1000de96 f   qgl_win.obj
 0001:0000cec6       _logTexCoord2f@8           1000dec6 f   qgl_win.obj
 0001:0000cf09       _logTexCoordPointer@16     1000df09 f   qgl_win.obj
 0001:0000cf4e       _logTexEnvf@12             1000df4e f   qgl_win.obj
 0001:0000cf9c       _logTexEnvfv@12            1000df9c f   qgl_win.obj
 0001:0000cfe2       _logTexEnvi@12             1000dfe2 f   qgl_win.obj
 0001:0000d02f       _logTexImage2D@36          1000e02f f   qgl_win.obj
 0001:0000d0a0       _logTexParameterf@12       1000e0a0 f   qgl_win.obj
 0001:0000d0ee       _logTexSubImage2D@36       1000e0ee f   qgl_win.obj
 0001:0000d15f       _logTranslatef@12          1000e15f f   qgl_win.obj
 0001:0000d1b1       _logVertex2f@8             1000e1b1 f   qgl_win.obj
 0001:0000d1f4       _logVertex3f@12            1000e1f4 f   qgl_win.obj
 0001:0000d246       _logVertex3fv@4            1000e246 f   qgl_win.obj
 0001:0000d26c       _logVertexPointer@16       1000e26c f   qgl_win.obj
 0001:0000d2b1       _logViewport@16            1000e2b1 f   qgl_win.obj
 0001:0000d2ef       _logwglChoosePixelFormat@8 1000e2ef f   qgl_win.obj
 0001:0000d319       _logwglDescribePixelFormat@16 1000e319 f   qgl_win.obj
 0001:0000d34b       _logwglSetPixelFormat@12   1000e34b f   qgl_win.obj
 0001:0000d379       _logwglSwapBuffers@4       1000e379 f   qgl_win.obj
 0001:0000d39f       _logwglCreateContext@4     1000e39f f   qgl_win.obj
 0001:0000d3c5       _logwglDeleteContext@4     1000e3c5 f   qgl_win.obj
 0001:0000d3eb       _logwglGetProcAddress@4    1000e3eb f   qgl_win.obj
 0001:0000d411       _logwglMakeCurrent@8       1000e411 f   qgl_win.obj
 0001:0000d43b       _logSelectTextureSGIS@4    1000e43b f   qgl_win.obj
 0001:0000d46b       _logMultiTexCoord2fSGIS@12 1000e46b f   qgl_win.obj
 0001:0000d4bb       _logActiveTextureARB@4     1000e4bb f   qgl_win.obj
 0001:0000d4eb       _logMultiTexCoord2fARB@12  1000e4eb f   qgl_win.obj
 0001:0000d53b       _logLockArraysEXT@8        1000e53b f   qgl_win.obj
 0001:0000d56d       _logUnlockArraysEXT@0      1000e56d f   qgl_win.obj
 0001:0000d58c       _logwglSwapIntervalEXT@4   1000e58c f   qgl_win.obj
 0001:0000d964       _ExtensionSupported        1000e964 f   qgl_win.obj
 0001:0000b2f5       _ReadGamma                 1000c2f5 f   glw_imp.obj
 0001:0000b337       _GLimp_InitGL              1000c337 f   glw_imp.obj
 0001:0000b3dc       _DestoryGLcontext          1000c3dc f   glw_imp.obj
 0001:0000b417       _DeactivateGLcontext       1000c417 f   glw_imp.obj
 0001:0000b44b       _GLimp_SetPixelFormat      1000c44b f   glw_imp.obj
 0001:0000b5a3       _VerifyDriver              1000c5a3 f   glw_imp.obj
 0001:0000b5ce       _CreateGLcontext           1000c5ce f   glw_imp.obj
 0001:0000b5fc       _ActivateGLcontext         1000c5fc f   glw_imp.obj
 0001:0000b6b2       _RestoreGamma              1000c6b2 f   glw_imp.obj
 0001:00008933       _DrawReflectPoly           10009933 f   gl_rsurf.obj
 0001:00008db9       _GL_RenderLightmappedPoly  10009db9 f   gl_rsurf.obj
 0001:000098cd       _LM_UploadBlock            1000a8cd f   gl_rsurf.obj
 0001:000099ae       _LM_AllocBlock             1000a9ae f   gl_rsurf.obj
 0001:00007819       _R_EndFrame                10008819 f   gl_rmain.obj
 0001:000078b4       _Screenshot                100088b4 f   gl_rmain.obj
 0001:000078d7       _GetClientLight            100088d7 f   gl_rmain.obj
 0001:000078de       _ReloadImage               100088de f   gl_rmain.obj
 0001:00003f15       _R_CullAliasModel          10004f15 f   gl_mesh.obj
