 ref_oldgl

 Timestamp is 3f127005 (Mon Jul 14 12:55:33 2003)

 Preferred load address is 10000000

 Start         Length     Name                   Class
 0001:00000000 0000df20H .text                   CODE
 0002:00000000 000000ecH .idata$5                DATA
 0002:000000f0 00000308H .rdata                  DATA
 0002:000003f8 00000050H .idata$2                DATA
 0002:00000448 00000014H .idata$3                DATA
 0002:0000045c 000000ecH .idata$4                DATA
 0002:00000548 000002e0H .idata$6                DATA
 0002:00000830 0000004aH .edata                  DATA
 0003:00000000 00000004H .CRT$XCA                DATA
 0003:00000004 00000004H .CRT$XCZ                DATA
 0003:00000008 00000004H .CRT$XIA                DATA
 0003:0000000c 00000004H .CRT$XIZ                DATA
 0003:00000010 00007630H .data                   DATA
 0003:00007640 0015d9a0H .bss                    DATA

  Address         Publics by Value              Rva+Base     Lib:Object

 0001:00000000       _Draw_InitLocal            10001000 f   gl_draw.obj
 0001:0000004d       _Draw_Char                 1000104d f   gl_draw.obj
 0001:000001a0       _Draw_CharColor            100011a0 f   gl_draw.obj
 0001:00000229       _Draw_FindPic              10001229 f   gl_draw.obj
 0001:00000256       _Draw_GetPicSize           10001256 f   gl_draw.obj
 0001:00000296       _Draw_StretchPic           10001296 f   gl_draw.obj
 0001:000003fc       _Draw_Pic                  100013fc f   gl_draw.obj
 0001:000005a2       _Draw_PicColor             100015a2 f   gl_draw.obj
 0001:00000613       _Draw_TileClear            10001613 f   gl_draw.obj
 0001:0000079a       _Draw_Fill                 1000179a f   gl_draw.obj
 0001:000008b6       _Draw_Fill2                100018b6 f   gl_draw.obj
 0001:000009c3       _Draw_StretchRaw           100019c3 f   gl_draw.obj
 0001:00000bd8       _GL_SetTexturePalette      10001bd8 f   gl_image.obj
 0001:00000bd9       _GL_EnableMultitexture     10001bd9 f   gl_image.obj
 0001:00000c31       _GL_SelectTexture          10001c31 f   gl_image.obj
 0001:00000c7b       _qglMTexCoord2f            10001c7b f   gl_image.obj
 0001:00000cd9       _GL_TexEnv                 10001cd9 f   gl_image.obj
 0001:00000d0b       _GL_Bind                   10001d0b f   gl_image.obj
 0001:00000d62       _GL_MBind                  10001d62 f   gl_image.obj
 0001:00000d84       _GL_TextureMode            10001d84 f   gl_image.obj
 0001:00000e43       _GL_TextureAlphaMode       10001e43 f   gl_image.obj
 0001:00000e8b       _GL_TextureSolidMode       10001e8b f   gl_image.obj
 0001:00000ed3       _GL_ImageList_f            10001ed3 f   gl_image.obj
 0001:00000fe6       _Scrap_AllocBlock          10001fe6 f   gl_image.obj
 0001:000010a2       _Scrap_Upload              100020a2 f   gl_image.obj
 0001:000010d2       _R_FloodFillSkin           100020d2 f   gl_image.obj
 0001:00001265       _GL_ResampleTexture        10002265 f   gl_image.obj
 0001:00001400       _GL_LightScaleTexture      10002400 f   gl_image.obj
 0001:000015bc       _GL_MipMap                 100025bc f   gl_image.obj
 0001:00001713       _GL_Upload32               10002713 f   gl_image.obj
 0001:000019d6       _GL_Upload8                100029d6 f   gl_image.obj
 0001:00001ac1       _GL_LoadPic                10002ac1 f   gl_image.obj
 0001:00001d36       _GL_LoadWal                10002d36 f   gl_image.obj
 0001:00001d95       _GL_FindImage              10002d95 f   gl_image.obj
 0001:000020d7       _R_RegisterSkin            100030d7 f   gl_image.obj
 0001:000020e5       _GL_FreeUnusedImages       100030e5 f   gl_image.obj
 0001:00002157       _Draw_GetPalette           10003157 f   gl_image.obj
 0001:000021e5       _GL_InitImages             100031e5 f   gl_image.obj
 0001:00002319       _GL_ShutdownImages         10003319 f   gl_image.obj
 0001:00002358       _R_RenderDlight            10003358 f   gl_light.obj
 0001:00002475       _R_RenderDlights           10003475 f   gl_light.obj
 0001:0000252c       _R_MarkLights              1000352c f   gl_light.obj
 0001:000025eb       _R_PushDlights             100035eb f   gl_light.obj
 0001:00002646       _RecursiveLightPoint       10003646 f   gl_light.obj
 0001:00002917       _R_LightPoint              10003917 f   gl_light.obj
 0001:00002a57       _R_AddDynamicLights        10003a57 f   gl_light.obj
 0001:00002cac       _R_SetCacheState           10003cac f   gl_light.obj
 0001:00002cd7       _R_BuildLightMap           10003cd7 f   gl_light.obj
 0001:00003295       _GL_LerpVerts              10004295 f   gl_mesh.obj
 0001:0000341f       _GL_DrawAliasFrameLerp     1000441f f   gl_mesh.obj
 0001:00003802       _GL_DrawAliasShadow        10004802 f   gl_mesh.obj
 0001:000038a4       _R_DrawAliasModel          100048a4 f   gl_mesh.obj
 0001:000041a4       _Mod_PointInLeaf           100051a4 f   gl_model.obj
 0001:00004207       _Mod_DecompressVis         10005207 f   gl_model.obj
 0001:00004287       _Mod_ClusterPVS            10005287 f   gl_model.obj
 0001:000042bd       _Mod_Modellist_f           100052bd f   gl_model.obj
 0001:0000431e       _Mod_Init                  1000531e f   gl_model.obj
 0001:00004336       _Mod_ForName               10005336 f   gl_model.obj
 0001:00004584       _CreateSolarColor          10005584 f   gl_model.obj
 0001:00004657       _Mod_LoadLighting          10005657 f   gl_model.obj
 0001:00004892       _Mod_LoadSubmodels         10005892 f   gl_model.obj
 0001:00004925       _Mod_LoadEdges             10005925 f   gl_model.obj
 0001:00004974       _Mod_LoadTexinfo           10005974 f   gl_model.obj
 0001:00004a81       _CalcSurfaceExtents        10005a81 f   gl_model.obj
 0001:00004bc8       _Mod_LoadFaces             10005bc8 f   gl_model.obj
 0001:00004d23       _Mod_SetParent             10005d23 f   gl_model.obj
 0001:00004d48       _Mod_LoadNodes             10005d48 f   gl_model.obj
 0001:00004e46       _Mod_LoadLeafs             10005e46 f   gl_model.obj
 0001:00004ee9       _Mod_LoadMarksurfaces      10005ee9 f   gl_model.obj
 0001:00004f67       _Mod_LoadPlanes            10005f67 f   gl_model.obj
 0001:00004ffb       _Mod_LoadBrushModel        10005ffb f   gl_model.obj
 0001:00005205       _Mod_LoadAliasModel        10006205 f   gl_model.obj
 0001:000054ab       _Mod_LoadSpriteModel       100064ab f   gl_model.obj
 0001:000055b2       _R_BeginRegistration       100065b2 f   gl_model.obj
 0001:0000564c       _R_RegisterModel           1000664c f   gl_model.obj
 0001:00005749       _R_EndRegistration         10006749 f   gl_model.obj
 0001:0000579c       _Mod_FreeAll               1000679c f   gl_model.obj
 0001:000057e2       _R_CullBox                 100067e2 f   gl_rmain.obj
 0001:0000584c       _R_RotateForEntity         1000684c f   gl_rmain.obj
 0001:000058cf       _R_DrawSpriteModel         100068cf f   gl_rmain.obj
 0001:00005b56       _R_DrawNullModel           10006b56 f   gl_rmain.obj
 0001:00005ce9       _R_DrawEntitiesOnList      10006ce9 f   gl_rmain.obj
 0001:00005e29       _GL_DrawParticles          10006e29 f   gl_rmain.obj
 0001:00006016       _R_PolyBlend               10007016 f   gl_rmain.obj
 0001:00006196       _SignbitsForPlane          10007196 f   gl_rmain.obj
 0001:000061c0       _R_SetFrustum              100071c0 f   gl_rmain.obj
 0001:000062aa       _R_SetupFrame              100072aa f   gl_rmain.obj
 0001:0000643e       _MYgluPerspective          1000743e f   gl_rmain.obj
 0001:000064aa       _R_SetupGL                 100074aa f   gl_rmain.obj
 0001:0000672c       _R_Clear                   1000772c f   gl_rmain.obj
 0001:0000680d       _R_RenderView              1000780d f   gl_rmain.obj
 0001:0000694a       _R_SetGL2D                 1000794a f   gl_rmain.obj
 0001:00006a3b       _R_SetLightLevel           10007a3b f   gl_rmain.obj
 0001:00006a96       _R_RenderFrame             10007a96 f   gl_rmain.obj
 0001:00006aaf       _R_Register                10007aaf f   gl_rmain.obj
 0001:00006af0       _R_SetMode                 10007af0 f   gl_rmain.obj
 0001:00006bd6       _R_Init                    10007bd6 f   gl_rmain.obj
 0001:00006fac       _R_Shutdown                10007fac f   gl_rmain.obj
 0001:00006fe6       _R_BeginFrame              10007fe6 f   gl_rmain.obj
 0001:000072fd       _R_SetPalette              100082fd f   gl_rmain.obj
 0001:000073c8       _R_DrawBeam                100083c8 f   gl_rmain.obj
 0001:000075e0       _Draw_ConCharColor         100085e0 f   gl_rmain.obj
 0001:00007601       _GetRefAPI                 10008601 f   gl_rmain.obj
 0001:00007833       _CopyString                10008833 f   gl_rmain.obj
 0001:00007858       _R_InitParticleTexture     10008858 f   gl_rmisc.obj
 0001:00007927       _GL_PerformScreenshot      10008927 f   gl_rmisc.obj
 0001:00007b0e       _GL_Strings_f              10008b0e f   gl_rmisc.obj
 0001:00007b53       _GL_SetDefaultState        10008b53 f   gl_rmisc.obj
 0001:00007cae       _GL_UpdateSwapInterval     10008cae f   gl_rmisc.obj
 0001:00007ce2       _R_TextureAnimation        10008ce2 f   gl_rsurf.obj
 0001:00007d06       _DrawGLPoly                10008d06 f   gl_rsurf.obj
 0001:00007d62       _DrawGLFlowingPoly         10008d62 f   gl_rsurf.obj
 0001:00007dea       _R_DrawTriangleOutlines    10008dea f   gl_rsurf.obj
 0001:00007ee7       _DrawGLPolyChain           10008ee7 f   gl_rsurf.obj
 0001:00007fbe       _R_BlendLightmaps          10008fbe f   gl_rsurf.obj
 0001:000082c4       _R_RenderBrushPoly         100092c4 f   gl_rsurf.obj
 0001:00008493       _DrawReflectPoly3          10009493 f   gl_rsurf.obj
 0001:00008566       _R_DrawAlphaSurfaces       10009566 f   gl_rsurf.obj
 0001:00008973       _DrawTextureChains         10009973 f   gl_rsurf.obj
 0001:00008aa1       _R_DrawInlineBModel        10009aa1 f   gl_rsurf.obj
 0001:00009049       _R_DrawBrushModel          1000a049 f   gl_rsurf.obj
 0001:0000926c       _R_RecursiveWorldNode      1000a26c f   gl_rsurf.obj
 0001:0000940e       _R_DrawWorld               1000a40e f   gl_rsurf.obj
 0001:00009593       _R_MarkLeaves              1000a593 f   gl_rsurf.obj
 0001:00009925       _GL_BuildPolygonFromSurface 1000a925 f   gl_rsurf.obj
 0001:00009ad0       _GL_CreateSurfaceLightmap  1000aad0 f   gl_rsurf.obj
 0001:00009b7a       _GL_BeginBuildingLightmaps 1000ab7a f   gl_rsurf.obj
 0001:00009ccc       _GL_EndBuildingLightmaps   1000accc f   gl_rsurf.obj
 0001:00009cdd       _DrawColoredText           1000acdd f   gl_textout.obj
 0001:00009e84       _R_DrawTexts               1000ae84 f   gl_textout.obj
 0001:00009edb       _DrawTextPos               1000aedb f   gl_textout.obj
 0001:00009f89       _DrawTextLeft              1000af89 f   gl_textout.obj
 0001:00009fc5       _DrawTextRight             1000afc5 f   gl_textout.obj
 0001:0000a016       _BoundPoly                 1000b016 f   gl_warp.obj
 0001:0000a094       _SubdividePolygon          1000b094 f   gl_warp.obj
 0001:0000a3cc       _GL_SubdivideSurface       1000b3cc f   gl_warp.obj
 0001:0000a45d       _EmitWaterPolys            1000b45d f   gl_warp.obj
 0001:0000a553       _DrawSkyPolygon            1000b553 f   gl_warp.obj
 0001:0000a733       _ClipSkyPolygon            1000b733 f   gl_warp.obj
 0001:0000a97b       _R_AddSkySurface           1000b97b f   gl_warp.obj
 0001:0000a9e8       _R_ClearSkyBox             1000b9e8 f   gl_warp.obj
 0001:0000aa1e       _MakeSkyVec                1000ba1e f   gl_warp.obj
 0001:0000ab1a       _R_DrawSkyBox              1000bb1a f   gl_warp.obj
 0001:0000acd9       _R_SetSky                  1000bcd9 f   gl_warp.obj
 0001:0000ade9       _GLimp_SetMode             1000bde9 f   glw_imp.obj
 0001:0000b09e       _GLimp_HasGamma            1000c09e f   glw_imp.obj
 0001:0000b0b3       _GLimp_SetGamma            1000c0b3 f   glw_imp.obj
 0001:0000b259       _GLimp_Shutdown            1000c259 f   glw_imp.obj
 0001:0000b36b       _GLimp_Init                1000c36b f   glw_imp.obj
 0001:0000b6b5       _GLimp_BeginFrame          1000c6b5 f   glw_imp.obj
 0001:0000b708       _GLimp_EndFrame            1000c708 f   glw_imp.obj
 0001:0000b7a5       _GLimp_AppActivate         1000c7a5 f   glw_imp.obj
 0001:0000b81f       _Q_rsqrt                   1000c81f f   q_shared2.obj
 0001:0000b84f       _RotatePointAroundVector   1000c84f f   q_shared2.obj
 0001:0000b9bf       _AngleVectors              1000c9bf f   q_shared2.obj
 0001:0000bb20       _ProjectPointOnPlane       1000cb20 f   q_shared2.obj
 0001:0000bb9f       _PerpendicularVector       1000cb9f f   q_shared2.obj
 0001:0000bc1e       _MatrixMultiply            1000cc1e f   q_shared2.obj
 0001:0000bd05       _BoxOnPlaneSide            1000cd05 f   q_shared2.obj
 0001:0000be21       _VectorNormalize           1000ce21 f   q_shared2.obj
 0001:0000be75       _VectorNormalizeFast       1000ce75 f   q_shared2.obj
 0001:0000beb8       _VectorMA                  1000ceb8 f   q_shared2.obj
 0001:0000bee7       _CrossProduct              1000cee7 f   q_shared2.obj
 0001:0000bf22       _VectorLength              1000cf22 f   q_shared2.obj
 0001:0000bf51       _VectorScale               1000cf51 f   q_shared2.obj
 0001:0000bf75       _va                        1000cf75 f   q_shared2.obj
 0001:0000bfc2       _Q_stricmp                 1000cfc2 f   q_shared2.obj
 0001:0000bfd3       _Com_sprintf               1000cfd3 f   q_shared2.obj
 0001:0000d84a       _QGL_Shutdown              1000e84a f   qgl_win.obj
 0001:0000d87d       _QGL_Init                  1000e87d f   qgl_win.obj
 0001:0000d903       _QGL_InitExtensions        1000e903 f   qgl_win.obj
 0001:0000dc3e       _QGL_EnableLogging         1000ec3e f   qgl_win.obj
 0001:0000dd0a       _QGL_LogMessage            1000ed0a f   qgl_win.obj
 0001:0000dd30       __chkstk                   1000ed30 f   MSVCRT:chkstk.obj
 0001:0000dd30       __alloca_probe             1000ed30 f   MSVCRT:chkstk.obj
 0001:0000dd60       __ftol                     1000ed60 f   MSVCRT:MSVCRT.dll
 0001:0000dd66       _memcpy                    1000ed66 f   MSVCRT:MSVCRT.dll
 0001:0000dd6c       _strcpy                    1000ed6c f   MSVCRT:MSVCRT.dll
 0001:0000dd72       _strlen                    1000ed72 f   MSVCRT:MSVCRT.dll
 0001:0000dd78       _strcmp                    1000ed78 f   MSVCRT:MSVCRT.dll
 0001:0000dd7e       _memset                    1000ed7e f   MSVCRT:MSVCRT.dll
 0001:0000dd84       _pow                       1000ed84 f   MSVCRT:MSVCRT.dll
 0001:0000dd8a       _cos                       1000ed8a f   MSVCRT:MSVCRT.dll
 0001:0000dd90       _sin                       1000ed90 f   MSVCRT:MSVCRT.dll
 0001:0000dd96       _fabs                      1000ed96 f   MSVCRT:MSVCRT.dll
 0001:0000dd9c       _tan                       1000ed9c f   MSVCRT:MSVCRT.dll
 0001:0000dda2       _strcat                    1000eda2 f   MSVCRT:MSVCRT.dll
 0001:0000dda8       _sqrt                      1000eda8 f   MSVCRT:MSVCRT.dll
 0001:0000ddae       __CRT_INIT@12              1000edae f   MSVCRT:crtdll.obj
 0001:0000de59       __DllMainCRTStartup@12     1000ee59 f   MSVCRT:crtdll.obj
 0001:0000def6       __initterm                 1000eef6 f   MSVCRT:MSVCRT.dll
 0001:0000defc       _DllMain@12                1000eefc f   MSVCRT:dllmain.obj
 0002:00000000       __imp__SetDeviceGammaRamp@8 1000f000     gdi32:GDI32.dll
 0002:00000004       __imp__SwapBuffers@4       1000f004     gdi32:GDI32.dll
 0002:00000008       __imp__SetPixelFormat@12   1000f008     gdi32:GDI32.dll
 0002:0000000c       __imp__ChoosePixelFormat@8 1000f00c     gdi32:GDI32.dll
 0002:00000010       __imp__GetDeviceCaps@8     1000f010     gdi32:GDI32.dll
 0002:00000014       __imp__GetDeviceGammaRamp@8 1000f014     gdi32:GDI32.dll
 0002:00000018       __imp__DescribePixelFormat@16 1000f018     gdi32:GDI32.dll
 0002:0000001c       \177GDI32_NULL_THUNK_DATA  1000f01c     gdi32:GDI32.dll
 0002:00000020       __imp__GetVersionExA@4     1000f020     kernel32:KERNEL32.dll
 0002:00000024       __imp__DisableThreadLibraryCalls@4 1000f024     kernel32:KERNEL32.dll
 0002:00000028       __imp__FreeLibrary@4       1000f028     kernel32:KERNEL32.dll
 0002:0000002c       __imp__LoadLibraryA@4      1000f02c     kernel32:KERNEL32.dll
 0002:00000030       __imp__GetProcAddress@8    1000f030     kernel32:KERNEL32.dll
 0002:00000034       \177KERNEL32_NULL_THUNK_DATA 1000f034     kernel32:KERNEL32.dll
 0002:00000038       __imp__fabs                1000f038     MSVCRT:MSVCRT.dll
 0002:0000003c       __imp__strstr              1000f03c     MSVCRT:MSVCRT.dll
 0002:00000040       __imp__fclose              1000f040     MSVCRT:MSVCRT.dll
 0002:00000044       __imp__toupper             1000f044     MSVCRT:MSVCRT.dll
 0002:00000048       __imp__strlwr              1000f048     MSVCRT:MSVCRT.dll
 0002:00000048       __imp___strlwr             1000f048     MSVCRT:MSVCRT.dll
 0002:0000004c       __imp___ftol               1000f04c     MSVCRT:MSVCRT.dll
 0002:00000050       __imp__memcpy              1000f050     MSVCRT:MSVCRT.dll
 0002:00000054       __imp__strcpy              1000f054     MSVCRT:MSVCRT.dll
 0002:00000058       __imp__strlen              1000f058     MSVCRT:MSVCRT.dll
 0002:0000005c       __imp__strncmp             1000f05c     MSVCRT:MSVCRT.dll
 0002:00000060       __imp__strcmp              1000f060     MSVCRT:MSVCRT.dll
 0002:00000064       __imp__memset              1000f064     MSVCRT:MSVCRT.dll
 0002:00000068       __imp__pow                 1000f068     MSVCRT:MSVCRT.dll
 0002:0000006c       __imp__cos                 1000f06c     MSVCRT:MSVCRT.dll
 0002:00000070       __imp__sin                 1000f070     MSVCRT:MSVCRT.dll
 0002:00000074       __imp___winmajor           1000f074     MSVCRT:MSVCRT.dll
 0002:00000078       __imp__strrchr             1000f078     MSVCRT:MSVCRT.dll
 0002:0000007c       __imp__atoi                1000f07c     MSVCRT:MSVCRT.dll
 0002:00000080       __imp__ceil                1000f080     MSVCRT:MSVCRT.dll
 0002:00000084       __imp__floor               1000f084     MSVCRT:MSVCRT.dll
 0002:00000088       __imp__tan                 1000f088     MSVCRT:MSVCRT.dll
 0002:0000008c       __imp__putenv              1000f08c     MSVCRT:MSVCRT.dll
 0002:0000008c       __imp___putenv             1000f08c     MSVCRT:MSVCRT.dll
 0002:00000090       __imp__fopen               1000f090     MSVCRT:MSVCRT.dll
 0002:00000094       __imp__strcat              1000f094     MSVCRT:MSVCRT.dll
 0002:00000098       __imp__strncpy             1000f098     MSVCRT:MSVCRT.dll
 0002:0000009c       __imp__asctime             1000f09c     MSVCRT:MSVCRT.dll
 0002:000000a0       __imp__sqrt                1000f0a0     MSVCRT:MSVCRT.dll
 0002:000000a4       __imp___vsnprintf          1000f0a4     MSVCRT:MSVCRT.dll
 0002:000000a8       __imp__stricmp             1000f0a8     MSVCRT:MSVCRT.dll
 0002:000000a8       __imp___stricmp            1000f0a8     MSVCRT:MSVCRT.dll
 0002:000000ac       __imp__time                1000f0ac     MSVCRT:MSVCRT.dll
 0002:000000b0       __imp__fprintf             1000f0b0     MSVCRT:MSVCRT.dll
 0002:000000b4       __imp__localtime           1000f0b4     MSVCRT:MSVCRT.dll
 0002:000000b8       __imp__malloc              1000f0b8     MSVCRT:MSVCRT.dll
 0002:000000bc       __imp__free                1000f0bc     MSVCRT:MSVCRT.dll
 0002:000000c0       __imp___initterm           1000f0c0     MSVCRT:MSVCRT.dll
 0002:000000c4       __imp___adjust_fdiv        1000f0c4     MSVCRT:MSVCRT.dll
 0002:000000c8       \177MSVCRT_NULL_THUNK_DATA 1000f0c8     MSVCRT:MSVCRT.dll
 0002:000000cc       __imp__GetDC@4             1000f0cc     user32:USER32.dll
 0002:000000d0       __imp__ReleaseDC@8         1000f0d0     user32:USER32.dll
 0002:000000d4       __imp__GetDesktopWindow@0  1000f0d4     user32:USER32.dll
 0002:000000d8       __imp__SetWindowPos@28     1000f0d8     user32:USER32.dll
 0002:000000dc       __imp__ChangeDisplaySettingsA@8 1000f0dc     user32:USER32.dll
 0002:000000e0       __imp__ShowWindow@8        1000f0e0     user32:USER32.dll
 0002:000000e4       __imp__SetForegroundWindow@4 1000f0e4     user32:USER32.dll
 0002:000000e8       \177USER32_NULL_THUNK_DATA 1000f0e8     user32:USER32.dll
 0002:000000f0       __real@4@400c9800000000000000 1000f0f0     gl_draw.obj
 0002:000000f4       __real@4@3ffb8000000000000000 1000f0f4     gl_draw.obj
 0002:000000f8       __real@8@3ffb8000000000000000 1000f0f8     gl_draw.obj
 0002:00000100       __real@8@3ff98000000000000000 1000f100     gl_draw.obj
 0002:00000108       __real@8@3ff78080808080808000 1000f108     gl_draw.obj
 0002:00000110       __real@8@3ffeb333333333333000 1000f110     gl_draw.obj
 0002:00000118       __real@4@400c9804000000000000 1000f118     gl_draw.obj
 0002:0000011c       __real@4@3ff78000000000000000 1000f11c     gl_draw.obj
 0002:00000120       __real@8@3ff78000000000000000 1000f120     gl_draw.obj
 0002:00000128       _fmt_names                 1000f128     gl_image.obj
 0002:000001c0       __real@8@3ffec000000000000000 1000f1c0     gl_image.obj
 0002:000001c8       __real@8@3ffd8000000000000000 1000f1c8     gl_image.obj
 0002:000001d0       __real@8@3ffdaaaaaaaaaaaaa800 1000f1d0     gl_image.obj
 0002:000001d8       __real@4@4006ff00000000000000 1000f1d8     gl_image.obj
 0002:000001dc       __real@4@00000000000000000000 1000f1dc     gl_image.obj
 0002:000001e0       __real@8@3ffe8000000000000000 1000f1e0     gl_image.obj
 0002:000001e8       __real@8@3fff8000000000000000 1000f1e8     gl_image.obj
 0002:000001f0       __real@8@3ff8a3d70a3d70a3d800 1000f1f0     gl_image.obj
 0002:000001f8       __real@8@4006ff00000000000000 1000f1f8     gl_image.obj
 0002:00000200       __real@8@3ff78040201008040000 1000f200     gl_image.obj
 0002:00000208       __real@4@3fff8000000000000000 1000f208     gl_image.obj
 0002:00000210       __real@8@3ffdc90fdaa22168c000 1000f210     gl_light.obj
 0002:00000218       __real@8@3ffcccccccccccccd000 1000f218     gl_light.obj
 0002:00000220       __real@8@3ffdb333333333333000 1000f220     gl_light.obj
 0002:00000228       __real@4@40048000000000000000 1000f228     gl_light.obj
 0002:0000022c       __real@4@3ff88000000000000000 1000f22c     gl_light.obj
 0002:00000230       __real@4@3ff78080808080808000 1000f230     gl_light.obj
 0002:00000234       __real@4@bfff8000000000000000 1000f234     gl_light.obj
 0002:00000238       __real@4@400a8000000000000000 1000f238     gl_light.obj
 0002:0000023c       __real@4@40038000000000000000 1000f23c     gl_light.obj
 0002:00000240       __real@8@40088000000000000000 1000f240     gl_light.obj
 0002:00000248       __real@4@4002c000000000000000 1000f248     gl_light.obj
 0002:00000250       __real@8@4023c000000000000000 1000f250     gl_light.obj
 0002:00000258       __real@4@40028000000000000000 1000f258     gl_light.obj
 0002:0000025c       __real@4@40018000000000000000 1000f25c     gl_mesh.obj
 0002:00000260       __real@4@3ffe8000000000000000 1000f260     gl_mesh.obj
 0002:00000268       __real@8@40018000000000000000 1000f268     gl_mesh.obj
 0002:00000270       __real@8@400b8000000000000000 1000f270     gl_mesh.obj
 0002:00000278       __real@8@3ffd9999999999999800 1000f278     gl_mesh.obj
 0002:00000280       __real@8@4000c90fdaa22168c000 1000f280     gl_mesh.obj
 0002:00000288       __real@4@3ff7b60b60b60b60b800 1000f288     gl_mesh.obj
 0002:00000290       __real@8@3ffab60b60b60b60b800 1000f290     gl_mesh.obj
 0002:00000298       __real@8@3ffeccccccccccccd000 1000f298     gl_mesh.obj
 0002:000002a0       __real@4@4001e000000000000000 1000f2a0     gl_mesh.obj
 0002:000002a4       __real@4@3ffbccccccccccccd000 1000f2a4     gl_mesh.obj
 0002:000002a8       __real@8@3ffbccccccccccccd000 1000f2a8     gl_mesh.obj
 0002:000002b0       __real@4@40069600000000000000 1000f2b0     gl_mesh.obj
 0002:000002b4       __real@4@4001a000000000000000 1000f2b4     gl_model.obj
 0002:000002b8       __real@8@3ffda8f5c28f5c28f800 1000f2b8     gl_model.obj
 0002:000002c0       __real@8@3ffab0c34c1a8ac5c800 1000f2c0     gl_model.obj
 0002:000002c8       __real@4@c00fc34f800000000000 1000f2c8     gl_model.obj
 0002:000002cc       __real@4@4012f423f00000000000 1000f2cc     gl_model.obj
 0002:000002d0       __real@4@c0048000000000000000 1000f2d0     gl_model.obj
 0002:000002d4       __real@4@3ffeaa7ef9db22d0e800 1000f2d4     gl_rmain.obj
 0002:000002d8       __real@4@3ffaccccccccccccd000 1000f2d8     gl_rmain.obj
 0002:000002e0       __real@8@40038000000000000000 1000f2e0     gl_rmain.obj
 0002:000002e8       __real@8@3fffc90fdaa22168c000 1000f2e8     gl_rmain.obj
 0002:000002f0       __real@4@c0038000000000000000 1000f2f0     gl_rmain.obj
 0002:000002f4       __real@4@3fff8800000000000000 1000f2f4     gl_rmain.obj
 0002:000002f8       __real@8@3ff783126e978d4fe000 1000f2f8     gl_rmain.obj
 0002:00000300       __real@4@4003a000000000000000 1000f300     gl_rmain.obj
 0002:00000304       __real@4@3fffc000000000000000 1000f304     gl_rmain.obj
 0002:00000308       __real@4@c005c800000000000000 1000f308     gl_rmain.obj
 0002:0000030c       __real@4@4002a000000000000000 1000f30c     gl_rmain.obj
 0002:00000310       __real@4@4005c800000000000000 1000f310     gl_rmain.obj
 0002:00000314       __real@4@4005b400000000000000 1000f314     gl_rmain.obj
 0002:00000318       __real@4@c005b400000000000000 1000f318     gl_rmain.obj
 0002:0000031c       __real@4@3ffd9999999999999800 1000f31c     gl_rmain.obj
 0002:00000320       __real@8@3ff88efa351294e9c800 1000f320     gl_rmain.obj
 0002:00000328       __real@8@4000a000000000000000 1000f328     gl_rmain.obj
 0002:00000330       __real@8@c00fc34f800000000000 1000f330     gl_rmain.obj
 0002:00000338       __real@8@400fc34f800000000000 1000f338     gl_rmain.obj
 0002:00000340       __real@4@3ff78080810000000000 1000f340     gl_rmain.obj
 0002:00000348       __real@8@4004f000000000000000 1000f348     gl_rmain.obj
 0002:00000350       __real@4@400ca404000000000000 1000f350     gl_rmisc.obj
 0002:00000358       __real@8@00000000000000000000 1000f358     gl_rsurf.obj
 0002:00000360       __real@8@c0058000000000000000 1000f360     gl_rsurf.obj
 0002:00000368       __real@8@3ff9ccccccccccccd000 1000f368     gl_rsurf.obj
 0002:00000370       __real@4@3ffea8f5c28f5c28f800 1000f370     gl_rsurf.obj
 0002:00000374       __real@4@3ffda8f5c28f5c28f800 1000f374     gl_rsurf.obj
 0002:00000378       __real@4@3ffce147ae147ae14800 1000f378     gl_rsurf.obj
 0002:00000380       __real@8@bff8a3d70a3d70a3d800 1000f380     gl_rsurf.obj
 0002:00000388       __real@4@3ffd8000000000000000 1000f388     gl_rsurf.obj
 0002:0000038c       __real@4@3ff38000000000000000 1000f38c     gl_rsurf.obj
 0002:00000390       __real@4@c00c9c3c000000000000 1000f390     gl_warp.obj
 0002:00000394       __real@4@400c9c3c000000000000 1000f394     gl_warp.obj
 0002:00000398       __real@8@40058000000000000000 1000f398     gl_warp.obj
 0002:000003a0       __real@4@3ff98000000000000000 1000f3a0     gl_warp.obj
 0002:000003a8       __real@8@4004a2f9836e4e441800 1000f3a8     gl_warp.obj
 0002:000003b0       __real@8@3ffc8000000000000000 1000f3b0     gl_warp.obj
 0002:000003b8       __real@8@3ff583126e978d4fe000 1000f3b8     gl_warp.obj
 0002:000003c0       __real@8@bffbccccccccccccd000 1000f3c0     gl_warp.obj
 0002:000003c8       __real@8@400effff000000000000 1000f3c8     glw_imp.obj
 0002:000003d0       __real@4@3fef8000400020001000 1000f3d0     glw_imp.obj
 0002:000003d4       __real@4@400e8000000000000000 1000f3d4     glw_imp.obj
 0002:000003d8       __real@8@3fffe666666666666800 1000f3d8     glw_imp.obj
 0002:000003e0       __real@4@4000c000000000000000 1000f3e0     glw_imp.obj
 0002:000003e8       __real@8@3ff7b60b60b60b60b800 1000f3e8     q_shared2.obj
 0002:000003f0       __real@8@3ff98efa351294e9c800 1000f3f0     q_shared2.obj
 0002:000003f8       __IMPORT_DESCRIPTOR_KERNEL32 1000f3f8     kernel32:KERNEL32.dll
 0002:0000040c       __IMPORT_DESCRIPTOR_USER32 1000f40c     user32:USER32.dll
 0002:00000420       __IMPORT_DESCRIPTOR_GDI32  1000f420     gdi32:GDI32.dll
 0002:00000434       __IMPORT_DESCRIPTOR_MSVCRT 1000f434     MSVCRT:MSVCRT.dll
 0002:00000448       __NULL_IMPORT_DESCRIPTOR   1000f448     kernel32:KERNEL32.dll
 0003:00000000       ___xc_a                    10010000     MSVCRT:cinitexe.obj
 0003:00000004       ___xc_z                    10010004     MSVCRT:cinitexe.obj
 0003:00000008       ___xi_a                    10010008     MSVCRT:cinitexe.obj
 0003:0000000c       ___xi_z                    1001000c     MSVCRT:cinitexe.obj
 0003:00000070       ??_C@_08CFBM@conchars?$AA@ 10010070     gl_draw.obj
 0003:0000007c       ??_C@_0M@BOLH@pics?1?$CFs?4?$DP?$DP?$DP?$AA@ 1001007c     gl_draw.obj
 0003:00000088       ??_C@_0BE@OFJF@Can?8t?5find?5pic?3?5?$CFs?6?$AA@ 10010088     gl_draw.obj
 0003:0000009c       ??_C@_0BF@FJLG@Draw_Fill?3?5bad?5color?$AA@ 1001009c     gl_draw.obj
 0003:000000b4       ??_C@_03EDOL@PAL?$AA@      100100b4     gl_image.obj
 0003:000000b8       ??_C@_08IECI@RGBA_ARB?$AA@ 100100b8     gl_image.obj
 0003:000000c4       ??_C@_07MDOP@RGB_ARB?$AA@  100100c4     gl_image.obj
 0003:000000cc       ??_C@_04DLAJ@S3TC?$AA@     100100cc     gl_image.obj
 0003:000000d4       ??_C@_04PIGM@RGBA?$AA@     100100d4     gl_image.obj
 0003:000000dc       ??_C@_03DLPD@RGB?$AA@      100100dc     gl_image.obj
 0003:000000e0       ??_C@_02GAM@IA?$AA@        100100e0     gl_image.obj
 0003:000000e4       ??_C@_01FLOP@I?$AA@        100100e4     gl_image.obj
 0003:000000e8       ??_C@_04PDBB@?$DP?$DP?$DP?$DP?$AA@ 100100e8     gl_image.obj
 0003:000000f0       _gl_solid_format           100100f0     gl_image.obj
 0003:000000f4       _gl_alpha_format           100100f4     gl_image.obj
 0003:000000f8       _gl_tex_solid_format       100100f8     gl_image.obj
 0003:000000fc       _gl_tex_alpha_format       100100fc     gl_image.obj
 0003:00000100       _gl_filter_min             10010100     gl_image.obj
 0003:00000104       _gl_filter_max             10010104     gl_image.obj
 0003:00000110       _modes                     10010110     gl_image.obj
 0003:00000158       _gl_alpha_modes            10010158     gl_image.obj
 0003:00000188       _gl_solid_modes            10010188     gl_image.obj
 0003:000001b8       ??_C@_0M@BAKM@GL_R3_G3_B2?$AA@ 100101b8     gl_image.obj
 0003:000001c4       ??_C@_07DDCO@GL_RGB4?$AA@  100101c4     gl_image.obj
 0003:000001cc       ??_C@_07JJLJ@GL_RGB5?$AA@  100101cc     gl_image.obj
 0003:000001d4       ??_C@_07MNMK@GL_RGB8?$AA@  100101d4     gl_image.obj
 0003:000001dc       ??_C@_06OCPL@GL_RGB?$AA@   100101dc     gl_image.obj
 0003:000001e4       ??_C@_08DJND@GL_RGBA2?$AA@ 100101e4     gl_image.obj
 0003:000001f0       ??_C@_08MGKB@GL_RGBA4?$AA@ 100101f0     gl_image.obj
 0003:000001fc       ??_C@_0L@BGEN@GL_RGB5_A1?$AA@ 100101fc     gl_image.obj
 0003:00000208       ??_C@_08DIEF@GL_RGBA8?$AA@ 10010208     gl_image.obj
 0003:00000214       ??_C@_07GNLF@GL_RGBA?$AA@  10010214     gl_image.obj
 0003:0000021c       ??_C@_07FMEP@default?$AA@  1001021c     gl_image.obj
 0003:00000224       ??_C@_0BI@KDJA@GL_LINEAR_MIPMAP_LINEAR?$AA@ 10010224     gl_image.obj
 0003:0000023c       ??_C@_0BJ@FEEC@GL_NEAREST_MIPMAP_LINEAR?$AA@ 1001023c     gl_image.obj
 0003:00000258       ??_C@_0BJ@CJFK@GL_LINEAR_MIPMAP_NEAREST?$AA@ 10010258     gl_image.obj
 0003:00000274       ??_C@_0BK@NEKN@GL_NEAREST_MIPMAP_NEAREST?$AA@ 10010274     gl_image.obj
 0003:00000290       ??_C@_09KGLC@GL_LINEAR?$AA@ 10010290     gl_image.obj
 0003:0000029c       ??_C@_0L@FLFP@GL_NEAREST?$AA@ 1001029c     gl_image.obj
 0003:000002a8       ??_C@_0CG@IONK@MTexCoord?5call?5without?5multitext@ 100102a8     gl_image.obj
 0003:000002d0       ??_C@_0BB@KGGC@bad?5filter?5name?6?$AA@ 100102d0     gl_image.obj
 0003:000002e4       ??_C@_0BN@OHAB@bad?5alpha?5texture?5mode?5name?6?$AA@ 100102e4     gl_image.obj
 0003:00000304       ??_C@_0BN@DBG@bad?5solid?5texture?5mode?5name?6?$AA@ 10010304     gl_image.obj
 0003:00000324       ??_C@_0DM@JAA@Total?5?$CFi?5images?5with?5texel?5count@ 10010324     gl_image.obj
 0003:00000360       ??_C@_0BL@JFMM@?$CF?93i?5?$CFs?5?$CF?93i?5?$CF?93i?5?$CF?98s?5?$CFs?6?$AA@ 10010360     gl_image.obj
 0003:0000037c       ??_C@_08JNFO@?$CIscrap?$CJ?5?$AA@ 1001037c     gl_image.obj
 0003:00000388       ??_C@_07ONBG@0x?$CF4X?5?5?$AA@ 10010388     gl_image.obj
 0003:00000390       ??_C@_03LNJI@skn?$AA@      10010390     gl_image.obj
 0003:00000394       ??_C@_03OAO@spr?$AA@       10010394     gl_image.obj
 0003:00000398       ??_C@_03DION@wal?$AA@      10010398     gl_image.obj
 0003:0000039c       ??_C@_03DCIF@pic?$AA@      1001039c     gl_image.obj
 0003:000003a0       ??_C@_03EBAN@sky?$AA@      100103a0     gl_image.obj
 0003:000003a4       ??_C@_03HGLM@tmp?$AA@      100103a4     gl_image.obj
 0003:000003a8       ??_C@_03HLMP@?5?$DP?5?$AA@ 100103a8     gl_image.obj
 0003:000003ac       ??_C@_0CL@IAG@?9?9?9?9t?9?9?9w?9?9?9h?9?9?9fmt?9?9?9?9?9?9name?9?9?9@ 100103ac     gl_image.obj
 0003:000003d8       ??_C@_0CJ@IOFB@Unknown?5number?5of?5texture?5compon@ 100103d8     gl_image.obj
 0003:00000404       ??_C@_0BF@OLFC@GL_Upload32?3?5too?5big?$AA@ 10010404     gl_image.obj
 0003:0000041c       ??_C@_0BG@GJHB@GL_Upload8?3?5too?5large?$AA@ 1001041c     gl_image.obj
 0003:00000434       ??_C@_0BP@NGM@Draw_LoadPic?3?5?$CC?$CFs?$CC?5is?5too?5long?$AA@ 10010434     gl_image.obj
 0003:00000454       ??_C@_0P@MCNK@MAX_GLTEXTURES?$AA@ 10010454     gl_image.obj
 0003:00000464       ??_C@_0BN@FDBO@GL_FindImage?3?5can?8t?5load?5?$CFs?6?$AA@ 10010464     gl_image.obj
 0003:00000484       ??_C@_0CC@DGNL@Unrecognized?5image?5extension?3?5?$CFs@ 10010484     gl_image.obj
 0003:000004a8       ??_C@_0BI@BLMG@Cannot?5load?5texture?5?$CFs?6?$AA@ 100104a8     gl_image.obj
 0003:000004c0       ??_C@_0BI@EEPA@Cannot?5find?5image?5?$CFs?4?$CK?6?$AA@ 100104c0     gl_image.obj
 0003:000004d8       ??_C@_05LCPG@pics?1?$AA@   100104d8     gl_image.obj
 0003:000004e0       ??_C@_04BLEC@?4jpg?$AA@    100104e0     gl_image.obj
 0003:000004e8       ??_C@_04LCGE@?4tga?$AA@    100104e8     gl_image.obj
 0003:000004f0       ??_C@_04GHND@?4wal?$AA@    100104f0     gl_image.obj
 0003:000004f8       ??_C@_04PHML@?4pcx?$AA@    100104f8     gl_image.obj
 0003:00000500       ??_C@_04IDGC@?4?$DP?$DP?$DP?$AA@ 10010500     gl_image.obj
 0003:00000508       ??_C@_0CA@GDHD@Couldn?8t?5load?5pics?1colormap?4pcx?$AA@ 10010508     gl_image.obj
 0003:00000528       ??_C@_0BC@EOBO@pics?1colormap?4pcx?$AA@ 10010528     gl_image.obj
 0003:0000053c       ??_C@_0N@BPDG@r_saturation?$AA@ 1001053c     gl_image.obj
 0003:0000054c       ??_C@_09CNFC@intensity?$AA@ 1001054c     gl_image.obj
 0003:00000558       ??_C@_01FBAH@1?$AA@        10010558     gl_image.obj
 0003:0000055c       ??_C@_0CF@IIHL@Bad?5s_blocklights?5size?3?5?$CFd?5x?5?$CFd?5@ 1001055c     gl_light.obj
 0003:00000584       ??_C@_0CL@IBMO@R_BuildLightMap?5called?5for?5non?9l@ 10010584     gl_light.obj
 0003:00000d48       _r_avertexnormal_dots      10010d48     gl_mesh.obj
 0003:00004d48       _shadedots                 10014d48     gl_mesh.obj
 0003:00004d4c       ??_C@_0CK@MHJA@R_DrawAliasModel?5?$CFs?3?5no?5such?5old@ 10014d4c     gl_mesh.obj
 0003:00004d78       ??_C@_0CH@BMCP@R_DrawAliasModel?5?$CFs?3?5no?5such?5fra@ 10014d78     gl_mesh.obj
 0003:00004da0       ??_C@_0CK@BKAK@R_CullAliasModel?5?$CFs?3?5no?5such?5old@ 10014da0     gl_mesh.obj
 0003:00004dcc       ??_C@_0CH@HHDH@R_CullAliasModel?5?$CFs?3?5no?5such?5fra@ 10014dcc     gl_mesh.obj
 0003:00004e30       ??_C@_0BK@GJON@GL_PointInLeaf?3?5bad?5model?$AA@ 10014e30     gl_model.obj
 0003:00004e4c       ??_C@_0BE@KMED@Total?5resident?3?5?$CFi?6?$AA@ 10014e4c     gl_model.obj
 0003:00004e60       ??_C@_09EHLB@?$CF8i?5?3?5?$CFs?6?$AA@ 10014e60     gl_model.obj
 0003:00004e6c       ??_C@_0BA@GMNB@Loaded?5models?3?6?$AA@ 10014e6c     gl_model.obj
 0003:00004e7c       ??_C@_0CG@HPCL@Mod_NumForName?3?5unknown?5fileid?5f@ 10014e7c     gl_model.obj
 0003:00004ea4       ??_C@_0BN@GEDF@Mod_ModForName?3?5?$CFs?5not?5found?$AA@ 10014ea4     gl_model.obj
 0003:00004ec4       ??_C@_0CG@INFO@Internal?5error?5while?5loading?5BSP@ 10014ec4     gl_model.obj
 0003:00004eec       ??_C@_04EMJN@?4bsp?$AA@    10014eec     gl_model.obj
 0003:00004ef4       ??_C@_0BO@PLCA@mod_numknown?5?$DN?$DN?5MAX_MOD_KNOWN?$AA@ 10014ef4     gl_model.obj
 0003:00004f14       ??_C@_0BI@DAMF@bad?5inline?5model?5number?$AA@ 10014f14     gl_model.obj
 0003:00004f2c       ??_C@_0BH@LKJJ@Mod_ForName?3?5NULL?5name?$AA@ 10014f2c     gl_model.obj
 0003:00004f44       ??_C@_0BC@DJDD@Couldn?8t?5load?5?$CFs?6?$AA@ 10014f44     gl_model.obj
 0003:00004f58       ??_C@_0BA@IDAI@textures?1?$CFs?4wal?$AA@ 10014f58     gl_model.obj
 0003:00004f68       ??_C@_0CD@COFD@MOD_LoadBmodel?3?5bad?5texinfo?5numb@ 10014f68     gl_model.obj
 0003:00004f8c       ??_C@_0CK@NMOI@Mod_ParseMarksurfaces?3?5bad?5surfa@ 10014f8c     gl_model.obj
 0003:00004fb8       ??_C@_0CC@NIFN@Inline?5model?5?$CFi?5has?5bad?5firstnod@ 10014fb8     gl_model.obj
 0003:00004fdc       ??_C@_0CF@GBO@Loaded?5a?5brush?5model?5after?5the?5w@ 10014fdc     gl_model.obj
 0003:00005004       ??_C@_0BH@IMJD@model?5?$CFs?5has?5no?5frames?$AA@ 10015004     gl_model.obj
 0003:0000501c       ??_C@_0BK@EBGJ@model?5?$CFs?5has?5no?5triangles?$AA@ 1001501c     gl_model.obj
 0003:00005038       ??_C@_0BM@MLIA@model?5?$CFs?5has?5no?5st?5vertices?$AA@ 10015038     gl_model.obj
 0003:00005054       ??_C@_0BP@KFMM@model?5?$CFs?5has?5too?5many?5vertices?$AA@ 10015054     gl_model.obj
 0003:00005074       ??_C@_0BJ@BMCG@model?5?$CFs?5has?5no?5vertices?$AA@ 10015074     gl_model.obj
 0003:00005090       ??_C@_0CD@DNIE@model?5?$CFs?5has?5a?5skin?5taller?5than?5@ 10015090     gl_model.obj
 0003:000050b4       ??_C@_0CO@LDOK@?$CFs?5has?5wrong?5version?5number?5?$CI?$CFi?5@ 100150b4     gl_model.obj
 0003:000050e4       ??_C@_0BM@NFLG@Cannot?5find?5frame?5?$CD?$CFd?5?$CI?$CFs?$CJ?6?$AA@ 100150e4     gl_model.obj
 0003:00005100       ??_C@_0CB@KANI@?$CFs?5has?5too?5many?5frames?5?$CI?$CFi?5?$DO?5?$CFi?$CJ@ 10015100     gl_model.obj
 0003:00005124       ??_C@_08DIA@flushmap?$AA@  10015124     gl_model.obj
 0003:00005130       ??_C@_01PLJA@0?$AA@        10015130     gl_model.obj
 0003:00005134       ??_C@_0M@HBDC@maps?1?$CFs?4bsp?$AA@ 10015134     gl_model.obj
 0003:00005490       ??_C@_04NBLP@soft?$AA@     10015490     gl_rmain.obj
 0003:00005498       ??_C@_07LICL@vid_ref?$AA@  10015498     gl_rmain.obj
 0003:000054a0       ??_C@_0L@DBKC@r_contrast?$AA@ 100154a0     gl_rmain.obj
 0003:000054ac       ??_C@_0N@HKPK@r_brightness?$AA@ 100154ac     gl_rmain.obj
 0003:000054bc       ??_C@_07JEME@r_gamma?$AA@  100154bc     gl_rmain.obj
 0003:000054c4       ??_C@_0N@EEGM@r_fullscreen?$AA@ 100154c4     gl_rmain.obj
 0003:000054d4       ??_C@_0BB@KNCM@gl_3dlabs_broken?$AA@ 100154d4     gl_rmain.obj
 0003:000054e8       ??_C@_0BE@BIIO@gl_saturatelighting?$AA@ 100154e8     gl_rmain.obj
 0003:000054fc       ??_C@_0BA@NBPP@gl_swapinterval?$AA@ 100154fc     gl_rmain.obj
 0003:0000550c       ??_C@_07MDNP@GL_BACK?$AA@  1001550c     gl_rmain.obj
 0003:00005514       ??_C@_0O@KCBC@gl_drawbuffer?$AA@ 10015514     gl_rmain.obj
 0003:00005524       ??_C@_0BN@OJDH@gl_ext_compiled_vertex_array?$AA@ 10015524     gl_rmain.obj
 0003:00005544       ??_C@_0BL@OLPN@gl_ext_compressed_textures?$AA@ 10015544     gl_rmain.obj
 0003:00005560       ??_C@_0BE@IOJK@gl_ext_multitexture?$AA@ 10015560     gl_rmain.obj
 0003:00005574       ??_C@_0BB@KLFD@gl_vertex_arrays?$AA@ 10015574     gl_rmain.obj
 0003:00005588       ??_C@_0L@BFHO@gl_winrefl?$AA@ 10015588     gl_rmain.obj
 0003:00005594       ??_C@_04GECI@2300?$AA@     10015594     gl_rmain.obj
 0003:0000559c       ??_C@_07BGII@gl_zmax?$AA@  1001559c     gl_rmain.obj
 0003:000055a4       ??_C@_0L@ECM@gl_lockpvs?$AA@ 100155a4     gl_rmain.obj
 0003:000055b0       ??_C@_0BE@PLJ@gl_texturesolidmode?$AA@ 100155b0     gl_rmain.obj
 0003:000055c4       ??_C@_0BE@OFGJ@gl_texturealphamode?$AA@ 100155c4     gl_rmain.obj
 0003:000055d8       ??_C@_0P@NBDD@gl_texturemode?$AA@ 100155d8     gl_rmain.obj
 0003:000055e8       ??_C@_08MLDJ@opengl32?$AA@ 100155e8     gl_rmain.obj
 0003:000055f4       ??_C@_09MLK@gl_driver?$AA@ 100155f4     gl_rmain.obj
 0003:00005600       ??_C@_0BA@PDAA@gl_monolightmap?$AA@ 10015600     gl_rmain.obj
 0003:00005610       ??_C@_0N@GDME@gl_playermip?$AA@ 10015610     gl_rmain.obj
 0003:00005620       ??_C@_0O@BGPL@gl_flashblend?$AA@ 10015620     gl_rmain.obj
 0003:00005630       ??_C@_0N@GJLC@gl_polyblend?$AA@ 10015630     gl_rmain.obj
 0003:00005640       ??_C@_07HMM@gl_cull?$AA@   10015640     gl_rmain.obj
 0003:00005648       ??_C@_08CLGN@gl_clear?$AA@ 10015648     gl_rmain.obj
 0003:00005654       ??_C@_09IEFK@gl_finish?$AA@ 10015654     gl_rmain.obj
 0003:00005660       ??_C@_09HJPP@gl_ztrick?$AA@ 10015660     gl_rmain.obj
 0003:0000566c       ??_C@_0M@GFIA@gl_showtris?$AA@ 1001566c     gl_rmain.obj
 0003:00005678       ??_C@_09LFJH@gl_skymip?$AA@ 10015678     gl_rmain.obj
 0003:00005684       ??_C@_09HOCI@gl_picmip?$AA@ 10015684     gl_rmain.obj
 0003:00005690       ??_C@_0BD@BNAA@gl_roundImagesDown?$AA@ 10015690     gl_rmain.obj
 0003:000056a4       ??_C@_09DLEF@gl_nobind?$AA@ 100156a4     gl_rmain.obj
 0003:000056b0       ??_C@_0P@MBNP@gl_dlightBacks?$AA@ 100156b0     gl_rmain.obj
 0003:000056c0       ??_C@_0L@KKKG@gl_dynamic?$AA@ 100156c0     gl_rmain.obj
 0003:000056cc       ??_C@_0L@DBCD@gl_shadows?$AA@ 100156cc     gl_rmain.obj
 0003:000056d8       ??_C@_0L@DOIK@r_lightmap?$AA@ 100156d8     gl_rmain.obj
 0003:000056e4       ??_C@_01ECJ@3?$AA@         100156e4     gl_rmain.obj
 0003:000056e8       ??_C@_07KMDJ@gl_mode?$AA@  100156e8     gl_rmain.obj
 0003:000056f0       ??_C@_0M@GPNJ@gl_bitdepth?$AA@ 100156f0     gl_rmain.obj
 0003:000056fc       ??_C@_0L@PDBC@gl_logFile?$AA@ 100156fc     gl_rmain.obj
 0003:00005708       ??_C@_0M@OBKG@gl_modulate?$AA@ 10015708     gl_rmain.obj
 0003:00005714       ??_C@_0BC@HKAH@gl_allow_software?$AA@ 10015714     gl_rmain.obj
 0003:00005728       ??_C@_0O@NIJN@gl_nosubimage?$AA@ 10015728     gl_rmain.obj
 0003:00005738       ??_C@_0BA@BLLL@r_ignorehwgamma?$AA@ 10015738     gl_rmain.obj
 0003:00005748       ??_C@_08MNKK@r_speeds?$AA@ 10015748     gl_rmain.obj
 0003:00005754       ??_C@_0N@IKOP@r_lerpmodels?$AA@ 10015754     gl_rmain.obj
 0003:00005764       ??_C@_08HJPD@r_nocull?$AA@ 10015764     gl_rmain.obj
 0003:00005770       ??_C@_07CBKH@r_novis?$AA@  10015770     gl_rmain.obj
 0003:00005778       ??_C@_0M@GFDO@r_drawworld?$AA@ 10015778     gl_rmain.obj
 0003:00005784       ??_C@_0P@LECL@r_drawentities?$AA@ 10015784     gl_rmain.obj
 0003:00005794       ??_C@_0N@MMGG@r_fullbright?$AA@ 10015794     gl_rmain.obj
 0003:000057a4       ??_C@_0M@BNM@r_norefresh?$AA@ 100157a4     gl_rmain.obj
 0003:000057b0       ??_C@_04KBBO@hand?$AA@     100157b0     gl_rmain.obj
 0003:000057b8       ??_C@_0O@OAGB@Bad?5modeltype?$AA@ 100157b8     gl_rmain.obj
 0003:000057c8       ??_C@_0CJ@KPOM@?$CF4i?5visleafs?5?$CF4i?5frustleafs?5of?5?$CF@ 100157c8     gl_rmain.obj
 0003:000057f4       ??_C@_0CE@MNBE@?$CF4i?5wpoly?5?$CF4i?5epoly?5?$CFi?5tex?5?$CFi?5lm@ 100157f4     gl_rmain.obj
 0003:00005818       ??_C@_0BO@BODI@R_RenderView?3?5NULL?5worldmodel?$AA@ 10015818     gl_rmain.obj
 0003:00005838       ??_C@_0L@NAKP@gl_strings?$AA@ 10015838     gl_rmain.obj
 0003:00005844       ??_C@_09HFGF@modellist?$AA@ 10015844     gl_rmain.obj
 0003:00005850       ??_C@_09PCJE@imagelist?$AA@ 10015850     gl_rmain.obj
 0003:0000585c       ??_C@_0DF@EHEG@ref_gl?3?3R_SetMode?$CI?$CJ?5?9?5could?5not?5@ 1001585c     gl_rmain.obj
 0003:00005894       ??_C@_0CE@HIMO@ref_gl?3?3R_SetMode?$CI?$CJ?5?9?5invalid?5mo@ 10015894     gl_rmain.obj
 0003:000058b8       ??_C@_0DL@BJEC@ref_gl?3?3R_SetMode?$CI?$CJ?5?9?5fullscreen@ 100158b8     gl_rmain.obj
 0003:000058f4       ??_C@_0BF@LPBA@glGetError?$CI?$CJ?5?$DN?50x?$CFx?6?$AA@ 100158f4     gl_rmain.obj
 0003:0000590c       ??_C@_0BB@HHFL@?4?4?4allowing?5CDS?6?$AA@ 1001590c     gl_rmain.obj
 0003:00005920       ??_C@_0BC@KNNB@?4?4?4disabling?5CDS?6?$AA@ 10015920     gl_rmain.obj
 0003:00005934       ??_C@_0M@CGPG@scr_drawall?$AA@ 10015934     gl_rmain.obj
 0003:00005940       ??_C@_0BO@LPNL@?4?4?4using?5gl_monolightmap?5?8a?8?6?$AA@ 10015940     gl_rmain.obj
 0003:00005960       ??_C@_01PFH@A?$AA@         10015960     gl_rmain.obj
 0003:00005964       ??_C@_06IKAA@verite?$AA@   10015964     gl_rmain.obj
 0003:0000596c       ??_C@_04JEBG@pcx2?$AA@     1001596c     gl_rmain.obj
 0003:00005974       ??_C@_03FFEM@gdi?$AA@      10015974     gl_rmain.obj
 0003:00005978       ??_C@_06GPFG@glzicd?$AA@   10015978     gl_rmain.obj
 0003:00005980       ??_C@_05GAJH@glint?$AA@    10015980     gl_rmain.obj
 0003:00005988       ??_C@_08KOOM@permedia?$AA@ 10015988     gl_rmain.obj
 0003:00005994       ??_C@_03HID@sgi?$AA@       10015994     gl_rmain.obj
 0003:00005998       ??_C@_04JACC@rush?$AA@     10015998     gl_rmain.obj
 0003:000059a0       ??_C@_06GLKG@voodoo?$AA@   100159a0     gl_rmain.obj
 0003:000059a8       ??_C@_0BA@PCBE@GL_VERSION?3?5?$CFs?6?$AA@ 100159a8     gl_rmain.obj
 0003:000059b8       ??_C@_0BB@KKEK@GL_RENDERER?3?5?$CFs?6?$AA@ 100159b8     gl_rmain.obj
 0003:000059cc       ??_C@_0P@KDAA@GL_VENDOR?3?5?$CFs?6?$AA@ 100159cc     gl_rmain.obj
 0003:000059dc       ??_C@_0CK@LCCO@ref_gl?3?3R_Init?$CI?$CJ?5?9?5could?5not?5R_S@ 100159dc     gl_rmain.obj
 0003:00005a08       ??_C@_0CI@LCAE@ref_gl?3?3R_Init?$CI?$CJ?5?9?5could?5not?5loa@ 10015a08     gl_rmain.obj
 0003:00005a30       ??_C@_0BJ@ECO@ref_gl?5version?3?5GL?50?401?6?$AA@ 10015a30     gl_rmain.obj
 0003:00005a4c       ??_C@_08IIC@GL_FRONT?$AA@  10015a4c     gl_rmain.obj
 0003:00005a58       ??_C@_0N@KBMB@SST_GAMMA?$DN?$CFf?$AA@ 10015a58     gl_rmain.obj
 0003:00005a68       ??_C@_0P@IHBO@SSTV2_GAMMA?$DN?$CFf?$AA@ 10015a68     gl_rmain.obj
 0003:00005a78       ??_C@_0CP@DFHB@?6?9?9?9?9?9?9?9?9?9?9?5Begin?5Frame?5?$CIold?5ref@ 10015a78     gl_rmain.obj
 0003:00005aa8       ??_C@_0BA@CPDK@gl_console_only?$AA@ 10015aa8     gl_rmain.obj
 0003:00005ab8       ??_C@_0BI@MLJK@binds?3?5?$CF2d?5uploads?3?5?$CF2d?$AA@ 10015ab8     gl_rmain.obj
 0003:00005ad0       ??_C@_0CC@FJIA@bef?3?5?$CF2d?5fe?3?5?$CF2d?5bk?3?5?$CF2d?5aft?3?5?$CF2@ 10015ad0     gl_rmain.obj
 0003:00005af4       _dottexture                10015af4     gl_rmisc.obj
 0003:00005b34       ??_C@_0BC@LOCA@?$CK?$CK?$CKr_notexture?$CK?$CK?$CK?$AA@ 10015b34     gl_rmisc.obj
 0003:00005b48       ??_C@_0P@KKPF@?$CK?$CK?$CKparticle?$CK?$CK?$CK?$AA@ 10015b48     gl_rmisc.obj
 0003:00005b58       ??_C@_09PAG@Wrote?5?$CFs?6?$AA@ 10015b58     gl_rmisc.obj
 0003:00005b64       ??_C@_02JKAF@rb?$AA@       10015b64     gl_rmisc.obj
 0003:00005b68       ??_C@_0BL@NLIA@?$CFs?1screenshots?1quake?$CF04d?$CFs?$AA@ 10015b68     gl_rmisc.obj
 0003:00005b84       ??_C@_0BD@PFIA@GL_EXTENSIONS?3?5?$CFs?6?$AA@ 10015b84     gl_rmisc.obj
 0003:00005b98       ??_C@_0BG@LALE@?$CK?$CK?$CK?5DrawGLPoly?$CI?$CJ?5?$CK?$CK?$CK?6?$AA@ 10015b98     gl_rsurf.obj
 0003:00005bb0       ??_C@_0BL@BNDJ@?$CK?$CK?$CK?5DrawGLPolyChain?$CI?$CJ?5?$CK?$CK?$CK?6?$AA@ 10015bb0     gl_rsurf.obj
 0003:00005bcc       ??_C@_0DM@MGEH@Consecutive?5calls?5to?5LM_AllocBlo@ 10015bcc     gl_rsurf.obj
 0003:00005c08       ??_C@_0BM@CMED@?$CK?$CK?$CK?5R_BlendLightmaps?$CI?$CJ?5?$CK?$CK?$CK?6?$AA@ 10015c08     gl_rsurf.obj
 0003:00005c24       ??_C@_0CB@FKIE@?$CK?$CK?$CK?$CK?5R_DrawAlphaSurfaces?$CI?$CJ?5?$CK?$CK?$CK?$CK?6@ 10015c24     gl_rsurf.obj
 0003:00005c48       ??_C@_0CL@JCJM@LM_UploadBlock?$CI?$CJ?5?9?5MAX_LIGHTMAPS@ 10015c48     gl_rsurf.obj
 0003:00005c74       ??_C@_0DC@IEOP@Consecutive?5calls?5to?5LM_AllocBlo@ 10015c74     gl_rsurf.obj
 0003:00005ca8       _gl_next_left_y            10015ca8     gl_textout.obj
 0003:00005cac       _gl_next_right_y           10015cac     gl_textout.obj
 0003:00005cb0       _skyclip                   10015cb0     gl_warp.obj
 0003:00005cf8       _st_to_vec                 10015cf8     gl_warp.obj
 0003:00005d40       _vec_to_st                 10015d40     gl_warp.obj
 0003:00005d88       _skytexorder               10015d88     gl_warp.obj
 0003:00005da0       _suf                       10015da0     gl_warp.obj
 0003:00005db8       ??_C@_02HJLH@dn?$AA@       10015db8     gl_warp.obj
 0003:00005dbc       ??_C@_02HAO@up?$AA@        10015dbc     gl_warp.obj
 0003:00005dc0       ??_C@_02PMAE@ft?$AA@       10015dc0     gl_warp.obj
 0003:00005dc4       ??_C@_02JIFL@lf?$AA@       10015dc4     gl_warp.obj
 0003:00005dc8       ??_C@_02OID@bk?$AA@        10015dc8     gl_warp.obj
 0003:00005dcc       ??_C@_02MMAH@rt?$AA@       10015dcc     gl_warp.obj
 0003:00005dd0       ??_C@_0O@EIDL@numverts?5?$DN?5?$CFi?$AA@ 10015dd0     gl_warp.obj
 0003:00005de0       ??_C@_0BP@NDMM@ClipSkyPolygon?3?5MAX_CLIP_VERTS?$AA@ 10015de0     gl_warp.obj
 0003:00005e00       ??_C@_0BA@HCLD@fx?1specular?4?$DP?$DP?$DP?$AA@ 10015e00     gl_warp.obj
 0003:00005e10       ??_C@_0N@OLHP@env?1?$CFs?$CFs?4pcx?$AA@ 10015e10     gl_warp.obj
 0003:00005e20       ??_C@_0CF@DGAI@GLimp_CreateWindow?3?5InitGL?$CI?$CJ?5fai@ 10015e20     glw_imp.obj
 0003:00005e48       ??_C@_04LDCD@?5ok?6?$AA@   10015e48     glw_imp.obj
 0003:00005e50       ??_C@_0BK@GIGP@?4?4?4setting?5windowed?5mode?6?$AA@ 10015e50     glw_imp.obj
 0003:00005e6c       ??_C@_08MIMI@?5failed?6?$AA@ 10015e6c     glw_imp.obj
 0003:00005e78       ??_C@_0CH@FLII@?4?4?4calling?5CDS?5assuming?5dual?5mon@ 10015e78     glw_imp.obj
 0003:00005ea0       ??_C@_07MNBK@failed?6?$AA@ 10015ea0     glw_imp.obj
 0003:00005ea8       ??_C@_03BJGB@ok?6?$AA@     10015ea8     glw_imp.obj
 0003:00005eac       ??_C@_0BB@GOGC@?4?4?4calling?5CDS?3?5?$AA@ 10015eac     glw_imp.obj
 0003:00005ec0       ??_C@_0CG@DLHK@?4?4?4using?5desktop?5display?5depth?5o@ 10015ec0     glw_imp.obj
 0003:00005ee8       ??_C@_0BJ@HJFI@?4?4?4using?5bitdepth?5of?5?$CFd?6?$AA@ 10015ee8     glw_imp.obj
 0003:00005f04       ??_C@_0BK@NIFM@?4?4?4attempting?5fullscreen?6?$AA@ 10015f04     glw_imp.obj
 0003:00005f20       ??_C@_0L@KBPO@?5?$CFd?5?$CFd?5?$CFs?6?$AA@ 10015f20     glw_imp.obj
 0003:00005f2c       ??_C@_01FJFF@W?$AA@        10015f2c     glw_imp.obj
 0003:00005f30       ??_C@_02COFD@FS?$AA@       10015f30     glw_imp.obj
 0003:00005f34       ??_C@_0P@MBPJ@?5invalid?5mode?6?$AA@ 10015f34     glw_imp.obj
 0003:00005f44       ??_C@_0BE@GOGB@?4?4?4setting?5mode?5?$CFd?3?$AA@ 10015f44     glw_imp.obj
 0003:00005f58       ??_C@_0BN@OHDF@Initializing?5OpenGL?5display?6?$AA@ 10015f58     glw_imp.obj
 0003:00005f78       ??_C@_0BF@MKFF@?4?4?4ReleaseDC?5failed?6?$AA@ 10015f78     glw_imp.obj
 0003:00005f90       ??_C@_0BM@LJMG@?4?4?4wglDeleteContext?5failed?6?$AA@ 10015f90     glw_imp.obj
 0003:00005fac       ??_C@_0BK@DPJF@?4?4?4wglMakeCurrent?5failed?6?$AA@ 10015fac     glw_imp.obj
 0003:00005fc8       ??_C@_0BI@DDJC@?4?4?4performing?5shutdown?6?$AA@ 10015fc8     glw_imp.obj
 0003:00005fe0       ??_C@_0CD@BAPN@GLimp_Init?$CI?$CJ?3?5GetVersionEx?5faile@ 10015fe0     glw_imp.obj
 0003:00006004       ??_C@_0L@PAH@GAMMA?3?5?$CFs?6?$AA@ 10016004     glw_imp.obj
 0003:00006010       ??_C@_08LLFG@software?$AA@ 10016010     glw_imp.obj
 0003:0000601c       ??_C@_08DNLP@hardware?$AA@ 1001601c     glw_imp.obj
 0003:00006028       ??_C@_0BD@PLGO@?4?4?4GetDC?$CI?$CJ?5failed?6?$AA@ 10016028     glw_imp.obj
 0003:0000603c       ??_C@_0BH@DCFE@?4?4?4non?9NULL?5DC?5exists?6?$AA@ 1001603c     glw_imp.obj
 0003:00006054       ??_C@_0CC@HECM@GL?5PFD?3?5color?$CI?$CFd?9bits?$CJ?5Z?$CI?$CFd?9bit?$CJ@ 10016054     glw_imp.obj
 0003:00006078       ??_C@_0CG@KCEF@?4?4?4no?5hardware?5acceleration?5dete@ 10016078     glw_imp.obj
 0003:000060a0       ??_C@_0BL@IPKI@?4?4?4qwglMakeCurrent?5failed?6?$AA@ 100160a0     glw_imp.obj
 0003:000060bc       ??_C@_0BN@NNMM@?4?4?4qwglCreateContext?5failed?6?$AA@ 100160bc     glw_imp.obj
 0003:000060dc       ??_C@_0CG@FAPB@GLimp_Init?$CI?$CJ?5?9?5SetPixelFormat?5fa@ 100160dc     glw_imp.obj
 0003:00006104       ??_C@_0CJ@JNOB@GLimp_Init?$CI?$CJ?5?9?5ChoosePixelFormat@ 10016104     glw_imp.obj
 0003:00006130       ??_C@_0CK@DGCM@GLimp_Init?$CI?$CJ?5?9?5qwglSetPixelForma@ 10016130     glw_imp.obj
 0003:0000615c       ??_C@_0CN@INPE@GLimp_Init?$CI?$CJ?5?9?5qwglChoosePixelFo@ 1001615c     glw_imp.obj
 0003:0000618c       ??_C@_0M@OLMH@gdi?5generic?$AA@ 1001618c     glw_imp.obj
 0003:00006198       ??_C@_0DA@ELCL@gl_bitdepth?5requires?5Win95?5OSR2?4@ 10016198     glw_imp.obj
 0003:000061c8       ??_C@_0BE@KPKB@GLimp_BeginFrame?$CI?$CJ?6?$AA@ 100161c8     glw_imp.obj
 0003:000061dc       ??_C@_0CK@PHLH@GLimp_EndFrame?$CI?$CJ?5?9?5SwapBuffers?$CI?$CJ@ 100161dc     glw_imp.obj
 0003:00006208       ??_C@_0P@BDAP@SwapBuffers?$CI?$CJ?6?$AA@ 10016208     glw_imp.obj
 0003:00006218       ??_C@_0BC@BACP@GLimp_EndFrame?$CI?$CJ?6?$AA@ 10016218     glw_imp.obj
 0003:0000622c       ??_C@_0CO@GIJI@Com_sprintf?3?5overflow?5of?5?$CFd?5?$CIcal@ 1001622c     q_shared2.obj
 0003:000065d0       ??_C@_0BF@NADO@WGL_EXT_swap_control?$AA@ 100165d0     qgl_win.obj
 0003:000065e8       ??_C@_0BH@HIH@gl_ext_fog_distance_nv?$AA@ 100165e8     qgl_win.obj
 0003:00006600       ??_C@_0BD@MLJD@GL_NV_fog_distance?$AA@ 10016600     qgl_win.obj
 0003:00006614       ??_C@_0BN@MLLO@GL_EXT_compiled_vertex_array?$AA@ 10016614     qgl_win.obj
 0003:00006634       ??_C@_0BL@CKIC@GL_ARB_texture_compression?$AA@ 10016634     qgl_win.obj
 0003:00006650       ??_C@_0L@PFAE@GL_S3_s3tc?$AA@ 10016650     qgl_win.obj
 0003:0000665c       ??_C@_0BO@DPKO@gl_ext_texture_env_combine_nv?$AA@ 1001665c     qgl_win.obj
 0003:0000667c       ??_C@_0BL@KFEH@GL_NV_texture_env_combine4?$AA@ 1001667c     qgl_win.obj
 0003:00006698       ??_C@_0BL@FJOC@GL_ARB_texture_env_combine?$AA@ 10016698     qgl_win.obj
 0003:000066b4       ??_C@_0BL@IKDG@gl_ext_texture_env_combine?$AA@ 100166b4     qgl_win.obj
 0003:000066d0       ??_C@_0BL@NCJN@GL_EXT_texture_env_combine?$AA@ 100166d0     qgl_win.obj
 0003:000066ec       ??_C@_0BH@BIPA@GL_ARB_texture_env_add?$AA@ 100166ec     qgl_win.obj
 0003:00006704       ??_C@_0BH@LMED@gl_ext_texture_env_add?$AA@ 10016704     qgl_win.obj
 0003:0000671c       ??_C@_0BH@BODG@GL_EXT_texture_env_add?$AA@ 1001671c     qgl_win.obj
 0003:00006734       ??_C@_0BE@EHGK@GL_ARB_multitexture?$AA@ 10016734     qgl_win.obj
 0003:00006748       ??_C@_0BF@IIHM@GL_SGIS_multitexture?$AA@ 10016748     qgl_win.obj
 0003:00006760       ??_C@_0BD@LGGF@wglSwapIntervalEXT?$AA@ 10016760     qgl_win.obj
 0003:00006774       ??_C@_0BC@MMDJ@glUnlockArraysEXT?$AA@ 10016774     qgl_win.obj
 0003:00006788       ??_C@_0BA@NLCH@glLockArraysEXT?$AA@ 10016788     qgl_win.obj
 0003:00006798       ??_C@_0BF@HBBL@glMultiTexCoord2fARB?$AA@ 10016798     qgl_win.obj
 0003:000067b0       ??_C@_0BJ@NIEC@glClientActiveTextureARB?$AA@ 100167b0     qgl_win.obj
 0003:000067cc       ??_C@_0BD@IJD@glActiveTextureARB?$AA@ 100167cc     qgl_win.obj
 0003:000067e0       ??_C@_0BG@OAHA@glMultiTexCoord2fSGIS?$AA@ 100167e0     qgl_win.obj
 0003:000067f8       ??_C@_0BM@DCJF@glSelectTextureCoordSetSGIS?$AA@ 100167f8     qgl_win.obj
 0003:00006814       ??_C@_0BE@LEFG@glSelectTextureSGIS?$AA@ 10016814     qgl_win.obj
 0003:00006828       ??_C@_0P@NFHG@wglMakeCurrent?$AA@ 10016828     qgl_win.obj
 0003:00006838       ??_C@_0BC@HKHL@wglGetProcAddress?$AA@ 10016838     qgl_win.obj
 0003:0000684c       ??_C@_0BB@IOBP@wglDeleteContext?$AA@ 1001684c     qgl_win.obj
 0003:00006860       ??_C@_0BB@GGNL@wglCreateContext?$AA@ 10016860     qgl_win.obj
 0003:00006874       ??_C@_0P@EKFP@wglSwapBuffers?$AA@ 10016874     qgl_win.obj
 0003:00006884       ??_C@_0BC@PJLC@wglSetPixelFormat?$AA@ 10016884     qgl_win.obj
 0003:00006898       ??_C@_0BH@IJMD@wglDescribePixelFormat?$AA@ 10016898     qgl_win.obj
 0003:000068b0       ??_C@_0BF@HPKH@wglChoosePixelFormat?$AA@ 100168b0     qgl_win.obj
 0003:000068c8       ??_C@_0L@INIC@glViewport?$AA@ 100168c8     qgl_win.obj
 0003:000068d4       ??_C@_0BA@OGPO@glVertexPointer?$AA@ 100168d4     qgl_win.obj
 0003:000068e4       ??_C@_0M@PAAJ@glVertex3fv?$AA@ 100168e4     qgl_win.obj
 0003:000068f0       ??_C@_0L@CLBF@glVertex3f?$AA@ 100168f0     qgl_win.obj
 0003:000068fc       ??_C@_0L@DNLP@glVertex2f?$AA@ 100168fc     qgl_win.obj
 0003:00006908       ??_C@_0N@NKAJ@glTranslatef?$AA@ 10016908     qgl_win.obj
 0003:00006918       ??_C@_0BA@KFAN@glTexSubImage2D?$AA@ 10016918     qgl_win.obj
 0003:00006928       ??_C@_0BA@CLDA@glTexParameterf?$AA@ 10016928     qgl_win.obj
 0003:00006938       ??_C@_0N@IAMC@glTexImage2D?$AA@ 10016938     qgl_win.obj
 0003:00006948       ??_C@_09CIAL@glTexEnvi?$AA@ 10016948     qgl_win.obj
 0003:00006954       ??_C@_0L@IHAL@glTexEnvfv?$AA@ 10016954     qgl_win.obj
 0003:00006960       ??_C@_09CJFG@glTexEnvf?$AA@ 10016960     qgl_win.obj
 0003:0000696c       ??_C@_0BC@EKAK@glTexCoordPointer?$AA@ 1001696c     qgl_win.obj
 0003:00006980       ??_C@_0N@PDBC@glTexCoord2f?$AA@ 10016980     qgl_win.obj
 0003:00006990       ??_C@_0N@LIFO@glShadeModel?$AA@ 10016990     qgl_win.obj
 0003:000069a0       ??_C@_09HOGJ@glScissor?$AA@ 100169a0     qgl_win.obj
 0003:000069ac       ??_C@_08NBED@glScalef?$AA@ 100169ac     qgl_win.obj
 0003:000069b8       ??_C@_09LCHL@glRotatef?$AA@ 100169b8     qgl_win.obj
 0003:000069c4       ??_C@_0N@LBPG@glReadPixels?$AA@ 100169c4     qgl_win.obj
 0003:000069d4       ??_C@_0N@KEGE@glPushMatrix?$AA@ 100169d4     qgl_win.obj
 0003:000069e4       ??_C@_0M@LACG@glPopMatrix?$AA@ 100169e4     qgl_win.obj
 0003:000069f0       ??_C@_0BA@BALB@glPolygonOffset?$AA@ 100169f0     qgl_win.obj
 0003:00006a00       ??_C@_0O@FGKK@glPolygonMode?$AA@ 10016a00     qgl_win.obj
 0003:00006a10       ??_C@_07ICOP@glOrtho?$AA@  10016a10     qgl_win.obj
 0003:00006a18       ??_C@_0N@JNJF@glMatrixMode?$AA@ 10016a18     qgl_win.obj
 0003:00006a28       ??_C@_0O@KDCF@glLoadMatrixf?$AA@ 10016a28     qgl_win.obj
 0003:00006a38       ??_C@_0P@MLMG@glLoadIdentity?$AA@ 10016a38     qgl_win.obj
 0003:00006a48       ??_C@_0M@EJHF@glGetString?$AA@ 10016a48     qgl_win.obj
 0003:00006a54       ??_C@_0O@PMHI@glGetIntegerv?$AA@ 10016a54     qgl_win.obj
 0003:00006a64       ??_C@_0M@HNHJ@glGetFloatv?$AA@ 10016a64     qgl_win.obj
 0003:00006a70       ??_C@_0L@INBB@glGetError?$AA@ 10016a70     qgl_win.obj
 0003:00006a7c       ??_C@_09KLFM@glFrustum?$AA@ 10016a7c     qgl_win.obj
 0003:00006a88       ??_C@_07KOOO@glFogfv?$AA@  10016a88     qgl_win.obj
 0003:00006a90       ??_C@_06MMBO@glFogf?$AA@   10016a90     qgl_win.obj
 0003:00006a98       ??_C@_08HFPP@glFinish?$AA@ 10016a98     qgl_win.obj
 0003:00006aa4       ??_C@_05FDNN@glEnd?$AA@    10016aa4     qgl_win.obj
 0003:00006aac       ??_C@_0BE@JJFB@glEnableClientState?$AA@ 10016aac     qgl_win.obj
 0003:00006ac0       ??_C@_08PHJO@glEnable?$AA@ 10016ac0     qgl_win.obj
 0003:00006acc       ??_C@_0P@EAHC@glDrawElements?$AA@ 10016acc     qgl_win.obj
 0003:00006adc       ??_C@_0N@DBGG@glDrawBuffer?$AA@ 10016adc     qgl_win.obj
 0003:00006aec       ??_C@_0BF@HABO@glDisableClientState?$AA@ 10016aec     qgl_win.obj
 0003:00006b04       ??_C@_09DADM@glDisable?$AA@ 10016b04     qgl_win.obj
 0003:00006b10       ??_C@_0N@OLL@glDepthRange?$AA@ 10016b10     qgl_win.obj
 0003:00006b20       ??_C@_0M@LIJE@glDepthMask?$AA@ 10016b20     qgl_win.obj
 0003:00006b2c       ??_C@_0M@FDIH@glDepthFunc?$AA@ 10016b2c     qgl_win.obj
 0003:00006b38       ??_C@_0BB@OKAI@glDeleteTextures?$AA@ 10016b38     qgl_win.obj
 0003:00006b4c       ??_C@_0L@LIEG@glCullFace?$AA@ 10016b4c     qgl_win.obj
 0003:00006b58       ??_C@_0P@PPM@glColorPointer?$AA@ 10016b58     qgl_win.obj
 0003:00006b68       ??_C@_0M@EHCG@glColor4ubv?$AA@ 10016b68     qgl_win.obj
 0003:00006b74       ??_C@_0L@EOB@glColor4ub?$AA@ 10016b74     qgl_win.obj
 0003:00006b80       ??_C@_0L@FGJL@glColor4fv?$AA@ 10016b80     qgl_win.obj
 0003:00006b8c       ??_C@_09LJGG@glColor4f?$AA@ 10016b8c     qgl_win.obj
 0003:00006b98       ??_C@_0L@OIPK@glColor3fv?$AA@ 10016b98     qgl_win.obj
 0003:00006ba4       ??_C@_09NIDD@glColor3f?$AA@ 10016ba4     qgl_win.obj
 0003:00006bb0       ??_C@_0N@DFBF@glClearDepth?$AA@ 10016bb0     qgl_win.obj
 0003:00006bc0       ??_C@_0N@IALK@glClearColor?$AA@ 10016bc0     qgl_win.obj
 0003:00006bd0       ??_C@_07IOIM@glClear?$AA@  10016bd0     qgl_win.obj
 0003:00006bd8       ??_C@_0M@PHAI@glBlendFunc?$AA@ 10016bd8     qgl_win.obj
 0003:00006be4       ??_C@_0O@NAMD@glBindTexture?$AA@ 10016be4     qgl_win.obj
 0003:00006bf4       ??_C@_07GHIG@glBegin?$AA@  10016bf4     qgl_win.obj
 0003:00006bfc       ??_C@_0P@ODMD@glArrayElement?$AA@ 10016bfc     qgl_win.obj
 0003:00006c0c       ??_C@_0M@JBDJ@glAlphaFunc?$AA@ 10016c0c     qgl_win.obj
 0003:00006c18       ??_C@_0BA@CLML@?$CFs?5?$CIGL_?$CFs?0?5?$CFg?$CJ?6?$AA@ 10016c18     qgl_win.obj
 0003:00006c28       ??_C@_03NMFM@?$DP?$DP?$DP?$AA@ 10016c28     qgl_win.obj
 0003:00006c2c       ??_C@_0O@LKEO@EYE_RADIAL_NV?$AA@ 10016c2c     qgl_win.obj
 0003:00006c3c       ??_C@_0BF@DIIJ@FOG_DISTANCE_MODE_NV?$AA@ 10016c3c     qgl_win.obj
 0003:00006c54       ??_C@_0BC@EPOK@OPERAND3_ALPHA_NV?$AA@ 10016c54     qgl_win.obj
 0003:00006c68       ??_C@_0BB@DDB@SOURCE3_ALPHA_NV?$AA@ 10016c68     qgl_win.obj
 0003:00006c7c       ??_C@_0BA@HMDO@OPERAND3_RGB_NV?$AA@ 10016c7c     qgl_win.obj
 0003:00006c8c       ??_C@_0P@NPGG@SOURCE3_RGB_NV?$AA@ 10016c8c     qgl_win.obj
 0003:00006c9c       ??_C@_0BC@EADM@PRIMARY_COLOR_ARB?$AA@ 10016c9c     qgl_win.obj
 0003:00006cb0       ??_C@_0N@BKGO@PREVIOUS_ARB?$AA@ 10016cb0     qgl_win.obj
 0003:00006cc0       ??_C@_0N@PKDH@CONSTANT_ARB?$AA@ 10016cc0     qgl_win.obj
 0003:00006cd0       ??_C@_0BA@KKBO@INTERPOLATE_ARB?$AA@ 10016cd0     qgl_win.obj
 0003:00006ce0       ??_C@_0BD@JOFA@OPERAND2_ALPHA_ARB?$AA@ 10016ce0     qgl_win.obj
 0003:00006cf4       ??_C@_0BC@COBM@SOURCE2_ALPHA_ARB?$AA@ 10016cf4     qgl_win.obj
 0003:00006d08       ??_C@_0BB@IJKE@OPERAND2_RGB_ARB?$AA@ 10016d08     qgl_win.obj
 0003:00006d1c       ??_C@_0BA@FCAH@SOURCE2_RGB_ARB?$AA@ 10016d1c     qgl_win.obj
 0003:00006d2c       ??_C@_0BD@KBMA@OPERAND1_ALPHA_ARB?$AA@ 10016d2c     qgl_win.obj
 0003:00006d40       ??_C@_0BC@BBIM@SOURCE1_ALPHA_ARB?$AA@ 10016d40     qgl_win.obj
 0003:00006d54       ??_C@_0BB@MPHM@OPERAND1_RGB_ARB?$AA@ 10016d54     qgl_win.obj
 0003:00006d68       ??_C@_0BA@BENP@SOURCE1_RGB_ARB?$AA@ 10016d68     qgl_win.obj
 0003:00006d78       ??_C@_0BD@ELEP@OPERAND0_ALPHA_ARB?$AA@ 10016d78     qgl_win.obj
 0003:00006d8c       ??_C@_0BC@PLAD@SOURCE0_ALPHA_ARB?$AA@ 10016d8c     qgl_win.obj
 0003:00006da0       ??_C@_0BB@NDE@OPERAND0_RGB_ARB?$AA@ 10016da0     qgl_win.obj
 0003:00006db4       ??_C@_0BA@NGJH@SOURCE0_RGB_ARB?$AA@ 10016db4     qgl_win.obj
 0003:00006dc4       ??_C@_0O@DGNK@RGB_SCALE_ARB?$AA@ 10016dc4     qgl_win.obj
 0003:00006dd4       ??_C@_0BC@GJJF@COMBINE_ALPHA_ARB?$AA@ 10016dd4     qgl_win.obj
 0003:00006de8       ??_C@_0BA@OEFK@COMBINE_RGB_ARB?$AA@ 10016de8     qgl_win.obj
 0003:00006df8       ??_C@_0M@BIII@COMBINE_ARB?$AA@ 10016df8     qgl_win.obj
 0003:00006e04       ??_C@_0M@HIPK@COMBINE4_NV?$AA@ 10016e04     qgl_win.obj
 0003:00006e10       ??_C@_0N@JLBF@TEXTURE3_ARB?$AA@ 10016e10     qgl_win.obj
 0003:00006e20       ??_C@_0BD@KCJL@ACTIVE_TEXTURE_ARB?$AA@ 10016e20     qgl_win.obj
 0003:00006e34       ??_C@_0BK@MMII@CLIENT_ACTIVE_TEXTURE_ARB?$AA@ 10016e34     qgl_win.obj
 0003:00006e50       ??_C@_0BG@DAAF@MAX_TEXTURE_UNITS_ARB?$AA@ 10016e50     qgl_win.obj
 0003:00006e68       ??_C@_0BD@GMGA@COMPRESSED_RGB_ARB?$AA@ 10016e68     qgl_win.obj
 0003:00006e7c       ??_C@_0BE@IH@COMPRESSED_RGBA_ARB?$AA@ 10016e7c     qgl_win.obj
 0003:00006e90       ??_C@_0N@DLDA@TEXTURE2_ARB?$AA@ 10016e90     qgl_win.obj
 0003:00006ea0       ??_C@_0BC@OBEG@MAX_TEXTURES_SGIS?$AA@ 10016ea0     qgl_win.obj
 0003:00006eb4       ??_C@_0O@LKHK@TEXTURE0_SGIS?$AA@ 10016eb4     qgl_win.obj
 0003:00006ec4       ??_C@_0O@CPNK@TEXTURE1_SGIS?$AA@ 10016ec4     qgl_win.obj
 0003:00006ed4       ??_C@_09NAGI@RGB4_S3TC?$AA@ 10016ed4     qgl_win.obj
 0003:00006ee0       ??_C@_0N@HLHK@TEXTURE0_ARB?$AA@ 10016ee0     qgl_win.obj
 0003:00006ef0       ??_C@_0N@NLFP@TEXTURE1_ARB?$AA@ 10016ef0     qgl_win.obj
 0003:00006f00       ??_C@_0BE@JCFC@TEXTURE_COORD_ARRAY?$AA@ 10016f00     qgl_win.obj
 0003:00006f14       ??_C@_04FIBD@RGB8?$AA@     10016f14     qgl_win.obj
 0003:00006f1c       ??_C@_05CJDE@RGBA4?$AA@    10016f1c     qgl_win.obj
 0003:00006f24       ??_C@_07PAAL@RGB5_A1?$AA@  10016f24     qgl_win.obj
 0003:00006f2c       ??_C@_05NHNA@RGBA8?$AA@    10016f2c     qgl_win.obj
 0003:00006f34       ??_C@_0N@HGH@VERTEX_ARRAY?$AA@ 10016f34     qgl_win.obj
 0003:00006f44       ??_C@_0M@EMKC@COLOR_ARRAY?$AA@ 10016f44     qgl_win.obj
 0003:00006f50       ??_C@_04MGA@RGB5?$AA@      10016f50     qgl_win.obj
 0003:00006f58       ??_C@_0BD@GPCO@TEXTURE_MAG_FILTER?$AA@ 10016f58     qgl_win.obj
 0003:00006f6c       ??_C@_0BD@HEDF@TEXTURE_MIN_FILTER?$AA@ 10016f6c     qgl_win.obj
 0003:00006f80       ??_C@_0P@KNF@TEXTURE_WRAP_S?$AA@ 10016f80     qgl_win.obj
 0003:00006f90       ??_C@_0P@FPDA@TEXTURE_WRAP_T?$AA@ 10016f90     qgl_win.obj
 0003:00006fa0       ??_C@_05IKJL@CLAMP?$AA@    10016fa0     qgl_win.obj
 0003:00006fa8       ??_C@_06LEAO@REPEAT?$AA@   10016fa8     qgl_win.obj
 0003:00006fb0       ??_C@_0BF@IDPG@LINEAR_MIPMAP_LINEAR?$AA@ 10016fb0     qgl_win.obj
 0003:00006fc8       ??_C@_0M@NBKK@TEXTURE_ENV?$AA@ 10016fc8     qgl_win.obj
 0003:00006fd4       ??_C@_07LNBJ@NEAREST?$AA@  10016fd4     qgl_win.obj
 0003:00006fdc       ??_C@_06OAFN@LINEAR?$AA@   10016fdc     qgl_win.obj
 0003:00006fe4       ??_C@_0BH@PDFC@NEAREST_MIPMAP_NEAREST?$AA@ 10016fe4     qgl_win.obj
 0003:00006ffc       ??_C@_0BG@NGHK@LINEAR_MIPMAP_NEAREST?$AA@ 10016ffc     qgl_win.obj
 0003:00007014       ??_C@_0BG@KLGC@NEAREST_MIPMAP_LINEAR?$AA@ 10017014     qgl_win.obj
 0003:0000702c       ??_C@_0BC@DLAE@TEXTURE_ENV_COLOR?$AA@ 1001702c     qgl_win.obj
 0003:00007040       ??_C@_04GBFB@LINE?$AA@     10017040     qgl_win.obj
 0003:00007048       ??_C@_04NCBP@FILL?$AA@     10017048     qgl_win.obj
 0003:00007050       ??_C@_07LJIB@REPLACE?$AA@  10017050     qgl_win.obj
 0003:00007058       ??_C@_08CMBM@MODULATE?$AA@ 10017058     qgl_win.obj
 0003:00007064       ??_C@_05PJOE@DECAL?$AA@    10017064     qgl_win.obj
 0003:0000706c       ??_C@_0BB@NLLP@TEXTURE_ENV_MODE?$AA@ 1001706c     qgl_win.obj
 0003:00007080       ??_C@_07DFFE@TEXTURE?$AA@  10017080     qgl_win.obj
 0003:00007088       ??_C@_03IJOL@INT?$AA@      10017088     qgl_win.obj
 0003:0000708c       ??_C@_0N@JHEK@UNSIGNED_INT?$AA@ 1001708c     qgl_win.obj
 0003:0000709c       ??_C@_05JDEL@FLOAT?$AA@    1001709c     qgl_win.obj
 0003:000070a4       ??_C@_06CGGE@DOUBLE?$AA@   100170a4     qgl_win.obj
 0003:000070ac       ??_C@_09ODHH@MODELVIEW?$AA@ 100170ac     qgl_win.obj
 0003:000070b8       ??_C@_0L@OBAA@PROJECTION?$AA@ 100170b8     qgl_win.obj
 0003:000070c4       ??_C@_0P@CEOH@UNSIGNED_SHORT?$AA@ 100170c4     qgl_win.obj
 0003:000070d4       ??_C@_0L@GPNO@ALPHA_TEST?$AA@ 100170d4     qgl_win.obj
 0003:000070e0       ??_C@_05FKDH@BLEND?$AA@    100170e0     qgl_win.obj
 0003:000070e8       ??_C@_0L@BNFJ@TEXTURE_2D?$AA@ 100170e8     qgl_win.obj
 0003:000070f4       ??_C@_04EHOP@BYTE?$AA@     100170f4     qgl_win.obj
 0003:000070fc       ??_C@_0O@BAPB@UNSIGNED_BYTE?$AA@ 100170fc     qgl_win.obj
 0003:0000710c       ??_C@_05HFLA@SHORT?$AA@    1001710c     qgl_win.obj
 0003:00007114       ??_C@_0L@BABM@DEPTH_TEST?$AA@ 10017114     qgl_win.obj
 0003:00007120       ??_C@_03OHFM@FOG?$AA@      10017120     qgl_win.obj
 0003:00007124       ??_C@_0M@CNMJ@FOG_DENSITY?$AA@ 10017124     qgl_win.obj
 0003:00007130       ??_C@_09FFMC@FOG_START?$AA@ 10017130     qgl_win.obj
 0003:0000713c       ??_C@_07CPCN@FOG_END?$AA@  1001713c     qgl_win.obj
 0003:00007144       ??_C@_08HJKC@FOG_MODE?$AA@ 10017144     qgl_win.obj
 0003:00007150       ??_C@_09KBKG@FOG_COLOR?$AA@ 10017150     qgl_win.obj
 0003:0000715c       ??_C@_09MPEF@CULL_FACE?$AA@ 1001715c     qgl_win.obj
 0003:00007168       ??_C@_09FMPF@DST_COLOR?$AA@ 10017168     qgl_win.obj
 0003:00007174       ??_C@_0BE@LFCA@ONE_MINUS_DST_COLOR?$AA@ 10017174     qgl_win.obj
 0003:00007188       ??_C@_0BD@KGEA@SRC_ALPHA_SATURATE?$AA@ 10017188     qgl_win.obj
 0003:0000719c       ??_C@_05OHBH@FRONT?$AA@    1001719c     qgl_win.obj
 0003:000071a4       ??_C@_04FGAG@BACK?$AA@     100171a4     qgl_win.obj
 0003:000071ac       ??_C@_0P@JON@FRONT_AND_BACK?$AA@ 100171ac     qgl_win.obj
 0003:000071bc       ??_C@_0BE@FEIF@ONE_MINUS_DST_ALPHA?$AA@ 100171bc     qgl_win.obj
 0003:000071d0       ??_C@_06MJBP@ALWAYS?$AA@   100171d0     qgl_win.obj
 0003:000071d8       ??_C@_09FPBD@SRC_COLOR?$AA@ 100171d8     qgl_win.obj
 0003:000071e4       ??_C@_0BE@LGMG@ONE_MINUS_SRC_COLOR?$AA@ 100171e4     qgl_win.obj
 0003:000071f8       ??_C@_09LOLG@SRC_ALPHA?$AA@ 100171f8     qgl_win.obj
 0003:00007204       ??_C@_0BE@FHGD@ONE_MINUS_SRC_ALPHA?$AA@ 10017204     qgl_win.obj
 0003:00007218       ??_C@_09LNFA@DST_ALPHA?$AA@ 10017218     qgl_win.obj
 0003:00007224       ??_C@_06NENM@GEQUAL?$AA@   10017224     qgl_win.obj
 0003:0000722c       ??_C@_05NLLC@NEVER?$AA@    1001722c     qgl_win.obj
 0003:00007234       ??_C@_04HMEB@LESS?$AA@     10017234     qgl_win.obj
 0003:0000723c       ??_C@_05FELF@EQUAL?$AA@    1001723c     qgl_win.obj
 0003:00007244       ??_C@_06MHDN@LEQUAL?$AA@   10017244     qgl_win.obj
 0003:0000724c       ??_C@_07HOFJ@GREATER?$AA@  1001724c     qgl_win.obj
 0003:00007254       ??_C@_08NCCF@NOTEQUAL?$AA@ 10017254     qgl_win.obj
 0003:00007260       ??_C@_03CICP@ADD?$AA@      10017260     qgl_win.obj
 0003:00007264       ??_C@_03GGHL@ONE?$AA@      10017264     qgl_win.obj
 0003:00007268       ??_C@_04LHLC@ZERO?$AA@     10017268     qgl_win.obj
 0003:00007270       ??_C@_07KMLC@POLYGON?$AA@  10017270     qgl_win.obj
 0003:00007278       ??_C@_0L@KPMO@QUAD_STRIP?$AA@ 10017278     qgl_win.obj
 0003:00007284       ??_C@_05MOCA@QUADS?$AA@    10017284     qgl_win.obj
 0003:0000728c       ??_C@_0N@LKDL@TRIANGLE_FAN?$AA@ 1001728c     qgl_win.obj
 0003:0000729c       ??_C@_0P@GLMF@TRIANGLE_STRIP?$AA@ 1001729c     qgl_win.obj
 0003:000072ac       ??_C@_09IKDC@TRIANGLES?$AA@ 100172ac     qgl_win.obj
 0003:000072b8       ??_C@_0L@DFPI@LINE_STRIP?$AA@ 100172b8     qgl_win.obj
 0003:000072c4       ??_C@_09EOOC@LINE_LOOP?$AA@ 100172c4     qgl_win.obj
 0003:000072d0       ??_C@_08NDLN@?$CFs?5?$CI?$CFd?$CJ?6?$AA@ 100172d0     qgl_win.obj
 0003:000072dc       ??_C@_0M@JAMH@?$CFs?5?$CIGL_?$CFs?$CJ?6?$AA@ 100172dc     qgl_win.obj
 0003:000072e8       ??_C@_0BA@NNPA@?$CFs?5?$CIGL_?$CFs?0?5?$CFd?$CJ?6?$AA@ 100172e8     qgl_win.obj
 0003:000072f8       ??_C@_0BD@LHJN@?$CFs?5?$CIGL_?$CFs?0?5GL_?$CFs?$CJ?6?$AA@ 100172f8     qgl_win.obj
 0003:0000730c       ??_C@_03HHKO@?$CFs?6?$AA@  1001730c     qgl_win.obj
 0003:00007310       ??_C@_0BF@PLKJ@?$CFs?5?$CI?$CFg?0?5?$CFg?0?5?$CFg?0?5?$CFg?$CJ?6?$AA@ 10017310     qgl_win.obj
 0003:00007328       ??_C@_08CFIG@?$CFs?5?$CI?$CFg?$CJ?6?$AA@ 10017328     qgl_win.obj
 0003:00007334       ??_C@_0BB@NPFI@?$CFs?5?$CI?$CFg?0?5?$CFg?0?5?$CFg?$CJ?6?$AA@ 10017334     qgl_win.obj
 0003:00007348       ??_C@_0BF@GFM@?$CFs?5?$CI?$CFd?0?5?$CFd?0?5?$CFd?0?5?$CFd?$CJ?6?$AA@ 10017348     qgl_win.obj
 0003:00007360       ??_C@_0BJ@MPOB@?$CFs?5?$CI?$CFd?0?5GL_?$CFs?0?5?$CFd?0?5$?$CFX?$CJ?6?$AA@ 10017360     qgl_win.obj
 0003:0000737c       ??_C@_0O@JIGC@?$CFs?5?$CI?$CFd?0?5$?$CFX?$CJ?6?$AA@ 1001737c     qgl_win.obj
 0003:0000738c       ??_C@_0N@CNFJ@?$CFs?5?$CI?$CFg?0?5?$CFg?$CJ?6?$AA@ 1001738c     qgl_win.obj
 0003:0000739c       ??_C@_0BM@EJLJ@?$CFs?5?$CIGL_?$CFs?0?5?$CFd?0?5GL_?$CFs?0?5$?$CFX?$CJ?6?$AA@ 1001739c     qgl_win.obj
 0003:000073b8       ??_C@_0BB@PLBH@?$CFs?5?$CIGL_?$CFs?0?5$?$CFX?$CJ?6?$AA@ 100173b8     qgl_win.obj
 0003:000073cc       ??_C@_0BN@BCG@?$CFs?5?$CI?$CFg?0?5?$CFg?0?5?$CFg?0?5?$CFg?0?5?$CFg?0?5?$CFg?$CJ?6?$AA@ 100173cc     qgl_win.obj
 0003:000073ec       ??_C@_0CI@ENE@?$CFs?5?$CI?$CFd?0?5?$CFd?0?5?$CFd?0?5?$CFd?0?5GL_?$CFs?0?5GL_?$CFs@ 100173ec     qgl_win.obj
 0003:00007414       ??_C@_0BH@GDNB@?$CFs?5?$CIGL_?$CFs?0?5GL_?$CFs?0?5?$CFg?$CJ?6?$AA@ 10017414     qgl_win.obj
 0003:0000742c       ??_C@_0BI@GBFP@?$CFs?5?$CIGL_?$CFs?0?5GL_?$CFs?0?5$?$CFX?$CJ?6?$AA@ 1001742c     qgl_win.obj
 0003:00007444       ??_C@_0BK@DNBE@?$CFs?5?$CIGL_?$CFs?0?5GL_?$CFs?0?5GL_?$CFs?$CJ?6?$AA@ 10017444     qgl_win.obj
 0003:00007460       ??_C@_0DD@PHF@?$CFs?5?$CIGL_?$CFs?0?5?$CFd?0?5?$CFd?0?5?$CFd?0?5?$CFd?0?5?$CFd?0?5G@ 10017460     qgl_win.obj
 0003:00007494       ??_C@_0BE@KIHO@?$CFs?5?$CIGL_?$CFs?0?5?$CFg?0?5?$CFg?$CJ?6?$AA@ 10017494     qgl_win.obj
 0003:000074a8       ??_C@_0N@KINM@?$CFs?5?$CI?$CFd?0?5?$CFd?$CJ?6?$AA@ 100174a8     qgl_win.obj
 0003:000074b8       ??_C@_0EF@GBON@QGL_Init?3?5inconsistent?5OpenGL?5li@ 100174b8     qgl_win.obj
 0003:00007500       ??_C@_0CD@JMON@QGL_Init?3?5LoadLibrary?5?$CI?$CFs?$CJ?5faile@ 10017500     qgl_win.obj
 0003:00007524       ??_C@_01BJG@?6?$AA@        10017524     qgl_win.obj
 0003:00007528       ??_C@_0BI@ECOL@?5?5?5?$CFs?5is?5covered?5by?5?$CFs?6?$AA@ 10017528     qgl_win.obj
 0003:00007540       ??_C@_0BL@ELJI@?4?4?4undetected?5extensions?3?6?$AA@ 10017540     qgl_win.obj
 0003:0000755c       ??_C@_08MJAO@?$FO6?5?5?5?$CFs?6?$AA@ 1001755c     qgl_win.obj
 0003:00007568       ??_C@_0BL@HBLH@?$FO6?4?4?4disabled?5extensions?3?6?$AA@ 10017568     qgl_win.obj
 0003:00007584       ??_C@_0BM@LPPM@?4?4?4no?5extensions?5was?5found?6?$AA@ 10017584     qgl_win.obj
 0003:000075a0       ??_C@_06GNEC@?5?5?5?$CFs?6?$AA@ 100175a0     qgl_win.obj
 0003:000075a8       ??_C@_0CB@IAKB@?5?5?5?$CFs?5deprecated?5in?5favor?5of?5?$CFs?6@ 100175a8     qgl_win.obj
 0003:000075cc       ??_C@_0BF@IGJL@?4?4?4used?5extensions?3?6?$AA@ 100175cc     qgl_win.obj
 0003:000075e4       ??_C@_0BE@LAAD@?$CFs?5required?5for?5?$CFs?6?$AA@ 100175e4     qgl_win.obj
 0003:000075f8       ??_C@_0DG@MIOL@Inconsistent?5extension?5?$CFs?5?9?5func@ 100175f8     qgl_win.obj
 0003:00007630       ??_C@_09EIMA@?$CFs?1gl?4log?$AA@ 10017630     qgl_win.obj
 0003:0000763c       ??_C@_02JALM@a?$CL?$AA@    1001763c     qgl_win.obj
 0003:0007d8a0       ??_C@_00A@?$AA@            1008d8a0     gl_rmain.obj
 0003:000c3f58       _vec3_origin               100d3f58     q_shared2.obj
 0003:000c40c0       _qgl                       100d40c0     <common>
 0003:000c4200       _glw_state                 100d4200     <common>
 0003:000c4220       _skyaxis                   100d4220     <common>
 0003:000c422c       _skyrotate                 100d422c     <common>
 0003:000c4230       _reflect_img               100d4230     <common>
 0003:000c4240       _sky_images                100d4240     <common>
 0003:000c4260       _r_turbsin                 100d4260     <common>
 0003:000c4660       _skymaxs                   100d4660     <common>
 0003:000c46a0       _skyname                   100d46a0     <common>
 0003:000c46e0       _warpface                  100d46e0     <common>
 0003:000c4700       _skymins                   100d4700     <common>
 0003:000c4730       _sky_max                   100d4730     <common>
 0003:000c4734       _sky_min                   100d4734     <common>
 0003:000c4738       _c_sky                     100d4738     <common>
 0003:000c4740       _gl_textbuf                100d4740     <common>
 0003:000d4740       _gl_textbuf_count          100e4740     <common>
 0003:000d4744       _gl_last_rec               100e4744     <common>
 0003:000d4748       _gl_textbuf_pos            100e4748     <common>
 0003:000d474c       _c_visibleleafs            100e474c     <common>
 0003:000d4750       _r_alpha_surfaces          100e4750     <common>
 0003:000d4754       _c_visible_textures        100e4754     <common>
 0003:000d4758       _c_visible_lightmaps       100e4758     <common>
 0003:000d475c       _c_leafsinfrustum          100e475c     <common>
 0003:000d4760       _gl_screenshotFlags        100e4760     <common>
 0003:000d4764       _gl_screenshotName         100e4764     <common>
 0003:000d4768       _gl_lockpvs                100e4768     <common>
 0003:000d4780       _gl_speeds                 100e4780     <common>
 0003:000d479c       _r_norefresh               100e479c     <common>
 0003:000d47a0       _vid_ref                   100e47a0     <common>
 0003:000d47c0       _gl_config                 100e47c0     <common>
 0003:000d4f0c       _r_oldviewcluster2         100e4f0c     <common>
 0003:000d4f10       _gl_drawbuffer             100e4f10     <common>
 0003:000d4f14       _r_notexture               100e4f14     <common>
 0003:000d4f18       _gl_monolightmap           100e4f18     <common>
 0003:000d4f1c       _r_worldmodel              100e4f1c     <common>
 0003:000d4f20       _r_ignorehwgamma           100e4f20     <common>
 0003:000d4f24       _gl_showtris               100e4f24     <common>
 0003:000d4f28       _currentmodel              100e4f28     <common>
 0003:000d4f2c       _gl_winrefl                100e4f2c     <common>
 0003:000d4f30       _gl_vertex_arrays          100e4f30     <common>
 0003:000d4f34       _gl_texturealphamode       100e4f34     <common>
 0003:000d4f38       _r_speeds                  100e4f38     <common>
 0003:000d4f3c       _gl_clear                  100e4f3c     <common>
 0003:000d4f40       _gl_picmip                 100e4f40     <common>
 0003:000d4f60       _r_rawpalette              100e4f60     <common>
 0003:000d5360       _v_blend                   100e5360     <common>
 0003:000d5370       _gl_allow_software         100e5370     <common>
 0003:000d5374       _gl_bitdepth               100e5374     <common>
 0003:000d5378       _gl_cull                   100e5378     <common>
 0003:000d537c       _r_lightmap                100e537c     <common>
 0003:000d5380       _gl_nobind                 100e5380     <common>
 0003:000d5384       _gl_nosubimage             100e5384     <common>
 0003:000d53a0       _r_newrefdef               100e53a0     <common>
 0003:000d5404       _r_oldviewcluster          100e5404     <common>
 0003:000d5408       _vid                       100e5408     <common>
 0003:000d5410       _gl_skymip                 100e5410     <common>
 0003:000d5414       _gl_texturesolidmode       100e5414     <common>
 0003:000d5420       _vpn                       100e5420     <common>
 0003:000d542c       _gl_modulate               100e542c     <common>
 0003:000d5430       _r_framecount              100e5430     <common>
 0003:000d5440       _vup                       100e5440     <common>
 0003:000d544c       _c_brush_polys             100e544c     <common>
 0003:000d5450       _gl_flashblend             100e5450     <common>
 0003:000d5454       _r_lefthand                100e5454     <common>
 0003:000d5458       _gl_saturatelighting       100e5458     <common>
 0003:000d545c       _r_viewcluster2            100e545c     <common>
 0003:000d5460       _gl_logFile                100e5460     <common>
 0003:000d5464       _gl_texturemode            100e5464     <common>
 0003:000d5480       _ri                        100e5480     <common>
 0003:000d5560       _gl_dynamic                100e5560     <common>
 0003:000d5564       _gldepthmin                100e5564     <common>
 0003:000d5568       _gl_round_down             100e5568     <common>
 0003:000d556c       _r_viewcluster             100e556c     <common>
 0003:000d5570       _gldepthmax                100e5570     <common>
 0003:000d5574       _gl_swapinterval           100e5574     <common>
 0003:000d5580       _frustum                   100e5580     <common>
 0003:000d55d0       _gl_zmax                   100e55d0     <common>
 0003:000d55d4       _r_visframecount           100e55d4     <common>
 0003:000d55d8       _r_novis                   100e55d8     <common>
 0003:000d55dc       _gl_shadows                100e55dc     <common>
 0003:000d55e0       _gl_playermip              100e55e0     <common>
 0003:000d55e4       _gl_3dlabs_broken          100e55e4     <common>
 0003:000d55e8       _r_nocull                  100e55e8     <common>
 0003:000d55ec       _r_gamma                   100e55ec     <common>
 0003:000d55f0       _gl_dlightBacks            100e55f0     <common>
 0003:000d5600       _r_origin                  100e5600     <common>
 0003:000d560c       _currententity             100e560c     <common>
 0003:000d5620       _r_world_matrix            100e5620     <common>
 0003:000d5660       _vright                    100e5660     <common>
 0003:000d566c       _r_contrast                100e566c     <common>
 0003:000d5670       _gl_mode                   100e5670     <common>
 0003:000d5674       _r_lerpmodels              100e5674     <common>
 0003:000d5678       _gl_driver                 100e5678     <common>
 0003:000d567c       _r_brightness              100e567c     <common>
 0003:000d5680       _r_fullscreen              100e5680     <common>
 0003:000d5684       _r_drawentities            100e5684     <common>
 0003:000d5688       _gl_ztrick                 100e5688     <common>
 0003:000d568c       _gl_lightlevel             100e568c     <common>
 0003:000d5690       _c_alias_polys             100e5690     <common>
 0003:000d5694       _gl_polyblend              100e5694     <common>
 0003:000d5698       _r_particletexture         100e5698     <common>
 0003:000d569c       _r_fullbright              100e569c     <common>
 0003:000d56a0       _r_drawworld               100e56a0     <common>
 0003:000d56a4       _gl_finish                 100e56a4     <common>
 0003:000d56c0       _gl_state                  100e56c0     <common>
 0003:000d5700       _mod_inline                100e5700     <common>
 0003:00104700       _gl_mod_numknown           10114700     <common>
 0003:00104704       _loadmodel                 10114704     <common>
 0003:00104708       _modfilelen                10114708     <common>
 0003:0010470c       _registration_sequence     1011470c     <common>
 0003:00104720       _mod_novis                 10114720     <common>
 0003:00106740       _gl_mod_known              10116740     <common>
 0003:00135740       _pointcolor                10145740     <common>
 0003:00135750       _lightspot                 10145750     <common>
 0003:0013575c       _r_dlightframecount        1014575c     <common>
 0003:00135760       _lightplane                10145760     <common>
 0003:00135764       _saturation                10145764     <common>
 0003:00135780       _scrap_texels              10145780     <common>
 0003:001457a0       _gltextures                101557a0     <common>
 0003:001647a0       _upload_height             101747a0     <common>
 0003:001647a4       _upload_width              101747a4     <common>
 0003:001647a8       _upload_format             101747a8     <common>
 0003:001647ac       _numgltextures             101747ac     <common>
 0003:001647c0       _scrap_allocated           101747c0     <common>
 0003:00164bc0       _d_8to24table              10174bc0     <common>
 0003:00164fc0       _scrap_uploads             10174fc0     <common>
 0003:00164fc4       _scrap_dirty               10174fc4     <common>
 0003:00164fc8       _intensity                 10174fc8     <common>
 0003:00164fcc       _draw_chars                10174fcc     <common>
 0003:00164fd0       __adjust_fdiv              10174fd0     <common>
 0003:00164fd4       ___onexitend               10174fd4     <common>
 0003:00164fd8       ___onexitbegin             10174fd8     <common>
 0003:00164fdc       __pRawDllMain              10174fdc     <common>

 entry point at        0001:0000de59

 Static symbols

 0001:0000c019       _logAlphaFunc@8            1000d019 f   qgl_win.obj
 0001:0000c05a       _EnumName                  1000d05a f   qgl_win.obj
 0001:0000c672       _logArrayElement@4         1000d672 f   qgl_win.obj
 0001:0000c69c       _logBegin@4                1000d69c f   qgl_win.obj
 0001:0000c6cc       _logBindTexture@8          1000d6cc f   qgl_win.obj
 0001:0000c705       _logBlendFunc@8            1000d705 f   qgl_win.obj
 0001:0000c745       _logClear@4                1000d745 f   qgl_win.obj
 0001:0000c76b       _logClearColor@16          1000d76b f   qgl_win.obj
 0001:0000c7cc       _logClearDepth@8           1000d7cc f   qgl_win.obj
 0001:0000c7fe       _logColor3f@12             1000d7fe f   qgl_win.obj
 0001:0000c850       _logColor3fv@4             1000d850 f   qgl_win.obj
 0001:0000c876       _logColor4f@16             1000d876 f   qgl_win.obj
 0001:0000c8d7       _logColor4fv@4             1000d8d7 f   qgl_win.obj
 0001:0000c8fd       _logColor4ub@16            1000d8fd f   qgl_win.obj
 0001:0000c943       _logColor4ubv@4            1000d943 f   qgl_win.obj
 0001:0000c969       _logColorPointer@16        1000d969 f   qgl_win.obj
 0001:0000c9ae       _logCullFace@4             1000d9ae f   qgl_win.obj
 0001:0000c9de       _logDeleteTextures@8       1000d9de f   qgl_win.obj
 0001:0000ca10       _logDepthFunc@4            1000da10 f   qgl_win.obj
 0001:0000ca40       _logDepthMask@4            1000da40 f   qgl_win.obj
 0001:0000ca6c       _logDepthRange@16          1000da6c f   qgl_win.obj
 0001:0000cab0       _logDisable@4              1000dab0 f   qgl_win.obj
 0001:0000cae0       _logDisableClientState@4   1000dae0 f   qgl_win.obj
 0001:0000cb10       _logDrawBuffer@4           1000db10 f   qgl_win.obj
 0001:0000cb40       _logDrawElements@16        1000db40 f   qgl_win.obj
 0001:0000cb8c       _logEnable@4               1000db8c f   qgl_win.obj
 0001:0000cbbc       _logEnableClientState@4    1000dbbc f   qgl_win.obj
 0001:0000cbec       _logEnd@0                  1000dbec f   qgl_win.obj
 0001:0000cc0b       _logFinish@0               1000dc0b f   qgl_win.obj
 0001:0000cc2a       _logFogf@8                 1000dc2a f   qgl_win.obj
 0001:0000cc6b       _logFogfv@8                1000dc6b f   qgl_win.obj
 0001:0000cca4       _logFrustum@48             1000dca4 f   qgl_win.obj
 0001:0000cd28       _logGetError@0             1000dd28 f   qgl_win.obj
 0001:0000cd47       _logGetFloatv@8            1000dd47 f   qgl_win.obj
 0001:0000cd71       _logGetIntegerv@8          1000dd71 f   qgl_win.obj
 0001:0000cd9b       _logGetString@4            1000dd9b f   qgl_win.obj
 0001:0000cdc1       _logLoadIdentity@0         1000ddc1 f   qgl_win.obj
 0001:0000cde0       _logLoadMatrixf@4          1000dde0 f   qgl_win.obj
 0001:0000ce06       _logMatrixMode@4           1000de06 f   qgl_win.obj
 0001:0000ce36       _logOrtho@48               1000de36 f   qgl_win.obj
 0001:0000ceba       _logPolygonMode@8          1000deba f   qgl_win.obj
 0001:0000cefa       _logPolygonOffset@8        1000defa f   qgl_win.obj
 0001:0000cf3d       _logPopMatrix@0            1000df3d f   qgl_win.obj
 0001:0000cf5c       _logPushMatrix@0           1000df5c f   qgl_win.obj
 0001:0000cf7b       _logReadPixels@28          1000df7b f   qgl_win.obj
 0001:0000cfd9       _logRotatef@16             1000dfd9 f   qgl_win.obj
 0001:0000d03a       _logScalef@12              1000e03a f   qgl_win.obj
 0001:0000d08c       _logScissor@16             1000e08c f   qgl_win.obj
 0001:0000d0ca       _logShadeModel@4           1000e0ca f   qgl_win.obj
 0001:0000d0fa       _logTexCoord2f@8           1000e0fa f   qgl_win.obj
 0001:0000d13d       _logTexCoordPointer@16     1000e13d f   qgl_win.obj
 0001:0000d182       _logTexEnvf@12             1000e182 f   qgl_win.obj
 0001:0000d1d0       _logTexEnvfv@12            1000e1d0 f   qgl_win.obj
 0001:0000d216       _logTexEnvi@12             1000e216 f   qgl_win.obj
 0001:0000d263       _logTexImage2D@36          1000e263 f   qgl_win.obj
 0001:0000d2d4       _logTexParameterf@12       1000e2d4 f   qgl_win.obj
 0001:0000d322       _logTexSubImage2D@36       1000e322 f   qgl_win.obj
 0001:0000d393       _logTranslatef@12          1000e393 f   qgl_win.obj
 0001:0000d3e5       _logVertex2f@8             1000e3e5 f   qgl_win.obj
 0001:0000d428       _logVertex3f@12            1000e428 f   qgl_win.obj
 0001:0000d47a       _logVertex3fv@4            1000e47a f   qgl_win.obj
 0001:0000d4a0       _logVertexPointer@16       1000e4a0 f   qgl_win.obj
 0001:0000d4e5       _logViewport@16            1000e4e5 f   qgl_win.obj
 0001:0000d523       _logwglChoosePixelFormat@8 1000e523 f   qgl_win.obj
 0001:0000d54d       _logwglDescribePixelFormat@16 1000e54d f   qgl_win.obj
 0001:0000d57f       _logwglSetPixelFormat@12   1000e57f f   qgl_win.obj
 0001:0000d5ad       _logwglSwapBuffers@4       1000e5ad f   qgl_win.obj
 0001:0000d5d3       _logwglCreateContext@4     1000e5d3 f   qgl_win.obj
 0001:0000d5f9       _logwglDeleteContext@4     1000e5f9 f   qgl_win.obj
 0001:0000d61f       _logwglGetProcAddress@4    1000e61f f   qgl_win.obj
 0001:0000d645       _logwglMakeCurrent@8       1000e645 f   qgl_win.obj
 0001:0000d66f       _logSelectTextureSGIS@4    1000e66f f   qgl_win.obj
 0001:0000d69f       _logSelectTextureCoordSetSGIS@4 1000e69f f   qgl_win.obj
 0001:0000d6cf       _logMultiTexCoord2fSGIS@12 1000e6cf f   qgl_win.obj
 0001:0000d71f       _logActiveTextureARB@4     1000e71f f   qgl_win.obj
 0001:0000d74f       _logClientActiveTextureARB@4 1000e74f f   qgl_win.obj
 0001:0000d77f       _logMultiTexCoord2fARB@12  1000e77f f   qgl_win.obj
 0001:0000d7cf       _logLockArraysEXT@8        1000e7cf f   qgl_win.obj
 0001:0000d801       _logUnlockArraysEXT@0      1000e801 f   qgl_win.obj
 0001:0000d820       _logwglSwapIntervalEXT@4   1000e820 f   qgl_win.obj
 0001:0000dbec       _ExtensionSupported        1000ebec f   qgl_win.obj
 0001:0000b338       _RestoreGamma              1000c338 f   glw_imp.obj
 0001:0000b3e1       _ReadGamma                 1000c3e1 f   glw_imp.obj
 0001:0000b423       _GLimp_InitGL              1000c423 f   glw_imp.obj
 0001:0000b4df       _GLimp_SetPixelFormat      1000c4df f   glw_imp.obj
 0001:0000b660       _VerifyDriver              1000c660 f   glw_imp.obj
 0001:00008820       _DrawReflectPoly           10009820 f   gl_rsurf.obj
 0001:00008ca4       _GL_RenderLightmappedPoly  10009ca4 f   gl_rsurf.obj
 0001:000097a7       _LM_UploadBlock            1000a7a7 f   gl_rsurf.obj
 0001:00009888       _LM_AllocBlock             1000a888 f   gl_rsurf.obj
 0001:00007744       _R_EndFrame                10008744 f   gl_rmain.obj
 0001:00007808       _Screenshot                10008808 f   gl_rmain.obj
 0001:0000782b       _GetClientLight            1000882b f   gl_rmain.obj
 0001:00007832       _ReloadImage               10008832 f   gl_rmain.obj
 0001:00003edb       _R_CullAliasModel          10004edb f   gl_mesh.obj
