 ref_oldgl

 Timestamp is 42091108 (Tue Feb 08 22:20:40 2005)

 Preferred load address is 10000000

 Start         Length     Name                   Class
 0001:00000000 0000dd60H .text                   CODE
 0002:00000000 000000d8H .idata$5                DATA
 0002:000000d8 00000678H .rdata                  DATA
 0002:00000750 00000050H .idata$2                DATA
 0002:000007a0 00000014H .idata$3                DATA
 0002:000007b4 000000d8H .idata$4                DATA
 0002:0000088c 000002c0H .idata$6                DATA
 0002:00000b50 0000004aH .edata                  DATA
 0003:00000000 00000004H .CRT$XCA                DATA
 0003:00000004 00000004H .CRT$XCZ                DATA
 0003:00000008 00000004H .CRT$XIA                DATA
 0003:0000000c 00000004H .CRT$XIZ                DATA
 0003:00000010 00005740H .data                   DATA
 0003:00005750 0015cb90H .bss                    DATA

  Address         Publics by Value              Rva+Base     Lib:Object

 0001:00000000       ?Draw_InitLocal@@YAXXZ     10001000 f   gl_draw.obj
 0001:0000004d       ?Draw_Char@@YAXHHH@Z       1000104d f   gl_draw.obj
 0001:000001a0       ?Draw_CharColor@@YAXHHHH@Z 100011a0 f   gl_draw.obj
 0001:00000229       ?Draw_FindPic@@YAPAUimage_s@@PBD@Z 10001229 f   gl_draw.obj
 0001:00000256       ?Draw_GetPicSize@@YAXPAH0PBD@Z 10001256 f   gl_draw.obj
 0001:00000296       ?Draw_StretchPic@@YAXHHHHPBD@Z 10001296 f   gl_draw.obj
 0001:000003fc       ?Draw_Pic@@YAXHHPBD@Z      100013fc f   gl_draw.obj
 0001:000005a3       ?Draw_PicColor@@YAXHHPBDH@Z 100015a3 f   gl_draw.obj
 0001:00000614       ?Draw_TileClear@@YAXHHHHPBD@Z 10001614 f   gl_draw.obj
 0001:0000079b       ?Draw_Fill@@YAXHHHHH@Z     1000179b f   gl_draw.obj
 0001:000008b4       ?Draw_Fill2@@YAXHHHHI@Z    100018b4 f   gl_draw.obj
 0001:000009a6       ?Draw_StretchRaw8@@YAXHHHHHHPAE@Z 100019a6 f   gl_draw.obj
 0001:00000bbb       ?GL_SetTexturePalette@@YAXQAI@Z 10001bbb f   gl_image.obj
 0001:00000bbc       ?GL_EnableMultitexture@@YAX_N@Z 10001bbc f   gl_image.obj
 0001:00000c14       ?GL_SelectTexture@@YAXH@Z  10001c14 f   gl_image.obj
 0001:00000c5e       ?qglMTexCoord2f@@YAXHMM@Z  10001c5e f   gl_image.obj
 0001:00000cb9       ?GL_TexEnv@@YAXI@Z         10001cb9 f   gl_image.obj
 0001:00000ceb       ?GL_Bind@@YAXH@Z           10001ceb f   gl_image.obj
 0001:00000d42       ?GL_MBind@@YAXHH@Z         10001d42 f   gl_image.obj
 0001:00000d64       ?GL_TextureMode@@YAXPAD@Z  10001d64 f   gl_image.obj
 0001:00000e24       ?GL_TextureAlphaMode@@YAXPAD@Z 10001e24 f   gl_image.obj
 0001:00000e6d       ?GL_TextureSolidMode@@YAXPAD@Z 10001e6d f   gl_image.obj
 0001:00000eb6       ?GL_ImageList_f@@YAXXZ     10001eb6 f   gl_image.obj
 0001:00000fc9       ?Scrap_AllocBlock@@YAHHHPAH0@Z 10001fc9 f   gl_image.obj
 0001:00001085       ?Scrap_Upload@@YAXXZ       10002085 f   gl_image.obj
 0001:000010b5       ?R_FloodFillSkin@@YAXPAEHH@Z 100020b5 f   gl_image.obj
 0001:00001248       ?GL_ResampleTexture@@YAXPAIHH0HH@Z 10002248 f   gl_image.obj
 0001:000013e3       ?GL_LightScaleTexture@@YAXPAIHH_N@Z 100023e3 f   gl_image.obj
 0001:0000159f       ?GL_MipMap@@YAXPAEHH@Z     1000259f f   gl_image.obj
 0001:000016ff       ?GL_Upload32@@YA_NPAIHH_N@Z 100026ff f   gl_image.obj
 0001:000019b5       ?GL_Upload8@@YA_NPAEHH_N1@Z 100029b5 f   gl_image.obj
 0001:00001a9d       ?GL_LoadPic@@YAPAUimage_s@@PBDPAEHHW4imagetype_t@@H@Z 10002a9d f   gl_image.obj
 0001:00001d06       ?GL_LoadWal@@YAPAUimage_s@@PAD@Z 10002d06 f   gl_image.obj
 0001:00001d5b       ?GL_FindImage@@YAPAUimage_s@@PBDW4imagetype_t@@@Z 10002d5b f   gl_image.obj
 0001:000020b2       ?R_RegisterSkin@@YAPAUimage_s@@PBD@Z 100030b2 f   gl_image.obj
 0001:000020c0       ?GL_FreeUnusedImages@@YAXXZ 100030c0 f   gl_image.obj
 0001:0000212e       ?Draw_GetPalette@@YAHXZ    1000312e f   gl_image.obj
 0001:000021b9       ?GL_InitImages@@YAXXZ      100031b9 f   gl_image.obj
 0001:000022d4       ?GL_ShutdownImages@@YAXXZ  100032d4 f   gl_image.obj
 0001:0000230f       ?R_RenderDlight@@YAXPAUdlight_t@@@Z 1000330f f   gl_light.obj
 0001:0000242c       ?R_RenderDlights@@YAXXZ    1000342c f   gl_light.obj
 0001:000024e3       ?R_MarkLights@@YAXPAUdlight_t@@HPAUmnode_s@@@Z 100034e3 f   gl_light.obj
 0001:000025a2       ?R_PushDlights@@YAXXZ      100035a2 f   gl_light.obj
 0001:000025fd       ?RecursiveLightPoint@@YAHPAUmnode_s@@QAM1@Z 100035fd f   gl_light.obj
 0001:000028a7       ?R_LightPoint@@YAXQAM0@Z   100038a7 f   gl_light.obj
 0001:000029f4       ?R_AddDynamicLights@@YAXPAUmsurface_s@@@Z 100039f4 f   gl_light.obj
 0001:00002c4e       ?R_SetCacheState@@YAXPAUmsurface_s@@@Z 10003c4e f   gl_light.obj
 0001:00002c79       ?R_BuildLightMap@@YAXPAUmsurface_s@@PAEH@Z 10003c79 f   gl_light.obj
 0001:00003250       ?GL_LerpVerts@@YAXHPAUdTriVertx_t@@00PAMQAM22@Z 10004250 f   gl_mesh.obj
 0001:000033da       ?GL_DrawAliasFrameLerp@@YAXPAUdmdl_t@@M@Z 100043da f   gl_mesh.obj
 0001:000037c5       ?GL_DrawAliasShadow@@YAXPAUdmdl_t@@H@Z 100047c5 f   gl_mesh.obj
 0001:00003869       ?R_DrawAliasModel@@YAXPAUentity_s@@@Z 10004869 f   gl_mesh.obj
 0001:00004171       ?Mod_PointInLeaf@@YAPAUmleaf_s@@PAMPAUmodel_s@@@Z 10005171 f   gl_model.obj
 0001:000041d1       ?Mod_DecompressVis@@YAPAEPAEPAUmodel_s@@@Z 100051d1 f   gl_model.obj
 0001:00004251       ?Mod_ClusterPVS@@YAPAEHPAUmodel_s@@@Z 10005251 f   gl_model.obj
 0001:00004287       ?Mod_Modellist_f@@YAXXZ    10005287 f   gl_model.obj
 0001:000042e8       ?Mod_Init@@YAXXZ           100052e8 f   gl_model.obj
 0001:000042fa       ?CreateSolarColor@@YAXMMMPAM@Z 100052fa f   gl_model.obj
 0001:000043cd       ?Mod_LoadLighting@@YAXPAEH@Z 100053cd f   gl_model.obj
 0001:0000460f       ?Mod_LoadVisibility@@YAXPAUdvis_t@@H@Z 1000560f f   gl_model.obj
 0001:00004634       ?Mod_LoadVertexes@@YAXPAUdvertex_t@@H@Z 10005634 f   gl_model.obj
 0001:00004654       ?Mod_LoadSubmodels@@YAXPAUcmodel_t@@H@Z 10005654 f   gl_model.obj
 0001:000046e7       ?Mod_LoadEdges@@YAXPAUdedge_t@@H@Z 100056e7 f   gl_model.obj
 0001:00004736       ?Mod_LoadTexinfo@@YAXPAUtexinfo_s@@H@Z 10005736 f   gl_model.obj
 0001:00004843       ?CalcSurfaceExtents@@YAXPAUmsurface_s@@@Z 10005843 f   gl_model.obj
 0001:00004985       ?Mod_LoadFaces@@YAXPAUdface_t@@H@Z 10005985 f   gl_model.obj
 0001:00004add       ?Mod_SetParent@@YAXPAUmnode_s@@0@Z 10005add f   gl_model.obj
 0001:00004b02       ?Mod_LoadNodes@@YAXPAUdnode_t@@H@Z 10005b02 f   gl_model.obj
 0001:00004c00       ?Mod_LoadLeafs@@YAXPAUdleaf_t@@H@Z 10005c00 f   gl_model.obj
 0001:00004ca3       ?Mod_LoadMarksurfaces@@YAXPAGH@Z 10005ca3 f   gl_model.obj
 0001:00004d1e       ?Mod_LoadSurfedges@@YAXPAHH@Z 10005d1e f   gl_model.obj
 0001:00004d3e       ?Mod_LoadPlanes@@YAXPAUdplane_t@@H@Z 10005d3e f   gl_model.obj
 0001:00004dd3       ?PlaneTypeForNormal@@YAHQBM@Z 10005dd3 f i gl_model.obj
 0001:00004e44       ?Mod_LoadBrushModel@@YAXPAUmodel_s@@PAUbspfile_t@@@Z 10005e44 f   gl_model.obj
 0001:00004ff5       ?Mod_LoadAliasModel@@YAXPAUmodel_s@@PAX@Z 10005ff5 f   gl_model.obj
 0001:000052ad       ?Mod_LoadSpriteModel@@YAXPAUmodel_s@@PAX@Z 100062ad f   gl_model.obj
 0001:000053b6       ?R_BeginRegistration@@YAXPBD@Z 100063b6 f   gl_model.obj
 0001:0000565e       ?R_RegisterModel@@YAPAUmodel_s@@PBD@Z 1000665e f   gl_model.obj
 0001:0000575b       ?R_EndRegistration@@YAXXZ  1000675b f   gl_model.obj
 0001:0000579a       ?Mod_Free@@YAXPAUmodel_s@@@Z 1000679a f   gl_model.obj
 0001:000057b5       ?Mod_FreeAll@@YAXXZ        100067b5 f   gl_model.obj
 0001:000057e8       ?R_CullBox@@YA_NQAM0@Z     100067e8 f   gl_rmain.obj
 0001:00005822       ?BOX_ON_PLANE_SIDE@@YAHQBM0PBUcplane_t@@@Z 10006822 f i gl_rmain.obj
 0001:000058a7       ?R_RotateForEntity@@YAXPAUentity_s@@@Z 100068a7 f   gl_rmain.obj
 0001:0000592a       ?R_DrawSpriteModel@@YAXPAUentity_s@@@Z 1000692a f   gl_rmain.obj
 0001:00005c2c       ?R_DrawNullModel@@YAXXZ    10006c2c f   gl_rmain.obj
 0001:00005dbf       ?R_DrawEntitiesOnList@@YAXXZ 10006dbf f   gl_rmain.obj
 0001:00005eef       ?GL_DrawParticles@@YAXPAUparticle_s@@QBI@Z 10006eef f   gl_rmain.obj
 0001:000060dc       ?R_DrawParticles@@YAXXZ    100070dc f   gl_rmain.obj
 0001:000060ef       ?R_PolyBlend@@YAXXZ        100070ef f   gl_rmain.obj
 0001:0000626f       ?SignbitsForPlane@@YAHPAUcplane_t@@@Z 1000726f f   gl_rmain.obj
 0001:00006299       ?R_SetFrustum@@YAXXZ       10007299 f   gl_rmain.obj
 0001:00006383       ?R_SetupFrame@@YAXXZ       10007383 f   gl_rmain.obj
 0001:0000650e       ?MYgluPerspective@@YAXNNNN@Z 1000750e f   gl_rmain.obj
 0001:0000657a       ?R_SetupGL@@YAXXZ          1000757a f   gl_rmain.obj
 0001:000067fa       ?R_Clear@@YAXXZ            100077fa f   gl_rmain.obj
 0001:000068db       ?R_Flash@@YAXXZ            100078db f   gl_rmain.obj
 0001:000068e0       ?R_RenderView@@YAXPAUrefdef_t@@@Z 100078e0 f   gl_rmain.obj
 0001:000069ec       ?R_SetGL2D@@YAXXZ          100079ec f   gl_rmain.obj
 0001:00006add       ?R_SetLightLevel@@YAXXZ    10007add f   gl_rmain.obj
 0001:00006b38       ?R_RenderFrame@@YAXPAUrefdef_t@@@Z 10007b38 f   gl_rmain.obj
 0001:00006b51       ?R_Register@@YAXXZ         10007b51 f   gl_rmain.obj
 0001:00006b98       ?R_SetMode@@YA_NXZ         10007b98 f   gl_rmain.obj
 0001:00006c8a       ?R_Init@@YAHXZ             10007c8a f   gl_rmain.obj
 0001:00007001       ?R_Shutdown@@YAXXZ         10008001 f   gl_rmain.obj
 0001:0000703b       ?R_BeginFrame@@YAXM@Z      1000803b f   gl_rmain.obj
 0001:000072cb       ?R_SetPalette@@YAXPBE@Z    100082cb f   gl_rmain.obj
 0001:00007396       ?R_DrawBeam@@YAXPAUbeam_s@@@Z 10008396 f   gl_rmain.obj
 0001:000075a1       ?Draw_ConCharColor@@YAXHHHH@Z 100085a1 f   gl_rmain.obj
 0001:000075c2       _GetRefAPI                 100085c2 f   gl_rmain.obj
 0001:000077c6       ?R_InitParticleTexture@@YAXXZ 100087c6 f   gl_rmisc.obj
 0001:00007895       ?GL_PerformScreenshot@@YAXXZ 10008895 f   gl_rmisc.obj
 0001:00007ad5       ?GL_Strings_f@@YAXXZ       10008ad5 f   gl_rmisc.obj
 0001:00007b29       ?GL_SetDefaultState@@YAXXZ 10008b29 f   gl_rmisc.obj
 0001:00007c84       ?GL_UpdateSwapInterval@@YAXXZ 10008c84 f   gl_rmisc.obj
 0001:00007cb9       ?R_TextureAnimation@@YAPAUimage_s@@PAUmtexinfo_s@@@Z 10008cb9 f   gl_rsurf.obj
 0001:00007cdd       ?DrawGLPoly@@YAXPAUglpoly_s@@@Z 10008cdd f   gl_rsurf.obj
 0001:00007d39       ?DrawGLFlowingPoly@@YAXPAUmsurface_s@@@Z 10008d39 f   gl_rsurf.obj
 0001:00007dc1       ?R_DrawTriangleOutlines@@YAXXZ 10008dc1 f   gl_rsurf.obj
 0001:00007ebe       ?DrawGLPolyChain@@YAXPAUglpoly_s@@MM@Z 10008ebe f   gl_rsurf.obj
 0001:00007f95       ?R_BlendLightmaps@@YAXXZ   10008f95 f   gl_rsurf.obj
 0001:00008280       ?R_RenderBrushPoly@@YAXPAUmsurface_s@@@Z 10009280 f   gl_rsurf.obj
 0001:0000844f       ?DrawReflectPoly3@@YAXPAUmsurface_s@@PAUimage_s@@@Z 1000944f f   gl_rsurf.obj
 0001:00008524       ?R_DrawAlphaSurfaces@@YAXXZ 10009524 f   gl_rsurf.obj
 0001:00008949       ?DrawTextureChains@@YAXXZ  10009949 f   gl_rsurf.obj
 0001:00008a77       ?R_DrawInlineBModel@@YAXXZ 10009a77 f   gl_rsurf.obj
 0001:0000901f       ?R_DrawBrushModel@@YAXPAUentity_s@@@Z 1000a01f f   gl_rsurf.obj
 0001:00009238       ?R_RecursiveWorldNode@@YAXPAUmnode_s@@@Z 1000a238 f   gl_rsurf.obj
 0001:000093ac       ?DISTANCE_TO_PLANE@@YAMQBMPBUcplane_t@@@Z 1000a3ac f i gl_rsurf.obj
 0001:000093f4       ?R_DrawWorld@@YAXXZ        1000a3f4 f   gl_rsurf.obj
 0001:00009560       ?R_MarkLeaves@@YAXXZ       1000a560 f   gl_rsurf.obj
 0001:00009901       ?GL_BuildPolygonFromSurface@@YAXPAUmsurface_s@@@Z 1000a901 f   gl_rsurf.obj
 0001:00009aa0       ?GL_CreateSurfaceLightmap@@YAXPAUmsurface_s@@@Z 1000aaa0 f   gl_rsurf.obj
 0001:00009b3c       ?GL_BeginBuildingLightmaps@@YAXPAUmodel_s@@@Z 1000ab3c f   gl_rsurf.obj
 0001:00009c5f       ?GL_EndBuildingLightmaps@@YAXXZ 1000ac5f f   gl_rsurf.obj
 0001:00009c70       ?DrawColoredText@@YAXHHPADI@Z 1000ac70 f   gl_textout.obj
 0001:00009e08       ?R_DrawTexts@@YAXXZ        1000ae08 f   gl_textout.obj
 0001:00009e4d       ?DrawTextPos@@YAXHHPBDI@Z  1000ae4d f   gl_textout.obj
 0001:00009eef       ?DrawTextLeft@@YAXPBDI@Z   1000aeef f   gl_textout.obj
 0001:00009f17       ?DrawTextRight@@YAXPBDI@Z  1000af17 f   gl_textout.obj
 0001:00009f55       ?BoundPoly@@YAXHPAMQAM1@Z  1000af55 f   gl_warp.obj
 0001:00009fd3       ?SubdividePolygon@@YAXHPAM@Z 1000afd3 f   gl_warp.obj
 0001:0000a2c2       ?GL_SubdivideSurface@@YAXPAUmsurface_s@@@Z 1000b2c2 f   gl_warp.obj
 0001:0000a353       ?EmitWaterPolys@@YAXPAUmsurface_s@@@Z 1000b353 f   gl_warp.obj
 0001:0000a449       ?DrawSkyPolygon@@YAXHQAM@Z 1000b449 f   gl_warp.obj
 0001:0000a605       ?ClipSkyPolygon@@YAXHQAMH@Z 1000b605 f   gl_warp.obj
 0001:0000a80e       ?R_AddSkySurface@@YAXPAUmsurface_s@@@Z 1000b80e f   gl_warp.obj
 0001:0000a87b       ?R_ClearSkyBox@@YAXXZ      1000b87b f   gl_warp.obj
 0001:0000a8b1       ?MakeSkyVec@@YAXMMH@Z      1000b8b1 f   gl_warp.obj
 0001:0000a9ad       ?R_DrawSkyBox@@YAXXZ       1000b9ad f   gl_warp.obj
 0001:0000ab6c       ?R_SetSky@@YAXPBDMQAM@Z    1000bb6c f   gl_warp.obj
 0001:0000ac7a       ?GLimp_SetMode@@YA?AW4rserr_t@@PAI0H_N@Z 1000bc7a f   glw_imp.obj
 0001:0000af29       ?GLimp_HasGamma@@YA_NXZ    1000bf29 f   glw_imp.obj
 0001:0000af3d       ?GLimp_SetGamma@@YAXMM@Z   1000bf3d f   glw_imp.obj
 0001:0000b0d3       ?GLimp_Init@@YAHXZ         1000c0d3 f   glw_imp.obj
 0001:0000b470       ?GLimp_Shutdown@@YAXXZ     1000c470 f   glw_imp.obj
 0001:0000b51b       ?GLimp_EndFrame@@YAXXZ     1000c51b f   glw_imp.obj
 0001:0000b59d       ?GLimp_BeginFrame@@YAXM@Z  1000c59d f   glw_imp.obj
 0001:0000b5f0       ?GLimp_AppActivate@@YAX_N@Z 1000c5f0 f   glw_imp.obj
 0001:0000cba3       ?QGL_Shutdown@@YAXXZ       1000dba3 f   qgl_win.obj
 0001:0000cbe1       ?QGL_Init@@YA_NPBD@Z       1000dbe1 f   qgl_win.obj
 0001:0000cc66       ?QGL_InitExtensions@@YAXXZ 1000dc66 f   qgl_win.obj
 0001:0000d16b       ?QGL_PrintExtensionsString@@YAXPBD0@Z 1000e16b f   qgl_win.obj
 0001:0000d29a       ?QGL_EnableLogging@@YAX_N@Z 1000e29a f   qgl_win.obj
 0001:0000d352       ?QGL_LogMessage@@YAXPBD@Z  1000e352 f   qgl_win.obj
 0001:0000d369       ?Q_rsqrt@@YAMM@Z           1000e369 f   q_shared2.obj
 0001:0000d399       ?RotatePointAroundVector@@YAXQAMQBM1M@Z 1000e399 f   q_shared2.obj
 0001:0000d501       ?AngleVectors@@YAXQBMQAM11@Z 1000e501 f   q_shared2.obj
 0001:0000d662       ?ProjectPointOnPlane@@YAXQAMQBM1@Z 1000e662 f   q_shared2.obj
 0001:0000d6e1       ?PerpendicularVector@@YAXQAMQBM@Z 1000e6e1 f   q_shared2.obj
 0001:0000d74a       ?MatrixMultiply@@YAXQAY02M00@Z 1000e74a f   q_shared2.obj
 0001:0000d831       ?BoxOnPlaneSide@@YAHQBM0PBUcplane_t@@@Z 1000e831 f   q_shared2.obj
 0001:0000d954       ?VectorNormalize@@YAMQAM@Z 1000e954 f   q_shared2.obj
 0001:0000d9ad       ?VectorNormalizeFast@@YAMQAM@Z 1000e9ad f   q_shared2.obj
 0001:0000da00       ?CrossProduct@@YAXQBM0QAM@Z 1000ea00 f   q_shared2.obj
 0001:0000da3b       ?VectorLength@@YAMQBM@Z    1000ea3b f   q_shared2.obj
 0001:0000da6a       ?VectorScale@@YAXQBMMQAM@Z 1000ea6a f   q_shared2.obj
 0001:0000da8e       ?va@@YAPADPADZZ            1000ea8e f   q_shared2.obj
 0001:0000dadb       ?Q_strncpylower@@YAXPADPBDH@Z 1000eadb f   q_shared2.obj
 0001:0000db15       ?Com_sprintf@@YAHPADHPBDZZ 1000eb15 f   q_shared2.obj
 0001:0000db5c       ?InitRendererVars@@YAXXZ   1000eb5c f   ref_vars.obj
 0001:0000db80       __alloca_probe             1000eb80 f   MSVCRT:chkstk.obj
 0001:0000db80       __chkstk                   1000eb80 f   MSVCRT:chkstk.obj
 0001:0000dbb0       __ftol                     1000ebb0 f   MSVCRT:MSVCRT.dll
 0001:0000dbb6       _strcpy                    1000ebb6 f   MSVCRT:MSVCRT.dll
 0001:0000dbbc       _strlen                    1000ebbc f   MSVCRT:MSVCRT.dll
 0001:0000dbc2       _strcmp                    1000ebc2 f   MSVCRT:MSVCRT.dll
 0001:0000dbc8       _pow                       1000ebc8 f   MSVCRT:MSVCRT.dll
 0001:0000dbce       _cos                       1000ebce f   MSVCRT:MSVCRT.dll
 0001:0000dbd4       _sin                       1000ebd4 f   MSVCRT:MSVCRT.dll
 0001:0000dbda       _tan                       1000ebda f   MSVCRT:MSVCRT.dll
 0001:0000dbe0       _strcat                    1000ebe0 f   MSVCRT:MSVCRT.dll
 0001:0000dbe6       __except_handler3          1000ebe6 f   MSVCRT:MSVCRT.dll
 0001:0000dbec       _sqrt                      1000ebec f   MSVCRT:MSVCRT.dll
 0001:0000dbf2       __CRT_INIT@12              1000ebf2 f   MSVCRT:crtdll.obj
 0001:0000dc9d       __DllMainCRTStartup@12     1000ec9d f   MSVCRT:crtdll.obj
 0001:0000dd3a       __initterm                 1000ed3a f   MSVCRT:MSVCRT.dll
 0001:0000dd40       _DllMain@12                1000ed40 f   MSVCRT:dllmain.obj
 0002:00000000       __imp__SetDeviceGammaRamp@8 1000f000     gdi32:GDI32.dll
 0002:00000004       __imp__GetDeviceGammaRamp@8 1000f004     gdi32:GDI32.dll
 0002:00000008       __imp__DescribePixelFormat@16 1000f008     gdi32:GDI32.dll
 0002:0000000c       __imp__SetPixelFormat@12   1000f00c     gdi32:GDI32.dll
 0002:00000010       __imp__SwapBuffers@4       1000f010     gdi32:GDI32.dll
 0002:00000014       __imp__ChoosePixelFormat@8 1000f014     gdi32:GDI32.dll
 0002:00000018       __imp__GetDeviceCaps@8     1000f018     gdi32:GDI32.dll
 0002:0000001c       \177GDI32_NULL_THUNK_DATA  1000f01c     gdi32:GDI32.dll
 0002:00000020       __imp__LoadLibraryA@4      1000f020     kernel32:KERNEL32.dll
 0002:00000024       __imp__GetVersionExA@4     1000f024     kernel32:KERNEL32.dll
 0002:00000028       __imp__GetProcAddress@8    1000f028     kernel32:KERNEL32.dll
 0002:0000002c       __imp__FreeLibrary@4       1000f02c     kernel32:KERNEL32.dll
 0002:00000030       __imp__DisableThreadLibraryCalls@4 1000f030     kernel32:KERNEL32.dll
 0002:00000034       \177KERNEL32_NULL_THUNK_DATA 1000f034     kernel32:KERNEL32.dll
 0002:00000038       __imp___adjust_fdiv        1000f038     MSVCRT:MSVCRT.dll
 0002:0000003c       __imp__stricmp             1000f03c     MSVCRT:MSVCRT.dll
 0002:0000003c       __imp___stricmp            1000f03c     MSVCRT:MSVCRT.dll
 0002:00000040       __imp___strlwr             1000f040     MSVCRT:MSVCRT.dll
 0002:00000040       __imp__strlwr              1000f040     MSVCRT:MSVCRT.dll
 0002:00000044       __imp__malloc              1000f044     MSVCRT:MSVCRT.dll
 0002:00000048       __imp___ftol               1000f048     MSVCRT:MSVCRT.dll
 0002:0000004c       __imp__strcpy              1000f04c     MSVCRT:MSVCRT.dll
 0002:00000050       __imp__strlen              1000f050     MSVCRT:MSVCRT.dll
 0002:00000054       __imp__strcmp              1000f054     MSVCRT:MSVCRT.dll
 0002:00000058       __imp__pow                 1000f058     MSVCRT:MSVCRT.dll
 0002:0000005c       __imp__cos                 1000f05c     MSVCRT:MSVCRT.dll
 0002:00000060       __imp__sin                 1000f060     MSVCRT:MSVCRT.dll
 0002:00000064       __imp__strrchr             1000f064     MSVCRT:MSVCRT.dll
 0002:00000068       __imp__atoi                1000f068     MSVCRT:MSVCRT.dll
 0002:0000006c       __imp__tan                 1000f06c     MSVCRT:MSVCRT.dll
 0002:00000070       __imp__strstr              1000f070     MSVCRT:MSVCRT.dll
 0002:00000074       __imp__fclose              1000f074     MSVCRT:MSVCRT.dll
 0002:00000078       __imp__fopen               1000f078     MSVCRT:MSVCRT.dll
 0002:0000007c       __imp__strcat              1000f07c     MSVCRT:MSVCRT.dll
 0002:00000080       __imp__strncpy             1000f080     MSVCRT:MSVCRT.dll
 0002:00000084       __imp___winmajor           1000f084     MSVCRT:MSVCRT.dll
 0002:00000088       __imp__fprintf             1000f088     MSVCRT:MSVCRT.dll
 0002:0000008c       __imp___except_handler3    1000f08c     MSVCRT:MSVCRT.dll
 0002:00000090       __imp__strchr              1000f090     MSVCRT:MSVCRT.dll
 0002:00000094       __imp__strftime            1000f094     MSVCRT:MSVCRT.dll
 0002:00000098       __imp__localtime           1000f098     MSVCRT:MSVCRT.dll
 0002:0000009c       __imp__time                1000f09c     MSVCRT:MSVCRT.dll
 0002:000000a0       __imp__sqrt                1000f0a0     MSVCRT:MSVCRT.dll
 0002:000000a4       __imp___vsnprintf          1000f0a4     MSVCRT:MSVCRT.dll
 0002:000000a8       __imp__free                1000f0a8     MSVCRT:MSVCRT.dll
 0002:000000ac       __imp___initterm           1000f0ac     MSVCRT:MSVCRT.dll
 0002:000000b0       __imp___putenv             1000f0b0     MSVCRT:MSVCRT.dll
 0002:000000b0       __imp__putenv              1000f0b0     MSVCRT:MSVCRT.dll
 0002:000000b4       \177MSVCRT_NULL_THUNK_DATA 1000f0b4     MSVCRT:MSVCRT.dll
 0002:000000b8       __imp__SetForegroundWindow@4 1000f0b8     user32:USER32.dll
 0002:000000bc       __imp__ShowWindow@8        1000f0bc     user32:USER32.dll
 0002:000000c0       __imp__SetWindowPos@28     1000f0c0     user32:USER32.dll
 0002:000000c4       __imp__GetDesktopWindow@0  1000f0c4     user32:USER32.dll
 0002:000000c8       __imp__GetDC@4             1000f0c8     user32:USER32.dll
 0002:000000cc       __imp__ReleaseDC@8         1000f0cc     user32:USER32.dll
 0002:000000d0       __imp__ChangeDisplaySettingsA@8 1000f0d0     user32:USER32.dll
 0002:000000d4       \177USER32_NULL_THUNK_DATA 1000f0d4     user32:USER32.dll
 0002:000000d8       __real@4@400c9800000000000000 1000f0d8     gl_draw.obj
 0002:000000dc       __real@4@3ffb8000000000000000 1000f0dc     gl_draw.obj
 0002:000000e0       __real@8@3ffb8000000000000000 1000f0e0     gl_draw.obj
 0002:000000e8       __real@8@3ff98000000000000000 1000f0e8     gl_draw.obj
 0002:000000f0       __real@8@3ff78080808080808000 1000f0f0     gl_draw.obj
 0002:000000f8       __real@4@400c9804000000000000 1000f0f8     gl_draw.obj
 0002:000000fc       __real@4@3ff78000000000000000 1000f0fc     gl_draw.obj
 0002:00000100       __real@8@3ff78000000000000000 1000f100     gl_draw.obj
 0002:00000190       __real@8@3ffec000000000000000 1000f190     gl_image.obj
 0002:00000198       __real@8@3ffd8000000000000000 1000f198     gl_image.obj
 0002:000001a0       __real@8@3ffdaaaaaaaaaaaaa800 1000f1a0     gl_image.obj
 0002:000001a8       __real@4@4006ff00000000000000 1000f1a8     gl_image.obj
 0002:000001ac       __real@4@00000000000000000000 1000f1ac     gl_image.obj
 0002:000001b0       __real@8@3ffe8000000000000000 1000f1b0     gl_image.obj
 0002:000001b8       __real@8@3fff8000000000000000 1000f1b8     gl_image.obj
 0002:000001c0       __real@8@3ff8a3d70a3d70a3d800 1000f1c0     gl_image.obj
 0002:000001c8       __real@8@4006ff00000000000000 1000f1c8     gl_image.obj
 0002:000001d0       __real@8@3ff78040201008040000 1000f1d0     gl_image.obj
 0002:000001d8       __real@4@3fff8000000000000000 1000f1d8     gl_image.obj
 0002:000001e0       __real@8@3ffdc90fdaa22168c000 1000f1e0     gl_light.obj
 0002:000001e8       __real@8@3ffcccccccccccccd000 1000f1e8     gl_light.obj
 0002:000001f0       __real@8@3ffdb333333333333000 1000f1f0     gl_light.obj
 0002:000001f8       __real@4@40048000000000000000 1000f1f8     gl_light.obj
 0002:000001fc       __real@4@3ff88000000000000000 1000f1fc     gl_light.obj
 0002:00000200       __real@4@3ff78080808080808000 1000f200     gl_light.obj
 0002:00000204       __real@4@bfff8000000000000000 1000f204     gl_light.obj
 0002:00000208       __real@4@400a8000000000000000 1000f208     gl_light.obj
 0002:0000020c       __real@4@40038000000000000000 1000f20c     gl_light.obj
 0002:00000210       __real@8@40088000000000000000 1000f210     gl_light.obj
 0002:00000218       __real@4@4002c000000000000000 1000f218     gl_light.obj
 0002:0000021c       __real@4@40028000000000000000 1000f21c     gl_light.obj
 0002:00000220       __real@4@40018000000000000000 1000f220     gl_mesh.obj
 0002:00000224       __real@4@3ffe8000000000000000 1000f224     gl_mesh.obj
 0002:00000228       __real@8@40018000000000000000 1000f228     gl_mesh.obj
 0002:00000230       __real@8@400b8000000000000000 1000f230     gl_mesh.obj
 0002:00000238       __real@8@3ffd9999999999999800 1000f238     gl_mesh.obj
 0002:00000240       __real@8@4000c90fdaa22168c000 1000f240     gl_mesh.obj
 0002:00000248       __real@4@3ff7b60b60b60b60b800 1000f248     gl_mesh.obj
 0002:00000250       __real@8@3ffab60b60b60b60b800 1000f250     gl_mesh.obj
 0002:00000258       __real@4@40008000000000000000 1000f258     gl_mesh.obj
 0002:00000260       __real@8@3ffeccccccccccccd000 1000f260     gl_mesh.obj
 0002:00000268       __real@4@4001e000000000000000 1000f268     gl_mesh.obj
 0002:0000026c       __real@4@3ffbcccccd0000000000 1000f26c     gl_mesh.obj
 0002:00000270       __real@8@3ffbccccccccccccd000 1000f270     gl_mesh.obj
 0002:00000278       __real@4@40069600000000000000 1000f278     gl_mesh.obj
 0002:0000027c       __real@4@4001a000000000000000 1000f27c     gl_model.obj
 0002:00000280       __real@8@3ffda8f5c28f5c28f800 1000f280     gl_model.obj
 0002:00000288       __real@8@3ffab0c34c1a8ac5c800 1000f288     gl_model.obj
 0002:00000290       ?h@?1??appCeil@@YAHM@Z@4MB 1000f290     gl_model.obj
 0002:00000294       ?h@?1??appFloor@@YAHM@Z@4MB 1000f294     gl_model.obj
 0002:00000298       __real@4@c0178000000000000000 1000f298     gl_model.obj
 0002:0000029c       __real@4@40178000000000000000 1000f29c     gl_model.obj
 0002:000002a0       __real@4@c0048000000000000000 1000f2a0     gl_model.obj
 0002:000004a0       __real@4@3ffeaa7efa0000000000 1000f4a0     gl_rmain.obj
 0002:000004a4       __real@4@3ffacccccd0000000000 1000f4a4     gl_rmain.obj
 0002:000004a8       __real@8@40038000000000000000 1000f4a8     gl_rmain.obj
 0002:000004b0       __real@8@3fffc90fdaa22168c000 1000f4b0     gl_rmain.obj
 0002:000004b8       __real@4@c0038000000000000000 1000f4b8     gl_rmain.obj
 0002:000004bc       __real@4@3fff8800000000000000 1000f4bc     gl_rmain.obj
 0002:000004c0       __real@8@3ff783126e978d4fe000 1000f4c0     gl_rmain.obj
 0002:000004c8       __real@4@4003a000000000000000 1000f4c8     gl_rmain.obj
 0002:000004cc       __real@4@3fffc000000000000000 1000f4cc     gl_rmain.obj
 0002:000004d0       __real@4@c005c800000000000000 1000f4d0     gl_rmain.obj
 0002:000004d4       __real@4@4002a000000000000000 1000f4d4     gl_rmain.obj
 0002:000004d8       __real@4@4005c800000000000000 1000f4d8     gl_rmain.obj
 0002:000004dc       __real@4@4005b400000000000000 1000f4dc     gl_rmain.obj
 0002:000004e0       __real@4@c005b400000000000000 1000f4e0     gl_rmain.obj
 0002:000004e4       __real@4@3ffd99999a0000000000 1000f4e4     gl_rmain.obj
 0002:000004e8       __real@8@3ff88efa351294e9c800 1000f4e8     gl_rmain.obj
 0002:000004f0       __real@8@4000a000000000000000 1000f4f0     gl_rmain.obj
 0002:000004f8       __real@8@c0178000000000000000 1000f4f8     gl_rmain.obj
 0002:00000500       __real@8@40178000000000000000 1000f500     gl_rmain.obj
 0002:00000508       __real@8@4004f000000000000000 1000f508     gl_rmain.obj
 0002:00000510       __real@4@400ca404000000000000 1000f510     gl_rmisc.obj
 0002:00000518       __real@8@00000000000000000000 1000f518     gl_rsurf.obj
 0002:00000520       __real@8@c0058000000000000000 1000f520     gl_rsurf.obj
 0002:00000528       __real@8@3ff9ccccccccccccd000 1000f528     gl_rsurf.obj
 0002:00000530       __real@4@3ffea8f5c30000000000 1000f530     gl_rsurf.obj
 0002:00000534       __real@4@3ffda8f5c30000000000 1000f534     gl_rsurf.obj
 0002:00000538       __real@4@3ffce147ae0000000000 1000f538     gl_rsurf.obj
 0002:00000540       __real@8@bff8a3d70a3d70a3d800 1000f540     gl_rsurf.obj
 0002:00000548       __real@4@3ffd8000000000000000 1000f548     gl_rsurf.obj
 0002:0000054c       __real@4@3ff38000000000000000 1000f54c     gl_rsurf.obj
 0002:00000550       __real@4@3ff98000000000000000 1000f550     gl_warp.obj
 0002:00000558       __real@8@4004a2f9836e4e441800 1000f558     gl_warp.obj
 0002:00000560       __real@8@3ffc8000000000000000 1000f560     gl_warp.obj
 0002:00000568       __real@8@3ff583126e978d4fe000 1000f568     gl_warp.obj
 0002:00000570       __real@8@bffbccccccccccccd000 1000f570     gl_warp.obj
 0002:00000578       __real@8@400d8000000000000000 1000f578     glw_imp.obj
 0002:00000580       __real@8@400effff000000000000 1000f580     glw_imp.obj
 0002:00000588       __real@8@400e8000000000000000 1000f588     glw_imp.obj
 0002:00000590       __real@4@400e8000000000000000 1000f590     glw_imp.obj
 0002:00000594       __real@4@4000c000000000000000 1000f594     glw_imp.obj
 0002:000006e0       __real@8@3ff7b60b60b60b60b800 1000f6e0     q_shared2.obj
 0002:000006e8       __real@8@3ff98efa351294e9c800 1000f6e8     q_shared2.obj
 0002:00000750       __IMPORT_DESCRIPTOR_KERNEL32 1000f750     kernel32:KERNEL32.dll
 0002:00000764       __IMPORT_DESCRIPTOR_USER32 1000f764     user32:USER32.dll
 0002:00000778       __IMPORT_DESCRIPTOR_GDI32  1000f778     gdi32:GDI32.dll
 0002:0000078c       __IMPORT_DESCRIPTOR_MSVCRT 1000f78c     MSVCRT:MSVCRT.dll
 0002:000007a0       __NULL_IMPORT_DESCRIPTOR   1000f7a0     kernel32:KERNEL32.dll
 0003:00000000       ___xc_a                    10010000     MSVCRT:cinitexe.obj
 0003:00000004       ___xc_z                    10010004     MSVCRT:cinitexe.obj
 0003:00000008       ___xi_a                    10010008     MSVCRT:cinitexe.obj
 0003:0000000c       ___xi_z                    1001000c     MSVCRT:cinitexe.obj
 0003:00000070       ??_C@_08CFBM@conchars?$AA@ 10010070     gl_draw.obj
 0003:0000007c       ??_C@_0M@BOLH@pics?1?$CFs?4?$DP?$DP?$DP?$AA@ 1001007c     gl_draw.obj
 0003:00000088       ??_C@_0BE@OFJF@Can?8t?5find?5pic?3?5?$CFs?6?$AA@ 10010088     gl_draw.obj
 0003:0000009c       ??_C@_0BF@FJLG@Draw_Fill?3?5bad?5color?$AA@ 1001009c     gl_draw.obj
 0003:000000b4       ??_C@_03EDOL@PAL?$AA@      100100b4     gl_image.obj
 0003:000000b8       ??_C@_0M@IBFD@GL_RGB2_EXT?$AA@ 100100b8     gl_image.obj
 0003:000000c4       ??_C@_04PIGM@RGBA?$AA@     100100c4     gl_image.obj
 0003:000000cc       ??_C@_03DLPD@RGB?$AA@      100100cc     gl_image.obj
 0003:000000d0       ??_C@_02GAM@IA?$AA@        100100d0     gl_image.obj
 0003:000000d4       ??_C@_01FLOP@I?$AA@        100100d4     gl_image.obj
 0003:000000d8       ??_C@_04PDBB@?$DP?$DP?$DP?$DP?$AA@ 100100d8     gl_image.obj
 0003:000000e0       ?gl_solid_format@@3HA      100100e0     gl_image.obj
 0003:000000e4       ?gl_alpha_format@@3HA      100100e4     gl_image.obj
 0003:000000e8       ?gl_tex_solid_format@@3HA  100100e8     gl_image.obj
 0003:000000ec       ?gl_tex_alpha_format@@3HA  100100ec     gl_image.obj
 0003:000000f0       ?gl_filter_min@@3HA        100100f0     gl_image.obj
 0003:000000f4       ?gl_filter_max@@3HA        100100f4     gl_image.obj
 0003:00000130       ?gl_solid_modes@@3PAUgltmode_t@@A 10010130     gl_image.obj
 0003:000001d4       ??_C@_09PIFN@trilinear?$AA@ 100101d4     gl_image.obj
 0003:000001e0       ??_C@_08IMBI@bilinear?$AA@ 100101e0     gl_image.obj
 0003:000001ec       ??_C@_04KIKH@none?$AA@     100101ec     gl_image.obj
 0003:000001f4       ??_C@_0BI@KDJA@GL_LINEAR_MIPMAP_LINEAR?$AA@ 100101f4     gl_image.obj
 0003:0000020c       ??_C@_0BJ@FEEC@GL_NEAREST_MIPMAP_LINEAR?$AA@ 1001020c     gl_image.obj
 0003:00000228       ??_C@_0BJ@CJFK@GL_LINEAR_MIPMAP_NEAREST?$AA@ 10010228     gl_image.obj
 0003:00000244       ??_C@_0BK@NEKN@GL_NEAREST_MIPMAP_NEAREST?$AA@ 10010244     gl_image.obj
 0003:00000260       ??_C@_09KGLC@GL_LINEAR?$AA@ 10010260     gl_image.obj
 0003:0000026c       ??_C@_0L@FLFP@GL_NEAREST?$AA@ 1001026c     gl_image.obj
 0003:00000278       ??_C@_07MMFM@GL_RGB2?$AA@  10010278     gl_image.obj
 0003:00000280       ??_C@_0M@BAKM@GL_R3_G3_B2?$AA@ 10010280     gl_image.obj
 0003:0000028c       ??_C@_07DDCO@GL_RGB4?$AA@  1001028c     gl_image.obj
 0003:00000294       ??_C@_07JJLJ@GL_RGB5?$AA@  10010294     gl_image.obj
 0003:0000029c       ??_C@_07MNMK@GL_RGB8?$AA@  1001029c     gl_image.obj
 0003:000002a4       ??_C@_06OCPL@GL_RGB?$AA@   100102a4     gl_image.obj
 0003:000002ac       ??_C@_08DJND@GL_RGBA2?$AA@ 100102ac     gl_image.obj
 0003:000002b8       ??_C@_08MGKB@GL_RGBA4?$AA@ 100102b8     gl_image.obj
 0003:000002c4       ??_C@_0L@BGEN@GL_RGB5_A1?$AA@ 100102c4     gl_image.obj
 0003:000002d0       ??_C@_08DIEF@GL_RGBA8?$AA@ 100102d0     gl_image.obj
 0003:000002dc       ??_C@_07GNLF@GL_RGBA?$AA@  100102dc     gl_image.obj
 0003:000002e4       ??_C@_07FMEP@default?$AA@  100102e4     gl_image.obj
 0003:000002ec       ??_C@_0CG@IONK@MTexCoord?5call?5without?5multitext@ 100102ec     gl_image.obj
 0003:00000314       ??_C@_0BB@KGGC@bad?5filter?5name?6?$AA@ 10010314     gl_image.obj
 0003:00000328       ??_C@_0BN@OHAB@bad?5alpha?5texture?5mode?5name?6?$AA@ 10010328     gl_image.obj
 0003:00000348       ??_C@_0BN@DBG@bad?5solid?5texture?5mode?5name?6?$AA@ 10010348     gl_image.obj
 0003:00000368       ??_C@_0DM@JAA@Total?5?$CFi?5images?5with?5texel?5count@ 10010368     gl_image.obj
 0003:000003a4       ??_C@_0BL@JFMM@?$CF?93i?5?$CFs?5?$CF?93i?5?$CF?93i?5?$CF?98s?5?$CFs?6?$AA@ 100103a4     gl_image.obj
 0003:000003c0       ??_C@_08JNFO@?$CIscrap?$CJ?5?$AA@ 100103c0     gl_image.obj
 0003:000003cc       ??_C@_07ONBG@0x?$CF4X?5?5?$AA@ 100103cc     gl_image.obj
 0003:000003d4       ??_C@_03LNJI@skn?$AA@      100103d4     gl_image.obj
 0003:000003d8       ??_C@_03OAO@spr?$AA@       100103d8     gl_image.obj
 0003:000003dc       ??_C@_03DION@wal?$AA@      100103dc     gl_image.obj
 0003:000003e0       ??_C@_03DCIF@pic?$AA@      100103e0     gl_image.obj
 0003:000003e4       ??_C@_03EBAN@sky?$AA@      100103e4     gl_image.obj
 0003:000003e8       ??_C@_03HGLM@tmp?$AA@      100103e8     gl_image.obj
 0003:000003ec       ??_C@_03HLMP@?5?$DP?5?$AA@ 100103ec     gl_image.obj
 0003:000003f0       ??_C@_0CL@IAG@?9?9?9?9t?9?9?9w?9?9?9h?9?9?9fmt?9?9?9?9?9?9name?9?9?9@ 100103f0     gl_image.obj
 0003:0000041c       ??_C@_0CJ@IOFB@Unknown?5number?5of?5texture?5compon@ 1001041c     gl_image.obj
 0003:00000448       ??_C@_0BF@OLFC@GL_Upload32?3?5too?5big?$AA@ 10010448     gl_image.obj
 0003:00000460       ??_C@_0BG@GJHB@GL_Upload8?3?5too?5large?$AA@ 10010460     gl_image.obj
 0003:00000478       ??_C@_0BP@NGM@Draw_LoadPic?3?5?$CC?$CFs?$CC?5is?5too?5long?$AA@ 10010478     gl_image.obj
 0003:00000498       ??_C@_0P@MCNK@MAX_GLTEXTURES?$AA@ 10010498     gl_image.obj
 0003:000004a8       ??_C@_0BN@FDBO@GL_FindImage?3?5can?8t?5load?5?$CFs?6?$AA@ 100104a8     gl_image.obj
 0003:000004c8       ??_C@_0CC@DGNL@Unrecognized?5image?5extension?3?5?$CFs@ 100104c8     gl_image.obj
 0003:000004ec       ??_C@_0BI@BLMG@Cannot?5load?5texture?5?$CFs?6?$AA@ 100104ec     gl_image.obj
 0003:00000504       ??_C@_0BI@EEPA@Cannot?5find?5image?5?$CFs?4?$CK?6?$AA@ 10010504     gl_image.obj
 0003:0000051c       ??_C@_05LCPG@pics?1?$AA@   1001051c     gl_image.obj
 0003:00000524       ??_C@_04BLEC@?4jpg?$AA@    10010524     gl_image.obj
 0003:0000052c       ??_C@_04LCGE@?4tga?$AA@    1001052c     gl_image.obj
 0003:00000534       ??_C@_04GHND@?4wal?$AA@    10010534     gl_image.obj
 0003:0000053c       ??_C@_04PHML@?4pcx?$AA@    1001053c     gl_image.obj
 0003:00000544       ??_C@_04IDGC@?4?$DP?$DP?$DP?$AA@ 10010544     gl_image.obj
 0003:0000054c       ??_C@_0CA@GDHD@Couldn?8t?5load?5pics?1colormap?4pcx?$AA@ 1001054c     gl_image.obj
 0003:0000056c       ??_C@_0BC@EOBO@pics?1colormap?4pcx?$AA@ 1001056c     gl_image.obj
 0003:00000580       ??_C@_09CNFC@intensity?$AA@ 10010580     gl_image.obj
 0003:0000058c       ??_C@_01FBAH@1?$AA@        1001058c     gl_image.obj
 0003:00000590       ??_C@_0CF@IIHL@Bad?5s_blocklights?5size?3?5?$CFd?5x?5?$CFd?5@ 10010590     gl_light.obj
 0003:000005b8       ??_C@_0CL@IBMO@R_BuildLightMap?5called?5for?5non?9l@ 100105b8     gl_light.obj
 0003:000005e4       ?bytedirs@@3PAY02MA        100105e4     gl_mesh.obj
 0003:00000d7c       ?r_avertexnormal_dots@@3PAY0KC@MA 10010d7c     gl_mesh.obj
 0003:000035fc       ?shadedots@@3PAMA          100135fc     gl_mesh.obj
 0003:00003600       ??_C@_0CK@MHJA@R_DrawAliasModel?5?$CFs?3?5no?5such?5old@ 10013600     gl_mesh.obj
 0003:0000362c       ??_C@_0CH@BMCP@R_DrawAliasModel?5?$CFs?3?5no?5such?5fra@ 1001362c     gl_mesh.obj
 0003:00003654       ??_C@_0CK@BKAK@R_CullAliasModel?5?$CFs?3?5no?5such?5old@ 10013654     gl_mesh.obj
 0003:00003680       ??_C@_0CH@HHDH@R_CullAliasModel?5?$CFs?3?5no?5such?5fra@ 10013680     gl_mesh.obj
 0003:000036e4       ??_C@_0BK@GJON@GL_PointInLeaf?3?5bad?5model?$AA@ 100136e4     gl_model.obj
 0003:00003700       ??_C@_0BE@KMED@Total?5resident?3?5?$CFi?6?$AA@ 10013700     gl_model.obj
 0003:00003714       ??_C@_09EHLB@?$CF8i?5?3?5?$CFs?6?$AA@ 10013714     gl_model.obj
 0003:00003720       ??_C@_0BA@GMNB@Loaded?5models?3?6?$AA@ 10013720     gl_model.obj
 0003:00003730       ??_C@_0BC@DJDD@Couldn?8t?5load?5?$CFs?6?$AA@ 10013730     gl_model.obj
 0003:00003744       ??_C@_0BA@IDAI@textures?1?$CFs?4wal?$AA@ 10013744     gl_model.obj
 0003:00003754       ??_C@_0CD@COFD@MOD_LoadBmodel?3?5bad?5texinfo?5numb@ 10013754     gl_model.obj
 0003:00003778       ??_C@_0CK@NMOI@Mod_ParseMarksurfaces?3?5bad?5surfa@ 10013778     gl_model.obj
 0003:000037a4       ??_C@_0CC@NIFN@Inline?5model?5?$CFi?5has?5bad?5firstnod@ 100137a4     gl_model.obj
 0003:000037c8       ??_C@_0CF@GBO@Loaded?5a?5brush?5model?5after?5the?5w@ 100137c8     gl_model.obj
 0003:000037f0       ??_C@_0BH@IMJD@model?5?$CFs?5has?5no?5frames?$AA@ 100137f0     gl_model.obj
 0003:00003808       ??_C@_0BK@EBGJ@model?5?$CFs?5has?5no?5triangles?$AA@ 10013808     gl_model.obj
 0003:00003824       ??_C@_0BM@MLIA@model?5?$CFs?5has?5no?5st?5vertices?$AA@ 10013824     gl_model.obj
 0003:00003840       ??_C@_0BP@KFMM@model?5?$CFs?5has?5too?5many?5vertices?$AA@ 10013840     gl_model.obj
 0003:00003860       ??_C@_0BJ@BMCG@model?5?$CFs?5has?5no?5vertices?$AA@ 10013860     gl_model.obj
 0003:0000387c       ??_C@_0CD@DNIE@model?5?$CFs?5has?5a?5skin?5taller?5than?5@ 1001387c     gl_model.obj
 0003:000038a0       ??_C@_0CO@LDOK@?$CFs?5has?5wrong?5version?5number?5?$CI?$CFi?5@ 100138a0     gl_model.obj
 0003:000038d0       ??_C@_0BM@NFLG@Cannot?5find?5frame?5?$CD?$CFd?5?$CI?$CFs?$CJ?6?$AA@ 100138d0     gl_model.obj
 0003:000038ec       ??_C@_0CB@KANI@?$CFs?5has?5too?5many?5frames?5?$CI?$CFi?5?$DO?5?$CFi?$CJ@ 100138ec     gl_model.obj
 0003:00003910       ??_C@_08DIA@flushmap?$AA@  10013910     gl_model.obj
 0003:0000391c       ??_C@_01PLJA@0?$AA@        1001391c     gl_model.obj
 0003:00003920       ??_C@_0M@HBDC@maps?1?$CFs?4bsp?$AA@ 10013920     gl_model.obj
 0003:0000392c       ??_C@_0CG@HPCL@Mod_NumForName?3?5unknown?5fileid?5f@ 1001392c     gl_model.obj
 0003:00003954       ??_C@_0BN@GEDF@Mod_ModForName?3?5?$CFs?5not?5found?$AA@ 10013954     gl_model.obj
 0003:00003974       ??_C@_0CG@INFO@Internal?5error?5while?5loading?5BSP@ 10013974     gl_model.obj
 0003:0000399c       ??_C@_04EMJN@?4bsp?$AA@    1001399c     gl_model.obj
 0003:000039a4       ??_C@_0BO@PLCA@mod_numknown?5?$DN?$DN?5MAX_MOD_KNOWN?$AA@ 100139a4     gl_model.obj
 0003:000039c4       ??_C@_0BI@DAMF@bad?5inline?5model?5number?$AA@ 100139c4     gl_model.obj
 0003:000039dc       ??_C@_0BH@LKJJ@Mod_ForName?3?5NULL?5name?$AA@ 100139dc     gl_model.obj
 0003:000039f4       ??_C@_0BD@GIG@gl_3dlabs_broken?$DN1?$AA@ 100139f4     gl_rmain.obj
 0003:00003a08       ??_C@_0BG@GEHB@gl_saturatelighting?$DN0?$AA@ 10013a08     gl_rmain.obj
 0003:00003a20       ??_C@_0BC@GPJF@gl_swapinterval?$DN0?$AA@ 10013a20     gl_rmain.obj
 0003:00003a34       ??_C@_0BD@IFOB@gl_vertex_arrays?$DN0?$AA@ 10013a34     gl_rmain.obj
 0003:00003a48       ??_C@_0N@ONIC@gl_winrefl?$DN1?$AA@ 10013a48     gl_rmain.obj
 0003:00003a58       ??_C@_0N@GIAF@gl_zmax?$DN2300?$AA@ 10013a58     gl_rmain.obj
 0003:00003a68       ??_C@_0N@HNFO@gl_lockpvs?$DN0?$AA@ 10013a68     gl_rmain.obj
 0003:00003a78       ??_C@_0BM@CBOP@gl_texturesolidmode?$DNdefault?$AA@ 10013a78     gl_rmain.obj
 0003:00003a94       ??_C@_0BM@GIPK@gl_texturealphamode?$DNdefault?$AA@ 10013a94     gl_rmain.obj
 0003:00003ab0       ??_C@_0BI@NDKI@gl_texturemode?$DNbilinear?$AA@ 10013ab0     gl_rmain.obj
 0003:00003ac8       ??_C@_0BD@ICLC@gl_driver?$DNopengl32?$AA@ 10013ac8     gl_rmain.obj
 0003:00003adc       ??_C@_0BC@BBCA@gl_monolightmap?$DN0?$AA@ 10013adc     gl_rmain.obj
 0003:00003af0       ??_C@_0P@EKLI@gl_playermip?$DN0?$AA@ 10013af0     gl_rmain.obj
 0003:00003b00       ??_C@_0BA@JDBD@gl_flashblend?$DN0?$AA@ 10013b00     gl_rmain.obj
 0003:00003b10       ??_C@_0P@HIMP@gl_polyblend?$DN1?$AA@ 10013b10     gl_rmain.obj
 0003:00003b20       ??_C@_09OOJ@gl_cull?$DN1?$AA@ 10013b20     gl_rmain.obj
 0003:00003b2c       ??_C@_0L@HNDI@gl_clear?$DN0?$AA@ 10013b2c     gl_rmain.obj
 0003:00003b38       ??_C@_0M@NIPL@gl_finish?$DN0?$AA@ 10013b38     gl_rmain.obj
 0003:00003b44       ??_C@_0M@DAHB@gl_ztrick?$DN0?$AA@ 10013b44     gl_rmain.obj
 0003:00003b50       ??_C@_0O@JLDP@gl_showtris?$DN0?$AA@ 10013b50     gl_rmain.obj
 0003:00003b60       ??_C@_0M@NJJA@gl_skymip?$DN0?$AA@ 10013b60     gl_rmain.obj
 0003:00003b6c       ??_C@_0M@IAIL@gl_picmip?$DN0?$AA@ 10013b6c     gl_rmain.obj
 0003:00003b78       ??_C@_0BF@JGNA@gl_roundImagesDown?$DN0?$AA@ 10013b78     gl_rmain.obj
 0003:00003b90       ??_C@_0M@JCDH@gl_nobind?$DN0?$AA@ 10013b90     gl_rmain.obj
 0003:00003b9c       ??_C@_0BB@HOHO@gl_dlightBacks?$DN1?$AA@ 10013b9c     gl_rmain.obj
 0003:00003bb0       ??_C@_0N@BGAD@gl_dynamic?$DN1?$AA@ 10013bb0     gl_rmain.obj
 0003:00003bc0       ??_C@_0N@KCDB@gl_shadows?$DN0?$AA@ 10013bc0     gl_rmain.obj
 0003:00003bd0       ??_C@_09CAAA@gl_mode?$DN3?$AA@ 10013bd0     gl_rmain.obj
 0003:00003bdc       ??_C@_0O@KMDM@gl_bitdepth?$DN0?$AA@ 10013bdc     gl_rmain.obj
 0003:00003bec       ??_C@_0N@EGHP@gl_logFile?$DN0?$AA@ 10013bec     gl_rmain.obj
 0003:00003bfc       ??_C@_0O@PEI@gl_modulate?$DN1?$AA@ 10013bfc     gl_rmain.obj
 0003:00003c0c       ??_C@_0BE@BFME@gl_allow_software?$DN0?$AA@ 10013c0c     gl_rmain.obj
 0003:00003c20       ??_C@_0BA@DDBM@gl_nosubimage?$DN0?$AA@ 10013c20     gl_rmain.obj
 0003:00003c30       ??_C@_0BC@FLED@r_ignorehwgamma?$DN0?$AA@ 10013c30     gl_rmain.obj
 0003:00003c44       ??_C@_0L@DONN@r_speeds?$DN0?$AA@ 10013c44     gl_rmain.obj
 0003:00003c50       ??_C@_0P@JOBP@r_lerpmodels?$DN1?$AA@ 10013c50     gl_rmain.obj
 0003:00003c60       ??_C@_0BB@CEEE@gl_frustumCull?$DN1?$AA@ 10013c60     gl_rmain.obj
 0003:00003c74       ??_C@_09KFON@r_novis?$DN0?$AA@ 10013c74     gl_rmain.obj
 0003:00003c80       ??_C@_0O@IOCE@r_drawworld?$DN1?$AA@ 10013c80     gl_rmain.obj
 0003:00003c90       ??_C@_0BB@LNJJ@r_drawentities?$DN1?$AA@ 10013c90     gl_rmain.obj
 0003:00003ca4       ??_C@_0O@CLGC@r_norefresh?$DN0?$AA@ 10013ca4     gl_rmain.obj
 0003:00003cb4       ??_C@_06OFHG@hand?$DN0?$AA@ 10013cb4     gl_rmain.obj
 0003:00003cbc       ??_C@_0O@OAGB@Bad?5modeltype?$AA@ 10013cbc     gl_rmain.obj
 0003:00003ccc       ??_C@_0CJ@KPOM@?$CF4i?5visleafs?5?$CF4i?5frustleafs?5of?5?$CF@ 10013ccc     gl_rmain.obj
 0003:00003cf8       ??_C@_0CE@MNBE@?$CF4i?5wpoly?5?$CF4i?5epoly?5?$CFi?5tex?5?$CFi?5lm@ 10013cf8     gl_rmain.obj
 0003:00003d1c       ??_C@_0BO@BODI@R_RenderView?3?5NULL?5worldmodel?$AA@ 10013d1c     gl_rmain.obj
 0003:00003d3c       ??_C@_07KFLF@gfxinfo?$AA@  10013d3c     gl_rmain.obj
 0003:00003d44       ??_C@_09HFGF@modellist?$AA@ 10013d44     gl_rmain.obj
 0003:00003d50       ??_C@_09PCJE@imagelist?$AA@ 10013d50     gl_rmain.obj
 0003:00003d5c       ??_C@_0DF@EHEG@ref_gl?3?3R_SetMode?$CI?$CJ?5?9?5could?5not?5@ 10013d5c     gl_rmain.obj
 0003:00003d94       ??_C@_0CE@HIMO@ref_gl?3?3R_SetMode?$CI?$CJ?5?9?5invalid?5mo@ 10013d94     gl_rmain.obj
 0003:00003db8       ??_C@_07KMDJ@gl_mode?$AA@  10013db8     gl_rmain.obj
 0003:00003dc0       ??_C@_0DL@BJEC@ref_gl?3?3R_SetMode?$CI?$CJ?5?9?5fullscreen@ 10013dc0     gl_rmain.obj
 0003:00003dfc       ??_C@_0N@EEGM@r_fullscreen?$AA@ 10013dfc     gl_rmain.obj
 0003:00003e0c       ??_C@_0BB@HHFL@?4?4?4allowing?5CDS?6?$AA@ 10013e0c     gl_rmain.obj
 0003:00003e20       ??_C@_0BF@LPBA@glGetError?$CI?$CJ?5?$DN?50x?$CFx?6?$AA@ 10013e20     gl_rmain.obj
 0003:00003e38       ??_C@_0BC@KNNB@?4?4?4disabling?5CDS?6?$AA@ 10013e38     gl_rmain.obj
 0003:00003e4c       ??_C@_09IEFK@gl_finish?$AA@ 10013e4c     gl_rmain.obj
 0003:00003e58       ??_C@_0M@CGPG@scr_drawall?$AA@ 10013e58     gl_rmain.obj
 0003:00003e64       ??_C@_0BO@LPNL@?4?4?4using?5gl_monolightmap?5?8a?8?6?$AA@ 10013e64     gl_rmain.obj
 0003:00003e84       ??_C@_0BA@PDAA@gl_monolightmap?$AA@ 10013e84     gl_rmain.obj
 0003:00003e94       ??_C@_01PFH@A?$AA@         10013e94     gl_rmain.obj
 0003:00003e98       ??_C@_06IKAA@verite?$AA@   10013e98     gl_rmain.obj
 0003:00003ea0       ??_C@_04JEBG@pcx2?$AA@     10013ea0     gl_rmain.obj
 0003:00003ea8       ??_C@_03FFEM@gdi?$AA@      10013ea8     gl_rmain.obj
 0003:00003eac       ??_C@_06GPFG@glzicd?$AA@   10013eac     gl_rmain.obj
 0003:00003eb4       ??_C@_05GAJH@glint?$AA@    10013eb4     gl_rmain.obj
 0003:00003ebc       ??_C@_08KOOM@permedia?$AA@ 10013ebc     gl_rmain.obj
 0003:00003ec8       ??_C@_03HID@sgi?$AA@       10013ec8     gl_rmain.obj
 0003:00003ecc       ??_C@_04JACC@rush?$AA@     10013ecc     gl_rmain.obj
 0003:00003ed4       ??_C@_06GLKG@voodoo?$AA@   10013ed4     gl_rmain.obj
 0003:00003edc       ??_C@_0BA@PCBE@GL_VERSION?3?5?$CFs?6?$AA@ 10013edc     gl_rmain.obj
 0003:00003eec       ??_C@_0BB@KKEK@GL_RENDERER?3?5?$CFs?6?$AA@ 10013eec     gl_rmain.obj
 0003:00003f00       ??_C@_0P@KDAA@GL_VENDOR?3?5?$CFs?6?$AA@ 10013f00     gl_rmain.obj
 0003:00003f10       ??_C@_0CK@LCCO@ref_gl?3?3R_Init?$CI?$CJ?5?9?5could?5not?5R_S@ 10013f10     gl_rmain.obj
 0003:00003f3c       ??_C@_0CI@LCAE@ref_gl?3?3R_Init?$CI?$CJ?5?9?5could?5not?5loa@ 10013f3c     gl_rmain.obj
 0003:00003f64       ??_C@_0BJ@ECO@ref_gl?5version?3?5GL?50?401?6?$AA@ 10013f64     gl_rmain.obj
 0003:00003f80       ??_C@_0N@KBMB@SST_GAMMA?$DN?$CFf?$AA@ 10013f80     gl_rmain.obj
 0003:00003f90       ??_C@_0P@IHBO@SSTV2_GAMMA?$DN?$CFf?$AA@ 10013f90     gl_rmain.obj
 0003:00003fa0       ??_C@_0CP@DFHB@?6?9?9?9?9?9?9?9?9?9?9?5Begin?5Frame?5?$CIold?5ref@ 10013fa0     gl_rmain.obj
 0003:00003fd0       ??_C@_0L@PDBC@gl_logFile?$AA@ 10013fd0     gl_rmain.obj
 0003:00003fdc       ??_C@_0BA@CPDK@gl_console_only?$AA@ 10013fdc     gl_rmain.obj
 0003:00003fec       ??_C@_0BI@MLJK@binds?3?5?$CF2d?5uploads?3?5?$CF2d?$AA@ 10013fec     gl_rmain.obj
 0003:00004004       ??_C@_0CC@FJIA@bef?3?5?$CF2d?5fe?3?5?$CF2d?5bk?3?5?$CF2d?5aft?3?5?$CF2@ 10014004     gl_rmain.obj
 0003:00004028       ?dottexture@@3PAY07EA      10014028     gl_rmisc.obj
 0003:00004068       ??_C@_0BC@LOCA@?$CK?$CK?$CKr_notexture?$CK?$CK?$CK?$AA@ 10014068     gl_rmisc.obj
 0003:0000407c       ??_C@_0P@KKPF@?$CK?$CK?$CKparticle?$CK?$CK?$CK?$AA@ 1001407c     gl_rmisc.obj
 0003:0000408c       ??_C@_09PAG@Wrote?5?$CFs?6?$AA@ 1001408c     gl_rmisc.obj
 0003:00004098       ??_C@_02JKAF@rb?$AA@       10014098     gl_rmisc.obj
 0003:0000409c       ??_C@_0BL@NLIA@?$CFs?1screenshots?1quake?$CF04d?$CFs?$AA@ 1001409c     gl_rmisc.obj
 0003:000040b8       ??_C@_03IKHF@WGL?$AA@      100140b8     gl_rmisc.obj
 0003:000040bc       ??_C@_02JANE@GL?$AA@       100140bc     gl_rmisc.obj
 0003:000040c0       ??_C@_0BE@CIFG@?$FO1GL_VERSION?3?$FO7?5?$CFs?6?$AA@ 100140c0     gl_rmisc.obj
 0003:000040d4       ??_C@_0BF@FDKG@?$FO1GL_RENDERER?3?$FO7?5?$CFs?6?$AA@ 100140d4     gl_rmisc.obj
 0003:000040ec       ??_C@_0BD@EDCC@?$FO1GL_VENDOR?3?$FO7?5?$CFs?6?$AA@ 100140ec     gl_rmisc.obj
 0003:00004100       ??_C@_0BG@LALE@?$CK?$CK?$CK?5DrawGLPoly?$CI?$CJ?5?$CK?$CK?$CK?6?$AA@ 10014100     gl_rsurf.obj
 0003:00004118       ??_C@_0BL@BNDJ@?$CK?$CK?$CK?5DrawGLPolyChain?$CI?$CJ?5?$CK?$CK?$CK?6?$AA@ 10014118     gl_rsurf.obj
 0003:00004134       ??_C@_0DM@MGEH@Consecutive?5calls?5to?5LM_AllocBlo@ 10014134     gl_rsurf.obj
 0003:00004170       ??_C@_0BM@CMED@?$CK?$CK?$CK?5R_BlendLightmaps?$CI?$CJ?5?$CK?$CK?$CK?6?$AA@ 10014170     gl_rsurf.obj
 0003:0000418c       ??_C@_0CB@FKIE@?$CK?$CK?$CK?$CK?5R_DrawAlphaSurfaces?$CI?$CJ?5?$CK?$CK?$CK?$CK?6@ 1001418c     gl_rsurf.obj
 0003:000041b0       ??_C@_0CL@JCJM@LM_UploadBlock?$CI?$CJ?5?9?5MAX_LIGHTMAPS@ 100141b0     gl_rsurf.obj
 0003:000041dc       ??_C@_0DC@IEOP@Consecutive?5calls?5to?5LM_AllocBlo@ 100141dc     gl_rsurf.obj
 0003:00004210       ?gl_next_left_y@@3HA       10014210     gl_textout.obj
 0003:00004214       ?gl_next_right_y@@3HA      10014214     gl_textout.obj
 0003:00004218       ?skyclip@@3PAY02MA         10014218     gl_warp.obj
 0003:00004260       ?st_to_vec@@3PAY02HA       10014260     gl_warp.obj
 0003:000042a8       ?vec_to_st@@3PAY02HA       100142a8     gl_warp.obj
 0003:000042f0       ?skytexorder@@3PAHA        100142f0     gl_warp.obj
 0003:00004308       ?suf@@3PAPADA              10014308     gl_warp.obj
 0003:00004320       ??_C@_02HJLH@dn?$AA@       10014320     gl_warp.obj
 0003:00004324       ??_C@_02HAO@up?$AA@        10014324     gl_warp.obj
 0003:00004328       ??_C@_02PMAE@ft?$AA@       10014328     gl_warp.obj
 0003:0000432c       ??_C@_02JIFL@lf?$AA@       1001432c     gl_warp.obj
 0003:00004330       ??_C@_02OID@bk?$AA@        10014330     gl_warp.obj
 0003:00004334       ??_C@_02MMAH@rt?$AA@       10014334     gl_warp.obj
 0003:00004338       ??_C@_0O@EIDL@numverts?5?$DN?5?$CFi?$AA@ 10014338     gl_warp.obj
 0003:00004348       ??_C@_0BP@NDMM@ClipSkyPolygon?3?5MAX_CLIP_VERTS?$AA@ 10014348     gl_warp.obj
 0003:00004368       ??_C@_0BA@HCLD@fx?1specular?4?$DP?$DP?$DP?$AA@ 10014368     gl_warp.obj
 0003:00004378       ??_C@_0N@OLHP@env?1?$CFs?$CFs?4pcx?$AA@ 10014378     gl_warp.obj
 0003:00004388       ??_C@_04LDCD@?5ok?6?$AA@   10014388     glw_imp.obj
 0003:00004390       ??_C@_0BK@GIGP@?4?4?4setting?5windowed?5mode?6?$AA@ 10014390     glw_imp.obj
 0003:000043ac       ??_C@_08MIMI@?5failed?6?$AA@ 100143ac     glw_imp.obj
 0003:000043b8       ??_C@_0CH@FLII@?4?4?4calling?5CDS?5assuming?5dual?5mon@ 100143b8     glw_imp.obj
 0003:000043e0       ??_C@_07MNBK@failed?6?$AA@ 100143e0     glw_imp.obj
 0003:000043e8       ??_C@_03BJGB@ok?6?$AA@     100143e8     glw_imp.obj
 0003:000043ec       ??_C@_0BB@GOGC@?4?4?4calling?5CDS?3?5?$AA@ 100143ec     glw_imp.obj
 0003:00004400       ??_C@_0CG@DLHK@?4?4?4using?5desktop?5display?5depth?5o@ 10014400     glw_imp.obj
 0003:00004428       ??_C@_0BJ@HJFI@?4?4?4using?5bitdepth?5of?5?$CFd?6?$AA@ 10014428     glw_imp.obj
 0003:00004444       ??_C@_0BK@NIFM@?4?4?4attempting?5fullscreen?6?$AA@ 10014444     glw_imp.obj
 0003:00004460       ??_C@_0L@KBPO@?5?$CFd?5?$CFd?5?$CFs?6?$AA@ 10014460     glw_imp.obj
 0003:0000446c       ??_C@_01FJFF@W?$AA@        1001446c     glw_imp.obj
 0003:00004470       ??_C@_02COFD@FS?$AA@       10014470     glw_imp.obj
 0003:00004474       ??_C@_0P@MBPJ@?5invalid?5mode?6?$AA@ 10014474     glw_imp.obj
 0003:00004484       ??_C@_0BE@GOGB@?4?4?4setting?5mode?5?$CFd?3?$AA@ 10014484     glw_imp.obj
 0003:00004498       ??_C@_0BN@OHDF@Initializing?5OpenGL?5display?6?$AA@ 10014498     glw_imp.obj
 0003:000044b8       ??_C@_0CF@DGAI@GLimp_CreateWindow?3?5InitGL?$CI?$CJ?5fai@ 100144b8     glw_imp.obj
 0003:000044e0       ??_C@_0CD@BAPN@GLimp_Init?$CI?$CJ?3?5GetVersionEx?5faile@ 100144e0     glw_imp.obj
 0003:00004504       ??_C@_0L@PAH@GAMMA?3?5?$CFs?6?$AA@ 10014504     glw_imp.obj
 0003:00004510       ??_C@_08LLFG@software?$AA@ 10014510     glw_imp.obj
 0003:0000451c       ??_C@_08DNLP@hardware?$AA@ 1001451c     glw_imp.obj
 0003:00004528       ??_C@_0BD@PLGO@?4?4?4GetDC?$CI?$CJ?5failed?6?$AA@ 10014528     glw_imp.obj
 0003:0000453c       ??_C@_0BH@DCFE@?4?4?4non?9NULL?5DC?5exists?6?$AA@ 1001453c     glw_imp.obj
 0003:00004554       ??_C@_08MLDJ@opengl32?$AA@ 10014554     glw_imp.obj
 0003:00004560       ??_C@_0CB@BECD@?4?4?4DestoryGLcontext?$CI?$CJ?5failed?4?4?4?6@ 10014560     glw_imp.obj
 0003:00004584       ??_C@_0CB@MDFO@?4?4?4DeactivateGLcontext?$CI?$CJ?5failed?6@ 10014584     glw_imp.obj
 0003:000045a8       ??_C@_0CC@HECM@GL?5PFD?3?5color?$CI?$CFd?9bits?$CJ?5Z?$CI?$CFd?9bit?$CJ@ 100145a8     glw_imp.obj
 0003:000045cc       ??_C@_0CG@KCEF@?4?4?4no?5hardware?5acceleration?5dete@ 100145cc     glw_imp.obj
 0003:000045f4       ??_C@_0M@OLMH@gdi?5generic?$AA@ 100145f4     glw_imp.obj
 0003:00004600       ??_C@_0CG@FAPB@GLimp_Init?$CI?$CJ?5?9?5SetPixelFormat?5fa@ 10014600     glw_imp.obj
 0003:00004628       ??_C@_0CJ@JNOB@GLimp_Init?$CI?$CJ?5?9?5ChoosePixelFormat@ 10014628     glw_imp.obj
 0003:00004654       ??_C@_0CK@DGCM@GLimp_Init?$CI?$CJ?5?9?5qwglSetPixelForma@ 10014654     glw_imp.obj
 0003:00004680       ??_C@_0CN@INPE@GLimp_Init?$CI?$CJ?5?9?5qwglChoosePixelFo@ 10014680     glw_imp.obj
 0003:000046b0       ??_C@_0BN@GJHJ@?4?4?4CreateGLcontext?$CI?$CJ?5failed?6?$AA@ 100146b0     glw_imp.obj
 0003:000046d0       ??_C@_0BP@CPAP@?4?4?4ActivateGLcontext?$CI?$CJ?5failed?6?$AA@ 100146d0     glw_imp.obj
 0003:000046f0       ??_C@_0BF@MKFF@?4?4?4ReleaseDC?5failed?6?$AA@ 100146f0     glw_imp.obj
 0003:00004708       ??_C@_0BI@DDJC@?4?4?4performing?5shutdown?6?$AA@ 10014708     glw_imp.obj
 0003:00004720       ??_C@_0CK@PHLH@GLimp_EndFrame?$CI?$CJ?5?9?5SwapBuffers?$CI?$CJ@ 10014720     glw_imp.obj
 0003:0000474c       ??_C@_0P@BDAP@SwapBuffers?$CI?$CJ?6?$AA@ 1001474c     glw_imp.obj
 0003:0000475c       ??_C@_0BC@BACP@GLimp_EndFrame?$CI?$CJ?6?$AA@ 1001475c     glw_imp.obj
 0003:00004770       ??_C@_0DA@ELCL@gl_bitdepth?5requires?5Win95?5OSR2?4@ 10014770     glw_imp.obj
 0003:000047a0       ??_C@_0M@GPNJ@gl_bitdepth?$AA@ 100147a0     glw_imp.obj
 0003:000047ac       ??_C@_0BE@KPKB@GLimp_BeginFrame?$CI?$CJ?6?$AA@ 100147ac     glw_imp.obj
 0003:00004948       ??_C@_0BG@IHNA@WGL_EXT_swap_control?$AA?$AA@ 10014948     qgl_win.obj
 0003:00004960       ??_C@_0BN@OJDH@gl_ext_compiled_vertex_array?$AA@ 10014960     qgl_win.obj
 0003:00004980       ??_C@_0BO@IMML@GL_EXT_compiled_vertex_array?$AA?$AA@ 10014980     qgl_win.obj
 0003:000049a0       ??_C@_0BF@LGEH@GL_ARB_multitexture?$AA?$AA@ 100149a0     qgl_win.obj
 0003:000049b8       ??_C@_0BE@IOJK@gl_ext_multitexture?$AA@ 100149b8     qgl_win.obj
 0003:000049cc       ??_C@_0BG@DHII@GL_SGIS_multitexture?$AA?$AA@ 100149cc     qgl_win.obj
 0003:000049e4       ??_C@_0BD@LGGF@wglSwapIntervalEXT?$AA@ 100149e4     qgl_win.obj
 0003:000049f8       ??_C@_0BC@MMDJ@glUnlockArraysEXT?$AA@ 100149f8     qgl_win.obj
 0003:00004a0c       ??_C@_0BA@NLCH@glLockArraysEXT?$AA@ 10014a0c     qgl_win.obj
 0003:00004a1c       ??_C@_0BF@HBBL@glMultiTexCoord2fARB?$AA@ 10014a1c     qgl_win.obj
 0003:00004a34       ??_C@_0BD@IJD@glActiveTextureARB?$AA@ 10014a34     qgl_win.obj
 0003:00004a48       ??_C@_0BG@OAHA@glMultiTexCoord2fSGIS?$AA@ 10014a48     qgl_win.obj
 0003:00004a60       ??_C@_0BE@LEFG@glSelectTextureSGIS?$AA@ 10014a60     qgl_win.obj
 0003:00004a74       ??_C@_0P@NFHG@wglMakeCurrent?$AA@ 10014a74     qgl_win.obj
 0003:00004a84       ??_C@_0BC@HKHL@wglGetProcAddress?$AA@ 10014a84     qgl_win.obj
 0003:00004a98       ??_C@_0BB@IOBP@wglDeleteContext?$AA@ 10014a98     qgl_win.obj
 0003:00004aac       ??_C@_0BB@GGNL@wglCreateContext?$AA@ 10014aac     qgl_win.obj
 0003:00004ac0       ??_C@_0P@EKFP@wglSwapBuffers?$AA@ 10014ac0     qgl_win.obj
 0003:00004ad0       ??_C@_0BC@PJLC@wglSetPixelFormat?$AA@ 10014ad0     qgl_win.obj
 0003:00004ae4       ??_C@_0BH@IJMD@wglDescribePixelFormat?$AA@ 10014ae4     qgl_win.obj
 0003:00004afc       ??_C@_0BF@HPKH@wglChoosePixelFormat?$AA@ 10014afc     qgl_win.obj
 0003:00004b14       ??_C@_0L@INIC@glViewport?$AA@ 10014b14     qgl_win.obj
 0003:00004b20       ??_C@_0BA@OGPO@glVertexPointer?$AA@ 10014b20     qgl_win.obj
 0003:00004b30       ??_C@_0M@PAAJ@glVertex3fv?$AA@ 10014b30     qgl_win.obj
 0003:00004b3c       ??_C@_0L@CLBF@glVertex3f?$AA@ 10014b3c     qgl_win.obj
 0003:00004b48       ??_C@_0L@DNLP@glVertex2f?$AA@ 10014b48     qgl_win.obj
 0003:00004b54       ??_C@_0N@NKAJ@glTranslatef?$AA@ 10014b54     qgl_win.obj
 0003:00004b64       ??_C@_0BA@KFAN@glTexSubImage2D?$AA@ 10014b64     qgl_win.obj
 0003:00004b74       ??_C@_0BA@CLDA@glTexParameterf?$AA@ 10014b74     qgl_win.obj
 0003:00004b84       ??_C@_0N@IAMC@glTexImage2D?$AA@ 10014b84     qgl_win.obj
 0003:00004b94       ??_C@_09CIAL@glTexEnvi?$AA@ 10014b94     qgl_win.obj
 0003:00004ba0       ??_C@_0L@IHAL@glTexEnvfv?$AA@ 10014ba0     qgl_win.obj
 0003:00004bac       ??_C@_09CJFG@glTexEnvf?$AA@ 10014bac     qgl_win.obj
 0003:00004bb8       ??_C@_0BC@EKAK@glTexCoordPointer?$AA@ 10014bb8     qgl_win.obj
 0003:00004bcc       ??_C@_0N@PDBC@glTexCoord2f?$AA@ 10014bcc     qgl_win.obj
 0003:00004bdc       ??_C@_0N@LIFO@glShadeModel?$AA@ 10014bdc     qgl_win.obj
 0003:00004bec       ??_C@_09HOGJ@glScissor?$AA@ 10014bec     qgl_win.obj
 0003:00004bf8       ??_C@_08NBED@glScalef?$AA@ 10014bf8     qgl_win.obj
 0003:00004c04       ??_C@_09LCHL@glRotatef?$AA@ 10014c04     qgl_win.obj
 0003:00004c10       ??_C@_0N@LBPG@glReadPixels?$AA@ 10014c10     qgl_win.obj
 0003:00004c20       ??_C@_0N@KEGE@glPushMatrix?$AA@ 10014c20     qgl_win.obj
 0003:00004c30       ??_C@_0M@LACG@glPopMatrix?$AA@ 10014c30     qgl_win.obj
 0003:00004c3c       ??_C@_0O@FGKK@glPolygonMode?$AA@ 10014c3c     qgl_win.obj
 0003:00004c4c       ??_C@_07ICOP@glOrtho?$AA@  10014c4c     qgl_win.obj
 0003:00004c54       ??_C@_0N@JNJF@glMatrixMode?$AA@ 10014c54     qgl_win.obj
 0003:00004c64       ??_C@_0O@KDCF@glLoadMatrixf?$AA@ 10014c64     qgl_win.obj
 0003:00004c74       ??_C@_0P@MLMG@glLoadIdentity?$AA@ 10014c74     qgl_win.obj
 0003:00004c84       ??_C@_0M@EJHF@glGetString?$AA@ 10014c84     qgl_win.obj
 0003:00004c90       ??_C@_0O@PMHI@glGetIntegerv?$AA@ 10014c90     qgl_win.obj
 0003:00004ca0       ??_C@_0M@HNHJ@glGetFloatv?$AA@ 10014ca0     qgl_win.obj
 0003:00004cac       ??_C@_0L@INBB@glGetError?$AA@ 10014cac     qgl_win.obj
 0003:00004cb8       ??_C@_09KLFM@glFrustum?$AA@ 10014cb8     qgl_win.obj
 0003:00004cc4       ??_C@_07KOOO@glFogfv?$AA@  10014cc4     qgl_win.obj
 0003:00004ccc       ??_C@_06MMBO@glFogf?$AA@   10014ccc     qgl_win.obj
 0003:00004cd4       ??_C@_08HFPP@glFinish?$AA@ 10014cd4     qgl_win.obj
 0003:00004ce0       ??_C@_05FDNN@glEnd?$AA@    10014ce0     qgl_win.obj
 0003:00004ce8       ??_C@_0BE@JJFB@glEnableClientState?$AA@ 10014ce8     qgl_win.obj
 0003:00004cfc       ??_C@_08PHJO@glEnable?$AA@ 10014cfc     qgl_win.obj
 0003:00004d08       ??_C@_09DADM@glDisable?$AA@ 10014d08     qgl_win.obj
 0003:00004d14       ??_C@_0N@OLL@glDepthRange?$AA@ 10014d14     qgl_win.obj
 0003:00004d24       ??_C@_0M@LIJE@glDepthMask?$AA@ 10014d24     qgl_win.obj
 0003:00004d30       ??_C@_0M@FDIH@glDepthFunc?$AA@ 10014d30     qgl_win.obj
 0003:00004d3c       ??_C@_0BB@OKAI@glDeleteTextures?$AA@ 10014d3c     qgl_win.obj
 0003:00004d50       ??_C@_0L@LIEG@glCullFace?$AA@ 10014d50     qgl_win.obj
 0003:00004d5c       ??_C@_0P@PPM@glColorPointer?$AA@ 10014d5c     qgl_win.obj
 0003:00004d6c       ??_C@_0M@EHCG@glColor4ubv?$AA@ 10014d6c     qgl_win.obj
 0003:00004d78       ??_C@_0L@EOB@glColor4ub?$AA@ 10014d78     qgl_win.obj
 0003:00004d84       ??_C@_0L@FGJL@glColor4fv?$AA@ 10014d84     qgl_win.obj
 0003:00004d90       ??_C@_09LJGG@glColor4f?$AA@ 10014d90     qgl_win.obj
 0003:00004d9c       ??_C@_0L@OIPK@glColor3fv?$AA@ 10014d9c     qgl_win.obj
 0003:00004da8       ??_C@_09NIDD@glColor3f?$AA@ 10014da8     qgl_win.obj
 0003:00004db4       ??_C@_0N@DFBF@glClearDepth?$AA@ 10014db4     qgl_win.obj
 0003:00004dc4       ??_C@_0N@IALK@glClearColor?$AA@ 10014dc4     qgl_win.obj
 0003:00004dd4       ??_C@_07IOIM@glClear?$AA@  10014dd4     qgl_win.obj
 0003:00004ddc       ??_C@_0M@PHAI@glBlendFunc?$AA@ 10014ddc     qgl_win.obj
 0003:00004de8       ??_C@_0O@NAMD@glBindTexture?$AA@ 10014de8     qgl_win.obj
 0003:00004df8       ??_C@_07GHIG@glBegin?$AA@  10014df8     qgl_win.obj
 0003:00004e00       ??_C@_0P@ODMD@glArrayElement?$AA@ 10014e00     qgl_win.obj
 0003:00004e10       ??_C@_0M@JBDJ@glAlphaFunc?$AA@ 10014e10     qgl_win.obj
 0003:00004e1c       ??_C@_0BA@CLML@?$CFs?5?$CIGL_?$CFs?0?5?$CFg?$CJ?6?$AA@ 10014e1c     qgl_win.obj
 0003:00004e2c       ??_C@_0BD@KCJL@ACTIVE_TEXTURE_ARB?$AA@ 10014e2c     qgl_win.obj
 0003:00004e40       ??_C@_0BK@MMII@CLIENT_ACTIVE_TEXTURE_ARB?$AA@ 10014e40     qgl_win.obj
 0003:00004e5c       ??_C@_0BG@DAAF@MAX_TEXTURE_UNITS_ARB?$AA@ 10014e5c     qgl_win.obj
 0003:00004e74       ??_C@_03NMFM@?$DP?$DP?$DP?$AA@ 10014e74     qgl_win.obj
 0003:00004e78       ??_C@_0N@JLBF@TEXTURE3_ARB?$AA@ 10014e78     qgl_win.obj
 0003:00004e88       ??_C@_0O@CPNK@TEXTURE1_SGIS?$AA@ 10014e88     qgl_win.obj
 0003:00004e98       ??_C@_0N@HLHK@TEXTURE0_ARB?$AA@ 10014e98     qgl_win.obj
 0003:00004ea8       ??_C@_0N@NLFP@TEXTURE1_ARB?$AA@ 10014ea8     qgl_win.obj
 0003:00004eb8       ??_C@_0N@DLDA@TEXTURE2_ARB?$AA@ 10014eb8     qgl_win.obj
 0003:00004ec8       ??_C@_0O@LKHK@TEXTURE0_SGIS?$AA@ 10014ec8     qgl_win.obj
 0003:00004ed8       ??_C@_0N@HGH@VERTEX_ARRAY?$AA@ 10014ed8     qgl_win.obj
 0003:00004ee8       ??_C@_0M@EMKC@COLOR_ARRAY?$AA@ 10014ee8     qgl_win.obj
 0003:00004ef4       ??_C@_0BE@JCFC@TEXTURE_COORD_ARRAY?$AA@ 10014ef4     qgl_win.obj
 0003:00004f08       ??_C@_0BC@OBEG@MAX_TEXTURES_SGIS?$AA@ 10014f08     qgl_win.obj
 0003:00004f1c       ??_C@_05NHNA@RGBA8?$AA@    10014f1c     qgl_win.obj
 0003:00004f24       ??_C@_04MGA@RGB5?$AA@      10014f24     qgl_win.obj
 0003:00004f2c       ??_C@_04FIBD@RGB8?$AA@     10014f2c     qgl_win.obj
 0003:00004f34       ??_C@_05CJDE@RGBA4?$AA@    10014f34     qgl_win.obj
 0003:00004f3c       ??_C@_07PAAL@RGB5_A1?$AA@  10014f3c     qgl_win.obj
 0003:00004f44       ??_C@_06LEAO@REPEAT?$AA@   10014f44     qgl_win.obj
 0003:00004f4c       ??_C@_0P@KNF@TEXTURE_WRAP_S?$AA@ 10014f4c     qgl_win.obj
 0003:00004f5c       ??_C@_0P@FPDA@TEXTURE_WRAP_T?$AA@ 10014f5c     qgl_win.obj
 0003:00004f6c       ??_C@_05IKJL@CLAMP?$AA@    10014f6c     qgl_win.obj
 0003:00004f74       ??_C@_0BD@HEDF@TEXTURE_MIN_FILTER?$AA@ 10014f74     qgl_win.obj
 0003:00004f88       ??_C@_0BG@NGHK@LINEAR_MIPMAP_NEAREST?$AA@ 10014f88     qgl_win.obj
 0003:00004fa0       ??_C@_0BG@KLGC@NEAREST_MIPMAP_LINEAR?$AA@ 10014fa0     qgl_win.obj
 0003:00004fb8       ??_C@_0BF@IDPG@LINEAR_MIPMAP_LINEAR?$AA@ 10014fb8     qgl_win.obj
 0003:00004fd0       ??_C@_0BD@GPCO@TEXTURE_MAG_FILTER?$AA@ 10014fd0     qgl_win.obj
 0003:00004fe4       ??_C@_0BH@PDFC@NEAREST_MIPMAP_NEAREST?$AA@ 10014fe4     qgl_win.obj
 0003:00004ffc       ??_C@_0BC@DLAE@TEXTURE_ENV_COLOR?$AA@ 10014ffc     qgl_win.obj
 0003:00005010       ??_C@_0M@NBKK@TEXTURE_ENV?$AA@ 10015010     qgl_win.obj
 0003:0000501c       ??_C@_07LNBJ@NEAREST?$AA@  1001501c     qgl_win.obj
 0003:00005024       ??_C@_06OAFN@LINEAR?$AA@   10015024     qgl_win.obj
 0003:0000502c       ??_C@_0BB@NLLP@TEXTURE_ENV_MODE?$AA@ 1001502c     qgl_win.obj
 0003:00005040       ??_C@_04NCBP@FILL?$AA@     10015040     qgl_win.obj
 0003:00005048       ??_C@_07LJIB@REPLACE?$AA@  10015048     qgl_win.obj
 0003:00005050       ??_C@_08CMBM@MODULATE?$AA@ 10015050     qgl_win.obj
 0003:0000505c       ??_C@_05PJOE@DECAL?$AA@    1001505c     qgl_win.obj
 0003:00005064       ??_C@_04GBFB@LINE?$AA@     10015064     qgl_win.obj
 0003:0000506c       ??_C@_09ODHH@MODELVIEW?$AA@ 1001506c     qgl_win.obj
 0003:00005078       ??_C@_0L@OBAA@PROJECTION?$AA@ 10015078     qgl_win.obj
 0003:00005084       ??_C@_07DFFE@TEXTURE?$AA@  10015084     qgl_win.obj
 0003:0000508c       ??_C@_06CGGE@DOUBLE?$AA@   1001508c     qgl_win.obj
 0003:00005094       ??_C@_0P@CEOH@UNSIGNED_SHORT?$AA@ 10015094     qgl_win.obj
 0003:000050a4       ??_C@_03IJOL@INT?$AA@      100150a4     qgl_win.obj
 0003:000050a8       ??_C@_0N@JHEK@UNSIGNED_INT?$AA@ 100150a8     qgl_win.obj
 0003:000050b8       ??_C@_05JDEL@FLOAT?$AA@    100150b8     qgl_win.obj
 0003:000050c0       ??_C@_05HFLA@SHORT?$AA@    100150c0     qgl_win.obj
 0003:000050c8       ??_C@_05FKDH@BLEND?$AA@    100150c8     qgl_win.obj
 0003:000050d0       ??_C@_0L@BNFJ@TEXTURE_2D?$AA@ 100150d0     qgl_win.obj
 0003:000050dc       ??_C@_04EHOP@BYTE?$AA@     100150dc     qgl_win.obj
 0003:000050e4       ??_C@_0O@BAPB@UNSIGNED_BYTE?$AA@ 100150e4     qgl_win.obj
 0003:000050f4       ??_C@_0L@GPNO@ALPHA_TEST?$AA@ 100150f4     qgl_win.obj
 0003:00005100       ??_C@_0P@JON@FRONT_AND_BACK?$AA@ 10015100     qgl_win.obj
 0003:00005110       ??_C@_09MPEF@CULL_FACE?$AA@ 10015110     qgl_win.obj
 0003:0000511c       ??_C@_03OHFM@FOG?$AA@      1001511c     qgl_win.obj
 0003:00005120       ??_C@_0L@BABM@DEPTH_TEST?$AA@ 10015120     qgl_win.obj
 0003:0000512c       ??_C@_04FGAG@BACK?$AA@     1001512c     qgl_win.obj
 0003:00005134       ??_C@_0BE@LFCA@ONE_MINUS_DST_COLOR?$AA@ 10015134     qgl_win.obj
 0003:00005148       ??_C@_0BD@KGEA@SRC_ALPHA_SATURATE?$AA@ 10015148     qgl_win.obj
 0003:0000515c       ??_C@_05OHBH@FRONT?$AA@    1001515c     qgl_win.obj
 0003:00005164       ??_C@_09FMPF@DST_COLOR?$AA@ 10015164     qgl_win.obj
 0003:00005170       ??_C@_09LOLG@SRC_ALPHA?$AA@ 10015170     qgl_win.obj
 0003:0000517c       ??_C@_0BE@FHGD@ONE_MINUS_SRC_ALPHA?$AA@ 1001517c     qgl_win.obj
 0003:00005190       ??_C@_09LNFA@DST_ALPHA?$AA@ 10015190     qgl_win.obj
 0003:0000519c       ??_C@_0BE@FEIF@ONE_MINUS_DST_ALPHA?$AA@ 1001519c     qgl_win.obj
 0003:000051b0       ??_C@_0BE@LGMG@ONE_MINUS_SRC_COLOR?$AA@ 100151b0     qgl_win.obj
 0003:000051c4       ??_C@_08NCCF@NOTEQUAL?$AA@ 100151c4     qgl_win.obj
 0003:000051d0       ??_C@_06NENM@GEQUAL?$AA@   100151d0     qgl_win.obj
 0003:000051d8       ??_C@_06MJBP@ALWAYS?$AA@   100151d8     qgl_win.obj
 0003:000051e0       ??_C@_09FPBD@SRC_COLOR?$AA@ 100151e0     qgl_win.obj
 0003:000051ec       ??_C@_07HOFJ@GREATER?$AA@  100151ec     qgl_win.obj
 0003:000051f4       ??_C@_05NLLC@NEVER?$AA@    100151f4     qgl_win.obj
 0003:000051fc       ??_C@_04HMEB@LESS?$AA@     100151fc     qgl_win.obj
 0003:00005204       ??_C@_05FELF@EQUAL?$AA@    10015204     qgl_win.obj
 0003:0000520c       ??_C@_06MHDN@LEQUAL?$AA@   1001520c     qgl_win.obj
 0003:00005214       ??_C@_03CICP@ADD?$AA@      10015214     qgl_win.obj
 0003:00005218       ??_C@_03GGHL@ONE?$AA@      10015218     qgl_win.obj
 0003:0000521c       ??_C@_04LHLC@ZERO?$AA@     1001521c     qgl_win.obj
 0003:00005224       ??_C@_07KMLC@POLYGON?$AA@  10015224     qgl_win.obj
 0003:0000522c       ??_C@_0L@KPMO@QUAD_STRIP?$AA@ 1001522c     qgl_win.obj
 0003:00005238       ??_C@_05MOCA@QUADS?$AA@    10015238     qgl_win.obj
 0003:00005240       ??_C@_0N@LKDL@TRIANGLE_FAN?$AA@ 10015240     qgl_win.obj
 0003:00005250       ??_C@_0P@GLMF@TRIANGLE_STRIP?$AA@ 10015250     qgl_win.obj
 0003:00005260       ??_C@_09IKDC@TRIANGLES?$AA@ 10015260     qgl_win.obj
 0003:0000526c       ??_C@_0L@DFPI@LINE_STRIP?$AA@ 1001526c     qgl_win.obj
 0003:00005278       ??_C@_09EOOC@LINE_LOOP?$AA@ 10015278     qgl_win.obj
 0003:00005284       ??_C@_08NDLN@?$CFs?5?$CI?$CFd?$CJ?6?$AA@ 10015284     qgl_win.obj
 0003:00005290       ??_C@_0M@JAMH@?$CFs?5?$CIGL_?$CFs?$CJ?6?$AA@ 10015290     qgl_win.obj
 0003:0000529c       ??_C@_0BA@NNPA@?$CFs?5?$CIGL_?$CFs?0?5?$CFd?$CJ?6?$AA@ 1001529c     qgl_win.obj
 0003:000052ac       ??_C@_0BD@LHJN@?$CFs?5?$CIGL_?$CFs?0?5GL_?$CFs?$CJ?6?$AA@ 100152ac     qgl_win.obj
 0003:000052c0       ??_C@_03HHKO@?$CFs?6?$AA@  100152c0     qgl_win.obj
 0003:000052c4       ??_C@_0BF@PLKJ@?$CFs?5?$CI?$CFg?0?5?$CFg?0?5?$CFg?0?5?$CFg?$CJ?6?$AA@ 100152c4     qgl_win.obj
 0003:000052dc       ??_C@_08CFIG@?$CFs?5?$CI?$CFg?$CJ?6?$AA@ 100152dc     qgl_win.obj
 0003:000052e8       ??_C@_0BB@NPFI@?$CFs?5?$CI?$CFg?0?5?$CFg?0?5?$CFg?$CJ?6?$AA@ 100152e8     qgl_win.obj
 0003:000052fc       ??_C@_0BF@GFM@?$CFs?5?$CI?$CFd?0?5?$CFd?0?5?$CFd?0?5?$CFd?$CJ?6?$AA@ 100152fc     qgl_win.obj
 0003:00005314       ??_C@_0BJ@MPOB@?$CFs?5?$CI?$CFd?0?5GL_?$CFs?0?5?$CFd?0?5$?$CFX?$CJ?6?$AA@ 10015314     qgl_win.obj
 0003:00005330       ??_C@_0O@JIGC@?$CFs?5?$CI?$CFd?0?5$?$CFX?$CJ?6?$AA@ 10015330     qgl_win.obj
 0003:00005340       ??_C@_0N@CNFJ@?$CFs?5?$CI?$CFg?0?5?$CFg?$CJ?6?$AA@ 10015340     qgl_win.obj
 0003:00005350       ??_C@_0BB@PLBH@?$CFs?5?$CIGL_?$CFs?0?5$?$CFX?$CJ?6?$AA@ 10015350     qgl_win.obj
 0003:00005364       ??_C@_0BN@BCG@?$CFs?5?$CI?$CFg?0?5?$CFg?0?5?$CFg?0?5?$CFg?0?5?$CFg?0?5?$CFg?$CJ?6?$AA@ 10015364     qgl_win.obj
 0003:00005384       ??_C@_0CI@ENE@?$CFs?5?$CI?$CFd?0?5?$CFd?0?5?$CFd?0?5?$CFd?0?5GL_?$CFs?0?5GL_?$CFs@ 10015384     qgl_win.obj
 0003:000053ac       ??_C@_0BH@GDNB@?$CFs?5?$CIGL_?$CFs?0?5GL_?$CFs?0?5?$CFg?$CJ?6?$AA@ 100153ac     qgl_win.obj
 0003:000053c4       ??_C@_0BI@GBFP@?$CFs?5?$CIGL_?$CFs?0?5GL_?$CFs?0?5$?$CFX?$CJ?6?$AA@ 100153c4     qgl_win.obj
 0003:000053dc       ??_C@_0BK@DNBE@?$CFs?5?$CIGL_?$CFs?0?5GL_?$CFs?0?5GL_?$CFs?$CJ?6?$AA@ 100153dc     qgl_win.obj
 0003:000053f8       ??_C@_0DD@PHF@?$CFs?5?$CIGL_?$CFs?0?5?$CFd?0?5?$CFd?0?5?$CFd?0?5?$CFd?0?5?$CFd?0?5G@ 100153f8     qgl_win.obj
 0003:0000542c       ??_C@_0BE@KIHO@?$CFs?5?$CIGL_?$CFs?0?5?$CFg?0?5?$CFg?$CJ?6?$AA@ 1001542c     qgl_win.obj
 0003:00005440       ??_C@_0N@KINM@?$CFs?5?$CI?$CFd?0?5?$CFd?$CJ?6?$AA@ 10015440     qgl_win.obj
 0003:00005450       ??_C@_0EE@GEDG@QGL_Init?3?5inconsistent?5OpenGL?5li@ 10015450     qgl_win.obj
 0003:00005494       ??_C@_0CD@JMON@QGL_Init?3?5LoadLibrary?5?$CI?$CFs?$CJ?5faile@ 10015494     qgl_win.obj
 0003:000054b8       ??_C@_01BJG@?6?$AA@        100154b8     qgl_win.obj
 0003:000054bc       ??_C@_0BI@ECOL@?5?5?5?$CFs?5is?5covered?5by?5?$CFs?6?$AA@ 100154bc     qgl_win.obj
 0003:000054d4       ??_C@_0BL@ELJI@?4?4?4undetected?5extensions?3?6?$AA@ 100154d4     qgl_win.obj
 0003:000054f0       ??_C@_08MJAO@?$FO6?5?5?5?$CFs?6?$AA@ 100154f0     qgl_win.obj
 0003:000054fc       ??_C@_0BL@HBLH@?$FO6?4?4?4disabled?5extensions?3?6?$AA@ 100154fc     qgl_win.obj
 0003:00005518       ??_C@_0BM@LPPM@?4?4?4no?5extensions?5was?5found?6?$AA@ 10015518     qgl_win.obj
 0003:00005534       ??_C@_06GNEC@?5?5?5?$CFs?6?$AA@ 10015534     qgl_win.obj
 0003:0000553c       ??_C@_0BO@EEB@?5?5?5?$CFs?5ignored?5in?5favor?5of?5?$CFs?6?$AA@ 1001553c     qgl_win.obj
 0003:0000555c       ??_C@_0BF@IGJL@?4?4?4used?5extensions?3?6?$AA@ 1001555c     qgl_win.obj
 0003:00005574       ??_C@_0BE@LAAD@?$CFs?5required?5for?5?$CFs?6?$AA@ 10015574     qgl_win.obj
 0003:00005588       ??_C@_0DF@GCHB@Inconsistent?5extension?5?$CFs?3?5funct@ 10015588     qgl_win.obj
 0003:000055c0       ??_C@_0BK@MGMG@wglGetExtensionsStringARB?$AA@ 100155c0     qgl_win.obj
 0003:000055dc       ??_C@_0BN@NNJJ@?$CFs?5not?5found?5?9?5try?5alias?5?$CFs?6?$AA@ 100155dc     qgl_win.obj
 0003:000055fc       ??_C@_0BG@KFCN@Bad?5extension?5string?6?$AA@ 100155fc     qgl_win.obj
 0003:00005614       ??_C@_03CENI@?$CFs?5?$AA@  10015614     qgl_win.obj
 0003:00005618       ??_C@_07HAJF@?$CFs?$CFs?5?$FO7?$AA@ 10015618     qgl_win.obj
 0003:00005620       ??_C@_02FDKA@?$FO1?$AA@    10015620     qgl_win.obj
 0003:00005624       ??_C@_02KMBJ@?$FO2?$AA@    10015624     qgl_win.obj
 0003:00005628       ??_C@_02FDGL@?$FO4?$AA@    10015628     qgl_win.obj
 0003:0000562c       ??_C@_02GEF@?$FO6?$AA@     1001562c     qgl_win.obj
 0003:00005630       ??_C@_0BC@KAGG@?$FO1?$CFs?5extensions?3?5?$AA@ 10015630     qgl_win.obj
 0003:00005644       ??_C@_0DG@BHLE@?6?9?9?9?9?9?9?9?9?9?9?9?9?9?9?9?9?9?9?9?9?9?9?9?9?6?$CFs?9?9?9?9@ 10015644     qgl_win.obj
 0003:0000567c       ??_C@_09EIMA@?$CFs?1gl?4log?$AA@ 1001567c     qgl_win.obj
 0003:00005688       ??_C@_02JALM@a?$CL?$AA@    10015688     qgl_win.obj
 0003:0000568c       ??_C@_0BI@HGMM@?$CFa?5?$CFb?5?$CFd?0?5?$CFY?5?$CI?$CFH?3?$CFM?3?$CFS?$CJ?$AA@ 1001568c     qgl_win.obj
 0003:000056a4       ??_C@_0DA@DOBA@Com_sprintf?3?5overflow?5?$CFd?5?$DO?5?$CFd?5?$CIc@ 100156a4     q_shared2.obj
 0003:000056d4       ??_C@_0N@MDAO@r_lightmap?$DN0?$AA@ 100156d4     ref_vars.obj
 0003:000056e4       ??_C@_0P@GG@r_fullbright?$DN0?$AA@ 100156e4     ref_vars.obj
 0003:000056f4       ??_C@_0P@NIPA@r_saturation?$DN1?$AA@ 100156f4     ref_vars.obj
 0003:00005704       ??_C@_0N@LACP@r_contrast?$DN1?$AA@ 10015704     ref_vars.obj
 0003:00005714       ??_C@_0P@FMPO@r_brightness?$DN1?$AA@ 10015714     ref_vars.obj
 0003:00005724       ??_C@_09HGJM@r_gamma?$DN1?$AA@ 10015724     ref_vars.obj
 0003:00005730       ??_C@_0P@CBCI@r_fullscreen?$DN1?$AA@ 10015730     ref_vars.obj
 0003:00005740       ??_C@_0L@FPMF@vid_ref?$DNgl?$AA@ 10015740     ref_vars.obj
 0003:00005750       ?draw_chars@@3PAUimage_s@@A 10015750     gl_draw.obj
 0003:00005758       ?scrap_texels@@3PAY0BAAAA@EA 10015758     gl_image.obj
 0003:00015758       ?gltextures@@3PAUimage_s@@A 10025758     gl_image.obj
 0003:00033858       ?upload_height@@3HA        10043858     gl_image.obj
 0003:0003385c       ?upload_width@@3HA         1004385c     gl_image.obj
 0003:00033860       ?base_textureid@@3HA       10043860     gl_image.obj
 0003:00033864       ?upload_format@@3HA        10043864     gl_image.obj
 0003:00033868       ?numgltextures@@3HA        10043868     gl_image.obj
 0003:0003386c       ?gammatable@@3PAEA         1004386c     gl_image.obj
 0003:0003396c       ?scrap_allocated@@3PAY0BAA@HA 1004396c     gl_image.obj
 0003:00033d6c       ?d_8to24table@@3PAIA       10043d6c     gl_image.obj
 0003:0003416c       ?scrap_uploads@@3HA        1004416c     gl_image.obj
 0003:00034170       ?scrap_dirty@@3_NA         10044170     gl_image.obj
 0003:00034174       ?intensity@@3PAUcvar_s@@A  10044174     gl_image.obj
 0003:00034178       ?pointcolor@@3PAMA         10044178     gl_light.obj
 0003:00034184       ?lightspot@@3PAMA          10044184     gl_light.obj
 0003:00034190       ?r_dlightframecount@@3HA   10044190     gl_light.obj
 0003:00034194       ?lightplane@@3PAUcplane_t@@A 10044194     gl_light.obj
 0003:000a81b0       ?mod_inline@@3PAUmodel_s@@A 100b81b0     gl_model.obj
 0003:000d71b0       ?gl_mod_numknown@@3HA      100e71b0     gl_model.obj
 0003:000d71b4       ?loadmodel@@3PAUmodel_s@@A 100e71b4     gl_model.obj
 0003:000d71bc       ?registration_sequence@@3HA 100e71bc     gl_model.obj
 0003:000d71c0       ?mod_novis@@3PAEA          100e71c0     gl_model.obj
 0003:000d91c0       ?gl_mod_known@@3PAUmodel_s@@A 100e91c0     gl_model.obj
 0003:0010a1c0       ?gl_lockpvs@@3PAUcvar_s@@A 1011a1c0     gl_rmain.obj
 0003:0010a1c8       ?gl_speeds@@3Ugl_speeds_t@@A 1011a1c8     gl_rmain.obj
 0003:0010a1e4       ?r_norefresh@@3PAUcvar_s@@A 1011a1e4     gl_rmain.obj
 0003:0010a1e8       ?gl_particle_size@@3PAUcvar_s@@A 1011a1e8     gl_rmain.obj
 0003:0010a1ec       ?gl_particle_min_size@@3PAUcvar_s@@A 1011a1ec     gl_rmain.obj
 0003:0010a1f0       ?gl_config@@3Uglconfig_t@@A 1011a1f0     gl_rmain.obj
 0003:0010a928       ?r_oldviewcluster2@@3HA    1011a928     gl_rmain.obj
 0003:0010a92c       ?gl_particle_att_a@@3PAUcvar_s@@A 1011a92c     gl_rmain.obj
 0003:0010a930       ?gl_particle_att_b@@3PAUcvar_s@@A 1011a930     gl_rmain.obj
 0003:0010a934       ?gl_particle_att_c@@3PAUcvar_s@@A 1011a934     gl_rmain.obj
 0003:0010a938       ?r_notexture@@3PAUimage_s@@A 1011a938     gl_rmain.obj
 0003:0010a93c       ?gl_monolightmap@@3PAUcvar_s@@A 1011a93c     gl_rmain.obj
 0003:0010a940       ?r_worldmodel@@3PAUmodel_s@@A 1011a940     gl_rmain.obj
 0003:0010a944       ?r_ignorehwgamma@@3PAUcvar_s@@A 1011a944     gl_rmain.obj
 0003:0010a948       ?gl_showtris@@3PAUcvar_s@@A 1011a948     gl_rmain.obj
 0003:0010a94c       ?currentmodel@@3PAUmodel_s@@A 1011a94c     gl_rmain.obj
 0003:0010a950       ?gl_winrefl@@3PAUcvar_s@@A 1011a950     gl_rmain.obj
 0003:0010a954       ?gl_vertex_arrays@@3PAUcvar_s@@A 1011a954     gl_rmain.obj
 0003:0010a958       ?gl_texturealphamode@@3PAUcvar_s@@A 1011a958     gl_rmain.obj
 0003:0010a960       ?gl_clear@@3PAUcvar_s@@A   1011a960     gl_rmain.obj
 0003:0010a964       ?gl_picmip@@3PAUcvar_s@@A  1011a964     gl_rmain.obj
 0003:0010a968       ?r_rawpalette@@3PAIA       1011a968     gl_rmain.obj
 0003:0010ad68       ?v_blend@@3PAMA            1011ad68     gl_rmain.obj
 0003:0010ad78       ?gl_allow_software@@3PAUcvar_s@@A 1011ad78     gl_rmain.obj
 0003:0010ad7c       ?gl_bitdepth@@3PAUcvar_s@@A 1011ad7c     gl_rmain.obj
 0003:0010ad80       ?gl_cull@@3PAUcvar_s@@A    1011ad80     gl_rmain.obj
 0003:0010ad88       ?gl_nobind@@3PAUcvar_s@@A  1011ad88     gl_rmain.obj
 0003:0010ad8c       ?gl_nosubimage@@3PAUcvar_s@@A 1011ad8c     gl_rmain.obj
 0003:0010add0       ?r_newrefdef@@3Urefdef_t@@A 1011add0     gl_rmain.obj
 0003:0010ae38       ?r_oldviewcluster@@3HA     1011ae38     gl_rmain.obj
 0003:0010ae40       ?vid@@3Uviddef_t@@A        1011ae40     gl_rmain.obj
 0003:0010ae48       ?gl_skymip@@3PAUcvar_s@@A  1011ae48     gl_rmain.obj
 0003:0010ae4c       ?gl_texturesolidmode@@3PAUcvar_s@@A 1011ae4c     gl_rmain.obj
 0003:0010ae50       ?vpn@@3PAMA                1011ae50     gl_rmain.obj
 0003:0010ae5c       ?gl_modulate@@3PAUcvar_s@@A 1011ae5c     gl_rmain.obj
 0003:0010ae60       ?r_framecount@@3HA         1011ae60     gl_rmain.obj
 0003:0010ae68       ?vup@@3PAMA                1011ae68     gl_rmain.obj
 0003:0010ae74       ?c_brush_polys@@3HA        1011ae74     gl_rmain.obj
 0003:0010ae78       ?gl_flashblend@@3PAUcvar_s@@A 1011ae78     gl_rmain.obj
 0003:0010ae7c       ?r_lefthand@@3PAUcvar_s@@A 1011ae7c     gl_rmain.obj
 0003:0010ae80       ?gl_saturatelighting@@3PAUcvar_s@@A 1011ae80     gl_rmain.obj
 0003:0010ae84       ?gl_frustumCull@@3PAUcvar_s@@A 1011ae84     gl_rmain.obj
 0003:0010ae88       ?r_viewcluster2@@3HA       1011ae88     gl_rmain.obj
 0003:0010ae8c       ?gl_logFile@@3PAUcvar_s@@A 1011ae8c     gl_rmain.obj
 0003:0010ae90       ?gl_texturemode@@3PAUcvar_s@@A 1011ae90     gl_rmain.obj
 0003:0010ae98       ?ri@@3UrefImport_t@@A      1011ae98     gl_rmain.obj
 0003:0010af78       ?gl_dynamic@@3PAUcvar_s@@A 1011af78     gl_rmain.obj
 0003:0010af7c       ?gldepthmin@@3MA           1011af7c     gl_rmain.obj
 0003:0010af80       ?gl_round_down@@3PAUcvar_s@@A 1011af80     gl_rmain.obj
 0003:0010af84       ?r_viewcluster@@3HA        1011af84     gl_rmain.obj
 0003:0010af88       ?gldepthmax@@3MA           1011af88     gl_rmain.obj
 0003:0010af8c       ?gl_swapinterval@@3PAUcvar_s@@A 1011af8c     gl_rmain.obj
 0003:0010af90       ?frustum@@3PAUcplane_t@@A  1011af90     gl_rmain.obj
 0003:0010afe0       ?gl_zmax@@3PAUcvar_s@@A    1011afe0     gl_rmain.obj
 0003:0010afe4       ?r_visframecount@@3HA      1011afe4     gl_rmain.obj
 0003:0010afe8       ?r_novis@@3PAUcvar_s@@A    1011afe8     gl_rmain.obj
 0003:0010afec       ?gl_shadows@@3PAUcvar_s@@A 1011afec     gl_rmain.obj
 0003:0010aff0       ?gl_playermip@@3PAUcvar_s@@A 1011aff0     gl_rmain.obj
 0003:0010aff4       ?gl_3dlabs_broken@@3PAUcvar_s@@A 1011aff4     gl_rmain.obj
 0003:0010aff8       ?gl_dlightBacks@@3PAUcvar_s@@A 1011aff8     gl_rmain.obj
 0003:0010affc       ?r_origin@@3PAMA           1011affc     gl_rmain.obj
 0003:0010b008       ?currententity@@3PAUentity_s@@A 1011b008     gl_rmain.obj
 0003:0010b00c       ?r_world_matrix@@3PAMA     1011b00c     gl_rmain.obj
 0003:0010b04c       ?vright@@3PAMA             1011b04c     gl_rmain.obj
 0003:0010b058       ?gl_mode@@3PAUcvar_s@@A    1011b058     gl_rmain.obj
 0003:0010b05c       ?r_lerpmodels@@3PAUcvar_s@@A 1011b05c     gl_rmain.obj
 0003:0010b060       ?gl_driver@@3PAUcvar_s@@A  1011b060     gl_rmain.obj
 0003:0010b064       ?r_drawentities@@3PAUcvar_s@@A 1011b064     gl_rmain.obj
 0003:0010b068       ?gl_particle_max_size@@3PAUcvar_s@@A 1011b068     gl_rmain.obj
 0003:0010b06c       ?gl_ztrick@@3PAUcvar_s@@A  1011b06c     gl_rmain.obj
 0003:0010b070       ?gl_lightlevel@@3MA        1011b070     gl_rmain.obj
 0003:0010b074       ?c_alias_polys@@3HA        1011b074     gl_rmain.obj
 0003:0010b078       ?gl_polyblend@@3PAUcvar_s@@A 1011b078     gl_rmain.obj
 0003:0010b07c       ?r_base_world_matrix@@3PAMA 1011b07c     gl_rmain.obj
 0003:0010b0bc       ?r_particletexture@@3PAUimage_s@@A 1011b0bc     gl_rmain.obj
 0003:0010b0c4       ?gl_finish@@3PAUcvar_s@@A  1011b0c4     gl_rmain.obj
 0003:0010b0c8       ?gl_state@@3Uglstate_t@@A  1011b0c8     gl_rmain.obj
 0003:0010b0f4       ?gl_screenshotFlags@@3HA   1011b0f4     gl_rmisc.obj
 0003:0010b0f8       ?gl_screenshotName@@3PADA  1011b0f8     gl_rmisc.obj
 0003:0010b10c       ?c_visibleleafs@@3HA       1011b10c     gl_rsurf.obj
 0003:0014b718       ?r_alpha_surfaces@@3PAUmsurface_s@@A 1015b718     gl_rsurf.obj
 0003:0014ff20       ?c_visible_textures@@3HA   1015ff20     gl_rsurf.obj
 0003:0014ff24       ?c_visible_lightmaps@@3HA  1015ff24     gl_rsurf.obj
 0003:0014ff28       ?c_leafsinfrustum@@3HA     1015ff28     gl_rsurf.obj
 0003:0014ff2c       ?gl_textbuf@@3PADA         1015ff2c     gl_textout.obj
 0003:0015ff2c       ?gl_textbuf_count@@3HA     1016ff2c     gl_textout.obj
 0003:0015ff30       ?gl_last_rec@@3PAUtextrec_s@@A 1016ff30     gl_textout.obj
 0003:0015ff34       ?gl_textbuf_pos@@3HA       1016ff34     gl_textout.obj
 0003:0015ff38       ?skyaxis@@3PAMA            1016ff38     gl_warp.obj
 0003:0015ff44       ?skyrotate@@3MA            1016ff44     gl_warp.obj
 0003:0015ff48       ?reflect_img@@3PAUimage_s@@A 1016ff48     gl_warp.obj
 0003:0015ff4c       ?sky_images@@3PAPAUimage_s@@A 1016ff4c     gl_warp.obj
 0003:0015ff64       ?r_turbsin@@3PAMA          1016ff64     gl_warp.obj
 0003:00160364       ?skymaxs@@3PAY05MA         10170364     gl_warp.obj
 0003:00160394       ?skyname@@3PADA            10170394     gl_warp.obj
 0003:001603d4       ?warpface@@3PAUmsurface_s@@A 101703d4     gl_warp.obj
 0003:001603d8       ?skymins@@3PAY05MA         101703d8     gl_warp.obj
 0003:00160408       ?sky_max@@3MA              10170408     gl_warp.obj
 0003:0016040c       ?sky_min@@3MA              1017040c     gl_warp.obj
 0003:00160410       ?c_sky@@3HA                10170410     gl_warp.obj
 0003:00160418       ?glw_state@@3Uglwstate_t@@A 10170418     glw_imp.obj
 0003:00161160       ?qgl@@3Tqgl_t@@A           10171160     qgl_win.obj
 0003:00162294       ?paged_total@@3HA          10172294     q_shared2.obj
 0003:00162298       ?vec3_origin@@3PAMA        10172298     q_shared2.obj
 0003:001622a8       ?vid_ref@@3PAUcvar_s@@A    101722a8     ref_vars.obj
 0003:001622ac       ?r_lightmap@@3PAUcvar_s@@A 101722ac     ref_vars.obj
 0003:001622b0       ?r_gamma@@3PAUcvar_s@@A    101722b0     ref_vars.obj
 0003:001622b4       ?r_contrast@@3PAUcvar_s@@A 101722b4     ref_vars.obj
 0003:001622b8       ?r_brightness@@3PAUcvar_s@@A 101722b8     ref_vars.obj
 0003:001622bc       ?r_fullscreen@@3PAUcvar_s@@A 101722bc     ref_vars.obj
 0003:001622c0       ?r_saturation@@3PAUcvar_s@@A 101722c0     ref_vars.obj
 0003:001622c4       ?r_fullbright@@3PAUcvar_s@@A 101722c4     ref_vars.obj
 0003:001622d0       __adjust_fdiv              101722d0     <common>
 0003:001622d4       ___onexitend               101722d4     <common>
 0003:001622d8       ___onexitbegin             101722d8     <common>
 0003:001622dc       __pRawDllMain              101722dc     <common>

 entry point at        0001:0000dc9d

 Static symbols

 0001:0000b660       ?logAlphaFunc@@YGXIM@Z     1000c660 f   qgl_win.obj
 0001:0000b6a1       ?EnumName@@YAPBDI@Z        1000c6a1 f   qgl_win.obj
 0001:0000bb1a       ?logArrayElement@@YGXH@Z   1000cb1a f   qgl_win.obj
 0001:0000bb44       ?logBegin@@YGXI@Z          1000cb44 f   qgl_win.obj
 0001:0000bb74       ?logBindTexture@@YGXII@Z   1000cb74 f   qgl_win.obj
 0001:0000bbad       ?logBlendFunc@@YGXII@Z     1000cbad f   qgl_win.obj
 0001:0000bbed       ?logClear@@YGXI@Z          1000cbed f   qgl_win.obj
 0001:0000bc13       ?logClearColor@@YGXMMMM@Z  1000cc13 f   qgl_win.obj
 0001:0000bc74       ?logClearDepth@@YGXN@Z     1000cc74 f   qgl_win.obj
 0001:0000bca6       ?logColor3f@@YGXMMM@Z      1000cca6 f   qgl_win.obj
 0001:0000bcf8       ?logColor3fv@@YGXPBM@Z     1000ccf8 f   qgl_win.obj
 0001:0000bd1e       ?logColor4f@@YGXMMMM@Z     1000cd1e f   qgl_win.obj
 0001:0000bd7f       ?logColor4fv@@YGXPBM@Z     1000cd7f f   qgl_win.obj
 0001:0000bda5       ?logColor4ub@@YGXEEEE@Z    1000cda5 f   qgl_win.obj
 0001:0000bdeb       ?logColor4ubv@@YGXPBE@Z    1000cdeb f   qgl_win.obj
 0001:0000be11       ?logColorPointer@@YGXHIHPBX@Z 1000ce11 f   qgl_win.obj
 0001:0000be56       ?logCullFace@@YGXI@Z       1000ce56 f   qgl_win.obj
 0001:0000be86       ?logDeleteTextures@@YGXHPBI@Z 1000ce86 f   qgl_win.obj
 0001:0000beb8       ?logDepthFunc@@YGXI@Z      1000ceb8 f   qgl_win.obj
 0001:0000bee8       ?logDepthMask@@YGXE@Z      1000cee8 f   qgl_win.obj
 0001:0000bf14       ?logDepthRange@@YGXNN@Z    1000cf14 f   qgl_win.obj
 0001:0000bf58       ?logDisable@@YGXI@Z        1000cf58 f   qgl_win.obj
 0001:0000bf88       ?logEnable@@YGXI@Z         1000cf88 f   qgl_win.obj
 0001:0000bfb8       ?logEnableClientState@@YGXI@Z 1000cfb8 f   qgl_win.obj
 0001:0000bfe8       ?logEnd@@YGXXZ             1000cfe8 f   qgl_win.obj
 0001:0000c007       ?logFinish@@YGXXZ          1000d007 f   qgl_win.obj
 0001:0000c026       ?logFogf@@YGXIM@Z          1000d026 f   qgl_win.obj
 0001:0000c067       ?logFogfv@@YGXIPBM@Z       1000d067 f   qgl_win.obj
 0001:0000c0a0       ?logFrustum@@YGXNNNNNN@Z   1000d0a0 f   qgl_win.obj
 0001:0000c124       ?logGetError@@YGIXZ        1000d124 f   qgl_win.obj
 0001:0000c143       ?logGetFloatv@@YGXIPAM@Z   1000d143 f   qgl_win.obj
 0001:0000c16d       ?logGetIntegerv@@YGXIPAH@Z 1000d16d f   qgl_win.obj
 0001:0000c197       ?logGetString@@YGPBEI@Z    1000d197 f   qgl_win.obj
 0001:0000c1bd       ?logLoadIdentity@@YGXXZ    1000d1bd f   qgl_win.obj
 0001:0000c1dc       ?logLoadMatrixf@@YGXPBM@Z  1000d1dc f   qgl_win.obj
 0001:0000c202       ?logMatrixMode@@YGXI@Z     1000d202 f   qgl_win.obj
 0001:0000c232       ?logOrtho@@YGXNNNNNN@Z     1000d232 f   qgl_win.obj
 0001:0000c2b6       ?logPolygonMode@@YGXII@Z   1000d2b6 f   qgl_win.obj
 0001:0000c2f6       ?logPopMatrix@@YGXXZ       1000d2f6 f   qgl_win.obj
 0001:0000c315       ?logPushMatrix@@YGXXZ      1000d315 f   qgl_win.obj
 0001:0000c334       ?logReadPixels@@YGXHHHHIIPAX@Z 1000d334 f   qgl_win.obj
 0001:0000c392       ?logRotatef@@YGXMMMM@Z     1000d392 f   qgl_win.obj
 0001:0000c3f3       ?logScalef@@YGXMMM@Z       1000d3f3 f   qgl_win.obj
 0001:0000c445       ?logScissor@@YGXHHHH@Z     1000d445 f   qgl_win.obj
 0001:0000c483       ?logShadeModel@@YGXI@Z     1000d483 f   qgl_win.obj
 0001:0000c4b3       ?logTexCoord2f@@YGXMM@Z    1000d4b3 f   qgl_win.obj
 0001:0000c4f6       ?logTexCoordPointer@@YGXHIHPBX@Z 1000d4f6 f   qgl_win.obj
 0001:0000c53b       ?logTexEnvf@@YGXIIM@Z      1000d53b f   qgl_win.obj
 0001:0000c589       ?logTexEnvfv@@YGXIIPBM@Z   1000d589 f   qgl_win.obj
 0001:0000c5cf       ?logTexEnvi@@YGXIII@Z      1000d5cf f   qgl_win.obj
 0001:0000c61c       ?logTexImage2D@@YGXIHHHHHIIPBX@Z 1000d61c f   qgl_win.obj
 0001:0000c68d       ?logTexParameterf@@YGXIIM@Z 1000d68d f   qgl_win.obj
 0001:0000c6db       ?logTexSubImage2D@@YGXIHHHHHIIPBX@Z 1000d6db f   qgl_win.obj
 0001:0000c74c       ?logTranslatef@@YGXMMM@Z   1000d74c f   qgl_win.obj
 0001:0000c79e       ?logVertex2f@@YGXMM@Z      1000d79e f   qgl_win.obj
 0001:0000c7e1       ?logVertex3f@@YGXMMM@Z     1000d7e1 f   qgl_win.obj
 0001:0000c833       ?logVertex3fv@@YGXPBM@Z    1000d833 f   qgl_win.obj
 0001:0000c859       ?logVertexPointer@@YGXHIHPBX@Z 1000d859 f   qgl_win.obj
 0001:0000c89e       ?logViewport@@YGXHHHH@Z    1000d89e f   qgl_win.obj
 0001:0000c8dc       ?logChoosePixelFormat@@YGHPAUHDC__@@PBUtagPIXELFORMATDESCRIPTOR@@@Z 1000d8dc f   qgl_win.obj
 0001:0000c906       ?logDescribePixelFormat@@YGHPAUHDC__@@HIPAUtagPIXELFORMATDESCRIPTOR@@@Z 1000d906 f   qgl_win.obj
 0001:0000c938       ?logSetPixelFormat@@YGHPAUHDC__@@HPBUtagPIXELFORMATDESCRIPTOR@@@Z 1000d938 f   qgl_win.obj
 0001:0000c966       ?logSwapBuffers@@YGHPAUHDC__@@@Z 1000d966 f   qgl_win.obj
 0001:0000c98c       ?logCreateContext@@YGPAUHGLRC__@@PAUHDC__@@@Z 1000d98c f   qgl_win.obj
 0001:0000c9b2       ?logDeleteContext@@YGHPAUHGLRC__@@@Z 1000d9b2 f   qgl_win.obj
 0001:0000c9d8       ?logGetProcAddress@@YGP6GHXZPBD@Z 1000d9d8 f   qgl_win.obj
 0001:0000c9fe       ?logMakeCurrent@@YGHPAUHDC__@@PAUHGLRC__@@@Z 1000d9fe f   qgl_win.obj
 0001:0000ca28       ?logSelectTextureSGIS@@YGXI@Z 1000da28 f   qgl_win.obj
 0001:0000ca58       ?logMultiTexCoord2fSGIS@@YGXIMM@Z 1000da58 f   qgl_win.obj
 0001:0000caa8       ?logActiveTextureARB@@YGXI@Z 1000daa8 f   qgl_win.obj
 0001:0000cad8       ?logMultiTexCoord2fARB@@YGXIMM@Z 1000dad8 f   qgl_win.obj
 0001:0000cb28       ?logLockArraysEXT@@YGXHH@Z 1000db28 f   qgl_win.obj
 0001:0000cb5a       ?logUnlockArraysEXT@@YGXXZ 1000db5a f   qgl_win.obj
 0001:0000cb79       ?logSwapIntervalEXT@@YGHH@Z 1000db79 f   qgl_win.obj
 0001:0000d091       ?ExtensionSupported@@YA_NPAUextInfo_t@@PBD1@Z 1000e091 f   qgl_win.obj
 0001:0000d10b       ?ExtensionNameSupported@@YA_NPBD0@Z 1000e10b f   qgl_win.obj
 0001:0000aef0       ?GLimp_CreateWindow@@YA_NHH_N@Z 1000bef0 f   glw_imp.obj
 0001:0000b0b8       ?UpdateGamma@@YAXXZ        1000c0b8 f   glw_imp.obj
 0001:0000b147       ?ReadGamma@@YAXXZ          1000c147 f   glw_imp.obj
 0001:0000b18e       ?GLimp_InitGL@@YA_NXZ      1000c18e f   glw_imp.obj
 0001:0000b234       ?DestoryGLcontext@@YA_NXZ  1000c234 f   glw_imp.obj
 0001:0000b26f       ?DeactivateGLcontext@@YA_NXZ 1000c26f f   glw_imp.obj
 0001:0000b2a3       ?GLimp_SetPixelFormat@@YA_NXZ 1000c2a3 f   glw_imp.obj
 0001:0000b40a       ?CreateGLcontext@@YA_NXZ   1000c40a f   glw_imp.obj
 0001:0000b438       ?ActivateGLcontext@@YA_NXZ 1000c438 f   glw_imp.obj
 0001:0000b4e8       ?RestoreGamma@@YAXXZ       1000c4e8 f   glw_imp.obj
 0001:000087f4       ?DrawReflectPoly@@YAXPAUmsurface_s@@PAUimage_s@@@Z 100097f4 f   gl_rsurf.obj
 0001:00008c7a       ?GL_RenderLightmappedPoly@@YAXPAUmsurface_s@@@Z 10009c7a f   gl_rsurf.obj
 0001:00009776       ?LM_InitBlock@@YAXXZ       1000a776 f   gl_rsurf.obj
 0001:00009787       ?LM_UploadBlock@@YAX_N@Z   1000a787 f   gl_rsurf.obj
 0001:00009865       ?LM_AllocBlock@@YA_NHHPAH0@Z 1000a865 f   gl_rsurf.obj
 0001:00007700       ?R_EndFrame@@YAXXZ         10008700 f   gl_rmain.obj
 0001:0000779b       ?Screenshot@@YAXHPBD@Z     1000879b f   gl_rmain.obj
 0001:000077be       ?GetClientLight@@YAMXZ     100087be f   gl_rmain.obj
 0001:000077c5       ?ReloadImage@@YAXPBD@Z     100087c5 f   gl_rmain.obj
 0001:00005439       ?Mod_ForName@@YAPAUmodel_s@@PBD_N@Z 10006439 f   gl_model.obj
 0001:00003ec6       ?R_CullAliasModel@@YA_NQAY02MPAUentity_s@@@Z 10004ec6 f   gl_mesh.obj
