 ref_oldgl

 Timestamp is 3f3f3602 (Sun Aug 17 12:00:02 2003)

 Preferred load address is 10000000

 Start         Length     Name                   Class
 0001:00000000 0000dd30H .text                   CODE
 0002:00000000 000000e4H .idata$5                DATA
 0002:000000e8 00000300H .rdata                  DATA
 0002:000003e8 00000050H .idata$2                DATA
 0002:00000438 00000014H .idata$3                DATA
 0002:0000044c 000000e4H .idata$4                DATA
 0002:00000530 000002d0H .idata$6                DATA
 0002:00000800 0000004aH .edata                  DATA
 0003:00000000 00000004H .CRT$XCA                DATA
 0003:00000004 00000004H .CRT$XCZ                DATA
 0003:00000008 00000004H .CRT$XIA                DATA
 0003:0000000c 00000004H .CRT$XIZ                DATA
 0003:00000010 000071a0H .data                   DATA
 0003:000071b0 0015d970H .bss                    DATA

  Address         Publics by Value              Rva+Base     Lib:Object

 0001:00000000       _Draw_InitLocal            10001000 f   gl_draw.obj
 0001:0000004d       _Draw_Char                 1000104d f   gl_draw.obj
 0001:000001a0       _Draw_CharColor            100011a0 f   gl_draw.obj
 0001:00000229       _Draw_FindPic              10001229 f   gl_draw.obj
 0001:00000256       _Draw_GetPicSize           10001256 f   gl_draw.obj
 0001:00000296       _Draw_StretchPic           10001296 f   gl_draw.obj
 0001:000003fc       _Draw_Pic                  100013fc f   gl_draw.obj
 0001:000005a2       _Draw_PicColor             100015a2 f   gl_draw.obj
 0001:00000613       _Draw_TileClear            10001613 f   gl_draw.obj
 0001:0000079a       _Draw_Fill                 1000179a f   gl_draw.obj
 0001:000008b6       _Draw_Fill2                100018b6 f   gl_draw.obj
 0001:000009c3       _Draw_StretchRaw           100019c3 f   gl_draw.obj
 0001:00000bd8       _GL_SetTexturePalette      10001bd8 f   gl_image.obj
 0001:00000bd9       _GL_EnableMultitexture     10001bd9 f   gl_image.obj
 0001:00000c31       _GL_SelectTexture          10001c31 f   gl_image.obj
 0001:00000c7b       _qglMTexCoord2f            10001c7b f   gl_image.obj
 0001:00000cd9       _GL_TexEnv                 10001cd9 f   gl_image.obj
 0001:00000d0b       _GL_Bind                   10001d0b f   gl_image.obj
 0001:00000d62       _GL_MBind                  10001d62 f   gl_image.obj
 0001:00000d84       _GL_TextureMode            10001d84 f   gl_image.obj
 0001:00000e43       _GL_TextureAlphaMode       10001e43 f   gl_image.obj
 0001:00000e8b       _GL_TextureSolidMode       10001e8b f   gl_image.obj
 0001:00000ed3       _GL_ImageList_f            10001ed3 f   gl_image.obj
 0001:00000fe6       _Scrap_AllocBlock          10001fe6 f   gl_image.obj
 0001:000010a2       _Scrap_Upload              100020a2 f   gl_image.obj
 0001:000010d2       _R_FloodFillSkin           100020d2 f   gl_image.obj
 0001:00001265       _GL_ResampleTexture        10002265 f   gl_image.obj
 0001:00001400       _GL_LightScaleTexture      10002400 f   gl_image.obj
 0001:000015bc       _GL_MipMap                 100025bc f   gl_image.obj
 0001:00001713       _GL_Upload32               10002713 f   gl_image.obj
 0001:000019d6       _GL_Upload8                100029d6 f   gl_image.obj
 0001:00001ac1       _GL_LoadPic                10002ac1 f   gl_image.obj
 0001:00001d36       _GL_LoadWal                10002d36 f   gl_image.obj
 0001:00001d95       _GL_FindImage              10002d95 f   gl_image.obj
 0001:000020d7       _R_RegisterSkin            100030d7 f   gl_image.obj
 0001:000020e5       _GL_FreeUnusedImages       100030e5 f   gl_image.obj
 0001:00002157       _Draw_GetPalette           10003157 f   gl_image.obj
 0001:000021e5       _GL_InitImages             100031e5 f   gl_image.obj
 0001:00002319       _GL_ShutdownImages         10003319 f   gl_image.obj
 0001:00002358       _R_RenderDlight            10003358 f   gl_light.obj
 0001:00002475       _R_RenderDlights           10003475 f   gl_light.obj
 0001:0000252c       _R_MarkLights              1000352c f   gl_light.obj
 0001:000025eb       _R_PushDlights             100035eb f   gl_light.obj
 0001:00002646       _RecursiveLightPoint       10003646 f   gl_light.obj
 0001:000028f5       _R_LightPoint              100038f5 f   gl_light.obj
 0001:00002a39       _R_AddDynamicLights        10003a39 f   gl_light.obj
 0001:00002ca1       _R_SetCacheState           10003ca1 f   gl_light.obj
 0001:00002ccc       _R_BuildLightMap           10003ccc f   gl_light.obj
 0001:00003264       _GL_LerpVerts              10004264 f   gl_mesh.obj
 0001:000033ee       _GL_DrawAliasFrameLerp     100043ee f   gl_mesh.obj
 0001:000037d9       _GL_DrawAliasShadow        100047d9 f   gl_mesh.obj
 0001:0000387b       _R_DrawAliasModel          1000487b f   gl_mesh.obj
 0001:00004191       _Mod_PointInLeaf           10005191 f   gl_model.obj
 0001:000041f4       _Mod_DecompressVis         100051f4 f   gl_model.obj
 0001:00004274       _Mod_ClusterPVS            10005274 f   gl_model.obj
 0001:000042aa       _Mod_Modellist_f           100052aa f   gl_model.obj
 0001:0000430b       _Mod_Init                  1000530b f   gl_model.obj
 0001:00004323       _Mod_ForName               10005323 f   gl_model.obj
 0001:00004571       _CreateSolarColor          10005571 f   gl_model.obj
 0001:00004644       _Mod_LoadLighting          10005644 f   gl_model.obj
 0001:0000487f       _Mod_LoadSubmodels         1000587f f   gl_model.obj
 0001:00004912       _Mod_LoadEdges             10005912 f   gl_model.obj
 0001:00004961       _Mod_LoadTexinfo           10005961 f   gl_model.obj
 0001:00004a6e       _CalcSurfaceExtents        10005a6e f   gl_model.obj
 0001:00004bb0       _Mod_LoadFaces             10005bb0 f   gl_model.obj
 0001:00004d0b       _Mod_SetParent             10005d0b f   gl_model.obj
 0001:00004d30       _Mod_LoadNodes             10005d30 f   gl_model.obj
 0001:00004e2e       _Mod_LoadLeafs             10005e2e f   gl_model.obj
 0001:00004ed1       _Mod_LoadMarksurfaces      10005ed1 f   gl_model.obj
 0001:00004f4f       _Mod_LoadPlanes            10005f4f f   gl_model.obj
 0001:00004fe4       _PlaneTypeForNormal        10005fe4 f i gl_model.obj
 0001:00005055       _Mod_LoadBrushModel        10006055 f   gl_model.obj
 0001:0000525f       _Mod_LoadAliasModel        1000625f f   gl_model.obj
 0001:00005505       _Mod_LoadSpriteModel       10006505 f   gl_model.obj
 0001:0000560c       _R_BeginRegistration       1000660c f   gl_model.obj
 0001:000056a6       _R_RegisterModel           100066a6 f   gl_model.obj
 0001:000057a3       _R_EndRegistration         100067a3 f   gl_model.obj
 0001:000057f6       _Mod_FreeAll               100067f6 f   gl_model.obj
 0001:0000583c       _R_CullBox                 1000683c f   gl_rmain.obj
 0001:00005877       _R_RotateForEntity         10006877 f   gl_rmain.obj
 0001:000058fa       _R_DrawSpriteModel         100068fa f   gl_rmain.obj
 0001:00005b81       _R_DrawNullModel           10006b81 f   gl_rmain.obj
 0001:00005d14       _R_DrawEntitiesOnList      10006d14 f   gl_rmain.obj
 0001:00005e54       _BOX_ON_PLANE_SIDE         10006e54 f i gl_rmain.obj
 0001:00005ed9       _GL_DrawParticles          10006ed9 f   gl_rmain.obj
 0001:000060c6       _R_PolyBlend               100070c6 f   gl_rmain.obj
 0001:00006246       _SignbitsForPlane          10007246 f   gl_rmain.obj
 0001:00006270       _R_SetFrustum              10007270 f   gl_rmain.obj
 0001:0000635a       _R_SetupFrame              1000735a f   gl_rmain.obj
 0001:000064ee       _MYgluPerspective          100074ee f   gl_rmain.obj
 0001:0000655a       _R_SetupGL                 1000755a f   gl_rmain.obj
 0001:000067da       _R_Clear                   100077da f   gl_rmain.obj
 0001:000068bb       _R_RenderView              100078bb f   gl_rmain.obj
 0001:000069f8       _R_SetGL2D                 100079f8 f   gl_rmain.obj
 0001:00006ae9       _R_SetLightLevel           10007ae9 f   gl_rmain.obj
 0001:00006b44       _R_RenderFrame             10007b44 f   gl_rmain.obj
 0001:00006b5d       _R_Register                10007b5d f   gl_rmain.obj
 0001:00006b9e       _R_SetMode                 10007b9e f   gl_rmain.obj
 0001:00006c84       _R_Init                    10007c84 f   gl_rmain.obj
 0001:00007029       _R_Shutdown                10008029 f   gl_rmain.obj
 0001:00007063       _R_BeginFrame              10008063 f   gl_rmain.obj
 0001:0000737a       _R_SetPalette              1000837a f   gl_rmain.obj
 0001:00007445       _R_DrawBeam                10008445 f   gl_rmain.obj
 0001:0000765d       _Draw_ConCharColor         1000865d f   gl_rmain.obj
 0001:0000767e       _GetRefAPI                 1000867e f   gl_rmain.obj
 0001:000078b0       _CopyString                100088b0 f   gl_rmain.obj
 0001:000078d5       _R_InitParticleTexture     100088d5 f   gl_rmisc.obj
 0001:000079a4       _GL_PerformScreenshot      100089a4 f   gl_rmisc.obj
 0001:00007bd9       _GL_Strings_f              10008bd9 f   gl_rmisc.obj
 0001:00007c1e       _GL_SetDefaultState        10008c1e f   gl_rmisc.obj
 0001:00007d79       _GL_UpdateSwapInterval     10008d79 f   gl_rmisc.obj
 0001:00007dae       _R_TextureAnimation        10008dae f   gl_rsurf.obj
 0001:00007dd2       _DrawGLPoly                10008dd2 f   gl_rsurf.obj
 0001:00007e2e       _DrawGLFlowingPoly         10008e2e f   gl_rsurf.obj
 0001:00007eb6       _R_DrawTriangleOutlines    10008eb6 f   gl_rsurf.obj
 0001:00007fb3       _DrawGLPolyChain           10008fb3 f   gl_rsurf.obj
 0001:0000808a       _R_BlendLightmaps          1000908a f   gl_rsurf.obj
 0001:00008390       _R_RenderBrushPoly         10009390 f   gl_rsurf.obj
 0001:0000855f       _DrawReflectPoly3          1000955f f   gl_rsurf.obj
 0001:00008632       _R_DrawAlphaSurfaces       10009632 f   gl_rsurf.obj
 0001:00008a3f       _DrawTextureChains         10009a3f f   gl_rsurf.obj
 0001:00008b6d       _R_DrawInlineBModel        10009b6d f   gl_rsurf.obj
 0001:00009115       _R_DrawBrushModel          1000a115 f   gl_rsurf.obj
 0001:00009338       _R_RecursiveWorldNode      1000a338 f   gl_rsurf.obj
 0001:000094ac       _DISTANCE_TO_PLANE         1000a4ac f i gl_rsurf.obj
 0001:000094f4       _R_DrawWorld               1000a4f4 f   gl_rsurf.obj
 0001:00009679       _R_MarkLeaves              1000a679 f   gl_rsurf.obj
 0001:00009a0b       _GL_BuildPolygonFromSurface 1000aa0b f   gl_rsurf.obj
 0001:00009bb6       _GL_CreateSurfaceLightmap  1000abb6 f   gl_rsurf.obj
 0001:00009c60       _GL_BeginBuildingLightmaps 1000ac60 f   gl_rsurf.obj
 0001:00009db2       _GL_EndBuildingLightmaps   1000adb2 f   gl_rsurf.obj
 0001:00009dc3       _DrawColoredText           1000adc3 f   gl_textout.obj
 0001:00009f6a       _R_DrawTexts               1000af6a f   gl_textout.obj
 0001:00009fc1       _DrawTextPos               1000afc1 f   gl_textout.obj
 0001:0000a06f       _DrawTextLeft              1000b06f f   gl_textout.obj
 0001:0000a0ab       _DrawTextRight             1000b0ab f   gl_textout.obj
 0001:0000a0fc       _BoundPoly                 1000b0fc f   gl_warp.obj
 0001:0000a17a       _SubdividePolygon          1000b17a f   gl_warp.obj
 0001:0000a4b0       _GL_SubdivideSurface       1000b4b0 f   gl_warp.obj
 0001:0000a541       _EmitWaterPolys            1000b541 f   gl_warp.obj
 0001:0000a637       _DrawSkyPolygon            1000b637 f   gl_warp.obj
 0001:0000a811       _ClipSkyPolygon            1000b811 f   gl_warp.obj
 0001:0000aa59       _R_AddSkySurface           1000ba59 f   gl_warp.obj
 0001:0000aac6       _R_ClearSkyBox             1000bac6 f   gl_warp.obj
 0001:0000aafc       _MakeSkyVec                1000bafc f   gl_warp.obj
 0001:0000abf8       _R_DrawSkyBox              1000bbf8 f   gl_warp.obj
 0001:0000adb7       _R_SetSky                  1000bdb7 f   gl_warp.obj
 0001:0000aec7       _GLimp_SetMode             1000bec7 f   glw_imp.obj
 0001:0000b17c       _GLimp_HasGamma            1000c17c f   glw_imp.obj
 0001:0000b191       _GLimp_SetGamma            1000c191 f   glw_imp.obj
 0001:0000b317       _GLimp_Shutdown            1000c317 f   glw_imp.obj
 0001:0000b429       _GLimp_Init                1000c429 f   glw_imp.obj
 0001:0000b773       _GLimp_BeginFrame          1000c773 f   glw_imp.obj
 0001:0000b7c6       _GLimp_EndFrame            1000c7c6 f   glw_imp.obj
 0001:0000b863       _GLimp_AppActivate         1000c863 f   glw_imp.obj
 0001:0000b8dd       _Q_rsqrt                   1000c8dd f   q_shared2.obj
 0001:0000b90d       _RotatePointAroundVector   1000c90d f   q_shared2.obj
 0001:0000ba7d       _AngleVectors              1000ca7d f   q_shared2.obj
 0001:0000bbde       _ProjectPointOnPlane       1000cbde f   q_shared2.obj
 0001:0000bc5d       _PerpendicularVector       1000cc5d f   q_shared2.obj
 0001:0000bcdc       _MatrixMultiply            1000ccdc f   q_shared2.obj
 0001:0000bdc3       _BoxOnPlaneSide            1000cdc3 f   q_shared2.obj
 0001:0000bedf       _VectorNormalize           1000cedf f   q_shared2.obj
 0001:0000bf33       _VectorNormalizeFast       1000cf33 f   q_shared2.obj
 0001:0000bf76       _VectorMA                  1000cf76 f   q_shared2.obj
 0001:0000bfa5       _CrossProduct              1000cfa5 f   q_shared2.obj
 0001:0000bfe0       _VectorLength              1000cfe0 f   q_shared2.obj
 0001:0000c00f       _VectorScale               1000d00f f   q_shared2.obj
 0001:0000c033       _va                        1000d033 f   q_shared2.obj
 0001:0000c080       _Q_stricmp                 1000d080 f   q_shared2.obj
 0001:0000c091       _Com_sprintf               1000d091 f   q_shared2.obj
 0001:0000d654       _QGL_Shutdown              1000e654 f   qgl_win.obj
 0001:0000d693       _QGL_Init                  1000e693 f   qgl_win.obj
 0001:0000d719       _QGL_InitExtensions        1000e719 f   qgl_win.obj
 0001:0000da54       _QGL_EnableLogging         1000ea54 f   qgl_win.obj
 0001:0000db20       _QGL_LogMessage            1000eb20 f   qgl_win.obj
 0001:0000db40       __chkstk                   1000eb40 f   MSVCRT:chkstk.obj
 0001:0000db40       __alloca_probe             1000eb40 f   MSVCRT:chkstk.obj
 0001:0000db70       __ftol                     1000eb70 f   MSVCRT:MSVCRT.dll
 0001:0000db76       _memcpy                    1000eb76 f   MSVCRT:MSVCRT.dll
 0001:0000db7c       _strcpy                    1000eb7c f   MSVCRT:MSVCRT.dll
 0001:0000db82       _strlen                    1000eb82 f   MSVCRT:MSVCRT.dll
 0001:0000db88       _strcmp                    1000eb88 f   MSVCRT:MSVCRT.dll
 0001:0000db8e       _memset                    1000eb8e f   MSVCRT:MSVCRT.dll
 0001:0000db94       _pow                       1000eb94 f   MSVCRT:MSVCRT.dll
 0001:0000db9a       _cos                       1000eb9a f   MSVCRT:MSVCRT.dll
 0001:0000dba0       _sin                       1000eba0 f   MSVCRT:MSVCRT.dll
 0001:0000dba6       _fabs                      1000eba6 f   MSVCRT:MSVCRT.dll
 0001:0000dbac       _tan                       1000ebac f   MSVCRT:MSVCRT.dll
 0001:0000dbb2       _strcat                    1000ebb2 f   MSVCRT:MSVCRT.dll
 0001:0000dbb8       _sqrt                      1000ebb8 f   MSVCRT:MSVCRT.dll
 0001:0000dbbe       __CRT_INIT@12              1000ebbe f   MSVCRT:crtdll.obj
 0001:0000dc69       __DllMainCRTStartup@12     1000ec69 f   MSVCRT:crtdll.obj
 0001:0000dd06       __initterm                 1000ed06 f   MSVCRT:MSVCRT.dll
 0001:0000dd0c       _DllMain@12                1000ed0c f   MSVCRT:dllmain.obj
 0002:00000000       __imp__SetDeviceGammaRamp@8 1000f000     gdi32:GDI32.dll
 0002:00000004       __imp__GetDeviceGammaRamp@8 1000f004     gdi32:GDI32.dll
 0002:00000008       __imp__DescribePixelFormat@16 1000f008     gdi32:GDI32.dll
 0002:0000000c       __imp__SetPixelFormat@12   1000f00c     gdi32:GDI32.dll
 0002:00000010       __imp__SwapBuffers@4       1000f010     gdi32:GDI32.dll
 0002:00000014       __imp__ChoosePixelFormat@8 1000f014     gdi32:GDI32.dll
 0002:00000018       __imp__GetDeviceCaps@8     1000f018     gdi32:GDI32.dll
 0002:0000001c       \177GDI32_NULL_THUNK_DATA  1000f01c     gdi32:GDI32.dll
 0002:00000020       __imp__LoadLibraryA@4      1000f020     kernel32:KERNEL32.dll
 0002:00000024       __imp__GetVersionExA@4     1000f024     kernel32:KERNEL32.dll
 0002:00000028       __imp__GetProcAddress@8    1000f028     kernel32:KERNEL32.dll
 0002:0000002c       __imp__FreeLibrary@4       1000f02c     kernel32:KERNEL32.dll
 0002:00000030       __imp__DisableThreadLibraryCalls@4 1000f030     kernel32:KERNEL32.dll
 0002:00000034       \177KERNEL32_NULL_THUNK_DATA 1000f034     kernel32:KERNEL32.dll
 0002:00000038       __imp__malloc              1000f038     MSVCRT:MSVCRT.dll
 0002:0000003c       __imp___strlwr             1000f03c     MSVCRT:MSVCRT.dll
 0002:0000003c       __imp__strlwr              1000f03c     MSVCRT:MSVCRT.dll
 0002:00000040       __imp___adjust_fdiv        1000f040     MSVCRT:MSVCRT.dll
 0002:00000044       __imp___initterm           1000f044     MSVCRT:MSVCRT.dll
 0002:00000048       __imp___ftol               1000f048     MSVCRT:MSVCRT.dll
 0002:0000004c       __imp__memcpy              1000f04c     MSVCRT:MSVCRT.dll
 0002:00000050       __imp__strcpy              1000f050     MSVCRT:MSVCRT.dll
 0002:00000054       __imp__strlen              1000f054     MSVCRT:MSVCRT.dll
 0002:00000058       __imp__strncmp             1000f058     MSVCRT:MSVCRT.dll
 0002:0000005c       __imp__strcmp              1000f05c     MSVCRT:MSVCRT.dll
 0002:00000060       __imp__memset              1000f060     MSVCRT:MSVCRT.dll
 0002:00000064       __imp__pow                 1000f064     MSVCRT:MSVCRT.dll
 0002:00000068       __imp__cos                 1000f068     MSVCRT:MSVCRT.dll
 0002:0000006c       __imp__sin                 1000f06c     MSVCRT:MSVCRT.dll
 0002:00000070       __imp__fabs                1000f070     MSVCRT:MSVCRT.dll
 0002:00000074       __imp__strrchr             1000f074     MSVCRT:MSVCRT.dll
 0002:00000078       __imp__atoi                1000f078     MSVCRT:MSVCRT.dll
 0002:0000007c       __imp__tan                 1000f07c     MSVCRT:MSVCRT.dll
 0002:00000080       __imp__toupper             1000f080     MSVCRT:MSVCRT.dll
 0002:00000084       __imp__strstr              1000f084     MSVCRT:MSVCRT.dll
 0002:00000088       __imp__fclose              1000f088     MSVCRT:MSVCRT.dll
 0002:0000008c       __imp__fopen               1000f08c     MSVCRT:MSVCRT.dll
 0002:00000090       __imp__strcat              1000f090     MSVCRT:MSVCRT.dll
 0002:00000094       __imp__strncpy             1000f094     MSVCRT:MSVCRT.dll
 0002:00000098       __imp___winmajor           1000f098     MSVCRT:MSVCRT.dll
 0002:0000009c       __imp__sqrt                1000f09c     MSVCRT:MSVCRT.dll
 0002:000000a0       __imp___vsnprintf          1000f0a0     MSVCRT:MSVCRT.dll
 0002:000000a4       __imp___stricmp            1000f0a4     MSVCRT:MSVCRT.dll
 0002:000000a4       __imp__stricmp             1000f0a4     MSVCRT:MSVCRT.dll
 0002:000000a8       __imp__fprintf             1000f0a8     MSVCRT:MSVCRT.dll
 0002:000000ac       __imp__asctime             1000f0ac     MSVCRT:MSVCRT.dll
 0002:000000b0       __imp__localtime           1000f0b0     MSVCRT:MSVCRT.dll
 0002:000000b4       __imp__time                1000f0b4     MSVCRT:MSVCRT.dll
 0002:000000b8       __imp__free                1000f0b8     MSVCRT:MSVCRT.dll
 0002:000000bc       __imp__putenv              1000f0bc     MSVCRT:MSVCRT.dll
 0002:000000bc       __imp___putenv             1000f0bc     MSVCRT:MSVCRT.dll
 0002:000000c0       \177MSVCRT_NULL_THUNK_DATA 1000f0c0     MSVCRT:MSVCRT.dll
 0002:000000c4       __imp__SetForegroundWindow@4 1000f0c4     user32:USER32.dll
 0002:000000c8       __imp__ShowWindow@8        1000f0c8     user32:USER32.dll
 0002:000000cc       __imp__SetWindowPos@28     1000f0cc     user32:USER32.dll
 0002:000000d0       __imp__GetDesktopWindow@0  1000f0d0     user32:USER32.dll
 0002:000000d4       __imp__GetDC@4             1000f0d4     user32:USER32.dll
 0002:000000d8       __imp__ReleaseDC@8         1000f0d8     user32:USER32.dll
 0002:000000dc       __imp__ChangeDisplaySettingsA@8 1000f0dc     user32:USER32.dll
 0002:000000e0       \177USER32_NULL_THUNK_DATA 1000f0e0     user32:USER32.dll
 0002:000000e8       __real@4@400c9800000000000000 1000f0e8     gl_draw.obj
 0002:000000ec       __real@4@3ffb8000000000000000 1000f0ec     gl_draw.obj
 0002:000000f0       __real@8@3ffb8000000000000000 1000f0f0     gl_draw.obj
 0002:000000f8       __real@8@3ff98000000000000000 1000f0f8     gl_draw.obj
 0002:00000100       __real@8@3ff78080808080808000 1000f100     gl_draw.obj
 0002:00000108       __real@8@3ffeb333333333333000 1000f108     gl_draw.obj
 0002:00000110       __real@4@400c9804000000000000 1000f110     gl_draw.obj
 0002:00000114       __real@4@3ff78000000000000000 1000f114     gl_draw.obj
 0002:00000118       __real@8@3ff78000000000000000 1000f118     gl_draw.obj
 0002:00000120       _fmt_names                 1000f120     gl_image.obj
 0002:000001b8       __real@8@3ffec000000000000000 1000f1b8     gl_image.obj
 0002:000001c0       __real@8@3ffd8000000000000000 1000f1c0     gl_image.obj
 0002:000001c8       __real@8@3ffdaaaaaaaaaaaaa800 1000f1c8     gl_image.obj
 0002:000001d0       __real@4@4006ff00000000000000 1000f1d0     gl_image.obj
 0002:000001d4       __real@4@00000000000000000000 1000f1d4     gl_image.obj
 0002:000001d8       __real@8@3ffe8000000000000000 1000f1d8     gl_image.obj
 0002:000001e0       __real@8@3fff8000000000000000 1000f1e0     gl_image.obj
 0002:000001e8       __real@8@3ff8a3d70a3d70a3d800 1000f1e8     gl_image.obj
 0002:000001f0       __real@8@4006ff00000000000000 1000f1f0     gl_image.obj
 0002:000001f8       __real@8@3ff78040201008040000 1000f1f8     gl_image.obj
 0002:00000200       __real@4@3fff8000000000000000 1000f200     gl_image.obj
 0002:00000208       __real@8@3ffdc90fdaa22168c000 1000f208     gl_light.obj
 0002:00000210       __real@8@3ffcccccccccccccd000 1000f210     gl_light.obj
 0002:00000218       __real@8@3ffdb333333333333000 1000f218     gl_light.obj
 0002:00000220       __real@4@40048000000000000000 1000f220     gl_light.obj
 0002:00000224       __real@4@3ff88000000000000000 1000f224     gl_light.obj
 0002:00000228       __real@4@3ff78080808080808000 1000f228     gl_light.obj
 0002:0000022c       __real@4@bfff8000000000000000 1000f22c     gl_light.obj
 0002:00000230       __real@4@400a8000000000000000 1000f230     gl_light.obj
 0002:00000234       __real@4@40038000000000000000 1000f234     gl_light.obj
 0002:00000238       __real@8@40088000000000000000 1000f238     gl_light.obj
 0002:00000240       __real@4@4002c000000000000000 1000f240     gl_light.obj
 0002:00000244       __real@4@40028000000000000000 1000f244     gl_light.obj
 0002:00000248       __real@4@40018000000000000000 1000f248     gl_mesh.obj
 0002:0000024c       __real@4@3ffe8000000000000000 1000f24c     gl_mesh.obj
 0002:00000250       __real@8@40018000000000000000 1000f250     gl_mesh.obj
 0002:00000258       __real@8@400b8000000000000000 1000f258     gl_mesh.obj
 0002:00000260       __real@8@3ffd9999999999999800 1000f260     gl_mesh.obj
 0002:00000268       __real@8@4000c90fdaa22168c000 1000f268     gl_mesh.obj
 0002:00000270       __real@4@3ff7b60b60b60b60b800 1000f270     gl_mesh.obj
 0002:00000278       __real@8@3ffab60b60b60b60b800 1000f278     gl_mesh.obj
 0002:00000280       __real@4@40008000000000000000 1000f280     gl_mesh.obj
 0002:00000288       __real@8@3ffeccccccccccccd000 1000f288     gl_mesh.obj
 0002:00000290       __real@4@4001e000000000000000 1000f290     gl_mesh.obj
 0002:00000294       __real@4@3ffbccccccccccccd000 1000f294     gl_mesh.obj
 0002:00000298       __real@8@3ffbccccccccccccd000 1000f298     gl_mesh.obj
 0002:000002a0       __real@4@40069600000000000000 1000f2a0     gl_mesh.obj
 0002:000002a4       __real@4@4001a000000000000000 1000f2a4     gl_model.obj
 0002:000002a8       __real@8@3ffda8f5c28f5c28f800 1000f2a8     gl_model.obj
 0002:000002b0       __real@8@3ffab0c34c1a8ac5c800 1000f2b0     gl_model.obj
 0002:000002b8       ?h@?1??Q_ceil@@9@9         1000f2b8     gl_model.obj
 0002:000002bc       ?h@?1??Q_floor@@9@9        1000f2bc     gl_model.obj
 0002:000002c0       __real@4@c00fc34f800000000000 1000f2c0     gl_model.obj
 0002:000002c4       __real@4@4012f423f00000000000 1000f2c4     gl_model.obj
 0002:000002c8       __real@4@c0048000000000000000 1000f2c8     gl_model.obj
 0002:000002cc       __real@4@3ffeaa7ef9db22d0e800 1000f2cc     gl_rmain.obj
 0002:000002d0       __real@4@3ffaccccccccccccd000 1000f2d0     gl_rmain.obj
 0002:000002d8       __real@8@40038000000000000000 1000f2d8     gl_rmain.obj
 0002:000002e0       __real@8@3fffc90fdaa22168c000 1000f2e0     gl_rmain.obj
 0002:000002e8       __real@4@c0038000000000000000 1000f2e8     gl_rmain.obj
 0002:000002ec       __real@4@3fff8800000000000000 1000f2ec     gl_rmain.obj
 0002:000002f0       __real@8@3ff783126e978d4fe000 1000f2f0     gl_rmain.obj
 0002:000002f8       __real@4@4003a000000000000000 1000f2f8     gl_rmain.obj
 0002:000002fc       __real@4@3fffc000000000000000 1000f2fc     gl_rmain.obj
 0002:00000300       __real@4@c005c800000000000000 1000f300     gl_rmain.obj
 0002:00000304       __real@4@4002a000000000000000 1000f304     gl_rmain.obj
 0002:00000308       __real@4@4005c800000000000000 1000f308     gl_rmain.obj
 0002:0000030c       __real@4@4005b400000000000000 1000f30c     gl_rmain.obj
 0002:00000310       __real@4@c005b400000000000000 1000f310     gl_rmain.obj
 0002:00000314       __real@4@3ffd9999999999999800 1000f314     gl_rmain.obj
 0002:00000318       __real@8@3ff88efa351294e9c800 1000f318     gl_rmain.obj
 0002:00000320       __real@8@4000a000000000000000 1000f320     gl_rmain.obj
 0002:00000328       __real@8@c00fc34f800000000000 1000f328     gl_rmain.obj
 0002:00000330       __real@8@400fc34f800000000000 1000f330     gl_rmain.obj
 0002:00000338       __real@4@3ff78080810000000000 1000f338     gl_rmain.obj
 0002:00000340       __real@8@4004f000000000000000 1000f340     gl_rmain.obj
 0002:00000348       __real@4@400ca404000000000000 1000f348     gl_rmisc.obj
 0002:00000350       __real@8@00000000000000000000 1000f350     gl_rsurf.obj
 0002:00000358       __real@8@c0058000000000000000 1000f358     gl_rsurf.obj
 0002:00000360       __real@8@3ff9ccccccccccccd000 1000f360     gl_rsurf.obj
 0002:00000368       __real@4@3ffea8f5c28f5c28f800 1000f368     gl_rsurf.obj
 0002:0000036c       __real@4@3ffda8f5c28f5c28f800 1000f36c     gl_rsurf.obj
 0002:00000370       __real@4@3ffce147ae147ae14800 1000f370     gl_rsurf.obj
 0002:00000378       __real@8@bff8a3d70a3d70a3d800 1000f378     gl_rsurf.obj
 0002:00000380       __real@4@3ffd8000000000000000 1000f380     gl_rsurf.obj
 0002:00000384       __real@4@3ff38000000000000000 1000f384     gl_rsurf.obj
 0002:00000388       __real@4@c00c9c3c000000000000 1000f388     gl_warp.obj
 0002:0000038c       __real@4@400c9c3c000000000000 1000f38c     gl_warp.obj
 0002:00000390       __real@4@3ff98000000000000000 1000f390     gl_warp.obj
 0002:00000398       __real@8@4004a2f9836e4e441800 1000f398     gl_warp.obj
 0002:000003a0       __real@8@3ffc8000000000000000 1000f3a0     gl_warp.obj
 0002:000003a8       __real@8@3ff583126e978d4fe000 1000f3a8     gl_warp.obj
 0002:000003b0       __real@8@bffbccccccccccccd000 1000f3b0     gl_warp.obj
 0002:000003b8       __real@8@400effff000000000000 1000f3b8     glw_imp.obj
 0002:000003c0       __real@4@3fef8000400020001000 1000f3c0     glw_imp.obj
 0002:000003c4       __real@4@400e8000000000000000 1000f3c4     glw_imp.obj
 0002:000003c8       __real@8@3fffe666666666666800 1000f3c8     glw_imp.obj
 0002:000003d0       __real@4@4000c000000000000000 1000f3d0     glw_imp.obj
 0002:000003d8       __real@8@3ff7b60b60b60b60b800 1000f3d8     q_shared2.obj
 0002:000003e0       __real@8@3ff98efa351294e9c800 1000f3e0     q_shared2.obj
 0002:000003e8       __IMPORT_DESCRIPTOR_KERNEL32 1000f3e8     kernel32:KERNEL32.dll
 0002:000003fc       __IMPORT_DESCRIPTOR_USER32 1000f3fc     user32:USER32.dll
 0002:00000410       __IMPORT_DESCRIPTOR_GDI32  1000f410     gdi32:GDI32.dll
 0002:00000424       __IMPORT_DESCRIPTOR_MSVCRT 1000f424     MSVCRT:MSVCRT.dll
 0002:00000438       __NULL_IMPORT_DESCRIPTOR   1000f438     kernel32:KERNEL32.dll
 0003:00000000       ___xc_a                    10010000     MSVCRT:cinitexe.obj
 0003:00000004       ___xc_z                    10010004     MSVCRT:cinitexe.obj
 0003:00000008       ___xi_a                    10010008     MSVCRT:cinitexe.obj
 0003:0000000c       ___xi_z                    1001000c     MSVCRT:cinitexe.obj
 0003:00000070       ??_C@_08CFBM@conchars?$AA@ 10010070     gl_draw.obj
 0003:0000007c       ??_C@_0M@BOLH@pics?1?$CFs?4?$DP?$DP?$DP?$AA@ 1001007c     gl_draw.obj
 0003:00000088       ??_C@_0BE@OFJF@Can?8t?5find?5pic?3?5?$CFs?6?$AA@ 10010088     gl_draw.obj
 0003:0000009c       ??_C@_0BF@FJLG@Draw_Fill?3?5bad?5color?$AA@ 1001009c     gl_draw.obj
 0003:000000b4       ??_C@_03EDOL@PAL?$AA@      100100b4     gl_image.obj
 0003:000000b8       ??_C@_08IECI@RGBA_ARB?$AA@ 100100b8     gl_image.obj
 0003:000000c4       ??_C@_07MDOP@RGB_ARB?$AA@  100100c4     gl_image.obj
 0003:000000cc       ??_C@_04DLAJ@S3TC?$AA@     100100cc     gl_image.obj
 0003:000000d4       ??_C@_04PIGM@RGBA?$AA@     100100d4     gl_image.obj
 0003:000000dc       ??_C@_03DLPD@RGB?$AA@      100100dc     gl_image.obj
 0003:000000e0       ??_C@_02GAM@IA?$AA@        100100e0     gl_image.obj
 0003:000000e4       ??_C@_01FLOP@I?$AA@        100100e4     gl_image.obj
 0003:000000e8       ??_C@_04PDBB@?$DP?$DP?$DP?$DP?$AA@ 100100e8     gl_image.obj
 0003:000000f0       _gl_solid_format           100100f0     gl_image.obj
 0003:000000f4       _gl_alpha_format           100100f4     gl_image.obj
 0003:000000f8       _gl_tex_solid_format       100100f8     gl_image.obj
 0003:000000fc       _gl_tex_alpha_format       100100fc     gl_image.obj
 0003:00000100       _gl_filter_min             10010100     gl_image.obj
 0003:00000104       _gl_filter_max             10010104     gl_image.obj
 0003:00000110       _modes                     10010110     gl_image.obj
 0003:00000158       _gl_alpha_modes            10010158     gl_image.obj
 0003:00000188       _gl_solid_modes            10010188     gl_image.obj
 0003:000001b8       ??_C@_0M@BAKM@GL_R3_G3_B2?$AA@ 100101b8     gl_image.obj
 0003:000001c4       ??_C@_07DDCO@GL_RGB4?$AA@  100101c4     gl_image.obj
 0003:000001cc       ??_C@_07JJLJ@GL_RGB5?$AA@  100101cc     gl_image.obj
 0003:000001d4       ??_C@_07MNMK@GL_RGB8?$AA@  100101d4     gl_image.obj
 0003:000001dc       ??_C@_06OCPL@GL_RGB?$AA@   100101dc     gl_image.obj
 0003:000001e4       ??_C@_08DJND@GL_RGBA2?$AA@ 100101e4     gl_image.obj
 0003:000001f0       ??_C@_08MGKB@GL_RGBA4?$AA@ 100101f0     gl_image.obj
 0003:000001fc       ??_C@_0L@BGEN@GL_RGB5_A1?$AA@ 100101fc     gl_image.obj
 0003:00000208       ??_C@_08DIEF@GL_RGBA8?$AA@ 10010208     gl_image.obj
 0003:00000214       ??_C@_07GNLF@GL_RGBA?$AA@  10010214     gl_image.obj
 0003:0000021c       ??_C@_07FMEP@default?$AA@  1001021c     gl_image.obj
 0003:00000224       ??_C@_0BI@KDJA@GL_LINEAR_MIPMAP_LINEAR?$AA@ 10010224     gl_image.obj
 0003:0000023c       ??_C@_0BJ@FEEC@GL_NEAREST_MIPMAP_LINEAR?$AA@ 1001023c     gl_image.obj
 0003:00000258       ??_C@_0BJ@CJFK@GL_LINEAR_MIPMAP_NEAREST?$AA@ 10010258     gl_image.obj
 0003:00000274       ??_C@_0BK@NEKN@GL_NEAREST_MIPMAP_NEAREST?$AA@ 10010274     gl_image.obj
 0003:00000290       ??_C@_09KGLC@GL_LINEAR?$AA@ 10010290     gl_image.obj
 0003:0000029c       ??_C@_0L@FLFP@GL_NEAREST?$AA@ 1001029c     gl_image.obj
 0003:000002a8       ??_C@_0CG@IONK@MTexCoord?5call?5without?5multitext@ 100102a8     gl_image.obj
 0003:000002d0       ??_C@_0BB@KGGC@bad?5filter?5name?6?$AA@ 100102d0     gl_image.obj
 0003:000002e4       ??_C@_0BN@OHAB@bad?5alpha?5texture?5mode?5name?6?$AA@ 100102e4     gl_image.obj
 0003:00000304       ??_C@_0BN@DBG@bad?5solid?5texture?5mode?5name?6?$AA@ 10010304     gl_image.obj
 0003:00000324       ??_C@_0DM@JAA@Total?5?$CFi?5images?5with?5texel?5count@ 10010324     gl_image.obj
 0003:00000360       ??_C@_0BL@JFMM@?$CF?93i?5?$CFs?5?$CF?93i?5?$CF?93i?5?$CF?98s?5?$CFs?6?$AA@ 10010360     gl_image.obj
 0003:0000037c       ??_C@_08JNFO@?$CIscrap?$CJ?5?$AA@ 1001037c     gl_image.obj
 0003:00000388       ??_C@_07ONBG@0x?$CF4X?5?5?$AA@ 10010388     gl_image.obj
 0003:00000390       ??_C@_03LNJI@skn?$AA@      10010390     gl_image.obj
 0003:00000394       ??_C@_03OAO@spr?$AA@       10010394     gl_image.obj
 0003:00000398       ??_C@_03DION@wal?$AA@      10010398     gl_image.obj
 0003:0000039c       ??_C@_03DCIF@pic?$AA@      1001039c     gl_image.obj
 0003:000003a0       ??_C@_03EBAN@sky?$AA@      100103a0     gl_image.obj
 0003:000003a4       ??_C@_03HGLM@tmp?$AA@      100103a4     gl_image.obj
 0003:000003a8       ??_C@_03HLMP@?5?$DP?5?$AA@ 100103a8     gl_image.obj
 0003:000003ac       ??_C@_0CL@IAG@?9?9?9?9t?9?9?9w?9?9?9h?9?9?9fmt?9?9?9?9?9?9name?9?9?9@ 100103ac     gl_image.obj
 0003:000003d8       ??_C@_0CJ@IOFB@Unknown?5number?5of?5texture?5compon@ 100103d8     gl_image.obj
 0003:00000404       ??_C@_0BF@OLFC@GL_Upload32?3?5too?5big?$AA@ 10010404     gl_image.obj
 0003:0000041c       ??_C@_0BG@GJHB@GL_Upload8?3?5too?5large?$AA@ 1001041c     gl_image.obj
 0003:00000434       ??_C@_0BP@NGM@Draw_LoadPic?3?5?$CC?$CFs?$CC?5is?5too?5long?$AA@ 10010434     gl_image.obj
 0003:00000454       ??_C@_0P@MCNK@MAX_GLTEXTURES?$AA@ 10010454     gl_image.obj
 0003:00000464       ??_C@_0BN@FDBO@GL_FindImage?3?5can?8t?5load?5?$CFs?6?$AA@ 10010464     gl_image.obj
 0003:00000484       ??_C@_0CC@DGNL@Unrecognized?5image?5extension?3?5?$CFs@ 10010484     gl_image.obj
 0003:000004a8       ??_C@_0BI@BLMG@Cannot?5load?5texture?5?$CFs?6?$AA@ 100104a8     gl_image.obj
 0003:000004c0       ??_C@_0BI@EEPA@Cannot?5find?5image?5?$CFs?4?$CK?6?$AA@ 100104c0     gl_image.obj
 0003:000004d8       ??_C@_05LCPG@pics?1?$AA@   100104d8     gl_image.obj
 0003:000004e0       ??_C@_04BLEC@?4jpg?$AA@    100104e0     gl_image.obj
 0003:000004e8       ??_C@_04LCGE@?4tga?$AA@    100104e8     gl_image.obj
 0003:000004f0       ??_C@_04GHND@?4wal?$AA@    100104f0     gl_image.obj
 0003:000004f8       ??_C@_04PHML@?4pcx?$AA@    100104f8     gl_image.obj
 0003:00000500       ??_C@_04IDGC@?4?$DP?$DP?$DP?$AA@ 10010500     gl_image.obj
 0003:00000508       ??_C@_0CA@GDHD@Couldn?8t?5load?5pics?1colormap?4pcx?$AA@ 10010508     gl_image.obj
 0003:00000528       ??_C@_0BC@EOBO@pics?1colormap?4pcx?$AA@ 10010528     gl_image.obj
 0003:0000053c       ??_C@_0N@BPDG@r_saturation?$AA@ 1001053c     gl_image.obj
 0003:0000054c       ??_C@_09CNFC@intensity?$AA@ 1001054c     gl_image.obj
 0003:00000558       ??_C@_01FBAH@1?$AA@        10010558     gl_image.obj
 0003:0000055c       ??_C@_0CF@IIHL@Bad?5s_blocklights?5size?3?5?$CFd?5x?5?$CFd?5@ 1001055c     gl_light.obj
 0003:00000584       ??_C@_0CL@IBMO@R_BuildLightMap?5called?5for?5non?9l@ 10010584     gl_light.obj
 0003:00000d48       _r_avertexnormal_dots      10010d48     gl_mesh.obj
 0003:00004d48       _shadedots                 10014d48     gl_mesh.obj
 0003:00004d4c       ??_C@_0CK@MHJA@R_DrawAliasModel?5?$CFs?3?5no?5such?5old@ 10014d4c     gl_mesh.obj
 0003:00004d78       ??_C@_0CH@BMCP@R_DrawAliasModel?5?$CFs?3?5no?5such?5fra@ 10014d78     gl_mesh.obj
 0003:00004da0       ??_C@_0CK@BKAK@R_CullAliasModel?5?$CFs?3?5no?5such?5old@ 10014da0     gl_mesh.obj
 0003:00004dcc       ??_C@_0CH@HHDH@R_CullAliasModel?5?$CFs?3?5no?5such?5fra@ 10014dcc     gl_mesh.obj
 0003:00004e30       ??_C@_0BK@GJON@GL_PointInLeaf?3?5bad?5model?$AA@ 10014e30     gl_model.obj
 0003:00004e4c       ??_C@_0BE@KMED@Total?5resident?3?5?$CFi?6?$AA@ 10014e4c     gl_model.obj
 0003:00004e60       ??_C@_09EHLB@?$CF8i?5?3?5?$CFs?6?$AA@ 10014e60     gl_model.obj
 0003:00004e6c       ??_C@_0BA@GMNB@Loaded?5models?3?6?$AA@ 10014e6c     gl_model.obj
 0003:00004e7c       ??_C@_0CG@HPCL@Mod_NumForName?3?5unknown?5fileid?5f@ 10014e7c     gl_model.obj
 0003:00004ea4       ??_C@_0BN@GEDF@Mod_ModForName?3?5?$CFs?5not?5found?$AA@ 10014ea4     gl_model.obj
 0003:00004ec4       ??_C@_0CG@INFO@Internal?5error?5while?5loading?5BSP@ 10014ec4     gl_model.obj
 0003:00004eec       ??_C@_04EMJN@?4bsp?$AA@    10014eec     gl_model.obj
 0003:00004ef4       ??_C@_0BO@PLCA@mod_numknown?5?$DN?$DN?5MAX_MOD_KNOWN?$AA@ 10014ef4     gl_model.obj
 0003:00004f14       ??_C@_0BI@DAMF@bad?5inline?5model?5number?$AA@ 10014f14     gl_model.obj
 0003:00004f2c       ??_C@_0BH@LKJJ@Mod_ForName?3?5NULL?5name?$AA@ 10014f2c     gl_model.obj
 0003:00004f44       ??_C@_0BC@DJDD@Couldn?8t?5load?5?$CFs?6?$AA@ 10014f44     gl_model.obj
 0003:00004f58       ??_C@_0BA@IDAI@textures?1?$CFs?4wal?$AA@ 10014f58     gl_model.obj
 0003:00004f68       ??_C@_0CD@COFD@MOD_LoadBmodel?3?5bad?5texinfo?5numb@ 10014f68     gl_model.obj
 0003:00004f8c       ??_C@_0CK@NMOI@Mod_ParseMarksurfaces?3?5bad?5surfa@ 10014f8c     gl_model.obj
 0003:00004fb8       ??_C@_0CC@NIFN@Inline?5model?5?$CFi?5has?5bad?5firstnod@ 10014fb8     gl_model.obj
 0003:00004fdc       ??_C@_0CF@GBO@Loaded?5a?5brush?5model?5after?5the?5w@ 10014fdc     gl_model.obj
 0003:00005004       ??_C@_0BH@IMJD@model?5?$CFs?5has?5no?5frames?$AA@ 10015004     gl_model.obj
 0003:0000501c       ??_C@_0BK@EBGJ@model?5?$CFs?5has?5no?5triangles?$AA@ 1001501c     gl_model.obj
 0003:00005038       ??_C@_0BM@MLIA@model?5?$CFs?5has?5no?5st?5vertices?$AA@ 10015038     gl_model.obj
 0003:00005054       ??_C@_0BP@KFMM@model?5?$CFs?5has?5too?5many?5vertices?$AA@ 10015054     gl_model.obj
 0003:00005074       ??_C@_0BJ@BMCG@model?5?$CFs?5has?5no?5vertices?$AA@ 10015074     gl_model.obj
 0003:00005090       ??_C@_0CD@DNIE@model?5?$CFs?5has?5a?5skin?5taller?5than?5@ 10015090     gl_model.obj
 0003:000050b4       ??_C@_0CO@LDOK@?$CFs?5has?5wrong?5version?5number?5?$CI?$CFi?5@ 100150b4     gl_model.obj
 0003:000050e4       ??_C@_0BM@NFLG@Cannot?5find?5frame?5?$CD?$CFd?5?$CI?$CFs?$CJ?6?$AA@ 100150e4     gl_model.obj
 0003:00005100       ??_C@_0CB@KANI@?$CFs?5has?5too?5many?5frames?5?$CI?$CFi?5?$DO?5?$CFi?$CJ@ 10015100     gl_model.obj
 0003:00005124       ??_C@_08DIA@flushmap?$AA@  10015124     gl_model.obj
 0003:00005130       ??_C@_01PLJA@0?$AA@        10015130     gl_model.obj
 0003:00005134       ??_C@_0M@HBDC@maps?1?$CFs?4bsp?$AA@ 10015134     gl_model.obj
 0003:00005490       ??_C@_04NBLP@soft?$AA@     10015490     gl_rmain.obj
 0003:00005498       ??_C@_07LICL@vid_ref?$AA@  10015498     gl_rmain.obj
 0003:000054a0       ??_C@_0L@DBKC@r_contrast?$AA@ 100154a0     gl_rmain.obj
 0003:000054ac       ??_C@_0N@HKPK@r_brightness?$AA@ 100154ac     gl_rmain.obj
 0003:000054bc       ??_C@_07JEME@r_gamma?$AA@  100154bc     gl_rmain.obj
 0003:000054c4       ??_C@_0N@EEGM@r_fullscreen?$AA@ 100154c4     gl_rmain.obj
 0003:000054d4       ??_C@_0BB@KNCM@gl_3dlabs_broken?$AA@ 100154d4     gl_rmain.obj
 0003:000054e8       ??_C@_0BE@BIIO@gl_saturatelighting?$AA@ 100154e8     gl_rmain.obj
 0003:000054fc       ??_C@_0BA@NBPP@gl_swapinterval?$AA@ 100154fc     gl_rmain.obj
 0003:0000550c       ??_C@_07MDNP@GL_BACK?$AA@  1001550c     gl_rmain.obj
 0003:00005514       ??_C@_0O@KCBC@gl_drawbuffer?$AA@ 10015514     gl_rmain.obj
 0003:00005524       ??_C@_0BN@OJDH@gl_ext_compiled_vertex_array?$AA@ 10015524     gl_rmain.obj
 0003:00005544       ??_C@_0BL@OLPN@gl_ext_compressed_textures?$AA@ 10015544     gl_rmain.obj
 0003:00005560       ??_C@_0BE@IOJK@gl_ext_multitexture?$AA@ 10015560     gl_rmain.obj
 0003:00005574       ??_C@_0BB@KLFD@gl_vertex_arrays?$AA@ 10015574     gl_rmain.obj
 0003:00005588       ??_C@_0L@BFHO@gl_winrefl?$AA@ 10015588     gl_rmain.obj
 0003:00005594       ??_C@_04GECI@2300?$AA@     10015594     gl_rmain.obj
 0003:0000559c       ??_C@_07BGII@gl_zmax?$AA@  1001559c     gl_rmain.obj
 0003:000055a4       ??_C@_0L@ECM@gl_lockpvs?$AA@ 100155a4     gl_rmain.obj
 0003:000055b0       ??_C@_0BE@PLJ@gl_texturesolidmode?$AA@ 100155b0     gl_rmain.obj
 0003:000055c4       ??_C@_0BE@OFGJ@gl_texturealphamode?$AA@ 100155c4     gl_rmain.obj
 0003:000055d8       ??_C@_0P@NBDD@gl_texturemode?$AA@ 100155d8     gl_rmain.obj
 0003:000055e8       ??_C@_08MLDJ@opengl32?$AA@ 100155e8     gl_rmain.obj
 0003:000055f4       ??_C@_09MLK@gl_driver?$AA@ 100155f4     gl_rmain.obj
 0003:00005600       ??_C@_0BA@PDAA@gl_monolightmap?$AA@ 10015600     gl_rmain.obj
 0003:00005610       ??_C@_0N@GDME@gl_playermip?$AA@ 10015610     gl_rmain.obj
 0003:00005620       ??_C@_0O@BGPL@gl_flashblend?$AA@ 10015620     gl_rmain.obj
 0003:00005630       ??_C@_0N@GJLC@gl_polyblend?$AA@ 10015630     gl_rmain.obj
 0003:00005640       ??_C@_07HMM@gl_cull?$AA@   10015640     gl_rmain.obj
 0003:00005648       ??_C@_08CLGN@gl_clear?$AA@ 10015648     gl_rmain.obj
 0003:00005654       ??_C@_09IEFK@gl_finish?$AA@ 10015654     gl_rmain.obj
 0003:00005660       ??_C@_09HJPP@gl_ztrick?$AA@ 10015660     gl_rmain.obj
 0003:0000566c       ??_C@_0M@GFIA@gl_showtris?$AA@ 1001566c     gl_rmain.obj
 0003:00005678       ??_C@_09LFJH@gl_skymip?$AA@ 10015678     gl_rmain.obj
 0003:00005684       ??_C@_09HOCI@gl_picmip?$AA@ 10015684     gl_rmain.obj
 0003:00005690       ??_C@_0BD@BNAA@gl_roundImagesDown?$AA@ 10015690     gl_rmain.obj
 0003:000056a4       ??_C@_09DLEF@gl_nobind?$AA@ 100156a4     gl_rmain.obj
 0003:000056b0       ??_C@_0P@MBNP@gl_dlightBacks?$AA@ 100156b0     gl_rmain.obj
 0003:000056c0       ??_C@_0L@KKKG@gl_dynamic?$AA@ 100156c0     gl_rmain.obj
 0003:000056cc       ??_C@_0L@DBCD@gl_shadows?$AA@ 100156cc     gl_rmain.obj
 0003:000056d8       ??_C@_0L@DOIK@r_lightmap?$AA@ 100156d8     gl_rmain.obj
 0003:000056e4       ??_C@_01ECJ@3?$AA@         100156e4     gl_rmain.obj
 0003:000056e8       ??_C@_07KMDJ@gl_mode?$AA@  100156e8     gl_rmain.obj
 0003:000056f0       ??_C@_0M@GPNJ@gl_bitdepth?$AA@ 100156f0     gl_rmain.obj
 0003:000056fc       ??_C@_0L@PDBC@gl_logFile?$AA@ 100156fc     gl_rmain.obj
 0003:00005708       ??_C@_0M@OBKG@gl_modulate?$AA@ 10015708     gl_rmain.obj
 0003:00005714       ??_C@_0BC@HKAH@gl_allow_software?$AA@ 10015714     gl_rmain.obj
 0003:00005728       ??_C@_0O@NIJN@gl_nosubimage?$AA@ 10015728     gl_rmain.obj
 0003:00005738       ??_C@_0BA@BLLL@r_ignorehwgamma?$AA@ 10015738     gl_rmain.obj
 0003:00005748       ??_C@_08MNKK@r_speeds?$AA@ 10015748     gl_rmain.obj
 0003:00005754       ??_C@_0N@IKOP@r_lerpmodels?$AA@ 10015754     gl_rmain.obj
 0003:00005764       ??_C@_08HJPD@r_nocull?$AA@ 10015764     gl_rmain.obj
 0003:00005770       ??_C@_07CBKH@r_novis?$AA@  10015770     gl_rmain.obj
 0003:00005778       ??_C@_0M@GFDO@r_drawworld?$AA@ 10015778     gl_rmain.obj
 0003:00005784       ??_C@_0P@LECL@r_drawentities?$AA@ 10015784     gl_rmain.obj
 0003:00005794       ??_C@_0N@MMGG@r_fullbright?$AA@ 10015794     gl_rmain.obj
 0003:000057a4       ??_C@_0M@BNM@r_norefresh?$AA@ 100157a4     gl_rmain.obj
 0003:000057b0       ??_C@_04KBBO@hand?$AA@     100157b0     gl_rmain.obj
 0003:000057b8       ??_C@_0O@OAGB@Bad?5modeltype?$AA@ 100157b8     gl_rmain.obj
 0003:000057c8       ??_C@_0CJ@KPOM@?$CF4i?5visleafs?5?$CF4i?5frustleafs?5of?5?$CF@ 100157c8     gl_rmain.obj
 0003:000057f4       ??_C@_0CE@MNBE@?$CF4i?5wpoly?5?$CF4i?5epoly?5?$CFi?5tex?5?$CFi?5lm@ 100157f4     gl_rmain.obj
 0003:00005818       ??_C@_0BO@BODI@R_RenderView?3?5NULL?5worldmodel?$AA@ 10015818     gl_rmain.obj
 0003:00005838       ??_C@_0L@NAKP@gl_strings?$AA@ 10015838     gl_rmain.obj
 0003:00005844       ??_C@_09HFGF@modellist?$AA@ 10015844     gl_rmain.obj
 0003:00005850       ??_C@_09PCJE@imagelist?$AA@ 10015850     gl_rmain.obj
 0003:0000585c       ??_C@_0DF@EHEG@ref_gl?3?3R_SetMode?$CI?$CJ?5?9?5could?5not?5@ 1001585c     gl_rmain.obj
 0003:00005894       ??_C@_0CE@HIMO@ref_gl?3?3R_SetMode?$CI?$CJ?5?9?5invalid?5mo@ 10015894     gl_rmain.obj
 0003:000058b8       ??_C@_0DL@BJEC@ref_gl?3?3R_SetMode?$CI?$CJ?5?9?5fullscreen@ 100158b8     gl_rmain.obj
 0003:000058f4       ??_C@_0BB@HHFL@?4?4?4allowing?5CDS?6?$AA@ 100158f4     gl_rmain.obj
 0003:00005908       ??_C@_0BF@LPBA@glGetError?$CI?$CJ?5?$DN?50x?$CFx?6?$AA@ 10015908     gl_rmain.obj
 0003:00005920       ??_C@_0BC@KNNB@?4?4?4disabling?5CDS?6?$AA@ 10015920     gl_rmain.obj
 0003:00005934       ??_C@_0M@CGPG@scr_drawall?$AA@ 10015934     gl_rmain.obj
 0003:00005940       ??_C@_0BO@LPNL@?4?4?4using?5gl_monolightmap?5?8a?8?6?$AA@ 10015940     gl_rmain.obj
 0003:00005960       ??_C@_01PFH@A?$AA@         10015960     gl_rmain.obj
 0003:00005964       ??_C@_06IKAA@verite?$AA@   10015964     gl_rmain.obj
 0003:0000596c       ??_C@_04JEBG@pcx2?$AA@     1001596c     gl_rmain.obj
 0003:00005974       ??_C@_03FFEM@gdi?$AA@      10015974     gl_rmain.obj
 0003:00005978       ??_C@_06GPFG@glzicd?$AA@   10015978     gl_rmain.obj
 0003:00005980       ??_C@_05GAJH@glint?$AA@    10015980     gl_rmain.obj
 0003:00005988       ??_C@_08KOOM@permedia?$AA@ 10015988     gl_rmain.obj
 0003:00005994       ??_C@_03HID@sgi?$AA@       10015994     gl_rmain.obj
 0003:00005998       ??_C@_04JACC@rush?$AA@     10015998     gl_rmain.obj
 0003:000059a0       ??_C@_06GLKG@voodoo?$AA@   100159a0     gl_rmain.obj
 0003:000059a8       ??_C@_0BA@PCBE@GL_VERSION?3?5?$CFs?6?$AA@ 100159a8     gl_rmain.obj
 0003:000059b8       ??_C@_0BB@KKEK@GL_RENDERER?3?5?$CFs?6?$AA@ 100159b8     gl_rmain.obj
 0003:000059cc       ??_C@_0P@KDAA@GL_VENDOR?3?5?$CFs?6?$AA@ 100159cc     gl_rmain.obj
 0003:000059dc       ??_C@_0CK@LCCO@ref_gl?3?3R_Init?$CI?$CJ?5?9?5could?5not?5R_S@ 100159dc     gl_rmain.obj
 0003:00005a08       ??_C@_0CI@LCAE@ref_gl?3?3R_Init?$CI?$CJ?5?9?5could?5not?5loa@ 10015a08     gl_rmain.obj
 0003:00005a30       ??_C@_0BJ@ECO@ref_gl?5version?3?5GL?50?401?6?$AA@ 10015a30     gl_rmain.obj
 0003:00005a4c       ??_C@_08IIC@GL_FRONT?$AA@  10015a4c     gl_rmain.obj
 0003:00005a58       ??_C@_0N@KBMB@SST_GAMMA?$DN?$CFf?$AA@ 10015a58     gl_rmain.obj
 0003:00005a68       ??_C@_0P@IHBO@SSTV2_GAMMA?$DN?$CFf?$AA@ 10015a68     gl_rmain.obj
 0003:00005a78       ??_C@_0CP@DFHB@?6?9?9?9?9?9?9?9?9?9?9?5Begin?5Frame?5?$CIold?5ref@ 10015a78     gl_rmain.obj
 0003:00005aa8       ??_C@_0BA@CPDK@gl_console_only?$AA@ 10015aa8     gl_rmain.obj
 0003:00005ab8       ??_C@_0BI@MLJK@binds?3?5?$CF2d?5uploads?3?5?$CF2d?$AA@ 10015ab8     gl_rmain.obj
 0003:00005ad0       ??_C@_0CC@FJIA@bef?3?5?$CF2d?5fe?3?5?$CF2d?5bk?3?5?$CF2d?5aft?3?5?$CF2@ 10015ad0     gl_rmain.obj
 0003:00005af4       _dottexture                10015af4     gl_rmisc.obj
 0003:00005b34       ??_C@_0BC@LOCA@?$CK?$CK?$CKr_notexture?$CK?$CK?$CK?$AA@ 10015b34     gl_rmisc.obj
 0003:00005b48       ??_C@_0P@KKPF@?$CK?$CK?$CKparticle?$CK?$CK?$CK?$AA@ 10015b48     gl_rmisc.obj
 0003:00005b58       ??_C@_09PAG@Wrote?5?$CFs?6?$AA@ 10015b58     gl_rmisc.obj
 0003:00005b64       ??_C@_02JKAF@rb?$AA@       10015b64     gl_rmisc.obj
 0003:00005b68       ??_C@_0BL@NLIA@?$CFs?1screenshots?1quake?$CF04d?$CFs?$AA@ 10015b68     gl_rmisc.obj
 0003:00005b84       ??_C@_0BD@PFIA@GL_EXTENSIONS?3?5?$CFs?6?$AA@ 10015b84     gl_rmisc.obj
 0003:00005b98       ??_C@_0BG@LALE@?$CK?$CK?$CK?5DrawGLPoly?$CI?$CJ?5?$CK?$CK?$CK?6?$AA@ 10015b98     gl_rsurf.obj
 0003:00005bb0       ??_C@_0BL@BNDJ@?$CK?$CK?$CK?5DrawGLPolyChain?$CI?$CJ?5?$CK?$CK?$CK?6?$AA@ 10015bb0     gl_rsurf.obj
 0003:00005bcc       ??_C@_0DM@MGEH@Consecutive?5calls?5to?5LM_AllocBlo@ 10015bcc     gl_rsurf.obj
 0003:00005c08       ??_C@_0BM@CMED@?$CK?$CK?$CK?5R_BlendLightmaps?$CI?$CJ?5?$CK?$CK?$CK?6?$AA@ 10015c08     gl_rsurf.obj
 0003:00005c24       ??_C@_0CB@FKIE@?$CK?$CK?$CK?$CK?5R_DrawAlphaSurfaces?$CI?$CJ?5?$CK?$CK?$CK?$CK?6@ 10015c24     gl_rsurf.obj
 0003:00005c48       ??_C@_0CL@JCJM@LM_UploadBlock?$CI?$CJ?5?9?5MAX_LIGHTMAPS@ 10015c48     gl_rsurf.obj
 0003:00005c74       ??_C@_0DC@IEOP@Consecutive?5calls?5to?5LM_AllocBlo@ 10015c74     gl_rsurf.obj
 0003:00005ca8       _gl_next_left_y            10015ca8     gl_textout.obj
 0003:00005cac       _gl_next_right_y           10015cac     gl_textout.obj
 0003:00005cb0       _skyclip                   10015cb0     gl_warp.obj
 0003:00005cf8       _st_to_vec                 10015cf8     gl_warp.obj
 0003:00005d40       _vec_to_st                 10015d40     gl_warp.obj
 0003:00005d88       _skytexorder               10015d88     gl_warp.obj
 0003:00005da0       _suf                       10015da0     gl_warp.obj
 0003:00005db8       ??_C@_02HJLH@dn?$AA@       10015db8     gl_warp.obj
 0003:00005dbc       ??_C@_02HAO@up?$AA@        10015dbc     gl_warp.obj
 0003:00005dc0       ??_C@_02PMAE@ft?$AA@       10015dc0     gl_warp.obj
 0003:00005dc4       ??_C@_02JIFL@lf?$AA@       10015dc4     gl_warp.obj
 0003:00005dc8       ??_C@_02OID@bk?$AA@        10015dc8     gl_warp.obj
 0003:00005dcc       ??_C@_02MMAH@rt?$AA@       10015dcc     gl_warp.obj
 0003:00005dd0       ??_C@_0O@EIDL@numverts?5?$DN?5?$CFi?$AA@ 10015dd0     gl_warp.obj
 0003:00005de0       ??_C@_0BP@NDMM@ClipSkyPolygon?3?5MAX_CLIP_VERTS?$AA@ 10015de0     gl_warp.obj
 0003:00005e00       ??_C@_0BA@HCLD@fx?1specular?4?$DP?$DP?$DP?$AA@ 10015e00     gl_warp.obj
 0003:00005e10       ??_C@_0N@OLHP@env?1?$CFs?$CFs?4pcx?$AA@ 10015e10     gl_warp.obj
 0003:00005e20       ??_C@_0CF@DGAI@GLimp_CreateWindow?3?5InitGL?$CI?$CJ?5fai@ 10015e20     glw_imp.obj
 0003:00005e48       ??_C@_04LDCD@?5ok?6?$AA@   10015e48     glw_imp.obj
 0003:00005e50       ??_C@_0BK@GIGP@?4?4?4setting?5windowed?5mode?6?$AA@ 10015e50     glw_imp.obj
 0003:00005e6c       ??_C@_08MIMI@?5failed?6?$AA@ 10015e6c     glw_imp.obj
 0003:00005e78       ??_C@_0CH@FLII@?4?4?4calling?5CDS?5assuming?5dual?5mon@ 10015e78     glw_imp.obj
 0003:00005ea0       ??_C@_07MNBK@failed?6?$AA@ 10015ea0     glw_imp.obj
 0003:00005ea8       ??_C@_03BJGB@ok?6?$AA@     10015ea8     glw_imp.obj
 0003:00005eac       ??_C@_0BB@GOGC@?4?4?4calling?5CDS?3?5?$AA@ 10015eac     glw_imp.obj
 0003:00005ec0       ??_C@_0CG@DLHK@?4?4?4using?5desktop?5display?5depth?5o@ 10015ec0     glw_imp.obj
 0003:00005ee8       ??_C@_0BJ@HJFI@?4?4?4using?5bitdepth?5of?5?$CFd?6?$AA@ 10015ee8     glw_imp.obj
 0003:00005f04       ??_C@_0BK@NIFM@?4?4?4attempting?5fullscreen?6?$AA@ 10015f04     glw_imp.obj
 0003:00005f20       ??_C@_0L@KBPO@?5?$CFd?5?$CFd?5?$CFs?6?$AA@ 10015f20     glw_imp.obj
 0003:00005f2c       ??_C@_01FJFF@W?$AA@        10015f2c     glw_imp.obj
 0003:00005f30       ??_C@_02COFD@FS?$AA@       10015f30     glw_imp.obj
 0003:00005f34       ??_C@_0P@MBPJ@?5invalid?5mode?6?$AA@ 10015f34     glw_imp.obj
 0003:00005f44       ??_C@_0BE@GOGB@?4?4?4setting?5mode?5?$CFd?3?$AA@ 10015f44     glw_imp.obj
 0003:00005f58       ??_C@_0BN@OHDF@Initializing?5OpenGL?5display?6?$AA@ 10015f58     glw_imp.obj
 0003:00005f78       ??_C@_0BF@MKFF@?4?4?4ReleaseDC?5failed?6?$AA@ 10015f78     glw_imp.obj
 0003:00005f90       ??_C@_0BM@LJMG@?4?4?4wglDeleteContext?5failed?6?$AA@ 10015f90     glw_imp.obj
 0003:00005fac       ??_C@_0BK@DPJF@?4?4?4wglMakeCurrent?5failed?6?$AA@ 10015fac     glw_imp.obj
 0003:00005fc8       ??_C@_0BI@DDJC@?4?4?4performing?5shutdown?6?$AA@ 10015fc8     glw_imp.obj
 0003:00005fe0       ??_C@_0CD@BAPN@GLimp_Init?$CI?$CJ?3?5GetVersionEx?5faile@ 10015fe0     glw_imp.obj
 0003:00006004       ??_C@_0L@PAH@GAMMA?3?5?$CFs?6?$AA@ 10016004     glw_imp.obj
 0003:00006010       ??_C@_08LLFG@software?$AA@ 10016010     glw_imp.obj
 0003:0000601c       ??_C@_08DNLP@hardware?$AA@ 1001601c     glw_imp.obj
 0003:00006028       ??_C@_0BD@PLGO@?4?4?4GetDC?$CI?$CJ?5failed?6?$AA@ 10016028     glw_imp.obj
 0003:0000603c       ??_C@_0BH@DCFE@?4?4?4non?9NULL?5DC?5exists?6?$AA@ 1001603c     glw_imp.obj
 0003:00006054       ??_C@_0CC@HECM@GL?5PFD?3?5color?$CI?$CFd?9bits?$CJ?5Z?$CI?$CFd?9bit?$CJ@ 10016054     glw_imp.obj
 0003:00006078       ??_C@_0CG@KCEF@?4?4?4no?5hardware?5acceleration?5dete@ 10016078     glw_imp.obj
 0003:000060a0       ??_C@_0BL@IPKI@?4?4?4qwglMakeCurrent?5failed?6?$AA@ 100160a0     glw_imp.obj
 0003:000060bc       ??_C@_0BN@NNMM@?4?4?4qwglCreateContext?5failed?6?$AA@ 100160bc     glw_imp.obj
 0003:000060dc       ??_C@_0CG@FAPB@GLimp_Init?$CI?$CJ?5?9?5SetPixelFormat?5fa@ 100160dc     glw_imp.obj
 0003:00006104       ??_C@_0CJ@JNOB@GLimp_Init?$CI?$CJ?5?9?5ChoosePixelFormat@ 10016104     glw_imp.obj
 0003:00006130       ??_C@_0CK@DGCM@GLimp_Init?$CI?$CJ?5?9?5qwglSetPixelForma@ 10016130     glw_imp.obj
 0003:0000615c       ??_C@_0CN@INPE@GLimp_Init?$CI?$CJ?5?9?5qwglChoosePixelFo@ 1001615c     glw_imp.obj
 0003:0000618c       ??_C@_0M@OLMH@gdi?5generic?$AA@ 1001618c     glw_imp.obj
 0003:00006198       ??_C@_0DA@ELCL@gl_bitdepth?5requires?5Win95?5OSR2?4@ 10016198     glw_imp.obj
 0003:000061c8       ??_C@_0BE@KPKB@GLimp_BeginFrame?$CI?$CJ?6?$AA@ 100161c8     glw_imp.obj
 0003:000061dc       ??_C@_0CK@PHLH@GLimp_EndFrame?$CI?$CJ?5?9?5SwapBuffers?$CI?$CJ@ 100161dc     glw_imp.obj
 0003:00006208       ??_C@_0P@BDAP@SwapBuffers?$CI?$CJ?6?$AA@ 10016208     glw_imp.obj
 0003:00006218       ??_C@_0BC@BACP@GLimp_EndFrame?$CI?$CJ?6?$AA@ 10016218     glw_imp.obj
 0003:0000622c       ??_C@_0DA@DOBA@Com_sprintf?3?5overflow?5?$CFd?5?$DO?5?$CFd?5?$CIc@ 1001622c     q_shared2.obj
 0003:00006500       ??_C@_0BF@NADO@WGL_EXT_swap_control?$AA@ 10016500     qgl_win.obj
 0003:00006518       ??_C@_0BN@MLLO@GL_EXT_compiled_vertex_array?$AA@ 10016518     qgl_win.obj
 0003:00006538       ??_C@_0BE@EHGK@GL_ARB_multitexture?$AA@ 10016538     qgl_win.obj
 0003:0000654c       ??_C@_0BF@IIHM@GL_SGIS_multitexture?$AA@ 1001654c     qgl_win.obj
 0003:00006564       ??_C@_0BD@LGGF@wglSwapIntervalEXT?$AA@ 10016564     qgl_win.obj
 0003:00006578       ??_C@_0BC@MMDJ@glUnlockArraysEXT?$AA@ 10016578     qgl_win.obj
 0003:0000658c       ??_C@_0BA@NLCH@glLockArraysEXT?$AA@ 1001658c     qgl_win.obj
 0003:0000659c       ??_C@_0BF@HBBL@glMultiTexCoord2fARB?$AA@ 1001659c     qgl_win.obj
 0003:000065b4       ??_C@_0BD@IJD@glActiveTextureARB?$AA@ 100165b4     qgl_win.obj
 0003:000065c8       ??_C@_0BG@OAHA@glMultiTexCoord2fSGIS?$AA@ 100165c8     qgl_win.obj
 0003:000065e0       ??_C@_0BE@LEFG@glSelectTextureSGIS?$AA@ 100165e0     qgl_win.obj
 0003:000065f4       ??_C@_0P@NFHG@wglMakeCurrent?$AA@ 100165f4     qgl_win.obj
 0003:00006604       ??_C@_0BC@HKHL@wglGetProcAddress?$AA@ 10016604     qgl_win.obj
 0003:00006618       ??_C@_0BB@IOBP@wglDeleteContext?$AA@ 10016618     qgl_win.obj
 0003:0000662c       ??_C@_0BB@GGNL@wglCreateContext?$AA@ 1001662c     qgl_win.obj
 0003:00006640       ??_C@_0P@EKFP@wglSwapBuffers?$AA@ 10016640     qgl_win.obj
 0003:00006650       ??_C@_0BC@PJLC@wglSetPixelFormat?$AA@ 10016650     qgl_win.obj
 0003:00006664       ??_C@_0BH@IJMD@wglDescribePixelFormat?$AA@ 10016664     qgl_win.obj
 0003:0000667c       ??_C@_0BF@HPKH@wglChoosePixelFormat?$AA@ 1001667c     qgl_win.obj
 0003:00006694       ??_C@_0L@INIC@glViewport?$AA@ 10016694     qgl_win.obj
 0003:000066a0       ??_C@_0BA@OGPO@glVertexPointer?$AA@ 100166a0     qgl_win.obj
 0003:000066b0       ??_C@_0M@PAAJ@glVertex3fv?$AA@ 100166b0     qgl_win.obj
 0003:000066bc       ??_C@_0L@CLBF@glVertex3f?$AA@ 100166bc     qgl_win.obj
 0003:000066c8       ??_C@_0L@DNLP@glVertex2f?$AA@ 100166c8     qgl_win.obj
 0003:000066d4       ??_C@_0N@NKAJ@glTranslatef?$AA@ 100166d4     qgl_win.obj
 0003:000066e4       ??_C@_0BA@KFAN@glTexSubImage2D?$AA@ 100166e4     qgl_win.obj
 0003:000066f4       ??_C@_0BA@CLDA@glTexParameterf?$AA@ 100166f4     qgl_win.obj
 0003:00006704       ??_C@_0N@IAMC@glTexImage2D?$AA@ 10016704     qgl_win.obj
 0003:00006714       ??_C@_09CIAL@glTexEnvi?$AA@ 10016714     qgl_win.obj
 0003:00006720       ??_C@_0L@IHAL@glTexEnvfv?$AA@ 10016720     qgl_win.obj
 0003:0000672c       ??_C@_09CJFG@glTexEnvf?$AA@ 1001672c     qgl_win.obj
 0003:00006738       ??_C@_0BC@EKAK@glTexCoordPointer?$AA@ 10016738     qgl_win.obj
 0003:0000674c       ??_C@_0N@PDBC@glTexCoord2f?$AA@ 1001674c     qgl_win.obj
 0003:0000675c       ??_C@_0N@LIFO@glShadeModel?$AA@ 1001675c     qgl_win.obj
 0003:0000676c       ??_C@_09HOGJ@glScissor?$AA@ 1001676c     qgl_win.obj
 0003:00006778       ??_C@_08NBED@glScalef?$AA@ 10016778     qgl_win.obj
 0003:00006784       ??_C@_09LCHL@glRotatef?$AA@ 10016784     qgl_win.obj
 0003:00006790       ??_C@_0N@LBPG@glReadPixels?$AA@ 10016790     qgl_win.obj
 0003:000067a0       ??_C@_0N@KEGE@glPushMatrix?$AA@ 100167a0     qgl_win.obj
 0003:000067b0       ??_C@_0M@LACG@glPopMatrix?$AA@ 100167b0     qgl_win.obj
 0003:000067bc       ??_C@_0O@FGKK@glPolygonMode?$AA@ 100167bc     qgl_win.obj
 0003:000067cc       ??_C@_07ICOP@glOrtho?$AA@  100167cc     qgl_win.obj
 0003:000067d4       ??_C@_0N@JNJF@glMatrixMode?$AA@ 100167d4     qgl_win.obj
 0003:000067e4       ??_C@_0O@KDCF@glLoadMatrixf?$AA@ 100167e4     qgl_win.obj
 0003:000067f4       ??_C@_0P@MLMG@glLoadIdentity?$AA@ 100167f4     qgl_win.obj
 0003:00006804       ??_C@_0M@EJHF@glGetString?$AA@ 10016804     qgl_win.obj
 0003:00006810       ??_C@_0O@PMHI@glGetIntegerv?$AA@ 10016810     qgl_win.obj
 0003:00006820       ??_C@_0M@HNHJ@glGetFloatv?$AA@ 10016820     qgl_win.obj
 0003:0000682c       ??_C@_0L@INBB@glGetError?$AA@ 1001682c     qgl_win.obj
 0003:00006838       ??_C@_09KLFM@glFrustum?$AA@ 10016838     qgl_win.obj
 0003:00006844       ??_C@_07KOOO@glFogfv?$AA@  10016844     qgl_win.obj
 0003:0000684c       ??_C@_06MMBO@glFogf?$AA@   1001684c     qgl_win.obj
 0003:00006854       ??_C@_08HFPP@glFinish?$AA@ 10016854     qgl_win.obj
 0003:00006860       ??_C@_05FDNN@glEnd?$AA@    10016860     qgl_win.obj
 0003:00006868       ??_C@_0BE@JJFB@glEnableClientState?$AA@ 10016868     qgl_win.obj
 0003:0000687c       ??_C@_08PHJO@glEnable?$AA@ 1001687c     qgl_win.obj
 0003:00006888       ??_C@_0N@DBGG@glDrawBuffer?$AA@ 10016888     qgl_win.obj
 0003:00006898       ??_C@_09DADM@glDisable?$AA@ 10016898     qgl_win.obj
 0003:000068a4       ??_C@_0N@OLL@glDepthRange?$AA@ 100168a4     qgl_win.obj
 0003:000068b4       ??_C@_0M@LIJE@glDepthMask?$AA@ 100168b4     qgl_win.obj
 0003:000068c0       ??_C@_0M@FDIH@glDepthFunc?$AA@ 100168c0     qgl_win.obj
 0003:000068cc       ??_C@_0BB@OKAI@glDeleteTextures?$AA@ 100168cc     qgl_win.obj
 0003:000068e0       ??_C@_0L@LIEG@glCullFace?$AA@ 100168e0     qgl_win.obj
 0003:000068ec       ??_C@_0P@PPM@glColorPointer?$AA@ 100168ec     qgl_win.obj
 0003:000068fc       ??_C@_0M@EHCG@glColor4ubv?$AA@ 100168fc     qgl_win.obj
 0003:00006908       ??_C@_0L@EOB@glColor4ub?$AA@ 10016908     qgl_win.obj
 0003:00006914       ??_C@_0L@FGJL@glColor4fv?$AA@ 10016914     qgl_win.obj
 0003:00006920       ??_C@_09LJGG@glColor4f?$AA@ 10016920     qgl_win.obj
 0003:0000692c       ??_C@_0L@OIPK@glColor3fv?$AA@ 1001692c     qgl_win.obj
 0003:00006938       ??_C@_09NIDD@glColor3f?$AA@ 10016938     qgl_win.obj
 0003:00006944       ??_C@_0N@DFBF@glClearDepth?$AA@ 10016944     qgl_win.obj
 0003:00006954       ??_C@_0N@IALK@glClearColor?$AA@ 10016954     qgl_win.obj
 0003:00006964       ??_C@_07IOIM@glClear?$AA@  10016964     qgl_win.obj
 0003:0000696c       ??_C@_0M@PHAI@glBlendFunc?$AA@ 1001696c     qgl_win.obj
 0003:00006978       ??_C@_0O@NAMD@glBindTexture?$AA@ 10016978     qgl_win.obj
 0003:00006988       ??_C@_07GHIG@glBegin?$AA@  10016988     qgl_win.obj
 0003:00006990       ??_C@_0P@ODMD@glArrayElement?$AA@ 10016990     qgl_win.obj
 0003:000069a0       ??_C@_0M@JBDJ@glAlphaFunc?$AA@ 100169a0     qgl_win.obj
 0003:000069ac       ??_C@_0BA@CLML@?$CFs?5?$CIGL_?$CFs?0?5?$CFg?$CJ?6?$AA@ 100169ac     qgl_win.obj
 0003:000069bc       ??_C@_0BG@DAAF@MAX_TEXTURE_UNITS_ARB?$AA@ 100169bc     qgl_win.obj
 0003:000069d4       ??_C@_0BD@GMGA@COMPRESSED_RGB_ARB?$AA@ 100169d4     qgl_win.obj
 0003:000069e8       ??_C@_0BE@IH@COMPRESSED_RGBA_ARB?$AA@ 100169e8     qgl_win.obj
 0003:000069fc       ??_C@_03NMFM@?$DP?$DP?$DP?$AA@ 100169fc     qgl_win.obj
 0003:00006a00       ??_C@_0BK@MMII@CLIENT_ACTIVE_TEXTURE_ARB?$AA@ 10016a00     qgl_win.obj
 0003:00006a1c       ??_C@_0N@NLFP@TEXTURE1_ARB?$AA@ 10016a1c     qgl_win.obj
 0003:00006a2c       ??_C@_0N@DLDA@TEXTURE2_ARB?$AA@ 10016a2c     qgl_win.obj
 0003:00006a3c       ??_C@_0N@JLBF@TEXTURE3_ARB?$AA@ 10016a3c     qgl_win.obj
 0003:00006a4c       ??_C@_0BD@KCJL@ACTIVE_TEXTURE_ARB?$AA@ 10016a4c     qgl_win.obj
 0003:00006a60       ??_C@_0N@HLHK@TEXTURE0_ARB?$AA@ 10016a60     qgl_win.obj
 0003:00006a70       ??_C@_0BC@OBEG@MAX_TEXTURES_SGIS?$AA@ 10016a70     qgl_win.obj
 0003:00006a84       ??_C@_0O@LKHK@TEXTURE0_SGIS?$AA@ 10016a84     qgl_win.obj
 0003:00006a94       ??_C@_0O@CPNK@TEXTURE1_SGIS?$AA@ 10016a94     qgl_win.obj
 0003:00006aa4       ??_C@_09NAGI@RGB4_S3TC?$AA@ 10016aa4     qgl_win.obj
 0003:00006ab0       ??_C@_0BE@JCFC@TEXTURE_COORD_ARRAY?$AA@ 10016ab0     qgl_win.obj
 0003:00006ac4       ??_C@_07PAAL@RGB5_A1?$AA@  10016ac4     qgl_win.obj
 0003:00006acc       ??_C@_05NHNA@RGBA8?$AA@    10016acc     qgl_win.obj
 0003:00006ad4       ??_C@_0N@HGH@VERTEX_ARRAY?$AA@ 10016ad4     qgl_win.obj
 0003:00006ae4       ??_C@_0M@EMKC@COLOR_ARRAY?$AA@ 10016ae4     qgl_win.obj
 0003:00006af0       ??_C@_05CJDE@RGBA4?$AA@    10016af0     qgl_win.obj
 0003:00006af8       ??_C@_05IKJL@CLAMP?$AA@    10016af8     qgl_win.obj
 0003:00006b00       ??_C@_06LEAO@REPEAT?$AA@   10016b00     qgl_win.obj
 0003:00006b08       ??_C@_04MGA@RGB5?$AA@      10016b08     qgl_win.obj
 0003:00006b10       ??_C@_04FIBD@RGB8?$AA@     10016b10     qgl_win.obj
 0003:00006b18       ??_C@_0P@FPDA@TEXTURE_WRAP_T?$AA@ 10016b18     qgl_win.obj
 0003:00006b28       ??_C@_0BF@IDPG@LINEAR_MIPMAP_LINEAR?$AA@ 10016b28     qgl_win.obj
 0003:00006b40       ??_C@_0BD@GPCO@TEXTURE_MAG_FILTER?$AA@ 10016b40     qgl_win.obj
 0003:00006b54       ??_C@_0BD@HEDF@TEXTURE_MIN_FILTER?$AA@ 10016b54     qgl_win.obj
 0003:00006b68       ??_C@_0P@KNF@TEXTURE_WRAP_S?$AA@ 10016b68     qgl_win.obj
 0003:00006b78       ??_C@_0BG@KLGC@NEAREST_MIPMAP_LINEAR?$AA@ 10016b78     qgl_win.obj
 0003:00006b90       ??_C@_07LNBJ@NEAREST?$AA@  10016b90     qgl_win.obj
 0003:00006b98       ??_C@_06OAFN@LINEAR?$AA@   10016b98     qgl_win.obj
 0003:00006ba0       ??_C@_0BH@PDFC@NEAREST_MIPMAP_NEAREST?$AA@ 10016ba0     qgl_win.obj
 0003:00006bb8       ??_C@_0BG@NGHK@LINEAR_MIPMAP_NEAREST?$AA@ 10016bb8     qgl_win.obj
 0003:00006bd0       ??_C@_0M@NBKK@TEXTURE_ENV?$AA@ 10016bd0     qgl_win.obj
 0003:00006bdc       ??_C@_08CMBM@MODULATE?$AA@ 10016bdc     qgl_win.obj
 0003:00006be8       ??_C@_05PJOE@DECAL?$AA@    10016be8     qgl_win.obj
 0003:00006bf0       ??_C@_0BB@NLLP@TEXTURE_ENV_MODE?$AA@ 10016bf0     qgl_win.obj
 0003:00006c04       ??_C@_0BC@DLAE@TEXTURE_ENV_COLOR?$AA@ 10016c04     qgl_win.obj
 0003:00006c18       ??_C@_07LJIB@REPLACE?$AA@  10016c18     qgl_win.obj
 0003:00006c20       ??_C@_0L@OBAA@PROJECTION?$AA@ 10016c20     qgl_win.obj
 0003:00006c2c       ??_C@_07DFFE@TEXTURE?$AA@  10016c2c     qgl_win.obj
 0003:00006c34       ??_C@_04GBFB@LINE?$AA@     10016c34     qgl_win.obj
 0003:00006c3c       ??_C@_04NCBP@FILL?$AA@     10016c3c     qgl_win.obj
 0003:00006c44       ??_C@_09ODHH@MODELVIEW?$AA@ 10016c44     qgl_win.obj
 0003:00006c50       ??_C@_03IJOL@INT?$AA@      10016c50     qgl_win.obj
 0003:00006c54       ??_C@_0N@JHEK@UNSIGNED_INT?$AA@ 10016c54     qgl_win.obj
 0003:00006c64       ??_C@_05JDEL@FLOAT?$AA@    10016c64     qgl_win.obj
 0003:00006c6c       ??_C@_06CGGE@DOUBLE?$AA@   10016c6c     qgl_win.obj
 0003:00006c74       ??_C@_0P@CEOH@UNSIGNED_SHORT?$AA@ 10016c74     qgl_win.obj
 0003:00006c84       ??_C@_0L@BNFJ@TEXTURE_2D?$AA@ 10016c84     qgl_win.obj
 0003:00006c90       ??_C@_04EHOP@BYTE?$AA@     10016c90     qgl_win.obj
 0003:00006c98       ??_C@_0O@BAPB@UNSIGNED_BYTE?$AA@ 10016c98     qgl_win.obj
 0003:00006ca8       ??_C@_05HFLA@SHORT?$AA@    10016ca8     qgl_win.obj
 0003:00006cb0       ??_C@_05FKDH@BLEND?$AA@    10016cb0     qgl_win.obj
 0003:00006cb8       ??_C@_09MPEF@CULL_FACE?$AA@ 10016cb8     qgl_win.obj
 0003:00006cc4       ??_C@_03OHFM@FOG?$AA@      10016cc4     qgl_win.obj
 0003:00006cc8       ??_C@_0L@BABM@DEPTH_TEST?$AA@ 10016cc8     qgl_win.obj
 0003:00006cd4       ??_C@_0L@GPNO@ALPHA_TEST?$AA@ 10016cd4     qgl_win.obj
 0003:00006ce0       ??_C@_0P@JON@FRONT_AND_BACK?$AA@ 10016ce0     qgl_win.obj
 0003:00006cf0       ??_C@_0BE@LFCA@ONE_MINUS_DST_COLOR?$AA@ 10016cf0     qgl_win.obj
 0003:00006d04       ??_C@_0BD@KGEA@SRC_ALPHA_SATURATE?$AA@ 10016d04     qgl_win.obj
 0003:00006d18       ??_C@_05OHBH@FRONT?$AA@    10016d18     qgl_win.obj
 0003:00006d20       ??_C@_04FGAG@BACK?$AA@     10016d20     qgl_win.obj
 0003:00006d28       ??_C@_09FMPF@DST_COLOR?$AA@ 10016d28     qgl_win.obj
 0003:00006d34       ??_C@_09LOLG@SRC_ALPHA?$AA@ 10016d34     qgl_win.obj
 0003:00006d40       ??_C@_0BE@FHGD@ONE_MINUS_SRC_ALPHA?$AA@ 10016d40     qgl_win.obj
 0003:00006d54       ??_C@_09LNFA@DST_ALPHA?$AA@ 10016d54     qgl_win.obj
 0003:00006d60       ??_C@_0BE@FEIF@ONE_MINUS_DST_ALPHA?$AA@ 10016d60     qgl_win.obj
 0003:00006d74       ??_C@_0BE@LGMG@ONE_MINUS_SRC_COLOR?$AA@ 10016d74     qgl_win.obj
 0003:00006d88       ??_C@_08NCCF@NOTEQUAL?$AA@ 10016d88     qgl_win.obj
 0003:00006d94       ??_C@_06NENM@GEQUAL?$AA@   10016d94     qgl_win.obj
 0003:00006d9c       ??_C@_06MJBP@ALWAYS?$AA@   10016d9c     qgl_win.obj
 0003:00006da4       ??_C@_09FPBD@SRC_COLOR?$AA@ 10016da4     qgl_win.obj
 0003:00006db0       ??_C@_07HOFJ@GREATER?$AA@  10016db0     qgl_win.obj
 0003:00006db8       ??_C@_05NLLC@NEVER?$AA@    10016db8     qgl_win.obj
 0003:00006dc0       ??_C@_04HMEB@LESS?$AA@     10016dc0     qgl_win.obj
 0003:00006dc8       ??_C@_05FELF@EQUAL?$AA@    10016dc8     qgl_win.obj
 0003:00006dd0       ??_C@_06MHDN@LEQUAL?$AA@   10016dd0     qgl_win.obj
 0003:00006dd8       ??_C@_03CICP@ADD?$AA@      10016dd8     qgl_win.obj
 0003:00006ddc       ??_C@_03GGHL@ONE?$AA@      10016ddc     qgl_win.obj
 0003:00006de0       ??_C@_04LHLC@ZERO?$AA@     10016de0     qgl_win.obj
 0003:00006de8       ??_C@_07KMLC@POLYGON?$AA@  10016de8     qgl_win.obj
 0003:00006df0       ??_C@_0L@KPMO@QUAD_STRIP?$AA@ 10016df0     qgl_win.obj
 0003:00006dfc       ??_C@_05MOCA@QUADS?$AA@    10016dfc     qgl_win.obj
 0003:00006e04       ??_C@_0N@LKDL@TRIANGLE_FAN?$AA@ 10016e04     qgl_win.obj
 0003:00006e14       ??_C@_0P@GLMF@TRIANGLE_STRIP?$AA@ 10016e14     qgl_win.obj
 0003:00006e24       ??_C@_09IKDC@TRIANGLES?$AA@ 10016e24     qgl_win.obj
 0003:00006e30       ??_C@_0L@DFPI@LINE_STRIP?$AA@ 10016e30     qgl_win.obj
 0003:00006e3c       ??_C@_09EOOC@LINE_LOOP?$AA@ 10016e3c     qgl_win.obj
 0003:00006e48       ??_C@_08NDLN@?$CFs?5?$CI?$CFd?$CJ?6?$AA@ 10016e48     qgl_win.obj
 0003:00006e54       ??_C@_0M@JAMH@?$CFs?5?$CIGL_?$CFs?$CJ?6?$AA@ 10016e54     qgl_win.obj
 0003:00006e60       ??_C@_0BA@NNPA@?$CFs?5?$CIGL_?$CFs?0?5?$CFd?$CJ?6?$AA@ 10016e60     qgl_win.obj
 0003:00006e70       ??_C@_0BD@LHJN@?$CFs?5?$CIGL_?$CFs?0?5GL_?$CFs?$CJ?6?$AA@ 10016e70     qgl_win.obj
 0003:00006e84       ??_C@_03HHKO@?$CFs?6?$AA@  10016e84     qgl_win.obj
 0003:00006e88       ??_C@_0BF@PLKJ@?$CFs?5?$CI?$CFg?0?5?$CFg?0?5?$CFg?0?5?$CFg?$CJ?6?$AA@ 10016e88     qgl_win.obj
 0003:00006ea0       ??_C@_08CFIG@?$CFs?5?$CI?$CFg?$CJ?6?$AA@ 10016ea0     qgl_win.obj
 0003:00006eac       ??_C@_0BB@NPFI@?$CFs?5?$CI?$CFg?0?5?$CFg?0?5?$CFg?$CJ?6?$AA@ 10016eac     qgl_win.obj
 0003:00006ec0       ??_C@_0BF@GFM@?$CFs?5?$CI?$CFd?0?5?$CFd?0?5?$CFd?0?5?$CFd?$CJ?6?$AA@ 10016ec0     qgl_win.obj
 0003:00006ed8       ??_C@_0BJ@MPOB@?$CFs?5?$CI?$CFd?0?5GL_?$CFs?0?5?$CFd?0?5$?$CFX?$CJ?6?$AA@ 10016ed8     qgl_win.obj
 0003:00006ef4       ??_C@_0O@JIGC@?$CFs?5?$CI?$CFd?0?5$?$CFX?$CJ?6?$AA@ 10016ef4     qgl_win.obj
 0003:00006f04       ??_C@_0N@CNFJ@?$CFs?5?$CI?$CFg?0?5?$CFg?$CJ?6?$AA@ 10016f04     qgl_win.obj
 0003:00006f14       ??_C@_0BB@PLBH@?$CFs?5?$CIGL_?$CFs?0?5$?$CFX?$CJ?6?$AA@ 10016f14     qgl_win.obj
 0003:00006f28       ??_C@_0BN@BCG@?$CFs?5?$CI?$CFg?0?5?$CFg?0?5?$CFg?0?5?$CFg?0?5?$CFg?0?5?$CFg?$CJ?6?$AA@ 10016f28     qgl_win.obj
 0003:00006f48       ??_C@_0CI@ENE@?$CFs?5?$CI?$CFd?0?5?$CFd?0?5?$CFd?0?5?$CFd?0?5GL_?$CFs?0?5GL_?$CFs@ 10016f48     qgl_win.obj
 0003:00006f70       ??_C@_0BH@GDNB@?$CFs?5?$CIGL_?$CFs?0?5GL_?$CFs?0?5?$CFg?$CJ?6?$AA@ 10016f70     qgl_win.obj
 0003:00006f88       ??_C@_0BI@GBFP@?$CFs?5?$CIGL_?$CFs?0?5GL_?$CFs?0?5$?$CFX?$CJ?6?$AA@ 10016f88     qgl_win.obj
 0003:00006fa0       ??_C@_0BK@DNBE@?$CFs?5?$CIGL_?$CFs?0?5GL_?$CFs?0?5GL_?$CFs?$CJ?6?$AA@ 10016fa0     qgl_win.obj
 0003:00006fbc       ??_C@_0DD@PHF@?$CFs?5?$CIGL_?$CFs?0?5?$CFd?0?5?$CFd?0?5?$CFd?0?5?$CFd?0?5?$CFd?0?5G@ 10016fbc     qgl_win.obj
 0003:00006ff0       ??_C@_0BE@KIHO@?$CFs?5?$CIGL_?$CFs?0?5?$CFg?0?5?$CFg?$CJ?6?$AA@ 10016ff0     qgl_win.obj
 0003:00007004       ??_C@_0N@KINM@?$CFs?5?$CI?$CFd?0?5?$CFd?$CJ?6?$AA@ 10017004     qgl_win.obj
 0003:00007014       ??_C@_0BA@CFPH@QGL_Shutdown?$CI?$CJ?6?$AA@ 10017014     qgl_win.obj
 0003:00007024       ??_C@_0EF@GBON@QGL_Init?3?5inconsistent?5OpenGL?5li@ 10017024     qgl_win.obj
 0003:0000706c       ??_C@_0CD@JMON@QGL_Init?3?5LoadLibrary?5?$CI?$CFs?$CJ?5faile@ 1001706c     qgl_win.obj
 0003:00007090       ??_C@_01BJG@?6?$AA@        10017090     qgl_win.obj
 0003:00007094       ??_C@_0BI@ECOL@?5?5?5?$CFs?5is?5covered?5by?5?$CFs?6?$AA@ 10017094     qgl_win.obj
 0003:000070ac       ??_C@_0BL@ELJI@?4?4?4undetected?5extensions?3?6?$AA@ 100170ac     qgl_win.obj
 0003:000070c8       ??_C@_08MJAO@?$FO6?5?5?5?$CFs?6?$AA@ 100170c8     qgl_win.obj
 0003:000070d4       ??_C@_0BL@HBLH@?$FO6?4?4?4disabled?5extensions?3?6?$AA@ 100170d4     qgl_win.obj
 0003:000070f0       ??_C@_0BM@LPPM@?4?4?4no?5extensions?5was?5found?6?$AA@ 100170f0     qgl_win.obj
 0003:0000710c       ??_C@_06GNEC@?5?5?5?$CFs?6?$AA@ 1001710c     qgl_win.obj
 0003:00007114       ??_C@_0CB@IAKB@?5?5?5?$CFs?5deprecated?5in?5favor?5of?5?$CFs?6@ 10017114     qgl_win.obj
 0003:00007138       ??_C@_0BF@IGJL@?4?4?4used?5extensions?3?6?$AA@ 10017138     qgl_win.obj
 0003:00007150       ??_C@_0BE@LAAD@?$CFs?5required?5for?5?$CFs?6?$AA@ 10017150     qgl_win.obj
 0003:00007164       ??_C@_0DG@MIOL@Inconsistent?5extension?5?$CFs?5?9?5func@ 10017164     qgl_win.obj
 0003:0000719c       ??_C@_09EIMA@?$CFs?1gl?4log?$AA@ 1001719c     qgl_win.obj
 0003:000071a8       ??_C@_02JALM@a?$CL?$AA@    100171a8     qgl_win.obj
 0003:0007d310       ??_C@_00A@?$AA@            1008d310     gl_rmain.obj
 0003:000c39c8       _vec3_origin               100d39c8     q_shared2.obj
 0003:000c3b20       _qgl                       100d3b20     <common>
 0003:000c3c60       _glw_state                 100d3c60     <common>
 0003:000c3c80       _skyaxis                   100d3c80     <common>
 0003:000c3c8c       _skyrotate                 100d3c8c     <common>
 0003:000c3c90       _reflect_img               100d3c90     <common>
 0003:000c3ca0       _sky_images                100d3ca0     <common>
 0003:000c3cc0       _r_turbsin                 100d3cc0     <common>
 0003:000c40c0       _skymaxs                   100d40c0     <common>
 0003:000c4100       _skyname                   100d4100     <common>
 0003:000c4140       _warpface                  100d4140     <common>
 0003:000c4160       _skymins                   100d4160     <common>
 0003:000c4190       _sky_max                   100d4190     <common>
 0003:000c4194       _sky_min                   100d4194     <common>
 0003:000c4198       _c_sky                     100d4198     <common>
 0003:000c41a0       _gl_textbuf                100d41a0     <common>
 0003:000d41a0       _gl_textbuf_count          100e41a0     <common>
 0003:000d41a4       _gl_last_rec               100e41a4     <common>
 0003:000d41a8       _gl_textbuf_pos            100e41a8     <common>
 0003:000d41ac       _c_visibleleafs            100e41ac     <common>
 0003:000d41b0       _r_alpha_surfaces          100e41b0     <common>
 0003:000d41b4       _c_visible_textures        100e41b4     <common>
 0003:000d41b8       _c_visible_lightmaps       100e41b8     <common>
 0003:000d41bc       _c_leafsinfrustum          100e41bc     <common>
 0003:000d41c0       _gl_screenshotFlags        100e41c0     <common>
 0003:000d41c4       _gl_screenshotName         100e41c4     <common>
 0003:000d41c8       _gl_lockpvs                100e41c8     <common>
 0003:000d41e0       _gl_speeds                 100e41e0     <common>
 0003:000d41fc       _r_norefresh               100e41fc     <common>
 0003:000d4200       _vid_ref                   100e4200     <common>
 0003:000d4220       _gl_config                 100e4220     <common>
 0003:000d494c       _r_oldviewcluster2         100e494c     <common>
 0003:000d4950       _gl_drawbuffer             100e4950     <common>
 0003:000d4954       _r_notexture               100e4954     <common>
 0003:000d4958       _gl_monolightmap           100e4958     <common>
 0003:000d495c       _r_worldmodel              100e495c     <common>
 0003:000d4960       _r_ignorehwgamma           100e4960     <common>
 0003:000d4964       _gl_showtris               100e4964     <common>
 0003:000d4968       _currentmodel              100e4968     <common>
 0003:000d496c       _gl_winrefl                100e496c     <common>
 0003:000d4970       _gl_vertex_arrays          100e4970     <common>
 0003:000d4974       _gl_texturealphamode       100e4974     <common>
 0003:000d4978       _r_speeds                  100e4978     <common>
 0003:000d497c       _gl_clear                  100e497c     <common>
 0003:000d4980       _gl_picmip                 100e4980     <common>
 0003:000d49a0       _r_rawpalette              100e49a0     <common>
 0003:000d4da0       _v_blend                   100e4da0     <common>
 0003:000d4db0       _gl_allow_software         100e4db0     <common>
 0003:000d4db4       _gl_bitdepth               100e4db4     <common>
 0003:000d4db8       _gl_cull                   100e4db8     <common>
 0003:000d4dbc       _r_lightmap                100e4dbc     <common>
 0003:000d4dc0       _gl_nobind                 100e4dc0     <common>
 0003:000d4dc4       _gl_nosubimage             100e4dc4     <common>
 0003:000d4de0       _r_newrefdef               100e4de0     <common>
 0003:000d4e44       _r_oldviewcluster          100e4e44     <common>
 0003:000d4e48       _vid                       100e4e48     <common>
 0003:000d4e50       _gl_skymip                 100e4e50     <common>
 0003:000d4e54       _gl_texturesolidmode       100e4e54     <common>
 0003:000d4e60       _vpn                       100e4e60     <common>
 0003:000d4e6c       _gl_modulate               100e4e6c     <common>
 0003:000d4e70       _r_framecount              100e4e70     <common>
 0003:000d4e80       _vup                       100e4e80     <common>
 0003:000d4e8c       _c_brush_polys             100e4e8c     <common>
 0003:000d4e90       _gl_flashblend             100e4e90     <common>
 0003:000d4e94       _r_lefthand                100e4e94     <common>
 0003:000d4e98       _gl_saturatelighting       100e4e98     <common>
 0003:000d4e9c       _r_viewcluster2            100e4e9c     <common>
 0003:000d4ea0       _gl_logFile                100e4ea0     <common>
 0003:000d4ea4       _gl_texturemode            100e4ea4     <common>
 0003:000d4ec0       _ri                        100e4ec0     <common>
 0003:000d4fa8       _gl_dynamic                100e4fa8     <common>
 0003:000d4fac       _gldepthmin                100e4fac     <common>
 0003:000d4fb0       _gl_round_down             100e4fb0     <common>
 0003:000d4fb4       _r_viewcluster             100e4fb4     <common>
 0003:000d4fb8       _gldepthmax                100e4fb8     <common>
 0003:000d4fbc       _gl_swapinterval           100e4fbc     <common>
 0003:000d4fc0       _frustum                   100e4fc0     <common>
 0003:000d5010       _gl_zmax                   100e5010     <common>
 0003:000d5014       _r_visframecount           100e5014     <common>
 0003:000d5018       _r_novis                   100e5018     <common>
 0003:000d501c       _gl_shadows                100e501c     <common>
 0003:000d5020       _gl_playermip              100e5020     <common>
 0003:000d5024       _gl_3dlabs_broken          100e5024     <common>
 0003:000d5028       _r_nocull                  100e5028     <common>
 0003:000d502c       _r_gamma                   100e502c     <common>
 0003:000d5030       _gl_dlightBacks            100e5030     <common>
 0003:000d5040       _r_origin                  100e5040     <common>
 0003:000d504c       _currententity             100e504c     <common>
 0003:000d5060       _r_world_matrix            100e5060     <common>
 0003:000d50a0       _vright                    100e50a0     <common>
 0003:000d50ac       _r_contrast                100e50ac     <common>
 0003:000d50b0       _gl_mode                   100e50b0     <common>
 0003:000d50b4       _r_lerpmodels              100e50b4     <common>
 0003:000d50b8       _gl_driver                 100e50b8     <common>
 0003:000d50bc       _r_brightness              100e50bc     <common>
 0003:000d50c0       _r_fullscreen              100e50c0     <common>
 0003:000d50c4       _r_drawentities            100e50c4     <common>
 0003:000d50c8       _gl_ztrick                 100e50c8     <common>
 0003:000d50cc       _gl_lightlevel             100e50cc     <common>
 0003:000d50d0       _c_alias_polys             100e50d0     <common>
 0003:000d50d4       _gl_polyblend              100e50d4     <common>
 0003:000d50d8       _r_particletexture         100e50d8     <common>
 0003:000d50dc       _r_fullbright              100e50dc     <common>
 0003:000d50e0       _r_drawworld               100e50e0     <common>
 0003:000d50e4       _gl_finish                 100e50e4     <common>
 0003:000d5100       _gl_state                  100e5100     <common>
 0003:000d5140       _mod_inline                100e5140     <common>
 0003:00104140       _gl_mod_numknown           10114140     <common>
 0003:00104144       _loadmodel                 10114144     <common>
 0003:00104148       _modfilelen                10114148     <common>
 0003:0010414c       _registration_sequence     1011414c     <common>
 0003:00104160       _mod_novis                 10114160     <common>
 0003:00106180       _gl_mod_known              10116180     <common>
 0003:00135180       _pointcolor                10145180     <common>
 0003:00135190       _lightspot                 10145190     <common>
 0003:0013519c       _r_dlightframecount        1014519c     <common>
 0003:001351a0       _lightplane                101451a0     <common>
 0003:001351a4       _saturation                101451a4     <common>
 0003:001351c0       _scrap_texels              101451c0     <common>
 0003:001451e0       _gltextures                101551e0     <common>
 0003:001641e0       _upload_height             101741e0     <common>
 0003:001641e4       _upload_width              101741e4     <common>
 0003:001641e8       _upload_format             101741e8     <common>
 0003:001641ec       _numgltextures             101741ec     <common>
 0003:00164200       _gammatable                10174200     <common>
 0003:00164300       _scrap_allocated           10174300     <common>
 0003:00164700       _d_8to24table              10174700     <common>
 0003:00164b00       _scrap_uploads             10174b00     <common>
 0003:00164b04       _scrap_dirty               10174b04     <common>
 0003:00164b08       _intensity                 10174b08     <common>
 0003:00164b0c       _draw_chars                10174b0c     <common>
 0003:00164b10       __adjust_fdiv              10174b10     <common>
 0003:00164b14       ___onexitend               10174b14     <common>
 0003:00164b18       ___onexitbegin             10174b18     <common>
 0003:00164b1c       __pRawDllMain              10174b1c     <common>

 entry point at        0001:0000dc69

 Static symbols

 0001:0000c0d8       _logAlphaFunc@8            1000d0d8 f   qgl_win.obj
 0001:0000c119       _EnumName                  1000d119 f   qgl_win.obj
 0001:0000c59b       _logArrayElement@4         1000d59b f   qgl_win.obj
 0001:0000c5c5       _logBegin@4                1000d5c5 f   qgl_win.obj
 0001:0000c5f5       _logBindTexture@8          1000d5f5 f   qgl_win.obj
 0001:0000c62e       _logBlendFunc@8            1000d62e f   qgl_win.obj
 0001:0000c66e       _logClear@4                1000d66e f   qgl_win.obj
 0001:0000c694       _logClearColor@16          1000d694 f   qgl_win.obj
 0001:0000c6f5       _logClearDepth@8           1000d6f5 f   qgl_win.obj
 0001:0000c727       _logColor3f@12             1000d727 f   qgl_win.obj
 0001:0000c779       _logColor3fv@4             1000d779 f   qgl_win.obj
 0001:0000c79f       _logColor4f@16             1000d79f f   qgl_win.obj
 0001:0000c800       _logColor4fv@4             1000d800 f   qgl_win.obj
 0001:0000c826       _logColor4ub@16            1000d826 f   qgl_win.obj
 0001:0000c86c       _logColor4ubv@4            1000d86c f   qgl_win.obj
 0001:0000c892       _logColorPointer@16        1000d892 f   qgl_win.obj
 0001:0000c8d7       _logCullFace@4             1000d8d7 f   qgl_win.obj
 0001:0000c907       _logDeleteTextures@8       1000d907 f   qgl_win.obj
 0001:0000c939       _logDepthFunc@4            1000d939 f   qgl_win.obj
 0001:0000c969       _logDepthMask@4            1000d969 f   qgl_win.obj
 0001:0000c995       _logDepthRange@16          1000d995 f   qgl_win.obj
 0001:0000c9d9       _logDisable@4              1000d9d9 f   qgl_win.obj
 0001:0000ca09       _logDrawBuffer@4           1000da09 f   qgl_win.obj
 0001:0000ca39       _logEnable@4               1000da39 f   qgl_win.obj
 0001:0000ca69       _logEnableClientState@4    1000da69 f   qgl_win.obj
 0001:0000ca99       _logEnd@0                  1000da99 f   qgl_win.obj
 0001:0000cab8       _logFinish@0               1000dab8 f   qgl_win.obj
 0001:0000cad7       _logFogf@8                 1000dad7 f   qgl_win.obj
 0001:0000cb18       _logFogfv@8                1000db18 f   qgl_win.obj
 0001:0000cb51       _logFrustum@48             1000db51 f   qgl_win.obj
 0001:0000cbd5       _logGetError@0             1000dbd5 f   qgl_win.obj
 0001:0000cbf4       _logGetFloatv@8            1000dbf4 f   qgl_win.obj
 0001:0000cc1e       _logGetIntegerv@8          1000dc1e f   qgl_win.obj
 0001:0000cc48       _logGetString@4            1000dc48 f   qgl_win.obj
 0001:0000cc6e       _logLoadIdentity@0         1000dc6e f   qgl_win.obj
 0001:0000cc8d       _logLoadMatrixf@4          1000dc8d f   qgl_win.obj
 0001:0000ccb3       _logMatrixMode@4           1000dcb3 f   qgl_win.obj
 0001:0000cce3       _logOrtho@48               1000dce3 f   qgl_win.obj
 0001:0000cd67       _logPolygonMode@8          1000dd67 f   qgl_win.obj
 0001:0000cda7       _logPopMatrix@0            1000dda7 f   qgl_win.obj
 0001:0000cdc6       _logPushMatrix@0           1000ddc6 f   qgl_win.obj
 0001:0000cde5       _logReadPixels@28          1000dde5 f   qgl_win.obj
 0001:0000ce43       _logRotatef@16             1000de43 f   qgl_win.obj
 0001:0000cea4       _logScalef@12              1000dea4 f   qgl_win.obj
 0001:0000cef6       _logScissor@16             1000def6 f   qgl_win.obj
 0001:0000cf34       _logShadeModel@4           1000df34 f   qgl_win.obj
 0001:0000cf64       _logTexCoord2f@8           1000df64 f   qgl_win.obj
 0001:0000cfa7       _logTexCoordPointer@16     1000dfa7 f   qgl_win.obj
 0001:0000cfec       _logTexEnvf@12             1000dfec f   qgl_win.obj
 0001:0000d03a       _logTexEnvfv@12            1000e03a f   qgl_win.obj
 0001:0000d080       _logTexEnvi@12             1000e080 f   qgl_win.obj
 0001:0000d0cd       _logTexImage2D@36          1000e0cd f   qgl_win.obj
 0001:0000d13e       _logTexParameterf@12       1000e13e f   qgl_win.obj
 0001:0000d18c       _logTexSubImage2D@36       1000e18c f   qgl_win.obj
 0001:0000d1fd       _logTranslatef@12          1000e1fd f   qgl_win.obj
 0001:0000d24f       _logVertex2f@8             1000e24f f   qgl_win.obj
 0001:0000d292       _logVertex3f@12            1000e292 f   qgl_win.obj
 0001:0000d2e4       _logVertex3fv@4            1000e2e4 f   qgl_win.obj
 0001:0000d30a       _logVertexPointer@16       1000e30a f   qgl_win.obj
 0001:0000d34f       _logViewport@16            1000e34f f   qgl_win.obj
 0001:0000d38d       _logwglChoosePixelFormat@8 1000e38d f   qgl_win.obj
 0001:0000d3b7       _logwglDescribePixelFormat@16 1000e3b7 f   qgl_win.obj
 0001:0000d3e9       _logwglSetPixelFormat@12   1000e3e9 f   qgl_win.obj
 0001:0000d417       _logwglSwapBuffers@4       1000e417 f   qgl_win.obj
 0001:0000d43d       _logwglCreateContext@4     1000e43d f   qgl_win.obj
 0001:0000d463       _logwglDeleteContext@4     1000e463 f   qgl_win.obj
 0001:0000d489       _logwglGetProcAddress@4    1000e489 f   qgl_win.obj
 0001:0000d4af       _logwglMakeCurrent@8       1000e4af f   qgl_win.obj
 0001:0000d4d9       _logSelectTextureSGIS@4    1000e4d9 f   qgl_win.obj
 0001:0000d509       _logMultiTexCoord2fSGIS@12 1000e509 f   qgl_win.obj
 0001:0000d559       _logActiveTextureARB@4     1000e559 f   qgl_win.obj
 0001:0000d589       _logMultiTexCoord2fARB@12  1000e589 f   qgl_win.obj
 0001:0000d5d9       _logLockArraysEXT@8        1000e5d9 f   qgl_win.obj
 0001:0000d60b       _logUnlockArraysEXT@0      1000e60b f   qgl_win.obj
 0001:0000d62a       _logwglSwapIntervalEXT@4   1000e62a f   qgl_win.obj
 0001:0000da02       _ExtensionSupported        1000ea02 f   qgl_win.obj
 0001:0000b3f6       _RestoreGamma              1000c3f6 f   glw_imp.obj
 0001:0000b49f       _ReadGamma                 1000c49f f   glw_imp.obj
 0001:0000b4e1       _GLimp_InitGL              1000c4e1 f   glw_imp.obj
 0001:0000b59d       _GLimp_SetPixelFormat      1000c59d f   glw_imp.obj
 0001:0000b71e       _VerifyDriver              1000c71e f   glw_imp.obj
 0001:000088ec       _DrawReflectPoly           100098ec f   gl_rsurf.obj
 0001:00008d70       _GL_RenderLightmappedPoly  10009d70 f   gl_rsurf.obj
 0001:0000988d       _LM_UploadBlock            1000a88d f   gl_rsurf.obj
 0001:0000996e       _LM_AllocBlock             1000a96e f   gl_rsurf.obj
 0001:000077c1       _R_EndFrame                100087c1 f   gl_rmain.obj
 0001:00007885       _Screenshot                10008885 f   gl_rmain.obj
 0001:000078a8       _GetClientLight            100088a8 f   gl_rmain.obj
 0001:000078af       _ReloadImage               100088af f   gl_rmain.obj
 0001:00003ec8       _R_CullAliasModel          10004ec8 f   gl_mesh.obj
